BecqMoni: main config: D:\BqMoni_Claude\p64\wd\config\BecquerelMonitor.xml
BecqMoni: device configs: D:\BqMoni_Claude\p64\wd\config\device: 1 loaded
SETUP	прибор: Gamma-1S UDS-GC 63x63 1024 (corpus, поверка 2024)
SETUP	SNR=4	допуск=10	диапазон=30…2800 кэВ	мёртвое=0.0003628 с
состав объявлен: ; ряды: Ra-226, Th-232; распад 16, атомных 2, линий 182; полоса сведена ПОЛОМ ПО КРИВОЙ 20.0 кэВ (1.0 % от максимума, Min_Range 30.0), фит на всём спектре (умолчание), из них ниже Min_Range 4; членов ряда ниже порога ветвления 4; вылет от линий состава: SE-2615, DE-2615, SE-1764, DE-1764, SE-2204, DE-2204
SETUP	найдено пиков: 12 (подписи из базы)
SETUP	против поставочного разбора изменено: CoincidenceWindowSec 0 → 0.00036281179138322; MinEnergy 40 → 30; ResponseMatrix нет → BecquerelMonitor.EfficiencyMaker.ResponseMatrix; ScintillatorMaterial нет → NaI:Tl
шкала: усиление 1.009003, сдвиг 0.000 канала
chi2/ndf 1.343, невязка модели 14.3 %, суммирование да
отсев по значимости: ПРИМЕНЁН, порог 3.0000 = min(абс 3, доля 0.3 от вершины), судимых 15 (отсеяно 10), наибольшая значимость 49.13
ROW	Bi-214	Single	42.142	-	-
ROW	Pb-214	Single	39.178	-	-
ROW	Pb-212	Single	8.333	-	-
ROW	Tl-208	Single	7.029	-	-
ROW	Bi-212	Single	2.674	-	-
ROW	Ra-224	Single	0.479	-	Pb-212
ROW	Th-228	Single	0.166	-	Pb-212
TIE	Po-210	Po-214	0.9808	0.9806	tied
TIE	Po-214	Rn-222	0.0074	0.0069	free
TIE	Rn-222	Bi-214	0.1166	0.1144	free
TIE	Ra-226	Pb-214	0.0276	0.0209	free
TIE	Pb-210	Pb-214	0.0152	0.0145	free
TIE	Bi-214	Pb-214	0.0025	0.0025	free
TIE	Po-216	Bi-212	0.1366	0.0830	free
TIE	Rn-220	Bi-212	0.0188	0.0151	free
TIE	Th-232	Th-228	0.2808	0.2485	free
TIE	Th-228	Pb-212	0.5660	0.2432	tied
TIE	Ra-224	Pb-212	0.7124	0.7067	tied
TIE	Bi-212	Ac-228	0.0083	0.0055	free
TIE	Ac-228	Pb-212	0.0097	0.0051	free
TIE	Tl-208	Pb-212	0.0002	0.0002	free
привязка: привязка (порог 0.5, по колонкам): судимых 14, привязано 3: Po-210 → Po-214 шур 0.981 пара 0.981; Po-214 ≠ Rn-222 шур 0.007 пара 0.007; Rn-222 ≠ Bi-214 шур 0.117 пара 0.114; Ra-226 ≠ Pb-214 шур 0.028 пара 0.021; Pb-210 ≠ Pb-214 шур 0.015 пара 0.015; Bi-214 ≠ Pb-214 шур 0.003 пара 0.003; Po-216 ≠ Bi-212 шур 0.137 пара 0.083; Rn-220 ≠ Bi-212 шур 0.019 пара 0.015; Th-232 ≠ Th-228 шур 0.281 пара 0.249; Th-228 → Pb-212 шур 0.566 пара 0.243; Ra-224 → Pb-212 шур 0.712 пара 0.707; Bi-212 ≠ Ac-228 шур 0.008 пара 0.005; Ac-228 ≠ Pb-212 шур 0.010 пара 0.005; Tl-208 ≠ Pb-212 шур 0.000 пара 0.000
CUT	Ac-228	Single	z=1.47
CUT	Esc-NaI	Nuisance	z=0.00
CUT	Pb-210	Single	z=0.32
CUT	Po-210	Single	z=0.73
CUT	Po-214	Single	z=0.73
CUT	Po-216	Single	z=0.00
CUT	Ra-226	Single	z=0.58
CUT	Rn-220	Single	z=0.00
CUT	Rn-222	Single	z=0.00
CUT	Th-232	Single	z=2.88
CUT	pile-up	Nuisance	z=0.00
D:\BqMoni_Claude\p64\out\rates_coal_e27_A_noeq.csv: компонентов 7, кандидатов 16
отрисовано: True
строка состояния на графике: «»
отчёт: строк в таблице 28
SCREEN	Bi-214	42.14%	
SCREEN	Pb-214	39.18%	
SCREEN	Pb-212	8.33%	
SCREEN	Tl-208	7.03%	
SCREEN	Bi-212	2.67%	
SCREEN	Ra-224 — по Pb-212	0.48%	
SCREEN	Th-228 — по Pb-212	0.17%	
SCREEN	Bi-214 — сумм-пик		
SCREEN	Pb-214 — сумм-пик		
SCREEN	Pb-212 — сумм-пик		
SCREEN	Tl-208 — сумм-пик		
SCREEN	Bi-212 — сумм-пик		
SCREEN	Ra-226	< 1.03 %	
SCREEN	Pb-210	< 0.367 %	
SCREEN	Th-232	< 0.891 %	
SCREEN	Ac-228	< 3.49 %	
SCREEN	не определяются (5)	< 1.82 %	Rn-222, Po-214, Rn-220, Po-216, Po-210
SCREEN			
SCREEN	Качество разбора		
SCREEN	Невязка: + лишнее / − нехватка — показ подрезан на 100 каналах	+5.1 / −5.1 %	Число посчитано по кривой фита, без подрезки. Лента на графике рисуется против показной кривой, где отрицательное подрезано нулём на 100 каналах, поэтому её площадь меньше, чем говорит число.
SCREEN	χ²/ndf, качество подгонки	1.34	
SCREEN	σ×, во сколько раз раздута погрешность	1.159	Погрешности компонентов домножены на этот множитель, sqrt(χ²/ndf), когда подгонка хуже одной лишь пуассоновской статистики. Порог значимости 3 означает поэтому 3 × этот множитель сырых сигм. 1.000 — раздутия нет.
SCREEN	Матрица отклика	учтена	
SCREEN	Кривая эффективности	учтена	
SCREEN	Каскадное суммирование	учтено	
SCREEN	Привязка шкалы, опор	4	Пики полного поглощения, по которым привязана шкала (+ опора, - отвергнут): компонент, центр модели кэВ, остаток кэВ, доля пика, причина
- Bi-212 38.3 кэВ, остаток -2.99 кэВ, доля 0.03 z
- Pb-214 76.3 кэВ, остаток -1.00 кэВ, доля 0.28 share
- Th-232 139.4 кэВ, остаток +8.94 кэВ, доля 0.01 z
- Ra-226 186.0 кэВ, остаток +10.79 кэВ, доля 0.01 z
- Pb-212 238.8 кэВ, остаток +3.05 кэВ, доля 0.25 share
- Pb-214 296.6 кэВ, остаток -1.14 кэВ, доля 0.46 share
+ Pb-214 353.0 кэВ, остаток +0.87 кэВ, доля 0.65 , свет +2.15 кэВ
- Tl-208 511.4 кэВ, остаток -17.52 кэВ, доля 0.08 z
+ Bi-214 612.1 кэВ, остаток +0.14 кэВ, доля 0.64 , свет +0.48 кэВ
- Bi-214 770.9 кэВ, остаток +8.63 кэВ, доля 0.15 share
- Bi-214 936.8 кэВ, остаток +6.75 кэВ, доля 0.09 z
- Bi-214 1126.1 кэВ, остаток -3.92 кэВ, доля 0.45 share
- Bi-214 1242.3 кэВ, остаток -15.49 кэВ, доля 0.22 share
- Bi-214 1394.2 кэВ, остаток +10.89 кэВ, доля 0.30 share
- Bi-214 1514.3 кэВ, остаток -101.58 кэВ, доля 0.09 z
+ Bi-214 1763.8 кэВ, остаток -3.57 кэВ, доля 0.64 , свет -9.40 кэВ
- Bi-214 2209.3 кэВ, остаток -23.68 кэВ, доля 0.39 z
+ Tl-208 2620.3 кэВ, остаток +4.01 кэВ, доля 0.83 , свет -17.39 кэВ
SCREEN	Усиление по опорам, %	+0.90	Пики полного поглощения, по которым привязана шкала (+ опора, - отвергнут): компонент, центр модели кэВ, остаток кэВ, доля пика, причина
- Bi-212 38.3 кэВ, остаток -2.99 кэВ, доля 0.03 z
- Pb-214 76.3 кэВ, остаток -1.00 кэВ, доля 0.28 share
- Th-232 139.4 кэВ, остаток +8.94 кэВ, доля 0.01 z
- Ra-226 186.0 кэВ, остаток +10.79 кэВ, доля 0.01 z
- Pb-212 238.8 кэВ, остаток +3.05 кэВ, доля 0.25 share
- Pb-214 296.6 кэВ, остаток -1.14 кэВ, доля 0.46 share
+ Pb-214 353.0 кэВ, остаток +0.87 кэВ, доля 0.65 , свет +2.15 кэВ
- Tl-208 511.4 кэВ, остаток -17.52 кэВ, доля 0.08 z
+ Bi-214 612.1 кэВ, остаток +0.14 кэВ, доля 0.64 , свет +0.48 кэВ
- Bi-214 770.9 кэВ, остаток +8.63 кэВ, доля 0.15 share
- Bi-214 936.8 кэВ, остаток +6.75 кэВ, доля 0.09 z
- Bi-214 1126.1 кэВ, остаток -3.92 кэВ, доля 0.45 share
- Bi-214 1242.3 кэВ, остаток -15.49 кэВ, доля 0.22 share
- Bi-214 1394.2 кэВ, остаток +10.89 кэВ, доля 0.30 share
- Bi-214 1514.3 кэВ, остаток -101.58 кэВ, доля 0.09 z
+ Bi-214 1763.8 кэВ, остаток -3.57 кэВ, доля 0.64 , свет -9.40 кэВ
- Bi-214 2209.3 кэВ, остаток -23.68 кэВ, доля 0.39 z
+ Tl-208 2620.3 кэВ, остаток +4.01 кэВ, доля 0.83 , свет -17.39 кэВ
SCREEN	Ноль по опорам, кэВ	+0.00	Пики полного поглощения, по которым привязана шкала (+ опора, - отвергнут): компонент, центр модели кэВ, остаток кэВ, доля пика, причина
- Bi-212 38.3 кэВ, остаток -2.99 кэВ, доля 0.03 z
- Pb-214 76.3 кэВ, остаток -1.00 кэВ, доля 0.28 share
- Th-232 139.4 кэВ, остаток +8.94 кэВ, доля 0.01 z
- Ra-226 186.0 кэВ, остаток +10.79 кэВ, доля 0.01 z
- Pb-212 238.8 кэВ, остаток +3.05 кэВ, доля 0.25 share
- Pb-214 296.6 кэВ, остаток -1.14 кэВ, доля 0.46 share
+ Pb-214 353.0 кэВ, остаток +0.87 кэВ, доля 0.65 , свет +2.15 кэВ
- Tl-208 511.4 кэВ, остаток -17.52 кэВ, доля 0.08 z
+ Bi-214 612.1 кэВ, остаток +0.14 кэВ, доля 0.64 , свет +0.48 кэВ
- Bi-214 770.9 кэВ, остаток +8.63 кэВ, доля 0.15 share
- Bi-214 936.8 кэВ, остаток +6.75 кэВ, доля 0.09 z
- Bi-214 1126.1 кэВ, остаток -3.92 кэВ, доля 0.45 share
- Bi-214 1242.3 кэВ, остаток -15.49 кэВ, доля 0.22 share
- Bi-214 1394.2 кэВ, остаток +10.89 кэВ, доля 0.30 share
- Bi-214 1514.3 кэВ, остаток -101.58 кэВ, доля 0.09 z
+ Bi-214 1763.8 кэВ, остаток -3.57 кэВ, доля 0.64 , свет -9.40 кэВ
- Bi-214 2209.3 кэВ, остаток -23.68 кэВ, доля 0.39 z
+ Tl-208 2620.3 кэВ, остаток +4.01 кэВ, доля 0.83 , свет -17.39 кэВ
stack.png: 0–3139 кэВ, потолок 2003, шкала lin
НАДПИСЬ	Состав ОБЪЯВЛЕН ключом --sample= (nucdb: ; ряды --chain= Ra-226, Th-232 → Ra-226, Rn-222, Pb-214, Bi-214, Pb-210, Po-214, Po-210, Th-232, Ac-228, Th-228, Ra-224, Rn-220, Po-216, Pb-212, Bi-212, Tl-208); поставочная библиотека не читалась.
НАДПИСЬ	Переключатель «Источник состава» в окне отчёта — состояние приложения, положения «объявлен» у него нет; к этому снимку он не относится.
NuclideDefinitionManager за прогон: обращений 2 (код показа приложения); список у одиночки: определений 0, наборов 0 — пустышка пробы, поставочный файл не читался
