BecqMoni: main config: D:\BqMoni_Claude\p64\wd\config\BecquerelMonitor.xml
BecqMoni: device configs: D:\BqMoni_Claude\p64\wd\config\device: 1 loaded
SETUP	прибор: Gamma-1S UDS-GC 63x63 1024 (corpus, поверка 2024)
SETUP	SNR=4	допуск=10	диапазон=30…2800 кэВ	мёртвое=0.0003628 с
состав объявлен: ; ряды: Ra-226, Th-232; распад 16, атомных 2, линий 182; полоса сведена ПОЛОМ ПО КРИВОЙ 20.0 кэВ (1.0 % от максимума, Min_Range 30.0), фит на всём спектре (умолчание), из них ниже Min_Range 4; членов ряда ниже порога ветвления 4; вылет от линий состава: SE-2615, DE-2615, SE-1764, DE-1764, SE-2204, DE-2204
SETUP	найдено пиков: 13 (подписи из базы)
SETUP	против поставочного разбора изменено: CoincidenceWindowSec 0 → 0.00036281179138322; MinEnergy 40 → 30; ResponseMatrix нет → BecquerelMonitor.EfficiencyMaker.ResponseMatrix; ScintillatorMaterial нет → NaI:Tl
шкала: усиление 1.003048, сдвиг 1.149 канала
chi2/ndf 1.389, невязка модели 12.1 %, суммирование да
отсев по значимости: ПРИМЕНЁН, порог 3.0000 = min(абс 3, доля 0.3 от вершины), судимых 15 (отсеяно 8), наибольшая значимость 71.68
ROW	Bi-214	Single	46.305	-	-
ROW	Pb-214	Single	39.770	-	-
ROW	Pb-212	Single	4.221	-	-
ROW	Th-232	Single	3.895	-	-
ROW	Tl-208	Single	2.730	-	-
ROW	Bi-212	Single	2.346	-	-
ROW	Pb-210	Single	0.407	-	-
ROW	Ra-224	Single	0.242	-	Pb-212
ROW	Th-228	Single	0.084	-	Pb-212
TIE	Po-210	Po-214	0.9809	0.9808	tied
TIE	Po-214	Rn-222	0.0070	0.0063	free
TIE	Rn-222	Bi-214	0.1064	0.1043	free
TIE	Ra-226	Pb-214	0.0267	0.0198	free
TIE	Pb-210	Pb-214	0.0158	0.0151	free
TIE	Bi-214	Pb-214	0.0023	0.0023	free
TIE	Po-216	Bi-212	0.1422	0.0893	free
TIE	Rn-220	Bi-212	0.0170	0.0126	free
TIE	Th-232	Th-228	0.2796	0.2493	free
TIE	Th-228	Pb-212	0.5628	0.2339	tied
TIE	Ra-224	Pb-212	0.7229	0.7178	tied
TIE	Bi-212	Ac-228	0.0095	0.0069	free
TIE	Ac-228	Pb-212	0.0098	0.0051	free
TIE	Tl-208	Pb-212	0.0001	0.0001	free
привязка: привязка (порог 0.5, по колонкам): судимых 14, привязано 3: Po-210 → Po-214 шур 0.981 пара 0.981; Po-214 ≠ Rn-222 шур 0.007 пара 0.006; Rn-222 ≠ Bi-214 шур 0.106 пара 0.104; Ra-226 ≠ Pb-214 шур 0.027 пара 0.020; Pb-210 ≠ Pb-214 шур 0.016 пара 0.015; Bi-214 ≠ Pb-214 шур 0.002 пара 0.002; Po-216 ≠ Bi-212 шур 0.142 пара 0.089; Rn-220 ≠ Bi-212 шур 0.017 пара 0.013; Th-232 ≠ Th-228 шур 0.280 пара 0.249; Th-228 → Pb-212 шур 0.563 пара 0.234; Ra-224 → Pb-212 шур 0.723 пара 0.718; Bi-212 ≠ Ac-228 шур 0.010 пара 0.007; Ac-228 ≠ Pb-212 шур 0.010 пара 0.005; Tl-208 ≠ Pb-212 шур 0.000 пара 0.000
CUT	Ac-228	Single	z=0.00
CUT	Esc-NaI	Nuisance	z=0.00
CUT	Po-210	Single	z=0.00
CUT	Po-214	Single	z=0.00
CUT	Po-216	Single	z=0.00
CUT	Ra-226	Single	z=0.00
CUT	Rn-220	Single	z=0.00
CUT	Rn-222	Single	z=0.43
CUT	pile-up	Nuisance	z=0.00
D:\BqMoni_Claude\p64\out\rates_coal_e05_B_noeq.csv: компонентов 9, кандидатов 16
отрисовано: True
строка состояния на графике: «»
отчёт: строк в таблице 28
SCREEN	Bi-214	46.31%	
SCREEN	Pb-214	39.77%	
SCREEN	Pb-212	4.22%	
SCREEN	Th-232	3.89%	
SCREEN	Tl-208	2.73%	
SCREEN	Bi-212	2.35%	
SCREEN	Pb-210	0.41%	
SCREEN	Ra-224 — по Pb-212	0.24%	
SCREEN	Th-228 — по Pb-212	0.08%	
SCREEN	Bi-214 — сумм-пик		
SCREEN	Pb-214 — сумм-пик		
SCREEN	Pb-212 — сумм-пик		
SCREEN	Tl-208 — сумм-пик		
SCREEN	Bi-212 — сумм-пик		
SCREEN	Ra-226	< 0.762 %	
SCREEN	Ac-228	< 2.59 %	
SCREEN	не определяются (5)	< 1.33 %	Rn-222, Po-214, Rn-220, Po-216, Po-210
SCREEN			
SCREEN	Качество разбора		
SCREEN	Невязка: + лишнее / − нехватка — показ подрезан на 95 каналах	+4.0 / −4.2 %	Число посчитано по кривой фита, без подрезки. Лента на графике рисуется против показной кривой, где отрицательное подрезано нулём на 95 каналах, поэтому её площадь меньше, чем говорит число.
SCREEN	χ²/ndf, качество подгонки	1.39	
SCREEN	σ×, во сколько раз раздута погрешность	1.179	Погрешности компонентов домножены на этот множитель, sqrt(χ²/ndf), когда подгонка хуже одной лишь пуассоновской статистики. Порог значимости 3 означает поэтому 3 × этот множитель сырых сигм. 1.000 — раздутия нет.
SCREEN	Матрица отклика	учтена	
SCREEN	Кривая эффективности	учтена	
SCREEN	Каскадное суммирование	учтено	
SCREEN	Привязка шкалы, опор	4	Пики полного поглощения, по которым привязана шкала (+ опора, - отвергнут): компонент, центр модели кэВ, остаток кэВ, доля пика, причина
- Pb-214 78.9 кэВ, остаток -1.69 кэВ, доля 0.29 share
- Th-232 142.1 кэВ, остаток +0.09 кэВ, доля 0.03 share
- Pb-214 244.2 кэВ, остаток +0.03 кэВ, доля 0.19 share
- Pb-214 298.3 кэВ, остаток -1.35 кэВ, доля 0.44 share
+ Pb-214 354.0 кэВ, остаток +0.62 кэВ, доля 0.65 , свет +2.15 кэВ
- Tl-208 511.3 кэВ, остаток -23.24 кэВ, доля 0.03 z
+ Bi-214 611.8 кэВ, остаток +0.45 кэВ, доля 0.70 , свет +0.48 кэВ
- Bi-214 769.4 кэВ, остаток +1.64 кэВ, доля 0.18 share
- Bi-214 934.8 кэВ, остаток +4.11 кэВ, доля 0.12 share
- Bi-214 1122.8 кэВ, остаток +1.33 кэВ, доля 0.47 share
- Bi-214 1244.8 кэВ, остаток -6.01 кэВ, доля 0.29 share
- Bi-214 1389.0 кэВ, остаток +7.59 кэВ, доля 0.33 share
- Bi-214 1509.3 кэВ, остаток -38.24 кэВ, доля 0.10 z
+ Bi-214 1756.8 кэВ, остаток -1.92 кэВ, доля 0.66 , свет -9.40 кэВ
- Bi-214 2199.6 кэВ, остаток +1.57 кэВ, доля 0.48 share
- Bi-214 2443.2 кэВ, остаток +7.69 кэВ, доля 0.34 z
+ Tl-208 2608.0 кэВ, остаток +1.33 кэВ, доля 0.57 , свет -17.39 кэВ
SCREEN	Усиление по опорам, %	+0.30	Пики полного поглощения, по которым привязана шкала (+ опора, - отвергнут): компонент, центр модели кэВ, остаток кэВ, доля пика, причина
- Pb-214 78.9 кэВ, остаток -1.69 кэВ, доля 0.29 share
- Th-232 142.1 кэВ, остаток +0.09 кэВ, доля 0.03 share
- Pb-214 244.2 кэВ, остаток +0.03 кэВ, доля 0.19 share
- Pb-214 298.3 кэВ, остаток -1.35 кэВ, доля 0.44 share
+ Pb-214 354.0 кэВ, остаток +0.62 кэВ, доля 0.65 , свет +2.15 кэВ
- Tl-208 511.3 кэВ, остаток -23.24 кэВ, доля 0.03 z
+ Bi-214 611.8 кэВ, остаток +0.45 кэВ, доля 0.70 , свет +0.48 кэВ
- Bi-214 769.4 кэВ, остаток +1.64 кэВ, доля 0.18 share
- Bi-214 934.8 кэВ, остаток +4.11 кэВ, доля 0.12 share
- Bi-214 1122.8 кэВ, остаток +1.33 кэВ, доля 0.47 share
- Bi-214 1244.8 кэВ, остаток -6.01 кэВ, доля 0.29 share
- Bi-214 1389.0 кэВ, остаток +7.59 кэВ, доля 0.33 share
- Bi-214 1509.3 кэВ, остаток -38.24 кэВ, доля 0.10 z
+ Bi-214 1756.8 кэВ, остаток -1.92 кэВ, доля 0.66 , свет -9.40 кэВ
- Bi-214 2199.6 кэВ, остаток +1.57 кэВ, доля 0.48 share
- Bi-214 2443.2 кэВ, остаток +7.69 кэВ, доля 0.34 z
+ Tl-208 2608.0 кэВ, остаток +1.33 кэВ, доля 0.57 , свет -17.39 кэВ
SCREEN	Ноль по опорам, кэВ	+3.54	Пики полного поглощения, по которым привязана шкала (+ опора, - отвергнут): компонент, центр модели кэВ, остаток кэВ, доля пика, причина
- Pb-214 78.9 кэВ, остаток -1.69 кэВ, доля 0.29 share
- Th-232 142.1 кэВ, остаток +0.09 кэВ, доля 0.03 share
- Pb-214 244.2 кэВ, остаток +0.03 кэВ, доля 0.19 share
- Pb-214 298.3 кэВ, остаток -1.35 кэВ, доля 0.44 share
+ Pb-214 354.0 кэВ, остаток +0.62 кэВ, доля 0.65 , свет +2.15 кэВ
- Tl-208 511.3 кэВ, остаток -23.24 кэВ, доля 0.03 z
+ Bi-214 611.8 кэВ, остаток +0.45 кэВ, доля 0.70 , свет +0.48 кэВ
- Bi-214 769.4 кэВ, остаток +1.64 кэВ, доля 0.18 share
- Bi-214 934.8 кэВ, остаток +4.11 кэВ, доля 0.12 share
- Bi-214 1122.8 кэВ, остаток +1.33 кэВ, доля 0.47 share
- Bi-214 1244.8 кэВ, остаток -6.01 кэВ, доля 0.29 share
- Bi-214 1389.0 кэВ, остаток +7.59 кэВ, доля 0.33 share
- Bi-214 1509.3 кэВ, остаток -38.24 кэВ, доля 0.10 z
+ Bi-214 1756.8 кэВ, остаток -1.92 кэВ, доля 0.66 , свет -9.40 кэВ
- Bi-214 2199.6 кэВ, остаток +1.57 кэВ, доля 0.48 share
- Bi-214 2443.2 кэВ, остаток +7.69 кэВ, доля 0.34 z
+ Tl-208 2608.0 кэВ, остаток +1.33 кэВ, доля 0.57 , свет -17.39 кэВ
stack.png: 0–3139 кэВ, потолок 2639, шкала lin
НАДПИСЬ	Состав ОБЪЯВЛЕН ключом --sample= (nucdb: ; ряды --chain= Ra-226, Th-232 → Ra-226, Rn-222, Pb-214, Bi-214, Pb-210, Po-214, Po-210, Th-232, Ac-228, Th-228, Ra-224, Rn-220, Po-216, Pb-212, Bi-212, Tl-208); поставочная библиотека не читалась.
НАДПИСЬ	Переключатель «Источник состава» в окне отчёта — состояние приложения, положения «объявлен» у него нет; к этому снимку он не относится.
NuclideDefinitionManager за прогон: обращений 2 (код показа приложения); список у одиночки: определений 0, наборов 0 — пустышка пробы, поставочный файл не читался
