BecqMoni: main config: D:\BqMoni_Claude\p64\wd\config\BecquerelMonitor.xml
BecqMoni: device configs: D:\BqMoni_Claude\p64\wd\config\device: 1 loaded
SETUP	прибор: Gamma-1S UDS-GC 63x63 1024 (corpus, поверка 2024)
SETUP	SNR=4	допуск=10	диапазон=30…2800 кэВ	мёртвое=0.0003628 с
состав объявлен: ; ряды: Ra-226, Th-232; распад 16, атомных 2, линий 182; полоса сведена ПОЛОМ ПО КРИВОЙ 20.0 кэВ (1.0 % от максимума, Min_Range 30.0), фит на всём спектре (умолчание), из них ниже Min_Range 4; членов ряда ниже порога ветвления 4; вылет от линий состава: SE-2615, DE-2615, SE-1764, DE-1764, SE-2204, DE-2204
SETUP	найдено пиков: 12 (подписи из базы)
SETUP	против поставочного разбора изменено: CoincidenceWindowSec 0 → 0.00036281179138322; MinEnergy 40 → 30; ResponseMatrix нет → BecquerelMonitor.EfficiencyMaker.ResponseMatrix; ScintillatorMaterial нет → NaI:Tl
шкала: усиление 1.004302, сдвиг 0.949 канала
chi2/ndf 1.410, невязка модели 11.8 %, суммирование да
отсев по значимости: ПРИМЕНЁН, порог 3.0000 = min(абс 3, доля 0.3 от вершины), судимых 15 (отсеяно 9), наибольшая значимость 68.84
ROW	Bi-214	Single	46.937	-	-
ROW	Pb-214	Single	40.276	-	-
ROW	Pb-212	Single	5.281	-	-
ROW	Th-232	Single	3.605	-	-
ROW	Tl-208	Single	3.005	-	-
ROW	Pb-210	Single	0.490	-	-
ROW	Ra-224	Single	0.303	-	Pb-212
ROW	Th-228	Single	0.105	-	Pb-212
TIE	Po-210	Po-214	0.9810	0.9809	tied
TIE	Po-214	Rn-222	0.0067	0.0060	free
TIE	Rn-222	Bi-214	0.1086	0.1065	free
TIE	Ra-226	Pb-214	0.0269	0.0201	free
TIE	Pb-210	Pb-214	0.0157	0.0150	free
TIE	Bi-214	Pb-214	0.0024	0.0024	free
TIE	Po-216	Bi-212	0.1412	0.0893	free
TIE	Rn-220	Bi-212	0.0168	0.0127	free
TIE	Th-232	Th-228	0.2845	0.2554	free
TIE	Th-228	Pb-212	0.5608	0.2352	tied
TIE	Ra-224	Pb-212	0.7202	0.7151	tied
TIE	Bi-212	Ac-228	0.0094	0.0067	free
TIE	Ac-228	Pb-212	0.0094	0.0049	free
TIE	Tl-208	Pb-212	0.0001	0.0001	free
привязка: привязка (порог 0.5, по колонкам): судимых 14, привязано 3: Po-210 → Po-214 шур 0.981 пара 0.981; Po-214 ≠ Rn-222 шур 0.007 пара 0.006; Rn-222 ≠ Bi-214 шур 0.109 пара 0.106; Ra-226 ≠ Pb-214 шур 0.027 пара 0.020; Pb-210 ≠ Pb-214 шур 0.016 пара 0.015; Bi-214 ≠ Pb-214 шур 0.002 пара 0.002; Po-216 ≠ Bi-212 шур 0.141 пара 0.089; Rn-220 ≠ Bi-212 шур 0.017 пара 0.013; Th-232 ≠ Th-228 шур 0.284 пара 0.255; Th-228 → Pb-212 шур 0.561 пара 0.235; Ra-224 → Pb-212 шур 0.720 пара 0.715; Bi-212 ≠ Ac-228 шур 0.009 пара 0.007; Ac-228 ≠ Pb-212 шур 0.009 пара 0.005; Tl-208 ≠ Pb-212 шур 0.000 пара 0.000
CUT	Ac-228	Single	z=0.00
CUT	Bi-212	Single	z=1.90
CUT	Esc-NaI	Nuisance	z=0.00
CUT	Po-210	Single	z=0.74
CUT	Po-214	Single	z=0.74
CUT	Po-216	Single	z=0.00
CUT	Ra-226	Single	z=0.00
CUT	Rn-220	Single	z=0.00
CUT	Rn-222	Single	z=1.84
CUT	pile-up	Nuisance	z=0.00
D:\BqMoni_Claude\p64\out\rates_coal_e08_B_noeq.csv: компонентов 8, кандидатов 16
отрисовано: True
строка состояния на графике: «»
отчёт: строк в таблице 27
SCREEN	Bi-214	46.94%	
SCREEN	Pb-214	40.28%	
SCREEN	Pb-212	5.28%	
SCREEN	Th-232	3.60%	
SCREEN	Tl-208	3.00%	
SCREEN	Pb-210	0.49%	
SCREEN	Ra-224 — по Pb-212	0.30%	
SCREEN	Th-228 — по Pb-212	0.10%	
SCREEN	Bi-214 — сумм-пик		
SCREEN	Pb-214 — сумм-пик		
SCREEN	Pb-212 — сумм-пик		
SCREEN	Tl-208 — сумм-пик		
SCREEN	Ra-226	< 0.805 %	
SCREEN	Ac-228	< 2.71 %	
SCREEN	Bi-212	< 1.25 %	
SCREEN	не определяются (5)	< 1.37 %	Rn-222, Po-214, Rn-220, Po-216, Po-210
SCREEN			
SCREEN	Качество разбора		
SCREEN	Невязка: + лишнее / − нехватка — показ подрезан на 97 каналах	+4.0 / −4.2 %	Число посчитано по кривой фита, без подрезки. Лента на графике рисуется против показной кривой, где отрицательное подрезано нулём на 97 каналах, поэтому её площадь меньше, чем говорит число.
SCREEN	χ²/ndf, качество подгонки	1.41	
SCREEN	σ×, во сколько раз раздута погрешность	1.187	Погрешности компонентов домножены на этот множитель, sqrt(χ²/ndf), когда подгонка хуже одной лишь пуассоновской статистики. Порог значимости 3 означает поэтому 3 × этот множитель сырых сигм. 1.000 — раздутия нет.
SCREEN	Матрица отклика	учтена	
SCREEN	Кривая эффективности	учтена	
SCREEN	Каскадное суммирование	учтено	
SCREEN	Привязка шкалы, опор	5	Пики полного поглощения, по которым привязана шкала (+ опора, - отвергнут): компонент, центр модели кэВ, остаток кэВ, доля пика, причина
- Pb-214 78.3 кэВ, остаток -1.76 кэВ, доля 0.29 share
- Th-232 141.6 кэВ, остаток -0.11 кэВ, доля 0.03 share
- Pb-214 243.5 кэВ, остаток +1.08 кэВ, доля 0.19 share
- Pb-214 298.0 кэВ, остаток -1.07 кэВ, доля 0.46 share
+ Pb-214 353.8 кэВ, остаток +0.41 кэВ, доля 0.66 , свет +2.15 кэВ
- Rn-222 511.9 кэВ, остаток -4.18 кэВ, доля 0.07 z
+ Bi-214 611.8 кэВ, остаток +0.70 кэВ, доля 0.70 , свет +0.48 кэВ
- Bi-214 770.3 кэВ, остаток +5.44 кэВ, доля 0.18 share
- Bi-214 935.2 кэВ, остаток -4.97 кэВ, доля 0.12 share
- Bi-214 1120.9 кэВ, остаток +0.16 кэВ, доля 0.44 share
- Bi-214 1238.8 кэВ, остаток -4.07 кэВ, доля 0.24 share
- Bi-214 1390.4 кэВ, остаток +9.24 кэВ, доля 0.33 share
- Bi-214 1510.4 кэВ, остаток -90.97 кэВ, доля 0.10 z
+ Bi-214 1758.6 кэВ, остаток -4.64 кэВ, доля 0.63 , свет -9.40 кэВ
+ Bi-214 2201.8 кэВ, остаток +11.96 кэВ, доля 0.52 , свет -13.39 кэВ
- Bi-214 2445.7 кэВ, остаток +23.67 кэВ, доля 0.40 z
+ Tl-208 2610.8 кэВ, остаток +13.60 кэВ, доля 0.65 , свет -17.39 кэВ
SCREEN	Усиление по опорам, %	+0.43	Пики полного поглощения, по которым привязана шкала (+ опора, - отвергнут): компонент, центр модели кэВ, остаток кэВ, доля пика, причина
- Pb-214 78.3 кэВ, остаток -1.76 кэВ, доля 0.29 share
- Th-232 141.6 кэВ, остаток -0.11 кэВ, доля 0.03 share
- Pb-214 243.5 кэВ, остаток +1.08 кэВ, доля 0.19 share
- Pb-214 298.0 кэВ, остаток -1.07 кэВ, доля 0.46 share
+ Pb-214 353.8 кэВ, остаток +0.41 кэВ, доля 0.66 , свет +2.15 кэВ
- Rn-222 511.9 кэВ, остаток -4.18 кэВ, доля 0.07 z
+ Bi-214 611.8 кэВ, остаток +0.70 кэВ, доля 0.70 , свет +0.48 кэВ
- Bi-214 770.3 кэВ, остаток +5.44 кэВ, доля 0.18 share
- Bi-214 935.2 кэВ, остаток -4.97 кэВ, доля 0.12 share
- Bi-214 1120.9 кэВ, остаток +0.16 кэВ, доля 0.44 share
- Bi-214 1238.8 кэВ, остаток -4.07 кэВ, доля 0.24 share
- Bi-214 1390.4 кэВ, остаток +9.24 кэВ, доля 0.33 share
- Bi-214 1510.4 кэВ, остаток -90.97 кэВ, доля 0.10 z
+ Bi-214 1758.6 кэВ, остаток -4.64 кэВ, доля 0.63 , свет -9.40 кэВ
+ Bi-214 2201.8 кэВ, остаток +11.96 кэВ, доля 0.52 , свет -13.39 кэВ
- Bi-214 2445.7 кэВ, остаток +23.67 кэВ, доля 0.40 z
+ Tl-208 2610.8 кэВ, остаток +13.60 кэВ, доля 0.65 , свет -17.39 кэВ
SCREEN	Ноль по опорам, кэВ	+2.92	Пики полного поглощения, по которым привязана шкала (+ опора, - отвергнут): компонент, центр модели кэВ, остаток кэВ, доля пика, причина
- Pb-214 78.3 кэВ, остаток -1.76 кэВ, доля 0.29 share
- Th-232 141.6 кэВ, остаток -0.11 кэВ, доля 0.03 share
- Pb-214 243.5 кэВ, остаток +1.08 кэВ, доля 0.19 share
- Pb-214 298.0 кэВ, остаток -1.07 кэВ, доля 0.46 share
+ Pb-214 353.8 кэВ, остаток +0.41 кэВ, доля 0.66 , свет +2.15 кэВ
- Rn-222 511.9 кэВ, остаток -4.18 кэВ, доля 0.07 z
+ Bi-214 611.8 кэВ, остаток +0.70 кэВ, доля 0.70 , свет +0.48 кэВ
- Bi-214 770.3 кэВ, остаток +5.44 кэВ, доля 0.18 share
- Bi-214 935.2 кэВ, остаток -4.97 кэВ, доля 0.12 share
- Bi-214 1120.9 кэВ, остаток +0.16 кэВ, доля 0.44 share
- Bi-214 1238.8 кэВ, остаток -4.07 кэВ, доля 0.24 share
- Bi-214 1390.4 кэВ, остаток +9.24 кэВ, доля 0.33 share
- Bi-214 1510.4 кэВ, остаток -90.97 кэВ, доля 0.10 z
+ Bi-214 1758.6 кэВ, остаток -4.64 кэВ, доля 0.63 , свет -9.40 кэВ
+ Bi-214 2201.8 кэВ, остаток +11.96 кэВ, доля 0.52 , свет -13.39 кэВ
- Bi-214 2445.7 кэВ, остаток +23.67 кэВ, доля 0.40 z
+ Tl-208 2610.8 кэВ, остаток +13.60 кэВ, доля 0.65 , свет -17.39 кэВ
stack.png: 0–3139 кэВ, потолок 2538, шкала lin
НАДПИСЬ	Состав ОБЪЯВЛЕН ключом --sample= (nucdb: ; ряды --chain= Ra-226, Th-232 → Ra-226, Rn-222, Pb-214, Bi-214, Pb-210, Po-214, Po-210, Th-232, Ac-228, Th-228, Ra-224, Rn-220, Po-216, Pb-212, Bi-212, Tl-208); поставочная библиотека не читалась.
НАДПИСЬ	Переключатель «Источник состава» в окне отчёта — состояние приложения, положения «объявлен» у него нет; к этому снимку он не относится.
NuclideDefinitionManager за прогон: обращений 2 (код показа приложения); список у одиночки: определений 0, наборов 0 — пустышка пробы, поставочный файл не читался
