BecqMoni: main config: D:\BqMoni_Claude\p67\wt\tools\effmaker\probes\build_p67\config\BecquerelMonitor.xml
Матрицы отклика понятной части корпуса (B1)
сетка: 2 узлов 30-31 кэВ, бин 2 кэВ, 400000 историй на узел
останов по шуму ВЫКЛЮЧЕН — плоский счёт (T35)

== AS80_p67_edge93_r33 ==
   клеймо   : phys=18;2c4c261ddee2a726c6488c2168f00bb09d2f8d07b5104a2beb8247de08cd166b
   время    : 10.5 с на часах, ядер 1.1 из 4  — МАШИНУ ДЕЛИМ
   счёт     : 11.0 с ЦП, 13.79 мкс на историю  <- сравнивать надо ЭТО
   обход    : на историю 15.7 шага границ, 16.2 поиска области, 10.0 интерполяции μ, 3.23 сбора пересечений
   шум конт.: взвешенная 83.43 %  ВЫШЕ ПОРОГА 5.0 %
   файл     : D:\BqMoni_Claude\p67\store_check\AS80_p67_edge93_r33.rmx (0.0 МБ)

матриц: 1 — посчитано 1, пропущено 0 (клеймо сошлось); всего 0.2 мин
ЕСТЬ ШУМНЫЕ
BecqMoni: main config: D:\BqMoni_Claude\p67\wt\tools\effmaker\probes\build_p67\config\BecquerelMonitor.xml
Матрицы отклика понятной части корпуса (B1)
сетка: 2 узлов 30-31 кэВ, бин 2 кэВ, 400000 историй на узел
останов по шуму ВЫКЛЮЧЕН — плоский счёт (T35)

== AS80_p67_face81_r33 ==
   клеймо   : phys=18;5d12c98afc5d2a3639d79ba54da31aff91afd98730b417b0736d8aaab2500f6b
   время    : 9.4 с на часах, ядер 1.2 из 4  — МАШИНУ ДЕЛИМ
   счёт     : 11.0 с ЦП, 13.69 мкс на историю  <- сравнивать надо ЭТО
   обход    : на историю 15.7 шага границ, 16.2 поиска области, 9.9 интерполяции μ, 3.22 сбора пересечений
   шум конт.: взвешенная 23.41 %  ВЫШЕ ПОРОГА 5.0 %
   файл     : D:\BqMoni_Claude\p67\store_check\AS80_p67_face81_r33.rmx (0.0 МБ)

матриц: 1 — посчитано 1, пропущено 0 (клеймо сошлось); всего 0.2 мин
ЕСТЬ ШУМНЫЕ
BecqMoni: main config: D:\BqMoni_Claude\p67\wt\tools\effmaker\probes\build_p67\config\BecquerelMonitor.xml
Матрицы отклика понятной части корпуса (B1)
сетка: 2 узлов 30-31 кэВ, бин 2 кэВ, 400000 историй на узел
останов по шуму ВЫКЛЮЧЕН — плоский счёт (T35)

== AS80_p67_contact_r33 ==
   клеймо   : phys=18;5a665cda42cafcb7ca01a97e44e898039c1438169355cfc967204587bc0f2af0
   время    : 9.2 с на часах, ядер 1.1 из 4  — МАШИНУ ДЕЛИМ
   счёт     : 10.5 с ЦП, 13.18 мкс на историю  <- сравнивать надо ЭТО
   обход    : на историю 12.9 шага границ, 13.3 поиска области, 8.0 интерполяции μ, 3.23 сбора пересечений
   шум конт.: взвешенная 24.08 %  ВЫШЕ ПОРОГА 5.0 %
   файл     : D:\BqMoni_Claude\p67\store_check\AS80_p67_contact_r33.rmx (0.0 МБ)

матриц: 1 — посчитано 1, пропущено 0 (клеймо сошлось); всего 0.2 мин
ЕСТЬ ШУМНЫЕ
