BecqMoni: main config: D:\BqMoni_Claude\p67\wt\tools\effmaker\probes\build_p67\config\BecquerelMonitor.xml
Привязка кривой и матрицы к спектрам понятной части (B1)
кривая: 5-3000 кэВ, 200000 историй на узел; розыгрыш точки вылета: автоматика (полевая сцена — важностный, клеймо imp=1; прочие — равномерный); порог шумной кривой (медиана узлов) 5 %

== AS80_p67_edge93_r33 ==
   розыгрыш : равномерный
   разброс  : медиана 0.75 %, худший узел 10.02 % на 20.0 кэВ (ESS 99 из 200000 историй), узлов выше 5 %: 1 из 40
   guid     : b6c12f78-a7f2-b9ae-1f6f-d2212fd74bb4
   кривая   : 40 точек, клеймо phys=18; hist=200000; grid=20-3000 keV/40 std; kdip=1; lys=2; etr=1; e+tr=1; e+off=1; rayl2=1; ecomp=1; bpath=2
   матрица  : AS80_p67_edge93_r33.rmx -> response\b6c12f78-a7f2-b9ae-1f6f-d2212fd74bb4.rmx
   спектр   : edge93__AS80_p67_edge93_r33 (1 записей ResultData)

геометрий в описи: 17, взято по --only=AS80_p67_edge93_r33: 1 — посчитано 1, пропущено 0 (клеймо и геометрия сошлись); записей проставлено: 1
ВСЕ СОШЛИСЬ
BecqMoni: main config: D:\BqMoni_Claude\p67\wt\tools\effmaker\probes\build_p67\config\BecquerelMonitor.xml
Привязка кривой и матрицы к спектрам понятной части (B1)
кривая: 5-3000 кэВ, 200000 историй на узел; розыгрыш точки вылета: автоматика (полевая сцена — важностный, клеймо imp=1; прочие — равномерный); порог шумной кривой (медиана узлов) 5 %

== AS80_p67_contact_r33 ==
   розыгрыш : равномерный
   разброс  : медиана 0.98 %, худший узел 8.22 % на 10.0 кэВ (ESS 148 из 200000 историй), узлов выше 5 %: 1 из 41
   guid     : 09833eeb-6ae5-546e-f40a-d773759959f4
   кривая   : 41 точек, клеймо phys=18; hist=200000; grid=10-3000 keV/41 std; kdip=1; lys=2; etr=1; e+tr=1; e+off=1; rayl2=1; ecomp=1; bpath=2
   матрица  : AS80_p67_contact_r33.rmx -> response\09833eeb-6ae5-546e-f40a-d773759959f4.rmx
   спектр   : contact52k__AS80_p67_contact_r33 (1 записей ResultData)
   спектр   : contact_cal0809__AS80_p67_contact_r33 (1 записей ResultData)

геометрий в описи: 17, взято по --only=AS80_p67_contact_r33: 1 — посчитано 1, пропущено 0 (клеймо и геометрия сошлись); записей проставлено: 2
ВСЕ СОШЛИСЬ
BecqMoni: main config: D:\BqMoni_Claude\p67\wt\tools\effmaker\probes\build_p67\config\BecquerelMonitor.xml
Привязка кривой и матрицы к спектрам понятной части (B1)
кривая: 5-3000 кэВ, 200000 историй на узел; розыгрыш точки вылета: автоматика (полевая сцена — важностный, клеймо imp=1; прочие — равномерный); порог шумной кривой (медиана узлов) 5 %

== AS80_p67_edge93_r28 ==
   розыгрыш : равномерный
   разброс  : медиана 0.67 %, худший узел 8.49 % на 20.0 кэВ (ESS 139 из 200000 историй), узлов выше 5 %: 1 из 42
   guid     : 2d55c79b-75d2-f826-b4bb-61ea8927f10e
   кривая   : 42 точек, клеймо phys=18; hist=200000; grid=20-3000 keV/42 std; kdip=1; lys=2; etr=1; e+tr=1; e+off=1; rayl2=1; ecomp=1; bpath=2
   матрица  : AS80_p67_edge93_r28.rmx -> response\2d55c79b-75d2-f826-b4bb-61ea8927f10e.rmx
   спектр   : edge93__AS80_p67_edge93_r28 (1 записей ResultData)

геометрий в описи: 17, взято по --only=AS80_p67_edge93_r28: 1 — посчитано 1, пропущено 0 (клеймо и геометрия сошлись); записей проставлено: 1
ВСЕ СОШЛИСЬ
BecqMoni: main config: D:\BqMoni_Claude\p67\wt\tools\effmaker\probes\build_p67\config\BecquerelMonitor.xml
Привязка кривой и матрицы к спектрам понятной части (B1)
кривая: 5-3000 кэВ, 200000 историй на узел; розыгрыш точки вылета: автоматика (полевая сцена — важностный, клеймо imp=1; прочие — равномерный); порог шумной кривой (медиана узлов) 5 %

== AS80_p67_face81_r33 ==
   розыгрыш : равномерный
   разброс  : медиана 0.62 %, худший узел 4.65 % на 10.0 кэВ (ESS 461 из 200000 историй), узлов выше 5 %: 0 из 41
   guid     : 8c02aee6-4ce0-3288-56d6-efd35ce2670f
   кривая   : 41 точек, клеймо phys=18; hist=200000; grid=10-3000 keV/41 std; kdip=1; lys=2; etr=1; e+tr=1; e+off=1; rayl2=1; ecomp=1; bpath=2
   матрица  : AS80_p67_face81_r33.rmx -> response\8c02aee6-4ce0-3288-56d6-efd35ce2670f.rmx
   спектр   : face81__AS80_p67_face81_r33 (1 записей ResultData)

геометрий в описи: 17, взято по --only=AS80_p67_face81_r33: 1 — посчитано 1, пропущено 0 (клеймо и геометрия сошлись); записей проставлено: 1
ВСЕ СОШЛИСЬ
BecqMoni: main config: D:\BqMoni_Claude\p67\wt\tools\effmaker\probes\build_p67\config\BecquerelMonitor.xml
Привязка кривой и матрицы к спектрам понятной части (B1)
кривая: 5-3000 кэВ, 200000 историй на узел; розыгрыш точки вылета: автоматика (полевая сцена — важностный, клеймо imp=1; прочие — равномерный); порог шумной кривой (медиана узлов) 5 %

== AS80_p67_contact_r33 ==
   розыгрыш : равномерный
   разброс  : медиана 0.98 %, худший узел 8.22 % на 10.0 кэВ (ESS 148 из 200000 историй), узлов выше 5 %: 1 из 41
   guid     : 09833eeb-6ae5-546e-f40a-d773759959f4
   кривая   : 41 точек, клеймо phys=18; hist=200000; grid=10-3000 keV/41 std; kdip=1; lys=2; etr=1; e+tr=1; e+off=1; rayl2=1; ecomp=1; bpath=2
   матрица  : AS80_p67_contact_r33.rmx -> response\09833eeb-6ae5-546e-f40a-d773759959f4.rmx
   спектр   : contact52k__AS80_p67_contact_r33 (1 записей ResultData)
   спектр   : contact_cal0809__AS80_p67_contact_r33 (1 записей ResultData)

геометрий в описи: 17, взято по --only=AS80_p67_contact_r33: 1 — посчитано 1, пропущено 0 (клеймо и геометрия сошлись); записей проставлено: 2
ВСЕ СОШЛИСЬ
BecqMoni: main config: D:\BqMoni_Claude\p67\wt\tools\effmaker\probes\build_p67\config\BecquerelMonitor.xml
Привязка кривой и матрицы к спектрам понятной части (B1)
кривая: 5-3000 кэВ, 200000 историй на узел; розыгрыш точки вылета: автоматика (полевая сцена — важностный, клеймо imp=1; прочие — равномерный); порог шумной кривой (медиана узлов) 5 %

== AS80_p67_edge93_r42 ==
   розыгрыш : равномерный
   разброс  : медиана 0.85 %, худший узел 49.54 % на 20.0 кэВ (ESS 4 из 200000 историй), узлов выше 5 %: 1 из 40
   guid     : 2081358a-f744-39de-4a5e-330c510b0023
   кривая   : 40 точек, клеймо phys=18; hist=200000; grid=20-3000 keV/40 std; kdip=1; lys=2; etr=1; e+tr=1; e+off=1; rayl2=1; ecomp=1; bpath=2
   матрица  : AS80_p67_edge93_r42.rmx -> response\2081358a-f744-39de-4a5e-330c510b0023.rmx
   спектр   : edge93__AS80_p67_edge93_r42 (1 записей ResultData)

геометрий в описи: 17, взято по --only=AS80_p67_edge93_r42: 1 — посчитано 1, пропущено 0 (клеймо и геометрия сошлись); записей проставлено: 1
ВСЕ СОШЛИСЬ
BecqMoni: main config: D:\BqMoni_Claude\p67\wt\tools\effmaker\probes\build_p67\config\BecquerelMonitor.xml
Привязка кривой и матрицы к спектрам понятной части (B1)
кривая: 5-3000 кэВ, 200000 историй на узел; розыгрыш точки вылета: автоматика (полевая сцена — важностный, клеймо imp=1; прочие — равномерный); порог шумной кривой (медиана узлов) 5 %

== AS80_p67_contact_r28 ==
   розыгрыш : равномерный
   разброс  : медиана 0.85 %, худший узел 6.42 % на 10.0 кэВ (ESS 243 из 200000 историй), узлов выше 5 %: 1 из 43
   guid     : 0b1801ec-cbf6-d70d-2821-8f167e4715ea
   кривая   : 43 точек, клеймо phys=18; hist=200000; grid=10-3000 keV/43 std; kdip=1; lys=2; etr=1; e+tr=1; e+off=1; rayl2=1; ecomp=1; bpath=2
   матрица  : AS80_p67_contact_r28.rmx -> response\0b1801ec-cbf6-d70d-2821-8f167e4715ea.rmx
   спектр   : contact52k__AS80_p67_contact_r28 (1 записей ResultData)
   спектр   : contact_cal0809__AS80_p67_contact_r28 (1 записей ResultData)

геометрий в описи: 17, взято по --only=AS80_p67_contact_r28: 1 — посчитано 1, пропущено 0 (клеймо и геометрия сошлись); записей проставлено: 2
ВСЕ СОШЛИСЬ
BecqMoni: main config: D:\BqMoni_Claude\p67\wt\tools\effmaker\probes\build_p67\config\BecquerelMonitor.xml
Привязка кривой и матрицы к спектрам понятной части (B1)
кривая: 5-3000 кэВ, 200000 историй на узел; розыгрыш точки вылета: автоматика (полевая сцена — важностный, клеймо imp=1; прочие — равномерный); порог шумной кривой (медиана узлов) 5 %

== AS80_p67_face81_r28 ==
   розыгрыш : равномерный
   разброс  : медиана 0.53 %, худший узел 3.14 % на 10.0 кэВ (ESS 1006 из 200000 историй), узлов выше 5 %: 0 из 43
   guid     : 51a9ee1e-9b9e-dcc9-c3b9-641ef4c9bc32
   кривая   : 43 точек, клеймо phys=18; hist=200000; grid=10-3000 keV/43 std; kdip=1; lys=2; etr=1; e+tr=1; e+off=1; rayl2=1; ecomp=1; bpath=2
   матрица  : AS80_p67_face81_r28.rmx -> response\51a9ee1e-9b9e-dcc9-c3b9-641ef4c9bc32.rmx
   спектр   : face81__AS80_p67_face81_r28 (1 записей ResultData)

геометрий в описи: 17, взято по --only=AS80_p67_face81_r28: 1 — посчитано 1, пропущено 0 (клеймо и геометрия сошлись); записей проставлено: 1
ВСЕ СОШЛИСЬ
BecqMoni: main config: D:\BqMoni_Claude\p67\wt\tools\effmaker\probes\build_p67\config\BecquerelMonitor.xml
Привязка кривой и матрицы к спектрам понятной части (B1)
кривая: 5-3000 кэВ, 200000 историй на узел; розыгрыш точки вылета: автоматика (полевая сцена — важностный, клеймо imp=1; прочие — равномерный); порог шумной кривой (медиана узлов) 5 %

== AS80_p67_contact_r42 ==
   розыгрыш : равномерный
   разброс  : медиана 1.09 %, худший узел 11.46 % на 10.0 кэВ (ESS 76 из 200000 историй), узлов выше 5 %: 1 из 41
   guid     : f8653071-d049-5a5c-be93-3eadcd3d5125
   кривая   : 41 точек, клеймо phys=18; hist=200000; grid=10-3000 keV/41 std; kdip=1; lys=2; etr=1; e+tr=1; e+off=1; rayl2=1; ecomp=1; bpath=2
   матрица  : AS80_p67_contact_r42.rmx -> response\f8653071-d049-5a5c-be93-3eadcd3d5125.rmx
   спектр   : contact52k__AS80_p67_contact_r42 (1 записей ResultData)
   спектр   : contact_cal0809__AS80_p67_contact_r42 (1 записей ResultData)

геометрий в описи: 17, взято по --only=AS80_p67_contact_r42: 1 — посчитано 1, пропущено 0 (клеймо и геометрия сошлись); записей проставлено: 2
ВСЕ СОШЛИСЬ
BecqMoni: main config: D:\BqMoni_Claude\p67\wt\tools\effmaker\probes\build_p67\config\BecquerelMonitor.xml
Привязка кривой и матрицы к спектрам понятной части (B1)
кривая: 5-3000 кэВ, 200000 историй на узел; розыгрыш точки вылета: автоматика (полевая сцена — важностный, клеймо imp=1; прочие — равномерный); порог шумной кривой (медиана узлов) 5 %

== AS80_p67_contact_r28 ==
   розыгрыш : равномерный
   разброс  : медиана 0.85 %, худший узел 6.42 % на 10.0 кэВ (ESS 243 из 200000 историй), узлов выше 5 %: 1 из 43
   guid     : 0b1801ec-cbf6-d70d-2821-8f167e4715ea
   кривая   : 43 точек, клеймо phys=18; hist=200000; grid=10-3000 keV/43 std; kdip=1; lys=2; etr=1; e+tr=1; e+off=1; rayl2=1; ecomp=1; bpath=2
   матрица  : AS80_p67_contact_r28.rmx -> response\0b1801ec-cbf6-d70d-2821-8f167e4715ea.rmx
   спектр   : contact52k__AS80_p67_contact_r28 (1 записей ResultData)
   спектр   : contact_cal0809__AS80_p67_contact_r28 (1 записей ResultData)

геометрий в описи: 17, взято по --only=AS80_p67_contact_r28: 1 — посчитано 1, пропущено 0 (клеймо и геометрия сошлись); записей проставлено: 2
ВСЕ СОШЛИСЬ
BecqMoni: main config: D:\BqMoni_Claude\p67\wt\tools\effmaker\probes\build_p67\config\BecquerelMonitor.xml
Привязка кривой и матрицы к спектрам понятной части (B1)
кривая: 5-3000 кэВ, 200000 историй на узел; розыгрыш точки вылета: автоматика (полевая сцена — важностный, клеймо imp=1; прочие — равномерный); порог шумной кривой (медиана узлов) 5 %

== AS80_p67_face81_r28 ==
   розыгрыш : равномерный
   разброс  : медиана 0.53 %, худший узел 3.14 % на 10.0 кэВ (ESS 1006 из 200000 историй), узлов выше 5 %: 0 из 43
   guid     : 51a9ee1e-9b9e-dcc9-c3b9-641ef4c9bc32
   кривая   : 43 точек, клеймо phys=18; hist=200000; grid=10-3000 keV/43 std; kdip=1; lys=2; etr=1; e+tr=1; e+off=1; rayl2=1; ecomp=1; bpath=2
   матрица  : AS80_p67_face81_r28.rmx -> response\51a9ee1e-9b9e-dcc9-c3b9-641ef4c9bc32.rmx
   спектр   : face81__AS80_p67_face81_r28 (1 записей ResultData)

геометрий в описи: 17, взято по --only=AS80_p67_face81_r28: 1 — посчитано 1, пропущено 0 (клеймо и геометрия сошлись); записей проставлено: 1
ВСЕ СОШЛИСЬ
BecqMoni: main config: D:\BqMoni_Claude\p67\wt\tools\effmaker\probes\build_p67\config\BecquerelMonitor.xml
Привязка кривой и матрицы к спектрам понятной части (B1)
кривая: 5-3000 кэВ, 200000 историй на узел; розыгрыш точки вылета: автоматика (полевая сцена — важностный, клеймо imp=1; прочие — равномерный); порог шумной кривой (медиана узлов) 5 %

== AS80_p67_edge93_r28 ==
   розыгрыш : равномерный
   разброс  : медиана 0.67 %, худший узел 8.49 % на 20.0 кэВ (ESS 139 из 200000 историй), узлов выше 5 %: 1 из 42
   guid     : 2d55c79b-75d2-f826-b4bb-61ea8927f10e
   кривая   : 42 точек, клеймо phys=18; hist=200000; grid=20-3000 keV/42 std; kdip=1; lys=2; etr=1; e+tr=1; e+off=1; rayl2=1; ecomp=1; bpath=2
   матрица  : AS80_p67_edge93_r28.rmx -> response\2d55c79b-75d2-f826-b4bb-61ea8927f10e.rmx
   спектр   : edge93__AS80_p67_edge93_r28 (1 записей ResultData)

геометрий в описи: 17, взято по --only=AS80_p67_edge93_r28: 1 — посчитано 1, пропущено 0 (клеймо и геометрия сошлись); записей проставлено: 1
ВСЕ СОШЛИСЬ
BecqMoni: main config: D:\BqMoni_Claude\p67\wt\tools\effmaker\probes\build_p67\config\BecquerelMonitor.xml
Привязка кривой и матрицы к спектрам понятной части (B1)
кривая: 5-3000 кэВ, 200000 историй на узел; розыгрыш точки вылета: автоматика (полевая сцена — важностный, клеймо imp=1; прочие — равномерный); порог шумной кривой (медиана узлов) 5 %

== AS80_p67_contact_r33 ==
   розыгрыш : равномерный
   разброс  : медиана 0.98 %, худший узел 8.22 % на 10.0 кэВ (ESS 148 из 200000 историй), узлов выше 5 %: 1 из 41
   guid     : 09833eeb-6ae5-546e-f40a-d773759959f4
   кривая   : 41 точек, клеймо phys=18; hist=200000; grid=10-3000 keV/41 std; kdip=1; lys=2; etr=1; e+tr=1; e+off=1; rayl2=1; ecomp=1; bpath=2
   матрица  : AS80_p67_contact_r33.rmx -> response\09833eeb-6ae5-546e-f40a-d773759959f4.rmx
   спектр   : contact52k__AS80_p67_contact_r33 (1 записей ResultData)
   спектр   : contact_cal0809__AS80_p67_contact_r33 (1 записей ResultData)

геометрий в описи: 17, взято по --only=AS80_p67_contact_r33: 1 — посчитано 1, пропущено 0 (клеймо и геометрия сошлись); записей проставлено: 2
ВСЕ СОШЛИСЬ
BecqMoni: main config: D:\BqMoni_Claude\p67\wt\tools\effmaker\probes\build_p67\config\BecquerelMonitor.xml
Привязка кривой и матрицы к спектрам понятной части (B1)
кривая: 5-3000 кэВ, 200000 историй на узел; розыгрыш точки вылета: автоматика (полевая сцена — важностный, клеймо imp=1; прочие — равномерный); порог шумной кривой (медиана узлов) 5 %

== AS80_p67_face81_r33 ==
   розыгрыш : равномерный
   разброс  : медиана 0.62 %, худший узел 4.65 % на 10.0 кэВ (ESS 461 из 200000 историй), узлов выше 5 %: 0 из 41
   guid     : 8c02aee6-4ce0-3288-56d6-efd35ce2670f
   кривая   : 41 точек, клеймо phys=18; hist=200000; grid=10-3000 keV/41 std; kdip=1; lys=2; etr=1; e+tr=1; e+off=1; rayl2=1; ecomp=1; bpath=2
   матрица  : AS80_p67_face81_r33.rmx -> response\8c02aee6-4ce0-3288-56d6-efd35ce2670f.rmx
   спектр   : face81__AS80_p67_face81_r33 (1 записей ResultData)

геометрий в описи: 17, взято по --only=AS80_p67_face81_r33: 1 — посчитано 1, пропущено 0 (клеймо и геометрия сошлись); записей проставлено: 1
ВСЕ СОШЛИСЬ
BecqMoni: main config: D:\BqMoni_Claude\p67\wt\tools\effmaker\probes\build_p67\config\BecquerelMonitor.xml
Привязка кривой и матрицы к спектрам понятной части (B1)
кривая: 5-3000 кэВ, 200000 историй на узел; розыгрыш точки вылета: автоматика (полевая сцена — важностный, клеймо imp=1; прочие — равномерный); порог шумной кривой (медиана узлов) 5 %

== AS80_p67_edge93_r33 ==
   розыгрыш : равномерный
   разброс  : медиана 0.75 %, худший узел 10.02 % на 20.0 кэВ (ESS 99 из 200000 историй), узлов выше 5 %: 1 из 40
   guid     : b6c12f78-a7f2-b9ae-1f6f-d2212fd74bb4
   кривая   : 40 точек, клеймо phys=18; hist=200000; grid=20-3000 keV/40 std; kdip=1; lys=2; etr=1; e+tr=1; e+off=1; rayl2=1; ecomp=1; bpath=2
   матрица  : AS80_p67_edge93_r33.rmx -> response\b6c12f78-a7f2-b9ae-1f6f-d2212fd74bb4.rmx
   спектр   : edge93__AS80_p67_edge93_r33 (1 записей ResultData)

геометрий в описи: 17, взято по --only=AS80_p67_edge93_r33: 1 — посчитано 1, пропущено 0 (клеймо и геометрия сошлись); записей проставлено: 1
ВСЕ СОШЛИСЬ
BecqMoni: main config: D:\BqMoni_Claude\p67\wt\tools\effmaker\probes\build_p67\config\BecquerelMonitor.xml
Привязка кривой и матрицы к спектрам понятной части (B1)
кривая: 5-3000 кэВ, 200000 историй на узел; розыгрыш точки вылета: автоматика (полевая сцена — важностный, клеймо imp=1; прочие — равномерный); порог шумной кривой (медиана узлов) 5 %

== AS80_p67_contact_r38 ==
   розыгрыш : равномерный
   разброс  : медиана 1.08 %, худший узел 9.84 % на 10.0 кэВ (ESS 103 из 200000 историй), узлов выше 5 %: 1 из 41
   guid     : 25e6f40b-30e2-de5f-29eb-af03716dc190
   кривая   : 41 точек, клеймо phys=18; hist=200000; grid=10-3000 keV/41 std; kdip=1; lys=2; etr=1; e+tr=1; e+off=1; rayl2=1; ecomp=1; bpath=2
   матрица  : AS80_p67_contact_r38.rmx -> response\25e6f40b-30e2-de5f-29eb-af03716dc190.rmx
   спектр   : contact52k__AS80_p67_contact_r38 (1 записей ResultData)
   спектр   : contact_cal0809__AS80_p67_contact_r38 (1 записей ResultData)

геометрий в описи: 17, взято по --only=AS80_p67_contact_r38: 1 — посчитано 1, пропущено 0 (клеймо и геометрия сошлись); записей проставлено: 2
ВСЕ СОШЛИСЬ
BecqMoni: main config: D:\BqMoni_Claude\p67\wt\tools\effmaker\probes\build_p67\config\BecquerelMonitor.xml
Привязка кривой и матрицы к спектрам понятной части (B1)
кривая: 5-3000 кэВ, 200000 историй на узел; розыгрыш точки вылета: автоматика (полевая сцена — важностный, клеймо imp=1; прочие — равномерный); порог шумной кривой (медиана узлов) 5 %

== AS80_p67_edge93_r38 ==
   розыгрыш : равномерный
   разброс  : медиана 0.80 %, худший узел 46.95 % на 20.0 кэВ (ESS 5 из 200000 историй), узлов выше 5 %: 1 из 40
   guid     : dcfa9d2f-6173-2e6c-bbea-3105a4114150
   кривая   : 40 точек, клеймо phys=18; hist=200000; grid=20-3000 keV/40 std; kdip=1; lys=2; etr=1; e+tr=1; e+off=1; rayl2=1; ecomp=1; bpath=2
   матрица  : AS80_p67_edge93_r38.rmx -> response\dcfa9d2f-6173-2e6c-bbea-3105a4114150.rmx
   спектр   : edge93__AS80_p67_edge93_r38 (1 записей ResultData)

геометрий в описи: 17, взято по --only=AS80_p67_edge93_r38: 1 — посчитано 1, пропущено 0 (клеймо и геометрия сошлись); записей проставлено: 1
ВСЕ СОШЛИСЬ
BecqMoni: main config: D:\BqMoni_Claude\p67\wt\tools\effmaker\probes\build_p67\config\BecquerelMonitor.xml
Привязка кривой и матрицы к спектрам понятной части (B1)
кривая: 5-3000 кэВ, 200000 историй на узел; розыгрыш точки вылета: автоматика (полевая сцена — важностный, клеймо imp=1; прочие — равномерный); порог шумной кривой (медиана узлов) 5 %

== AS80_p67_contact_r42 ==
   розыгрыш : равномерный
   разброс  : медиана 1.09 %, худший узел 11.46 % на 10.0 кэВ (ESS 76 из 200000 историй), узлов выше 5 %: 1 из 41
   guid     : f8653071-d049-5a5c-be93-3eadcd3d5125
   кривая   : 41 точек, клеймо phys=18; hist=200000; grid=10-3000 keV/41 std; kdip=1; lys=2; etr=1; e+tr=1; e+off=1; rayl2=1; ecomp=1; bpath=2
   матрица  : AS80_p67_contact_r42.rmx -> response\f8653071-d049-5a5c-be93-3eadcd3d5125.rmx
   спектр   : contact52k__AS80_p67_contact_r42 (1 записей ResultData)
   спектр   : contact_cal0809__AS80_p67_contact_r42 (1 записей ResultData)

геометрий в описи: 17, взято по --only=AS80_p67_contact_r42: 1 — посчитано 1, пропущено 0 (клеймо и геометрия сошлись); записей проставлено: 2
ВСЕ СОШЛИСЬ
BecqMoni: main config: D:\BqMoni_Claude\p67\wt\tools\effmaker\probes\build_p67\config\BecquerelMonitor.xml
Привязка кривой и матрицы к спектрам понятной части (B1)
кривая: 5-3000 кэВ, 200000 историй на узел; розыгрыш точки вылета: автоматика (полевая сцена — важностный, клеймо imp=1; прочие — равномерный); порог шумной кривой (медиана узлов) 5 %

== AS80_p67_face81_r42 ==
   розыгрыш : равномерный
   разброс  : медиана 0.69 %, худший узел 5.66 % на 10.0 кэВ (ESS 312 из 200000 историй), узлов выше 5 %: 1 из 41
   guid     : 446477a0-f321-987b-2b23-3fe5964d1b87
   кривая   : 41 точек, клеймо phys=18; hist=200000; grid=10-3000 keV/41 std; kdip=1; lys=2; etr=1; e+tr=1; e+off=1; rayl2=1; ecomp=1; bpath=2
   матрица  : AS80_p67_face81_r42.rmx -> response\446477a0-f321-987b-2b23-3fe5964d1b87.rmx
   спектр   : face81__AS80_p67_face81_r42 (1 записей ResultData)

геометрий в описи: 17, взято по --only=AS80_p67_face81_r42: 1 — посчитано 1, пропущено 0 (клеймо и геометрия сошлись); записей проставлено: 1
ВСЕ СОШЛИСЬ
BecqMoni: main config: D:\BqMoni_Claude\p67\wt\tools\effmaker\probes\build_p67\config\BecquerelMonitor.xml
Привязка кривой и матрицы к спектрам понятной части (B1)
кривая: 5-3000 кэВ, 200000 историй на узел; розыгрыш точки вылета: автоматика (полевая сцена — важностный, клеймо imp=1; прочие — равномерный); порог шумной кривой (медиана узлов) 5 %

== AS80_p67_edge93_r42 ==
   розыгрыш : равномерный
   разброс  : медиана 0.85 %, худший узел 49.54 % на 20.0 кэВ (ESS 4 из 200000 историй), узлов выше 5 %: 1 из 40
   guid     : 2081358a-f744-39de-4a5e-330c510b0023
   кривая   : 40 точек, клеймо phys=18; hist=200000; grid=20-3000 keV/40 std; kdip=1; lys=2; etr=1; e+tr=1; e+off=1; rayl2=1; ecomp=1; bpath=2
   матрица  : AS80_p67_edge93_r42.rmx -> response\2081358a-f744-39de-4a5e-330c510b0023.rmx
   спектр   : edge93__AS80_p67_edge93_r42 (1 записей ResultData)

геометрий в описи: 17, взято по --only=AS80_p67_edge93_r42: 1 — посчитано 1, пропущено 0 (клеймо и геометрия сошлись); записей проставлено: 1
ВСЕ СОШЛИСЬ
BecqMoni: main config: D:\BqMoni_Claude\p67\wt\tools\effmaker\probes\build_p67\config\BecquerelMonitor.xml
Привязка кривой и матрицы к спектрам понятной части (B1)
кривая: 5-3000 кэВ, 200000 историй на узел; розыгрыш точки вылета: автоматика (полевая сцена — важностный, клеймо imp=1; прочие — равномерный); порог шумной кривой (медиана узлов) 5 %

== AS80_p67_face81_r38 ==
   розыгрыш : равномерный
   разброс  : медиана 0.67 %, худший узел 4.53 % на 10.0 кэВ (ESS 486 из 200000 историй), узлов выше 5 %: 0 из 41
   guid     : cdeccdfa-b699-6eb9-b70b-8cb41d353176
   кривая   : 41 точек, клеймо phys=18; hist=200000; grid=10-3000 keV/41 std; kdip=1; lys=2; etr=1; e+tr=1; e+off=1; rayl2=1; ecomp=1; bpath=2
   матрица  : AS80_p67_face81_r38.rmx -> response\cdeccdfa-b699-6eb9-b70b-8cb41d353176.rmx
   спектр   : face81__AS80_p67_face81_r38 (1 записей ResultData)

геометрий в описи: 17, взято по --only=AS80_p67_face81_r38: 1 — посчитано 1, пропущено 0 (клеймо и геометрия сошлись); записей проставлено: 1
ВСЕ СОШЛИСЬ
BecqMoni: main config: D:\BqMoni_Claude\p67\wt\tools\effmaker\probes\build_p67\config\BecquerelMonitor.xml
Привязка кривой и матрицы к спектрам понятной части (B1)
кривая: 5-3000 кэВ, 200000 историй на узел; розыгрыш точки вылета: автоматика (полевая сцена — важностный, клеймо imp=1; прочие — равномерный); порог шумной кривой (медиана узлов) 5 %

== AS80_p67_edge93_r33_ring05 ==
   розыгрыш : равномерный
   разброс  : медиана 0.77 %, худший узел 30.11 % на 10.0 кэВ (ESS 11 из 200000 историй), узлов выше 5 %: 2 из 41
   guid     : 08ceff9c-5d22-b732-314f-74217e45cafb
   кривая   : 41 точек, клеймо phys=18; hist=200000; grid=10-3000 keV/41 std; kdip=1; lys=2; etr=1; e+tr=1; e+off=1; rayl2=1; ecomp=1; bpath=2
   матрица  : AS80_p67_edge93_r33_ring05.rmx -> response\08ceff9c-5d22-b732-314f-74217e45cafb.rmx
   спектр   : edge93__AS80_p67_edge93_r33_ring05 (1 записей ResultData)

геометрий в описи: 17, взято по --only=AS80_p67_edge93_r33_ring05: 1 — посчитано 1, пропущено 0 (клеймо и геометрия сошлись); записей проставлено: 1
ВСЕ СОШЛИСЬ
BecqMoni: main config: D:\BqMoni_Claude\p67\wt\tools\effmaker\probes\build_p67\config\BecquerelMonitor.xml
Привязка кривой и матрицы к спектрам понятной части (B1)
кривая: 5-3000 кэВ, 200000 историй на узел; розыгрыш точки вылета: автоматика (полевая сцена — важностный, клеймо imp=1; прочие — равномерный); порог шумной кривой (медиана узлов) 5 %

== AS80_p67_contact_p13 ==
   розыгрыш : равномерный
   разброс  : медиана 1.07 %, худший узел 11.71 % на 10.0 кэВ (ESS 73 из 200000 историй), узлов выше 5 %: 1 из 43
   guid     : 7730365c-9b8a-835a-269e-7525c989e12d
   кривая   : 43 точек, клеймо phys=18; hist=200000; grid=10-3000 keV/43 std; kdip=1; lys=2; etr=1; e+tr=1; e+off=1; rayl2=1; ecomp=1; bpath=2
   матрица  : AS80_p67_contact_p13.rmx -> response\7730365c-9b8a-835a-269e-7525c989e12d.rmx
   спектр   : contact52k__AS80_p67_contact_p13 (1 записей ResultData)
   спектр   : contact_cal0809__AS80_p67_contact_p13 (1 записей ResultData)

геометрий в описи: 17, взято по --only=AS80_p67_contact_p13: 1 — посчитано 1, пропущено 0 (клеймо и геометрия сошлись); записей проставлено: 2
ВСЕ СОШЛИСЬ
BecqMoni: main config: D:\BqMoni_Claude\p67\wt\tools\effmaker\probes\build_p67\config\BecquerelMonitor.xml
Привязка кривой и матрицы к спектрам понятной части (B1)
кривая: 5-3000 кэВ, 200000 историй на узел; розыгрыш точки вылета: автоматика (полевая сцена — важностный, клеймо imp=1; прочие — равномерный); порог шумной кривой (медиана узлов) 5 %

== AS80_p67_edge93_p13 ==
   розыгрыш : равномерный
   разброс  : медиана 0.84 %, худший узел 9.31 % на 20.0 кэВ (ESS 115 из 200000 историй), узлов выше 5 %: 2 из 42
   guid     : d2c26bfa-393c-5309-ffd0-65bb3b5f4464
   кривая   : 42 точек, клеймо phys=18; hist=200000; grid=20-3000 keV/42 std; kdip=1; lys=2; etr=1; e+tr=1; e+off=1; rayl2=1; ecomp=1; bpath=2
   матрица  : AS80_p67_edge93_p13.rmx -> response\d2c26bfa-393c-5309-ffd0-65bb3b5f4464.rmx
   спектр   : edge93__AS80_p67_edge93_p13 (1 записей ResultData)

геометрий в описи: 17, взято по --only=AS80_p67_edge93_p13: 1 — посчитано 1, пропущено 0 (клеймо и геометрия сошлись); записей проставлено: 1
ВСЕ СОШЛИСЬ
BecqMoni: main config: D:\BqMoni_Claude\p67\wt\tools\effmaker\probes\build_p67\config\BecquerelMonitor.xml
Привязка кривой и матрицы к спектрам понятной части (B1)
кривая: 5-3000 кэВ, 200000 историй на узел; розыгрыш точки вылета: автоматика (полевая сцена — важностный, клеймо imp=1; прочие — равномерный); порог шумной кривой (медиана узлов) 5 %

== AS80_p67_edge93_r33_ring20 ==
   розыгрыш : равномерный
   разброс  : медиана 0.76 %, худший узел 26.05 % на 20.0 кэВ (ESS 15 из 200000 историй), узлов выше 5 %: 2 из 40
   guid     : 85e25dda-9710-6b9b-5258-3bc4bfc5fc42
   кривая   : 40 точек, клеймо phys=18; hist=200000; grid=20-3000 keV/40 std; kdip=1; lys=2; etr=1; e+tr=1; e+off=1; rayl2=1; ecomp=1; bpath=2
   матрица  : AS80_p67_edge93_r33_ring20.rmx -> response\85e25dda-9710-6b9b-5258-3bc4bfc5fc42.rmx
   спектр   : edge93__AS80_p67_edge93_r33_ring20 (1 записей ResultData)

геометрий в описи: 17, взято по --only=AS80_p67_edge93_r33_ring20: 1 — посчитано 1, пропущено 0 (клеймо и геометрия сошлись); записей проставлено: 1
ВСЕ СОШЛИСЬ
BecqMoni: main config: D:\BqMoni_Claude\p67\wt\tools\effmaker\probes\build_p67\config\BecquerelMonitor.xml
Привязка кривой и матрицы к спектрам понятной части (B1)
кривая: 5-3000 кэВ, 200000 историй на узел; розыгрыш точки вылета: автоматика (полевая сцена — важностный, клеймо imp=1; прочие — равномерный); порог шумной кривой (медиана узлов) 5 %

== AS80_p67_face81_p13 ==
   розыгрыш : равномерный
   разброс  : медиана 0.67 %, худший узел 7.16 % на 10.0 кэВ (ESS 195 из 200000 историй), узлов выше 5 %: 1 из 43
   guid     : 6f128556-6c1b-0c2a-5412-bf31a780eb38
   кривая   : 43 точек, клеймо phys=18; hist=200000; grid=10-3000 keV/43 std; kdip=1; lys=2; etr=1; e+tr=1; e+off=1; rayl2=1; ecomp=1; bpath=2
   матрица  : AS80_p67_face81_p13.rmx -> response\6f128556-6c1b-0c2a-5412-bf31a780eb38.rmx
   спектр   : face81__AS80_p67_face81_p13 (1 записей ResultData)

геометрий в описи: 17, взято по --only=AS80_p67_face81_p13: 1 — посчитано 1, пропущено 0 (клеймо и геометрия сошлись); записей проставлено: 1
ВСЕ СОШЛИСЬ
