eff AS80_p67_edge93_r33 code=0 17:52:06
eff AS80_p67_contact_r33 code=0 17:58:26
eff AS80_p67_edge93_r28 code=0 18:09:53
eff AS80_p67_face81_r33 code=0 18:10:16
eff AS80_p67_contact_r33 code=0 18:15:32
eff AS80_p67_edge93_r42 code=0 18:15:53
eff AS80_p67_contact_r28 code=0 18:26:17
eff AS80_p67_face81_r28 code=0 18:26:41
eff AS80_p67_contact_r42 code=0 18:27:08
eff AS80_p67_contact_r28 code=0 18:40:58
eff AS80_p67_face81_r28 code=0 18:41:21
eff AS80_p67_edge93_r28 code=0 18:41:47
eff AS80_p67_contact_r33 code=0 18:42:08
eff AS80_p67_face81_r33 code=0 18:42:30
eff AS80_p67_edge93_r33 code=0 18:42:52
eff AS80_p67_contact_r38 code=0 18:43:12
eff AS80_p67_edge93_r38 code=0 18:43:33
eff AS80_p67_contact_r42 code=0 18:43:50
eff AS80_p67_face81_r42 code=0 18:44:10
eff AS80_p67_edge93_r42 code=0 18:44:30
eff AS80_p67_face81_r38 code=0 18:58:43
eff AS80_p67_edge93_r33_ring05 code=0 18:59:05
eff AS80_p67_contact_p13 code=0 18:59:26
eff AS80_p67_edge93_p13 code=0 18:59:51
eff AS80_p67_edge93_r33_ring20 code=0 19:21:38
eff AS80_p67_face81_p13 code=0 19:21:49
