AS80_p67_edge93_r33_ring20 : ╨║╤А╨╕╨▓╨░╤П: 5-3000 ╨║╤Н╨Т, 200000 ╨╕╤Б╤В╨╛╤А╨╕╨╣ ╨╜╨░ ╤Г╨╖╨╡╨╗; ╤А╨╛╨╖╤Л╨│╤А╤Л╤И ╤В╨╛╤З╨║╨╕ ╨▓╤Л╨╗╨╡╤В╨░: ╨░╨▓╤В╨╛╨╝╨░╤В╨╕╨║╨░ (╨┐╨╛╨╗╨╡╨▓╨░╤П ╤Б╤Ж╨╡╨╜╨░ тАФ ╨▓╨░╨╢╨╜╨╛╤Б╤В╨╜╤Л╨╣, ╨║╨╗╨╡╨╣╨╝╨╛ imp=1; ╨┐╤А╨╛╤З╨╕╨╡ тАФ ╤А╨░╨▓╨╜╨╛╨╝╨╡╤А╨╜╤Л╨╣); ╨┐╨╛╤А╨╛╨│ ╤И╤Г╨╝╨╜╨╛╨╣ ╨║╤А╨╕╨▓╨╛╨╣ (╨╝╨╡╨┤╨╕╨░╨╜╨░ ╤Г╨╖╨╗╨╛╨▓) 5 %
AS80_p67_edge93_r33_ring20 :    guid     : 85e25dda-9710-6b9b-5258-3bc4bfc5fc42
AS80_p67_edge93_r33_ring20 :    ╤Б╨┐╨╡╨║╤В╤А   : edge93__AS80_p67_edge93_r33_ring20 (1 ╨╖╨░╨┐╨╕╤Б╨╡╨╣ ResultData)
AS80_p67_edge93_r33_ring20 : ╨│╨╡╨╛╨╝╨╡╤В╤А╨╕╨╣ ╨▓ ╨╛╨┐╨╕╤Б╨╕: 17, ╨▓╨╖╤П╤В╨╛ ╨┐╨╛ --only=AS80_p67_edge93_r33_ring20: 1 тАФ ╨┐╨╛╤Б╤З╨╕╤В╨░╨╜╨╛ 1, ╨┐╤А╨╛╨┐╤Г╤Й╨╡╨╜╨╛ 0 (╨║╨╗╨╡╨╣╨╝╨╛ ╨╕ ╨│╨╡╨╛╨╝╨╡╤В╤А╨╕╤П ╤Б╨╛╤И╨╗╨╕╤Б╤М); ╨╖╨░╨┐╨╕╤Б╨╡╨╣ ╨┐╤А╨╛╤Б╤В╨░╨▓╨╗╨╡╨╜╨╛: 1
AS80_p67_edge93_r33_ring20 : ╨Т╨б╨Х ╨б╨Ю╨и╨Ы╨Ш╨б╨м
AS80_p67_face81_p13 : ╨║╤А╨╕╨▓╨░╤П: 5-3000 ╨║╤Н╨Т, 200000 ╨╕╤Б╤В╨╛╤А╨╕╨╣ ╨╜╨░ ╤Г╨╖╨╡╨╗; ╤А╨╛╨╖╤Л╨│╤А╤Л╤И ╤В╨╛╤З╨║╨╕ ╨▓╤Л╨╗╨╡╤В╨░: ╨░╨▓╤В╨╛╨╝╨░╤В╨╕╨║╨░ (╨┐╨╛╨╗╨╡╨▓╨░╤П ╤Б╤Ж╨╡╨╜╨░ тАФ ╨▓╨░╨╢╨╜╨╛╤Б╤В╨╜╤Л╨╣, ╨║╨╗╨╡╨╣╨╝╨╛ imp=1; ╨┐╤А╨╛╤З╨╕╨╡ тАФ ╤А╨░╨▓╨╜╨╛╨╝╨╡╤А╨╜╤Л╨╣); ╨┐╨╛╤А╨╛╨│ ╤И╤Г╨╝╨╜╨╛╨╣ ╨║╤А╨╕╨▓╨╛╨╣ (╨╝╨╡╨┤╨╕╨░╨╜╨░ ╤Г╨╖╨╗╨╛╨▓) 5 %
AS80_p67_face81_p13 :    guid     : 6f128556-6c1b-0c2a-5412-bf31a780eb38
AS80_p67_face81_p13 :    ╤Б╨┐╨╡╨║╤В╤А   : face81__AS80_p67_face81_p13 (1 ╨╖╨░╨┐╨╕╤Б╨╡╨╣ ResultData)
AS80_p67_face81_p13 : ╨│╨╡╨╛╨╝╨╡╤В╤А╨╕╨╣ ╨▓ ╨╛╨┐╨╕╤Б╨╕: 17, ╨▓╨╖╤П╤В╨╛ ╨┐╨╛ --only=AS80_p67_face81_p13: 1 тАФ ╨┐╨╛╤Б╤З╨╕╤В╨░╨╜╨╛ 1, ╨┐╤А╨╛╨┐╤Г╤Й╨╡╨╜╨╛ 0 (╨║╨╗╨╡╨╣╨╝╨╛ ╨╕ ╨│╨╡╨╛╨╝╨╡╤В╤А╨╕╤П ╤Б╨╛╤И╨╗╨╕╤Б╤М); ╨╖╨░╨┐╨╕╤Б╨╡╨╣ ╨┐╤А╨╛╤Б╤В╨░╨▓╨╗╨╡╨╜╨╛: 1
AS80_p67_face81_p13 : ╨Т╨б╨Х ╨б╨Ю╨и╨Ы╨Ш╨б╨м
contact52k: ╨┐╤А╨╛╨▒╨░ -8.08519 0.359451 6.49646e-06 -5.79873e-10 (╨╛╤Б╤В╨░╤В╨║╨╕ +2.4 -3.4 +0.3 +1.1 -0.4 +0.1); ╤Д╨╛╨╜ -5.55893 0.361831 4.94246e-06 -4.84924e-10
contact_cal0809: ╨┐╨╡╤А╨╡╨║╨░╨╗╨╕╨▒╤А╨╛╨▓╨║╨░ ╨Э╨Х ╨┐╤А╨╕╨╜╤П╤В╨░ (╨│╤А╤Г╨┐╨┐ 6, ╨╛╤Б╤В╨░╤В╨║╨╕ +12.8 -9.8 -17.6 +18.5 -4.9 +0.9) тАФ ╤И╨║╨░╨╗╨░ ╨┐╤А╨╛╨▒╤Л ╨╛╤Б╤В╨░╤С╤В╤Б╤П ╤Д╨░╨╣╨╗╨╛╨▓╨╛╨╣
contact_cal0809: ╨║╤Г╨▒╨╕╤З╨╡╤Б╨║╨░╤П ╤И╨║╨░╨╗╨░ ╨д╨Ю╨Э╨Р ╨╜╨╡ ╨┐╤А╨╕╨╜╤П╤В╨░ (╨╛╤Б╤В╨░╤В╨║╨╕ +6.9 -19.7 +17.7 +7.3 -13.9 +1.8, ╨╜╨╛╨╗╤М 247.3) тАФ ╨╗╨╕╨╜╨╡╨╣╨╜╨░╤П ╨┐╨╛ 1461/2614: 6.792 + 0.353504┬╖ch
contact_cal0809: ╨┐╤А╨╛╨▒╨░ -7.71106 0.335654 1.18639e-05 -4.68565e-09 4.58477e-13 (╨╛╤Б╤В╨░╤В╨║╨╕ +12.8 -9.8 -17.6 +18.5 -4.9 +0.9); ╤Д╨╛╨╜ 6.79237 0.353504
edge93: ╨║╤Г╨▒╨╕╤З╨╡╤Б╨║╨░╤П ╤И╨║╨░╨╗╨░ ╨д╨Ю╨Э╨Р ╨╜╨╡ ╨┐╤А╨╕╨╜╤П╤В╨░ (╨╛╤Б╤В╨░╤В╨║╨╕ +2.0 -4.2 +2.2 +2.7 -3.1 +0.3, ╨╜╨╛╨╗╤М 60.8) тАФ ╨╗╨╕╨╜╨╡╨╣╨╜╨░╤П ╨┐╨╛ 1461/2614: 6.349 + 0.353597┬╖ch
edge93: ╨┐╤А╨╛╨▒╨░ -23.6955 0.365406 -5.60344e-06 5.72515e-10 (╨╛╤Б╤В╨░╤В╨║╨╕ +3.6 -3.5 -3.3 +4.3 -1.3 +0.2); ╤Д╨╛╨╜ 6.34926 0.353597
face81: ╨┐╤А╨╛╨▒╨░ 10.8216 0.348294 1.02527e-05 -9.48404e-10 (╨╛╤Б╤В╨░╤В╨║╨╕ +4.1 -4.3 -3.3 +4.8 -1.5 +0.2); ╤Д╨╛╨╜ -2.60175 0.359319 5.5702e-06 -5.31952e-10
╨│╨╛╤В╨╛╨▓╨╛: 22 ╨║╨╛╨┐╨╕╨╣ .escale.xml
contact52k__AS80_p67_contact_r28__eq                 ╨║╨╛╨┤ 0       6 ╤Б  chi2/ndf 5.294, ╨╜╨╡╨▓╤П╨╖╨║╨░ ╨╝╨╛╨┤╨╡╨╗╨╕ 14.2 %, ╤Б╤Г╨╝╨╝╨╕╤А╨╛╨▓╨░╨╜╨╕╨╡ ╨┤╨░
contact52k__AS80_p67_contact_r28__kf2                ╨║╨╛╨┤ 0      13 ╤Б  chi2/ndf 4.616, ╨╜╨╡╨▓╤П╨╖╨║╨░ ╨╝╨╛╨┤╨╡╨╗╨╕ 13.8 %, ╤Б╤Г╨╝╨╝╨╕╤А╨╛╨▓╨░╨╜╨╕╨╡ ╨┤╨░
contact_cal0809__AS80_p67_contact_r28__eq            ╨║╨╛╨┤ 0      19 ╤Б  chi2/ndf 3.063, ╨╜╨╡╨▓╤П╨╖╨║╨░ ╨╝╨╛╨┤╨╡╨╗╨╕ 26.1 %, ╤Б╤Г╨╝╨╝╨╕╤А╨╛╨▓╨░╨╜╨╕╨╡ ╨┤╨░
contact_cal0809__AS80_p67_contact_r28__kf2           ╨║╨╛╨┤ 0      25 ╤Б  chi2/ndf 2.480, ╨╜╨╡╨▓╤П╨╖╨║╨░ ╨╝╨╛╨┤╨╡╨╗╨╕ 24.0 %, ╤Б╤Г╨╝╨╝╨╕╤А╨╛╨▓╨░╨╜╨╕╨╡ ╨┤╨░
face81__AS80_p67_face81_r28__eq                      ╨║╨╛╨┤ 0      30 ╤Б  chi2/ndf 3.881, ╨╜╨╡╨▓╤П╨╖╨║╨░ ╨╝╨╛╨┤╨╡╨╗╨╕ 29.9 %, ╤Б╤Г╨╝╨╝╨╕╤А╨╛╨▓╨░╨╜╨╕╨╡ ╨┤╨░
face81__AS80_p67_face81_r28__kf2                     ╨║╨╛╨┤ 0      36 ╤Б  chi2/ndf 3.085, ╨╜╨╡╨▓╤П╨╖╨║╨░ ╨╝╨╛╨┤╨╡╨╗╨╕ 28.8 %, ╤Б╤Г╨╝╨╝╨╕╤А╨╛╨▓╨░╨╜╨╕╨╡ ╨┤╨░
edge93__AS80_p67_edge93_r28__eq                      ╨║╨╛╨┤ 0      41 ╤Б  chi2/ndf 3.939, ╨╜╨╡╨▓╤П╨╖╨║╨░ ╨╝╨╛╨┤╨╡╨╗╨╕ 55.2 %, ╤Б╤Г╨╝╨╝╨╕╤А╨╛╨▓╨░╨╜╨╕╨╡ ╨┤╨░
edge93__AS80_p67_edge93_r28__kf2                     ╨║╨╛╨┤ 0      46 ╤Б  chi2/ndf 3.009, ╨╜╨╡╨▓╤П╨╖╨║╨░ ╨╝╨╛╨┤╨╡╨╗╨╕ 51.4 %, ╤Б╤Г╨╝╨╝╨╕╤А╨╛╨▓╨░╨╜╨╕╨╡ ╨┤╨░
contact52k__AS80_p67_contact_r33__eq                 ╨║╨╛╨┤ 0      50 ╤Б  chi2/ndf 6.196, ╨╜╨╡╨▓╤П╨╖╨║╨░ ╨╝╨╛╨┤╨╡╨╗╨╕ 16.3 %, ╤Б╤Г╨╝╨╝╨╕╤А╨╛╨▓╨░╨╜╨╕╨╡ ╨┤╨░
contact52k__AS80_p67_contact_r33__kf2                ╨║╨╛╨┤ 0      54 ╤Б  chi2/ndf 5.083, ╨╜╨╡╨▓╤П╨╖╨║╨░ ╨╝╨╛╨┤╨╡╨╗╨╕ 15.0 %, ╤Б╤Г╨╝╨╝╨╕╤А╨╛╨▓╨░╨╜╨╕╨╡ ╨┤╨░
contact_cal0809__AS80_p67_contact_r33__eq            ╨║╨╛╨┤ 0      60 ╤Б  chi2/ndf 3.377, ╨╜╨╡╨▓╤П╨╖╨║╨░ ╨╝╨╛╨┤╨╡╨╗╨╕ 28.2 %, ╤Б╤Г╨╝╨╝╨╕╤А╨╛╨▓╨░╨╜╨╕╨╡ ╨┤╨░
contact_cal0809__AS80_p67_contact_r33__kf2           ╨║╨╛╨┤ 0      67 ╤Б  chi2/ndf 2.536, ╨╜╨╡╨▓╤П╨╖╨║╨░ ╨╝╨╛╨┤╨╡╨╗╨╕ 24.3 %, ╤Б╤Г╨╝╨╝╨╕╤А╨╛╨▓╨░╨╜╨╕╨╡ ╨┤╨░
face81__AS80_p67_face81_r33__eq                      ╨║╨╛╨┤ 0      72 ╤Б  chi2/ndf 3.874, ╨╜╨╡╨▓╤П╨╖╨║╨░ ╨╝╨╛╨┤╨╡╨╗╨╕ 30.0 %, ╤Б╤Г╨╝╨╝╨╕╤А╨╛╨▓╨░╨╜╨╕╨╡ ╨┤╨░
face81__AS80_p67_face81_r33__kf2                     ╨║╨╛╨┤ 0      78 ╤Б  chi2/ndf 3.148, ╨╜╨╡╨▓╤П╨╖╨║╨░ ╨╝╨╛╨┤╨╡╨╗╨╕ 29.0 %, ╤Б╤Г╨╝╨╝╨╕╤А╨╛╨▓╨░╨╜╨╕╨╡ ╨┤╨░
edge93__AS80_p67_edge93_r33__eq                      ╨║╨╛╨┤ 0      84 ╤Б  chi2/ndf 3.993, ╨╜╨╡╨▓╤П╨╖╨║╨░ ╨╝╨╛╨┤╨╡╨╗╨╕ 55.5 %, ╤Б╤Г╨╝╨╝╨╕╤А╨╛╨▓╨░╨╜╨╕╨╡ ╨┤╨░
edge93__AS80_p67_edge93_r33__kf2                     ╨║╨╛╨┤ 0      90 ╤Б  chi2/ndf 3.001, ╨╜╨╡╨▓╤П╨╖╨║╨░ ╨╝╨╛╨┤╨╡╨╗╨╕ 51.4 %, ╤Б╤Г╨╝╨╝╨╕╤А╨╛╨▓╨░╨╜╨╕╨╡ ╨┤╨░
contact52k__AS80_p67_contact_r38__eq                 ╨║╨╛╨┤ 0      96 ╤Б  chi2/ndf 6.551, ╨╜╨╡╨▓╤П╨╖╨║╨░ ╨╝╨╛╨┤╨╡╨╗╨╕ 17.4 %, ╤Б╤Г╨╝╨╝╨╕╤А╨╛╨▓╨░╨╜╨╕╨╡ ╨┤╨░
contact52k__AS80_p67_contact_r38__kf2                ╨║╨╛╨┤ 0     103 ╤Б  chi2/ndf 5.254, ╨╜╨╡╨▓╤П╨╖╨║╨░ ╨╝╨╛╨┤╨╡╨╗╨╕ 15.9 %, ╤Б╤Г╨╝╨╝╨╕╤А╨╛╨▓╨░╨╜╨╕╨╡ ╨┤╨░
contact_cal0809__AS80_p67_contact_r38__eq            ╨║╨╛╨┤ 0     109 ╤Б  chi2/ndf 3.582, ╨╜╨╡╨▓╤П╨╖╨║╨░ ╨╝╨╛╨┤╨╡╨╗╨╕ 29.7 %, ╤Б╤Г╨╝╨╝╨╕╤А╨╛╨▓╨░╨╜╨╕╨╡ ╨┤╨░
contact_cal0809__AS80_p67_contact_r38__kf2           ╨║╨╛╨┤ 0     115 ╤Б  chi2/ndf 2.584, ╨╜╨╡╨▓╤П╨╖╨║╨░ ╨╝╨╛╨┤╨╡╨╗╨╕ 24.5 %, ╤Б╤Г╨╝╨╝╨╕╤А╨╛╨▓╨░╨╜╨╕╨╡ ╨┤╨░
face81__AS80_p67_face81_r38__eq                      ╨║╨╛╨┤ 0     121 ╤Б  chi2/ndf 3.873, ╨╜╨╡╨▓╤П╨╖╨║╨░ ╨╝╨╛╨┤╨╡╨╗╨╕ 30.1 %, ╤Б╤Г╨╝╨╝╨╕╤А╨╛╨▓╨░╨╜╨╕╨╡ ╨┤╨░
face81__AS80_p67_face81_r38__kf2                     ╨║╨╛╨┤ 0     127 ╤Б  chi2/ndf 3.057, ╨╜╨╡╨▓╤П╨╖╨║╨░ ╨╝╨╛╨┤╨╡╨╗╨╕ 29.1 %, ╤Б╤Г╨╝╨╝╨╕╤А╨╛╨▓╨░╨╜╨╕╨╡ ╨┤╨░
edge93__AS80_p67_edge93_r38__eq                      ╨║╨╛╨┤ 0     134 ╤Б  chi2/ndf 4.022, ╨╜╨╡╨▓╤П╨╖╨║╨░ ╨╝╨╛╨┤╨╡╨╗╨╕ 55.6 %, ╤Б╤Г╨╝╨╝╨╕╤А╨╛╨▓╨░╨╜╨╕╨╡ ╨┤╨░
edge93__AS80_p67_edge93_r38__kf2                     ╨║╨╛╨┤ 0     140 ╤Б  chi2/ndf 3.020, ╨╜╨╡╨▓╤П╨╖╨║╨░ ╨╝╨╛╨┤╨╡╨╗╨╕ 51.4 %, ╤Б╤Г╨╝╨╝╨╕╤А╨╛╨▓╨░╨╜╨╕╨╡ ╨┤╨░
contact52k__AS80_p67_contact_r42__eq                 ╨║╨╛╨┤ 0     146 ╤Б  chi2/ndf 6.746, ╨╜╨╡╨▓╤П╨╖╨║╨░ ╨╝╨╛╨┤╨╡╨╗╨╕ 18.0 %, ╤Б╤Г╨╝╨╝╨╕╤А╨╛╨▓╨░╨╜╨╕╨╡ ╨┤╨░
contact52k__AS80_p67_contact_r42__kf2                ╨║╨╛╨┤ 0     152 ╤Б  chi2/ndf 5.321, ╨╜╨╡╨▓╤П╨╖╨║╨░ ╨╝╨╛╨┤╨╡╨╗╨╕ 16.1 %, ╤Б╤Г╨╝╨╝╨╕╤А╨╛╨▓╨░╨╜╨╕╨╡ ╨┤╨░
contact_cal0809__AS80_p67_contact_r42__eq            ╨║╨╛╨┤ 0     158 ╤Б  chi2/ndf 3.749, ╨╜╨╡╨▓╤П╨╖╨║╨░ ╨╝╨╛╨┤╨╡╨╗╨╕ 30.4 %, ╤Б╤Г╨╝╨╝╨╕╤А╨╛╨▓╨░╨╜╨╕╨╡ ╨┤╨░
contact_cal0809__AS80_p67_contact_r42__kf2           ╨║╨╛╨┤ 0     164 ╤Б  chi2/ndf 2.676, ╨╜╨╡╨▓╤П╨╖╨║╨░ ╨╝╨╛╨┤╨╡╨╗╨╕ 24.7 %, ╤Б╤Г╨╝╨╝╨╕╤А╨╛╨▓╨░╨╜╨╕╨╡ ╨┤╨░
face81__AS80_p67_face81_r42__eq                      ╨║╨╛╨┤ 0     170 ╤Б  chi2/ndf 3.936, ╨╜╨╡╨▓╤П╨╖╨║╨░ ╨╝╨╛╨┤╨╡╨╗╨╕ 30.4 %, ╤Б╤Г╨╝╨╝╨╕╤А╨╛╨▓╨░╨╜╨╕╨╡ ╨┤╨░
face81__AS80_p67_face81_r42__kf2                     ╨║╨╛╨┤ 0     176 ╤Б  chi2/ndf 3.193, ╨╜╨╡╨▓╤П╨╖╨║╨░ ╨╝╨╛╨┤╨╡╨╗╨╕ 29.1 %, ╤Б╤Г╨╝╨╝╨╕╤А╨╛╨▓╨░╨╜╨╕╨╡ ╨┤╨░
edge93__AS80_p67_edge93_r42__eq                      ╨║╨╛╨┤ 0     182 ╤Б  chi2/ndf 4.040, ╨╜╨╡╨▓╤П╨╖╨║╨░ ╨╝╨╛╨┤╨╡╨╗╨╕ 55.7 %, ╤Б╤Г╨╝╨╝╨╕╤А╨╛╨▓╨░╨╜╨╕╨╡ ╨┤╨░
edge93__AS80_p67_edge93_r42__kf2                     ╨║╨╛╨┤ 0     188 ╤Б  chi2/ndf 3.143, ╨╜╨╡╨▓╤П╨╖╨║╨░ ╨╝╨╛╨┤╨╡╨╗╨╕ 51.8 %, ╤Б╤Г╨╝╨╝╨╕╤А╨╛╨▓╨░╨╜╨╕╨╡ ╨┤╨░
edge93__AS80_p67_edge93_r33_ring05__eq               ╨║╨╛╨┤ 0     194 ╤Б  chi2/ndf 3.970, ╨╜╨╡╨▓╤П╨╖╨║╨░ ╨╝╨╛╨┤╨╡╨╗╨╕ 55.4 %, ╤Б╤Г╨╝╨╝╨╕╤А╨╛╨▓╨░╨╜╨╕╨╡ ╨┤╨░
edge93__AS80_p67_edge93_r33_ring05__kf2              ╨║╨╛╨┤ 0     200 ╤Б  chi2/ndf 2.989, ╨╜╨╡╨▓╤П╨╖╨║╨░ ╨╝╨╛╨┤╨╡╨╗╨╕ 51.3 %, ╤Б╤Г╨╝╨╝╨╕╤А╨╛╨▓╨░╨╜╨╕╨╡ ╨┤╨░
edge93__AS80_p67_edge93_r33_ring20__eq               ╨║╨╛╨┤ 0     207 ╤Б  chi2/ndf 4.024, ╨╜╨╡╨▓╤П╨╖╨║╨░ ╨╝╨╛╨┤╨╡╨╗╨╕ 55.6 %, ╤Б╤Г╨╝╨╝╨╕╤А╨╛╨▓╨░╨╜╨╕╨╡ ╨┤╨░
edge93__AS80_p67_edge93_r33_ring20__asis             ╨║╨╛╨┤ 0     213 ╤Б  chi2/ndf 1.840, ╨╜╨╡╨▓╤П╨╖╨║╨░ ╨╝╨╛╨┤╨╡╨╗╨╕ 17.9 %, ╤Б╤Г╨╝╨╝╨╕╤А╨╛╨▓╨░╨╜╨╕╨╡ ╨┤╨░
edge93__AS80_p67_edge93_r33_ring20__kf2              ╨║╨╛╨┤ 0     219 ╤Б  chi2/ndf 3.029, ╨╜╨╡╨▓╤П╨╖╨║╨░ ╨╝╨╛╨┤╨╡╨╗╨╕ 51.4 %, ╤Б╤Г╨╝╨╝╨╕╤А╨╛╨▓╨░╨╜╨╕╨╡ ╨┤╨░
contact52k__AS80_p67_contact_p13__eq                 ╨║╨╛╨┤ 0     225 ╤Б  chi2/ndf 6.854, ╨╜╨╡╨▓╤П╨╖╨║╨░ ╨╝╨╛╨┤╨╡╨╗╨╕ 18.5 %, ╤Б╤Г╨╝╨╝╨╕╤А╨╛╨▓╨░╨╜╨╕╨╡ ╨┤╨░
contact52k__AS80_p67_contact_p13__kf2                ╨║╨╛╨┤ 0     231 ╤Б  chi2/ndf 5.366, ╨╜╨╡╨▓╤П╨╖╨║╨░ ╨╝╨╛╨┤╨╡╨╗╨╕ 16.3 %, ╤Б╤Г╨╝╨╝╨╕╤А╨╛╨▓╨░╨╜╨╕╨╡ ╨┤╨░
contact_cal0809__AS80_p67_contact_p13__eq            ╨║╨╛╨┤ 0     237 ╤Б  chi2/ndf 3.777, ╨╜╨╡╨▓╤П╨╖╨║╨░ ╨╝╨╛╨┤╨╡╨╗╨╕ 30.8 %, ╤Б╤Г╨╝╨╝╨╕╤А╨╛╨▓╨░╨╜╨╕╨╡ ╨┤╨░
contact_cal0809__AS80_p67_contact_p13__kf2           ╨║╨╛╨┤ 0     244 ╤Б  chi2/ndf 2.699, ╨╜╨╡╨▓╤П╨╖╨║╨░ ╨╝╨╛╨┤╨╡╨╗╨╕ 24.9 %, ╤Б╤Г╨╝╨╝╨╕╤А╨╛╨▓╨░╨╜╨╕╨╡ ╨┤╨░
face81__AS80_p67_face81_p13__eq                      ╨║╨╛╨┤ 0     250 ╤Б  chi2/ndf 3.912, ╨╜╨╡╨▓╤П╨╖╨║╨░ ╨╝╨╛╨┤╨╡╨╗╨╕ 30.2 %, ╤Б╤Г╨╝╨╝╨╕╤А╨╛╨▓╨░╨╜╨╕╨╡ ╨┤╨░
face81__AS80_p67_face81_p13__asis                    ╨║╨╛╨┤ 0     255 ╤Б  chi2/ndf 3.962, ╨╜╨╡╨▓╤П╨╖╨║╨░ ╨╝╨╛╨┤╨╡╨╗╨╕ 14.0 %, ╤Б╤Г╨╝╨╝╨╕╤А╨╛╨▓╨░╨╜╨╕╨╡ ╨┤╨░
face81__AS80_p67_face81_p13__kf2                     ╨║╨╛╨┤ 0     261 ╤Б  chi2/ndf 2.890, ╨╜╨╡╨▓╤П╨╖╨║╨░ ╨╝╨╛╨┤╨╡╨╗╨╕ 28.8 %, ╤Б╤Г╨╝╨╝╨╕╤А╨╛╨▓╨░╨╜╨╕╨╡ ╨┤╨░
edge93__AS80_p67_edge93_p13__eq                      ╨║╨╛╨┤ 0     267 ╤Б  chi2/ndf 4.027, ╨╜╨╡╨▓╤П╨╖╨║╨░ ╨╝╨╛╨┤╨╡╨╗╨╕ 55.7 %, ╤Б╤Г╨╝╨╝╨╕╤А╨╛╨▓╨░╨╜╨╕╨╡ ╨┤╨░
edge93__AS80_p67_edge93_p13__kf2                     ╨║╨╛╨┤ 0     272 ╤Б  chi2/ndf 3.032, ╨╜╨╡╨▓╤П╨╖╨║╨░ ╨╝╨╛╨┤╨╡╨╗╨╕ 51.4 %, ╤Б╤Г╨╝╨╝╨╕╤А╨╛╨▓╨░╨╜╨╕╨╡ ╨┤╨░
╨║╨╛╨┤╤Л: contact52k__AS80_p67_contact_r28__eq=0 contact52k__AS80_p67_contact_r28__kf2=0 contact_cal0809__AS80_p67_contact_r28__eq=0 contact_cal0809__AS80_p67_contact_r28__kf2=0 face81__AS80_p67_face81_r28__eq=0 face81__AS80_p67_face81_r28__kf2=0 edge93__AS80_p67_edge93_r28__eq=0 edge93__AS80_p67_edge93_r28__kf2=0 contact52k__AS80_p67_contact_r33__eq=0 contact52k__AS80_p67_contact_r33__kf2=0 contact_cal0809__AS80_p67_contact_r33__eq=0 contact_cal0809__AS80_p67_contact_r33__kf2=0 face81__AS80_p67_face81_r33__eq=0 face81__AS80_p67_face81_r33__kf2=0 edge93__AS80_p67_edge93_r33__eq=0 edge93__AS80_p67_edge93_r33__kf2=0 contact52k__AS80_p67_contact_r38__eq=0 contact52k__AS80_p67_contact_r38__kf2=0 contact_cal0809__AS80_p67_contact_r38__eq=0 contact_cal0809__AS80_p67_contact_r38__kf2=0 face81__AS80_p67_face81_r38__eq=0 face81__AS80_p67_face81_r38__kf2=0 edge93__AS80_p67_edge93_r38__eq=0 edge93__AS80_p67_edge93_r38__kf2=0 contact52k__AS80_p67_contact_r42__eq=0 contact52k__AS80_p67_contact_r42__kf2=0 contact_cal0809__AS80_p67_contact_r42__eq=0 contact_cal0809__AS80_p67_contact_r42__kf2=0 face81__AS80_p67_face81_r42__eq=0 face81__AS80_p67_face81_r42__kf2=0 edge93__AS80_p67_edge93_r42__eq=0 edge93__AS80_p67_edge93_r42__kf2=0 edge93__AS80_p67_edge93_r33_ring05__eq=0 edge93__AS80_p67_edge93_r33_ring05__kf2=0 edge93__AS80_p67_edge93_r33_ring20__eq=0 edge93__AS80_p67_edge93_r33_ring20__asis=0 edge93__AS80_p67_edge93_r33_ring20__kf2=0 contact52k__AS80_p67_contact_p13__eq=0 contact52k__AS80_p67_contact_p13__kf2=0 contact_cal0809__AS80_p67_contact_p13__eq=0 contact_cal0809__AS80_p67_contact_p13__kf2=0 face81__AS80_p67_face81_p13__eq=0 face81__AS80_p67_face81_p13__asis=0 face81__AS80_p67_face81_p13__kf2=0 edge93__AS80_p67_edge93_p13__eq=0 edge93__AS80_p67_edge93_p13__kf2=0
