AS80_p67_face81_r38 : ╨║╤А╨╕╨▓╨░╤П: 5-3000 ╨║╤Н╨Т, 200000 ╨╕╤Б╤В╨╛╤А╨╕╨╣ ╨╜╨░ ╤Г╨╖╨╡╨╗; ╤А╨╛╨╖╤Л╨│╤А╤Л╤И ╤В╨╛╤З╨║╨╕ ╨▓╤Л╨╗╨╡╤В╨░: ╨░╨▓╤В╨╛╨╝╨░╤В╨╕╨║╨░ (╨┐╨╛╨╗╨╡╨▓╨░╤П ╤Б╤Ж╨╡╨╜╨░ тАФ ╨▓╨░╨╢╨╜╨╛╤Б╤В╨╜╤Л╨╣, ╨║╨╗╨╡╨╣╨╝╨╛ imp=1; ╨┐╤А╨╛╤З╨╕╨╡ тАФ ╤А╨░╨▓╨╜╨╛╨╝╨╡╤А╨╜╤Л╨╣); ╨┐╨╛╤А╨╛╨│ ╤И╤Г╨╝╨╜╨╛╨╣ ╨║╤А╨╕╨▓╨╛╨╣ (╨╝╨╡╨┤╨╕╨░╨╜╨░ ╤Г╨╖╨╗╨╛╨▓) 5 %
AS80_p67_face81_r38 :    guid     : cdeccdfa-b699-6eb9-b70b-8cb41d353176
AS80_p67_face81_r38 :    ╤Б╨┐╨╡╨║╤В╤А   : face81__AS80_p67_face81_r38 (1 ╨╖╨░╨┐╨╕╤Б╨╡╨╣ ResultData)
AS80_p67_face81_r38 : ╨│╨╡╨╛╨╝╨╡╤В╤А╨╕╨╣ ╨▓ ╨╛╨┐╨╕╤Б╨╕: 17, ╨▓╨╖╤П╤В╨╛ ╨┐╨╛ --only=AS80_p67_face81_r38: 1 тАФ ╨┐╨╛╤Б╤З╨╕╤В╨░╨╜╨╛ 1, ╨┐╤А╨╛╨┐╤Г╤Й╨╡╨╜╨╛ 0 (╨║╨╗╨╡╨╣╨╝╨╛ ╨╕ ╨│╨╡╨╛╨╝╨╡╤В╤А╨╕╤П ╤Б╨╛╤И╨╗╨╕╤Б╤М); ╨╖╨░╨┐╨╕╤Б╨╡╨╣ ╨┐╤А╨╛╤Б╤В╨░╨▓╨╗╨╡╨╜╨╛: 1
AS80_p67_face81_r38 : ╨Т╨б╨Х ╨б╨Ю╨и╨Ы╨Ш╨б╨м
AS80_p67_edge93_r33_ring05 : ╨║╤А╨╕╨▓╨░╤П: 5-3000 ╨║╤Н╨Т, 200000 ╨╕╤Б╤В╨╛╤А╨╕╨╣ ╨╜╨░ ╤Г╨╖╨╡╨╗; ╤А╨╛╨╖╤Л╨│╤А╤Л╤И ╤В╨╛╤З╨║╨╕ ╨▓╤Л╨╗╨╡╤В╨░: ╨░╨▓╤В╨╛╨╝╨░╤В╨╕╨║╨░ (╨┐╨╛╨╗╨╡╨▓╨░╤П ╤Б╤Ж╨╡╨╜╨░ тАФ ╨▓╨░╨╢╨╜╨╛╤Б╤В╨╜╤Л╨╣, ╨║╨╗╨╡╨╣╨╝╨╛ imp=1; ╨┐╤А╨╛╤З╨╕╨╡ тАФ ╤А╨░╨▓╨╜╨╛╨╝╨╡╤А╨╜╤Л╨╣); ╨┐╨╛╤А╨╛╨│ ╤И╤Г╨╝╨╜╨╛╨╣ ╨║╤А╨╕╨▓╨╛╨╣ (╨╝╨╡╨┤╨╕╨░╨╜╨░ ╤Г╨╖╨╗╨╛╨▓) 5 %
AS80_p67_edge93_r33_ring05 :    guid     : 08ceff9c-5d22-b732-314f-74217e45cafb
AS80_p67_edge93_r33_ring05 :    ╤Б╨┐╨╡╨║╤В╤А   : edge93__AS80_p67_edge93_r33_ring05 (1 ╨╖╨░╨┐╨╕╤Б╨╡╨╣ ResultData)
AS80_p67_edge93_r33_ring05 : ╨│╨╡╨╛╨╝╨╡╤В╤А╨╕╨╣ ╨▓ ╨╛╨┐╨╕╤Б╨╕: 17, ╨▓╨╖╤П╤В╨╛ ╨┐╨╛ --only=AS80_p67_edge93_r33_ring05: 1 тАФ ╨┐╨╛╤Б╤З╨╕╤В╨░╨╜╨╛ 1, ╨┐╤А╨╛╨┐╤Г╤Й╨╡╨╜╨╛ 0 (╨║╨╗╨╡╨╣╨╝╨╛ ╨╕ ╨│╨╡╨╛╨╝╨╡╤В╤А╨╕╤П ╤Б╨╛╤И╨╗╨╕╤Б╤М); ╨╖╨░╨┐╨╕╤Б╨╡╨╣ ╨┐╤А╨╛╤Б╤В╨░╨▓╨╗╨╡╨╜╨╛: 1
AS80_p67_edge93_r33_ring05 : ╨Т╨б╨Х ╨б╨Ю╨и╨Ы╨Ш╨б╨м
AS80_p67_contact_p13 : ╨║╤А╨╕╨▓╨░╤П: 5-3000 ╨║╤Н╨Т, 200000 ╨╕╤Б╤В╨╛╤А╨╕╨╣ ╨╜╨░ ╤Г╨╖╨╡╨╗; ╤А╨╛╨╖╤Л╨│╤А╤Л╤И ╤В╨╛╤З╨║╨╕ ╨▓╤Л╨╗╨╡╤В╨░: ╨░╨▓╤В╨╛╨╝╨░╤В╨╕╨║╨░ (╨┐╨╛╨╗╨╡╨▓╨░╤П ╤Б╤Ж╨╡╨╜╨░ тАФ ╨▓╨░╨╢╨╜╨╛╤Б╤В╨╜╤Л╨╣, ╨║╨╗╨╡╨╣╨╝╨╛ imp=1; ╨┐╤А╨╛╤З╨╕╨╡ тАФ ╤А╨░╨▓╨╜╨╛╨╝╨╡╤А╨╜╤Л╨╣); ╨┐╨╛╤А╨╛╨│ ╤И╤Г╨╝╨╜╨╛╨╣ ╨║╤А╨╕╨▓╨╛╨╣ (╨╝╨╡╨┤╨╕╨░╨╜╨░ ╤Г╨╖╨╗╨╛╨▓) 5 %
AS80_p67_contact_p13 :    guid     : 7730365c-9b8a-835a-269e-7525c989e12d
AS80_p67_contact_p13 :    ╤Б╨┐╨╡╨║╤В╤А   : contact52k__AS80_p67_contact_p13 (1 ╨╖╨░╨┐╨╕╤Б╨╡╨╣ ResultData)
AS80_p67_contact_p13 :    ╤Б╨┐╨╡╨║╤В╤А   : contact_cal0809__AS80_p67_contact_p13 (1 ╨╖╨░╨┐╨╕╤Б╨╡╨╣ ResultData)
AS80_p67_contact_p13 : ╨│╨╡╨╛╨╝╨╡╤В╤А╨╕╨╣ ╨▓ ╨╛╨┐╨╕╤Б╨╕: 17, ╨▓╨╖╤П╤В╨╛ ╨┐╨╛ --only=AS80_p67_contact_p13: 1 тАФ ╨┐╨╛╤Б╤З╨╕╤В╨░╨╜╨╛ 1, ╨┐╤А╨╛╨┐╤Г╤Й╨╡╨╜╨╛ 0 (╨║╨╗╨╡╨╣╨╝╨╛ ╨╕ ╨│╨╡╨╛╨╝╨╡╤В╤А╨╕╤П ╤Б╨╛╤И╨╗╨╕╤Б╤М); ╨╖╨░╨┐╨╕╤Б╨╡╨╣ ╨┐╤А╨╛╤Б╤В╨░╨▓╨╗╨╡╨╜╨╛: 2
AS80_p67_contact_p13 : ╨Т╨б╨Х ╨б╨Ю╨и╨Ы╨Ш╨б╨м
AS80_p67_edge93_p13 : ╨║╤А╨╕╨▓╨░╤П: 5-3000 ╨║╤Н╨Т, 200000 ╨╕╤Б╤В╨╛╤А╨╕╨╣ ╨╜╨░ ╤Г╨╖╨╡╨╗; ╤А╨╛╨╖╤Л╨│╤А╤Л╤И ╤В╨╛╤З╨║╨╕ ╨▓╤Л╨╗╨╡╤В╨░: ╨░╨▓╤В╨╛╨╝╨░╤В╨╕╨║╨░ (╨┐╨╛╨╗╨╡╨▓╨░╤П ╤Б╤Ж╨╡╨╜╨░ тАФ ╨▓╨░╨╢╨╜╨╛╤Б╤В╨╜╤Л╨╣, ╨║╨╗╨╡╨╣╨╝╨╛ imp=1; ╨┐╤А╨╛╤З╨╕╨╡ тАФ ╤А╨░╨▓╨╜╨╛╨╝╨╡╤А╨╜╤Л╨╣); ╨┐╨╛╤А╨╛╨│ ╤И╤Г╨╝╨╜╨╛╨╣ ╨║╤А╨╕╨▓╨╛╨╣ (╨╝╨╡╨┤╨╕╨░╨╜╨░ ╤Г╨╖╨╗╨╛╨▓) 5 %
AS80_p67_edge93_p13 :    guid     : d2c26bfa-393c-5309-ffd0-65bb3b5f4464
AS80_p67_edge93_p13 :    ╤Б╨┐╨╡╨║╤В╤А   : edge93__AS80_p67_edge93_p13 (1 ╨╖╨░╨┐╨╕╤Б╨╡╨╣ ResultData)
AS80_p67_edge93_p13 : ╨│╨╡╨╛╨╝╨╡╤В╤А╨╕╨╣ ╨▓ ╨╛╨┐╨╕╤Б╨╕: 17, ╨▓╨╖╤П╤В╨╛ ╨┐╨╛ --only=AS80_p67_edge93_p13: 1 тАФ ╨┐╨╛╤Б╤З╨╕╤В╨░╨╜╨╛ 1, ╨┐╤А╨╛╨┐╤Г╤Й╨╡╨╜╨╛ 0 (╨║╨╗╨╡╨╣╨╝╨╛ ╨╕ ╨│╨╡╨╛╨╝╨╡╤В╤А╨╕╤П ╤Б╨╛╤И╨╗╨╕╤Б╤М); ╨╖╨░╨┐╨╕╤Б╨╡╨╣ ╨┐╤А╨╛╤Б╤В╨░╨▓╨╗╨╡╨╜╨╛: 1
AS80_p67_edge93_p13 : ╨Т╨б╨Х ╨б╨Ю╨и╨Ы╨Ш╨б╨м
contact52k: ╨┐╤А╨╛╨▒╨░ -8.08519 0.359451 6.49646e-06 -5.79873e-10 (╨╛╤Б╤В╨░╤В╨║╨╕ +2.4 -3.4 +0.3 +1.1 -0.4 +0.1); ╤Д╨╛╨╜ -5.55893 0.361831 4.94246e-06 -4.84924e-10
contact_cal0809: ╨┐╨╡╤А╨╡╨║╨░╨╗╨╕╨▒╤А╨╛╨▓╨║╨░ ╨Э╨Х ╨┐╤А╨╕╨╜╤П╤В╨░ (╨│╤А╤Г╨┐╨┐ 6, ╨╛╤Б╤В╨░╤В╨║╨╕ +12.8 -9.8 -17.6 +18.5 -4.9 +0.9) тАФ ╤И╨║╨░╨╗╨░ ╨┐╤А╨╛╨▒╤Л ╨╛╤Б╤В╨░╤С╤В╤Б╤П ╤Д╨░╨╣╨╗╨╛╨▓╨╛╨╣
contact_cal0809: ╤И╨║╨░╨╗╨░ ╨д╨Ю╨Э╨Р ╨┐╨╛ ╤Б╨▓╨╛╨╕╨╝ ╨┐╨╕╨║╨░╨╝ ╨Э╨Х ╨┐╤А╨╕╨╜╤П╤В╨░ (╨╛╤Б╤В╨░╤В╨║╨╕ +6.9 -19.7 +17.7 +7.3 -13.9 +1.8) тАФ ╨╛╤Б╤В╨░╤С╤В╤Б╤П ╤Д╨░╨╣╨╗╨╛╨▓╨░╤П
contact_cal0809: ╨┐╤А╨╛╨▒╨░ -7.71106 0.335654 1.18639e-05 -4.68565e-09 4.58477e-13 (╨╛╤Б╤В╨░╤В╨║╨╕ +12.8 -9.8 -17.6 +18.5 -4.9 +0.9); ╤Д╨╛╨╜ ╤Д╨░╨╣╨╗╨╛╨▓╨░╤П/╨╜╨╡╤В
edge93: ╨┐╤А╨╛╨▒╨░ -23.6955 0.365406 -5.60344e-06 5.72515e-10 (╨╛╤Б╤В╨░╤В╨║╨╕ +3.6 -3.5 -3.3 +4.3 -1.3 +0.2); ╤Д╨╛╨╜ 60.8198 0.288368 1.77537e-05 -1.35436e-09
face81: ╨┐╤А╨╛╨▒╨░ 10.8216 0.348294 1.02527e-05 -9.48404e-10 (╨╛╤Б╤В╨░╤В╨║╨╕ +4.1 -4.3 -3.3 +4.8 -1.5 +0.2); ╤Д╨╛╨╜ -2.60175 0.359319 5.5702e-06 -5.31952e-10
╨│╨╛╤В╨╛╨▓╨╛: 20 ╨║╨╛╨┐╨╕╨╣ .escale.xml
contact52k__AS80_p67_contact_r28__eq                 ╨║╨╛╨┤ 0      15 ╤Б  chi2/ndf 5.294, ╨╜╨╡╨▓╤П╨╖╨║╨░ ╨╝╨╛╨┤╨╡╨╗╨╕ 14.2 %, ╤Б╤Г╨╝╨╝╨╕╤А╨╛╨▓╨░╨╜╨╕╨╡ ╨┤╨░
contact52k__AS80_p67_contact_r28__asis               ╨║╨╛╨┤ 0      29 ╤Б  chi2/ndf 12.130, ╨╜╨╡╨▓╤П╨╖╨║╨░ ╨╝╨╛╨┤╨╡╨╗╨╕ 19.3 %, ╤Б╤Г╨╝╨╝╨╕╤А╨╛╨▓╨░╨╜╨╕╨╡ ╨┤╨░
contact_cal0809__AS80_p67_contact_r28__eq            ╨║╨╛╨┤ 0      49 ╤Б  chi2/ndf 2.533, ╨╜╨╡╨▓╤П╨╖╨║╨░ ╨╝╨╛╨┤╨╡╨╗╨╕ 14.4 %, ╤Б╤Г╨╝╨╝╨╕╤А╨╛╨▓╨░╨╜╨╕╨╡ ╨┤╨░
contact_cal0809__AS80_p67_contact_r28__asis          ╨║╨╛╨┤ 0      63 ╤Б  chi2/ndf 2.533, ╨╜╨╡╨▓╤П╨╖╨║╨░ ╨╝╨╛╨┤╨╡╨╗╨╕ 14.4 %, ╤Б╤Г╨╝╨╝╨╕╤А╨╛╨▓╨░╨╜╨╕╨╡ ╨┤╨░
face81__AS80_p67_face81_r28__eq                      ╨║╨╛╨┤ 0      76 ╤Б  chi2/ndf 3.881, ╨╜╨╡╨▓╤П╨╖╨║╨░ ╨╝╨╛╨┤╨╡╨╗╨╕ 29.9 %, ╤Б╤Г╨╝╨╝╨╕╤А╨╛╨▓╨░╨╜╨╕╨╡ ╨┤╨░
face81__AS80_p67_face81_r28__asis                    ╨║╨╛╨┤ 0      88 ╤Б  chi2/ndf 4.086, ╨╜╨╡╨▓╤П╨╖╨║╨░ ╨╝╨╛╨┤╨╡╨╗╨╕ 14.8 %, ╤Б╤Г╨╝╨╝╨╕╤А╨╛╨▓╨░╨╜╨╕╨╡ ╨┤╨░
edge93__AS80_p67_edge93_r28__eq                      ╨║╨╛╨┤ 0     100 ╤Б  chi2/ndf 7.184, ╨╜╨╡╨▓╤П╨╖╨║╨░ ╨╝╨╛╨┤╨╡╨╗╨╕ 74.4 %, ╤Б╤Г╨╝╨╝╨╕╤А╨╛╨▓╨░╨╜╨╕╨╡ ╨┤╨░
edge93__AS80_p67_edge93_r28__asis                    ╨║╨╛╨┤ 0     115 ╤Б  chi2/ndf 1.643, ╨╜╨╡╨▓╤П╨╖╨║╨░ ╨╝╨╛╨┤╨╡╨╗╨╕ 13.3 %, ╤Б╤Г╨╝╨╝╨╕╤А╨╛╨▓╨░╨╜╨╕╨╡ ╨┤╨░
contact52k__AS80_p67_contact_r33__eq                 ╨║╨╛╨┤ 0     128 ╤Б  chi2/ndf 6.196, ╨╜╨╡╨▓╤П╨╖╨║╨░ ╨╝╨╛╨┤╨╡╨╗╨╕ 16.3 %, ╤Б╤Г╨╝╨╝╨╕╤А╨╛╨▓╨░╨╜╨╕╨╡ ╨┤╨░
contact52k__AS80_p67_contact_r33__asis               ╨║╨╛╨┤ 0     141 ╤Б  chi2/ndf 12.887, ╨╜╨╡╨▓╤П╨╖╨║╨░ ╨╝╨╛╨┤╨╡╨╗╨╕ 20.4 %, ╤Б╤Г╨╝╨╝╨╕╤А╨╛╨▓╨░╨╜╨╕╨╡ ╨┤╨░
contact_cal0809__AS80_p67_contact_r33__eq            ╨║╨╛╨┤ 0     154 ╤Б  chi2/ndf 2.817, ╨╜╨╡╨▓╤П╨╖╨║╨░ ╨╝╨╛╨┤╨╡╨╗╨╕ 17.6 %, ╤Б╤Г╨╝╨╝╨╕╤А╨╛╨▓╨░╨╜╨╕╨╡ ╨┤╨░
contact_cal0809__AS80_p67_contact_r33__asis          ╨║╨╛╨┤ 0     165 ╤Б  chi2/ndf 2.817, ╨╜╨╡╨▓╤П╨╖╨║╨░ ╨╝╨╛╨┤╨╡╨╗╨╕ 17.6 %, ╤Б╤Г╨╝╨╝╨╕╤А╨╛╨▓╨░╨╜╨╕╨╡ ╨┤╨░
face81__AS80_p67_face81_r33__eq                      ╨║╨╛╨┤ 0     180 ╤Б  chi2/ndf 3.874, ╨╜╨╡╨▓╤П╨╖╨║╨░ ╨╝╨╛╨┤╨╡╨╗╨╕ 30.0 %, ╤Б╤Г╨╝╨╝╨╕╤А╨╛╨▓╨░╨╜╨╕╨╡ ╨┤╨░
face81__AS80_p67_face81_r33__asis                    ╨║╨╛╨┤ 0     193 ╤Б  chi2/ndf 4.022, ╨╜╨╡╨▓╤П╨╖╨║╨░ ╨╝╨╛╨┤╨╡╨╗╨╕ 14.6 %, ╤Б╤Г╨╝╨╝╨╕╤А╨╛╨▓╨░╨╜╨╕╨╡ ╨┤╨░
edge93__AS80_p67_edge93_r33__eq                      ╨║╨╛╨┤ 0     206 ╤Б  chi2/ndf 7.145, ╨╜╨╡╨▓╤П╨╖╨║╨░ ╨╝╨╛╨┤╨╡╨╗╨╕ 74.4 %, ╤Б╤Г╨╝╨╝╨╕╤А╨╛╨▓╨░╨╜╨╕╨╡ ╨┤╨░
edge93__AS80_p67_edge93_r33__asis                    ╨║╨╛╨┤ 0     222 ╤Б  chi2/ndf 1.719, ╨╜╨╡╨▓╤П╨╖╨║╨░ ╨╝╨╛╨┤╨╡╨╗╨╕ 14.1 %, ╤Б╤Г╨╝╨╝╨╕╤А╨╛╨▓╨░╨╜╨╕╨╡ ╨┤╨░
contact52k__AS80_p67_contact_r38__eq                 ╨║╨╛╨┤ 0     241 ╤Б  chi2/ndf 6.551, ╨╜╨╡╨▓╤П╨╖╨║╨░ ╨╝╨╛╨┤╨╡╨╗╨╕ 17.4 %, ╤Б╤Г╨╝╨╝╨╕╤А╨╛╨▓╨░╨╜╨╕╨╡ ╨┤╨░
contact52k__AS80_p67_contact_r38__asis               ╨║╨╛╨┤ 0     257 ╤Б  chi2/ndf 13.240, ╨╜╨╡╨▓╤П╨╖╨║╨░ ╨╝╨╛╨┤╨╡╨╗╨╕ 20.8 %, ╤Б╤Г╨╝╨╝╨╕╤А╨╛╨▓╨░╨╜╨╕╨╡ ╨┤╨░
contact_cal0809__AS80_p67_contact_r38__eq            ╨║╨╛╨┤ 0     273 ╤Б  chi2/ndf 3.010, ╨╜╨╡╨▓╤П╨╖╨║╨░ ╨╝╨╛╨┤╨╡╨╗╨╕ 19.8 %, ╤Б╤Г╨╝╨╝╨╕╤А╨╛╨▓╨░╨╜╨╕╨╡ ╨┤╨░
contact_cal0809__AS80_p67_contact_r38__asis          ╨║╨╛╨┤ 0     291 ╤Б  chi2/ndf 3.010, ╨╜╨╡╨▓╤П╨╖╨║╨░ ╨╝╨╛╨┤╨╡╨╗╨╕ 19.8 %, ╤Б╤Г╨╝╨╝╨╕╤А╨╛╨▓╨░╨╜╨╕╨╡ ╨┤╨░
face81__AS80_p67_face81_r38__eq                      ╨║╨╛╨┤ 0     308 ╤Б  chi2/ndf 3.873, ╨╜╨╡╨▓╤П╨╖╨║╨░ ╨╝╨╛╨┤╨╡╨╗╨╕ 30.1 %, ╤Б╤Г╨╝╨╝╨╕╤А╨╛╨▓╨░╨╜╨╕╨╡ ╨┤╨░
face81__AS80_p67_face81_r38__asis                    ╨║╨╛╨┤ 0     320 ╤Б  chi2/ndf 3.966, ╨╜╨╡╨▓╤П╨╖╨║╨░ ╨╝╨╛╨┤╨╡╨╗╨╕ 14.3 %, ╤Б╤Г╨╝╨╝╨╕╤А╨╛╨▓╨░╨╜╨╕╨╡ ╨┤╨░
edge93__AS80_p67_edge93_r38__eq                      ╨║╨╛╨┤ 0     331 ╤Б  chi2/ndf 7.105, ╨╜╨╡╨▓╤П╨╖╨║╨░ ╨╝╨╛╨┤╨╡╨╗╨╕ 74.5 %, ╤Б╤Г╨╝╨╝╨╕╤А╨╛╨▓╨░╨╜╨╕╨╡ ╨┤╨░
edge93__AS80_p67_edge93_r38__asis                    ╨║╨╛╨┤ 0     344 ╤Б  chi2/ndf 1.839, ╨╜╨╡╨▓╤П╨╖╨║╨░ ╨╝╨╛╨┤╨╡╨╗╨╕ 17.9 %, ╤Б╤Г╨╝╨╝╨╕╤А╨╛╨▓╨░╨╜╨╕╨╡ ╨┤╨░
contact52k__AS80_p67_contact_r42__eq                 ╨║╨╛╨┤ 0     363 ╤Б  chi2/ndf 6.746, ╨╜╨╡╨▓╤П╨╖╨║╨░ ╨╝╨╛╨┤╨╡╨╗╨╕ 18.0 %, ╤Б╤Г╨╝╨╝╨╕╤А╨╛╨▓╨░╨╜╨╕╨╡ ╨┤╨░
contact52k__AS80_p67_contact_r42__asis               ╨║╨╛╨┤ 0     379 ╤Б  chi2/ndf 13.430, ╨╜╨╡╨▓╤П╨╖╨║╨░ ╨╝╨╛╨┤╨╡╨╗╨╕ 21.1 %, ╤Б╤Г╨╝╨╝╨╕╤А╨╛╨▓╨░╨╜╨╕╨╡ ╨┤╨░
contact_cal0809__AS80_p67_contact_r42__eq            ╨║╨╛╨┤ 0     398 ╤Б  chi2/ndf 3.211, ╨╜╨╡╨▓╤П╨╖╨║╨░ ╨╝╨╛╨┤╨╡╨╗╨╕ 21.1 %, ╤Б╤Г╨╝╨╝╨╕╤А╨╛╨▓╨░╨╜╨╕╨╡ ╨┤╨░
contact_cal0809__AS80_p67_contact_r42__asis          ╨║╨╛╨┤ 0     414 ╤Б  chi2/ndf 3.211, ╨╜╨╡╨▓╤П╨╖╨║╨░ ╨╝╨╛╨┤╨╡╨╗╨╕ 21.1 %, ╤Б╤Г╨╝╨╝╨╕╤А╨╛╨▓╨░╨╜╨╕╨╡ ╨┤╨░
face81__AS80_p67_face81_r42__eq                      ╨║╨╛╨┤ 0     429 ╤Б  chi2/ndf 3.936, ╨╜╨╡╨▓╤П╨╖╨║╨░ ╨╝╨╛╨┤╨╡╨╗╨╕ 30.4 %, ╤Б╤Г╨╝╨╝╨╕╤А╨╛╨▓╨░╨╜╨╕╨╡ ╨┤╨░
face81__AS80_p67_face81_r42__asis                    ╨║╨╛╨┤ 0     444 ╤Б  chi2/ndf 3.956, ╨╜╨╡╨▓╤П╨╖╨║╨░ ╨╝╨╛╨┤╨╡╨╗╨╕ 14.2 %, ╤Б╤Г╨╝╨╝╨╕╤А╨╛╨▓╨░╨╜╨╕╨╡ ╨┤╨░
edge93__AS80_p67_edge93_r42__eq                      ╨║╨╛╨┤ 0     461 ╤Б  chi2/ndf 6.977, ╨╜╨╡╨▓╤П╨╖╨║╨░ ╨╝╨╛╨┤╨╡╨╗╨╕ 74.5 %, ╤Б╤Г╨╝╨╝╨╕╤А╨╛╨▓╨░╨╜╨╕╨╡ ╨┤╨░
edge93__AS80_p67_edge93_r42__asis                    ╨║╨╛╨┤ 0     490 ╤Б  chi2/ndf 1.792, ╨╜╨╡╨▓╤П╨╖╨║╨░ ╨╝╨╛╨┤╨╡╨╗╨╕ 15.9 %, ╤Б╤Г╨╝╨╝╨╕╤А╨╛╨▓╨░╨╜╨╕╨╡ ╨┤╨░
edge93__AS80_p67_edge93_r33_ring05__eq               ╨║╨╛╨┤ 0     509 ╤Б  chi2/ndf 7.141, ╨╜╨╡╨▓╤П╨╖╨║╨░ ╨╝╨╛╨┤╨╡╨╗╨╕ 74.4 %, ╤Б╤Г╨╝╨╝╨╕╤А╨╛╨▓╨░╨╜╨╕╨╡ ╨┤╨░
edge93__AS80_p67_edge93_r33_ring05__asis             ╨║╨╛╨┤ 0     531 ╤Б  chi2/ndf 1.666, ╨╜╨╡╨▓╤П╨╖╨║╨░ ╨╝╨╛╨┤╨╡╨╗╨╕ 13.5 %, ╤Б╤Г╨╝╨╝╨╕╤А╨╛╨▓╨░╨╜╨╕╨╡ ╨┤╨░
edge93__AS80_p67_edge93_r33_ring20: ╨╜╨╡╤В ╤Г╨╖╨╗╨░ <Efficiency> ╤Б╤Ж╨╡╨╜╤Л тАФ ╨┐╤А╨╛╨┐╤Г╤Б╨║
contact52k__AS80_p67_contact_p13__eq                 ╨║╨╛╨┤ 0     549 ╤Б  chi2/ndf 6.854, ╨╜╨╡╨▓╤П╨╖╨║╨░ ╨╝╨╛╨┤╨╡╨╗╨╕ 18.5 %, ╤Б╤Г╨╝╨╝╨╕╤А╨╛╨▓╨░╨╜╨╕╨╡ ╨┤╨░
contact52k__AS80_p67_contact_p13__asis               ╨║╨╛╨┤ 0     566 ╤Б  chi2/ndf 13.726, ╨╜╨╡╨▓╤П╨╖╨║╨░ ╨╝╨╛╨┤╨╡╨╗╨╕ 21.0 %, ╤Б╤Г╨╝╨╝╨╕╤А╨╛╨▓╨░╨╜╨╕╨╡ ╨┤╨░
contact_cal0809__AS80_p67_contact_p13__eq            ╨║╨╛╨┤ 0     585 ╤Б  chi2/ndf 3.247, ╨╜╨╡╨▓╤П╨╖╨║╨░ ╨╝╨╛╨┤╨╡╨╗╨╕ 21.5 %, ╤Б╤Г╨╝╨╝╨╕╤А╨╛╨▓╨░╨╜╨╕╨╡ ╨┤╨░
contact_cal0809__AS80_p67_contact_p13__asis          ╨║╨╛╨┤ 0     601 ╤Б  chi2/ndf 3.247, ╨╜╨╡╨▓╤П╨╖╨║╨░ ╨╝╨╛╨┤╨╡╨╗╨╕ 21.5 %, ╤Б╤Г╨╝╨╝╨╕╤А╨╛╨▓╨░╨╜╨╕╨╡ ╨┤╨░
face81__AS80_p67_face81_p13: ╨╜╨╡╤В ╤Г╨╖╨╗╨░ <Efficiency> ╤Б╤Ж╨╡╨╜╤Л тАФ ╨┐╤А╨╛╨┐╤Г╤Б╨║
edge93__AS80_p67_edge93_p13__eq                      ╨║╨╛╨┤ 0     613 ╤Б  chi2/ndf 6.866, ╨╜╨╡╨▓╤П╨╖╨║╨░ ╨╝╨╛╨┤╨╡╨╗╨╕ 74.5 %, ╤Б╤Г╨╝╨╝╨╕╤А╨╛╨▓╨░╨╜╨╕╨╡ ╨┤╨░
edge93__AS80_p67_edge93_p13__asis                    ╨║╨╛╨┤ 0     622 ╤Б  chi2/ndf 1.834, ╨╜╨╡╨▓╤П╨╖╨║╨░ ╨╝╨╛╨┤╨╡╨╗╨╕ 16.9 %, ╤Б╤Г╨╝╨╝╨╕╤А╨╛╨▓╨░╨╜╨╕╨╡ ╨┤╨░
╨║╨╛╨┤╤Л: contact52k__AS80_p67_contact_r28__eq=0 contact52k__AS80_p67_contact_r28__asis=0 contact_cal0809__AS80_p67_contact_r28__eq=0 contact_cal0809__AS80_p67_contact_r28__asis=0 face81__AS80_p67_face81_r28__eq=0 face81__AS80_p67_face81_r28__asis=0 edge93__AS80_p67_edge93_r28__eq=0 edge93__AS80_p67_edge93_r28__asis=0 contact52k__AS80_p67_contact_r33__eq=0 contact52k__AS80_p67_contact_r33__asis=0 contact_cal0809__AS80_p67_contact_r33__eq=0 contact_cal0809__AS80_p67_contact_r33__asis=0 face81__AS80_p67_face81_r33__eq=0 face81__AS80_p67_face81_r33__asis=0 edge93__AS80_p67_edge93_r33__eq=0 edge93__AS80_p67_edge93_r33__asis=0 contact52k__AS80_p67_contact_r38__eq=0 contact52k__AS80_p67_contact_r38__asis=0 contact_cal0809__AS80_p67_contact_r38__eq=0 contact_cal0809__AS80_p67_contact_r38__asis=0 face81__AS80_p67_face81_r38__eq=0 face81__AS80_p67_face81_r38__asis=0 edge93__AS80_p67_edge93_r38__eq=0 edge93__AS80_p67_edge93_r38__asis=0 contact52k__AS80_p67_contact_r42__eq=0 contact52k__AS80_p67_contact_r42__asis=0 contact_cal0809__AS80_p67_contact_r42__eq=0 contact_cal0809__AS80_p67_contact_r42__asis=0 face81__AS80_p67_face81_r42__eq=0 face81__AS80_p67_face81_r42__asis=0 edge93__AS80_p67_edge93_r42__eq=0 edge93__AS80_p67_edge93_r42__asis=0 edge93__AS80_p67_edge93_r33_ring05__eq=0 edge93__AS80_p67_edge93_r33_ring05__asis=0 contact52k__AS80_p67_contact_p13__eq=0 contact52k__AS80_p67_contact_p13__asis=0 contact_cal0809__AS80_p67_contact_p13__eq=0 contact_cal0809__AS80_p67_contact_p13__asis=0 edge93__AS80_p67_edge93_p13__eq=0 edge93__AS80_p67_edge93_p13__asis=0
