реестры: DONE.md — 329 строк, TODO.md — 549 строк
известных номеров всего: 876, буквы: ABCDEFMNPRSTVWX
обойдено файлов: 1147 (из них журналов-записей 161), строгих ссылок проверено: 7744
исключено по правилу: 139 ссылок (A200 ×22, A231 ×5, A232 ×5, A233 ×5, A9998, C12 ×9, F0 ×15, F36 ×7, N0 ×19, N42 ×9, P0 ×2, P1 ×3, P25 ×4, T1 ×8, T39 ×8, T51 ×7, T224 ×5, T9999 ×2, X12 ×3)
  правило «удалена решением Amber; ссылка в журнале историчная»: A200 ×22, A231 ×5, A232 ×5, A233 ×5, T1 ×8, T39 ×8, T51 ×7, T224 ×5
    A200 — удалена приказом Amber 05.09.2026 вместе с A231–A233, T224 (TODO.md, «Чего делать НЕ надо», вопросник по A231)
    A231 — удалена приказом Amber 05.09.2026 (TODO.md, «Чего делать НЕ надо», вопросник по A231)
    A232 — удалена приказом Amber 05.09.2026 (TODO.md, «Чего делать НЕ надо», вопросник по A231)
    A233 — удалена приказом Amber 05.09.2026 (TODO.md, «Чего делать НЕ надо», вопросник по A231)
    T1 — удалена приказом Amber 05.09.2026 (TODO.md, «Чего делать НЕ надо»: «Удалить задачу T1»)
    T224 — удалена приказом Amber 05.09.2026 (TODO.md, «Чего делать НЕ надо», вопросник по A231)
    T39 — убрана решением Amber 18.08.2026 (handover/handover-2026-08-18-small-rows.md:18)
    T51 — убрана решением Amber 18.08.2026 (handover/handover-2026-08-18-small-rows.md:18)
  правило «приоритет строки P0–P3, а не её номер»: P0 ×2, P1 ×3
  правило «формат числа .NET (номер 0 или буква DEFGNX на строке о печати чисел)»: F0 ×15, N0 ×19, N42 ×3, X12 ×3
  правило «имя полосы захода на строке о полосе/журнале/обрыве»: C12 ×9, F36 ×5, P25 ×2
  правило «цитата положительного контроля (строка сама так себя называет)»: A9998, T9999 ×2
  правило «поимённо, NOT_A_REF с причиной»: F36 ×2, N42 ×6, P25 ×2
    F36 — полоса захода 05.09.2026, оборвана (журнал handover-2026-09-05-f37-s132.md), а не строка
    N42 — формат файла ANSI N42 (стандарт спектров), а не строка реестра
    P25 — 25-й процентиль в записи статистики (handover-2026-09-05-f5-v18-v19.md), а не строка
битых строгих ссылок: 0
