
¬т€гивает в matdb.sqlite непропорциональность светового выхода сцинтилл€торов
(TODO F11): параметры механистической модели ѕейна и посчитанные из них кривые
относительного выхода L(E)/E дл€ электронов.

ћодель (Payne III, ур. 3; форма сверена с Breitenmoser 2023, Nature Comm. 14,
7790, ур. 1 и алгоритм S1 Ч экспонента ловушек ¬Ћќ∆≈Ќј в онсагеровскую):

    l(S) = [1 \u2212 \u03b7 Ј exp(\u2212(S/S_Ons) Ј exp(\u2212S_Trap/S))] / [1 + S/S_Birks]

где S Ч коллизионна€ тормозна€ способность в ћэ¬/см, \u03b7 Ч дол€ свободных
e-/h пар после термализации, S_Ons = 36.4 ћэ¬/см (зафиксирован у ѕейна дл€
всех веществ), S_Trap Ч экранировка ловушками, S_Birks Ч тушение
экситон-экситонной аннигил€цией. —вет электрона начальной энергии E:

    L(E) = \u222b_0^E l(S(E')) dE'          (Breitenmoser, ур. S30)

и в таблицу пишетс€ относительный выход yield_rel = (L(E)/E) / (L(662)/662),
то есть 1.0 на 662 кэ¬ Ч прив€зка та же, что у фотонных кривых ’одюка.

”молчани€ Ч строки `*_eta_fit_photon`: \u03b7 ќ“ јЋ»Ѕ–ќ¬јЌ по измеренной ‘ќ“ќЌЌќ…
непропорциональности сквозь наш же перенос (проба LightScaleProbe, геометри€
Nano16Pro, 1e6 историй, 07.08.2026). ѕричина: параметры ѕейна подогнаны под
электронные данные SLYNCI, а те систематически круче фотонных измерений
(известное расхождение SLYNCI \u2194 K-dip-спектроскопи€); чистый Payne III через
наш перенос даЄт фотонный горб 1.209 у CsI:Tl против измеренных 1.12
(Khodyuk 2012, таблица I). ѕрибор мер€ет фотонную кривую Ч по ней и калибр:

    CsI:Tl  \u03b7 0.438 \u2192 0.375: фотонна€ 10/662 = 1.120 (цель 1.12) \u2713
    NaI:Tl  \u03b7 0.3725 \u2192 0.33: фотонна€ 10/662 \u2248 1.141 (цель 1.14) \u2713
    CsI:Na  \u03b7 0.465 \u2192 0.398: тот же относительный сдвиг, что у CsI:Tl
            (сквозь перенос не проверить Ч симул€тор ставит CsI:Tl по
            веществу кристалла; строка лежит на будущее)

ќстаток (в TODO): середина шкалы всЄ ещЄ круче измеренной (NaI 60 кэ¬:
1.069 у нас против ~1.10 у ’одюка) Ч одним \u03b7 форму не выправить; провал у
K-кра€ в переносе выходит ступенькой ¬¬≈–’, а не вниз Ч не хватает
подкэвного обвала кривой (ESTAR кончаетс€ на 1 кэ¬, крива€ зажата) и
раздельного каскада (оже-электроны слиплись с фотоэлектроном). Ёто втора€
половина F11 Ч пофит по своим спектрам.

ќткуда параметры моделей (все при комнатной температуре +20 ∞C):

  * CsI:Tl, CsI:Na, NaI:Tl Ч Payne et al., ЂNonproportionality of Scintillator
    Detectors. III. Temperature Dependenceї (IEEE TNS 61 (2014) 2771,
    LLNL-JRNL-648819, свободный PDF osti.gov/servlets/purl/1762905), таблица I:
    колонки +40/0/\u221240 ∞C, значени€ растут к холоду; +20 ∞C Ч линейна€
    интерпол€ци€ колонок 0 и +40. LaBr3:Ce, CeBr3 Ч там же, таблица II
    (колонки +40/0/\u221235 ∞C).
  * NaI:Tl (второй источник) Ч Breitenmoser et al. 2023 (Nature Comm. 14,
    7790, arXiv:2302.05641), байесовский MAP по комптоновскому краю, sum mode:
    \u03b7 = 0.596, S_Trap = 14.6, S_Birks = 322 ћэ¬/см. ”молчанием Ќ≈ вз€т:
    их данные Ч комптоновские кра€ 477Ц1612 кэ¬, ниже модель чиста€
    экстрапол€ци€, и крива€ из MAP выходит на 1.72 к 5 кэ¬ (сходитс€ с их же
    рис. S27b, ось до 1.8) Ч это противоречит измеренному ‘ќ“ќЌЌќћ” отклику
    NaI:Tl (114 % на 10 кэ¬, Khodyuk 2012, таблица I). ѕараметры ѕейна
    ограничены электронными измерени€ми по всей шкале Ч они и умолчание.
    —трока Breitenmoser оставлена как заготовка под будущий пофит по своим
    спектрам (втора€ половина F11).

“ормозна€ способность S(E): NIST ESTAR дл€ готовых соединений Ч CESIUM IODIDE
(matno=141) и SODIUM IODIDE (matno=252), с эффектом плотности и штатными I.
—ырые ответы сервера лежат в data/estar/ (получены 07.08.2026 POST-запросом
  curl --data "matno=141&ShowDefault=on&Energies=0.00100%0D%0A..."
       https://physics.nist.gov/cgi-bin/Star/e_table-t.pl
с добавкой сетки 1Ц9 кэ¬; штатна€ сетка начинаетс€ с 10 кэ¬). ќни же
складываютс€ в таблицу estar_collision_stopping Ч коллизионной тормозной
дл€ —ќ≈ƒ»Ќ≈Ќ»… в базе до сих пор не было (была только радиационна€ по
элементам). Ќиже 1 кэ¬ интеграл доводитс€ членом l(S(1 кэ¬))Ј1 кэ¬ Ч перенос
электроны ниже 1 кэ¬ всЄ равно не различает.

 ривые LaBr3:Ce и CeBr3 не считаютс€: у NIST ESTAR нет этих соединений в
списке готовых, а мешать элементные тормозные аддитивностью Ѕрэгга без
проверки не стал Ч параметры лежат в таблице, крива€ по€витс€ вместе с
тормозной (строка в TODO).

    python import_light_yield.py <matdb.sqlite>

