Расхождение двух матриц (T43)
  A: AS80_point0.rmx
  B: AS80_point0.rmx
  клейма РАЗНЫЕ — считались не из одного
     A: phys=17;541d94fe24de030dbe1d0374f01e44c65eba580838b032cc2c3d54d141fd0ff6
     B: phys=18;1f5aeaf1eeae43b63d6a7b0817f68eaccc4167c12243909b95293aeb63a1d205
  настройки, которыми матрицы считались:
     A: узлов 140, 5–3000 кэВ, бин 2 кэВ, историй 3000000, зерно 0
     B: узлов 140, 5–3000 кэВ, бин 2 кэВ, историй 3000000, зерно 0
  отпечаток тела (SHA-256 сетки и строк):
     A: e893d1dc78436500…  сходится с записанным
     B: 92738a9112108a3c…  сходится с записанным
  ТЕЛА РАЗЛИЧНЫ (по отпечатку)

расхождение по 140 узлам, % (медиана / худший):
   пик       : 0.133 / 29.403   (узел 17, 11 кэВ)
   сумма     : 0.185 / 29.403   (узел 17, 11 кэВ)
   форма, L1 : 1.01  / 29.40    (узел 17, 11 кэВ)

ФОРМА БЕЗ МАСШТАБА (строки приведены к единичной сумме):
   L1        : 0.61  / 18.00    (узел 139, 3000 кэВ)
   доля пика : A 0.7531, B 0.7529  (медиана по узлам; отношение B/A 0.9998)

СМЕЩЕНИЕ B относительно A, % (среднее по узлам ± ошибка среднего):
   пик       :   0.460 ± 0.296   — ноль в пределах ошибки
   сумма     :   0.666 ± 0.296   — на грани, мерить гуще

⚠ сравнивать ЭТИ числа надо с такими же для двух зёрен одного кода
