Расхождение двух матриц (T43)
  A: AS80_th_disk.rmx
  B: AS80_th_disk.rmx
  клейма РАЗНЫЕ — считались не из одного
     A: phys=17;ecbde05c626a7acb8d199338c781a455e36df445211ac20931c2765d4b44fe13
     B: phys=18;1819b8db9312b8fcf9793a673fe0e7cd891f487cd494f1b4c901a35e9f780b46
  настройки, которыми матрицы считались:
     A: узлов 140, 5–3000 кэВ, бин 2 кэВ, историй 3000000, зерно 0
     B: узлов 140, 5–3000 кэВ, бин 2 кэВ, историй 3000000, зерно 0
  отпечаток тела (SHA-256 сетки и строк):
     A: e6f0f8235367adb4…  сходится с записанным
     B: e6f0f8235367adb4…  сходится с записанным
  ТЕЛА ТОЖДЕСТВЕННЫ (побайтно, по отпечатку)

узлов пустых и пропущенных: 8 из 146 (у обеих матриц строка нулевой длины)
расхождение по 138 узлам, % (медиана / худший):
   пик       : 0.000 / 0.000   (узел 8, 7 кэВ)
   сумма     : 0.000 / 0.000   (узел 8, 7 кэВ)
   форма, L1 : 0.00  / 0.00    (узел 8, 7 кэВ)

ФОРМА БЕЗ МАСШТАБА (строки приведены к единичной сумме):
   L1        : 0.00  / 0.00    (узел 8, 7 кэВ)
   доля пика : A 0.6484, B 0.6484  (медиана по узлам; отношение B/A 1.0000)

СМЕЩЕНИЕ B относительно A, % (среднее по узлам ± ошибка среднего):
   пик       :   0.000 ± 0.000   — ноль в пределах ошибки
   сумма     :   0.000 ± 0.000   — ноль в пределах ошибки

⚠ сравнивать ЭТИ числа надо с такими же для двух зёрен одного кода
