start 13.09.2026 19:54:37,48
Матрицы отклика понятной части корпуса (B1)
сетка: 140 узлов 5-3000 кэВ, бин 2 кэВ, 3000000 историй на узел
останов по шуму ВЫКЛЮЧЕН — плоский счёт (T35)

== AS80_lu_front ==
   клеймо   : phys=18;7337e3284dbeccb8498d5c1f45115096cf092883c6f1d3c64b3269e7348fa591
   время    : 307.7 с на часах, ядер 9.7 из 10
   счёт     : 2988.3 с ЦП, 7.01 мкс на историю  <- сравнивать надо ЭТО
   сетка κ  : 200000 точек по 2 истории — в «мкс на историю» НЕ входят (замер узлов — с --jnodes=0)
   обход    : на историю 14.5 шага границ, 14.9 поиска области, 8.8 интерполяции μ, 3.40 сбора пересечений
   шум конт.: взвешенная 0.82 %  тихо
   файл     : D:\BqMoni_Claude\p50\wt\tools\CORPUS\corpus\geometries\AS80_lu_front.rmx (0.6 МБ)

== AS80_point0 ==
   клеймо   : phys=18;1f5aeaf1eeae43b63d6a7b0817f68eaccc4167c12243909b95293aeb63a1d205
   время    : 200.1 с на часах, ядер 9.8 из 10
   счёт     : 1964.1 с ЦП, 4.68 мкс на историю  <- сравнивать надо ЭТО
   сетка κ  : 200000 точек по 2 истории — в «мкс на историю» НЕ входят (замер узлов — с --jnodes=0)
   обход    : на историю 7.9 шага границ, 8.4 поиска области, 3.8 интерполяции μ, 2.66 сбора пересечений
   шум конт.: взвешенная 0.60 %  тихо
   файл     : D:\BqMoni_Claude\p50\wt\tools\CORPUS\corpus\geometries\AS80_point0.rmx (0.6 МБ)

== AS80_th_disk ==
   клеймо   : phys=18;24850bda7e3634e8c4f8fea7ec0647703b3c5c60b633f6806df442e888702ef7
   время    : 353.4 с на часах, ядер 9.8 из 10
   счёт     : 3451.7 с ЦП, 7.88 мкс на историю  <- сравнивать надо ЭТО
   сетка κ  : 200000 точек по 2 истории — в «мкс на историю» НЕ входят (замер узлов — с --jnodes=0)
   обход    : на историю 12.1 шага границ, 12.5 поиска области, 6.7 интерполяции μ, 3.55 сбора пересечений
   шум конт.: взвешенная 0.76 %  тихо
   файл     : D:\BqMoni_Claude\p50\wt\tools\CORPUS\corpus\geometries\AS80_th_disk.rmx (0.6 МБ)

== ASN16_lu_side ==
   клеймо   : phys=18;15af9ddbed843ac6a6123338f348b9cd3d71d115cb457905aac1f1f52cd0728f
   время    : 267.3 с на часах, ядер 9.7 из 10
   счёт     : 2588.4 с ЦП, 6.08 мкс на историю  <- сравнивать надо ЭТО
   сетка κ  : 200000 точек по 2 истории — в «мкс на историю» НЕ входят (замер узлов — с --jnodes=0)
   обход    : на историю 11.8 шага границ, 12.1 поиска области, 6.6 интерполяции μ, 3.37 сбора пересечений
   шум конт.: взвешенная 0.98 %  тихо
   файл     : D:\BqMoni_Claude\p50\wt\tools\CORPUS\corpus\geometries\ASN16_lu_side.rmx (0.6 МБ)

== G1S_denta100_oisn10_100_p16 ==
   клеймо   : phys=18;c37315487e70462d79ec6885b512d56f9d0c72b62ed78e1d9f7e713b4a24eae5
   время    : 409.4 с на часах, ядер 9.7 из 10
   счёт     : 3990.9 с ЦП, 9.37 мкс на историю  <- сравнивать надо ЭТО
   сетка κ  : 200000 точек по 2 истории — в «мкс на историю» НЕ входят (замер узлов — с --jnodes=0)
   обход    : на историю 12.3 шага границ, 13.1 поиска области, 8.0 интерполяции μ, 3.32 сбора пересечений
   шум конт.: взвешенная 0.72 %  тихо
   файл     : D:\BqMoni_Claude\p50\wt\tools\CORPUS\corpus\geometries\G1S_denta100_oisn10_100_p16.rmx (0.6 МБ)

== G1S_denta100_risn379_100_p16 ==
   клеймо   : phys=18;0a58a956ba28527e57680f7a1817eb9e7eb4d07b9416e81bea403a95962fee17
   время    : 429.1 с на часах, ядер 9.8 из 10
   счёт     : 4202.1 с ЦП, 10.00 мкс на историю  <- сравнивать надо ЭТО
   сетка κ  : 200000 точек по 2 истории — в «мкс на историю» НЕ входят (замер узлов — с --jnodes=0)
   обход    : на историю 12.8 шага границ, 13.7 поиска области, 8.3 интерполяции μ, 3.29 сбора пересечений
   шум конт.: взвешенная 0.63 %  тихо
   файл     : D:\BqMoni_Claude\p50\wt\tools\CORPUS\corpus\geometries\G1S_denta100_risn379_100_p16.rmx (0.6 МБ)

== G1S_denta120_oisn06_057_p24 ==
   клеймо   : phys=18;5eb72b9c8cd502125a77575c5fb8b968b7e2cb652ec460fc21d8aed5d0e040f8
   время    : 420.3 с на часах, ядер 9.8 из 10
   счёт     : 4105.5 с ЦП, 9.64 мкс на историю  <- сравнивать надо ЭТО
   сетка κ  : 200000 точек по 2 истории — в «мкс на историю» НЕ входят (замер узлов — с --jnodes=0)
   обход    : на историю 13.1 шага границ, 14.0 поиска области, 8.7 интерполяции μ, 3.26 сбора пересечений
   шум конт.: взвешенная 0.70 %  тихо
   файл     : D:\BqMoni_Claude\p50\wt\tools\CORPUS\corpus\geometries\G1S_denta120_oisn06_057_p24.rmx (0.6 МБ)

== G1S_denta120_oisn06_062_p24 ==
   клеймо   : phys=18;cab447bbd383b51cbee88dee02160066db8a1178ff505d155b483b4a4da4bbe8
   время    : 415.9 с на часах, ядер 9.8 из 10
   счёт     : 4060.0 с ЦП, 9.53 мкс на историю  <- сравнивать надо ЭТО
   сетка κ  : 200000 точек по 2 истории — в «мкс на историю» НЕ входят (замер узлов — с --jnodes=0)
   обход    : на историю 13.0 шага границ, 13.9 поиска области, 8.6 интерполяции μ, 3.27 сбора пересечений
   шум конт.: взвешенная 0.70 %  тихо
   файл     : D:\BqMoni_Claude\p50\wt\tools\CORPUS\corpus\geometries\G1S_denta120_oisn06_062_p24.rmx (0.6 МБ)

== G1S_denta120_oisn06_064_p24 ==
   клеймо   : phys=18;c01ab956ae4ad886748f313c513fc9db732646abf19066af442b2f4b90131ff2
   время    : 418.7 с на часах, ядер 9.8 из 10
   счёт     : 4084.8 с ЦП, 9.59 мкс на историю  <- сравнивать надо ЭТО
   сетка κ  : 200000 точек по 2 истории — в «мкс на историю» НЕ входят (замер узлов — с --jnodes=0)
   обход    : на историю 13.0 шага границ, 13.9 поиска области, 8.6 интерполяции μ, 3.27 сбора пересечений
   шум конт.: взвешенная 0.70 %  тихо
   файл     : D:\BqMoni_Claude\p50\wt\tools\CORPUS\corpus\geometries\G1S_denta120_oisn06_064_p24.rmx (0.6 МБ)

== G1S_denta120_oisn06_066_p24 ==
   клеймо   : phys=18;f86860ad908b529d63bf0e996ff267bb1bec9ca80f724c771e376bad1e2ad072
   время    : 426.7 с на часах, ядер 9.8 из 10
   счёт     : 4167.4 с ЦП, 9.78 мкс на историю  <- сравнивать надо ЭТО
   сетка κ  : 200000 точек по 2 истории — в «мкс на историю» НЕ входят (замер узлов — с --jnodes=0)
   обход    : на историю 13.0 шага границ, 13.9 поиска области, 8.6 интерполяции μ, 3.28 сбора пересечений
   шум конт.: взвешенная 0.70 %  тихо
   файл     : D:\BqMoni_Claude\p50\wt\tools\CORPUS\corpus\geometries\G1S_denta120_oisn06_066_p24.rmx (0.6 МБ)

== G1S_denta120_oisn16_155_p24 ==
   клеймо   : phys=18;c5b1137ce58385a22a7aca9d7183bfacf955fe7472d12bd562599c9fed095973
   время    : 413.2 с на часах, ядер 9.7 из 10
   счёт     : 4018.5 с ЦП, 9.43 мкс на историю  <- сравнивать надо ЭТО
   сетка κ  : 200000 точек по 2 истории — в «мкс на историю» НЕ входят (замер узлов — с --jnodes=0)
   обход    : на историю 11.9 шага границ, 12.7 поиска области, 7.7 интерполяции μ, 3.40 сбора пересечений
   шум конт.: взвешенная 0.78 %  тихо
   файл     : D:\BqMoni_Claude\p50\wt\tools\CORPUS\corpus\geometries\G1S_denta120_oisn16_155_p24.rmx (0.6 МБ)

== G1S_denta120_oisn16_160_p24 ==
   клеймо   : phys=18;ca43c0279c451748dd34dc0e56aff7437ef1505482755a096f387d7024f7037c
   время    : 416.9 с на часах, ядер 9.7 из 10
   счёт     : 4057.4 с ЦП, 9.52 мкс на историю  <- сравнивать надо ЭТО
   сетка κ  : 200000 точек по 2 истории — в «мкс на историю» НЕ входят (замер узлов — с --jnodes=0)
   обход    : на историю 11.8 шага границ, 12.7 поиска области, 7.7 интерполяции μ, 3.41 сбора пересечений
   шум конт.: взвешенная 0.78 %  тихо
   файл     : D:\BqMoni_Claude\p50\wt\tools\CORPUS\corpus\geometries\G1S_denta120_oisn16_160_p24.rmx (0.6 МБ)

== G1S_denta120_oisn16_166_p24 ==
   клеймо   : phys=18;063d1d4e16ef88cf2486f3dfc2a3421bada581632e1f08b720f04cde2161165b
   время    : 416.7 с на часах, ядер 9.7 из 10
   счёт     : 4049.8 с ЦП, 9.51 мкс на историю  <- сравнивать надо ЭТО
   сетка κ  : 200000 точек по 2 истории — в «мкс на историю» НЕ входят (замер узлов — с --jnodes=0)
   обход    : на историю 11.8 шага границ, 12.6 поиска области, 7.6 интерполяции μ, 3.42 сбора пересечений
   шум конт.: взвешенная 0.77 %  тихо
   файл     : D:\BqMoni_Claude\p50\wt\tools\CORPUS\corpus\geometries\G1S_denta120_oisn16_166_p24.rmx (0.6 МБ)

== G1S_denta120_oisn16_167_p24 ==
   клеймо   : phys=18;1414a3a76e3ee526979f659effe23135a65b3a298514a2e38a6b754ef16004b7
   время    : 425.3 с на часах, ядер 9.7 из 10
   счёт     : 4143.0 с ЦП, 9.73 мкс на историю  <- сравнивать надо ЭТО
   сетка κ  : 200000 точек по 2 истории — в «мкс на историю» НЕ входят (замер узлов — с --jnodes=0)
   обход    : на историю 11.8 шага границ, 12.6 поиска области, 7.6 интерполяции μ, 3.42 сбора пересечений
   шум конт.: взвешенная 0.77 %  тихо
   файл     : D:\BqMoni_Claude\p50\wt\tools\CORPUS\corpus\geometries\G1S_denta120_oisn16_167_p24.rmx (0.6 МБ)

== G1S_mar1l_oisn06_055_p16 ==
   клеймо   : phys=18;61346d30a5c96ba5e390907fb03470e781e640771d955827c7207f21d037a542
   время    : 443.5 с на часах, ядер 9.9 из 10
   счёт     : 4374.3 с ЦП, 10.42 мкс на историю  <- сравнивать надо ЭТО
   сетка κ  : 200000 точек по 2 истории — в «мкс на историю» НЕ входят (замер узлов — с --jnodes=0)
   обход    : на историю 17.4 шага границ, 18.2 поиска области, 10.4 интерполяции μ, 3.31 сбора пересечений
   шум конт.: взвешенная 0.70 %  тихо
   файл     : D:\BqMoni_Claude\p50\wt\tools\CORPUS\corpus\geometries\G1S_mar1l_oisn06_055_p16.rmx (0.6 МБ)

== G1S_mar1l_oisn06_057_p16 ==
   клеймо   : phys=18;2c366cb9a0b76b0958192b4523ab9a160356b11306e1605b6de2bc39a024bd97
   время    : 434.8 с на часах, ядер 9.9 из 10
   счёт     : 4286.2 с ЦП, 10.21 мкс на историю  <- сравнивать надо ЭТО
   сетка κ  : 200000 точек по 2 истории — в «мкс на историю» НЕ входят (замер узлов — с --jnodes=0)
   обход    : на историю 17.4 шага границ, 18.2 поиска области, 10.3 интерполяции μ, 3.32 сбора пересечений
   шум конт.: взвешенная 0.70 %  тихо
   файл     : D:\BqMoni_Claude\p50\wt\tools\CORPUS\corpus\geometries\G1S_mar1l_oisn06_057_p16.rmx (0.6 МБ)

== G1S_mar1l_oisn06_057_p24 ==
   клеймо   : phys=18;5c2d7afa4da8d2f1c8aca2eeb092be8be544bae1be69c35ad6e42531c0cbb890
   время    : 449.4 с на часах, ядер 9.8 из 10
   счёт     : 4386.0 с ЦП, 10.30 мкс на историю  <- сравнивать надо ЭТО
   сетка κ  : 200000 точек по 2 истории — в «мкс на историю» НЕ входят (замер узлов — с --jnodes=0)
   обход    : на историю 16.4 шага границ, 17.2 поиска области, 9.9 интерполяции μ, 3.33 сбора пересечений
   шум конт.: взвешенная 0.76 %  тихо
   файл     : D:\BqMoni_Claude\p50\wt\tools\CORPUS\corpus\geometries\G1S_mar1l_oisn06_057_p24.rmx (0.6 МБ)

== G1S_mar1l_oisn06_062_p16 ==
   клеймо   : phys=18;8492f697288bb3bf29cbaaa115a2150a2be32831d92f09c2e11f72496439387b
   время    : 437.3 с на часах, ядер 9.9 из 10
   счёт     : 4313.3 с ЦП, 10.27 мкс на историю  <- сравнивать надо ЭТО
   сетка κ  : 200000 точек по 2 истории — в «мкс на историю» НЕ входят (замер узлов — с --jnodes=0)
   обход    : на историю 17.4 шага границ, 18.2 поиска области, 10.3 интерполяции μ, 3.34 сбора пересечений
   шум конт.: взвешенная 0.69 %  тихо
   файл     : D:\BqMoni_Claude\p50\wt\tools\CORPUS\corpus\geometries\G1S_mar1l_oisn06_062_p16.rmx (0.6 МБ)

== G1S_mar1l_oisn06_062_p24 ==
   клеймо   : phys=18;66fd60774b57f42edf1b8cb05af5db6dd05fddf2cf69d4959a3e9ddff9a3a259
   время    : 447.6 с на часах, ядер 9.8 из 10
   счёт     : 4368.0 с ЦП, 10.25 мкс на историю  <- сравнивать надо ЭТО
   сетка κ  : 200000 точек по 2 истории — в «мкс на историю» НЕ входят (замер узлов — с --jnodes=0)
   обход    : на историю 16.4 шага границ, 17.1 поиска области, 9.8 интерполяции μ, 3.34 сбора пересечений
   шум конт.: взвешенная 0.76 %  тихо
   файл     : D:\BqMoni_Claude\p50\wt\tools\CORPUS\corpus\geometries\G1S_mar1l_oisn06_062_p24.rmx (0.6 МБ)

== G1S_mar1l_oisn06_064_p24 ==
   клеймо   : phys=18;489697f8b7eaaa1e35758be21d42bfe4445f2cef31180fb0882b4beab3ad8fa8
   время    : 449.6 с на часах, ядер 9.8 из 10
   счёт     : 4391.7 с ЦП, 10.31 мкс на историю  <- сравнивать надо ЭТО
   сетка κ  : 200000 точек по 2 истории — в «мкс на историю» НЕ входят (замер узлов — с --jnodes=0)
   обход    : на историю 16.3 шага границ, 17.1 поиска области, 9.8 интерполяции μ, 3.35 сбора пересечений
   шум конт.: взвешенная 0.76 %  тихо
   файл     : D:\BqMoni_Claude\p50\wt\tools\CORPUS\corpus\geometries\G1S_mar1l_oisn06_064_p24.rmx (0.6 МБ)

== G1S_mar1l_oisn06_066_p16 ==
   клеймо   : phys=18;748fb1e349fd85e8c496d872b68f10f6bc0ae18e4cce7f80af54e8e9c93d8f7d
   время    : 437.3 с на часах, ядер 9.9 из 10
   счёт     : 4313.1 с ЦП, 10.27 мкс на историю  <- сравнивать надо ЭТО
   сетка κ  : 200000 точек по 2 истории — в «мкс на историю» НЕ входят (замер узлов — с --jnodes=0)
   обход    : на историю 17.3 шага границ, 18.2 поиска области, 10.3 интерполяции μ, 3.35 сбора пересечений
   шум конт.: взвешенная 0.68 %  тихо
   файл     : D:\BqMoni_Claude\p50\wt\tools\CORPUS\corpus\geometries\G1S_mar1l_oisn06_066_p16.rmx (0.6 МБ)

== G1S_mar1l_oisn06_066_p24 ==
   клеймо   : phys=18;92b0bff5cd4a298008c20c95acc5f480c503e236b64cc5ff5006dc8481d1aba5
   время    : 444.5 с на часах, ядер 9.7 из 10
   счёт     : 4333.2 с ЦП, 10.17 мкс на историю  <- сравнивать надо ЭТО
   сетка κ  : 200000 точек по 2 истории — в «мкс на историю» НЕ входят (замер узлов — с --jnodes=0)
   обход    : на историю 16.3 шага границ, 17.1 поиска области, 9.8 интерполяции μ, 3.35 сбора пересечений
   шум конт.: взвешенная 0.76 %  тихо
   файл     : D:\BqMoni_Claude\p50\wt\tools\CORPUS\corpus\geometries\G1S_mar1l_oisn06_066_p24.rmx (0.6 МБ)

== G1S_mar1l_oisn16_155_p16 ==
   клеймо   : phys=18;6164a889fdeb67da0ad2dd886a7614aa627a47e015f490f3661d036d4b5efea3
   время    : 448.5 с на часах, ядер 9.7 из 10
   счёт     : 4367.5 с ЦП, 10.25 мкс на историю  <- сравнивать надо ЭТО
   сетка κ  : 200000 точек по 2 истории — в «мкс на историю» НЕ входят (замер узлов — с --jnodes=0)
   обход    : на историю 14.8 шага границ, 15.4 поиска области, 8.7 интерполяции μ, 3.53 сбора пересечений
   шум конт.: взвешенная 0.82 %  тихо
   файл     : D:\BqMoni_Claude\p50\wt\tools\CORPUS\corpus\geometries\G1S_mar1l_oisn16_155_p16.rmx (0.6 МБ)

== G1S_mar1l_oisn16_155_p24 ==
   клеймо   : phys=18;f722eb7c86f71a555bda3b01d3e53e4381a76aa7d8553547b492e1de95fc28bc
   время    : 446.6 с на часах, ядер 9.7 из 10
   счёт     : 4350.2 с ЦП, 10.21 мкс на историю  <- сравнивать надо ЭТО
   сетка κ  : 200000 точек по 2 истории — в «мкс на историю» НЕ входят (замер узлов — с --jnodes=0)
   обход    : на историю 14.7 шага границ, 15.4 поиска области, 8.7 интерполяции μ, 3.53 сбора пересечений
   шум конт.: взвешенная 0.83 %  тихо
   файл     : D:\BqMoni_Claude\p50\wt\tools\CORPUS\corpus\geometries\G1S_mar1l_oisn16_155_p24.rmx (0.6 МБ)

== G1S_mar1l_oisn16_160_p16 ==
   клеймо   : phys=18;6ba0d852fb936b11006a264526ce12c801f309bc96e2b6d1821ce21c7e9c1c53
   время    : 450.0 с на часах, ядер 9.7 из 10
   счёт     : 4373.1 с ЦП, 10.27 мкс на историю  <- сравнивать надо ЭТО
   сетка κ  : 200000 точек по 2 истории — в «мкс на историю» НЕ входят (замер узлов — с --jnodes=0)
   обход    : на историю 14.8 шага границ, 15.4 поиска области, 8.7 интерполяции μ, 3.54 сбора пересечений
   шум конт.: взвешенная 0.82 %  тихо
   файл     : D:\BqMoni_Claude\p50\wt\tools\CORPUS\corpus\geometries\G1S_mar1l_oisn16_160_p16.rmx (0.6 МБ)

== G1S_mar1l_oisn16_160_p24 ==
   клеймо   : phys=18;be4b7755684036f2cbdf706fc09e4ac209b3300a6e9eba6df72776a8e0d5355c
   время    : 457.1 с на часах, ядер 9.7 из 10
   счёт     : 4447.6 с ЦП, 10.44 мкс на историю  <- сравнивать надо ЭТО
   сетка κ  : 200000 точек по 2 истории — в «мкс на историю» НЕ входят (замер узлов — с --jnodes=0)
   обход    : на историю 14.7 шага границ, 15.4 поиска области, 8.7 интерполяции μ, 3.54 сбора пересечений
   шум конт.: взвешенная 0.83 %  тихо
   файл     : D:\BqMoni_Claude\p50\wt\tools\CORPUS\corpus\geometries\G1S_mar1l_oisn16_160_p24.rmx (0.6 МБ)

== G1S_mar1l_oisn16_166_p16 ==
   клеймо   : phys=18;c5e7605cc7fbc31c6dce4105c4bf4b1ecfebe0e2784c21a3649098aba62aaed0
   время    : 481.6 с на часах, ядер 9.7 из 10
   счёт     : 4684.1 с ЦП, 11.00 мкс на историю  <- сравнивать надо ЭТО
   сетка κ  : 200000 точек по 2 истории — в «мкс на историю» НЕ входят (замер узлов — с --jnodes=0)
   обход    : на историю 14.7 шага границ, 15.4 поиска области, 8.7 интерполяции μ, 3.55 сбора пересечений
   шум конт.: взвешенная 0.81 %  тихо
   файл     : D:\BqMoni_Claude\p50\wt\tools\CORPUS\corpus\geometries\G1S_mar1l_oisn16_166_p16.rmx (0.6 МБ)

== G1S_mar1l_oisn16_166_p24 ==
   клеймо   : phys=18;f2a330c8225061f91326534eff04207b27d4252e593c105bb3a2eba1cd8929f1
   время    : 497.4 с на часах, ядер 9.7 из 10
   счёт     : 4821.7 с ЦП, 11.32 мкс на историю  <- сравнивать надо ЭТО
   сетка κ  : 200000 точек по 2 истории — в «мкс на историю» НЕ входят (замер узлов — с --jnodes=0)
   обход    : на историю 14.7 шага границ, 15.4 поиска области, 8.6 интерполяции μ, 3.55 сбора пересечений
   шум конт.: взвешенная 0.82 %  тихо
   файл     : D:\BqMoni_Claude\p50\wt\tools\CORPUS\corpus\geometries\G1S_mar1l_oisn16_166_p24.rmx (0.6 МБ)

== G1S_mar1l_oisn16_167_p16 ==
   клеймо   : phys=18;41de4ded1834227d5f2921c7962dd0592bbd19ea822c6a9dc69ba95167bd04ca
   время    : 493.3 с на часах, ядер 9.7 из 10
   счёт     : 4788.7 с ЦП, 11.24 мкс на историю  <- сравнивать надо ЭТО
   сетка κ  : 200000 точек по 2 истории — в «мкс на историю» НЕ входят (замер узлов — с --jnodes=0)
   обход    : на историю 14.7 шага границ, 15.4 поиска области, 8.7 интерполяции μ, 3.55 сбора пересечений
   шум конт.: взвешенная 0.81 %  тихо
   файл     : D:\BqMoni_Claude\p50\wt\tools\CORPUS\corpus\geometries\G1S_mar1l_oisn16_167_p16.rmx (0.6 МБ)

== G1S_mar1l_oisn16_167_p24 ==
   клеймо   : phys=18;6e082e45b52498b85982a09d5d076eca652fc98cc46b3114b46cb78cb2d73a64
   время    : 469.4 с на часах, ядер 9.7 из 10
   счёт     : 4557.2 с ЦП, 10.70 мкс на историю  <- сравнивать надо ЭТО
   сетка κ  : 200000 точек по 2 истории — в «мкс на историю» НЕ входят (замер узлов — с --jnodes=0)
   обход    : на историю 14.7 шага границ, 15.4 поиска области, 8.6 интерполяции μ, 3.55 сбора пересечений
   шум конт.: взвешенная 0.82 %  тихо
   файл     : D:\BqMoni_Claude\p50\wt\tools\CORPUS\corpus\geometries\G1S_mar1l_oisn16_167_p24.rmx (0.6 МБ)

== G1S_mar1l_risn379_100_p16 ==
   клеймо   : phys=18;2bcca15bf561a11d7dd56401befc5ded6c0c8136ecedb2b863bf6fb6d59d9c93
   время    : 477.7 с на часах, ядер 9.8 из 10
   счёт     : 4670.7 с ЦП, 11.12 мкс на историю  <- сравнивать надо ЭТО
   сетка κ  : 200000 точек по 2 истории — в «мкс на историю» НЕ входят (замер узлов — с --jnodes=0)
   обход    : на историю 16.1 шага границ, 16.8 поиска области, 9.5 интерполяции μ, 3.42 сбора пересечений
   шум конт.: взвешенная 0.70 %  тихо
   файл     : D:\BqMoni_Claude\p50\wt\tools\CORPUS\corpus\geometries\G1S_mar1l_risn379_100_p16.rmx (0.6 МБ)

== G1S_petri60_oisn06_057_p24 ==
   клеймо   : phys=18;399068bb0682ee620611fe8b588b1de70369b0d9bde9b825bba6295c22c0a6eb
   время    : 418.7 с на часах, ядер 9.6 из 10
   счёт     : 4038.4 с ЦП, 9.48 мкс на историю  <- сравнивать надо ЭТО
   сетка κ  : 200000 точек по 2 истории — в «мкс на историю» НЕ входят (замер узлов — с --jnodes=0)
   обход    : на историю 13.1 шага границ, 13.9 поиска области, 8.2 интерполяции μ, 3.22 сбора пересечений
   шум конт.: взвешенная 0.63 %  тихо
   файл     : D:\BqMoni_Claude\p50\wt\tools\CORPUS\corpus\geometries\G1S_petri60_oisn06_057_p24.rmx (0.6 МБ)

== G1S_petri60_oisn06_062_p24 ==
   клеймо   : phys=18;3457c41a092eb8c95891086e60709be1a507cc02d4e2aaff6372abeefe951c11
   время    : 395.6 с на часах, ядер 9.7 из 10
   счёт     : 3857.0 с ЦП, 9.05 мкс на историю  <- сравнивать надо ЭТО
   сетка κ  : 200000 точек по 2 истории — в «мкс на историю» НЕ входят (замер узлов — с --jnodes=0)
   обход    : на историю 13.1 шага границ, 13.9 поиска области, 8.2 интерполяции μ, 3.23 сбора пересечений
   шум конт.: взвешенная 0.63 %  тихо
   файл     : D:\BqMoni_Claude\p50\wt\tools\CORPUS\corpus\geometries\G1S_petri60_oisn06_062_p24.rmx (0.6 МБ)

== G1S_petri60_oisn06_064_p24 ==
   клеймо   : phys=18;5d41f3b78427351f23efd5bb8b8bd8c3bb0ccd1ec7095f5cc6e736908679931d
   время    : 414.4 с на часах, ядер 9.7 из 10
   счёт     : 4018.6 с ЦП, 9.43 мкс на историю  <- сравнивать надо ЭТО
   сетка κ  : 200000 точек по 2 истории — в «мкс на историю» НЕ входят (замер узлов — с --jnodes=0)
   обход    : на историю 13.1 шага границ, 13.9 поиска области, 8.2 интерполяции μ, 3.23 сбора пересечений
   шум конт.: взвешенная 0.63 %  тихо
   файл     : D:\BqMoni_Claude\p50\wt\tools\CORPUS\corpus\geometries\G1S_petri60_oisn06_064_p24.rmx (0.6 МБ)

== G1S_petri60_oisn06_067_p24 ==
   клеймо   : phys=18;4a59c39c4413721dfa5fe70e27cf2befad035d87235514fd43c3e60133df4ed5
   время    : 393.8 с на часах, ядер 9.7 из 10
   счёт     : 3838.4 с ЦП, 9.01 мкс на историю  <- сравнивать надо ЭТО
   сетка κ  : 200000 точек по 2 истории — в «мкс на историю» НЕ входят (замер узлов — с --jnodes=0)
   обход    : на историю 13.1 шага границ, 13.9 поиска области, 8.2 интерполяции μ, 3.24 сбора пересечений
   шум конт.: взвешенная 0.63 %  тихо
   файл     : D:\BqMoni_Claude\p50\wt\tools\CORPUS\corpus\geometries\G1S_petri60_oisn06_067_p24.rmx (0.6 МБ)

== G1S_petri60_oisn10_100_p16 ==
   клеймо   : phys=18;195b7b1325fec88d84a7f87b3dad73ba20991c3e9748b6b136c2ab7f480caa96
   время    : 388.4 с на часах, ядер 9.7 из 10
   счёт     : 3783.8 с ЦП, 8.88 мкс на историю  <- сравнивать надо ЭТО
   сетка κ  : 200000 точек по 2 истории — в «мкс на историю» НЕ входят (замер узлов — с --jnodes=0)
   обход    : на историю 12.5 шага границ, 13.2 поиска области, 7.8 интерполяции μ, 3.28 сбора пересечений
   шум конт.: взвешенная 0.67 %  тихо
   файл     : D:\BqMoni_Claude\p50\wt\tools\CORPUS\corpus\geometries\G1S_petri60_oisn10_100_p16.rmx (0.6 МБ)

== G1S_petri60_oisn16_155_p24 ==
   клеймо   : phys=18;d54e77e12f128994b89e5c1bb3a0c4cb042a366fa5b12ba4e1444b985623514c
   время    : 386.2 с на часах, ядер 9.7 из 10
   счёт     : 3756.0 с ЦП, 8.82 мкс на историю  <- сравнивать надо ЭТО
   сетка κ  : 200000 точек по 2 истории — в «мкс на историю» НЕ входят (замер узлов — с --jnodes=0)
   обход    : на историю 12.0 шага границ, 12.8 поиска области, 7.4 интерполяции μ, 3.32 сбора пересечений
   шум конт.: взвешенная 0.69 %  тихо
   файл     : D:\BqMoni_Claude\p50\wt\tools\CORPUS\corpus\geometries\G1S_petri60_oisn16_155_p24.rmx (0.6 МБ)

== G1S_petri60_oisn16_160_p24 ==
   клеймо   : phys=18;54a36fd3f5ca592d1a4c673e391841dd9c9bd8eff87d480eef720279e0bc6b9c
   время    : 389.3 с на часах, ядер 9.7 из 10
   счёт     : 3787.3 с ЦП, 8.89 мкс на историю  <- сравнивать надо ЭТО
   сетка κ  : 200000 точек по 2 истории — в «мкс на историю» НЕ входят (замер узлов — с --jnodes=0)
   обход    : на историю 12.0 шага границ, 12.8 поиска области, 7.4 интерполяции μ, 3.33 сбора пересечений
   шум конт.: взвешенная 0.69 %  тихо
   файл     : D:\BqMoni_Claude\p50\wt\tools\CORPUS\corpus\geometries\G1S_petri60_oisn16_160_p24.rmx (0.6 МБ)

== G1S_petri60_oisn16_167_p24 ==
   клеймо   : phys=18;00bbec9eaac6ef034a2dad498dff8fdb25f12629e66b32c7ee9e93bd0569bd84
   время    : 389.6 с на часах, ядер 9.7 из 10
   счёт     : 3788.1 с ЦП, 8.89 мкс на историю  <- сравнивать надо ЭТО
   сетка κ  : 200000 точек по 2 истории — в «мкс на историю» НЕ входят (замер узлов — с --jnodes=0)
   обход    : на историю 12.0 шага границ, 12.7 поиска области, 7.4 интерполяции μ, 3.33 сбора пересечений
   шум конт.: взвешенная 0.69 %  тихо
   файл     : D:\BqMoni_Claude\p50\wt\tools\CORPUS\corpus\geometries\G1S_petri60_oisn16_167_p24.rmx (0.6 МБ)

== G1S_petri60_risn379_100_p16 ==
   клеймо   : phys=18;f4ab057c467e6eb0e35a0a20109552c28c7f35a038a22e5c18d929a65ceeeb7f
   время    : 418.5 с на часах, ядер 9.8 из 10
   счёт     : 4084.8 с ЦП, 9.73 мкс на историю  <- сравнивать надо ЭТО
   сетка κ  : 200000 точек по 2 истории — в «мкс на историю» НЕ входят (замер узлов — с --jnodes=0)
   обход    : на историю 12.9 шага границ, 13.7 поиска области, 8.0 интерполяции μ, 3.24 сбора пересечений
   шум конт.: взвешенная 0.61 %  тихо
   файл     : D:\BqMoni_Claude\p50\wt\tools\CORPUS\corpus\geometries\G1S_petri60_risn379_100_p16.rmx (0.6 МБ)

== G1S_point25 ==
   клеймо   : phys=18;1a7858984392ca23cb186a58dc41d862fab9aafcf4592f8505224f86406cf3e4
   время    : 292.7 с на часах, ядер 9.6 из 10
   счёт     : 2810.7 с ЦП, 6.69 мкс на историю  <- сравнивать надо ЭТО
   сетка κ  : 200000 точек по 2 истории — в «мкс на историю» НЕ входят (замер узлов — с --jnodes=0)
   обход    : на историю 7.1 шага границ, 7.9 поиска области, 3.4 интерполяции μ, 2.63 сбора пересечений
   шум конт.: взвешенная 5.31 %  ВЫШЕ ПОРОГА 5.0 %
   файл     : D:\BqMoni_Claude\p50\wt\tools\CORPUS\corpus\geometries\G1S_point25.rmx (0.6 МБ)

== G1S_point5 ==
   клеймо   : phys=18;a56b959512b93db3a9d2e8a9f15e233cc4dfbe5a5aa2b5b65f50abea644bb33c
   время    : 371.1 с на часах, ядер 9.8 из 10
   счёт     : 3621.7 с ЦП, 8.62 мкс на историю  <- сравнивать надо ЭТО
   сетка κ  : 200000 точек по 2 истории — в «мкс на историю» НЕ входят (замер узлов — с --jnodes=0)
   обход    : на историю 9.5 шага границ, 10.8 поиска области, 5.2 интерполяции μ, 2.98 сбора пересечений
   шум конт.: взвешенная 1.35 %  тихо
   файл     : D:\BqMoni_Claude\p50\wt\tools\CORPUS\corpus\geometries\G1S_point5.rmx (0.6 МБ)

== RC103_lu_front ==
   клеймо   : phys=18;1876b1e3faf6fdde98db4dc2f8e2fcc78e697c8177c356d968a6dee83a4499a1
   время    : 294.4 с на часах, ядер 9.6 из 10
   счёт     : 2829.4 с ЦП, 6.64 мкс на историю  <- сравнивать надо ЭТО
   сетка κ  : 200000 точек по 2 истории — в «мкс на историю» НЕ входят (замер узлов — с --jnodes=0)
   обход    : на историю 13.1 шага границ, 13.4 поиска области, 8.1 интерполяции μ, 3.34 сбора пересечений
   шум конт.: взвешенная 1.98 %  тихо
   файл     : D:\BqMoni_Claude\p50\wt\tools\CORPUS\corpus\geometries\RC103_lu_front.rmx (0.6 МБ)

== RC103_marinelli05_kcl ==
   клеймо   : phys=18;a53cb1f42a3cc9299375bd31e2f0ca8dc42f01a12860af5eb607d0331ee7abda
   время    : 326.2 с на часах, ядер 9.7 из 10
   счёт     : 3179.8 с ЦП, 7.57 мкс на историю  <- сравнивать надо ЭТО
   сетка κ  : 200000 точек по 2 истории — в «мкс на историю» НЕ входят (замер узлов — с --jnodes=0)
   обход    : на историю 20.5 шага границ, 20.9 поиска области, 13.0 интерполяции μ, 3.33 сбора пересечений
   шум конт.: взвешенная 3.18 %  тихо
   файл     : D:\BqMoni_Claude\p50\wt\tools\CORPUS\corpus\geometries\RC103_marinelli05_kcl.rmx (0.6 МБ)

== RC103_point0 ==
   клеймо   : phys=18;5a44905c73d2b406e76822693d9d5a2b0f86405b1637f4c91f67debd4b342ba0
   время    : 208.3 с на часах, ядер 9.8 из 10
   счёт     : 2042.5 с ЦП, 4.86 мкс на историю  <- сравнивать надо ЭТО
   сетка κ  : 200000 точек по 2 истории — в «мкс на историю» НЕ входят (замер узлов — с --jnodes=0)
   обход    : на историю 6.7 шага границ, 7.5 поиска области, 3.0 интерполяции μ, 2.60 сбора пересечений
   шум конт.: взвешенная 0.51 %  тихо
   файл     : D:\BqMoni_Claude\p50\wt\tools\CORPUS\corpus\geometries\RC103_point0.rmx (0.6 МБ)

матриц: 45 — посчитано 45, пропущено 0 (клеймо сошлось); всего 302.9 мин
пересчитаны ВСЕ — значит изменилась картина целиком (версия физики или параметры расчёта)
ЕСТЬ ШУМНЫЕ
exit code 1
end 14.09.2026  0:57:31,85
