start 10:24:55 tag=p42r20 commit=1ffb1443
Preparing worktree (detached HEAD 1ffb1443)
Updating files:  16% (1135/6703)
Updating files:  17% (1140/6703)
Updating files:  18% (1207/6703)
Updating files:  19% (1274/6703)
Updating files:  20% (1341/6703)
Updating files:  21% (1408/6703)
Updating files:  22% (1475/6703)
Updating files:  23% (1542/6703)
Updating files:  24% (1609/6703)
Updating files:  25% (1676/6703)
Updating files:  26% (1743/6703)
Updating files:  27% (1810/6703)
Updating files:  28% (1877/6703)
Updating files:  29% (1944/6703)
Updating files:  30% (2011/6703)
Updating files:  31% (2078/6703)
Updating files:  32% (2145/6703)
Updating files:  33% (2212/6703)
Updating files:  34% (2280/6703)
Updating files:  35% (2347/6703)
Updating files:  36% (2414/6703)
Updating files:  37% (2481/6703)
Updating files:  38% (2548/6703)
Updating files:  39% (2615/6703)
Updating files:  40% (2682/6703)
Updating files:  41% (2749/6703)
Updating files:  42% (2816/6703)
Updating files:  43% (2883/6703)
Updating files:  44% (2950/6703)
Updating files:  45% (3017/6703)
Updating files:  46% (3084/6703)
Updating files:  47% (3151/6703)
Updating files:  48% (3218/6703)
Updating files:  49% (3285/6703)
Updating files:  49% (3345/6703)
Updating files:  50% (3352/6703)
Updating files:  51% (3419/6703)
Updating files:  52% (3486/6703)
Updating files:  53% (3553/6703)
Updating files:  54% (3620/6703)
Updating files:  55% (3687/6703)
Updating files:  56% (3754/6703)
Updating files:  57% (3821/6703)
Updating files:  58% (3888/6703)
Updating files:  59% (3955/6703)
Updating files:  60% (4022/6703)
Updating files:  61% (4089/6703)
Updating files:  62% (4156/6703)
Updating files:  63% (4223/6703)
Updating files:  64% (4290/6703)
Updating files:  65% (4357/6703)
Updating files:  66% (4424/6703)
Updating files:  67% (4492/6703)
Updating files:  68% (4559/6703)
Updating files:  69% (4626/6703)
Updating files:  70% (4693/6703)
Updating files:  70% (4704/6703)
Updating files:  71% (4760/6703)
Updating files:  72% (4827/6703)
Updating files:  73% (4894/6703)
Updating files:  74% (4961/6703)
Updating files:  75% (5028/6703)
Updating files:  76% (5095/6703)
Updating files:  77% (5162/6703)
Updating files:  78% (5229/6703)
Updating files:  79% (5296/6703)
Updating files:  80% (5363/6703)
Updating files:  81% (5430/6703)
Updating files:  82% (5497/6703)
Updating files:  82% (5555/6703)
Updating files:  83% (5564/6703)
Updating files:  84% (5631/6703)
Updating files:  85% (5698/6703)
Updating files:  86% (5765/6703)
Updating files:  87% (5832/6703)
Updating files:  88% (5899/6703)
Updating files:  89% (5966/6703)
Updating files:  90% (6033/6703)
Updating files:  91% (6100/6703)
Updating files:  92% (6167/6703)
Updating files:  92% (6223/6703)
Updating files:  93% (6234/6703)
Updating files:  94% (6301/6703)
Updating files:  95% (6368/6703)
Updating files:  96% (6435/6703)
Updating files:  97% (6502/6703)
Updating files:  98% (6569/6703)
Updating files:  99% (6636/6703)
Updating files: 100% (6703/6703)
Updating files: 100% (6703/6703), done.
HEAD is now at 1ffb1443 База корпуса out_rev20_*: пол полосы фита ПРАВИЛОМ по порогу АЦП обоих спектров выше рампы (A309, FsaBand.ShippedFitFloor = Threshold) + сетка узлов сплайна от края полосы до пола — полный корпус 436.5 → 422.8, малая 306.4 → 295.2, сцена Amber невязка 43.4 → 14.0 %; A309 закрыта, объявление с отпечатком (П34)
worktree add code=0
HEAD стенда: 1ffb144347766e66a476440317a0b2b674df96e3
rmx copied from C:\Users\moroz\store_phys16_backup_2026-09-13: geometries 45, response 45
10:25:02 restore  exit=0 (2 s)
10:25:07 msbuild  exit=0 (5 s)
  exe: 11341824 байт, 13.09.2026 10:25:07, sha256 B023D4D014B00A17
10:26:11 probes   exit=0 (63 s)
  sha256 exe проб = приложения: True
  FsaStackShot.exe sha256 ACE7D2546968259C
СБОРКА ПРОШЛА
