склад: D:\BqMoni_Claude\p66\store
матриц: 18

файл                                    форм   phys    историй   узл  кан  шум мед шум худш конус
---------------------------------------------------------------------------------------------------------
G1S_mar1l_coal_046_p24.rmx                 8     18    3000000   140    6    1.01%    1.58%   нет
G1S_mar1l_oisn06_055_p16.rmx               8     18    3000000   140    6    0.94%    1.56%   нет
G1S_mar1l_oisn06_057_p16.rmx               8     18    3000000   140    6    0.94%    1.56%   нет
G1S_mar1l_oisn06_057_p24.rmx               8     18    3000000   142    6    0.99%    1.57%   нет
G1S_mar1l_oisn06_062_p16.rmx               8     18    3000000   140    6    0.94%    1.55%   нет
G1S_mar1l_oisn06_062_p24.rmx               8     18    3000000   142    6    0.98%    1.55%   нет
G1S_mar1l_oisn06_064_p24.rmx               8     18    3000000   142    6    0.98%    1.56%   нет
G1S_mar1l_oisn06_066_p16.rmx               8     18    3000000   140    6    0.92%    1.55%   нет
G1S_mar1l_oisn06_066_p24.rmx               8     18    3000000   142    6    0.97%    1.55%   нет
G1S_mar1l_oisn16_155_p16.rmx               8     18    3000000   142    6    1.23%    1.44%   нет
G1S_mar1l_oisn16_155_p24.rmx               8     18    3000000   142    6    1.24%    1.44%   нет
G1S_mar1l_oisn16_160_p16.rmx               8     18    3000000   142    6    1.22%    1.44%   нет
G1S_mar1l_oisn16_160_p24.rmx               8     18    3000000   142    6    1.24%    1.44%   нет
G1S_mar1l_oisn16_166_p16.rmx               8     18    3000000   142    6    1.23%    1.43%   нет
G1S_mar1l_oisn16_166_p24.rmx               8     18    3000000   142    6    1.24%    1.46%   нет
G1S_mar1l_oisn16_167_p16.rmx               8     18    3000000   142    6    1.23%    1.44%   нет
G1S_mar1l_oisn16_167_p24.rmx               8     18    3000000   142    6    1.24%    1.46%   нет
G1S_mar1l_risn379_100_p16.rmx              8     18    3000000   140    6    0.94%    1.49%   нет

  версия физики: 18 — 18
  историй на узел: 3000000 — 18
  каналов у матрицы: 6 — 18 (код знает 6)
  с конусом: 0 из 18
  шумных (худший СУДИМЫЙ узел выше 6.00 %): 0
  континуума нет (шум ≥ 99 %): 512 узлов по складу, судятся узлы от 50 кэВ

СОШЛОСЬ: все 18 матрицы отвечают ожиданиям
