BecqMoni: main config: D:\BqMoni_Claude\p66\wt\tools\effmaker\probes\build_p66\config\BecquerelMonitor.xml
Матрицы отклика понятной части корпуса (B1)
сетка: 2 узлов 30-31 кэВ, бин 2 кэВ, 400000 историй на узел
останов по шуму ВЫКЛЮЧЕН — плоский счёт (T35)

== G1S_mar1l_coal_046_p24 ==
   клеймо   : phys=18;55d4d85abc9ccf4be16baa3dc3cdcd87cf4d1f053223c6ba5713e1e31b63670a
   время    : 2.3 с на часах, ядер 1.9 из 10  — МАШИНУ ДЕЛИМ
   счёт     : 4.4 с ЦП, 5.45 мкс на историю  <- сравнивать надо ЭТО
   обход    : на историю 19.3 шага границ, 20.2 поиска области, 11.6 интерполяции μ, 3.39 сбора пересечений
   шум конт.: взвешенная 8.05 %  ВЫШЕ ПОРОГА 5.0 %
   файл     : D:\BqMoni_Claude\p66\store_check\G1S_mar1l_coal_046_p24.rmx (0.0 МБ)

== G1S_mar1l_oisn06_055_p16 ==
   клеймо   : phys=18;9a7eaf17cbef9d08c679307c6568adfe45d7b1795cb3f16289bfb4faa4e86f02
   время    : 2.2 с на часах, ядер 2.0 из 10  — МАШИНУ ДЕЛИМ
   счёт     : 4.3 с ЦП, 5.35 мкс на историю  <- сравнивать надо ЭТО
   обход    : на историю 19.1 шага границ, 20.0 поиска области, 11.4 интерполяции μ, 3.45 сбора пересечений
   шум конт.: взвешенная 3.45 %  тихо
   файл     : D:\BqMoni_Claude\p66\store_check\G1S_mar1l_oisn06_055_p16.rmx (0.0 МБ)

матриц: 2 — посчитано 2, пропущено 0 (клеймо сошлось); всего 0.1 мин
пересчитаны ВСЕ — значит изменилась картина целиком (версия физики или параметры расчёта)
ЕСТЬ ШУМНЫЕ
