BecqMoni: main config: D:\BqMoni_Claude\p66\wt\tools\effmaker\probes\build_p66\config\BecquerelMonitor.xml
Матрицы отклика понятной части корпуса (B1)
сетка: 140 узлов 5-3000 кэВ, бин 2 кэВ, 3000000 историй на узел
останов по шуму ВЫКЛЮЧЕН — плоский счёт (T35)

== G1S_mar1l_coal_046_p24 ==
   клеймо   : phys=18;c08e15a4ec048341f718ddad7d801f5b09cfa8796415c9b3f7b8d40c9d7e7009
   время    : 464.7 с на часах, ядер 9.8 из 10
   счёт     : 4558.3 с ЦП, 10.85 мкс на историю  <- сравнивать надо ЭТО
   сетка κ  : 200000 точек по 2 истории — в «мкс на историю» НЕ входят (замер узлов — с --jnodes=0)
   обход    : на историю 18.7 шага границ, 19.6 поиска области, 11.3 интерполяции μ, 3.25 сбора пересечений
   шум конт.: взвешенная 0.81 %  тихо
   файл     : D:\BqMoni_Claude\p66\store\G1S_mar1l_coal_046_p24.rmx (0.6 МБ)

== G1S_mar1l_oisn06_055_p16 ==
   клеймо   : phys=18;5fc08aadbfe9cb8b0efcb892353d852e4268c4a871ad417a0d5996ac9106df57
   время    : 511.8 с на часах, ядер 9.8 из 10
   счёт     : 5007.2 с ЦП, 11.92 мкс на историю  <- сравнивать надо ЭТО
   сетка κ  : 200000 точек по 2 истории — в «мкс на историю» НЕ входят (замер узлов — с --jnodes=0)
   обход    : на историю 18.6 шага границ, 19.4 поиска области, 11.2 интерполяции μ, 3.29 сбора пересечений
   шум конт.: взвешенная 0.79 %  тихо
   файл     : D:\BqMoni_Claude\p66\store\G1S_mar1l_oisn06_055_p16.rmx (0.6 МБ)

== G1S_mar1l_oisn06_057_p16 ==
   клеймо   : phys=18;666a6bf7c95db4f67f45d28f38926b60f7fbfc84e6ccc2cf6af8e779a7a551d6
   время    : 495.9 с на часах, ядер 9.8 из 10
   счёт     : 4873.4 с ЦП, 11.60 мкс на историю  <- сравнивать надо ЭТО
   сетка κ  : 200000 точек по 2 истории — в «мкс на историю» НЕ входят (замер узлов — с --jnodes=0)
   обход    : на историю 18.5 шага границ, 19.4 поиска области, 11.2 интерполяции μ, 3.30 сбора пересечений
   шум конт.: взвешенная 0.78 %  тихо
   файл     : D:\BqMoni_Claude\p66\store\G1S_mar1l_oisn06_057_p16.rmx (0.6 МБ)

== G1S_mar1l_oisn06_057_p24 ==
   клеймо   : phys=18;531cc8f6e08c5ad665a8dc765f36df2a66128d419baab0610332917833d1ef34
   время    : 664.5 с на часах, ядер 8.3 из 10
   счёт     : 5507.3 с ЦП, 12.93 мкс на историю  <- сравнивать надо ЭТО
   сетка κ  : 200000 точек по 2 истории — в «мкс на историю» НЕ входят (замер узлов — с --jnodes=0)
   обход    : на историю 17.6 шага границ, 18.5 поиска области, 10.8 интерполяции μ, 3.31 сбора пересечений
   шум конт.: взвешенная 0.85 %  тихо
   файл     : D:\BqMoni_Claude\p66\store\G1S_mar1l_oisn06_057_p24.rmx (0.6 МБ)

== G1S_mar1l_oisn06_062_p16 ==
   клеймо   : phys=18;61379b3b1b44c6a79f0b1fa7a9175a4a7b14c5cdb0ff587d506a5655c5576487
   время    : 912.6 с на часах, ядер 6.8 из 10
   счёт     : 6233.3 с ЦП, 14.84 мкс на историю  <- сравнивать надо ЭТО
   сетка κ  : 200000 точек по 2 истории — в «мкс на историю» НЕ входят (замер узлов — с --jnodes=0)
   обход    : на историю 18.5 шага границ, 19.4 поиска области, 11.2 интерполяции μ, 3.32 сбора пересечений
   шум конт.: взвешенная 0.78 %  тихо
   файл     : D:\BqMoni_Claude\p66\store\G1S_mar1l_oisn06_062_p16.rmx (0.6 МБ)

== G1S_mar1l_oisn06_062_p24 ==
   клеймо   : phys=18;e913e506474f9b5c627df658d61868e6c5cf0f4819dc8a97a2da97ebe48324ed
   время    : 1083.7 с на часах, ядер 5.7 из 10
   счёт     : 6178.6 с ЦП, 14.50 мкс на историю  <- сравнивать надо ЭТО
   сетка κ  : 200000 точек по 2 истории — в «мкс на историю» НЕ входят (замер узлов — с --jnodes=0)
   обход    : на историю 17.6 шага границ, 18.4 поиска области, 10.7 интерполяции μ, 3.32 сбора пересечений
   шум конт.: взвешенная 0.85 %  тихо
   файл     : D:\BqMoni_Claude\p66\store\G1S_mar1l_oisn06_062_p24.rmx (0.6 МБ)

== G1S_mar1l_oisn06_064_p24 ==
   клеймо   : phys=18;6af9b67ddc606c7f96bfb5680779cef0c3ffe4c6d1d606b5f9a5184a88226346
   время    : 894.6 с на часах, ядер 6.9 из 10
   счёт     : 6164.6 с ЦП, 14.47 мкс на историю  <- сравнивать надо ЭТО
   сетка κ  : 200000 точек по 2 истории — в «мкс на историю» НЕ входят (замер узлов — с --jnodes=0)
   обход    : на историю 17.6 шага границ, 18.4 поиска области, 10.7 интерполяции μ, 3.33 сбора пересечений
   шум конт.: взвешенная 0.84 %  тихо
   файл     : D:\BqMoni_Claude\p66\store\G1S_mar1l_oisn06_064_p24.rmx (0.6 МБ)

== G1S_mar1l_oisn06_066_p16 ==
   клеймо   : phys=18;51e0570ec29e8e32b8a7ea5bb64443caf3d31db98c9d2b67ae4510aa9985e47a
   время    : 863.7 с на часах, ядер 7.0 из 10
   счёт     : 6015.6 с ЦП, 14.32 мкс на историю  <- сравнивать надо ЭТО
   сетка κ  : 200000 точек по 2 истории — в «мкс на историю» НЕ входят (замер узлов — с --jnodes=0)
   обход    : на историю 18.5 шага границ, 19.4 поиска области, 11.1 интерполяции μ, 3.33 сбора пересечений
   шум конт.: взвешенная 0.77 %  тихо
   файл     : D:\BqMoni_Claude\p66\store\G1S_mar1l_oisn06_066_p16.rmx (0.6 МБ)

== G1S_mar1l_oisn06_066_p24 ==
   клеймо   : phys=18;e83abbaa088bccf78515628a7f350f7d11bd66e21da5f79f2f8805ba703ba8d6
   время    : 915.1 с на часах, ядер 6.7 из 10
   счёт     : 6170.5 с ЦП, 14.48 мкс на историю  <- сравнивать надо ЭТО
   сетка κ  : 200000 точек по 2 истории — в «мкс на историю» НЕ входят (замер узлов — с --jnodes=0)
   обход    : на историю 17.5 шага границ, 18.3 поиска области, 10.7 интерполяции μ, 3.33 сбора пересечений
   шум конт.: взвешенная 0.84 %  тихо
   файл     : D:\BqMoni_Claude\p66\store\G1S_mar1l_oisn06_066_p24.rmx (0.6 МБ)

== G1S_mar1l_oisn16_155_p16 ==
   клеймо   : phys=18;c31f97a5418dcd2d118a68e7dc922ed5bf5e9d2c726ad4d3e95c55e02c5db205
   время    : 892.4 с на часах, ядер 6.9 из 10
   счёт     : 6134.8 с ЦП, 14.40 мкс на историю  <- сравнивать надо ЭТО
   сетка κ  : 200000 точек по 2 истории — в «мкс на историю» НЕ входят (замер узлов — с --jnodes=0)
   обход    : на историю 15.8 шага границ, 16.5 поиска области, 9.5 интерполяции μ, 3.50 сбора пересечений
   шум конт.: взвешенная 0.91 %  тихо
   файл     : D:\BqMoni_Claude\p66\store\G1S_mar1l_oisn16_155_p16.rmx (0.6 МБ)

== G1S_mar1l_oisn16_155_p24 ==
   клеймо   : phys=18;9669e8ef784ecf6c953555a51485ceabeecbd46a696319cba623f5f291a56f50
   время    : 693.2 с на часах, ядер 7.8 из 10
   счёт     : 5431.6 с ЦП, 12.75 мкс на историю  <- сравнивать надо ЭТО
   сетка κ  : 200000 точек по 2 истории — в «мкс на историю» НЕ входят (замер узлов — с --jnodes=0)
   обход    : на историю 15.7 шага границ, 16.4 поиска области, 9.4 интерполяции μ, 3.50 сбора пересечений
   шум конт.: взвешенная 0.92 %  тихо
   файл     : D:\BqMoni_Claude\p66\store\G1S_mar1l_oisn16_155_p24.rmx (0.6 МБ)

== G1S_mar1l_oisn16_160_p16 ==
   клеймо   : phys=18;b2047933258c9dc22e2adc3c9cc333c4f49bb1206a70e599d02114eb2e4ec709
   время    : 493.1 с на часах, ядер 9.6 из 10
   счёт     : 4719.7 с ЦП, 11.08 мкс на историю  <- сравнивать надо ЭТО
   сетка κ  : 200000 точек по 2 истории — в «мкс на историю» НЕ входят (замер узлов — с --jnodes=0)
   обход    : на историю 15.8 шага границ, 16.5 поиска области, 9.4 интерполяции μ, 3.51 сбора пересечений
   шум конт.: взвешенная 0.91 %  тихо
   файл     : D:\BqMoni_Claude\p66\store\G1S_mar1l_oisn16_160_p16.rmx (0.6 МБ)

== G1S_mar1l_oisn16_160_p24 ==
   клеймо   : phys=18;8de08e56f6b54cce68830b529ee67b17ec6ff30ab2ffe5e06a5748ebe61dd445
   время    : 480.8 с на часах, ядер 9.7 из 10
   счёт     : 4671.7 с ЦП, 10.97 мкс на историю  <- сравнивать надо ЭТО
   сетка κ  : 200000 точек по 2 истории — в «мкс на историю» НЕ входят (замер узлов — с --jnodes=0)
   обход    : на историю 15.7 шага границ, 16.4 поиска области, 9.4 интерполяции μ, 3.51 сбора пересечений
   шум конт.: взвешенная 0.92 %  тихо
   файл     : D:\BqMoni_Claude\p66\store\G1S_mar1l_oisn16_160_p24.rmx (0.6 МБ)

== G1S_mar1l_oisn16_166_p16 ==
   клеймо   : phys=18;a4273f022fc9ab8f14bffdce2eb346f10866c4a28dc95d4bdd08c805ee1b6b79
   время    : 471.7 с на часах, ядер 9.7 из 10
   счёт     : 4585.1 с ЦП, 10.76 мкс на историю  <- сравнивать надо ЭТО
   сетка κ  : 200000 точек по 2 истории — в «мкс на историю» НЕ входят (замер узлов — с --jnodes=0)
   обход    : на историю 15.7 шага границ, 16.4 поиска области, 9.4 интерполяции μ, 3.52 сбора пересечений
   шум конт.: взвешенная 0.91 %  тихо
   файл     : D:\BqMoni_Claude\p66\store\G1S_mar1l_oisn16_166_p16.rmx (0.6 МБ)

== G1S_mar1l_oisn16_166_p24 ==
   клеймо   : phys=18;98d43ded97ff2baa0d33b79a696fa4fc8e4544324715ccbe240194e6c19e635e
   время    : 499.5 с на часах, ядер 9.6 из 10
   счёт     : 4810.2 с ЦП, 11.29 мкс на историю  <- сравнивать надо ЭТО
   сетка κ  : 200000 точек по 2 истории — в «мкс на историю» НЕ входят (замер узлов — с --jnodes=0)
   обход    : на историю 15.7 шага границ, 16.4 поиска области, 9.4 интерполяции μ, 3.52 сбора пересечений
   шум конт.: взвешенная 0.92 %  тихо
   файл     : D:\BqMoni_Claude\p66\store\G1S_mar1l_oisn16_166_p24.rmx (0.6 МБ)

== G1S_mar1l_oisn16_167_p16 ==
   клеймо   : phys=18;e388f7548275cb33da7774c80571f18f2d7ddba82d4cabf2ebda8395564160b8
   время    : 700.8 с на часах, ядер 7.9 из 10
   счёт     : 5566.9 с ЦП, 13.07 мкс на историю  <- сравнивать надо ЭТО
   сетка κ  : 200000 точек по 2 истории — в «мкс на историю» НЕ входят (замер узлов — с --jnodes=0)
   обход    : на историю 15.7 шага границ, 16.4 поиска области, 9.4 интерполяции μ, 3.52 сбора пересечений
   шум конт.: взвешенная 0.91 %  тихо
   файл     : D:\BqMoni_Claude\p66\store\G1S_mar1l_oisn16_167_p16.rmx (0.6 МБ)

== G1S_mar1l_oisn16_167_p24 ==
   клеймо   : phys=18;04bc2f7baa4074169335dfd5d35a565820a2465818c6234c7dddd8375118f8a1
   время    : 533.3 с на часах, ядер 9.6 из 10
   счёт     : 5092.7 с ЦП, 11.95 мкс на историю  <- сравнивать надо ЭТО
   сетка κ  : 200000 точек по 2 истории — в «мкс на историю» НЕ входят (замер узлов — с --jnodes=0)
   обход    : на историю 15.7 шага границ, 16.4 поиска области, 9.4 интерполяции μ, 3.52 сбора пересечений
   шум конт.: взвешенная 0.92 %  тихо
   файл     : D:\BqMoni_Claude\p66\store\G1S_mar1l_oisn16_167_p24.rmx (0.6 МБ)

== G1S_mar1l_risn379_100_p16 ==
   клеймо   : phys=18;8566d1907c44f80318cf05876a510b46eadaf7767f0f37662fd0163bf99ec6ae
   время    : 556.8 с на часах, ядер 9.6 из 10
   счёт     : 5351.6 с ЦП, 12.74 мкс на историю  <- сравнивать надо ЭТО
   сетка κ  : 200000 точек по 2 истории — в «мкс на историю» НЕ входят (замер узлов — с --jnodes=0)
   обход    : на историю 17.2 шага границ, 18.0 поиска области, 10.3 интерполяции μ, 3.39 сбора пересечений
   шум конт.: взвешенная 0.78 %  тихо
   файл     : D:\BqMoni_Claude\p66\store\G1S_mar1l_risn379_100_p16.rmx (0.6 МБ)

матриц: 18 — посчитано 18, пропущено 0 (клеймо сошлось); всего 202.1 мин
пересчитаны ВСЕ — значит изменилась картина целиком (версия физики или параметры расчёта)
ВСЕ СОШЛИСЬ
