правка в основном дереве: exe 20:54:24 sha256 E2B9424F241430017A2D1B556DD9623A6C73C351B763D2531E342F726A3092DC
wd_main: матриц 20, приборов 9
wd_radon: матриц 2, приборов 2
--- cs_a (код 0)
пороги отображения (S174): разнос подложки от канала 282 (100 кэВ), невязка от канала 35 (5 кэВ) при полосе фита 35..8190
chi2/ndf 12.846, невязка модели 7.8 %, суммирование да
ROW	Cs-137	Single	88.745	-	-
ROW	Backscatter	Nuisance	3.337	-	-
ROW	Xray-Pb-L	Nuisance	0.499	-	-
ROW	Xray-Pb	Nuisance	0.466	-	-
ROW	pile-up	Nuisance	0.335	-	-
ROW	continuum	Nuisance	6.616	-	-
серый слой (S174): ниже порога доверия 16347497.5 отсч., выше последней линии 0.0 отсч.; всего 16347497.5 отсч. (6.616 % стека)
невязка (S174) ниже Min_Range (лента, не в проценте): каналы 35..34 (0), измерение фита 0.0, модель 0.0, не описано 0.0 (0.00 %), лишнее 0.0 (0.00 %)
невязка (S174) от Min_Range (число строки отчёта): каналы 35..8190 (8156), измерение фита 248457536.2, модель 246762515.2, не описано 7478949.6 (3.01 %), лишнее 5783928.5 (2.33 %)
отвязанный хвост (в подложке → серый слой S174, AMBER30; UntiedTail пуст по построению): нет
--- cs_b (код 0)
пороги отображения (S174): разнос подложки от канала 282 (100 кэВ), невязка от канала 35 (5 кэВ) при полосе фита 35..8190
chi2/ndf 12.846, невязка модели 7.8 %, суммирование да
ROW	Cs-137	Single	94.156	-	-
ROW	Backscatter	Nuisance	3.541	-	-
ROW	Xray-Pb-L	Nuisance	0.530	-	-
ROW	Xray-Pb	Nuisance	0.495	-	-
ROW	pile-up	Nuisance	0.356	-	-
ROW	continuum	Nuisance	0.922	-	-
серый слой (S174): ниже порога доверия 2144599.3 отсч., выше последней линии 0.0 отсч.; всего 2144599.3 отсч. (0.922 % стека)
невязка (S174) ниже Min_Range (лента, не в проценте): каналы 35..34 (0), измерение фита 0.0, модель 0.0, не описано 0.0 (0.00 %), лишнее 0.0 (0.00 %)
невязка (S174) от Min_Range (число строки отчёта): каналы 35..8190 (8156), измерение фита 248457536.2, модель 232344356.1, не описано 21391611.7 (8.61 %), лишнее 5278431.5 (2.12 %)
отвязанный хвост (в невязке, не в слоях — --tail-as-residual): Cs-137 13984949.0, Xray-Pb 433210.1; всего 14418159.1 отсч.
  SETUP	против поставочного разбора изменено: BackscatterWithMatrix False → True; MinEnergy 40 → 5; ResponseMatrix нет → B
--- cs_a_zoom (код 0)
пороги отображения (S174): разнос подложки от канала 282 (100 кэВ), невязка от канала 35 (5 кэВ) при полосе фита 35..8190
chi2/ndf 12.846, невязка модели 7.8 %, суммирование да
ROW	Cs-137	Single	88.745	-	-
ROW	Backscatter	Nuisance	3.337	-	-
ROW	Xray-Pb-L	Nuisance	0.499	-	-
ROW	Xray-Pb	Nuisance	0.466	-	-
ROW	pile-up	Nuisance	0.335	-	-
ROW	continuum	Nuisance	6.616	-	-
серый слой (S174): ниже порога доверия 16347497.5 отсч., выше последней линии 0.0 отсч.; всего 16347497.5 отсч. (6.616 % стека)
невязка (S174) ниже Min_Range (лента, не в проценте): каналы 35..34 (0), измерение фита 0.0, модель 0.0, не описано 0.0 (0.00 %), лишнее 0.0 (0.00 %)
невязка (S174) от Min_Range (число строки отчёта): каналы 35..8190 (8156), измерение фита 248457536.2, модель 246762515.2, не описано 7478949.6 (3.01 %), лишнее 5783928.5 (2.33 %)
отвязанный хвост (в подложке → серый слой S174, AMBER30; UntiedTail пуст по построению): нет
--- cs_b_zoom (код 0)
пороги отображения (S174): разнос подложки от канала 282 (100 кэВ), невязка от канала 35 (5 кэВ) при полосе фита 35..8190
chi2/ndf 12.846, невязка модели 7.8 %, суммирование да
ROW	Cs-137	Single	94.156	-	-
ROW	Backscatter	Nuisance	3.541	-	-
ROW	Xray-Pb-L	Nuisance	0.530	-	-
ROW	Xray-Pb	Nuisance	0.495	-	-
ROW	pile-up	Nuisance	0.356	-	-
ROW	continuum	Nuisance	0.922	-	-
серый слой (S174): ниже порога доверия 2144599.3 отсч., выше последней линии 0.0 отсч.; всего 2144599.3 отсч. (0.922 % стека)
невязка (S174) ниже Min_Range (лента, не в проценте): каналы 35..34 (0), измерение фита 0.0, модель 0.0, не описано 0.0 (0.00 %), лишнее 0.0 (0.00 %)
невязка (S174) от Min_Range (число строки отчёта): каналы 35..8190 (8156), измерение фита 248457536.2, модель 232344356.1, не описано 21391611.7 (8.61 %), лишнее 5278431.5 (2.12 %)
отвязанный хвост (в невязке, не в слоях — --tail-as-residual): Cs-137 13984949.0, Xray-Pb 433210.1; всего 14418159.1 отсч.
  SETUP	против поставочного разбора изменено: BackscatterWithMatrix False → True; MinEnergy 40 → 5; ResponseMatrix нет → B
--- as80amb_a (код 0)
пороги отображения (S174): разнос подложки от канала 301 (100 кэВ), невязка от канала 78 (15 кэВ) при полосе фита 66..8190
chi2/ndf 14.255, невязка модели 21.7 %, суммирование да
ROW	Ac-228	Single	36.370	Th-232	-
ROW	Tl-208	Single	29.160	Th-232	-
ROW	Pb-212	Single	16.041	Th-232	-
ROW	Bi-212	Single	4.906	Th-232	-
ROW	Ra-224	Single	1.282	Th-232	-
ROW	Th-228	Single	0.177	Th-232	-
ROW	Rn-220	Single	0.039	Th-232	-
ROW	Th-232	Single	0.010	Th-232	-
ROW	continuum	Nuisance	12.013	-	-
серый слой (S174): ниже порога доверия 2949134.9 отсч., выше последней линии 0.0 отсч.; всего 2949134.9 отсч. (12.013 % стека)
невязка (S174) ниже Min_Range (лента, не в проценте): каналы 66..77 (12), измерение фита -28706.3, модель 40509.9, не описано 0.0 (0.00 %), лишнее 69216.2 (0.00 %)
невязка (S174) от Min_Range (число строки отчёта): каналы 78..8190 (8113), измерение фита 25137822.6, модель 24508218.3, не описано 2213424.9 (8.81 %), лишнее 1583820.5 (6.30 %)
отвязанный хвост (в подложке → серый слой S174, AMBER30; UntiedTail пуст по построению): нет
--- as80amb_b (код 0)
пороги отображения (S174): разнос подложки от канала 301 (100 кэВ), невязка от канала 78 (15 кэВ) при полосе фита 66..8190
chi2/ndf 14.255, невязка модели 21.7 %, суммирование да
ROW	Ac-228	Single	36.370	Th-232	-
ROW	Tl-208	Single	29.160	Th-232	-
ROW	Pb-212	Single	16.041	Th-232	-
ROW	Bi-212	Single	4.906	Th-232	-
ROW	Ra-224	Single	1.282	Th-232	-
ROW	Th-228	Single	0.177	Th-232	-
ROW	Rn-220	Single	0.039	Th-232	-
ROW	Th-232	Single	0.010	Th-232	-
ROW	continuum	Nuisance	12.013	-	-
серый слой (S174): ниже порога доверия 2949134.9 отсч., выше последней линии 0.0 отсч.; всего 2949134.9 отсч. (12.013 % стека)
невязка (S174) ниже Min_Range (лента, не в проценте): каналы 66..77 (12), измерение фита -28706.3, модель 40509.9, не описано 0.0 (0.00 %), лишнее 69216.2 (0.00 %)
невязка (S174) от Min_Range (число строки отчёта): каналы 78..8190 (8113), измерение фита 25137822.6, модель 24508218.3, не описано 2213424.9 (8.81 %), лишнее 1583820.5 (6.30 %)
отвязанный хвост (в невязке, не в слоях — --tail-as-residual): нет
  SETUP	против поставочного разбора изменено: CoincidenceWindowSec 0 → 1.35714285714286E-06; MinEnergy 40 → 15; ResponseMa
--- radon2_free_a (код 0)
пороги отображения (S174): разнос подложки от канала 281 (100 кэВ), невязка от канала 96 (30 кэВ) при полосе фита 20..8190
chi2/ndf 1.316, невязка модели 81.1 %, суммирование да
ROW	Pb-212	Single	24.825	-	-
ROW	Ra-224	Single	1.523	-	Pb-212
ROW	continuum	Nuisance	73.652	-	-
серый слой (S174): ниже порога доверия 35364.2 отсч., выше последней линии 1819.9 отсч.; всего 37184.0 отсч. (73.652 % стека)
невязка (S174) ниже Min_Range (лента, не в проценте): каналы 20..95 (76), измерение фита 14759.1, модель 11688.3, не описано 6563.0 (44.47 %), лишнее 3492.2 (23.66 %)
невязка (S174) от Min_Range (число строки отчёта): каналы 96..8190 (8095), измерение фита 22133.4, модель 38797.8, не описано 12981.8 (58.65 %), лишнее 29646.2 (133.94 %)
отвязанный хвост (в подложке → серый слой S174, AMBER30; UntiedTail пуст по построению): нет
--- radon2_free_b (код 0)
пороги отображения (S174): разнос подложки от канала 281 (100 кэВ), невязка от канала 96 (30 кэВ) при полосе фита 20..8190
chi2/ndf 1.316, невязка модели 81.1 %, суммирование да
ROW	Pb-212	Single	25.331	-	-
ROW	Ra-224	Single	1.554	-	Pb-212
ROW	continuum	Nuisance	73.115	-	-
серый слой (S174): ниже порога доверия 34356.2 отсч., выше последней линии 1819.9 отсч.; всего 36176.0 отсч. (73.115 % стека)
невязка (S174) ниже Min_Range (лента, не в проценте): каналы 20..95 (76), измерение фита 14759.1, модель 11393.4, не описано 6719.0 (45.52 %), лишнее 3353.3 (22.72 %)
невязка (S174) от Min_Range (число строки отчёта): каналы 96..8190 (8095), измерение фита 22133.4, модель 38084.6, не описано 13422.3 (60.64 %), лишнее 29373.5 (132.71 %)
отвязанный хвост (в невязке, не в слоях — --tail-as-residual): Pb-212 1008.0; всего 1008.0 отсч.
  SETUP	против поставочного разбора изменено: CoincidenceWindowSec 0 → 0.00036281179138322; MinEnergy 40 → 30; ResponseMat
--- radon2_eq_a (код 0)
пороги отображения (S174): разнос подложки от канала 281 (100 кэВ), невязка от канала 96 (30 кэВ) при полосе фита 20..8190
chi2/ndf 1.190, невязка модели 77.6 %, суммирование да
ROW	Ac-228	Single	7.038	Th-232	-
ROW	Tl-208	Single	6.617	Th-232	-
ROW	Pb-212	Single	5.201	Th-232	-
ROW	Bi-212	Single	0.808	Th-232	-
ROW	Ra-224	Single	0.385	Th-232	-
ROW	Th-228	Single	0.078	Th-232	-
ROW	Th-232	Single	0.009	Th-232	-
ROW	Rn-220	Single	0.007	Th-232	-
ROW	continuum	Nuisance	79.858	-	-
серый слой (S174): ниже порога доверия 42239.1 отсч., выше последней линии 0.0 отсч.; всего 42239.1 отсч. (79.858 % стека)
невязка (S174) ниже Min_Range (лента, не в проценте): каналы 20..95 (76), измерение фита 14759.1, модель 16823.6, не описано 2620.4 (17.75 %), лишнее 4684.9 (31.74 %)
невязка (S174) от Min_Range (число строки отчёта): каналы 96..8190 (8095), измерение фита 22133.4, модель 36069.3, не описано 14464.1 (65.35 %), лишнее 28400.0 (128.31 %)
отвязанный хвост (в подложке → серый слой S174, AMBER30; UntiedTail пуст по построению): нет
--- radon2_eq_b (код 0)
пороги отображения (S174): разнос подложки от канала 281 (100 кэВ), невязка от канала 96 (30 кэВ) при полосе фита 20..8190
chi2/ndf 1.190, невязка модели 77.6 %, суммирование да
ROW	Ac-228	Single	10.094	Th-232	-
ROW	Tl-208	Single	9.490	Th-232	-
ROW	Pb-212	Single	7.459	Th-232	-
ROW	Bi-212	Single	1.158	Th-232	-
ROW	Ra-224	Single	0.552	Th-232	-
ROW	Th-228	Single	0.112	Th-232	-
ROW	Th-232	Single	0.013	Th-232	-
ROW	Rn-220	Single	0.010	Th-232	-
ROW	continuum	Nuisance	71.113	-	-
серый слой (S174): ниже порога доверия 26226.8 отсч., выше последней линии 0.0 отсч.; всего 26226.8 отсч. (71.113 % стека)
невязка (S174) ниже Min_Range (лента, не в проценте): каналы 20..95 (76), измерение фита 14759.1, модель 1043.7, не описано 13859.2 (93.90 %), лишнее 143.9 (0.97 %)
невязка (S174) от Min_Range (число строки отчёта): каналы 96..8190 (8095), измерение фита 22133.4, модель 35836.8, не описано 14464.2 (65.35 %), лишнее 28167.6 (127.26 %)
отвязанный хвост (в невязке, не в слоях — --tail-as-residual): Th-232 16012.3; всего 16012.3 отсч.
  SETUP	против поставочного разбора изменено: CoincidenceWindowSec 0 → 0.00036281179138322; MinEnergy 40 → 30; ResponseMat
--- radon2_free_a_zoom (код 0)
пороги отображения (S174): разнос подложки от канала 281 (100 кэВ), невязка от канала 96 (30 кэВ) при полосе фита 20..8190
chi2/ndf 1.316, невязка модели 81.1 %, суммирование да
ROW	Pb-212	Single	24.825	-	-
ROW	Ra-224	Single	1.523	-	Pb-212
ROW	continuum	Nuisance	73.652	-	-
серый слой (S174): ниже порога доверия 35364.2 отсч., выше последней линии 1819.9 отсч.; всего 37184.0 отсч. (73.652 % стека)
невязка (S174) ниже Min_Range (лента, не в проценте): каналы 20..95 (76), измерение фита 14759.1, модель 11688.3, не описано 6563.0 (44.47 %), лишнее 3492.2 (23.66 %)
невязка (S174) от Min_Range (число строки отчёта): каналы 96..8190 (8095), измерение фита 22133.4, модель 38797.8, не описано 12981.8 (58.65 %), лишнее 29646.2 (133.94 %)
отвязанный хвост (в подложке → серый слой S174, AMBER30; UntiedTail пуст по построению): нет
--- as80_a (код 0)
пороги отображения (S174): разнос подложки от канала 301 (100 кэВ), невязка от канала 117 (30 кэВ) при полосе фита 66..8190
chi2/ndf 14.115, невязка модели 21.3 %, суммирование да
ROW	Ac-228	Single	36.270	Th-232	-
ROW	Tl-208	Single	29.164	Th-232	-
ROW	Pb-212	Single	16.165	Th-232	-
ROW	Bi-212	Single	4.922	Th-232	-
ROW	Ra-224	Single	1.292	Th-232	-
ROW	Th-228	Single	0.179	Th-232	-
ROW	Rn-220	Single	0.040	Th-232	-
ROW	Th-232	Single	0.010	Th-232	-
ROW	continuum	Nuisance	11.959	-	-
серый слой (S174): ниже порога доверия 2933410.4 отсч., выше последней линии 0.0 отсч.; всего 2933410.4 отсч. (11.959 % стека)
невязка (S174) ниже Min_Range (лента, не в проценте): каналы 66..116 (51), измерение фита -88421.1, модель 137600.9, не описано 0.0 (0.00 %), лишнее 226022.0 (0.00 %)
невязка (S174) от Min_Range (число строки отчёта): каналы 117..8190 (8074), измерение фита 25197537.4, модель 24391073.4, не описано 2191555.7 (8.70 %), лишнее 1385091.7 (5.50 %)
отвязанный хвост (в подложке → серый слой S174, AMBER30; UntiedTail пуст по построению): нет
--- as80_b (код 0)
пороги отображения (S174): разнос подложки от канала 301 (100 кэВ), невязка от канала 117 (30 кэВ) при полосе фита 66..8190
chi2/ndf 14.115, невязка модели 21.3 %, суммирование да
ROW	Ac-228	Single	36.270	Th-232	-
ROW	Tl-208	Single	29.164	Th-232	-
ROW	Pb-212	Single	16.165	Th-232	-
ROW	Bi-212	Single	4.922	Th-232	-
ROW	Ra-224	Single	1.292	Th-232	-
ROW	Th-228	Single	0.179	Th-232	-
ROW	Rn-220	Single	0.040	Th-232	-
ROW	Th-232	Single	0.010	Th-232	-
ROW	continuum	Nuisance	11.959	-	-
серый слой (S174): ниже порога доверия 2933410.4 отсч., выше последней линии 0.0 отсч.; всего 2933410.4 отсч. (11.959 % стека)
невязка (S174) ниже Min_Range (лента, не в проценте): каналы 66..116 (51), измерение фита -88421.1, модель 137600.9, не описано 0.0 (0.00 %), лишнее 226022.0 (0.00 %)
невязка (S174) от Min_Range (число строки отчёта): каналы 117..8190 (8074), измерение фита 25197537.4, модель 24391073.4, не описано 2191555.7 (8.70 %), лишнее 1385091.7 (5.50 %)
отвязанный хвост (в невязке, не в слоях — --tail-as-residual): нет
  SETUP	против поставочного разбора изменено: CoincidenceWindowSec 0 → 0.00036281179138322; MinEnergy 40 → 30; ResponseMat
dc_as80amb   ВСЕ СОШЛИСЬ
dc_cs          положительный контроль S141: гейт снят — двойной образ ПОЙМАН          !! False вместо True |   S174: договор результата (полы на порогах, сплайн ниже порога — серый слой, невязка от Min_Range, стек = мод | НЕ СОШЛОСЬ: 9
dc_as80      ВСЕ СОШЛИСЬ
dc_radon2      DecayChainRoot: одинаковое число членов при равновесии и без           !! 16 вместо 10 |   DecayChainRoot: те же имена членов                                     !! Ac-228,Bi-212,Bi-214,Pb-210,Pb-212 | НЕ СОШЛОСЬ: 5
tie          ВСЕ СОШЛИСЬ
qrow         ВСЕ СОШЛИСЬ
коды: cs_a=0 cs_b=0 cs_a_zoom=0 cs_b_zoom=0 as80amb_a=0 as80amb_b=0 radon2_free_a=0 radon2_free_b=0 radon2_eq_a=0 radon2_eq_b=0 radon2_free_a_zoom=0 as80_a=0 as80_b=0 dc_as80amb=0 dc_cs=1 tie=0 qrow=0 dc_as80=0 dc_radon2=1
⚠ НЕ НУЛЕВЫЕ: dc_cs=1 dc_radon2=1
