BecqMoni: main config: D:\BqMoni_Claude\p114\wt\tools\effmaker\probes\build_p114\config\BecquerelMonitor.xml
Матрицы отклика понятной части корпуса (B1)
сетка: 2 узлов 30-31 кэВ, бин 2 кэВ, 400000 историй на узел
останов по шуму ВЫКЛЮЧЕН — плоский счёт (T35)

== ASN16_point10_house ==
   клеймо   : phys=22;c68fa8904e879a45f8d580c481d061665387b4dd6a14523e2b2126445bfa0404
   время    : 0.8 с на часах, ядер 1.6 из 10  — МАШИНУ ДЕЛИМ
   счёт     : 1.4 с ЦП, 1.70 мкс на историю  <- сравнивать надо ЭТО
   обход    : на историю 4.8 шага границ, 4.9 поиска области, 1.3 интерполяции μ, 2.22 сбора пересечений
   шум конт.: взвешенная 25.33 %  ВЫШЕ ПОРОГА 5.0 %
   Q_k      : узлов 2; у 31.0 кэВ Q2 0.9935 ± 0.0000, Q4 0.9784 ± 0.0001, Q2T 0.9933, Q4T 0.9779; худший шум Q_k 0.0001
   раскладка: D:\BqMoni_Claude\p114\art\dumps\a77-ASN16_point10_house.csv
   файл     : D:\BqMoni_Claude\p114\store_check\ASN16_point10_house.rmx (0.0 МБ)

== RC103_point0 ==
   клеймо   : phys=22;dba363a066c5cbddf88d7f1065dbad0037c116a8ab6750b00303d8a5fd6659dc
   время    : 1.0 с на часах, ядер 2.0 из 10  — МАШИНУ ДЕЛИМ
   счёт     : 1.9 с ЦП, 2.36 мкс на историю  <- сравнивать надо ЭТО
   обход    : на историю 8.7 шага границ, 9.0 поиска области, 4.3 интерполяции μ, 3.02 сбора пересечений
   шум конт.: взвешенная 5.86 %  ВЫШЕ ПОРОГА 5.0 %
   Q_k      : узлов 2; у 31.0 кэВ Q2 0.5993 ± 0.0009, Q4 0.0953 ± 0.0017, Q2T 0.5780, Q4T 0.0910; худший шум Q_k 0.0017
   раскладка: D:\BqMoni_Claude\p114\art\dumps\a77-RC103_point0.csv
   файл     : D:\BqMoni_Claude\p114\store_check\RC103_point0.rmx (0.0 МБ)

матриц: 2 — посчитано 2, пропущено 0 (клеймо сошлось); всего 0.0 мин
пересчитаны ВСЕ — значит изменилась картина целиком (версия физики или параметры расчёта)
ЕСТЬ ШУМНЫЕ
