Матрицы отклика понятной части корпуса (B1)
сетка: 140 узлов 5-3000 кэВ, бин 2 кэВ, 6000000 историй на узел
останов по шуму ВЫКЛЮЧЕН — плоский счёт (T35)

== ASN16_point10_house ==
   клеймо   : phys=22;4bff082dd24540bb17cf31e90b294767fd70c36f2cc108a0d36bda95895b0bb7
   время    : 187.7 с на часах, ядер 9.8 из 10
   счёт     : 1844.3 с ЦП, 2.20 мкс на историю  <- сравнивать надо ЭТО
   сетка κ  : 200000 точек по 2 истории — в «мкс на историю» НЕ входят (замер узлов — с --jnodes=0)
   обход    : на историю 4.8 шага границ, 4.9 поиска области, 1.3 интерполяции μ, 2.24 сбора пересечений
   шум конт.: взвешенная 4.35 %  тихо
   Q_k      : узлов 140; у 657.0 кэВ Q2 0.9956 ± 0.0000, Q4 0.9853 ± 0.0000, Q2T 0.9945, Q4T 0.9816; худший шум Q_k 0.0054
   раскладка: D:\BqMoni_Claude\p114\art\dumps\store_far-ASN16_point10_house.csv
   файл     : D:\BqMoni_Claude\p114\store\ASN16_point10_house.rmx (0.6 МБ)

== G1S_point25 ==
   клеймо   : phys=22;a8febc5d8aa613ef9c58402b400d94b3e8becd61b6c31b6960886472e1938b2c
   время    : 529.7 с на часах, ядер 9.8 из 10
   счёт     : 5177.8 с ЦП, 6.16 мкс на историю  <- сравнивать надо ЭТО
   сетка κ  : 200000 точек по 2 истории — в «мкс на историю» НЕ входят (замер узлов — с --jnodes=0)
   обход    : на историю 7.2 шага границ, 7.9 поиска области, 3.4 интерполяции μ, 2.73 сбора пересечений
   шум конт.: взвешенная 3.85 %  тихо
   Q_k      : узлов 140; у 657.0 кэВ Q2 0.9915 ± 0.0000, Q4 0.9717 ± 0.0000, Q2T 0.9904, Q4T 0.9681; худший шум Q_k 0.0080
   раскладка: D:\BqMoni_Claude\p114\art\dumps\store_far-G1S_point25.csv
   файл     : D:\BqMoni_Claude\p114\store\G1S_point25.rmx (0.6 МБ)

== RC103_point50 ==
   клеймо   : phys=22;903b9422ff7c496f361b496aa921c8d5d1c7b645827d584c5621e0a0a5ce1324
   время    : 261.5 с на часах, ядер 9.8 из 10
   счёт     : 2573.5 с ЦП, 3.06 мкс на историю  <- сравнивать надо ЭТО
   сетка κ  : 200000 точек по 2 истории — в «мкс на историю» НЕ входят (замер узлов — с --jnodes=0)
   обход    : на историю 7.8 шага границ, 8.0 поиска области, 3.7 интерполяции μ, 2.47 сбора пересечений
   шум конт.: взвешенная 3.87 %  тихо
   Q_k      : узлов 140; у 657.0 кэВ Q2 0.9937 ± 0.0000, Q4 0.9792 ± 0.0001, Q2T 0.9924, Q4T 0.9747; худший шум Q_k 0.0046
   раскладка: D:\BqMoni_Claude\p114\art\dumps\store_far-RC103_point50.csv
   файл     : D:\BqMoni_Claude\p114\store\RC103_point50.rmx (0.6 МБ)

матриц: 3 — посчитано 3, пропущено 0 (клеймо сошлось); всего 16.3 мин
пересчитаны ВСЕ — значит изменилась картина целиком (версия физики или параметры расчёта)
ВСЕ СОШЛИСЬ
Матрицы отклика понятной части корпуса (B1)
сетка: 140 узлов 5-3000 кэВ, бин 2 кэВ, 3000000 историй на узел
останов по шуму ВЫКЛЮЧЕН — плоский счёт (T35)

== AS80_lu_front ==
   клеймо   : phys=22;b98a223995dfefd0db295c61180f54970f2b04670dbf56b0e99af2d010f4f6cd
   время    : 388.4 с на часах, ядер 9.8 из 10
   счёт     : 3787.9 с ЦП, 8.89 мкс на историю  <- сравнивать надо ЭТО
   сетка κ  : 200000 точек по 2 истории — в «мкс на историю» НЕ входят (замер узлов — с --jnodes=0)
   обход    : на историю 15.8 шага границ, 15.5 поиска области, 8.8 интерполяции μ, 4.93 сбора пересечений
   шум конт.: взвешенная 0.82 %  тихо
   Q_k      : узлов 142; у 657.0 кэВ Q2 0.7221 ± 0.0005, Q4 0.2981 ± 0.0010, Q2T 0.6011, Q4T 0.1868; худший шум Q_k 0.2092
   раскладка: D:\BqMoni_Claude\p114\art\dumps\store-AS80_lu_front.csv
   файл     : D:\BqMoni_Claude\p114\store\AS80_lu_front.rmx (0.6 МБ)

== AS80_point0 ==
   клеймо   : phys=22;72f2f366f4aeb53eb8244868325fcd31c5f9ef08186691cf0a2fab9407e17003
   время    : 228.3 с на часах, ядер 9.8 из 10
   счёт     : 2248.4 с ЦП, 5.35 мкс на историю  <- сравнивать надо ЭТО
   сетка κ  : 200000 точек по 2 истории — в «мкс на историю» НЕ входят (замер узлов — с --jnodes=0)
   обход    : на историю 8.4 шага границ, 8.7 поиска области, 3.8 интерполяции μ, 3.16 сбора пересечений
   шум конт.: взвешенная 0.59 %  тихо
   Q_k      : узлов 140; у 657.0 кэВ Q2 0.6353 ± 0.0005, Q4 0.1619 ± 0.0010, Q2T 0.5070, Q4T 0.0836; худший шум Q_k 0.0575
   раскладка: D:\BqMoni_Claude\p114\art\dumps\store-AS80_point0.csv
   файл     : D:\BqMoni_Claude\p114\store\AS80_point0.rmx (0.6 МБ)

== AS80_th_disk ==
   клеймо   : phys=22;cbf1a2a23d523559b8cfa4ecaa8e41562947c9ddc0c1b2db5a4260de97a59d89
   время    : 422.2 с на часах, ядер 9.8 из 10
   счёт     : 4139.7 с ЦП, 9.45 мкс на историю  <- сравнивать надо ЭТО
   сетка κ  : 200000 точек по 2 истории — в «мкс на историю» НЕ входят (замер узлов — с --jnodes=0)
   обход    : на историю 13.1 шага границ, 13.0 поиска области, 6.7 интерполяции μ, 4.90 сбора пересечений
   шум конт.: взвешенная 0.76 %  тихо
   Q_k      : узлов 146; у 657.0 кэВ Q2 0.6784 ± 0.0005, Q4 0.2239 ± 0.0010, Q2T 0.5084, Q4T 0.1229; худший шум Q_k 0.1649
   раскладка: D:\BqMoni_Claude\p114\art\dumps\store-AS80_th_disk.csv
   файл     : D:\BqMoni_Claude\p114\store\AS80_th_disk.rmx (0.6 МБ)

== ASN16_lu_side ==
   клеймо   : phys=22;10cdba243af979ca9c4dc746723bf9c54958488948c0ddbbe24671694297c0cb
   время    : 344.1 с на часах, ядер 9.7 из 10
   счёт     : 3354.8 с ЦП, 7.88 мкс на историю  <- сравнивать надо ЭТО
   сетка κ  : 200000 точек по 2 истории — в «мкс на историю» НЕ входят (замер узлов — с --jnodes=0)
   обход    : на историю 13.0 шага границ, 12.7 поиска области, 6.6 интерполяции μ, 4.84 сбора пересечений
   шум конт.: взвешенная 0.98 %  тихо
   Q_k      : узлов 142; у 657.0 кэВ Q2 0.4844 ± 0.0017, Q4 0.1418 ± 0.0018, Q2T 0.4195, Q4T 0.1026; худший шум Q_k 0.0987
   раскладка: D:\BqMoni_Claude\p114\art\dumps\store-ASN16_lu_side.csv
   файл     : D:\BqMoni_Claude\p114\store\ASN16_lu_side.rmx (0.6 МБ)

== ASN16_point0_house ==
   клеймо   : phys=22;0561d6667a8b1e96304c5d88b46997406cfc7a27fd891363fcc7836fed3c2d96
   время    : 262.9 с на часах, ядер 9.8 из 10
   счёт     : 2585.4 с ЦП, 6.16 мкс на историю  <- сравнивать надо ЭТО
   сетка κ  : 200000 точек по 2 истории — в «мкс на историю» НЕ входят (замер узлов — с --jnodes=0)
   обход    : на историю 7.2 шага границ, 7.6 поиска области, 2.9 интерполяции μ, 3.15 сбора пересечений
   шум конт.: взвешенная 0.57 %  тихо
   Q_k      : узлов 140; у 657.0 кэВ Q2 0.5386 ± 0.0011, Q4 0.1209 ± 0.0015, Q2T 0.4257, Q4T 0.0574; худший шум Q_k 0.0633
   раскладка: D:\BqMoni_Claude\p114\art\dumps\store-ASN16_point0_house.csv
   файл     : D:\BqMoni_Claude\p114\store\ASN16_point0_house.rmx (0.6 МБ)

== ASN16_point10_house ==
   пропущена: посчитана ГУЩЕ штатной (6000000 историй против 3000000), понижать без --force не буду (T36)

== G1S_denta100_oisn10_100_p16 ==
   клеймо   : phys=22;7900514345bce1deef41211d6865fe527b08232d27beb1aaa2c750e6c8762e7c
   время    : 463.5 с на часах, ядер 9.7 из 10
   счёт     : 4511.3 с ЦП, 10.59 мкс на историю  <- сравнивать надо ЭТО
   сетка κ  : 200000 точек по 2 истории — в «мкс на историю» НЕ входят (замер узлов — с --jnodes=0)
   обход    : на историю 12.9 шага границ, 13.5 поиска области, 8.0 интерполяции μ, 4.00 сбора пересечений
   шум конт.: взвешенная 0.72 %  тихо
   Q_k      : узлов 142; у 657.0 кэВ Q2 0.6240 ± 0.0006, Q4 0.1877 ± 0.0009, Q2T 0.5234, Q4T 0.0996; худший шум Q_k 0.0392
   раскладка: D:\BqMoni_Claude\p114\art\dumps\store-G1S_denta100_oisn10_100_p16.csv
   файл     : D:\BqMoni_Claude\p114\store\G1S_denta100_oisn10_100_p16.rmx (0.6 МБ)

== G1S_denta100_risn379_100_p16 ==
   клеймо   : phys=22;505180b0fca1e22bf523fa67bdd479f8b920704cb97b6a120396922f3a24946c
   время    : 461.3 с на часах, ядер 9.8 из 10
   счёт     : 4526.8 с ЦП, 10.78 мкс на историю  <- сравнивать надо ЭТО
   сетка κ  : 200000 точек по 2 истории — в «мкс на историю» НЕ входят (замер узлов — с --jnodes=0)
   обход    : на историю 13.4 шага границ, 14.0 поиска области, 8.3 интерполяции μ, 3.92 сбора пересечений
   шум конт.: взвешенная 0.63 %  тихо
   Q_k      : узлов 140; у 657.0 кэВ Q2 0.6257 ± 0.0006, Q4 0.1896 ± 0.0009, Q2T 0.5224, Q4T 0.0997; худший шум Q_k 0.0264
   раскладка: D:\BqMoni_Claude\p114\art\dumps\store-G1S_denta100_risn379_100_p16.csv
   файл     : D:\BqMoni_Claude\p114\store\G1S_denta100_risn379_100_p16.rmx (0.6 МБ)

== G1S_denta120_oisn06_057_p24 ==
   клеймо   : phys=22;ad1dd006a089871cf66887254da6fe365f8ea21869d281d45affae6c1b11898c
   время    : 446.8 с на часах, ядер 9.8 из 10
   счёт     : 4366.8 с ЦП, 10.25 мкс на историю  <- сравнивать надо ЭТО
   сетка κ  : 200000 точек по 2 истории — в «мкс на историю» НЕ входят (замер узлов — с --jnodes=0)
   обход    : на историю 13.7 шага границ, 14.3 поиска области, 8.7 интерполяции μ, 3.80 сбора пересечений
   шум конт.: взвешенная 0.70 %  тихо
   Q_k      : узлов 142; у 657.0 кэВ Q2 0.6431 ± 0.0006, Q4 0.2161 ± 0.0009, Q2T 0.5584, Q4T 0.1315; худший шум Q_k 0.0515
   раскладка: D:\BqMoni_Claude\p114\art\dumps\store-G1S_denta120_oisn06_057_p24.csv
   файл     : D:\BqMoni_Claude\p114\store\G1S_denta120_oisn06_057_p24.rmx (0.6 МБ)

== G1S_denta120_oisn06_062_p24 ==
   клеймо   : phys=22;e525fb161366caf7376ffa8bb94d48065e18d5893860d463c10219c23e429082
   время    : 448.3 с на часах, ядер 9.8 из 10
   счёт     : 4385.9 с ЦП, 10.30 мкс на историю  <- сравнивать надо ЭТО
   сетка κ  : 200000 точек по 2 истории — в «мкс на историю» НЕ входят (замер узлов — с --jnodes=0)
   обход    : на историю 13.6 шага границ, 14.2 поиска области, 8.6 интерполяции μ, 3.82 сбора пересечений
   шум конт.: взвешенная 0.70 %  тихо
   Q_k      : узлов 142; у 657.0 кэВ Q2 0.6423 ± 0.0006, Q4 0.2156 ± 0.0009, Q2T 0.5562, Q4T 0.1301; худший шум Q_k 0.0533
   раскладка: D:\BqMoni_Claude\p114\art\dumps\store-G1S_denta120_oisn06_062_p24.csv
   файл     : D:\BqMoni_Claude\p114\store\G1S_denta120_oisn06_062_p24.rmx (0.6 МБ)

== G1S_denta120_oisn06_064_p24 ==
   клеймо   : phys=22;6e54497d16e617752669cc5783726001505413d3feea948c6a2fef0261364ea6
   время    : 448.7 с на часах, ядер 9.8 из 10
   счёт     : 4389.3 с ЦП, 10.30 мкс на историю  <- сравнивать надо ЭТО
   сетка κ  : 200000 точек по 2 истории — в «мкс на историю» НЕ входят (замер узлов — с --jnodes=0)
   обход    : на историю 13.6 шага границ, 14.2 поиска области, 8.6 интерполяции μ, 3.83 сбора пересечений
   шум конт.: взвешенная 0.70 %  тихо
   Q_k      : узлов 142; у 657.0 кэВ Q2 0.6430 ± 0.0006, Q4 0.2165 ± 0.0009, Q2T 0.5556, Q4T 0.1301; худший шум Q_k 0.0544
   раскладка: D:\BqMoni_Claude\p114\art\dumps\store-G1S_denta120_oisn06_064_p24.csv
   файл     : D:\BqMoni_Claude\p114\store\G1S_denta120_oisn06_064_p24.rmx (0.6 МБ)

== G1S_denta120_oisn06_066_p24 ==
   клеймо   : phys=22;0811598954be3418e432c6ed749370897a331a631c0094cb3ee1ff85615b6615
   время    : 441.8 с на часах, ядер 9.8 из 10
   счёт     : 4318.7 с ЦП, 10.14 мкс на историю  <- сравнивать надо ЭТО
   сетка κ  : 200000 точек по 2 истории — в «мкс на историю» НЕ входят (замер узлов — с --jnodes=0)
   обход    : на историю 13.6 шага границ, 14.2 поиска области, 8.6 интерполяции μ, 3.84 сбора пересечений
   шум конт.: взвешенная 0.69 %  тихо
   Q_k      : узлов 142; у 657.0 кэВ Q2 0.6429 ± 0.0006, Q4 0.2162 ± 0.0009, Q2T 0.5550, Q4T 0.1299; худший шум Q_k 0.0548
   раскладка: D:\BqMoni_Claude\p114\art\dumps\store-G1S_denta120_oisn06_066_p24.csv
   файл     : D:\BqMoni_Claude\p114\store\G1S_denta120_oisn06_066_p24.rmx (0.6 МБ)

== G1S_denta120_oisn16_155_p24 ==
   клеймо   : phys=22;2ee3e24c696db941f6bf6285812fe6ab1d74c57078f1de553cec6bb97044ac6c
   время    : 453.5 с на часах, ядер 9.7 из 10
   счёт     : 4419.7 с ЦП, 10.37 мкс на историю  <- сравнивать надо ЭТО
   сетка κ  : 200000 точек по 2 истории — в «мкс на историю» НЕ входят (замер узлов — с --jnodes=0)
   обход    : на историю 12.5 шага границ, 13.0 поиска области, 7.7 интерполяции μ, 4.18 сбора пересечений
   шум конт.: взвешенная 0.78 %  тихо
   Q_k      : узлов 142; у 657.0 кэВ Q2 0.6367 ± 0.0007, Q4 0.2095 ± 0.0009, Q2T 0.5293, Q4T 0.1167; худший шум Q_k 0.0383
   раскладка: D:\BqMoni_Claude\p114\art\dumps\store-G1S_denta120_oisn16_155_p24.csv
   файл     : D:\BqMoni_Claude\p114\store\G1S_denta120_oisn16_155_p24.rmx (0.6 МБ)

== G1S_denta120_oisn16_160_p24 ==
   клеймо   : phys=22;65664e1562a4a7db246861d8a3d65f6451bddbfd3b0f6ca7c0a35cd4437ba56a
   время    : 451.9 с на часах, ядер 9.8 из 10
   счёт     : 4408.5 с ЦП, 10.35 мкс на историю  <- сравнивать надо ЭТО
   сетка κ  : 200000 точек по 2 истории — в «мкс на историю» НЕ входят (замер узлов — с --jnodes=0)
   обход    : на историю 12.5 шага границ, 13.0 поиска области, 7.7 интерполяции μ, 4.19 сбора пересечений
   шум конт.: взвешенная 0.77 %  тихо
   Q_k      : узлов 142; у 657.0 кэВ Q2 0.6360 ± 0.0007, Q4 0.2086 ± 0.0009, Q2T 0.5277, Q4T 0.1158; худший шум Q_k 0.0387
   раскладка: D:\BqMoni_Claude\p114\art\dumps\store-G1S_denta120_oisn16_160_p24.csv
   файл     : D:\BqMoni_Claude\p114\store\G1S_denta120_oisn16_160_p24.rmx (0.6 МБ)

== G1S_denta120_oisn16_166_p24 ==
   клеймо   : phys=22;3abc5a1a899baec9e0f05688807e09440a8ce4b93921c3fe73b4eca78d89fe8f
   время    : 449.6 с на часах, ядер 9.8 из 10
   счёт     : 4388.1 с ЦП, 10.30 мкс на историю  <- сравнивать надо ЭТО
   сетка κ  : 200000 точек по 2 истории — в «мкс на историю» НЕ входят (замер узлов — с --jnodes=0)
   обход    : на историю 12.5 шага границ, 13.0 поиска области, 7.6 интерполяции μ, 4.21 сбора пересечений
   шум конт.: взвешенная 0.77 %  тихо
   Q_k      : узлов 142; у 657.0 кэВ Q2 0.6367 ± 0.0007, Q4 0.2099 ± 0.0009, Q2T 0.5269, Q4T 0.1156; худший шум Q_k 0.0394
   раскладка: D:\BqMoni_Claude\p114\art\dumps\store-G1S_denta120_oisn16_166_p24.csv
   файл     : D:\BqMoni_Claude\p114\store\G1S_denta120_oisn16_166_p24.rmx (0.6 МБ)

== G1S_denta120_oisn16_167_p24 ==
   клеймо   : phys=22;768fb1a564ec64393145e71c5db7c041d1c18d54c7e81d7dd429b46c5d88e1cc
   время    : 446.5 с на часах, ядер 9.8 из 10
   счёт     : 4359.9 с ЦП, 10.23 мкс на историю  <- сравнивать надо ЭТО
   сетка κ  : 200000 точек по 2 истории — в «мкс на историю» НЕ входят (замер узлов — с --jnodes=0)
   обход    : на историю 12.5 шага границ, 13.0 поиска области, 7.6 интерполяции μ, 4.21 сбора пересечений
   шум конт.: взвешенная 0.77 %  тихо
   Q_k      : узлов 142; у 657.0 кэВ Q2 0.6365 ± 0.0007, Q4 0.2095 ± 0.0009, Q2T 0.5265, Q4T 0.1152; худший шум Q_k 0.0395
   раскладка: D:\BqMoni_Claude\p114\art\dumps\store-G1S_denta120_oisn16_167_p24.csv
   файл     : D:\BqMoni_Claude\p114\store\G1S_denta120_oisn16_167_p24.rmx (0.6 МБ)

== G1S_mar1l_coal_046_p24 ==
   клеймо   : phys=22;e24b5bad891d6406dc680e2ce1b32d2aeb36c0d4278d9107d82d166fe7431f44
   время    : 449.3 с на часах, ядер 9.9 из 10
   счёт     : 4427.0 с ЦП, 10.54 мкс на историю  <- сравнивать надо ЭТО
   сетка κ  : 200000 точек по 2 истории — в «мкс на историю» НЕ входят (замер узлов — с --jnodes=0)
   обход    : на историю 19.4 шага границ, 19.9 поиска области, 11.3 интерполяции μ, 3.80 сбора пересечений
   шум конт.: взвешенная 0.81 %  тихо
   Q_k      : узлов 140; у 657.0 кэВ Q2 0.7754 ± 0.0004, Q4 0.4157 ± 0.0007, Q2T 0.7253, Q4T 0.3292; худший шум Q_k 0.0578
   раскладка: D:\BqMoni_Claude\p114\art\dumps\store-G1S_mar1l_coal_046_p24.csv
   файл     : D:\BqMoni_Claude\p114\store\G1S_mar1l_coal_046_p24.rmx (0.6 МБ)

== G1S_mar1l_oisn06_055_p16 ==
   клеймо   : phys=22;77eec69ed55cc0045406bbcd6d53c0a1a2086a1b4ad76697b013c75e38fbc079
   время    : 470.5 с на часах, ядер 9.9 из 10
   счёт     : 4640.4 с ЦП, 11.05 мкс на историю  <- сравнивать надо ЭТО
   сетка κ  : 200000 точек по 2 истории — в «мкс на историю» НЕ входят (замер узлов — с --jnodes=0)
   обход    : на историю 19.3 шага границ, 19.8 поиска области, 11.2 интерполяции μ, 3.87 сбора пересечений
   шум конт.: взвешенная 0.79 %  тихо
   Q_k      : узлов 140; у 657.0 кэВ Q2 0.7745 ± 0.0004, Q4 0.4144 ± 0.0007, Q2T 0.7233, Q4T 0.3267; худший шум Q_k 0.0347
   раскладка: D:\BqMoni_Claude\p114\art\dumps\store-G1S_mar1l_oisn06_055_p16.csv
   файл     : D:\BqMoni_Claude\p114\store\G1S_mar1l_oisn06_055_p16.rmx (0.6 МБ)

== G1S_mar1l_oisn06_057_p16 ==
   клеймо   : phys=22;020d61278810195860878e3541f553aef6068bcefc34b1b207270132bbb3e50f
   время    : 471.1 с на часах, ядер 9.8 из 10
   счёт     : 4639.4 с ЦП, 11.05 мкс на историю  <- сравнивать надо ЭТО
   сетка κ  : 200000 точек по 2 истории — в «мкс на историю» НЕ входят (замер узлов — с --jnodes=0)
   обход    : на историю 19.3 шага границ, 19.8 поиска области, 11.2 интерполяции μ, 3.88 сбора пересечений
   шум конт.: взвешенная 0.78 %  тихо
   Q_k      : узлов 140; у 657.0 кэВ Q2 0.7745 ± 0.0004, Q4 0.4144 ± 0.0007, Q2T 0.7228, Q4T 0.3260; худший шум Q_k 0.0359
   раскладка: D:\BqMoni_Claude\p114\art\dumps\store-G1S_mar1l_oisn06_057_p16.csv
   файл     : D:\BqMoni_Claude\p114\store\G1S_mar1l_oisn06_057_p16.rmx (0.6 МБ)

== G1S_mar1l_oisn06_057_p24 ==
   клеймо   : phys=22;a103cedf788aa03d032a5c6b8994d2a95e0b217981f6be56bcdce2bf3ab04e22
   время    : 490.2 с на часах, ядер 9.8 из 10
   счёт     : 4789.7 с ЦП, 11.24 мкс на историю  <- сравнивать надо ЭТО
   сетка κ  : 200000 точек по 2 истории — в «мкс на историю» НЕ входят (замер узлов — с --jnodes=0)
   обход    : на историю 18.4 шага границ, 18.8 поиска области, 10.8 интерполяции μ, 3.97 сбора пересечений
   шум конт.: взвешенная 0.85 %  тихо
   Q_k      : узлов 142; у 657.0 кэВ Q2 0.7750 ± 0.0004, Q4 0.4150 ± 0.0007, Q2T 0.7229, Q4T 0.3262; худший шум Q_k 0.0455
   раскладка: D:\BqMoni_Claude\p114\art\dumps\store-G1S_mar1l_oisn06_057_p24.csv
   файл     : D:\BqMoni_Claude\p114\store\G1S_mar1l_oisn06_057_p24.rmx (0.6 МБ)

== G1S_mar1l_oisn06_062_p16 ==
   клеймо   : phys=22;d698e0dea136d8fb05f16ce1de996e68400f2d74527475cd2d05a89472f36d0e
   время    : 475.1 с на часах, ядер 9.9 из 10
   счёт     : 4680.8 с ЦП, 11.14 мкс на историю  <- сравнивать надо ЭТО
   сетка κ  : 200000 точек по 2 истории — в «мкс на историю» НЕ входят (замер узлов — с --jnodes=0)
   обход    : на историю 19.3 шага границ, 19.7 поиска области, 11.2 интерполяции μ, 3.91 сбора пересечений
   шум конт.: взвешенная 0.77 %  тихо
   Q_k      : узлов 140; у 657.0 кэВ Q2 0.7746 ± 0.0004, Q4 0.4144 ± 0.0007, Q2T 0.7219, Q4T 0.3251; худший шум Q_k 0.0382
   раскладка: D:\BqMoni_Claude\p114\art\dumps\store-G1S_mar1l_oisn06_062_p16.csv
   файл     : D:\BqMoni_Claude\p114\store\G1S_mar1l_oisn06_062_p16.rmx (0.6 МБ)

== G1S_mar1l_oisn06_062_p24 ==
   клеймо   : phys=22;1a03a144b96bd7081e03d93d00304ed6a16405f25a227c9972d0190c58950b6b
   время    : 493.6 с на часах, ядер 9.8 из 10
   счёт     : 4817.3 с ЦП, 11.31 мкс на историю  <- сравнивать надо ЭТО
   сетка κ  : 200000 точек по 2 истории — в «мкс на историю» НЕ входят (замер узлов — с --jnodes=0)
   обход    : на историю 18.3 шага границ, 18.8 поиска области, 10.7 интерполяции μ, 4.00 сбора пересечений
   шум конт.: взвешенная 0.85 %  тихо
   Q_k      : узлов 142; у 657.0 кэВ Q2 0.7746 ± 0.0004, Q4 0.4139 ± 0.0007, Q2T 0.7220, Q4T 0.3248; худший шум Q_k 0.0462
   раскладка: D:\BqMoni_Claude\p114\art\dumps\store-G1S_mar1l_oisn06_062_p24.csv
   файл     : D:\BqMoni_Claude\p114\store\G1S_mar1l_oisn06_062_p24.rmx (0.6 МБ)

== G1S_mar1l_oisn06_064_p24 ==
   клеймо   : phys=22;87c1fa88a16db228ddccccfd90c70ed480acea632a5f374c4fdc88f17fd10736
   время    : 494.5 с на часах, ядер 9.8 из 10
   счёт     : 4827.3 с ЦП, 11.33 мкс на историю  <- сравнивать надо ЭТО
   сетка κ  : 200000 точек по 2 истории — в «мкс на историю» НЕ входят (замер узлов — с --jnodes=0)
   обход    : на историю 18.3 шага границ, 18.7 поиска области, 10.7 интерполяции μ, 4.01 сбора пересечений
   шум конт.: взвешенная 0.84 %  тихо
   Q_k      : узлов 142; у 657.0 кэВ Q2 0.7751 ± 0.0004, Q4 0.4149 ± 0.0007, Q2T 0.7217, Q4T 0.3245; худший шум Q_k 0.0463
   раскладка: D:\BqMoni_Claude\p114\art\dumps\store-G1S_mar1l_oisn06_064_p24.csv
   файл     : D:\BqMoni_Claude\p114\store\G1S_mar1l_oisn06_064_p24.rmx (0.6 МБ)

