Матрицы отклика понятной части корпуса (B1)
сетка: 140 узлов 5-3000 кэВ, бин 2 кэВ, 3000000 историй на узел
останов по шуму ВЫКЛЮЧЕН — плоский счёт (T35)

== G1S_mar1l_oisn06_066_p16 ==
   клеймо   : phys=22;26892c34caa276a6ec06862c3030cbb39176d01d5ae7bb30177ea1756a3f5f24
   время    : 497.9 с на часах, ядер 9.9 из 10
   счёт     : 4911.7 с ЦП, 11.69 мкс на историю  <- сравнивать надо ЭТО
   сетка κ  : 200000 точек по 2 истории — в «мкс на историю» НЕ входят (замер узлов — с --jnodes=0)
   обход    : на историю 19.2 шага границ, 19.7 поиска области, 11.1 интерполяции μ, 3.93 сбора пересечений
   шум конт.: взвешенная 0.77 %  тихо
   Q_k      : узлов 140; у 657.0 кэВ Q2 0.7741 ± 0.0004, Q4 0.4136 ± 0.0007, Q2T 0.7208, Q4T 0.3237; худший шум Q_k 0.0395
   раскладка: D:\BqMoni_Claude\p114\art\dumps\store2-G1S_mar1l_oisn06_066_p16.csv
   файл     : D:\BqMoni_Claude\p114\store\G1S_mar1l_oisn06_066_p16.rmx (0.6 МБ)

== G1S_mar1l_oisn06_066_p24 ==
   клеймо   : phys=22;c7e42d6d6aed9c24305240f5a230c4ce55caa2a3f64e6054a0bd5707eba61c3c
   время    : 512.1 с на часах, ядер 9.8 из 10
   счёт     : 5008.8 с ЦП, 11.76 мкс на историю  <- сравнивать надо ЭТО
   сетка κ  : 200000 точек по 2 истории — в «мкс на историю» НЕ входят (замер узлов — с --jnodes=0)
   обход    : на историю 18.3 шага границ, 18.7 поиска области, 10.7 интерполяции μ, 4.02 сбора пересечений
   шум конт.: взвешенная 0.84 %  тихо
   Q_k      : узлов 142; у 657.0 кэВ Q2 0.7745 ± 0.0004, Q4 0.4144 ± 0.0007, Q2T 0.7212, Q4T 0.3241; худший шум Q_k 0.0462
   раскладка: D:\BqMoni_Claude\p114\art\dumps\store2-G1S_mar1l_oisn06_066_p24.csv
   файл     : D:\BqMoni_Claude\p114\store\G1S_mar1l_oisn06_066_p24.rmx (0.6 МБ)

== G1S_mar1l_oisn16_155_p16 ==
   клеймо   : phys=22;8ee41eaa8e2a0e2863868aa615cfad981ea20b5b340ea3e95ed971385f5a5a04
   время    : 525.7 с на часах, ядер 9.8 из 10
   счёт     : 5133.3 с ЦП, 12.05 мкс на историю  <- сравнивать надо ЭТО
   сетка κ  : 200000 точек по 2 истории — в «мкс на историю» НЕ входят (замер узлов — с --jnodes=0)
   обход    : на историю 16.6 шага границ, 16.9 поиска области, 9.5 интерполяции μ, 4.47 сбора пересечений
   шум конт.: взвешенная 0.91 %  тихо
   Q_k      : узлов 142; у 657.0 кэВ Q2 0.7724 ± 0.0004, Q4 0.4103 ± 0.0007, Q2T 0.7082, Q4T 0.3075; худший шум Q_k 0.0996
   раскладка: D:\BqMoni_Claude\p114\art\dumps\store2-G1S_mar1l_oisn16_155_p16.csv
   файл     : D:\BqMoni_Claude\p114\store\G1S_mar1l_oisn16_155_p16.rmx (0.6 МБ)

== G1S_mar1l_oisn16_155_p24 ==
   клеймо   : phys=22;a841ebb71b5cbfb1b83a31a917ff5b2969ad3d05df25573d506552bb7bce3b80
   время    : 523.7 с на часах, ядер 9.8 из 10
   счёт     : 5115.2 с ЦП, 12.01 мкс на историю  <- сравнивать надо ЭТО
   сетка κ  : 200000 точек по 2 истории — в «мкс на историю» НЕ входят (замер узлов — с --jnodes=0)
   обход    : на историю 16.5 шага границ, 16.8 поиска области, 9.4 интерполяции μ, 4.48 сбора пересечений
   шум конт.: взвешенная 0.92 %  тихо
   Q_k      : узлов 142; у 657.0 кэВ Q2 0.7722 ± 0.0004, Q4 0.4100 ± 0.0007, Q2T 0.7082, Q4T 0.3075; худший шум Q_k 0.1136
   раскладка: D:\BqMoni_Claude\p114\art\dumps\store2-G1S_mar1l_oisn16_155_p24.csv
   файл     : D:\BqMoni_Claude\p114\store\G1S_mar1l_oisn16_155_p24.rmx (0.6 МБ)

== G1S_mar1l_oisn16_160_p16 ==
   клеймо   : phys=22;6a98f2af4b6a0cf5fba8e94f41fe93eb0aa5319d6ee1a60d55b9d8b6a69f0946
   время    : 524.1 с на часах, ядер 9.8 из 10
   счёт     : 5120.3 с ЦП, 12.02 мкс на историю  <- сравнивать надо ЭТО
   сетка κ  : 200000 точек по 2 истории — в «мкс на историю» НЕ входят (замер узлов — с --jnodes=0)
   обход    : на историю 16.5 шага границ, 16.9 поиска области, 9.4 интерполяции μ, 4.49 сбора пересечений
   шум конт.: взвешенная 0.91 %  тихо
   Q_k      : узлов 142; у 657.0 кэВ Q2 0.7721 ± 0.0004, Q4 0.4096 ± 0.0007, Q2T 0.7077, Q4T 0.3068; худший шум Q_k 0.1022
   раскладка: D:\BqMoni_Claude\p114\art\dumps\store2-G1S_mar1l_oisn16_160_p16.csv
   файл     : D:\BqMoni_Claude\p114\store\G1S_mar1l_oisn16_160_p16.rmx (0.6 МБ)

== G1S_mar1l_oisn16_160_p24 ==
   клеймо   : phys=22;71c2cb931c5d905c87b91d57b3a64b2db6745fe51cf4544b1eb4202f3eadf206
   время    : 523.8 с на часах, ядер 9.8 из 10
   счёт     : 5118.9 с ЦП, 12.02 мкс на историю  <- сравнивать надо ЭТО
   сетка κ  : 200000 точек по 2 истории — в «мкс на историю» НЕ входят (замер узлов — с --jnodes=0)
   обход    : на историю 16.5 шага границ, 16.8 поиска области, 9.4 интерполяции μ, 4.50 сбора пересечений
   шум конт.: взвешенная 0.92 %  тихо
   Q_k      : узлов 142; у 657.0 кэВ Q2 0.7722 ± 0.0004, Q4 0.4099 ± 0.0007, Q2T 0.7079, Q4T 0.3072; худший шум Q_k 0.1163
   раскладка: D:\BqMoni_Claude\p114\art\dumps\store2-G1S_mar1l_oisn16_160_p24.csv
   файл     : D:\BqMoni_Claude\p114\store\G1S_mar1l_oisn16_160_p24.rmx (0.6 МБ)

== G1S_mar1l_oisn16_166_p16 ==
   клеймо   : phys=22;bfbaf85583e71f424a68f4a17e280b0c1b7dacc8e12b576d4743b207616c82cf
   время    : 524.2 с на часах, ядер 9.8 из 10
   счёт     : 5118.6 с ЦП, 12.02 мкс на историю  <- сравнивать надо ЭТО
   сетка κ  : 200000 точек по 2 истории — в «мкс на историю» НЕ входят (замер узлов — с --jnodes=0)
   обход    : на историю 16.5 шага границ, 16.8 поиска области, 9.4 интерполяции μ, 4.51 сбора пересечений
   шум конт.: взвешенная 0.90 %  тихо
   Q_k      : узлов 142; у 657.0 кэВ Q2 0.7720 ± 0.0004, Q4 0.4096 ± 0.0007, Q2T 0.7073, Q4T 0.3063; худший шум Q_k 0.1064
   раскладка: D:\BqMoni_Claude\p114\art\dumps\store2-G1S_mar1l_oisn16_166_p16.csv
   файл     : D:\BqMoni_Claude\p114\store\G1S_mar1l_oisn16_166_p16.rmx (0.6 МБ)

== G1S_mar1l_oisn16_166_p24 ==
   клеймо   : phys=22;5c94707e0d6171a04b788e2ca774d786856033bd453524060ada8bf0efabd966
   время    : 523.3 с на часах, ядер 9.8 из 10
   счёт     : 5107.6 с ЦП, 11.99 мкс на историю  <- сравнивать надо ЭТО
   сетка κ  : 200000 точек по 2 истории — в «мкс на историю» НЕ входят (замер узлов — с --jnodes=0)
   обход    : на историю 16.5 шага границ, 16.8 поиска области, 9.4 интерполяции μ, 4.52 сбора пересечений
   шум конт.: взвешенная 0.91 %  тихо
   Q_k      : узлов 142; у 657.0 кэВ Q2 0.7721 ± 0.0004, Q4 0.4094 ± 0.0007, Q2T 0.7075, Q4T 0.3064; худший шум Q_k 0.1183
   раскладка: D:\BqMoni_Claude\p114\art\dumps\store2-G1S_mar1l_oisn16_166_p24.csv
   файл     : D:\BqMoni_Claude\p114\store\G1S_mar1l_oisn16_166_p24.rmx (0.6 МБ)

== G1S_mar1l_oisn16_167_p16 ==
   клеймо   : phys=22;5d2d30b427ff567c7ff3f77bdaaa93d86b8debf570bb0a904488c0129a70b6eb
   время    : 524.5 с на часах, ядер 9.8 из 10
   счёт     : 5123.6 с ЦП, 12.03 мкс на историю  <- сравнивать надо ЭТО
   сетка κ  : 200000 точек по 2 истории — в «мкс на историю» НЕ входят (замер узлов — с --jnodes=0)
   обход    : на историю 16.5 шага границ, 16.8 поиска области, 9.4 интерполяции μ, 4.51 сбора пересечений
   шум конт.: взвешенная 0.90 %  тихо
   Q_k      : узлов 142; у 657.0 кэВ Q2 0.7721 ± 0.0004, Q4 0.4099 ± 0.0007, Q2T 0.7071, Q4T 0.3062; худший шум Q_k 0.1067
   раскладка: D:\BqMoni_Claude\p114\art\dumps\store2-G1S_mar1l_oisn16_167_p16.csv
   файл     : D:\BqMoni_Claude\p114\store\G1S_mar1l_oisn16_167_p16.rmx (0.6 МБ)

== G1S_mar1l_oisn16_167_p24 ==
   клеймо   : phys=22;146765c23ffe9646bfc5c67d7a2572e4e3483b3b9878f8c8fec31ac883bcdedc
   время    : 524.8 с на часах, ядер 9.8 из 10
   счёт     : 5122.3 с ЦП, 12.02 мкс на историю  <- сравнивать надо ЭТО
   сетка κ  : 200000 точек по 2 истории — в «мкс на историю» НЕ входят (замер узлов — с --jnodes=0)
   обход    : на историю 16.5 шага границ, 16.8 поиска области, 9.4 интерполяции μ, 4.52 сбора пересечений
   шум конт.: взвешенная 0.91 %  тихо
   Q_k      : узлов 142; у 657.0 кэВ Q2 0.7720 ± 0.0004, Q4 0.4096 ± 0.0007, Q2T 0.7073, Q4T 0.3063; худший шум Q_k 0.1186
   раскладка: D:\BqMoni_Claude\p114\art\dumps\store2-G1S_mar1l_oisn16_167_p24.csv
   файл     : D:\BqMoni_Claude\p114\store\G1S_mar1l_oisn16_167_p24.rmx (0.6 МБ)

== G1S_mar1l_risn379_100_p16 ==
   клеймо   : phys=22;4fbb6c90b1d73ba1e115d2f2b53bdc64dc1c5ffa0f866c0b15c92f64f0233546
   время    : 529.4 с на часах, ядер 9.8 из 10
   счёт     : 5193.3 с ЦП, 12.36 мкс на историю  <- сравнивать надо ЭТО
   сетка κ  : 200000 точек по 2 истории — в «мкс на историю» НЕ входят (замер узлов — с --jnodes=0)
   обход    : на историю 17.9 шага границ, 18.4 поиска области, 10.3 интерполяции μ, 4.15 сбора пересечений
   шум конт.: взвешенная 0.78 %  тихо
   Q_k      : узлов 140; у 657.0 кэВ Q2 0.7734 ± 0.0004, Q4 0.4124 ± 0.0007, Q2T 0.7152, Q4T 0.3166; худший шум Q_k 0.1101
   раскладка: D:\BqMoni_Claude\p114\art\dumps\store2-G1S_mar1l_risn379_100_p16.csv
   файл     : D:\BqMoni_Claude\p114\store\G1S_mar1l_risn379_100_p16.rmx (0.6 МБ)

== G1S_petri60_oisn06_057_p24 ==
   клеймо   : phys=22;ae4de471e0f0c7b5e46199677b65806efb8b9c61d1980c9a1892da2cd66c1373
   время    : 441.0 с на часах, ядер 9.8 из 10
   счёт     : 4303.6 с ЦП, 10.10 мкс на историю  <- сравнивать надо ЭТО
   сетка κ  : 200000 точек по 2 истории — в «мкс на историю» НЕ входят (замер узлов — с --jnodes=0)
   обход    : на историю 13.8 шага границ, 14.3 поиска области, 8.2 интерполяции μ, 3.81 сбора пересечений
   шум конт.: взвешенная 0.63 %  тихо
   Q_k      : узлов 142; у 657.0 кэВ Q2 0.5913 ± 0.0007, Q4 0.1495 ± 0.0009, Q2T 0.4965, Q4T 0.0704; худший шум Q_k 0.0413
   раскладка: D:\BqMoni_Claude\p114\art\dumps\store2-G1S_petri60_oisn06_057_p24.csv
   файл     : D:\BqMoni_Claude\p114\store\G1S_petri60_oisn06_057_p24.rmx (0.6 МБ)

== G1S_petri60_oisn06_062_p24 ==
   клеймо   : phys=22;00ee6f70777eb11b94d4051b1d95ebd3e3a618014d79c8b42e95309dfdc5c38d
   время    : 446.9 с на часах, ядер 9.8 из 10
   счёт     : 4361.7 с ЦП, 10.24 мкс на историю  <- сравнивать надо ЭТО
   сетка κ  : 200000 точек по 2 истории — в «мкс на историю» НЕ входят (замер узлов — с --jnodes=0)
   обход    : на историю 13.8 шага границ, 14.3 поиска области, 8.2 интерполяции μ, 3.83 сбора пересечений
   шум конт.: взвешенная 0.63 %  тихо
   Q_k      : узлов 142; у 657.0 кэВ Q2 0.5912 ± 0.0007, Q4 0.1490 ± 0.0009, Q2T 0.4947, Q4T 0.0700; худший шум Q_k 0.0422
   раскладка: D:\BqMoni_Claude\p114\art\dumps\store2-G1S_petri60_oisn06_062_p24.csv
   файл     : D:\BqMoni_Claude\p114\store\G1S_petri60_oisn06_062_p24.rmx (0.6 МБ)

== G1S_petri60_oisn06_064_p24 ==
   клеймо   : phys=22;44b63fcb4afc8c0eddde9c8fdd949ffc4a175b4f97307fdb8367b40e1af75b0a
   время    : 441.1 с на часах, ядер 9.8 из 10
   счёт     : 4308.9 с ЦП, 10.11 мкс на историю  <- сравнивать надо ЭТО
   сетка κ  : 200000 точек по 2 истории — в «мкс на историю» НЕ входят (замер узлов — с --jnodes=0)
   обход    : на историю 13.8 шага границ, 14.3 поиска области, 8.2 интерполяции μ, 3.83 сбора пересечений
   шум конт.: взвешенная 0.63 %  тихо
   Q_k      : узлов 142; у 657.0 кэВ Q2 0.5913 ± 0.0007, Q4 0.1492 ± 0.0009, Q2T 0.4943, Q4T 0.0704; худший шум Q_k 0.0427
   раскладка: D:\BqMoni_Claude\p114\art\dumps\store2-G1S_petri60_oisn06_064_p24.csv
   файл     : D:\BqMoni_Claude\p114\store\G1S_petri60_oisn06_064_p24.rmx (0.6 МБ)

== G1S_petri60_oisn06_067_p24 ==
   клеймо   : phys=22;9db51396a7b767bbd6ac33d877ee20790f686569901c227aada0570242393b5a
   время    : 439.6 с на часах, ядер 9.8 из 10
   счёт     : 4297.3 с ЦП, 10.09 мкс на историю  <- сравнивать надо ЭТО
   сетка κ  : 200000 точек по 2 истории — в «мкс на историю» НЕ входят (замер узлов — с --jnodes=0)
   обход    : на историю 13.8 шага границ, 14.2 поиска области, 8.2 интерполяции μ, 3.84 сбора пересечений
   шум конт.: взвешенная 0.63 %  тихо
   Q_k      : узлов 142; у 657.0 кэВ Q2 0.5910 ± 0.0007, Q4 0.1490 ± 0.0009, Q2T 0.4932, Q4T 0.0697; худший шум Q_k 0.0228
   раскладка: D:\BqMoni_Claude\p114\art\dumps\store2-G1S_petri60_oisn06_067_p24.csv
   файл     : D:\BqMoni_Claude\p114\store\G1S_petri60_oisn06_067_p24.rmx (0.6 МБ)

== G1S_petri60_oisn10_100_p16 ==
   клеймо   : phys=22;f477399391dcca7af01fb9d657fd2e46e85a8e9e92d851cec467c56eb48bbb82
   время    : 445.3 с на часах, ядер 9.8 из 10
   счёт     : 4346.0 с ЦП, 10.20 мкс на историю  <- сравнивать надо ЭТО
   сетка κ  : 200000 точек по 2 истории — в «мкс на историю» НЕ входят (замер узлов — с --jnodes=0)
   обход    : на историю 13.3 шага границ, 13.6 поиска области, 7.8 интерполяции μ, 3.99 сбора пересечений
   шум конт.: взвешенная 0.67 %  тихо
   Q_k      : узлов 142; у 657.0 кэВ Q2 0.5915 ± 0.0007, Q4 0.1500 ± 0.0009, Q2T 0.4857, Q4T 0.0688; худший шум Q_k 0.0346
   раскладка: D:\BqMoni_Claude\p114\art\dumps\store2-G1S_petri60_oisn10_100_p16.csv
   файл     : D:\BqMoni_Claude\p114\store\G1S_petri60_oisn10_100_p16.rmx (0.6 МБ)

== G1S_petri60_oisn16_155_p24 ==
   клеймо   : phys=22;bf6d0e709d659eb060394e5aa96e186667936c11764ffd0105b00940119b744b
   время    : 444.5 с на часах, ядер 9.8 из 10
   счёт     : 4336.2 с ЦП, 10.18 мкс на историю  <- сравнивать надо ЭТО
   сетка κ  : 200000 точек по 2 истории — в «мкс на историю» НЕ входят (замер узлов — с --jnodes=0)
   обход    : на историю 12.9 шага границ, 13.2 поиска области, 7.4 интерполяции μ, 4.14 сбора пересечений
   шум конт.: взвешенная 0.69 %  тихо
   Q_k      : узлов 142; у 657.0 кэВ Q2 0.5912 ± 0.0007, Q4 0.1500 ± 0.0009, Q2T 0.4731, Q4T 0.0657; худший шум Q_k 0.0280
   раскладка: D:\BqMoni_Claude\p114\art\dumps\store2-G1S_petri60_oisn16_155_p24.csv
   файл     : D:\BqMoni_Claude\p114\store\G1S_petri60_oisn16_155_p24.rmx (0.6 МБ)

== G1S_petri60_oisn16_160_p24 ==
   клеймо   : phys=22;eabd09da39e892ddbc4cd32e37571c9332e7087b0d53eb91f5294aa84af5874a
   время    : 444.4 с на часах, ядер 9.8 из 10
   счёт     : 4336.1 с ЦП, 10.18 мкс на историю  <- сравнивать надо ЭТО
   сетка κ  : 200000 точек по 2 истории — в «мкс на историю» НЕ входят (замер узлов — с --jnodes=0)
   обход    : на историю 12.8 шага границ, 13.2 поиска области, 7.4 интерполяции μ, 4.15 сбора пересечений
   шум конт.: взвешенная 0.69 %  тихо
   Q_k      : узлов 142; у 657.0 кэВ Q2 0.5918 ± 0.0007, Q4 0.1508 ± 0.0009, Q2T 0.4725, Q4T 0.0658; худший шум Q_k 0.0282
   раскладка: D:\BqMoni_Claude\p114\art\dumps\store2-G1S_petri60_oisn16_160_p24.csv
   файл     : D:\BqMoni_Claude\p114\store\G1S_petri60_oisn16_160_p24.rmx (0.6 МБ)

== G1S_petri60_oisn16_167_p24 ==
   клеймо   : phys=22;5d551d011909d52f04447db033dfea0f86229aa496aea443975630f041a90a05
   время    : 481.1 с на часах, ядер 9.6 из 10
   счёт     : 4635.4 с ЦП, 10.88 мкс на историю  <- сравнивать надо ЭТО
   сетка κ  : 200000 точек по 2 истории — в «мкс на историю» НЕ входят (замер узлов — с --jnodes=0)
   обход    : на историю 12.8 шага границ, 13.2 поиска области, 7.4 интерполяции μ, 4.16 сбора пересечений
   шум конт.: взвешенная 0.69 %  тихо
   Q_k      : узлов 142; у 657.0 кэВ Q2 0.5920 ± 0.0007, Q4 0.1509 ± 0.0009, Q2T 0.4708, Q4T 0.0657; худший шум Q_k 0.0286
   раскладка: D:\BqMoni_Claude\p114\art\dumps\store2-G1S_petri60_oisn16_167_p24.csv
   файл     : D:\BqMoni_Claude\p114\store\G1S_petri60_oisn16_167_p24.rmx (0.6 МБ)

== G1S_petri60_risn379_100_p16 ==
   клеймо   : phys=22;e0b1f0b457765c5bb31c0ca510e224b4973f6518d8dbef9066e2dc94d78b9bb2
   время    : 462.4 с на часах, ядер 9.8 из 10
   счёт     : 4526.5 с ЦП, 10.78 мкс на историю  <- сравнивать надо ЭТО
   сетка κ  : 200000 точек по 2 истории — в «мкс на историю» НЕ входят (замер узлов — с --jnodes=0)
   обход    : на историю 13.6 шага границ, 14.1 поиска области, 8.0 интерполяции μ, 3.89 сбора пересечений
   шум конт.: взвешенная 0.61 %  тихо
   Q_k      : узлов 140; у 657.0 кэВ Q2 0.5910 ± 0.0007, Q4 0.1492 ± 0.0009, Q2T 0.4840, Q4T 0.0675; худший шум Q_k 0.0364
   раскладка: D:\BqMoni_Claude\p114\art\dumps\store2-G1S_petri60_risn379_100_p16.csv
   файл     : D:\BqMoni_Claude\p114\store\G1S_petri60_risn379_100_p16.rmx (0.6 МБ)

== G1S_point5 ==
   клеймо   : phys=22;905f1bbc867a68d46a43c663b3aaee0204b08c0e85040dcf3090c3cc4e53602f
   время    : 378.6 с на часах, ядер 9.7 из 10
   счёт     : 3686.4 с ЦП, 8.78 мкс на историю  <- сравнивать надо ЭТО
   сетка κ  : 200000 точек по 2 истории — в «мкс на историю» НЕ входят (замер узлов — с --jnodes=0)
   обход    : на историю 9.6 шага границ, 10.7 поиска области, 5.1 интерполяции μ, 3.12 сбора пересечений
   шум конт.: взвешенная 1.48 %  тихо
   Q_k      : узлов 140; у 657.0 кэВ Q2 0.8959 ± 0.0001, Q4 0.6840 ± 0.0003, Q2T 0.8803, Q4T 0.6410; худший шум Q_k 0.0656
   раскладка: D:\BqMoni_Claude\p114\art\dumps\store2-G1S_point5.csv
   файл     : D:\BqMoni_Claude\p114\store\G1S_point5.rmx (0.6 МБ)

== RC103_lu_front ==
   клеймо   : phys=22;336218b67ac8233274081e0842326c9686a652dfc74177418cd16dc5b42d6206
   время    : 334.6 с на часах, ядер 9.7 из 10
   счёт     : 3250.7 с ЦП, 7.63 мкс на историю  <- сравнивать надо ЭТО
   сетка κ  : 200000 точек по 2 истории — в «мкс на историю» НЕ входят (замер узлов — с --jnodes=0)
   обход    : на историю 14.8 шага границ, 14.6 поиска области, 8.7 интерполяции μ, 4.68 сбора пересечений
   шум конт.: взвешенная 2.29 %  тихо
   Q_k      : узлов 142; у 657.0 кэВ Q2 0.9410 ± 0.0006, Q4 0.8164 ± 0.0018, Q2T 0.9137, Q4T 0.7586; худший шум Q_k 0.0678
   раскладка: D:\BqMoni_Claude\p114\art\dumps\store2-RC103_lu_front.csv
   файл     : D:\BqMoni_Claude\p114\store\RC103_lu_front.rmx (0.6 МБ)

== RC103_marinelli05_kcl ==
   клеймо   : phys=22;3a5dcb47c6a30166999812eb4a27af5e0c1a8093d509f9a3463cda3ef19d0e57
   время    : 373.6 с на часах, ядер 9.8 из 10
   счёт     : 3667.7 с ЦП, 8.73 мкс на историю  <- сравнивать надо ЭТО
   сетка κ  : 200000 точек по 2 истории — в «мкс на историю» НЕ входят (замер узлов — с --jnodes=0)
   обход    : на историю 21.2 шага границ, 21.2 поиска области, 13.0 интерполяции μ, 4.10 сбора пересечений
   шум конт.: взвешенная 3.18 %  тихо
   Q_k      : узлов 140; у 657.0 кэВ Q2 0.9793 ± 0.0007, Q4 0.9342 ± 0.0019, Q2T 0.9718, Q4T 0.9137; худший шум Q_k 0.2202
   раскладка: D:\BqMoni_Claude\p114\art\dumps\store2-RC103_marinelli05_kcl.csv
   файл     : D:\BqMoni_Claude\p114\store\RC103_marinelli05_kcl.rmx (0.6 МБ)

== RC103_point0 ==
   клеймо   : phys=22;7e9055781a029966b10dfd901d0d253ee1885648ad6fa6c7523c0f545e0d044f
   время    : 179.5 с на часах, ядер 9.8 из 10
   счёт     : 1760.4 с ЦП, 4.19 мкс на историю  <- сравнивать надо ЭТО
   сетка κ  : 200000 точек по 2 истории — в «мкс на историю» НЕ входят (замер узлов — с --jnodes=0)
   обход    : на историю 9.0 шага границ, 9.1 поиска области, 4.3 интерполяции μ, 2.89 сбора пересечений
   шум конт.: взвешенная 0.76 %  тихо
   Q_k      : узлов 140; у 657.0 кэВ Q2 0.7636 ± 0.0013, Q4 0.3764 ± 0.0028, Q2T 0.6848, Q4T 0.3013; худший шум Q_k 0.0565
   раскладка: D:\BqMoni_Claude\p114\art\dumps\store2-RC103_point0.csv
   файл     : D:\BqMoni_Claude\p114\store\RC103_point0.rmx (0.6 МБ)

матриц: 24 — посчитано 24, пропущено 0 (клеймо сошлось); всего 184.1 мин
пересчитаны ВСЕ — значит изменилась картина целиком (версия физики или параметры расчёта)
ВСЕ СОШЛИСЬ
