склад витрины: C:\Users\moroz\source\repos\BQ Eng res .NET 4.8\tools\fsa_showcase\store; сцен 2: ASN16_point_house, ASN16_rn_side; пробы: C:\Users\moroz\source\repos\BQ Eng res .NET 4.8\tools\effmaker\probes\build; физика 22
приложение у проб: 21.09 15:28:19 sha256 E038BD5A423DF515
контроль на 2 узлах (A77): код 1 (1 = «есть шумные», ожидаемо на 400 k), сцен с клеймом phys=22: 2 из 2, 8 с
      клеймо   : phys=22;9ae917301f2f820b367a73ae00f92b34dd2add233e34de771cb715cfaafcd894
      счёт     : 7.5 с ЦП, 9.38 мкс на историю  <- сравнивать надо ЭТО
      клеймо   : phys=22;bff37fd5c1ab803d45ca1e897e93f0780a1f392788a60fbb07aeb7051cae951e
      счёт     : 7.2 с ЦП, 8.98 мкс на историю  <- сравнивать надо ЭТО
   матриц: 2 — посчитано 2, пропущено 0 (клеймо сошлось); всего 0.1 мин
матрицы: код 0, 1471 с
      сетка κ  : 200000 точек по 2 истории — в «мкс на историю» НЕ входят (замер узлов — с --jnodes=0)
      клеймо   : phys=22;f8d8189df871ab8deb71d0a88a32049fc76ca3e803e19cc83a6eb15a47e1e71a
      счёт     : 7081.1 с ЦП, 16.86 мкс на историю  <- сравнивать надо ЭТО
      сетка κ  : 200000 точек по 2 истории — в «мкс на историю» НЕ входят (замер узлов — с --jnodes=0)
   матриц: 2 — посчитано 2, пропущено 0 (клеймо сошлось); всего 24.4 мин
   ВСЕ СОШЛИСЬ
кривые: код 0, 1481 с
   Привязка кривой и матрицы к спектрам понятной части (B1)
   кривая: 5-3000 кэВ, 200000 историй на узел; розыгрыш точки вылета: автоматика (полевая сцена — важностный, клеймо imp=1; прочие — равномерный); порог шумной кри
      разброс  : медиана 1.48 %, худший узел 4.86 % на 10.0 кэВ (ESS 423 из 200000 историй), узлов выше 5 %: 0 из 37
      guid     : b8a158da-14a3-b2e3-2511-9b3315c75da2
      спектр   : ASN16_Radon_filter2 (1 записей ResultData)
   геометрий в описи: 1 — посчитано 1, пропущено 0 (клеймо и геометрия сошлись); записей проставлено: 1
   ВСЕ СОШЛИСЬ
   ASN16_rn_side.rmx                          9     22    3000000   140    6    1.20%    1.62%   нет
   
     версия физики: 22 — 2
     историй на узел: 3000000 — 2
     каналов у матрицы: 6 — 2 (код знает 6)
     с конусом: 0 из 2
     шумных (худший СУДИМЫЙ узел выше 1.00 %): 2
     континуума нет (шум ≥ 99 %): 43 узлов по складу, судятся узлы от 50 кэВ
   
   НАХОДОК: 2
     ASN16_point_house.rmx: шум худшего узла 1.16 % при пороге 1.00 %
     ASN16_rn_side.rmx: шум худшего узла 1.62 % при пороге 1.00 %
  ASN16_point_house.rmx  654802 байт  sha256 6E74290B3C5B5A73
  ASN16_rn_side.rmx  637202 байт  sha256 6F86BEC1F17BC73F
готово за 1481 с
