→ python C:\Users\moroz\source\repos\BQ Eng res .NET 4.8\tools\check_fsa_showcase.py --snapshot
каталог проб: C:\Users\moroz\source\repos\BQ Eng res .NET 4.8\tools\effmaker\probes\build (заверен 2026-09-21 15:29:21 из C:\Users\moroz\source\repos\BQ Eng res .NET 4.8\BecquerelMonitor\bin\Debug_Codex)
  ⚠ сверено: набор приложения 9116044ab082 (550 файлов), набор FsaStackShot 13494ce22634 (6 файлов), sha двух exe
свежесть каталога проб: сошлась с деревом (T226, 0.8 с)
рабочий каталог: C:\Users\moroz\source\repos\BQ Eng res .NET 4.8\tools\fsa_showcase\wd (скопировано 0, снято 0; приборов 3, матриц 4)
прогон FsaStackShot (5 спектров, 9 пар):
  ASN16_Cs137_house / infer_eq: 1.7 с
  ASN16_Cs137_house / infer_eq_peak: 1.7 с
  ASN16_Cs137_house / infer_eq_compton: 2.0 с
  AS80_Th232_disk / infer_eq: 3.4 с
  ASN16_Radon_filter2 / chain_eq: 3.6 с
  ASN16_Radon_filter2 / chain_noeq: 5.0 с
  G1S24_Rn222Coal_eq01 / sample_eq: 2.0 с
  G1S24_Rn222Coal_eq01 / sample_noeq: 1.9 с
  ASN16_Cs137_10cm / sample_nomatrix: 1.1 с

ПЕРЕОБЪЯВЛЕНИЕ ASN16_Cs137_house / infer_eq: 108 расхождений с прежним эталоном (2026-09-19 12:23):
  спектр                 режим          полоса           компонент                                  было              стало              Δ
  ASN16_Cs137_house      infer_eq       0-30 кэВ         Backscatter                         1478078.576        1485182.425 7103.849 (+0.48 %)
  ASN16_Cs137_house      infer_eq       0-30 кэВ         Cs-137                             17846285.610       17840298.038 -5987.572 (-0.03 %)
  ASN16_Cs137_house      infer_eq       0-30 кэВ         Xray-Pb                               88539.030          86040.972 -2498.058 (-2.82 %)
  ASN16_Cs137_house      infer_eq       0-30 кэВ         Xray-Pb-L                           1177959.156        1183879.252 5920.096 (+0.50 %)
  ASN16_Cs137_house      infer_eq       0-30 кэВ         continuum_raw                         21711.033          24264.667 2553.634 (+11.76 %)
  ASN16_Cs137_house      infer_eq       0-30 кэВ         excess_fit                          2670362.180        2675140.852 4778.672 (+0.18 %)
  ASN16_Cs137_house      infer_eq       0-30 кэВ         excess_net                          2670362.180        2675140.852 4778.672 (+0.18 %)
  ASN16_Cs137_house      infer_eq       0-30 кэВ         missing_fit                          903898.951         904115.390 216.439 (+0.02 %)
  ASN16_Cs137_house      infer_eq       0-30 кэВ         missing_net                          903898.951         904115.390 216.439 (+0.02 %)
  ASN16_Cs137_house      infer_eq       0-30 кэВ         model                              20548571.662       20553133.895 4562.233 (+0.02 %)
  ASN16_Cs137_house      infer_eq       0-30 кэВ         pile-up                                  31.685             35.404 3.719 (+11.74 %)
  ASN16_Cs137_house      infer_eq       0-30 кэВ         tail                                1899994.230        1894107.472 -5886.758 (-0.31 %)
  ASN16_Cs137_house      infer_eq       30-100 кэВ       Backscatter                          251205.394         255594.393 4388.999 (+1.75 %)
  ASN16_Cs137_house      infer_eq       30-100 кэВ       Cs-137                             36978571.483       37048134.878 69563.395 (+0.19 %)
  ASN16_Cs137_house      infer_eq       30-100 кэВ       Xray-Pb                             2277440.689        2212702.258 -64738.431 (-2.84 %)
  ASN16_Cs137_house      infer_eq       30-100 кэВ       continuum_raw                       1370574.979        1463942.615 93367.636 (+6.81 %)
  ASN16_Cs137_house      infer_eq       30-100 кэВ       excess_fit                           290989.381         282415.027 -8574.354 (-2.95 %)
  ASN16_Cs137_house      infer_eq       30-100 кэВ       excess_net                           290989.381         282415.027 -8574.354 (-2.95 %)
  ASN16_Cs137_house      infer_eq       30-100 кэВ       missing_fit                          765570.131         747583.121 -17987.010 (-2.35 %)
  ASN16_Cs137_house      infer_eq       30-100 кэВ       missing_net                          765570.131         747583.121 -17987.010 (-2.35 %)
  ASN16_Cs137_house      infer_eq       30-100 кэВ       model                              39434133.921       39443546.577 9412.656 (+0.02 %)
  ASN16_Cs137_house      infer_eq       30-100 кэВ       pile-up                                2422.325           2585.024 162.699 (+6.72 %)
  ASN16_Cs137_house      infer_eq       30-100 кэВ       tail                               12232588.067       12188886.689 -43701.378 (-0.36 %)
  ASN16_Cs137_house      infer_eq       100-300 кэВ      Backscatter                         6436704.742        6467207.166 30502.424 (+0.47 %)
  ASN16_Cs137_house      infer_eq       100-300 кэВ      Cs-137                             65809228.957       65767610.818 -41618.139 (-0.06 %)
  ASN16_Cs137_house      infer_eq       100-300 кэВ      Xray-Pb                                3693.020           3587.874 -105.146 (-2.85 %)
  ASN16_Cs137_house      infer_eq       100-300 кэВ      continuum_raw                       6600269.339        6573187.725 -27081.614 (-0.41 %)
  ASN16_Cs137_house      infer_eq       100-300 кэВ      excess_fit                           668872.907         665627.043 -3245.864 (-0.49 %)
  ASN16_Cs137_house      infer_eq       100-300 кэВ      excess_net                           668872.907         665627.043 -3245.864 (-0.49 %)
  ASN16_Cs137_house      infer_eq       100-300 кэВ      missing_fit                         1511947.240        1519955.614 8008.374 (+0.53 %)
  ASN16_Cs137_house      infer_eq       100-300 кэВ      missing_net                         1511947.240        1519955.614 8008.374 (+0.53 %)
  ASN16_Cs137_house      infer_eq       100-300 кэВ      model                              72171164.565       72159910.327 -11254.238 (-0.02 %)
  ASN16_Cs137_house      infer_eq       100-300 кэВ      pile-up                               14235.464          14157.883 -77.581 (-0.54 %)
  ASN16_Cs137_house      infer_eq       100-300 кэВ      tail                                 205320.508         204302.102 -1018.406 (-0.50 %)
  ASN16_Cs137_house      infer_eq       300-700 кэВ      Cs-137                            112813462.165      112809639.340 -3822.825 (-0.00 %)
  ASN16_Cs137_house      infer_eq       300-700 кэВ      continuum_raw                        533267.709         540026.299 6758.590 (+1.27 %)
  ASN16_Cs137_house      infer_eq       300-700 кэВ      excess_fit                          1613843.817        1624026.825 10183.008 (+0.63 %)
  ASN16_Cs137_house      infer_eq       300-700 кэВ      excess_net                          1613843.817        1624026.825 10183.008 (+0.63 %)
  ASN16_Cs137_house      infer_eq       300-700 кэВ      missing_fit                         5125079.304        5139000.214 13920.910 (+0.27 %)
  ASN16_Cs137_house      infer_eq       300-700 кэВ      missing_net                         5125079.304        5139000.214 13920.910 (+0.27 %)
  ASN16_Cs137_house      infer_eq       300-700 кэВ      model                             112770363.169      112766625.267 -3737.902 (-0.00 %)
  ASN16_Cs137_house      infer_eq       300-700 кэВ      pile-up                               73711.874          73741.044 29.170 (+0.04 %)
  ASN16_Cs137_house      infer_eq       700-1500 кэВ     Cs-137                               396622.414         396787.314 164.900 (+0.04 %)
  ASN16_Cs137_house      infer_eq       700-1500 кэВ     continuum_raw                        493315.101         493637.245 322.144 (+0.07 %)
  ASN16_Cs137_house      infer_eq       700-1500 кэВ     excess_fit                            47537.036          47630.720 93.684 (+0.20 %)
  ASN16_Cs137_house      infer_eq       700-1500 кэВ     excess_net                            46477.241          46570.925 93.684 (+0.20 %)
  ASN16_Cs137_house      infer_eq       700-1500 кэВ     missing_fit                          135181.715         134946.475 -235.240 (-0.17 %)
  ASN16_Cs137_house      infer_eq       700-1500 кэВ     missing_net                          135181.715         134946.475 -235.240 (-0.17 %)
  ASN16_Cs137_house      infer_eq       700-1500 кэВ     model                               1142795.283        1143124.207 328.924 (+0.03 %)
  ASN16_Cs137_house      infer_eq       700-1500 кэВ     pile-up                              746172.864         746336.895 164.031 (+0.02 %)
  ASN16_Cs137_house      infer_eq       1500-3000 кэВ    continuum_raw                          3806.159           3806.347 0.188 (+0.00 %)
  ASN16_Cs137_house      infer_eq       1500-3000 кэВ    excess_fit                             7132.252           7132.163 -0.089 (-0.00 %)
  ASN16_Cs137_house      infer_eq       1500-3000 кэВ    excess_net                             2492.668           2492.579 -0.089 (-0.00 %)
  ASN16_Cs137_house      infer_eq       1500-3000 кэВ    missing_fit                            4604.106           4604.329 0.223 (+0.00 %)
  ASN16_Cs137_house      infer_eq       1500-3000 кэВ    missing_net                            4604.106           4604.329 0.223 (+0.00 %)
  ASN16_Cs137_house      infer_eq       1500-3000 кэВ    model                                  4830.981           4830.669 -0.312 (-0.01 %)
  ASN16_Cs137_house      infer_eq       1500-3000 кэВ    pile-up                                4830.981           4830.669 -0.312 (-0.01 %)
  ASN16_Cs137_house      infer_eq       rates component  Backscatter.count_rate                    1.941              1.950 0.009 (+0.48 %)
  ASN16_Cs137_house      infer_eq       rates component  Backscatter.peak_counts             7941059.795        7979088.431 38028.637 (+0.48 %)
  ASN16_Cs137_house      infer_eq       rates component  Backscatter.share_pct                     3.314              3.331 0.017 (+0.51 %)
  … и ещё 48 строк

ПЕРЕОБЪЯВЛЕНИЕ ASN16_Cs137_house / infer_eq_peak: 98 расхождений с прежним эталоном (2026-09-19 15:13):
  спектр                 режим          полоса           компонент                                  было              стало              Δ
  ASN16_Cs137_house      infer_eq_peak  0-30 кэВ         Cs-137                             10044904.623       10038718.874 -6185.749 (-0.06 %)
  ASN16_Cs137_house      infer_eq_peak  0-30 кэВ         Xray-Pb                                   1.014              0.985 -0.029 (-2.86 %)
  ASN16_Cs137_house      infer_eq_peak  0-30 кэВ         Xray-Pb-L                           1153344.875        1159141.392 5796.517 (+0.50 %)
  ASN16_Cs137_house      infer_eq_peak  0-30 кэВ         continuum_raw                         21711.033          24264.667 2553.634 (+11.76 %)
  ASN16_Cs137_house      infer_eq_peak  0-30 кэВ         excess_fit                          2670362.180        2675140.852 4778.672 (+0.18 %)
  ASN16_Cs137_house      infer_eq_peak  0-30 кэВ         excess_net                          2670362.180        2675140.852 4778.672 (+0.18 %)
  ASN16_Cs137_house      infer_eq_peak  0-30 кэВ         missing_fit                          903898.951         904115.390 216.439 (+0.02 %)
  ASN16_Cs137_house      infer_eq_peak  0-30 кэВ         missing_net                          903898.951         904115.390 216.439 (+0.02 %)
  ASN16_Cs137_house      infer_eq_peak  0-30 кэВ         model                              20548571.662       20553133.895 4562.233 (+0.02 %)
  ASN16_Cs137_house      infer_eq_peak  0-30 кэВ         tail                                1899994.230        1894107.472 -5886.758 (-0.31 %)
  ASN16_Cs137_house      infer_eq_peak  30-100 кэВ       Cs-137                             14626078.512       14620726.006 -5352.506 (-0.04 %)
  ASN16_Cs137_house      infer_eq_peak  30-100 кэВ       Xray-Pb                             1405763.081        1365139.986 -40623.095 (-2.89 %)
  ASN16_Cs137_house      infer_eq_peak  30-100 кэВ       continuum_raw                       1370574.979        1463942.615 93367.636 (+6.81 %)
  ASN16_Cs137_house      infer_eq_peak  30-100 кэВ       excess_fit                           290989.381         282415.027 -8574.354 (-2.95 %)
  ASN16_Cs137_house      infer_eq_peak  30-100 кэВ       excess_net                           290989.381         282415.027 -8574.354 (-2.95 %)
  ASN16_Cs137_house      infer_eq_peak  30-100 кэВ       missing_fit                          765570.131         747583.121 -17987.010 (-2.35 %)
  ASN16_Cs137_house      infer_eq_peak  30-100 кэВ       missing_net                          765570.131         747583.121 -17987.010 (-2.35 %)
  ASN16_Cs137_house      infer_eq_peak  30-100 кэВ       model                              39434133.921       39443546.577 9412.656 (+0.02 %)
  ASN16_Cs137_house      infer_eq_peak  30-100 кэВ       tail                               12232588.067       12188886.689 -43701.378 (-0.36 %)
  ASN16_Cs137_house      infer_eq_peak  100-300 кэВ      Xray-Pb                                3669.906           3565.329 -104.577 (-2.85 %)
  ASN16_Cs137_house      infer_eq_peak  100-300 кэВ      continuum_raw                       6600269.339        6573187.725 -27081.614 (-0.41 %)
  ASN16_Cs137_house      infer_eq_peak  100-300 кэВ      excess_fit                           668872.907         665627.043 -3245.864 (-0.49 %)
  ASN16_Cs137_house      infer_eq_peak  100-300 кэВ      excess_net                           668872.907         665627.043 -3245.864 (-0.49 %)
  ASN16_Cs137_house      infer_eq_peak  100-300 кэВ      missing_fit                         1511947.240        1519955.614 8008.374 (+0.53 %)
  ASN16_Cs137_house      infer_eq_peak  100-300 кэВ      missing_net                         1511947.240        1519955.614 8008.374 (+0.53 %)
  ASN16_Cs137_house      infer_eq_peak  100-300 кэВ      model                              72171164.565       72159910.327 -11254.238 (-0.02 %)
  ASN16_Cs137_house      infer_eq_peak  100-300 кэВ      tail                                 205320.508         204302.102 -1018.406 (-0.50 %)
  ASN16_Cs137_house      infer_eq_peak  300-700 кэВ      Cs-137                             60424109.806       60401669.665 -22440.141 (-0.04 %)
  ASN16_Cs137_house      infer_eq_peak  300-700 кэВ      continuum_raw                        533267.709         540026.299 6758.590 (+1.27 %)
  ASN16_Cs137_house      infer_eq_peak  300-700 кэВ      excess_fit                          1613843.817        1624026.825 10183.008 (+0.63 %)
  ASN16_Cs137_house      infer_eq_peak  300-700 кэВ      excess_net                          1613843.817        1624026.825 10183.008 (+0.63 %)
  ASN16_Cs137_house      infer_eq_peak  300-700 кэВ      missing_fit                         5125079.304        5139000.214 13920.910 (+0.27 %)
  ASN16_Cs137_house      infer_eq_peak  300-700 кэВ      missing_net                         5125079.304        5139000.214 13920.910 (+0.27 %)
  ASN16_Cs137_house      infer_eq_peak  300-700 кэВ      model                             112770363.169      112766625.267 -3737.902 (-0.00 %)
  ASN16_Cs137_house      infer_eq_peak  700-1500 кэВ     Cs-137                               380972.513         381105.841 133.328 (+0.03 %)
  ASN16_Cs137_house      infer_eq_peak  700-1500 кэВ     continuum_raw                        493315.101         493637.245 322.144 (+0.07 %)
  ASN16_Cs137_house      infer_eq_peak  700-1500 кэВ     excess_fit                            47537.036          47630.720 93.684 (+0.20 %)
  ASN16_Cs137_house      infer_eq_peak  700-1500 кэВ     excess_net                            46477.241          46570.925 93.684 (+0.20 %)
  ASN16_Cs137_house      infer_eq_peak  700-1500 кэВ     missing_fit                          135181.715         134946.475 -235.240 (-0.17 %)
  ASN16_Cs137_house      infer_eq_peak  700-1500 кэВ     missing_net                          135181.715         134946.475 -235.240 (-0.17 %)
  ASN16_Cs137_house      infer_eq_peak  700-1500 кэВ     model                               1142795.283        1143124.207 328.924 (+0.03 %)
  ASN16_Cs137_house      infer_eq_peak  1500-3000 кэВ    continuum_raw                          3806.159           3806.347 0.188 (+0.00 %)
  ASN16_Cs137_house      infer_eq_peak  1500-3000 кэВ    excess_fit                             7132.252           7132.163 -0.089 (-0.00 %)
  ASN16_Cs137_house      infer_eq_peak  1500-3000 кэВ    excess_net                             2492.668           2492.579 -0.089 (-0.00 %)
  ASN16_Cs137_house      infer_eq_peak  1500-3000 кэВ    missing_fit                            4604.106           4604.329 0.223 (+0.00 %)
  ASN16_Cs137_house      infer_eq_peak  1500-3000 кэВ    missing_net                            4604.106           4604.329 0.223 (+0.00 %)
  ASN16_Cs137_house      infer_eq_peak  1500-3000 кэВ    model                                  4830.981           4830.669 -0.312 (-0.01 %)
  ASN16_Cs137_house      infer_eq_peak  rates component  Backscatter.count_rate                    1.941              1.950 0.009 (+0.48 %)
  ASN16_Cs137_house      infer_eq_peak  rates component  Backscatter.peak_counts             7941059.795        7979088.431 38028.637 (+0.48 %)
  ASN16_Cs137_house      infer_eq_peak  rates component  Backscatter.share_pct                     3.314              3.331 0.017 (+0.51 %)
  ASN16_Cs137_house      infer_eq_peak  rates component  Backscatter.z                           101.208            102.280 1.072 (+1.06 %)
  ASN16_Cs137_house      infer_eq_peak  rates component  Cs-137.count_rate                      6730.664           6727.526 -3.139 (-0.05 %)
  ASN16_Cs137_house      infer_eq_peak  rates component  Cs-137.decision_threshold_ra              0.705              0.699 -0.006 (-0.87 %)
  ASN16_Cs137_house      infer_eq_peak  rates component  Cs-137.detection_limit_rate               1.413              1.401 -0.012 (-0.87 %)
  ASN16_Cs137_house      infer_eq_peak  rates component  Cs-137.peak_counts                100158677.569      100141953.353 -16724.215 (-0.02 %)
  ASN16_Cs137_house      infer_eq_peak  rates component  Cs-137.share_pct                         94.904             94.912 0.008 (+0.01 %)
  ASN16_Cs137_house      infer_eq_peak  rates component  Cs-137.z                               1803.865           1807.022 3.157 (+0.17 %)
  ASN16_Cs137_house      infer_eq_peak  rates component  Xray-Pb.count_rate                       16.807             16.321 -0.485 (-2.89 %)
  ASN16_Cs137_house      infer_eq_peak  rates component  Xray-Pb.peak_counts                 1632507.935        1585281.447 -47226.488 (-2.89 %)
  ASN16_Cs137_house      infer_eq_peak  rates component  Xray-Pb.share_pct                         0.962              0.934 -0.027 (-2.84 %)
  … и ещё 38 строк

ПЕРЕОБЪЯВЛЕНИЕ ASN16_Cs137_house / infer_eq_compton: 99 расхождений с прежним эталоном (2026-09-19 15:13):
  спектр                 режим          полоса           компонент                                  было              стало              Δ
  ASN16_Cs137_house      infer_eq_compt 0-30 кэВ         Cs-137                              7739639.848        7737370.884 -2268.964 (-0.03 %)
  ASN16_Cs137_house      infer_eq_compt 0-30 кэВ         Xray-Pb                               88308.386          85791.547 -2516.839 (-2.85 %)
  ASN16_Cs137_house      infer_eq_compt 0-30 кэВ         Xray-Pb-L                             22202.452          22313.660 111.208 (+0.50 %)
  ASN16_Cs137_house      infer_eq_compt 0-30 кэВ         continuum_raw                         21711.033          24264.667 2553.634 (+11.76 %)
  ASN16_Cs137_house      infer_eq_compt 0-30 кэВ         excess_fit                          2670362.180        2675140.852 4778.672 (+0.18 %)
  ASN16_Cs137_house      infer_eq_compt 0-30 кэВ         excess_net                          2670362.180        2675140.852 4778.672 (+0.18 %)
  ASN16_Cs137_house      infer_eq_compt 0-30 кэВ         missing_fit                          903898.951         904115.390 216.439 (+0.02 %)
  ASN16_Cs137_house      infer_eq_compt 0-30 кэВ         missing_net                          903898.951         904115.390 216.439 (+0.02 %)
  ASN16_Cs137_house      infer_eq_compt 0-30 кэВ         model                              20548571.662       20553133.895 4562.233 (+0.02 %)
  ASN16_Cs137_house      infer_eq_compt 0-30 кэВ         tail                                1899994.230        1894107.472 -5886.758 (-0.31 %)
  ASN16_Cs137_house      infer_eq_compt 30-100 кэВ       Cs-137                             20985070.553       20970440.140 -14630.413 (-0.07 %)
  ASN16_Cs137_house      infer_eq_compt 30-100 кэВ       Xray-Pb                              829273.999         805974.623 -23299.376 (-2.81 %)
  ASN16_Cs137_house      infer_eq_compt 30-100 кэВ       continuum_raw                       1370574.979        1463942.615 93367.636 (+6.81 %)
  ASN16_Cs137_house      infer_eq_compt 30-100 кэВ       excess_fit                           290989.381         282415.027 -8574.354 (-2.95 %)
  ASN16_Cs137_house      infer_eq_compt 30-100 кэВ       excess_net                           290989.381         282415.027 -8574.354 (-2.95 %)
  ASN16_Cs137_house      infer_eq_compt 30-100 кэВ       missing_fit                          765570.131         747583.121 -17987.010 (-2.35 %)
  ASN16_Cs137_house      infer_eq_compt 30-100 кэВ       missing_net                          765570.131         747583.121 -17987.010 (-2.35 %)
  ASN16_Cs137_house      infer_eq_compt 30-100 кэВ       model                              39434133.921       39443546.577 9412.656 (+0.02 %)
  ASN16_Cs137_house      infer_eq_compt 30-100 кэВ       tail                               12232588.067       12188886.689 -43701.378 (-0.36 %)
  ASN16_Cs137_house      infer_eq_compt 100-300 кэВ      Cs-137                             59401078.584       59386994.348 -14084.236 (-0.02 %)
  ASN16_Cs137_house      infer_eq_compt 100-300 кэВ      Xray-Pb                                  19.244             18.718 -0.526 (-2.73 %)
  ASN16_Cs137_house      infer_eq_compt 100-300 кэВ      continuum_raw                       6600269.339        6573187.725 -27081.614 (-0.41 %)
  ASN16_Cs137_house      infer_eq_compt 100-300 кэВ      excess_fit                           668872.907         665627.043 -3245.864 (-0.49 %)
  ASN16_Cs137_house      infer_eq_compt 100-300 кэВ      excess_net                           668872.907         665627.043 -3245.864 (-0.49 %)
  ASN16_Cs137_house      infer_eq_compt 100-300 кэВ      missing_fit                         1511947.240        1519955.614 8008.374 (+0.53 %)
  ASN16_Cs137_house      infer_eq_compt 100-300 кэВ      missing_net                         1511947.240        1519955.614 8008.374 (+0.53 %)
  ASN16_Cs137_house      infer_eq_compt 100-300 кэВ      model                              72171164.565       72159910.327 -11254.238 (-0.02 %)
  ASN16_Cs137_house      infer_eq_compt 100-300 кэВ      tail                                 205320.508         204302.102 -1018.406 (-0.50 %)
  ASN16_Cs137_house      infer_eq_compt 300-700 кэВ      Cs-137                             51240497.275       51245093.586 4596.311 (+0.01 %)
  ASN16_Cs137_house      infer_eq_compt 300-700 кэВ      continuum_raw                        533267.709         540026.299 6758.590 (+1.27 %)
  ASN16_Cs137_house      infer_eq_compt 300-700 кэВ      excess_fit                          1613843.817        1624026.825 10183.008 (+0.63 %)
  ASN16_Cs137_house      infer_eq_compt 300-700 кэВ      excess_net                          1613843.817        1624026.825 10183.008 (+0.63 %)
  ASN16_Cs137_house      infer_eq_compt 300-700 кэВ      missing_fit                         5125079.304        5139000.214 13920.910 (+0.27 %)
  ASN16_Cs137_house      infer_eq_compt 300-700 кэВ      missing_net                         5125079.304        5139000.214 13920.910 (+0.27 %)
  ASN16_Cs137_house      infer_eq_compt 300-700 кэВ      model                             112770363.169      112766625.267 -3737.902 (-0.00 %)
  ASN16_Cs137_house      infer_eq_compt 700-1500 кэВ     Cs-137                                  482.901            484.444 1.543 (+0.32 %)
  ASN16_Cs137_house      infer_eq_compt 700-1500 кэВ     continuum_raw                        493315.101         493637.245 322.144 (+0.07 %)
  ASN16_Cs137_house      infer_eq_compt 700-1500 кэВ     excess_fit                            47537.036          47630.720 93.684 (+0.20 %)
  ASN16_Cs137_house      infer_eq_compt 700-1500 кэВ     excess_net                            46477.241          46570.925 93.684 (+0.20 %)
  ASN16_Cs137_house      infer_eq_compt 700-1500 кэВ     missing_fit                          135181.715         134946.475 -235.240 (-0.17 %)
  ASN16_Cs137_house      infer_eq_compt 700-1500 кэВ     missing_net                          135181.715         134946.475 -235.240 (-0.17 %)
  ASN16_Cs137_house      infer_eq_compt 700-1500 кэВ     model                               1142795.283        1143124.207 328.924 (+0.03 %)
  ASN16_Cs137_house      infer_eq_compt 1500-3000 кэВ    continuum_raw                          3806.159           3806.347 0.188 (+0.00 %)
  ASN16_Cs137_house      infer_eq_compt 1500-3000 кэВ    excess_fit                             7132.252           7132.163 -0.089 (-0.00 %)
  ASN16_Cs137_house      infer_eq_compt 1500-3000 кэВ    excess_net                             2492.668           2492.579 -0.089 (-0.00 %)
  ASN16_Cs137_house      infer_eq_compt 1500-3000 кэВ    missing_fit                            4604.106           4604.329 0.223 (+0.00 %)
  ASN16_Cs137_house      infer_eq_compt 1500-3000 кэВ    missing_net                            4604.106           4604.329 0.223 (+0.00 %)
  ASN16_Cs137_house      infer_eq_compt 1500-3000 кэВ    model                                  4830.981           4830.669 -0.312 (-0.01 %)
  ASN16_Cs137_house      infer_eq_compt rates component  Backscatter.count_rate                    1.941              1.950 0.009 (+0.48 %)
  ASN16_Cs137_house      infer_eq_compt rates component  Backscatter.peak_counts             7941059.795        7979088.431 38028.637 (+0.48 %)
  ASN16_Cs137_house      infer_eq_compt rates component  Backscatter.share_pct                     3.314              3.331 0.017 (+0.51 %)
  ASN16_Cs137_house      infer_eq_compt rates component  Backscatter.z                           101.208            102.280 1.072 (+1.06 %)
  ASN16_Cs137_house      infer_eq_compt rates component  Cs-137.count_rate                      6730.664           6727.526 -3.139 (-0.05 %)
  ASN16_Cs137_house      infer_eq_compt rates component  Cs-137.decision_threshold_ra              0.705              0.699 -0.006 (-0.87 %)
  ASN16_Cs137_house      infer_eq_compt rates component  Cs-137.detection_limit_rate               1.413              1.401 -0.012 (-0.87 %)
  ASN16_Cs137_house      infer_eq_compt rates component  Cs-137.peak_counts                100158677.569      100141953.353 -16724.215 (-0.02 %)
  ASN16_Cs137_house      infer_eq_compt rates component  Cs-137.share_pct                         94.904             94.912 0.008 (+0.01 %)
  ASN16_Cs137_house      infer_eq_compt rates component  Cs-137.z                               1803.865           1807.022 3.157 (+0.17 %)
  ASN16_Cs137_house      infer_eq_compt rates component  Xray-Pb.count_rate                       16.807             16.321 -0.485 (-2.89 %)
  ASN16_Cs137_house      infer_eq_compt rates component  Xray-Pb.peak_counts                 1632507.935        1585281.447 -47226.488 (-2.89 %)
  … и ещё 39 строк

ПЕРЕОБЪЯВЛЕНИЕ AS80_Th232_disk / infer_eq: 164 расхождений с прежним эталоном (2026-09-19 12:23):
  спектр                 режим          полоса           компонент                                  было              стало              Δ
  AS80_Th232_disk        infer_eq       0-30 кэВ         Ac-228                                10582.152          10608.327 26.175 (+0.25 %)
  AS80_Th232_disk        infer_eq       0-30 кэВ         Bi-212                                 3823.065           3845.655 22.590 (+0.59 %)
  AS80_Th232_disk        infer_eq       0-30 кэВ         Pb-212                                 2283.029           2265.309 -17.720 (-0.78 %)
  AS80_Th232_disk        infer_eq       0-30 кэВ         Ra-224                                  170.499            169.431 -1.068 (-0.63 %)
  AS80_Th232_disk        infer_eq       0-30 кэВ         Rn-220                                    5.033              4.996 -0.037 (-0.74 %)
  AS80_Th232_disk        infer_eq       0-30 кэВ         Th-228                                   30.160             29.901 -0.259 (-0.86 %)
  AS80_Th232_disk        infer_eq       0-30 кэВ         Th-232                                    4.400              4.330 -0.070 (-1.59 %)
  AS80_Th232_disk        infer_eq       0-30 кэВ         Tl-208                                 2753.728           2760.590 6.862 (+0.25 %)
  AS80_Th232_disk        infer_eq       0-30 кэВ         Xray-Pb                                2083.306           2055.277 -28.029 (-1.35 %)
  AS80_Th232_disk        infer_eq       0-30 кэВ         Xray-Th                                  66.350             66.200 -0.150 (-0.23 %)
  AS80_Th232_disk        infer_eq       0-30 кэВ         continuum_raw                          6074.255           6106.634 32.379 (+0.53 %)
  AS80_Th232_disk        infer_eq       0-30 кэВ         excess_fit                              676.933            686.174 9.241 (+1.37 %)
  AS80_Th232_disk        infer_eq       0-30 кэВ         excess_net                              675.453            684.694 9.241 (+1.37 %)
  AS80_Th232_disk        infer_eq       0-30 кэВ         missing_fit                            3860.346           3861.288 0.942 (+0.02 %)
  AS80_Th232_disk        infer_eq       0-30 кэВ         missing_net                            3860.346           3861.288 0.942 (+0.02 %)
  AS80_Th232_disk        infer_eq       0-30 кэВ         model                                 21801.877          21810.176 8.299 (+0.04 %)
  AS80_Th232_disk        infer_eq       0-30 кэВ         tail                                   5334.689           5250.347 -84.342 (-1.58 %)
  AS80_Th232_disk        infer_eq       30-100 кэВ       Ac-228                                70674.659          70695.541 20.882 (+0.03 %)
  AS80_Th232_disk        infer_eq       30-100 кэВ       Bi-212                                16557.941          16541.731 -16.210 (-0.10 %)
  AS80_Th232_disk        infer_eq       30-100 кэВ       Pb-212                                60530.818          60589.327 58.509 (+0.10 %)
  AS80_Th232_disk        infer_eq       30-100 кэВ       Ra-224                                 2974.570           2980.418 5.848 (+0.20 %)
  AS80_Th232_disk        infer_eq       30-100 кэВ       Rn-220                                   38.004             37.937 -0.067 (-0.18 %)
  AS80_Th232_disk        infer_eq       30-100 кэВ       Th-228                                 1553.212           1554.468 1.256 (+0.08 %)
  AS80_Th232_disk        infer_eq       30-100 кэВ       Th-232                                  136.614            136.740 0.126 (+0.09 %)
  AS80_Th232_disk        infer_eq       30-100 кэВ       Tl-208                                37152.362          37286.055 133.693 (+0.36 %)
  AS80_Th232_disk        infer_eq       30-100 кэВ       Xray-Pb                              161549.130         161429.853 -119.277 (-0.07 %)
  AS80_Th232_disk        infer_eq       30-100 кэВ       Xray-Th                                9587.689           9510.982 -76.707 (-0.80 %)
  AS80_Th232_disk        infer_eq       30-100 кэВ       continuum_raw                         84301.089          84456.794 155.705 (+0.18 %)
  AS80_Th232_disk        infer_eq       30-100 кэВ       excess_fit                            13835.164          13798.998 -36.166 (-0.26 %)
  AS80_Th232_disk        infer_eq       30-100 кэВ       excess_net                            13835.164          13798.998 -36.166 (-0.26 %)
  AS80_Th232_disk        infer_eq       30-100 кэВ       missing_fit                           15800.654          15756.419 -44.235 (-0.28 %)
  AS80_Th232_disk        infer_eq       30-100 кэВ       missing_net                           15800.654          15756.419 -44.235 (-0.28 %)
  AS80_Th232_disk        infer_eq       30-100 кэВ       model                                360755.921         360763.990 8.069 (+0.00 %)
  AS80_Th232_disk        infer_eq       30-100 кэВ       tail                                   8225.591           8033.428 -192.163 (-2.34 %)
  AS80_Th232_disk        infer_eq       100-300 кэВ      Ac-228                               209098.955         209186.801 87.846 (+0.04 %)
  AS80_Th232_disk        infer_eq       100-300 кэВ      Bi-212                                20918.635          20920.488 1.853 (+0.01 %)
  AS80_Th232_disk        infer_eq       100-300 кэВ      Pb-212                               221241.334         221151.838 -89.496 (-0.04 %)
  AS80_Th232_disk        infer_eq       100-300 кэВ      Ra-224                                19739.745          19732.981 -6.764 (-0.03 %)
  AS80_Th232_disk        infer_eq       100-300 кэВ      Rn-220                                  239.772            239.333 -0.439 (-0.18 %)
  AS80_Th232_disk        infer_eq       100-300 кэВ      Th-228                                 1839.493           1839.202 -0.291 (-0.02 %)
  AS80_Th232_disk        infer_eq       100-300 кэВ      Th-232                                   54.676             54.738 0.062 (+0.11 %)
  AS80_Th232_disk        infer_eq       100-300 кэВ      Tl-208                               134472.288         134674.389 202.101 (+0.15 %)
  AS80_Th232_disk        infer_eq       100-300 кэВ      Xray-Pb                                 216.987            217.934 0.947 (+0.44 %)
  AS80_Th232_disk        infer_eq       100-300 кэВ      Xray-Th                                4181.654           4154.138 -27.516 (-0.66 %)
  AS80_Th232_disk        infer_eq       100-300 кэВ      continuum_raw                        202266.139         202469.145 203.006 (+0.10 %)
  AS80_Th232_disk        infer_eq       100-300 кэВ      excess_fit                            17378.597          17428.649 50.052 (+0.29 %)
  AS80_Th232_disk        infer_eq       100-300 кэВ      excess_net                            17378.597          17428.649 50.052 (+0.29 %)
  AS80_Th232_disk        infer_eq       100-300 кэВ      missing_fit                           32046.706          31928.468 -118.238 (-0.37 %)
  AS80_Th232_disk        infer_eq       100-300 кэВ      missing_net                           32046.706          31928.468 -118.238 (-0.37 %)
  AS80_Th232_disk        infer_eq       100-300 кэВ      model                                612006.886         612175.176 168.290 (+0.03 %)
  AS80_Th232_disk        infer_eq       300-700 кэВ      Ac-228                               176400.320         176529.337 129.017 (+0.07 %)
  AS80_Th232_disk        infer_eq       300-700 кэВ      Bi-212                                18534.261          18522.869 -11.392 (-0.06 %)
  AS80_Th232_disk        infer_eq       300-700 кэВ      Pb-212                                 5310.873           5316.199 5.326 (+0.10 %)
  AS80_Th232_disk        infer_eq       300-700 кэВ      Rn-220                                  342.434            342.442 0.008 (+0.00 %)
  AS80_Th232_disk        infer_eq       300-700 кэВ      Tl-208                               147800.949         147661.811 -139.138 (-0.09 %)
  AS80_Th232_disk        infer_eq       300-700 кэВ      continuum_raw                         73260.955          73423.274 162.319 (+0.22 %)
  AS80_Th232_disk        infer_eq       300-700 кэВ      excess_fit                            13754.447          13705.273 -49.174 (-0.36 %)
  AS80_Th232_disk        infer_eq       300-700 кэВ      excess_net                            13754.447          13705.273 -49.174 (-0.36 %)
  AS80_Th232_disk        infer_eq       300-700 кэВ      missing_fit                           20837.513          20804.555 -32.958 (-0.16 %)
  AS80_Th232_disk        infer_eq       300-700 кэВ      missing_net                           20837.513          20804.555 -32.958 (-0.16 %)
  … и ещё 104 строк

ПЕРЕОБЪЯВЛЕНИЕ ASN16_Radon_filter2 / chain_eq: 130 расхождений с прежним эталоном (2026-09-19 12:23):
  спектр                 режим          полоса           компонент                                  было              стало              Δ
  ASN16_Radon_filter2    chain_eq       0-30 кэВ         Ac-228                                 3981.453           3980.101 -1.352 (-0.03 %)
  ASN16_Radon_filter2    chain_eq       0-30 кэВ         Bi-212                                  481.394            481.232 -0.162 (-0.03 %)
  ASN16_Radon_filter2    chain_eq       0-30 кэВ         Pb-212                                 4758.784           4757.743 -1.041 (-0.02 %)
  ASN16_Radon_filter2    chain_eq       0-30 кэВ         Ra-224                                  247.334            247.265 -0.069 (-0.03 %)
  ASN16_Radon_filter2    chain_eq       0-30 кэВ         Rn-220                                    3.058              3.057 -0.001 (-0.03 %)
  ASN16_Radon_filter2    chain_eq       0-30 кэВ         Th-228                                  108.160            108.139 -0.021 (-0.02 %)
  ASN16_Radon_filter2    chain_eq       0-30 кэВ         Th-232                                   19.909             19.906 -0.003 (-0.02 %)
  ASN16_Radon_filter2    chain_eq       0-30 кэВ         Tl-208                                 2140.336           2142.993 2.657 (+0.12 %)
  ASN16_Radon_filter2    chain_eq       0-30 кэВ         continuum_raw                         11666.259          11666.072 -0.187 (-0.00 %)
  ASN16_Radon_filter2    chain_eq       0-30 кэВ         excess_fit                             3542.694           3542.675 -0.019 (-0.00 %)
  ASN16_Radon_filter2    chain_eq       0-30 кэВ         excess_net                             3542.694           3542.675 -0.019 (-0.00 %)
  ASN16_Radon_filter2    chain_eq       0-30 кэВ         missing_fit                            6601.805           6601.772 -0.033 (-0.00 %)
  ASN16_Radon_filter2    chain_eq       0-30 кэВ         missing_net                            6601.805           6601.772 -0.033 (-0.00 %)
  ASN16_Radon_filter2    chain_eq       0-30 кэВ         model                                 11741.237          11741.251 0.014 (+0.00 %)
  ASN16_Radon_filter2    chain_eq       30-100 кэВ       Ac-228                                 9454.102           9449.472 -4.630 (-0.05 %)
  ASN16_Radon_filter2    chain_eq       30-100 кэВ       Bi-212                                  880.847            880.750 -0.097 (-0.01 %)
  ASN16_Radon_filter2    chain_eq       30-100 кэВ       Pb-212                                10949.313          10947.964 -1.349 (-0.01 %)
  ASN16_Radon_filter2    chain_eq       30-100 кэВ       Ra-224                                  617.651            617.435 -0.216 (-0.03 %)
  ASN16_Radon_filter2    chain_eq       30-100 кэВ       Rn-220                                    8.022              8.014 -0.008 (-0.10 %)
  ASN16_Radon_filter2    chain_eq       30-100 кэВ       Th-228                                  254.943            254.911 -0.032 (-0.01 %)
  ASN16_Radon_filter2    chain_eq       30-100 кэВ       Th-232                                   27.650             27.658 0.008 (+0.03 %)
  ASN16_Radon_filter2    chain_eq       30-100 кэВ       Tl-208                                 5252.740           5259.157 6.417 (+0.12 %)
  ASN16_Radon_filter2    chain_eq       30-100 кэВ       continuum_raw                         26500.545          26497.476 -3.069 (-0.01 %)
  ASN16_Radon_filter2    chain_eq       30-100 кэВ       excess_fit                             5487.224           5487.355 0.131 (+0.00 %)
  ASN16_Radon_filter2    chain_eq       30-100 кэВ       excess_net                             5447.397           5447.528 0.131 (+0.00 %)
  ASN16_Radon_filter2    chain_eq       30-100 кэВ       missing_fit                            7415.780           7415.834 0.054 (+0.00 %)
  ASN16_Radon_filter2    chain_eq       30-100 кэВ       missing_net                            7415.780           7415.834 0.054 (+0.00 %)
  ASN16_Radon_filter2    chain_eq       30-100 кэВ       model                                 27445.394          27445.471 0.077 (+0.00 %)
  ASN16_Radon_filter2    chain_eq       100-300 кэВ      Ac-228                                 2934.132           2932.193 -1.939 (-0.07 %)
  ASN16_Radon_filter2    chain_eq       100-300 кэВ      Bi-212                                  268.207            268.040 -0.167 (-0.06 %)
  ASN16_Radon_filter2    chain_eq       100-300 кэВ      Pb-212                                 2381.802           2382.708 0.906 (+0.04 %)
  ASN16_Radon_filter2    chain_eq       100-300 кэВ      Ra-224                                  208.157            208.232 0.075 (+0.04 %)
  ASN16_Radon_filter2    chain_eq       100-300 кэВ      Rn-220                                    3.063              3.058 -0.005 (-0.16 %)
  ASN16_Radon_filter2    chain_eq       100-300 кэВ      Th-228                                   27.312             27.318 0.006 (+0.02 %)
  ASN16_Radon_filter2    chain_eq       100-300 кэВ      Tl-208                                 1785.723           1787.349 1.626 (+0.09 %)
  ASN16_Radon_filter2    chain_eq       100-300 кэВ      continuum_raw                          6403.577           6399.785 -3.792 (-0.06 %)
  ASN16_Radon_filter2    chain_eq       100-300 кэВ      excess_fit                            14776.374          14776.293 -0.081 (-0.00 %)
  ASN16_Radon_filter2    chain_eq       100-300 кэВ      excess_net                             5241.242           5241.161 -0.081 (-0.00 %)
  ASN16_Radon_filter2    chain_eq       100-300 кэВ      missing_fit                            2739.796           2739.201 -0.595 (-0.02 %)
  ASN16_Radon_filter2    chain_eq       100-300 кэВ      missing_net                            2739.796           2739.201 -0.595 (-0.02 %)
  ASN16_Radon_filter2    chain_eq       100-300 кэВ      model                                  7609.605           7610.119 0.514 (+0.01 %)
  ASN16_Radon_filter2    chain_eq       300-700 кэВ      Ac-228                                  627.980            627.646 -0.334 (-0.05 %)
  ASN16_Radon_filter2    chain_eq       300-700 кэВ      Bi-212                                   72.287             72.222 -0.065 (-0.09 %)
  ASN16_Radon_filter2    chain_eq       300-700 кэВ      Pb-212                                   20.066             20.126 0.060 (+0.30 %)
  ASN16_Radon_filter2    chain_eq       300-700 кэВ      Rn-220                                    0.640              0.645 0.005 (+0.78 %)
  ASN16_Radon_filter2    chain_eq       300-700 кэВ      Tl-208                                  523.586            524.636 1.050 (+0.20 %)
  ASN16_Radon_filter2    chain_eq       300-700 кэВ      continuum_raw                           703.283            702.041 -1.242 (-0.18 %)
  ASN16_Radon_filter2    chain_eq       300-700 кэВ      excess_fit                             4389.316           4389.813 0.497 (+0.01 %)
  ASN16_Radon_filter2    chain_eq       300-700 кэВ      excess_net                              634.504            635.001 0.497 (+0.08 %)
  ASN16_Radon_filter2    chain_eq       300-700 кэВ      missing_fit                            1610.342           1610.087 -0.255 (-0.02 %)
  ASN16_Radon_filter2    chain_eq       300-700 кэВ      missing_net                            1610.342           1610.087 -0.255 (-0.02 %)
  ASN16_Radon_filter2    chain_eq       300-700 кэВ      model                                  1244.660           1245.412 0.752 (+0.06 %)
  ASN16_Radon_filter2    chain_eq       700-1500 кэВ     Ac-228                                  135.483            135.888 0.405 (+0.30 %)
  ASN16_Radon_filter2    chain_eq       700-1500 кэВ     Bi-212                                   23.325             23.395 0.070 (+0.30 %)
  ASN16_Radon_filter2    chain_eq       700-1500 кэВ     Tl-208                                  107.593            107.630 0.037 (+0.03 %)
  ASN16_Radon_filter2    chain_eq       700-1500 кэВ     continuum_raw                            65.037             64.939 -0.098 (-0.15 %)
  ASN16_Radon_filter2    chain_eq       700-1500 кэВ     excess_fit                             2774.202           2774.574 0.372 (+0.01 %)
  ASN16_Radon_filter2    chain_eq       700-1500 кэВ     excess_net                              157.888            158.260 0.372 (+0.24 %)
  ASN16_Radon_filter2    chain_eq       700-1500 кэВ     missing_fit                            1760.787           1760.527 -0.260 (-0.01 %)
  ASN16_Radon_filter2    chain_eq       700-1500 кэВ     missing_net                            1760.787           1760.527 -0.260 (-0.01 %)
  … и ещё 70 строк

ПЕРЕОБЪЯВЛЕНИЕ ASN16_Radon_filter2 / chain_noeq: 121 расхождений с прежним эталоном (2026-09-19 12:23):
  спектр                 режим          полоса           компонент                                  было              стало              Δ
  ASN16_Radon_filter2    chain_noeq     0-30 кэВ         Pb-212                                11122.854          11122.894 0.040 (+0.00 %)
  ASN16_Radon_filter2    chain_noeq     0-30 кэВ         Ra-224                                  583.427            583.399 -0.028 (-0.00 %)
  ASN16_Radon_filter2    chain_noeq     0-30 кэВ         continuum_raw                         11514.438          11514.797 0.359 (+0.00 %)
  ASN16_Radon_filter2    chain_noeq     0-30 кэВ         excess_fit                             3518.073           3518.236 0.163 (+0.00 %)
  ASN16_Radon_filter2    chain_noeq     0-30 кэВ         excess_net                             3518.073           3518.236 0.163 (+0.00 %)
  ASN16_Radon_filter2    chain_noeq     0-30 кэВ         missing_fit                            6612.138           6612.294 0.156 (+0.00 %)
  ASN16_Radon_filter2    chain_noeq     0-30 кэВ         missing_net                            6612.138           6612.294 0.156 (+0.00 %)
  ASN16_Radon_filter2    chain_noeq     0-30 кэВ         model                                 11706.283          11706.290 0.007 (+0.00 %)
  ASN16_Radon_filter2    chain_noeq     30-100 кэВ       Pb-212                                26720.593          26720.563 -0.030 (-0.00 %)
  ASN16_Radon_filter2    chain_noeq     30-100 кэВ       Ra-224                                 1433.847           1433.810 -0.037 (-0.00 %)
  ASN16_Radon_filter2    chain_noeq     30-100 кэВ       continuum_raw                         23591.744          23592.676 0.932 (+0.00 %)
  ASN16_Radon_filter2    chain_noeq     30-100 кэВ       excess_fit                             4979.582           4979.841 0.259 (+0.01 %)
  ASN16_Radon_filter2    chain_noeq     30-100 кэВ       excess_net                             4939.755           4940.014 0.259 (+0.01 %)
  ASN16_Radon_filter2    chain_noeq     30-100 кэВ       missing_fit                            6199.108           6199.408 0.300 (+0.00 %)
  ASN16_Radon_filter2    chain_noeq     30-100 кэВ       missing_net                            6199.108           6199.408 0.300 (+0.00 %)
  ASN16_Radon_filter2    chain_noeq     30-100 кэВ       model                                 28154.424          28154.383 -0.041 (-0.00 %)
  ASN16_Radon_filter2    chain_noeq     100-300 кэВ      Pb-212                                 8155.729           8155.730 0.001 (+0.00 %)
  ASN16_Radon_filter2    chain_noeq     100-300 кэВ      Ra-224                                  720.835            720.770 -0.065 (-0.01 %)
  ASN16_Radon_filter2    chain_noeq     100-300 кэВ      continuum_raw                          3957.482           3957.732 0.250 (+0.01 %)
  ASN16_Radon_filter2    chain_noeq     100-300 кэВ      excess_fit                            14487.302          14487.497 0.195 (+0.00 %)
  ASN16_Radon_filter2    chain_noeq     100-300 кэВ      excess_net                             4952.170           4952.365 0.195 (+0.00 %)
  ASN16_Radon_filter2    chain_noeq     100-300 кэВ      missing_fit                            1183.767           1184.023 0.256 (+0.02 %)
  ASN16_Radon_filter2    chain_noeq     100-300 кэВ      missing_net                            1183.767           1184.023 0.256 (+0.02 %)
  ASN16_Radon_filter2    chain_noeq     100-300 кэВ      model                                  8876.562           8876.501 -0.061 (-0.00 %)
  ASN16_Radon_filter2    chain_noeq     300-700 кэВ      Pb-212                                  417.663            417.547 -0.116 (-0.03 %)
  ASN16_Radon_filter2    chain_noeq     300-700 кэВ      excess_fit                             4216.787           4216.738 -0.049 (-0.00 %)
  ASN16_Radon_filter2    chain_noeq     300-700 кэВ      excess_net                              461.975            461.926 -0.049 (-0.01 %)
  ASN16_Radon_filter2    chain_noeq     300-700 кэВ      missing_fit                            1683.573           1683.640 0.067 (+0.00 %)
  ASN16_Radon_filter2    chain_noeq     300-700 кэВ      missing_net                            1683.573           1683.640 0.067 (+0.00 %)
  ASN16_Radon_filter2    chain_noeq     300-700 кэВ      model                                   998.900            998.784 -0.116 (-0.01 %)
  ASN16_Radon_filter2    chain_noeq     rates component  Pb-212.count_rate                        15.092             15.087 -0.004 (-0.03 %)
  ASN16_Radon_filter2    chain_noeq     rates component  Pb-212.decision_threshold_ra              0.966              0.966 -4.83794e-05 (-0.01 %)
  ASN16_Radon_filter2    chain_noeq     rates component  Pb-212.detection_limit_rate               1.944              1.944 -9.73449e-05 (-0.01 %)
  ASN16_Radon_filter2    chain_noeq     rates component  Pb-212.peak_counts                     9152.903           9150.972 -1.931 (-0.02 %)
  ASN16_Radon_filter2    chain_noeq     rates component  Pb-212.share_pct                         91.237             91.237 0.000196314 (+0.00 %)
  ASN16_Radon_filter2    chain_noeq     rates component  Pb-212.z                                 23.446             23.442 -0.005 (-0.02 %)
  ASN16_Radon_filter2    chain_noeq     rates component  Ra-224.count_rate                        15.092             15.087 -0.004 (-0.03 %)
  ASN16_Radon_filter2    chain_noeq     rates component  Ra-224.decision_threshold_ra              0.966              0.966 -4.83794e-05 (-0.01 %)
  ASN16_Radon_filter2    chain_noeq     rates component  Ra-224.detection_limit_rate               1.944              1.944 -9.73449e-05 (-0.01 %)
  ASN16_Radon_filter2    chain_noeq     rates component  Ra-224.peak_counts                      442.410            442.282 -0.128 (-0.03 %)
  ASN16_Radon_filter2    chain_noeq     rates component  Ra-224.share_pct                          5.382              5.382 -0.000210749 (-0.00 %)
  ASN16_Radon_filter2    chain_noeq     rates component  Ra-224.z                                 23.446             23.442 -0.005 (-0.02 %)
  ASN16_Radon_filter2    chain_noeq     rates grey       above_lines.peak_counts                1719.976           1719.976 6.62962e-05 (+0.00 %)
  ASN16_Radon_filter2    chain_noeq     rates grey       above_lines.share_pct                     3.381              3.381 1.44354e-05 (+0.00 %)
  ASN16_Radon_filter2    chain_noeq     rates grey       residual_excess.count_rate                0.889              0.889 1.48759e-05 (+0.00 %)
  ASN16_Radon_filter2    chain_noeq     rates grey       residual_missing.count_rate               0.520              0.520 2.12672e-05 (+0.00 %)
  ASN16_Radon_filter2    chain_noeq     rates limit      Ac-228.collinearity                       0.111              0.111 0.000110251 (+0.10 %)
  ASN16_Radon_filter2    chain_noeq     rates limit      Ac-228.decision_threshold_ra              1.623              1.624 0.000456236 (+0.03 %)
  ASN16_Radon_filter2    chain_noeq     rates limit      Ac-228.detection_limit_rate               3.269              3.270 0.000936077 (+0.03 %)
  ASN16_Radon_filter2    chain_noeq     rates limit      Ac-228.limit_peak_counts               1607.565           1607.900 0.335 (+0.02 %)
  ASN16_Radon_filter2    chain_noeq     rates limit      Bi-212.collinearity                       0.068              0.068 -0.000107247 (-0.16 %)
  ASN16_Radon_filter2    chain_noeq     rates limit      Bi-212.decision_threshold_ra              9.541              9.536 -0.005 (-0.05 %)
  ASN16_Radon_filter2    chain_noeq     rates limit      Bi-212.detection_limit_rate              19.452             19.441 -0.011 (-0.05 %)
  ASN16_Radon_filter2    chain_noeq     rates limit      Bi-212.limit_peak_counts                748.385            748.036 -0.348 (-0.05 %)
  ASN16_Radon_filter2    chain_noeq     rates limit      Bi-214.collinearity                       0.321              0.321 -0.000155873 (-0.05 %)
  ASN16_Radon_filter2    chain_noeq     rates limit      Bi-214.decision_threshold_ra              1.526              1.526 -9.63101e-05 (-0.01 %)
  ASN16_Radon_filter2    chain_noeq     rates limit      Bi-214.detection_limit_rate               3.085              3.084 -0.00021787 (-0.01 %)
  ASN16_Radon_filter2    chain_noeq     rates limit      Bi-214.limit_peak_counts                688.843            689.064 0.221 (+0.03 %)
  ASN16_Radon_filter2    chain_noeq     rates limit      Pb-210.decision_threshold_ra             14.708             14.709 0.000844486 (+0.01 %)
  ASN16_Radon_filter2    chain_noeq     rates limit      Pb-210.detection_limit_rate              29.638             29.639 0.002 (+0.01 %)
  … и ещё 61 строк

ПЕРЕОБЪЯВЛЕНИЕ G1S24_Rn222Coal_eq01 / sample_eq: 170 расхождений с прежним эталоном (2026-09-19 12:23):
  спектр                 режим          полоса           компонент                                  было              стало              Δ
  G1S24_Rn222Coal_eq01   sample_eq      0-30 кэВ         Bi-212                                  115.419            115.092 -0.327 (-0.28 %)
  G1S24_Rn222Coal_eq01   sample_eq      0-30 кэВ         Bi-214                                  870.706            870.904 0.198 (+0.02 %)
  G1S24_Rn222Coal_eq01   sample_eq      0-30 кэВ         Pb-210                                  164.886            164.309 -0.577 (-0.35 %)
  G1S24_Rn222Coal_eq01   sample_eq      0-30 кэВ         Pb-212                                  122.416            122.399 -0.017 (-0.01 %)
  G1S24_Rn222Coal_eq01   sample_eq      0-30 кэВ         Pb-214                                 1073.959           1073.681 -0.278 (-0.03 %)
  G1S24_Rn222Coal_eq01   sample_eq      0-30 кэВ         Ra-224                                    6.683              6.682 -0.001 (-0.01 %)
  G1S24_Rn222Coal_eq01   sample_eq      0-30 кэВ         Ra-226                                   51.373             51.389 0.016 (+0.03 %)
  G1S24_Rn222Coal_eq01   sample_eq      0-30 кэВ         Th-228                                    2.493              2.492 -0.001 (-0.04 %)
  G1S24_Rn222Coal_eq01   sample_eq      0-30 кэВ         Tl-208                                   79.364             79.349 -0.015 (-0.02 %)
  G1S24_Rn222Coal_eq01   sample_eq      0-30 кэВ         continuum_raw                          2097.453           2098.050 0.597 (+0.03 %)
  G1S24_Rn222Coal_eq01   sample_eq      0-30 кэВ         excess_fit                               61.912             61.403 -0.509 (-0.82 %)
  G1S24_Rn222Coal_eq01   sample_eq      0-30 кэВ         excess_net                               57.426             56.917 -0.509 (-0.89 %)
  G1S24_Rn222Coal_eq01   sample_eq      0-30 кэВ         missing_fit                             541.703            542.192 0.489 (+0.09 %)
  G1S24_Rn222Coal_eq01   sample_eq      0-30 кэВ         missing_net                             541.703            542.192 0.489 (+0.09 %)
  G1S24_Rn222Coal_eq01   sample_eq      0-30 кэВ         model                                  2488.184           2487.186 -0.998 (-0.04 %)
  G1S24_Rn222Coal_eq01   sample_eq      0-30 кэВ         tail                                      8.586              8.543 -0.043 (-0.50 %)
  G1S24_Rn222Coal_eq01   sample_eq      30-100 кэВ       Bi-212                                  465.742            466.339 0.597 (+0.13 %)
  G1S24_Rn222Coal_eq01   sample_eq      30-100 кэВ       Bi-214                                 8005.660           8001.877 -3.783 (-0.05 %)
  G1S24_Rn222Coal_eq01   sample_eq      30-100 кэВ       Pb-210                                 2716.163           2718.202 2.039 (+0.08 %)
  G1S24_Rn222Coal_eq01   sample_eq      30-100 кэВ       Pb-212                                 4007.679           4005.603 -2.076 (-0.05 %)
  G1S24_Rn222Coal_eq01   sample_eq      30-100 кэВ       Pb-214                                21744.307          21746.722 2.415 (+0.01 %)
  G1S24_Rn222Coal_eq01   sample_eq      30-100 кэВ       Ra-224                                   91.640             91.570 -0.070 (-0.08 %)
  G1S24_Rn222Coal_eq01   sample_eq      30-100 кэВ       Ra-226                                  850.355            850.128 -0.227 (-0.03 %)
  G1S24_Rn222Coal_eq01   sample_eq      30-100 кэВ       Th-228                                  120.062            119.987 -0.075 (-0.06 %)
  G1S24_Rn222Coal_eq01   sample_eq      30-100 кэВ       Tl-208                                  888.367            887.614 -0.753 (-0.08 %)
  G1S24_Rn222Coal_eq01   sample_eq      30-100 кэВ       continuum_raw                         11139.169          11135.641 -3.528 (-0.03 %)
  G1S24_Rn222Coal_eq01   sample_eq      30-100 кэВ       excess_fit                             4016.815           4025.934 9.119 (+0.23 %)
  G1S24_Rn222Coal_eq01   sample_eq      30-100 кэВ       excess_net                             4016.815           4025.934 9.119 (+0.23 %)
  G1S24_Rn222Coal_eq01   sample_eq      30-100 кэВ       missing_fit                            4736.704           4747.763 11.059 (+0.23 %)
  G1S24_Rn222Coal_eq01   sample_eq      30-100 кэВ       missing_net                            4736.704           4747.763 11.059 (+0.23 %)
  G1S24_Rn222Coal_eq01   sample_eq      30-100 кэВ       model                                 38898.415          38896.475 -1.940 (-0.00 %)
  G1S24_Rn222Coal_eq01   sample_eq      30-100 кэВ       other                                     8.433              8.430 -0.003 (-0.04 %)
  G1S24_Rn222Coal_eq01   sample_eq      30-100 кэВ       tail                                      0.174              0.175 0.001 (+0.57 %)
  G1S24_Rn222Coal_eq01   sample_eq      100-300 кэВ      Bi-212                                  363.807            363.671 -0.136 (-0.04 %)
  G1S24_Rn222Coal_eq01   sample_eq      100-300 кэВ      Bi-214                                24994.794          24996.116 1.322 (+0.01 %)
  G1S24_Rn222Coal_eq01   sample_eq      100-300 кэВ      Pb-212                                 4713.154           4711.157 -1.997 (-0.04 %)
  G1S24_Rn222Coal_eq01   sample_eq      100-300 кэВ      Pb-214                                29309.918          29309.346 -0.572 (-0.00 %)
  G1S24_Rn222Coal_eq01   sample_eq      100-300 кэВ      Ra-224                                  417.195            417.026 -0.169 (-0.04 %)
  G1S24_Rn222Coal_eq01   sample_eq      100-300 кэВ      Ra-226                                 2850.821           2851.198 0.377 (+0.01 %)
  G1S24_Rn222Coal_eq01   sample_eq      100-300 кэВ      Th-228                                   49.138             49.129 -0.009 (-0.02 %)
  G1S24_Rn222Coal_eq01   sample_eq      100-300 кэВ      Tl-208                                 2344.313           2342.986 -1.327 (-0.06 %)
  G1S24_Rn222Coal_eq01   sample_eq      100-300 кэВ      continuum_raw                         24407.075          24414.308 7.233 (+0.03 %)
  G1S24_Rn222Coal_eq01   sample_eq      100-300 кэВ      excess_fit                             1850.580           1855.494 4.914 (+0.27 %)
  G1S24_Rn222Coal_eq01   sample_eq      100-300 кэВ      excess_net                             1850.580           1855.494 4.914 (+0.27 %)
  G1S24_Rn222Coal_eq01   sample_eq      100-300 кэВ      missing_fit                            2024.475           2031.917 7.442 (+0.37 %)
  G1S24_Rn222Coal_eq01   sample_eq      100-300 кэВ      missing_net                            2024.475           2031.917 7.442 (+0.37 %)
  G1S24_Rn222Coal_eq01   sample_eq      100-300 кэВ      model                                 65072.562          65070.034 -2.528 (-0.00 %)
  G1S24_Rn222Coal_eq01   sample_eq      100-300 кэВ      other                                    29.423             29.415 -0.008 (-0.03 %)
  G1S24_Rn222Coal_eq01   sample_eq      300-700 кэВ      Bi-212                                  358.886            358.611 -0.275 (-0.08 %)
  G1S24_Rn222Coal_eq01   sample_eq      300-700 кэВ      Bi-214                                32497.729          32495.688 -2.041 (-0.01 %)
  G1S24_Rn222Coal_eq01   sample_eq      300-700 кэВ      Pb-212                                   90.377             90.379 0.002 (+0.00 %)
  G1S24_Rn222Coal_eq01   sample_eq      300-700 кэВ      Pb-214                                18176.469          18179.278 2.809 (+0.02 %)
  G1S24_Rn222Coal_eq01   sample_eq      300-700 кэВ      Tl-208                                 2733.384           2732.542 -0.842 (-0.03 %)
  G1S24_Rn222Coal_eq01   sample_eq      300-700 кэВ      continuum_raw                         13105.119          13102.548 -2.571 (-0.02 %)
  G1S24_Rn222Coal_eq01   sample_eq      300-700 кэВ      excess_fit                             1656.641           1656.239 -0.402 (-0.02 %)
  G1S24_Rn222Coal_eq01   sample_eq      300-700 кэВ      excess_net                             1656.641           1656.239 -0.402 (-0.02 %)
  G1S24_Rn222Coal_eq01   sample_eq      300-700 кэВ      missing_fit                            1895.918           1895.880 -0.038 (-0.00 %)
  G1S24_Rn222Coal_eq01   sample_eq      300-700 кэВ      missing_net                            1895.918           1895.880 -0.038 (-0.00 %)
  G1S24_Rn222Coal_eq01   sample_eq      300-700 кэВ      model                                 53894.900          53894.536 -0.364 (-0.00 %)
  G1S24_Rn222Coal_eq01   sample_eq      300-700 кэВ      other                                    38.046             38.038 -0.008 (-0.02 %)
  … и ещё 110 строк

ПЕРЕОБЪЯВЛЕНИЕ G1S24_Rn222Coal_eq01 / sample_noeq: 172 расхождений с прежним эталоном (2026-09-19 12:23):
  спектр                 режим          полоса           компонент                                  было              стало              Δ
  G1S24_Rn222Coal_eq01   sample_noeq    0-30 кэВ         Bi-214                                 1285.958           1286.196 0.238 (+0.02 %)
  G1S24_Rn222Coal_eq01   sample_noeq    0-30 кэВ         Pb-212                                  175.572            175.463 -0.109 (-0.06 %)
  G1S24_Rn222Coal_eq01   sample_noeq    0-30 кэВ         Pb-214                                 1360.813           1360.520 -0.293 (-0.02 %)
  G1S24_Rn222Coal_eq01   sample_noeq    0-30 кэВ         Ra-224                                    9.747              9.742 -0.005 (-0.05 %)
  G1S24_Rn222Coal_eq01   sample_noeq    0-30 кэВ         Tl-208                                   84.282             84.471 0.189 (+0.22 %)
  G1S24_Rn222Coal_eq01   sample_noeq    0-30 кэВ         continuum_raw                          2879.680           2879.783 0.103 (+0.00 %)
  G1S24_Rn222Coal_eq01   sample_noeq    0-30 кэВ         excess_fit                               93.555             93.535 -0.020 (-0.02 %)
  G1S24_Rn222Coal_eq01   sample_noeq    0-30 кэВ         excess_net                               89.069             89.049 -0.020 (-0.02 %)
  G1S24_Rn222Coal_eq01   sample_noeq    0-30 кэВ         missing_fit                             145.157            145.117 -0.040 (-0.03 %)
  G1S24_Rn222Coal_eq01   sample_noeq    0-30 кэВ         missing_net                             145.157            145.117 -0.040 (-0.03 %)
  G1S24_Rn222Coal_eq01   sample_noeq    0-30 кэВ         model                                  2916.373           2916.393 0.020 (+0.00 %)
  G1S24_Rn222Coal_eq01   sample_noeq    0-30 кэВ         tail                                      2.145              2.151 0.006 (+0.28 %)
  G1S24_Rn222Coal_eq01   sample_noeq    30-100 кэВ       Bi-214                                 9754.507           9758.566 4.059 (+0.04 %)
  G1S24_Rn222Coal_eq01   sample_noeq    30-100 кэВ       Pb-212                                 4169.689           4167.542 -2.147 (-0.05 %)
  G1S24_Rn222Coal_eq01   sample_noeq    30-100 кэВ       Pb-214                                23394.828          23395.589 0.761 (+0.00 %)
  G1S24_Rn222Coal_eq01   sample_noeq    30-100 кэВ       Ra-224                                  105.185            105.140 -0.045 (-0.04 %)
  G1S24_Rn222Coal_eq01   sample_noeq    30-100 кэВ       Tl-208                                  729.343            731.273 1.930 (+0.26 %)
  G1S24_Rn222Coal_eq01   sample_noeq    30-100 кэВ       continuum_raw                         13940.003          13949.143 9.140 (+0.07 %)
  G1S24_Rn222Coal_eq01   sample_noeq    30-100 кэВ       excess_fit                             1452.380           1461.617 9.237 (+0.64 %)
  G1S24_Rn222Coal_eq01   sample_noeq    30-100 кэВ       excess_net                             1452.380           1461.617 9.237 (+0.64 %)
  G1S24_Rn222Coal_eq01   sample_noeq    30-100 кэВ       missing_fit                            2917.134           2921.810 4.676 (+0.16 %)
  G1S24_Rn222Coal_eq01   sample_noeq    30-100 кэВ       missing_net                            2917.134           2921.810 4.676 (+0.16 %)
  G1S24_Rn222Coal_eq01   sample_noeq    30-100 кэВ       model                                 38153.550          38158.111 4.561 (+0.01 %)
  G1S24_Rn222Coal_eq01   sample_noeq    30-100 кэВ       tail                                      0.283              0.285 0.002 (+0.71 %)
  G1S24_Rn222Coal_eq01   sample_noeq    100-300 кэВ      Bi-214                                26606.100          26612.018 5.918 (+0.02 %)
  G1S24_Rn222Coal_eq01   sample_noeq    100-300 кэВ      Pb-212                                 4887.317           4884.269 -3.048 (-0.06 %)
  G1S24_Rn222Coal_eq01   sample_noeq    100-300 кэВ      Pb-214                                31361.972          31353.581 -8.391 (-0.03 %)
  G1S24_Rn222Coal_eq01   sample_noeq    100-300 кэВ      Ra-224                                  432.628            432.373 -0.255 (-0.06 %)
  G1S24_Rn222Coal_eq01   sample_noeq    100-300 кэВ      Tl-208                                 1801.621           1805.393 3.772 (+0.21 %)
  G1S24_Rn222Coal_eq01   sample_noeq    100-300 кэВ      continuum_raw                         25665.512          25672.394 6.882 (+0.03 %)
  G1S24_Rn222Coal_eq01   sample_noeq    100-300 кэВ      excess_fit                             1029.667           1029.979 0.312 (+0.03 %)
  G1S24_Rn222Coal_eq01   sample_noeq    100-300 кэВ      excess_net                             1029.667           1029.979 0.312 (+0.03 %)
  G1S24_Rn222Coal_eq01   sample_noeq    100-300 кэВ      missing_fit                            1186.484           1188.793 2.309 (+0.19 %)
  G1S24_Rn222Coal_eq01   sample_noeq    100-300 кэВ      missing_net                            1186.484           1188.793 2.309 (+0.19 %)
  G1S24_Rn222Coal_eq01   sample_noeq    100-300 кэВ      model                                 65089.640          65087.643 -1.997 (-0.00 %)
  G1S24_Rn222Coal_eq01   sample_noeq    300-700 кэВ      Bi-214                                33225.001          33221.132 -3.869 (-0.01 %)
  G1S24_Rn222Coal_eq01   sample_noeq    300-700 кэВ      Pb-212                                   86.815             86.797 -0.018 (-0.02 %)
  G1S24_Rn222Coal_eq01   sample_noeq    300-700 кэВ      Pb-214                                18667.722          18666.556 -1.166 (-0.01 %)
  G1S24_Rn222Coal_eq01   sample_noeq    300-700 кэВ      Tl-208                                 2019.902           2024.234 4.332 (+0.21 %)
  G1S24_Rn222Coal_eq01   sample_noeq    300-700 кэВ      continuum_raw                         12397.513          12387.433 -10.080 (-0.08 %)
  G1S24_Rn222Coal_eq01   sample_noeq    300-700 кэВ      excess_fit                             1767.752           1765.515 -2.237 (-0.13 %)
  G1S24_Rn222Coal_eq01   sample_noeq    300-700 кэВ      excess_net                             1767.752           1765.515 -2.237 (-0.13 %)
  G1S24_Rn222Coal_eq01   sample_noeq    300-700 кэВ      missing_fit                            1902.484           1900.973 -1.511 (-0.08 %)
  G1S24_Rn222Coal_eq01   sample_noeq    300-700 кэВ      missing_net                            1902.484           1900.973 -1.511 (-0.08 %)
  G1S24_Rn222Coal_eq01   sample_noeq    300-700 кэВ      model                                 53999.445          53998.719 -0.726 (-0.00 %)
  G1S24_Rn222Coal_eq01   sample_noeq    700-1500 кэВ     Bi-214                                20339.944          20337.626 -2.318 (-0.01 %)
  G1S24_Rn222Coal_eq01   sample_noeq    700-1500 кэВ     Pb-214                                  337.310            337.145 -0.165 (-0.05 %)
  G1S24_Rn222Coal_eq01   sample_noeq    700-1500 кэВ     Tl-208                                  931.736            933.332 1.596 (+0.17 %)
  G1S24_Rn222Coal_eq01   sample_noeq    700-1500 кэВ     continuum_raw                          7708.673           7711.966 3.293 (+0.04 %)
  G1S24_Rn222Coal_eq01   sample_noeq    700-1500 кэВ     excess_fit                             1337.327           1337.485 0.158 (+0.01 %)
  G1S24_Rn222Coal_eq01   sample_noeq    700-1500 кэВ     excess_net                             1337.327           1337.485 0.158 (+0.01 %)
  G1S24_Rn222Coal_eq01   sample_noeq    700-1500 кэВ     missing_fit                            1540.159           1541.209 1.050 (+0.07 %)
  G1S24_Rn222Coal_eq01   sample_noeq    700-1500 кэВ     missing_net                            1540.159           1541.209 1.050 (+0.07 %)
  G1S24_Rn222Coal_eq01   sample_noeq    700-1500 кэВ     model                                 21608.994          21608.102 -0.892 (-0.00 %)
  G1S24_Rn222Coal_eq01   sample_noeq    1500-3000 кэВ    Bi-214                                 4921.345           4922.547 1.202 (+0.02 %)
  G1S24_Rn222Coal_eq01   sample_noeq    1500-3000 кэВ    Tl-208                                 1228.815           1228.303 -0.512 (-0.04 %)
  G1S24_Rn222Coal_eq01   sample_noeq    1500-3000 кэВ    continuum_raw                          1655.532           1646.559 -8.973 (-0.54 %)
  G1S24_Rn222Coal_eq01   sample_noeq    1500-3000 кэВ    excess_fit                              963.180            963.767 0.587 (+0.06 %)
  G1S24_Rn222Coal_eq01   sample_noeq    1500-3000 кэВ    excess_net                              863.108            863.695 0.587 (+0.07 %)
  G1S24_Rn222Coal_eq01   sample_noeq    1500-3000 кэВ    missing_fit                             895.223            895.124 -0.099 (-0.01 %)
  … и ещё 112 строк
  ASN16_Cs137_10cm / sample_nomatrix: числа те же, что в эталоне 2026-09-19 12:23 (переписано клеймо)

ЭТАЛОН ОБЪЯВЛЕН 2026-09-21 16:00 (HEAD 24cbcafd): 9 пар, из них с изменившимися числами 8 — C:\Users\moroz\source\repos\BQ Eng res .NET 4.8\tools\fsa_showcase\reference
эталон переобъявлен — diff выше в отчёт полосы; файлы reference\*.json — в коммит
