ETA G4_TEFLON 100.000 100000 eta_ev=0.07866 +-0.00085 eta_n=0.07874 eta_E=0.04334 meanTfrac=0.5509
ETA G4_TEFLON 500.000 100000 eta_ev=0.06011 +-0.00075 eta_n=0.06061 eta_E=0.02703 meanTfrac=0.4498
ETA G4_TEFLON 1000.000 100000 eta_ev=0.04521 +-0.00066 eta_n=0.04604 eta_E=0.01769 meanTfrac=0.3913
ETA G4_TEFLON 2000.000 100000 eta_ev=0.02831 +-0.00052 eta_n=0.02900 eta_E=0.00893 meanTfrac=0.3154
ETA G4_Al 100.000 100000 eta_ev=0.14180 +-0.00110 eta_n=0.14201 eta_E=0.08368 meanTfrac=0.5901
ETA G4_Al 500.000 100000 eta_ev=0.11965 +-0.00103 eta_n=0.12102 eta_E=0.06055 meanTfrac=0.5061
ETA G4_Al 1000.000 100000 eta_ev=0.09553 +-0.00093 eta_n=0.09716 eta_E=0.04256 meanTfrac=0.4455
ETA G4_Al 2000.000 100000 eta_ev=0.06434 +-0.00078 eta_n=0.06600 eta_E=0.02393 meanTfrac=0.3719
ETA G4_MAGNESIUM_OXIDE 100.000 100000 eta_ev=0.10772 +-0.00098 eta_n=0.10772 eta_E=0.06132 meanTfrac=0.5692
ETA G4_MAGNESIUM_OXIDE 500.000 100000 eta_ev=0.08588 +-0.00089 eta_n=0.08680 eta_E=0.04131 meanTfrac=0.4810
ETA G4_MAGNESIUM_OXIDE 1000.000 100000 eta_ev=0.06789 +-0.00080 eta_n=0.06921 eta_E=0.02844 meanTfrac=0.4189
ETA G4_MAGNESIUM_OXIDE 2000.000 100000 eta_ev=0.04501 +-0.00066 eta_n=0.04614 eta_E=0.01569 meanTfrac=0.3487
ETA G4_C 100.000 100000 eta_ev=0.05134 +-0.00070 eta_n=0.05136 eta_E=0.02724 meanTfrac=0.5306
ETA G4_C 500.000 100000 eta_ev=0.03630 +-0.00059 eta_n=0.03657 eta_E=0.01573 meanTfrac=0.4332
ETA G4_C 1000.000 100000 eta_ev=0.02718 +-0.00051 eta_n=0.02762 eta_E=0.01012 meanTfrac=0.3724
ETA G4_C 2000.000 100000 eta_ev=0.01734 +-0.00041 eta_n=0.01770 eta_E=0.00531 meanTfrac=0.3064
ETA G4_Cu 100.000 100000 eta_ev=0.29727 +-0.00145 eta_n=0.29728 eta_E=0.20538 meanTfrac=0.6909
ETA G4_Cu 500.000 100000 eta_ev=0.27358 +-0.00141 eta_n=0.27621 eta_E=0.17058 meanTfrac=0.6235
ETA G4_Cu 1000.000 100000 eta_ev=0.23847 +-0.00135 eta_n=0.24227 eta_E=0.13602 meanTfrac=0.5704
ETA G4_Cu 2000.000 100000 eta_ev=0.18473 +-0.00123 eta_n=0.18925 eta_E=0.09141 meanTfrac=0.4948
ETA G4_CESIUM_IODIDE 100.000 100000 eta_ev=0.43232 +-0.00157 eta_n=0.43279 eta_E=0.32685 meanTfrac=0.7560
ETA G4_CESIUM_IODIDE 500.000 100000 eta_ev=0.40884 +-0.00155 eta_n=0.41392 eta_E=0.29047 meanTfrac=0.7105
ETA G4_CESIUM_IODIDE 1000.000 100000 eta_ev=0.37365 +-0.00153 eta_n=0.38051 eta_E=0.24758 meanTfrac=0.6626
ETA G4_CESIUM_IODIDE 2000.000 100000 eta_ev=0.30604 +-0.00146 eta_n=0.31416 eta_E=0.18099 meanTfrac=0.5914
