SETUP correlatedGamma=0 twoJmax=10 vacuum=0 seed=7 killesc=0 killcarry=0 fullcarry=0 histbin=0.000 histbins=0 iontag=1
RESULT decays=5000000
RESULT any=0 eps_total=0.000000e+00
EMITBEGIN events=5000000 bin_kev=0.01
EMIT 0.07 21
EMIT 0.09 86
EMIT 0.10 1
EMIT 0.11 479
EMIT 0.12 14
EMIT 0.13 57
EMIT 0.14 569
EMIT 0.15 3
EMIT 0.17 6
EMIT 0.20 98
EMIT 0.22 2
EMIT 0.23 116
EMIT 0.29 108
EMIT 0.31 50
EMIT 0.32 526
EMIT 0.34 8
EMIT 0.38 14
EMIT 0.42 542
EMIT 0.46 5
EMIT 0.61 1
EMIT 0.84 30861
EMIT 0.86 1477
EMIT 0.92 330
EMIT 0.95 12
EMIT 0.99 542
EMIT 1.06 5049
EMIT 1.08 9170
EMIT 1.09 272
EMIT 1.10 3817
EMIT 1.11 8
EMIT 1.16 16
EMIT 1.17 44
EMIT 1.18 153
EMIT 1.19 479
EMIT 1.20 18
EMIT 1.21 90
EMIT 1.27 5102
EMIT 1.31 4
EMIT 1.36 237
EMIT 1.38 3
EMIT 1.39 2263
EMIT 1.42 200
EMIT 1.45 240
EMIT 1.48 82
EMIT 1.52 25
EMIT 1.55 2
EMIT 1.59 3
EMIT 1.67 84
EMIT 1.83 1
EMIT 5.01 25686
EMIT 5.18 171
EMIT 5.30 164
EMIT 5.38 314
EMIT 5.56 2
EMIT 5.59 16865
EMIT 5.60 16740
EMIT 5.62 305981
EMIT 5.70 2
EMIT 5.91 144
EMIT 6.01 405
EMIT 6.04 3700
EMIT 6.08 86
EMIT 6.17 15193
EMIT 6.21 198165
EMIT 6.29 22291
EMIT 6.37 3172
EMIT 6.41 3
EMIT 6.43 23
EMIT 6.46 17
EMIT 6.57 55545
EMIT 6.59 320
EMIT 6.62 505
EMIT 6.66 764
EMIT 6.68 12
EMIT 6.70 19
EMIT 6.72 2563
EMIT 6.81 233
EMIT 6.86 33
EMIT 6.98 1475
EMIT 7.07 30
EMIT 7.08 62
EMIT 7.09 650
EMIT 7.12 3
EMIT 7.15 7
EMIT 7.18 34331
EMIT 7.19 11
EMIT 7.27 204
EMIT 7.29 13
EMIT 7.31 10
EMIT 7.42 3674
EMIT 7.45 5392
EMIT 7.56 52
EMIT 7.57 75
EMIT 7.67 506
EMIT 7.68 759
EMIT 7.78 415
EMIT 7.89 3
EMIT 8.04 37
EMIT 8.07 53
EMIT 8.19 1
EMIT 8.31 4
EMIT 8.32 12
EMIT 39.56 1056943
EMIT 40.17 1912642
EMIT 42.36 12331
EMIT 43.06 22546
EMIT 45.34 191582
EMIT 45.47 371692
EMIT 45.76 2707
EMIT 45.79 3553
EMIT 46.60 41092
EMIT 46.63 80439
EMIT 46.73 607
EMIT 46.74 799
EMIT 46.85 25486
EMIT 48.62 2335
EMIT 48.76 4478
EMIT 49.07 31
EMIT 49.10 55
EMIT 49.99 481
EMIT 50.02 983
EMIT 50.14 11
EMIT 50.15 5
EMIT 50.27 311
EMIT 117.25 2
EMIT 119.48 30
EMIT 121.78 1424047
EMIT 125.70 246
EMIT 137.87 36
EMIT 148.02 1021
EMIT 150.09 44
EMIT 152.90 1
EMIT 159.06 19
EMIT 173.04 15
EMIT 175.15 51
EMIT 178.66 44
EMIT 192.64 325
EMIT 195.23 97
EMIT 206.93 55
EMIT 207.69 356
EMIT 209.21 6
EMIT 209.40 58
EMIT 209.93 216
EMIT 210.89 172
EMIT 212.52 1084
EMIT 237.03 313
EMIT 239.33 223
EMIT 241.16 27
EMIT 244.70 376207
EMIT 251.65 3304
EMIT 266.81 1
EMIT 269.80 394
EMIT 271.11 3949
EMIT 272.39 32
EMIT 275.39 1746
EMIT 285.89 429
EMIT 286.66 59
EMIT 287.19 52
EMIT 295.94 21993
EMIT 315.16 1997
EMIT 316.04 480
EMIT 320.13 98
EMIT 324.82 3458
EMIT 325.00 233
EMIT 328.80 181
EMIT 329.41 6013
EMIT 330.61 457
EMIT 340.45 1417
EMIT 344.28 1330839
EMIT 345.57 497
EMIT 348.76 84
EMIT 351.70 501
EMIT 353.81 54
EMIT 357.06 278
EMIT 358.47 92
EMIT 367.79 42961
EMIT 379.04 8
EMIT 385.27 256
EMIT 387.87 109
EMIT 391.26 66
EMIT 397.40 17
EMIT 401.09 26
EMIT 411.12 112640
EMIT 415.97 5365
EMIT 423.41 141
EMIT 440.96 351
EMIT 443.96 140953
EMIT 443.97 14479
EMIT 464.23 15
EMIT 476.36 86
EMIT 482.32 1255
EMIT 482.42 117
EMIT 488.68 20655
EMIT 493.59 1449
EMIT 493.82 517
EMIT 496.34 288
EMIT 496.41 275
EMIT 503.47 7747
EMIT 514.71 22
EMIT 520.23 2590
EMIT 523.14 786
EMIT 526.85 562
EMIT 527.06 7
EMIT 534.21 2092
EMIT 535.27 79
EMIT 538.31 224
EMIT 556.46 890
EMIT 557.81 139
EMIT 561.28 63
EMIT 562.97 1049
EMIT 563.02 12
EMIT 563.99 24749
EMIT 566.44 6658
EMIT 571.78 226
EMIT 586.26 22517
EMIT 588.17 30
EMIT 589.93 68
EMIT 608.02 9
EMIT 608.71 63
EMIT 616.07 441
EMIT 644.36 330
EMIT 656.49 7358
EMIT 664.81 476
EMIT 671.16 1221
EMIT 674.64 8370
EMIT 675.06 1082
EMIT 678.62 23501
EMIT 683.29 205
EMIT 686.47 1001
EMIT 688.67 42339
EMIT 699.23 9
EMIT 703.03 182
EMIT 703.52 133
EMIT 707.23 81
EMIT 712.87 4775
EMIT 719.35 4811
EMIT 719.36 12426
EMIT 728.01 505
EMIT 734.03 45
EMIT 735.44 232
EMIT 738.00 45
EMIT 756.15 208
EMIT 764.92 9860
EMIT 766.84 31
EMIT 768.97 4188
EMIT 778.90 645110
EMIT 780.91 29
EMIT 794.76 1215
EMIT 802.44 19
EMIT 805.77 711
EMIT 810.45 15451
EMIT 813.20 211
EMIT 839.38 914
EMIT 841.57 8301
EMIT 850.21 48
EMIT 855.16 99
EMIT 867.38 208954
EMIT 901.19 4255
EMIT 905.97 422
EMIT 919.34 21006
EMIT 919.75 319
EMIT 926.29 13623
EMIT 930.54 3557
EMIT 937.02 156
EMIT 946.54 55
EMIT 958.68 892
EMIT 961.06 365
EMIT 963.35 6929
EMIT 964.06 724209
EMIT 968.66 345
EMIT 970.33 70
EMIT 974.13 711
EMIT 990.22 1446
EMIT 1005.25 32378
EMIT 1050.07 45
EMIT 1084.38 503
EMIT 1085.84 503753
EMIT 1089.74 85572
EMIT 1109.20 9145
EMIT 1112.08 672489
EMIT 1170.99 1813
EMIT 1205.88 760
EMIT 1212.94 71219
EMIT 1246.42 54
EMIT 1249.95 9274
EMIT 1261.32 1776
EMIT 1292.77 5022
EMIT 1299.13 81681
EMIT 1314.61 113
EMIT 1315.58 165
EMIT 1318.41 54
EMIT 1348.13 844
EMIT 1363.72 1250
EMIT 1390.51 197
EMIT 1408.01 1040594
EMIT 1455.54 166
EMIT 1457.64 25318
EMIT 1491.11 24
EMIT 1528.04 14008
EMIT 1605.60 447
EMIT 1608.41 273
EMIT 1635.21 10
EMIT 1647.34 327
EMIT 1769.12 421
EMITEND
EMITPAIR 244.697 121.781 n1=376207 n12=174429 P=0.463652
EMITPAIR 295.939 121.781 n1=21993 n12=10194 P=0.463511
EMITPAIR 295.939 244.697 n1=21993 n12=4690 P=0.213250
EMITPAIR 295.939 867.378 n1=21993 n12=5191 P=0.236030
EMITPAIR 295.939 1112.069 n1=21993 n12=16708 P=0.759696
EMITPAIR 329.425 121.781 n1=6013 n12=1579 P=0.262598
EMITPAIR 329.425 841.570 n1=6013 n12=3304 P=0.549476
EMITPAIR 329.425 963.390 n1=6013 n12=2701 P=0.449193
EMITPAIR 367.789 344.278 n1=42961 n12=41218 P=0.959428
EMITPAIR 367.789 411.116 n1=42961 n12=41980 P=0.977165
EMITPAIR 411.116 344.278 n1=112640 n12=108239 P=0.960929
EMITPAIR 416.048 121.781 n1=5365 n12=2507 P=0.467288
EMITPAIR 416.048 244.697 n1=5365 n12=1154 P=0.215098
EMITPAIR 416.048 867.378 n1=5365 n12=1290 P=0.240447
EMITPAIR 416.048 1112.069 n1=5365 n12=4055 P=0.755825
EMITPAIR 443.960 121.781 n1=155395 n12=45879 P=0.295241
EMITPAIR 443.960 244.697 n1=155395 n12=14284 P=0.091921
EMITPAIR 443.965 121.781 n1=155395 n12=45879 P=0.295241
EMITPAIR 443.965 244.697 n1=155395 n12=14284 P=0.091921
EMITPAIR 443.965 719.349 n1=155395 n12=2336 P=0.015033
EMITPAIR 443.965 964.079 n1=155395 n12=82116 P=0.528434
EMITPAIR 443.965 1085.860 n1=155395 n12=56875 P=0.366003
EMITPAIR 488.679 121.781 n1=20655 n12=9622 P=0.465844
EMITPAIR 488.679 244.697 n1=20655 n12=5298 P=0.256500
EMITPAIR 488.679 674.675 n1=20655 n12=5845 P=0.282982
EMITPAIR 488.679 919.330 n1=20655 n12=14787 P=0.715904
EMITPAIR 503.474 344.278 n1=7747 n12=6540 P=0.844198
EMITPAIR 503.474 586.265 n1=7747 n12=6026 P=0.777849
EMITPAIR 563.990 121.781 n1=24749 n12=6759 P=0.273102
EMITPAIR 563.990 244.697 n1=24749 n12=239 P=0.009657
EMITPAIR 563.990 719.349 n1=24749 n12=250 P=0.010101
EMITPAIR 563.990 964.079 n1=24749 n12=14258 P=0.576104
EMITPAIR 563.990 1085.860 n1=24749 n12=10125 P=0.409107
EMITPAIR 566.430 121.781 n1=6658 n12=1709 P=0.256684
EMITPAIR 566.430 841.570 n1=6658 n12=3642 P=0.547011
EMITPAIR 566.430 963.390 n1=6658 n12=3000 P=0.450586
EMITPAIR 586.265 344.278 n1=22517 n12=21689 P=0.963228
EMITPAIR 656.487 121.781 n1=7358 n12=3398 P=0.461810
EMITPAIR 656.487 244.697 n1=7358 n12=6619 P=0.899565
EMITPAIR 674.675 121.781 n1=8370 n12=3838 P=0.458542
EMITPAIR 674.675 244.697 n1=8370 n12=7553 P=0.902389
EMITPAIR 674.675 344.278 n1=8370 n12=0 P=0.000000
EMITPAIR 674.675 586.265 n1=8370 n12=0 P=0.000000
EMITPAIR 678.623 344.278 n1=23501 n12=22621 P=0.962555
EMITPAIR 678.623 411.116 n1=23501 n12=22966 P=0.977235
EMITPAIR 688.670 121.781 n1=42339 n12=19755 P=0.466591
EMITPAIR 719.349 121.781 n1=17237 n12=7541 P=0.437489
EMITPAIR 719.349 244.697 n1=17237 n12=12091 P=0.701456
EMITPAIR 719.349 443.960 n1=17237 n12=2336 P=0.135522
EMITPAIR 719.349 688.670 n1=17237 n12=2662 P=0.154435
EMITPAIR 719.349 810.451 n1=17237 n12=1035 P=0.060045
EMITPAIR 764.900 344.278 n1=9860 n12=9472 P=0.960649
EMITPAIR 778.904 344.278 n1=645110 n12=620597 P=0.962002
EMITPAIR 841.570 121.781 n1=8301 n12=3896 P=0.469341
EMITPAIR 867.378 121.781 n1=208954 n12=96997 P=0.464203
EMITPAIR 867.378 244.697 n1=208954 n12=188820 P=0.903644
EMITPAIR 919.330 121.781 n1=21006 n12=9850 P=0.468914
EMITPAIR 926.317 121.781 n1=13623 n12=6276 P=0.460691
EMITPAIR 926.317 244.697 n1=13623 n12=12321 P=0.904426
EMITPAIR 964.079 121.781 n1=724209 n12=336121 P=0.464122
EMITPAIR 1005.272 121.781 n1=32378 n12=14922 P=0.460868
EMITPAIR 1005.272 244.697 n1=32378 n12=29277 P=0.904225
EMITPAIR 1089.730 344.278 n1=85572 n12=82173 P=0.960279
EMITPAIR 1112.069 121.781 n1=672489 n12=311702 P=0.463505
EMITPAIR 1212.940 121.781 n1=71219 n12=33013 P=0.463542
EMITPAIR 1212.940 244.697 n1=71219 n12=64374 P=0.903888
EMITPAIR 1249.930 121.781 n1=9274 n12=4362 P=0.470347
EMITPAIR 1299.140 344.278 n1=81681 n12=78471 P=0.960701
EMITPAIR 1408.006 121.781 n1=1040594 n12=482502 P=0.463679
EMITPAIR 1457.643 121.781 n1=25318 n12=11613 P=0.458686
EMITPAIR 1528.103 121.781 n1=14008 n12=6538 P=0.466733
EMITPAIR 121.780 40.170 n1=1424047 n12=568286 P=0.399064
EMITPAIR 121.780 39.560 n1=1424047 n12=315546 P=0.221584
EMITPAIR 121.780 45.400 n1=1424047 n12=167715 P=0.117774
EMITPAIR 1408.010 40.170 n1=1040594 n12=502994 P=0.483372
EMITPAIR 1085.840 40.170 n1=503753 n12=201422 P=0.399843
EMITPAIR 244.697 40.170 n1=376207 n12=183883 P=0.488781
EMITPAIR 964.060 40.170 n1=724209 n12=354462 P=0.489447
EMITPAIR 1112.080 40.170 n1=672489 n12=329357 P=0.489758
EMITPAIR 867.380 40.170 n1=208954 n12=105978 P=0.507183
EMITPAIR 443.960 40.170 n1=155395 n12=69969 P=0.450265
EMITPAIR 344.278 43.060 n1=1330839 n12=2368 P=0.001779
EMITPAIR 778.900 43.060 n1=645110 n12=9143 P=0.014173
TAGEND
