склад: C:\Users\moroz\source\repos\BQ Eng res .NET 4.8\tools\CORPUS\corpus\geometries
матриц: 45

файл                                    форм   phys    историй   узл  кан  шум мед шум худш конус
---------------------------------------------------------------------------------------------------------
AS80_lu_front.rmx                          8     16    3000000   142    6    0.94%    1.29%   нет
AS80_point0.rmx                            8     16    3000000   140    6    0.80%    1.03%   нет
AS80_th_disk.rmx                           8     16    3000000   146    6    1.19%    1.51%   нет
ASN16_lu_side.rmx                          8     16    3000000   142    6    1.14%    1.54%   нет
G1S_denta100_oisn10_100_p16.rmx            8     16    3000000   142    6    0.89%    1.18%   нет
G1S_denta100_risn379_100_p16.rmx           8     16    3000000   140    6    0.74%    1.18%   нет
G1S_denta120_oisn06_057_p24.rmx            8     16    3000000   142    6    0.89%    1.25%   нет
G1S_denta120_oisn06_062_p24.rmx            8     16    3000000   142    6    0.88%    1.25%   нет
G1S_denta120_oisn06_064_p24.rmx            8     16    3000000   142    6    0.87%    1.25%   нет
G1S_denta120_oisn06_066_p24.rmx            8     16    3000000   142    6    0.86%    1.24%   нет
G1S_denta120_oisn16_155_p24.rmx            8     16    3000000   142    6    1.04%    1.21%   нет
G1S_denta120_oisn16_160_p24.rmx            8     16    3000000   142    6    1.04%    1.20%   нет
G1S_denta120_oisn16_166_p24.rmx            8     16    3000000   142    6    1.04%    1.20%   нет
G1S_denta120_oisn16_167_p24.rmx            8     16    3000000   142    6    1.04%    1.20%   нет
G1S_mar1l_oisn06_055_p16.rmx               8     16    3000000   140    6    0.85%    1.41%   нет
G1S_mar1l_oisn06_057_p16.rmx               8     16    3000000   140    6    0.85%    1.41%   нет
G1S_mar1l_oisn06_057_p24.rmx               8     16    3000000   142    6    0.89%    1.40%   нет
G1S_mar1l_oisn06_062_p16.rmx               8     16    3000000   140    6    0.84%    1.40%   нет
G1S_mar1l_oisn06_062_p24.rmx               8     16    3000000   142    6    0.88%    1.41%   нет
G1S_mar1l_oisn06_064_p24.rmx               8     16    3000000   142    6    0.89%    1.40%   нет
G1S_mar1l_oisn06_066_p16.rmx               8     16    3000000   140    6    0.83%    1.40%   нет
G1S_mar1l_oisn06_066_p24.rmx               8     16    3000000   142    6    0.89%    1.39%   нет
G1S_mar1l_oisn16_155_p16.rmx               8     16    3000000   142    6    1.08%    1.31%   нет
G1S_mar1l_oisn16_155_p24.rmx               8     16    3000000   142    6    1.12%    1.36%   нет
G1S_mar1l_oisn16_160_p16.rmx               8     16    3000000   142    6    1.10%    1.33%   нет
G1S_mar1l_oisn16_160_p24.rmx               8     16    3000000   142    6    1.12%    1.37%   нет
G1S_mar1l_oisn16_166_p16.rmx               8     16    3000000   142    6    1.09%    1.34%   нет
G1S_mar1l_oisn16_166_p24.rmx               8     16    3000000   142    6    1.13%    1.40%   нет
G1S_mar1l_oisn16_167_p16.rmx               8     16    3000000   142    6    1.09%    1.35%   нет
G1S_mar1l_oisn16_167_p24.rmx               8     16    3000000   142    6    1.13%    1.40%   нет
G1S_mar1l_risn379_100_p16.rmx              8     16    3000000   140    6    0.85%    1.36%   нет
G1S_petri60_oisn06_057_p24.rmx             8     16    3000000   142    6    0.84%    1.10%   нет
G1S_petri60_oisn06_062_p24.rmx             8     16    3000000   142    6    0.83%    1.10%   нет
G1S_petri60_oisn06_064_p24.rmx             8     16    3000000   142    6    0.83%    1.10%   нет
G1S_petri60_oisn06_067_p24.rmx             8     16    3000000   142    6    0.82%    1.10%   нет
G1S_petri60_oisn10_100_p16.rmx             8     16    3000000   142    6    0.83%    1.10%   нет
G1S_petri60_oisn16_155_p24.rmx             8     16    3000000   142    6    0.86%    1.10%   нет
G1S_petri60_oisn16_160_p24.rmx             8     16    3000000   142    6    0.86%    1.09%   нет
G1S_petri60_oisn16_167_p24.rmx             8     16    3000000   142    6    0.86%    1.09%   нет
G1S_petri60_risn379_100_p16.rmx            8     16    3000000   140    6    0.77%    1.10%   нет
G1S_point25.rmx                            8     16    3000000   140    6    6.71%   11.18%   нет
G1S_point5.rmx                             8     16    3000000   140    6    1.78%    2.74%   нет
RC103_lu_front.rmx                         8     16    3000000   142    6    2.52%    3.63%   нет
RC103_marinelli05_kcl.rmx                  8     16    3000000   140    6    5.11%    8.21%   нет
RC103_point0.rmx                           8     16    3000000   140    6    0.86%    1.27%   нет

  версия физики: 16 — 45
  историй на узел: 3000000 — 45
  каналов у матрицы: 6 — 45 (код знает 6)
  с конусом: 0 из 45
  шумных (худший СУДИМЫЙ узел выше 6.00 %): 2
  континуума нет (шум ≥ 99 %): 1227 узлов по складу, судятся узлы от 50 кэВ

НАХОДОК: 2
  G1S_point25.rmx: шум худшего узла 11.18 % при пороге 6.00 %
  RC103_marinelli05_kcl.rmx: шум худшего узла 8.21 % при пороге 6.00 %
