Расхождение двух матриц (T43)
  A: AS80_point0.rmx
  B: AS80_point0.rmx
  клейма РАЗНЫЕ — считались не из одного
     A: phys=16;98c0b4a54c4d021c31959812acbefad47ced875ebb8ff8eabcc4138672f01c15
     B: phys=17;541d94fe24de030dbe1d0374f01e44c65eba580838b032cc2c3d54d141fd0ff6
  настройки, которыми матрицы считались:
     A: узлов 140, 5–3000 кэВ, бин 2 кэВ, историй 3000000, зерно 0
     B: узлов 140, 5–3000 кэВ, бин 2 кэВ, историй 3000000, зерно 0
  отпечаток тела (SHA-256 сетки и строк):
     A: 54adcfdd96225a28…  сходится с записанным
     B: e893d1dc78436500…  сходится с записанным
  ТЕЛА РАЗЛИЧНЫ (по отпечатку)

расхождение по 140 узлам, % (медиана / худший):
   пик       : 0.494 / 75.281   (узел 19, 12 кэВ)
   сумма     : 0.216 / 75.281   (узел 19, 12 кэВ)
   форма, L1 : 4.34  / 75.28    (узел 19, 12 кэВ)

ФОРМА БЕЗ МАСШТАБА (строки приведены к единичной сумме):
   L1        : 1.26  / 26.38    (узел 139, 3000 кэВ)
   доля пика : A 0.7532, B 0.7531  (медиана по узлам; отношение B/A 0.9999)

СМЕЩЕНИЕ B относительно A, % (среднее по узлам ± ошибка среднего):
   пик       : -10.958 ± 1.843   — СМЕЩЕНИЕ, это не пересдача карт
   сумма     : -10.830 ± 1.848   — СМЕЩЕНИЕ, это не пересдача карт

⚠ сравнивать ЭТИ числа надо с такими же для двух зёрен одного кода
