Расхождение двух матриц (T43)
  A: AS80_point0.rmx
  B: AS80_point0.rmx
  клейма РАЗНЫЕ — считались не из одного
     A: phys=16;98c0b4a54c4d021c31959812acbefad47ced875ebb8ff8eabcc4138672f01c15
     B: phys=17;75d6acf2cb12f865c7e9d3b7b73afd1959ba2ac5f5a46c91ba299d43aa40d389
  настройки, которыми матрицы считались:
     A: узлов 140, 5–3000 кэВ, бин 2 кэВ, историй 3000000, зерно 0
     B: узлов 140, 5–3000 кэВ, бин 2 кэВ, историй 3000000, зерно 0
  отпечаток тела (SHA-256 сетки и строк):
     A: 54adcfdd96225a28…  сходится с записанным
     B: 54adcfdd96225a28…  сходится с записанным
  ТЕЛА ТОЖДЕСТВЕННЫ (побайтно, по отпечатку)

расхождение по 140 узлам, % (медиана / худший):
   пик       : 0.000 / 0.000   (узел 0, 5 кэВ)
   сумма     : 0.000 / 0.000   (узел 0, 5 кэВ)
   форма, L1 : 0.00  / 0.00    (узел 0, 5 кэВ)

ФОРМА БЕЗ МАСШТАБА (строки приведены к единичной сумме):
   L1        : 0.00  / 0.00    (узел 0, 5 кэВ)
   доля пика : A 0.7532, B 0.7532  (медиана по узлам; отношение B/A 1.0000)

СМЕЩЕНИЕ B относительно A, % (среднее по узлам ± ошибка среднего):
   пик       :   0.000 ± 0.000   — ноль в пределах ошибки
   сумма     :   0.000 ± 0.000   — ноль в пределах ошибки

⚠ сравнивать ЭТИ числа надо с такими же для двух зёрен одного кода
