BecqMoni: main config: C:\Users\moroz\bqp37\tools\effmaker\probes\build_p37\config\BecquerelMonitor.xml
Матрицы отклика понятной части корпуса (B1)
сетка: 140 узлов 5-3000 кэВ, бин 2 кэВ, 3000000 историй на узел
останов по шуму ВЫКЛЮЧЕН — плоский счёт (T35)

== AS80_lu_front ==
   клеймо   : phys=17;5f844f9308a9541226a95a0680dbd080930b7118634483b05d25ac7d93d77f9e
   время    : 517.1 с на часах, ядер 9.7 из 10
   счёт     : 5038.4 с ЦП, 11.83 мкс на историю  <- сравнивать надо ЭТО
   обход    : на историю 14.5 шага границ, 14.9 поиска области, 8.8 интерполяции μ, 3.37 сбора пересечений
   шум конт.: взвешенная 0.83 %  тихо
   файл     : C:\Users\moroz\bqp37\tools\CORPUS\corpus\geometries\AS80_lu_front.rmx (0.6 МБ)

== AS80_point0 ==
   клеймо   : phys=17;541d94fe24de030dbe1d0374f01e44c65eba580838b032cc2c3d54d141fd0ff6
   время    : 318.6 с на часах, ядер 9.8 из 10
   счёт     : 3112.4 с ЦП, 7.41 мкс на историю  <- сравнивать надо ЭТО
   обход    : на историю 7.9 шага границ, 8.4 поиска области, 3.8 интерполяции μ, 2.66 сбора пересечений
   шум конт.: взвешенная 0.60 %  тихо
   файл     : C:\Users\moroz\bqp37\tools\CORPUS\corpus\geometries\AS80_point0.rmx (0.6 МБ)

матриц: 2 — посчитано 2, пропущено 0 (клеймо сошлось); всего 13.9 мин
пересчитаны ВСЕ — значит изменилась картина целиком (версия физики или параметры расчёта)
ВСЕ СОШЛИСЬ
