P55 flags: vacuum=1 nofluct=0 nodelta=0 lowcut=1 killesc=0
 Energy thresholds :  gamma  990 eV     e-  990 eV     e+  990 eV  proton 100 keV
 Material : scene_mat_5
RESULT decays=8000000
RESULT any=335985 eps_total=4.199812e-02
RESULT window=1460.820 counts=46886 eps=5.860750e-03
HISTBEGIN bins=1462 bin_kev=1.000000 decays=8000000
HIST 0 52
HIST 1 215
HIST 2 222
HIST 3 215
HIST 4 229
HIST 5 273
HIST 6 275
HIST 7 254
HIST 8 265
HIST 9 257
HIST 10 294
HIST 11 301
HIST 12 269
HIST 13 280
HIST 14 257
HIST 15 297
HIST 16 285
HIST 17 295
HIST 18 306
HIST 19 274
HIST 20 307
HIST 21 292
HIST 22 364
HIST 23 289
HIST 24 355
HIST 25 272
HIST 26 328
HIST 27 248
HIST 28 296
HIST 29 272
HIST 30 318
HIST 31 300
HIST 32 273
HIST 33 279
HIST 34 320
HIST 35 313
HIST 36 293
HIST 37 281
HIST 38 294
HIST 39 271
HIST 40 273
HIST 41 297
HIST 42 276
HIST 43 279
HIST 44 305
HIST 45 301
HIST 46 301
HIST 47 296
HIST 48 298
HIST 49 298
HIST 50 289
HIST 51 335
HIST 52 271
HIST 53 841
HIST 54 1170
HIST 55 270
HIST 56 278
HIST 57 317
HIST 58 268
HIST 59 303
HIST 60 287
HIST 61 665
HIST 62 264
HIST 63 353
HIST 64 270
HIST 65 257
HIST 66 296
HIST 67 251
HIST 68 242
HIST 69 266
HIST 70 239
HIST 71 259
HIST 72 264
HIST 73 271
HIST 74 254
HIST 75 246
HIST 76 245
HIST 77 233
HIST 78 269
HIST 79 253
HIST 80 210
HIST 81 245
HIST 82 249
HIST 83 250
HIST 84 252
HIST 85 252
HIST 86 258
HIST 87 251
HIST 88 234
HIST 89 269
HIST 90 233
HIST 91 248
HIST 92 247
HIST 93 230
HIST 94 277
HIST 95 250
HIST 96 267
HIST 97 286
HIST 98 260
HIST 99 265
HIST 100 255
HIST 101 221
HIST 102 227
HIST 103 261
HIST 104 276
HIST 105 239
HIST 106 243
HIST 107 275
HIST 108 263
HIST 109 259
HIST 110 243
HIST 111 264
HIST 112 245
HIST 113 249
HIST 114 262
HIST 115 278
HIST 116 288
HIST 117 245
HIST 118 265
HIST 119 252
HIST 120 248
HIST 121 266
HIST 122 271
HIST 123 258
HIST 124 270
HIST 125 246
HIST 126 276
HIST 127 258
HIST 128 277
HIST 129 257
HIST 130 258
HIST 131 260
HIST 132 269
HIST 133 260
HIST 134 264
HIST 135 266
HIST 136 258
HIST 137 261
HIST 138 272
HIST 139 273
HIST 140 261
HIST 141 250
HIST 142 231
HIST 143 229
HIST 144 245
HIST 145 223
HIST 146 295
HIST 147 299
HIST 148 265
HIST 149 257
HIST 150 260
HIST 151 287
HIST 152 230
HIST 153 230
HIST 154 270
HIST 155 284
HIST 156 265
HIST 157 258
HIST 158 266
HIST 159 262
HIST 160 277
HIST 161 277
HIST 162 239
HIST 163 256
HIST 164 264
HIST 165 261
HIST 166 276
HIST 167 275
HIST 168 271
HIST 169 272
HIST 170 256
HIST 171 246
HIST 172 242
HIST 173 242
HIST 174 243
HIST 175 252
HIST 176 276
HIST 177 264
HIST 178 254
HIST 179 253
HIST 180 274
HIST 181 275
HIST 182 280
HIST 183 260
HIST 184 237
HIST 185 283
HIST 186 300
HIST 187 255
HIST 188 262
HIST 189 277
HIST 190 258
HIST 191 288
HIST 192 240
HIST 193 236
HIST 194 239
HIST 195 276
HIST 196 246
HIST 197 263
HIST 198 244
HIST 199 288
HIST 200 252
HIST 201 265
HIST 202 271
HIST 203 237
HIST 204 279
HIST 205 238
HIST 206 276
HIST 207 210
HIST 208 240
HIST 209 240
HIST 210 236
HIST 211 284
HIST 212 263
HIST 213 259
HIST 214 263
HIST 215 297
HIST 216 290
HIST 217 283
HIST 218 294
HIST 219 313
HIST 220 333
HIST 221 333
HIST 222 332
HIST 223 384
HIST 224 332
HIST 225 341
HIST 226 299
HIST 227 341
HIST 228 318
HIST 229 331
HIST 230 319
HIST 231 314
HIST 232 323
HIST 233 329
HIST 234 320
HIST 235 338
HIST 236 332
HIST 237 318
HIST 238 335
HIST 239 308
HIST 240 340
HIST 241 338
HIST 242 310
HIST 243 353
HIST 244 344
HIST 245 350
HIST 246 293
HIST 247 351
HIST 248 329
HIST 249 332
HIST 250 346
HIST 251 313
HIST 252 336
HIST 253 352
HIST 254 312
HIST 255 323
HIST 256 315
HIST 257 345
HIST 258 360
HIST 259 320
HIST 260 295
HIST 261 309
HIST 262 309
HIST 263 303
HIST 264 316
HIST 265 338
HIST 266 308
HIST 267 307
HIST 268 309
HIST 269 324
HIST 270 259
HIST 271 312
HIST 272 324
HIST 273 317
HIST 274 332
HIST 275 296
HIST 276 299
HIST 277 288
HIST 278 300
HIST 279 294
HIST 280 294
HIST 281 280
HIST 282 289
HIST 283 289
HIST 284 277
HIST 285 278
HIST 286 307
HIST 287 304
HIST 288 304
HIST 289 316
HIST 290 276
HIST 291 302
HIST 292 265
HIST 293 293
HIST 294 273
HIST 295 279
HIST 296 284
HIST 297 278
HIST 298 263
HIST 299 279
HIST 300 270
HIST 301 295
HIST 302 283
HIST 303 275
HIST 304 287
HIST 305 300
HIST 306 276
HIST 307 253
HIST 308 276
HIST 309 298
HIST 310 258
HIST 311 274
HIST 312 276
HIST 313 292
HIST 314 264
HIST 315 242
HIST 316 263
HIST 317 234
HIST 318 260
HIST 319 287
HIST 320 261
HIST 321 285
HIST 322 242
HIST 323 243
HIST 324 259
HIST 325 264
HIST 326 285
HIST 327 228
HIST 328 280
HIST 329 268
HIST 330 246
HIST 331 232
HIST 332 226
HIST 333 265
HIST 334 268
HIST 335 254
HIST 336 237
HIST 337 253
HIST 338 238
HIST 339 233
HIST 340 239
HIST 341 224
HIST 342 248
HIST 343 236
HIST 344 252
HIST 345 225
HIST 346 245
HIST 347 258
HIST 348 233
HIST 349 217
HIST 350 253
HIST 351 248
HIST 352 210
HIST 353 266
HIST 354 239
HIST 355 218
HIST 356 237
HIST 357 238
HIST 358 221
HIST 359 231
HIST 360 243
HIST 361 241
HIST 362 229
HIST 363 235
HIST 364 224
HIST 365 259
HIST 366 225
HIST 367 225
HIST 368 246
HIST 369 245
HIST 370 233
HIST 371 218
HIST 372 238
HIST 373 247
HIST 374 264
HIST 375 237
HIST 376 236
HIST 377 228
HIST 378 217
HIST 379 232
HIST 380 242
HIST 381 236
HIST 382 247
HIST 383 197
HIST 384 244
HIST 385 244
HIST 386 216
HIST 387 214
HIST 388 233
HIST 389 227
HIST 390 215
HIST 391 190
HIST 392 217
HIST 393 217
HIST 394 204
HIST 395 199
HIST 396 241
HIST 397 226
HIST 398 199
HIST 399 245
HIST 400 225
HIST 401 224
HIST 402 225
HIST 403 228
HIST 404 238
HIST 405 204
HIST 406 245
HIST 407 247
HIST 408 217
HIST 409 205
HIST 410 200
HIST 411 205
HIST 412 204
HIST 413 229
HIST 414 231
HIST 415 189
HIST 416 190
HIST 417 204
HIST 418 202
HIST 419 205
HIST 420 183
HIST 421 211
HIST 422 197
HIST 423 216
HIST 424 204
HIST 425 190
HIST 426 219
HIST 427 209
HIST 428 239
HIST 429 214
HIST 430 220
HIST 431 210
HIST 432 212
HIST 433 234
HIST 434 188
HIST 435 231
HIST 436 207
HIST 437 203
HIST 438 222
HIST 439 2239
HIST 440 207
HIST 441 200
HIST 442 220
HIST 443 187
HIST 444 195
HIST 445 214
HIST 446 216
HIST 447 213
HIST 448 227
HIST 449 210
HIST 450 203
HIST 451 234
HIST 452 207
HIST 453 219
HIST 454 208
HIST 455 188
HIST 456 206
HIST 457 206
HIST 458 213
HIST 459 185
HIST 460 210
HIST 461 188
HIST 462 200
HIST 463 205
HIST 464 223
HIST 465 216
HIST 466 196
HIST 467 202
HIST 468 205
HIST 469 221
HIST 470 198
HIST 471 208
HIST 472 208
HIST 473 206
HIST 474 215
HIST 475 237
HIST 476 192
HIST 477 224
HIST 478 207
HIST 479 217
HIST 480 188
HIST 481 189
HIST 482 185
HIST 483 194
HIST 484 183
HIST 485 172
HIST 486 208
HIST 487 191
HIST 488 202
HIST 489 181
HIST 490 178
HIST 491 192
HIST 492 201
HIST 493 168
HIST 494 203
HIST 495 189
HIST 496 207
HIST 497 204
HIST 498 212
HIST 499 189
HIST 500 200
HIST 501 175
HIST 502 193
HIST 503 223
HIST 504 179
HIST 505 218
HIST 506 198
HIST 507 210
HIST 508 191
HIST 509 193
HIST 510 215
HIST 511 738
HIST 512 165
HIST 513 182
HIST 514 195
HIST 515 200
HIST 516 193
HIST 517 191
HIST 518 190
HIST 519 190
HIST 520 195
HIST 521 189
HIST 522 214
HIST 523 183
HIST 524 209
HIST 525 185
HIST 526 181
HIST 527 187
HIST 528 203
HIST 529 213
HIST 530 175
HIST 531 183
HIST 532 202
HIST 533 187
HIST 534 189
HIST 535 207
HIST 536 209
HIST 537 188
HIST 538 188
HIST 539 191
HIST 540 174
HIST 541 192
HIST 542 185
HIST 543 205
HIST 544 206
HIST 545 221
HIST 546 200
HIST 547 207
HIST 548 190
HIST 549 167
HIST 550 196
HIST 551 189
HIST 552 197
HIST 553 182
HIST 554 212
HIST 555 191
HIST 556 206
HIST 557 181
HIST 558 195
HIST 559 198
HIST 560 180
HIST 561 202
HIST 562 190
HIST 563 195
HIST 564 206
HIST 565 165
HIST 566 175
HIST 567 200
HIST 568 154
HIST 569 207
HIST 570 202
HIST 571 182
HIST 572 178
HIST 573 200
HIST 574 180
HIST 575 172
HIST 576 161
HIST 577 195
HIST 578 190
HIST 579 177
HIST 580 193
HIST 581 184
HIST 582 198
HIST 583 180
HIST 584 191
HIST 585 170
HIST 586 176
HIST 587 184
HIST 588 166
HIST 589 166
HIST 590 189
HIST 591 175
HIST 592 188
HIST 593 179
HIST 594 172
HIST 595 178
HIST 596 197
HIST 597 208
HIST 598 193
HIST 599 184
HIST 600 184
HIST 601 158
HIST 602 186
HIST 603 185
HIST 604 165
HIST 605 191
HIST 606 178
HIST 607 186
HIST 608 193
HIST 609 182
HIST 610 163
HIST 611 184
HIST 612 160
HIST 613 180
HIST 614 172
HIST 615 214
HIST 616 165
HIST 617 192
HIST 618 189
HIST 619 191
HIST 620 180
HIST 621 192
HIST 622 194
HIST 623 199
HIST 624 168
HIST 625 181
HIST 626 197
HIST 627 172
HIST 628 185
HIST 629 180
HIST 630 171
HIST 631 180
HIST 632 196
HIST 633 177
HIST 634 173
HIST 635 173
HIST 636 200
HIST 637 170
HIST 638 196
HIST 639 172
HIST 640 164
HIST 641 175
HIST 642 193
HIST 643 161
HIST 644 158
HIST 645 185
HIST 646 164
HIST 647 184
HIST 648 186
HIST 649 155
HIST 650 186
HIST 651 172
HIST 652 177
HIST 653 174
HIST 654 182
HIST 655 189
HIST 656 159
HIST 657 195
HIST 658 157
HIST 659 172
HIST 660 168
HIST 661 178
HIST 662 209
HIST 663 185
HIST 664 187
HIST 665 177
HIST 666 182
HIST 667 188
HIST 668 193
HIST 669 187
HIST 670 195
HIST 671 168
HIST 672 195
HIST 673 182
HIST 674 158
HIST 675 194
HIST 676 173
HIST 677 183
HIST 678 170
HIST 679 164
HIST 680 194
HIST 681 175
HIST 682 176
HIST 683 196
HIST 684 208
HIST 685 187
HIST 686 200
HIST 687 176
HIST 688 158
HIST 689 166
HIST 690 190
HIST 691 189
HIST 692 210
HIST 693 172
HIST 694 161
HIST 695 169
HIST 696 191
HIST 697 174
HIST 698 158
HIST 699 184
HIST 700 156
HIST 701 181
HIST 702 178
HIST 703 182
HIST 704 179
HIST 705 198
HIST 706 151
HIST 707 192
HIST 708 160
HIST 709 165
HIST 710 212
HIST 711 176
HIST 712 162
HIST 713 184
HIST 714 152
HIST 715 198
HIST 716 192
HIST 717 181
HIST 718 184
HIST 719 160
HIST 720 173
HIST 721 173
HIST 722 176
HIST 723 170
HIST 724 190
HIST 725 170
HIST 726 164
HIST 727 161
HIST 728 184
HIST 729 183
HIST 730 169
HIST 731 175
HIST 732 148
HIST 733 181
HIST 734 159
HIST 735 173
HIST 736 177
HIST 737 187
HIST 738 199
HIST 739 183
HIST 740 179
HIST 741 180
HIST 742 190
HIST 743 170
HIST 744 169
HIST 745 181
HIST 746 172
HIST 747 175
HIST 748 203
HIST 749 172
HIST 750 163
HIST 751 186
HIST 752 180
HIST 753 169
HIST 754 175
HIST 755 172
HIST 756 176
HIST 757 174
HIST 758 157
HIST 759 172
HIST 760 171
HIST 761 179
HIST 762 164
HIST 763 207
HIST 764 158
HIST 765 183
HIST 766 170
HIST 767 169
HIST 768 175
HIST 769 175
HIST 770 179
HIST 771 168
HIST 772 193
HIST 773 182
HIST 774 174
HIST 775 152
HIST 776 195
HIST 777 182
HIST 778 176
HIST 779 179
HIST 780 169
HIST 781 176
HIST 782 175
HIST 783 157
HIST 784 190
HIST 785 172
HIST 786 170
HIST 787 208
HIST 788 176
HIST 789 197
HIST 790 192
HIST 791 185
HIST 792 168
HIST 793 174
HIST 794 180
HIST 795 175
HIST 796 170
HIST 797 183
HIST 798 179
HIST 799 153
HIST 800 153
HIST 801 149
HIST 802 171
HIST 803 170
HIST 804 194
HIST 805 207
HIST 806 173
HIST 807 190
HIST 808 149
HIST 809 154
HIST 810 209
HIST 811 185
HIST 812 169
HIST 813 179
HIST 814 165
HIST 815 188
HIST 816 177
HIST 817 203
HIST 818 198
HIST 819 188
HIST 820 174
HIST 821 171
HIST 822 182
HIST 823 134
HIST 824 181
HIST 825 170
HIST 826 146
HIST 827 190
HIST 828 189
HIST 829 170
HIST 830 188
HIST 831 155
HIST 832 199
HIST 833 180
HIST 834 171
HIST 835 184
HIST 836 180
HIST 837 201
HIST 838 153
HIST 839 169
HIST 840 179
HIST 841 163
HIST 842 174
HIST 843 190
HIST 844 188
HIST 845 181
HIST 846 187
HIST 847 182
HIST 848 185
HIST 849 178
HIST 850 167
HIST 851 176
HIST 852 171
HIST 853 167
HIST 854 190
HIST 855 176
HIST 856 177
HIST 857 174
HIST 858 176
HIST 859 156
HIST 860 181
HIST 861 176
HIST 862 171
HIST 863 180
HIST 864 193
HIST 865 166
HIST 866 192
HIST 867 190
HIST 868 190
HIST 869 199
HIST 870 199
HIST 871 175
HIST 872 174
HIST 873 192
HIST 874 187
HIST 875 200
HIST 876 185
HIST 877 167
HIST 878 186
HIST 879 196
HIST 880 181
HIST 881 200
HIST 882 187
HIST 883 171
HIST 884 189
HIST 885 185
HIST 886 179
HIST 887 184
HIST 888 161
HIST 889 179
HIST 890 168
HIST 891 174
HIST 892 181
HIST 893 178
HIST 894 186
HIST 895 169
HIST 896 198
HIST 897 162
HIST 898 193
HIST 899 161
HIST 900 174
HIST 901 181
HIST 902 168
HIST 903 178
HIST 904 193
HIST 905 201
HIST 906 175
HIST 907 171
HIST 908 194
HIST 909 208
HIST 910 179
HIST 911 178
HIST 912 182
HIST 913 195
HIST 914 196
HIST 915 180
HIST 916 177
HIST 917 194
HIST 918 167
HIST 919 213
HIST 920 179
HIST 921 177
HIST 922 174
HIST 923 169
HIST 924 190
HIST 925 198
HIST 926 187
HIST 927 202
HIST 928 191
HIST 929 170
HIST 930 173
HIST 931 201
HIST 932 196
HIST 933 175
HIST 934 197
HIST 935 192
HIST 936 165
HIST 937 179
HIST 938 174
HIST 939 190
HIST 940 172
HIST 941 176
HIST 942 193
HIST 943 176
HIST 944 173
HIST 945 200
HIST 946 192
HIST 947 202
HIST 948 182
HIST 949 198
HIST 950 1237
HIST 951 188
HIST 952 188
HIST 953 161
HIST 954 189
HIST 955 179
HIST 956 192
HIST 957 187
HIST 958 194
HIST 959 215
HIST 960 219
HIST 961 189
HIST 962 188
HIST 963 189
HIST 964 197
HIST 965 192
HIST 966 208
HIST 967 192
HIST 968 196
HIST 969 182
HIST 970 177
HIST 971 184
HIST 972 201
HIST 973 184
HIST 974 216
HIST 975 167
HIST 976 192
HIST 977 189
HIST 978 167
HIST 979 156
HIST 980 180
HIST 981 195
HIST 982 181
HIST 983 197
HIST 984 185
HIST 985 211
HIST 986 213
HIST 987 196
HIST 988 215
HIST 989 213
HIST 990 199
HIST 991 179
HIST 992 178
HIST 993 208
HIST 994 207
HIST 995 212
HIST 996 222
HIST 997 194
HIST 998 217
HIST 999 198
HIST 1000 213
HIST 1001 191
HIST 1002 193
HIST 1003 182
HIST 1004 200
HIST 1005 168
HIST 1006 187
HIST 1007 211
HIST 1008 188
HIST 1009 185
HIST 1010 179
HIST 1011 203
HIST 1012 197
HIST 1013 174
HIST 1014 243
HIST 1015 214
HIST 1016 194
HIST 1017 189
HIST 1018 182
HIST 1019 192
HIST 1020 192
HIST 1021 221
HIST 1022 211
HIST 1023 205
HIST 1024 204
HIST 1025 201
HIST 1026 236
HIST 1027 209
HIST 1028 183
HIST 1029 204
HIST 1030 181
HIST 1031 198
HIST 1032 182
HIST 1033 167
HIST 1034 166
HIST 1035 170
HIST 1036 188
HIST 1037 187
HIST 1038 204
HIST 1039 208
HIST 1040 206
HIST 1041 191
HIST 1042 201
HIST 1043 224
HIST 1044 199
HIST 1045 187
HIST 1046 192
HIST 1047 212
HIST 1048 219
HIST 1049 219
HIST 1050 211
HIST 1051 195
HIST 1052 219
HIST 1053 172
HIST 1054 201
HIST 1055 214
HIST 1056 200
HIST 1057 210
HIST 1058 213
HIST 1059 225
HIST 1060 199
HIST 1061 203
HIST 1062 200
HIST 1063 194
HIST 1064 199
HIST 1065 232
HIST 1066 225
HIST 1067 191
HIST 1068 192
HIST 1069 204
HIST 1070 208
HIST 1071 204
HIST 1072 215
HIST 1073 240
HIST 1074 231
HIST 1075 198
HIST 1076 226
HIST 1077 186
HIST 1078 209
HIST 1079 248
HIST 1080 251
HIST 1081 200
HIST 1082 213
HIST 1083 224
HIST 1084 210
HIST 1085 206
HIST 1086 234
HIST 1087 206
HIST 1088 212
HIST 1089 215
HIST 1090 213
HIST 1091 231
HIST 1092 230
HIST 1093 218
HIST 1094 190
HIST 1095 202
HIST 1096 191
HIST 1097 207
HIST 1098 218
HIST 1099 217
HIST 1100 244
HIST 1101 203
HIST 1102 196
HIST 1103 201
HIST 1104 242
HIST 1105 217
HIST 1106 218
HIST 1107 211
HIST 1108 222
HIST 1109 236
HIST 1110 241
HIST 1111 221
HIST 1112 218
HIST 1113 204
HIST 1114 189
HIST 1115 238
HIST 1116 234
HIST 1117 213
HIST 1118 245
HIST 1119 230
HIST 1120 199
HIST 1121 218
HIST 1122 204
HIST 1123 219
HIST 1124 216
HIST 1125 230
HIST 1126 244
HIST 1127 200
HIST 1128 221
HIST 1129 233
HIST 1130 205
HIST 1131 208
HIST 1132 218
HIST 1133 237
HIST 1134 223
HIST 1135 251
HIST 1136 248
HIST 1137 217
HIST 1138 233
HIST 1139 244
HIST 1140 237
HIST 1141 247
HIST 1142 241
HIST 1143 242
HIST 1144 203
HIST 1145 238
HIST 1146 236
HIST 1147 263
HIST 1148 220
HIST 1149 210
HIST 1150 238
HIST 1151 243
HIST 1152 235
HIST 1153 236
HIST 1154 220
HIST 1155 248
HIST 1156 210
HIST 1157 243
HIST 1158 250
HIST 1159 266
HIST 1160 240
HIST 1161 251
HIST 1162 231
HIST 1163 214
HIST 1164 243
HIST 1165 228
HIST 1166 232
HIST 1167 214
HIST 1168 226
HIST 1169 262
HIST 1170 245
HIST 1171 243
HIST 1172 266
HIST 1173 233
HIST 1174 240
HIST 1175 226
HIST 1176 231
HIST 1177 239
HIST 1178 247
HIST 1179 245
HIST 1180 274
HIST 1181 258
HIST 1182 257
HIST 1183 228
HIST 1184 262
HIST 1185 227
HIST 1186 231
HIST 1187 262
HIST 1188 259
HIST 1189 228
HIST 1190 254
HIST 1191 257
HIST 1192 219
HIST 1193 257
HIST 1194 240
HIST 1195 254
HIST 1196 275
HIST 1197 233
HIST 1198 285
HIST 1199 248
HIST 1200 239
HIST 1201 245
HIST 1202 245
HIST 1203 215
HIST 1204 239
HIST 1205 257
HIST 1206 250
HIST 1207 255
HIST 1208 258
HIST 1209 249
HIST 1210 267
HIST 1211 299
HIST 1212 261
HIST 1213 266
HIST 1214 276
HIST 1215 260
HIST 1216 268
HIST 1217 271
HIST 1218 279
HIST 1219 240
HIST 1220 258
HIST 1221 289
HIST 1222 283
HIST 1223 277
HIST 1224 260
HIST 1225 239
HIST 1226 281
HIST 1227 258
HIST 1228 256
HIST 1229 264
HIST 1230 254
HIST 1231 272
HIST 1232 220
HIST 1233 295
HIST 1234 258
HIST 1235 249
HIST 1236 255
HIST 1237 242
HIST 1238 258
HIST 1239 244
HIST 1240 245
HIST 1241 232
HIST 1242 237
HIST 1243 207
HIST 1244 169
HIST 1245 145
HIST 1246 150
HIST 1247 122
HIST 1248 125
HIST 1249 103
HIST 1250 94
HIST 1251 111
HIST 1252 110
HIST 1253 112
HIST 1254 105
HIST 1255 96
HIST 1256 104
HIST 1257 110
HIST 1258 81
HIST 1259 89
HIST 1260 103
HIST 1261 88
HIST 1262 84
HIST 1263 85
HIST 1264 80
HIST 1265 78
HIST 1266 86
HIST 1267 73
HIST 1268 95
HIST 1269 85
HIST 1270 90
HIST 1271 73
HIST 1272 68
HIST 1273 84
HIST 1274 82
HIST 1275 70
HIST 1276 77
HIST 1277 76
HIST 1278 78
HIST 1279 70
HIST 1280 70
HIST 1281 57
HIST 1282 70
HIST 1283 66
HIST 1284 68
HIST 1285 65
HIST 1286 79
HIST 1287 64
HIST 1288 71
HIST 1289 63
HIST 1290 76
HIST 1291 72
HIST 1292 65
HIST 1293 61
HIST 1294 61
HIST 1295 60
HIST 1296 61
HIST 1297 48
HIST 1298 37
HIST 1299 41
HIST 1300 56
HIST 1301 58
HIST 1302 66
HIST 1303 49
HIST 1304 46
HIST 1305 45
HIST 1306 48
HIST 1307 38
HIST 1308 48
HIST 1309 34
HIST 1310 40
HIST 1311 39
HIST 1312 32
HIST 1313 46
HIST 1314 45
HIST 1315 31
HIST 1316 40
HIST 1317 42
HIST 1318 50
HIST 1319 37
HIST 1320 36
HIST 1321 28
HIST 1322 31
HIST 1323 31
HIST 1324 29
HIST 1325 38
HIST 1326 29
HIST 1327 23
HIST 1328 37
HIST 1329 29
HIST 1330 37
HIST 1331 30
HIST 1332 28
HIST 1333 33
HIST 1334 24
HIST 1335 21
HIST 1336 27
HIST 1337 24
HIST 1338 22
HIST 1339 15
HIST 1340 26
HIST 1341 22
HIST 1342 29
HIST 1343 24
HIST 1344 35
HIST 1345 20
HIST 1346 25
HIST 1347 26
HIST 1348 30
HIST 1349 27
HIST 1350 21
HIST 1351 24
HIST 1352 25
HIST 1353 23
HIST 1354 16
HIST 1355 14
HIST 1356 26
HIST 1357 20
HIST 1358 36
HIST 1359 25
HIST 1360 21
HIST 1361 20
HIST 1362 20
HIST 1363 23
HIST 1364 20
HIST 1365 20
HIST 1366 15
HIST 1367 23
HIST 1368 23
HIST 1369 18
HIST 1370 15
HIST 1371 14
HIST 1372 21
HIST 1373 16
HIST 1374 18
HIST 1375 23
HIST 1376 14
HIST 1377 19
HIST 1378 22
HIST 1379 17
HIST 1380 18
HIST 1381 10
HIST 1382 12
HIST 1383 14
HIST 1384 25
HIST 1385 11
HIST 1386 14
HIST 1387 9
HIST 1388 11
HIST 1389 19
HIST 1390 12
HIST 1391 22
HIST 1392 13
HIST 1393 12
HIST 1394 8
HIST 1395 18
HIST 1396 22
HIST 1397 12
HIST 1398 10
HIST 1399 11
HIST 1400 15
HIST 1401 13
HIST 1402 15
HIST 1403 10
HIST 1404 14
HIST 1405 13
HIST 1406 10
HIST 1407 20
HIST 1408 15
HIST 1409 11
HIST 1410 13
HIST 1411 11
HIST 1412 17
HIST 1413 6
HIST 1414 7
HIST 1415 10
HIST 1416 18
HIST 1417 8
HIST 1418 10
HIST 1419 7
HIST 1420 4
HIST 1421 12
HIST 1422 15
HIST 1423 16
HIST 1424 9
HIST 1425 13
HIST 1426 24
HIST 1427 7
HIST 1428 18
HIST 1429 37
HIST 1430 197
HIST 1431 14
HIST 1432 94
HIST 1433 58
HIST 1434 7
HIST 1435 11
HIST 1436 10
HIST 1437 4
HIST 1438 9
HIST 1439 9
HIST 1440 12
HIST 1441 6
HIST 1442 4
HIST 1443 5
HIST 1444 7
HIST 1445 9
HIST 1446 9
HIST 1447 7
HIST 1448 5
HIST 1449 4
HIST 1450 5
HIST 1451 3
HIST 1452 7
HIST 1453 4
HIST 1454 7
HIST 1455 7
HIST 1456 3
HIST 1457 6
HIST 1458 11
HIST 1459 9
HIST 1460 9
HIST 1461 46885
HISTEND
