P55 flags: vacuum=1 nofluct=1 nodelta=0 lowcut=0 killesc=0
RESULT decays=8000000
RESULT any=701939 eps_total=8.774237e-02
RESULT window=2614.511 counts=124322 eps=1.554025e-02
HISTBEGIN bins=2616 bin_kev=1.000000 decays=8000000
HIST 0 61
HIST 1 202
HIST 2 201
HIST 3 219
HIST 4 224
HIST 5 282
HIST 6 252
HIST 7 269
HIST 8 284
HIST 9 261
HIST 10 248
HIST 11 258
HIST 12 246
HIST 13 247
HIST 14 251
HIST 15 261
HIST 16 272
HIST 17 300
HIST 18 270
HIST 19 265
HIST 20 287
HIST 21 281
HIST 22 339
HIST 23 304
HIST 24 294
HIST 25 275
HIST 26 308
HIST 27 297
HIST 28 277
HIST 29 311
HIST 30 336
HIST 31 330
HIST 32 533
HIST 33 483
HIST 34 322
HIST 35 303
HIST 36 380
HIST 37 337
HIST 38 327
HIST 39 288
HIST 40 289
HIST 41 303
HIST 42 302
HIST 43 270
HIST 44 295
HIST 45 289
HIST 46 277
HIST 47 333
HIST 48 281
HIST 49 301
HIST 50 294
HIST 51 332
HIST 52 290
HIST 53 300
HIST 54 298
HIST 55 307
HIST 56 284
HIST 57 297
HIST 58 310
HIST 59 280
HIST 60 279
HIST 61 258
HIST 62 312
HIST 63 295
HIST 64 292
HIST 65 330
HIST 66 316
HIST 67 281
HIST 68 347
HIST 69 326
HIST 70 280
HIST 71 260
HIST 72 269
HIST 73 296
HIST 74 299
HIST 75 324
HIST 76 286
HIST 77 358
HIST 78 279
HIST 79 300
HIST 80 300
HIST 81 310
HIST 82 313
HIST 83 301
HIST 84 295
HIST 85 288
HIST 86 291
HIST 87 313
HIST 88 354
HIST 89 290
HIST 90 882
HIST 91 302
HIST 92 335
HIST 93 305
HIST 94 1284
HIST 95 308
HIST 96 317
HIST 97 336
HIST 98 323
HIST 99 319
HIST 100 314
HIST 101 291
HIST 102 287
HIST 103 305
HIST 104 307
HIST 105 470
HIST 106 586
HIST 107 293
HIST 108 264
HIST 109 459
HIST 110 332
HIST 111 277
HIST 112 301
HIST 113 302
HIST 114 279
HIST 115 318
HIST 116 270
HIST 117 294
HIST 118 298
HIST 119 282
HIST 120 305
HIST 121 294
HIST 122 272
HIST 123 304
HIST 124 290
HIST 125 293
HIST 126 323
HIST 127 322
HIST 128 337
HIST 129 324
HIST 130 298
HIST 131 277
HIST 132 292
HIST 133 323
HIST 134 307
HIST 135 295
HIST 136 314
HIST 137 288
HIST 138 273
HIST 139 364
HIST 140 342
HIST 141 325
HIST 142 344
HIST 143 337
HIST 144 331
HIST 145 336
HIST 146 338
HIST 147 341
HIST 148 306
HIST 149 334
HIST 150 295
HIST 151 332
HIST 152 319
HIST 153 352
HIST 154 332
HIST 155 314
HIST 156 334
HIST 157 320
HIST 158 268
HIST 159 291
HIST 160 329
HIST 161 358
HIST 162 346
HIST 163 321
HIST 164 333
HIST 165 317
HIST 166 351
HIST 167 328
HIST 168 305
HIST 169 322
HIST 170 312
HIST 171 339
HIST 172 313
HIST 173 330
HIST 174 317
HIST 175 337
HIST 176 337
HIST 177 333
HIST 178 312
HIST 179 343
HIST 180 325
HIST 181 321
HIST 182 318
HIST 183 301
HIST 184 339
HIST 185 367
HIST 186 338
HIST 187 318
HIST 188 354
HIST 189 343
HIST 190 316
HIST 191 316
HIST 192 301
HIST 193 314
HIST 194 340
HIST 195 326
HIST 196 345
HIST 197 333
HIST 198 329
HIST 199 335
HIST 200 302
HIST 201 309
HIST 202 338
HIST 203 312
HIST 204 285
HIST 205 332
HIST 206 326
HIST 207 359
HIST 208 349
HIST 209 382
HIST 210 358
HIST 211 351
HIST 212 348
HIST 213 333
HIST 214 336
HIST 215 332
HIST 216 348
HIST 217 312
HIST 218 302
HIST 219 345
HIST 220 331
HIST 221 328
HIST 222 330
HIST 223 343
HIST 224 335
HIST 225 334
HIST 226 327
HIST 227 336
HIST 228 356
HIST 229 336
HIST 230 350
HIST 231 356
HIST 232 356
HIST 233 394
HIST 234 399
HIST 235 358
HIST 236 391
HIST 237 378
HIST 238 384
HIST 239 977
HIST 240 376
HIST 241 438
HIST 242 415
HIST 243 393
HIST 244 411
HIST 245 386
HIST 246 382
HIST 247 372
HIST 248 374
HIST 249 410
HIST 250 355
HIST 251 355
HIST 252 383
HIST 253 381
HIST 254 384
HIST 255 432
HIST 256 364
HIST 257 391
HIST 258 369
HIST 259 379
HIST 260 374
HIST 261 375
HIST 262 389
HIST 263 395
HIST 264 395
HIST 265 415
HIST 266 409
HIST 267 357
HIST 268 394
HIST 269 402
HIST 270 446
HIST 271 404
HIST 272 402
HIST 273 402
HIST 274 407
HIST 275 416
HIST 276 378
HIST 277 428
HIST 278 371
HIST 279 393
HIST 280 408
HIST 281 362
HIST 282 418
HIST 283 406
HIST 284 420
HIST 285 366
HIST 286 412
HIST 287 392
HIST 288 392
HIST 289 367
HIST 290 370
HIST 291 376
HIST 292 411
HIST 293 371
HIST 294 391
HIST 295 405
HIST 296 368
HIST 297 404
HIST 298 388
HIST 299 414
HIST 300 396
HIST 301 381
HIST 302 361
HIST 303 420
HIST 304 361
HIST 305 368
HIST 306 396
HIST 307 371
HIST 308 375
HIST 309 348
HIST 310 391
HIST 311 377
HIST 312 376
HIST 313 373
HIST 314 347
HIST 315 384
HIST 316 334
HIST 317 365
HIST 318 360
HIST 319 358
HIST 320 391
HIST 321 394
HIST 322 349
HIST 323 353
HIST 324 365
HIST 325 353
HIST 326 348
HIST 327 357
HIST 328 389
HIST 329 377
HIST 330 388
HIST 331 368
HIST 332 388
HIST 333 341
HIST 334 388
HIST 335 347
HIST 336 343
HIST 337 333
HIST 338 519
HIST 339 351
HIST 340 349
HIST 341 338
HIST 342 310
HIST 343 314
HIST 344 298
HIST 345 336
HIST 346 340
HIST 347 350
HIST 348 329
HIST 349 318
HIST 350 323
HIST 351 325
HIST 352 303
HIST 353 350
HIST 354 316
HIST 355 349
HIST 356 377
HIST 357 324
HIST 358 330
HIST 359 310
HIST 360 329
HIST 361 291
HIST 362 319
HIST 363 315
HIST 364 291
HIST 365 309
HIST 366 315
HIST 367 329
HIST 368 310
HIST 369 288
HIST 370 306
HIST 371 300
HIST 372 338
HIST 373 269
HIST 374 318
HIST 375 313
HIST 376 278
HIST 377 306
HIST 378 312
HIST 379 311
HIST 380 320
HIST 381 285
HIST 382 315
HIST 383 302
HIST 384 290
HIST 385 289
HIST 386 315
HIST 387 309
HIST 388 299
HIST 389 285
HIST 390 292
HIST 391 271
HIST 392 314
HIST 393 298
HIST 394 311
HIST 395 305
HIST 396 295
HIST 397 276
HIST 398 287
HIST 399 272
HIST 400 283
HIST 401 279
HIST 402 294
HIST 403 327
HIST 404 295
HIST 405 289
HIST 406 304
HIST 407 253
HIST 408 290
HIST 409 284
HIST 410 268
HIST 411 287
HIST 412 284
HIST 413 265
HIST 414 275
HIST 415 301
HIST 416 274
HIST 417 284
HIST 418 299
HIST 419 270
HIST 420 251
HIST 421 249
HIST 422 262
HIST 423 278
HIST 424 265
HIST 425 295
HIST 426 266
HIST 427 278
HIST 428 256
HIST 429 300
HIST 430 257
HIST 431 236
HIST 432 261
HIST 433 234
HIST 434 255
HIST 435 249
HIST 436 228
HIST 437 276
HIST 438 247
HIST 439 266
HIST 440 245
HIST 441 232
HIST 442 267
HIST 443 251
HIST 444 239
HIST 445 268
HIST 446 286
HIST 447 248
HIST 448 284
HIST 449 251
HIST 450 225
HIST 451 261
HIST 452 257
HIST 453 226
HIST 454 277
HIST 455 250
HIST 456 242
HIST 457 256
HIST 458 246
HIST 459 255
HIST 460 239
HIST 461 244
HIST 462 246
HIST 463 281
HIST 464 255
HIST 465 213
HIST 466 215
HIST 467 261
HIST 468 248
HIST 469 224
HIST 470 211
HIST 471 264
HIST 472 223
HIST 473 264
HIST 474 235
HIST 475 232
HIST 476 227
HIST 477 212
HIST 478 268
HIST 479 244
HIST 480 229
HIST 481 232
HIST 482 252
HIST 483 245
HIST 484 217
HIST 485 239
HIST 486 247
HIST 487 246
HIST 488 228
HIST 489 201
HIST 490 231
HIST 491 247
HIST 492 240
HIST 493 231
HIST 494 226
HIST 495 223
HIST 496 216
HIST 497 232
HIST 498 226
HIST 499 258
HIST 500 240
HIST 501 236
HIST 502 215
HIST 503 215
HIST 504 220
HIST 505 215
HIST 506 213
HIST 507 214
HIST 508 222
HIST 509 211
HIST 510 209
HIST 511 12282
HIST 512 207
HIST 513 228
HIST 514 196
HIST 515 211
HIST 516 209
HIST 517 201
HIST 518 204
HIST 519 206
HIST 520 212
HIST 521 209
HIST 522 226
HIST 523 182
HIST 524 161
HIST 525 190
HIST 526 212
HIST 527 222
HIST 528 237
HIST 529 190
HIST 530 220
HIST 531 235
HIST 532 218
HIST 533 207
HIST 534 207
HIST 535 197
HIST 536 198
HIST 537 196
HIST 538 204
HIST 539 230
HIST 540 218
HIST 541 221
HIST 542 225
HIST 543 183
HIST 544 189
HIST 545 211
HIST 546 197
HIST 547 210
HIST 548 216
HIST 549 184
HIST 550 197
HIST 551 216
HIST 552 227
HIST 553 187
HIST 554 195
HIST 555 189
HIST 556 195
HIST 557 190
HIST 558 197
HIST 559 197
HIST 560 202
HIST 561 198
HIST 562 199
HIST 563 200
HIST 564 181
HIST 565 190
HIST 566 206
HIST 567 179
HIST 568 222
HIST 569 192
HIST 570 205
HIST 571 209
HIST 572 190
HIST 573 202
HIST 574 205
HIST 575 178
HIST 576 204
HIST 577 215
HIST 578 191
HIST 579 204
HIST 580 199
HIST 581 197
HIST 582 201
HIST 583 425
HIST 584 198
HIST 585 190
HIST 586 201
HIST 587 195
HIST 588 187
HIST 589 197
HIST 590 196
HIST 591 197
HIST 592 187
HIST 593 178
HIST 594 178
HIST 595 190
HIST 596 203
HIST 597 177
HIST 598 206
HIST 599 187
HIST 600 208
HIST 601 200
HIST 602 188
HIST 603 169
HIST 604 177
HIST 605 223
HIST 606 204
HIST 607 189
HIST 608 162
HIST 609 159
HIST 610 189
HIST 611 183
HIST 612 173
HIST 613 192
HIST 614 198
HIST 615 173
HIST 616 187
HIST 617 183
HIST 618 181
HIST 619 173
HIST 620 194
HIST 621 203
HIST 622 187
HIST 623 176
HIST 624 175
HIST 625 207
HIST 626 176
HIST 627 197
HIST 628 179
HIST 629 190
HIST 630 181
HIST 631 179
HIST 632 165
HIST 633 153
HIST 634 177
HIST 635 166
HIST 636 218
HIST 637 157
HIST 638 164
HIST 639 170
HIST 640 186
HIST 641 182
HIST 642 179
HIST 643 174
HIST 644 182
HIST 645 177
HIST 646 173
HIST 647 189
HIST 648 149
HIST 649 184
HIST 650 181
HIST 651 198
HIST 652 190
HIST 653 175
HIST 654 174
HIST 655 188
HIST 656 168
HIST 657 164
HIST 658 180
HIST 659 190
HIST 660 171
HIST 661 152
HIST 662 170
HIST 663 186
HIST 664 177
HIST 665 164
HIST 666 169
HIST 667 183
HIST 668 150
HIST 669 201
HIST 670 184
HIST 671 164
HIST 672 188
HIST 673 177
HIST 674 173
HIST 675 181
HIST 676 184
HIST 677 182
HIST 678 206
HIST 679 164
HIST 680 183
HIST 681 186
HIST 682 162
HIST 683 157
HIST 684 167
HIST 685 182
HIST 686 171
HIST 687 166
HIST 688 169
HIST 689 174
HIST 690 152
HIST 691 145
HIST 692 157
HIST 693 192
HIST 694 176
HIST 695 184
HIST 696 151
HIST 697 153
HIST 698 157
HIST 699 172
HIST 700 175
HIST 701 145
HIST 702 153
HIST 703 179
HIST 704 172
HIST 705 153
HIST 706 160
HIST 707 174
HIST 708 160
HIST 709 148
HIST 710 188
HIST 711 186
HIST 712 152
HIST 713 172
HIST 714 170
HIST 715 179
HIST 716 176
HIST 717 185
HIST 718 152
HIST 719 151
HIST 720 164
HIST 721 191
HIST 722 174
HIST 723 165
HIST 724 197
HIST 725 174
HIST 726 168
HIST 727 213
HIST 728 147
HIST 729 172
HIST 730 163
HIST 731 177
HIST 732 167
HIST 733 158
HIST 734 186
HIST 735 171
HIST 736 198
HIST 737 163
HIST 738 179
HIST 739 165
HIST 740 161
HIST 741 193
HIST 742 155
HIST 743 153
HIST 744 169
HIST 745 142
HIST 746 167
HIST 747 177
HIST 748 168
HIST 749 159
HIST 750 260
HIST 751 163
HIST 752 175
HIST 753 171
HIST 754 158
HIST 755 179
HIST 756 182
HIST 757 140
HIST 758 148
HIST 759 177
HIST 760 186
HIST 761 165
HIST 762 156
HIST 763 168
HIST 764 137
HIST 765 175
HIST 766 181
HIST 767 160
HIST 768 152
HIST 769 172
HIST 770 179
HIST 771 172
HIST 772 178
HIST 773 140
HIST 774 156
HIST 775 149
HIST 776 143
HIST 777 149
HIST 778 158
HIST 779 178
HIST 780 165
HIST 781 166
HIST 782 158
HIST 783 171
HIST 784 184
HIST 785 155
HIST 786 143
HIST 787 173
HIST 788 172
HIST 789 160
HIST 790 169
HIST 791 166
HIST 792 153
HIST 793 131
HIST 794 153
HIST 795 182
HIST 796 143
HIST 797 143
HIST 798 153
HIST 799 157
HIST 800 150
HIST 801 165
HIST 802 142
HIST 803 154
HIST 804 164
HIST 805 138
HIST 806 151
HIST 807 161
HIST 808 168
HIST 809 199
HIST 810 167
HIST 811 153
HIST 812 166
HIST 813 183
HIST 814 180
HIST 815 147
HIST 816 143
HIST 817 163
HIST 818 194
HIST 819 160
HIST 820 153
HIST 821 165
HIST 822 170
HIST 823 148
HIST 824 172
HIST 825 154
HIST 826 144
HIST 827 175
HIST 828 132
HIST 829 169
HIST 830 159
HIST 831 148
HIST 832 185
HIST 833 157
HIST 834 146
HIST 835 150
HIST 836 184
HIST 837 188
HIST 838 149
HIST 839 174
HIST 840 159
HIST 841 148
HIST 842 161
HIST 843 150
HIST 844 153
HIST 845 140
HIST 846 150
HIST 847 139
HIST 848 160
HIST 849 162
HIST 850 151
HIST 851 160
HIST 852 166
HIST 853 170
HIST 854 136
HIST 855 146
HIST 856 150
HIST 857 145
HIST 858 174
HIST 859 131
HIST 860 159
HIST 861 154
HIST 862 164
HIST 863 134
HIST 864 142
HIST 865 150
HIST 866 162
HIST 867 157
HIST 868 154
HIST 869 168
HIST 870 142
HIST 871 158
HIST 872 164
HIST 873 166
HIST 874 183
HIST 875 164
HIST 876 142
HIST 877 142
HIST 878 170
HIST 879 152
HIST 880 163
HIST 881 166
HIST 882 162
HIST 883 152
HIST 884 125
HIST 885 145
HIST 886 158
HIST 887 157
HIST 888 131
HIST 889 138
HIST 890 149
HIST 891 149
HIST 892 140
HIST 893 137
HIST 894 157
HIST 895 138
HIST 896 137
HIST 897 147
HIST 898 158
HIST 899 146
HIST 900 164
HIST 901 143
HIST 902 142
HIST 903 177
HIST 904 166
HIST 905 155
HIST 906 171
HIST 907 165
HIST 908 146
HIST 909 157
HIST 910 164
HIST 911 324
HIST 912 147
HIST 913 142
HIST 914 171
HIST 915 156
HIST 916 139
HIST 917 143
HIST 918 139
HIST 919 151
HIST 920 141
HIST 921 168
HIST 922 174
HIST 923 149
HIST 924 143
HIST 925 139
HIST 926 162
HIST 927 152
HIST 928 153
HIST 929 155
HIST 930 140
HIST 931 143
HIST 932 142
HIST 933 144
HIST 934 162
HIST 935 159
HIST 936 154
HIST 937 146
HIST 938 143
HIST 939 135
HIST 940 139
HIST 941 147
HIST 942 147
HIST 943 146
HIST 944 140
HIST 945 143
HIST 946 146
HIST 947 129
HIST 948 167
HIST 949 148
HIST 950 169
HIST 951 147
HIST 952 148
HIST 953 159
HIST 954 141
HIST 955 144
HIST 956 155
HIST 957 135
HIST 958 166
HIST 959 167
HIST 960 152
HIST 961 139
HIST 962 133
HIST 963 136
HIST 964 140
HIST 965 186
HIST 966 166
HIST 967 147
HIST 968 140
HIST 969 239
HIST 970 141
HIST 971 144
HIST 972 147
HIST 973 164
HIST 974 150
HIST 975 153
HIST 976 151
HIST 977 157
HIST 978 159
HIST 979 147
HIST 980 160
HIST 981 143
HIST 982 148
HIST 983 133
HIST 984 157
HIST 985 133
HIST 986 142
HIST 987 149
HIST 988 148
HIST 989 150
HIST 990 155
HIST 991 141
HIST 992 126
HIST 993 147
HIST 994 163
HIST 995 147
HIST 996 147
HIST 997 128
HIST 998 145
HIST 999 142
HIST 1000 146
HIST 1001 133
HIST 1002 131
HIST 1003 130
HIST 1004 139
HIST 1005 135
HIST 1006 172
HIST 1007 157
HIST 1008 144
HIST 1009 160
HIST 1010 140
HIST 1011 125
HIST 1012 172
HIST 1013 130
HIST 1014 182
HIST 1015 144
HIST 1016 144
HIST 1017 185
HIST 1018 140
HIST 1019 152
HIST 1020 150
HIST 1021 129
HIST 1022 178
HIST 1023 159
HIST 1024 140
HIST 1025 160
HIST 1026 153
HIST 1027 161
HIST 1028 143
HIST 1029 127
HIST 1030 164
HIST 1031 126
HIST 1032 154
HIST 1033 146
HIST 1034 137
HIST 1035 147
HIST 1036 143
HIST 1037 139
HIST 1038 148
HIST 1039 147
HIST 1040 142
HIST 1041 134
HIST 1042 154
HIST 1043 139
HIST 1044 147
HIST 1045 146
HIST 1046 152
HIST 1047 147
HIST 1048 125
HIST 1049 133
HIST 1050 125
HIST 1051 123
HIST 1052 121
HIST 1053 149
HIST 1054 173
HIST 1055 159
HIST 1056 136
HIST 1057 143
HIST 1058 151
HIST 1059 148
HIST 1060 121
HIST 1061 150
HIST 1062 150
HIST 1063 151
HIST 1064 148
HIST 1065 126
HIST 1066 129
HIST 1067 147
HIST 1068 145
HIST 1069 159
HIST 1070 148
HIST 1071 137
HIST 1072 157
HIST 1073 141
HIST 1074 163
HIST 1075 138
HIST 1076 127
HIST 1077 142
HIST 1078 153
HIST 1079 160
HIST 1080 134
HIST 1081 148
HIST 1082 144
HIST 1083 128
HIST 1084 153
HIST 1085 182
HIST 1086 147
HIST 1087 145
HIST 1088 124
HIST 1089 142
HIST 1090 160
HIST 1091 152
HIST 1092 158
HIST 1093 129
HIST 1094 188
HIST 1095 156
HIST 1096 157
HIST 1097 128
HIST 1098 144
HIST 1099 123
HIST 1100 147
HIST 1101 153
HIST 1102 151
HIST 1103 128
HIST 1104 130
HIST 1105 140
HIST 1106 168
HIST 1107 128
HIST 1108 132
HIST 1109 148
HIST 1110 132
HIST 1111 153
HIST 1112 146
HIST 1113 142
HIST 1114 149
HIST 1115 147
HIST 1116 142
HIST 1117 157
HIST 1118 156
HIST 1119 121
HIST 1120 137
HIST 1121 144
HIST 1122 130
HIST 1123 124
HIST 1124 153
HIST 1125 136
HIST 1126 134
HIST 1127 128
HIST 1128 148
HIST 1129 171
HIST 1130 137
HIST 1131 139
HIST 1132 147
HIST 1133 144
HIST 1134 132
HIST 1135 126
HIST 1136 141
HIST 1137 161
HIST 1138 150
HIST 1139 138
HIST 1140 149
HIST 1141 138
HIST 1142 154
HIST 1143 139
HIST 1144 166
HIST 1145 134
HIST 1146 148
HIST 1147 147
HIST 1148 144
HIST 1149 153
HIST 1150 141
HIST 1151 145
HIST 1152 159
HIST 1153 166
HIST 1154 142
HIST 1155 163
HIST 1156 161
HIST 1157 138
HIST 1158 166
HIST 1159 148
HIST 1160 153
HIST 1161 136
HIST 1162 147
HIST 1163 133
HIST 1164 144
HIST 1165 155
HIST 1166 136
HIST 1167 162
HIST 1168 119
HIST 1169 149
HIST 1170 165
HIST 1171 141
HIST 1172 143
HIST 1173 148
HIST 1174 144
HIST 1175 124
HIST 1176 153
HIST 1177 136
HIST 1178 135
HIST 1179 160
HIST 1180 153
HIST 1181 163
HIST 1182 152
HIST 1183 162
HIST 1184 132
HIST 1185 140
HIST 1186 149
HIST 1187 147
HIST 1188 157
HIST 1189 147
HIST 1190 140
HIST 1191 147
HIST 1192 148
HIST 1193 131
HIST 1194 135
HIST 1195 160
HIST 1196 138
HIST 1197 137
HIST 1198 143
HIST 1199 115
HIST 1200 161
HIST 1201 143
HIST 1202 150
HIST 1203 164
HIST 1204 129
HIST 1205 129
HIST 1206 154
HIST 1207 162
HIST 1208 152
HIST 1209 145
HIST 1210 144
HIST 1211 132
HIST 1212 130
HIST 1213 151
HIST 1214 130
HIST 1215 142
HIST 1216 154
HIST 1217 148
HIST 1218 145
HIST 1219 146
HIST 1220 127
HIST 1221 142
HIST 1222 149
HIST 1223 132
HIST 1224 149
HIST 1225 161
HIST 1226 136
HIST 1227 150
HIST 1228 147
HIST 1229 147
HIST 1230 125
HIST 1231 159
HIST 1232 123
HIST 1233 137
HIST 1234 156
HIST 1235 132
HIST 1236 141
HIST 1237 129
HIST 1238 146
HIST 1239 147
HIST 1240 131
HIST 1241 148
HIST 1242 142
HIST 1243 150
HIST 1244 157
HIST 1245 159
HIST 1246 159
HIST 1247 146
HIST 1248 126
HIST 1249 154
HIST 1250 139
HIST 1251 142
HIST 1252 131
HIST 1253 142
HIST 1254 139
HIST 1255 140
HIST 1256 144
HIST 1257 150
HIST 1258 137
HIST 1259 143
HIST 1260 152
HIST 1261 169
HIST 1262 128
HIST 1263 128
HIST 1264 152
HIST 1265 133
HIST 1266 133
HIST 1267 144
HIST 1268 138
HIST 1269 133
HIST 1270 124
HIST 1271 132
HIST 1272 143
HIST 1273 156
HIST 1274 172
HIST 1275 122
HIST 1276 139
HIST 1277 145
HIST 1278 142
HIST 1279 135
HIST 1280 145
HIST 1281 117
HIST 1282 149
HIST 1283 159
HIST 1284 131
HIST 1285 132
HIST 1286 134
HIST 1287 129
HIST 1288 137
HIST 1289 142
HIST 1290 152
HIST 1291 147
HIST 1292 145
HIST 1293 144
HIST 1294 171
HIST 1295 154
HIST 1296 150
HIST 1297 150
HIST 1298 138
HIST 1299 170
HIST 1300 128
HIST 1301 134
HIST 1302 126
HIST 1303 140
HIST 1304 150
HIST 1305 163
HIST 1306 146
HIST 1307 140
HIST 1308 149
HIST 1309 135
HIST 1310 152
HIST 1311 138
HIST 1312 151
HIST 1313 115
HIST 1314 145
HIST 1315 153
HIST 1316 150
HIST 1317 144
HIST 1318 141
HIST 1319 159
HIST 1320 145
HIST 1321 163
HIST 1322 124
HIST 1323 129
HIST 1324 151
HIST 1325 134
HIST 1326 153
HIST 1327 145
HIST 1328 150
HIST 1329 110
HIST 1330 132
HIST 1331 157
HIST 1332 112
HIST 1333 140
HIST 1334 138
HIST 1335 130
HIST 1336 145
HIST 1337 159
HIST 1338 135
HIST 1339 142
HIST 1340 125
HIST 1341 150
HIST 1342 136
HIST 1343 134
HIST 1344 134
HIST 1345 137
HIST 1346 154
HIST 1347 157
HIST 1348 139
HIST 1349 148
HIST 1350 138
HIST 1351 140
HIST 1352 145
HIST 1353 161
HIST 1354 154
HIST 1355 135
HIST 1356 144
HIST 1357 145
HIST 1358 156
HIST 1359 148
HIST 1360 153
HIST 1361 136
HIST 1362 136
HIST 1363 143
HIST 1364 165
HIST 1365 129
HIST 1366 134
HIST 1367 147
HIST 1368 158
HIST 1369 138
HIST 1370 146
HIST 1371 136
HIST 1372 138
HIST 1373 152
HIST 1374 166
HIST 1375 157
HIST 1376 129
HIST 1377 143
HIST 1378 129
HIST 1379 134
HIST 1380 145
HIST 1381 149
HIST 1382 135
HIST 1383 154
HIST 1384 131
HIST 1385 161
HIST 1386 153
HIST 1387 144
HIST 1388 142
HIST 1389 150
HIST 1390 142
HIST 1391 153
HIST 1392 120
HIST 1393 146
HIST 1394 155
HIST 1395 159
HIST 1396 135
HIST 1397 152
HIST 1398 144
HIST 1399 153
HIST 1400 168
HIST 1401 139
HIST 1402 133
HIST 1403 148
HIST 1404 150
HIST 1405 134
HIST 1406 165
HIST 1407 173
HIST 1408 155
HIST 1409 154
HIST 1410 144
HIST 1411 142
HIST 1412 134
HIST 1413 148
HIST 1414 134
HIST 1415 171
HIST 1416 148
HIST 1417 138
HIST 1418 132
HIST 1419 156
HIST 1420 162
HIST 1421 132
HIST 1422 157
HIST 1423 178
HIST 1424 150
HIST 1425 131
HIST 1426 164
HIST 1427 146
HIST 1428 149
HIST 1429 168
HIST 1430 130
HIST 1431 137
HIST 1432 151
HIST 1433 148
HIST 1434 148
HIST 1435 139
HIST 1436 146
HIST 1437 139
HIST 1438 135
HIST 1439 147
HIST 1440 146
HIST 1441 125
HIST 1442 150
HIST 1443 138
HIST 1444 144
HIST 1445 134
HIST 1446 171
HIST 1447 128
HIST 1448 156
HIST 1449 156
HIST 1450 141
HIST 1451 139
HIST 1452 158
HIST 1453 131
HIST 1454 141
HIST 1455 143
HIST 1456 149
HIST 1457 154
HIST 1458 146
HIST 1459 140
HIST 1460 141
HIST 1461 137
HIST 1462 142
HIST 1463 143
HIST 1464 138
HIST 1465 152
HIST 1466 168
HIST 1467 122
HIST 1468 169
HIST 1469 132
HIST 1470 142
HIST 1471 149
HIST 1472 140
HIST 1473 150
HIST 1474 137
HIST 1475 158
HIST 1476 157
HIST 1477 132
HIST 1478 143
HIST 1479 157
HIST 1480 182
HIST 1481 152
HIST 1482 156
HIST 1483 151
HIST 1484 144
HIST 1485 146
HIST 1486 166
HIST 1487 136
HIST 1488 131
HIST 1489 140
HIST 1490 141
HIST 1491 129
HIST 1492 144
HIST 1493 146
HIST 1494 133
HIST 1495 144
HIST 1496 166
HIST 1497 140
HIST 1498 173
HIST 1499 161
HIST 1500 156
HIST 1501 142
HIST 1502 155
HIST 1503 134
HIST 1504 143
HIST 1505 145
HIST 1506 145
HIST 1507 150
HIST 1508 136
HIST 1509 175
HIST 1510 151
HIST 1511 143
HIST 1512 125
HIST 1513 146
HIST 1514 153
HIST 1515 151
HIST 1516 164
HIST 1517 169
HIST 1518 140
HIST 1519 153
HIST 1520 151
HIST 1521 147
HIST 1522 142
HIST 1523 137
HIST 1524 142
HIST 1525 153
HIST 1526 152
HIST 1527 156
HIST 1528 191
HIST 1529 139
HIST 1530 148
HIST 1531 149
HIST 1532 140
HIST 1533 143
HIST 1534 129
HIST 1535 153
HIST 1536 158
HIST 1537 166
HIST 1538 150
HIST 1539 148
HIST 1540 132
HIST 1541 153
HIST 1542 169
HIST 1543 148
HIST 1544 161
HIST 1545 144
HIST 1546 142
HIST 1547 145
HIST 1548 138
HIST 1549 128
HIST 1550 153
HIST 1551 147
HIST 1552 155
HIST 1553 165
HIST 1554 145
HIST 1555 151
HIST 1556 152
HIST 1557 159
HIST 1558 171
HIST 1559 148
HIST 1560 167
HIST 1561 162
HIST 1562 158
HIST 1563 155
HIST 1564 158
HIST 1565 133
HIST 1566 157
HIST 1567 147
HIST 1568 159
HIST 1569 153
HIST 1570 167
HIST 1571 150
HIST 1572 153
HIST 1573 147
HIST 1574 148
HIST 1575 159
HIST 1576 150
HIST 1577 148
HIST 1578 152
HIST 1579 158
HIST 1580 146
HIST 1581 152
HIST 1582 160
HIST 1583 178
HIST 1584 160
HIST 1585 151
HIST 1586 129
HIST 1587 141
HIST 1588 155
HIST 1589 162
HIST 1590 177
HIST 1591 161
HIST 1592 159
HIST 1593 9707
HIST 1594 176
HIST 1595 199
HIST 1596 208
HIST 1597 190
HIST 1598 202
HIST 1599 208
HIST 1600 195
HIST 1601 202
HIST 1602 217
HIST 1603 190
HIST 1604 195
HIST 1605 170
HIST 1606 193
HIST 1607 194
HIST 1608 206
HIST 1609 176
HIST 1610 204
HIST 1611 234
HIST 1612 183
HIST 1613 182
HIST 1614 194
HIST 1615 166
HIST 1616 212
HIST 1617 203
HIST 1618 189
HIST 1619 171
HIST 1620 183
HIST 1621 194
HIST 1622 227
HIST 1623 192
HIST 1624 186
HIST 1625 188
HIST 1626 183
HIST 1627 163
HIST 1628 182
HIST 1629 189
HIST 1630 193
HIST 1631 209
HIST 1632 208
HIST 1633 213
HIST 1634 204
HIST 1635 183
HIST 1636 199
HIST 1637 204
HIST 1638 231
HIST 1639 209
HIST 1640 189
HIST 1641 191
HIST 1642 194
HIST 1643 186
HIST 1644 198
HIST 1645 177
HIST 1646 192
HIST 1647 181
HIST 1648 191
HIST 1649 193
HIST 1650 176
HIST 1651 179
HIST 1652 206
HIST 1653 212
HIST 1654 183
HIST 1655 189
HIST 1656 175
HIST 1657 173
HIST 1658 215
HIST 1659 197
HIST 1660 194
HIST 1661 190
HIST 1662 216
HIST 1663 177
HIST 1664 205
HIST 1665 209
HIST 1666 204
HIST 1667 205
HIST 1668 195
HIST 1669 211
HIST 1670 195
HIST 1671 165
HIST 1672 202
HIST 1673 220
HIST 1674 196
HIST 1675 174
HIST 1676 216
HIST 1677 202
HIST 1678 205
HIST 1679 204
HIST 1680 205
HIST 1681 182
HIST 1682 220
HIST 1683 219
HIST 1684 198
HIST 1685 205
HIST 1686 202
HIST 1687 202
HIST 1688 197
HIST 1689 207
HIST 1690 169
HIST 1691 187
HIST 1692 193
HIST 1693 187
HIST 1694 194
HIST 1695 219
HIST 1696 215
HIST 1697 221
HIST 1698 198
HIST 1699 204
HIST 1700 196
HIST 1701 227
HIST 1702 178
HIST 1703 215
HIST 1704 191
HIST 1705 185
HIST 1706 178
HIST 1707 210
HIST 1708 200
HIST 1709 209
HIST 1710 192
HIST 1711 211
HIST 1712 228
HIST 1713 193
HIST 1714 209
HIST 1715 202
HIST 1716 194
HIST 1717 198
HIST 1718 212
HIST 1719 195
HIST 1720 202
HIST 1721 204
HIST 1722 183
HIST 1723 181
HIST 1724 187
HIST 1725 209
HIST 1726 203
HIST 1727 194
HIST 1728 211
HIST 1729 196
HIST 1730 211
HIST 1731 202
HIST 1732 198
HIST 1733 208
HIST 1734 188
HIST 1735 219
HIST 1736 174
HIST 1737 204
HIST 1738 197
HIST 1739 214
HIST 1740 191
HIST 1741 220
HIST 1742 206
HIST 1743 209
HIST 1744 169
HIST 1745 198
HIST 1746 222
HIST 1747 162
HIST 1748 224
HIST 1749 203
HIST 1750 178
HIST 1751 202
HIST 1752 182
HIST 1753 200
HIST 1754 186
HIST 1755 220
HIST 1756 187
HIST 1757 189
HIST 1758 208
HIST 1759 210
HIST 1760 200
HIST 1761 216
HIST 1762 192
HIST 1763 205
HIST 1764 210
HIST 1765 215
HIST 1766 195
HIST 1767 228
HIST 1768 211
HIST 1769 184
HIST 1770 219
HIST 1771 199
HIST 1772 191
HIST 1773 232
HIST 1774 212
HIST 1775 202
HIST 1776 209
HIST 1777 184
HIST 1778 199
HIST 1779 218
HIST 1780 212
HIST 1781 220
HIST 1782 234
HIST 1783 191
HIST 1784 220
HIST 1785 204
HIST 1786 197
HIST 1787 225
HIST 1788 226
HIST 1789 216
HIST 1790 189
HIST 1791 215
HIST 1792 189
HIST 1793 220
HIST 1794 207
HIST 1795 210
HIST 1796 195
HIST 1797 222
HIST 1798 221
HIST 1799 175
HIST 1800 188
HIST 1801 211
HIST 1802 211
HIST 1803 212
HIST 1804 202
HIST 1805 245
HIST 1806 222
HIST 1807 189
HIST 1808 197
HIST 1809 194
HIST 1810 205
HIST 1811 204
HIST 1812 214
HIST 1813 191
HIST 1814 216
HIST 1815 217
HIST 1816 216
HIST 1817 203
HIST 1818 204
HIST 1819 199
HIST 1820 203
HIST 1821 218
HIST 1822 196
HIST 1823 201
HIST 1824 191
HIST 1825 204
HIST 1826 210
HIST 1827 225
HIST 1828 248
HIST 1829 249
HIST 1830 222
HIST 1831 205
HIST 1832 216
HIST 1833 202
HIST 1834 194
HIST 1835 229
HIST 1836 205
HIST 1837 240
HIST 1838 220
HIST 1839 214
HIST 1840 214
HIST 1841 216
HIST 1842 239
HIST 1843 235
HIST 1844 189
HIST 1845 232
HIST 1846 214
HIST 1847 227
HIST 1848 206
HIST 1849 221
HIST 1850 195
HIST 1851 217
HIST 1852 230
HIST 1853 197
HIST 1854 188
HIST 1855 192
HIST 1856 210
HIST 1857 204
HIST 1858 214
HIST 1859 207
HIST 1860 205
HIST 1861 198
HIST 1862 207
HIST 1863 203
HIST 1864 185
HIST 1865 239
HIST 1866 196
HIST 1867 210
HIST 1868 227
HIST 1869 210
HIST 1870 223
HIST 1871 216
HIST 1872 193
HIST 1873 225
HIST 1874 248
HIST 1875 195
HIST 1876 215
HIST 1877 185
HIST 1878 189
HIST 1879 233
HIST 1880 211
HIST 1881 212
HIST 1882 202
HIST 1883 202
HIST 1884 222
HIST 1885 217
HIST 1886 217
HIST 1887 201
HIST 1888 215
HIST 1889 221
HIST 1890 195
HIST 1891 202
HIST 1892 203
HIST 1893 215
HIST 1894 226
HIST 1895 202
HIST 1896 203
HIST 1897 184
HIST 1898 210
HIST 1899 185
HIST 1900 221
HIST 1901 202
HIST 1902 227
HIST 1903 203
HIST 1904 209
HIST 1905 201
HIST 1906 234
HIST 1907 202
HIST 1908 185
HIST 1909 193
HIST 1910 233
HIST 1911 208
HIST 1912 193
HIST 1913 209
HIST 1914 202
HIST 1915 207
HIST 1916 233
HIST 1917 203
HIST 1918 228
HIST 1919 226
HIST 1920 212
HIST 1921 208
HIST 1922 206
HIST 1923 200
HIST 1924 222
HIST 1925 205
HIST 1926 212
HIST 1927 203
HIST 1928 192
HIST 1929 207
HIST 1930 233
HIST 1931 177
HIST 1932 202
HIST 1933 209
HIST 1934 201
HIST 1935 203
HIST 1936 202
HIST 1937 200
HIST 1938 197
HIST 1939 205
HIST 1940 231
HIST 1941 208
HIST 1942 191
HIST 1943 200
HIST 1944 208
HIST 1945 168
HIST 1946 199
HIST 1947 217
HIST 1948 191
HIST 1949 193
HIST 1950 182
HIST 1951 187
HIST 1952 195
HIST 1953 204
HIST 1954 202
HIST 1955 187
HIST 1956 189
HIST 1957 200
HIST 1958 168
HIST 1959 206
HIST 1960 216
HIST 1961 194
HIST 1962 214
HIST 1963 206
HIST 1964 184
HIST 1965 180
HIST 1966 185
HIST 1967 180
HIST 1968 174
HIST 1969 205
HIST 1970 209
HIST 1971 210
HIST 1972 203
HIST 1973 176
HIST 1974 192
HIST 1975 177
HIST 1976 206
HIST 1977 182
HIST 1978 200
HIST 1979 190
HIST 1980 230
HIST 1981 222
HIST 1982 186
HIST 1983 203
HIST 1984 223
HIST 1985 200
HIST 1986 203
HIST 1987 191
HIST 1988 210
HIST 1989 218
HIST 1990 204
HIST 1991 196
HIST 1992 198
HIST 1993 200
HIST 1994 198
HIST 1995 203
HIST 1996 190
HIST 1997 231
HIST 1998 208
HIST 1999 214
HIST 2000 196
HIST 2001 200
HIST 2002 212
HIST 2003 191
HIST 2004 186
HIST 2005 210
HIST 2006 186
HIST 2007 196
HIST 2008 169
HIST 2009 202
HIST 2010 180
HIST 2011 208
HIST 2012 207
HIST 2013 215
HIST 2014 206
HIST 2015 211
HIST 2016 201
HIST 2017 188
HIST 2018 203
HIST 2019 204
HIST 2020 205
HIST 2021 197
HIST 2022 190
HIST 2023 201
HIST 2024 164
HIST 2025 201
HIST 2026 211
HIST 2027 207
HIST 2028 231
HIST 2029 188
HIST 2030 222
HIST 2031 194
HIST 2032 206
HIST 2033 212
HIST 2034 229
HIST 2035 196
HIST 2036 223
HIST 2037 203
HIST 2038 237
HIST 2039 215
HIST 2040 204
HIST 2041 205
HIST 2042 205
HIST 2043 204
HIST 2044 207
HIST 2045 187
HIST 2046 218
HIST 2047 213
HIST 2048 204
HIST 2049 200
HIST 2050 209
HIST 2051 237
HIST 2052 220
HIST 2053 216
HIST 2054 234
HIST 2055 205
HIST 2056 183
HIST 2057 223
HIST 2058 224
HIST 2059 212
HIST 2060 214
HIST 2061 213
HIST 2062 203
HIST 2063 240
HIST 2064 187
HIST 2065 237
HIST 2066 225
HIST 2067 200
HIST 2068 207
HIST 2069 203
HIST 2070 206
HIST 2071 222
HIST 2072 224
HIST 2073 194
HIST 2074 177
HIST 2075 261
HIST 2076 215
HIST 2077 230
HIST 2078 218
HIST 2079 252
HIST 2080 226
HIST 2081 215
HIST 2082 231
HIST 2083 224
HIST 2084 203
HIST 2085 232
HIST 2086 209
HIST 2087 198
HIST 2088 216
HIST 2089 201
HIST 2090 208
HIST 2091 199
HIST 2092 238
HIST 2093 213
HIST 2094 208
HIST 2095 221
HIST 2096 239
HIST 2097 216
HIST 2098 260
HIST 2099 223
HIST 2100 181
HIST 2101 233
HIST 2102 220
HIST 2103 235
HIST 2104 25240
HIST 2105 246
HIST 2106 264
HIST 2107 255
HIST 2108 251
HIST 2109 252
HIST 2110 253
HIST 2111 264
HIST 2112 276
HIST 2113 213
HIST 2114 264
HIST 2115 259
HIST 2116 264
HIST 2117 276
HIST 2118 263
HIST 2119 244
HIST 2120 250
HIST 2121 276
HIST 2122 289
HIST 2123 262
HIST 2124 259
HIST 2125 236
HIST 2126 256
HIST 2127 276
HIST 2128 274
HIST 2129 253
HIST 2130 264
HIST 2131 251
HIST 2132 317
HIST 2133 266
HIST 2134 293
HIST 2135 275
HIST 2136 287
HIST 2137 244
HIST 2138 270
HIST 2139 288
HIST 2140 277
HIST 2141 242
HIST 2142 289
HIST 2143 233
HIST 2144 279
HIST 2145 271
HIST 2146 272
HIST 2147 255
HIST 2148 250
HIST 2149 260
HIST 2150 293
HIST 2151 267
HIST 2152 265
HIST 2153 254
HIST 2154 232
HIST 2155 273
HIST 2156 316
HIST 2157 239
HIST 2158 265
HIST 2159 253
HIST 2160 278
HIST 2161 282
HIST 2162 254
HIST 2163 261
HIST 2164 275
HIST 2165 261
HIST 2166 248
HIST 2167 262
HIST 2168 268
HIST 2169 243
HIST 2170 262
HIST 2171 269
HIST 2172 277
HIST 2173 254
HIST 2174 268
HIST 2175 280
HIST 2176 285
HIST 2177 274
HIST 2178 237
HIST 2179 266
HIST 2180 257
HIST 2181 262
HIST 2182 268
HIST 2183 290
HIST 2184 257
HIST 2185 257
HIST 2186 267
HIST 2187 244
HIST 2188 257
HIST 2189 256
HIST 2190 269
HIST 2191 265
HIST 2192 275
HIST 2193 269
HIST 2194 268
HIST 2195 326
HIST 2196 255
HIST 2197 275
HIST 2198 273
HIST 2199 268
HIST 2200 271
HIST 2201 287
HIST 2202 275
HIST 2203 243
HIST 2204 287
HIST 2205 262
HIST 2206 270
HIST 2207 280
HIST 2208 250
HIST 2209 269
HIST 2210 270
HIST 2211 260
HIST 2212 252
HIST 2213 306
HIST 2214 251
HIST 2215 276
HIST 2216 275
HIST 2217 280
HIST 2218 264
HIST 2219 280
HIST 2220 292
HIST 2221 288
HIST 2222 279
HIST 2223 300
HIST 2224 292
HIST 2225 252
HIST 2226 273
HIST 2227 263
HIST 2228 292
HIST 2229 296
HIST 2230 328
HIST 2231 279
HIST 2232 293
HIST 2233 276
HIST 2234 292
HIST 2235 288
HIST 2236 275
HIST 2237 277
HIST 2238 279
HIST 2239 277
HIST 2240 277
HIST 2241 276
HIST 2242 296
HIST 2243 291
HIST 2244 282
HIST 2245 289
HIST 2246 292
HIST 2247 272
HIST 2248 297
HIST 2249 282
HIST 2250 271
HIST 2251 288
HIST 2252 284
HIST 2253 290
HIST 2254 287
HIST 2255 311
HIST 2256 323
HIST 2257 300
HIST 2258 291
HIST 2259 287
HIST 2260 302
HIST 2261 308
HIST 2262 274
HIST 2263 304
HIST 2264 277
HIST 2265 275
HIST 2266 281
HIST 2267 296
HIST 2268 281
HIST 2269 304
HIST 2270 282
HIST 2271 312
HIST 2272 276
HIST 2273 287
HIST 2274 300
HIST 2275 297
HIST 2276 321
HIST 2277 317
HIST 2278 306
HIST 2279 325
HIST 2280 286
HIST 2281 298
HIST 2282 286
HIST 2283 310
HIST 2284 262
HIST 2285 282
HIST 2286 290
HIST 2287 321
HIST 2288 325
HIST 2289 286
HIST 2290 315
HIST 2291 321
HIST 2292 303
HIST 2293 299
HIST 2294 310
HIST 2295 313
HIST 2296 298
HIST 2297 309
HIST 2298 303
HIST 2299 291
HIST 2300 281
HIST 2301 323
HIST 2302 285
HIST 2303 324
HIST 2304 342
HIST 2305 279
HIST 2306 326
HIST 2307 339
HIST 2308 305
HIST 2309 312
HIST 2310 291
HIST 2311 297
HIST 2312 295
HIST 2313 315
HIST 2314 323
HIST 2315 296
HIST 2316 283
HIST 2317 313
HIST 2318 307
HIST 2319 316
HIST 2320 315
HIST 2321 304
HIST 2322 364
HIST 2323 332
HIST 2324 330
HIST 2325 303
HIST 2326 309
HIST 2327 336
HIST 2328 306
HIST 2329 342
HIST 2330 276
HIST 2331 303
HIST 2332 361
HIST 2333 324
HIST 2334 315
HIST 2335 308
HIST 2336 324
HIST 2337 323
HIST 2338 340
HIST 2339 315
HIST 2340 300
HIST 2341 311
HIST 2342 319
HIST 2343 315
HIST 2344 304
HIST 2345 321
HIST 2346 332
HIST 2347 333
HIST 2348 332
HIST 2349 289
HIST 2350 313
HIST 2351 344
HIST 2352 354
HIST 2353 344
HIST 2354 309
HIST 2355 348
HIST 2356 297
HIST 2357 319
HIST 2358 330
HIST 2359 326
HIST 2360 357
HIST 2361 302
HIST 2362 357
HIST 2363 310
HIST 2364 327
HIST 2365 303
HIST 2366 342
HIST 2367 338
HIST 2368 308
HIST 2369 314
HIST 2370 338
HIST 2371 352
HIST 2372 310
HIST 2373 310
HIST 2374 296
HIST 2375 294
HIST 2376 316
HIST 2377 309
HIST 2378 331
HIST 2379 302
HIST 2380 288
HIST 2381 269
HIST 2382 275
HIST 2383 240
HIST 2384 198
HIST 2385 224
HIST 2386 196
HIST 2387 221
HIST 2388 183
HIST 2389 162
HIST 2390 172
HIST 2391 175
HIST 2392 182
HIST 2393 154
HIST 2394 170
HIST 2395 162
HIST 2396 168
HIST 2397 177
HIST 2398 141
HIST 2399 165
HIST 2400 167
HIST 2401 147
HIST 2402 163
HIST 2403 153
HIST 2404 157
HIST 2405 108
HIST 2406 131
HIST 2407 157
HIST 2408 128
HIST 2409 130
HIST 2410 149
HIST 2411 135
HIST 2412 121
HIST 2413 122
HIST 2414 135
HIST 2415 120
HIST 2416 144
HIST 2417 120
HIST 2418 104
HIST 2419 115
HIST 2420 120
HIST 2421 121
HIST 2422 112
HIST 2423 105
HIST 2424 112
HIST 2425 119
HIST 2426 118
HIST 2427 99
HIST 2428 103
HIST 2429 99
HIST 2430 99
HIST 2431 98
HIST 2432 92
HIST 2433 100
HIST 2434 93
HIST 2435 100
HIST 2436 116
HIST 2437 70
HIST 2438 80
HIST 2439 91
HIST 2440 97
HIST 2441 84
HIST 2442 92
HIST 2443 81
HIST 2444 83
HIST 2445 94
HIST 2446 78
HIST 2447 85
HIST 2448 80
HIST 2449 76
HIST 2450 63
HIST 2451 78
HIST 2452 67
HIST 2453 62
HIST 2454 66
HIST 2455 75
HIST 2456 58
HIST 2457 53
HIST 2458 70
HIST 2459 58
HIST 2460 56
HIST 2461 50
HIST 2462 62
HIST 2463 57
HIST 2464 42
HIST 2465 60
HIST 2466 45
HIST 2467 60
HIST 2468 68
HIST 2469 49
HIST 2470 60
HIST 2471 39
HIST 2472 51
HIST 2473 41
HIST 2474 46
HIST 2475 57
HIST 2476 48
HIST 2477 40
HIST 2478 44
HIST 2479 49
HIST 2480 44
HIST 2481 33
HIST 2482 37
HIST 2483 44
HIST 2484 43
HIST 2485 37
HIST 2486 42
HIST 2487 29
HIST 2488 33
HIST 2489 33
HIST 2490 36
HIST 2491 32
HIST 2492 33
HIST 2493 38
HIST 2494 22
HIST 2495 36
HIST 2496 37
HIST 2497 37
HIST 2498 39
HIST 2499 32
HIST 2500 29
HIST 2501 31
HIST 2502 31
HIST 2503 31
HIST 2504 26
HIST 2505 31
HIST 2506 26
HIST 2507 29
HIST 2508 22
HIST 2509 26
HIST 2510 21
HIST 2511 22
HIST 2512 29
HIST 2513 26
HIST 2514 23
HIST 2515 24
HIST 2516 21
HIST 2517 29
HIST 2518 28
HIST 2519 24
HIST 2520 20
HIST 2521 20
HIST 2522 27
HIST 2523 32
HIST 2524 22
HIST 2525 22
HIST 2526 22
HIST 2527 23
HIST 2528 18
HIST 2529 22
HIST 2530 19
HIST 2531 19
HIST 2532 23
HIST 2533 19
HIST 2534 24
HIST 2535 19
HIST 2536 17
HIST 2537 16
HIST 2538 18
HIST 2539 17
HIST 2540 14
HIST 2541 25
HIST 2542 16
HIST 2543 23
HIST 2544 15
HIST 2545 19
HIST 2546 17
HIST 2547 14
HIST 2548 16
HIST 2549 15
HIST 2550 17
HIST 2551 18
HIST 2552 11
HIST 2553 13
HIST 2554 9
HIST 2555 15
HIST 2556 15
HIST 2557 18
HIST 2558 15
HIST 2559 14
HIST 2560 17
HIST 2561 14
HIST 2562 11
HIST 2563 16
HIST 2564 10
HIST 2565 12
HIST 2566 11
HIST 2567 11
HIST 2568 11
HIST 2569 13
HIST 2570 8
HIST 2571 10
HIST 2572 8
HIST 2573 10
HIST 2574 9
HIST 2575 13
HIST 2576 14
HIST 2577 8
HIST 2578 14
HIST 2579 7
HIST 2580 9
HIST 2581 35
HIST 2582 80
HIST 2583 10
HIST 2584 11
HIST 2585 6
HIST 2586 275
HIST 2587 8
HIST 2588 6
HIST 2589 8
HIST 2590 7
HIST 2591 8
HIST 2592 5
HIST 2593 8
HIST 2594 10
HIST 2595 6
HIST 2596 9
HIST 2597 7
HIST 2598 12
HIST 2599 14
HIST 2600 8
HIST 2601 5
HIST 2602 4
HIST 2603 5
HIST 2604 13
HIST 2605 9
HIST 2606 6
HIST 2607 9
HIST 2608 9
HIST 2609 5
HIST 2610 3
HIST 2611 11
HIST 2612 11
HIST 2613 10
HIST 2614 9
HIST 2615 124453
HISTEND
