P55 flags: vacuum=1 nofluct=0 nodelta=0 lowcut=0 killesc=1
RESULT decays=4000000
RESULT any=515839 eps_total=1.289598e-01
RESULT window=661.657 counts=243164 eps=6.079100e-02
HISTBEGIN bins=663 bin_kev=1.000000 decays=4000000
HIST 0 131
HIST 1 410
HIST 2 442
HIST 3 452
HIST 4 448
HIST 5 493
HIST 6 477
HIST 7 487
HIST 8 498
HIST 9 476
HIST 10 495
HIST 11 514
HIST 12 535
HIST 13 528
HIST 14 536
HIST 15 524
HIST 16 480
HIST 17 538
HIST 18 493
HIST 19 510
HIST 20 502
HIST 21 540
HIST 22 502
HIST 23 530
HIST 24 519
HIST 25 487
HIST 26 500
HIST 27 560
HIST 28 510
HIST 29 523
HIST 30 495
HIST 31 504
HIST 32 500
HIST 33 515
HIST 34 465
HIST 35 527
HIST 36 545
HIST 37 507
HIST 38 510
HIST 39 527
HIST 40 521
HIST 41 516
HIST 42 497
HIST 43 474
HIST 44 478
HIST 45 489
HIST 46 479
HIST 47 505
HIST 48 514
HIST 49 521
HIST 50 520
HIST 51 514
HIST 52 525
HIST 53 466
HIST 54 485
HIST 55 490
HIST 56 484
HIST 57 503
HIST 58 478
HIST 59 522
HIST 60 494
HIST 61 514
HIST 62 509
HIST 63 490
HIST 64 486
HIST 65 504
HIST 66 478
HIST 67 496
HIST 68 519
HIST 69 492
HIST 70 476
HIST 71 508
HIST 72 499
HIST 73 488
HIST 74 454
HIST 75 548
HIST 76 451
HIST 77 503
HIST 78 516
HIST 79 511
HIST 80 486
HIST 81 493
HIST 82 522
HIST 83 516
HIST 84 490
HIST 85 480
HIST 86 480
HIST 87 498
HIST 88 482
HIST 89 456
HIST 90 503
HIST 91 494
HIST 92 492
HIST 93 494
HIST 94 487
HIST 95 540
HIST 96 426
HIST 97 473
HIST 98 501
HIST 99 468
HIST 100 453
HIST 101 481
HIST 102 480
HIST 103 476
HIST 104 466
HIST 105 478
HIST 106 492
HIST 107 505
HIST 108 474
HIST 109 505
HIST 110 491
HIST 111 469
HIST 112 560
HIST 113 483
HIST 114 485
HIST 115 512
HIST 116 495
HIST 117 485
HIST 118 484
HIST 119 500
HIST 120 494
HIST 121 540
HIST 122 532
HIST 123 485
HIST 124 484
HIST 125 544
HIST 126 495
HIST 127 461
HIST 128 506
HIST 129 515
HIST 130 520
HIST 131 530
HIST 132 530
HIST 133 514
HIST 134 472
HIST 135 451
HIST 136 462
HIST 137 529
HIST 138 533
HIST 139 457
HIST 140 477
HIST 141 529
HIST 142 485
HIST 143 476
HIST 144 508
HIST 145 463
HIST 146 512
HIST 147 472
HIST 148 499
HIST 149 484
HIST 150 484
HIST 151 502
HIST 152 513
HIST 153 501
HIST 154 506
HIST 155 462
HIST 156 497
HIST 157 487
HIST 158 506
HIST 159 492
HIST 160 528
HIST 161 483
HIST 162 501
HIST 163 461
HIST 164 502
HIST 165 498
HIST 166 523
HIST 167 485
HIST 168 500
HIST 169 498
HIST 170 461
HIST 171 473
HIST 172 507
HIST 173 504
HIST 174 528
HIST 175 510
HIST 176 548
HIST 177 548
HIST 178 538
HIST 179 476
HIST 180 522
HIST 181 546
HIST 182 500
HIST 183 521
HIST 184 576
HIST 185 525
HIST 186 548
HIST 187 592
HIST 188 545
HIST 189 533
HIST 190 622
HIST 191 592
HIST 192 636
HIST 193 602
HIST 194 640
HIST 195 645
HIST 196 652
HIST 197 622
HIST 198 601
HIST 199 591
HIST 200 605
HIST 201 673
HIST 202 609
HIST 203 686
HIST 204 668
HIST 205 622
HIST 206 664
HIST 207 595
HIST 208 668
HIST 209 646
HIST 210 682
HIST 211 682
HIST 212 674
HIST 213 664
HIST 214 666
HIST 215 682
HIST 216 627
HIST 217 669
HIST 218 633
HIST 219 604
HIST 220 650
HIST 221 663
HIST 222 661
HIST 223 666
HIST 224 634
HIST 225 647
HIST 226 651
HIST 227 651
HIST 228 675
HIST 229 631
HIST 230 694
HIST 231 654
HIST 232 654
HIST 233 683
HIST 234 658
HIST 235 665
HIST 236 660
HIST 237 606
HIST 238 644
HIST 239 602
HIST 240 707
HIST 241 626
HIST 242 666
HIST 243 630
HIST 244 630
HIST 245 651
HIST 246 644
HIST 247 638
HIST 248 612
HIST 249 592
HIST 250 614
HIST 251 609
HIST 252 628
HIST 253 614
HIST 254 562
HIST 255 628
HIST 256 639
HIST 257 659
HIST 258 641
HIST 259 568
HIST 260 632
HIST 261 641
HIST 262 594
HIST 263 620
HIST 264 584
HIST 265 616
HIST 266 586
HIST 267 574
HIST 268 577
HIST 269 615
HIST 270 584
HIST 271 594
HIST 272 590
HIST 273 584
HIST 274 589
HIST 275 552
HIST 276 610
HIST 277 563
HIST 278 619
HIST 279 567
HIST 280 587
HIST 281 582
HIST 282 565
HIST 283 595
HIST 284 624
HIST 285 571
HIST 286 579
HIST 287 564
HIST 288 551
HIST 289 538
HIST 290 597
HIST 291 558
HIST 292 531
HIST 293 543
HIST 294 546
HIST 295 535
HIST 296 570
HIST 297 595
HIST 298 534
HIST 299 560
HIST 300 529
HIST 301 499
HIST 302 528
HIST 303 563
HIST 304 556
HIST 305 531
HIST 306 544
HIST 307 581
HIST 308 552
HIST 309 546
HIST 310 502
HIST 311 511
HIST 312 531
HIST 313 535
HIST 314 585
HIST 315 528
HIST 316 508
HIST 317 560
HIST 318 499
HIST 319 524
HIST 320 529
HIST 321 512
HIST 322 484
HIST 323 493
HIST 324 483
HIST 325 523
HIST 326 498
HIST 327 505
HIST 328 477
HIST 329 543
HIST 330 531
HIST 331 492
HIST 332 498
HIST 333 510
HIST 334 530
HIST 335 481
HIST 336 509
HIST 337 517
HIST 338 490
HIST 339 512
HIST 340 523
HIST 341 488
HIST 342 498
HIST 343 526
HIST 344 482
HIST 345 494
HIST 346 528
HIST 347 543
HIST 348 493
HIST 349 509
HIST 350 499
HIST 351 494
HIST 352 485
HIST 353 538
HIST 354 456
HIST 355 475
HIST 356 550
HIST 357 541
HIST 358 496
HIST 359 500
HIST 360 502
HIST 361 490
HIST 362 455
HIST 363 476
HIST 364 498
HIST 365 487
HIST 366 476
HIST 367 521
HIST 368 460
HIST 369 456
HIST 370 478
HIST 371 514
HIST 372 486
HIST 373 464
HIST 374 474
HIST 375 490
HIST 376 497
HIST 377 511
HIST 378 517
HIST 379 466
HIST 380 494
HIST 381 497
HIST 382 496
HIST 383 531
HIST 384 481
HIST 385 515
HIST 386 456
HIST 387 508
HIST 388 458
HIST 389 466
HIST 390 499
HIST 391 469
HIST 392 485
HIST 393 486
HIST 394 473
HIST 395 475
HIST 396 461
HIST 397 428
HIST 398 431
HIST 399 464
HIST 400 439
HIST 401 514
HIST 402 441
HIST 403 490
HIST 404 450
HIST 405 466
HIST 406 467
HIST 407 466
HIST 408 507
HIST 409 484
HIST 410 472
HIST 411 495
HIST 412 507
HIST 413 468
HIST 414 480
HIST 415 473
HIST 416 478
HIST 417 511
HIST 418 470
HIST 419 482
HIST 420 489
HIST 421 493
HIST 422 511
HIST 423 462
HIST 424 490
HIST 425 481
HIST 426 524
HIST 427 485
HIST 428 452
HIST 429 528
HIST 430 507
HIST 431 478
HIST 432 478
HIST 433 505
HIST 434 484
HIST 435 504
HIST 436 506
HIST 437 491
HIST 438 521
HIST 439 526
HIST 440 501
HIST 441 517
HIST 442 521
HIST 443 525
HIST 444 506
HIST 445 506
HIST 446 523
HIST 447 463
HIST 448 546
HIST 449 475
HIST 450 516
HIST 451 519
HIST 452 535
HIST 453 527
HIST 454 571
HIST 455 519
HIST 456 538
HIST 457 561
HIST 458 580
HIST 459 544
HIST 460 584
HIST 461 552
HIST 462 543
HIST 463 595
HIST 464 589
HIST 465 590
HIST 466 543
HIST 467 568
HIST 468 568
HIST 469 580
HIST 470 560
HIST 471 578
HIST 472 558
HIST 473 564
HIST 474 546
HIST 475 492
HIST 476 484
HIST 477 474
HIST 478 362
HIST 479 332
HIST 480 322
HIST 481 279
HIST 482 286
HIST 483 274
HIST 484 288
HIST 485 245
HIST 486 251
HIST 487 238
HIST 488 219
HIST 489 231
HIST 490 202
HIST 491 208
HIST 492 195
HIST 493 203
HIST 494 197
HIST 495 182
HIST 496 199
HIST 497 202
HIST 498 215
HIST 499 165
HIST 500 196
HIST 501 181
HIST 502 165
HIST 503 158
HIST 504 150
HIST 505 154
HIST 506 145
HIST 507 135
HIST 508 147
HIST 509 149
HIST 510 139
HIST 511 133
HIST 512 157
HIST 513 140
HIST 514 133
HIST 515 132
HIST 516 147
HIST 517 132
HIST 518 123
HIST 519 132
HIST 520 128
HIST 521 131
HIST 522 124
HIST 523 120
HIST 524 115
HIST 525 118
HIST 526 101
HIST 527 113
HIST 528 109
HIST 529 113
HIST 530 109
HIST 531 116
HIST 532 99
HIST 533 108
HIST 534 96
HIST 535 93
HIST 536 113
HIST 537 90
HIST 538 104
HIST 539 108
HIST 540 105
HIST 541 104
HIST 542 95
HIST 543 84
HIST 544 112
HIST 545 92
HIST 546 93
HIST 547 82
HIST 548 97
HIST 549 88
HIST 550 98
HIST 551 95
HIST 552 75
HIST 553 87
HIST 554 90
HIST 555 74
HIST 556 89
HIST 557 86
HIST 558 94
HIST 559 85
HIST 560 83
HIST 561 85
HIST 562 83
HIST 563 84
HIST 564 92
HIST 565 75
HIST 566 92
HIST 567 73
HIST 568 83
HIST 569 70
HIST 570 84
HIST 571 59
HIST 572 84
HIST 573 73
HIST 574 96
HIST 575 79
HIST 576 89
HIST 577 90
HIST 578 81
HIST 579 101
HIST 580 86
HIST 581 85
HIST 582 75
HIST 583 79
HIST 584 85
HIST 585 76
HIST 586 84
HIST 587 93
HIST 588 82
HIST 589 79
HIST 590 64
HIST 591 88
HIST 592 81
HIST 593 87
HIST 594 75
HIST 595 70
HIST 596 67
HIST 597 66
HIST 598 78
HIST 599 62
HIST 600 80
HIST 601 51
HIST 602 60
HIST 603 62
HIST 604 71
HIST 605 62
HIST 606 57
HIST 607 58
HIST 608 75
HIST 609 67
HIST 610 50
HIST 611 57
HIST 612 54
HIST 613 72
HIST 614 72
HIST 615 58
HIST 616 61
HIST 617 64
HIST 618 57
HIST 619 71
HIST 620 68
HIST 621 53
HIST 622 65
HIST 623 62
HIST 624 63
HIST 625 51
HIST 626 46
HIST 627 43
HIST 628 47
HIST 629 274
HIST 630 61
HIST 631 66
HIST 632 54
HIST 633 668
HIST 634 71
HIST 635 58
HIST 636 54
HIST 637 55
HIST 638 58
HIST 639 67
HIST 640 51
HIST 641 57
HIST 642 54
HIST 643 54
HIST 644 51
HIST 645 54
HIST 646 55
HIST 647 52
HIST 648 54
HIST 649 46
HIST 650 55
HIST 651 48
HIST 652 61
HIST 653 52
HIST 654 47
HIST 655 55
HIST 656 55
HIST 657 38
HIST 658 43
HIST 659 55
HIST 660 58
HIST 661 40
HIST 662 243152
HISTEND
