P55 flags: vacuum=1 nofluct=0 nodelta=1 lowcut=0 killesc=0
 Energy thresholds :  gamma  990 eV     e-  990 eV     e+  990 eV  proton 100 keV
 Material : scene_mat_4
RESULT decays=8000000
RESULT any=702273 eps_total=8.778413e-02
RESULT window=2614.511 counts=124478 eps=1.555975e-02
HISTBEGIN bins=2616 bin_kev=1.000000 decays=8000000
HIST 0 59
HIST 1 219
HIST 2 205
HIST 3 208
HIST 4 206
HIST 5 302
HIST 6 272
HIST 7 271
HIST 8 263
HIST 9 265
HIST 10 241
HIST 11 269
HIST 12 237
HIST 13 276
HIST 14 256
HIST 15 280
HIST 16 293
HIST 17 292
HIST 18 280
HIST 19 260
HIST 20 304
HIST 21 299
HIST 22 327
HIST 23 288
HIST 24 302
HIST 25 284
HIST 26 275
HIST 27 285
HIST 28 311
HIST 29 295
HIST 30 319
HIST 31 288
HIST 32 537
HIST 33 471
HIST 34 331
HIST 35 308
HIST 36 372
HIST 37 337
HIST 38 322
HIST 39 291
HIST 40 307
HIST 41 310
HIST 42 300
HIST 43 274
HIST 44 292
HIST 45 279
HIST 46 281
HIST 47 327
HIST 48 303
HIST 49 293
HIST 50 312
HIST 51 305
HIST 52 279
HIST 53 280
HIST 54 301
HIST 55 317
HIST 56 313
HIST 57 283
HIST 58 305
HIST 59 289
HIST 60 292
HIST 61 259
HIST 62 320
HIST 63 292
HIST 64 315
HIST 65 310
HIST 66 328
HIST 67 306
HIST 68 320
HIST 69 333
HIST 70 318
HIST 71 306
HIST 72 298
HIST 73 314
HIST 74 305
HIST 75 353
HIST 76 298
HIST 77 364
HIST 78 320
HIST 79 274
HIST 80 294
HIST 81 284
HIST 82 308
HIST 83 306
HIST 84 312
HIST 85 288
HIST 86 287
HIST 87 318
HIST 88 365
HIST 89 293
HIST 90 848
HIST 91 290
HIST 92 326
HIST 93 295
HIST 94 1285
HIST 95 314
HIST 96 311
HIST 97 308
HIST 98 326
HIST 99 305
HIST 100 319
HIST 101 285
HIST 102 290
HIST 103 315
HIST 104 286
HIST 105 465
HIST 106 572
HIST 107 307
HIST 108 261
HIST 109 453
HIST 110 334
HIST 111 280
HIST 112 295
HIST 113 306
HIST 114 301
HIST 115 311
HIST 116 294
HIST 117 296
HIST 118 306
HIST 119 270
HIST 120 301
HIST 121 305
HIST 122 273
HIST 123 297
HIST 124 287
HIST 125 303
HIST 126 346
HIST 127 306
HIST 128 322
HIST 129 323
HIST 130 299
HIST 131 262
HIST 132 317
HIST 133 303
HIST 134 303
HIST 135 281
HIST 136 325
HIST 137 289
HIST 138 297
HIST 139 358
HIST 140 329
HIST 141 325
HIST 142 336
HIST 143 301
HIST 144 324
HIST 145 328
HIST 146 338
HIST 147 317
HIST 148 331
HIST 149 346
HIST 150 289
HIST 151 326
HIST 152 331
HIST 153 341
HIST 154 331
HIST 155 330
HIST 156 334
HIST 157 292
HIST 158 324
HIST 159 328
HIST 160 302
HIST 161 344
HIST 162 349
HIST 163 342
HIST 164 355
HIST 165 293
HIST 166 320
HIST 167 295
HIST 168 301
HIST 169 311
HIST 170 321
HIST 171 343
HIST 172 343
HIST 173 328
HIST 174 318
HIST 175 306
HIST 176 338
HIST 177 337
HIST 178 341
HIST 179 320
HIST 180 334
HIST 181 337
HIST 182 347
HIST 183 274
HIST 184 336
HIST 185 362
HIST 186 335
HIST 187 341
HIST 188 355
HIST 189 348
HIST 190 322
HIST 191 319
HIST 192 327
HIST 193 299
HIST 194 357
HIST 195 324
HIST 196 361
HIST 197 348
HIST 198 325
HIST 199 352
HIST 200 333
HIST 201 304
HIST 202 354
HIST 203 325
HIST 204 308
HIST 205 334
HIST 206 331
HIST 207 369
HIST 208 330
HIST 209 397
HIST 210 357
HIST 211 359
HIST 212 362
HIST 213 347
HIST 214 320
HIST 215 335
HIST 216 339
HIST 217 325
HIST 218 301
HIST 219 346
HIST 220 330
HIST 221 301
HIST 222 305
HIST 223 323
HIST 224 315
HIST 225 322
HIST 226 305
HIST 227 334
HIST 228 350
HIST 229 339
HIST 230 356
HIST 231 343
HIST 232 351
HIST 233 386
HIST 234 406
HIST 235 375
HIST 236 398
HIST 237 353
HIST 238 379
HIST 239 1061
HIST 240 365
HIST 241 426
HIST 242 387
HIST 243 391
HIST 244 412
HIST 245 410
HIST 246 377
HIST 247 376
HIST 248 403
HIST 249 406
HIST 250 367
HIST 251 383
HIST 252 380
HIST 253 365
HIST 254 393
HIST 255 401
HIST 256 358
HIST 257 399
HIST 258 358
HIST 259 389
HIST 260 391
HIST 261 361
HIST 262 408
HIST 263 405
HIST 264 419
HIST 265 420
HIST 266 406
HIST 267 369
HIST 268 402
HIST 269 387
HIST 270 429
HIST 271 376
HIST 272 428
HIST 273 394
HIST 274 391
HIST 275 396
HIST 276 375
HIST 277 427
HIST 278 395
HIST 279 390
HIST 280 402
HIST 281 392
HIST 282 402
HIST 283 395
HIST 284 426
HIST 285 377
HIST 286 382
HIST 287 379
HIST 288 371
HIST 289 364
HIST 290 376
HIST 291 366
HIST 292 413
HIST 293 401
HIST 294 415
HIST 295 405
HIST 296 370
HIST 297 378
HIST 298 387
HIST 299 410
HIST 300 400
HIST 301 379
HIST 302 349
HIST 303 424
HIST 304 361
HIST 305 385
HIST 306 419
HIST 307 393
HIST 308 351
HIST 309 346
HIST 310 383
HIST 311 362
HIST 312 384
HIST 313 381
HIST 314 375
HIST 315 378
HIST 316 375
HIST 317 363
HIST 318 382
HIST 319 338
HIST 320 375
HIST 321 394
HIST 322 344
HIST 323 341
HIST 324 370
HIST 325 372
HIST 326 354
HIST 327 342
HIST 328 415
HIST 329 381
HIST 330 379
HIST 331 351
HIST 332 386
HIST 333 339
HIST 334 399
HIST 335 378
HIST 336 355
HIST 337 335
HIST 338 519
HIST 339 355
HIST 340 356
HIST 341 359
HIST 342 326
HIST 343 322
HIST 344 293
HIST 345 336
HIST 346 332
HIST 347 332
HIST 348 319
HIST 349 313
HIST 350 321
HIST 351 315
HIST 352 323
HIST 353 328
HIST 354 304
HIST 355 354
HIST 356 364
HIST 357 325
HIST 358 330
HIST 359 312
HIST 360 322
HIST 361 293
HIST 362 305
HIST 363 325
HIST 364 294
HIST 365 301
HIST 366 319
HIST 367 318
HIST 368 314
HIST 369 299
HIST 370 299
HIST 371 310
HIST 372 325
HIST 373 302
HIST 374 312
HIST 375 295
HIST 376 288
HIST 377 306
HIST 378 339
HIST 379 296
HIST 380 311
HIST 381 304
HIST 382 306
HIST 383 302
HIST 384 287
HIST 385 273
HIST 386 338
HIST 387 311
HIST 388 286
HIST 389 284
HIST 390 286
HIST 391 283
HIST 392 311
HIST 393 286
HIST 394 313
HIST 395 299
HIST 396 302
HIST 397 274
HIST 398 287
HIST 399 266
HIST 400 278
HIST 401 289
HIST 402 310
HIST 403 336
HIST 404 274
HIST 405 292
HIST 406 307
HIST 407 273
HIST 408 292
HIST 409 277
HIST 410 280
HIST 411 261
HIST 412 282
HIST 413 262
HIST 414 272
HIST 415 281
HIST 416 251
HIST 417 280
HIST 418 274
HIST 419 261
HIST 420 279
HIST 421 247
HIST 422 258
HIST 423 290
HIST 424 255
HIST 425 298
HIST 426 282
HIST 427 277
HIST 428 251
HIST 429 270
HIST 430 267
HIST 431 260
HIST 432 281
HIST 433 245
HIST 434 265
HIST 435 242
HIST 436 229
HIST 437 274
HIST 438 256
HIST 439 247
HIST 440 241
HIST 441 240
HIST 442 247
HIST 443 262
HIST 444 247
HIST 445 268
HIST 446 294
HIST 447 237
HIST 448 286
HIST 449 255
HIST 450 240
HIST 451 259
HIST 452 246
HIST 453 229
HIST 454 276
HIST 455 228
HIST 456 237
HIST 457 248
HIST 458 242
HIST 459 227
HIST 460 228
HIST 461 232
HIST 462 254
HIST 463 291
HIST 464 233
HIST 465 229
HIST 466 201
HIST 467 250
HIST 468 243
HIST 469 233
HIST 470 211
HIST 471 269
HIST 472 220
HIST 473 276
HIST 474 233
HIST 475 231
HIST 476 244
HIST 477 229
HIST 478 258
HIST 479 213
HIST 480 243
HIST 481 236
HIST 482 242
HIST 483 250
HIST 484 241
HIST 485 235
HIST 486 241
HIST 487 256
HIST 488 251
HIST 489 216
HIST 490 239
HIST 491 246
HIST 492 251
HIST 493 241
HIST 494 246
HIST 495 206
HIST 496 222
HIST 497 241
HIST 498 227
HIST 499 239
HIST 500 243
HIST 501 226
HIST 502 204
HIST 503 211
HIST 504 222
HIST 505 220
HIST 506 212
HIST 507 198
HIST 508 201
HIST 509 216
HIST 510 212
HIST 511 12265
HIST 512 207
HIST 513 228
HIST 514 194
HIST 515 215
HIST 516 210
HIST 517 195
HIST 518 206
HIST 519 206
HIST 520 192
HIST 521 196
HIST 522 230
HIST 523 189
HIST 524 178
HIST 525 204
HIST 526 206
HIST 527 226
HIST 528 237
HIST 529 209
HIST 530 215
HIST 531 212
HIST 532 220
HIST 533 205
HIST 534 205
HIST 535 203
HIST 536 198
HIST 537 182
HIST 538 217
HIST 539 231
HIST 540 199
HIST 541 223
HIST 542 217
HIST 543 211
HIST 544 211
HIST 545 229
HIST 546 187
HIST 547 197
HIST 548 212
HIST 549 202
HIST 550 204
HIST 551 211
HIST 552 219
HIST 553 174
HIST 554 187
HIST 555 198
HIST 556 193
HIST 557 203
HIST 558 198
HIST 559 205
HIST 560 209
HIST 561 212
HIST 562 188
HIST 563 199
HIST 564 182
HIST 565 180
HIST 566 209
HIST 567 178
HIST 568 197
HIST 569 174
HIST 570 185
HIST 571 200
HIST 572 183
HIST 573 198
HIST 574 202
HIST 575 189
HIST 576 204
HIST 577 205
HIST 578 198
HIST 579 210
HIST 580 192
HIST 581 198
HIST 582 215
HIST 583 443
HIST 584 183
HIST 585 185
HIST 586 201
HIST 587 183
HIST 588 177
HIST 589 188
HIST 590 191
HIST 591 196
HIST 592 192
HIST 593 193
HIST 594 176
HIST 595 187
HIST 596 200
HIST 597 169
HIST 598 207
HIST 599 191
HIST 600 188
HIST 601 208
HIST 602 203
HIST 603 179
HIST 604 172
HIST 605 208
HIST 606 194
HIST 607 200
HIST 608 176
HIST 609 150
HIST 610 196
HIST 611 179
HIST 612 186
HIST 613 185
HIST 614 194
HIST 615 175
HIST 616 180
HIST 617 165
HIST 618 157
HIST 619 166
HIST 620 178
HIST 621 206
HIST 622 185
HIST 623 188
HIST 624 193
HIST 625 217
HIST 626 183
HIST 627 205
HIST 628 169
HIST 629 200
HIST 630 166
HIST 631 171
HIST 632 176
HIST 633 169
HIST 634 168
HIST 635 170
HIST 636 220
HIST 637 169
HIST 638 157
HIST 639 182
HIST 640 194
HIST 641 190
HIST 642 188
HIST 643 184
HIST 644 161
HIST 645 174
HIST 646 185
HIST 647 178
HIST 648 155
HIST 649 183
HIST 650 170
HIST 651 190
HIST 652 180
HIST 653 177
HIST 654 169
HIST 655 197
HIST 656 166
HIST 657 172
HIST 658 200
HIST 659 189
HIST 660 173
HIST 661 156
HIST 662 179
HIST 663 178
HIST 664 179
HIST 665 154
HIST 666 170
HIST 667 180
HIST 668 157
HIST 669 189
HIST 670 186
HIST 671 175
HIST 672 162
HIST 673 183
HIST 674 168
HIST 675 179
HIST 676 184
HIST 677 199
HIST 678 194
HIST 679 168
HIST 680 183
HIST 681 181
HIST 682 174
HIST 683 171
HIST 684 154
HIST 685 175
HIST 686 180
HIST 687 167
HIST 688 162
HIST 689 171
HIST 690 163
HIST 691 164
HIST 692 165
HIST 693 185
HIST 694 171
HIST 695 170
HIST 696 152
HIST 697 158
HIST 698 172
HIST 699 196
HIST 700 176
HIST 701 153
HIST 702 149
HIST 703 195
HIST 704 145
HIST 705 152
HIST 706 164
HIST 707 157
HIST 708 153
HIST 709 171
HIST 710 178
HIST 711 187
HIST 712 158
HIST 713 175
HIST 714 163
HIST 715 166
HIST 716 197
HIST 717 185
HIST 718 154
HIST 719 147
HIST 720 171
HIST 721 203
HIST 722 166
HIST 723 169
HIST 724 185
HIST 725 167
HIST 726 171
HIST 727 201
HIST 728 147
HIST 729 169
HIST 730 161
HIST 731 173
HIST 732 148
HIST 733 163
HIST 734 181
HIST 735 175
HIST 736 185
HIST 737 161
HIST 738 174
HIST 739 174
HIST 740 166
HIST 741 192
HIST 742 173
HIST 743 153
HIST 744 178
HIST 745 156
HIST 746 178
HIST 747 169
HIST 748 185
HIST 749 162
HIST 750 232
HIST 751 153
HIST 752 167
HIST 753 171
HIST 754 161
HIST 755 157
HIST 756 189
HIST 757 145
HIST 758 140
HIST 759 165
HIST 760 170
HIST 761 162
HIST 762 154
HIST 763 174
HIST 764 152
HIST 765 161
HIST 766 171
HIST 767 163
HIST 768 152
HIST 769 173
HIST 770 167
HIST 771 168
HIST 772 174
HIST 773 152
HIST 774 152
HIST 775 147
HIST 776 140
HIST 777 162
HIST 778 149
HIST 779 174
HIST 780 173
HIST 781 181
HIST 782 153
HIST 783 169
HIST 784 168
HIST 785 149
HIST 786 158
HIST 787 168
HIST 788 177
HIST 789 157
HIST 790 159
HIST 791 136
HIST 792 162
HIST 793 135
HIST 794 137
HIST 795 183
HIST 796 148
HIST 797 142
HIST 798 169
HIST 799 160
HIST 800 140
HIST 801 143
HIST 802 151
HIST 803 161
HIST 804 160
HIST 805 153
HIST 806 169
HIST 807 173
HIST 808 177
HIST 809 189
HIST 810 169
HIST 811 166
HIST 812 167
HIST 813 174
HIST 814 159
HIST 815 156
HIST 816 146
HIST 817 151
HIST 818 173
HIST 819 179
HIST 820 146
HIST 821 164
HIST 822 180
HIST 823 157
HIST 824 169
HIST 825 157
HIST 826 141
HIST 827 172
HIST 828 127
HIST 829 152
HIST 830 171
HIST 831 155
HIST 832 173
HIST 833 156
HIST 834 160
HIST 835 154
HIST 836 182
HIST 837 186
HIST 838 155
HIST 839 175
HIST 840 150
HIST 841 141
HIST 842 147
HIST 843 143
HIST 844 151
HIST 845 146
HIST 846 130
HIST 847 149
HIST 848 167
HIST 849 180
HIST 850 152
HIST 851 157
HIST 852 169
HIST 853 148
HIST 854 145
HIST 855 143
HIST 856 141
HIST 857 144
HIST 858 154
HIST 859 129
HIST 860 164
HIST 861 181
HIST 862 155
HIST 863 122
HIST 864 157
HIST 865 152
HIST 866 153
HIST 867 143
HIST 868 160
HIST 869 144
HIST 870 146
HIST 871 150
HIST 872 161
HIST 873 162
HIST 874 159
HIST 875 156
HIST 876 141
HIST 877 140
HIST 878 151
HIST 879 138
HIST 880 151
HIST 881 156
HIST 882 175
HIST 883 146
HIST 884 132
HIST 885 150
HIST 886 150
HIST 887 159
HIST 888 147
HIST 889 137
HIST 890 159
HIST 891 152
HIST 892 140
HIST 893 147
HIST 894 160
HIST 895 136
HIST 896 142
HIST 897 143
HIST 898 144
HIST 899 145
HIST 900 160
HIST 901 154
HIST 902 137
HIST 903 151
HIST 904 160
HIST 905 166
HIST 906 172
HIST 907 166
HIST 908 149
HIST 909 157
HIST 910 156
HIST 911 331
HIST 912 152
HIST 913 146
HIST 914 174
HIST 915 152
HIST 916 148
HIST 917 129
HIST 918 136
HIST 919 154
HIST 920 157
HIST 921 163
HIST 922 177
HIST 923 156
HIST 924 143
HIST 925 154
HIST 926 163
HIST 927 144
HIST 928 151
HIST 929 152
HIST 930 133
HIST 931 143
HIST 932 144
HIST 933 151
HIST 934 164
HIST 935 153
HIST 936 147
HIST 937 135
HIST 938 149
HIST 939 149
HIST 940 140
HIST 941 151
HIST 942 145
HIST 943 135
HIST 944 147
HIST 945 150
HIST 946 146
HIST 947 143
HIST 948 174
HIST 949 145
HIST 950 160
HIST 951 153
HIST 952 146
HIST 953 165
HIST 954 150
HIST 955 151
HIST 956 165
HIST 957 132
HIST 958 161
HIST 959 171
HIST 960 159
HIST 961 135
HIST 962 142
HIST 963 129
HIST 964 144
HIST 965 169
HIST 966 179
HIST 967 148
HIST 968 152
HIST 969 268
HIST 970 140
HIST 971 150
HIST 972 151
HIST 973 165
HIST 974 152
HIST 975 152
HIST 976 157
HIST 977 163
HIST 978 153
HIST 979 151
HIST 980 184
HIST 981 143
HIST 982 136
HIST 983 135
HIST 984 168
HIST 985 130
HIST 986 156
HIST 987 153
HIST 988 151
HIST 989 132
HIST 990 154
HIST 991 149
HIST 992 134
HIST 993 143
HIST 994 170
HIST 995 147
HIST 996 157
HIST 997 134
HIST 998 143
HIST 999 131
HIST 1000 148
HIST 1001 148
HIST 1002 136
HIST 1003 121
HIST 1004 138
HIST 1005 133
HIST 1006 159
HIST 1007 153
HIST 1008 148
HIST 1009 142
HIST 1010 129
HIST 1011 126
HIST 1012 159
HIST 1013 148
HIST 1014 170
HIST 1015 148
HIST 1016 147
HIST 1017 156
HIST 1018 155
HIST 1019 158
HIST 1020 147
HIST 1021 131
HIST 1022 192
HIST 1023 156
HIST 1024 140
HIST 1025 166
HIST 1026 145
HIST 1027 142
HIST 1028 142
HIST 1029 139
HIST 1030 163
HIST 1031 117
HIST 1032 141
HIST 1033 150
HIST 1034 135
HIST 1035 163
HIST 1036 137
HIST 1037 131
HIST 1038 150
HIST 1039 155
HIST 1040 145
HIST 1041 139
HIST 1042 167
HIST 1043 142
HIST 1044 151
HIST 1045 153
HIST 1046 142
HIST 1047 160
HIST 1048 129
HIST 1049 133
HIST 1050 140
HIST 1051 140
HIST 1052 119
HIST 1053 147
HIST 1054 154
HIST 1055 161
HIST 1056 134
HIST 1057 153
HIST 1058 162
HIST 1059 145
HIST 1060 131
HIST 1061 144
HIST 1062 144
HIST 1063 147
HIST 1064 141
HIST 1065 131
HIST 1066 134
HIST 1067 141
HIST 1068 140
HIST 1069 174
HIST 1070 148
HIST 1071 140
HIST 1072 157
HIST 1073 142
HIST 1074 157
HIST 1075 128
HIST 1076 139
HIST 1077 144
HIST 1078 167
HIST 1079 151
HIST 1080 126
HIST 1081 140
HIST 1082 145
HIST 1083 123
HIST 1084 129
HIST 1085 175
HIST 1086 148
HIST 1087 139
HIST 1088 135
HIST 1089 150
HIST 1090 165
HIST 1091 150
HIST 1092 152
HIST 1093 149
HIST 1094 174
HIST 1095 143
HIST 1096 144
HIST 1097 143
HIST 1098 135
HIST 1099 132
HIST 1100 155
HIST 1101 141
HIST 1102 146
HIST 1103 148
HIST 1104 134
HIST 1105 160
HIST 1106 155
HIST 1107 129
HIST 1108 130
HIST 1109 140
HIST 1110 133
HIST 1111 151
HIST 1112 144
HIST 1113 134
HIST 1114 144
HIST 1115 137
HIST 1116 140
HIST 1117 140
HIST 1118 148
HIST 1119 122
HIST 1120 136
HIST 1121 144
HIST 1122 131
HIST 1123 128
HIST 1124 164
HIST 1125 137
HIST 1126 140
HIST 1127 133
HIST 1128 135
HIST 1129 159
HIST 1130 141
HIST 1131 150
HIST 1132 127
HIST 1133 129
HIST 1134 138
HIST 1135 136
HIST 1136 139
HIST 1137 139
HIST 1138 154
HIST 1139 138
HIST 1140 138
HIST 1141 125
HIST 1142 143
HIST 1143 139
HIST 1144 152
HIST 1145 133
HIST 1146 133
HIST 1147 154
HIST 1148 155
HIST 1149 149
HIST 1150 152
HIST 1151 145
HIST 1152 143
HIST 1153 151
HIST 1154 136
HIST 1155 158
HIST 1156 167
HIST 1157 146
HIST 1158 168
HIST 1159 143
HIST 1160 154
HIST 1161 127
HIST 1162 147
HIST 1163 139
HIST 1164 133
HIST 1165 153
HIST 1166 144
HIST 1167 156
HIST 1168 121
HIST 1169 135
HIST 1170 152
HIST 1171 135
HIST 1172 151
HIST 1173 161
HIST 1174 142
HIST 1175 130
HIST 1176 161
HIST 1177 149
HIST 1178 133
HIST 1179 157
HIST 1180 133
HIST 1181 157
HIST 1182 136
HIST 1183 167
HIST 1184 135
HIST 1185 147
HIST 1186 163
HIST 1187 143
HIST 1188 141
HIST 1189 145
HIST 1190 127
HIST 1191 146
HIST 1192 136
HIST 1193 150
HIST 1194 148
HIST 1195 147
HIST 1196 132
HIST 1197 148
HIST 1198 131
HIST 1199 126
HIST 1200 164
HIST 1201 150
HIST 1202 138
HIST 1203 164
HIST 1204 144
HIST 1205 152
HIST 1206 145
HIST 1207 172
HIST 1208 140
HIST 1209 160
HIST 1210 139
HIST 1211 135
HIST 1212 132
HIST 1213 151
HIST 1214 133
HIST 1215 148
HIST 1216 152
HIST 1217 150
HIST 1218 152
HIST 1219 140
HIST 1220 138
HIST 1221 150
HIST 1222 151
HIST 1223 135
HIST 1224 157
HIST 1225 166
HIST 1226 146
HIST 1227 152
HIST 1228 155
HIST 1229 146
HIST 1230 120
HIST 1231 138
HIST 1232 129
HIST 1233 142
HIST 1234 144
HIST 1235 135
HIST 1236 148
HIST 1237 136
HIST 1238 140
HIST 1239 144
HIST 1240 141
HIST 1241 142
HIST 1242 146
HIST 1243 153
HIST 1244 144
HIST 1245 144
HIST 1246 158
HIST 1247 157
HIST 1248 129
HIST 1249 147
HIST 1250 151
HIST 1251 143
HIST 1252 137
HIST 1253 134
HIST 1254 149
HIST 1255 151
HIST 1256 146
HIST 1257 155
HIST 1258 149
HIST 1259 156
HIST 1260 159
HIST 1261 163
HIST 1262 133
HIST 1263 132
HIST 1264 133
HIST 1265 124
HIST 1266 154
HIST 1267 140
HIST 1268 141
HIST 1269 140
HIST 1270 135
HIST 1271 143
HIST 1272 138
HIST 1273 150
HIST 1274 169
HIST 1275 147
HIST 1276 152
HIST 1277 132
HIST 1278 142
HIST 1279 125
HIST 1280 134
HIST 1281 127
HIST 1282 138
HIST 1283 163
HIST 1284 123
HIST 1285 136
HIST 1286 132
HIST 1287 142
HIST 1288 133
HIST 1289 167
HIST 1290 158
HIST 1291 139
HIST 1292 146
HIST 1293 138
HIST 1294 154
HIST 1295 154
HIST 1296 147
HIST 1297 133
HIST 1298 135
HIST 1299 177
HIST 1300 132
HIST 1301 156
HIST 1302 132
HIST 1303 142
HIST 1304 157
HIST 1305 152
HIST 1306 159
HIST 1307 147
HIST 1308 153
HIST 1309 129
HIST 1310 156
HIST 1311 146
HIST 1312 139
HIST 1313 122
HIST 1314 146
HIST 1315 148
HIST 1316 153
HIST 1317 158
HIST 1318 143
HIST 1319 148
HIST 1320 147
HIST 1321 156
HIST 1322 129
HIST 1323 138
HIST 1324 159
HIST 1325 117
HIST 1326 146
HIST 1327 156
HIST 1328 141
HIST 1329 110
HIST 1330 128
HIST 1331 153
HIST 1332 121
HIST 1333 141
HIST 1334 139
HIST 1335 130
HIST 1336 153
HIST 1337 161
HIST 1338 146
HIST 1339 139
HIST 1340 128
HIST 1341 154
HIST 1342 132
HIST 1343 135
HIST 1344 147
HIST 1345 136
HIST 1346 150
HIST 1347 158
HIST 1348 144
HIST 1349 151
HIST 1350 143
HIST 1351 123
HIST 1352 135
HIST 1353 159
HIST 1354 137
HIST 1355 124
HIST 1356 153
HIST 1357 143
HIST 1358 158
HIST 1359 155
HIST 1360 142
HIST 1361 131
HIST 1362 129
HIST 1363 146
HIST 1364 138
HIST 1365 131
HIST 1366 146
HIST 1367 152
HIST 1368 151
HIST 1369 133
HIST 1370 147
HIST 1371 137
HIST 1372 153
HIST 1373 156
HIST 1374 163
HIST 1375 160
HIST 1376 131
HIST 1377 137
HIST 1378 140
HIST 1379 141
HIST 1380 139
HIST 1381 152
HIST 1382 132
HIST 1383 149
HIST 1384 133
HIST 1385 156
HIST 1386 146
HIST 1387 140
HIST 1388 141
HIST 1389 137
HIST 1390 133
HIST 1391 133
HIST 1392 121
HIST 1393 155
HIST 1394 156
HIST 1395 146
HIST 1396 158
HIST 1397 156
HIST 1398 146
HIST 1399 165
HIST 1400 170
HIST 1401 143
HIST 1402 127
HIST 1403 147
HIST 1404 165
HIST 1405 135
HIST 1406 154
HIST 1407 153
HIST 1408 153
HIST 1409 159
HIST 1410 151
HIST 1411 141
HIST 1412 125
HIST 1413 139
HIST 1414 129
HIST 1415 164
HIST 1416 150
HIST 1417 144
HIST 1418 139
HIST 1419 145
HIST 1420 187
HIST 1421 124
HIST 1422 168
HIST 1423 184
HIST 1424 138
HIST 1425 148
HIST 1426 146
HIST 1427 135
HIST 1428 140
HIST 1429 136
HIST 1430 132
HIST 1431 134
HIST 1432 138
HIST 1433 147
HIST 1434 147
HIST 1435 153
HIST 1436 126
HIST 1437 152
HIST 1438 128
HIST 1439 141
HIST 1440 137
HIST 1441 125
HIST 1442 160
HIST 1443 148
HIST 1444 152
HIST 1445 140
HIST 1446 165
HIST 1447 147
HIST 1448 156
HIST 1449 146
HIST 1450 144
HIST 1451 153
HIST 1452 143
HIST 1453 127
HIST 1454 155
HIST 1455 146
HIST 1456 141
HIST 1457 149
HIST 1458 156
HIST 1459 124
HIST 1460 156
HIST 1461 141
HIST 1462 135
HIST 1463 151
HIST 1464 142
HIST 1465 142
HIST 1466 166
HIST 1467 118
HIST 1468 160
HIST 1469 142
HIST 1470 145
HIST 1471 158
HIST 1472 151
HIST 1473 156
HIST 1474 148
HIST 1475 152
HIST 1476 161
HIST 1477 134
HIST 1478 135
HIST 1479 149
HIST 1480 158
HIST 1481 146
HIST 1482 140
HIST 1483 142
HIST 1484 149
HIST 1485 140
HIST 1486 159
HIST 1487 146
HIST 1488 138
HIST 1489 137
HIST 1490 135
HIST 1491 128
HIST 1492 134
HIST 1493 151
HIST 1494 141
HIST 1495 150
HIST 1496 176
HIST 1497 137
HIST 1498 153
HIST 1499 170
HIST 1500 156
HIST 1501 144
HIST 1502 150
HIST 1503 137
HIST 1504 150
HIST 1505 155
HIST 1506 152
HIST 1507 141
HIST 1508 140
HIST 1509 167
HIST 1510 156
HIST 1511 161
HIST 1512 139
HIST 1513 144
HIST 1514 157
HIST 1515 150
HIST 1516 161
HIST 1517 170
HIST 1518 155
HIST 1519 152
HIST 1520 146
HIST 1521 144
HIST 1522 140
HIST 1523 135
HIST 1524 153
HIST 1525 140
HIST 1526 153
HIST 1527 165
HIST 1528 168
HIST 1529 148
HIST 1530 155
HIST 1531 157
HIST 1532 146
HIST 1533 158
HIST 1534 142
HIST 1535 162
HIST 1536 163
HIST 1537 163
HIST 1538 156
HIST 1539 157
HIST 1540 141
HIST 1541 153
HIST 1542 171
HIST 1543 155
HIST 1544 162
HIST 1545 137
HIST 1546 157
HIST 1547 149
HIST 1548 132
HIST 1549 140
HIST 1550 153
HIST 1551 158
HIST 1552 161
HIST 1553 160
HIST 1554 150
HIST 1555 139
HIST 1556 154
HIST 1557 159
HIST 1558 159
HIST 1559 146
HIST 1560 165
HIST 1561 143
HIST 1562 159
HIST 1563 161
HIST 1564 155
HIST 1565 137
HIST 1566 159
HIST 1567 127
HIST 1568 144
HIST 1569 140
HIST 1570 156
HIST 1571 153
HIST 1572 143
HIST 1573 143
HIST 1574 146
HIST 1575 165
HIST 1576 160
HIST 1577 145
HIST 1578 153
HIST 1579 155
HIST 1580 143
HIST 1581 143
HIST 1582 152
HIST 1583 170
HIST 1584 146
HIST 1585 151
HIST 1586 157
HIST 1587 146
HIST 1588 170
HIST 1589 133
HIST 1590 182
HIST 1591 169
HIST 1592 149
HIST 1593 9551
HIST 1594 173
HIST 1595 191
HIST 1596 200
HIST 1597 163
HIST 1598 200
HIST 1599 205
HIST 1600 198
HIST 1601 164
HIST 1602 186
HIST 1603 190
HIST 1604 192
HIST 1605 183
HIST 1606 198
HIST 1607 187
HIST 1608 205
HIST 1609 172
HIST 1610 214
HIST 1611 221
HIST 1612 185
HIST 1613 195
HIST 1614 190
HIST 1615 187
HIST 1616 212
HIST 1617 176
HIST 1618 191
HIST 1619 173
HIST 1620 190
HIST 1621 198
HIST 1622 204
HIST 1623 199
HIST 1624 195
HIST 1625 210
HIST 1626 192
HIST 1627 197
HIST 1628 199
HIST 1629 189
HIST 1630 198
HIST 1631 209
HIST 1632 183
HIST 1633 206
HIST 1634 220
HIST 1635 173
HIST 1636 213
HIST 1637 200
HIST 1638 214
HIST 1639 216
HIST 1640 204
HIST 1641 184
HIST 1642 214
HIST 1643 183
HIST 1644 196
HIST 1645 198
HIST 1646 200
HIST 1647 188
HIST 1648 199
HIST 1649 205
HIST 1650 185
HIST 1651 197
HIST 1652 216
HIST 1653 214
HIST 1654 186
HIST 1655 174
HIST 1656 185
HIST 1657 196
HIST 1658 230
HIST 1659 186
HIST 1660 186
HIST 1661 192
HIST 1662 212
HIST 1663 163
HIST 1664 185
HIST 1665 194
HIST 1666 208
HIST 1667 184
HIST 1668 207
HIST 1669 235
HIST 1670 190
HIST 1671 197
HIST 1672 204
HIST 1673 208
HIST 1674 194
HIST 1675 186
HIST 1676 206
HIST 1677 194
HIST 1678 209
HIST 1679 227
HIST 1680 207
HIST 1681 202
HIST 1682 201
HIST 1683 208
HIST 1684 192
HIST 1685 206
HIST 1686 200
HIST 1687 203
HIST 1688 172
HIST 1689 219
HIST 1690 162
HIST 1691 195
HIST 1692 205
HIST 1693 188
HIST 1694 205
HIST 1695 212
HIST 1696 204
HIST 1697 211
HIST 1698 199
HIST 1699 203
HIST 1700 177
HIST 1701 235
HIST 1702 175
HIST 1703 205
HIST 1704 207
HIST 1705 180
HIST 1706 183
HIST 1707 196
HIST 1708 184
HIST 1709 195
HIST 1710 215
HIST 1711 210
HIST 1712 219
HIST 1713 186
HIST 1714 222
HIST 1715 203
HIST 1716 198
HIST 1717 187
HIST 1718 226
HIST 1719 209
HIST 1720 194
HIST 1721 211
HIST 1722 191
HIST 1723 179
HIST 1724 181
HIST 1725 186
HIST 1726 200
HIST 1727 187
HIST 1728 207
HIST 1729 194
HIST 1730 191
HIST 1731 216
HIST 1732 183
HIST 1733 207
HIST 1734 196
HIST 1735 195
HIST 1736 174
HIST 1737 204
HIST 1738 192
HIST 1739 197
HIST 1740 184
HIST 1741 211
HIST 1742 204
HIST 1743 220
HIST 1744 220
HIST 1745 203
HIST 1746 198
HIST 1747 202
HIST 1748 218
HIST 1749 206
HIST 1750 173
HIST 1751 211
HIST 1752 172
HIST 1753 186
HIST 1754 208
HIST 1755 178
HIST 1756 196
HIST 1757 208
HIST 1758 205
HIST 1759 200
HIST 1760 187
HIST 1761 206
HIST 1762 199
HIST 1763 215
HIST 1764 199
HIST 1765 209
HIST 1766 201
HIST 1767 215
HIST 1768 207
HIST 1769 182
HIST 1770 198
HIST 1771 207
HIST 1772 216
HIST 1773 218
HIST 1774 205
HIST 1775 218
HIST 1776 197
HIST 1777 205
HIST 1778 207
HIST 1779 221
HIST 1780 211
HIST 1781 218
HIST 1782 231
HIST 1783 237
HIST 1784 204
HIST 1785 220
HIST 1786 207
HIST 1787 229
HIST 1788 229
HIST 1789 198
HIST 1790 208
HIST 1791 214
HIST 1792 193
HIST 1793 196
HIST 1794 201
HIST 1795 242
HIST 1796 207
HIST 1797 212
HIST 1798 202
HIST 1799 183
HIST 1800 201
HIST 1801 222
HIST 1802 203
HIST 1803 211
HIST 1804 232
HIST 1805 246
HIST 1806 211
HIST 1807 200
HIST 1808 190
HIST 1809 220
HIST 1810 211
HIST 1811 179
HIST 1812 215
HIST 1813 200
HIST 1814 195
HIST 1815 233
HIST 1816 207
HIST 1817 203
HIST 1818 222
HIST 1819 201
HIST 1820 202
HIST 1821 222
HIST 1822 189
HIST 1823 191
HIST 1824 181
HIST 1825 213
HIST 1826 203
HIST 1827 229
HIST 1828 225
HIST 1829 235
HIST 1830 212
HIST 1831 210
HIST 1832 221
HIST 1833 221
HIST 1834 199
HIST 1835 238
HIST 1836 228
HIST 1837 216
HIST 1838 229
HIST 1839 209
HIST 1840 210
HIST 1841 209
HIST 1842 220
HIST 1843 210
HIST 1844 195
HIST 1845 225
HIST 1846 215
HIST 1847 221
HIST 1848 207
HIST 1849 190
HIST 1850 193
HIST 1851 240
HIST 1852 229
HIST 1853 205
HIST 1854 186
HIST 1855 202
HIST 1856 195
HIST 1857 230
HIST 1858 208
HIST 1859 207
HIST 1860 195
HIST 1861 195
HIST 1862 195
HIST 1863 212
HIST 1864 210
HIST 1865 243
HIST 1866 218
HIST 1867 219
HIST 1868 212
HIST 1869 204
HIST 1870 227
HIST 1871 229
HIST 1872 193
HIST 1873 214
HIST 1874 253
HIST 1875 194
HIST 1876 208
HIST 1877 200
HIST 1878 217
HIST 1879 211
HIST 1880 233
HIST 1881 218
HIST 1882 222
HIST 1883 201
HIST 1884 211
HIST 1885 216
HIST 1886 214
HIST 1887 207
HIST 1888 207
HIST 1889 205
HIST 1890 183
HIST 1891 195
HIST 1892 198
HIST 1893 214
HIST 1894 244
HIST 1895 203
HIST 1896 203
HIST 1897 194
HIST 1898 220
HIST 1899 213
HIST 1900 227
HIST 1901 198
HIST 1902 237
HIST 1903 206
HIST 1904 211
HIST 1905 193
HIST 1906 213
HIST 1907 217
HIST 1908 173
HIST 1909 189
HIST 1910 206
HIST 1911 204
HIST 1912 201
HIST 1913 211
HIST 1914 187
HIST 1915 208
HIST 1916 224
HIST 1917 212
HIST 1918 215
HIST 1919 218
HIST 1920 206
HIST 1921 204
HIST 1922 220
HIST 1923 194
HIST 1924 205
HIST 1925 203
HIST 1926 198
HIST 1927 214
HIST 1928 207
HIST 1929 188
HIST 1930 220
HIST 1931 189
HIST 1932 201
HIST 1933 205
HIST 1934 207
HIST 1935 198
HIST 1936 203
HIST 1937 204
HIST 1938 211
HIST 1939 178
HIST 1940 207
HIST 1941 190
HIST 1942 188
HIST 1943 206
HIST 1944 196
HIST 1945 163
HIST 1946 204
HIST 1947 229
HIST 1948 193
HIST 1949 177
HIST 1950 195
HIST 1951 193
HIST 1952 177
HIST 1953 224
HIST 1954 203
HIST 1955 178
HIST 1956 209
HIST 1957 196
HIST 1958 168
HIST 1959 196
HIST 1960 195
HIST 1961 198
HIST 1962 210
HIST 1963 199
HIST 1964 173
HIST 1965 198
HIST 1966 202
HIST 1967 191
HIST 1968 191
HIST 1969 196
HIST 1970 192
HIST 1971 220
HIST 1972 206
HIST 1973 196
HIST 1974 201
HIST 1975 181
HIST 1976 212
HIST 1977 186
HIST 1978 205
HIST 1979 193
HIST 1980 230
HIST 1981 217
HIST 1982 176
HIST 1983 184
HIST 1984 216
HIST 1985 201
HIST 1986 177
HIST 1987 177
HIST 1988 218
HIST 1989 229
HIST 1990 206
HIST 1991 200
HIST 1992 204
HIST 1993 196
HIST 1994 174
HIST 1995 226
HIST 1996 194
HIST 1997 217
HIST 1998 209
HIST 1999 204
HIST 2000 204
HIST 2001 210
HIST 2002 212
HIST 2003 185
HIST 2004 189
HIST 2005 204
HIST 2006 181
HIST 2007 208
HIST 2008 191
HIST 2009 206
HIST 2010 188
HIST 2011 197
HIST 2012 194
HIST 2013 210
HIST 2014 213
HIST 2015 207
HIST 2016 207
HIST 2017 189
HIST 2018 208
HIST 2019 203
HIST 2020 209
HIST 2021 216
HIST 2022 205
HIST 2023 197
HIST 2024 180
HIST 2025 208
HIST 2026 216
HIST 2027 213
HIST 2028 228
HIST 2029 188
HIST 2030 215
HIST 2031 183
HIST 2032 225
HIST 2033 210
HIST 2034 243
HIST 2035 200
HIST 2036 209
HIST 2037 203
HIST 2038 222
HIST 2039 225
HIST 2040 188
HIST 2041 220
HIST 2042 207
HIST 2043 196
HIST 2044 213
HIST 2045 179
HIST 2046 213
HIST 2047 212
HIST 2048 198
HIST 2049 192
HIST 2050 205
HIST 2051 223
HIST 2052 202
HIST 2053 209
HIST 2054 242
HIST 2055 197
HIST 2056 177
HIST 2057 201
HIST 2058 225
HIST 2059 208
HIST 2060 221
HIST 2061 210
HIST 2062 203
HIST 2063 232
HIST 2064 206
HIST 2065 212
HIST 2066 226
HIST 2067 195
HIST 2068 193
HIST 2069 204
HIST 2070 210
HIST 2071 224
HIST 2072 220
HIST 2073 194
HIST 2074 179
HIST 2075 283
HIST 2076 212
HIST 2077 227
HIST 2078 223
HIST 2079 244
HIST 2080 233
HIST 2081 211
HIST 2082 217
HIST 2083 212
HIST 2084 200
HIST 2085 237
HIST 2086 198
HIST 2087 198
HIST 2088 214
HIST 2089 216
HIST 2090 226
HIST 2091 213
HIST 2092 224
HIST 2093 204
HIST 2094 206
HIST 2095 212
HIST 2096 249
HIST 2097 212
HIST 2098 260
HIST 2099 224
HIST 2100 165
HIST 2101 233
HIST 2102 227
HIST 2103 222
HIST 2104 25038
HIST 2105 251
HIST 2106 267
HIST 2107 247
HIST 2108 245
HIST 2109 249
HIST 2110 286
HIST 2111 275
HIST 2112 267
HIST 2113 234
HIST 2114 263
HIST 2115 247
HIST 2116 244
HIST 2117 289
HIST 2118 261
HIST 2119 242
HIST 2120 259
HIST 2121 285
HIST 2122 265
HIST 2123 276
HIST 2124 268
HIST 2125 244
HIST 2126 265
HIST 2127 283
HIST 2128 258
HIST 2129 261
HIST 2130 260
HIST 2131 266
HIST 2132 286
HIST 2133 263
HIST 2134 270
HIST 2135 280
HIST 2136 300
HIST 2137 242
HIST 2138 283
HIST 2139 305
HIST 2140 275
HIST 2141 268
HIST 2142 269
HIST 2143 256
HIST 2144 263
HIST 2145 258
HIST 2146 277
HIST 2147 254
HIST 2148 268
HIST 2149 275
HIST 2150 287
HIST 2151 247
HIST 2152 238
HIST 2153 257
HIST 2154 232
HIST 2155 264
HIST 2156 277
HIST 2157 236
HIST 2158 279
HIST 2159 236
HIST 2160 290
HIST 2161 282
HIST 2162 259
HIST 2163 277
HIST 2164 274
HIST 2165 245
HIST 2166 272
HIST 2167 264
HIST 2168 269
HIST 2169 248
HIST 2170 254
HIST 2171 269
HIST 2172 296
HIST 2173 249
HIST 2174 262
HIST 2175 272
HIST 2176 285
HIST 2177 276
HIST 2178 264
HIST 2179 265
HIST 2180 273
HIST 2181 271
HIST 2182 238
HIST 2183 282
HIST 2184 264
HIST 2185 265
HIST 2186 278
HIST 2187 260
HIST 2188 253
HIST 2189 265
HIST 2190 281
HIST 2191 272
HIST 2192 266
HIST 2193 271
HIST 2194 270
HIST 2195 284
HIST 2196 284
HIST 2197 270
HIST 2198 270
HIST 2199 253
HIST 2200 265
HIST 2201 290
HIST 2202 289
HIST 2203 262
HIST 2204 284
HIST 2205 272
HIST 2206 282
HIST 2207 301
HIST 2208 265
HIST 2209 267
HIST 2210 282
HIST 2211 292
HIST 2212 244
HIST 2213 308
HIST 2214 259
HIST 2215 287
HIST 2216 282
HIST 2217 273
HIST 2218 278
HIST 2219 272
HIST 2220 300
HIST 2221 283
HIST 2222 298
HIST 2223 292
HIST 2224 277
HIST 2225 266
HIST 2226 299
HIST 2227 267
HIST 2228 274
HIST 2229 291
HIST 2230 321
HIST 2231 285
HIST 2232 326
HIST 2233 277
HIST 2234 268
HIST 2235 274
HIST 2236 271
HIST 2237 285
HIST 2238 282
HIST 2239 280
HIST 2240 269
HIST 2241 274
HIST 2242 291
HIST 2243 282
HIST 2244 304
HIST 2245 296
HIST 2246 287
HIST 2247 267
HIST 2248 296
HIST 2249 296
HIST 2250 287
HIST 2251 283
HIST 2252 276
HIST 2253 309
HIST 2254 300
HIST 2255 314
HIST 2256 327
HIST 2257 293
HIST 2258 285
HIST 2259 284
HIST 2260 319
HIST 2261 312
HIST 2262 282
HIST 2263 297
HIST 2264 273
HIST 2265 270
HIST 2266 281
HIST 2267 296
HIST 2268 275
HIST 2269 284
HIST 2270 271
HIST 2271 294
HIST 2272 295
HIST 2273 277
HIST 2274 295
HIST 2275 302
HIST 2276 304
HIST 2277 307
HIST 2278 300
HIST 2279 331
HIST 2280 293
HIST 2281 308
HIST 2282 275
HIST 2283 321
HIST 2284 310
HIST 2285 289
HIST 2286 295
HIST 2287 318
HIST 2288 327
HIST 2289 302
HIST 2290 331
HIST 2291 320
HIST 2292 325
HIST 2293 299
HIST 2294 322
HIST 2295 323
HIST 2296 293
HIST 2297 324
HIST 2298 317
HIST 2299 288
HIST 2300 261
HIST 2301 335
HIST 2302 285
HIST 2303 310
HIST 2304 331
HIST 2305 313
HIST 2306 317
HIST 2307 334
HIST 2308 293
HIST 2309 328
HIST 2310 304
HIST 2311 297
HIST 2312 278
HIST 2313 324
HIST 2314 338
HIST 2315 303
HIST 2316 283
HIST 2317 326
HIST 2318 311
HIST 2319 317
HIST 2320 318
HIST 2321 314
HIST 2322 340
HIST 2323 342
HIST 2324 306
HIST 2325 304
HIST 2326 327
HIST 2327 317
HIST 2328 312
HIST 2329 332
HIST 2330 276
HIST 2331 295
HIST 2332 340
HIST 2333 333
HIST 2334 318
HIST 2335 306
HIST 2336 327
HIST 2337 322
HIST 2338 339
HIST 2339 321
HIST 2340 285
HIST 2341 326
HIST 2342 315
HIST 2343 301
HIST 2344 327
HIST 2345 342
HIST 2346 353
HIST 2347 332
HIST 2348 347
HIST 2349 305
HIST 2350 312
HIST 2351 345
HIST 2352 346
HIST 2353 339
HIST 2354 307
HIST 2355 348
HIST 2356 324
HIST 2357 304
HIST 2358 330
HIST 2359 305
HIST 2360 368
HIST 2361 320
HIST 2362 349
HIST 2363 301
HIST 2364 317
HIST 2365 312
HIST 2366 344
HIST 2367 315
HIST 2368 311
HIST 2369 306
HIST 2370 336
HIST 2371 328
HIST 2372 296
HIST 2373 301
HIST 2374 293
HIST 2375 296
HIST 2376 323
HIST 2377 308
HIST 2378 308
HIST 2379 303
HIST 2380 283
HIST 2381 270
HIST 2382 273
HIST 2383 246
HIST 2384 201
HIST 2385 223
HIST 2386 206
HIST 2387 204
HIST 2388 183
HIST 2389 173
HIST 2390 190
HIST 2391 175
HIST 2392 189
HIST 2393 158
HIST 2394 185
HIST 2395 180
HIST 2396 160
HIST 2397 165
HIST 2398 153
HIST 2399 168
HIST 2400 164
HIST 2401 151
HIST 2402 172
HIST 2403 143
HIST 2404 161
HIST 2405 126
HIST 2406 147
HIST 2407 146
HIST 2408 148
HIST 2409 139
HIST 2410 158
HIST 2411 128
HIST 2412 119
HIST 2413 117
HIST 2414 130
HIST 2415 119
HIST 2416 121
HIST 2417 94
HIST 2418 100
HIST 2419 116
HIST 2420 117
HIST 2421 103
HIST 2422 112
HIST 2423 103
HIST 2424 106
HIST 2425 106
HIST 2426 120
HIST 2427 98
HIST 2428 107
HIST 2429 98
HIST 2430 104
HIST 2431 107
HIST 2432 91
HIST 2433 95
HIST 2434 91
HIST 2435 91
HIST 2436 98
HIST 2437 70
HIST 2438 80
HIST 2439 114
HIST 2440 103
HIST 2441 105
HIST 2442 93
HIST 2443 78
HIST 2444 80
HIST 2445 96
HIST 2446 74
HIST 2447 79
HIST 2448 67
HIST 2449 68
HIST 2450 59
HIST 2451 70
HIST 2452 66
HIST 2453 55
HIST 2454 63
HIST 2455 70
HIST 2456 59
HIST 2457 62
HIST 2458 71
HIST 2459 50
HIST 2460 52
HIST 2461 54
HIST 2462 71
HIST 2463 70
HIST 2464 52
HIST 2465 57
HIST 2466 50
HIST 2467 57
HIST 2468 52
HIST 2469 43
HIST 2470 50
HIST 2471 35
HIST 2472 59
HIST 2473 48
HIST 2474 49
HIST 2475 60
HIST 2476 47
HIST 2477 44
HIST 2478 46
HIST 2479 49
HIST 2480 35
HIST 2481 27
HIST 2482 45
HIST 2483 41
HIST 2484 44
HIST 2485 41
HIST 2486 39
HIST 2487 37
HIST 2488 29
HIST 2489 36
HIST 2490 36
HIST 2491 23
HIST 2492 37
HIST 2493 33
HIST 2494 35
HIST 2495 37
HIST 2496 38
HIST 2497 36
HIST 2498 40
HIST 2499 30
HIST 2500 31
HIST 2501 28
HIST 2502 22
HIST 2503 34
HIST 2504 32
HIST 2505 34
HIST 2506 26
HIST 2507 25
HIST 2508 21
HIST 2509 22
HIST 2510 25
HIST 2511 15
HIST 2512 25
HIST 2513 33
HIST 2514 27
HIST 2515 23
HIST 2516 21
HIST 2517 22
HIST 2518 23
HIST 2519 24
HIST 2520 23
HIST 2521 18
HIST 2522 16
HIST 2523 21
HIST 2524 27
HIST 2525 29
HIST 2526 24
HIST 2527 20
HIST 2528 14
HIST 2529 18
HIST 2530 12
HIST 2531 28
HIST 2532 15
HIST 2533 26
HIST 2534 19
HIST 2535 18
HIST 2536 14
HIST 2537 20
HIST 2538 15
HIST 2539 19
HIST 2540 15
HIST 2541 19
HIST 2542 18
HIST 2543 23
HIST 2544 22
HIST 2545 18
HIST 2546 17
HIST 2547 19
HIST 2548 14
HIST 2549 25
HIST 2550 8
HIST 2551 16
HIST 2552 11
HIST 2553 13
HIST 2554 10
HIST 2555 11
HIST 2556 11
HIST 2557 14
HIST 2558 19
HIST 2559 10
HIST 2560 18
HIST 2561 15
HIST 2562 12
HIST 2563 15
HIST 2564 8
HIST 2565 15
HIST 2566 13
HIST 2567 14
HIST 2568 12
HIST 2569 15
HIST 2570 13
HIST 2571 10
HIST 2572 5
HIST 2573 7
HIST 2574 9
HIST 2575 11
HIST 2576 11
HIST 2577 11
HIST 2578 15
HIST 2579 6
HIST 2580 7
HIST 2581 37
HIST 2582 74
HIST 2583 9
HIST 2584 12
HIST 2585 10
HIST 2586 282
HIST 2587 8
HIST 2588 3
HIST 2589 8
HIST 2590 9
HIST 2591 8
HIST 2592 11
HIST 2593 11
HIST 2594 9
HIST 2595 8
HIST 2596 7
HIST 2597 5
HIST 2598 13
HIST 2599 13
HIST 2600 7
HIST 2601 10
HIST 2602 9
HIST 2603 6
HIST 2604 16
HIST 2605 9
HIST 2606 7
HIST 2607 9
HIST 2608 5
HIST 2609 11
HIST 2610 7
HIST 2611 14
HIST 2612 15
HIST 2613 7
HIST 2614 3
HIST 2615 124619
HISTEND
