P55 flags: vacuum=1 nofluct=1 nodelta=0 lowcut=0 killesc=0
RESULT decays=8000000
RESULT any=335945 eps_total=4.199312e-02
RESULT window=1460.820 counts=46826 eps=5.853250e-03
HISTBEGIN bins=1462 bin_kev=1.000000 decays=8000000
HIST 0 51
HIST 1 185
HIST 2 220
HIST 3 209
HIST 4 214
HIST 5 256
HIST 6 259
HIST 7 239
HIST 8 259
HIST 9 250
HIST 10 269
HIST 11 288
HIST 12 273
HIST 13 283
HIST 14 265
HIST 15 261
HIST 16 278
HIST 17 280
HIST 18 311
HIST 19 271
HIST 20 307
HIST 21 289
HIST 22 368
HIST 23 286
HIST 24 368
HIST 25 288
HIST 26 327
HIST 27 248
HIST 28 284
HIST 29 254
HIST 30 311
HIST 31 307
HIST 32 255
HIST 33 289
HIST 34 308
HIST 35 294
HIST 36 309
HIST 37 264
HIST 38 275
HIST 39 249
HIST 40 260
HIST 41 307
HIST 42 291
HIST 43 279
HIST 44 299
HIST 45 317
HIST 46 314
HIST 47 324
HIST 48 306
HIST 49 304
HIST 50 309
HIST 51 323
HIST 52 290
HIST 53 827
HIST 54 1186
HIST 55 284
HIST 56 293
HIST 57 290
HIST 58 272
HIST 59 296
HIST 60 295
HIST 61 658
HIST 62 274
HIST 63 343
HIST 64 248
HIST 65 251
HIST 66 284
HIST 67 282
HIST 68 220
HIST 69 291
HIST 70 258
HIST 71 274
HIST 72 267
HIST 73 277
HIST 74 270
HIST 75 243
HIST 76 253
HIST 77 242
HIST 78 256
HIST 79 286
HIST 80 230
HIST 81 257
HIST 82 241
HIST 83 246
HIST 84 250
HIST 85 229
HIST 86 254
HIST 87 241
HIST 88 228
HIST 89 266
HIST 90 234
HIST 91 262
HIST 92 244
HIST 93 242
HIST 94 275
HIST 95 240
HIST 96 259
HIST 97 276
HIST 98 239
HIST 99 252
HIST 100 254
HIST 101 233
HIST 102 234
HIST 103 259
HIST 104 272
HIST 105 245
HIST 106 248
HIST 107 286
HIST 108 262
HIST 109 251
HIST 110 250
HIST 111 237
HIST 112 256
HIST 113 252
HIST 114 249
HIST 115 269
HIST 116 276
HIST 117 259
HIST 118 257
HIST 119 261
HIST 120 249
HIST 121 262
HIST 122 262
HIST 123 252
HIST 124 264
HIST 125 253
HIST 126 271
HIST 127 270
HIST 128 271
HIST 129 266
HIST 130 253
HIST 131 264
HIST 132 275
HIST 133 253
HIST 134 262
HIST 135 266
HIST 136 249
HIST 137 255
HIST 138 281
HIST 139 282
HIST 140 255
HIST 141 260
HIST 142 228
HIST 143 232
HIST 144 263
HIST 145 222
HIST 146 287
HIST 147 301
HIST 148 271
HIST 149 274
HIST 150 260
HIST 151 275
HIST 152 246
HIST 153 240
HIST 154 272
HIST 155 271
HIST 156 248
HIST 157 275
HIST 158 254
HIST 159 273
HIST 160 265
HIST 161 288
HIST 162 223
HIST 163 256
HIST 164 253
HIST 165 254
HIST 166 268
HIST 167 268
HIST 168 289
HIST 169 256
HIST 170 252
HIST 171 257
HIST 172 247
HIST 173 228
HIST 174 256
HIST 175 252
HIST 176 294
HIST 177 272
HIST 178 264
HIST 179 262
HIST 180 257
HIST 181 264
HIST 182 270
HIST 183 269
HIST 184 254
HIST 185 282
HIST 186 279
HIST 187 253
HIST 188 268
HIST 189 272
HIST 190 251
HIST 191 261
HIST 192 242
HIST 193 223
HIST 194 248
HIST 195 264
HIST 196 262
HIST 197 279
HIST 198 252
HIST 199 303
HIST 200 252
HIST 201 265
HIST 202 285
HIST 203 233
HIST 204 270
HIST 205 244
HIST 206 304
HIST 207 218
HIST 208 253
HIST 209 236
HIST 210 228
HIST 211 262
HIST 212 264
HIST 213 252
HIST 214 257
HIST 215 302
HIST 216 288
HIST 217 286
HIST 218 294
HIST 219 323
HIST 220 330
HIST 221 357
HIST 222 337
HIST 223 393
HIST 224 331
HIST 225 344
HIST 226 306
HIST 227 333
HIST 228 323
HIST 229 326
HIST 230 325
HIST 231 317
HIST 232 331
HIST 233 320
HIST 234 300
HIST 235 323
HIST 236 344
HIST 237 313
HIST 238 335
HIST 239 310
HIST 240 345
HIST 241 351
HIST 242 321
HIST 243 339
HIST 244 346
HIST 245 334
HIST 246 298
HIST 247 348
HIST 248 315
HIST 249 343
HIST 250 345
HIST 251 319
HIST 252 340
HIST 253 339
HIST 254 306
HIST 255 326
HIST 256 327
HIST 257 321
HIST 258 348
HIST 259 325
HIST 260 294
HIST 261 308
HIST 262 322
HIST 263 301
HIST 264 321
HIST 265 342
HIST 266 314
HIST 267 312
HIST 268 308
HIST 269 310
HIST 270 274
HIST 271 304
HIST 272 318
HIST 273 325
HIST 274 325
HIST 275 305
HIST 276 306
HIST 277 279
HIST 278 308
HIST 279 286
HIST 280 306
HIST 281 288
HIST 282 293
HIST 283 308
HIST 284 272
HIST 285 275
HIST 286 316
HIST 287 306
HIST 288 306
HIST 289 308
HIST 290 290
HIST 291 282
HIST 292 267
HIST 293 301
HIST 294 263
HIST 295 282
HIST 296 287
HIST 297 297
HIST 298 259
HIST 299 288
HIST 300 265
HIST 301 297
HIST 302 276
HIST 303 271
HIST 304 296
HIST 305 310
HIST 306 285
HIST 307 275
HIST 308 270
HIST 309 301
HIST 310 257
HIST 311 275
HIST 312 283
HIST 313 273
HIST 314 271
HIST 315 228
HIST 316 259
HIST 317 249
HIST 318 270
HIST 319 269
HIST 320 261
HIST 321 279
HIST 322 245
HIST 323 262
HIST 324 267
HIST 325 249
HIST 326 271
HIST 327 236
HIST 328 282
HIST 329 249
HIST 330 254
HIST 331 215
HIST 332 231
HIST 333 272
HIST 334 253
HIST 335 257
HIST 336 231
HIST 337 261
HIST 338 243
HIST 339 234
HIST 340 247
HIST 341 227
HIST 342 253
HIST 343 237
HIST 344 257
HIST 345 227
HIST 346 236
HIST 347 258
HIST 348 225
HIST 349 226
HIST 350 258
HIST 351 247
HIST 352 202
HIST 353 268
HIST 354 237
HIST 355 222
HIST 356 231
HIST 357 223
HIST 358 226
HIST 359 225
HIST 360 270
HIST 361 236
HIST 362 238
HIST 363 244
HIST 364 224
HIST 365 267
HIST 366 219
HIST 367 211
HIST 368 242
HIST 369 239
HIST 370 237
HIST 371 222
HIST 372 228
HIST 373 237
HIST 374 266
HIST 375 234
HIST 376 242
HIST 377 230
HIST 378 225
HIST 379 249
HIST 380 247
HIST 381 221
HIST 382 251
HIST 383 191
HIST 384 236
HIST 385 233
HIST 386 210
HIST 387 217
HIST 388 227
HIST 389 230
HIST 390 214
HIST 391 209
HIST 392 214
HIST 393 214
HIST 394 212
HIST 395 202
HIST 396 248
HIST 397 231
HIST 398 218
HIST 399 241
HIST 400 233
HIST 401 215
HIST 402 206
HIST 403 232
HIST 404 233
HIST 405 214
HIST 406 244
HIST 407 244
HIST 408 213
HIST 409 212
HIST 410 203
HIST 411 210
HIST 412 209
HIST 413 225
HIST 414 233
HIST 415 197
HIST 416 195
HIST 417 188
HIST 418 213
HIST 419 215
HIST 420 197
HIST 421 226
HIST 422 198
HIST 423 214
HIST 424 205
HIST 425 187
HIST 426 217
HIST 427 207
HIST 428 221
HIST 429 215
HIST 430 210
HIST 431 218
HIST 432 208
HIST 433 236
HIST 434 184
HIST 435 224
HIST 436 219
HIST 437 197
HIST 438 213
HIST 439 2291
HIST 440 204
HIST 441 195
HIST 442 208
HIST 443 171
HIST 444 198
HIST 445 199
HIST 446 215
HIST 447 201
HIST 448 226
HIST 449 208
HIST 450 189
HIST 451 231
HIST 452 213
HIST 453 207
HIST 454 212
HIST 455 205
HIST 456 199
HIST 457 208
HIST 458 220
HIST 459 179
HIST 460 211
HIST 461 177
HIST 462 221
HIST 463 198
HIST 464 211
HIST 465 210
HIST 466 206
HIST 467 196
HIST 468 199
HIST 469 221
HIST 470 197
HIST 471 211
HIST 472 212
HIST 473 197
HIST 474 215
HIST 475 242
HIST 476 199
HIST 477 227
HIST 478 213
HIST 479 209
HIST 480 189
HIST 481 202
HIST 482 203
HIST 483 194
HIST 484 185
HIST 485 173
HIST 486 206
HIST 487 187
HIST 488 193
HIST 489 195
HIST 490 170
HIST 491 184
HIST 492 214
HIST 493 180
HIST 494 203
HIST 495 187
HIST 496 198
HIST 497 198
HIST 498 218
HIST 499 182
HIST 500 180
HIST 501 181
HIST 502 183
HIST 503 242
HIST 504 184
HIST 505 210
HIST 506 205
HIST 507 204
HIST 508 186
HIST 509 196
HIST 510 218
HIST 511 752
HIST 512 171
HIST 513 182
HIST 514 187
HIST 515 218
HIST 516 191
HIST 517 190
HIST 518 187
HIST 519 174
HIST 520 201
HIST 521 177
HIST 522 212
HIST 523 181
HIST 524 218
HIST 525 177
HIST 526 183
HIST 527 192
HIST 528 193
HIST 529 203
HIST 530 181
HIST 531 184
HIST 532 204
HIST 533 197
HIST 534 193
HIST 535 201
HIST 536 203
HIST 537 194
HIST 538 177
HIST 539 202
HIST 540 188
HIST 541 190
HIST 542 186
HIST 543 208
HIST 544 195
HIST 545 199
HIST 546 189
HIST 547 210
HIST 548 177
HIST 549 167
HIST 550 187
HIST 551 184
HIST 552 203
HIST 553 191
HIST 554 204
HIST 555 193
HIST 556 197
HIST 557 180
HIST 558 182
HIST 559 195
HIST 560 182
HIST 561 208
HIST 562 188
HIST 563 192
HIST 564 201
HIST 565 164
HIST 566 168
HIST 567 197
HIST 568 162
HIST 569 211
HIST 570 186
HIST 571 180
HIST 572 178
HIST 573 190
HIST 574 183
HIST 575 177
HIST 576 161
HIST 577 188
HIST 578 197
HIST 579 177
HIST 580 209
HIST 581 175
HIST 582 191
HIST 583 178
HIST 584 188
HIST 585 195
HIST 586 161
HIST 587 193
HIST 588 169
HIST 589 166
HIST 590 187
HIST 591 187
HIST 592 198
HIST 593 176
HIST 594 173
HIST 595 172
HIST 596 192
HIST 597 203
HIST 598 190
HIST 599 194
HIST 600 172
HIST 601 165
HIST 602 181
HIST 603 185
HIST 604 168
HIST 605 176
HIST 606 179
HIST 607 188
HIST 608 202
HIST 609 179
HIST 610 169
HIST 611 187
HIST 612 166
HIST 613 194
HIST 614 164
HIST 615 222
HIST 616 159
HIST 617 182
HIST 618 172
HIST 619 188
HIST 620 193
HIST 621 195
HIST 622 188
HIST 623 196
HIST 624 171
HIST 625 166
HIST 626 197
HIST 627 186
HIST 628 178
HIST 629 173
HIST 630 175
HIST 631 177
HIST 632 187
HIST 633 167
HIST 634 166
HIST 635 171
HIST 636 202
HIST 637 171
HIST 638 195
HIST 639 179
HIST 640 150
HIST 641 185
HIST 642 214
HIST 643 170
HIST 644 171
HIST 645 185
HIST 646 172
HIST 647 189
HIST 648 189
HIST 649 158
HIST 650 172
HIST 651 172
HIST 652 191
HIST 653 175
HIST 654 187
HIST 655 191
HIST 656 170
HIST 657 179
HIST 658 156
HIST 659 180
HIST 660 170
HIST 661 180
HIST 662 205
HIST 663 188
HIST 664 177
HIST 665 168
HIST 666 179
HIST 667 197
HIST 668 200
HIST 669 182
HIST 670 180
HIST 671 186
HIST 672 204
HIST 673 167
HIST 674 150
HIST 675 200
HIST 676 183
HIST 677 178
HIST 678 178
HIST 679 169
HIST 680 195
HIST 681 175
HIST 682 173
HIST 683 179
HIST 684 201
HIST 685 189
HIST 686 198
HIST 687 182
HIST 688 169
HIST 689 175
HIST 690 197
HIST 691 188
HIST 692 202
HIST 693 163
HIST 694 179
HIST 695 162
HIST 696 190
HIST 697 190
HIST 698 170
HIST 699 183
HIST 700 150
HIST 701 186
HIST 702 178
HIST 703 176
HIST 704 188
HIST 705 205
HIST 706 155
HIST 707 192
HIST 708 160
HIST 709 157
HIST 710 225
HIST 711 190
HIST 712 176
HIST 713 180
HIST 714 158
HIST 715 191
HIST 716 190
HIST 717 189
HIST 718 185
HIST 719 175
HIST 720 175
HIST 721 158
HIST 722 175
HIST 723 170
HIST 724 202
HIST 725 182
HIST 726 169
HIST 727 161
HIST 728 186
HIST 729 178
HIST 730 181
HIST 731 170
HIST 732 145
HIST 733 192
HIST 734 158
HIST 735 166
HIST 736 179
HIST 737 176
HIST 738 190
HIST 739 190
HIST 740 178
HIST 741 174
HIST 742 205
HIST 743 178
HIST 744 170
HIST 745 168
HIST 746 184
HIST 747 169
HIST 748 211
HIST 749 185
HIST 750 163
HIST 751 172
HIST 752 180
HIST 753 174
HIST 754 176
HIST 755 182
HIST 756 170
HIST 757 181
HIST 758 166
HIST 759 173
HIST 760 174
HIST 761 169
HIST 762 176
HIST 763 191
HIST 764 170
HIST 765 188
HIST 766 170
HIST 767 172
HIST 768 171
HIST 769 165
HIST 770 165
HIST 771 157
HIST 772 182
HIST 773 169
HIST 774 190
HIST 775 161
HIST 776 191
HIST 777 185
HIST 778 184
HIST 779 176
HIST 780 156
HIST 781 187
HIST 782 162
HIST 783 159
HIST 784 195
HIST 785 175
HIST 786 165
HIST 787 192
HIST 788 181
HIST 789 181
HIST 790 192
HIST 791 188
HIST 792 166
HIST 793 169
HIST 794 176
HIST 795 185
HIST 796 176
HIST 797 187
HIST 798 184
HIST 799 165
HIST 800 154
HIST 801 151
HIST 802 180
HIST 803 175
HIST 804 186
HIST 805 198
HIST 806 166
HIST 807 193
HIST 808 164
HIST 809 160
HIST 810 201
HIST 811 185
HIST 812 172
HIST 813 174
HIST 814 169
HIST 815 197
HIST 816 194
HIST 817 183
HIST 818 195
HIST 819 203
HIST 820 179
HIST 821 177
HIST 822 179
HIST 823 149
HIST 824 166
HIST 825 153
HIST 826 158
HIST 827 185
HIST 828 182
HIST 829 180
HIST 830 186
HIST 831 155
HIST 832 202
HIST 833 173
HIST 834 180
HIST 835 178
HIST 836 175
HIST 837 205
HIST 838 143
HIST 839 192
HIST 840 190
HIST 841 153
HIST 842 170
HIST 843 196
HIST 844 178
HIST 845 183
HIST 846 181
HIST 847 174
HIST 848 186
HIST 849 177
HIST 850 169
HIST 851 177
HIST 852 157
HIST 853 165
HIST 854 188
HIST 855 156
HIST 856 178
HIST 857 189
HIST 858 175
HIST 859 177
HIST 860 179
HIST 861 182
HIST 862 174
HIST 863 176
HIST 864 203
HIST 865 187
HIST 866 184
HIST 867 191
HIST 868 197
HIST 869 195
HIST 870 206
HIST 871 170
HIST 872 180
HIST 873 198
HIST 874 188
HIST 875 202
HIST 876 200
HIST 877 168
HIST 878 190
HIST 879 182
HIST 880 173
HIST 881 203
HIST 882 186
HIST 883 172
HIST 884 195
HIST 885 174
HIST 886 177
HIST 887 171
HIST 888 164
HIST 889 181
HIST 890 158
HIST 891 185
HIST 892 175
HIST 893 195
HIST 894 192
HIST 895 165
HIST 896 194
HIST 897 155
HIST 898 191
HIST 899 160
HIST 900 173
HIST 901 176
HIST 902 165
HIST 903 178
HIST 904 194
HIST 905 194
HIST 906 193
HIST 907 174
HIST 908 187
HIST 909 214
HIST 910 190
HIST 911 178
HIST 912 181
HIST 913 190
HIST 914 183
HIST 915 175
HIST 916 175
HIST 917 187
HIST 918 179
HIST 919 224
HIST 920 177
HIST 921 175
HIST 922 189
HIST 923 170
HIST 924 166
HIST 925 198
HIST 926 206
HIST 927 208
HIST 928 187
HIST 929 161
HIST 930 174
HIST 931 193
HIST 932 196
HIST 933 183
HIST 934 189
HIST 935 181
HIST 936 161
HIST 937 176
HIST 938 171
HIST 939 194
HIST 940 167
HIST 941 173
HIST 942 184
HIST 943 176
HIST 944 171
HIST 945 203
HIST 946 180
HIST 947 192
HIST 948 172
HIST 949 193
HIST 950 1193
HIST 951 177
HIST 952 184
HIST 953 154
HIST 954 186
HIST 955 176
HIST 956 184
HIST 957 182
HIST 958 185
HIST 959 228
HIST 960 220
HIST 961 177
HIST 962 192
HIST 963 202
HIST 964 203
HIST 965 180
HIST 966 193
HIST 967 192
HIST 968 188
HIST 969 182
HIST 970 177
HIST 971 186
HIST 972 201
HIST 973 167
HIST 974 219
HIST 975 170
HIST 976 194
HIST 977 164
HIST 978 162
HIST 979 172
HIST 980 180
HIST 981 211
HIST 982 186
HIST 983 206
HIST 984 183
HIST 985 211
HIST 986 204
HIST 987 191
HIST 988 212
HIST 989 217
HIST 990 195
HIST 991 176
HIST 992 186
HIST 993 205
HIST 994 205
HIST 995 218
HIST 996 218
HIST 997 209
HIST 998 227
HIST 999 195
HIST 1000 217
HIST 1001 199
HIST 1002 187
HIST 1003 183
HIST 1004 187
HIST 1005 171
HIST 1006 180
HIST 1007 215
HIST 1008 192
HIST 1009 180
HIST 1010 173
HIST 1011 195
HIST 1012 190
HIST 1013 176
HIST 1014 236
HIST 1015 224
HIST 1016 192
HIST 1017 192
HIST 1018 190
HIST 1019 192
HIST 1020 180
HIST 1021 217
HIST 1022 210
HIST 1023 196
HIST 1024 204
HIST 1025 202
HIST 1026 228
HIST 1027 192
HIST 1028 188
HIST 1029 204
HIST 1030 190
HIST 1031 199
HIST 1032 191
HIST 1033 188
HIST 1034 169
HIST 1035 188
HIST 1036 175
HIST 1037 175
HIST 1038 200
HIST 1039 212
HIST 1040 201
HIST 1041 197
HIST 1042 185
HIST 1043 208
HIST 1044 187
HIST 1045 178
HIST 1046 191
HIST 1047 187
HIST 1048 213
HIST 1049 214
HIST 1050 216
HIST 1051 206
HIST 1052 214
HIST 1053 182
HIST 1054 197
HIST 1055 206
HIST 1056 202
HIST 1057 204
HIST 1058 216
HIST 1059 220
HIST 1060 196
HIST 1061 199
HIST 1062 199
HIST 1063 191
HIST 1064 221
HIST 1065 226
HIST 1066 222
HIST 1067 183
HIST 1068 203
HIST 1069 197
HIST 1070 211
HIST 1071 203
HIST 1072 215
HIST 1073 232
HIST 1074 237
HIST 1075 186
HIST 1076 233
HIST 1077 203
HIST 1078 186
HIST 1079 239
HIST 1080 234
HIST 1081 193
HIST 1082 222
HIST 1083 226
HIST 1084 211
HIST 1085 210
HIST 1086 223
HIST 1087 207
HIST 1088 203
HIST 1089 211
HIST 1090 203
HIST 1091 220
HIST 1092 232
HIST 1093 210
HIST 1094 195
HIST 1095 213
HIST 1096 184
HIST 1097 216
HIST 1098 215
HIST 1099 214
HIST 1100 252
HIST 1101 207
HIST 1102 199
HIST 1103 209
HIST 1104 241
HIST 1105 214
HIST 1106 208
HIST 1107 209
HIST 1108 236
HIST 1109 251
HIST 1110 245
HIST 1111 219
HIST 1112 218
HIST 1113 205
HIST 1114 195
HIST 1115 243
HIST 1116 233
HIST 1117 218
HIST 1118 245
HIST 1119 228
HIST 1120 211
HIST 1121 219
HIST 1122 213
HIST 1123 219
HIST 1124 225
HIST 1125 223
HIST 1126 241
HIST 1127 201
HIST 1128 227
HIST 1129 224
HIST 1130 206
HIST 1131 205
HIST 1132 223
HIST 1133 243
HIST 1134 219
HIST 1135 256
HIST 1136 254
HIST 1137 214
HIST 1138 225
HIST 1139 224
HIST 1140 237
HIST 1141 242
HIST 1142 238
HIST 1143 238
HIST 1144 215
HIST 1145 239
HIST 1146 230
HIST 1147 264
HIST 1148 226
HIST 1149 212
HIST 1150 239
HIST 1151 238
HIST 1152 246
HIST 1153 218
HIST 1154 233
HIST 1155 251
HIST 1156 211
HIST 1157 241
HIST 1158 267
HIST 1159 284
HIST 1160 254
HIST 1161 260
HIST 1162 240
HIST 1163 215
HIST 1164 249
HIST 1165 221
HIST 1166 240
HIST 1167 215
HIST 1168 221
HIST 1169 267
HIST 1170 233
HIST 1171 233
HIST 1172 262
HIST 1173 234
HIST 1174 245
HIST 1175 219
HIST 1176 240
HIST 1177 233
HIST 1178 254
HIST 1179 242
HIST 1180 267
HIST 1181 255
HIST 1182 265
HIST 1183 238
HIST 1184 250
HIST 1185 240
HIST 1186 222
HIST 1187 268
HIST 1188 274
HIST 1189 238
HIST 1190 260
HIST 1191 268
HIST 1192 221
HIST 1193 250
HIST 1194 235
HIST 1195 261
HIST 1196 259
HIST 1197 242
HIST 1198 269
HIST 1199 252
HIST 1200 235
HIST 1201 263
HIST 1202 246
HIST 1203 221
HIST 1204 239
HIST 1205 264
HIST 1206 243
HIST 1207 261
HIST 1208 248
HIST 1209 244
HIST 1210 265
HIST 1211 302
HIST 1212 270
HIST 1213 257
HIST 1214 272
HIST 1215 260
HIST 1216 270
HIST 1217 267
HIST 1218 279
HIST 1219 250
HIST 1220 262
HIST 1221 279
HIST 1222 279
HIST 1223 268
HIST 1224 267
HIST 1225 255
HIST 1226 294
HIST 1227 269
HIST 1228 254
HIST 1229 270
HIST 1230 250
HIST 1231 279
HIST 1232 223
HIST 1233 283
HIST 1234 263
HIST 1235 250
HIST 1236 249
HIST 1237 254
HIST 1238 264
HIST 1239 246
HIST 1240 244
HIST 1241 215
HIST 1242 247
HIST 1243 206
HIST 1244 177
HIST 1245 152
HIST 1246 147
HIST 1247 122
HIST 1248 129
HIST 1249 111
HIST 1250 100
HIST 1251 111
HIST 1252 113
HIST 1253 121
HIST 1254 105
HIST 1255 97
HIST 1256 100
HIST 1257 122
HIST 1258 79
HIST 1259 81
HIST 1260 99
HIST 1261 90
HIST 1262 90
HIST 1263 94
HIST 1264 84
HIST 1265 88
HIST 1266 91
HIST 1267 74
HIST 1268 92
HIST 1269 81
HIST 1270 83
HIST 1271 72
HIST 1272 76
HIST 1273 79
HIST 1274 72
HIST 1275 70
HIST 1276 70
HIST 1277 79
HIST 1278 83
HIST 1279 66
HIST 1280 66
HIST 1281 56
HIST 1282 74
HIST 1283 74
HIST 1284 53
HIST 1285 57
HIST 1286 75
HIST 1287 60
HIST 1288 75
HIST 1289 57
HIST 1290 65
HIST 1291 69
HIST 1292 69
HIST 1293 65
HIST 1294 55
HIST 1295 51
HIST 1296 56
HIST 1297 47
HIST 1298 47
HIST 1299 49
HIST 1300 56
HIST 1301 62
HIST 1302 53
HIST 1303 55
HIST 1304 47
HIST 1305 49
HIST 1306 54
HIST 1307 41
HIST 1308 37
HIST 1309 45
HIST 1310 44
HIST 1311 39
HIST 1312 41
HIST 1313 45
HIST 1314 41
HIST 1315 31
HIST 1316 40
HIST 1317 36
HIST 1318 48
HIST 1319 34
HIST 1320 36
HIST 1321 23
HIST 1322 34
HIST 1323 29
HIST 1324 31
HIST 1325 35
HIST 1326 40
HIST 1327 25
HIST 1328 36
HIST 1329 27
HIST 1330 33
HIST 1331 30
HIST 1332 22
HIST 1333 31
HIST 1334 28
HIST 1335 25
HIST 1336 27
HIST 1337 26
HIST 1338 31
HIST 1339 19
HIST 1340 23
HIST 1341 18
HIST 1342 27
HIST 1343 23
HIST 1344 29
HIST 1345 26
HIST 1346 25
HIST 1347 26
HIST 1348 24
HIST 1349 28
HIST 1350 17
HIST 1351 23
HIST 1352 21
HIST 1353 27
HIST 1354 13
HIST 1355 21
HIST 1356 27
HIST 1357 18
HIST 1358 24
HIST 1359 25
HIST 1360 20
HIST 1361 17
HIST 1362 25
HIST 1363 23
HIST 1364 19
HIST 1365 15
HIST 1366 17
HIST 1367 26
HIST 1368 19
HIST 1369 13
HIST 1370 25
HIST 1371 18
HIST 1372 14
HIST 1373 19
HIST 1374 19
HIST 1375 21
HIST 1376 20
HIST 1377 24
HIST 1378 19
HIST 1379 19
HIST 1380 17
HIST 1381 15
HIST 1382 14
HIST 1383 12
HIST 1384 22
HIST 1385 11
HIST 1386 17
HIST 1387 8
HIST 1388 20
HIST 1389 19
HIST 1390 14
HIST 1391 19
HIST 1392 12
HIST 1393 17
HIST 1394 3
HIST 1395 18
HIST 1396 17
HIST 1397 8
HIST 1398 15
HIST 1399 9
HIST 1400 20
HIST 1401 12
HIST 1402 12
HIST 1403 10
HIST 1404 11
HIST 1405 14
HIST 1406 10
HIST 1407 13
HIST 1408 13
HIST 1409 10
HIST 1410 13
HIST 1411 13
HIST 1412 14
HIST 1413 9
HIST 1414 7
HIST 1415 13
HIST 1416 17
HIST 1417 9
HIST 1418 8
HIST 1419 7
HIST 1420 6
HIST 1421 11
HIST 1422 15
HIST 1423 12
HIST 1424 10
HIST 1425 10
HIST 1426 21
HIST 1427 3
HIST 1428 21
HIST 1429 41
HIST 1430 198
HIST 1431 7
HIST 1432 107
HIST 1433 62
HIST 1434 6
HIST 1435 12
HIST 1436 9
HIST 1437 7
HIST 1438 8
HIST 1439 8
HIST 1440 14
HIST 1441 6
HIST 1442 4
HIST 1443 4
HIST 1444 9
HIST 1445 7
HIST 1446 9
HIST 1447 10
HIST 1448 4
HIST 1449 4
HIST 1450 3
HIST 1451 5
HIST 1452 4
HIST 1453 5
HIST 1454 4
HIST 1455 6
HIST 1456 4
HIST 1457 5
HIST 1458 11
HIST 1459 12
HIST 1460 5
HIST 1461 46826
HISTEND
