P55 flags: vacuum=1 nofluct=0 nodelta=0 lowcut=0 killesc=0
RESULT decays=4000000
RESULT any=404226 eps_total=1.010565e-01
RESULT window=1460.820 counts=123161 eps=3.079025e-02
HISTBEGIN bins=1462 bin_kev=1.000000 decays=4000000
HIST 0 49
HIST 1 148
HIST 2 190
HIST 3 164
HIST 4 186
HIST 5 212
HIST 6 217
HIST 7 188
HIST 8 235
HIST 9 218
HIST 10 201
HIST 11 203
HIST 12 185
HIST 13 212
HIST 14 213
HIST 15 210
HIST 16 205
HIST 17 226
HIST 18 236
HIST 19 233
HIST 20 251
HIST 21 211
HIST 22 208
HIST 23 209
HIST 24 223
HIST 25 228
HIST 26 236
HIST 27 240
HIST 28 235
HIST 29 209
HIST 30 219
HIST 31 228
HIST 32 222
HIST 33 237
HIST 34 230
HIST 35 206
HIST 36 240
HIST 37 197
HIST 38 234
HIST 39 225
HIST 40 212
HIST 41 210
HIST 42 213
HIST 43 193
HIST 44 232
HIST 45 222
HIST 46 233
HIST 47 197
HIST 48 227
HIST 49 233
HIST 50 204
HIST 51 227
HIST 52 230
HIST 53 236
HIST 54 214
HIST 55 228
HIST 56 214
HIST 57 186
HIST 58 226
HIST 59 225
HIST 60 217
HIST 61 220
HIST 62 206
HIST 63 216
HIST 64 233
HIST 65 222
HIST 66 226
HIST 67 208
HIST 68 170
HIST 69 210
HIST 70 221
HIST 71 213
HIST 72 197
HIST 73 187
HIST 74 207
HIST 75 200
HIST 76 208
HIST 77 222
HIST 78 208
HIST 79 206
HIST 80 192
HIST 81 195
HIST 82 214
HIST 83 214
HIST 84 235
HIST 85 226
HIST 86 206
HIST 87 241
HIST 88 192
HIST 89 211
HIST 90 205
HIST 91 191
HIST 92 215
HIST 93 204
HIST 94 229
HIST 95 202
HIST 96 212
HIST 97 212
HIST 98 210
HIST 99 208
HIST 100 199
HIST 101 206
HIST 102 194
HIST 103 231
HIST 104 209
HIST 105 195
HIST 106 196
HIST 107 212
HIST 108 202
HIST 109 214
HIST 110 192
HIST 111 212
HIST 112 192
HIST 113 216
HIST 114 199
HIST 115 188
HIST 116 203
HIST 117 191
HIST 118 209
HIST 119 227
HIST 120 201
HIST 121 211
HIST 122 219
HIST 123 218
HIST 124 206
HIST 125 192
HIST 126 221
HIST 127 231
HIST 128 194
HIST 129 198
HIST 130 219
HIST 131 220
HIST 132 210
HIST 133 208
HIST 134 205
HIST 135 216
HIST 136 220
HIST 137 236
HIST 138 223
HIST 139 243
HIST 140 193
HIST 141 231
HIST 142 222
HIST 143 202
HIST 144 242
HIST 145 208
HIST 146 234
HIST 147 222
HIST 148 212
HIST 149 233
HIST 150 219
HIST 151 215
HIST 152 202
HIST 153 230
HIST 154 219
HIST 155 258
HIST 156 236
HIST 157 226
HIST 158 217
HIST 159 207
HIST 160 208
HIST 161 221
HIST 162 205
HIST 163 235
HIST 164 218
HIST 165 241
HIST 166 225
HIST 167 208
HIST 168 210
HIST 169 232
HIST 170 213
HIST 171 212
HIST 172 213
HIST 173 190
HIST 174 246
HIST 175 227
HIST 176 214
HIST 177 207
HIST 178 211
HIST 179 229
HIST 180 200
HIST 181 203
HIST 182 232
HIST 183 212
HIST 184 208
HIST 185 206
HIST 186 201
HIST 187 187
HIST 188 202
HIST 189 197
HIST 190 190
HIST 191 222
HIST 192 229
HIST 193 223
HIST 194 202
HIST 195 215
HIST 196 195
HIST 197 212
HIST 198 211
HIST 199 201
HIST 200 212
HIST 201 189
HIST 202 200
HIST 203 222
HIST 204 238
HIST 205 239
HIST 206 190
HIST 207 225
HIST 208 197
HIST 209 189
HIST 210 233
HIST 211 205
HIST 212 202
HIST 213 203
HIST 214 216
HIST 215 198
HIST 216 236
HIST 217 204
HIST 218 224
HIST 219 242
HIST 220 242
HIST 221 271
HIST 222 256
HIST 223 255
HIST 224 248
HIST 225 228
HIST 226 268
HIST 227 251
HIST 228 240
HIST 229 246
HIST 230 250
HIST 231 246
HIST 232 251
HIST 233 282
HIST 234 267
HIST 235 280
HIST 236 281
HIST 237 259
HIST 238 291
HIST 239 286
HIST 240 277
HIST 241 261
HIST 242 256
HIST 243 302
HIST 244 256
HIST 245 270
HIST 246 284
HIST 247 275
HIST 248 251
HIST 249 278
HIST 250 294
HIST 251 291
HIST 252 288
HIST 253 272
HIST 254 283
HIST 255 263
HIST 256 286
HIST 257 276
HIST 258 259
HIST 259 277
HIST 260 281
HIST 261 252
HIST 262 277
HIST 263 265
HIST 264 276
HIST 265 258
HIST 266 272
HIST 267 275
HIST 268 293
HIST 269 282
HIST 270 283
HIST 271 292
HIST 272 243
HIST 273 266
HIST 274 296
HIST 275 295
HIST 276 294
HIST 277 269
HIST 278 249
HIST 279 268
HIST 280 263
HIST 281 280
HIST 282 256
HIST 283 317
HIST 284 274
HIST 285 275
HIST 286 300
HIST 287 284
HIST 288 260
HIST 289 269
HIST 290 281
HIST 291 271
HIST 292 240
HIST 293 273
HIST 294 271
HIST 295 289
HIST 296 250
HIST 297 257
HIST 298 254
HIST 299 276
HIST 300 237
HIST 301 240
HIST 302 286
HIST 303 258
HIST 304 261
HIST 305 235
HIST 306 268
HIST 307 262
HIST 308 252
HIST 309 270
HIST 310 238
HIST 311 267
HIST 312 271
HIST 313 229
HIST 314 238
HIST 315 256
HIST 316 251
HIST 317 260
HIST 318 251
HIST 319 256
HIST 320 258
HIST 321 257
HIST 322 230
HIST 323 259
HIST 324 265
HIST 325 236
HIST 326 235
HIST 327 238
HIST 328 270
HIST 329 239
HIST 330 261
HIST 331 266
HIST 332 218
HIST 333 284
HIST 334 267
HIST 335 242
HIST 336 249
HIST 337 234
HIST 338 250
HIST 339 231
HIST 340 223
HIST 341 244
HIST 342 214
HIST 343 242
HIST 344 245
HIST 345 229
HIST 346 219
HIST 347 240
HIST 348 234
HIST 349 232
HIST 350 245
HIST 351 241
HIST 352 247
HIST 353 232
HIST 354 226
HIST 355 240
HIST 356 244
HIST 357 241
HIST 358 240
HIST 359 234
HIST 360 241
HIST 361 256
HIST 362 209
HIST 363 240
HIST 364 237
HIST 365 230
HIST 366 213
HIST 367 255
HIST 368 266
HIST 369 221
HIST 370 217
HIST 371 241
HIST 372 234
HIST 373 230
HIST 374 220
HIST 375 236
HIST 376 225
HIST 377 198
HIST 378 243
HIST 379 217
HIST 380 243
HIST 381 234
HIST 382 219
HIST 383 214
HIST 384 235
HIST 385 220
HIST 386 241
HIST 387 226
HIST 388 215
HIST 389 213
HIST 390 222
HIST 391 224
HIST 392 245
HIST 393 226
HIST 394 223
HIST 395 221
HIST 396 226
HIST 397 229
HIST 398 186
HIST 399 231
HIST 400 203
HIST 401 217
HIST 402 219
HIST 403 234
HIST 404 197
HIST 405 202
HIST 406 234
HIST 407 233
HIST 408 211
HIST 409 210
HIST 410 223
HIST 411 224
HIST 412 222
HIST 413 245
HIST 414 193
HIST 415 205
HIST 416 244
HIST 417 217
HIST 418 188
HIST 419 187
HIST 420 203
HIST 421 231
HIST 422 207
HIST 423 199
HIST 424 223
HIST 425 209
HIST 426 215
HIST 427 207
HIST 428 237
HIST 429 184
HIST 430 213
HIST 431 186
HIST 432 201
HIST 433 200
HIST 434 204
HIST 435 210
HIST 436 201
HIST 437 207
HIST 438 192
HIST 439 1033
HIST 440 200
HIST 441 208
HIST 442 214
HIST 443 234
HIST 444 187
HIST 445 237
HIST 446 199
HIST 447 195
HIST 448 205
HIST 449 213
HIST 450 226
HIST 451 235
HIST 452 211
HIST 453 210
HIST 454 216
HIST 455 220
HIST 456 214
HIST 457 178
HIST 458 209
HIST 459 203
HIST 460 213
HIST 461 205
HIST 462 208
HIST 463 216
HIST 464 212
HIST 465 196
HIST 466 203
HIST 467 203
HIST 468 213
HIST 469 196
HIST 470 198
HIST 471 221
HIST 472 183
HIST 473 211
HIST 474 225
HIST 475 174
HIST 476 215
HIST 477 206
HIST 478 175
HIST 479 211
HIST 480 220
HIST 481 200
HIST 482 221
HIST 483 212
HIST 484 183
HIST 485 209
HIST 486 201
HIST 487 167
HIST 488 172
HIST 489 198
HIST 490 197
HIST 491 213
HIST 492 187
HIST 493 201
HIST 494 216
HIST 495 194
HIST 496 193
HIST 497 201
HIST 498 202
HIST 499 198
HIST 500 218
HIST 501 198
HIST 502 190
HIST 503 211
HIST 504 206
HIST 505 203
HIST 506 206
HIST 507 189
HIST 508 191
HIST 509 192
HIST 510 195
HIST 511 326
HIST 512 213
HIST 513 179
HIST 514 181
HIST 515 208
HIST 516 181
HIST 517 204
HIST 518 202
HIST 519 203
HIST 520 199
HIST 521 202
HIST 522 195
HIST 523 193
HIST 524 189
HIST 525 207
HIST 526 161
HIST 527 175
HIST 528 189
HIST 529 187
HIST 530 210
HIST 531 185
HIST 532 199
HIST 533 207
HIST 534 196
HIST 535 191
HIST 536 176
HIST 537 207
HIST 538 204
HIST 539 204
HIST 540 182
HIST 541 176
HIST 542 202
HIST 543 204
HIST 544 171
HIST 545 199
HIST 546 227
HIST 547 176
HIST 548 187
HIST 549 201
HIST 550 183
HIST 551 179
HIST 552 180
HIST 553 151
HIST 554 187
HIST 555 184
HIST 556 216
HIST 557 198
HIST 558 186
HIST 559 210
HIST 560 169
HIST 561 178
HIST 562 168
HIST 563 194
HIST 564 202
HIST 565 203
HIST 566 186
HIST 567 179
HIST 568 188
HIST 569 175
HIST 570 201
HIST 571 194
HIST 572 199
HIST 573 182
HIST 574 178
HIST 575 190
HIST 576 177
HIST 577 204
HIST 578 218
HIST 579 193
HIST 580 214
HIST 581 198
HIST 582 154
HIST 583 204
HIST 584 170
HIST 585 191
HIST 586 189
HIST 587 179
HIST 588 172
HIST 589 198
HIST 590 185
HIST 591 188
HIST 592 203
HIST 593 194
HIST 594 183
HIST 595 199
HIST 596 214
HIST 597 165
HIST 598 182
HIST 599 186
HIST 600 210
HIST 601 181
HIST 602 199
HIST 603 185
HIST 604 164
HIST 605 183
HIST 606 176
HIST 607 168
HIST 608 177
HIST 609 177
HIST 610 184
HIST 611 182
HIST 612 201
HIST 613 169
HIST 614 177
HIST 615 182
HIST 616 167
HIST 617 202
HIST 618 172
HIST 619 194
HIST 620 180
HIST 621 179
HIST 622 158
HIST 623 202
HIST 624 158
HIST 625 165
HIST 626 180
HIST 627 168
HIST 628 192
HIST 629 198
HIST 630 196
HIST 631 187
HIST 632 166
HIST 633 182
HIST 634 187
HIST 635 224
HIST 636 163
HIST 637 199
HIST 638 171
HIST 639 181
HIST 640 191
HIST 641 173
HIST 642 208
HIST 643 214
HIST 644 171
HIST 645 186
HIST 646 185
HIST 647 160
HIST 648 197
HIST 649 197
HIST 650 188
HIST 651 154
HIST 652 188
HIST 653 185
HIST 654 183
HIST 655 180
HIST 656 191
HIST 657 173
HIST 658 214
HIST 659 183
HIST 660 185
HIST 661 159
HIST 662 199
HIST 663 154
HIST 664 195
HIST 665 164
HIST 666 196
HIST 667 183
HIST 668 195
HIST 669 185
HIST 670 158
HIST 671 174
HIST 672 196
HIST 673 195
HIST 674 200
HIST 675 172
HIST 676 188
HIST 677 193
HIST 678 164
HIST 679 173
HIST 680 193
HIST 681 195
HIST 682 165
HIST 683 197
HIST 684 166
HIST 685 151
HIST 686 177
HIST 687 174
HIST 688 176
HIST 689 183
HIST 690 165
HIST 691 201
HIST 692 200
HIST 693 161
HIST 694 166
HIST 695 170
HIST 696 198
HIST 697 203
HIST 698 178
HIST 699 217
HIST 700 183
HIST 701 192
HIST 702 181
HIST 703 171
HIST 704 169
HIST 705 183
HIST 706 169
HIST 707 184
HIST 708 190
HIST 709 188
HIST 710 183
HIST 711 180
HIST 712 173
HIST 713 179
HIST 714 171
HIST 715 192
HIST 716 209
HIST 717 204
HIST 718 186
HIST 719 168
HIST 720 173
HIST 721 179
HIST 722 176
HIST 723 174
HIST 724 171
HIST 725 176
HIST 726 183
HIST 727 191
HIST 728 178
HIST 729 178
HIST 730 160
HIST 731 176
HIST 732 160
HIST 733 169
HIST 734 188
HIST 735 201
HIST 736 168
HIST 737 170
HIST 738 194
HIST 739 205
HIST 740 170
HIST 741 185
HIST 742 179
HIST 743 182
HIST 744 188
HIST 745 160
HIST 746 173
HIST 747 209
HIST 748 189
HIST 749 205
HIST 750 140
HIST 751 212
HIST 752 190
HIST 753 172
HIST 754 183
HIST 755 195
HIST 756 190
HIST 757 177
HIST 758 182
HIST 759 172
HIST 760 196
HIST 761 185
HIST 762 177
HIST 763 180
HIST 764 181
HIST 765 174
HIST 766 192
HIST 767 172
HIST 768 186
HIST 769 173
HIST 770 164
HIST 771 189
HIST 772 183
HIST 773 171
HIST 774 192
HIST 775 170
HIST 776 175
HIST 777 186
HIST 778 178
HIST 779 176
HIST 780 167
HIST 781 184
HIST 782 173
HIST 783 167
HIST 784 180
HIST 785 202
HIST 786 179
HIST 787 189
HIST 788 183
HIST 789 165
HIST 790 183
HIST 791 208
HIST 792 197
HIST 793 188
HIST 794 180
HIST 795 182
HIST 796 174
HIST 797 190
HIST 798 172
HIST 799 182
HIST 800 195
HIST 801 183
HIST 802 183
HIST 803 171
HIST 804 184
HIST 805 166
HIST 806 178
HIST 807 182
HIST 808 170
HIST 809 181
HIST 810 182
HIST 811 187
HIST 812 163
HIST 813 194
HIST 814 221
HIST 815 172
HIST 816 187
HIST 817 164
HIST 818 192
HIST 819 191
HIST 820 210
HIST 821 192
HIST 822 182
HIST 823 168
HIST 824 184
HIST 825 180
HIST 826 168
HIST 827 179
HIST 828 153
HIST 829 184
HIST 830 181
HIST 831 175
HIST 832 170
HIST 833 192
HIST 834 186
HIST 835 198
HIST 836 192
HIST 837 172
HIST 838 182
HIST 839 171
HIST 840 161
HIST 841 201
HIST 842 167
HIST 843 176
HIST 844 174
HIST 845 219
HIST 846 172
HIST 847 180
HIST 848 162
HIST 849 190
HIST 850 194
HIST 851 200
HIST 852 169
HIST 853 204
HIST 854 181
HIST 855 219
HIST 856 179
HIST 857 168
HIST 858 188
HIST 859 171
HIST 860 191
HIST 861 195
HIST 862 204
HIST 863 204
HIST 864 195
HIST 865 202
HIST 866 186
HIST 867 173
HIST 868 192
HIST 869 213
HIST 870 194
HIST 871 184
HIST 872 175
HIST 873 189
HIST 874 194
HIST 875 190
HIST 876 190
HIST 877 200
HIST 878 182
HIST 879 179
HIST 880 193
HIST 881 191
HIST 882 177
HIST 883 194
HIST 884 195
HIST 885 192
HIST 886 223
HIST 887 164
HIST 888 179
HIST 889 177
HIST 890 186
HIST 891 159
HIST 892 195
HIST 893 185
HIST 894 193
HIST 895 174
HIST 896 201
HIST 897 195
HIST 898 189
HIST 899 227
HIST 900 185
HIST 901 200
HIST 902 204
HIST 903 198
HIST 904 207
HIST 905 182
HIST 906 191
HIST 907 184
HIST 908 216
HIST 909 190
HIST 910 173
HIST 911 185
HIST 912 204
HIST 913 193
HIST 914 188
HIST 915 207
HIST 916 201
HIST 917 166
HIST 918 205
HIST 919 178
HIST 920 204
HIST 921 189
HIST 922 197
HIST 923 195
HIST 924 167
HIST 925 205
HIST 926 191
HIST 927 191
HIST 928 187
HIST 929 209
HIST 930 220
HIST 931 184
HIST 932 182
HIST 933 194
HIST 934 219
HIST 935 207
HIST 936 184
HIST 937 199
HIST 938 189
HIST 939 201
HIST 940 223
HIST 941 200
HIST 942 191
HIST 943 205
HIST 944 214
HIST 945 182
HIST 946 203
HIST 947 178
HIST 948 211
HIST 949 196
HIST 950 2185
HIST 951 209
HIST 952 192
HIST 953 202
HIST 954 179
HIST 955 207
HIST 956 202
HIST 957 197
HIST 958 198
HIST 959 200
HIST 960 193
HIST 961 209
HIST 962 201
HIST 963 197
HIST 964 229
HIST 965 193
HIST 966 207
HIST 967 169
HIST 968 196
HIST 969 209
HIST 970 211
HIST 971 181
HIST 972 210
HIST 973 204
HIST 974 192
HIST 975 235
HIST 976 220
HIST 977 223
HIST 978 204
HIST 979 191
HIST 980 213
HIST 981 172
HIST 982 187
HIST 983 203
HIST 984 220
HIST 985 219
HIST 986 196
HIST 987 208
HIST 988 194
HIST 989 224
HIST 990 191
HIST 991 199
HIST 992 218
HIST 993 223
HIST 994 235
HIST 995 239
HIST 996 228
HIST 997 226
HIST 998 211
HIST 999 205
HIST 1000 230
HIST 1001 200
HIST 1002 214
HIST 1003 211
HIST 1004 200
HIST 1005 186
HIST 1006 190
HIST 1007 183
HIST 1008 225
HIST 1009 215
HIST 1010 206
HIST 1011 216
HIST 1012 197
HIST 1013 204
HIST 1014 195
HIST 1015 198
HIST 1016 209
HIST 1017 216
HIST 1018 189
HIST 1019 213
HIST 1020 208
HIST 1021 212
HIST 1022 208
HIST 1023 236
HIST 1024 197
HIST 1025 221
HIST 1026 219
HIST 1027 199
HIST 1028 230
HIST 1029 227
HIST 1030 236
HIST 1031 205
HIST 1032 229
HIST 1033 237
HIST 1034 234
HIST 1035 245
HIST 1036 232
HIST 1037 219
HIST 1038 256
HIST 1039 223
HIST 1040 236
HIST 1041 215
HIST 1042 224
HIST 1043 200
HIST 1044 221
HIST 1045 201
HIST 1046 244
HIST 1047 263
HIST 1048 215
HIST 1049 236
HIST 1050 225
HIST 1051 237
HIST 1052 246
HIST 1053 227
HIST 1054 227
HIST 1055 221
HIST 1056 233
HIST 1057 253
HIST 1058 234
HIST 1059 245
HIST 1060 228
HIST 1061 236
HIST 1062 241
HIST 1063 212
HIST 1064 246
HIST 1065 212
HIST 1066 244
HIST 1067 223
HIST 1068 251
HIST 1069 244
HIST 1070 235
HIST 1071 228
HIST 1072 212
HIST 1073 241
HIST 1074 250
HIST 1075 225
HIST 1076 230
HIST 1077 242
HIST 1078 220
HIST 1079 244
HIST 1080 222
HIST 1081 240
HIST 1082 234
HIST 1083 226
HIST 1084 216
HIST 1085 240
HIST 1086 234
HIST 1087 219
HIST 1088 228
HIST 1089 223
HIST 1090 213
HIST 1091 222
HIST 1092 246
HIST 1093 213
HIST 1094 245
HIST 1095 247
HIST 1096 240
HIST 1097 223
HIST 1098 227
HIST 1099 253
HIST 1100 224
HIST 1101 238
HIST 1102 257
HIST 1103 257
HIST 1104 232
HIST 1105 268
HIST 1106 226
HIST 1107 227
HIST 1108 232
HIST 1109 226
HIST 1110 241
HIST 1111 222
HIST 1112 275
HIST 1113 236
HIST 1114 249
HIST 1115 266
HIST 1116 250
HIST 1117 215
HIST 1118 248
HIST 1119 255
HIST 1120 240
HIST 1121 229
HIST 1122 244
HIST 1123 252
HIST 1124 254
HIST 1125 269
HIST 1126 255
HIST 1127 256
HIST 1128 248
HIST 1129 245
HIST 1130 239
HIST 1131 266
HIST 1132 233
HIST 1133 261
HIST 1134 235
HIST 1135 242
HIST 1136 242
HIST 1137 247
HIST 1138 220
HIST 1139 242
HIST 1140 255
HIST 1141 241
HIST 1142 247
HIST 1143 244
HIST 1144 254
HIST 1145 277
HIST 1146 214
HIST 1147 254
HIST 1148 238
HIST 1149 248
HIST 1150 259
HIST 1151 262
HIST 1152 246
HIST 1153 290
HIST 1154 244
HIST 1155 250
HIST 1156 278
HIST 1157 270
HIST 1158 262
HIST 1159 283
HIST 1160 248
HIST 1161 275
HIST 1162 269
HIST 1163 260
HIST 1164 251
HIST 1165 277
HIST 1166 266
HIST 1167 265
HIST 1168 262
HIST 1169 272
HIST 1170 248
HIST 1171 282
HIST 1172 259
HIST 1173 247
HIST 1174 258
HIST 1175 258
HIST 1176 258
HIST 1177 266
HIST 1178 289
HIST 1179 270
HIST 1180 265
HIST 1181 272
HIST 1182 257
HIST 1183 286
HIST 1184 272
HIST 1185 269
HIST 1186 273
HIST 1187 264
HIST 1188 283
HIST 1189 270
HIST 1190 275
HIST 1191 249
HIST 1192 269
HIST 1193 275
HIST 1194 300
HIST 1195 265
HIST 1196 286
HIST 1197 266
HIST 1198 300
HIST 1199 265
HIST 1200 292
HIST 1201 258
HIST 1202 253
HIST 1203 271
HIST 1204 272
HIST 1205 275
HIST 1206 310
HIST 1207 293
HIST 1208 318
HIST 1209 261
HIST 1210 307
HIST 1211 301
HIST 1212 278
HIST 1213 289
HIST 1214 299
HIST 1215 293
HIST 1216 309
HIST 1217 316
HIST 1218 320
HIST 1219 303
HIST 1220 303
HIST 1221 270
HIST 1222 275
HIST 1223 326
HIST 1224 321
HIST 1225 319
HIST 1226 315
HIST 1227 314
HIST 1228 343
HIST 1229 288
HIST 1230 289
HIST 1231 293
HIST 1232 332
HIST 1233 300
HIST 1234 284
HIST 1235 284
HIST 1236 282
HIST 1237 291
HIST 1238 301
HIST 1239 318
HIST 1240 295
HIST 1241 264
HIST 1242 254
HIST 1243 245
HIST 1244 222
HIST 1245 183
HIST 1246 162
HIST 1247 183
HIST 1248 140
HIST 1249 136
HIST 1250 164
HIST 1251 151
HIST 1252 127
HIST 1253 139
HIST 1254 111
HIST 1255 158
HIST 1256 136
HIST 1257 117
HIST 1258 122
HIST 1259 131
HIST 1260 105
HIST 1261 122
HIST 1262 125
HIST 1263 95
HIST 1264 97
HIST 1265 129
HIST 1266 104
HIST 1267 111
HIST 1268 104
HIST 1269 97
HIST 1270 92
HIST 1271 89
HIST 1272 89
HIST 1273 107
HIST 1274 79
HIST 1275 81
HIST 1276 97
HIST 1277 85
HIST 1278 87
HIST 1279 91
HIST 1280 72
HIST 1281 81
HIST 1282 79
HIST 1283 83
HIST 1284 88
HIST 1285 98
HIST 1286 73
HIST 1287 64
HIST 1288 88
HIST 1289 67
HIST 1290 67
HIST 1291 71
HIST 1292 80
HIST 1293 65
HIST 1294 62
HIST 1295 69
HIST 1296 49
HIST 1297 71
HIST 1298 66
HIST 1299 74
HIST 1300 69
HIST 1301 60
HIST 1302 42
HIST 1303 56
HIST 1304 44
HIST 1305 66
HIST 1306 58
HIST 1307 55
HIST 1308 54
HIST 1309 58
HIST 1310 48
HIST 1311 49
HIST 1312 57
HIST 1313 44
HIST 1314 48
HIST 1315 53
HIST 1316 43
HIST 1317 61
HIST 1318 43
HIST 1319 38
HIST 1320 34
HIST 1321 43
HIST 1322 37
HIST 1323 41
HIST 1324 43
HIST 1325 44
HIST 1326 41
HIST 1327 39
HIST 1328 37
HIST 1329 39
HIST 1330 39
HIST 1331 29
HIST 1332 33
HIST 1333 32
HIST 1334 33
HIST 1335 40
HIST 1336 38
HIST 1337 35
HIST 1338 33
HIST 1339 36
HIST 1340 20
HIST 1341 34
HIST 1342 19
HIST 1343 21
HIST 1344 28
HIST 1345 25
HIST 1346 18
HIST 1347 31
HIST 1348 32
HIST 1349 25
HIST 1350 22
HIST 1351 31
HIST 1352 29
HIST 1353 29
HIST 1354 22
HIST 1355 23
HIST 1356 22
HIST 1357 33
HIST 1358 26
HIST 1359 24
HIST 1360 21
HIST 1361 33
HIST 1362 29
HIST 1363 20
HIST 1364 21
HIST 1365 24
HIST 1366 28
HIST 1367 18
HIST 1368 24
HIST 1369 18
HIST 1370 21
HIST 1371 19
HIST 1372 22
HIST 1373 19
HIST 1374 20
HIST 1375 28
HIST 1376 23
HIST 1377 19
HIST 1378 19
HIST 1379 16
HIST 1380 9
HIST 1381 21
HIST 1382 23
HIST 1383 16
HIST 1384 20
HIST 1385 14
HIST 1386 11
HIST 1387 19
HIST 1388 11
HIST 1389 12
HIST 1390 14
HIST 1391 24
HIST 1392 15
HIST 1393 12
HIST 1394 19
HIST 1395 14
HIST 1396 18
HIST 1397 15
HIST 1398 13
HIST 1399 23
HIST 1400 16
HIST 1401 17
HIST 1402 15
HIST 1403 12
HIST 1404 16
HIST 1405 17
HIST 1406 11
HIST 1407 11
HIST 1408 12
HIST 1409 16
HIST 1410 11
HIST 1411 11
HIST 1412 18
HIST 1413 9
HIST 1414 13
HIST 1415 11
HIST 1416 15
HIST 1417 15
HIST 1418 14
HIST 1419 10
HIST 1420 14
HIST 1421 5
HIST 1422 9
HIST 1423 11
HIST 1424 15
HIST 1425 10
HIST 1426 9
HIST 1427 5
HIST 1428 38
HIST 1429 94
HIST 1430 7
HIST 1431 10
HIST 1432 170
HIST 1433 100
HIST 1434 10
HIST 1435 12
HIST 1436 12
HIST 1437 3
HIST 1438 8
HIST 1439 10
HIST 1440 16
HIST 1441 10
HIST 1442 8
HIST 1443 11
HIST 1444 5
HIST 1445 6
HIST 1446 6
HIST 1447 6
HIST 1448 10
HIST 1449 9
HIST 1450 7
HIST 1451 11
HIST 1452 11
HIST 1453 2
HIST 1454 7
HIST 1455 5
HIST 1456 10
HIST 1457 12
HIST 1458 14
HIST 1459 7
HIST 1460 11
HIST 1461 123160
HISTEND
