P55 flags: vacuum=1 nofluct=0 nodelta=0 lowcut=1 killesc=0
 Energy thresholds :  gamma  990 eV     e-  990 eV     e+  990 eV  proton 100 keV
 Material : scene_mat_3
RESULT decays=40000000
RESULT any=2230596 eps_total=5.576490e-02
RESULT window=661.657 counts=493975 eps=1.234937e-02
HISTBEGIN bins=663 bin_kev=1.000000 decays=40000000
HIST 0 1083
HIST 1 3447
HIST 2 3646
HIST 3 3784
HIST 4 3714
HIST 5 4018
HIST 6 4221
HIST 7 4348
HIST 8 4359
HIST 9 4282
HIST 10 4201
HIST 11 4274
HIST 12 4503
HIST 13 4362
HIST 14 4225
HIST 15 4258
HIST 16 4344
HIST 17 4291
HIST 18 4258
HIST 19 4198
HIST 20 4208
HIST 21 4265
HIST 22 4297
HIST 23 4202
HIST 24 4174
HIST 25 3909
HIST 26 4309
HIST 27 4126
HIST 28 4184
HIST 29 4084
HIST 30 4277
HIST 31 4119
HIST 32 4118
HIST 33 4125
HIST 34 4115
HIST 35 4159
HIST 36 4296
HIST 37 4146
HIST 38 4028
HIST 39 4003
HIST 40 4220
HIST 41 4088
HIST 42 4180
HIST 43 4079
HIST 44 4029
HIST 45 4007
HIST 46 4069
HIST 47 3989
HIST 48 3992
HIST 49 3987
HIST 50 3963
HIST 51 4036
HIST 52 4019
HIST 53 3988
HIST 54 3967
HIST 55 4017
HIST 56 4039
HIST 57 3950
HIST 58 3983
HIST 59 3919
HIST 60 3875
HIST 61 3984
HIST 62 3924
HIST 63 3811
HIST 64 3894
HIST 65 3866
HIST 66 3788
HIST 67 3931
HIST 68 3864
HIST 69 3808
HIST 70 3805
HIST 71 3732
HIST 72 3842
HIST 73 3926
HIST 74 3824
HIST 75 3801
HIST 76 3874
HIST 77 3889
HIST 78 3840
HIST 79 3828
HIST 80 3793
HIST 81 3744
HIST 82 3695
HIST 83 3622
HIST 84 3818
HIST 85 3722
HIST 86 3740
HIST 87 3716
HIST 88 3774
HIST 89 3700
HIST 90 3649
HIST 91 3773
HIST 92 3682
HIST 93 3706
HIST 94 3728
HIST 95 3748
HIST 96 3618
HIST 97 3623
HIST 98 3533
HIST 99 3623
HIST 100 3461
HIST 101 3531
HIST 102 3575
HIST 103 3604
HIST 104 3686
HIST 105 3588
HIST 106 3580
HIST 107 3625
HIST 108 3522
HIST 109 3573
HIST 110 3623
HIST 111 3543
HIST 112 3559
HIST 113 3536
HIST 114 3575
HIST 115 3475
HIST 116 3653
HIST 117 3656
HIST 118 3675
HIST 119 3583
HIST 120 3583
HIST 121 3588
HIST 122 3576
HIST 123 3628
HIST 124 3465
HIST 125 3564
HIST 126 3538
HIST 127 3628
HIST 128 3556
HIST 129 3508
HIST 130 3482
HIST 131 3474
HIST 132 3520
HIST 133 3574
HIST 134 3416
HIST 135 3387
HIST 136 3521
HIST 137 3443
HIST 138 3488
HIST 139 3456
HIST 140 3455
HIST 141 3615
HIST 142 3430
HIST 143 3463
HIST 144 3450
HIST 145 3484
HIST 146 3323
HIST 147 3369
HIST 148 3486
HIST 149 3392
HIST 150 3392
HIST 151 3455
HIST 152 3419
HIST 153 3404
HIST 154 3426
HIST 155 3407
HIST 156 3413
HIST 157 3342
HIST 158 3438
HIST 159 3452
HIST 160 3387
HIST 161 3346
HIST 162 3363
HIST 163 3420
HIST 164 3458
HIST 165 3319
HIST 166 3549
HIST 167 3359
HIST 168 3348
HIST 169 3424
HIST 170 3336
HIST 171 3268
HIST 172 3469
HIST 173 3292
HIST 174 3362
HIST 175 3416
HIST 176 3406
HIST 177 3461
HIST 178 3369
HIST 179 3355
HIST 180 3374
HIST 181 3401
HIST 182 3562
HIST 183 3667
HIST 184 3760
HIST 185 3982
HIST 186 4110
HIST 187 4165
HIST 188 4196
HIST 189 4331
HIST 190 4438
HIST 191 4352
HIST 192 4333
HIST 193 4438
HIST 194 4360
HIST 195 4283
HIST 196 4329
HIST 197 4174
HIST 198 4230
HIST 199 4333
HIST 200 4111
HIST 201 4361
HIST 202 4266
HIST 203 4209
HIST 204 4253
HIST 205 4311
HIST 206 4156
HIST 207 4164
HIST 208 4199
HIST 209 4076
HIST 210 4101
HIST 211 4184
HIST 212 4132
HIST 213 4070
HIST 214 4029
HIST 215 4103
HIST 216 3947
HIST 217 3980
HIST 218 3998
HIST 219 3840
HIST 220 3989
HIST 221 3894
HIST 222 3982
HIST 223 3792
HIST 224 3894
HIST 225 3881
HIST 226 3765
HIST 227 3869
HIST 228 3698
HIST 229 3807
HIST 230 3729
HIST 231 3713
HIST 232 3748
HIST 233 3659
HIST 234 3663
HIST 235 3638
HIST 236 3802
HIST 237 3640
HIST 238 3666
HIST 239 3572
HIST 240 3595
HIST 241 3677
HIST 242 3611
HIST 243 3569
HIST 244 3644
HIST 245 3570
HIST 246 3505
HIST 247 3569
HIST 248 3387
HIST 249 3469
HIST 250 3457
HIST 251 3494
HIST 252 3412
HIST 253 3375
HIST 254 3352
HIST 255 3403
HIST 256 3465
HIST 257 3440
HIST 258 3369
HIST 259 3369
HIST 260 3156
HIST 261 3354
HIST 262 3319
HIST 263 3397
HIST 264 3309
HIST 265 3215
HIST 266 3266
HIST 267 3159
HIST 268 3304
HIST 269 3210
HIST 270 3286
HIST 271 3240
HIST 272 3254
HIST 273 3267
HIST 274 3167
HIST 275 3190
HIST 276 3157
HIST 277 3149
HIST 278 3104
HIST 279 3132
HIST 280 3191
HIST 281 3177
HIST 282 3265
HIST 283 3165
HIST 284 3178
HIST 285 3077
HIST 286 3048
HIST 287 3162
HIST 288 3105
HIST 289 3157
HIST 290 3052
HIST 291 3124
HIST 292 3025
HIST 293 3038
HIST 294 2990
HIST 295 3174
HIST 296 3061
HIST 297 3121
HIST 298 3033
HIST 299 3057
HIST 300 2997
HIST 301 3071
HIST 302 3074
HIST 303 2956
HIST 304 3063
HIST 305 2998
HIST 306 2918
HIST 307 3086
HIST 308 2911
HIST 309 3086
HIST 310 3034
HIST 311 2997
HIST 312 3020
HIST 313 3098
HIST 314 3124
HIST 315 2910
HIST 316 3009
HIST 317 2981
HIST 318 2934
HIST 319 2988
HIST 320 3006
HIST 321 2983
HIST 322 2902
HIST 323 2898
HIST 324 3012
HIST 325 2960
HIST 326 2853
HIST 327 3020
HIST 328 2982
HIST 329 2986
HIST 330 2986
HIST 331 2969
HIST 332 2949
HIST 333 2934
HIST 334 2935
HIST 335 2911
HIST 336 2825
HIST 337 2904
HIST 338 2922
HIST 339 2870
HIST 340 2939
HIST 341 2951
HIST 342 2884
HIST 343 2919
HIST 344 2969
HIST 345 2832
HIST 346 2907
HIST 347 2994
HIST 348 2971
HIST 349 2915
HIST 350 2745
HIST 351 2924
HIST 352 2918
HIST 353 2869
HIST 354 2956
HIST 355 2933
HIST 356 2893
HIST 357 2991
HIST 358 2838
HIST 359 2880
HIST 360 2938
HIST 361 2901
HIST 362 2949
HIST 363 2896
HIST 364 2931
HIST 365 2872
HIST 366 2906
HIST 367 2825
HIST 368 2900
HIST 369 3015
HIST 370 2926
HIST 371 2915
HIST 372 3075
HIST 373 2925
HIST 374 2913
HIST 375 2969
HIST 376 2960
HIST 377 2953
HIST 378 2982
HIST 379 2926
HIST 380 2954
HIST 381 3048
HIST 382 2995
HIST 383 3030
HIST 384 3046
HIST 385 2977
HIST 386 3012
HIST 387 3124
HIST 388 2972
HIST 389 2994
HIST 390 2987
HIST 391 2920
HIST 392 3085
HIST 393 3050
HIST 394 2951
HIST 395 3029
HIST 396 3030
HIST 397 3062
HIST 398 2982
HIST 399 3129
HIST 400 3033
HIST 401 3049
HIST 402 3066
HIST 403 2999
HIST 404 3061
HIST 405 3168
HIST 406 3219
HIST 407 3058
HIST 408 3114
HIST 409 3085
HIST 410 3072
HIST 411 3098
HIST 412 3151
HIST 413 3023
HIST 414 3281
HIST 415 3114
HIST 416 3073
HIST 417 3131
HIST 418 3212
HIST 419 3183
HIST 420 3168
HIST 421 3212
HIST 422 3256
HIST 423 3120
HIST 424 3181
HIST 425 3314
HIST 426 3183
HIST 427 3221
HIST 428 3289
HIST 429 3370
HIST 430 3323
HIST 431 3309
HIST 432 3283
HIST 433 3286
HIST 434 3286
HIST 435 3423
HIST 436 3352
HIST 437 3247
HIST 438 3314
HIST 439 3238
HIST 440 3336
HIST 441 3315
HIST 442 3377
HIST 443 3388
HIST 444 3413
HIST 445 3335
HIST 446 3385
HIST 447 3342
HIST 448 3507
HIST 449 3543
HIST 450 3471
HIST 451 3388
HIST 452 3438
HIST 453 3417
HIST 454 3515
HIST 455 3493
HIST 456 3550
HIST 457 3537
HIST 458 3546
HIST 459 3594
HIST 460 3445
HIST 461 3537
HIST 462 3512
HIST 463 3611
HIST 464 3500
HIST 465 3608
HIST 466 3581
HIST 467 3489
HIST 468 3563
HIST 469 3578
HIST 470 3507
HIST 471 3464
HIST 472 3491
HIST 473 3384
HIST 474 3347
HIST 475 3302
HIST 476 2990
HIST 477 2593
HIST 478 2142
HIST 479 1867
HIST 480 1644
HIST 481 1443
HIST 482 1373
HIST 483 1285
HIST 484 1245
HIST 485 1151
HIST 486 1176
HIST 487 1107
HIST 488 1038
HIST 489 953
HIST 490 918
HIST 491 958
HIST 492 914
HIST 493 915
HIST 494 855
HIST 495 819
HIST 496 797
HIST 497 809
HIST 498 718
HIST 499 727
HIST 500 700
HIST 501 701
HIST 502 697
HIST 503 648
HIST 504 615
HIST 505 637
HIST 506 593
HIST 507 603
HIST 508 584
HIST 509 572
HIST 510 581
HIST 511 526
HIST 512 549
HIST 513 519
HIST 514 517
HIST 515 479
HIST 516 477
HIST 517 511
HIST 518 459
HIST 519 440
HIST 520 458
HIST 521 420
HIST 522 450
HIST 523 413
HIST 524 429
HIST 525 436
HIST 526 409
HIST 527 376
HIST 528 394
HIST 529 420
HIST 530 384
HIST 531 360
HIST 532 356
HIST 533 354
HIST 534 356
HIST 535 355
HIST 536 335
HIST 537 319
HIST 538 337
HIST 539 298
HIST 540 307
HIST 541 284
HIST 542 275
HIST 543 274
HIST 544 293
HIST 545 297
HIST 546 290
HIST 547 273
HIST 548 263
HIST 549 268
HIST 550 242
HIST 551 246
HIST 552 255
HIST 553 241
HIST 554 229
HIST 555 216
HIST 556 212
HIST 557 212
HIST 558 221
HIST 559 200
HIST 560 214
HIST 561 239
HIST 562 220
HIST 563 219
HIST 564 195
HIST 565 214
HIST 566 226
HIST 567 206
HIST 568 234
HIST 569 201
HIST 570 216
HIST 571 197
HIST 572 206
HIST 573 187
HIST 574 193
HIST 575 193
HIST 576 200
HIST 577 211
HIST 578 206
HIST 579 218
HIST 580 253
HIST 581 209
HIST 582 219
HIST 583 222
HIST 584 210
HIST 585 211
HIST 586 199
HIST 587 180
HIST 588 195
HIST 589 211
HIST 590 178
HIST 591 191
HIST 592 180
HIST 593 157
HIST 594 189
HIST 595 170
HIST 596 148
HIST 597 161
HIST 598 160
HIST 599 152
HIST 600 152
HIST 601 146
HIST 602 162
HIST 603 152
HIST 604 164
HIST 605 160
HIST 606 139
HIST 607 134
HIST 608 139
HIST 609 164
HIST 610 108
HIST 611 108
HIST 612 134
HIST 613 121
HIST 614 120
HIST 615 119
HIST 616 117
HIST 617 130
HIST 618 110
HIST 619 110
HIST 620 120
HIST 621 103
HIST 622 100
HIST 623 102
HIST 624 103
HIST 625 83
HIST 626 175
HIST 627 376
HIST 628 107
HIST 629 1212
HIST 630 88
HIST 631 4747
HIST 632 108
HIST 633 3497
HIST 634 97
HIST 635 96
HIST 636 88
HIST 637 91
HIST 638 86
HIST 639 76
HIST 640 97
HIST 641 76
HIST 642 94
HIST 643 79
HIST 644 86
HIST 645 79
HIST 646 70
HIST 647 88
HIST 648 81
HIST 649 88
HIST 650 65
HIST 651 58
HIST 652 77
HIST 653 62
HIST 654 75
HIST 655 68
HIST 656 81
HIST 657 94
HIST 658 116
HIST 659 191
HIST 660 163
HIST 661 94
HIST 662 493950
HISTEND
