P55 flags: vacuum=1 nofluct=0 nodelta=1 lowcut=0 killesc=0
 Energy thresholds :  gamma  990 eV     e-  990 eV     e+  990 eV  proton 100 keV
 Material : scene_mat_3
RESULT decays=40000000
RESULT any=1410398 eps_total=3.525995e-02
RESULT window=2614.511 counts=40075 eps=1.001875e-03
HISTBEGIN bins=2616 bin_kev=1.000000 decays=40000000
HIST 0 354
HIST 1 883
HIST 2 886
HIST 3 909
HIST 4 932
HIST 5 947
HIST 6 1045
HIST 7 1082
HIST 8 1039
HIST 9 1028
HIST 10 1033
HIST 11 1066
HIST 12 1046
HIST 13 1053
HIST 14 1098
HIST 15 1094
HIST 16 1045
HIST 17 1104
HIST 18 1068
HIST 19 1048
HIST 20 1015
HIST 21 1049
HIST 22 1025
HIST 23 1119
HIST 24 1089
HIST 25 1045
HIST 26 1090
HIST 27 1103
HIST 28 1084
HIST 29 1083
HIST 30 1092
HIST 31 1039
HIST 32 990
HIST 33 1002
HIST 34 1040
HIST 35 1003
HIST 36 988
HIST 37 1039
HIST 38 1009
HIST 39 1020
HIST 40 1022
HIST 41 985
HIST 42 980
HIST 43 989
HIST 44 972
HIST 45 944
HIST 46 979
HIST 47 972
HIST 48 1022
HIST 49 991
HIST 50 939
HIST 51 978
HIST 52 941
HIST 53 948
HIST 54 964
HIST 55 917
HIST 56 929
HIST 57 938
HIST 58 935
HIST 59 931
HIST 60 891
HIST 61 955
HIST 62 947
HIST 63 871
HIST 64 882
HIST 65 884
HIST 66 868
HIST 67 913
HIST 68 909
HIST 69 917
HIST 70 893
HIST 71 851
HIST 72 851
HIST 73 902
HIST 74 942
HIST 75 864
HIST 76 886
HIST 77 900
HIST 78 843
HIST 79 877
HIST 80 896
HIST 81 907
HIST 82 847
HIST 83 850
HIST 84 866
HIST 85 818
HIST 86 864
HIST 87 890
HIST 88 802
HIST 89 862
HIST 90 882
HIST 91 851
HIST 92 820
HIST 93 816
HIST 94 852
HIST 95 769
HIST 96 851
HIST 97 827
HIST 98 760
HIST 99 802
HIST 100 868
HIST 101 797
HIST 102 816
HIST 103 776
HIST 104 800
HIST 105 846
HIST 106 805
HIST 107 803
HIST 108 808
HIST 109 848
HIST 110 869
HIST 111 798
HIST 112 826
HIST 113 773
HIST 114 786
HIST 115 808
HIST 116 845
HIST 117 836
HIST 118 845
HIST 119 850
HIST 120 821
HIST 121 797
HIST 122 855
HIST 123 782
HIST 124 771
HIST 125 826
HIST 126 833
HIST 127 814
HIST 128 789
HIST 129 809
HIST 130 747
HIST 131 782
HIST 132 799
HIST 133 763
HIST 134 782
HIST 135 761
HIST 136 772
HIST 137 704
HIST 138 748
HIST 139 810
HIST 140 796
HIST 141 722
HIST 142 742
HIST 143 786
HIST 144 779
HIST 145 797
HIST 146 756
HIST 147 798
HIST 148 754
HIST 149 766
HIST 150 776
HIST 151 778
HIST 152 722
HIST 153 784
HIST 154 794
HIST 155 742
HIST 156 777
HIST 157 769
HIST 158 709
HIST 159 817
HIST 160 770
HIST 161 768
HIST 162 775
HIST 163 720
HIST 164 764
HIST 165 754
HIST 166 719
HIST 167 728
HIST 168 677
HIST 169 761
HIST 170 703
HIST 171 778
HIST 172 710
HIST 173 746
HIST 174 710
HIST 175 769
HIST 176 728
HIST 177 718
HIST 178 814
HIST 179 700
HIST 180 767
HIST 181 717
HIST 182 748
HIST 183 717
HIST 184 710
HIST 185 708
HIST 186 766
HIST 187 719
HIST 188 698
HIST 189 706
HIST 190 703
HIST 191 732
HIST 192 748
HIST 193 697
HIST 194 707
HIST 195 716
HIST 196 710
HIST 197 693
HIST 198 700
HIST 199 760
HIST 200 725
HIST 201 714
HIST 202 680
HIST 203 720
HIST 204 703
HIST 205 717
HIST 206 742
HIST 207 683
HIST 208 689
HIST 209 694
HIST 210 699
HIST 211 670
HIST 212 709
HIST 213 741
HIST 214 693
HIST 215 712
HIST 216 693
HIST 217 691
HIST 218 697
HIST 219 692
HIST 220 705
HIST 221 710
HIST 222 720
HIST 223 669
HIST 224 688
HIST 225 689
HIST 226 677
HIST 227 679
HIST 228 717
HIST 229 677
HIST 230 745
HIST 231 678
HIST 232 747
HIST 233 738
HIST 234 800
HIST 235 814
HIST 236 774
HIST 237 816
HIST 238 802
HIST 239 836
HIST 240 784
HIST 241 830
HIST 242 828
HIST 243 768
HIST 244 780
HIST 245 839
HIST 246 777
HIST 247 824
HIST 248 811
HIST 249 839
HIST 250 824
HIST 251 822
HIST 252 887
HIST 253 756
HIST 254 766
HIST 255 849
HIST 256 848
HIST 257 804
HIST 258 786
HIST 259 844
HIST 260 783
HIST 261 786
HIST 262 813
HIST 263 856
HIST 264 795
HIST 265 789
HIST 266 742
HIST 267 801
HIST 268 801
HIST 269 764
HIST 270 796
HIST 271 749
HIST 272 752
HIST 273 782
HIST 274 825
HIST 275 778
HIST 276 749
HIST 277 734
HIST 278 747
HIST 279 728
HIST 280 748
HIST 281 714
HIST 282 717
HIST 283 764
HIST 284 702
HIST 285 767
HIST 286 798
HIST 287 729
HIST 288 756
HIST 289 759
HIST 290 783
HIST 291 734
HIST 292 724
HIST 293 694
HIST 294 740
HIST 295 756
HIST 296 731
HIST 297 731
HIST 298 702
HIST 299 707
HIST 300 741
HIST 301 699
HIST 302 745
HIST 303 715
HIST 304 716
HIST 305 677
HIST 306 738
HIST 307 708
HIST 308 703
HIST 309 638
HIST 310 703
HIST 311 705
HIST 312 755
HIST 313 648
HIST 314 710
HIST 315 690
HIST 316 664
HIST 317 686
HIST 318 716
HIST 319 699
HIST 320 683
HIST 321 707
HIST 322 669
HIST 323 703
HIST 324 743
HIST 325 643
HIST 326 683
HIST 327 660
HIST 328 677
HIST 329 680
HIST 330 653
HIST 331 686
HIST 332 721
HIST 333 693
HIST 334 674
HIST 335 702
HIST 336 612
HIST 337 678
HIST 338 673
HIST 339 660
HIST 340 644
HIST 341 677
HIST 342 687
HIST 343 669
HIST 344 655
HIST 345 640
HIST 346 646
HIST 347 644
HIST 348 627
HIST 349 701
HIST 350 695
HIST 351 620
HIST 352 612
HIST 353 641
HIST 354 669
HIST 355 702
HIST 356 589
HIST 357 625
HIST 358 648
HIST 359 602
HIST 360 676
HIST 361 634
HIST 362 629
HIST 363 611
HIST 364 621
HIST 365 693
HIST 366 644
HIST 367 610
HIST 368 649
HIST 369 671
HIST 370 651
HIST 371 624
HIST 372 639
HIST 373 620
HIST 374 609
HIST 375 650
HIST 376 614
HIST 377 684
HIST 378 607
HIST 379 597
HIST 380 580
HIST 381 660
HIST 382 682
HIST 383 625
HIST 384 603
HIST 385 647
HIST 386 622
HIST 387 626
HIST 388 605
HIST 389 646
HIST 390 609
HIST 391 655
HIST 392 609
HIST 393 633
HIST 394 637
HIST 395 575
HIST 396 632
HIST 397 577
HIST 398 561
HIST 399 619
HIST 400 574
HIST 401 621
HIST 402 625
HIST 403 602
HIST 404 549
HIST 405 612
HIST 406 611
HIST 407 620
HIST 408 607
HIST 409 564
HIST 410 570
HIST 411 614
HIST 412 595
HIST 413 605
HIST 414 536
HIST 415 571
HIST 416 629
HIST 417 587
HIST 418 616
HIST 419 563
HIST 420 593
HIST 421 598
HIST 422 641
HIST 423 621
HIST 424 558
HIST 425 605
HIST 426 589
HIST 427 531
HIST 428 589
HIST 429 581
HIST 430 564
HIST 431 603
HIST 432 621
HIST 433 596
HIST 434 567
HIST 435 566
HIST 436 569
HIST 437 600
HIST 438 551
HIST 439 591
HIST 440 579
HIST 441 596
HIST 442 567
HIST 443 552
HIST 444 590
HIST 445 596
HIST 446 551
HIST 447 576
HIST 448 571
HIST 449 581
HIST 450 581
HIST 451 602
HIST 452 601
HIST 453 614
HIST 454 631
HIST 455 582
HIST 456 572
HIST 457 577
HIST 458 643
HIST 459 614
HIST 460 585
HIST 461 544
HIST 462 581
HIST 463 591
HIST 464 597
HIST 465 596
HIST 466 537
HIST 467 567
HIST 468 560
HIST 469 539
HIST 470 591
HIST 471 557
HIST 472 570
HIST 473 542
HIST 474 582
HIST 475 589
HIST 476 586
HIST 477 518
HIST 478 571
HIST 479 528
HIST 480 541
HIST 481 591
HIST 482 581
HIST 483 538
HIST 484 587
HIST 485 533
HIST 486 550
HIST 487 565
HIST 488 551
HIST 489 577
HIST 490 554
HIST 491 575
HIST 492 555
HIST 493 572
HIST 494 531
HIST 495 537
HIST 496 577
HIST 497 551
HIST 498 587
HIST 499 592
HIST 500 521
HIST 501 549
HIST 502 574
HIST 503 540
HIST 504 551
HIST 505 591
HIST 506 519
HIST 507 555
HIST 508 544
HIST 509 571
HIST 510 567
HIST 511 1539
HIST 512 522
HIST 513 557
HIST 514 589
HIST 515 616
HIST 516 564
HIST 517 553
HIST 518 572
HIST 519 572
HIST 520 587
HIST 521 508
HIST 522 554
HIST 523 569
HIST 524 535
HIST 525 517
HIST 526 596
HIST 527 569
HIST 528 567
HIST 529 571
HIST 530 517
HIST 531 519
HIST 532 527
HIST 533 528
HIST 534 550
HIST 535 532
HIST 536 539
HIST 537 571
HIST 538 528
HIST 539 549
HIST 540 563
HIST 541 518
HIST 542 518
HIST 543 573
HIST 544 540
HIST 545 494
HIST 546 562
HIST 547 534
HIST 548 561
HIST 549 505
HIST 550 558
HIST 551 518
HIST 552 524
HIST 553 553
HIST 554 556
HIST 555 550
HIST 556 523
HIST 557 536
HIST 558 524
HIST 559 543
HIST 560 526
HIST 561 551
HIST 562 566
HIST 563 542
HIST 564 528
HIST 565 534
HIST 566 567
HIST 567 518
HIST 568 546
HIST 569 583
HIST 570 554
HIST 571 543
HIST 572 531
HIST 573 529
HIST 574 514
HIST 575 525
HIST 576 510
HIST 577 502
HIST 578 507
HIST 579 507
HIST 580 553
HIST 581 530
HIST 582 540
HIST 583 551
HIST 584 476
HIST 585 548
HIST 586 553
HIST 587 550
HIST 588 548
HIST 589 537
HIST 590 515
HIST 591 532
HIST 592 541
HIST 593 591
HIST 594 543
HIST 595 556
HIST 596 515
HIST 597 490
HIST 598 541
HIST 599 529
HIST 600 528
HIST 601 520
HIST 602 522
HIST 603 515
HIST 604 519
HIST 605 489
HIST 606 477
HIST 607 526
HIST 608 489
HIST 609 538
HIST 610 498
HIST 611 537
HIST 612 521
HIST 613 531
HIST 614 496
HIST 615 482
HIST 616 526
HIST 617 531
HIST 618 538
HIST 619 478
HIST 620 526
HIST 621 527
HIST 622 504
HIST 623 516
HIST 624 545
HIST 625 541
HIST 626 522
HIST 627 538
HIST 628 522
HIST 629 527
HIST 630 476
HIST 631 527
HIST 632 482
HIST 633 468
HIST 634 492
HIST 635 502
HIST 636 516
HIST 637 527
HIST 638 514
HIST 639 467
HIST 640 560
HIST 641 512
HIST 642 499
HIST 643 525
HIST 644 499
HIST 645 519
HIST 646 471
HIST 647 536
HIST 648 529
HIST 649 514
HIST 650 521
HIST 651 491
HIST 652 521
HIST 653 486
HIST 654 562
HIST 655 538
HIST 656 462
HIST 657 521
HIST 658 502
HIST 659 489
HIST 660 505
HIST 661 514
HIST 662 521
HIST 663 477
HIST 664 493
HIST 665 505
HIST 666 477
HIST 667 472
HIST 668 522
HIST 669 496
HIST 670 502
HIST 671 518
HIST 672 498
HIST 673 487
HIST 674 514
HIST 675 486
HIST 676 532
HIST 677 449
HIST 678 484
HIST 679 523
HIST 680 522
HIST 681 509
HIST 682 517
HIST 683 501
HIST 684 509
HIST 685 517
HIST 686 497
HIST 687 499
HIST 688 551
HIST 689 527
HIST 690 493
HIST 691 493
HIST 692 503
HIST 693 534
HIST 694 518
HIST 695 492
HIST 696 536
HIST 697 478
HIST 698 508
HIST 699 452
HIST 700 479
HIST 701 483
HIST 702 454
HIST 703 479
HIST 704 490
HIST 705 509
HIST 706 487
HIST 707 486
HIST 708 492
HIST 709 536
HIST 710 487
HIST 711 501
HIST 712 522
HIST 713 505
HIST 714 477
HIST 715 509
HIST 716 489
HIST 717 480
HIST 718 501
HIST 719 507
HIST 720 494
HIST 721 492
HIST 722 528
HIST 723 452
HIST 724 474
HIST 725 477
HIST 726 492
HIST 727 554
HIST 728 472
HIST 729 482
HIST 730 487
HIST 731 511
HIST 732 506
HIST 733 509
HIST 734 457
HIST 735 488
HIST 736 478
HIST 737 493
HIST 738 479
HIST 739 520
HIST 740 461
HIST 741 482
HIST 742 507
HIST 743 478
HIST 744 481
HIST 745 511
HIST 746 491
HIST 747 473
HIST 748 486
HIST 749 494
HIST 750 498
HIST 751 462
HIST 752 493
HIST 753 464
HIST 754 466
HIST 755 532
HIST 756 519
HIST 757 469
HIST 758 492
HIST 759 477
HIST 760 485
HIST 761 482
HIST 762 497
HIST 763 528
HIST 764 492
HIST 765 487
HIST 766 512
HIST 767 525
HIST 768 500
HIST 769 515
HIST 770 468
HIST 771 495
HIST 772 507
HIST 773 510
HIST 774 486
HIST 775 532
HIST 776 482
HIST 777 473
HIST 778 483
HIST 779 480
HIST 780 457
HIST 781 449
HIST 782 425
HIST 783 471
HIST 784 490
HIST 785 480
HIST 786 471
HIST 787 469
HIST 788 480
HIST 789 475
HIST 790 502
HIST 791 451
HIST 792 496
HIST 793 493
HIST 794 468
HIST 795 507
HIST 796 495
HIST 797 450
HIST 798 467
HIST 799 485
HIST 800 515
HIST 801 473
HIST 802 468
HIST 803 473
HIST 804 480
HIST 805 493
HIST 806 511
HIST 807 495
HIST 808 496
HIST 809 487
HIST 810 475
HIST 811 468
HIST 812 480
HIST 813 456
HIST 814 475
HIST 815 453
HIST 816 488
HIST 817 465
HIST 818 469
HIST 819 494
HIST 820 474
HIST 821 495
HIST 822 502
HIST 823 458
HIST 824 497
HIST 825 512
HIST 826 475
HIST 827 494
HIST 828 474
HIST 829 459
HIST 830 508
HIST 831 481
HIST 832 468
HIST 833 463
HIST 834 460
HIST 835 487
HIST 836 419
HIST 837 511
HIST 838 480
HIST 839 494
HIST 840 417
HIST 841 457
HIST 842 488
HIST 843 498
HIST 844 497
HIST 845 468
HIST 846 491
HIST 847 459
HIST 848 471
HIST 849 519
HIST 850 463
HIST 851 516
HIST 852 489
HIST 853 462
HIST 854 491
HIST 855 488
HIST 856 482
HIST 857 442
HIST 858 451
HIST 859 456
HIST 860 462
HIST 861 437
HIST 862 451
HIST 863 454
HIST 864 463
HIST 865 476
HIST 866 502
HIST 867 491
HIST 868 485
HIST 869 470
HIST 870 456
HIST 871 454
HIST 872 458
HIST 873 453
HIST 874 455
HIST 875 477
HIST 876 502
HIST 877 445
HIST 878 465
HIST 879 469
HIST 880 454
HIST 881 528
HIST 882 461
HIST 883 491
HIST 884 456
HIST 885 470
HIST 886 468
HIST 887 476
HIST 888 474
HIST 889 485
HIST 890 490
HIST 891 459
HIST 892 456
HIST 893 452
HIST 894 455
HIST 895 440
HIST 896 460
HIST 897 424
HIST 898 454
HIST 899 414
HIST 900 470
HIST 901 491
HIST 902 452
HIST 903 460
HIST 904 497
HIST 905 485
HIST 906 435
HIST 907 472
HIST 908 428
HIST 909 450
HIST 910 460
HIST 911 500
HIST 912 491
HIST 913 456
HIST 914 504
HIST 915 453
HIST 916 464
HIST 917 479
HIST 918 454
HIST 919 443
HIST 920 499
HIST 921 489
HIST 922 481
HIST 923 463
HIST 924 481
HIST 925 457
HIST 926 449
HIST 927 451
HIST 928 421
HIST 929 438
HIST 930 471
HIST 931 426
HIST 932 492
HIST 933 432
HIST 934 463
HIST 935 436
HIST 936 420
HIST 937 473
HIST 938 469
HIST 939 456
HIST 940 442
HIST 941 458
HIST 942 489
HIST 943 446
HIST 944 471
HIST 945 459
HIST 946 471
HIST 947 449
HIST 948 493
HIST 949 410
HIST 950 479
HIST 951 450
HIST 952 454
HIST 953 441
HIST 954 451
HIST 955 425
HIST 956 472
HIST 957 456
HIST 958 453
HIST 959 479
HIST 960 480
HIST 961 453
HIST 962 489
HIST 963 470
HIST 964 438
HIST 965 421
HIST 966 429
HIST 967 447
HIST 968 464
HIST 969 471
HIST 970 449
HIST 971 460
HIST 972 435
HIST 973 468
HIST 974 464
HIST 975 476
HIST 976 428
HIST 977 450
HIST 978 473
HIST 979 469
HIST 980 462
HIST 981 477
HIST 982 442
HIST 983 405
HIST 984 418
HIST 985 401
HIST 986 423
HIST 987 453
HIST 988 456
HIST 989 448
HIST 990 458
HIST 991 451
HIST 992 445
HIST 993 465
HIST 994 452
HIST 995 474
HIST 996 482
HIST 997 426
HIST 998 479
HIST 999 469
HIST 1000 449
HIST 1001 431
HIST 1002 449
HIST 1003 468
HIST 1004 471
HIST 1005 436
HIST 1006 471
HIST 1007 427
HIST 1008 451
HIST 1009 461
HIST 1010 460
HIST 1011 416
HIST 1012 446
HIST 1013 471
HIST 1014 405
HIST 1015 471
HIST 1016 451
HIST 1017 395
HIST 1018 447
HIST 1019 448
HIST 1020 452
HIST 1021 437
HIST 1022 437
HIST 1023 430
HIST 1024 462
HIST 1025 433
HIST 1026 418
HIST 1027 493
HIST 1028 472
HIST 1029 416
HIST 1030 445
HIST 1031 440
HIST 1032 461
HIST 1033 387
HIST 1034 418
HIST 1035 467
HIST 1036 449
HIST 1037 439
HIST 1038 430
HIST 1039 456
HIST 1040 479
HIST 1041 434
HIST 1042 454
HIST 1043 466
HIST 1044 425
HIST 1045 431
HIST 1046 490
HIST 1047 445
HIST 1048 462
HIST 1049 464
HIST 1050 433
HIST 1051 432
HIST 1052 402
HIST 1053 431
HIST 1054 427
HIST 1055 423
HIST 1056 442
HIST 1057 469
HIST 1058 440
HIST 1059 467
HIST 1060 418
HIST 1061 439
HIST 1062 481
HIST 1063 445
HIST 1064 462
HIST 1065 461
HIST 1066 426
HIST 1067 434
HIST 1068 445
HIST 1069 477
HIST 1070 483
HIST 1071 433
HIST 1072 479
HIST 1073 475
HIST 1074 430
HIST 1075 436
HIST 1076 432
HIST 1077 458
HIST 1078 465
HIST 1079 480
HIST 1080 438
HIST 1081 453
HIST 1082 459
HIST 1083 497
HIST 1084 468
HIST 1085 448
HIST 1086 437
HIST 1087 429
HIST 1088 433
HIST 1089 405
HIST 1090 446
HIST 1091 454
HIST 1092 448
HIST 1093 427
HIST 1094 469
HIST 1095 444
HIST 1096 469
HIST 1097 444
HIST 1098 423
HIST 1099 455
HIST 1100 425
HIST 1101 469
HIST 1102 474
HIST 1103 432
HIST 1104 475
HIST 1105 462
HIST 1106 478
HIST 1107 445
HIST 1108 424
HIST 1109 465
HIST 1110 450
HIST 1111 430
HIST 1112 467
HIST 1113 412
HIST 1114 449
HIST 1115 424
HIST 1116 436
HIST 1117 422
HIST 1118 456
HIST 1119 424
HIST 1120 419
HIST 1121 436
HIST 1122 438
HIST 1123 468
HIST 1124 410
HIST 1125 449
HIST 1126 472
HIST 1127 476
HIST 1128 437
HIST 1129 437
HIST 1130 451
HIST 1131 453
HIST 1132 423
HIST 1133 450
HIST 1134 463
HIST 1135 445
HIST 1136 502
HIST 1137 477
HIST 1138 426
HIST 1139 410
HIST 1140 442
HIST 1141 436
HIST 1142 447
HIST 1143 423
HIST 1144 425
HIST 1145 431
HIST 1146 465
HIST 1147 455
HIST 1148 452
HIST 1149 428
HIST 1150 403
HIST 1151 422
HIST 1152 417
HIST 1153 474
HIST 1154 421
HIST 1155 429
HIST 1156 467
HIST 1157 438
HIST 1158 469
HIST 1159 425
HIST 1160 448
HIST 1161 440
HIST 1162 419
HIST 1163 429
HIST 1164 446
HIST 1165 430
HIST 1166 450
HIST 1167 442
HIST 1168 403
HIST 1169 448
HIST 1170 427
HIST 1171 430
HIST 1172 450
HIST 1173 460
HIST 1174 441
HIST 1175 417
HIST 1176 468
HIST 1177 420
HIST 1178 458
HIST 1179 467
HIST 1180 436
HIST 1181 446
HIST 1182 424
HIST 1183 449
HIST 1184 436
HIST 1185 433
HIST 1186 467
HIST 1187 428
HIST 1188 456
HIST 1189 459
HIST 1190 464
HIST 1191 455
HIST 1192 432
HIST 1193 438
HIST 1194 468
HIST 1195 429
HIST 1196 469
HIST 1197 436
HIST 1198 467
HIST 1199 425
HIST 1200 450
HIST 1201 460
HIST 1202 459
HIST 1203 418
HIST 1204 431
HIST 1205 448
HIST 1206 448
HIST 1207 411
HIST 1208 459
HIST 1209 463
HIST 1210 457
HIST 1211 448
HIST 1212 456
HIST 1213 430
HIST 1214 456
HIST 1215 446
HIST 1216 439
HIST 1217 447
HIST 1218 456
HIST 1219 419
HIST 1220 454
HIST 1221 457
HIST 1222 463
HIST 1223 430
HIST 1224 453
HIST 1225 440
HIST 1226 420
HIST 1227 427
HIST 1228 428
HIST 1229 426
HIST 1230 455
HIST 1231 452
HIST 1232 447
HIST 1233 487
HIST 1234 456
HIST 1235 452
HIST 1236 433
HIST 1237 431
HIST 1238 431
HIST 1239 413
HIST 1240 442
HIST 1241 441
HIST 1242 443
HIST 1243 455
HIST 1244 451
HIST 1245 418
HIST 1246 469
HIST 1247 420
HIST 1248 419
HIST 1249 446
HIST 1250 460
HIST 1251 422
HIST 1252 452
HIST 1253 442
HIST 1254 459
HIST 1255 444
HIST 1256 470
HIST 1257 443
HIST 1258 495
HIST 1259 426
HIST 1260 474
HIST 1261 430
HIST 1262 406
HIST 1263 438
HIST 1264 438
HIST 1265 426
HIST 1266 431
HIST 1267 420
HIST 1268 440
HIST 1269 424
HIST 1270 447
HIST 1271 413
HIST 1272 389
HIST 1273 424
HIST 1274 403
HIST 1275 402
HIST 1276 407
HIST 1277 421
HIST 1278 419
HIST 1279 445
HIST 1280 439
HIST 1281 447
HIST 1282 454
HIST 1283 450
HIST 1284 458
HIST 1285 454
HIST 1286 453
HIST 1287 438
HIST 1288 448
HIST 1289 451
HIST 1290 416
HIST 1291 437
HIST 1292 445
HIST 1293 406
HIST 1294 477
HIST 1295 425
HIST 1296 442
HIST 1297 430
HIST 1298 476
HIST 1299 463
HIST 1300 457
HIST 1301 443
HIST 1302 405
HIST 1303 429
HIST 1304 454
HIST 1305 432
HIST 1306 450
HIST 1307 444
HIST 1308 455
HIST 1309 447
HIST 1310 469
HIST 1311 466
HIST 1312 443
HIST 1313 428
HIST 1314 438
HIST 1315 419
HIST 1316 439
HIST 1317 424
HIST 1318 459
HIST 1319 458
HIST 1320 454
HIST 1321 444
HIST 1322 465
HIST 1323 405
HIST 1324 397
HIST 1325 419
HIST 1326 421
HIST 1327 483
HIST 1328 424
HIST 1329 443
HIST 1330 459
HIST 1331 455
HIST 1332 437
HIST 1333 448
HIST 1334 459
HIST 1335 464
HIST 1336 466
HIST 1337 452
HIST 1338 445
HIST 1339 456
HIST 1340 401
HIST 1341 447
HIST 1342 422
HIST 1343 431
HIST 1344 431
HIST 1345 470
HIST 1346 438
HIST 1347 467
HIST 1348 414
HIST 1349 463
HIST 1350 437
HIST 1351 465
HIST 1352 447
HIST 1353 448
HIST 1354 459
HIST 1355 445
HIST 1356 452
HIST 1357 451
HIST 1358 432
HIST 1359 474
HIST 1360 417
HIST 1361 429
HIST 1362 388
HIST 1363 423
HIST 1364 433
HIST 1365 447
HIST 1366 429
HIST 1367 455
HIST 1368 441
HIST 1369 426
HIST 1370 452
HIST 1371 458
HIST 1372 454
HIST 1373 434
HIST 1374 436
HIST 1375 460
HIST 1376 435
HIST 1377 486
HIST 1378 436
HIST 1379 442
HIST 1380 445
HIST 1381 417
HIST 1382 426
HIST 1383 444
HIST 1384 404
HIST 1385 426
HIST 1386 433
HIST 1387 458
HIST 1388 455
HIST 1389 451
HIST 1390 454
HIST 1391 464
HIST 1392 486
HIST 1393 427
HIST 1394 415
HIST 1395 428
HIST 1396 447
HIST 1397 461
HIST 1398 450
HIST 1399 457
HIST 1400 444
HIST 1401 431
HIST 1402 468
HIST 1403 450
HIST 1404 447
HIST 1405 437
HIST 1406 450
HIST 1407 423
HIST 1408 449
HIST 1409 432
HIST 1410 471
HIST 1411 434
HIST 1412 414
HIST 1413 454
HIST 1414 420
HIST 1415 450
HIST 1416 498
HIST 1417 448
HIST 1418 499
HIST 1419 435
HIST 1420 420
HIST 1421 448
HIST 1422 495
HIST 1423 458
HIST 1424 397
HIST 1425 475
HIST 1426 449
HIST 1427 467
HIST 1428 441
HIST 1429 419
HIST 1430 426
HIST 1431 459
HIST 1432 458
HIST 1433 443
HIST 1434 431
HIST 1435 476
HIST 1436 439
HIST 1437 461
HIST 1438 462
HIST 1439 456
HIST 1440 452
HIST 1441 406
HIST 1442 440
HIST 1443 447
HIST 1444 436
HIST 1445 440
HIST 1446 467
HIST 1447 449
HIST 1448 458
HIST 1449 451
HIST 1450 445
HIST 1451 448
HIST 1452 459
HIST 1453 443
HIST 1454 446
HIST 1455 429
HIST 1456 426
HIST 1457 445
HIST 1458 424
HIST 1459 442
HIST 1460 422
HIST 1461 431
HIST 1462 440
HIST 1463 424
HIST 1464 405
HIST 1465 432
HIST 1466 435
HIST 1467 414
HIST 1468 421
HIST 1469 476
HIST 1470 456
HIST 1471 477
HIST 1472 454
HIST 1473 443
HIST 1474 450
HIST 1475 402
HIST 1476 442
HIST 1477 451
HIST 1478 450
HIST 1479 432
HIST 1480 426
HIST 1481 423
HIST 1482 436
HIST 1483 412
HIST 1484 472
HIST 1485 422
HIST 1486 431
HIST 1487 437
HIST 1488 434
HIST 1489 463
HIST 1490 434
HIST 1491 458
HIST 1492 415
HIST 1493 412
HIST 1494 460
HIST 1495 445
HIST 1496 400
HIST 1497 428
HIST 1498 391
HIST 1499 426
HIST 1500 429
HIST 1501 393
HIST 1502 390
HIST 1503 392
HIST 1504 442
HIST 1505 422
HIST 1506 404
HIST 1507 399
HIST 1508 438
HIST 1509 419
HIST 1510 416
HIST 1511 406
HIST 1512 432
HIST 1513 444
HIST 1514 426
HIST 1515 401
HIST 1516 448
HIST 1517 406
HIST 1518 400
HIST 1519 415
HIST 1520 423
HIST 1521 422
HIST 1522 395
HIST 1523 382
HIST 1524 450
HIST 1525 406
HIST 1526 409
HIST 1527 421
HIST 1528 404
HIST 1529 403
HIST 1530 439
HIST 1531 462
HIST 1532 408
HIST 1533 434
HIST 1534 418
HIST 1535 427
HIST 1536 420
HIST 1537 448
HIST 1538 433
HIST 1539 437
HIST 1540 401
HIST 1541 388
HIST 1542 394
HIST 1543 418
HIST 1544 430
HIST 1545 421
HIST 1546 423
HIST 1547 409
HIST 1548 399
HIST 1549 399
HIST 1550 374
HIST 1551 416
HIST 1552 413
HIST 1553 428
HIST 1554 425
HIST 1555 385
HIST 1556 408
HIST 1557 418
HIST 1558 419
HIST 1559 397
HIST 1560 444
HIST 1561 399
HIST 1562 528
HIST 1563 393
HIST 1564 487
HIST 1565 394
HIST 1566 454
HIST 1567 395
HIST 1568 406
HIST 1569 410
HIST 1570 398
HIST 1571 450
HIST 1572 423
HIST 1573 414
HIST 1574 398
HIST 1575 401
HIST 1576 395
HIST 1577 393
HIST 1578 417
HIST 1579 428
HIST 1580 390
HIST 1581 427
HIST 1582 403
HIST 1583 388
HIST 1584 419
HIST 1585 426
HIST 1586 422
HIST 1587 404
HIST 1588 385
HIST 1589 397
HIST 1590 422
HIST 1591 429
HIST 1592 357
HIST 1593 85884
HIST 1594 467
HIST 1595 495
HIST 1596 457
HIST 1597 474
HIST 1598 478
HIST 1599 468
HIST 1600 457
HIST 1601 488
HIST 1602 486
HIST 1603 450
HIST 1604 499
HIST 1605 452
HIST 1606 488
HIST 1607 473
HIST 1608 531
HIST 1609 476
HIST 1610 477
HIST 1611 477
HIST 1612 496
HIST 1613 455
HIST 1614 442
HIST 1615 490
HIST 1616 468
HIST 1617 494
HIST 1618 488
HIST 1619 505
HIST 1620 482
HIST 1621 476
HIST 1622 508
HIST 1623 459
HIST 1624 497
HIST 1625 531
HIST 1626 502
HIST 1627 496
HIST 1628 458
HIST 1629 484
HIST 1630 502
HIST 1631 461
HIST 1632 507
HIST 1633 479
HIST 1634 487
HIST 1635 543
HIST 1636 456
HIST 1637 483
HIST 1638 474
HIST 1639 495
HIST 1640 507
HIST 1641 470
HIST 1642 512
HIST 1643 511
HIST 1644 489
HIST 1645 467
HIST 1646 488
HIST 1647 501
HIST 1648 503
HIST 1649 482
HIST 1650 485
HIST 1651 468
HIST 1652 481
HIST 1653 473
HIST 1654 487
HIST 1655 490
HIST 1656 477
HIST 1657 500
HIST 1658 510
HIST 1659 423
HIST 1660 493
HIST 1661 427
HIST 1662 460
HIST 1663 498
HIST 1664 487
HIST 1665 512
HIST 1666 497
HIST 1667 494
HIST 1668 485
HIST 1669 469
HIST 1670 484
HIST 1671 494
HIST 1672 483
HIST 1673 492
HIST 1674 504
HIST 1675 519
HIST 1676 462
HIST 1677 494
HIST 1678 504
HIST 1679 507
HIST 1680 488
HIST 1681 483
HIST 1682 485
HIST 1683 475
HIST 1684 514
HIST 1685 479
HIST 1686 500
HIST 1687 501
HIST 1688 442
HIST 1689 491
HIST 1690 510
HIST 1691 512
HIST 1692 488
HIST 1693 496
HIST 1694 489
HIST 1695 458
HIST 1696 440
HIST 1697 458
HIST 1698 486
HIST 1699 490
HIST 1700 464
HIST 1701 475
HIST 1702 498
HIST 1703 443
HIST 1704 456
HIST 1705 482
HIST 1706 475
HIST 1707 491
HIST 1708 540
HIST 1709 456
HIST 1710 496
HIST 1711 428
HIST 1712 494
HIST 1713 458
HIST 1714 452
HIST 1715 479
HIST 1716 474
HIST 1717 458
HIST 1718 493
HIST 1719 488
HIST 1720 473
HIST 1721 448
HIST 1722 451
HIST 1723 491
HIST 1724 488
HIST 1725 482
HIST 1726 476
HIST 1727 473
HIST 1728 449
HIST 1729 485
HIST 1730 441
HIST 1731 502
HIST 1732 481
HIST 1733 480
HIST 1734 473
HIST 1735 472
HIST 1736 454
HIST 1737 487
HIST 1738 494
HIST 1739 451
HIST 1740 493
HIST 1741 517
HIST 1742 464
HIST 1743 471
HIST 1744 449
HIST 1745 450
HIST 1746 489
HIST 1747 493
HIST 1748 489
HIST 1749 473
HIST 1750 443
HIST 1751 507
HIST 1752 487
HIST 1753 493
HIST 1754 487
HIST 1755 469
HIST 1756 476
HIST 1757 458
HIST 1758 453
HIST 1759 523
HIST 1760 433
HIST 1761 505
HIST 1762 452
HIST 1763 479
HIST 1764 487
HIST 1765 510
HIST 1766 479
HIST 1767 502
HIST 1768 509
HIST 1769 487
HIST 1770 445
HIST 1771 510
HIST 1772 453
HIST 1773 505
HIST 1774 533
HIST 1775 469
HIST 1776 468
HIST 1777 500
HIST 1778 463
HIST 1779 506
HIST 1780 495
HIST 1781 464
HIST 1782 504
HIST 1783 482
HIST 1784 472
HIST 1785 458
HIST 1786 472
HIST 1787 511
HIST 1788 476
HIST 1789 485
HIST 1790 496
HIST 1791 455
HIST 1792 508
HIST 1793 466
HIST 1794 477
HIST 1795 476
HIST 1796 493
HIST 1797 446
HIST 1798 485
HIST 1799 456
HIST 1800 447
HIST 1801 452
HIST 1802 496
HIST 1803 500
HIST 1804 467
HIST 1805 522
HIST 1806 467
HIST 1807 520
HIST 1808 470
HIST 1809 443
HIST 1810 484
HIST 1811 505
HIST 1812 481
HIST 1813 407
HIST 1814 438
HIST 1815 490
HIST 1816 494
HIST 1817 476
HIST 1818 527
HIST 1819 464
HIST 1820 471
HIST 1821 523
HIST 1822 456
HIST 1823 477
HIST 1824 439
HIST 1825 432
HIST 1826 479
HIST 1827 490
HIST 1828 443
HIST 1829 430
HIST 1830 490
HIST 1831 474
HIST 1832 449
HIST 1833 458
HIST 1834 519
HIST 1835 511
HIST 1836 490
HIST 1837 469
HIST 1838 503
HIST 1839 494
HIST 1840 468
HIST 1841 508
HIST 1842 449
HIST 1843 464
HIST 1844 444
HIST 1845 477
HIST 1846 474
HIST 1847 467
HIST 1848 451
HIST 1849 487
HIST 1850 446
HIST 1851 476
HIST 1852 453
HIST 1853 499
HIST 1854 448
HIST 1855 449
HIST 1856 475
HIST 1857 491
HIST 1858 476
HIST 1859 472
HIST 1860 473
HIST 1861 459
HIST 1862 444
HIST 1863 438
HIST 1864 500
HIST 1865 469
HIST 1866 492
HIST 1867 459
HIST 1868 496
HIST 1869 431
HIST 1870 474
HIST 1871 460
HIST 1872 445
HIST 1873 493
HIST 1874 477
HIST 1875 478
HIST 1876 500
HIST 1877 435
HIST 1878 428
HIST 1879 441
HIST 1880 454
HIST 1881 459
HIST 1882 510
HIST 1883 467
HIST 1884 538
HIST 1885 470
HIST 1886 454
HIST 1887 469
HIST 1888 506
HIST 1889 513
HIST 1890 482
HIST 1891 474
HIST 1892 463
HIST 1893 485
HIST 1894 461
HIST 1895 491
HIST 1896 443
HIST 1897 487
HIST 1898 466
HIST 1899 493
HIST 1900 468
HIST 1901 499
HIST 1902 459
HIST 1903 508
HIST 1904 445
HIST 1905 468
HIST 1906 517
HIST 1907 437
HIST 1908 474
HIST 1909 475
HIST 1910 472
HIST 1911 464
HIST 1912 444
HIST 1913 478
HIST 1914 462
HIST 1915 448
HIST 1916 475
HIST 1917 442
HIST 1918 474
HIST 1919 492
HIST 1920 453
HIST 1921 473
HIST 1922 472
HIST 1923 481
HIST 1924 443
HIST 1925 499
HIST 1926 453
HIST 1927 488
HIST 1928 464
HIST 1929 432
HIST 1930 478
HIST 1931 456
HIST 1932 431
HIST 1933 482
HIST 1934 475
HIST 1935 433
HIST 1936 400
HIST 1937 464
HIST 1938 436
HIST 1939 435
HIST 1940 466
HIST 1941 404
HIST 1942 412
HIST 1943 434
HIST 1944 412
HIST 1945 457
HIST 1946 437
HIST 1947 429
HIST 1948 432
HIST 1949 445
HIST 1950 433
HIST 1951 441
HIST 1952 420
HIST 1953 431
HIST 1954 452
HIST 1955 438
HIST 1956 448
HIST 1957 438
HIST 1958 453
HIST 1959 460
HIST 1960 438
HIST 1961 432
HIST 1962 432
HIST 1963 414
HIST 1964 418
HIST 1965 445
HIST 1966 428
HIST 1967 458
HIST 1968 430
HIST 1969 485
HIST 1970 450
HIST 1971 398
HIST 1972 463
HIST 1973 445
HIST 1974 445
HIST 1975 448
HIST 1976 449
HIST 1977 405
HIST 1978 420
HIST 1979 455
HIST 1980 399
HIST 1981 417
HIST 1982 476
HIST 1983 424
HIST 1984 424
HIST 1985 405
HIST 1986 416
HIST 1987 405
HIST 1988 449
HIST 1989 431
HIST 1990 437
HIST 1991 418
HIST 1992 411
HIST 1993 433
HIST 1994 420
HIST 1995 407
HIST 1996 389
HIST 1997 411
HIST 1998 402
HIST 1999 423
HIST 2000 414
HIST 2001 447
HIST 2002 417
HIST 2003 443
HIST 2004 421
HIST 2005 441
HIST 2006 455
HIST 2007 405
HIST 2008 455
HIST 2009 449
HIST 2010 437
HIST 2011 406
HIST 2012 437
HIST 2013 389
HIST 2014 428
HIST 2015 407
HIST 2016 446
HIST 2017 408
HIST 2018 408
HIST 2019 464
HIST 2020 476
HIST 2021 442
HIST 2022 463
HIST 2023 454
HIST 2024 421
HIST 2025 420
HIST 2026 432
HIST 2027 463
HIST 2028 470
HIST 2029 442
HIST 2030 395
HIST 2031 446
HIST 2032 431
HIST 2033 462
HIST 2034 427
HIST 2035 423
HIST 2036 415
HIST 2037 413
HIST 2038 414
HIST 2039 445
HIST 2040 466
HIST 2041 471
HIST 2042 443
HIST 2043 447
HIST 2044 417
HIST 2045 450
HIST 2046 438
HIST 2047 406
HIST 2048 439
HIST 2049 447
HIST 2050 429
HIST 2051 434
HIST 2052 402
HIST 2053 457
HIST 2054 412
HIST 2055 430
HIST 2056 452
HIST 2057 426
HIST 2058 423
HIST 2059 415
HIST 2060 435
HIST 2061 425
HIST 2062 474
HIST 2063 400
HIST 2064 405
HIST 2065 396
HIST 2066 427
HIST 2067 440
HIST 2068 437
HIST 2069 420
HIST 2070 436
HIST 2071 429
HIST 2072 450
HIST 2073 535
HIST 2074 428
HIST 2075 497
HIST 2076 466
HIST 2077 431
HIST 2078 440
HIST 2079 432
HIST 2080 485
HIST 2081 397
HIST 2082 472
HIST 2083 430
HIST 2084 430
HIST 2085 447
HIST 2086 417
HIST 2087 426
HIST 2088 471
HIST 2089 437
HIST 2090 445
HIST 2091 421
HIST 2092 454
HIST 2093 462
HIST 2094 430
HIST 2095 448
HIST 2096 432
HIST 2097 419
HIST 2098 444
HIST 2099 471
HIST 2100 436
HIST 2101 450
HIST 2102 424
HIST 2103 483
HIST 2104 14539
HIST 2105 427
HIST 2106 466
HIST 2107 480
HIST 2108 450
HIST 2109 403
HIST 2110 455
HIST 2111 444
HIST 2112 438
HIST 2113 432
HIST 2114 422
HIST 2115 452
HIST 2116 455
HIST 2117 430
HIST 2118 451
HIST 2119 453
HIST 2120 428
HIST 2121 471
HIST 2122 427
HIST 2123 442
HIST 2124 436
HIST 2125 464
HIST 2126 409
HIST 2127 475
HIST 2128 464
HIST 2129 440
HIST 2130 443
HIST 2131 465
HIST 2132 428
HIST 2133 454
HIST 2134 483
HIST 2135 487
HIST 2136 440
HIST 2137 447
HIST 2138 474
HIST 2139 439
HIST 2140 478
HIST 2141 452
HIST 2142 470
HIST 2143 473
HIST 2144 467
HIST 2145 470
HIST 2146 471
HIST 2147 430
HIST 2148 474
HIST 2149 429
HIST 2150 472
HIST 2151 441
HIST 2152 444
HIST 2153 432
HIST 2154 495
HIST 2155 431
HIST 2156 444
HIST 2157 471
HIST 2158 455
HIST 2159 437
HIST 2160 447
HIST 2161 434
HIST 2162 465
HIST 2163 463
HIST 2164 417
HIST 2165 492
HIST 2166 439
HIST 2167 457
HIST 2168 450
HIST 2169 463
HIST 2170 467
HIST 2171 473
HIST 2172 476
HIST 2173 488
HIST 2174 498
HIST 2175 452
HIST 2176 446
HIST 2177 428
HIST 2178 462
HIST 2179 455
HIST 2180 479
HIST 2181 469
HIST 2182 444
HIST 2183 444
HIST 2184 488
HIST 2185 492
HIST 2186 468
HIST 2187 483
HIST 2188 451
HIST 2189 456
HIST 2190 430
HIST 2191 471
HIST 2192 435
HIST 2193 457
HIST 2194 449
HIST 2195 487
HIST 2196 469
HIST 2197 500
HIST 2198 443
HIST 2199 439
HIST 2200 484
HIST 2201 486
HIST 2202 452
HIST 2203 466
HIST 2204 443
HIST 2205 463
HIST 2206 475
HIST 2207 468
HIST 2208 453
HIST 2209 460
HIST 2210 519
HIST 2211 506
HIST 2212 465
HIST 2213 478
HIST 2214 473
HIST 2215 509
HIST 2216 461
HIST 2217 469
HIST 2218 463
HIST 2219 460
HIST 2220 519
HIST 2221 468
HIST 2222 510
HIST 2223 492
HIST 2224 463
HIST 2225 496
HIST 2226 476
HIST 2227 518
HIST 2228 453
HIST 2229 442
HIST 2230 487
HIST 2231 483
HIST 2232 482
HIST 2233 480
HIST 2234 480
HIST 2235 489
HIST 2236 478
HIST 2237 528
HIST 2238 513
HIST 2239 547
HIST 2240 508
HIST 2241 490
HIST 2242 512
HIST 2243 500
HIST 2244 490
HIST 2245 488
HIST 2246 476
HIST 2247 470
HIST 2248 464
HIST 2249 483
HIST 2250 521
HIST 2251 501
HIST 2252 481
HIST 2253 480
HIST 2254 461
HIST 2255 483
HIST 2256 521
HIST 2257 485
HIST 2258 475
HIST 2259 480
HIST 2260 487
HIST 2261 499
HIST 2262 517
HIST 2263 522
HIST 2264 457
HIST 2265 510
HIST 2266 464
HIST 2267 503
HIST 2268 508
HIST 2269 517
HIST 2270 527
HIST 2271 496
HIST 2272 498
HIST 2273 502
HIST 2274 488
HIST 2275 507
HIST 2276 524
HIST 2277 502
HIST 2278 528
HIST 2279 493
HIST 2280 529
HIST 2281 516
HIST 2282 534
HIST 2283 494
HIST 2284 485
HIST 2285 499
HIST 2286 508
HIST 2287 530
HIST 2288 564
HIST 2289 564
HIST 2290 527
HIST 2291 528
HIST 2292 546
HIST 2293 506
HIST 2294 600
HIST 2295 502
HIST 2296 519
HIST 2297 525
HIST 2298 542
HIST 2299 517
HIST 2300 517
HIST 2301 535
HIST 2302 535
HIST 2303 547
HIST 2304 527
HIST 2305 551
HIST 2306 547
HIST 2307 498
HIST 2308 523
HIST 2309 541
HIST 2310 565
HIST 2311 558
HIST 2312 541
HIST 2313 513
HIST 2314 535
HIST 2315 548
HIST 2316 544
HIST 2317 555
HIST 2318 539
HIST 2319 578
HIST 2320 544
HIST 2321 545
HIST 2322 494
HIST 2323 567
HIST 2324 566
HIST 2325 528
HIST 2326 549
HIST 2327 565
HIST 2328 597
HIST 2329 571
HIST 2330 537
HIST 2331 537
HIST 2332 598
HIST 2333 557
HIST 2334 584
HIST 2335 534
HIST 2336 573
HIST 2337 579
HIST 2338 561
HIST 2339 554
HIST 2340 515
HIST 2341 545
HIST 2342 574
HIST 2343 520
HIST 2344 604
HIST 2345 594
HIST 2346 593
HIST 2347 589
HIST 2348 607
HIST 2349 620
HIST 2350 566
HIST 2351 561
HIST 2352 585
HIST 2353 595
HIST 2354 560
HIST 2355 595
HIST 2356 637
HIST 2357 576
HIST 2358 608
HIST 2359 583
HIST 2360 622
HIST 2361 597
HIST 2362 595
HIST 2363 624
HIST 2364 592
HIST 2365 614
HIST 2366 580
HIST 2367 619
HIST 2368 562
HIST 2369 603
HIST 2370 624
HIST 2371 586
HIST 2372 562
HIST 2373 598
HIST 2374 541
HIST 2375 575
HIST 2376 605
HIST 2377 544
HIST 2378 544
HIST 2379 517
HIST 2380 536
HIST 2381 453
HIST 2382 416
HIST 2383 320
HIST 2384 308
HIST 2385 274
HIST 2386 264
HIST 2387 258
HIST 2388 232
HIST 2389 216
HIST 2390 200
HIST 2391 214
HIST 2392 201
HIST 2393 204
HIST 2394 202
HIST 2395 220
HIST 2396 149
HIST 2397 168
HIST 2398 179
HIST 2399 175
HIST 2400 164
HIST 2401 188
HIST 2402 144
HIST 2403 166
HIST 2404 169
HIST 2405 166
HIST 2406 159
HIST 2407 153
HIST 2408 140
HIST 2409 142
HIST 2410 132
HIST 2411 135
HIST 2412 123
HIST 2413 145
HIST 2414 134
HIST 2415 157
HIST 2416 127
HIST 2417 135
HIST 2418 126
HIST 2419 115
HIST 2420 129
HIST 2421 129
HIST 2422 145
HIST 2423 123
HIST 2424 144
HIST 2425 147
HIST 2426 128
HIST 2427 124
HIST 2428 112
HIST 2429 114
HIST 2430 104
HIST 2431 121
HIST 2432 122
HIST 2433 123
HIST 2434 129
HIST 2435 89
HIST 2436 93
HIST 2437 92
HIST 2438 101
HIST 2439 106
HIST 2440 102
HIST 2441 93
HIST 2442 95
HIST 2443 101
HIST 2444 104
HIST 2445 83
HIST 2446 90
HIST 2447 91
HIST 2448 95
HIST 2449 76
HIST 2450 91
HIST 2451 92
HIST 2452 66
HIST 2453 75
HIST 2454 93
HIST 2455 86
HIST 2456 82
HIST 2457 88
HIST 2458 83
HIST 2459 60
HIST 2460 74
HIST 2461 67
HIST 2462 73
HIST 2463 76
HIST 2464 82
HIST 2465 60
HIST 2466 90
HIST 2467 63
HIST 2468 58
HIST 2469 65
HIST 2470 70
HIST 2471 59
HIST 2472 60
HIST 2473 51
HIST 2474 64
HIST 2475 47
HIST 2476 60
HIST 2477 54
HIST 2478 55
HIST 2479 58
HIST 2480 59
HIST 2481 52
HIST 2482 48
HIST 2483 38
HIST 2484 38
HIST 2485 37
HIST 2486 42
HIST 2487 47
HIST 2488 42
HIST 2489 54
HIST 2490 42
HIST 2491 38
HIST 2492 43
HIST 2493 36
HIST 2494 38
HIST 2495 45
HIST 2496 36
HIST 2497 35
HIST 2498 31
HIST 2499 29
HIST 2500 46
HIST 2501 34
HIST 2502 38
HIST 2503 32
HIST 2504 31
HIST 2505 30
HIST 2506 36
HIST 2507 30
HIST 2508 27
HIST 2509 30
HIST 2510 23
HIST 2511 27
HIST 2512 29
HIST 2513 18
HIST 2514 29
HIST 2515 28
HIST 2516 22
HIST 2517 26
HIST 2518 26
HIST 2519 14
HIST 2520 19
HIST 2521 16
HIST 2522 25
HIST 2523 21
HIST 2524 18
HIST 2525 16
HIST 2526 17
HIST 2527 20
HIST 2528 23
HIST 2529 19
HIST 2530 15
HIST 2531 14
HIST 2532 15
HIST 2533 13
HIST 2534 20
HIST 2535 17
HIST 2536 14
HIST 2537 15
HIST 2538 15
HIST 2539 17
HIST 2540 13
HIST 2541 15
HIST 2542 15
HIST 2543 17
HIST 2544 10
HIST 2545 10
HIST 2546 10
HIST 2547 10
HIST 2548 13
HIST 2549 7
HIST 2550 11
HIST 2551 13
HIST 2552 9
HIST 2553 9
HIST 2554 11
HIST 2555 12
HIST 2556 10
HIST 2557 10
HIST 2558 9
HIST 2559 14
HIST 2560 9
HIST 2561 13
HIST 2562 5
HIST 2563 8
HIST 2564 7
HIST 2565 10
HIST 2566 11
HIST 2567 5
HIST 2568 6
HIST 2569 6
HIST 2570 6
HIST 2571 4
HIST 2572 11
HIST 2573 6
HIST 2574 10
HIST 2575 10
HIST 2576 4
HIST 2577 9
HIST 2578 2
HIST 2579 15
HIST 2580 26
HIST 2581 20
HIST 2582 59
HIST 2583 7
HIST 2584 379
HIST 2585 7
HIST 2586 268
HIST 2587 7
HIST 2588 8
HIST 2589 7
HIST 2590 3
HIST 2591 1
HIST 2592 6
HIST 2593 3
HIST 2594 8
HIST 2595 6
HIST 2596 6
HIST 2597 7
HIST 2598 4
HIST 2599 4
HIST 2600 7
HIST 2601 9
HIST 2602 2
HIST 2603 4
HIST 2604 6
HIST 2605 5
HIST 2606 5
HIST 2607 9
HIST 2608 4
HIST 2609 5
HIST 2610 4
HIST 2611 8
HIST 2612 8
HIST 2613 12
HIST 2614 5
HIST 2615 40074
HISTEND
