P55 flags: vacuum=1 nofluct=0 nodelta=1 lowcut=0 killesc=0
 Energy thresholds :  gamma  990 eV     e-  990 eV     e+  990 eV  proton 100 keV
 Material : scene_mat_3
RESULT decays=40000000
RESULT any=1564548 eps_total=3.911370e-02
RESULT window=1460.820 counts=120553 eps=3.013825e-03
HISTBEGIN bins=1462 bin_kev=1.000000 decays=40000000
HIST 0 554
HIST 1 1383
HIST 2 1487
HIST 3 1519
HIST 4 1540
HIST 5 1651
HIST 6 1783
HIST 7 1705
HIST 8 1828
HIST 9 1682
HIST 10 1781
HIST 11 1796
HIST 12 1875
HIST 13 1849
HIST 14 1784
HIST 15 1887
HIST 16 1846
HIST 17 1874
HIST 18 1824
HIST 19 1843
HIST 20 1763
HIST 21 1833
HIST 22 1825
HIST 23 1840
HIST 24 1784
HIST 25 1811
HIST 26 1875
HIST 27 1799
HIST 28 1766
HIST 29 1791
HIST 30 1728
HIST 31 1715
HIST 32 1713
HIST 33 1661
HIST 34 1775
HIST 35 1682
HIST 36 1707
HIST 37 1579
HIST 38 1742
HIST 39 1703
HIST 40 1670
HIST 41 1706
HIST 42 1599
HIST 43 1621
HIST 44 1623
HIST 45 1606
HIST 46 1650
HIST 47 1618
HIST 48 1599
HIST 49 1637
HIST 50 1609
HIST 51 1633
HIST 52 1602
HIST 53 1572
HIST 54 1592
HIST 55 1560
HIST 56 1626
HIST 57 1469
HIST 58 1497
HIST 59 1567
HIST 60 1510
HIST 61 1532
HIST 62 1482
HIST 63 1512
HIST 64 1554
HIST 65 1539
HIST 66 1501
HIST 67 1475
HIST 68 1507
HIST 69 1566
HIST 70 1547
HIST 71 1553
HIST 72 1518
HIST 73 1489
HIST 74 1484
HIST 75 1531
HIST 76 1428
HIST 77 1412
HIST 78 1475
HIST 79 1424
HIST 80 1473
HIST 81 1377
HIST 82 1451
HIST 83 1471
HIST 84 1392
HIST 85 1483
HIST 86 1482
HIST 87 1385
HIST 88 1415
HIST 89 1399
HIST 90 1404
HIST 91 1444
HIST 92 1390
HIST 93 1512
HIST 94 1455
HIST 95 1467
HIST 96 1426
HIST 97 1484
HIST 98 1388
HIST 99 1413
HIST 100 1357
HIST 101 1407
HIST 102 1421
HIST 103 1360
HIST 104 1336
HIST 105 1388
HIST 106 1410
HIST 107 1328
HIST 108 1391
HIST 109 1394
HIST 110 1408
HIST 111 1363
HIST 112 1338
HIST 113 1381
HIST 114 1382
HIST 115 1281
HIST 116 1320
HIST 117 1380
HIST 118 1373
HIST 119 1337
HIST 120 1429
HIST 121 1329
HIST 122 1356
HIST 123 1334
HIST 124 1312
HIST 125 1342
HIST 126 1368
HIST 127 1354
HIST 128 1306
HIST 129 1375
HIST 130 1298
HIST 131 1352
HIST 132 1294
HIST 133 1338
HIST 134 1331
HIST 135 1341
HIST 136 1365
HIST 137 1402
HIST 138 1376
HIST 139 1283
HIST 140 1332
HIST 141 1319
HIST 142 1349
HIST 143 1304
HIST 144 1317
HIST 145 1325
HIST 146 1308
HIST 147 1278
HIST 148 1242
HIST 149 1276
HIST 150 1339
HIST 151 1284
HIST 152 1412
HIST 153 1338
HIST 154 1275
HIST 155 1347
HIST 156 1321
HIST 157 1273
HIST 158 1272
HIST 159 1273
HIST 160 1234
HIST 161 1314
HIST 162 1250
HIST 163 1342
HIST 164 1305
HIST 165 1367
HIST 166 1336
HIST 167 1277
HIST 168 1233
HIST 169 1274
HIST 170 1259
HIST 171 1209
HIST 172 1305
HIST 173 1291
HIST 174 1367
HIST 175 1315
HIST 176 1248
HIST 177 1215
HIST 178 1308
HIST 179 1243
HIST 180 1269
HIST 181 1233
HIST 182 1235
HIST 183 1283
HIST 184 1217
HIST 185 1230
HIST 186 1244
HIST 187 1221
HIST 188 1298
HIST 189 1280
HIST 190 1265
HIST 191 1231
HIST 192 1246
HIST 193 1225
HIST 194 1255
HIST 195 1275
HIST 196 1244
HIST 197 1228
HIST 198 1205
HIST 199 1286
HIST 200 1249
HIST 201 1167
HIST 202 1264
HIST 203 1266
HIST 204 1194
HIST 205 1241
HIST 206 1206
HIST 207 1257
HIST 208 1237
HIST 209 1230
HIST 210 1237
HIST 211 1208
HIST 212 1205
HIST 213 1294
HIST 214 1229
HIST 215 1232
HIST 216 1261
HIST 217 1296
HIST 218 1424
HIST 219 1453
HIST 220 1523
HIST 221 1460
HIST 222 1499
HIST 223 1570
HIST 224 1544
HIST 225 1502
HIST 226 1599
HIST 227 1470
HIST 228 1468
HIST 229 1504
HIST 230 1532
HIST 231 1523
HIST 232 1552
HIST 233 1483
HIST 234 1560
HIST 235 1539
HIST 236 1482
HIST 237 1512
HIST 238 1451
HIST 239 1526
HIST 240 1459
HIST 241 1513
HIST 242 1450
HIST 243 1497
HIST 244 1437
HIST 245 1551
HIST 246 1508
HIST 247 1463
HIST 248 1466
HIST 249 1376
HIST 250 1480
HIST 251 1408
HIST 252 1471
HIST 253 1385
HIST 254 1439
HIST 255 1336
HIST 256 1404
HIST 257 1404
HIST 258 1507
HIST 259 1360
HIST 260 1399
HIST 261 1353
HIST 262 1463
HIST 263 1389
HIST 264 1365
HIST 265 1404
HIST 266 1368
HIST 267 1415
HIST 268 1394
HIST 269 1337
HIST 270 1322
HIST 271 1333
HIST 272 1357
HIST 273 1305
HIST 274 1343
HIST 275 1326
HIST 276 1346
HIST 277 1344
HIST 278 1290
HIST 279 1323
HIST 280 1334
HIST 281 1338
HIST 282 1390
HIST 283 1353
HIST 284 1300
HIST 285 1281
HIST 286 1280
HIST 287 1269
HIST 288 1248
HIST 289 1316
HIST 290 1275
HIST 291 1326
HIST 292 1286
HIST 293 1279
HIST 294 1305
HIST 295 1275
HIST 296 1263
HIST 297 1260
HIST 298 1297
HIST 299 1221
HIST 300 1290
HIST 301 1250
HIST 302 1146
HIST 303 1228
HIST 304 1229
HIST 305 1191
HIST 306 1237
HIST 307 1225
HIST 308 1172
HIST 309 1197
HIST 310 1169
HIST 311 1278
HIST 312 1205
HIST 313 1178
HIST 314 1191
HIST 315 1204
HIST 316 1261
HIST 317 1222
HIST 318 1167
HIST 319 1190
HIST 320 1225
HIST 321 1168
HIST 322 1193
HIST 323 1164
HIST 324 1167
HIST 325 1207
HIST 326 1152
HIST 327 1200
HIST 328 1217
HIST 329 1160
HIST 330 1119
HIST 331 1181
HIST 332 1222
HIST 333 1190
HIST 334 1140
HIST 335 1174
HIST 336 1159
HIST 337 1094
HIST 338 1164
HIST 339 1197
HIST 340 1142
HIST 341 1135
HIST 342 1190
HIST 343 1160
HIST 344 1139
HIST 345 1134
HIST 346 1139
HIST 347 1119
HIST 348 1151
HIST 349 1138
HIST 350 1146
HIST 351 1159
HIST 352 1143
HIST 353 1120
HIST 354 1095
HIST 355 1116
HIST 356 1134
HIST 357 1063
HIST 358 1166
HIST 359 1137
HIST 360 1058
HIST 361 1130
HIST 362 1128
HIST 363 1137
HIST 364 1104
HIST 365 1098
HIST 366 1131
HIST 367 1049
HIST 368 1085
HIST 369 1127
HIST 370 1071
HIST 371 1123
HIST 372 1067
HIST 373 1086
HIST 374 1118
HIST 375 1085
HIST 376 1091
HIST 377 1113
HIST 378 1068
HIST 379 1072
HIST 380 1071
HIST 381 1076
HIST 382 1081
HIST 383 1095
HIST 384 1064
HIST 385 1045
HIST 386 1065
HIST 387 1065
HIST 388 1084
HIST 389 1055
HIST 390 1092
HIST 391 1072
HIST 392 1079
HIST 393 1063
HIST 394 1073
HIST 395 1077
HIST 396 1059
HIST 397 1088
HIST 398 1055
HIST 399 1115
HIST 400 1095
HIST 401 1031
HIST 402 1061
HIST 403 1078
HIST 404 1088
HIST 405 1045
HIST 406 1000
HIST 407 1055
HIST 408 1010
HIST 409 1046
HIST 410 1052
HIST 411 972
HIST 412 1039
HIST 413 1081
HIST 414 1032
HIST 415 1013
HIST 416 1042
HIST 417 1040
HIST 418 1040
HIST 419 1091
HIST 420 999
HIST 421 1019
HIST 422 1001
HIST 423 1086
HIST 424 1093
HIST 425 1024
HIST 426 1056
HIST 427 1056
HIST 428 992
HIST 429 1049
HIST 430 1019
HIST 431 986
HIST 432 1044
HIST 433 1009
HIST 434 1082
HIST 435 964
HIST 436 1016
HIST 437 1069
HIST 438 1028
HIST 439 16093
HIST 440 1042
HIST 441 1043
HIST 442 997
HIST 443 1076
HIST 444 1060
HIST 445 1060
HIST 446 1033
HIST 447 1004
HIST 448 1011
HIST 449 1051
HIST 450 990
HIST 451 1017
HIST 452 1000
HIST 453 1034
HIST 454 1021
HIST 455 1024
HIST 456 1038
HIST 457 973
HIST 458 994
HIST 459 1123
HIST 460 1016
HIST 461 1039
HIST 462 997
HIST 463 1043
HIST 464 1023
HIST 465 1054
HIST 466 980
HIST 467 990
HIST 468 1071
HIST 469 1047
HIST 470 998
HIST 471 1011
HIST 472 990
HIST 473 1068
HIST 474 1038
HIST 475 994
HIST 476 1008
HIST 477 965
HIST 478 1037
HIST 479 1003
HIST 480 947
HIST 481 964
HIST 482 990
HIST 483 1019
HIST 484 979
HIST 485 1027
HIST 486 1028
HIST 487 981
HIST 488 982
HIST 489 1016
HIST 490 988
HIST 491 940
HIST 492 1002
HIST 493 989
HIST 494 984
HIST 495 1063
HIST 496 1053
HIST 497 965
HIST 498 1006
HIST 499 967
HIST 500 1022
HIST 501 998
HIST 502 1022
HIST 503 1059
HIST 504 942
HIST 505 1055
HIST 506 980
HIST 507 954
HIST 508 972
HIST 509 940
HIST 510 1047
HIST 511 1092
HIST 512 985
HIST 513 979
HIST 514 996
HIST 515 949
HIST 516 1030
HIST 517 1017
HIST 518 950
HIST 519 986
HIST 520 981
HIST 521 948
HIST 522 1013
HIST 523 975
HIST 524 1037
HIST 525 1005
HIST 526 977
HIST 527 956
HIST 528 994
HIST 529 982
HIST 530 993
HIST 531 1007
HIST 532 1004
HIST 533 1000
HIST 534 954
HIST 535 981
HIST 536 980
HIST 537 944
HIST 538 949
HIST 539 980
HIST 540 943
HIST 541 938
HIST 542 1041
HIST 543 996
HIST 544 966
HIST 545 951
HIST 546 922
HIST 547 989
HIST 548 942
HIST 549 956
HIST 550 977
HIST 551 962
HIST 552 930
HIST 553 968
HIST 554 969
HIST 555 957
HIST 556 994
HIST 557 948
HIST 558 920
HIST 559 970
HIST 560 1002
HIST 561 953
HIST 562 926
HIST 563 967
HIST 564 961
HIST 565 1039
HIST 566 1006
HIST 567 953
HIST 568 991
HIST 569 943
HIST 570 948
HIST 571 972
HIST 572 973
HIST 573 935
HIST 574 968
HIST 575 959
HIST 576 981
HIST 577 975
HIST 578 912
HIST 579 1017
HIST 580 950
HIST 581 939
HIST 582 986
HIST 583 954
HIST 584 1008
HIST 585 902
HIST 586 967
HIST 587 1005
HIST 588 923
HIST 589 980
HIST 590 931
HIST 591 968
HIST 592 987
HIST 593 1017
HIST 594 953
HIST 595 903
HIST 596 949
HIST 597 914
HIST 598 943
HIST 599 1016
HIST 600 988
HIST 601 981
HIST 602 941
HIST 603 916
HIST 604 987
HIST 605 870
HIST 606 983
HIST 607 953
HIST 608 932
HIST 609 920
HIST 610 944
HIST 611 906
HIST 612 895
HIST 613 935
HIST 614 890
HIST 615 988
HIST 616 961
HIST 617 1011
HIST 618 864
HIST 619 920
HIST 620 965
HIST 621 933
HIST 622 969
HIST 623 958
HIST 624 921
HIST 625 900
HIST 626 952
HIST 627 891
HIST 628 977
HIST 629 907
HIST 630 938
HIST 631 907
HIST 632 968
HIST 633 936
HIST 634 958
HIST 635 929
HIST 636 926
HIST 637 884
HIST 638 917
HIST 639 926
HIST 640 943
HIST 641 907
HIST 642 913
HIST 643 935
HIST 644 928
HIST 645 929
HIST 646 909
HIST 647 862
HIST 648 921
HIST 649 919
HIST 650 938
HIST 651 976
HIST 652 932
HIST 653 982
HIST 654 925
HIST 655 869
HIST 656 963
HIST 657 955
HIST 658 927
HIST 659 908
HIST 660 985
HIST 661 892
HIST 662 943
HIST 663 869
HIST 664 969
HIST 665 906
HIST 666 915
HIST 667 919
HIST 668 966
HIST 669 957
HIST 670 889
HIST 671 931
HIST 672 876
HIST 673 918
HIST 674 952
HIST 675 970
HIST 676 835
HIST 677 884
HIST 678 893
HIST 679 899
HIST 680 937
HIST 681 903
HIST 682 949
HIST 683 904
HIST 684 870
HIST 685 1010
HIST 686 877
HIST 687 940
HIST 688 949
HIST 689 915
HIST 690 897
HIST 691 890
HIST 692 875
HIST 693 939
HIST 694 870
HIST 695 958
HIST 696 895
HIST 697 898
HIST 698 882
HIST 699 981
HIST 700 902
HIST 701 886
HIST 702 883
HIST 703 894
HIST 704 890
HIST 705 960
HIST 706 918
HIST 707 909
HIST 708 965
HIST 709 916
HIST 710 920
HIST 711 955
HIST 712 897
HIST 713 913
HIST 714 918
HIST 715 887
HIST 716 932
HIST 717 972
HIST 718 922
HIST 719 906
HIST 720 935
HIST 721 895
HIST 722 928
HIST 723 868
HIST 724 892
HIST 725 914
HIST 726 914
HIST 727 924
HIST 728 876
HIST 729 907
HIST 730 855
HIST 731 939
HIST 732 907
HIST 733 963
HIST 734 907
HIST 735 927
HIST 736 908
HIST 737 954
HIST 738 879
HIST 739 965
HIST 740 960
HIST 741 890
HIST 742 862
HIST 743 910
HIST 744 886
HIST 745 895
HIST 746 890
HIST 747 849
HIST 748 898
HIST 749 924
HIST 750 877
HIST 751 951
HIST 752 919
HIST 753 921
HIST 754 899
HIST 755 860
HIST 756 995
HIST 757 898
HIST 758 974
HIST 759 923
HIST 760 945
HIST 761 912
HIST 762 922
HIST 763 913
HIST 764 918
HIST 765 945
HIST 766 949
HIST 767 863
HIST 768 944
HIST 769 883
HIST 770 902
HIST 771 886
HIST 772 890
HIST 773 961
HIST 774 894
HIST 775 910
HIST 776 918
HIST 777 885
HIST 778 896
HIST 779 991
HIST 780 867
HIST 781 914
HIST 782 897
HIST 783 834
HIST 784 917
HIST 785 878
HIST 786 899
HIST 787 885
HIST 788 838
HIST 789 890
HIST 790 881
HIST 791 912
HIST 792 943
HIST 793 887
HIST 794 871
HIST 795 850
HIST 796 915
HIST 797 885
HIST 798 897
HIST 799 926
HIST 800 846
HIST 801 854
HIST 802 923
HIST 803 882
HIST 804 880
HIST 805 935
HIST 806 908
HIST 807 870
HIST 808 928
HIST 809 912
HIST 810 955
HIST 811 888
HIST 812 902
HIST 813 911
HIST 814 898
HIST 815 886
HIST 816 931
HIST 817 891
HIST 818 934
HIST 819 908
HIST 820 906
HIST 821 869
HIST 822 919
HIST 823 928
HIST 824 924
HIST 825 950
HIST 826 919
HIST 827 908
HIST 828 892
HIST 829 928
HIST 830 896
HIST 831 938
HIST 832 875
HIST 833 881
HIST 834 895
HIST 835 899
HIST 836 956
HIST 837 926
HIST 838 878
HIST 839 927
HIST 840 903
HIST 841 870
HIST 842 896
HIST 843 995
HIST 844 905
HIST 845 906
HIST 846 874
HIST 847 944
HIST 848 933
HIST 849 911
HIST 850 878
HIST 851 842
HIST 852 899
HIST 853 879
HIST 854 938
HIST 855 967
HIST 856 886
HIST 857 918
HIST 858 884
HIST 859 920
HIST 860 910
HIST 861 907
HIST 862 920
HIST 863 908
HIST 864 947
HIST 865 913
HIST 866 922
HIST 867 965
HIST 868 941
HIST 869 960
HIST 870 915
HIST 871 917
HIST 872 906
HIST 873 909
HIST 874 950
HIST 875 921
HIST 876 947
HIST 877 891
HIST 878 884
HIST 879 900
HIST 880 903
HIST 881 950
HIST 882 936
HIST 883 947
HIST 884 932
HIST 885 889
HIST 886 919
HIST 887 909
HIST 888 908
HIST 889 891
HIST 890 931
HIST 891 909
HIST 892 875
HIST 893 911
HIST 894 921
HIST 895 927
HIST 896 886
HIST 897 934
HIST 898 932
HIST 899 954
HIST 900 960
HIST 901 898
HIST 902 948
HIST 903 884
HIST 904 901
HIST 905 909
HIST 906 928
HIST 907 922
HIST 908 913
HIST 909 923
HIST 910 961
HIST 911 926
HIST 912 904
HIST 913 963
HIST 914 951
HIST 915 917
HIST 916 940
HIST 917 893
HIST 918 961
HIST 919 983
HIST 920 868
HIST 921 907
HIST 922 886
HIST 923 910
HIST 924 897
HIST 925 936
HIST 926 909
HIST 927 984
HIST 928 904
HIST 929 925
HIST 930 970
HIST 931 899
HIST 932 946
HIST 933 969
HIST 934 900
HIST 935 960
HIST 936 940
HIST 937 956
HIST 938 903
HIST 939 900
HIST 940 914
HIST 941 930
HIST 942 951
HIST 943 948
HIST 944 946
HIST 945 982
HIST 946 960
HIST 947 945
HIST 948 919
HIST 949 948
HIST 950 3148
HIST 951 999
HIST 952 951
HIST 953 940
HIST 954 966
HIST 955 922
HIST 956 964
HIST 957 925
HIST 958 940
HIST 959 909
HIST 960 964
HIST 961 973
HIST 962 874
HIST 963 912
HIST 964 942
HIST 965 925
HIST 966 914
HIST 967 946
HIST 968 993
HIST 969 980
HIST 970 970
HIST 971 942
HIST 972 943
HIST 973 980
HIST 974 1009
HIST 975 949
HIST 976 937
HIST 977 944
HIST 978 1023
HIST 979 929
HIST 980 935
HIST 981 992
HIST 982 958
HIST 983 894
HIST 984 957
HIST 985 969
HIST 986 895
HIST 987 1053
HIST 988 974
HIST 989 980
HIST 990 976
HIST 991 974
HIST 992 948
HIST 993 955
HIST 994 973
HIST 995 986
HIST 996 1031
HIST 997 940
HIST 998 1000
HIST 999 1006
HIST 1000 1006
HIST 1001 931
HIST 1002 984
HIST 1003 1022
HIST 1004 963
HIST 1005 1007
HIST 1006 973
HIST 1007 948
HIST 1008 952
HIST 1009 1004
HIST 1010 966
HIST 1011 1007
HIST 1012 1039
HIST 1013 959
HIST 1014 962
HIST 1015 962
HIST 1016 1009
HIST 1017 974
HIST 1018 966
HIST 1019 969
HIST 1020 966
HIST 1021 965
HIST 1022 981
HIST 1023 1006
HIST 1024 997
HIST 1025 1006
HIST 1026 960
HIST 1027 973
HIST 1028 986
HIST 1029 987
HIST 1030 1026
HIST 1031 1002
HIST 1032 997
HIST 1033 984
HIST 1034 964
HIST 1035 981
HIST 1036 1022
HIST 1037 998
HIST 1038 981
HIST 1039 996
HIST 1040 1029
HIST 1041 1013
HIST 1042 1005
HIST 1043 1001
HIST 1044 996
HIST 1045 1050
HIST 1046 1017
HIST 1047 1020
HIST 1048 988
HIST 1049 1023
HIST 1050 1019
HIST 1051 1043
HIST 1052 1010
HIST 1053 1016
HIST 1054 1073
HIST 1055 1039
HIST 1056 1012
HIST 1057 1019
HIST 1058 1051
HIST 1059 1031
HIST 1060 1006
HIST 1061 999
HIST 1062 1043
HIST 1063 978
HIST 1064 1028
HIST 1065 1081
HIST 1066 1045
HIST 1067 1051
HIST 1068 1022
HIST 1069 1021
HIST 1070 991
HIST 1071 1056
HIST 1072 1019
HIST 1073 1095
HIST 1074 1038
HIST 1075 1048
HIST 1076 992
HIST 1077 1059
HIST 1078 1144
HIST 1079 1088
HIST 1080 1094
HIST 1081 1074
HIST 1082 1070
HIST 1083 1100
HIST 1084 1083
HIST 1085 1081
HIST 1086 1000
HIST 1087 1048
HIST 1088 1108
HIST 1089 1145
HIST 1090 1052
HIST 1091 1046
HIST 1092 1075
HIST 1093 1108
HIST 1094 1109
HIST 1095 1080
HIST 1096 1094
HIST 1097 1095
HIST 1098 1072
HIST 1099 1183
HIST 1100 1161
HIST 1101 1097
HIST 1102 1094
HIST 1103 1031
HIST 1104 1099
HIST 1105 1091
HIST 1106 1107
HIST 1107 1029
HIST 1108 1095
HIST 1109 1117
HIST 1110 1149
HIST 1111 1075
HIST 1112 1077
HIST 1113 1160
HIST 1114 1165
HIST 1115 1149
HIST 1116 1098
HIST 1117 1103
HIST 1118 1114
HIST 1119 1105
HIST 1120 1096
HIST 1121 1091
HIST 1122 1154
HIST 1123 1153
HIST 1124 1131
HIST 1125 1180
HIST 1126 1184
HIST 1127 1194
HIST 1128 1122
HIST 1129 1167
HIST 1130 1214
HIST 1131 1157
HIST 1132 1147
HIST 1133 1120
HIST 1134 1185
HIST 1135 1162
HIST 1136 1182
HIST 1137 1182
HIST 1138 1194
HIST 1139 1237
HIST 1140 1172
HIST 1141 1278
HIST 1142 1220
HIST 1143 1262
HIST 1144 1185
HIST 1145 1195
HIST 1146 1203
HIST 1147 1159
HIST 1148 1251
HIST 1149 1206
HIST 1150 1241
HIST 1151 1200
HIST 1152 1168
HIST 1153 1249
HIST 1154 1226
HIST 1155 1241
HIST 1156 1245
HIST 1157 1178
HIST 1158 1189
HIST 1159 1203
HIST 1160 1214
HIST 1161 1264
HIST 1162 1267
HIST 1163 1233
HIST 1164 1233
HIST 1165 1256
HIST 1166 1270
HIST 1167 1206
HIST 1168 1274
HIST 1169 1249
HIST 1170 1340
HIST 1171 1266
HIST 1172 1279
HIST 1173 1258
HIST 1174 1290
HIST 1175 1266
HIST 1176 1278
HIST 1177 1294
HIST 1178 1279
HIST 1179 1237
HIST 1180 1302
HIST 1181 1216
HIST 1182 1271
HIST 1183 1271
HIST 1184 1272
HIST 1185 1363
HIST 1186 1292
HIST 1187 1359
HIST 1188 1292
HIST 1189 1265
HIST 1190 1343
HIST 1191 1272
HIST 1192 1350
HIST 1193 1377
HIST 1194 1385
HIST 1195 1330
HIST 1196 1325
HIST 1197 1340
HIST 1198 1388
HIST 1199 1353
HIST 1200 1410
HIST 1201 1374
HIST 1202 1321
HIST 1203 1430
HIST 1204 1402
HIST 1205 1400
HIST 1206 1411
HIST 1207 1337
HIST 1208 1469
HIST 1209 1464
HIST 1210 1343
HIST 1211 1387
HIST 1212 1359
HIST 1213 1386
HIST 1214 1412
HIST 1215 1336
HIST 1216 1404
HIST 1217 1355
HIST 1218 1392
HIST 1219 1466
HIST 1220 1384
HIST 1221 1431
HIST 1222 1451
HIST 1223 1446
HIST 1224 1371
HIST 1225 1454
HIST 1226 1376
HIST 1227 1510
HIST 1228 1406
HIST 1229 1411
HIST 1230 1400
HIST 1231 1387
HIST 1232 1392
HIST 1233 1442
HIST 1234 1488
HIST 1235 1454
HIST 1236 1426
HIST 1237 1352
HIST 1238 1417
HIST 1239 1252
HIST 1240 1285
HIST 1241 1202
HIST 1242 1259
HIST 1243 1065
HIST 1244 894
HIST 1245 724
HIST 1246 693
HIST 1247 633
HIST 1248 589
HIST 1249 556
HIST 1250 508
HIST 1251 477
HIST 1252 451
HIST 1253 498
HIST 1254 424
HIST 1255 410
HIST 1256 439
HIST 1257 384
HIST 1258 442
HIST 1259 430
HIST 1260 377
HIST 1261 349
HIST 1262 376
HIST 1263 334
HIST 1264 361
HIST 1265 340
HIST 1266 328
HIST 1267 348
HIST 1268 305
HIST 1269 325
HIST 1270 268
HIST 1271 309
HIST 1272 303
HIST 1273 296
HIST 1274 286
HIST 1275 317
HIST 1276 284
HIST 1277 261
HIST 1278 255
HIST 1279 253
HIST 1280 274
HIST 1281 242
HIST 1282 283
HIST 1283 236
HIST 1284 218
HIST 1285 253
HIST 1286 215
HIST 1287 229
HIST 1288 231
HIST 1289 206
HIST 1290 230
HIST 1291 216
HIST 1292 185
HIST 1293 219
HIST 1294 198
HIST 1295 209
HIST 1296 221
HIST 1297 212
HIST 1298 184
HIST 1299 198
HIST 1300 196
HIST 1301 210
HIST 1302 191
HIST 1303 191
HIST 1304 175
HIST 1305 153
HIST 1306 182
HIST 1307 173
HIST 1308 191
HIST 1309 158
HIST 1310 169
HIST 1311 150
HIST 1312 178
HIST 1313 168
HIST 1314 170
HIST 1315 156
HIST 1316 159
HIST 1317 132
HIST 1318 155
HIST 1319 128
HIST 1320 139
HIST 1321 143
HIST 1322 118
HIST 1323 135
HIST 1324 131
HIST 1325 109
HIST 1326 133
HIST 1327 125
HIST 1328 122
HIST 1329 126
HIST 1330 93
HIST 1331 118
HIST 1332 116
HIST 1333 102
HIST 1334 106
HIST 1335 81
HIST 1336 80
HIST 1337 82
HIST 1338 88
HIST 1339 91
HIST 1340 85
HIST 1341 82
HIST 1342 79
HIST 1343 62
HIST 1344 78
HIST 1345 81
HIST 1346 75
HIST 1347 80
HIST 1348 80
HIST 1349 70
HIST 1350 73
HIST 1351 79
HIST 1352 70
HIST 1353 92
HIST 1354 81
HIST 1355 64
HIST 1356 67
HIST 1357 76
HIST 1358 65
HIST 1359 70
HIST 1360 63
HIST 1361 54
HIST 1362 68
HIST 1363 68
HIST 1364 55
HIST 1365 62
HIST 1366 46
HIST 1367 64
HIST 1368 43
HIST 1369 54
HIST 1370 45
HIST 1371 48
HIST 1372 61
HIST 1373 49
HIST 1374 46
HIST 1375 62
HIST 1376 40
HIST 1377 41
HIST 1378 41
HIST 1379 43
HIST 1380 39
HIST 1381 44
HIST 1382 38
HIST 1383 44
HIST 1384 41
HIST 1385 36
HIST 1386 40
HIST 1387 36
HIST 1388 39
HIST 1389 29
HIST 1390 33
HIST 1391 39
HIST 1392 31
HIST 1393 30
HIST 1394 37
HIST 1395 29
HIST 1396 27
HIST 1397 30
HIST 1398 45
HIST 1399 31
HIST 1400 41
HIST 1401 26
HIST 1402 30
HIST 1403 26
HIST 1404 29
HIST 1405 25
HIST 1406 21
HIST 1407 25
HIST 1408 29
HIST 1409 27
HIST 1410 15
HIST 1411 17
HIST 1412 17
HIST 1413 26
HIST 1414 16
HIST 1415 18
HIST 1416 25
HIST 1417 19
HIST 1418 31
HIST 1419 20
HIST 1420 15
HIST 1421 13
HIST 1422 19
HIST 1423 12
HIST 1424 13
HIST 1425 22
HIST 1426 75
HIST 1427 14
HIST 1428 60
HIST 1429 243
HIST 1430 1051
HIST 1431 20
HIST 1432 458
HIST 1433 289
HIST 1434 26
HIST 1435 13
HIST 1436 15
HIST 1437 9
HIST 1438 21
HIST 1439 18
HIST 1440 16
HIST 1441 12
HIST 1442 10
HIST 1443 13
HIST 1444 15
HIST 1445 12
HIST 1446 11
HIST 1447 12
HIST 1448 8
HIST 1449 8
HIST 1450 5
HIST 1451 11
HIST 1452 8
HIST 1453 19
HIST 1454 13
HIST 1455 13
HIST 1456 17
HIST 1457 24
HIST 1458 44
HIST 1459 27
HIST 1460 16
HIST 1461 120551
HISTEND
