P55 flags: vacuum=1 nofluct=1 nodelta=0 lowcut=0 killesc=0
RESULT decays=40000000
RESULT any=1411837 eps_total=3.529592e-02
RESULT window=2614.511 counts=39989 eps=9.997250e-04
HISTBEGIN bins=2616 bin_kev=1.000000 decays=40000000
HIST 0 219
HIST 1 684
HIST 2 749
HIST 3 783
HIST 4 816
HIST 5 827
HIST 6 937
HIST 7 937
HIST 8 872
HIST 9 972
HIST 10 943
HIST 11 977
HIST 12 994
HIST 13 979
HIST 14 992
HIST 15 1025
HIST 16 1032
HIST 17 961
HIST 18 1021
HIST 19 1043
HIST 20 1070
HIST 21 1003
HIST 22 1001
HIST 23 1019
HIST 24 1013
HIST 25 1031
HIST 26 1027
HIST 27 1061
HIST 28 993
HIST 29 1012
HIST 30 1056
HIST 31 957
HIST 32 935
HIST 33 1025
HIST 34 1005
HIST 35 1001
HIST 36 993
HIST 37 947
HIST 38 943
HIST 39 986
HIST 40 997
HIST 41 972
HIST 42 990
HIST 43 948
HIST 44 952
HIST 45 971
HIST 46 957
HIST 47 948
HIST 48 967
HIST 49 1001
HIST 50 924
HIST 51 954
HIST 52 927
HIST 53 918
HIST 54 901
HIST 55 925
HIST 56 939
HIST 57 898
HIST 58 908
HIST 59 893
HIST 60 864
HIST 61 939
HIST 62 927
HIST 63 868
HIST 64 897
HIST 65 855
HIST 66 873
HIST 67 858
HIST 68 886
HIST 69 876
HIST 70 905
HIST 71 849
HIST 72 828
HIST 73 903
HIST 74 855
HIST 75 862
HIST 76 856
HIST 77 903
HIST 78 825
HIST 79 870
HIST 80 875
HIST 81 872
HIST 82 837
HIST 83 881
HIST 84 830
HIST 85 819
HIST 86 850
HIST 87 888
HIST 88 814
HIST 89 877
HIST 90 887
HIST 91 859
HIST 92 830
HIST 93 822
HIST 94 814
HIST 95 846
HIST 96 827
HIST 97 855
HIST 98 769
HIST 99 811
HIST 100 913
HIST 101 806
HIST 102 827
HIST 103 780
HIST 104 856
HIST 105 841
HIST 106 802
HIST 107 789
HIST 108 834
HIST 109 805
HIST 110 829
HIST 111 813
HIST 112 808
HIST 113 825
HIST 114 820
HIST 115 813
HIST 116 806
HIST 117 808
HIST 118 800
HIST 119 839
HIST 120 859
HIST 121 826
HIST 122 869
HIST 123 815
HIST 124 814
HIST 125 824
HIST 126 833
HIST 127 835
HIST 128 819
HIST 129 793
HIST 130 805
HIST 131 802
HIST 132 789
HIST 133 744
HIST 134 802
HIST 135 797
HIST 136 819
HIST 137 756
HIST 138 772
HIST 139 802
HIST 140 758
HIST 141 808
HIST 142 763
HIST 143 751
HIST 144 763
HIST 145 805
HIST 146 787
HIST 147 771
HIST 148 772
HIST 149 760
HIST 150 762
HIST 151 771
HIST 152 744
HIST 153 787
HIST 154 798
HIST 155 785
HIST 156 798
HIST 157 772
HIST 158 759
HIST 159 785
HIST 160 755
HIST 161 793
HIST 162 740
HIST 163 746
HIST 164 789
HIST 165 790
HIST 166 768
HIST 167 698
HIST 168 758
HIST 169 755
HIST 170 780
HIST 171 785
HIST 172 721
HIST 173 718
HIST 174 756
HIST 175 735
HIST 176 752
HIST 177 761
HIST 178 784
HIST 179 721
HIST 180 748
HIST 181 748
HIST 182 707
HIST 183 707
HIST 184 705
HIST 185 672
HIST 186 777
HIST 187 756
HIST 188 702
HIST 189 727
HIST 190 693
HIST 191 755
HIST 192 765
HIST 193 759
HIST 194 714
HIST 195 740
HIST 196 719
HIST 197 696
HIST 198 666
HIST 199 712
HIST 200 759
HIST 201 738
HIST 202 673
HIST 203 688
HIST 204 722
HIST 205 676
HIST 206 710
HIST 207 689
HIST 208 742
HIST 209 712
HIST 210 741
HIST 211 694
HIST 212 730
HIST 213 745
HIST 214 687
HIST 215 654
HIST 216 724
HIST 217 722
HIST 218 682
HIST 219 694
HIST 220 709
HIST 221 720
HIST 222 714
HIST 223 711
HIST 224 723
HIST 225 697
HIST 226 663
HIST 227 700
HIST 228 713
HIST 229 709
HIST 230 766
HIST 231 711
HIST 232 731
HIST 233 773
HIST 234 812
HIST 235 836
HIST 236 824
HIST 237 821
HIST 238 813
HIST 239 852
HIST 240 787
HIST 241 868
HIST 242 851
HIST 243 815
HIST 244 801
HIST 245 868
HIST 246 809
HIST 247 816
HIST 248 843
HIST 249 825
HIST 250 838
HIST 251 815
HIST 252 852
HIST 253 810
HIST 254 822
HIST 255 851
HIST 256 913
HIST 257 794
HIST 258 795
HIST 259 802
HIST 260 836
HIST 261 775
HIST 262 844
HIST 263 834
HIST 264 778
HIST 265 784
HIST 266 757
HIST 267 801
HIST 268 866
HIST 269 765
HIST 270 784
HIST 271 764
HIST 272 785
HIST 273 765
HIST 274 789
HIST 275 759
HIST 276 747
HIST 277 777
HIST 278 766
HIST 279 773
HIST 280 806
HIST 281 724
HIST 282 743
HIST 283 766
HIST 284 770
HIST 285 797
HIST 286 792
HIST 287 756
HIST 288 813
HIST 289 773
HIST 290 742
HIST 291 752
HIST 292 756
HIST 293 714
HIST 294 755
HIST 295 793
HIST 296 722
HIST 297 710
HIST 298 713
HIST 299 701
HIST 300 736
HIST 301 690
HIST 302 755
HIST 303 747
HIST 304 673
HIST 305 686
HIST 306 697
HIST 307 657
HIST 308 746
HIST 309 705
HIST 310 730
HIST 311 722
HIST 312 735
HIST 313 738
HIST 314 715
HIST 315 715
HIST 316 666
HIST 317 688
HIST 318 700
HIST 319 726
HIST 320 717
HIST 321 689
HIST 322 660
HIST 323 693
HIST 324 691
HIST 325 692
HIST 326 694
HIST 327 687
HIST 328 696
HIST 329 693
HIST 330 674
HIST 331 662
HIST 332 715
HIST 333 642
HIST 334 676
HIST 335 719
HIST 336 600
HIST 337 650
HIST 338 649
HIST 339 686
HIST 340 646
HIST 341 690
HIST 342 647
HIST 343 680
HIST 344 716
HIST 345 638
HIST 346 663
HIST 347 671
HIST 348 670
HIST 349 652
HIST 350 650
HIST 351 656
HIST 352 637
HIST 353 675
HIST 354 654
HIST 355 682
HIST 356 627
HIST 357 667
HIST 358 638
HIST 359 631
HIST 360 662
HIST 361 645
HIST 362 638
HIST 363 654
HIST 364 644
HIST 365 650
HIST 366 628
HIST 367 580
HIST 368 663
HIST 369 655
HIST 370 637
HIST 371 620
HIST 372 585
HIST 373 597
HIST 374 627
HIST 375 638
HIST 376 599
HIST 377 692
HIST 378 582
HIST 379 587
HIST 380 603
HIST 381 637
HIST 382 616
HIST 383 677
HIST 384 646
HIST 385 614
HIST 386 646
HIST 387 628
HIST 388 625
HIST 389 599
HIST 390 625
HIST 391 637
HIST 392 607
HIST 393 640
HIST 394 617
HIST 395 565
HIST 396 643
HIST 397 564
HIST 398 575
HIST 399 592
HIST 400 633
HIST 401 623
HIST 402 597
HIST 403 614
HIST 404 559
HIST 405 661
HIST 406 575
HIST 407 574
HIST 408 609
HIST 409 575
HIST 410 608
HIST 411 600
HIST 412 591
HIST 413 587
HIST 414 585
HIST 415 595
HIST 416 574
HIST 417 597
HIST 418 640
HIST 419 532
HIST 420 603
HIST 421 593
HIST 422 617
HIST 423 569
HIST 424 576
HIST 425 612
HIST 426 594
HIST 427 540
HIST 428 582
HIST 429 609
HIST 430 587
HIST 431 610
HIST 432 589
HIST 433 626
HIST 434 600
HIST 435 592
HIST 436 600
HIST 437 614
HIST 438 559
HIST 439 621
HIST 440 612
HIST 441 570
HIST 442 610
HIST 443 622
HIST 444 579
HIST 445 596
HIST 446 571
HIST 447 602
HIST 448 568
HIST 449 607
HIST 450 599
HIST 451 586
HIST 452 580
HIST 453 620
HIST 454 611
HIST 455 577
HIST 456 614
HIST 457 610
HIST 458 599
HIST 459 593
HIST 460 603
HIST 461 559
HIST 462 566
HIST 463 584
HIST 464 592
HIST 465 634
HIST 466 579
HIST 467 556
HIST 468 565
HIST 469 545
HIST 470 550
HIST 471 562
HIST 472 534
HIST 473 558
HIST 474 552
HIST 475 576
HIST 476 572
HIST 477 551
HIST 478 583
HIST 479 571
HIST 480 528
HIST 481 536
HIST 482 570
HIST 483 576
HIST 484 586
HIST 485 565
HIST 486 565
HIST 487 542
HIST 488 558
HIST 489 598
HIST 490 554
HIST 491 563
HIST 492 578
HIST 493 568
HIST 494 513
HIST 495 578
HIST 496 575
HIST 497 523
HIST 498 616
HIST 499 540
HIST 500 548
HIST 501 549
HIST 502 606
HIST 503 542
HIST 504 559
HIST 505 596
HIST 506 543
HIST 507 586
HIST 508 547
HIST 509 578
HIST 510 566
HIST 511 1545
HIST 512 516
HIST 513 528
HIST 514 579
HIST 515 605
HIST 516 613
HIST 517 560
HIST 518 541
HIST 519 550
HIST 520 564
HIST 521 556
HIST 522 554
HIST 523 536
HIST 524 554
HIST 525 536
HIST 526 595
HIST 527 584
HIST 528 559
HIST 529 532
HIST 530 545
HIST 531 569
HIST 532 517
HIST 533 520
HIST 534 599
HIST 535 546
HIST 536 534
HIST 537 558
HIST 538 534
HIST 539 546
HIST 540 557
HIST 541 558
HIST 542 546
HIST 543 522
HIST 544 541
HIST 545 535
HIST 546 566
HIST 547 581
HIST 548 539
HIST 549 542
HIST 550 533
HIST 551 505
HIST 552 545
HIST 553 516
HIST 554 600
HIST 555 539
HIST 556 536
HIST 557 561
HIST 558 560
HIST 559 542
HIST 560 530
HIST 561 558
HIST 562 603
HIST 563 518
HIST 564 538
HIST 565 535
HIST 566 529
HIST 567 538
HIST 568 516
HIST 569 556
HIST 570 590
HIST 571 519
HIST 572 551
HIST 573 544
HIST 574 534
HIST 575 586
HIST 576 536
HIST 577 517
HIST 578 517
HIST 579 527
HIST 580 545
HIST 581 525
HIST 582 541
HIST 583 557
HIST 584 496
HIST 585 520
HIST 586 529
HIST 587 525
HIST 588 554
HIST 589 518
HIST 590 496
HIST 591 527
HIST 592 511
HIST 593 566
HIST 594 520
HIST 595 561
HIST 596 509
HIST 597 495
HIST 598 506
HIST 599 529
HIST 600 527
HIST 601 561
HIST 602 528
HIST 603 540
HIST 604 535
HIST 605 517
HIST 606 526
HIST 607 519
HIST 608 537
HIST 609 556
HIST 610 467
HIST 611 539
HIST 612 503
HIST 613 559
HIST 614 502
HIST 615 534
HIST 616 557
HIST 617 524
HIST 618 552
HIST 619 497
HIST 620 539
HIST 621 549
HIST 622 496
HIST 623 531
HIST 624 528
HIST 625 493
HIST 626 541
HIST 627 535
HIST 628 493
HIST 629 490
HIST 630 523
HIST 631 494
HIST 632 480
HIST 633 479
HIST 634 466
HIST 635 512
HIST 636 550
HIST 637 528
HIST 638 513
HIST 639 506
HIST 640 538
HIST 641 563
HIST 642 469
HIST 643 544
HIST 644 526
HIST 645 486
HIST 646 499
HIST 647 486
HIST 648 504
HIST 649 524
HIST 650 535
HIST 651 517
HIST 652 522
HIST 653 518
HIST 654 558
HIST 655 532
HIST 656 519
HIST 657 528
HIST 658 507
HIST 659 455
HIST 660 486
HIST 661 492
HIST 662 497
HIST 663 478
HIST 664 503
HIST 665 527
HIST 666 490
HIST 667 493
HIST 668 525
HIST 669 512
HIST 670 483
HIST 671 510
HIST 672 505
HIST 673 493
HIST 674 492
HIST 675 519
HIST 676 521
HIST 677 475
HIST 678 499
HIST 679 530
HIST 680 551
HIST 681 498
HIST 682 534
HIST 683 531
HIST 684 509
HIST 685 512
HIST 686 508
HIST 687 489
HIST 688 469
HIST 689 486
HIST 690 494
HIST 691 530
HIST 692 504
HIST 693 508
HIST 694 534
HIST 695 494
HIST 696 487
HIST 697 471
HIST 698 483
HIST 699 467
HIST 700 475
HIST 701 514
HIST 702 492
HIST 703 491
HIST 704 452
HIST 705 509
HIST 706 493
HIST 707 463
HIST 708 508
HIST 709 499
HIST 710 521
HIST 711 478
HIST 712 503
HIST 713 478
HIST 714 454
HIST 715 466
HIST 716 533
HIST 717 499
HIST 718 502
HIST 719 499
HIST 720 469
HIST 721 468
HIST 722 545
HIST 723 464
HIST 724 497
HIST 725 485
HIST 726 510
HIST 727 493
HIST 728 496
HIST 729 478
HIST 730 520
HIST 731 499
HIST 732 484
HIST 733 517
HIST 734 498
HIST 735 445
HIST 736 518
HIST 737 522
HIST 738 502
HIST 739 533
HIST 740 468
HIST 741 517
HIST 742 492
HIST 743 445
HIST 744 487
HIST 745 518
HIST 746 480
HIST 747 501
HIST 748 494
HIST 749 526
HIST 750 521
HIST 751 480
HIST 752 510
HIST 753 476
HIST 754 486
HIST 755 499
HIST 756 497
HIST 757 501
HIST 758 486
HIST 759 485
HIST 760 477
HIST 761 492
HIST 762 503
HIST 763 501
HIST 764 516
HIST 765 495
HIST 766 507
HIST 767 481
HIST 768 475
HIST 769 513
HIST 770 477
HIST 771 533
HIST 772 501
HIST 773 466
HIST 774 484
HIST 775 483
HIST 776 513
HIST 777 492
HIST 778 466
HIST 779 499
HIST 780 491
HIST 781 493
HIST 782 435
HIST 783 504
HIST 784 486
HIST 785 471
HIST 786 459
HIST 787 474
HIST 788 463
HIST 789 444
HIST 790 484
HIST 791 495
HIST 792 478
HIST 793 496
HIST 794 516
HIST 795 511
HIST 796 509
HIST 797 470
HIST 798 490
HIST 799 488
HIST 800 515
HIST 801 450
HIST 802 478
HIST 803 517
HIST 804 483
HIST 805 499
HIST 806 507
HIST 807 505
HIST 808 511
HIST 809 480
HIST 810 457
HIST 811 465
HIST 812 516
HIST 813 474
HIST 814 474
HIST 815 471
HIST 816 484
HIST 817 443
HIST 818 514
HIST 819 483
HIST 820 463
HIST 821 489
HIST 822 491
HIST 823 460
HIST 824 473
HIST 825 479
HIST 826 488
HIST 827 477
HIST 828 443
HIST 829 485
HIST 830 520
HIST 831 449
HIST 832 472
HIST 833 477
HIST 834 449
HIST 835 489
HIST 836 445
HIST 837 463
HIST 838 516
HIST 839 484
HIST 840 458
HIST 841 470
HIST 842 485
HIST 843 474
HIST 844 526
HIST 845 455
HIST 846 477
HIST 847 496
HIST 848 476
HIST 849 475
HIST 850 465
HIST 851 481
HIST 852 482
HIST 853 477
HIST 854 498
HIST 855 466
HIST 856 449
HIST 857 450
HIST 858 464
HIST 859 476
HIST 860 467
HIST 861 462
HIST 862 489
HIST 863 445
HIST 864 451
HIST 865 456
HIST 866 497
HIST 867 454
HIST 868 484
HIST 869 460
HIST 870 451
HIST 871 473
HIST 872 458
HIST 873 441
HIST 874 438
HIST 875 474
HIST 876 499
HIST 877 484
HIST 878 440
HIST 879 456
HIST 880 479
HIST 881 481
HIST 882 462
HIST 883 477
HIST 884 453
HIST 885 467
HIST 886 498
HIST 887 460
HIST 888 475
HIST 889 515
HIST 890 484
HIST 891 435
HIST 892 464
HIST 893 424
HIST 894 455
HIST 895 435
HIST 896 466
HIST 897 477
HIST 898 461
HIST 899 432
HIST 900 495
HIST 901 486
HIST 902 484
HIST 903 463
HIST 904 514
HIST 905 473
HIST 906 471
HIST 907 454
HIST 908 462
HIST 909 470
HIST 910 454
HIST 911 463
HIST 912 477
HIST 913 448
HIST 914 475
HIST 915 461
HIST 916 471
HIST 917 468
HIST 918 482
HIST 919 457
HIST 920 477
HIST 921 467
HIST 922 482
HIST 923 468
HIST 924 477
HIST 925 463
HIST 926 452
HIST 927 454
HIST 928 445
HIST 929 430
HIST 930 492
HIST 931 443
HIST 932 504
HIST 933 461
HIST 934 452
HIST 935 446
HIST 936 389
HIST 937 469
HIST 938 453
HIST 939 417
HIST 940 432
HIST 941 472
HIST 942 449
HIST 943 443
HIST 944 461
HIST 945 435
HIST 946 456
HIST 947 486
HIST 948 481
HIST 949 439
HIST 950 505
HIST 951 449
HIST 952 501
HIST 953 451
HIST 954 469
HIST 955 461
HIST 956 457
HIST 957 457
HIST 958 443
HIST 959 483
HIST 960 456
HIST 961 452
HIST 962 477
HIST 963 477
HIST 964 448
HIST 965 437
HIST 966 492
HIST 967 441
HIST 968 437
HIST 969 464
HIST 970 416
HIST 971 458
HIST 972 465
HIST 973 450
HIST 974 477
HIST 975 471
HIST 976 440
HIST 977 451
HIST 978 456
HIST 979 448
HIST 980 494
HIST 981 470
HIST 982 439
HIST 983 437
HIST 984 427
HIST 985 438
HIST 986 457
HIST 987 421
HIST 988 460
HIST 989 433
HIST 990 426
HIST 991 452
HIST 992 442
HIST 993 441
HIST 994 437
HIST 995 473
HIST 996 465
HIST 997 429
HIST 998 479
HIST 999 445
HIST 1000 442
HIST 1001 442
HIST 1002 484
HIST 1003 466
HIST 1004 464
HIST 1005 442
HIST 1006 455
HIST 1007 431
HIST 1008 417
HIST 1009 446
HIST 1010 435
HIST 1011 443
HIST 1012 441
HIST 1013 456
HIST 1014 430
HIST 1015 429
HIST 1016 485
HIST 1017 431
HIST 1018 462
HIST 1019 450
HIST 1020 466
HIST 1021 446
HIST 1022 488
HIST 1023 428
HIST 1024 431
HIST 1025 450
HIST 1026 442
HIST 1027 471
HIST 1028 466
HIST 1029 410
HIST 1030 474
HIST 1031 462
HIST 1032 458
HIST 1033 421
HIST 1034 464
HIST 1035 444
HIST 1036 442
HIST 1037 452
HIST 1038 437
HIST 1039 452
HIST 1040 419
HIST 1041 435
HIST 1042 459
HIST 1043 458
HIST 1044 421
HIST 1045 418
HIST 1046 455
HIST 1047 480
HIST 1048 496
HIST 1049 462
HIST 1050 429
HIST 1051 453
HIST 1052 460
HIST 1053 455
HIST 1054 435
HIST 1055 407
HIST 1056 462
HIST 1057 490
HIST 1058 438
HIST 1059 458
HIST 1060 460
HIST 1061 447
HIST 1062 426
HIST 1063 435
HIST 1064 450
HIST 1065 460
HIST 1066 416
HIST 1067 457
HIST 1068 429
HIST 1069 475
HIST 1070 487
HIST 1071 483
HIST 1072 484
HIST 1073 450
HIST 1074 468
HIST 1075 456
HIST 1076 429
HIST 1077 466
HIST 1078 464
HIST 1079 459
HIST 1080 425
HIST 1081 434
HIST 1082 462
HIST 1083 472
HIST 1084 419
HIST 1085 429
HIST 1086 418
HIST 1087 444
HIST 1088 433
HIST 1089 460
HIST 1090 463
HIST 1091 457
HIST 1092 447
HIST 1093 432
HIST 1094 437
HIST 1095 413
HIST 1096 475
HIST 1097 407
HIST 1098 427
HIST 1099 466
HIST 1100 447
HIST 1101 453
HIST 1102 437
HIST 1103 416
HIST 1104 455
HIST 1105 463
HIST 1106 459
HIST 1107 449
HIST 1108 414
HIST 1109 447
HIST 1110 469
HIST 1111 420
HIST 1112 485
HIST 1113 441
HIST 1114 448
HIST 1115 413
HIST 1116 461
HIST 1117 434
HIST 1118 425
HIST 1119 448
HIST 1120 421
HIST 1121 458
HIST 1122 435
HIST 1123 419
HIST 1124 433
HIST 1125 456
HIST 1126 475
HIST 1127 471
HIST 1128 423
HIST 1129 462
HIST 1130 469
HIST 1131 423
HIST 1132 447
HIST 1133 504
HIST 1134 425
HIST 1135 451
HIST 1136 471
HIST 1137 450
HIST 1138 445
HIST 1139 409
HIST 1140 448
HIST 1141 430
HIST 1142 427
HIST 1143 435
HIST 1144 449
HIST 1145 448
HIST 1146 463
HIST 1147 413
HIST 1148 440
HIST 1149 441
HIST 1150 375
HIST 1151 411
HIST 1152 410
HIST 1153 457
HIST 1154 462
HIST 1155 433
HIST 1156 434
HIST 1157 458
HIST 1158 458
HIST 1159 438
HIST 1160 451
HIST 1161 443
HIST 1162 421
HIST 1163 441
HIST 1164 448
HIST 1165 429
HIST 1166 405
HIST 1167 453
HIST 1168 446
HIST 1169 407
HIST 1170 431
HIST 1171 422
HIST 1172 449
HIST 1173 462
HIST 1174 442
HIST 1175 397
HIST 1176 453
HIST 1177 467
HIST 1178 442
HIST 1179 474
HIST 1180 427
HIST 1181 455
HIST 1182 429
HIST 1183 454
HIST 1184 410
HIST 1185 415
HIST 1186 454
HIST 1187 438
HIST 1188 430
HIST 1189 445
HIST 1190 475
HIST 1191 447
HIST 1192 427
HIST 1193 423
HIST 1194 455
HIST 1195 462
HIST 1196 452
HIST 1197 442
HIST 1198 458
HIST 1199 461
HIST 1200 469
HIST 1201 428
HIST 1202 419
HIST 1203 397
HIST 1204 459
HIST 1205 432
HIST 1206 411
HIST 1207 446
HIST 1208 444
HIST 1209 496
HIST 1210 447
HIST 1211 475
HIST 1212 420
HIST 1213 465
HIST 1214 467
HIST 1215 466
HIST 1216 400
HIST 1217 465
HIST 1218 452
HIST 1219 454
HIST 1220 431
HIST 1221 408
HIST 1222 407
HIST 1223 435
HIST 1224 435
HIST 1225 421
HIST 1226 412
HIST 1227 458
HIST 1228 419
HIST 1229 401
HIST 1230 469
HIST 1231 451
HIST 1232 448
HIST 1233 447
HIST 1234 430
HIST 1235 451
HIST 1236 437
HIST 1237 438
HIST 1238 421
HIST 1239 428
HIST 1240 439
HIST 1241 441
HIST 1242 433
HIST 1243 442
HIST 1244 435
HIST 1245 414
HIST 1246 434
HIST 1247 416
HIST 1248 427
HIST 1249 469
HIST 1250 470
HIST 1251 417
HIST 1252 441
HIST 1253 408
HIST 1254 448
HIST 1255 450
HIST 1256 462
HIST 1257 454
HIST 1258 490
HIST 1259 446
HIST 1260 436
HIST 1261 430
HIST 1262 426
HIST 1263 419
HIST 1264 461
HIST 1265 419
HIST 1266 443
HIST 1267 447
HIST 1268 449
HIST 1269 442
HIST 1270 416
HIST 1271 394
HIST 1272 432
HIST 1273 461
HIST 1274 423
HIST 1275 431
HIST 1276 417
HIST 1277 411
HIST 1278 440
HIST 1279 450
HIST 1280 432
HIST 1281 460
HIST 1282 463
HIST 1283 451
HIST 1284 430
HIST 1285 452
HIST 1286 449
HIST 1287 461
HIST 1288 470
HIST 1289 434
HIST 1290 432
HIST 1291 432
HIST 1292 445
HIST 1293 416
HIST 1294 438
HIST 1295 446
HIST 1296 447
HIST 1297 482
HIST 1298 491
HIST 1299 435
HIST 1300 435
HIST 1301 449
HIST 1302 410
HIST 1303 417
HIST 1304 464
HIST 1305 419
HIST 1306 444
HIST 1307 480
HIST 1308 449
HIST 1309 440
HIST 1310 423
HIST 1311 443
HIST 1312 446
HIST 1313 417
HIST 1314 440
HIST 1315 443
HIST 1316 452
HIST 1317 427
HIST 1318 444
HIST 1319 445
HIST 1320 436
HIST 1321 451
HIST 1322 426
HIST 1323 452
HIST 1324 359
HIST 1325 447
HIST 1326 441
HIST 1327 452
HIST 1328 451
HIST 1329 444
HIST 1330 485
HIST 1331 423
HIST 1332 455
HIST 1333 443
HIST 1334 423
HIST 1335 460
HIST 1336 446
HIST 1337 445
HIST 1338 450
HIST 1339 446
HIST 1340 439
HIST 1341 433
HIST 1342 454
HIST 1343 473
HIST 1344 414
HIST 1345 460
HIST 1346 431
HIST 1347 465
HIST 1348 462
HIST 1349 481
HIST 1350 493
HIST 1351 453
HIST 1352 442
HIST 1353 430
HIST 1354 430
HIST 1355 465
HIST 1356 433
HIST 1357 412
HIST 1358 437
HIST 1359 431
HIST 1360 457
HIST 1361 431
HIST 1362 424
HIST 1363 452
HIST 1364 452
HIST 1365 466
HIST 1366 417
HIST 1367 448
HIST 1368 428
HIST 1369 462
HIST 1370 447
HIST 1371 456
HIST 1372 454
HIST 1373 432
HIST 1374 451
HIST 1375 478
HIST 1376 445
HIST 1377 433
HIST 1378 438
HIST 1379 439
HIST 1380 439
HIST 1381 405
HIST 1382 449
HIST 1383 438
HIST 1384 404
HIST 1385 458
HIST 1386 408
HIST 1387 454
HIST 1388 444
HIST 1389 453
HIST 1390 439
HIST 1391 464
HIST 1392 477
HIST 1393 436
HIST 1394 412
HIST 1395 451
HIST 1396 428
HIST 1397 420
HIST 1398 445
HIST 1399 486
HIST 1400 438
HIST 1401 441
HIST 1402 443
HIST 1403 399
HIST 1404 405
HIST 1405 435
HIST 1406 420
HIST 1407 453
HIST 1408 459
HIST 1409 475
HIST 1410 465
HIST 1411 435
HIST 1412 441
HIST 1413 479
HIST 1414 465
HIST 1415 454
HIST 1416 462
HIST 1417 448
HIST 1418 461
HIST 1419 423
HIST 1420 457
HIST 1421 446
HIST 1422 490
HIST 1423 462
HIST 1424 443
HIST 1425 458
HIST 1426 457
HIST 1427 437
HIST 1428 437
HIST 1429 471
HIST 1430 413
HIST 1431 455
HIST 1432 456
HIST 1433 439
HIST 1434 439
HIST 1435 439
HIST 1436 494
HIST 1437 445
HIST 1438 462
HIST 1439 398
HIST 1440 424
HIST 1441 442
HIST 1442 434
HIST 1443 393
HIST 1444 428
HIST 1445 495
HIST 1446 493
HIST 1447 435
HIST 1448 455
HIST 1449 433
HIST 1450 408
HIST 1451 452
HIST 1452 459
HIST 1453 443
HIST 1454 449
HIST 1455 455
HIST 1456 461
HIST 1457 419
HIST 1458 439
HIST 1459 462
HIST 1460 434
HIST 1461 412
HIST 1462 437
HIST 1463 427
HIST 1464 427
HIST 1465 449
HIST 1466 443
HIST 1467 440
HIST 1468 429
HIST 1469 434
HIST 1470 468
HIST 1471 413
HIST 1472 424
HIST 1473 443
HIST 1474 460
HIST 1475 420
HIST 1476 416
HIST 1477 431
HIST 1478 460
HIST 1479 417
HIST 1480 417
HIST 1481 439
HIST 1482 436
HIST 1483 407
HIST 1484 443
HIST 1485 410
HIST 1486 457
HIST 1487 432
HIST 1488 430
HIST 1489 432
HIST 1490 451
HIST 1491 453
HIST 1492 444
HIST 1493 454
HIST 1494 444
HIST 1495 455
HIST 1496 417
HIST 1497 424
HIST 1498 414
HIST 1499 390
HIST 1500 416
HIST 1501 418
HIST 1502 421
HIST 1503 401
HIST 1504 423
HIST 1505 464
HIST 1506 433
HIST 1507 411
HIST 1508 416
HIST 1509 415
HIST 1510 420
HIST 1511 421
HIST 1512 419
HIST 1513 431
HIST 1514 410
HIST 1515 419
HIST 1516 435
HIST 1517 421
HIST 1518 415
HIST 1519 438
HIST 1520 415
HIST 1521 436
HIST 1522 396
HIST 1523 408
HIST 1524 459
HIST 1525 437
HIST 1526 448
HIST 1527 440
HIST 1528 429
HIST 1529 404
HIST 1530 437
HIST 1531 446
HIST 1532 417
HIST 1533 472
HIST 1534 428
HIST 1535 450
HIST 1536 429
HIST 1537 447
HIST 1538 426
HIST 1539 429
HIST 1540 426
HIST 1541 383
HIST 1542 415
HIST 1543 425
HIST 1544 401
HIST 1545 458
HIST 1546 410
HIST 1547 416
HIST 1548 438
HIST 1549 425
HIST 1550 400
HIST 1551 384
HIST 1552 410
HIST 1553 429
HIST 1554 433
HIST 1555 407
HIST 1556 414
HIST 1557 417
HIST 1558 420
HIST 1559 407
HIST 1560 407
HIST 1561 379
HIST 1562 526
HIST 1563 410
HIST 1564 501
HIST 1565 373
HIST 1566 409
HIST 1567 411
HIST 1568 409
HIST 1569 426
HIST 1570 395
HIST 1571 407
HIST 1572 433
HIST 1573 401
HIST 1574 421
HIST 1575 417
HIST 1576 386
HIST 1577 413
HIST 1578 410
HIST 1579 426
HIST 1580 390
HIST 1581 417
HIST 1582 423
HIST 1583 368
HIST 1584 407
HIST 1585 402
HIST 1586 466
HIST 1587 412
HIST 1588 399
HIST 1589 412
HIST 1590 396
HIST 1591 423
HIST 1592 385
HIST 1593 86792
HIST 1594 455
HIST 1595 485
HIST 1596 499
HIST 1597 473
HIST 1598 472
HIST 1599 475
HIST 1600 465
HIST 1601 464
HIST 1602 502
HIST 1603 493
HIST 1604 488
HIST 1605 456
HIST 1606 477
HIST 1607 486
HIST 1608 528
HIST 1609 496
HIST 1610 474
HIST 1611 505
HIST 1612 517
HIST 1613 509
HIST 1614 481
HIST 1615 482
HIST 1616 479
HIST 1617 496
HIST 1618 507
HIST 1619 470
HIST 1620 493
HIST 1621 478
HIST 1622 535
HIST 1623 493
HIST 1624 496
HIST 1625 497
HIST 1626 490
HIST 1627 477
HIST 1628 509
HIST 1629 454
HIST 1630 515
HIST 1631 454
HIST 1632 493
HIST 1633 489
HIST 1634 478
HIST 1635 530
HIST 1636 473
HIST 1637 490
HIST 1638 476
HIST 1639 469
HIST 1640 488
HIST 1641 483
HIST 1642 497
HIST 1643 511
HIST 1644 487
HIST 1645 477
HIST 1646 483
HIST 1647 514
HIST 1648 468
HIST 1649 465
HIST 1650 486
HIST 1651 459
HIST 1652 488
HIST 1653 478
HIST 1654 506
HIST 1655 502
HIST 1656 472
HIST 1657 541
HIST 1658 482
HIST 1659 473
HIST 1660 485
HIST 1661 452
HIST 1662 494
HIST 1663 478
HIST 1664 442
HIST 1665 448
HIST 1666 501
HIST 1667 490
HIST 1668 466
HIST 1669 471
HIST 1670 512
HIST 1671 492
HIST 1672 511
HIST 1673 478
HIST 1674 455
HIST 1675 499
HIST 1676 467
HIST 1677 504
HIST 1678 518
HIST 1679 488
HIST 1680 475
HIST 1681 479
HIST 1682 470
HIST 1683 471
HIST 1684 488
HIST 1685 508
HIST 1686 506
HIST 1687 519
HIST 1688 446
HIST 1689 485
HIST 1690 503
HIST 1691 481
HIST 1692 511
HIST 1693 527
HIST 1694 463
HIST 1695 478
HIST 1696 466
HIST 1697 475
HIST 1698 478
HIST 1699 498
HIST 1700 475
HIST 1701 459
HIST 1702 477
HIST 1703 481
HIST 1704 485
HIST 1705 483
HIST 1706 438
HIST 1707 480
HIST 1708 452
HIST 1709 478
HIST 1710 532
HIST 1711 493
HIST 1712 470
HIST 1713 480
HIST 1714 467
HIST 1715 467
HIST 1716 452
HIST 1717 472
HIST 1718 504
HIST 1719 469
HIST 1720 498
HIST 1721 450
HIST 1722 493
HIST 1723 513
HIST 1724 499
HIST 1725 477
HIST 1726 490
HIST 1727 498
HIST 1728 472
HIST 1729 501
HIST 1730 456
HIST 1731 479
HIST 1732 455
HIST 1733 483
HIST 1734 440
HIST 1735 461
HIST 1736 438
HIST 1737 480
HIST 1738 480
HIST 1739 473
HIST 1740 452
HIST 1741 504
HIST 1742 486
HIST 1743 479
HIST 1744 489
HIST 1745 474
HIST 1746 479
HIST 1747 449
HIST 1748 519
HIST 1749 480
HIST 1750 472
HIST 1751 463
HIST 1752 487
HIST 1753 526
HIST 1754 461
HIST 1755 460
HIST 1756 489
HIST 1757 476
HIST 1758 478
HIST 1759 488
HIST 1760 480
HIST 1761 477
HIST 1762 447
HIST 1763 493
HIST 1764 536
HIST 1765 514
HIST 1766 488
HIST 1767 519
HIST 1768 502
HIST 1769 493
HIST 1770 453
HIST 1771 479
HIST 1772 484
HIST 1773 486
HIST 1774 530
HIST 1775 470
HIST 1776 481
HIST 1777 496
HIST 1778 446
HIST 1779 489
HIST 1780 478
HIST 1781 512
HIST 1782 471
HIST 1783 495
HIST 1784 482
HIST 1785 478
HIST 1786 500
HIST 1787 509
HIST 1788 475
HIST 1789 514
HIST 1790 468
HIST 1791 478
HIST 1792 499
HIST 1793 503
HIST 1794 477
HIST 1795 481
HIST 1796 485
HIST 1797 475
HIST 1798 505
HIST 1799 451
HIST 1800 468
HIST 1801 456
HIST 1802 448
HIST 1803 503
HIST 1804 466
HIST 1805 504
HIST 1806 472
HIST 1807 538
HIST 1808 447
HIST 1809 448
HIST 1810 441
HIST 1811 461
HIST 1812 505
HIST 1813 403
HIST 1814 455
HIST 1815 492
HIST 1816 506
HIST 1817 475
HIST 1818 467
HIST 1819 452
HIST 1820 479
HIST 1821 472
HIST 1822 506
HIST 1823 458
HIST 1824 453
HIST 1825 430
HIST 1826 481
HIST 1827 498
HIST 1828 440
HIST 1829 443
HIST 1830 504
HIST 1831 491
HIST 1832 489
HIST 1833 468
HIST 1834 507
HIST 1835 509
HIST 1836 475
HIST 1837 449
HIST 1838 490
HIST 1839 469
HIST 1840 453
HIST 1841 502
HIST 1842 451
HIST 1843 473
HIST 1844 453
HIST 1845 470
HIST 1846 458
HIST 1847 464
HIST 1848 468
HIST 1849 464
HIST 1850 460
HIST 1851 448
HIST 1852 447
HIST 1853 428
HIST 1854 469
HIST 1855 484
HIST 1856 443
HIST 1857 521
HIST 1858 507
HIST 1859 483
HIST 1860 444
HIST 1861 477
HIST 1862 473
HIST 1863 427
HIST 1864 506
HIST 1865 479
HIST 1866 506
HIST 1867 392
HIST 1868 477
HIST 1869 452
HIST 1870 446
HIST 1871 438
HIST 1872 435
HIST 1873 496
HIST 1874 475
HIST 1875 453
HIST 1876 497
HIST 1877 438
HIST 1878 452
HIST 1879 434
HIST 1880 454
HIST 1881 469
HIST 1882 499
HIST 1883 477
HIST 1884 535
HIST 1885 464
HIST 1886 444
HIST 1887 472
HIST 1888 488
HIST 1889 512
HIST 1890 468
HIST 1891 483
HIST 1892 496
HIST 1893 493
HIST 1894 487
HIST 1895 491
HIST 1896 444
HIST 1897 443
HIST 1898 439
HIST 1899 492
HIST 1900 479
HIST 1901 488
HIST 1902 451
HIST 1903 501
HIST 1904 490
HIST 1905 487
HIST 1906 467
HIST 1907 461
HIST 1908 490
HIST 1909 480
HIST 1910 463
HIST 1911 482
HIST 1912 489
HIST 1913 521
HIST 1914 488
HIST 1915 461
HIST 1916 486
HIST 1917 439
HIST 1918 474
HIST 1919 494
HIST 1920 446
HIST 1921 488
HIST 1922 467
HIST 1923 434
HIST 1924 477
HIST 1925 486
HIST 1926 497
HIST 1927 460
HIST 1928 460
HIST 1929 459
HIST 1930 444
HIST 1931 464
HIST 1932 471
HIST 1933 452
HIST 1934 491
HIST 1935 453
HIST 1936 386
HIST 1937 432
HIST 1938 413
HIST 1939 447
HIST 1940 460
HIST 1941 388
HIST 1942 481
HIST 1943 456
HIST 1944 421
HIST 1945 414
HIST 1946 413
HIST 1947 434
HIST 1948 423
HIST 1949 420
HIST 1950 431
HIST 1951 437
HIST 1952 400
HIST 1953 435
HIST 1954 471
HIST 1955 414
HIST 1956 464
HIST 1957 413
HIST 1958 432
HIST 1959 457
HIST 1960 430
HIST 1961 427
HIST 1962 416
HIST 1963 408
HIST 1964 410
HIST 1965 416
HIST 1966 424
HIST 1967 461
HIST 1968 408
HIST 1969 455
HIST 1970 447
HIST 1971 423
HIST 1972 498
HIST 1973 440
HIST 1974 429
HIST 1975 449
HIST 1976 422
HIST 1977 395
HIST 1978 428
HIST 1979 480
HIST 1980 424
HIST 1981 430
HIST 1982 431
HIST 1983 427
HIST 1984 436
HIST 1985 373
HIST 1986 396
HIST 1987 404
HIST 1988 430
HIST 1989 415
HIST 1990 446
HIST 1991 449
HIST 1992 421
HIST 1993 419
HIST 1994 429
HIST 1995 401
HIST 1996 425
HIST 1997 443
HIST 1998 430
HIST 1999 420
HIST 2000 411
HIST 2001 437
HIST 2002 442
HIST 2003 432
HIST 2004 446
HIST 2005 444
HIST 2006 443
HIST 2007 440
HIST 2008 449
HIST 2009 428
HIST 2010 437
HIST 2011 429
HIST 2012 451
HIST 2013 417
HIST 2014 421
HIST 2015 461
HIST 2016 456
HIST 2017 400
HIST 2018 420
HIST 2019 464
HIST 2020 451
HIST 2021 394
HIST 2022 433
HIST 2023 440
HIST 2024 442
HIST 2025 422
HIST 2026 450
HIST 2027 444
HIST 2028 459
HIST 2029 456
HIST 2030 428
HIST 2031 430
HIST 2032 463
HIST 2033 412
HIST 2034 416
HIST 2035 434
HIST 2036 429
HIST 2037 413
HIST 2038 435
HIST 2039 437
HIST 2040 455
HIST 2041 457
HIST 2042 396
HIST 2043 459
HIST 2044 408
HIST 2045 450
HIST 2046 432
HIST 2047 435
HIST 2048 429
HIST 2049 433
HIST 2050 426
HIST 2051 418
HIST 2052 392
HIST 2053 449
HIST 2054 440
HIST 2055 460
HIST 2056 445
HIST 2057 449
HIST 2058 444
HIST 2059 416
HIST 2060 430
HIST 2061 451
HIST 2062 475
HIST 2063 434
HIST 2064 435
HIST 2065 400
HIST 2066 429
HIST 2067 401
HIST 2068 435
HIST 2069 428
HIST 2070 444
HIST 2071 432
HIST 2072 445
HIST 2073 579
HIST 2074 414
HIST 2075 491
HIST 2076 441
HIST 2077 426
HIST 2078 437
HIST 2079 417
HIST 2080 457
HIST 2081 433
HIST 2082 456
HIST 2083 436
HIST 2084 431
HIST 2085 439
HIST 2086 433
HIST 2087 442
HIST 2088 471
HIST 2089 446
HIST 2090 440
HIST 2091 422
HIST 2092 443
HIST 2093 441
HIST 2094 410
HIST 2095 450
HIST 2096 421
HIST 2097 414
HIST 2098 442
HIST 2099 464
HIST 2100 429
HIST 2101 458
HIST 2102 431
HIST 2103 471
HIST 2104 14224
HIST 2105 456
HIST 2106 443
HIST 2107 473
HIST 2108 479
HIST 2109 423
HIST 2110 432
HIST 2111 475
HIST 2112 439
HIST 2113 451
HIST 2114 443
HIST 2115 463
HIST 2116 449
HIST 2117 437
HIST 2118 424
HIST 2119 447
HIST 2120 425
HIST 2121 457
HIST 2122 415
HIST 2123 429
HIST 2124 455
HIST 2125 448
HIST 2126 418
HIST 2127 490
HIST 2128 455
HIST 2129 428
HIST 2130 445
HIST 2131 478
HIST 2132 424
HIST 2133 443
HIST 2134 439
HIST 2135 454
HIST 2136 464
HIST 2137 462
HIST 2138 481
HIST 2139 443
HIST 2140 485
HIST 2141 471
HIST 2142 474
HIST 2143 478
HIST 2144 480
HIST 2145 483
HIST 2146 471
HIST 2147 477
HIST 2148 500
HIST 2149 438
HIST 2150 476
HIST 2151 439
HIST 2152 457
HIST 2153 436
HIST 2154 471
HIST 2155 450
HIST 2156 462
HIST 2157 470
HIST 2158 454
HIST 2159 412
HIST 2160 479
HIST 2161 402
HIST 2162 496
HIST 2163 466
HIST 2164 437
HIST 2165 464
HIST 2166 481
HIST 2167 444
HIST 2168 460
HIST 2169 435
HIST 2170 472
HIST 2171 442
HIST 2172 476
HIST 2173 486
HIST 2174 491
HIST 2175 443
HIST 2176 442
HIST 2177 419
HIST 2178 475
HIST 2179 417
HIST 2180 511
HIST 2181 494
HIST 2182 461
HIST 2183 441
HIST 2184 454
HIST 2185 503
HIST 2186 466
HIST 2187 468
HIST 2188 462
HIST 2189 461
HIST 2190 432
HIST 2191 471
HIST 2192 435
HIST 2193 465
HIST 2194 445
HIST 2195 469
HIST 2196 471
HIST 2197 511
HIST 2198 443
HIST 2199 496
HIST 2200 477
HIST 2201 523
HIST 2202 459
HIST 2203 497
HIST 2204 431
HIST 2205 462
HIST 2206 479
HIST 2207 460
HIST 2208 473
HIST 2209 456
HIST 2210 504
HIST 2211 525
HIST 2212 474
HIST 2213 491
HIST 2214 484
HIST 2215 490
HIST 2216 478
HIST 2217 470
HIST 2218 486
HIST 2219 451
HIST 2220 517
HIST 2221 434
HIST 2222 474
HIST 2223 460
HIST 2224 493
HIST 2225 495
HIST 2226 492
HIST 2227 518
HIST 2228 459
HIST 2229 437
HIST 2230 481
HIST 2231 494
HIST 2232 451
HIST 2233 469
HIST 2234 483
HIST 2235 491
HIST 2236 456
HIST 2237 506
HIST 2238 493
HIST 2239 563
HIST 2240 517
HIST 2241 501
HIST 2242 492
HIST 2243 527
HIST 2244 471
HIST 2245 469
HIST 2246 481
HIST 2247 496
HIST 2248 466
HIST 2249 483
HIST 2250 482
HIST 2251 517
HIST 2252 438
HIST 2253 456
HIST 2254 467
HIST 2255 505
HIST 2256 509
HIST 2257 465
HIST 2258 506
HIST 2259 485
HIST 2260 481
HIST 2261 483
HIST 2262 510
HIST 2263 530
HIST 2264 430
HIST 2265 504
HIST 2266 476
HIST 2267 504
HIST 2268 504
HIST 2269 524
HIST 2270 521
HIST 2271 524
HIST 2272 475
HIST 2273 508
HIST 2274 503
HIST 2275 491
HIST 2276 515
HIST 2277 523
HIST 2278 537
HIST 2279 499
HIST 2280 540
HIST 2281 497
HIST 2282 529
HIST 2283 494
HIST 2284 499
HIST 2285 501
HIST 2286 532
HIST 2287 470
HIST 2288 592
HIST 2289 555
HIST 2290 511
HIST 2291 528
HIST 2292 548
HIST 2293 534
HIST 2294 558
HIST 2295 512
HIST 2296 508
HIST 2297 501
HIST 2298 532
HIST 2299 511
HIST 2300 527
HIST 2301 518
HIST 2302 515
HIST 2303 537
HIST 2304 542
HIST 2305 540
HIST 2306 532
HIST 2307 507
HIST 2308 522
HIST 2309 577
HIST 2310 561
HIST 2311 554
HIST 2312 543
HIST 2313 528
HIST 2314 555
HIST 2315 512
HIST 2316 574
HIST 2317 576
HIST 2318 518
HIST 2319 567
HIST 2320 548
HIST 2321 530
HIST 2322 491
HIST 2323 575
HIST 2324 572
HIST 2325 538
HIST 2326 550
HIST 2327 543
HIST 2328 613
HIST 2329 581
HIST 2330 534
HIST 2331 518
HIST 2332 562
HIST 2333 597
HIST 2334 579
HIST 2335 568
HIST 2336 580
HIST 2337 556
HIST 2338 582
HIST 2339 553
HIST 2340 492
HIST 2341 565
HIST 2342 594
HIST 2343 558
HIST 2344 572
HIST 2345 597
HIST 2346 582
HIST 2347 575
HIST 2348 611
HIST 2349 577
HIST 2350 571
HIST 2351 566
HIST 2352 584
HIST 2353 552
HIST 2354 574
HIST 2355 567
HIST 2356 617
HIST 2357 580
HIST 2358 581
HIST 2359 631
HIST 2360 585
HIST 2361 601
HIST 2362 578
HIST 2363 595
HIST 2364 586
HIST 2365 601
HIST 2366 591
HIST 2367 574
HIST 2368 588
HIST 2369 612
HIST 2370 616
HIST 2371 610
HIST 2372 607
HIST 2373 599
HIST 2374 530
HIST 2375 603
HIST 2376 567
HIST 2377 547
HIST 2378 517
HIST 2379 524
HIST 2380 506
HIST 2381 469
HIST 2382 407
HIST 2383 340
HIST 2384 311
HIST 2385 281
HIST 2386 250
HIST 2387 271
HIST 2388 253
HIST 2389 235
HIST 2390 213
HIST 2391 199
HIST 2392 194
HIST 2393 201
HIST 2394 197
HIST 2395 181
HIST 2396 163
HIST 2397 171
HIST 2398 189
HIST 2399 164
HIST 2400 155
HIST 2401 192
HIST 2402 149
HIST 2403 182
HIST 2404 162
HIST 2405 171
HIST 2406 166
HIST 2407 152
HIST 2408 137
HIST 2409 128
HIST 2410 135
HIST 2411 130
HIST 2412 130
HIST 2413 137
HIST 2414 125
HIST 2415 130
HIST 2416 125
HIST 2417 111
HIST 2418 150
HIST 2419 122
HIST 2420 144
HIST 2421 132
HIST 2422 147
HIST 2423 107
HIST 2424 126
HIST 2425 118
HIST 2426 137
HIST 2427 132
HIST 2428 122
HIST 2429 130
HIST 2430 108
HIST 2431 102
HIST 2432 125
HIST 2433 125
HIST 2434 117
HIST 2435 95
HIST 2436 113
HIST 2437 107
HIST 2438 106
HIST 2439 108
HIST 2440 94
HIST 2441 90
HIST 2442 105
HIST 2443 101
HIST 2444 103
HIST 2445 109
HIST 2446 89
HIST 2447 106
HIST 2448 95
HIST 2449 89
HIST 2450 97
HIST 2451 82
HIST 2452 79
HIST 2453 78
HIST 2454 91
HIST 2455 94
HIST 2456 74
HIST 2457 81
HIST 2458 82
HIST 2459 78
HIST 2460 89
HIST 2461 82
HIST 2462 83
HIST 2463 69
HIST 2464 85
HIST 2465 76
HIST 2466 72
HIST 2467 71
HIST 2468 60
HIST 2469 79
HIST 2470 73
HIST 2471 79
HIST 2472 74
HIST 2473 53
HIST 2474 51
HIST 2475 47
HIST 2476 45
HIST 2477 61
HIST 2478 57
HIST 2479 42
HIST 2480 57
HIST 2481 46
HIST 2482 65
HIST 2483 47
HIST 2484 42
HIST 2485 50
HIST 2486 45
HIST 2487 54
HIST 2488 41
HIST 2489 36
HIST 2490 38
HIST 2491 41
HIST 2492 39
HIST 2493 35
HIST 2494 29
HIST 2495 31
HIST 2496 32
HIST 2497 31
HIST 2498 44
HIST 2499 37
HIST 2500 34
HIST 2501 41
HIST 2502 43
HIST 2503 36
HIST 2504 28
HIST 2505 25
HIST 2506 31
HIST 2507 32
HIST 2508 34
HIST 2509 24
HIST 2510 28
HIST 2511 21
HIST 2512 26
HIST 2513 19
HIST 2514 24
HIST 2515 20
HIST 2516 33
HIST 2517 28
HIST 2518 18
HIST 2519 15
HIST 2520 18
HIST 2521 21
HIST 2522 21
HIST 2523 14
HIST 2524 18
HIST 2525 18
HIST 2526 13
HIST 2527 19
HIST 2528 13
HIST 2529 13
HIST 2530 15
HIST 2531 21
HIST 2532 14
HIST 2533 15
HIST 2534 18
HIST 2535 7
HIST 2536 12
HIST 2537 15
HIST 2538 12
HIST 2539 7
HIST 2540 14
HIST 2541 16
HIST 2542 9
HIST 2543 17
HIST 2544 19
HIST 2545 10
HIST 2546 10
HIST 2547 15
HIST 2548 9
HIST 2549 9
HIST 2550 17
HIST 2551 7
HIST 2552 9
HIST 2553 15
HIST 2554 8
HIST 2555 9
HIST 2556 8
HIST 2557 10
HIST 2558 6
HIST 2559 3
HIST 2560 8
HIST 2561 11
HIST 2562 5
HIST 2563 7
HIST 2564 5
HIST 2565 9
HIST 2566 6
HIST 2567 9
HIST 2568 2
HIST 2569 8
HIST 2570 9
HIST 2571 3
HIST 2572 9
HIST 2573 10
HIST 2574 9
HIST 2575 6
HIST 2576 3
HIST 2577 5
HIST 2578 9
HIST 2579 12
HIST 2580 15
HIST 2581 20
HIST 2582 75
HIST 2583 4
HIST 2584 318
HIST 2585 11
HIST 2586 279
HIST 2587 4
HIST 2588 8
HIST 2589 8
HIST 2590 4
HIST 2591 3
HIST 2592 6
HIST 2593 7
HIST 2594 3
HIST 2595 2
HIST 2596 4
HIST 2597 7
HIST 2598 4
HIST 2599 3
HIST 2600 9
HIST 2601 4
HIST 2602 7
HIST 2603 4
HIST 2604 1
HIST 2605 2
HIST 2606 4
HIST 2607 2
HIST 2608 2
HIST 2609 6
HIST 2610 4
HIST 2611 11
HIST 2612 12
HIST 2613 8
HIST 2614 2
HIST 2615 39988
HISTEND
