P55 flags: vacuum=1 nofluct=0 nodelta=0 lowcut=0 killesc=0
RESULT decays=40000000
RESULT any=1410796 eps_total=3.526990e-02
RESULT window=2614.511 counts=40001 eps=1.000025e-03
HISTBEGIN bins=2616 bin_kev=1.000000 decays=40000000
HIST 0 365
HIST 1 882
HIST 2 922
HIST 3 923
HIST 4 905
HIST 5 933
HIST 6 1081
HIST 7 1134
HIST 8 1020
HIST 9 1005
HIST 10 1032
HIST 11 1065
HIST 12 1008
HIST 13 1045
HIST 14 1110
HIST 15 1089
HIST 16 1092
HIST 17 1045
HIST 18 1094
HIST 19 1041
HIST 20 1002
HIST 21 1066
HIST 22 1102
HIST 23 1083
HIST 24 1069
HIST 25 1055
HIST 26 1132
HIST 27 1134
HIST 28 1033
HIST 29 1030
HIST 30 1084
HIST 31 1059
HIST 32 973
HIST 33 1052
HIST 34 1020
HIST 35 1044
HIST 36 1011
HIST 37 989
HIST 38 990
HIST 39 1018
HIST 40 1026
HIST 41 981
HIST 42 1012
HIST 43 1033
HIST 44 990
HIST 45 973
HIST 46 960
HIST 47 997
HIST 48 996
HIST 49 961
HIST 50 955
HIST 51 906
HIST 52 953
HIST 53 914
HIST 54 971
HIST 55 944
HIST 56 938
HIST 57 951
HIST 58 911
HIST 59 967
HIST 60 895
HIST 61 916
HIST 62 910
HIST 63 886
HIST 64 887
HIST 65 870
HIST 66 912
HIST 67 920
HIST 68 892
HIST 69 908
HIST 70 948
HIST 71 905
HIST 72 847
HIST 73 869
HIST 74 904
HIST 75 858
HIST 76 884
HIST 77 890
HIST 78 898
HIST 79 850
HIST 80 871
HIST 81 876
HIST 82 817
HIST 83 862
HIST 84 828
HIST 85 830
HIST 86 872
HIST 87 899
HIST 88 805
HIST 89 835
HIST 90 889
HIST 91 857
HIST 92 846
HIST 93 834
HIST 94 838
HIST 95 839
HIST 96 869
HIST 97 840
HIST 98 784
HIST 99 811
HIST 100 912
HIST 101 819
HIST 102 839
HIST 103 819
HIST 104 837
HIST 105 810
HIST 106 777
HIST 107 751
HIST 108 828
HIST 109 844
HIST 110 880
HIST 111 800
HIST 112 887
HIST 113 790
HIST 114 822
HIST 115 803
HIST 116 787
HIST 117 813
HIST 118 811
HIST 119 792
HIST 120 792
HIST 121 832
HIST 122 812
HIST 123 821
HIST 124 769
HIST 125 826
HIST 126 812
HIST 127 809
HIST 128 795
HIST 129 804
HIST 130 782
HIST 131 791
HIST 132 821
HIST 133 741
HIST 134 796
HIST 135 782
HIST 136 784
HIST 137 746
HIST 138 757
HIST 139 808
HIST 140 814
HIST 141 734
HIST 142 744
HIST 143 745
HIST 144 727
HIST 145 781
HIST 146 842
HIST 147 799
HIST 148 737
HIST 149 817
HIST 150 752
HIST 151 800
HIST 152 768
HIST 153 744
HIST 154 767
HIST 155 783
HIST 156 865
HIST 157 726
HIST 158 754
HIST 159 803
HIST 160 762
HIST 161 739
HIST 162 762
HIST 163 731
HIST 164 765
HIST 165 787
HIST 166 770
HIST 167 700
HIST 168 704
HIST 169 747
HIST 170 723
HIST 171 774
HIST 172 764
HIST 173 729
HIST 174 736
HIST 175 769
HIST 176 729
HIST 177 726
HIST 178 791
HIST 179 697
HIST 180 733
HIST 181 710
HIST 182 744
HIST 183 740
HIST 184 689
HIST 185 706
HIST 186 736
HIST 187 735
HIST 188 699
HIST 189 728
HIST 190 719
HIST 191 712
HIST 192 727
HIST 193 693
HIST 194 719
HIST 195 702
HIST 196 703
HIST 197 659
HIST 198 658
HIST 199 733
HIST 200 700
HIST 201 728
HIST 202 700
HIST 203 725
HIST 204 712
HIST 205 663
HIST 206 720
HIST 207 718
HIST 208 692
HIST 209 685
HIST 210 723
HIST 211 711
HIST 212 721
HIST 213 738
HIST 214 682
HIST 215 695
HIST 216 711
HIST 217 730
HIST 218 722
HIST 219 686
HIST 220 693
HIST 221 715
HIST 222 690
HIST 223 706
HIST 224 705
HIST 225 663
HIST 226 686
HIST 227 693
HIST 228 685
HIST 229 720
HIST 230 757
HIST 231 692
HIST 232 740
HIST 233 720
HIST 234 788
HIST 235 779
HIST 236 792
HIST 237 832
HIST 238 771
HIST 239 832
HIST 240 822
HIST 241 822
HIST 242 817
HIST 243 753
HIST 244 788
HIST 245 838
HIST 246 792
HIST 247 841
HIST 248 817
HIST 249 834
HIST 250 825
HIST 251 857
HIST 252 866
HIST 253 798
HIST 254 764
HIST 255 821
HIST 256 849
HIST 257 814
HIST 258 766
HIST 259 826
HIST 260 777
HIST 261 772
HIST 262 862
HIST 263 810
HIST 264 788
HIST 265 786
HIST 266 743
HIST 267 821
HIST 268 788
HIST 269 777
HIST 270 789
HIST 271 787
HIST 272 755
HIST 273 763
HIST 274 793
HIST 275 776
HIST 276 766
HIST 277 714
HIST 278 757
HIST 279 750
HIST 280 762
HIST 281 720
HIST 282 757
HIST 283 764
HIST 284 741
HIST 285 758
HIST 286 772
HIST 287 755
HIST 288 780
HIST 289 745
HIST 290 784
HIST 291 723
HIST 292 701
HIST 293 679
HIST 294 729
HIST 295 764
HIST 296 722
HIST 297 724
HIST 298 685
HIST 299 735
HIST 300 722
HIST 301 701
HIST 302 737
HIST 303 736
HIST 304 680
HIST 305 664
HIST 306 720
HIST 307 706
HIST 308 723
HIST 309 668
HIST 310 727
HIST 311 721
HIST 312 718
HIST 313 652
HIST 314 709
HIST 315 710
HIST 316 699
HIST 317 695
HIST 318 690
HIST 319 701
HIST 320 696
HIST 321 695
HIST 322 672
HIST 323 712
HIST 324 713
HIST 325 627
HIST 326 672
HIST 327 693
HIST 328 751
HIST 329 662
HIST 330 658
HIST 331 680
HIST 332 711
HIST 333 639
HIST 334 663
HIST 335 696
HIST 336 614
HIST 337 703
HIST 338 647
HIST 339 651
HIST 340 656
HIST 341 652
HIST 342 710
HIST 343 655
HIST 344 675
HIST 345 643
HIST 346 603
HIST 347 660
HIST 348 649
HIST 349 684
HIST 350 663
HIST 351 626
HIST 352 610
HIST 353 613
HIST 354 684
HIST 355 690
HIST 356 613
HIST 357 608
HIST 358 649
HIST 359 627
HIST 360 632
HIST 361 599
HIST 362 627
HIST 363 613
HIST 364 607
HIST 365 644
HIST 366 637
HIST 367 640
HIST 368 624
HIST 369 649
HIST 370 615
HIST 371 670
HIST 372 585
HIST 373 599
HIST 374 638
HIST 375 658
HIST 376 595
HIST 377 684
HIST 378 594
HIST 379 606
HIST 380 608
HIST 381 663
HIST 382 630
HIST 383 639
HIST 384 613
HIST 385 601
HIST 386 605
HIST 387 644
HIST 388 582
HIST 389 628
HIST 390 597
HIST 391 638
HIST 392 594
HIST 393 655
HIST 394 631
HIST 395 592
HIST 396 642
HIST 397 602
HIST 398 602
HIST 399 590
HIST 400 601
HIST 401 604
HIST 402 634
HIST 403 601
HIST 404 592
HIST 405 594
HIST 406 596
HIST 407 628
HIST 408 610
HIST 409 600
HIST 410 614
HIST 411 593
HIST 412 572
HIST 413 595
HIST 414 541
HIST 415 608
HIST 416 605
HIST 417 600
HIST 418 597
HIST 419 563
HIST 420 593
HIST 421 605
HIST 422 597
HIST 423 599
HIST 424 554
HIST 425 599
HIST 426 570
HIST 427 555
HIST 428 591
HIST 429 599
HIST 430 580
HIST 431 621
HIST 432 590
HIST 433 601
HIST 434 582
HIST 435 593
HIST 436 603
HIST 437 603
HIST 438 568
HIST 439 608
HIST 440 574
HIST 441 604
HIST 442 547
HIST 443 581
HIST 444 555
HIST 445 611
HIST 446 556
HIST 447 579
HIST 448 561
HIST 449 617
HIST 450 559
HIST 451 622
HIST 452 568
HIST 453 598
HIST 454 598
HIST 455 592
HIST 456 579
HIST 457 578
HIST 458 613
HIST 459 575
HIST 460 605
HIST 461 530
HIST 462 612
HIST 463 551
HIST 464 612
HIST 465 611
HIST 466 543
HIST 467 529
HIST 468 542
HIST 469 515
HIST 470 578
HIST 471 541
HIST 472 562
HIST 473 545
HIST 474 579
HIST 475 618
HIST 476 588
HIST 477 505
HIST 478 591
HIST 479 528
HIST 480 536
HIST 481 566
HIST 482 603
HIST 483 522
HIST 484 542
HIST 485 539
HIST 486 561
HIST 487 555
HIST 488 545
HIST 489 607
HIST 490 561
HIST 491 597
HIST 492 514
HIST 493 572
HIST 494 539
HIST 495 584
HIST 496 575
HIST 497 549
HIST 498 596
HIST 499 549
HIST 500 502
HIST 501 562
HIST 502 590
HIST 503 513
HIST 504 537
HIST 505 578
HIST 506 516
HIST 507 564
HIST 508 528
HIST 509 572
HIST 510 558
HIST 511 1556
HIST 512 548
HIST 513 553
HIST 514 564
HIST 515 593
HIST 516 549
HIST 517 542
HIST 518 560
HIST 519 539
HIST 520 572
HIST 521 559
HIST 522 547
HIST 523 545
HIST 524 523
HIST 525 528
HIST 526 563
HIST 527 538
HIST 528 552
HIST 529 579
HIST 530 507
HIST 531 582
HIST 532 556
HIST 533 503
HIST 534 590
HIST 535 550
HIST 536 538
HIST 537 551
HIST 538 539
HIST 539 530
HIST 540 574
HIST 541 517
HIST 542 530
HIST 543 571
HIST 544 517
HIST 545 528
HIST 546 545
HIST 547 566
HIST 548 560
HIST 549 495
HIST 550 548
HIST 551 524
HIST 552 552
HIST 553 552
HIST 554 574
HIST 555 572
HIST 556 531
HIST 557 569
HIST 558 520
HIST 559 522
HIST 560 523
HIST 561 560
HIST 562 576
HIST 563 512
HIST 564 547
HIST 565 567
HIST 566 558
HIST 567 528
HIST 568 520
HIST 569 549
HIST 570 563
HIST 571 547
HIST 572 542
HIST 573 551
HIST 574 577
HIST 575 513
HIST 576 528
HIST 577 520
HIST 578 517
HIST 579 533
HIST 580 566
HIST 581 524
HIST 582 553
HIST 583 517
HIST 584 512
HIST 585 520
HIST 586 540
HIST 587 514
HIST 588 520
HIST 589 550
HIST 590 502
HIST 591 537
HIST 592 513
HIST 593 577
HIST 594 499
HIST 595 531
HIST 596 518
HIST 597 522
HIST 598 524
HIST 599 512
HIST 600 512
HIST 601 518
HIST 602 551
HIST 603 532
HIST 604 502
HIST 605 502
HIST 606 459
HIST 607 536
HIST 608 486
HIST 609 518
HIST 610 468
HIST 611 511
HIST 612 488
HIST 613 546
HIST 614 476
HIST 615 515
HIST 616 514
HIST 617 551
HIST 618 498
HIST 619 525
HIST 620 551
HIST 621 528
HIST 622 515
HIST 623 538
HIST 624 522
HIST 625 545
HIST 626 507
HIST 627 534
HIST 628 486
HIST 629 481
HIST 630 522
HIST 631 495
HIST 632 489
HIST 633 475
HIST 634 499
HIST 635 506
HIST 636 528
HIST 637 519
HIST 638 527
HIST 639 507
HIST 640 550
HIST 641 510
HIST 642 488
HIST 643 511
HIST 644 505
HIST 645 519
HIST 646 502
HIST 647 522
HIST 648 523
HIST 649 509
HIST 650 520
HIST 651 506
HIST 652 531
HIST 653 502
HIST 654 537
HIST 655 519
HIST 656 481
HIST 657 515
HIST 658 491
HIST 659 481
HIST 660 496
HIST 661 504
HIST 662 519
HIST 663 504
HIST 664 483
HIST 665 521
HIST 666 478
HIST 667 498
HIST 668 480
HIST 669 483
HIST 670 487
HIST 671 503
HIST 672 509
HIST 673 503
HIST 674 511
HIST 675 531
HIST 676 540
HIST 677 487
HIST 678 518
HIST 679 519
HIST 680 518
HIST 681 527
HIST 682 519
HIST 683 490
HIST 684 515
HIST 685 489
HIST 686 490
HIST 687 495
HIST 688 507
HIST 689 522
HIST 690 476
HIST 691 477
HIST 692 481
HIST 693 508
HIST 694 508
HIST 695 483
HIST 696 521
HIST 697 493
HIST 698 494
HIST 699 482
HIST 700 507
HIST 701 512
HIST 702 479
HIST 703 490
HIST 704 473
HIST 705 529
HIST 706 488
HIST 707 501
HIST 708 489
HIST 709 544
HIST 710 491
HIST 711 494
HIST 712 530
HIST 713 502
HIST 714 456
HIST 715 487
HIST 716 467
HIST 717 476
HIST 718 479
HIST 719 494
HIST 720 525
HIST 721 499
HIST 722 518
HIST 723 484
HIST 724 457
HIST 725 492
HIST 726 509
HIST 727 495
HIST 728 496
HIST 729 493
HIST 730 506
HIST 731 504
HIST 732 510
HIST 733 464
HIST 734 513
HIST 735 485
HIST 736 495
HIST 737 487
HIST 738 497
HIST 739 497
HIST 740 460
HIST 741 498
HIST 742 490
HIST 743 464
HIST 744 494
HIST 745 504
HIST 746 479
HIST 747 498
HIST 748 539
HIST 749 500
HIST 750 507
HIST 751 465
HIST 752 489
HIST 753 460
HIST 754 490
HIST 755 482
HIST 756 505
HIST 757 511
HIST 758 474
HIST 759 463
HIST 760 489
HIST 761 487
HIST 762 486
HIST 763 519
HIST 764 494
HIST 765 495
HIST 766 506
HIST 767 460
HIST 768 484
HIST 769 507
HIST 770 456
HIST 771 475
HIST 772 469
HIST 773 505
HIST 774 505
HIST 775 496
HIST 776 513
HIST 777 499
HIST 778 475
HIST 779 509
HIST 780 458
HIST 781 487
HIST 782 444
HIST 783 501
HIST 784 505
HIST 785 477
HIST 786 448
HIST 787 491
HIST 788 488
HIST 789 452
HIST 790 494
HIST 791 478
HIST 792 464
HIST 793 468
HIST 794 484
HIST 795 510
HIST 796 486
HIST 797 474
HIST 798 469
HIST 799 495
HIST 800 513
HIST 801 470
HIST 802 482
HIST 803 497
HIST 804 463
HIST 805 467
HIST 806 493
HIST 807 493
HIST 808 515
HIST 809 503
HIST 810 481
HIST 811 479
HIST 812 498
HIST 813 477
HIST 814 502
HIST 815 470
HIST 816 502
HIST 817 467
HIST 818 504
HIST 819 495
HIST 820 465
HIST 821 487
HIST 822 511
HIST 823 459
HIST 824 495
HIST 825 493
HIST 826 489
HIST 827 465
HIST 828 467
HIST 829 484
HIST 830 502
HIST 831 450
HIST 832 483
HIST 833 449
HIST 834 458
HIST 835 480
HIST 836 435
HIST 837 507
HIST 838 491
HIST 839 489
HIST 840 434
HIST 841 468
HIST 842 493
HIST 843 464
HIST 844 471
HIST 845 500
HIST 846 453
HIST 847 463
HIST 848 444
HIST 849 440
HIST 850 448
HIST 851 500
HIST 852 453
HIST 853 462
HIST 854 510
HIST 855 486
HIST 856 457
HIST 857 459
HIST 858 442
HIST 859 452
HIST 860 473
HIST 861 461
HIST 862 471
HIST 863 466
HIST 864 477
HIST 865 503
HIST 866 450
HIST 867 502
HIST 868 516
HIST 869 473
HIST 870 443
HIST 871 472
HIST 872 447
HIST 873 435
HIST 874 472
HIST 875 444
HIST 876 489
HIST 877 480
HIST 878 465
HIST 879 493
HIST 880 481
HIST 881 486
HIST 882 471
HIST 883 494
HIST 884 474
HIST 885 453
HIST 886 481
HIST 887 445
HIST 888 465
HIST 889 474
HIST 890 455
HIST 891 451
HIST 892 457
HIST 893 440
HIST 894 455
HIST 895 439
HIST 896 469
HIST 897 433
HIST 898 431
HIST 899 487
HIST 900 501
HIST 901 484
HIST 902 447
HIST 903 448
HIST 904 478
HIST 905 464
HIST 906 418
HIST 907 473
HIST 908 424
HIST 909 441
HIST 910 471
HIST 911 495
HIST 912 507
HIST 913 466
HIST 914 484
HIST 915 467
HIST 916 504
HIST 917 477
HIST 918 454
HIST 919 454
HIST 920 498
HIST 921 483
HIST 922 468
HIST 923 470
HIST 924 446
HIST 925 470
HIST 926 450
HIST 927 433
HIST 928 437
HIST 929 423
HIST 930 443
HIST 931 422
HIST 932 474
HIST 933 442
HIST 934 462
HIST 935 462
HIST 936 400
HIST 937 440
HIST 938 456
HIST 939 444
HIST 940 443
HIST 941 476
HIST 942 469
HIST 943 436
HIST 944 468
HIST 945 468
HIST 946 469
HIST 947 454
HIST 948 456
HIST 949 412
HIST 950 453
HIST 951 484
HIST 952 486
HIST 953 437
HIST 954 445
HIST 955 443
HIST 956 470
HIST 957 480
HIST 958 459
HIST 959 441
HIST 960 461
HIST 961 480
HIST 962 487
HIST 963 488
HIST 964 433
HIST 965 465
HIST 966 466
HIST 967 452
HIST 968 430
HIST 969 468
HIST 970 441
HIST 971 447
HIST 972 449
HIST 973 465
HIST 974 456
HIST 975 446
HIST 976 437
HIST 977 440
HIST 978 484
HIST 979 453
HIST 980 475
HIST 981 467
HIST 982 451
HIST 983 435
HIST 984 409
HIST 985 428
HIST 986 470
HIST 987 414
HIST 988 435
HIST 989 456
HIST 990 430
HIST 991 456
HIST 992 448
HIST 993 456
HIST 994 466
HIST 995 472
HIST 996 484
HIST 997 472
HIST 998 467
HIST 999 468
HIST 1000 408
HIST 1001 412
HIST 1002 450
HIST 1003 463
HIST 1004 468
HIST 1005 427
HIST 1006 455
HIST 1007 402
HIST 1008 413
HIST 1009 443
HIST 1010 446
HIST 1011 437
HIST 1012 454
HIST 1013 456
HIST 1014 434
HIST 1015 456
HIST 1016 442
HIST 1017 442
HIST 1018 432
HIST 1019 442
HIST 1020 468
HIST 1021 461
HIST 1022 478
HIST 1023 416
HIST 1024 424
HIST 1025 446
HIST 1026 437
HIST 1027 463
HIST 1028 418
HIST 1029 409
HIST 1030 443
HIST 1031 467
HIST 1032 452
HIST 1033 403
HIST 1034 435
HIST 1035 454
HIST 1036 486
HIST 1037 456
HIST 1038 467
HIST 1039 446
HIST 1040 469
HIST 1041 427
HIST 1042 466
HIST 1043 451
HIST 1044 444
HIST 1045 420
HIST 1046 481
HIST 1047 442
HIST 1048 509
HIST 1049 429
HIST 1050 410
HIST 1051 457
HIST 1052 437
HIST 1053 459
HIST 1054 422
HIST 1055 465
HIST 1056 457
HIST 1057 456
HIST 1058 456
HIST 1059 445
HIST 1060 444
HIST 1061 485
HIST 1062 455
HIST 1063 459
HIST 1064 447
HIST 1065 458
HIST 1066 450
HIST 1067 440
HIST 1068 459
HIST 1069 486
HIST 1070 444
HIST 1071 441
HIST 1072 446
HIST 1073 432
HIST 1074 448
HIST 1075 460
HIST 1076 429
HIST 1077 443
HIST 1078 458
HIST 1079 435
HIST 1080 447
HIST 1081 455
HIST 1082 465
HIST 1083 482
HIST 1084 452
HIST 1085 431
HIST 1086 428
HIST 1087 442
HIST 1088 420
HIST 1089 413
HIST 1090 435
HIST 1091 451
HIST 1092 464
HIST 1093 420
HIST 1094 448
HIST 1095 424
HIST 1096 490
HIST 1097 448
HIST 1098 434
HIST 1099 474
HIST 1100 458
HIST 1101 436
HIST 1102 436
HIST 1103 446
HIST 1104 470
HIST 1105 479
HIST 1106 478
HIST 1107 458
HIST 1108 387
HIST 1109 436
HIST 1110 442
HIST 1111 430
HIST 1112 444
HIST 1113 413
HIST 1114 443
HIST 1115 446
HIST 1116 473
HIST 1117 426
HIST 1118 426
HIST 1119 437
HIST 1120 420
HIST 1121 451
HIST 1122 440
HIST 1123 424
HIST 1124 429
HIST 1125 425
HIST 1126 416
HIST 1127 447
HIST 1128 429
HIST 1129 431
HIST 1130 449
HIST 1131 457
HIST 1132 421
HIST 1133 479
HIST 1134 440
HIST 1135 453
HIST 1136 475
HIST 1137 467
HIST 1138 402
HIST 1139 427
HIST 1140 428
HIST 1141 437
HIST 1142 452
HIST 1143 427
HIST 1144 421
HIST 1145 459
HIST 1146 475
HIST 1147 429
HIST 1148 457
HIST 1149 464
HIST 1150 414
HIST 1151 418
HIST 1152 402
HIST 1153 442
HIST 1154 455
HIST 1155 440
HIST 1156 412
HIST 1157 411
HIST 1158 453
HIST 1159 464
HIST 1160 464
HIST 1161 451
HIST 1162 438
HIST 1163 435
HIST 1164 433
HIST 1165 397
HIST 1166 443
HIST 1167 460
HIST 1168 445
HIST 1169 429
HIST 1170 431
HIST 1171 432
HIST 1172 441
HIST 1173 474
HIST 1174 465
HIST 1175 411
HIST 1176 462
HIST 1177 454
HIST 1178 457
HIST 1179 456
HIST 1180 434
HIST 1181 435
HIST 1182 417
HIST 1183 405
HIST 1184 425
HIST 1185 439
HIST 1186 479
HIST 1187 410
HIST 1188 443
HIST 1189 463
HIST 1190 486
HIST 1191 428
HIST 1192 423
HIST 1193 454
HIST 1194 444
HIST 1195 450
HIST 1196 447
HIST 1197 432
HIST 1198 467
HIST 1199 453
HIST 1200 448
HIST 1201 452
HIST 1202 423
HIST 1203 425
HIST 1204 447
HIST 1205 427
HIST 1206 439
HIST 1207 402
HIST 1208 457
HIST 1209 480
HIST 1210 460
HIST 1211 462
HIST 1212 501
HIST 1213 450
HIST 1214 428
HIST 1215 445
HIST 1216 471
HIST 1217 445
HIST 1218 476
HIST 1219 423
HIST 1220 418
HIST 1221 427
HIST 1222 418
HIST 1223 417
HIST 1224 459
HIST 1225 427
HIST 1226 437
HIST 1227 442
HIST 1228 445
HIST 1229 429
HIST 1230 465
HIST 1231 478
HIST 1232 462
HIST 1233 466
HIST 1234 459
HIST 1235 446
HIST 1236 436
HIST 1237 416
HIST 1238 422
HIST 1239 427
HIST 1240 403
HIST 1241 408
HIST 1242 412
HIST 1243 429
HIST 1244 440
HIST 1245 411
HIST 1246 451
HIST 1247 435
HIST 1248 427
HIST 1249 455
HIST 1250 481
HIST 1251 415
HIST 1252 416
HIST 1253 430
HIST 1254 466
HIST 1255 431
HIST 1256 466
HIST 1257 439
HIST 1258 500
HIST 1259 438
HIST 1260 467
HIST 1261 472
HIST 1262 387
HIST 1263 434
HIST 1264 443
HIST 1265 431
HIST 1266 459
HIST 1267 425
HIST 1268 422
HIST 1269 425
HIST 1270 457
HIST 1271 434
HIST 1272 433
HIST 1273 438
HIST 1274 432
HIST 1275 434
HIST 1276 442
HIST 1277 440
HIST 1278 430
HIST 1279 464
HIST 1280 457
HIST 1281 487
HIST 1282 466
HIST 1283 442
HIST 1284 480
HIST 1285 423
HIST 1286 429
HIST 1287 445
HIST 1288 443
HIST 1289 433
HIST 1290 445
HIST 1291 447
HIST 1292 424
HIST 1293 441
HIST 1294 463
HIST 1295 444
HIST 1296 406
HIST 1297 444
HIST 1298 467
HIST 1299 435
HIST 1300 443
HIST 1301 412
HIST 1302 411
HIST 1303 423
HIST 1304 439
HIST 1305 475
HIST 1306 451
HIST 1307 469
HIST 1308 425
HIST 1309 458
HIST 1310 448
HIST 1311 452
HIST 1312 414
HIST 1313 420
HIST 1314 421
HIST 1315 424
HIST 1316 433
HIST 1317 417
HIST 1318 469
HIST 1319 493
HIST 1320 476
HIST 1321 434
HIST 1322 439
HIST 1323 439
HIST 1324 396
HIST 1325 471
HIST 1326 471
HIST 1327 454
HIST 1328 406
HIST 1329 429
HIST 1330 469
HIST 1331 448
HIST 1332 425
HIST 1333 432
HIST 1334 440
HIST 1335 433
HIST 1336 484
HIST 1337 436
HIST 1338 432
HIST 1339 424
HIST 1340 463
HIST 1341 429
HIST 1342 429
HIST 1343 439
HIST 1344 452
HIST 1345 448
HIST 1346 430
HIST 1347 470
HIST 1348 442
HIST 1349 456
HIST 1350 433
HIST 1351 463
HIST 1352 448
HIST 1353 464
HIST 1354 448
HIST 1355 461
HIST 1356 416
HIST 1357 421
HIST 1358 437
HIST 1359 441
HIST 1360 422
HIST 1361 456
HIST 1362 404
HIST 1363 413
HIST 1364 417
HIST 1365 440
HIST 1366 438
HIST 1367 450
HIST 1368 447
HIST 1369 414
HIST 1370 436
HIST 1371 447
HIST 1372 445
HIST 1373 446
HIST 1374 446
HIST 1375 445
HIST 1376 460
HIST 1377 440
HIST 1378 438
HIST 1379 416
HIST 1380 446
HIST 1381 401
HIST 1382 447
HIST 1383 440
HIST 1384 411
HIST 1385 442
HIST 1386 414
HIST 1387 446
HIST 1388 450
HIST 1389 425
HIST 1390 457
HIST 1391 430
HIST 1392 489
HIST 1393 451
HIST 1394 434
HIST 1395 419
HIST 1396 439
HIST 1397 452
HIST 1398 444
HIST 1399 430
HIST 1400 443
HIST 1401 427
HIST 1402 408
HIST 1403 425
HIST 1404 443
HIST 1405 442
HIST 1406 441
HIST 1407 453
HIST 1408 469
HIST 1409 437
HIST 1410 489
HIST 1411 442
HIST 1412 443
HIST 1413 490
HIST 1414 417
HIST 1415 461
HIST 1416 497
HIST 1417 477
HIST 1418 432
HIST 1419 411
HIST 1420 410
HIST 1421 489
HIST 1422 463
HIST 1423 460
HIST 1424 403
HIST 1425 464
HIST 1426 434
HIST 1427 428
HIST 1428 451
HIST 1429 456
HIST 1430 425
HIST 1431 458
HIST 1432 439
HIST 1433 444
HIST 1434 434
HIST 1435 442
HIST 1436 471
HIST 1437 469
HIST 1438 443
HIST 1439 423
HIST 1440 452
HIST 1441 452
HIST 1442 443
HIST 1443 424
HIST 1444 437
HIST 1445 422
HIST 1446 453
HIST 1447 444
HIST 1448 463
HIST 1449 474
HIST 1450 443
HIST 1451 424
HIST 1452 471
HIST 1453 436
HIST 1454 429
HIST 1455 421
HIST 1456 453
HIST 1457 437
HIST 1458 421
HIST 1459 420
HIST 1460 390
HIST 1461 437
HIST 1462 449
HIST 1463 427
HIST 1464 401
HIST 1465 437
HIST 1466 450
HIST 1467 384
HIST 1468 428
HIST 1469 421
HIST 1470 449
HIST 1471 443
HIST 1472 438
HIST 1473 436
HIST 1474 455
HIST 1475 437
HIST 1476 428
HIST 1477 444
HIST 1478 410
HIST 1479 448
HIST 1480 425
HIST 1481 431
HIST 1482 390
HIST 1483 414
HIST 1484 457
HIST 1485 422
HIST 1486 452
HIST 1487 434
HIST 1488 424
HIST 1489 440
HIST 1490 427
HIST 1491 449
HIST 1492 421
HIST 1493 489
HIST 1494 417
HIST 1495 436
HIST 1496 427
HIST 1497 396
HIST 1498 418
HIST 1499 396
HIST 1500 412
HIST 1501 417
HIST 1502 441
HIST 1503 403
HIST 1504 449
HIST 1505 455
HIST 1506 402
HIST 1507 425
HIST 1508 428
HIST 1509 382
HIST 1510 437
HIST 1511 421
HIST 1512 461
HIST 1513 417
HIST 1514 446
HIST 1515 431
HIST 1516 429
HIST 1517 412
HIST 1518 418
HIST 1519 394
HIST 1520 415
HIST 1521 442
HIST 1522 431
HIST 1523 430
HIST 1524 440
HIST 1525 419
HIST 1526 430
HIST 1527 408
HIST 1528 428
HIST 1529 419
HIST 1530 442
HIST 1531 431
HIST 1532 435
HIST 1533 451
HIST 1534 409
HIST 1535 425
HIST 1536 419
HIST 1537 433
HIST 1538 427
HIST 1539 457
HIST 1540 400
HIST 1541 415
HIST 1542 422
HIST 1543 416
HIST 1544 399
HIST 1545 414
HIST 1546 394
HIST 1547 405
HIST 1548 439
HIST 1549 467
HIST 1550 385
HIST 1551 415
HIST 1552 409
HIST 1553 417
HIST 1554 456
HIST 1555 391
HIST 1556 398
HIST 1557 405
HIST 1558 410
HIST 1559 390
HIST 1560 445
HIST 1561 397
HIST 1562 531
HIST 1563 396
HIST 1564 481
HIST 1565 414
HIST 1566 429
HIST 1567 390
HIST 1568 373
HIST 1569 431
HIST 1570 405
HIST 1571 409
HIST 1572 407
HIST 1573 381
HIST 1574 403
HIST 1575 410
HIST 1576 379
HIST 1577 399
HIST 1578 443
HIST 1579 444
HIST 1580 416
HIST 1581 434
HIST 1582 389
HIST 1583 387
HIST 1584 396
HIST 1585 401
HIST 1586 447
HIST 1587 428
HIST 1588 379
HIST 1589 430
HIST 1590 437
HIST 1591 426
HIST 1592 389
HIST 1593 86220
HIST 1594 459
HIST 1595 496
HIST 1596 486
HIST 1597 482
HIST 1598 473
HIST 1599 484
HIST 1600 491
HIST 1601 495
HIST 1602 497
HIST 1603 477
HIST 1604 497
HIST 1605 483
HIST 1606 475
HIST 1607 478
HIST 1608 513
HIST 1609 483
HIST 1610 474
HIST 1611 504
HIST 1612 522
HIST 1613 470
HIST 1614 494
HIST 1615 489
HIST 1616 486
HIST 1617 495
HIST 1618 515
HIST 1619 486
HIST 1620 488
HIST 1621 452
HIST 1622 493
HIST 1623 489
HIST 1624 461
HIST 1625 504
HIST 1626 511
HIST 1627 502
HIST 1628 457
HIST 1629 513
HIST 1630 494
HIST 1631 480
HIST 1632 511
HIST 1633 478
HIST 1634 448
HIST 1635 488
HIST 1636 491
HIST 1637 520
HIST 1638 485
HIST 1639 477
HIST 1640 477
HIST 1641 474
HIST 1642 522
HIST 1643 505
HIST 1644 478
HIST 1645 507
HIST 1646 506
HIST 1647 487
HIST 1648 484
HIST 1649 469
HIST 1650 491
HIST 1651 443
HIST 1652 507
HIST 1653 502
HIST 1654 476
HIST 1655 499
HIST 1656 522
HIST 1657 526
HIST 1658 498
HIST 1659 486
HIST 1660 460
HIST 1661 433
HIST 1662 503
HIST 1663 511
HIST 1664 484
HIST 1665 480
HIST 1666 498
HIST 1667 496
HIST 1668 467
HIST 1669 479
HIST 1670 461
HIST 1671 504
HIST 1672 464
HIST 1673 490
HIST 1674 489
HIST 1675 503
HIST 1676 449
HIST 1677 501
HIST 1678 489
HIST 1679 486
HIST 1680 525
HIST 1681 486
HIST 1682 505
HIST 1683 449
HIST 1684 483
HIST 1685 480
HIST 1686 484
HIST 1687 503
HIST 1688 447
HIST 1689 501
HIST 1690 503
HIST 1691 487
HIST 1692 499
HIST 1693 499
HIST 1694 471
HIST 1695 475
HIST 1696 453
HIST 1697 453
HIST 1698 489
HIST 1699 476
HIST 1700 463
HIST 1701 470
HIST 1702 499
HIST 1703 435
HIST 1704 500
HIST 1705 486
HIST 1706 459
HIST 1707 496
HIST 1708 473
HIST 1709 459
HIST 1710 507
HIST 1711 483
HIST 1712 488
HIST 1713 472
HIST 1714 468
HIST 1715 457
HIST 1716 453
HIST 1717 478
HIST 1718 465
HIST 1719 511
HIST 1720 495
HIST 1721 458
HIST 1722 470
HIST 1723 500
HIST 1724 498
HIST 1725 501
HIST 1726 500
HIST 1727 478
HIST 1728 483
HIST 1729 489
HIST 1730 457
HIST 1731 477
HIST 1732 466
HIST 1733 501
HIST 1734 459
HIST 1735 495
HIST 1736 449
HIST 1737 469
HIST 1738 472
HIST 1739 466
HIST 1740 477
HIST 1741 524
HIST 1742 461
HIST 1743 445
HIST 1744 498
HIST 1745 479
HIST 1746 493
HIST 1747 434
HIST 1748 483
HIST 1749 474
HIST 1750 435
HIST 1751 493
HIST 1752 481
HIST 1753 462
HIST 1754 462
HIST 1755 467
HIST 1756 457
HIST 1757 420
HIST 1758 477
HIST 1759 486
HIST 1760 463
HIST 1761 523
HIST 1762 461
HIST 1763 481
HIST 1764 521
HIST 1765 524
HIST 1766 517
HIST 1767 524
HIST 1768 477
HIST 1769 481
HIST 1770 473
HIST 1771 520
HIST 1772 475
HIST 1773 526
HIST 1774 525
HIST 1775 460
HIST 1776 494
HIST 1777 522
HIST 1778 436
HIST 1779 511
HIST 1780 463
HIST 1781 491
HIST 1782 511
HIST 1783 486
HIST 1784 502
HIST 1785 460
HIST 1786 460
HIST 1787 524
HIST 1788 504
HIST 1789 474
HIST 1790 465
HIST 1791 433
HIST 1792 510
HIST 1793 487
HIST 1794 457
HIST 1795 474
HIST 1796 488
HIST 1797 495
HIST 1798 471
HIST 1799 472
HIST 1800 468
HIST 1801 456
HIST 1802 485
HIST 1803 497
HIST 1804 460
HIST 1805 471
HIST 1806 462
HIST 1807 504
HIST 1808 457
HIST 1809 442
HIST 1810 486
HIST 1811 498
HIST 1812 478
HIST 1813 436
HIST 1814 470
HIST 1815 485
HIST 1816 505
HIST 1817 473
HIST 1818 480
HIST 1819 488
HIST 1820 468
HIST 1821 478
HIST 1822 455
HIST 1823 424
HIST 1824 460
HIST 1825 416
HIST 1826 470
HIST 1827 520
HIST 1828 470
HIST 1829 433
HIST 1830 485
HIST 1831 494
HIST 1832 454
HIST 1833 474
HIST 1834 510
HIST 1835 515
HIST 1836 455
HIST 1837 465
HIST 1838 518
HIST 1839 476
HIST 1840 476
HIST 1841 508
HIST 1842 444
HIST 1843 454
HIST 1844 448
HIST 1845 464
HIST 1846 485
HIST 1847 486
HIST 1848 481
HIST 1849 490
HIST 1850 462
HIST 1851 481
HIST 1852 452
HIST 1853 482
HIST 1854 457
HIST 1855 470
HIST 1856 464
HIST 1857 497
HIST 1858 475
HIST 1859 512
HIST 1860 451
HIST 1861 466
HIST 1862 463
HIST 1863 484
HIST 1864 471
HIST 1865 460
HIST 1866 495
HIST 1867 437
HIST 1868 502
HIST 1869 454
HIST 1870 474
HIST 1871 473
HIST 1872 458
HIST 1873 487
HIST 1874 433
HIST 1875 442
HIST 1876 472
HIST 1877 442
HIST 1878 468
HIST 1879 462
HIST 1880 447
HIST 1881 460
HIST 1882 486
HIST 1883 488
HIST 1884 575
HIST 1885 479
HIST 1886 454
HIST 1887 506
HIST 1888 460
HIST 1889 463
HIST 1890 455
HIST 1891 509
HIST 1892 497
HIST 1893 473
HIST 1894 467
HIST 1895 499
HIST 1896 469
HIST 1897 476
HIST 1898 457
HIST 1899 448
HIST 1900 439
HIST 1901 475
HIST 1902 470
HIST 1903 507
HIST 1904 468
HIST 1905 516
HIST 1906 495
HIST 1907 427
HIST 1908 507
HIST 1909 472
HIST 1910 480
HIST 1911 516
HIST 1912 457
HIST 1913 496
HIST 1914 429
HIST 1915 462
HIST 1916 507
HIST 1917 460
HIST 1918 477
HIST 1919 497
HIST 1920 470
HIST 1921 471
HIST 1922 473
HIST 1923 445
HIST 1924 483
HIST 1925 489
HIST 1926 490
HIST 1927 471
HIST 1928 485
HIST 1929 486
HIST 1930 448
HIST 1931 452
HIST 1932 459
HIST 1933 442
HIST 1934 498
HIST 1935 478
HIST 1936 441
HIST 1937 406
HIST 1938 415
HIST 1939 444
HIST 1940 468
HIST 1941 422
HIST 1942 457
HIST 1943 437
HIST 1944 428
HIST 1945 408
HIST 1946 425
HIST 1947 425
HIST 1948 436
HIST 1949 450
HIST 1950 415
HIST 1951 429
HIST 1952 405
HIST 1953 458
HIST 1954 446
HIST 1955 446
HIST 1956 414
HIST 1957 469
HIST 1958 449
HIST 1959 416
HIST 1960 434
HIST 1961 410
HIST 1962 440
HIST 1963 420
HIST 1964 457
HIST 1965 449
HIST 1966 415
HIST 1967 476
HIST 1968 428
HIST 1969 449
HIST 1970 429
HIST 1971 436
HIST 1972 457
HIST 1973 439
HIST 1974 467
HIST 1975 448
HIST 1976 413
HIST 1977 410
HIST 1978 418
HIST 1979 452
HIST 1980 426
HIST 1981 408
HIST 1982 421
HIST 1983 434
HIST 1984 408
HIST 1985 418
HIST 1986 376
HIST 1987 417
HIST 1988 471
HIST 1989 455
HIST 1990 458
HIST 1991 419
HIST 1992 410
HIST 1993 440
HIST 1994 414
HIST 1995 431
HIST 1996 408
HIST 1997 417
HIST 1998 420
HIST 1999 442
HIST 2000 401
HIST 2001 466
HIST 2002 419
HIST 2003 424
HIST 2004 460
HIST 2005 440
HIST 2006 436
HIST 2007 412
HIST 2008 453
HIST 2009 462
HIST 2010 456
HIST 2011 453
HIST 2012 453
HIST 2013 374
HIST 2014 450
HIST 2015 416
HIST 2016 440
HIST 2017 385
HIST 2018 414
HIST 2019 459
HIST 2020 424
HIST 2021 424
HIST 2022 466
HIST 2023 433
HIST 2024 439
HIST 2025 419
HIST 2026 423
HIST 2027 450
HIST 2028 452
HIST 2029 415
HIST 2030 418
HIST 2031 437
HIST 2032 463
HIST 2033 458
HIST 2034 413
HIST 2035 406
HIST 2036 420
HIST 2037 421
HIST 2038 418
HIST 2039 414
HIST 2040 458
HIST 2041 458
HIST 2042 411
HIST 2043 439
HIST 2044 409
HIST 2045 440
HIST 2046 423
HIST 2047 430
HIST 2048 443
HIST 2049 412
HIST 2050 411
HIST 2051 423
HIST 2052 374
HIST 2053 470
HIST 2054 432
HIST 2055 429
HIST 2056 419
HIST 2057 431
HIST 2058 450
HIST 2059 431
HIST 2060 454
HIST 2061 450
HIST 2062 457
HIST 2063 396
HIST 2064 407
HIST 2065 390
HIST 2066 429
HIST 2067 419
HIST 2068 460
HIST 2069 424
HIST 2070 456
HIST 2071 414
HIST 2072 451
HIST 2073 575
HIST 2074 401
HIST 2075 465
HIST 2076 462
HIST 2077 417
HIST 2078 431
HIST 2079 442
HIST 2080 476
HIST 2081 447
HIST 2082 476
HIST 2083 433
HIST 2084 440
HIST 2085 429
HIST 2086 448
HIST 2087 427
HIST 2088 452
HIST 2089 433
HIST 2090 432
HIST 2091 408
HIST 2092 433
HIST 2093 482
HIST 2094 408
HIST 2095 452
HIST 2096 412
HIST 2097 404
HIST 2098 453
HIST 2099 454
HIST 2100 446
HIST 2101 475
HIST 2102 410
HIST 2103 429
HIST 2104 14419
HIST 2105 447
HIST 2106 444
HIST 2107 473
HIST 2108 484
HIST 2109 433
HIST 2110 414
HIST 2111 436
HIST 2112 438
HIST 2113 430
HIST 2114 434
HIST 2115 459
HIST 2116 484
HIST 2117 450
HIST 2118 445
HIST 2119 435
HIST 2120 435
HIST 2121 461
HIST 2122 468
HIST 2123 433
HIST 2124 451
HIST 2125 451
HIST 2126 430
HIST 2127 466
HIST 2128 482
HIST 2129 444
HIST 2130 451
HIST 2131 446
HIST 2132 442
HIST 2133 419
HIST 2134 449
HIST 2135 447
HIST 2136 449
HIST 2137 456
HIST 2138 458
HIST 2139 458
HIST 2140 465
HIST 2141 442
HIST 2142 453
HIST 2143 473
HIST 2144 448
HIST 2145 441
HIST 2146 475
HIST 2147 441
HIST 2148 495
HIST 2149 414
HIST 2150 496
HIST 2151 467
HIST 2152 442
HIST 2153 425
HIST 2154 481
HIST 2155 442
HIST 2156 497
HIST 2157 457
HIST 2158 475
HIST 2159 432
HIST 2160 476
HIST 2161 434
HIST 2162 472
HIST 2163 465
HIST 2164 403
HIST 2165 454
HIST 2166 464
HIST 2167 478
HIST 2168 449
HIST 2169 453
HIST 2170 486
HIST 2171 456
HIST 2172 458
HIST 2173 521
HIST 2174 482
HIST 2175 476
HIST 2176 481
HIST 2177 453
HIST 2178 472
HIST 2179 449
HIST 2180 496
HIST 2181 468
HIST 2182 462
HIST 2183 439
HIST 2184 474
HIST 2185 491
HIST 2186 445
HIST 2187 459
HIST 2188 462
HIST 2189 483
HIST 2190 459
HIST 2191 476
HIST 2192 439
HIST 2193 437
HIST 2194 459
HIST 2195 483
HIST 2196 479
HIST 2197 492
HIST 2198 457
HIST 2199 465
HIST 2200 470
HIST 2201 484
HIST 2202 457
HIST 2203 471
HIST 2204 421
HIST 2205 436
HIST 2206 462
HIST 2207 472
HIST 2208 476
HIST 2209 452
HIST 2210 519
HIST 2211 512
HIST 2212 455
HIST 2213 482
HIST 2214 483
HIST 2215 485
HIST 2216 455
HIST 2217 483
HIST 2218 474
HIST 2219 468
HIST 2220 500
HIST 2221 489
HIST 2222 480
HIST 2223 461
HIST 2224 451
HIST 2225 483
HIST 2226 473
HIST 2227 489
HIST 2228 456
HIST 2229 443
HIST 2230 460
HIST 2231 479
HIST 2232 487
HIST 2233 481
HIST 2234 519
HIST 2235 490
HIST 2236 450
HIST 2237 494
HIST 2238 519
HIST 2239 556
HIST 2240 505
HIST 2241 505
HIST 2242 489
HIST 2243 522
HIST 2244 472
HIST 2245 485
HIST 2246 476
HIST 2247 489
HIST 2248 497
HIST 2249 472
HIST 2250 508
HIST 2251 498
HIST 2252 459
HIST 2253 479
HIST 2254 477
HIST 2255 492
HIST 2256 510
HIST 2257 499
HIST 2258 476
HIST 2259 453
HIST 2260 490
HIST 2261 499
HIST 2262 512
HIST 2263 530
HIST 2264 451
HIST 2265 508
HIST 2266 485
HIST 2267 501
HIST 2268 503
HIST 2269 508
HIST 2270 517
HIST 2271 515
HIST 2272 482
HIST 2273 490
HIST 2274 499
HIST 2275 488
HIST 2276 532
HIST 2277 516
HIST 2278 536
HIST 2279 510
HIST 2280 542
HIST 2281 515
HIST 2282 506
HIST 2283 518
HIST 2284 500
HIST 2285 497
HIST 2286 506
HIST 2287 516
HIST 2288 571
HIST 2289 555
HIST 2290 518
HIST 2291 546
HIST 2292 549
HIST 2293 535
HIST 2294 568
HIST 2295 505
HIST 2296 500
HIST 2297 486
HIST 2298 518
HIST 2299 516
HIST 2300 539
HIST 2301 532
HIST 2302 521
HIST 2303 523
HIST 2304 527
HIST 2305 526
HIST 2306 560
HIST 2307 499
HIST 2308 534
HIST 2309 544
HIST 2310 582
HIST 2311 558
HIST 2312 558
HIST 2313 522
HIST 2314 539
HIST 2315 510
HIST 2316 544
HIST 2317 546
HIST 2318 541
HIST 2319 580
HIST 2320 528
HIST 2321 545
HIST 2322 509
HIST 2323 585
HIST 2324 567
HIST 2325 563
HIST 2326 529
HIST 2327 535
HIST 2328 615
HIST 2329 572
HIST 2330 500
HIST 2331 556
HIST 2332 591
HIST 2333 571
HIST 2334 554
HIST 2335 570
HIST 2336 583
HIST 2337 583
HIST 2338 580
HIST 2339 549
HIST 2340 515
HIST 2341 549
HIST 2342 585
HIST 2343 547
HIST 2344 591
HIST 2345 586
HIST 2346 583
HIST 2347 563
HIST 2348 602
HIST 2349 585
HIST 2350 540
HIST 2351 602
HIST 2352 562
HIST 2353 605
HIST 2354 540
HIST 2355 558
HIST 2356 609
HIST 2357 576
HIST 2358 592
HIST 2359 603
HIST 2360 581
HIST 2361 604
HIST 2362 575
HIST 2363 617
HIST 2364 588
HIST 2365 604
HIST 2366 584
HIST 2367 605
HIST 2368 549
HIST 2369 598
HIST 2370 622
HIST 2371 576
HIST 2372 585
HIST 2373 583
HIST 2374 540
HIST 2375 598
HIST 2376 576
HIST 2377 521
HIST 2378 517
HIST 2379 524
HIST 2380 527
HIST 2381 478
HIST 2382 424
HIST 2383 335
HIST 2384 312
HIST 2385 275
HIST 2386 255
HIST 2387 267
HIST 2388 241
HIST 2389 232
HIST 2390 208
HIST 2391 200
HIST 2392 196
HIST 2393 205
HIST 2394 202
HIST 2395 218
HIST 2396 176
HIST 2397 163
HIST 2398 178
HIST 2399 169
HIST 2400 160
HIST 2401 197
HIST 2402 154
HIST 2403 158
HIST 2404 169
HIST 2405 163
HIST 2406 144
HIST 2407 153
HIST 2408 135
HIST 2409 150
HIST 2410 152
HIST 2411 136
HIST 2412 136
HIST 2413 150
HIST 2414 123
HIST 2415 138
HIST 2416 137
HIST 2417 116
HIST 2418 133
HIST 2419 113
HIST 2420 140
HIST 2421 140
HIST 2422 118
HIST 2423 123
HIST 2424 135
HIST 2425 126
HIST 2426 120
HIST 2427 131
HIST 2428 109
HIST 2429 119
HIST 2430 124
HIST 2431 114
HIST 2432 119
HIST 2433 129
HIST 2434 124
HIST 2435 93
HIST 2436 95
HIST 2437 103
HIST 2438 101
HIST 2439 98
HIST 2440 113
HIST 2441 85
HIST 2442 97
HIST 2443 104
HIST 2444 86
HIST 2445 97
HIST 2446 88
HIST 2447 86
HIST 2448 93
HIST 2449 108
HIST 2450 91
HIST 2451 96
HIST 2452 72
HIST 2453 77
HIST 2454 103
HIST 2455 98
HIST 2456 82
HIST 2457 88
HIST 2458 85
HIST 2459 69
HIST 2460 85
HIST 2461 78
HIST 2462 81
HIST 2463 84
HIST 2464 74
HIST 2465 63
HIST 2466 84
HIST 2467 69
HIST 2468 62
HIST 2469 59
HIST 2470 65
HIST 2471 70
HIST 2472 68
HIST 2473 73
HIST 2474 54
HIST 2475 47
HIST 2476 63
HIST 2477 47
HIST 2478 59
HIST 2479 52
HIST 2480 54
HIST 2481 54
HIST 2482 59
HIST 2483 36
HIST 2484 35
HIST 2485 45
HIST 2486 44
HIST 2487 55
HIST 2488 36
HIST 2489 39
HIST 2490 43
HIST 2491 29
HIST 2492 37
HIST 2493 45
HIST 2494 41
HIST 2495 44
HIST 2496 50
HIST 2497 33
HIST 2498 35
HIST 2499 30
HIST 2500 36
HIST 2501 34
HIST 2502 31
HIST 2503 33
HIST 2504 27
HIST 2505 26
HIST 2506 45
HIST 2507 24
HIST 2508 25
HIST 2509 28
HIST 2510 26
HIST 2511 29
HIST 2512 30
HIST 2513 25
HIST 2514 31
HIST 2515 28
HIST 2516 23
HIST 2517 19
HIST 2518 26
HIST 2519 18
HIST 2520 22
HIST 2521 24
HIST 2522 20
HIST 2523 19
HIST 2524 23
HIST 2525 19
HIST 2526 12
HIST 2527 26
HIST 2528 24
HIST 2529 13
HIST 2530 14
HIST 2531 14
HIST 2532 15
HIST 2533 18
HIST 2534 20
HIST 2535 14
HIST 2536 13
HIST 2537 9
HIST 2538 16
HIST 2539 15
HIST 2540 11
HIST 2541 17
HIST 2542 7
HIST 2543 16
HIST 2544 14
HIST 2545 12
HIST 2546 9
HIST 2547 9
HIST 2548 14
HIST 2549 10
HIST 2550 13
HIST 2551 11
HIST 2552 10
HIST 2553 7
HIST 2554 10
HIST 2555 11
HIST 2556 9
HIST 2557 12
HIST 2558 13
HIST 2559 11
HIST 2560 8
HIST 2561 11
HIST 2562 4
HIST 2563 11
HIST 2564 5
HIST 2565 9
HIST 2566 13
HIST 2567 7
HIST 2568 8
HIST 2569 7
HIST 2570 8
HIST 2571 5
HIST 2572 8
HIST 2573 3
HIST 2574 5
HIST 2575 5
HIST 2576 4
HIST 2577 8
HIST 2578 5
HIST 2579 15
HIST 2580 34
HIST 2581 22
HIST 2582 80
HIST 2583 7
HIST 2584 368
HIST 2585 5
HIST 2586 274
HIST 2587 6
HIST 2588 3
HIST 2589 7
HIST 2590 5
HIST 2591 1
HIST 2592 6
HIST 2593 7
HIST 2594 4
HIST 2595 4
HIST 2596 3
HIST 2597 8
HIST 2598 6
HIST 2599 5
HIST 2600 7
HIST 2601 6
HIST 2602 3
HIST 2603 5
HIST 2604 5
HIST 2605 4
HIST 2606 4
HIST 2607 6
HIST 2608 5
HIST 2609 7
HIST 2610 4
HIST 2611 5
HIST 2612 9
HIST 2613 8
HIST 2614 4
HIST 2615 39999
HISTEND
