P55 flags: vacuum=1 nofluct=1 nodelta=0 lowcut=1 killesc=1
 Energy thresholds :  gamma  990 eV     e-  990 eV     e+  990 eV  proton 100 keV
 Material : scene_mat_0
 Energy thresholds :  gamma  29.856 keV    e-  33.7049 keV    e+  592.153 keV proton 100 keV
RESULT decays=200000
RESULT any=55790 eps_total=2.789500e-01
RESULT window=661.657 counts=31097 eps=1.554850e-01
HISTBEGIN bins=663 bin_kev=1.000000 decays=200000
HIST 0 10
HIST 1 42
HIST 2 40
HIST 3 47
HIST 4 41
HIST 5 42
HIST 6 52
HIST 7 48
HIST 8 44
HIST 9 59
HIST 10 63
HIST 11 53
HIST 12 51
HIST 13 60
HIST 14 47
HIST 15 52
HIST 16 61
HIST 17 49
HIST 18 43
HIST 19 50
HIST 20 56
HIST 21 64
HIST 22 56
HIST 23 35
HIST 24 61
HIST 25 55
HIST 26 59
HIST 27 57
HIST 28 47
HIST 29 63
HIST 30 44
HIST 31 61
HIST 32 53
HIST 33 66
HIST 34 60
HIST 35 58
HIST 36 42
HIST 37 60
HIST 38 49
HIST 39 52
HIST 40 55
HIST 41 43
HIST 42 39
HIST 43 53
HIST 44 45
HIST 45 49
HIST 46 57
HIST 47 68
HIST 48 45
HIST 49 63
HIST 50 56
HIST 51 45
HIST 52 44
HIST 53 56
HIST 54 60
HIST 55 57
HIST 56 52
HIST 57 41
HIST 58 39
HIST 59 45
HIST 60 66
HIST 61 47
HIST 62 59
HIST 63 52
HIST 64 59
HIST 65 53
HIST 66 45
HIST 67 62
HIST 68 63
HIST 69 51
HIST 70 46
HIST 71 56
HIST 72 43
HIST 73 60
HIST 74 44
HIST 75 56
HIST 76 48
HIST 77 65
HIST 78 59
HIST 79 60
HIST 80 67
HIST 81 44
HIST 82 48
HIST 83 46
HIST 84 65
HIST 85 46
HIST 86 57
HIST 87 61
HIST 88 49
HIST 89 59
HIST 90 63
HIST 91 57
HIST 92 51
HIST 93 52
HIST 94 52
HIST 95 68
HIST 96 44
HIST 97 47
HIST 98 53
HIST 99 48
HIST 100 46
HIST 101 65
HIST 102 57
HIST 103 49
HIST 104 51
HIST 105 62
HIST 106 58
HIST 107 58
HIST 108 52
HIST 109 55
HIST 110 62
HIST 111 40
HIST 112 56
HIST 113 64
HIST 114 50
HIST 115 60
HIST 116 57
HIST 117 47
HIST 118 63
HIST 119 43
HIST 120 56
HIST 121 49
HIST 122 58
HIST 123 45
HIST 124 49
HIST 125 56
HIST 126 56
HIST 127 66
HIST 128 56
HIST 129 40
HIST 130 58
HIST 131 44
HIST 132 60
HIST 133 49
HIST 134 55
HIST 135 63
HIST 136 45
HIST 137 51
HIST 138 50
HIST 139 57
HIST 140 56
HIST 141 49
HIST 142 54
HIST 143 47
HIST 144 55
HIST 145 49
HIST 146 48
HIST 147 54
HIST 148 54
HIST 149 60
HIST 150 39
HIST 151 56
HIST 152 40
HIST 153 57
HIST 154 69
HIST 155 36
HIST 156 69
HIST 157 46
HIST 158 49
HIST 159 48
HIST 160 55
HIST 161 48
HIST 162 63
HIST 163 59
HIST 164 47
HIST 165 44
HIST 166 43
HIST 167 38
HIST 168 47
HIST 169 49
HIST 170 55
HIST 171 43
HIST 172 49
HIST 173 48
HIST 174 45
HIST 175 43
HIST 176 45
HIST 177 54
HIST 178 53
HIST 179 40
HIST 180 50
HIST 181 48
HIST 182 46
HIST 183 51
HIST 184 58
HIST 185 43
HIST 186 41
HIST 187 45
HIST 188 48
HIST 189 55
HIST 190 50
HIST 191 40
HIST 192 48
HIST 193 46
HIST 194 37
HIST 195 40
HIST 196 46
HIST 197 35
HIST 198 47
HIST 199 50
HIST 200 43
HIST 201 50
HIST 202 50
HIST 203 50
HIST 204 50
HIST 205 47
HIST 206 45
HIST 207 43
HIST 208 48
HIST 209 54
HIST 210 48
HIST 211 56
HIST 212 47
HIST 213 56
HIST 214 55
HIST 215 51
HIST 216 41
HIST 217 60
HIST 218 47
HIST 219 49
HIST 220 50
HIST 221 51
HIST 222 58
HIST 223 48
HIST 224 46
HIST 225 44
HIST 226 54
HIST 227 55
HIST 228 46
HIST 229 52
HIST 230 45
HIST 231 35
HIST 232 47
HIST 233 47
HIST 234 34
HIST 235 57
HIST 236 54
HIST 237 44
HIST 238 66
HIST 239 36
HIST 240 52
HIST 241 45
HIST 242 45
HIST 243 47
HIST 244 36
HIST 245 39
HIST 246 46
HIST 247 47
HIST 248 49
HIST 249 42
HIST 250 51
HIST 251 35
HIST 252 42
HIST 253 44
HIST 254 46
HIST 255 44
HIST 256 45
HIST 257 45
HIST 258 46
HIST 259 41
HIST 260 45
HIST 261 42
HIST 262 43
HIST 263 46
HIST 264 47
HIST 265 33
HIST 266 52
HIST 267 47
HIST 268 63
HIST 269 42
HIST 270 56
HIST 271 58
HIST 272 56
HIST 273 44
HIST 274 49
HIST 275 45
HIST 276 42
HIST 277 47
HIST 278 57
HIST 279 33
HIST 280 58
HIST 281 44
HIST 282 55
HIST 283 56
HIST 284 49
HIST 285 46
HIST 286 34
HIST 287 54
HIST 288 42
HIST 289 51
HIST 290 53
HIST 291 42
HIST 292 51
HIST 293 52
HIST 294 50
HIST 295 45
HIST 296 55
HIST 297 55
HIST 298 40
HIST 299 48
HIST 300 50
HIST 301 49
HIST 302 59
HIST 303 55
HIST 304 57
HIST 305 39
HIST 306 53
HIST 307 55
HIST 308 43
HIST 309 48
HIST 310 44
HIST 311 40
HIST 312 43
HIST 313 44
HIST 314 37
HIST 315 46
HIST 316 44
HIST 317 60
HIST 318 48
HIST 319 48
HIST 320 54
HIST 321 52
HIST 322 44
HIST 323 54
HIST 324 46
HIST 325 52
HIST 326 41
HIST 327 48
HIST 328 55
HIST 329 49
HIST 330 41
HIST 331 61
HIST 332 43
HIST 333 46
HIST 334 46
HIST 335 48
HIST 336 49
HIST 337 48
HIST 338 44
HIST 339 55
HIST 340 50
HIST 341 41
HIST 342 53
HIST 343 46
HIST 344 46
HIST 345 38
HIST 346 46
HIST 347 38
HIST 348 51
HIST 349 39
HIST 350 44
HIST 351 46
HIST 352 41
HIST 353 48
HIST 354 38
HIST 355 41
HIST 356 56
HIST 357 48
HIST 358 47
HIST 359 41
HIST 360 42
HIST 361 38
HIST 362 50
HIST 363 37
HIST 364 50
HIST 365 45
HIST 366 50
HIST 367 55
HIST 368 49
HIST 369 54
HIST 370 53
HIST 371 57
HIST 372 50
HIST 373 34
HIST 374 37
HIST 375 52
HIST 376 30
HIST 377 44
HIST 378 50
HIST 379 42
HIST 380 44
HIST 381 41
HIST 382 68
HIST 383 49
HIST 384 41
HIST 385 46
HIST 386 59
HIST 387 46
HIST 388 53
HIST 389 45
HIST 390 54
HIST 391 41
HIST 392 51
HIST 393 45
HIST 394 51
HIST 395 42
HIST 396 50
HIST 397 39
HIST 398 39
HIST 399 52
HIST 400 37
HIST 401 44
HIST 402 56
HIST 403 53
HIST 404 49
HIST 405 43
HIST 406 55
HIST 407 52
HIST 408 48
HIST 409 44
HIST 410 38
HIST 411 38
HIST 412 50
HIST 413 42
HIST 414 56
HIST 415 49
HIST 416 44
HIST 417 42
HIST 418 38
HIST 419 45
HIST 420 55
HIST 421 59
HIST 422 48
HIST 423 48
HIST 424 48
HIST 425 52
HIST 426 56
HIST 427 49
HIST 428 50
HIST 429 59
HIST 430 50
HIST 431 53
HIST 432 54
HIST 433 46
HIST 434 55
HIST 435 43
HIST 436 48
HIST 437 40
HIST 438 53
HIST 439 46
HIST 440 42
HIST 441 47
HIST 442 34
HIST 443 42
HIST 444 42
HIST 445 54
HIST 446 65
HIST 447 46
HIST 448 49
HIST 449 48
HIST 450 56
HIST 451 56
HIST 452 45
HIST 453 50
HIST 454 62
HIST 455 61
HIST 456 44
HIST 457 47
HIST 458 58
HIST 459 56
HIST 460 83
HIST 461 57
HIST 462 51
HIST 463 58
HIST 464 67
HIST 465 51
HIST 466 51
HIST 467 68
HIST 468 65
HIST 469 51
HIST 470 52
HIST 471 60
HIST 472 59
HIST 473 64
HIST 474 51
HIST 475 46
HIST 476 51
HIST 477 43
HIST 478 37
HIST 479 30
HIST 480 24
HIST 481 33
HIST 482 25
HIST 483 22
HIST 484 23
HIST 485 19
HIST 486 26
HIST 487 20
HIST 488 12
HIST 489 18
HIST 490 31
HIST 491 18
HIST 492 18
HIST 493 10
HIST 494 12
HIST 495 16
HIST 496 15
HIST 497 12
HIST 498 11
HIST 499 12
HIST 500 16
HIST 501 9
HIST 502 9
HIST 503 12
HIST 504 5
HIST 505 11
HIST 506 14
HIST 507 11
HIST 508 8
HIST 509 9
HIST 510 9
HIST 511 8
HIST 512 9
HIST 513 9
HIST 514 10
HIST 515 3
HIST 516 9
HIST 517 7
HIST 518 7
HIST 519 8
HIST 520 5
HIST 521 5
HIST 522 4
HIST 523 6
HIST 524 2
HIST 525 5
HIST 526 5
HIST 527 7
HIST 528 3
HIST 529 6
HIST 530 7
HIST 531 4
HIST 532 6
HIST 533 5
HIST 534 5
HIST 535 4
HIST 536 4
HIST 538 7
HIST 539 1
HIST 540 2
HIST 541 3
HIST 542 4
HIST 543 8
HIST 544 1
HIST 545 1
HIST 546 2
HIST 548 3
HIST 549 1
HIST 550 2
HIST 551 1
HIST 552 3
HIST 553 2
HIST 554 1
HIST 555 1
HIST 556 1
HIST 557 1
HIST 558 2
HIST 559 1
HIST 560 3
HIST 561 1
HIST 562 1
HIST 563 3
HIST 564 1
HIST 565 2
HIST 567 1
HIST 571 1
HIST 572 1
HIST 573 2
HIST 576 1
HIST 577 2
HIST 579 2
HIST 582 1
HIST 583 1
HIST 587 1
HIST 589 1
HIST 591 2
HIST 599 3
HIST 603 2
HIST 605 1
HIST 610 1
HIST 629 30
HIST 630 1
HIST 631 1
HIST 633 96
HIST 635 1
HIST 646 1
HIST 662 31097
HISTEND
