RESULT decays=4000000
RESULT any=156661 eps_total=3.916525e-02
RESULT window=1460.820 counts=12183 eps=3.045750e-03
HISTBEGIN bins=1462 bin_kev=1.000000 decays=4000000
HIST 0 58
HIST 1 134
HIST 2 159
HIST 3 150
HIST 4 140
HIST 5 181
HIST 6 177
HIST 7 173
HIST 8 198
HIST 9 154
HIST 10 199
HIST 11 156
HIST 12 175
HIST 13 176
HIST 14 156
HIST 15 181
HIST 16 213
HIST 17 202
HIST 18 177
HIST 19 177
HIST 20 168
HIST 21 171
HIST 22 198
HIST 23 186
HIST 24 190
HIST 25 174
HIST 26 174
HIST 27 175
HIST 28 167
HIST 29 196
HIST 30 154
HIST 31 181
HIST 32 189
HIST 33 186
HIST 34 187
HIST 35 167
HIST 36 165
HIST 37 180
HIST 38 191
HIST 39 171
HIST 40 164
HIST 41 173
HIST 42 155
HIST 43 153
HIST 44 176
HIST 45 177
HIST 46 158
HIST 47 175
HIST 48 171
HIST 49 171
HIST 50 165
HIST 51 154
HIST 52 155
HIST 53 153
HIST 54 147
HIST 55 149
HIST 56 150
HIST 57 142
HIST 58 148
HIST 59 158
HIST 60 157
HIST 61 135
HIST 62 144
HIST 63 160
HIST 64 158
HIST 65 153
HIST 66 176
HIST 67 175
HIST 68 130
HIST 69 161
HIST 70 179
HIST 71 168
HIST 72 153
HIST 73 147
HIST 74 142
HIST 75 169
HIST 76 144
HIST 77 156
HIST 78 136
HIST 79 135
HIST 80 171
HIST 81 166
HIST 82 147
HIST 83 159
HIST 84 136
HIST 85 148
HIST 86 168
HIST 87 164
HIST 88 143
HIST 89 125
HIST 90 133
HIST 91 139
HIST 92 164
HIST 93 148
HIST 94 152
HIST 95 142
HIST 96 147
HIST 97 161
HIST 98 141
HIST 99 143
HIST 100 133
HIST 101 151
HIST 102 134
HIST 103 135
HIST 104 126
HIST 105 141
HIST 106 133
HIST 107 129
HIST 108 141
HIST 109 144
HIST 110 144
HIST 111 152
HIST 112 140
HIST 113 124
HIST 114 135
HIST 115 124
HIST 116 154
HIST 117 141
HIST 118 141
HIST 119 134
HIST 120 147
HIST 121 148
HIST 122 121
HIST 123 128
HIST 124 130
HIST 125 121
HIST 126 119
HIST 127 145
HIST 128 131
HIST 129 130
HIST 130 126
HIST 131 136
HIST 132 134
HIST 133 139
HIST 134 139
HIST 135 127
HIST 136 148
HIST 137 124
HIST 138 127
HIST 139 111
HIST 140 147
HIST 141 136
HIST 142 132
HIST 143 119
HIST 144 134
HIST 145 138
HIST 146 137
HIST 147 121
HIST 148 122
HIST 149 114
HIST 150 144
HIST 151 142
HIST 152 136
HIST 153 136
HIST 154 118
HIST 155 137
HIST 156 123
HIST 157 127
HIST 158 117
HIST 159 139
HIST 160 125
HIST 161 125
HIST 162 115
HIST 163 131
HIST 164 157
HIST 165 139
HIST 166 135
HIST 167 143
HIST 168 124
HIST 169 132
HIST 170 113
HIST 171 127
HIST 172 142
HIST 173 129
HIST 174 144
HIST 175 135
HIST 176 114
HIST 177 128
HIST 178 147
HIST 179 147
HIST 180 143
HIST 181 116
HIST 182 133
HIST 183 142
HIST 184 122
HIST 185 135
HIST 186 122
HIST 187 120
HIST 188 148
HIST 189 118
HIST 190 120
HIST 191 135
HIST 192 127
HIST 193 139
HIST 194 137
HIST 195 132
HIST 196 121
HIST 197 123
HIST 198 108
HIST 199 125
HIST 200 140
HIST 201 133
HIST 202 112
HIST 203 120
HIST 204 111
HIST 205 126
HIST 206 108
HIST 207 124
HIST 208 122
HIST 209 137
HIST 210 118
HIST 211 131
HIST 212 137
HIST 213 126
HIST 214 129
HIST 215 119
HIST 216 109
HIST 217 110
HIST 218 146
HIST 219 140
HIST 220 145
HIST 221 158
HIST 222 159
HIST 223 133
HIST 224 170
HIST 225 150
HIST 226 158
HIST 227 149
HIST 228 146
HIST 229 155
HIST 230 134
HIST 231 170
HIST 232 140
HIST 233 164
HIST 234 148
HIST 235 143
HIST 236 168
HIST 237 137
HIST 238 147
HIST 239 163
HIST 240 140
HIST 241 152
HIST 242 132
HIST 243 156
HIST 244 123
HIST 245 153
HIST 246 141
HIST 247 141
HIST 248 122
HIST 249 145
HIST 250 146
HIST 251 149
HIST 252 143
HIST 253 140
HIST 254 141
HIST 255 132
HIST 256 156
HIST 257 157
HIST 258 152
HIST 259 147
HIST 260 146
HIST 261 147
HIST 262 159
HIST 263 149
HIST 264 145
HIST 265 137
HIST 266 133
HIST 267 138
HIST 268 125
HIST 269 125
HIST 270 127
HIST 271 137
HIST 272 127
HIST 273 122
HIST 274 141
HIST 275 137
HIST 276 136
HIST 277 138
HIST 278 153
HIST 279 140
HIST 280 129
HIST 281 121
HIST 282 131
HIST 283 137
HIST 284 143
HIST 285 120
HIST 286 133
HIST 287 128
HIST 288 143
HIST 289 139
HIST 290 124
HIST 291 136
HIST 292 135
HIST 293 116
HIST 294 127
HIST 295 123
HIST 296 134
HIST 297 104
HIST 298 142
HIST 299 119
HIST 300 138
HIST 301 121
HIST 302 109
HIST 303 127
HIST 304 123
HIST 305 130
HIST 306 119
HIST 307 130
HIST 308 135
HIST 309 106
HIST 310 132
HIST 311 122
HIST 312 113
HIST 313 137
HIST 314 122
HIST 315 103
HIST 316 133
HIST 317 139
HIST 318 120
HIST 319 111
HIST 320 119
HIST 321 121
HIST 322 110
HIST 323 110
HIST 324 104
HIST 325 125
HIST 326 103
HIST 327 114
HIST 328 113
HIST 329 127
HIST 330 105
HIST 331 132
HIST 332 125
HIST 333 104
HIST 334 108
HIST 335 118
HIST 336 126
HIST 337 108
HIST 338 121
HIST 339 117
HIST 340 106
HIST 341 112
HIST 342 121
HIST 343 122
HIST 344 132
HIST 345 115
HIST 346 115
HIST 347 116
HIST 348 110
HIST 349 104
HIST 350 106
HIST 351 97
HIST 352 120
HIST 353 111
HIST 354 133
HIST 355 107
HIST 356 102
HIST 357 132
HIST 358 115
HIST 359 102
HIST 360 99
HIST 361 118
HIST 362 110
HIST 363 116
HIST 364 113
HIST 365 108
HIST 366 106
HIST 367 111
HIST 368 115
HIST 369 92
HIST 370 117
HIST 371 95
HIST 372 111
HIST 373 111
HIST 374 119
HIST 375 107
HIST 376 110
HIST 377 115
HIST 378 103
HIST 379 114
HIST 380 114
HIST 381 111
HIST 382 103
HIST 383 121
HIST 384 127
HIST 385 113
HIST 386 101
HIST 387 98
HIST 388 121
HIST 389 102
HIST 390 113
HIST 391 109
HIST 392 113
HIST 393 116
HIST 394 102
HIST 395 135
HIST 396 127
HIST 397 107
HIST 398 112
HIST 399 119
HIST 400 105
HIST 401 98
HIST 402 104
HIST 403 114
HIST 404 122
HIST 405 101
HIST 406 97
HIST 407 108
HIST 408 109
HIST 409 100
HIST 410 114
HIST 411 99
HIST 412 114
HIST 413 112
HIST 414 100
HIST 415 97
HIST 416 111
HIST 417 111
HIST 418 98
HIST 419 90
HIST 420 111
HIST 421 98
HIST 422 97
HIST 423 111
HIST 424 112
HIST 425 87
HIST 426 112
HIST 427 99
HIST 428 88
HIST 429 109
HIST 430 83
HIST 431 85
HIST 432 102
HIST 433 113
HIST 434 109
HIST 435 95
HIST 436 99
HIST 437 98
HIST 438 103
HIST 439 1658
HIST 440 116
HIST 441 108
HIST 442 87
HIST 443 95
HIST 444 100
HIST 445 115
HIST 446 99
HIST 447 109
HIST 448 110
HIST 449 122
HIST 450 106
HIST 451 121
HIST 452 109
HIST 453 96
HIST 454 86
HIST 455 106
HIST 456 110
HIST 457 88
HIST 458 103
HIST 459 122
HIST 460 110
HIST 461 89
HIST 462 110
HIST 463 99
HIST 464 103
HIST 465 118
HIST 466 95
HIST 467 106
HIST 468 109
HIST 469 104
HIST 470 104
HIST 471 104
HIST 472 84
HIST 473 103
HIST 474 101
HIST 475 111
HIST 476 106
HIST 477 113
HIST 478 117
HIST 479 101
HIST 480 112
HIST 481 91
HIST 482 109
HIST 483 115
HIST 484 104
HIST 485 111
HIST 486 92
HIST 487 97
HIST 488 107
HIST 489 110
HIST 490 84
HIST 491 96
HIST 492 91
HIST 493 104
HIST 494 95
HIST 495 120
HIST 496 98
HIST 497 99
HIST 498 102
HIST 499 96
HIST 500 92
HIST 501 101
HIST 502 117
HIST 503 97
HIST 504 109
HIST 505 96
HIST 506 115
HIST 507 96
HIST 508 97
HIST 509 103
HIST 510 102
HIST 511 118
HIST 512 87
HIST 513 88
HIST 514 106
HIST 515 101
HIST 516 94
HIST 517 98
HIST 518 94
HIST 519 119
HIST 520 99
HIST 521 89
HIST 522 109
HIST 523 85
HIST 524 99
HIST 525 91
HIST 526 95
HIST 527 103
HIST 528 111
HIST 529 88
HIST 530 106
HIST 531 96
HIST 532 104
HIST 533 93
HIST 534 87
HIST 535 94
HIST 536 85
HIST 537 98
HIST 538 86
HIST 539 117
HIST 540 78
HIST 541 72
HIST 542 109
HIST 543 95
HIST 544 86
HIST 545 86
HIST 546 99
HIST 547 102
HIST 548 90
HIST 549 93
HIST 550 100
HIST 551 93
HIST 552 100
HIST 553 90
HIST 554 80
HIST 555 85
HIST 556 96
HIST 557 105
HIST 558 89
HIST 559 92
HIST 560 112
HIST 561 85
HIST 562 84
HIST 563 93
HIST 564 87
HIST 565 111
HIST 566 107
HIST 567 98
HIST 568 92
HIST 569 87
HIST 570 92
HIST 571 100
HIST 572 104
HIST 573 74
HIST 574 110
HIST 575 103
HIST 576 113
HIST 577 114
HIST 578 98
HIST 579 97
HIST 580 74
HIST 581 89
HIST 582 82
HIST 583 104
HIST 584 73
HIST 585 106
HIST 586 118
HIST 587 87
HIST 588 93
HIST 589 91
HIST 590 100
HIST 591 100
HIST 592 100
HIST 593 107
HIST 594 99
HIST 595 92
HIST 596 101
HIST 597 86
HIST 598 86
HIST 599 99
HIST 600 91
HIST 601 89
HIST 602 93
HIST 603 89
HIST 604 88
HIST 605 90
HIST 606 93
HIST 607 90
HIST 608 80
HIST 609 93
HIST 610 97
HIST 611 95
HIST 612 109
HIST 613 96
HIST 614 99
HIST 615 90
HIST 616 92
HIST 617 111
HIST 618 79
HIST 619 96
HIST 620 100
HIST 621 91
HIST 622 100
HIST 623 94
HIST 624 94
HIST 625 86
HIST 626 110
HIST 627 85
HIST 628 79
HIST 629 103
HIST 630 94
HIST 631 79
HIST 632 84
HIST 633 96
HIST 634 89
HIST 635 85
HIST 636 99
HIST 637 99
HIST 638 95
HIST 639 88
HIST 640 90
HIST 641 102
HIST 642 75
HIST 643 90
HIST 644 83
HIST 645 108
HIST 646 103
HIST 647 92
HIST 648 100
HIST 649 89
HIST 650 84
HIST 651 93
HIST 652 85
HIST 653 111
HIST 654 84
HIST 655 89
HIST 656 111
HIST 657 97
HIST 658 95
HIST 659 79
HIST 660 96
HIST 661 93
HIST 662 112
HIST 663 88
HIST 664 96
HIST 665 87
HIST 666 101
HIST 667 108
HIST 668 93
HIST 669 97
HIST 670 91
HIST 671 80
HIST 672 95
HIST 673 90
HIST 674 94
HIST 675 97
HIST 676 79
HIST 677 99
HIST 678 83
HIST 679 74
HIST 680 108
HIST 681 99
HIST 682 108
HIST 683 84
HIST 684 85
HIST 685 103
HIST 686 70
HIST 687 91
HIST 688 104
HIST 689 97
HIST 690 85
HIST 691 99
HIST 692 80
HIST 693 105
HIST 694 75
HIST 695 80
HIST 696 100
HIST 697 78
HIST 698 92
HIST 699 79
HIST 700 79
HIST 701 99
HIST 702 94
HIST 703 92
HIST 704 84
HIST 705 92
HIST 706 95
HIST 707 88
HIST 708 90
HIST 709 96
HIST 710 89
HIST 711 101
HIST 712 82
HIST 713 100
HIST 714 92
HIST 715 76
HIST 716 91
HIST 717 100
HIST 718 84
HIST 719 86
HIST 720 92
HIST 721 87
HIST 722 91
HIST 723 99
HIST 724 86
HIST 725 98
HIST 726 96
HIST 727 90
HIST 728 64
HIST 729 95
HIST 730 83
HIST 731 86
HIST 732 68
HIST 733 88
HIST 734 86
HIST 735 102
HIST 736 97
HIST 737 103
HIST 738 104
HIST 739 99
HIST 740 96
HIST 741 84
HIST 742 79
HIST 743 81
HIST 744 92
HIST 745 91
HIST 746 81
HIST 747 89
HIST 748 95
HIST 749 100
HIST 750 94
HIST 751 85
HIST 752 87
HIST 753 95
HIST 754 104
HIST 755 74
HIST 756 111
HIST 757 92
HIST 758 95
HIST 759 87
HIST 760 101
HIST 761 72
HIST 762 90
HIST 763 92
HIST 764 92
HIST 765 88
HIST 766 82
HIST 767 95
HIST 768 108
HIST 769 93
HIST 770 106
HIST 771 74
HIST 772 91
HIST 773 103
HIST 774 96
HIST 775 93
HIST 776 74
HIST 777 87
HIST 778 71
HIST 779 94
HIST 780 85
HIST 781 92
HIST 782 83
HIST 783 74
HIST 784 88
HIST 785 86
HIST 786 81
HIST 787 98
HIST 788 91
HIST 789 85
HIST 790 79
HIST 791 96
HIST 792 97
HIST 793 88
HIST 794 72
HIST 795 92
HIST 796 101
HIST 797 98
HIST 798 92
HIST 799 91
HIST 800 82
HIST 801 77
HIST 802 96
HIST 803 82
HIST 804 76
HIST 805 85
HIST 806 118
HIST 807 75
HIST 808 89
HIST 809 91
HIST 810 112
HIST 811 87
HIST 812 92
HIST 813 89
HIST 814 87
HIST 815 91
HIST 816 86
HIST 817 75
HIST 818 96
HIST 819 88
HIST 820 98
HIST 821 98
HIST 822 77
HIST 823 99
HIST 824 90
HIST 825 109
HIST 826 77
HIST 827 93
HIST 828 112
HIST 829 88
HIST 830 84
HIST 831 87
HIST 832 89
HIST 833 88
HIST 834 98
HIST 835 77
HIST 836 96
HIST 837 95
HIST 838 91
HIST 839 89
HIST 840 92
HIST 841 91
HIST 842 86
HIST 843 82
HIST 844 102
HIST 845 99
HIST 846 98
HIST 847 93
HIST 848 97
HIST 849 86
HIST 850 78
HIST 851 83
HIST 852 88
HIST 853 90
HIST 854 90
HIST 855 94
HIST 856 86
HIST 857 91
HIST 858 82
HIST 859 92
HIST 860 89
HIST 861 87
HIST 862 93
HIST 863 83
HIST 864 105
HIST 865 102
HIST 866 83
HIST 867 84
HIST 868 84
HIST 869 99
HIST 870 92
HIST 871 93
HIST 872 88
HIST 873 97
HIST 874 91
HIST 875 82
HIST 876 95
HIST 877 103
HIST 878 80
HIST 879 78
HIST 880 83
HIST 881 105
HIST 882 87
HIST 883 91
HIST 884 92
HIST 885 91
HIST 886 96
HIST 887 91
HIST 888 89
HIST 889 80
HIST 890 87
HIST 891 77
HIST 892 77
HIST 893 85
HIST 894 96
HIST 895 106
HIST 896 64
HIST 897 85
HIST 898 86
HIST 899 107
HIST 900 92
HIST 901 104
HIST 902 94
HIST 903 89
HIST 904 91
HIST 905 82
HIST 906 89
HIST 907 88
HIST 908 92
HIST 909 98
HIST 910 98
HIST 911 97
HIST 912 92
HIST 913 120
HIST 914 96
HIST 915 78
HIST 916 95
HIST 917 89
HIST 918 85
HIST 919 106
HIST 920 99
HIST 921 85
HIST 922 93
HIST 923 92
HIST 924 91
HIST 925 86
HIST 926 72
HIST 927 78
HIST 928 95
HIST 929 100
HIST 930 90
HIST 931 95
HIST 932 97
HIST 933 104
HIST 934 93
HIST 935 106
HIST 936 91
HIST 937 102
HIST 938 89
HIST 939 88
HIST 940 108
HIST 941 107
HIST 942 100
HIST 943 101
HIST 944 88
HIST 945 105
HIST 946 95
HIST 947 78
HIST 948 87
HIST 949 82
HIST 950 325
HIST 951 99
HIST 952 86
HIST 953 99
HIST 954 94
HIST 955 99
HIST 956 111
HIST 957 92
HIST 958 95
HIST 959 91
HIST 960 92
HIST 961 90
HIST 962 95
HIST 963 96
HIST 964 84
HIST 965 101
HIST 966 78
HIST 967 82
HIST 968 101
HIST 969 90
HIST 970 116
HIST 971 85
HIST 972 96
HIST 973 85
HIST 974 101
HIST 975 109
HIST 976 85
HIST 977 95
HIST 978 109
HIST 979 101
HIST 980 107
HIST 981 93
HIST 982 107
HIST 983 80
HIST 984 117
HIST 985 95
HIST 986 86
HIST 987 110
HIST 988 90
HIST 989 95
HIST 990 85
HIST 991 103
HIST 992 106
HIST 993 96
HIST 994 92
HIST 995 111
HIST 996 92
HIST 997 91
HIST 998 105
HIST 999 102
HIST 1000 103
HIST 1001 93
HIST 1002 79
HIST 1003 108
HIST 1004 93
HIST 1005 113
HIST 1006 95
HIST 1007 104
HIST 1008 98
HIST 1009 111
HIST 1010 107
HIST 1011 104
HIST 1012 88
HIST 1013 81
HIST 1014 85
HIST 1015 91
HIST 1016 108
HIST 1017 101
HIST 1018 113
HIST 1019 112
HIST 1020 78
HIST 1021 103
HIST 1022 111
HIST 1023 86
HIST 1024 74
HIST 1025 101
HIST 1026 96
HIST 1027 104
HIST 1028 90
HIST 1029 108
HIST 1030 88
HIST 1031 87
HIST 1032 105
HIST 1033 104
HIST 1034 108
HIST 1035 93
HIST 1036 98
HIST 1037 105
HIST 1038 92
HIST 1039 101
HIST 1040 94
HIST 1041 92
HIST 1042 104
HIST 1043 95
HIST 1044 89
HIST 1045 112
HIST 1046 113
HIST 1047 113
HIST 1048 103
HIST 1049 111
HIST 1050 111
HIST 1051 127
HIST 1052 111
HIST 1053 92
HIST 1054 116
HIST 1055 98
HIST 1056 92
HIST 1057 99
HIST 1058 117
HIST 1059 90
HIST 1060 101
HIST 1061 103
HIST 1062 101
HIST 1063 100
HIST 1064 113
HIST 1065 116
HIST 1066 109
HIST 1067 100
HIST 1068 102
HIST 1069 101
HIST 1070 99
HIST 1071 112
HIST 1072 104
HIST 1073 108
HIST 1074 128
HIST 1075 117
HIST 1076 97
HIST 1077 117
HIST 1078 108
HIST 1079 103
HIST 1080 94
HIST 1081 99
HIST 1082 105
HIST 1083 116
HIST 1084 99
HIST 1085 105
HIST 1086 100
HIST 1087 91
HIST 1088 120
HIST 1089 107
HIST 1090 81
HIST 1091 124
HIST 1092 121
HIST 1093 116
HIST 1094 117
HIST 1095 98
HIST 1096 115
HIST 1097 112
HIST 1098 139
HIST 1099 122
HIST 1100 111
HIST 1101 88
HIST 1102 101
HIST 1103 105
HIST 1104 95
HIST 1105 102
HIST 1106 114
HIST 1107 96
HIST 1108 93
HIST 1109 119
HIST 1110 125
HIST 1111 107
HIST 1112 97
HIST 1113 129
HIST 1114 97
HIST 1115 119
HIST 1116 92
HIST 1117 100
HIST 1118 101
HIST 1119 112
HIST 1120 98
HIST 1121 112
HIST 1122 118
HIST 1123 118
HIST 1124 111
HIST 1125 103
HIST 1126 113
HIST 1127 130
HIST 1128 134
HIST 1129 106
HIST 1130 108
HIST 1131 113
HIST 1132 118
HIST 1133 116
HIST 1134 101
HIST 1135 105
HIST 1136 122
HIST 1137 115
HIST 1138 111
HIST 1139 126
HIST 1140 109
HIST 1141 122
HIST 1142 120
HIST 1143 103
HIST 1144 121
HIST 1145 115
HIST 1146 134
HIST 1147 104
HIST 1148 99
HIST 1149 126
HIST 1150 136
HIST 1151 123
HIST 1152 123
HIST 1153 113
HIST 1154 110
HIST 1155 122
HIST 1156 142
HIST 1157 124
HIST 1158 152
HIST 1159 116
HIST 1160 135
HIST 1161 121
HIST 1162 135
HIST 1163 121
HIST 1164 123
HIST 1165 116
HIST 1166 126
HIST 1167 117
HIST 1168 122
HIST 1169 115
HIST 1170 139
HIST 1171 129
HIST 1172 128
HIST 1173 128
HIST 1174 128
HIST 1175 142
HIST 1176 111
HIST 1177 137
HIST 1178 114
HIST 1179 128
HIST 1180 130
HIST 1181 111
HIST 1182 107
HIST 1183 123
HIST 1184 135
HIST 1185 136
HIST 1186 134
HIST 1187 127
HIST 1188 127
HIST 1189 133
HIST 1190 125
HIST 1191 129
HIST 1192 119
HIST 1193 142
HIST 1194 137
HIST 1195 107
HIST 1196 147
HIST 1197 137
HIST 1198 140
HIST 1199 133
HIST 1200 160
HIST 1201 122
HIST 1202 122
HIST 1203 146
HIST 1204 136
HIST 1205 155
HIST 1206 131
HIST 1207 128
HIST 1208 155
HIST 1209 147
HIST 1210 117
HIST 1211 133
HIST 1212 160
HIST 1213 127
HIST 1214 139
HIST 1215 115
HIST 1216 153
HIST 1217 116
HIST 1218 146
HIST 1219 138
HIST 1220 146
HIST 1221 137
HIST 1222 128
HIST 1223 150
HIST 1224 142
HIST 1225 157
HIST 1226 133
HIST 1227 150
HIST 1228 149
HIST 1229 154
HIST 1230 115
HIST 1231 131
HIST 1232 147
HIST 1233 135
HIST 1234 158
HIST 1235 139
HIST 1236 127
HIST 1237 139
HIST 1238 138
HIST 1239 126
HIST 1240 134
HIST 1241 103
HIST 1242 123
HIST 1243 119
HIST 1244 101
HIST 1245 78
HIST 1246 68
HIST 1247 71
HIST 1248 57
HIST 1249 49
HIST 1250 48
HIST 1251 35
HIST 1252 57
HIST 1253 42
HIST 1254 50
HIST 1255 35
HIST 1256 41
HIST 1257 40
HIST 1258 43
HIST 1259 43
HIST 1260 38
HIST 1261 33
HIST 1262 32
HIST 1263 40
HIST 1264 36
HIST 1265 38
HIST 1266 31
HIST 1267 35
HIST 1268 23
HIST 1269 37
HIST 1270 22
HIST 1271 27
HIST 1272 32
HIST 1273 30
HIST 1274 30
HIST 1275 30
HIST 1276 19
HIST 1277 21
HIST 1278 19
HIST 1279 32
HIST 1280 29
HIST 1281 16
HIST 1282 32
HIST 1283 20
HIST 1284 22
HIST 1285 24
HIST 1286 22
HIST 1287 22
HIST 1288 18
HIST 1289 16
HIST 1290 31
HIST 1291 19
HIST 1292 21
HIST 1293 31
HIST 1294 23
HIST 1295 18
HIST 1296 21
HIST 1297 20
HIST 1298 16
HIST 1299 29
HIST 1300 14
HIST 1301 15
HIST 1302 17
HIST 1303 16
HIST 1304 10
HIST 1305 8
HIST 1306 19
HIST 1307 19
HIST 1308 26
HIST 1309 11
HIST 1310 18
HIST 1311 21
HIST 1312 18
HIST 1313 18
HIST 1314 19
HIST 1315 14
HIST 1316 22
HIST 1317 15
HIST 1318 14
HIST 1319 10
HIST 1320 11
HIST 1321 11
HIST 1322 7
HIST 1323 9
HIST 1324 15
HIST 1325 7
HIST 1326 16
HIST 1327 13
HIST 1328 10
HIST 1329 9
HIST 1330 9
HIST 1331 16
HIST 1332 10
HIST 1333 10
HIST 1334 14
HIST 1335 7
HIST 1336 11
HIST 1337 8
HIST 1338 5
HIST 1339 9
HIST 1340 10
HIST 1341 9
HIST 1342 5
HIST 1343 6
HIST 1344 14
HIST 1345 9
HIST 1346 6
HIST 1347 9
HIST 1348 9
HIST 1349 10
HIST 1350 6
HIST 1351 6
HIST 1352 15
HIST 1353 8
HIST 1354 10
HIST 1355 7
HIST 1356 3
HIST 1357 5
HIST 1358 4
HIST 1359 7
HIST 1360 6
HIST 1361 3
HIST 1362 8
HIST 1363 11
HIST 1364 5
HIST 1365 9
HIST 1366 4
HIST 1367 5
HIST 1368 5
HIST 1369 6
HIST 1370 4
HIST 1371 3
HIST 1372 12
HIST 1373 9
HIST 1374 1
HIST 1375 6
HIST 1376 1
HIST 1377 1
HIST 1378 6
HIST 1379 3
HIST 1380 1
HIST 1381 2
HIST 1382 2
HIST 1383 3
HIST 1384 4
HIST 1385 5
HIST 1386 5
HIST 1387 3
HIST 1388 4
HIST 1389 2
HIST 1390 2
HIST 1391 3
HIST 1392 4
HIST 1393 4
HIST 1394 4
HIST 1395 3
HIST 1396 1
HIST 1397 2
HIST 1398 3
HIST 1399 2
HIST 1400 5
HIST 1402 3
HIST 1403 3
HIST 1404 5
HIST 1406 1
HIST 1407 3
HIST 1408 4
HIST 1409 1
HIST 1410 7
HIST 1411 2
HIST 1412 1
HIST 1413 3
HIST 1414 2
HIST 1415 4
HIST 1416 1
HIST 1417 2
HIST 1418 3
HIST 1419 1
HIST 1420 1
HIST 1422 3
HIST 1424 2
HIST 1425 3
HIST 1426 8
HIST 1427 1
HIST 1428 2
HIST 1429 20
HIST 1430 91
HIST 1431 3
HIST 1432 46
HIST 1433 25
HIST 1434 2
HIST 1435 2
HIST 1436 3
HIST 1437 4
HIST 1438 4
HIST 1439 1
HIST 1440 1
HIST 1442 3
HIST 1444 3
HIST 1445 1
HIST 1447 1
HIST 1448 1
HIST 1455 2
HIST 1456 1
HIST 1457 2
HIST 1458 5
HIST 1459 7
HIST 1460 2
HIST 1461 12183
HISTEND
