=== СВОЙ СПИСОК (малая база + добор) ===
  список: C:\Users\moroz\source\repos\BQ Eng res .NET 4.8\handover\p26-amber22\fsa\list_disk.csv
  спектров 1 (понятных 1, непонятных 0), сцен 1: AS80_th_disk
  ⛔ числа частей НЕ складывать; с полным корпусом НЕ сравнивать
  ⛔ ТРЕТЬЯ ВЫБОРКА: не сравнивать НИ с объявленной малой базой,
     НИ с полным корпусом; базу ею НЕ переобъявлять — только
     плечо А/Б внутри одного захода, ОБА этим же списком


=== СТОРОЖ ОСНАСТКИ (T63) ===
  оснастка : C:\Users\moroz\bqp26\tools\CORPUS\scripts\wd_p26
  сборка   : C:\Users\moroz\bqp26\BecquerelMonitor\bin\Release_P26
  пробы    : C:\Users\moroz\bqp26\tools\effmaker\probes\build_p26
  собрана  : 2026-09-12 20:17:24 из C:\Users\moroz\bqp26\BecquerelMonitor\bin\Release_P26
  наборы   : приложение 867bdebf28c2 (548 файлов), пробы 9921792abe27 (184)
  сверено  : 454 файлов по sha256 за 4.61 с
  библиотека: в оснастке корпуса НЕТ по правилу AMBER19 — состав из manifest.csv, линии из nucdb/matdb
  перекладка: клейма склада и оснастки сошлись
  ОСНАСТКА СВЕЖАЯ: 454 файлов сошлись

запуск: CorpusFsaProbe.exe --corpus=C:\Users\moroz\bqp26\tools\CORPUS\corpus --out=C:\Users\moroz\source\repos\BQ Eng res .NET 4.8\tools\pie\out_p26_nobg --only=AS80_Th232Medal --dump-curves=C:\Users\moroz\source\repos\BQ Eng res .NET 4.8\handover\p26-amber22\fsa\curves_nobg --residuals=12 --no-background
гейт библиотеки (AMBER19): поставочного config\NuclideDefinition.xml в каталоге прогона НЕТ — проверено: C:\Users\moroz\bqp26\tools\CORPUS\scripts\wd_p26\config\NuclideDefinition.xml
BecqMoni: main config: C:\Users\moroz\bqp26\tools\CORPUS\scripts\wd_p26\config\BecquerelMonitor.xml
BecqMoni: device configs: C:\Users\moroz\bqp26\tools\CORPUS\scripts\wd_p26\config\device: 24 loaded
корпус: C:\Users\moroz\bqp26\tools\CORPUS\corpus
спектров под отбор: 1 (часть: all, режим: spline)
библиотека: --lib=sample — состав из manifest.csv, линии из nucdb/matdb; поставочный config\NuclideDefinition.xml в РАЗБОРЕ НЕ УЧАСТВУЕТ: проба его не читает и спектру не предъявляет (правило Amber 01.09.2026); гейт AMBER19 (12.09.2026): файл в каталоге прогона или подъём NuclideDefinitionManager — отказ кодом 12
матрица по спектру, суммирование вкл, наложения вкл, рассеяние вкл, вылеты вкл, фон НЕ вычитается
библиотека: ПО ОБЪЯВЛЕННОЙ ПРОБЕ (S56, manifest.csv + materials.csv); атомные образы вкл, равновесие ряда вкл, заслон сведения кристалла снят
⚠ мерки сменили смысл: recall и фантомы считаются относительно ПРЕДЪЯВЛЕННОГО списка — с прежней базой напрямую не сравнивать
изомеры по sandia_symbol: вкл
время жизни уровня: ВЕРОЯТНОСТНО (A289, умолчание)
атомные партнёры каскада: рентген вкл, аннигиляция вкл; окно совпадения 1.000E-006 с (умолчание)
сетка дрейфа: ноль ±8.00 кэВ, узлов 1 (один узел, дрейф не ищется); усиление ±2.00 %, узлов 1 (один узел, дрейф не ищется)
полоса ОБОИХ концов: анализатор LibraryToFitByCurve/10.00 кэВ, библиотека LibraryToFitByCurve/10.00 кэВ — СОШЛИСЬ
доля пола по кривой: 1.000 % (поставочная)
пол ПОЛОСЫ ФИТА: выключен (поставочный) — фит от нулевого канала, как было
SETUP	против поставочного разбора изменено: НИЧЕГО (все настройки анализатора — умолчания приложения)

полоса ПЕРВОГО разбора (AS80_Th232Medal): полоса сведена ПОЛОМ ПО КРИВОЙ 30.0 кэВ (1.0 % от максимума, Min_Range 30.0), фит на всём спектре (умолчание); фит 0…8190 (-15.2…2868.3 кэВ)
  AS80_Th232Medal: крупнейшие невязки
          72.6 кэВ   избыток     639935     508.3 сигм
         564.3 кэВ   избыток     240591     268.8 сигм
           9.5 кэВ   избыток      51155     223.9 сигм
          12.2 кэВ   избыток      56910     222.5 сигм
          15.1 кэВ   избыток      62889     218.2 сигм
          18.4 кэВ   избыток      66265     207.0 сигм
          65.2 кэВ   избыток     186685     198.9 сигм
         899.1 кэВ   избыток     156189     196.2 сигм
          22.0 кэВ   избыток      50282     143.5 сигм
          80.6 кэВ   избыток     141940     127.2 сигм
        1509.7 кэВ   избыток      53802     121.0 сигм
        1416.1 кэВ   избыток      50887     115.1 сигм
AS80_Th232Medal        AS80x80    known    chi2/ndf   15.992  σ× 3.999  пиков  21  комп. 13  матрица: НАЙДЕНА, применена                                     5416 мс
гейт библиотеки (AMBER19): NuclideDefinitionManager за прогон не поднимался (обращений 0)

записано групп: 1 -> C:\Users\moroz\source\repos\BQ Eng res .NET 4.8\tools\pie\out_p26_nobg

=== итог по частям корпуса (6 с на часах, 5 с ЦП) ===
часть      спектров  найдена   примен.   sum chi2    медиана   ошибок  кр.усил  кр.ноль
known             1        1         1       16.0      15.99        0        0        0
           привязка шкалы (AMBER17): с опорами 1, без опор 0; крупнейшие сдвиги: AS80_Th232Medal (1 оп., усил. +2.74 %, ноль +0.00 кэВ)
           положение по свету (F11 в): ключ (умолчание анализатора), форма line; со светом NaI:Tl 1; без кривой 0
           нуль шкалы образа (S169): ключ (умолчание анализатора); карта adc включилась у 1 из 1 (нуль по съёмке 1, по прибору 0; заказана и не включилась 0)
           образ наложений по свету (S107): ключ (умолчание анализатора); формой по свету NaI:Tl 1 из 1

отсев по значимости (~~`T240`~~): ПРИМЕНЁН у 1, отключился сам (порог выше значимости ВСЕХ судимых) у 0, выбрасывать было некого у 0, не заказан у 0
  наибольшая значимость первого прохода: от 185.70 до 185.70 — с ней и сличается доля `RefitZRelative`

⚠ числа каждой строки принадлежат ТОЛЬКО своей части корпуса;
  «понятная» считана с матрицей отклика, «непонятная» — из одних пиков.
Фантомы и recall — C:\Users\moroz\source\repos\BQ Eng res .NET 4.8\tools\pie\out_p26_nobg\..\score.py по этим же файлам:
  python tools/pie/score.py --mode=spline --out-dir=C:\Users\moroz\source\repos\BQ Eng res .NET 4.8\tools\pie\out_p26_nobg --part=all

ПРОГОН МАЛОЙ БАЗЫ: 11.5 с
