Версия MSBuild 17.14.51+25f168cee для .NET Framework
Сборка начата 23.09.2026 1:33:13.

Проект "D:\BqMoni_Claude\p122\wt\BecquerelMonitor\BecquerelMonitor.csproj" в узле 1 (целевые объекты Restore).
_GetAllRestoreProjectPathItems:
  Определение проектов для восстановления...
Restore:
  При проверке цепочки сертификатов X.509 будет использоваться хранилище доверия по умолчанию, выбранное .NET для подписывания кода.
  При проверке цепочки сертификатов X.509 будет использоваться хранилище доверия по умолчанию, выбранное .NET для установки метки времени.
  Файл ресурсов не был изменен. Пропуск записи файла ресурсов. Путь: D:\BqMoni_Claude\p122\wt\BecquerelMonitor\obj\project.assets.json
  Восстановлен D:\BqMoni_Claude\p122\wt\BecquerelMonitor\BecquerelMonitor.csproj (за 100 мс).
  
  Использованные файлы конфигурации NuGet:
      D:\BqMoni_Claude\p122\wt\NuGet.Config
      C:\Users\moroz\AppData\Roaming\NuGet\NuGet.Config
      C:\Program Files (x86)\NuGet\Config\Microsoft.VisualStudio.FallbackLocation.config
      C:\Program Files (x86)\NuGet\Config\Microsoft.VisualStudio.Offline.config
  
  Использованные веб-каналы:
      https://api.nuget.org/v3/index.json
      C:\Program Files (x86)\Microsoft SDKs\NuGetPackages\
  Все проекты обновлены для восстановления.
Сборка проекта "D:\BqMoni_Claude\p122\wt\BecquerelMonitor\BecquerelMonitor.csproj" завершена (целевые объекты Restore).

Сборка успешно завершена.
    Предупреждений: 0
    Ошибок: 0

Прошло времени 00:00:00.65
