BecqMoni: main config: D:\BqMoni_Claude\p122\wt\tools\effmaker\probes\build_p140\config\BecquerelMonitor.xml
Матрицы отклика понятной части корпуса (B1)
сетка: 140 узлов 5-3000 кэВ, бин 2 кэВ, 3000000 историй на узел
останов по шуму ВЫКЛЮЧЕН — плоский счёт (T35)

== AS80_point0 ==
   клеймо   : phys=23;14248db6e3fbdf3252371e465eb7aa62274f4cd3adddc238f5f753a807dbd38c
   время    : 259.5 с на часах, ядер 9.8 из 10
   счёт     : 2543.7 с ЦП, 6.06 мкс на историю  <- сравнивать надо ЭТО
   сетка κ  : 200000 точек по 2 истории — в «мкс на историю» НЕ входят (замер узлов — с --jnodes=0)
   обход    : на историю 8.4 шага границ, 8.7 поиска области, 3.8 интерполяции μ, 3.16 сбора пересечений
   шум конт.: взвешенная 0.59 %  тихо
   Q_k      : узлов 140; у 657.0 кэВ Q2 0.6353 ± 0.0005, Q4 0.1619 ± 0.0010, Q2T 0.5070, Q4T 0.0836; худший шум Q_k 0.0568
   раскладка: D:\BqMoni_Claude\p140\art\dumps\ctrl-AS80_point0.csv
   файл     : D:\BqMoni_Claude\p140\store_ctrl\AS80_point0.rmx (0.7 МБ)

== RC103_point0 ==
   клеймо   : phys=23;e5e95f84145d8eb69d43c6207e71828e9c1ac70291ad18d1a8973a08593e7e22
   время    : 201.5 с на часах, ядер 9.8 из 10
   счёт     : 1978.0 с ЦП, 4.71 мкс на историю  <- сравнивать надо ЭТО
   сетка κ  : 200000 точек по 2 истории — в «мкс на историю» НЕ входят (замер узлов — с --jnodes=0)
   обход    : на историю 9.0 шага границ, 9.1 поиска области, 4.3 интерполяции μ, 2.89 сбора пересечений
   шум конт.: взвешенная 0.76 %  тихо
   Q_k      : узлов 140; у 657.0 кэВ Q2 0.7636 ± 0.0013, Q4 0.3764 ± 0.0028, Q2T 0.6848, Q4T 0.3013; худший шум Q_k 0.0559
   раскладка: D:\BqMoni_Claude\p140\art\dumps\ctrl-RC103_point0.csv
   файл     : D:\BqMoni_Claude\p140\store_ctrl\RC103_point0.rmx (0.7 МБ)

матриц: 2 — посчитано 2, пропущено 0 (клеймо сошлось); всего 7.7 мин
пересчитаны ВСЕ — значит изменилась картина целиком (версия физики или параметры расчёта)
ВСЕ СОШЛИСЬ
