корень корпуса : D:\BqMoni_Claude\p122\wt\tools\CORPUS
выход          : D:\BqMoni_Claude\p122\wt\tools\CORPUS\corpus\geometries

BecqMoni: main config: D:\BqMoni_Claude\p122\wt\tools\effmaker\probes\build_p140\config\BecquerelMonitor.xml
Геометрии «понятной» части корпуса (B1)

== G1S_point5 ==
   детектор : пресет «Gamma-1S UDS-GC 63x63», ПШПВ 6.44 % на 662
   сосуд    : точечный источник, 5 см от торца (+7 мм, S170)
   спектры  : G1S16_Am241_P5, G1S16_Ba133_P5, G1S16_Cd109_P5, G1S16_Ce139_P5, G1S16_Co57_P5, G1S16_Co60_P5, G1S16_Cs137_P5, G1S16_Eu152_P5, G1S16_Mn54_P5, G1S16_Na22_P5, G1S16_Th228_P5, G1S16_Y88_P5, G1S24_Am241_P5, G1S24_Ba133_P5, G1S24_Bi207_P5, G1S24_Cd109_P5, G1S24_Co60_P5, G1S24_Cs137_P5, G1S24_Eu152_P5, G1S24_Na22_P5, G1S24_Th228_P5, G1S24_Y88_P5, G1S24_Zn65_P5
   принято  : ничего — точечный источник, задано только расстояние 57 мм
   файл     : D:\BqMoni_Claude\p122\wt\tools\CORPUS\corpus\geometries\G1S_point5.in

== G1S_point25 ==
   детектор : пресет «Gamma-1S UDS-GC 63x63», ПШПВ 6.44 % на 662
   сосуд    : точечный источник, 25 см от торца (+7 мм, S170)
   спектры  : G1S16_Am241_P25, G1S16_Ba133_P25, G1S16_Cd109_P25, G1S16_Ce139_P25, G1S16_Co60_P25, G1S16_Cs137_P25, G1S16_Eu152_P25, G1S16_Mn54_P25, G1S16_Na22_P25, G1S16_Th228_P25, G1S16_Y88_P25, G1S24_Cs137_P25, G1S24_Na22_P25, G1S24_Th228_P25, G1S24_Y88_P25
   принято  : ничего — точечный источник, задано только расстояние 257 мм
   файл     : D:\BqMoni_Claude\p122\wt\tools\CORPUS\corpus\geometries\G1S_point25.in

== AS80_point0 ==
   детектор : пресет «Atom Spectra Pro 80x80», ПШПВ 7.65 % на 662
   сосуд    : точечный источник, вплотную к торцу
   спектры  : AS80_Cs137_0cm, AS80_Am241
   принято  : ничего — точечный источник, задано только расстояние 0 мм
   файл     : D:\BqMoni_Claude\p122\wt\tools\CORPUS\corpus\geometries\AS80_point0.in

== RC103_point0 ==
   детектор : пресет «RadiaCode-103», ПШПВ 8.49 % на 662
   сосуд    : точечный источник, вплотную к торцу
   спектры  : RC103_Cs137_0cm
   принято  : ничего — точечный источник, задано только расстояние 0 мм
   файл     : D:\BqMoni_Claude\p122\wt\tools\CORPUS\corpus\geometries\RC103_point0.in

== ASN16_lu_side ==
   детектор : пресет «Atom Spectra Nano 16», ПШПВ 6.66 % на 662
   сосуд    : банка 50 мл Ø40×h15, СБОКУ у широкой грани
   спектры  : ASN16_Lu176, ASN16_Lu176_P0
   принято  : ничего, всё названо
   объём    : сцена 18.85 мл, паспорт 18.85 мл, расхождение 0.000 %  СОШЛОСЬ
   проба    : Lutetium oxide, 1.0610 г/см3 (масса паспорта 20.0 г на объём паспорта, под который сцена построена — ИЗМЕРЕНО)
   файл     : D:\BqMoni_Claude\p122\wt\tools\CORPUS\corpus\geometries\ASN16_lu_side.in

== AS80_lu_front ==
   детектор : пресет «Atom Spectra Pro 80x80», ПШПВ 7.65 % на 662
   сосуд    : банка 50 мл Ø40×h15, ВПРИТЫК к торцу
   спектры  : AS80_Lu176, AS80_Lu176_v2
   принято  : ничего, всё названо
   объём    : сцена 18.85 мл, паспорт 18.85 мл, расхождение 0.000 %  СОШЛОСЬ
   проба    : Lutetium oxide, 1.0610 г/см3 (масса паспорта 20.0 г на объём паспорта, под который сцена построена — ИЗМЕРЕНО)
   файл     : D:\BqMoni_Claude\p122\wt\tools\CORPUS\corpus\geometries\AS80_lu_front.in

== RC103_lu_front ==
   детектор : пресет «RadiaCode-103», ПШПВ 8.49 % на 662
   сосуд    : банка 50 мл Ø40×h15, ВПРИТЫК к торцу
   спектры  : RC103_Lu176
   принято  : ничего, всё названо
   объём    : сцена 18.85 мл, паспорт 18.85 мл, расхождение 0.000 %  СОШЛОСЬ
   проба    : Lutetium oxide, 1.0610 г/см3 (масса паспорта 20.0 г на объём паспорта, под который сцена построена — ИЗМЕРЕНО)
   файл     : D:\BqMoni_Claude\p122\wt\tools\CORPUS\corpus\geometries\RC103_lu_front.in

== RC103_marinelli05_kcl ==
   детектор : пресет «RadiaCode-103», ПШПВ 8.49 % на 662
   сосуд    : маринелли 0.5 л (поставка ЛСРМ, размеры не восстановлены — взяты из шаблона)
   спектры  : RC103_K40
   принято  : ничего — сосуд взят целиком из заготовки редактора
   объём    : сцена 631.91 мл; в паспорте назван только номинал 0.5 л — под него НЕ подгонялось
   проба    : Potassium chloride, 1.0761 г/см3 (масса паспорта 680.0 г на объём сцены — ИЗМЕРЕНО)
   файл     : D:\BqMoni_Claude\p122\wt\tools\CORPUS\corpus\geometries\RC103_marinelli05_kcl.in

== G1S_denta100_oisn10_100_p16 ==
   детектор : пресет «Gamma-1S UDS-GC 63x63», ПШПВ 6.44 % на 662
   сосуд    : Дента-100, набивка ОИСН-10 1 г/см³, вплотную
   спектры  : G1S16_Th232_Denta100
   принято  : ничего: сосуд, вещество, СОСТАВ, масса и объём взяты из заголовка `.spe`; внутренний диаметр выведен из объёма и толщины слоя поставки
   объём    : сцена 100.00 мл, паспорт 100.00 мл, расхождение 0.000 %  СОШЛОСЬ
   проба    : ОИСН-10, 1.0000 г/см3 (масса паспорта 100.0 г на объём паспорта, под который сцена построена — ИЗМЕРЕНО)
   файл     : D:\BqMoni_Claude\p122\wt\tools\CORPUS\corpus\geometries\G1S_denta100_oisn10_100_p16.in

== G1S_denta100_risn379_100_p16 ==
   детектор : пресет «Gamma-1S UDS-GC 63x63», ПШПВ 6.44 % на 662
   сосуд    : Дента-100, набивка РИСН-379 1 г/см³, вплотную
   спектры  : G1S16_Mix_Denta100
   принято  : ничего: сосуд, вещество, СОСТАВ, масса и объём взяты из заголовка `.spe`; внутренний диаметр выведен из объёма и толщины слоя поставки
   объём    : сцена 100.00 мл, паспорт 100.00 мл, расхождение 0.000 %  СОШЛОСЬ
   проба    : РИСН-379, 1.0000 г/см3 (масса паспорта 100.0 г на объём паспорта, под который сцена построена — ИЗМЕРЕНО)
   файл     : D:\BqMoni_Claude\p122\wt\tools\CORPUS\corpus\geometries\G1S_denta100_risn379_100_p16.in

== G1S_denta120_oisn06_057_p24 ==
   детектор : пресет «Gamma-1S UDS-GC 63x63», ПШПВ 6.44 % на 662
   сосуд    : Дента-120мл, набивка ОИСН-06 0.567 г/см³, вплотную
   спектры  : G1S24_Cs137_Denta120
   принято  : ничего: сосуд, вещество, СОСТАВ, масса и объём взяты из заголовка `.spe`; внутренний диаметр выведен из объёма и толщины слоя поставки
   объём    : сцена 120.00 мл, паспорт 120.00 мл, расхождение 0.000 %  СОШЛОСЬ
   проба    : ОИСН-06, 0.5667 г/см3 (масса паспорта 68.0 г на объём паспорта, под который сцена построена — ИЗМЕРЕНО)
   файл     : D:\BqMoni_Claude\p122\wt\tools\CORPUS\corpus\geometries\G1S_denta120_oisn06_057_p24.in

== G1S_denta120_oisn06_062_p24 ==
   детектор : пресет «Gamma-1S UDS-GC 63x63», ПШПВ 6.44 % на 662
   сосуд    : Дента-120мл, набивка ОИСН-06 0.617 г/см³, вплотную
   спектры  : G1S24_Ra226_Denta120
   принято  : ничего: сосуд, вещество, СОСТАВ, масса и объём взяты из заголовка `.spe`; внутренний диаметр выведен из объёма и толщины слоя поставки
   объём    : сцена 120.00 мл, паспорт 120.00 мл, расхождение 0.000 %  СОШЛОСЬ
   проба    : ОИСН-06, 0.6167 г/см3 (масса паспорта 74.0 г на объём паспорта, под который сцена построена — ИЗМЕРЕНО)
   файл     : D:\BqMoni_Claude\p122\wt\tools\CORPUS\corpus\geometries\G1S_denta120_oisn06_062_p24.in

== G1S_denta120_oisn06_064_p24 ==
   детектор : пресет «Gamma-1S UDS-GC 63x63», ПШПВ 6.44 % на 662
   сосуд    : Дента-120мл, набивка ОИСН-06 0.64 г/см³, вплотную
   спектры  : G1S24_Th232_Denta120
   принято  : ничего: сосуд, вещество, СОСТАВ, масса и объём взяты из заголовка `.spe`; внутренний диаметр выведен из объёма и толщины слоя поставки
   объём    : сцена 120.00 мл, паспорт 120.00 мл, расхождение 0.000 %  СОШЛОСЬ
   проба    : ОИСН-06, 0.6400 г/см3 (масса паспорта 76.8 г на объём паспорта, под который сцена построена — ИЗМЕРЕНО)
   файл     : D:\BqMoni_Claude\p122\wt\tools\CORPUS\corpus\geometries\G1S_denta120_oisn06_064_p24.in

== G1S_denta120_oisn06_066_p24 ==
   детектор : пресет «Gamma-1S UDS-GC 63x63», ПШПВ 6.44 % на 662
   сосуд    : Дента-120мл, набивка ОИСН-06 0.658 г/см³, вплотную
   спектры  : G1S24_K40_Denta120
   принято  : ничего: сосуд, вещество, СОСТАВ, масса и объём взяты из заголовка `.spe`; внутренний диаметр выведен из объёма и толщины слоя поставки
   объём    : сцена 120.00 мл, паспорт 120.00 мл, расхождение 0.000 %  СОШЛОСЬ
   проба    : ОИСН-06, 0.6583 г/см3 (масса паспорта 79.0 г на объём паспорта, под который сцена построена — ИЗМЕРЕНО)
   файл     : D:\BqMoni_Claude\p122\wt\tools\CORPUS\corpus\geometries\G1S_denta120_oisn06_066_p24.in

== G1S_denta120_oisn16_155_p24 ==
   детектор : пресет «Gamma-1S UDS-GC 63x63», ПШПВ 6.44 % на 662
   сосуд    : Дента-120мл, набивка ОИСН-16 1.55 г/см³, вплотную
   спектры  : G1S24_K40_Denta120_2
   принято  : ничего: сосуд, вещество, СОСТАВ, масса и объём взяты из заголовка `.spe`; внутренний диаметр выведен из объёма и толщины слоя поставки
   объём    : сцена 120.00 мл, паспорт 120.00 мл, расхождение 0.000 %  СОШЛОСЬ
   проба    : ОИСН-16, 1.5500 г/см3 (масса паспорта 186.0 г на объём паспорта, под который сцена построена — ИЗМЕРЕНО)
   файл     : D:\BqMoni_Claude\p122\wt\tools\CORPUS\corpus\geometries\G1S_denta120_oisn16_155_p24.in

== G1S_denta120_oisn16_160_p24 ==
   детектор : пресет «Gamma-1S UDS-GC 63x63», ПШПВ 6.44 % на 662
   сосуд    : Дента-120мл, набивка ОИСН-16 1.6 г/см³, вплотную
   спектры  : G1S24_Th232_Denta120_2
   принято  : ничего: сосуд, вещество, СОСТАВ, масса и объём взяты из заголовка `.spe`; внутренний диаметр выведен из объёма и толщины слоя поставки
   объём    : сцена 120.00 мл, паспорт 120.00 мл, расхождение 0.000 %  СОШЛОСЬ
   проба    : ОИСН-16, 1.6000 г/см3 (масса паспорта 192.0 г на объём паспорта, под который сцена построена — ИЗМЕРЕНО)
   файл     : D:\BqMoni_Claude\p122\wt\tools\CORPUS\corpus\geometries\G1S_denta120_oisn16_160_p24.in

== G1S_denta120_oisn16_166_p24 ==
   детектор : пресет «Gamma-1S UDS-GC 63x63», ПШПВ 6.44 % на 662
   сосуд    : Дента-120мл, набивка ОИСН-16 1.658 г/см³, вплотную
   спектры  : G1S24_Cs137_Denta120_2
   принято  : ничего: сосуд, вещество, СОСТАВ, масса и объём взяты из заголовка `.spe`; внутренний диаметр выведен из объёма и толщины слоя поставки
   объём    : сцена 120.00 мл, паспорт 120.00 мл, расхождение 0.000 %  СОШЛОСЬ
   проба    : ОИСН-16, 1.6583 г/см3 (масса паспорта 199.0 г на объём паспорта, под который сцена построена — ИЗМЕРЕНО)
   файл     : D:\BqMoni_Claude\p122\wt\tools\CORPUS\corpus\geometries\G1S_denta120_oisn16_166_p24.in

== G1S_denta120_oisn16_167_p24 ==
   детектор : пресет «Gamma-1S UDS-GC 63x63», ПШПВ 6.44 % на 662
   сосуд    : Дента-120мл, набивка ОИСН-16 1.667 г/см³, вплотную
   спектры  : G1S24_Ra226_Denta120_2
   принято  : ничего: сосуд, вещество, СОСТАВ, масса и объём взяты из заголовка `.spe`; внутренний диаметр выведен из объёма и толщины слоя поставки
   объём    : сцена 120.00 мл, паспорт 120.00 мл, расхождение 0.000 %  СОШЛОСЬ
   проба    : ОИСН-16, 1.6667 г/см3 (масса паспорта 200.0 г на объём паспорта, под который сцена построена — ИЗМЕРЕНО)
   файл     : D:\BqMoni_Claude\p122\wt\tools\CORPUS\corpus\geometries\G1S_denta120_oisn16_167_p24.in

== G1S_mar1l_oisn06_055_p16 ==
   детектор : пресет «Gamma-1S UDS-GC 63x63», ПШПВ 6.44 % на 662
   сосуд    : Маринелли, набивка ОИСН-06 0.55 г/см³, вплотную
   спектры  : G1S16_Th232_Mar_2
   принято  : ничего: сосуд по чертежу ОМАСН (Ø154 × 112, колодец Ø97 × 65, стенки 2 мм), вещество, СОСТАВ, масса и объём взяты из заголовка `.spe`; высота засыпки выведена из объёма
   объём    : сцена 1000.00 мл, паспорт 1000.00 мл, расхождение 0.000 %  СОШЛОСЬ
   проба    : ОИСН-06, 0.5500 г/см3 (масса паспорта 550.0 г на объём паспорта, под который сцена построена — ИЗМЕРЕНО)
   файл     : D:\BqMoni_Claude\p122\wt\tools\CORPUS\corpus\geometries\G1S_mar1l_oisn06_055_p16.in

== G1S_mar1l_oisn06_057_p16 ==
   детектор : пресет «Gamma-1S UDS-GC 63x63», ПШПВ 6.44 % на 662
   сосуд    : Маринелли, набивка ОИСН-06 0.57 г/см³, вплотную
   спектры  : G1S16_Cs137_Mar
   принято  : ничего: сосуд по чертежу ОМАСН (Ø154 × 112, колодец Ø97 × 65, стенки 2 мм), вещество, СОСТАВ, масса и объём взяты из заголовка `.spe`; высота засыпки выведена из объёма
   объём    : сцена 1000.00 мл, паспорт 1000.00 мл, расхождение 0.000 %  СОШЛОСЬ
   проба    : ОИСН-06, 0.5700 г/см3 (масса паспорта 570.0 г на объём паспорта, под который сцена построена — ИЗМЕРЕНО)
   файл     : D:\BqMoni_Claude\p122\wt\tools\CORPUS\corpus\geometries\G1S_mar1l_oisn06_057_p16.in

== G1S_mar1l_oisn06_057_p24 ==
   детектор : пресет «Gamma-1S UDS-GC 63x63», ПШПВ 6.44 % на 662
   сосуд    : Маринелли, набивка ОИСН-06 0.57 г/см³, вплотную
   спектры  : G1S24_Cs137_Mar
   принято  : ничего: сосуд по чертежу ОМАСН (Ø154 × 112, колодец Ø97 × 65, стенки 2 мм), вещество, СОСТАВ, масса и объём взяты из заголовка `.spe`; высота засыпки выведена из объёма
   объём    : сцена 1000.00 мл, паспорт 1000.00 мл, расхождение 0.000 %  СОШЛОСЬ
   проба    : ОИСН-06, 0.5700 г/см3 (масса паспорта 570.0 г на объём паспорта, под который сцена построена — ИЗМЕРЕНО)
   файл     : D:\BqMoni_Claude\p122\wt\tools\CORPUS\corpus\geometries\G1S_mar1l_oisn06_057_p24.in

== G1S_mar1l_oisn06_062_p16 ==
   детектор : пресет «Gamma-1S UDS-GC 63x63», ПШПВ 6.44 % на 662
   сосуд    : Маринелли, набивка ОИСН-06 0.62 г/см³, вплотную
   спектры  : G1S16_Ra226_Mar
   принято  : ничего: сосуд по чертежу ОМАСН (Ø154 × 112, колодец Ø97 × 65, стенки 2 мм), вещество, СОСТАВ, масса и объём взяты из заголовка `.spe`; высота засыпки выведена из объёма
   объём    : сцена 1000.00 мл, паспорт 1000.00 мл, расхождение 0.000 %  СОШЛОСЬ
   проба    : ОИСН-06, 0.6200 г/см3 (масса паспорта 620.0 г на объём паспорта, под который сцена построена — ИЗМЕРЕНО)
   файл     : D:\BqMoni_Claude\p122\wt\tools\CORPUS\corpus\geometries\G1S_mar1l_oisn06_062_p16.in

== G1S_mar1l_oisn06_062_p24 ==
   детектор : пресет «Gamma-1S UDS-GC 63x63», ПШПВ 6.44 % на 662
   сосуд    : Маринелли, набивка ОИСН-06 0.62 г/см³, вплотную
   спектры  : G1S24_Ra226_Mar
   принято  : ничего: сосуд по чертежу ОМАСН (Ø154 × 112, колодец Ø97 × 65, стенки 2 мм), вещество, СОСТАВ, масса и объём взяты из заголовка `.spe`; высота засыпки выведена из объёма
   объём    : сцена 1000.00 мл, паспорт 1000.00 мл, расхождение 0.000 %  СОШЛОСЬ
   проба    : ОИСН-06, 0.6200 г/см3 (масса паспорта 620.0 г на объём паспорта, под который сцена построена — ИЗМЕРЕНО)
   файл     : D:\BqMoni_Claude\p122\wt\tools\CORPUS\corpus\geometries\G1S_mar1l_oisn06_062_p24.in

== G1S_mar1l_oisn06_064_p24 ==
   детектор : пресет «Gamma-1S UDS-GC 63x63», ПШПВ 6.44 % на 662
   сосуд    : Маринелли, набивка ОИСН-06 0.64 г/см³, вплотную
   спектры  : G1S24_Th232_Mar
   принято  : ничего: сосуд по чертежу ОМАСН (Ø154 × 112, колодец Ø97 × 65, стенки 2 мм), вещество, СОСТАВ, масса и объём взяты из заголовка `.spe`; высота засыпки выведена из объёма
   объём    : сцена 1000.00 мл, паспорт 1000.00 мл, расхождение 0.000 %  СОШЛОСЬ
   проба    : ОИСН-06, 0.6400 г/см3 (масса паспорта 640.0 г на объём паспорта, под который сцена построена — ИЗМЕРЕНО)
   файл     : D:\BqMoni_Claude\p122\wt\tools\CORPUS\corpus\geometries\G1S_mar1l_oisn06_064_p24.in

== G1S_mar1l_oisn06_066_p16 ==
   детектор : пресет «Gamma-1S UDS-GC 63x63», ПШПВ 6.44 % на 662
   сосуд    : Маринелли, набивка ОИСН-06 0.66 г/см³, вплотную
   спектры  : G1S16_K40_Mar
   принято  : ничего: сосуд по чертежу ОМАСН (Ø154 × 112, колодец Ø97 × 65, стенки 2 мм), вещество, СОСТАВ, масса и объём взяты из заголовка `.spe`; высота засыпки выведена из объёма
   объём    : сцена 1000.00 мл, паспорт 1000.00 мл, расхождение 0.000 %  СОШЛОСЬ
   проба    : ОИСН-06, 0.6600 г/см3 (масса паспорта 660.0 г на объём паспорта, под который сцена построена — ИЗМЕРЕНО)
   файл     : D:\BqMoni_Claude\p122\wt\tools\CORPUS\corpus\geometries\G1S_mar1l_oisn06_066_p16.in

== G1S_mar1l_oisn06_066_p24 ==
   детектор : пресет «Gamma-1S UDS-GC 63x63», ПШПВ 6.44 % на 662
   сосуд    : Маринелли, набивка ОИСН-06 0.66 г/см³, вплотную
   спектры  : G1S24_K40_Mar
   принято  : ничего: сосуд по чертежу ОМАСН (Ø154 × 112, колодец Ø97 × 65, стенки 2 мм), вещество, СОСТАВ, масса и объём взяты из заголовка `.spe`; высота засыпки выведена из объёма
   объём    : сцена 1000.00 мл, паспорт 1000.00 мл, расхождение 0.000 %  СОШЛОСЬ
   проба    : ОИСН-06, 0.6600 г/см3 (масса паспорта 660.0 г на объём паспорта, под который сцена построена — ИЗМЕРЕНО)
   файл     : D:\BqMoni_Claude\p122\wt\tools\CORPUS\corpus\geometries\G1S_mar1l_oisn06_066_p24.in

== G1S_mar1l_oisn16_155_p16 ==
   детектор : пресет «Gamma-1S UDS-GC 63x63», ПШПВ 6.44 % на 662
   сосуд    : Маринелли, набивка ОИСН-16 1.55 г/см³, вплотную
   спектры  : G1S16_K40_Mar_2
   принято  : ничего: сосуд по чертежу ОМАСН (Ø154 × 112, колодец Ø97 × 65, стенки 2 мм), вещество, СОСТАВ, масса и объём взяты из заголовка `.spe`; высота засыпки выведена из объёма
   объём    : сцена 1000.00 мл, паспорт 1000.00 мл, расхождение 0.000 %  СОШЛОСЬ
   проба    : ОИСН-16, 1.5500 г/см3 (масса паспорта 1550.0 г на объём паспорта, под который сцена построена — ИЗМЕРЕНО)
   файл     : D:\BqMoni_Claude\p122\wt\tools\CORPUS\corpus\geometries\G1S_mar1l_oisn16_155_p16.in

== G1S_mar1l_oisn16_155_p24 ==
   детектор : пресет «Gamma-1S UDS-GC 63x63», ПШПВ 6.44 % на 662
   сосуд    : Маринелли, набивка ОИСН-16 1.55 г/см³, вплотную
   спектры  : G1S24_K40_Mar_2
   принято  : ничего: сосуд по чертежу ОМАСН (Ø154 × 112, колодец Ø97 × 65, стенки 2 мм), вещество, СОСТАВ, масса и объём взяты из заголовка `.spe`; высота засыпки выведена из объёма
   объём    : сцена 1000.00 мл, паспорт 1000.00 мл, расхождение 0.000 %  СОШЛОСЬ
   проба    : ОИСН-16, 1.5500 г/см3 (масса паспорта 1550.0 г на объём паспорта, под который сцена построена — ИЗМЕРЕНО)
   файл     : D:\BqMoni_Claude\p122\wt\tools\CORPUS\corpus\geometries\G1S_mar1l_oisn16_155_p24.in

== G1S_mar1l_oisn16_160_p16 ==
   детектор : пресет «Gamma-1S UDS-GC 63x63», ПШПВ 6.44 % на 662
   сосуд    : Маринелли, набивка ОИСН-16 1.6 г/см³, вплотную
   спектры  : G1S16_Th232_Mar_3
   принято  : ничего: сосуд по чертежу ОМАСН (Ø154 × 112, колодец Ø97 × 65, стенки 2 мм), вещество, СОСТАВ, масса и объём взяты из заголовка `.spe`; высота засыпки выведена из объёма
   объём    : сцена 1000.00 мл, паспорт 1000.00 мл, расхождение 0.000 %  СОШЛОСЬ
   проба    : ОИСН-16, 1.6000 г/см3 (масса паспорта 1600.0 г на объём паспорта, под который сцена построена — ИЗМЕРЕНО)
   файл     : D:\BqMoni_Claude\p122\wt\tools\CORPUS\corpus\geometries\G1S_mar1l_oisn16_160_p16.in

== G1S_mar1l_oisn16_160_p24 ==
   детектор : пресет «Gamma-1S UDS-GC 63x63», ПШПВ 6.44 % на 662
   сосуд    : Маринелли, набивка ОИСН-16 1.6 г/см³, вплотную
   спектры  : G1S24_Th232_Mar_2
   принято  : ничего: сосуд по чертежу ОМАСН (Ø154 × 112, колодец Ø97 × 65, стенки 2 мм), вещество, СОСТАВ, масса и объём взяты из заголовка `.spe`; высота засыпки выведена из объёма
   объём    : сцена 1000.00 мл, паспорт 1000.00 мл, расхождение 0.000 %  СОШЛОСЬ
   проба    : ОИСН-16, 1.6000 г/см3 (масса паспорта 1600.0 г на объём паспорта, под который сцена построена — ИЗМЕРЕНО)
   файл     : D:\BqMoni_Claude\p122\wt\tools\CORPUS\corpus\geometries\G1S_mar1l_oisn16_160_p24.in

== G1S_mar1l_oisn16_166_p16 ==
   детектор : пресет «Gamma-1S UDS-GC 63x63», ПШПВ 6.44 % на 662
   сосуд    : Маринелли, набивка ОИСН-16 1.66 г/см³, вплотную
   спектры  : G1S16_Cs137_Mar_2
   принято  : ничего: сосуд по чертежу ОМАСН (Ø154 × 112, колодец Ø97 × 65, стенки 2 мм), вещество, СОСТАВ, масса и объём взяты из заголовка `.spe`; высота засыпки выведена из объёма
   объём    : сцена 1000.00 мл, паспорт 1000.00 мл, расхождение 0.000 %  СОШЛОСЬ
   проба    : ОИСН-16, 1.6600 г/см3 (масса паспорта 1660.0 г на объём паспорта, под который сцена построена — ИЗМЕРЕНО)
   файл     : D:\BqMoni_Claude\p122\wt\tools\CORPUS\corpus\geometries\G1S_mar1l_oisn16_166_p16.in

== G1S_mar1l_oisn16_166_p24 ==
   детектор : пресет «Gamma-1S UDS-GC 63x63», ПШПВ 6.44 % на 662
   сосуд    : Маринелли, набивка ОИСН-16 1.66 г/см³, вплотную
   спектры  : G1S24_Cs137_Mar_2
   принято  : ничего: сосуд по чертежу ОМАСН (Ø154 × 112, колодец Ø97 × 65, стенки 2 мм), вещество, СОСТАВ, масса и объём взяты из заголовка `.spe`; высота засыпки выведена из объёма
   объём    : сцена 1000.00 мл, паспорт 1000.00 мл, расхождение 0.000 %  СОШЛОСЬ
   проба    : ОИСН-16, 1.6600 г/см3 (масса паспорта 1660.0 г на объём паспорта, под который сцена построена — ИЗМЕРЕНО)
   файл     : D:\BqMoni_Claude\p122\wt\tools\CORPUS\corpus\geometries\G1S_mar1l_oisn16_166_p24.in

== G1S_mar1l_oisn16_167_p16 ==
   детектор : пресет «Gamma-1S UDS-GC 63x63», ПШПВ 6.44 % на 662
   сосуд    : Маринелли, набивка ОИСН-16 1.67 г/см³, вплотную
   спектры  : G1S16_Ra226_Mar_2
   принято  : ничего: сосуд по чертежу ОМАСН (Ø154 × 112, колодец Ø97 × 65, стенки 2 мм), вещество, СОСТАВ, масса и объём взяты из заголовка `.spe`; высота засыпки выведена из объёма
   объём    : сцена 1000.00 мл, паспорт 1000.00 мл, расхождение 0.000 %  СОШЛОСЬ
   проба    : ОИСН-16, 1.6700 г/см3 (масса паспорта 1670.0 г на объём паспорта, под который сцена построена — ИЗМЕРЕНО)
   файл     : D:\BqMoni_Claude\p122\wt\tools\CORPUS\corpus\geometries\G1S_mar1l_oisn16_167_p16.in

== G1S_mar1l_oisn16_167_p24 ==
   детектор : пресет «Gamma-1S UDS-GC 63x63», ПШПВ 6.44 % на 662
   сосуд    : Маринелли, набивка ОИСН-16 1.67 г/см³, вплотную
   спектры  : G1S24_Ra226_Mar_2
   принято  : ничего: сосуд по чертежу ОМАСН (Ø154 × 112, колодец Ø97 × 65, стенки 2 мм), вещество, СОСТАВ, масса и объём взяты из заголовка `.spe`; высота засыпки выведена из объёма
   объём    : сцена 1000.00 мл, паспорт 1000.00 мл, расхождение 0.000 %  СОШЛОСЬ
   проба    : ОИСН-16, 1.6700 г/см3 (масса паспорта 1670.0 г на объём паспорта, под который сцена построена — ИЗМЕРЕНО)
   файл     : D:\BqMoni_Claude\p122\wt\tools\CORPUS\corpus\geometries\G1S_mar1l_oisn16_167_p24.in

== G1S_mar1l_risn379_100_p16 ==
   детектор : пресет «Gamma-1S UDS-GC 63x63», ПШПВ 6.44 % на 662
   сосуд    : Маринелли, набивка РИСН-379 1 г/см³, вплотную
   спектры  : G1S16_Mix_Mar
   принято  : ничего: сосуд по чертежу ОМАСН (Ø154 × 112, колодец Ø97 × 65, стенки 2 мм), вещество, СОСТАВ, масса и объём взяты из заголовка `.spe`; высота засыпки выведена из объёма
   объём    : сцена 1000.00 мл, паспорт 1000.00 мл, расхождение 0.000 %  СОШЛОСЬ
   проба    : РИСН-379, 1.0000 г/см3 (масса паспорта 1000.0 г на объём паспорта, под который сцена построена — ИЗМЕРЕНО)
   файл     : D:\BqMoni_Claude\p122\wt\tools\CORPUS\corpus\geometries\G1S_mar1l_risn379_100_p16.in

== G1S_petri60_oisn06_057_p24 ==
   детектор : пресет «Gamma-1S UDS-GC 63x63», ПШПВ 6.44 % на 662
   сосуд    : Петри-60, набивка ОИСН-06 0.567 г/см³, вплотную
   спектры  : G1S24_Cs137_Petri
   принято  : ничего: сосуд, вещество, СОСТАВ, масса и объём взяты из заголовка `.spe`; внутренний диаметр выведен из объёма и толщины слоя поставки
   объём    : сцена 60.00 мл, паспорт 60.00 мл, расхождение 0.000 %  СОШЛОСЬ
   проба    : ОИСН-06, 0.5667 г/см3 (масса паспорта 34.0 г на объём паспорта, под который сцена построена — ИЗМЕРЕНО)
   файл     : D:\BqMoni_Claude\p122\wt\tools\CORPUS\corpus\geometries\G1S_petri60_oisn06_057_p24.in

== G1S_petri60_oisn06_062_p24 ==
   детектор : пресет «Gamma-1S UDS-GC 63x63», ПШПВ 6.44 % на 662
   сосуд    : Петри-60, набивка ОИСН-06 0.617 г/см³, вплотную
   спектры  : G1S24_Ra226_Petri
   принято  : ничего: сосуд, вещество, СОСТАВ, масса и объём взяты из заголовка `.spe`; внутренний диаметр выведен из объёма и толщины слоя поставки
   объём    : сцена 60.00 мл, паспорт 60.00 мл, расхождение 0.000 %  СОШЛОСЬ
   проба    : ОИСН-06, 0.6167 г/см3 (масса паспорта 37.0 г на объём паспорта, под который сцена построена — ИЗМЕРЕНО)
   файл     : D:\BqMoni_Claude\p122\wt\tools\CORPUS\corpus\geometries\G1S_petri60_oisn06_062_p24.in

== G1S_petri60_oisn06_064_p24 ==
   детектор : пресет «Gamma-1S UDS-GC 63x63», ПШПВ 6.44 % на 662
   сосуд    : Петри-60, набивка ОИСН-06 0.64 г/см³, вплотную
   спектры  : G1S24_Th232_Petri
   принято  : ничего: сосуд, вещество, СОСТАВ, масса и объём взяты из заголовка `.spe`; внутренний диаметр выведен из объёма и толщины слоя поставки
   объём    : сцена 60.00 мл, паспорт 60.00 мл, расхождение 0.000 %  СОШЛОСЬ
   проба    : ОИСН-06, 0.6400 г/см3 (масса паспорта 38.4 г на объём паспорта, под который сцена построена — ИЗМЕРЕНО)
   файл     : D:\BqMoni_Claude\p122\wt\tools\CORPUS\corpus\geometries\G1S_petri60_oisn06_064_p24.in

== G1S_petri60_oisn06_067_p24 ==
   детектор : пресет «Gamma-1S UDS-GC 63x63», ПШПВ 6.44 % на 662
   сосуд    : Петри-60, набивка ОИСН-06 0.667 г/см³, вплотную
   спектры  : G1S24_K40_Petri
   принято  : ничего: сосуд, вещество, СОСТАВ, масса и объём взяты из заголовка `.spe`; внутренний диаметр выведен из объёма и толщины слоя поставки
   объём    : сцена 60.00 мл, паспорт 60.00 мл, расхождение 0.000 %  СОШЛОСЬ
   проба    : ОИСН-06, 0.6667 г/см3 (масса паспорта 40.0 г на объём паспорта, под который сцена построена — ИЗМЕРЕНО)
   файл     : D:\BqMoni_Claude\p122\wt\tools\CORPUS\corpus\geometries\G1S_petri60_oisn06_067_p24.in

== G1S_petri60_oisn10_100_p16 ==
   детектор : пресет «Gamma-1S UDS-GC 63x63», ПШПВ 6.44 % на 662
   сосуд    : Петри-60, набивка ОИСН-10 1 г/см³, вплотную
   спектры  : G1S16_Th232_Petri
   принято  : ничего: сосуд, вещество, СОСТАВ, масса и объём взяты из заголовка `.spe`; внутренний диаметр выведен из объёма и толщины слоя поставки
   объём    : сцена 60.00 мл, паспорт 60.00 мл, расхождение 0.000 %  СОШЛОСЬ
   проба    : ОИСН-10, 1.0000 г/см3 (масса паспорта 60.0 г на объём паспорта, под который сцена построена — ИЗМЕРЕНО)
   файл     : D:\BqMoni_Claude\p122\wt\tools\CORPUS\corpus\geometries\G1S_petri60_oisn10_100_p16.in

== G1S_petri60_oisn16_155_p24 ==
   детектор : пресет «Gamma-1S UDS-GC 63x63», ПШПВ 6.44 % на 662
   сосуд    : Петри-60, набивка ОИСН-16 1.55 г/см³, вплотную
   спектры  : G1S24_K40_Petri_2
   принято  : ничего: сосуд, вещество, СОСТАВ, масса и объём взяты из заголовка `.spe`; внутренний диаметр выведен из объёма и толщины слоя поставки
   объём    : сцена 60.00 мл, паспорт 60.00 мл, расхождение 0.000 %  СОШЛОСЬ
   проба    : ОИСН-16, 1.5500 г/см3 (масса паспорта 93.0 г на объём паспорта, под который сцена построена — ИЗМЕРЕНО)
   файл     : D:\BqMoni_Claude\p122\wt\tools\CORPUS\corpus\geometries\G1S_petri60_oisn16_155_p24.in

== G1S_petri60_oisn16_160_p24 ==
   детектор : пресет «Gamma-1S UDS-GC 63x63», ПШПВ 6.44 % на 662
   сосуд    : Петри-60, набивка ОИСН-16 1.6 г/см³, вплотную
   спектры  : G1S24_Th232_Petri_2
   принято  : ничего: сосуд, вещество, СОСТАВ, масса и объём взяты из заголовка `.spe`; внутренний диаметр выведен из объёма и толщины слоя поставки
   объём    : сцена 60.00 мл, паспорт 60.00 мл, расхождение 0.000 %  СОШЛОСЬ
   проба    : ОИСН-16, 1.6000 г/см3 (масса паспорта 96.0 г на объём паспорта, под который сцена построена — ИЗМЕРЕНО)
   файл     : D:\BqMoni_Claude\p122\wt\tools\CORPUS\corpus\geometries\G1S_petri60_oisn16_160_p24.in

== G1S_petri60_oisn16_167_p24 ==
   детектор : пресет «Gamma-1S UDS-GC 63x63», ПШПВ 6.44 % на 662
   сосуд    : Петри-60, набивка ОИСН-16 1.667 г/см³, вплотную
   спектры  : G1S24_Cs137_Petri_2, G1S24_Ra226_Petri_2
   принято  : ничего: сосуд, вещество, СОСТАВ, масса и объём взяты из заголовка `.spe`; внутренний диаметр выведен из объёма и толщины слоя поставки
   объём    : сцена 60.00 мл, паспорт 60.00 мл, расхождение 0.000 %  СОШЛОСЬ
   проба    : ОИСН-16, 1.6667 г/см3 (масса паспорта 100.0 г на объём паспорта, под который сцена построена — ИЗМЕРЕНО)
   файл     : D:\BqMoni_Claude\p122\wt\tools\CORPUS\corpus\geometries\G1S_petri60_oisn16_167_p24.in

== G1S_petri60_risn379_100_p16 ==
   детектор : пресет «Gamma-1S UDS-GC 63x63», ПШПВ 6.44 % на 662
   сосуд    : Петри-60, набивка РИСН-379 1 г/см³, вплотную
   спектры  : G1S16_Mix_Petri
   принято  : ничего: сосуд, вещество, СОСТАВ, масса и объём взяты из заголовка `.spe`; внутренний диаметр выведен из объёма и толщины слоя поставки
   объём    : сцена 60.00 мл, паспорт 60.00 мл, расхождение 0.000 %  СОШЛОСЬ
   проба    : РИСН-379, 1.0000 г/см3 (масса паспорта 60.0 г на объём паспорта, под который сцена построена — ИЗМЕРЕНО)
   файл     : D:\BqMoni_Claude\p122\wt\tools\CORPUS\corpus\geometries\G1S_petri60_risn379_100_p16.in

== AS80_th_disk ==
   детектор : пресет «Atom Spectra Pro 80x80»
   сосуд    : стеклянный диск Ø40×5 мм (ториевое стекло 4.345 г/см³), ВПРИТЫК к торцу
   спектры  : AS80_Th232Medal
   принято  : сцена ЗАКРЕПЛЕНА — 8680 байт из corpus/geometries/pinned/AS80_th_disk.in, объём не судится
   файл     : D:\BqMoni_Claude\p122\wt\tools\CORPUS\corpus\geometries\AS80_th_disk.in

== G1S_mar1l_coal_046_p24 ==
   детектор : пресет «Gamma-1S UDS-GC 63x63», ПШПВ 6.44 % на 662
   сосуд    : Маринелли, набивка активированный уголь 0.461 г/см³, вплотную
   спектры  : G1S24_Rn222Coal_Mar_20m, G1S24_Rn222Coal_Mar_2h, G1S24_Rn222Coal_Mar_3h, G1S24_Rn222Coal_Mar_eq01
   принято  : состав пробы — чистый углерод (в заголовке `.spe` состава нет, в matdb угля нет; П64); сосуд по чертежу ОМАСН, масса и объём из заголовка `.spe`
   объём    : сцена 1000.00 мл, паспорт 1000.00 мл, расхождение 0.000 %  СОШЛОСЬ
   проба    : Activated charcoal, 0.4610 г/см3 (масса паспорта 461.0 г на объём паспорта, под который сцена построена — ИЗМЕРЕНО)
   файл     : D:\BqMoni_Claude\p122\wt\tools\CORPUS\corpus\geometries\G1S_mar1l_coal_046_p24.in

== RC103_point50 ==
   детектор : пресет «RadiaCode-103», ПШПВ 8.49 % на 662
   сосуд    : точечный источник, 50 мм от торца корпуса
   спектры  : RC103_Cs137_50mm
   принято  : ничего — точечный источник, задано только расстояние 50 мм
   файл     : D:\BqMoni_Claude\p122\wt\tools\CORPUS\corpus\geometries\RC103_point50.in

== ASN16_point0_house ==
   детектор : пресет «Atom Spectra Nano 16», ПШПВ 6.66 % на 662
   сосуд    : точечный источник, вплотную к торцу, в свинцовом домике
   спектры  : ASN16_Cs137
   принято  : ничего — точечный источник, задано только расстояние 0 мм
   файл     : D:\BqMoni_Claude\p122\wt\tools\CORPUS\corpus\geometries\ASN16_point0_house.in

== ASN16_point10_house ==
   детектор : пресет «Atom Spectra Nano 16», ПШПВ 6.66 % на 662
   сосуд    : точечный источник, 10 см от торца корпуса, в свинцовом домике
   спектры  : ASN16_Cs137_10cm
   принято  : ничего — точечный источник, задано только расстояние 100 мм
   файл     : D:\BqMoni_Claude\p122\wt\tools\CORPUS\corpus\geometries\ASN16_point10_house.in

геометрий: 49, спектров под ними: 92
записано файлов: 49 в D:\BqMoni_Claude\p122\wt\tools\CORPUS\corpus\geometries
опись           : D:\BqMoni_Claude\p122\wt\tools\CORPUS\corpus\geometries\index.csv
ВСЕ СОШЛИСЬ
