
=== 1. привязка: вырожденный — по хозяину, свои линии — свободны ===
SETUP	против поставочного разбора изменено [умолчание]: AnchorScale True → False; Backscatter True → False; CascadeSumPeaks True → False; CascadeSumming True → False; MaxEnergy 2800 → 1800; PileUp True → False; RequireGeometry True → False
  привязка (порог 0.5, по колонкам): судимых 3, привязано 1: Испыт-двойник → Испыт-хозяин шур 0.971 пара 0.971; Испыт-далёкая ≠ Испыт-своя шур 0.000 пара 0.000; Испыт-своя ≠ Испыт-хозяин шур 0.001 пара 0.001
  порог гейта положителен (умолчание конструктора)                       = True
  судимых членов (все, кроме сильнейшего)                                = 3
  привязано ровно один                                                   = 1
  привязок в результате                                                  = 1
  привязан двойник                                                       = Испыт-двойник
  к хозяину                                                              = Испыт-хозяин
  доля двойника по Шуру не ниже порога                                   = True
  двойник: шур 0.971, пара 0.971
  строка хозяина есть                                                    = True
  строка двойника есть                                                   = True
  строка своей линии есть                                                = True
  двойник помечен партнёром-хозяином                                     = Испыт-хозяин
  хозяин свободен (партнёра нет)                                         = (null)
  своя линия свободна (партнёра нет)                                     = (null)
  связки ряда у двойника нет (это не равновесие ряда)                    = (null)
  происхождение в ряду у двойника сохранено                              = Ряд-испытание
  амплитуда двойника = амплитуде хозяина                                 = 200.00633960687156
  значимость у них одна                                                  = 282.11906690837515
  своя линия — своя амплитуда (не равна хозяйской)                       = True
  лента двойника положительна                                            = True
  приговор Испыт-двойник    → Испыт-хозяин     шур 0.971 пара 0.971 ПРИВЯЗАН
  приговор Испыт-далёкая    → Испыт-своя       шур 0.000 пара 0.000 свободен
  Испыт-далёкая — доля ниже половины порога                              = True
  приговор Испыт-своя       → Испыт-хозяин     шур 0.001 пара 0.001 свободен
  Испыт-своя — доля ниже половины порога                                 = True
  строка предела у двойника есть                                         = True
  предел двойника помечен партнёром                                      = Испыт-хозяин
  предел хозяина партнёра не несёт                                       = (null)
  двойник обнаружен (как хозяин)                                         = True
  порог решения — хозяйский                                              = 0.3097626417382473
  пиковые отсчёты на пределе — по СВОЕМУ образу (меньше хозяйских)       = True

=== 2. экран: подпись «по хозяину» / «by host» в обеих культурах ===
  en-US: «Испыт-двойник — by Испыт-хозяин» | «Испыт-хозяин» | «Испыт-своя»
  en-US: строка двойника — по образцу ресурса                            = Испыт-двойник — by Испыт-хозяин
  en-US: в ней есть имя хозяина                                          = True
  en-US: строка хозяина — голое имя                                      = Испыт-хозяин
  en-US: строка своей линии — голое имя                                  = Испыт-своя
  en-US: слой двойника несёт партнёра                                    = Испыт-хозяин
  ru-RU: «Испыт-двойник — по Испыт-хозяин» | «Испыт-хозяин» | «Испыт-своя»
  ru-RU: строка двойника — по образцу ресурса                            = Испыт-двойник — по Испыт-хозяин
  ru-RU: в ней есть имя хозяина                                          = True
  ru-RU: строка хозяина — голое имя                                      = Испыт-хозяин
  ru-RU: строка своей линии — голое имя                                  = Испыт-своя
  ru-RU: слой двойника несёт партнёра                                    = Испыт-хозяин
  русская подпись содержит «по»                                          = True
  английская подпись содержит «by»                                       = True

=== 3. связка равновесия: одна колонка ряда — гейт не судит ===
SETUP	против поставочного разбора изменено [равновесие]: AnchorScale True → False; Backscatter True → False; CascadeSumPeaks True → False; CascadeSumming True → False; MaxEnergy 2800 → 1800; PileUp True → False; RequireGeometry True → False
  разбор получился                                                       = True
  судимых 0                                                              = 0
  привязано 0                                                            = 0
  служебной строки нет                                                   = (null)
  привязок в результате 0                                                = 0
  двойник — строка ряда (связка), не привязка                            = True

=== 4. положительный контроль: гейт выключен / порог заведомо низкий ===
SETUP	против поставочного разбора изменено [гейт ВЫКЛ]: AnchorScale True → False; Backscatter True → False; CascadeSumPeaks True → False; CascadeSumming True → False; ChainTieShare 0.5 → 0; MaxEnergy 2800 → 1800; PileUp True → False; RequireGeometry True → False
  разбор без гейта получился                                             = True
  ok   гейт выключен — «двойник привязан» СТОРОЖ ОБЯЗАН ОТВЕРГНУТЬ              отказал, как и должен
  ok   гейт выключен — привязок в результате быть не должно                     отказал, как и должен
  гейт выключен — судимых 0                                              = 0
  гейт выключен — двойник в составе со своей амплитудой                  = True
  мера своей линии измерена и не ноль (столбцы соседствуют)              = True
SETUP	против поставочного разбора изменено [порог 0.00034]: AnchorScale True → False; Backscatter True → False; CascadeSumPeaks True → False; CascadeSumming True → False; ChainTieShare 0.5 → 0.000339851990038054; MaxEnergy 2800 → 1800; PileUp True → False; RequireGeometry True → False
  разбор с заведомо низким порогом получился                             = True
  привязка (порог 0.0003399, по колонкам): судимых 3, привязано 2: Испыт-двойник → Испыт-хозяин шур 0.971 пара 0.971; Испыт-далёкая ≠ Испыт-своя шур 0.000 пара 0.000; Испыт-своя → Испыт-хозяин шур 0.001 пара 0.001
  при заведомо низком пороге привязано больше одного                     = True
  ok   при заведомо низком пороге член с собственной линией ОБЯЗАН привязаться (иначе гейт не по мере) отказал, как и должен
SETUP	против поставочного разбора изменено [хозяина в спектре нет]: AnchorScale True → False; Backscatter True → False; CascadeSumPeaks True → False; CascadeSumming True → False; MaxEnergy 2800 → 1800; PileUp True → False; RequireGeometry True → False
  разбор без хозяина получился                                           = True
  двойник и без хозяина в спектре привязан (образы те же)                = True
  без хозяина: строка состава нет, предел не обнаружен, подавлен да
  двойник не пропал: строка состава, предел или подавленный образ        = True
  предел двойника несёт партнёра                                         = Испыт-хозяин

=== 5. второе правило: слабый член на подсаженном горбе — предел ===
SETUP	против поставочного разбора изменено [слабый + горб]: AnchorScale True → False; Backscatter True → False; CascadeSumPeaks True → False; CascadeSumming True → False; MaxEnergy 2800 → 1800; PileUp True → False; RequireGeometry True → False
  предел (порог 3 отсева): судимых 5, пределом 1, кругов 2: Испыт-своя ≥ при Испыт-хозяин ожид. z 205.96 (z 206.0, круг 1); Испыт-далёкая ≥ при Испыт-хозяин ожид. z 108.50 (z 108.5, круг 1); Испыт-слабая < при Испыт-хозяин ожид. z 0.40 (z 30.8, круг 1); Испыт-своя ≥ при Испыт-хозяин ожид. z 207.13 (z 209.8, круг 2); Испыт-далёкая ≥ при Испыт-хозяин ожид. z 108.76 (z 107.9, круг 2)
  правило включено (умолчание конструктора)                              = True
  порог правила — у отсева (подмены нет, умолчание конструктора)         = True
  правило судило (кругов больше нуля)                                    = True
  снят в предел ровно один                                               = 1
  приговоров в результате столько же, сколько у анализатора              = 5
  приговор Испыт-своя       при Испыт-хозяин     ожид. z   205.96 (z   206.0, порог 3.00, круг 1) свободен
  приговор Испыт-далёкая    при Испыт-хозяин     ожид. z   108.50 (z   108.5, порог 3.00, круг 1) свободен
  приговор Испыт-слабая     при Испыт-хозяин     ожид. z     0.40 (z    30.8, порог 3.00, круг 1) ПРЕДЕЛ
  приговор Испыт-своя       при Испыт-хозяин     ожид. z   207.13 (z   209.8, порог 3.00, круг 2) свободен
  приговор Испыт-далёкая    при Испыт-хозяин     ожид. z   108.76 (z   107.9, порог 3.00, круг 2) свободен
  слабый член судим                                                      = True
  слабый: опорный член — хозяин (наименьшая σ)                           = Испыт-хозяин
  слабый: ожидаемая значимость ниже порога                               = True
  слабый: фактическая значимость на горбе ВЫШЕ порога (отсев его не видит) = True
  слабый: снят                                                           = True
  порог правила = порог отсева этого разбора                             = 3
  своя линия судима и свободна                                           = True
  далёкая линия судима и свободна                                        = True
  ожидаемая значимость своей линии — на порядок выше слабой              = True
  ожидаемая значимость далёкой — на порядок выше слабой                  = True
  строки состава у слабого нет                                           = (null)
  строка предела у слабого есть                                          = True
  слабый: не обнаружен                                                   = False
  слабый: предел обнаружения положителен                                 = True
  слабый: происхождение в ряду сохранено                                 = Ряд-испытание
  слабый — среди подавленных образов (предъявлен, до отчёта не дожил)    = True
  своя линия в составе                                                   = True
  далёкая в составе                                                      = True
  хозяин в составе                                                       = True
  двойник по-прежнему по хозяину (порядок: сперва привязка, затем предел) = True
  en-US: свёрнутая строка — подсказка «Испыт-слабая»
  en-US: свёрнутая строка пределов есть                                  = True
  en-US: слабый назван в подсказке свёрнутой строки                      = True
  en-US: отдельной строки предела у слабого нет (выход ниже порога именования) = False
  ru-RU: свёрнутая строка — подсказка «Испыт-слабая»
  ru-RU: свёрнутая строка пределов есть                                  = True
  ru-RU: слабый назван в подсказке свёрнутой строки                      = True
  ru-RU: отдельной строки предела у слабого нет (выход ниже порога именования) = False
SETUP	против поставочного разбора изменено [правило ВЫКЛ]: AnchorScale True → False; Backscatter True → False; CascadeSumPeaks True → False; CascadeSumming True → False; ChainLimitByExpectedZ True → False; MaxEnergy 2800 → 1800; PileUp True → False; RequireGeometry True → False
  разбор без правила получился                                           = True
  правило ВЫКЛ — судимых 0                                               = 0
  правило ВЫКЛ — служебной строки нет                                    = (null)
  правило ВЫКЛ — приговоров в результате 0                               = 0
  ok   правило ВЫКЛ — «слабый — предел» СТОРОЖ ОБЯЗАН ОТВЕРГНУТЬ                отказал, как и должен
  без правила: слабый z 30.8, амплитуда ×76.1 хозяйской
  без правила слабый на горбе значим (сток невязки)                      = True
  без правила амплитуда слабого — в десятки хозяйских                    = True
  наибольшая ожидаемая значимость среди судимых положительна             = True
SETUP	против поставочного разбора изменено [порог 414]: AnchorScale True → False; Backscatter True → False; CascadeSumPeaks True → False; CascadeSumming True → False; ChainLimitZ 0 → 414.257195740448; MaxEnergy 2800 → 1800; PileUp True → False; RequireGeometry True → False
  разбор с заведомо высоким порогом получился                            = True
  предел (порог 414.3 подменён): судимых 6, пределом 3, кругов 3: Испыт-своя < при Испыт-хозяин ожид. z 205.96 (z 206.0, круг 1); Испыт-далёкая < при Испыт-хозяин ожид. z 108.50 (z 108.5, круг 1); Испыт-слабая < при Испыт-хозяин ожид. z 0.40 (z 30.8, круг 1); Испыт-своя < при Испыт-хозяин ожид. z 207.13 (z 209.8, круг 2); Испыт-далёкая < при Испыт-хозяин ожид. z 108.76 (z 107.9, круг 2); Испыт-своя < при Испыт-хозяин ожид. z 103.22 (z 104.6, круг 3)
  заведомо высокий порог — сняты ВСЕ судимые (все, кроме опорного)       = 3
  заведомо высокий порог — по одному за круг: кругов = снятых            = 3
  ok   заведомо высокий порог — член с собственной линией ОБЯЗАН стать пределом (иначе правило не по мере) отказал, как и должен
  ok   заведомо высокий порог — далёкая ОБЯЗАНА стать пределом                  отказал, как и должен
  заведомо высокий порог — хозяин (опорный) остаётся                     = True
  заведомо высокий порог — снято не меньше трёх                          = True
SETUP	против поставочного разбора изменено [равновесие + горб]: AnchorScale True → False; Backscatter True → False; CascadeSumPeaks True → False; CascadeSumming True → False; MaxEnergy 2800 → 1800; PileUp True → False; RequireGeometry True → False
  связка: разбор получился                                               = True
  связка: судимых 0                                                      = 0
  связка: служебной строки нет                                           = (null)

ВСЕ СОШЛИСЬ
