=== поколение кривой против поколения матрицы и сборки (A119) ===
  поколение сборки: 19
  1. клеймо кривой печатается версией сборки
  2. решение статическое, клеймо разбирается общим приёмом
  3. литерального номера поколения в решении нет
  4. вкладка зовёт решение и даёт ему версию сборки
  5. вкладка спрашивает склад о поколении матрицы
  6. обёртка склада делегирует общему чтению заголовка
  7. обе подписи в обоих resx, по два места подстановки
  8. обе подписи объявлены в Designer
  9. замер на месте: CurveGenerationProbe.cs
  10. сообщения идут своей подписью, а не хвостом к сводке
  11. высота подписи считается по настоящему тексту

--- САМОПРОВЕРКА: семь порченых копий и две сцены склада ---
  (а) вызов решения снят                 -> 4. `UpdateEfficiencyView` не зовёт `GenerationNotes` — вкладка молчит
  (б) поколение сборки числом            -> 4. `GenerationNotes` зовётся НЕ с `ResponseMatrix.PhysicsVersion`
  (в) склад не спрашивается              -> 5. `UpdateEfficiencyView` не спрашивает склад (`ResponseMatrixStore.PeekVersions`) — поколение матрицы всегда 0
  (г) клеймо кривой числом               -> 1. клеймо кривой не берёт `ResponseMatrix.PhysicsVersion` — поколение окаменеет
  (д) сообщения хвостом к сводке         -> 10. сообщения дописываются в сводку (`parts`) — подпись 466×30 обрежет их МОЛЧА
  (е) высота подписи числом              -> 11. `GenerationLabelHeight` не меряет текст `TextRenderer.MeasureText` — высота числом устареет на первом же переводе
  (ё) русской подписи нет                -> 7. `EfficiencyTabCurveVsMatrix` нет в русской поставке ресурсов
  (ж) склад с расхождением               -> кривая «Цилиндр» (дежурный.xml): поколение 11, сборка 16; кривая «Цилиндр» (дежурный.xml): поколение 11, а её матрица — 16
  (з) склад согласный (контроль)         -> молчит

СОШЛОСЬ: расхождение поколений названо словами и сравнение не обездвижено
