BecqMoni: main config: D:\BqMoni_Claude\p99\wt\tools\effmaker\probes\build_p99\config\BecquerelMonitor.xml
шаблон «RadiaCode-103»: зазор у торца 3.50 мм, наполнитель Air, dry; точка на 50.0 мм от торца корпуса
сцена RC103_point50.in: зазор у торца 3.50 мм, наполнитель "Air, dry", источник Point, точка на 50.0 мм
контроль: тот же шаблон, зазор сброшен в 0.00 мм
историй на узел: 200000
клеймо матрицы, шаблон : phys=19;7f9afdf663fffe7a5e19b3a09dcc2f4f14ccf4ed155c9e9b1f77c5b5f50defcf
клеймо матрицы, сцена  : phys=19;7f9afdf663fffe7a5e19b3a09dcc2f4f14ccf4ed155c9e9b1f77c5b5f50defcf
клеймо матрицы, контр. : phys=19;71fdc59f96e2e1d68c8fa69ab8c4dda7be26b37c3271c6d3f453044130b7a558
шаблон: узлов 38, разброс МК медиана 1.76 %, худший 76.08 % на 5 кэВ
сцена: узлов 38, разброс МК медиана 1.76 %, худший 76.08 % на 5 кэВ
контроль: узлов 38, разброс МК медиана 1.47 %, худший 83.46 % на 5 кэВ

  E, кэВ         шаблон          сцена       Δ, %       контроль сцена/контр.
       5   1.42828E-033   1.42829E-033     0.0005   1.03123E-033      1.385
      10   4.93678E-007   4.93679E-007     0.0001   5.73360E-007      0.861
      20   8.81177E-004   8.81177E-004     0.0000   1.00107E-003      0.880
      30   1.87658E-003   1.87658E-003     0.0000   2.12424E-003      0.883
      40   1.77030E-003   1.77030E-003     0.0000   2.02816E-003      0.873
      50   1.98850E-003   1.98850E-003     0.0000   2.27441E-003      0.874
      60   2.11428E-003   2.11428E-003     0.0000   2.40812E-003      0.878
      70   2.18391E-003   2.18391E-003     0.0000   2.47948E-003      0.881
      80   2.21503E-003   2.21503E-003     0.0000   2.51111E-003      0.882
      90   2.24077E-003   2.24077E-003     0.0000   2.52748E-003      0.887
     100   2.23595E-003   2.23595E-003     0.0000   2.51449E-003      0.889
     120   2.16574E-003   2.16574E-003     0.0000   2.45642E-003      0.882
     150   1.97147E-003   1.97147E-003     0.0000   2.22861E-003      0.885
     186   1.59974E-003   1.59974E-003     0.0000   1.81821E-003      0.880
     240   1.10202E-003   1.10202E-003     0.0000   1.24500E-003      0.885
     300   7.23715E-004   7.23715E-004     0.0000   8.34483E-004      0.867
     352   5.33187E-004   5.33187E-004     0.0000   6.03371E-004      0.884
     400   4.09190E-004   4.09190E-004     0.0000   4.61128E-004      0.887
     460   3.06576E-004   3.06576E-004     0.0000   3.49778E-004      0.876
     510   2.56218E-004   2.56218E-004     0.0000   2.86807E-004      0.893
     583   1.92474E-004   1.92474E-004     0.0000   2.22083E-004      0.867
     609   1.83412E-004   1.83412E-004     0.0000   2.05997E-004      0.890
     662   1.51760E-004   1.51760E-004     0.0000   1.72148E-004      0.882
     720   1.36101E-004   1.36101E-004     0.0000   1.52167E-004      0.894
     800   1.10917E-004   1.10917E-004     0.0000   1.23831E-004      0.896
     900   9.39317E-005   9.39317E-005     0.0000   1.01493E-004      0.926
    1000   7.87000E-005   7.87000E-005     0.0000   8.72562E-005      0.902
    1120   5.99141E-005   5.99141E-005     0.0000   7.02488E-005      0.853
    1250   4.75128E-005   4.75128E-005     0.0000   5.80582E-005      0.818
    1461   3.99029E-005   3.99029E-005     0.0000   4.50196E-005      0.886
    1600   3.20516E-005   3.20516E-005     0.0000   3.44928E-005      0.929
    1765   2.97480E-005   2.97480E-005     0.0000   3.00484E-005      0.990
    2000   2.29284E-005   2.29284E-005     0.0000   2.59292E-005      0.884
    2200   1.81319E-005   1.81319E-005     0.0000   2.05034E-005      0.884
    2450   1.63030E-005   1.63030E-005     0.0000   1.70898E-005      0.954
    2615   1.35522E-005   1.35522E-005     0.0000   1.47943E-005      0.916
    2800   1.11464E-005   1.11464E-005     0.0000   1.17101E-005      0.952
    3000   9.94465E-006   9.94465E-006     0.0000   1.16101E-005      0.857

шаблон против сцены: худший узел 0.0005 % на 5 кэВ (узлов 38)
положительный контроль: сцена / шаблон-без-зазора на 662 кэВ = 0.882

СОШЛОСЬ
