BecqMoni: main config: D:\BqMoni_Claude\p99\wt\tools\effmaker\probes\build_p99\config\BecquerelMonitor.xml
шаблон «RadiaCode-103»: зазор у торца 3.50 мм, наполнитель Air, dry; точка на 0.0 мм от торца корпуса
сцена RC103_point0.in: зазор у торца 3.50 мм, наполнитель "Air, dry", источник Point, точка на 0.0 мм
контроль: тот же шаблон, зазор сброшен в 0.00 мм
историй на узел: 200000
клеймо матрицы, шаблон : phys=19;5ddea4b59ab723a205ddc23090478b8679043af959046dea1dcac7869e850279
клеймо матрицы, сцена  : phys=19;5ddea4b59ab723a205ddc23090478b8679043af959046dea1dcac7869e850279
клеймо матрицы, контр. : phys=19;6aac369359569949b5e84b41d6a5e9dfd2be70257592ee33f6e3ae2a7cf8c8af
шаблон: узлов 38, разброс МК медиана 2.65 %, худший 45.66 % на 5 кэВ
сцена: узлов 38, разброс МК медиана 2.65 %, худший 45.66 % на 5 кэВ
контроль: узлов 38, разброс МК медиана 1.75 %, худший 45.53 % на 5 кэВ

  E, кэВ         шаблон          сцена       Δ, %       контроль сцена/контр.
       5   6.97835E-011   6.97839E-011     0.0005   7.11282E-011      0.981
      10   1.50800E-005   1.50800E-005     0.0001   1.81117E-005      0.833
      20   4.23722E-002   4.23722E-002     0.0000   6.57180E-002      0.645
      30   9.91190E-002   9.91191E-002     0.0000   1.93835E-001      0.511
      40   9.72824E-002   9.72824E-002     0.0000   1.98180E-001      0.491
      50   1.10552E-001   1.10552E-001     0.0000   2.28930E-001      0.483
      60   1.16199E-001   1.16199E-001     0.0000   2.46714E-001      0.471
      70   1.17337E-001   1.17337E-001     0.0000   2.54102E-001      0.462
      80   1.18332E-001   1.18332E-001     0.0000   2.58168E-001      0.458
      90   1.14583E-001   1.14583E-001     0.0000   2.56687E-001      0.446
     100   1.11663E-001   1.11663E-001     0.0000   2.51950E-001      0.443
     120   1.02203E-001   1.02203E-001     0.0000   2.33120E-001      0.438
     150   8.59435E-002   8.59435E-002     0.0000   1.94439E-001      0.442
     186   6.35399E-002   6.35399E-002     0.0000   1.47356E-001      0.431
     240   4.17226E-002   4.17226E-002     0.0000   9.56572E-002      0.436
     300   2.71557E-002   2.71557E-002     0.0000   6.10821E-002      0.445
     352   1.95485E-002   1.95485E-002     0.0000   4.37149E-002      0.447
     400   1.46349E-002   1.46349E-002     0.0000   3.40697E-002      0.430
     460   1.10730E-002   1.10730E-002     0.0000   2.59385E-002      0.427
     510   9.22239E-003   9.22239E-003     0.0000   2.04814E-002      0.450
     583   7.19038E-003   7.19038E-003     0.0000   1.56028E-002      0.461
     609   6.35698E-003   6.35698E-003     0.0000   1.49995E-002      0.424
     662   5.29321E-003   5.29321E-003     0.0000   1.26034E-002      0.420
     720   4.80140E-003   4.80140E-003     0.0000   1.01576E-002      0.473
     800   3.81483E-003   3.81483E-003     0.0000   8.64175E-003      0.441
     900   3.25085E-003   3.25085E-003     0.0000   7.28591E-003      0.446
    1000   2.35356E-003   2.35356E-003     0.0000   5.84311E-003      0.403
    1120   2.05255E-003   2.05255E-003     0.0000   4.68505E-003      0.438
    1250   1.68171E-003   1.68171E-003     0.0000   4.19603E-003      0.401
    1461   1.35841E-003   1.35841E-003     0.0000   3.04545E-003      0.446
    1600   1.14067E-003   1.14067E-003     0.0000   2.63692E-003      0.433
    1765   1.08870E-003   1.08870E-003     0.0000   2.34907E-003      0.463
    2000   6.98976E-004   6.98976E-004     0.0000   1.94412E-003      0.360
    2200   6.85309E-004   6.85309E-004     0.0000   1.41455E-003      0.484
    2450   5.43599E-004   5.43599E-004     0.0000   1.18669E-003      0.458
    2615   4.50989E-004   4.50989E-004     0.0000   1.06054E-003      0.425
    2800   4.31746E-004   4.31746E-004     0.0000   8.90274E-004      0.485
    3000   3.53447E-004   3.53447E-004     0.0000   7.83734E-004      0.451

шаблон против сцены: худший узел 0.0005 % на 5 кэВ (узлов 38)
положительный контроль: сцена / шаблон-без-зазора на 662 кэВ = 0.420

СОШЛОСЬ
