каталог проб: C:\Users\moroz\source\repos\BQ Eng res .NET 4.8\tools\effmaker\probes\build (заверен 2026-09-18 15:06:50 из C:\Users\moroz\source\repos\BQ Eng res .NET 4.8\BecquerelMonitor\bin\Debug_Codex)
  ⚠ сверено: набор приложения 08e6c21c0ca1 (550 файлов), набор FsaStackShot df91d565a344 (6 файлов), sha двух exe
свежесть каталога проб: сошлась с деревом (T226, 0.7 с)
рабочий каталог: C:\Users\moroz\source\repos\BQ Eng res .NET 4.8\tools\fsa_showcase\wd (скопировано 0, снято 0; приборов 3, матриц 4)
прогон FsaStackShot (5 спектров, 7 пар):
  ASN16_Cs137_house / infer_eq: 1.7 с
  AS80_Th232_disk / infer_eq: 3.3 с
  ASN16_Radon_filter2 / chain_eq: 3.2 с
  ASN16_Radon_filter2 / chain_noeq: 4.4 с
  G1S24_Rn222Coal_eq01 / sample_eq: 2.0 с
  G1S24_Rn222Coal_eq01 / sample_noeq: 1.8 с
  ASN16_Cs137_10cm / sample_nomatrix: 1.0 с
  ✅ ASN16_Cs137_house / infer_eq: совпало с эталоном (2026-09-18 15:12)
  ✅ AS80_Th232_disk / infer_eq: совпало с эталоном (2026-09-18 15:12)
  ✅ ASN16_Radon_filter2 / chain_eq: совпало с эталоном (2026-09-18 15:12)
  ✅ ASN16_Radon_filter2 / chain_noeq: совпало с эталоном (2026-09-18 15:12)
  ✅ G1S24_Rn222Coal_eq01 / sample_eq: совпало с эталоном (2026-09-18 15:12)
  ✅ G1S24_Rn222Coal_eq01 / sample_noeq: совпало с эталоном (2026-09-18 15:12)
  ✅ ASN16_Cs137_10cm / sample_nomatrix: совпало с эталоном (2026-09-18 15:12)

ВИТРИНА СОШЛАСЬ С ЭТАЛОНОМ: 7 пар, 18 с.
