каталог проб: C:\Users\moroz\source\repos\BQ Eng res .NET 4.8\tools\effmaker\probes\build (заверен 2026-09-18 15:06:50 из C:\Users\moroz\source\repos\BQ Eng res .NET 4.8\BecquerelMonitor\bin\Debug_Codex)
  ⚠ сверено: набор приложения 08e6c21c0ca1 (550 файлов), набор FsaStackShot df91d565a344 (6 файлов), sha двух exe
свежесть каталога проб: сошлась с деревом (T226, 0.8 с)
рабочий каталог: C:\Users\moroz\source\repos\BQ Eng res .NET 4.8\tools\fsa_showcase\wd (скопировано 393, снято 0; приборов 3, матриц 4)
прогон FsaStackShot (5 спектров, 7 пар):
  ASN16_Cs137_house / infer_eq: 1.7 с
  AS80_Th232_disk / infer_eq: 3.2 с
  ASN16_Radon_filter2 / chain_eq: 3.2 с
  ASN16_Radon_filter2 / chain_noeq: 4.7 с
  G1S24_Rn222Coal_eq01 / sample_eq: 1.9 с
  G1S24_Rn222Coal_eq01 / sample_noeq: 1.9 с
  ASN16_Cs137_10cm / sample_nomatrix: 1.1 с
  ✅ ASN16_Cs137_house / infer_eq: совпало с эталоном (2026-09-18 14:31)
  ✅ AS80_Th232_disk / infer_eq: совпало с эталоном (2026-09-18 14:31)
  ✅ ASN16_Radon_filter2 / chain_eq: совпало с эталоном (2026-09-18 14:31)
  ✅ ASN16_Radon_filter2 / chain_noeq: совпало с эталоном (2026-09-18 14:31)

⛔ КАРТИНКА ИЗМЕНИЛАСЬ: G1S24_Rn222Coal_eq01 / sample_eq — 164 расхождений (допуск rel 1e-09, abs 1e-06; эталон объявлен 2026-09-18 14:31)
  ⚠ вход изменился: спектр ../CORPUS/corpus/spectra/G1S24_Rn222Coal_Mar_eq01.xml: d84b224bc4c72f56 → 6f12e4578c4d55a1
  спектр                 режим          полоса           компонент                                  было              стало              Δ
  G1S24_Rn222Coal_eq01   sample_eq      0-30 кэВ         Bi-212                                  114.966            115.065 0.099 (+0.09 %)
  G1S24_Rn222Coal_eq01   sample_eq      0-30 кэВ         Bi-214                                  871.611            871.285 -0.326 (-0.04 %)
  G1S24_Rn222Coal_eq01   sample_eq      0-30 кэВ         Pb-210                                  163.644            163.787 0.143 (+0.09 %)
  G1S24_Rn222Coal_eq01   sample_eq      0-30 кэВ         Pb-212                                  121.900            121.903 0.003 (+0.00 %)
  G1S24_Rn222Coal_eq01   sample_eq      0-30 кэВ         Pb-214                                 1073.785           1073.735 -0.050 (-0.00 %)
  G1S24_Rn222Coal_eq01   sample_eq      0-30 кэВ         Ra-226                                   51.381             51.359 -0.022 (-0.04 %)
  G1S24_Rn222Coal_eq01   sample_eq      0-30 кэВ         Tl-208                                   78.982             78.986 0.004 (+0.01 %)
  G1S24_Rn222Coal_eq01   sample_eq      0-30 кэВ         continuum_raw                          2098.096           2097.397 -0.699 (-0.03 %)
  G1S24_Rn222Coal_eq01   sample_eq      0-30 кэВ         excess_fit                               61.110             61.198 0.088 (+0.14 %)
  G1S24_Rn222Coal_eq01   sample_eq      0-30 кэВ         excess_net                               56.624             56.712 0.088 (+0.16 %)
  G1S24_Rn222Coal_eq01   sample_eq      0-30 кэВ         missing_fit                             542.796            543.031 0.235 (+0.04 %)
  G1S24_Rn222Coal_eq01   sample_eq      0-30 кэВ         missing_net                             542.796            543.031 0.235 (+0.04 %)
  G1S24_Rn222Coal_eq01   sample_eq      0-30 кэВ         model                                  2486.289           2486.142 -0.147 (-0.01 %)
  G1S24_Rn222Coal_eq01   sample_eq      0-30 кэВ         tail                                      8.816              8.827 0.011 (+0.12 %)
  G1S24_Rn222Coal_eq01   sample_eq      30-100 кэВ       Bi-212                                  465.818            465.946 0.128 (+0.03 %)
  G1S24_Rn222Coal_eq01   sample_eq      30-100 кэВ       Bi-214                                 8014.800           8013.719 -1.081 (-0.01 %)
  G1S24_Rn222Coal_eq01   sample_eq      30-100 кэВ       Pb-210                                 2711.569           2711.452 -0.117 (-0.00 %)
  G1S24_Rn222Coal_eq01   sample_eq      30-100 кэВ       Pb-212                                 3989.211           3990.780 1.569 (+0.04 %)
  G1S24_Rn222Coal_eq01   sample_eq      30-100 кэВ       Pb-214                                21760.134          21759.088 -1.046 (-0.00 %)
  G1S24_Rn222Coal_eq01   sample_eq      30-100 кэВ       Ra-224                                   91.108             91.143 0.035 (+0.04 %)
  G1S24_Rn222Coal_eq01   sample_eq      30-100 кэВ       Ra-226                                  850.485            850.437 -0.048 (-0.01 %)
  G1S24_Rn222Coal_eq01   sample_eq      30-100 кэВ       Th-228                                  119.548            119.593 0.045 (+0.04 %)
  G1S24_Rn222Coal_eq01   sample_eq      30-100 кэВ       Tl-208                                  886.894            887.168 0.274 (+0.03 %)
  G1S24_Rn222Coal_eq01   sample_eq      30-100 кэВ       continuum_raw                         11154.643          11151.865 -2.778 (-0.02 %)
  G1S24_Rn222Coal_eq01   sample_eq      30-100 кэВ       excess_fit                             4035.806           4032.000 -3.806 (-0.09 %)
  G1S24_Rn222Coal_eq01   sample_eq      30-100 кэВ       excess_net                             4035.806           4032.000 -3.806 (-0.09 %)
  G1S24_Rn222Coal_eq01   sample_eq      30-100 кэВ       missing_fit                            4756.102           4752.542 -3.560 (-0.07 %)
  G1S24_Rn222Coal_eq01   sample_eq      30-100 кэВ       missing_net                            4756.102           4752.542 -3.560 (-0.07 %)
  G1S24_Rn222Coal_eq01   sample_eq      30-100 кэВ       model                                 38898.008          38897.762 -0.246 (-0.00 %)
  G1S24_Rn222Coal_eq01   sample_eq      30-100 кэВ       other                                     8.438              8.436 -0.002 (-0.02 %)
  G1S24_Rn222Coal_eq01   sample_eq      30-100 кэВ       tail                                      0.181              0.182 0.001 (+0.55 %)
  G1S24_Rn222Coal_eq01   sample_eq      100-300 кэВ      Bi-212                                  362.034            362.146 0.112 (+0.03 %)
  G1S24_Rn222Coal_eq01   sample_eq      100-300 кэВ      Bi-214                                25018.793          25015.177 -3.616 (-0.01 %)
  G1S24_Rn222Coal_eq01   sample_eq      100-300 кэВ      Pb-212                                 4691.442           4693.301 1.859 (+0.04 %)
  G1S24_Rn222Coal_eq01   sample_eq      100-300 кэВ      Pb-214                                29322.161          29321.111 -1.050 (-0.00 %)
  G1S24_Rn222Coal_eq01   sample_eq      100-300 кэВ      Ra-224                                  415.172            415.328 0.156 (+0.04 %)
  G1S24_Rn222Coal_eq01   sample_eq      100-300 кэВ      Ra-226                                 2849.659           2849.478 -0.181 (-0.01 %)
  G1S24_Rn222Coal_eq01   sample_eq      100-300 кэВ      Th-228                                   48.876             48.898 0.022 (+0.05 %)
  G1S24_Rn222Coal_eq01   sample_eq      100-300 кэВ      Tl-208                                 2329.269           2329.932 0.663 (+0.03 %)
  G1S24_Rn222Coal_eq01   sample_eq      100-300 кэВ      continuum_raw                         24414.753          24407.776 -6.977 (-0.03 %)
  G1S24_Rn222Coal_eq01   sample_eq      100-300 кэВ      excess_fit                             1852.962           1849.403 -3.559 (-0.19 %)
  G1S24_Rn222Coal_eq01   sample_eq      100-300 кэВ      excess_net                             1852.962           1849.403 -3.559 (-0.19 %)
  G1S24_Rn222Coal_eq01   sample_eq      100-300 кэВ      missing_fit                            2032.637           2031.105 -1.532 (-0.08 %)
  G1S24_Rn222Coal_eq01   sample_eq      100-300 кэВ      missing_net                            2032.637           2031.105 -1.532 (-0.08 %)
  G1S24_Rn222Coal_eq01   sample_eq      100-300 кэВ      model                                 65066.782          65064.755 -2.027 (-0.00 %)
  G1S24_Rn222Coal_eq01   sample_eq      100-300 кэВ      other                                    29.378             29.377 -0.001 (-0.00 %)
  G1S24_Rn222Coal_eq01   sample_eq      300-700 кэВ      Bi-212                                  356.136            356.273 0.137 (+0.04 %)
  G1S24_Rn222Coal_eq01   sample_eq      300-700 кэВ      Bi-214                                32508.942          32507.841 -1.101 (-0.00 %)
  G1S24_Rn222Coal_eq01   sample_eq      300-700 кэВ      Pb-212                                   90.028             90.044 0.016 (+0.02 %)
  G1S24_Rn222Coal_eq01   sample_eq      300-700 кэВ      Pb-214                                18186.902          18186.180 -0.722 (-0.00 %)
  G1S24_Rn222Coal_eq01   sample_eq      300-700 кэВ      Tl-208                                 2720.396           2721.451 1.055 (+0.04 %)
  G1S24_Rn222Coal_eq01   sample_eq      300-700 кэВ      continuum_raw                         13083.820          13082.578 -1.242 (-0.01 %)
  G1S24_Rn222Coal_eq01   sample_eq      300-700 кэВ      excess_fit                             1662.534           1661.590 -0.944 (-0.06 %)
  G1S24_Rn222Coal_eq01   sample_eq      300-700 кэВ      excess_net                             1662.534           1661.590 -0.944 (-0.06 %)
  G1S24_Rn222Coal_eq01   sample_eq      300-700 кэВ      missing_fit                            1896.280           1895.948 -0.332 (-0.02 %)
  G1S24_Rn222Coal_eq01   sample_eq      300-700 кэВ      missing_net                            1896.280           1895.948 -0.332 (-0.02 %)
  G1S24_Rn222Coal_eq01   sample_eq      300-700 кэВ      model                                 53900.431          53899.819 -0.612 (-0.00 %)
  G1S24_Rn222Coal_eq01   sample_eq      300-700 кэВ      other                                    38.026             38.025 -0.001 (-0.00 %)
  G1S24_Rn222Coal_eq01   sample_eq      700-1500 кэВ     Bi-212                                  273.253            273.379 0.126 (+0.05 %)
  G1S24_Rn222Coal_eq01   sample_eq      700-1500 кэВ     Bi-214                                19717.661          19717.166 -0.495 (-0.00 %)
  … и ещё 104 строк

⛔ КАРТИНКА ИЗМЕНИЛАСЬ: G1S24_Rn222Coal_eq01 / sample_noeq — 170 расхождений (допуск rel 1e-09, abs 1e-06; эталон объявлен 2026-09-18 14:31)
  ⚠ вход изменился: спектр ../CORPUS/corpus/spectra/G1S24_Rn222Coal_Mar_eq01.xml: d84b224bc4c72f56 → 6f12e4578c4d55a1
  спектр                 режим          полоса           компонент                                  было              стало              Δ
  G1S24_Rn222Coal_eq01   sample_noeq    0-30 кэВ         Bi-214                                 1284.645           1284.563 -0.082 (-0.01 %)
  G1S24_Rn222Coal_eq01   sample_noeq    0-30 кэВ         Pb-212                                  173.900            174.327 0.427 (+0.25 %)
  G1S24_Rn222Coal_eq01   sample_noeq    0-30 кэВ         Pb-214                                 1360.599           1360.404 -0.195 (-0.01 %)
  G1S24_Rn222Coal_eq01   sample_noeq    0-30 кэВ         Ra-224                                    9.653              9.676 0.023 (+0.24 %)
  G1S24_Rn222Coal_eq01   sample_noeq    0-30 кэВ         Tl-208                                   85.007             84.972 -0.035 (-0.04 %)
  G1S24_Rn222Coal_eq01   sample_noeq    0-30 кэВ         continuum_raw                          2876.878           2877.067 0.189 (+0.01 %)
  G1S24_Rn222Coal_eq01   sample_noeq    0-30 кэВ         excess_fit                               92.722             92.754 0.032 (+0.03 %)
  G1S24_Rn222Coal_eq01   sample_noeq    0-30 кэВ         excess_net                               88.236             88.268 0.032 (+0.04 %)
  G1S24_Rn222Coal_eq01   sample_noeq    0-30 кэВ         missing_fit                             146.897            146.785 -0.112 (-0.08 %)
  G1S24_Rn222Coal_eq01   sample_noeq    0-30 кэВ         missing_net                             146.897            146.785 -0.112 (-0.08 %)
  G1S24_Rn222Coal_eq01   sample_noeq    0-30 кэВ         model                                  2913.800           2913.944 0.144 (+0.00 %)
  G1S24_Rn222Coal_eq01   sample_noeq    0-30 кэВ         tail                                      2.209              2.217 0.008 (+0.36 %)
  G1S24_Rn222Coal_eq01   sample_noeq    30-100 кэВ       Bi-214                                 9753.764           9751.577 -2.187 (-0.02 %)
  G1S24_Rn222Coal_eq01   sample_noeq    30-100 кэВ       Pb-212                                 4133.983           4144.172 10.189 (+0.25 %)
  G1S24_Rn222Coal_eq01   sample_noeq    30-100 кэВ       Pb-214                                23413.872          23410.746 -3.126 (-0.01 %)
  G1S24_Rn222Coal_eq01   sample_noeq    30-100 кэВ       Ra-224                                  104.164            104.408 0.244 (+0.23 %)
  G1S24_Rn222Coal_eq01   sample_noeq    30-100 кэВ       Tl-208                                  738.325            737.940 -0.385 (-0.05 %)
  G1S24_Rn222Coal_eq01   sample_noeq    30-100 кэВ       continuum_raw                         13936.519          13934.201 -2.318 (-0.02 %)
  G1S24_Rn222Coal_eq01   sample_noeq    30-100 кэВ       excess_fit                             1453.208           1457.318 4.110 (+0.28 %)
  G1S24_Rn222Coal_eq01   sample_noeq    30-100 кэВ       excess_net                             1453.208           1457.318 4.110 (+0.28 %)
  G1S24_Rn222Coal_eq01   sample_noeq    30-100 кэВ       missing_fit                            2927.404           2926.770 -0.634 (-0.02 %)
  G1S24_Rn222Coal_eq01   sample_noeq    30-100 кэВ       missing_net                            2927.404           2926.770 -0.634 (-0.02 %)
  G1S24_Rn222Coal_eq01   sample_noeq    30-100 кэВ       model                                 38144.108          38148.852 4.744 (+0.01 %)
  G1S24_Rn222Coal_eq01   sample_noeq    30-100 кэВ       tail                                      0.292              0.293 0.001 (+0.34 %)
  G1S24_Rn222Coal_eq01   sample_noeq    100-300 кэВ      Bi-214                                26612.450          26605.417 -7.033 (-0.03 %)
  G1S24_Rn222Coal_eq01   sample_noeq    100-300 кэВ      Pb-212                                 4847.184           4859.154 11.970 (+0.25 %)
  G1S24_Rn222Coal_eq01   sample_noeq    100-300 кэВ      Pb-214                                31381.033          31374.751 -6.282 (-0.02 %)
  G1S24_Rn222Coal_eq01   sample_noeq    100-300 кэВ      Ra-224                                  428.980            430.038 1.058 (+0.25 %)
  G1S24_Rn222Coal_eq01   sample_noeq    100-300 кэВ      Tl-208                                 1816.530           1815.481 -1.049 (-0.06 %)
  G1S24_Rn222Coal_eq01   sample_noeq    100-300 кэВ      continuum_raw                         25665.316          25653.743 -11.573 (-0.05 %)
  G1S24_Rn222Coal_eq01   sample_noeq    100-300 кэВ      excess_fit                             1026.214           1026.145 -0.069 (-0.01 %)
  G1S24_Rn222Coal_eq01   sample_noeq    100-300 кэВ      excess_net                             1026.214           1026.145 -0.069 (-0.01 %)
  G1S24_Rn222Coal_eq01   sample_noeq    100-300 кэВ      missing_fit                            1186.500           1187.757 1.257 (+0.11 %)
  G1S24_Rn222Coal_eq01   sample_noeq    100-300 кэВ      missing_net                            1186.500           1187.757 1.257 (+0.11 %)
  G1S24_Rn222Coal_eq01   sample_noeq    100-300 кэВ      model                                 65086.171          65084.845 -1.326 (-0.00 %)
  G1S24_Rn222Coal_eq01   sample_noeq    300-700 кэВ      Bi-214                                33197.031          33198.181 1.150 (+0.00 %)
  G1S24_Rn222Coal_eq01   sample_noeq    300-700 кэВ      Pb-212                                   86.108             86.329 0.221 (+0.26 %)
  G1S24_Rn222Coal_eq01   sample_noeq    300-700 кэВ      Pb-214                                18679.184          18678.707 -0.477 (-0.00 %)
  G1S24_Rn222Coal_eq01   sample_noeq    300-700 кэВ      Tl-208                                 2039.201           2038.595 -0.606 (-0.03 %)
  G1S24_Rn222Coal_eq01   sample_noeq    300-700 кэВ      continuum_raw                         12348.661          12350.053 1.392 (+0.01 %)
  G1S24_Rn222Coal_eq01   sample_noeq    300-700 кэВ      excess_fit                             1773.710           1773.523 -0.187 (-0.01 %)
  G1S24_Rn222Coal_eq01   sample_noeq    300-700 кэВ      excess_net                             1773.710           1773.523 -0.187 (-0.01 %)
  G1S24_Rn222Coal_eq01   sample_noeq    300-700 кэВ      missing_fit                            1906.368           1905.878 -0.490 (-0.03 %)
  G1S24_Rn222Coal_eq01   sample_noeq    300-700 кэВ      missing_net                            1906.368           1905.878 -0.490 (-0.03 %)
  G1S24_Rn222Coal_eq01   sample_noeq    300-700 кэВ      model                                 54001.519          54001.822 0.303 (+0.00 %)
  G1S24_Rn222Coal_eq01   sample_noeq    700-1500 кэВ     Bi-214                                20330.621          20330.982 0.361 (+0.00 %)
  G1S24_Rn222Coal_eq01   sample_noeq    700-1500 кэВ     Pb-214                                  337.439            337.423 -0.016 (-0.00 %)
  G1S24_Rn222Coal_eq01   sample_noeq    700-1500 кэВ     Tl-208                                  939.295            939.031 -0.264 (-0.03 %)
  G1S24_Rn222Coal_eq01   sample_noeq    700-1500 кэВ     continuum_raw                          7730.132           7730.246 0.114 (+0.00 %)
  G1S24_Rn222Coal_eq01   sample_noeq    700-1500 кэВ     excess_fit                             1335.818           1335.977 0.159 (+0.01 %)
  G1S24_Rn222Coal_eq01   sample_noeq    700-1500 кэВ     excess_net                             1335.818           1335.977 0.159 (+0.01 %)
  G1S24_Rn222Coal_eq01   sample_noeq    700-1500 кэВ     missing_fit                            1540.278           1540.362 0.084 (+0.01 %)
  G1S24_Rn222Coal_eq01   sample_noeq    700-1500 кэВ     missing_net                            1540.278           1540.362 0.084 (+0.01 %)
  G1S24_Rn222Coal_eq01   sample_noeq    700-1500 кэВ     model                                 21607.366          21607.441 0.075 (+0.00 %)
  G1S24_Rn222Coal_eq01   sample_noeq    1500-3000 кэВ    Bi-214                                 4919.361           4919.452 0.091 (+0.00 %)
  G1S24_Rn222Coal_eq01   sample_noeq    1500-3000 кэВ    Tl-208                                 1231.600           1231.412 -0.188 (-0.02 %)
  G1S24_Rn222Coal_eq01   sample_noeq    1500-3000 кэВ    continuum_raw                          1647.766           1648.028 0.262 (+0.02 %)
  G1S24_Rn222Coal_eq01   sample_noeq    1500-3000 кэВ    excess_fit                              964.428            964.313 -0.115 (-0.01 %)
  G1S24_Rn222Coal_eq01   sample_noeq    1500-3000 кэВ    excess_net                              864.356            864.241 -0.115 (-0.01 %)
  G1S24_Rn222Coal_eq01   sample_noeq    1500-3000 кэВ    missing_fit                             895.698            895.668 -0.030 (-0.00 %)
  … и ещё 110 строк
  ✅ ASN16_Cs137_10cm / sample_nomatrix: совпало с эталоном (2026-09-18 14:31)
     ⚠ вход изменился, а картинка нет: спектр ../CORPUS/corpus/spectra/ASN16_Cs137_10cm.xml: 68ce917a3a0cf0e7 → b849c67234337693

ОТКАЗ: картинка FSA на витрине разошлась с эталоном (334 строк). Это либо дефект отображения,
       либо правка, которую принимают ПЕРЕОБЪЯВЛЕНИЕМ эталона: tools\fsa_showcase\snapshot.ps1
       (таблица выше — в отчёт полосы). Снимки: tools\fsa_showcase\wd\out\*.png. 19 с.
