каталог проб: D:\BqMoni_Claude\p74\wt\tools\effmaker\probes\build_p74 (заверен 2026-09-14 21:31:05 из D:\BqMoni_Claude\p74\wt\BecquerelMonitor\bin\Release_p74)
⚠ --skip-freshness: свежесть каталога проб НЕ судилась — числа этого прогона в эталон не годятся
рабочий каталог: C:\Users\moroz\source\repos\BQ Eng res .NET 4.8\tools\fsa_showcase\wd (скопировано 0, снято 0; приборов 3, матриц 4)
прогон FsaStackShot (5 спектров, 7 пар):
  ASN16_Cs137_house / infer_eq: 1.5 с
  AS80_Th232_disk / infer_eq: 2.6 с
  ASN16_Radon_filter2 / chain_eq: 2.8 с
  ASN16_Radon_filter2 / chain_noeq: 3.2 с
  G1S24_Rn222Coal_eq01 / sample_eq: 1.9 с
  G1S24_Rn222Coal_eq01 / sample_noeq: 1.8 с
  ASN16_Cs137_10cm / sample_nomatrix: 1.1 с
  ✅ ASN16_Cs137_house / infer_eq: совпало с эталоном (2026-09-14 21:56)
  ✅ AS80_Th232_disk / infer_eq: совпало с эталоном (2026-09-14 21:56)
  ✅ ASN16_Radon_filter2 / chain_eq: совпало с эталоном (2026-09-14 21:57)
     ⚠ вход изменился, а картинка нет: матрица c482e3bc-e2a8-491f-8759-5df93827eaef.rmx (tools/fsa_showcase/store/ASN16_point_house.rmx) None → 979ec3b133432b32
     ⚠ вход изменился, а картинка нет: матрица c2b5212c-6b5a-50d8-7870-0b0c3104daa2.rmx (tools/CORPUS/corpus/geometries/AS80_th_disk.rmx) None → a8fe8cd71afbee84
     ⚠ вход изменился, а картинка нет: матрица c2b5212c-6b5a-50d8-7870-0b0c3104daa2.qk (tools/CORPUS/corpus/geometries/AS80_th_disk.qk) None → 22a2bef17c9d88ac
     ⚠ вход изменился, а картинка нет: матрица 966a4a49-d62e-0ee4-4a4d-e62692fe159d.rmx (tools/CORPUS/corpus/geometries/G1S_mar1l_coal_046_p24.rmx) None → ae19fc49db34ee1c
     ⚠ вход изменился, а картинка нет: спектр ASN16_Cs137_house изменился
     ⚠ вход изменился, а картинка нет: спектр AS80_Th232_disk изменился
     ⚠ вход изменился, а картинка нет: спектр G1S24_Rn222Coal_eq01 изменился
     ⚠ вход изменился, а картинка нет: спектр ASN16_Cs137_10cm изменился
  ✅ ASN16_Radon_filter2 / chain_noeq: совпало с эталоном (2026-09-14 21:57)
     ⚠ вход изменился, а картинка нет: матрица c482e3bc-e2a8-491f-8759-5df93827eaef.rmx (tools/fsa_showcase/store/ASN16_point_house.rmx) None → 979ec3b133432b32
     ⚠ вход изменился, а картинка нет: матрица c2b5212c-6b5a-50d8-7870-0b0c3104daa2.rmx (tools/CORPUS/corpus/geometries/AS80_th_disk.rmx) None → a8fe8cd71afbee84
     ⚠ вход изменился, а картинка нет: матрица c2b5212c-6b5a-50d8-7870-0b0c3104daa2.qk (tools/CORPUS/corpus/geometries/AS80_th_disk.qk) None → 22a2bef17c9d88ac
     ⚠ вход изменился, а картинка нет: матрица 966a4a49-d62e-0ee4-4a4d-e62692fe159d.rmx (tools/CORPUS/corpus/geometries/G1S_mar1l_coal_046_p24.rmx) None → ae19fc49db34ee1c
     ⚠ вход изменился, а картинка нет: спектр ASN16_Cs137_house изменился
     ⚠ вход изменился, а картинка нет: спектр AS80_Th232_disk изменился
     ⚠ вход изменился, а картинка нет: спектр G1S24_Rn222Coal_eq01 изменился
     ⚠ вход изменился, а картинка нет: спектр ASN16_Cs137_10cm изменился
  ✅ G1S24_Rn222Coal_eq01 / sample_eq: совпало с эталоном (2026-09-14 21:56)
  ✅ G1S24_Rn222Coal_eq01 / sample_noeq: совпало с эталоном (2026-09-14 21:56)
  ✅ ASN16_Cs137_10cm / sample_nomatrix: совпало с эталоном (2026-09-14 21:56)

ВИТРИНА СОШЛАСЬ С ЭТАЛОНОМ: 7 пар, 15 с.
