склад витрины: C:\Users\moroz\source\repos\BQ Eng res .NET 4.8\tools\fsa_showcase\store; сцен 2: ASN16_point_house, ASN16_rn_side; пробы: D:\BqMoni_Claude\p74\wt\tools\effmaker\probes\build_p74
приложение у проб: 14.09 21:29:42 sha256 9FFED9361528680D
контроль на 2 узлах (A77): код 1 (1 = «есть шумные», ожидаемо на 400 k), сцен с клеймом phys=18: 2 из 2, 3 с
      клеймо   : phys=18;c912df13319f9f1f0b7f4676ad2e589d5c2fb0a6bbb2996d2443befdba7d2e54
      счёт     : 2.9 с ЦП, 3.63 мкс на историю  <- сравнивать надо ЭТО
      клеймо   : phys=18;9a4709f710af6c6e9accaee94bc8301ca6cedae68c40666ef7ed1081739023e7
      счёт     : 2.5 с ЦП, 3.09 мкс на историю  <- сравнивать надо ЭТО
   матриц: 2 — посчитано 2, пропущено 0 (клеймо сошлось); всего 0.0 мин
матрицы: код 0, 504 с
      сетка κ  : 200000 точек по 2 истории — в «мкс на историю» НЕ входят (замер узлов — с --jnodes=0)
      клеймо   : phys=18;d3bf63dd6a6e7b57295847bda5526bda12c82bdd7d975e239f2227cc00515851
      счёт     : 2418.5 с ЦП, 5.76 мкс на историю  <- сравнивать надо ЭТО
      сетка κ  : 200000 точек по 2 истории — в «мкс на историю» НЕ входят (замер узлов — с --jnodes=0)
   матриц: 2 — посчитано 2, пропущено 0 (клеймо сошлось); всего 8.3 мин
   ВСЕ СОШЛИСЬ
кривые: код 0, 508 с
   Привязка кривой и матрицы к спектрам понятной части (B1)
   кривая: 5-3000 кэВ, 200000 историй на узел; розыгрыш точки вылета: автоматика (полевая сцена — важностный, клеймо imp=1; прочие — равномерный); порог шумной кри
      разброс  : медиана 1.48 %, худший узел 4.86 % на 10.0 кэВ (ESS 423 из 200000 историй), узлов выше 5 %: 0 из 37
      guid     : b8a158da-14a3-b2e3-2511-9b3315c75da2
      спектр   : ASN16_Radon_filter2 (1 записей ResultData)
   геометрий в описи: 1 — посчитано 1, пропущено 0 (клеймо и геометрия сошлись); записей проставлено: 1
   ВСЕ СОШЛИСЬ
   ASN16_rn_side.rmx                          8     18    3000000   140    6    1.20%    1.64%   нет
   
     версия физики: 18 — 2
     историй на узел: 3000000 — 2
     каналов у матрицы: 6 — 2 (код знает 6)
     с конусом: 0 из 2
     шумных (худший СУДИМЫЙ узел выше 1.00 %): 2
     континуума нет (шум ≥ 99 %): 43 узлов по складу, судятся узлы от 50 кэВ
   
   НАХОДОК: 2
     ASN16_point_house.rmx: шум худшего узла 1.17 % при пороге 1.00 %
     ASN16_rn_side.rmx: шум худшего узла 1.64 % при пороге 1.00 %
  ASN16_point_house.rmx  643302 байт  sha256 979EC3B133432B32
  ASN16_rn_side.rmx  627498 байт  sha256 ACED8BC722519BB9
готово за 508 с
