BecqMoni: main config: D:\BqMoni_Claude\p74\wt\tools\effmaker\probes\build_p74\config\BecquerelMonitor.xml
Матрицы отклика понятной части корпуса (B1)
сетка: 2 узлов 30-31 кэВ, бин 2 кэВ, 400000 историй на узел
останов по шуму ВЫКЛЮЧЕН — плоский счёт (T35)

== ASN16_point_house ==
   клеймо   : phys=18;c912df13319f9f1f0b7f4676ad2e589d5c2fb0a6bbb2996d2443befdba7d2e54
   время    : 1.6 с на часах, ядер 1.8 из 10  — МАШИНУ ДЕЛИМ
   счёт     : 2.9 с ЦП, 3.63 мкс на историю  <- сравнивать надо ЭТО
   обход    : на историю 6.2 шага границ, 6.9 поиска области, 2.9 интерполяции μ, 2.62 сбора пересечений
   шум конт.: взвешенная 5.96 %  ВЫШЕ ПОРОГА 5.0 %
   файл     : C:\Users\moroz\source\repos\BQ Eng res .NET 4.8\tools\fsa_showcase\store\_check\ASN16_point_house.rmx (0.0 МБ)

== ASN16_rn_side ==
   клеймо   : phys=18;9a4709f710af6c6e9accaee94bc8301ca6cedae68c40666ef7ed1081739023e7
   время    : 1.3 с на часах, ядер 2.0 из 10  — МАШИНУ ДЕЛИМ
   счёт     : 2.5 с ЦП, 3.09 мкс на историю  <- сравнивать надо ЭТО
   обход    : на историю 10.3 шага границ, 10.7 поиска области, 5.2 интерполяции μ, 3.09 сбора пересечений
   шум конт.: взвешенная 9.32 %  ВЫШЕ ПОРОГА 5.0 %
   файл     : C:\Users\moroz\source\repos\BQ Eng res .NET 4.8\tools\fsa_showcase\store\_check\ASN16_rn_side.rmx (0.0 МБ)

матриц: 2 — посчитано 2, пропущено 0 (клеймо сошлось); всего 0.0 мин
пересчитаны ВСЕ — значит изменилась картина целиком (версия физики или параметры расчёта)
ЕСТЬ ШУМНЫЕ
