BecqMoni: main config: D:\BqMoni_Claude\p74\wt\tools\effmaker\probes\build_p74\config\BecquerelMonitor.xml
Матрицы отклика понятной части корпуса (B1)
сетка: 140 узлов 5-3000 кэВ, бин 2 кэВ, 3000000 историй на узел
останов по шуму ВЫКЛЮЧЕН — плоский счёт (T35)

== ASN16_point_house ==
   клеймо   : phys=18;3d28966cf7e303da5ded597e8d80a7fc5d11efb0fe84082ac655b8816f91fa00
   время    : 254.5 с на часах, ядер 9.7 из 10
   счёт     : 2463.4 с ЦП, 5.87 мкс на историю  <- сравнивать надо ЭТО
   сетка κ  : 200000 точек по 2 истории — в «мкс на историю» НЕ входят (замер узлов — с --jnodes=0)
   обход    : на историю 6.5 шага границ, 7.3 поиска области, 2.9 интерполяции μ, 2.63 сбора пересечений
   шум конт.: взвешенная 0.57 %  тихо
   файл     : C:\Users\moroz\source\repos\BQ Eng res .NET 4.8\tools\fsa_showcase\store\ASN16_point_house.rmx (0.6 МБ)

== ASN16_rn_side ==
   клеймо   : phys=18;d3bf63dd6a6e7b57295847bda5526bda12c82bdd7d975e239f2227cc00515851
   время    : 246.4 с на часах, ядер 9.8 из 10
   счёт     : 2418.5 с ЦП, 5.76 мкс на историю  <- сравнивать надо ЭТО
   сетка κ  : 200000 точек по 2 истории — в «мкс на историю» НЕ входят (замер узлов — с --jnodes=0)
   обход    : на историю 10.3 шага границ, 10.7 поиска области, 5.2 интерполяции μ, 3.08 сбора пересечений
   шум конт.: взвешенная 0.83 %  тихо
   файл     : C:\Users\moroz\source\repos\BQ Eng res .NET 4.8\tools\fsa_showcase\store\ASN16_rn_side.rmx (0.6 МБ)

матриц: 2 — посчитано 2, пропущено 0 (клеймо сошлось); всего 8.3 мин
пересчитаны ВСЕ — значит изменилась картина целиком (версия физики или параметры расчёта)
ВСЕ СОШЛИСЬ
