→ python C:\Users\moroz\source\repos\BQ Eng res .NET 4.8\tools\check_fsa_showcase.py --snapshot --probes=C:\Users\moroz\source\repos\BQ Eng res .NET 4.8\tools\effmaker\probes\build_p86
каталог проб: C:\Users\moroz\source\repos\BQ Eng res .NET 4.8\tools\effmaker\probes\build_p86 (заверен 2026-09-15 23:30:19 из C:\Users\moroz\source\repos\BQ Eng res .NET 4.8\BecquerelMonitor\bin\Release_p86)
  ⚠ сверено: набор приложения 8f199a826e28 (549 файлов), набор FsaStackShot df91d565a344 (6 файлов), sha двух exe
свежесть каталога проб: сошлась с деревом (T226, 0.7 с)
рабочий каталог: C:\Users\moroz\source\repos\BQ Eng res .NET 4.8\tools\fsa_showcase\wd (скопировано 0, снято 0; приборов 3, матриц 4)
прогон FsaStackShot (5 спектров, 7 пар):
  ASN16_Cs137_house / infer_eq: 1.5 с
  AS80_Th232_disk / infer_eq: 2.5 с
  ASN16_Radon_filter2 / chain_eq: 2.4 с
  ASN16_Radon_filter2 / chain_noeq: 3.2 с
  G1S24_Rn222Coal_eq01 / sample_eq: 2.0 с
  G1S24_Rn222Coal_eq01 / sample_noeq: 1.8 с
  ASN16_Cs137_10cm / sample_nomatrix: 1.0 с
  ASN16_Cs137_house / infer_eq: числа те же, что в эталоне 2026-09-14 23:15 (переписано клеймо)

ПЕРЕОБЪЯВЛЕНИЕ AS80_Th232_disk / infer_eq: 167 расхождений с прежним эталоном (2026-09-14 23:15):
  спектр                 режим          полоса           компонент                                  было              стало              Δ
  AS80_Th232_disk        infer_eq       0-30 кэВ         Ac-228                                10525.886          10538.898 13.012 (+0.12 %)
  AS80_Th232_disk        infer_eq       0-30 кэВ         Bi-212                                 3769.555           3784.335 14.780 (+0.39 %)
  AS80_Th232_disk        infer_eq       0-30 кэВ         Pb-212                                 2309.089           2303.402 -5.687 (-0.25 %)
  AS80_Th232_disk        infer_eq       0-30 кэВ         Ra-224                                  172.378            171.938 -0.440 (-0.26 %)
  AS80_Th232_disk        infer_eq       0-30 кэВ         Rn-220                                    5.145              5.138 -0.007 (-0.14 %)
  AS80_Th232_disk        infer_eq       0-30 кэВ         Th-228                                   31.031             30.956 -0.075 (-0.24 %)
  AS80_Th232_disk        infer_eq       0-30 кэВ         Th-232                                    4.440              4.432 -0.008 (-0.18 %)
  AS80_Th232_disk        infer_eq       0-30 кэВ         Tl-208                                 2810.562           2800.828 -9.734 (-0.35 %)
  AS80_Th232_disk        infer_eq       0-30 кэВ         Xray-Pb                                2104.913           2093.330 -11.583 (-0.55 %)
  AS80_Th232_disk        infer_eq       0-30 кэВ         Xray-Th                                  71.101             70.243 -0.858 (-1.21 %)
  AS80_Th232_disk        infer_eq       0-30 кэВ         continuum_raw                          6297.406           6261.360 -36.046 (-0.57 %)
  AS80_Th232_disk        infer_eq       0-30 кэВ         excess_fit                              677.229            676.687 -0.542 (-0.08 %)
  AS80_Th232_disk        infer_eq       0-30 кэВ         excess_net                              675.749            675.207 -0.542 (-0.08 %)
  AS80_Th232_disk        infer_eq       0-30 кэВ         missing_fit                            3858.267           3858.313 0.046 (+0.00 %)
  AS80_Th232_disk        infer_eq       0-30 кэВ         missing_net                            3858.267           3858.313 0.046 (+0.00 %)
  AS80_Th232_disk        infer_eq       0-30 кэВ         model                                 21804.252          21803.664 -0.588 (-0.00 %)
  AS80_Th232_disk        infer_eq       0-30 кэВ         tail                                   5301.809           5297.656 -4.153 (-0.08 %)
  AS80_Th232_disk        infer_eq       30-100 кэВ       Ac-228                                70638.116          70727.183 89.067 (+0.13 %)
  AS80_Th232_disk        infer_eq       30-100 кэВ       Bi-212                                16436.479          16473.866 37.387 (+0.23 %)
  AS80_Th232_disk        infer_eq       30-100 кэВ       Pb-212                                60547.006          60677.571 130.565 (+0.22 %)
  AS80_Th232_disk        infer_eq       30-100 кэВ       Ra-224                                 2975.002           2978.310 3.308 (+0.11 %)
  AS80_Th232_disk        infer_eq       30-100 кэВ       Rn-220                                   38.186             38.126 -0.060 (-0.16 %)
  AS80_Th232_disk        infer_eq       30-100 кэВ       Th-228                                 1548.715           1553.405 4.690 (+0.30 %)
  AS80_Th232_disk        infer_eq       30-100 кэВ       Th-232                                  136.369            136.833 0.464 (+0.34 %)
  AS80_Th232_disk        infer_eq       30-100 кэВ       Tl-208                                37281.906          37256.291 -25.615 (-0.07 %)
  AS80_Th232_disk        infer_eq       30-100 кэВ       Xray-Pb                              161307.517         161098.026 -209.491 (-0.13 %)
  AS80_Th232_disk        infer_eq       30-100 кэВ       Xray-Th                                9873.048           9830.523 -42.525 (-0.43 %)
  AS80_Th232_disk        infer_eq       30-100 кэВ       continuum_raw                         85326.509          85088.996 -237.513 (-0.28 %)
  AS80_Th232_disk        infer_eq       30-100 кэВ       excess_fit                            13833.758          13835.234 1.476 (+0.01 %)
  AS80_Th232_disk        infer_eq       30-100 кэВ       excess_net                            13833.758          13835.234 1.476 (+0.01 %)
  AS80_Th232_disk        infer_eq       30-100 кэВ       missing_fit                           15771.901          15785.574 13.673 (+0.09 %)
  AS80_Th232_disk        infer_eq       30-100 кэВ       missing_net                           15771.901          15785.574 13.673 (+0.09 %)
  AS80_Th232_disk        infer_eq       30-100 кэВ       model                                360783.268         360771.071 -12.197 (-0.00 %)
  AS80_Th232_disk        infer_eq       30-100 кэВ       tail                                   8101.459           8067.740 -33.719 (-0.42 %)
  AS80_Th232_disk        infer_eq       100-300 кэВ      Ac-228                               209098.511         209102.855 4.344 (+0.00 %)
  AS80_Th232_disk        infer_eq       100-300 кэВ      Bi-212                                20985.483          20967.621 -17.862 (-0.09 %)
  AS80_Th232_disk        infer_eq       100-300 кэВ      Pb-212                               220266.586         220812.122 545.536 (+0.25 %)
  AS80_Th232_disk        infer_eq       100-300 кэВ      Ra-224                                19637.858          19687.634 49.776 (+0.25 %)
  AS80_Th232_disk        infer_eq       100-300 кэВ      Rn-220                                  239.258            239.222 -0.036 (-0.02 %)
  AS80_Th232_disk        infer_eq       100-300 кэВ      Th-228                                 1830.474           1835.882 5.408 (+0.30 %)
  AS80_Th232_disk        infer_eq       100-300 кэВ      Th-232                                   54.374             54.558 0.184 (+0.34 %)
  AS80_Th232_disk        infer_eq       100-300 кэВ      Tl-208                               134862.533         134657.059 -205.474 (-0.15 %)
  AS80_Th232_disk        infer_eq       100-300 кэВ      Xray-Pb                                 217.130            216.624 -0.506 (-0.23 %)
  AS80_Th232_disk        infer_eq       100-300 кэВ      Xray-Th                                4306.641           4288.563 -18.078 (-0.42 %)
  AS80_Th232_disk        infer_eq       100-300 кэВ      continuum_raw                        204112.853         202947.399 -1165.454 (-0.57 %)
  AS80_Th232_disk        infer_eq       100-300 кэВ      excess_fit                            17355.152          17366.053 10.901 (+0.06 %)
  AS80_Th232_disk        infer_eq       100-300 кэВ      excess_net                            17355.152          17366.053 10.901 (+0.06 %)
  AS80_Th232_disk        infer_eq       100-300 кэВ      missing_fit                           32527.882          32175.549 -352.333 (-1.08 %)
  AS80_Th232_disk        infer_eq       100-300 кэВ      missing_net                           32527.882          32175.549 -352.333 (-1.08 %)
  AS80_Th232_disk        infer_eq       100-300 кэВ      model                                611502.265         611865.499 363.234 (+0.06 %)
  AS80_Th232_disk        infer_eq       300-700 кэВ      Ac-228                               175943.295         176214.070 270.775 (+0.15 %)
  AS80_Th232_disk        infer_eq       300-700 кэВ      Bi-212                                18502.907          18517.559 14.652 (+0.08 %)
  AS80_Th232_disk        infer_eq       300-700 кэВ      Pb-212                                 5244.936           5264.769 19.833 (+0.38 %)
  AS80_Th232_disk        infer_eq       300-700 кэВ      Rn-220                                  340.502            341.379 0.877 (+0.26 %)
  AS80_Th232_disk        infer_eq       300-700 кэВ      Tl-208                               148394.451         148012.158 -382.293 (-0.26 %)
  AS80_Th232_disk        infer_eq       300-700 кэВ      continuum_raw                         74278.537          73751.069 -527.468 (-0.71 %)
  AS80_Th232_disk        infer_eq       300-700 кэВ      excess_fit                            13637.262          13627.162 -10.100 (-0.07 %)
  AS80_Th232_disk        infer_eq       300-700 кэВ      excess_net                            13637.262          13627.162 -10.100 (-0.07 %)
  AS80_Th232_disk        infer_eq       300-700 кэВ      missing_fit                           20683.125          20749.167 66.042 (+0.32 %)
  AS80_Th232_disk        infer_eq       300-700 кэВ      missing_net                           20683.125          20749.167 66.042 (+0.32 %)
  … и ещё 107 строк
  ASN16_Radon_filter2 / chain_eq: числа те же, что в эталоне 2026-09-14 23:15 (переписано клеймо)
  ASN16_Radon_filter2 / chain_noeq: числа те же, что в эталоне 2026-09-14 23:15 (переписано клеймо)

ПЕРЕОБЪЯВЛЕНИЕ G1S24_Rn222Coal_eq01 / sample_eq: 170 расхождений с прежним эталоном (2026-09-14 23:15):
  спектр                 режим          полоса           компонент                                  было              стало              Δ
  G1S24_Rn222Coal_eq01   sample_eq      0-30 кэВ         Bi-212                                  115.754            115.924 0.170 (+0.15 %)
  G1S24_Rn222Coal_eq01   sample_eq      0-30 кэВ         Bi-214                                  874.932            874.831 -0.101 (-0.01 %)
  G1S24_Rn222Coal_eq01   sample_eq      0-30 кэВ         Pb-210                                  162.657            162.542 -0.115 (-0.07 %)
  G1S24_Rn222Coal_eq01   sample_eq      0-30 кэВ         Pb-212                                  122.302            122.532 0.230 (+0.19 %)
  G1S24_Rn222Coal_eq01   sample_eq      0-30 кэВ         Pb-214                                 1075.710           1075.423 -0.287 (-0.03 %)
  G1S24_Rn222Coal_eq01   sample_eq      0-30 кэВ         Ra-224                                    6.665              6.677 0.012 (+0.18 %)
  G1S24_Rn222Coal_eq01   sample_eq      0-30 кэВ         Ra-226                                   51.646             51.647 0.001 (+0.00 %)
  G1S24_Rn222Coal_eq01   sample_eq      0-30 кэВ         Th-228                                    2.483              2.488 0.005 (+0.20 %)
  G1S24_Rn222Coal_eq01   sample_eq      0-30 кэВ         Tl-208                                   78.743             78.765 0.022 (+0.03 %)
  G1S24_Rn222Coal_eq01   sample_eq      0-30 кэВ         continuum_raw                          2105.134           2105.283 0.149 (+0.01 %)
  G1S24_Rn222Coal_eq01   sample_eq      0-30 кэВ         excess_fit                               60.853             60.806 -0.047 (-0.08 %)
  G1S24_Rn222Coal_eq01   sample_eq      0-30 кэВ         excess_net                               56.367             56.320 -0.047 (-0.08 %)
  G1S24_Rn222Coal_eq01   sample_eq      0-30 кэВ         missing_fit                             537.044            537.063 0.019 (+0.00 %)
  G1S24_Rn222Coal_eq01   sample_eq      0-30 кэВ         missing_net                             537.044            537.063 0.019 (+0.00 %)
  G1S24_Rn222Coal_eq01   sample_eq      0-30 кэВ         model                                  2491.784           2491.718 -0.066 (-0.00 %)
  G1S24_Rn222Coal_eq01   sample_eq      0-30 кэВ         tail                                      9.605              9.577 -0.028 (-0.29 %)
  G1S24_Rn222Coal_eq01   sample_eq      30-100 кэВ       Bi-212                                  461.975            462.967 0.992 (+0.21 %)
  G1S24_Rn222Coal_eq01   sample_eq      30-100 кэВ       Bi-214                                 8006.704           8005.070 -1.634 (-0.02 %)
  G1S24_Rn222Coal_eq01   sample_eq      30-100 кэВ       Pb-210                                 2696.983           2697.824 0.841 (+0.03 %)
  G1S24_Rn222Coal_eq01   sample_eq      30-100 кэВ       Pb-212                                 3987.598           3995.614 8.016 (+0.20 %)
  G1S24_Rn222Coal_eq01   sample_eq      30-100 кэВ       Pb-214                                21762.995          21761.755 -1.240 (-0.01 %)
  G1S24_Rn222Coal_eq01   sample_eq      30-100 кэВ       Ra-224                                   91.314             91.487 0.173 (+0.19 %)
  G1S24_Rn222Coal_eq01   sample_eq      30-100 кэВ       Ra-226                                  852.143            852.167 0.024 (+0.00 %)
  G1S24_Rn222Coal_eq01   sample_eq      30-100 кэВ       Th-228                                  119.002            119.244 0.242 (+0.20 %)
  G1S24_Rn222Coal_eq01   sample_eq      30-100 кэВ       Tl-208                                  880.861            881.714 0.853 (+0.10 %)
  G1S24_Rn222Coal_eq01   sample_eq      30-100 кэВ       continuum_raw                         11205.812          11203.032 -2.780 (-0.02 %)
  G1S24_Rn222Coal_eq01   sample_eq      30-100 кэВ       excess_fit                             4010.613           4017.101 6.488 (+0.16 %)
  G1S24_Rn222Coal_eq01   sample_eq      30-100 кэВ       excess_net                             4010.613           4017.101 6.488 (+0.16 %)
  G1S24_Rn222Coal_eq01   sample_eq      30-100 кэВ       missing_fit                            4760.903           4759.124 -1.779 (-0.04 %)
  G1S24_Rn222Coal_eq01   sample_eq      30-100 кэВ       missing_net                            4760.903           4759.124 -1.779 (-0.04 %)
  G1S24_Rn222Coal_eq01   sample_eq      30-100 кэВ       model                                 38868.014          38876.281 8.267 (+0.02 %)
  G1S24_Rn222Coal_eq01   sample_eq      100-300 кэВ      Bi-212                                  361.419            361.918 0.499 (+0.14 %)
  G1S24_Rn222Coal_eq01   sample_eq      100-300 кэВ      Bi-214                                25036.511          25028.204 -8.307 (-0.03 %)
  G1S24_Rn222Coal_eq01   sample_eq      100-300 кэВ      Pb-212                                 4689.073           4698.177 9.104 (+0.19 %)
  G1S24_Rn222Coal_eq01   sample_eq      100-300 кэВ      Pb-214                                29322.177          29317.881 -4.296 (-0.01 %)
  G1S24_Rn222Coal_eq01   sample_eq      100-300 кэВ      Ra-224                                  414.146            414.973 0.827 (+0.20 %)
  G1S24_Rn222Coal_eq01   sample_eq      100-300 кэВ      Ra-226                                 2852.313           2852.800 0.487 (+0.02 %)
  G1S24_Rn222Coal_eq01   sample_eq      100-300 кэВ      Th-228                                   48.711             48.816 0.105 (+0.22 %)
  G1S24_Rn222Coal_eq01   sample_eq      100-300 кэВ      Tl-208                                 2310.023           2312.304 2.281 (+0.10 %)
  G1S24_Rn222Coal_eq01   sample_eq      100-300 кэВ      continuum_raw                         24490.349          24472.728 -17.621 (-0.07 %)
  G1S24_Rn222Coal_eq01   sample_eq      100-300 кэВ      excess_fit                             1860.301           1859.748 -0.553 (-0.03 %)
  G1S24_Rn222Coal_eq01   sample_eq      100-300 кэВ      excess_net                             1860.301           1859.748 -0.553 (-0.03 %)
  G1S24_Rn222Coal_eq01   sample_eq      100-300 кэВ      missing_fit                            2043.077           2041.819 -1.258 (-0.06 %)
  G1S24_Rn222Coal_eq01   sample_eq      100-300 кэВ      missing_net                            2043.077           2041.819 -1.258 (-0.06 %)
  G1S24_Rn222Coal_eq01   sample_eq      100-300 кэВ      model                                 65063.681          65064.386 0.705 (+0.00 %)
  G1S24_Rn222Coal_eq01   sample_eq      300-700 кэВ      Bi-212                                  354.625            355.203 0.578 (+0.16 %)
  G1S24_Rn222Coal_eq01   sample_eq      300-700 кэВ      Bi-214                                32511.149          32510.001 -1.148 (-0.00 %)
  G1S24_Rn222Coal_eq01   sample_eq      300-700 кэВ      Pb-212                                   87.328             87.436 0.108 (+0.12 %)
  G1S24_Rn222Coal_eq01   sample_eq      300-700 кэВ      Pb-214                                18201.147          18204.804 3.657 (+0.02 %)
  G1S24_Rn222Coal_eq01   sample_eq      300-700 кэВ      Tl-208                                 2712.471           2707.615 -4.856 (-0.18 %)
  G1S24_Rn222Coal_eq01   sample_eq      300-700 кэВ      continuum_raw                         13139.968          13137.348 -2.620 (-0.02 %)
  G1S24_Rn222Coal_eq01   sample_eq      300-700 кэВ      excess_fit                             1659.904           1659.299 -0.605 (-0.04 %)
  G1S24_Rn222Coal_eq01   sample_eq      300-700 кэВ      excess_net                             1659.904           1659.299 -0.605 (-0.04 %)
  G1S24_Rn222Coal_eq01   sample_eq      300-700 кэВ      missing_fit                            1889.357           1890.401 1.044 (+0.06 %)
  G1S24_Rn222Coal_eq01   sample_eq      300-700 кэВ      missing_net                            1889.357           1890.401 1.044 (+0.06 %)
  G1S24_Rn222Coal_eq01   sample_eq      300-700 кэВ      model                                 53904.724          53903.075 -1.649 (-0.00 %)
  G1S24_Rn222Coal_eq01   sample_eq      300-700 кэВ      other                                    38.008             38.027 0.019 (+0.05 %)
  G1S24_Rn222Coal_eq01   sample_eq      700-1500 кэВ     Bi-212                                  272.345            272.498 0.153 (+0.06 %)
  G1S24_Rn222Coal_eq01   sample_eq      700-1500 кэВ     Bi-214                                19735.663          19732.121 -3.542 (-0.02 %)
  G1S24_Rn222Coal_eq01   sample_eq      700-1500 кэВ     Pb-214                                  319.437            319.629 0.192 (+0.06 %)
  … и ещё 110 строк

ПЕРЕОБЪЯВЛЕНИЕ G1S24_Rn222Coal_eq01 / sample_noeq: 173 расхождений с прежним эталоном (2026-09-14 23:15):
  спектр                 режим          полоса           компонент                                  было              стало              Δ
  G1S24_Rn222Coal_eq01   sample_noeq    0-30 кэВ         Bi-214                                 1284.949           1285.212 0.263 (+0.02 %)
  G1S24_Rn222Coal_eq01   sample_noeq    0-30 кэВ         Pb-212                                  173.858            173.989 0.131 (+0.08 %)
  G1S24_Rn222Coal_eq01   sample_noeq    0-30 кэВ         Pb-214                                 1360.317           1359.533 -0.784 (-0.06 %)
  G1S24_Rn222Coal_eq01   sample_noeq    0-30 кэВ         Ra-224                                    9.636              9.645 0.009 (+0.09 %)
  G1S24_Rn222Coal_eq01   sample_noeq    0-30 кэВ         Tl-208                                   84.079             84.483 0.404 (+0.48 %)
  G1S24_Rn222Coal_eq01   sample_noeq    0-30 кэВ         continuum_raw                          2875.870           2875.932 0.062 (+0.00 %)
  G1S24_Rn222Coal_eq01   sample_noeq    0-30 кэВ         excess_fit                               92.408             92.392 -0.016 (-0.02 %)
  G1S24_Rn222Coal_eq01   sample_noeq    0-30 кэВ         excess_net                               87.922             87.906 -0.016 (-0.02 %)
  G1S24_Rn222Coal_eq01   sample_noeq    0-30 кэВ         missing_fit                             147.542            147.509 -0.033 (-0.02 %)
  G1S24_Rn222Coal_eq01   sample_noeq    0-30 кэВ         missing_net                             147.542            147.509 -0.033 (-0.02 %)
  G1S24_Rn222Coal_eq01   sample_noeq    0-30 кэВ         model                                  2912.841           2912.858 0.017 (+0.00 %)
  G1S24_Rn222Coal_eq01   sample_noeq    0-30 кэВ         tail                                      2.222              2.230 0.008 (+0.36 %)
  G1S24_Rn222Coal_eq01   sample_noeq    30-100 кэВ       Bi-214                                 9741.178           9746.170 4.992 (+0.05 %)
  G1S24_Rn222Coal_eq01   sample_noeq    30-100 кэВ       Pb-212                                 4133.441           4137.880 4.439 (+0.11 %)
  G1S24_Rn222Coal_eq01   sample_noeq    30-100 кэВ       Pb-214                                23408.577          23400.977 -7.600 (-0.03 %)
  G1S24_Rn222Coal_eq01   sample_noeq    30-100 кэВ       Ra-224                                  104.306            104.414 0.108 (+0.10 %)
  G1S24_Rn222Coal_eq01   sample_noeq    30-100 кэВ       Tl-208                                  729.789            733.987 4.198 (+0.58 %)
  G1S24_Rn222Coal_eq01   sample_noeq    30-100 кэВ       continuum_raw                         13970.396          13974.832 4.436 (+0.03 %)
  G1S24_Rn222Coal_eq01   sample_noeq    30-100 кэВ       excess_fit                             1443.382           1447.314 3.932 (+0.27 %)
  G1S24_Rn222Coal_eq01   sample_noeq    30-100 кэВ       excess_net                             1443.382           1447.314 3.932 (+0.27 %)
  G1S24_Rn222Coal_eq01   sample_noeq    30-100 кэВ       missing_fit                            2944.392           2942.185 -2.207 (-0.07 %)
  G1S24_Rn222Coal_eq01   sample_noeq    30-100 кэВ       missing_net                            2944.392           2942.185 -2.207 (-0.07 %)
  G1S24_Rn222Coal_eq01   sample_noeq    30-100 кэВ       model                                 38117.294          38123.433 6.139 (+0.02 %)
  G1S24_Rn222Coal_eq01   sample_noeq    30-100 кэВ       tail                                      0.295              0.296 0.001 (+0.34 %)
  G1S24_Rn222Coal_eq01   sample_noeq    100-300 кэВ      Bi-214                                26649.570          26651.350 1.780 (+0.01 %)
  G1S24_Rn222Coal_eq01   sample_noeq    100-300 кэВ      Pb-212                                 4846.097           4850.523 4.426 (+0.09 %)
  G1S24_Rn222Coal_eq01   sample_noeq    100-300 кэВ      Pb-214                                31365.830          31349.045 -16.785 (-0.05 %)
  G1S24_Rn222Coal_eq01   sample_noeq    100-300 кэВ      Ra-224                                  428.019            428.427 0.408 (+0.10 %)
  G1S24_Rn222Coal_eq01   sample_noeq    100-300 кэВ      Tl-208                                 1794.482           1804.479 9.997 (+0.56 %)
  G1S24_Rn222Coal_eq01   sample_noeq    100-300 кэВ      continuum_raw                         25748.036          25733.933 -14.103 (-0.05 %)
  G1S24_Rn222Coal_eq01   sample_noeq    100-300 кэВ      excess_fit                             1032.102           1032.428 0.326 (+0.03 %)
  G1S24_Rn222Coal_eq01   sample_noeq    100-300 кэВ      excess_net                             1032.102           1032.428 0.326 (+0.03 %)
  G1S24_Rn222Coal_eq01   sample_noeq    100-300 кэВ      missing_fit                            1194.554           1195.066 0.512 (+0.04 %)
  G1S24_Rn222Coal_eq01   sample_noeq    100-300 кэВ      missing_net                            1194.554           1195.066 0.512 (+0.04 %)
  G1S24_Rn222Coal_eq01   sample_noeq    100-300 кэВ      model                                 65084.005          65083.819 -0.186 (-0.00 %)
  G1S24_Rn222Coal_eq01   sample_noeq    300-700 кэВ      Bi-214                                33212.826          33209.852 -2.974 (-0.01 %)
  G1S24_Rn222Coal_eq01   sample_noeq    300-700 кэВ      Pb-212                                   83.038             83.154 0.116 (+0.14 %)
  G1S24_Rn222Coal_eq01   sample_noeq    300-700 кэВ      Pb-214                                18685.442          18681.986 -3.456 (-0.02 %)
  G1S24_Rn222Coal_eq01   sample_noeq    300-700 кэВ      Tl-208                                 2025.045           2029.851 4.806 (+0.24 %)
  G1S24_Rn222Coal_eq01   sample_noeq    300-700 кэВ      continuum_raw                         12409.444          12396.410 -13.034 (-0.11 %)
  G1S24_Rn222Coal_eq01   sample_noeq    300-700 кэВ      excess_fit                             1767.572           1767.683 0.111 (+0.01 %)
  G1S24_Rn222Coal_eq01   sample_noeq    300-700 кэВ      excess_net                             1767.572           1767.683 0.111 (+0.01 %)
  G1S24_Rn222Coal_eq01   sample_noeq    300-700 кэВ      missing_fit                            1895.392           1897.026 1.634 (+0.09 %)
  G1S24_Rn222Coal_eq01   sample_noeq    300-700 кэВ      missing_net                            1895.392           1897.026 1.634 (+0.09 %)
  G1S24_Rn222Coal_eq01   sample_noeq    300-700 кэВ      model                                 54006.357          54004.834 -1.523 (-0.00 %)
  G1S24_Rn222Coal_eq01   sample_noeq    700-1500 кэВ     Bi-214                                20349.796          20345.501 -4.295 (-0.02 %)
  G1S24_Rn222Coal_eq01   sample_noeq    700-1500 кэВ     Pb-214                                  336.062            336.115 0.053 (+0.02 %)
  G1S24_Rn222Coal_eq01   sample_noeq    700-1500 кэВ     Tl-208                                  923.391            929.329 5.938 (+0.64 %)
  G1S24_Rn222Coal_eq01   sample_noeq    700-1500 кэВ     continuum_raw                          7685.446           7680.476 -4.970 (-0.06 %)
  G1S24_Rn222Coal_eq01   sample_noeq    700-1500 кэВ     excess_fit                             1340.298           1339.657 -0.641 (-0.05 %)
  G1S24_Rn222Coal_eq01   sample_noeq    700-1500 кэВ     excess_net                             1340.298           1339.657 -0.641 (-0.05 %)
  G1S24_Rn222Coal_eq01   sample_noeq    700-1500 кэВ     missing_fit                            1542.875           1540.551 -2.324 (-0.15 %)
  G1S24_Rn222Coal_eq01   sample_noeq    700-1500 кэВ     missing_net                            1542.875           1540.551 -2.324 (-0.15 %)
  G1S24_Rn222Coal_eq01   sample_noeq    700-1500 кэВ     model                                 21609.249          21610.932 1.683 (+0.01 %)
  G1S24_Rn222Coal_eq01   sample_noeq    1500-3000 кэВ    Bi-214                                 4925.459           4923.828 -1.631 (-0.03 %)
  G1S24_Rn222Coal_eq01   sample_noeq    1500-3000 кэВ    Tl-208                                 1226.743           1227.481 0.738 (+0.06 %)
  G1S24_Rn222Coal_eq01   sample_noeq    1500-3000 кэВ    continuum_raw                          1649.666           1640.480 -9.186 (-0.56 %)
  G1S24_Rn222Coal_eq01   sample_noeq    1500-3000 кэВ    excess_fit                              964.605            964.620 0.015 (+0.00 %)
  G1S24_Rn222Coal_eq01   sample_noeq    1500-3000 кэВ    excess_net                              864.533            864.548 0.015 (+0.00 %)
  G1S24_Rn222Coal_eq01   sample_noeq    1500-3000 кэВ    missing_fit                             894.606            895.514 0.908 (+0.10 %)
  … и ещё 113 строк
  ASN16_Cs137_10cm / sample_nomatrix: числа те же, что в эталоне 2026-09-14 23:15 (переписано клеймо)

ЭТАЛОН ОБЪЯВЛЕН 2026-09-15 23:37 (HEAD 952911e9): 7 пар, из них с изменившимися числами 3 — C:\Users\moroz\source\repos\BQ Eng res .NET 4.8\tools\fsa_showcase\reference
эталон переобъявлен — diff выше в отчёт полосы; файлы reference\*.json — в коммит
