BecqMoni: main config: C:\Users\moroz\source\repos\BQ Eng res .NET 4.8\tools\effmaker\probes\build_p41\config\BecquerelMonitor.xml
Привязка кривой и матрицы к спектрам понятной части (B1)
кривая: 5-3000 кэВ, 200000 историй на узел; розыгрыш точки вылета: равномерный; порог шумной кривой (медиана узлов) 5 %

== ASN16_ground ==
   | ASN16_ground: кристалл Cesium iodide брусок 15.0x18.0x60.0 мм, ро 4.510; источник — цилиндр D=2731.6 H=638.6 на 0.0 мм, Soil
   | cm: Cesium iodide 1.80x6.00 z[0.00..1.50] *; Polytetrafluoroethylene 1.80x6.00 z[-0.10..0.00]; Polytetrafluoroethylene 2.06x6.26 z[-0.10..1.50]; vacuum 2.06x6.26 z[-0.10..1.50]; Aluminum 2.42x6.62 z[-0.30..-0.10]; Aluminum 2.42x6.62 z[-0.10..1.50]; Aluminum 2.42x6.62 z[1.50..1.70]; Soil r[0.00..136.58] z[-64.16..-0.30]
   | Сечения: парциальные, по элементам; вылет тормозного излучения: CsI; историй на точку: 200000
   | сетка: 40 точек, 5–3000 кэВ (Штатная); потоков: 15
   | K-край Z=26 на 7.11 кэВ разрешён парой узлов: ослабление «Soil» скачет в 1.2 раза
   | 
   |           7.1 keV   eps = 2.7418E-029   +/- 75.78 %
   |           7.1 keV   eps = 5.5880E-033   +/- 71.44 %
   |          10.0 keV   eps = 2.0708E-016   +/- 71.22 %
   |          20.0 keV   eps = 2.7049E-008   +/- 80.51 %
   |          30.0 keV   eps = 5.3337E-007   +/- 66.87 %
   |          40.0 keV   eps = 1.3138E-006   +/- 68.16 %
   |          50.0 keV   eps = 2.8164E-006   +/- 61.99 %
   |          60.0 keV   eps = 4.9297E-006   +/- 49.87 %
   |          70.0 keV   eps = 6.9478E-006   +/- 46.02 %
   |          80.0 keV   eps = 1.8289E-006   +/- 21.29 %
   |          90.0 keV   eps = 2.1132E-006   +/- 23.12 %
   |         100.0 keV   eps = 4.6580E-006   +/- 18.37 %
   |         120.0 keV   eps = 5.9790E-006   +/- 18.32 %
   |         150.0 keV   eps = 1.0916E-005   +/- 40.50 %
   |         186.0 keV   eps = 3.5592E-006   +/- 13.50 %
   |         240.0 keV   eps = 6.6490E-006   +/- 47.54 %
   |         300.0 keV   eps = 2.5401E-006   +/- 21.46 %
   |         352.0 keV   eps = 3.9689E-006   +/- 29.04 %
   |         400.0 keV   eps = 1.9756E-006   +/- 23.34 %
   |         460.0 keV   eps = 1.9368E-006   +/- 25.18 %
   |         510.0 keV   eps = 1.5283E-006   +/- 19.55 %
   |         583.0 keV   eps = 1.6556E-006   +/- 24.36 %
   |         609.0 keV   eps = 2.2514E-006   +/- 56.32 %
   |         662.0 keV   eps = 1.6057E-006   +/- 29.40 %
   |         720.0 keV   eps = 1.6645E-006   +/- 24.21 %
   |         800.0 keV   eps = 8.6875E-007   +/- 17.37 %
   |         900.0 keV   eps = 5.8348E-007   +/- 22.15 %
   |        1000.0 keV   eps = 1.1106E-006   +/- 36.57 %
   |        1120.0 keV   eps = 1.0816E-006   +/- 34.40 %
   |        1250.0 keV   eps = 9.0101E-007   +/- 23.20 %
   |        1461.0 keV   eps = 6.5181E-007   +/- 20.40 %
   |        1600.0 keV   eps = 4.4926E-007   +/- 25.43 %
   |        1765.0 keV   eps = 5.2866E-007   +/- 23.84 %
   |        2000.0 keV   eps = 5.3058E-007   +/- 45.73 %
   |        2200.0 keV   eps = 2.9769E-007   +/- 18.06 %
   |        2450.0 keV   eps = 3.3771E-007   +/- 23.46 %
   |        2615.0 keV   eps = 2.2879E-007   +/- 20.91 %
   |        2800.0 keV   eps = 5.2341E-007   +/- 37.57 %
   |        3000.0 keV   eps = 3.2618E-007   +/- 22.68 %
   | разброс на точку: медиана 25.18 %, худшая 80.51 % на 20.0 кэВ (действующая выборка 2 из 200000 историй)
   | ВНИМАНИЕ: кривая ШУМНАЯ — типичная точка несёт 25.2 % разброса при пороге 5 % (200000 историй обещают около процента; точек выше порога 39 из 39). На большой пробе (прибор на земле, в лунке) истории уходят в дальний грунт, который ничего не даёт; увеличьте число историй на точку или сузьте пробу
   разброс  : медиана 25.18 %, худший узел 80.51 % на 20.0 кэВ (ESS 2 из 200000 историй), узлов выше 5 %: 39 из 39
   ⛔ КРИВАЯ ШУМНАЯ: типичный узел 25.2 % при пороге 5 % — НЕ ЗАПИСАНА

геометрий в описи: 1 — посчитано 1, пропущено 0 (клеймо и геометрия сошлись); записей проставлено: 0 (--dry, ничего не записано)
шумных кривых (медиана узлов выше 5 %): 1 — не записаны, код 1
ЕСТЬ НЕСОШЕДШИЕСЯ
