BecqMoni: main config: C:\Users\moroz\source\repos\BQ Eng res .NET 4.8\tools\effmaker\probes\build_p41b\config\BecquerelMonitor.xml
геометрия: ASN16_lu_side.in
энергия разбора 100.0 кэВ, верхняя энергия сцены 3000 кэВ
розыгрыш точки вылета: равномерный (умолчание)

== СЦЕНА МАЛАЯ (как в файле) ==
  источник Cylinder, объём 18.85 см3, вещество Lutetium oxide 1.061 г/см3

== СЦЕНА БОЛЬШАЯ (Детектор на земле, тот же прибор) ==
  проба Soil 1.500 г/см3; пробег 182.5 мм на 3000 кэВ, 37.8 мм на 100 кэВ
  радиус 1366 мм (7.49 пробега), глубина 639 мм, середина кристалла над грунтом 10.6 мм
  объём 3742 л, масса 5614 кг

== 1. ЦЕНА ИСТОРИИ (один поток; малая 200000, большая 4000000 историй) ==
  сцена                           eps  разброс,%   мкс/ист историй на 1%     секунд      ESS/n
  малая (сосуд)           2.0989E-002      1.012       5.6        204742        1.1  4.66E-002
  большая (земля)         4.9537E-006      9.553       5.3     365064788     1928.2  2.74E-005

  ε большой к малой: 2.3601E-004

== 2. ОТКУДА СИГНАЛ (квадратура 300x100, нерассеянный поток) ==
       r/R     сигнала, %     историй, %   на историю
     0.050          71.11           0.25      284.451
     0.100          91.07           1.00       91.069
     0.200          98.41           4.00       24.603
     0.333          99.69          11.11        8.972
     0.500          99.95          25.00        3.998
     0.667          99.99          44.44        2.250
     0.800         100.00          64.00        1.562
     1.000         100.00         100.00        1.000

  98 % сигнала набирается к r/R = 0.188; историй туда попадает 3.55 %, остальные 96.45 % несут 2 % сигнала

== 3. ЧТО ДАЁТ ДРУГОЙ РОЗЫГРЫШ (ESS = действующее число историй) ==
  равномерный по объёму (как сейчас): ESS/n = 0.00012  → на тот же разброс историй в 8517.3 раза больше
  предложенный exp(−μd)/s²          : ESS/n = 0.38808  → выигрыш к нынешнему 3305.4x
  КОНТРОЛЬ идеальный p ∝ w          : ESS/n = 1.000000 (обязан быть 1.000000)
  КОНТРОЛЬ заведомо плохой p ∝ r    : ESS/n = 1.156E-006 (обязан быть ХУЖЕ равномерного в 102 раз: ХУЖЕ, сошлось)

  ⚠ ОЦЕНКА (не замер): на большой сцене 1 % стоит 365064788 историй = 1928 с; сняв геометрическую часть разброса (3305x), это 110446 историй = 0.6 с
     действующая выборка прогона ESS/n = 2.74E-005; после снятия геометрии ожидается 9.05E-002 (у малой сцены того же прибора 4.66E-002)

== КОНТРОЛЬ ФОРМЫ: сцена радиусом 50 % против полной ==
  прогон: ε(усечённой) 1.9839E-005 ±5.01 %, ε(полной) 4.9537E-006 ±9.55 %, отношение 4.0050
  квадратура предсказывает 3.9978; расхождение 0.0071 при допуске 3σ = 1.2962 — СОШЛОСЬ
== 4. A/B РОЗЫГРЫША ТОЧКИ ВЫЛЕТА (E29): ВКЛ против ВЫКЛ ==
  сцена            плечо             историй          eps  разброс,%      ESS/n    секунд к эталону (3 сигма)         
  малая (сосуд)    ВЫКЛ               200000  2.0989E-002      1.012  4.66E-002       0.9 сошлось (0.00 сигма)
  малая (сосуд)    ВКЛ               2000000  2.1053E-002      0.311  4.92E-002      12.3 сошлось (0.29 сигма)
                                  выигрыш ESS/n к эталону 1.1x; разброс на 200 000 историй: 0.98 % (эталон 1.01 %)
  большая (земля)  ВЫКЛ              4000000  4.9537E-006      9.553  2.74E-005      20.5 сошлось (0.00 сигма)
  большая (земля)  ВКЛ               2000000  5.0777E-006      0.306  5.06E-002      10.4 сошлось (0.26 сигма)
                                  выигрыш ESS/n к эталону 1846.3x; разброс на 200 000 историй: 0.97 % (эталон 42.72 %)
  большая (земля)  ВКЛ БЕЗ ВЕСА (порча)    2000000  7.7406E-003      0.580  1.46E-002      10.1 выпало (172.2 сигма) — как и должно

