BecqMoni: main config: C:\Users\moroz\source\repos\BQ Eng res .NET 4.8\tools\effmaker\probes\build_p41b\config\BecquerelMonitor.xml
геометрия: ASN16_lu_side.in
энергия разбора 662.0 кэВ, верхняя энергия сцены 3000 кэВ
розыгрыш точки вылета: равномерный (умолчание)

== СЦЕНА МАЛАЯ (как в файле) ==
  источник Cylinder, объём 18.85 см3, вещество Lutetium oxide 1.061 г/см3

== СЦЕНА БОЛЬШАЯ (Детектор на земле, тот же прибор) ==
  проба Soil 1.500 г/см3; пробег 182.5 мм на 3000 кэВ, 85.9 мм на 662 кэВ
  радиус 1366 мм (7.49 пробега), глубина 639 мм, середина кристалла над грунтом 10.6 мм
  объём 3742 л, масса 5614 кг

== 1. ЦЕНА ИСТОРИИ (один поток; малая 4000000, большая 2000000 историй) ==
  сцена                           eps  разброс,%   мкс/ист историй на 1%     секунд      ESS/n
  малая (сосуд)           1.7112E-002      0.345       3.5        476180        1.7  2.06E-002
  большая (земля)         1.9406E-006     14.147       4.0     400281669     1618.2  2.50E-005

  ε большой к малой: 1.1341E-004

== 2. ОТКУДА СИГНАЛ (квадратура 300x100, нерассеянный поток) ==
       r/R     сигнала, %     историй, %   на историю
     0.050          49.18           0.25      196.734
     0.100          75.20           1.00       75.196
     0.200          93.13           4.00       23.283
     0.333          98.24          11.11        8.842
     0.500          99.50          25.00        3.980
     0.667          99.83          44.44        2.246
     0.800          99.93          64.00        1.561
     1.000         100.00         100.00        1.000

  98 % сигнала набирается к r/R = 0.322; историй туда попадает 10.35 %, остальные 89.65 % несут 2 % сигнала

== 3. ЧТО ДАЁТ ДРУГОЙ РОЗЫГРЫШ (ESS = действующее число историй) ==
  равномерный по объёму (как сейчас): ESS/n = 0.00046  → на тот же разброс историй в 2192.4 раза больше
  предложенный exp(−μd)/s²          : ESS/n = 0.47159  → выигрыш к нынешнему 1033.9x
  КОНТРОЛЬ идеальный p ∝ w          : ESS/n = 1.000000 (обязан быть 1.000000)
  КОНТРОЛЬ заведомо плохой p ∝ r    : ESS/n = 5.105E-006 (обязан быть ХУЖЕ равномерного в 89 раз: ХУЖЕ, сошлось)

  ⚠ ОЦЕНКА (не замер): на большой сцене 1 % стоит 400281669 историй = 1618 с; сняв геометрическую часть разброса (1034x), это 387164 историй = 1.6 с
     действующая выборка прогона ESS/n = 2.50E-005; после снятия геометрии ожидается 2.58E-002 (у малой сцены того же прибора 2.06E-002)

== КОНТРОЛЬ ФОРМЫ: сцена радиусом 50 % против полной ==
  прогон: ε(усечённой) 7.1140E-006 ±11.31 %, ε(полной) 1.9406E-006 ±14.15 %, отношение 3.6660
  квадратура предсказывает 3.9797; расхождение 0.3137 при допуске 3σ = 1.9919 — СОШЛОСЬ
  ⛔ У КОНТРОЛЯ НЕТ ЗУБОВ: допуск 1.992 шире половины предсказания 3.980 — историй мало, слово «СОШЛОСЬ» ничего не значит
== 4. A/B РОЗЫГРЫША ТОЧКИ ВЫЛЕТА (E29): ВКЛ против ВЫКЛ ==
  сцена            плечо             историй          eps  разброс,%      ESS/n    секунд к эталону (3 сигма)         
  малая (сосуд)    ВЫКЛ              4000000  1.7112E-002      0.345  2.06E-002      12.5 сошлось (0.00 сигма)
  малая (сосуд)    ВКЛ               4000000  1.7032E-002      0.341  2.11E-002      15.1 сошлось (0.96 сигма)
                                  выигрыш ESS/n к эталону 1.0x; разброс на 200 000 историй: 1.52 % (эталон 1.54 %)
  большая (земля)  ВЫКЛ              2000000  1.9406E-006     14.147  2.50E-005       8.1 сошлось (0.00 сигма)
  большая (земля)  ВКЛ               4000000  1.6308E-006      0.464  1.15E-002      17.9 сошлось (1.13 сигма)
                                  выигрыш ESS/n к эталону 459.9x; разброс на 200 000 историй: 2.07 % (эталон 44.74 %)
  большая (земля)  ВКЛ БЕЗ ВЕСА (порча)    4000000  8.3088E-004      1.256  1.58E-003      17.4 выпало (79.4 сигма) — как и должно

