exe sha256: FF01F02EF9E21896654A648CB32D192A0460527CCB65D0F094201C72593DE3EA
app sha256: 6C693E015B9CDB2B5E639236EE417653FCFC70DAA76336736B87D5D80CA323BE
##### вариант base 23:46:41
E10: самопоглощение маринелли, NaI 76.2x76.2 мм, историй 4000000, потоков 12, возврат рассеянного да, когерентное сквозь да
заданий: 12
счёт занял 49 с

=== сцена J: Jodłowski 710 мл, Al 1 мм, слой 19 мм
    объём пробы 710.0 мл; точечный детектор ДЕБ на 39.1 мм под нижней поверхностью пробы
    ДЕБ на 238.6 кэВ, ρ = 2.4: глубина 39.1 мм → Cs 1.3222; глубина 41.6 мм → Cs 1.3213 (разница -0.07 %)
      E,кэВ  вещ.     ρ |          ε     ±% |   Cs_МК  Cs_ДЕБ  ДЕБ_нк Cs_ФОРМ | МК−ДЕБ% МК−ФОРМ%
      238.6   H2O  1.00 | 1.234E-001   0.10 |  1.1526  1.1405  1.1393       - |    1.07       -
      контроль воды на 238.6: F = 0.8676 (ожидание ≤ 0.95) — ДА
      238.6  SiO2  1.60 | 1.163E-001   0.10 |  1.2224  1.2087  1.2051  1.2056 |    1.13    1.39
      238.6  SiO2  2.80 | 1.011E-001   0.10 |  1.4069  1.3812  1.3743  1.3871 |    1.86    1.43
      911.2   H2O  1.00 | 4.631E-002   0.17 |  1.0939  1.0793  1.0792       - |    1.35       -
      911.2  SiO2  1.60 | 4.461E-002   0.17 |  1.1355  1.1154  1.1152  1.1135 |    1.80    1.98
      911.2  SiO2  2.80 | 4.070E-002   0.18 |  1.2447  1.2072  1.2067  1.2069 |    3.11    3.12
     2614.5   H2O  1.00 | 1.868E-002   0.28 |  1.0513  1.0454  1.0454       - |    0.57       -
     2614.5  SiO2  1.60 | 1.823E-002   0.29 |  1.0775  1.0666  1.0666  1.0660 |    1.02    1.08
     2614.5  SiO2  2.80 | 1.725E-002   0.29 |  1.1388  1.1184  1.1183  1.1183 |    1.83    1.84

записано: C:\Users\moroz\source\repos\BQ Eng res .NET 4.8\handover\p36-e10\ablation\selfabs_base.csv
КОНТРОЛИ: ДА
EXIT_base=0 seconds=49
##### вариант noscatter 23:47:30
E10: самопоглощение маринелли, NaI 76.2x76.2 мм, историй 4000000, потоков 12, возврат рассеянного нет, когерентное сквозь да
заданий: 12
счёт занял 18 с

=== сцена J: Jodłowski 710 мл, Al 1 мм, слой 19 мм
    объём пробы 710.0 мл; точечный детектор ДЕБ на 39.1 мм под нижней поверхностью пробы
    ДЕБ на 238.6 кэВ, ρ = 2.4: глубина 39.1 мм → Cs 1.3222; глубина 41.6 мм → Cs 1.3213 (разница -0.07 %)
      E,кэВ  вещ.     ρ |          ε     ±% |   Cs_МК  Cs_ДЕБ  ДЕБ_нк Cs_ФОРМ | МК−ДЕБ% МК−ФОРМ%
      238.6   H2O  1.00 | 1.188E-001   0.10 |  1.1800  1.1405  1.1393       - |    3.46       -
      контроль воды на 238.6: F = 0.8475 (ожидание ≤ 0.95) — ДА
      238.6  SiO2  1.60 | 1.108E-001   0.10 |  1.2652  1.2087  1.2051  1.2056 |    4.67    4.94
      238.6  SiO2  2.80 | 9.440E-002   0.11 |  1.4847  1.3812  1.3743  1.3871 |    7.49    7.03
      911.2   H2O  1.00 | 4.629E-002   0.17 |  1.0967  1.0793  1.0792       - |    1.61       -
      911.2  SiO2  1.60 | 4.450E-002   0.18 |  1.1407  1.1154  1.1152  1.1135 |    2.27    2.45
      911.2  SiO2  2.80 | 4.052E-002   0.18 |  1.2529  1.2072  1.2067  1.2069 |    3.79    3.80
     2614.5   H2O  1.00 | 1.868E-002   0.29 |  1.0542  1.0454  1.0454       - |    0.85       -
     2614.5  SiO2  1.60 | 1.824E-002   0.29 |  1.0797  1.0666  1.0666  1.0660 |    1.22    1.29
     2614.5  SiO2  2.80 | 1.725E-002   0.29 |  1.1417  1.1184  1.1183  1.1183 |    2.08    2.10

записано: C:\Users\moroz\source\repos\BQ Eng res .NET 4.8\handover\p36-e10\ablation\selfabs_noscatter.csv
КОНТРОЛИ: ДА
EXIT_noscatter=0 seconds=18
##### вариант nocohpass 23:47:49
E10: самопоглощение маринелли, NaI 76.2x76.2 мм, историй 4000000, потоков 12, возврат рассеянного да, когерентное сквозь нет
заданий: 12
счёт занял 47 с

=== сцена J: Jodłowski 710 мл, Al 1 мм, слой 19 мм
    объём пробы 710.0 мл; точечный детектор ДЕБ на 39.1 мм под нижней поверхностью пробы
    ДЕБ на 238.6 кэВ, ρ = 2.4: глубина 39.1 мм → Cs 1.3222; глубина 41.6 мм → Cs 1.3213 (разница -0.07 %)
      E,кэВ  вещ.     ρ |          ε     ±% |   Cs_МК  Cs_ДЕБ  ДЕБ_нк Cs_ФОРМ | МК−ДЕБ% МК−ФОРМ%
      238.6   H2O  1.00 | 1.230E-001   0.10 |  1.1540  1.1405  1.1393       - |    1.19       -
      контроль воды на 238.6: F = 0.8665 (ожидание ≤ 0.95) — ДА
      238.6  SiO2  1.60 | 1.157E-001   0.10 |  1.2267  1.2087  1.2051  1.2056 |    1.48    1.75
      238.6  SiO2  2.80 | 1.002E-001   0.10 |  1.4156  1.3812  1.3743  1.3871 |    2.49    2.05
      911.2   H2O  1.00 | 4.629E-002   0.17 |  1.0942  1.0793  1.0792       - |    1.38       -
      911.2  SiO2  1.60 | 4.459E-002   0.17 |  1.1358  1.1154  1.1152  1.1135 |    1.83    2.01
      911.2  SiO2  2.80 | 4.068E-002   0.18 |  1.2450  1.2072  1.2067  1.2069 |    3.14    3.16
     2614.5   H2O  1.00 | 1.868E-002   0.28 |  1.0512  1.0454  1.0454       - |    0.56       -
     2614.5  SiO2  1.60 | 1.823E-002   0.29 |  1.0774  1.0666  1.0666  1.0660 |    1.01    1.08
     2614.5  SiO2  2.80 | 1.724E-002   0.29 |  1.1388  1.1184  1.1183  1.1183 |    1.83    1.84

записано: C:\Users\moroz\source\repos\BQ Eng res .NET 4.8\handover\p36-e10\ablation\selfabs_nocohpass.csv
КОНТРОЛИ: ДА
EXIT_nocohpass=0 seconds=47
##### вариант crystal20 23:48:36
E10: самопоглощение маринелли, NaI 20x20 мм, историй 20000000, потоков 12, возврат рассеянного да, когерентное сквозь да
заданий: 12
счёт занял 144 с

=== сцена J: Jodłowski 710 мл, Al 1 мм, слой 19 мм
    объём пробы 710.0 мл; точечный детектор ДЕБ на 39.1 мм под нижней поверхностью пробы
    ДЕБ на 238.6 кэВ, ρ = 2.4: глубина 39.1 мм → Cs 1.3222; глубина 41.6 мм → Cs 1.3213 (разница -0.07 %)
      E,кэВ  вещ.     ρ |          ε     ±% |   Cs_МК  Cs_ДЕБ  ДЕБ_нк Cs_ФОРМ | МК−ДЕБ% МК−ФОРМ%
      238.6   H2O  1.00 | 4.332E-003   0.13 |  1.1201  1.1405  1.1393       - |   -1.79       -
      контроль воды на 238.6: F = 0.8928 (ожидание ≤ 0.95) — ДА
      238.6  SiO2  1.60 | 4.128E-003   0.13 |  1.1756  1.2087  1.2051  1.2056 |   -2.75   -2.49
      238.6  SiO2  2.80 | 3.683E-003   0.14 |  1.3173  1.3812  1.3743  1.3871 |   -4.62   -5.03
      911.2   H2O  1.00 | 4.763E-004   0.41 |  1.0787  1.0793  1.0792       - |   -0.05       -
      911.2  SiO2  1.60 | 4.630E-004   0.42 |  1.1098  1.1154  1.1152  1.1135 |   -0.51   -0.33
      911.2  SiO2  2.80 | 4.315E-004   0.42 |  1.1909  1.2072  1.2067  1.2069 |   -1.34   -1.33
     2614.5   H2O  1.00 | 9.188E-005   0.96 |  1.0564  1.0454  1.0454       - |    1.06       -
     2614.5  SiO2  1.60 | 8.891E-005   0.98 |  1.0916  1.0666  1.0666  1.0660 |    2.34    2.41
     2614.5  SiO2  2.80 | 8.488E-005   0.98 |  1.1435  1.1184  1.1183  1.1183 |    2.25    2.26

записано: C:\Users\moroz\source\repos\BQ Eng res .NET 4.8\handover\p36-e10\ablation\selfabs_crystal20.csv
КОНТРОЛИ: ДА
EXIT_crystal20=0 seconds=144
EXIT=0
