exe sha256: FF01F02EF9E21896654A648CB32D192A0460527CCB65D0F094201C72593DE3EA
##### вариант crystal20_noscatter 23:52:13
E10: самопоглощение маринелли, NaI 20x20 мм, историй 20000000, потоков 12, возврат рассеянного нет, когерентное сквозь да
заданий: 12
счёт занял 39 с

=== сцена J: Jodłowski 710 мл, Al 1 мм, слой 19 мм
    объём пробы 710.0 мл; точечный детектор ДЕБ на 39.1 мм под нижней поверхностью пробы
    ДЕБ на 238.6 кэВ, ρ = 2.4: глубина 39.1 мм → Cs 1.3222; глубина 41.6 мм → Cs 1.3213 (разница -0.07 %)
      E,кэВ  вещ.     ρ |          ε     ±% |   Cs_МК  Cs_ДЕБ  ДЕБ_нк Cs_ФОРМ | МК−ДЕБ% МК−ФОРМ%
      238.6   H2O  1.00 | 4.192E-003   0.13 |  1.1423  1.1405  1.1393       - |    0.16       -
      контроль воды на 238.6: F = 0.8754 (ожидание ≤ 0.95) — ДА
      238.6  SiO2  1.60 | 3.959E-003   0.14 |  1.2095  1.2087  1.2051  1.2056 |    0.06    0.32
      238.6  SiO2  2.80 | 3.464E-003   0.14 |  1.3826  1.3812  1.3743  1.3871 |    0.10   -0.33
      911.2   H2O  1.00 | 4.723E-004   0.42 |  1.0810  1.0793  1.0792       - |    0.16       -
      911.2  SiO2  1.60 | 4.567E-004   0.42 |  1.1178  1.1154  1.1152  1.1135 |    0.22    0.39
      911.2  SiO2  2.80 | 4.214E-004   0.43 |  1.2117  1.2072  1.2067  1.2069 |    0.37    0.39
     2614.5   H2O  1.00 | 9.214E-005   0.96 |  1.0459  1.0454  1.0454       - |    0.05       -
     2614.5  SiO2  1.60 | 9.028E-005   0.97 |  1.0675  1.0666  1.0666  1.0660 |    0.08    0.14
     2614.5  SiO2  2.80 | 8.605E-005   0.98 |  1.1199  1.1184  1.1183  1.1183 |    0.13    0.15

записано: C:\Users\moroz\source\repos\BQ Eng res .NET 4.8\handover\p36-e10\ablation\selfabs_crystal20_noscatter.csv
КОНТРОЛИ: ДА
EXIT_crystal20_noscatter=0 seconds=39
##### вариант crystal40_noscatter 23:52:52
E10: самопоглощение маринелли, NaI 40x40 мм, историй 8000000, потоков 12, возврат рассеянного нет, когерентное сквозь да
заданий: 12
счёт занял 27 с

=== сцена J: Jodłowski 710 мл, Al 1 мм, слой 19 мм
    объём пробы 710.0 мл; точечный детектор ДЕБ на 39.1 мм под нижней поверхностью пробы
    ДЕБ на 238.6 кэВ, ρ = 2.4: глубина 39.1 мм → Cs 1.3222; глубина 41.6 мм → Cs 1.3213 (разница -0.07 %)
      E,кэВ  вещ.     ρ |          ε     ±% |   Cs_МК  Cs_ДЕБ  ДЕБ_нк Cs_ФОРМ | МК−ДЕБ% МК−ФОРМ%
      238.6   H2O  1.00 | 2.481E-002   0.11 |  1.1486  1.1405  1.1393       - |    0.71       -
      контроль воды на 238.6: F = 0.8707 (ожидание ≤ 0.95) — ДА
      238.6  SiO2  1.60 | 2.338E-002   0.11 |  1.2188  1.2087  1.2051  1.2056 |    0.84    1.10
      238.6  SiO2  2.80 | 2.036E-002   0.11 |  1.3999  1.3812  1.3743  1.3871 |    1.36    0.92
      911.2   H2O  1.00 | 5.286E-003   0.24 |  1.0834  1.0793  1.0792       - |    0.39       -
      911.2  SiO2  1.60 | 5.107E-003   0.25 |  1.1214  1.1154  1.1152  1.1135 |    0.54    0.71
      911.2  SiO2  2.80 | 4.701E-003   0.25 |  1.2181  1.2072  1.2067  1.2069 |    0.91    0.93
     2614.5   H2O  1.00 | 1.520E-003   0.46 |  1.0475  1.0454  1.0454       - |    0.21       -
     2614.5  SiO2  1.60 | 1.488E-003   0.47 |  1.0698  1.0666  1.0666  1.0660 |    0.30    0.36
     2614.5  SiO2  2.80 | 1.416E-003   0.47 |  1.1241  1.1184  1.1183  1.1183 |    0.52    0.53

записано: C:\Users\moroz\source\repos\BQ Eng res .NET 4.8\handover\p36-e10\ablation\selfabs_crystal40_noscatter.csv
КОНТРОЛИ: ДА
EXIT_crystal40_noscatter=0 seconds=27
EXIT=0
