область 2 целиком затенена областью 1 — выброшена (в сцене симулятора она тоже недостижима)
SETUP correlatedGamma=0 twoJmax=10 vacuum=1 seed=0 killesc=0 killcarry=0 fullcarry=0
CUTS (production thresholds per material couple):
 Material : G4_Galactic
 Range cuts        :  gamma  1 mm     e-  1 mm     e+  1 mm  proton 1 mm 
 Energy thresholds :  gamma  990 eV     e-  990 eV     e+  990 eV  proton 100 keV
 Material : scene_mat_3
 Range cuts        :  gamma  1 mm     e-  1 mm     e+  1 mm  proton 1 mm 
 Energy thresholds :  gamma  6.91691 keV    e-  597.603 keV    e+  574.29 keV proton 100 keV
 Material : scene_mat_1
 Range cuts        :  gamma  1 mm     e-  1 mm     e+  1 mm  proton 1 mm 
 Energy thresholds :  gamma  4.39533 keV    e-  541.252 keV    e+  522.087 keV proton 100 keV
 Material : scene_mat_0
 Range cuts        :  gamma  1 mm     e-  1 mm     e+  1 mm  proton 1 mm 
 Energy thresholds :  gamma  38.4662 keV    e-  692.485 keV    e+  658.149 keV proton 100 keV
RESULT decays=20000000
RESULT any=569153 eps_total=2.845765e-02
RESULT window=2614.511 counts=20451 eps=1.022550e-03
HISTBEGIN bins=2616 bin_kev=1.000000 decays=20000000
HIST 0 98
HIST 1 248
HIST 2 279
HIST 3 295
HIST 4 244
HIST 5 298
HIST 6 312
HIST 7 338
HIST 8 303
HIST 9 313
HIST 10 301
HIST 11 297
HIST 12 324
HIST 13 298
HIST 14 278
HIST 15 296
HIST 16 287
HIST 17 296
HIST 18 294
HIST 19 287
HIST 20 271
HIST 21 297
HIST 22 323
HIST 23 300
HIST 24 327
HIST 25 293
HIST 26 300
HIST 27 315
HIST 28 309
HIST 29 308
HIST 30 288
HIST 31 306
HIST 32 255
HIST 33 267
HIST 34 271
HIST 35 298
HIST 36 321
HIST 37 291
HIST 38 264
HIST 39 283
HIST 40 276
HIST 41 286
HIST 42 300
HIST 43 306
HIST 44 318
HIST 45 282
HIST 46 275
HIST 47 308
HIST 48 265
HIST 49 278
HIST 50 275
HIST 51 274
HIST 52 262
HIST 53 278
HIST 54 277
HIST 55 275
HIST 56 303
HIST 57 267
HIST 58 274
HIST 59 256
HIST 60 255
HIST 61 271
HIST 62 254
HIST 63 266
HIST 64 258
HIST 65 269
HIST 66 266
HIST 67 255
HIST 68 268
HIST 69 296
HIST 70 274
HIST 71 277
HIST 72 288
HIST 73 263
HIST 74 267
HIST 75 257
HIST 76 263
HIST 77 241
HIST 78 280
HIST 79 287
HIST 80 269
HIST 81 248
HIST 82 259
HIST 83 246
HIST 84 249
HIST 85 233
HIST 86 274
HIST 87 294
HIST 88 245
HIST 89 251
HIST 90 269
HIST 91 275
HIST 92 257
HIST 93 284
HIST 94 275
HIST 95 242
HIST 96 254
HIST 97 261
HIST 98 243
HIST 99 264
HIST 100 256
HIST 101 251
HIST 102 278
HIST 103 229
HIST 104 223
HIST 105 246
HIST 106 263
HIST 107 277
HIST 108 272
HIST 109 244
HIST 110 268
HIST 111 228
HIST 112 271
HIST 113 273
HIST 114 219
HIST 115 268
HIST 116 229
HIST 117 234
HIST 118 245
HIST 119 258
HIST 120 254
HIST 121 270
HIST 122 257
HIST 123 259
HIST 124 250
HIST 125 260
HIST 126 243
HIST 127 245
HIST 128 241
HIST 129 261
HIST 130 222
HIST 131 241
HIST 132 245
HIST 133 244
HIST 134 238
HIST 135 253
HIST 136 237
HIST 137 261
HIST 138 247
HIST 139 253
HIST 140 249
HIST 141 228
HIST 142 238
HIST 143 247
HIST 144 245
HIST 145 233
HIST 146 233
HIST 147 236
HIST 148 233
HIST 149 250
HIST 150 244
HIST 151 277
HIST 152 275
HIST 153 240
HIST 154 244
HIST 155 245
HIST 156 282
HIST 157 235
HIST 158 260
HIST 159 241
HIST 160 252
HIST 161 236
HIST 162 244
HIST 163 264
HIST 164 263
HIST 165 233
HIST 166 218
HIST 167 213
HIST 168 239
HIST 169 248
HIST 170 252
HIST 171 246
HIST 172 239
HIST 173 217
HIST 174 255
HIST 175 248
HIST 176 226
HIST 177 235
HIST 178 229
HIST 179 258
HIST 180 247
HIST 181 221
HIST 182 242
HIST 183 221
HIST 184 235
HIST 185 220
HIST 186 254
HIST 187 247
HIST 188 249
HIST 189 246
HIST 190 213
HIST 191 228
HIST 192 254
HIST 193 223
HIST 194 206
HIST 195 214
HIST 196 222
HIST 197 216
HIST 198 235
HIST 199 249
HIST 200 210
HIST 201 242
HIST 202 248
HIST 203 238
HIST 204 221
HIST 205 240
HIST 206 242
HIST 207 237
HIST 208 233
HIST 209 217
HIST 210 249
HIST 211 244
HIST 212 245
HIST 213 241
HIST 214 244
HIST 215 240
HIST 216 229
HIST 217 242
HIST 218 238
HIST 219 240
HIST 220 237
HIST 221 224
HIST 222 238
HIST 223 227
HIST 224 233
HIST 225 206
HIST 226 204
HIST 227 227
HIST 228 238
HIST 229 221
HIST 230 269
HIST 231 242
HIST 232 236
HIST 233 265
HIST 234 304
HIST 235 312
HIST 236 311
HIST 237 282
HIST 238 280
HIST 239 256
HIST 240 290
HIST 241 305
HIST 242 284
HIST 243 310
HIST 244 302
HIST 245 311
HIST 246 278
HIST 247 234
HIST 248 275
HIST 249 265
HIST 250 295
HIST 251 250
HIST 252 277
HIST 253 267
HIST 254 296
HIST 255 286
HIST 256 289
HIST 257 249
HIST 258 276
HIST 259 269
HIST 260 275
HIST 261 228
HIST 262 265
HIST 263 252
HIST 264 267
HIST 265 265
HIST 266 250
HIST 267 264
HIST 268 248
HIST 269 287
HIST 270 250
HIST 271 254
HIST 272 273
HIST 273 269
HIST 274 287
HIST 275 262
HIST 276 270
HIST 277 237
HIST 278 230
HIST 279 257
HIST 280 285
HIST 281 228
HIST 282 263
HIST 283 256
HIST 284 255
HIST 285 277
HIST 286 268
HIST 287 265
HIST 288 271
HIST 289 271
HIST 290 265
HIST 291 235
HIST 292 261
HIST 293 241
HIST 294 238
HIST 295 252
HIST 296 231
HIST 297 249
HIST 298 239
HIST 299 264
HIST 300 246
HIST 301 231
HIST 302 253
HIST 303 243
HIST 304 251
HIST 305 215
HIST 306 230
HIST 307 231
HIST 308 240
HIST 309 235
HIST 310 240
HIST 311 230
HIST 312 233
HIST 313 258
HIST 314 235
HIST 315 244
HIST 316 232
HIST 317 232
HIST 318 228
HIST 319 253
HIST 320 218
HIST 321 234
HIST 322 220
HIST 323 239
HIST 324 221
HIST 325 224
HIST 326 234
HIST 327 226
HIST 328 286
HIST 329 232
HIST 330 244
HIST 331 258
HIST 332 221
HIST 333 237
HIST 334 259
HIST 335 246
HIST 336 243
HIST 337 214
HIST 338 213
HIST 339 215
HIST 340 237
HIST 341 220
HIST 342 239
HIST 343 225
HIST 344 234
HIST 345 204
HIST 346 222
HIST 347 238
HIST 348 235
HIST 349 231
HIST 350 243
HIST 351 227
HIST 352 231
HIST 353 245
HIST 354 234
HIST 355 274
HIST 356 216
HIST 357 216
HIST 358 236
HIST 359 214
HIST 360 221
HIST 361 244
HIST 362 238
HIST 363 231
HIST 364 223
HIST 365 206
HIST 366 225
HIST 367 220
HIST 368 216
HIST 369 222
HIST 370 227
HIST 371 209
HIST 372 203
HIST 373 191
HIST 374 211
HIST 375 206
HIST 376 216
HIST 377 234
HIST 378 222
HIST 379 198
HIST 380 187
HIST 381 216
HIST 382 262
HIST 383 228
HIST 384 202
HIST 385 212
HIST 386 228
HIST 387 224
HIST 388 214
HIST 389 212
HIST 390 227
HIST 391 241
HIST 392 231
HIST 393 206
HIST 394 199
HIST 395 240
HIST 396 232
HIST 397 226
HIST 398 202
HIST 399 233
HIST 400 209
HIST 401 184
HIST 402 211
HIST 403 217
HIST 404 225
HIST 405 221
HIST 406 203
HIST 407 251
HIST 408 226
HIST 409 212
HIST 410 230
HIST 411 197
HIST 412 213
HIST 413 201
HIST 414 198
HIST 415 209
HIST 416 198
HIST 417 214
HIST 418 219
HIST 419 209
HIST 420 208
HIST 421 193
HIST 422 204
HIST 423 208
HIST 424 196
HIST 425 217
HIST 426 236
HIST 427 198
HIST 428 209
HIST 429 222
HIST 430 182
HIST 431 227
HIST 432 198
HIST 433 193
HIST 434 212
HIST 435 208
HIST 436 228
HIST 437 197
HIST 438 216
HIST 439 215
HIST 440 218
HIST 441 199
HIST 442 207
HIST 443 213
HIST 444 212
HIST 445 200
HIST 446 213
HIST 447 234
HIST 448 209
HIST 449 227
HIST 450 204
HIST 451 205
HIST 452 216
HIST 453 219
HIST 454 213
HIST 455 181
HIST 456 240
HIST 457 171
HIST 458 230
HIST 459 197
HIST 460 223
HIST 461 208
HIST 462 185
HIST 463 185
HIST 464 213
HIST 465 211
HIST 466 172
HIST 467 215
HIST 468 203
HIST 469 178
HIST 470 212
HIST 471 207
HIST 472 226
HIST 473 166
HIST 474 215
HIST 475 224
HIST 476 226
HIST 477 189
HIST 478 234
HIST 479 217
HIST 480 196
HIST 481 207
HIST 482 220
HIST 483 209
HIST 484 186
HIST 485 215
HIST 486 193
HIST 487 189
HIST 488 203
HIST 489 206
HIST 490 201
HIST 491 182
HIST 492 183
HIST 493 210
HIST 494 208
HIST 495 193
HIST 496 229
HIST 497 180
HIST 498 209
HIST 499 205
HIST 500 195
HIST 501 232
HIST 502 211
HIST 503 209
HIST 504 201
HIST 505 210
HIST 506 183
HIST 507 204
HIST 508 179
HIST 509 209
HIST 510 201
HIST 511 312
HIST 512 192
HIST 513 214
HIST 514 200
HIST 515 219
HIST 516 193
HIST 517 209
HIST 518 200
HIST 519 206
HIST 520 219
HIST 521 223
HIST 522 218
HIST 523 192
HIST 524 185
HIST 525 187
HIST 526 207
HIST 527 206
HIST 528 198
HIST 529 192
HIST 530 215
HIST 531 203
HIST 532 183
HIST 533 208
HIST 534 202
HIST 535 182
HIST 536 199
HIST 537 225
HIST 538 195
HIST 539 186
HIST 540 202
HIST 541 194
HIST 542 194
HIST 543 210
HIST 544 184
HIST 545 197
HIST 546 186
HIST 547 207
HIST 548 193
HIST 549 183
HIST 550 198
HIST 551 178
HIST 552 210
HIST 553 210
HIST 554 204
HIST 555 232
HIST 556 207
HIST 557 194
HIST 558 202
HIST 559 199
HIST 560 200
HIST 561 202
HIST 562 207
HIST 563 190
HIST 564 209
HIST 565 205
HIST 566 198
HIST 567 218
HIST 568 191
HIST 569 209
HIST 570 184
HIST 571 205
HIST 572 231
HIST 573 217
HIST 574 212
HIST 575 171
HIST 576 215
HIST 577 186
HIST 578 205
HIST 579 195
HIST 580 197
HIST 581 198
HIST 582 190
HIST 583 210
HIST 584 176
HIST 585 195
HIST 586 208
HIST 587 199
HIST 588 200
HIST 589 194
HIST 590 191
HIST 591 213
HIST 592 200
HIST 593 195
HIST 594 215
HIST 595 212
HIST 596 184
HIST 597 210
HIST 598 184
HIST 599 204
HIST 600 193
HIST 601 184
HIST 602 204
HIST 603 197
HIST 604 183
HIST 605 207
HIST 606 186
HIST 607 177
HIST 608 180
HIST 609 184
HIST 610 179
HIST 611 170
HIST 612 206
HIST 613 184
HIST 614 186
HIST 615 186
HIST 616 210
HIST 617 185
HIST 618 197
HIST 619 198
HIST 620 196
HIST 621 198
HIST 622 174
HIST 623 202
HIST 624 225
HIST 625 171
HIST 626 189
HIST 627 193
HIST 628 176
HIST 629 196
HIST 630 213
HIST 631 202
HIST 632 156
HIST 633 202
HIST 634 225
HIST 635 186
HIST 636 186
HIST 637 164
HIST 638 203
HIST 639 195
HIST 640 226
HIST 641 190
HIST 642 177
HIST 643 214
HIST 644 189
HIST 645 205
HIST 646 213
HIST 647 183
HIST 648 183
HIST 649 188
HIST 650 204
HIST 651 203
HIST 652 171
HIST 653 204
HIST 654 219
HIST 655 194
HIST 656 215
HIST 657 179
HIST 658 184
HIST 659 176
HIST 660 195
HIST 661 195
HIST 662 201
HIST 663 184
HIST 664 187
HIST 665 206
HIST 666 164
HIST 667 181
HIST 668 208
HIST 669 177
HIST 670 179
HIST 671 201
HIST 672 185
HIST 673 181
HIST 674 197
HIST 675 197
HIST 676 187
HIST 677 160
HIST 678 176
HIST 679 193
HIST 680 199
HIST 681 192
HIST 682 220
HIST 683 196
HIST 684 205
HIST 685 187
HIST 686 209
HIST 687 182
HIST 688 188
HIST 689 204
HIST 690 201
HIST 691 216
HIST 692 187
HIST 693 175
HIST 694 192
HIST 695 159
HIST 696 186
HIST 697 190
HIST 698 172
HIST 699 153
HIST 700 217
HIST 701 175
HIST 702 188
HIST 703 180
HIST 704 151
HIST 705 193
HIST 706 180
HIST 707 193
HIST 708 183
HIST 709 178
HIST 710 181
HIST 711 189
HIST 712 191
HIST 713 183
HIST 714 193
HIST 715 170
HIST 716 200
HIST 717 177
HIST 718 181
HIST 719 184
HIST 720 209
HIST 721 171
HIST 722 197
HIST 723 185
HIST 724 179
HIST 725 190
HIST 726 194
HIST 727 204
HIST 728 186
HIST 729 173
HIST 730 185
HIST 731 184
HIST 732 187
HIST 733 195
HIST 734 190
HIST 735 182
HIST 736 158
HIST 737 222
HIST 738 187
HIST 739 206
HIST 740 187
HIST 741 213
HIST 742 180
HIST 743 190
HIST 744 172
HIST 745 201
HIST 746 176
HIST 747 188
HIST 748 179
HIST 749 182
HIST 750 196
HIST 751 171
HIST 752 207
HIST 753 158
HIST 754 181
HIST 755 196
HIST 756 193
HIST 757 182
HIST 758 157
HIST 759 189
HIST 760 192
HIST 761 182
HIST 762 191
HIST 763 199
HIST 764 174
HIST 765 212
HIST 766 191
HIST 767 185
HIST 768 167
HIST 769 222
HIST 770 192
HIST 771 180
HIST 772 167
HIST 773 179
HIST 774 169
HIST 775 167
HIST 776 193
HIST 777 173
HIST 778 175
HIST 779 163
HIST 780 198
HIST 781 177
HIST 782 169
HIST 783 196
HIST 784 193
HIST 785 191
HIST 786 178
HIST 787 174
HIST 788 176
HIST 789 173
HIST 790 189
HIST 791 160
HIST 792 182
HIST 793 178
HIST 794 183
HIST 795 203
HIST 796 181
HIST 797 169
HIST 798 164
HIST 799 170
HIST 800 187
HIST 801 191
HIST 802 205
HIST 803 185
HIST 804 182
HIST 805 190
HIST 806 207
HIST 807 189
HIST 808 195
HIST 809 175
HIST 810 194
HIST 811 176
HIST 812 192
HIST 813 198
HIST 814 208
HIST 815 193
HIST 816 186
HIST 817 172
HIST 818 200
HIST 819 182
HIST 820 163
HIST 821 187
HIST 822 191
HIST 823 188
HIST 824 206
HIST 825 191
HIST 826 194
HIST 827 184
HIST 828 166
HIST 829 193
HIST 830 187
HIST 831 186
HIST 832 183
HIST 833 182
HIST 834 176
HIST 835 193
HIST 836 141
HIST 837 191
HIST 838 188
HIST 839 207
HIST 840 175
HIST 841 167
HIST 842 172
HIST 843 204
HIST 844 181
HIST 845 172
HIST 846 180
HIST 847 176
HIST 848 189
HIST 849 181
HIST 850 167
HIST 851 189
HIST 852 204
HIST 853 185
HIST 854 167
HIST 855 164
HIST 856 191
HIST 857 172
HIST 858 180
HIST 859 157
HIST 860 158
HIST 861 188
HIST 862 162
HIST 863 187
HIST 864 178
HIST 865 191
HIST 866 173
HIST 867 169
HIST 868 212
HIST 869 189
HIST 870 196
HIST 871 182
HIST 872 160
HIST 873 149
HIST 874 197
HIST 875 186
HIST 876 185
HIST 877 195
HIST 878 189
HIST 879 195
HIST 880 178
HIST 881 191
HIST 882 171
HIST 883 183
HIST 884 159
HIST 885 179
HIST 886 188
HIST 887 190
HIST 888 184
HIST 889 177
HIST 890 192
HIST 891 174
HIST 892 161
HIST 893 168
HIST 894 167
HIST 895 183
HIST 896 191
HIST 897 192
HIST 898 189
HIST 899 173
HIST 900 174
HIST 901 190
HIST 902 173
HIST 903 190
HIST 904 179
HIST 905 162
HIST 906 178
HIST 907 188
HIST 908 148
HIST 909 188
HIST 910 168
HIST 911 176
HIST 912 191
HIST 913 164
HIST 914 204
HIST 915 192
HIST 916 190
HIST 917 170
HIST 918 201
HIST 919 175
HIST 920 170
HIST 921 170
HIST 922 175
HIST 923 171
HIST 924 197
HIST 925 168
HIST 926 175
HIST 927 177
HIST 928 176
HIST 929 188
HIST 930 197
HIST 931 163
HIST 932 194
HIST 933 186
HIST 934 187
HIST 935 163
HIST 936 149
HIST 937 187
HIST 938 189
HIST 939 179
HIST 940 184
HIST 941 170
HIST 942 178
HIST 943 185
HIST 944 199
HIST 945 169
HIST 946 165
HIST 947 185
HIST 948 191
HIST 949 149
HIST 950 179
HIST 951 162
HIST 952 181
HIST 953 179
HIST 954 189
HIST 955 171
HIST 956 183
HIST 957 169
HIST 958 174
HIST 959 159
HIST 960 164
HIST 961 165
HIST 962 177
HIST 963 171
HIST 964 185
HIST 965 178
HIST 966 188
HIST 967 159
HIST 968 184
HIST 969 170
HIST 970 187
HIST 971 166
HIST 972 200
HIST 973 173
HIST 974 173
HIST 975 178
HIST 976 174
HIST 977 185
HIST 978 173
HIST 979 175
HIST 980 173
HIST 981 168
HIST 982 160
HIST 983 167
HIST 984 186
HIST 985 150
HIST 986 163
HIST 987 151
HIST 988 176
HIST 989 182
HIST 990 195
HIST 991 159
HIST 992 177
HIST 993 172
HIST 994 172
HIST 995 182
HIST 996 178
HIST 997 174
HIST 998 169
HIST 999 173
HIST 1000 166
HIST 1001 142
HIST 1002 185
HIST 1003 161
HIST 1004 188
HIST 1005 160
HIST 1006 199
HIST 1007 163
HIST 1008 179
HIST 1009 166
HIST 1010 168
HIST 1011 173
HIST 1012 183
HIST 1013 170
HIST 1014 162
HIST 1015 175
HIST 1016 177
HIST 1017 168
HIST 1018 166
HIST 1019 175
HIST 1020 179
HIST 1021 170
HIST 1022 178
HIST 1023 180
HIST 1024 174
HIST 1025 150
HIST 1026 163
HIST 1027 181
HIST 1028 189
HIST 1029 156
HIST 1030 177
HIST 1031 192
HIST 1032 184
HIST 1033 184
HIST 1034 173
HIST 1035 200
HIST 1036 172
HIST 1037 168
HIST 1038 163
HIST 1039 132
HIST 1040 175
HIST 1041 183
HIST 1042 188
HIST 1043 191
HIST 1044 153
HIST 1045 165
HIST 1046 193
HIST 1047 163
HIST 1048 204
HIST 1049 182
HIST 1050 176
HIST 1051 173
HIST 1052 184
HIST 1053 176
HIST 1054 175
HIST 1055 168
HIST 1056 156
HIST 1057 178
HIST 1058 179
HIST 1059 171
HIST 1060 174
HIST 1061 159
HIST 1062 155
HIST 1063 183
HIST 1064 181
HIST 1065 164
HIST 1066 162
HIST 1067 164
HIST 1068 193
HIST 1069 186
HIST 1070 179
HIST 1071 167
HIST 1072 177
HIST 1073 194
HIST 1074 159
HIST 1075 176
HIST 1076 168
HIST 1077 170
HIST 1078 181
HIST 1079 172
HIST 1080 154
HIST 1081 189
HIST 1082 155
HIST 1083 160
HIST 1084 166
HIST 1085 172
HIST 1086 172
HIST 1087 164
HIST 1088 175
HIST 1089 159
HIST 1090 168
HIST 1091 174
HIST 1092 159
HIST 1093 165
HIST 1094 184
HIST 1095 161
HIST 1096 203
HIST 1097 171
HIST 1098 170
HIST 1099 182
HIST 1100 174
HIST 1101 183
HIST 1102 171
HIST 1103 175
HIST 1104 169
HIST 1105 166
HIST 1106 178
HIST 1107 199
HIST 1108 160
HIST 1109 194
HIST 1110 179
HIST 1111 163
HIST 1112 166
HIST 1113 157
HIST 1114 186
HIST 1115 176
HIST 1116 189
HIST 1117 184
HIST 1118 186
HIST 1119 199
HIST 1120 147
HIST 1121 182
HIST 1122 163
HIST 1123 172
HIST 1124 167
HIST 1125 185
HIST 1126 167
HIST 1127 170
HIST 1128 150
HIST 1129 171
HIST 1130 203
HIST 1131 180
HIST 1132 184
HIST 1133 188
HIST 1134 187
HIST 1135 171
HIST 1136 172
HIST 1137 186
HIST 1138 162
HIST 1139 166
HIST 1140 161
HIST 1141 166
HIST 1142 167
HIST 1143 170
HIST 1144 180
HIST 1145 169
HIST 1146 185
HIST 1147 184
HIST 1148 186
HIST 1149 180
HIST 1150 153
HIST 1151 179
HIST 1152 143
HIST 1153 165
HIST 1154 184
HIST 1155 153
HIST 1156 203
HIST 1157 162
HIST 1158 181
HIST 1159 181
HIST 1160 179
HIST 1161 170
HIST 1162 157
HIST 1163 180
HIST 1164 185
HIST 1165 170
HIST 1166 147
HIST 1167 160
HIST 1168 174
HIST 1169 162
HIST 1170 162
HIST 1171 173
HIST 1172 179
HIST 1173 177
HIST 1174 167
HIST 1175 166
HIST 1176 185
HIST 1177 162
HIST 1178 193
HIST 1179 189
HIST 1180 157
HIST 1181 177
HIST 1182 165
HIST 1183 157
HIST 1184 163
HIST 1185 170
HIST 1186 175
HIST 1187 188
HIST 1188 179
HIST 1189 169
HIST 1190 188
HIST 1191 150
HIST 1192 200
HIST 1193 177
HIST 1194 180
HIST 1195 192
HIST 1196 171
HIST 1197 163
HIST 1198 185
HIST 1199 170
HIST 1200 186
HIST 1201 155
HIST 1202 178
HIST 1203 180
HIST 1204 177
HIST 1205 166
HIST 1206 160
HIST 1207 168
HIST 1208 177
HIST 1209 191
HIST 1210 187
HIST 1211 180
HIST 1212 168
HIST 1213 165
HIST 1214 176
HIST 1215 171
HIST 1216 176
HIST 1217 181
HIST 1218 175
HIST 1219 156
HIST 1220 173
HIST 1221 180
HIST 1222 165
HIST 1223 166
HIST 1224 183
HIST 1225 183
HIST 1226 161
HIST 1227 178
HIST 1228 170
HIST 1229 167
HIST 1230 195
HIST 1231 189
HIST 1232 177
HIST 1233 195
HIST 1234 200
HIST 1235 175
HIST 1236 160
HIST 1237 161
HIST 1238 157
HIST 1239 181
HIST 1240 181
HIST 1241 158
HIST 1242 153
HIST 1243 186
HIST 1244 181
HIST 1245 167
HIST 1246 189
HIST 1247 166
HIST 1248 183
HIST 1249 162
HIST 1250 181
HIST 1251 163
HIST 1252 187
HIST 1253 167
HIST 1254 182
HIST 1255 156
HIST 1256 205
HIST 1257 173
HIST 1258 212
HIST 1259 164
HIST 1260 168
HIST 1261 175
HIST 1262 154
HIST 1263 179
HIST 1264 179
HIST 1265 177
HIST 1266 179
HIST 1267 161
HIST 1268 166
HIST 1269 176
HIST 1270 159
HIST 1271 174
HIST 1272 158
HIST 1273 162
HIST 1274 168
HIST 1275 176
HIST 1276 163
HIST 1277 158
HIST 1278 158
HIST 1279 159
HIST 1280 177
HIST 1281 194
HIST 1282 185
HIST 1283 193
HIST 1284 169
HIST 1285 179
HIST 1286 178
HIST 1287 190
HIST 1288 144
HIST 1289 192
HIST 1290 167
HIST 1291 156
HIST 1292 183
HIST 1293 190
HIST 1294 186
HIST 1295 166
HIST 1296 158
HIST 1297 169
HIST 1298 180
HIST 1299 186
HIST 1300 174
HIST 1301 168
HIST 1302 163
HIST 1303 161
HIST 1304 173
HIST 1305 167
HIST 1306 177
HIST 1307 181
HIST 1308 179
HIST 1309 188
HIST 1310 199
HIST 1311 155
HIST 1312 178
HIST 1313 165
HIST 1314 154
HIST 1315 177
HIST 1316 187
HIST 1317 164
HIST 1318 178
HIST 1319 182
HIST 1320 174
HIST 1321 172
HIST 1322 159
HIST 1323 165
HIST 1324 178
HIST 1325 167
HIST 1326 170
HIST 1327 171
HIST 1328 167
HIST 1329 167
HIST 1330 171
HIST 1331 163
HIST 1332 157
HIST 1333 190
HIST 1334 191
HIST 1335 181
HIST 1336 194
HIST 1337 166
HIST 1338 190
HIST 1339 155
HIST 1340 181
HIST 1341 184
HIST 1342 176
HIST 1343 159
HIST 1344 185
HIST 1345 161
HIST 1346 170
HIST 1347 166
HIST 1348 173
HIST 1349 175
HIST 1350 169
HIST 1351 186
HIST 1352 175
HIST 1353 178
HIST 1354 143
HIST 1355 182
HIST 1356 173
HIST 1357 167
HIST 1358 174
HIST 1359 171
HIST 1360 177
HIST 1361 170
HIST 1362 166
HIST 1363 171
HIST 1364 153
HIST 1365 190
HIST 1366 165
HIST 1367 185
HIST 1368 162
HIST 1369 177
HIST 1370 167
HIST 1371 207
HIST 1372 168
HIST 1373 185
HIST 1374 163
HIST 1375 166
HIST 1376 162
HIST 1377 174
HIST 1378 184
HIST 1379 177
HIST 1380 174
HIST 1381 156
HIST 1382 178
HIST 1383 179
HIST 1384 198
HIST 1385 184
HIST 1386 184
HIST 1387 171
HIST 1388 159
HIST 1389 205
HIST 1390 194
HIST 1391 196
HIST 1392 192
HIST 1393 174
HIST 1394 163
HIST 1395 153
HIST 1396 199
HIST 1397 180
HIST 1398 192
HIST 1399 175
HIST 1400 182
HIST 1401 172
HIST 1402 172
HIST 1403 180
HIST 1404 160
HIST 1405 188
HIST 1406 171
HIST 1407 162
HIST 1408 180
HIST 1409 170
HIST 1410 171
HIST 1411 188
HIST 1412 171
HIST 1413 201
HIST 1414 162
HIST 1415 196
HIST 1416 186
HIST 1417 189
HIST 1418 187
HIST 1419 166
HIST 1420 159
HIST 1421 191
HIST 1422 180
HIST 1423 188
HIST 1424 151
HIST 1425 192
HIST 1426 156
HIST 1427 176
HIST 1428 163
HIST 1429 193
HIST 1430 170
HIST 1431 177
HIST 1432 174
HIST 1433 169
HIST 1434 190
HIST 1435 186
HIST 1436 208
HIST 1437 161
HIST 1438 191
HIST 1439 154
HIST 1440 163
HIST 1441 181
HIST 1442 160
HIST 1443 141
HIST 1444 174
HIST 1445 203
HIST 1446 167
HIST 1447 181
HIST 1448 203
HIST 1449 184
HIST 1450 175
HIST 1451 183
HIST 1452 202
HIST 1453 181
HIST 1454 154
HIST 1455 188
HIST 1456 172
HIST 1457 182
HIST 1458 194
HIST 1459 164
HIST 1460 155
HIST 1461 155
HIST 1462 178
HIST 1463 154
HIST 1464 156
HIST 1465 177
HIST 1466 181
HIST 1467 176
HIST 1468 158
HIST 1469 189
HIST 1470 176
HIST 1471 175
HIST 1472 178
HIST 1473 177
HIST 1474 190
HIST 1475 171
HIST 1476 202
HIST 1477 185
HIST 1478 166
HIST 1479 187
HIST 1480 156
HIST 1481 212
HIST 1482 163
HIST 1483 161
HIST 1484 159
HIST 1485 174
HIST 1486 164
HIST 1487 182
HIST 1488 168
HIST 1489 190
HIST 1490 184
HIST 1491 180
HIST 1492 166
HIST 1493 146
HIST 1494 172
HIST 1495 192
HIST 1496 172
HIST 1497 162
HIST 1498 160
HIST 1499 199
HIST 1500 160
HIST 1501 161
HIST 1502 170
HIST 1503 173
HIST 1504 167
HIST 1505 181
HIST 1506 171
HIST 1507 177
HIST 1508 160
HIST 1509 180
HIST 1510 174
HIST 1511 168
HIST 1512 171
HIST 1513 175
HIST 1514 173
HIST 1515 175
HIST 1516 176
HIST 1517 174
HIST 1518 177
HIST 1519 155
HIST 1520 175
HIST 1521 166
HIST 1522 173
HIST 1523 159
HIST 1524 167
HIST 1525 172
HIST 1526 159
HIST 1527 173
HIST 1528 159
HIST 1529 156
HIST 1530 154
HIST 1531 200
HIST 1532 155
HIST 1533 176
HIST 1534 192
HIST 1535 192
HIST 1536 184
HIST 1537 168
HIST 1538 167
HIST 1539 169
HIST 1540 164
HIST 1541 159
HIST 1542 158
HIST 1543 150
HIST 1544 161
HIST 1545 176
HIST 1546 173
HIST 1547 161
HIST 1548 151
HIST 1549 170
HIST 1550 153
HIST 1551 165
HIST 1552 180
HIST 1553 156
HIST 1554 162
HIST 1555 186
HIST 1556 146
HIST 1557 162
HIST 1558 154
HIST 1559 149
HIST 1560 156
HIST 1561 153
HIST 1562 213
HIST 1563 167
HIST 1564 212
HIST 1565 164
HIST 1566 169
HIST 1567 173
HIST 1568 153
HIST 1569 178
HIST 1570 174
HIST 1571 163
HIST 1572 161
HIST 1573 155
HIST 1574 173
HIST 1575 149
HIST 1576 178
HIST 1577 151
HIST 1578 171
HIST 1579 160
HIST 1580 193
HIST 1581 161
HIST 1582 166
HIST 1583 160
HIST 1584 170
HIST 1585 144
HIST 1586 170
HIST 1587 174
HIST 1588 160
HIST 1589 175
HIST 1590 147
HIST 1591 155
HIST 1592 154
HIST 1593 44847
HIST 1594 173
HIST 1595 199
HIST 1596 209
HIST 1597 223
HIST 1598 214
HIST 1599 222
HIST 1600 204
HIST 1601 207
HIST 1602 202
HIST 1603 206
HIST 1604 199
HIST 1605 185
HIST 1606 206
HIST 1607 206
HIST 1608 212
HIST 1609 206
HIST 1610 213
HIST 1611 194
HIST 1612 209
HIST 1613 210
HIST 1614 209
HIST 1615 194
HIST 1616 212
HIST 1617 235
HIST 1618 223
HIST 1619 224
HIST 1620 206
HIST 1621 204
HIST 1622 213
HIST 1623 211
HIST 1624 186
HIST 1625 197
HIST 1626 194
HIST 1627 222
HIST 1628 178
HIST 1629 208
HIST 1630 187
HIST 1631 193
HIST 1632 216
HIST 1633 197
HIST 1634 225
HIST 1635 244
HIST 1636 207
HIST 1637 205
HIST 1638 206
HIST 1639 209
HIST 1640 207
HIST 1641 199
HIST 1642 195
HIST 1643 200
HIST 1644 199
HIST 1645 216
HIST 1646 205
HIST 1647 230
HIST 1648 190
HIST 1649 215
HIST 1650 200
HIST 1651 192
HIST 1652 185
HIST 1653 183
HIST 1654 210
HIST 1655 180
HIST 1656 201
HIST 1657 196
HIST 1658 207
HIST 1659 220
HIST 1660 257
HIST 1661 180
HIST 1662 206
HIST 1663 194
HIST 1664 205
HIST 1665 204
HIST 1666 217
HIST 1667 200
HIST 1668 207
HIST 1669 213
HIST 1670 214
HIST 1671 233
HIST 1672 200
HIST 1673 191
HIST 1674 197
HIST 1675 196
HIST 1676 204
HIST 1677 230
HIST 1678 214
HIST 1679 213
HIST 1680 232
HIST 1681 206
HIST 1682 195
HIST 1683 204
HIST 1684 193
HIST 1685 206
HIST 1686 219
HIST 1687 193
HIST 1688 193
HIST 1689 223
HIST 1690 206
HIST 1691 221
HIST 1692 203
HIST 1693 180
HIST 1694 210
HIST 1695 208
HIST 1696 197
HIST 1697 194
HIST 1698 212
HIST 1699 200
HIST 1700 211
HIST 1701 175
HIST 1702 203
HIST 1703 208
HIST 1704 220
HIST 1705 219
HIST 1706 172
HIST 1707 210
HIST 1708 223
HIST 1709 197
HIST 1710 210
HIST 1711 194
HIST 1712 203
HIST 1713 191
HIST 1714 202
HIST 1715 204
HIST 1716 206
HIST 1717 208
HIST 1718 217
HIST 1719 180
HIST 1720 232
HIST 1721 216
HIST 1722 215
HIST 1723 225
HIST 1724 237
HIST 1725 185
HIST 1726 178
HIST 1727 190
HIST 1728 185
HIST 1729 230
HIST 1730 179
HIST 1731 200
HIST 1732 205
HIST 1733 199
HIST 1734 232
HIST 1735 200
HIST 1736 218
HIST 1737 197
HIST 1738 212
HIST 1739 210
HIST 1740 214
HIST 1741 206
HIST 1742 189
HIST 1743 184
HIST 1744 218
HIST 1745 197
HIST 1746 222
HIST 1747 202
HIST 1748 234
HIST 1749 201
HIST 1750 187
HIST 1751 223
HIST 1752 224
HIST 1753 222
HIST 1754 189
HIST 1755 213
HIST 1756 202
HIST 1757 191
HIST 1758 199
HIST 1759 205
HIST 1760 195
HIST 1761 190
HIST 1762 195
HIST 1763 218
HIST 1764 228
HIST 1765 212
HIST 1766 210
HIST 1767 196
HIST 1768 236
HIST 1769 217
HIST 1770 205
HIST 1771 223
HIST 1772 192
HIST 1773 217
HIST 1774 225
HIST 1775 220
HIST 1776 206
HIST 1777 210
HIST 1778 228
HIST 1779 199
HIST 1780 197
HIST 1781 240
HIST 1782 222
HIST 1783 212
HIST 1784 213
HIST 1785 206
HIST 1786 199
HIST 1787 202
HIST 1788 228
HIST 1789 203
HIST 1790 218
HIST 1791 183
HIST 1792 217
HIST 1793 201
HIST 1794 196
HIST 1795 225
HIST 1796 193
HIST 1797 206
HIST 1798 209
HIST 1799 198
HIST 1800 172
HIST 1801 191
HIST 1802 203
HIST 1803 206
HIST 1804 178
HIST 1805 234
HIST 1806 222
HIST 1807 202
HIST 1808 198
HIST 1809 191
HIST 1810 201
HIST 1811 203
HIST 1812 200
HIST 1813 173
HIST 1814 206
HIST 1815 227
HIST 1816 202
HIST 1817 187
HIST 1818 212
HIST 1819 189
HIST 1820 211
HIST 1821 204
HIST 1822 175
HIST 1823 233
HIST 1824 204
HIST 1825 200
HIST 1826 212
HIST 1827 221
HIST 1828 213
HIST 1829 189
HIST 1830 217
HIST 1831 217
HIST 1832 195
HIST 1833 178
HIST 1834 234
HIST 1835 211
HIST 1836 221
HIST 1837 193
HIST 1838 213
HIST 1839 182
HIST 1840 211
HIST 1841 223
HIST 1842 191
HIST 1843 202
HIST 1844 182
HIST 1845 212
HIST 1846 215
HIST 1847 212
HIST 1848 247
HIST 1849 223
HIST 1850 197
HIST 1851 205
HIST 1852 212
HIST 1853 195
HIST 1854 221
HIST 1855 231
HIST 1856 180
HIST 1857 220
HIST 1858 201
HIST 1859 200
HIST 1860 218
HIST 1861 195
HIST 1862 214
HIST 1863 206
HIST 1864 227
HIST 1865 201
HIST 1866 220
HIST 1867 195
HIST 1868 198
HIST 1869 194
HIST 1870 227
HIST 1871 215
HIST 1872 233
HIST 1873 227
HIST 1874 209
HIST 1875 196
HIST 1876 221
HIST 1877 201
HIST 1878 201
HIST 1879 184
HIST 1880 222
HIST 1881 211
HIST 1882 226
HIST 1883 207
HIST 1884 204
HIST 1885 212
HIST 1886 197
HIST 1887 239
HIST 1888 225
HIST 1889 199
HIST 1890 214
HIST 1891 231
HIST 1892 211
HIST 1893 214
HIST 1894 221
HIST 1895 209
HIST 1896 204
HIST 1897 243
HIST 1898 212
HIST 1899 209
HIST 1900 192
HIST 1901 226
HIST 1902 208
HIST 1903 208
HIST 1904 234
HIST 1905 245
HIST 1906 220
HIST 1907 228
HIST 1908 218
HIST 1909 196
HIST 1910 200
HIST 1911 232
HIST 1912 194
HIST 1913 230
HIST 1914 215
HIST 1915 207
HIST 1916 220
HIST 1917 188
HIST 1918 188
HIST 1919 212
HIST 1920 203
HIST 1921 202
HIST 1922 192
HIST 1923 224
HIST 1924 201
HIST 1925 222
HIST 1926 216
HIST 1927 204
HIST 1928 164
HIST 1929 235
HIST 1930 186
HIST 1931 206
HIST 1932 204
HIST 1933 204
HIST 1934 220
HIST 1935 194
HIST 1936 178
HIST 1937 187
HIST 1938 178
HIST 1939 213
HIST 1940 202
HIST 1941 183
HIST 1942 193
HIST 1943 166
HIST 1944 201
HIST 1945 187
HIST 1946 174
HIST 1947 178
HIST 1948 190
HIST 1949 201
HIST 1950 202
HIST 1951 188
HIST 1952 188
HIST 1953 198
HIST 1954 221
HIST 1955 199
HIST 1956 211
HIST 1957 193
HIST 1958 176
HIST 1959 198
HIST 1960 168
HIST 1961 184
HIST 1962 205
HIST 1963 168
HIST 1964 201
HIST 1965 229
HIST 1966 181
HIST 1967 185
HIST 1968 188
HIST 1969 204
HIST 1970 177
HIST 1971 174
HIST 1972 187
HIST 1973 196
HIST 1974 197
HIST 1975 192
HIST 1976 191
HIST 1977 192
HIST 1978 194
HIST 1979 201
HIST 1980 194
HIST 1981 159
HIST 1982 189
HIST 1983 226
HIST 1984 179
HIST 1985 173
HIST 1986 178
HIST 1987 214
HIST 1988 215
HIST 1989 198
HIST 1990 203
HIST 1991 202
HIST 1992 198
HIST 1993 187
HIST 1994 194
HIST 1995 206
HIST 1996 203
HIST 1997 204
HIST 1998 189
HIST 1999 177
HIST 2000 198
HIST 2001 192
HIST 2002 171
HIST 2003 206
HIST 2004 209
HIST 2005 192
HIST 2006 208
HIST 2007 195
HIST 2008 214
HIST 2009 200
HIST 2010 195
HIST 2011 185
HIST 2012 218
HIST 2013 171
HIST 2014 204
HIST 2015 178
HIST 2016 212
HIST 2017 178
HIST 2018 187
HIST 2019 224
HIST 2020 199
HIST 2021 180
HIST 2022 209
HIST 2023 203
HIST 2024 181
HIST 2025 212
HIST 2026 191
HIST 2027 195
HIST 2028 189
HIST 2029 191
HIST 2030 201
HIST 2031 196
HIST 2032 203
HIST 2033 173
HIST 2034 197
HIST 2035 197
HIST 2036 172
HIST 2037 193
HIST 2038 211
HIST 2039 194
HIST 2040 224
HIST 2041 213
HIST 2042 213
HIST 2043 205
HIST 2044 182
HIST 2045 179
HIST 2046 203
HIST 2047 200
HIST 2048 195
HIST 2049 190
HIST 2050 195
HIST 2051 201
HIST 2052 204
HIST 2053 226
HIST 2054 211
HIST 2055 167
HIST 2056 187
HIST 2057 189
HIST 2058 186
HIST 2059 167
HIST 2060 203
HIST 2061 223
HIST 2062 210
HIST 2063 201
HIST 2064 194
HIST 2065 176
HIST 2066 187
HIST 2067 192
HIST 2068 185
HIST 2069 176
HIST 2070 196
HIST 2071 200
HIST 2072 204
HIST 2073 275
HIST 2074 155
HIST 2075 227
HIST 2076 211
HIST 2077 190
HIST 2078 225
HIST 2079 201
HIST 2080 211
HIST 2081 201
HIST 2082 204
HIST 2083 180
HIST 2084 195
HIST 2085 207
HIST 2086 208
HIST 2087 180
HIST 2088 226
HIST 2089 217
HIST 2090 203
HIST 2091 193
HIST 2092 211
HIST 2093 199
HIST 2094 193
HIST 2095 226
HIST 2096 213
HIST 2097 188
HIST 2098 189
HIST 2099 220
HIST 2100 236
HIST 2101 193
HIST 2102 187
HIST 2103 209
HIST 2104 7382
HIST 2105 200
HIST 2106 216
HIST 2107 205
HIST 2108 227
HIST 2109 190
HIST 2110 173
HIST 2111 202
HIST 2112 197
HIST 2113 194
HIST 2114 218
HIST 2115 207
HIST 2116 232
HIST 2117 223
HIST 2118 220
HIST 2119 224
HIST 2120 195
HIST 2121 207
HIST 2122 199
HIST 2123 201
HIST 2124 189
HIST 2125 190
HIST 2126 200
HIST 2127 221
HIST 2128 231
HIST 2129 209
HIST 2130 202
HIST 2131 210
HIST 2132 196
HIST 2133 200
HIST 2134 228
HIST 2135 203
HIST 2136 212
HIST 2137 237
HIST 2138 224
HIST 2139 194
HIST 2140 227
HIST 2141 219
HIST 2142 219
HIST 2143 243
HIST 2144 195
HIST 2145 191
HIST 2146 223
HIST 2147 183
HIST 2148 236
HIST 2149 190
HIST 2150 238
HIST 2151 214
HIST 2152 193
HIST 2153 222
HIST 2154 233
HIST 2155 204
HIST 2156 230
HIST 2157 232
HIST 2158 235
HIST 2159 210
HIST 2160 214
HIST 2161 183
HIST 2162 232
HIST 2163 194
HIST 2164 185
HIST 2165 207
HIST 2166 237
HIST 2167 232
HIST 2168 207
HIST 2169 203
HIST 2170 241
HIST 2171 235
HIST 2172 217
HIST 2173 207
HIST 2174 226
HIST 2175 230
HIST 2176 215
HIST 2177 214
HIST 2178 227
HIST 2179 210
HIST 2180 228
HIST 2181 223
HIST 2182 210
HIST 2183 206
HIST 2184 210
HIST 2185 232
HIST 2186 218
HIST 2187 225
HIST 2188 212
HIST 2189 203
HIST 2190 214
HIST 2191 225
HIST 2192 230
HIST 2193 197
HIST 2194 209
HIST 2195 240
HIST 2196 204
HIST 2197 246
HIST 2198 213
HIST 2199 230
HIST 2200 223
HIST 2201 227
HIST 2202 203
HIST 2203 219
HIST 2204 206
HIST 2205 210
HIST 2206 221
HIST 2207 220
HIST 2208 209
HIST 2209 202
HIST 2210 248
HIST 2211 218
HIST 2212 214
HIST 2213 216
HIST 2214 224
HIST 2215 236
HIST 2216 207
HIST 2217 218
HIST 2218 220
HIST 2219 246
HIST 2220 250
HIST 2221 218
HIST 2222 238
HIST 2223 206
HIST 2224 220
HIST 2225 240
HIST 2226 243
HIST 2227 240
HIST 2228 209
HIST 2229 235
HIST 2230 218
HIST 2231 222
HIST 2232 236
HIST 2233 211
HIST 2234 228
HIST 2235 241
HIST 2236 239
HIST 2237 232
HIST 2238 234
HIST 2239 256
HIST 2240 249
HIST 2241 239
HIST 2242 238
HIST 2243 266
HIST 2244 244
HIST 2245 220
HIST 2246 227
HIST 2247 243
HIST 2248 247
HIST 2249 230
HIST 2250 278
HIST 2251 253
HIST 2252 214
HIST 2253 218
HIST 2254 246
HIST 2255 250
HIST 2256 217
HIST 2257 249
HIST 2258 253
HIST 2259 237
HIST 2260 248
HIST 2261 219
HIST 2262 249
HIST 2263 248
HIST 2264 207
HIST 2265 238
HIST 2266 248
HIST 2267 252
HIST 2268 259
HIST 2269 246
HIST 2270 262
HIST 2271 246
HIST 2272 241
HIST 2273 250
HIST 2274 254
HIST 2275 238
HIST 2276 266
HIST 2277 247
HIST 2278 255
HIST 2279 254
HIST 2280 245
HIST 2281 238
HIST 2282 259
HIST 2283 236
HIST 2284 239
HIST 2285 235
HIST 2286 233
HIST 2287 278
HIST 2288 246
HIST 2289 277
HIST 2290 282
HIST 2291 269
HIST 2292 275
HIST 2293 234
HIST 2294 285
HIST 2295 245
HIST 2296 267
HIST 2297 250
HIST 2298 263
HIST 2299 244
HIST 2300 267
HIST 2301 234
HIST 2302 279
HIST 2303 269
HIST 2304 276
HIST 2305 249
HIST 2306 259
HIST 2307 254
HIST 2308 281
HIST 2309 271
HIST 2310 278
HIST 2311 269
HIST 2312 254
HIST 2313 273
HIST 2314 266
HIST 2315 272
HIST 2316 251
HIST 2317 279
HIST 2318 247
HIST 2319 298
HIST 2320 286
HIST 2321 278
HIST 2322 267
HIST 2323 240
HIST 2324 279
HIST 2325 281
HIST 2326 255
HIST 2327 282
HIST 2328 287
HIST 2329 287
HIST 2330 260
HIST 2331 317
HIST 2332 306
HIST 2333 294
HIST 2334 270
HIST 2335 322
HIST 2336 275
HIST 2337 279
HIST 2338 311
HIST 2339 255
HIST 2340 279
HIST 2341 274
HIST 2342 289
HIST 2343 272
HIST 2344 284
HIST 2345 298
HIST 2346 297
HIST 2347 276
HIST 2348 318
HIST 2349 280
HIST 2350 299
HIST 2351 290
HIST 2352 281
HIST 2353 300
HIST 2354 298
HIST 2355 295
HIST 2356 308
HIST 2357 291
HIST 2358 297
HIST 2359 291
HIST 2360 305
HIST 2361 328
HIST 2362 279
HIST 2363 282
HIST 2364 299
HIST 2365 282
HIST 2366 327
HIST 2367 307
HIST 2368 308
HIST 2369 275
HIST 2370 341
HIST 2371 331
HIST 2372 327
HIST 2373 291
HIST 2374 324
HIST 2375 313
HIST 2376 280
HIST 2377 289
HIST 2378 262
HIST 2379 292
HIST 2380 261
HIST 2381 240
HIST 2382 203
HIST 2383 188
HIST 2384 173
HIST 2385 139
HIST 2386 139
HIST 2387 131
HIST 2388 137
HIST 2389 99
HIST 2390 109
HIST 2391 117
HIST 2392 89
HIST 2393 87
HIST 2394 78
HIST 2395 101
HIST 2396 101
HIST 2397 94
HIST 2398 65
HIST 2399 80
HIST 2400 80
HIST 2401 93
HIST 2402 65
HIST 2403 93
HIST 2404 86
HIST 2405 90
HIST 2406 84
HIST 2407 71
HIST 2408 71
HIST 2409 69
HIST 2410 68
HIST 2411 70
HIST 2412 79
HIST 2413 61
HIST 2414 68
HIST 2415 56
HIST 2416 74
HIST 2417 60
HIST 2418 51
HIST 2419 60
HIST 2420 64
HIST 2421 68
HIST 2422 54
HIST 2423 54
HIST 2424 61
HIST 2425 58
HIST 2426 63
HIST 2427 48
HIST 2428 63
HIST 2429 60
HIST 2430 55
HIST 2431 51
HIST 2432 59
HIST 2433 53
HIST 2434 63
HIST 2435 52
HIST 2436 44
HIST 2437 52
HIST 2438 48
HIST 2439 46
HIST 2440 41
HIST 2441 50
HIST 2442 51
HIST 2443 43
HIST 2444 44
HIST 2445 42
HIST 2446 42
HIST 2447 55
HIST 2448 41
HIST 2449 45
HIST 2450 48
HIST 2451 50
HIST 2452 28
HIST 2453 41
HIST 2454 52
HIST 2455 47
HIST 2456 37
HIST 2457 34
HIST 2458 41
HIST 2459 41
HIST 2460 40
HIST 2461 29
HIST 2462 35
HIST 2463 33
HIST 2464 20
HIST 2465 36
HIST 2466 28
HIST 2467 39
HIST 2468 26
HIST 2469 37
HIST 2470 34
HIST 2471 39
HIST 2472 21
HIST 2473 32
HIST 2474 18
HIST 2475 24
HIST 2476 25
HIST 2477 24
HIST 2478 25
HIST 2479 25
HIST 2480 22
HIST 2481 26
HIST 2482 24
HIST 2483 15
HIST 2484 18
HIST 2485 14
HIST 2486 19
HIST 2487 22
HIST 2488 15
HIST 2489 14
HIST 2490 13
HIST 2491 23
HIST 2492 18
HIST 2493 12
HIST 2494 20
HIST 2495 15
HIST 2496 17
HIST 2497 12
HIST 2498 16
HIST 2499 17
HIST 2500 19
HIST 2501 7
HIST 2502 9
HIST 2503 11
HIST 2504 9
HIST 2505 18
HIST 2506 19
HIST 2507 11
HIST 2508 11
HIST 2509 12
HIST 2510 5
HIST 2511 6
HIST 2512 10
HIST 2513 7
HIST 2514 13
HIST 2515 6
HIST 2516 8
HIST 2517 9
HIST 2518 5
HIST 2519 2
HIST 2520 4
HIST 2521 4
HIST 2522 9
HIST 2523 4
HIST 2524 10
HIST 2525 2
HIST 2526 9
HIST 2527 9
HIST 2528 9
HIST 2529 3
HIST 2530 4
HIST 2531 1
HIST 2532 10
HIST 2533 8
HIST 2534 7
HIST 2535 3
HIST 2536 6
HIST 2537 8
HIST 2538 5
HIST 2539 2
HIST 2540 1
HIST 2541 4
HIST 2542 3
HIST 2543 3
HIST 2544 7
HIST 2545 3
HIST 2546 6
HIST 2547 2
HIST 2548 5
HIST 2550 2
HIST 2551 4
HIST 2552 5
HIST 2553 3
HIST 2554 4
HIST 2555 6
HIST 2556 4
HIST 2557 3
HIST 2558 2
HIST 2559 3
HIST 2560 4
HIST 2561 2
HIST 2562 2
HIST 2563 2
HIST 2564 4
HIST 2565 1
HIST 2566 1
HIST 2567 1
HIST 2569 1
HIST 2570 1
HIST 2572 1
HIST 2573 2
HIST 2574 2
HIST 2576 1
HIST 2577 1
HIST 2579 4
HIST 2580 12
HIST 2581 13
HIST 2582 38
HIST 2584 192
HIST 2585 2
HIST 2586 133
HIST 2588 1
HIST 2590 1
HIST 2593 1
HIST 2597 1
HIST 2598 1
HIST 2599 1
HIST 2600 1
HIST 2603 1
HIST 2611 3
HIST 2612 6
HIST 2613 3
HIST 2615 20451
HISTEND
