область 1 целиком затенена областью 0 — выброшена (в сцене симулятора она тоже недостижима)
область 2 целиком затенена областью 0 — выброшена (в сцене симулятора она тоже недостижима)
область 3 целиком затенена областью 0 — выброшена (в сцене симулятора она тоже недостижима)
SETUP correlatedGamma=0 twoJmax=10 vacuum=1 seed=0 killesc=0 killcarry=0 fullcarry=0
CUTS (production thresholds per material couple):
 Material : G4_Galactic
 Range cuts        :  gamma  1 mm     e-  1 mm     e+  1 mm  proton 1 mm 
 Energy thresholds :  gamma  990 eV     e-  990 eV     e+  990 eV  proton 100 keV
 Material : scene_mat_0
 Range cuts        :  gamma  1 mm     e-  1 mm     e+  1 mm  proton 1 mm 
 Energy thresholds :  gamma  38.4662 keV    e-  692.485 keV    e+  658.149 keV proton 100 keV
RESULT decays=20000000
RESULT any=554751 eps_total=2.773755e-02
RESULT window=2614.511 counts=20450 eps=1.022500e-03
HISTBEGIN bins=2616 bin_kev=1.000000 decays=20000000
HIST 0 89
HIST 1 228
HIST 2 270
HIST 3 264
HIST 4 235
HIST 5 285
HIST 6 295
HIST 7 315
HIST 8 284
HIST 9 294
HIST 10 268
HIST 11 277
HIST 12 289
HIST 13 284
HIST 14 248
HIST 15 270
HIST 16 274
HIST 17 270
HIST 18 279
HIST 19 252
HIST 20 247
HIST 21 252
HIST 22 277
HIST 23 274
HIST 24 292
HIST 25 263
HIST 26 277
HIST 27 293
HIST 28 261
HIST 29 259
HIST 30 273
HIST 31 282
HIST 32 238
HIST 33 260
HIST 34 255
HIST 35 270
HIST 36 306
HIST 37 275
HIST 38 241
HIST 39 261
HIST 40 252
HIST 41 277
HIST 42 282
HIST 43 280
HIST 44 296
HIST 45 254
HIST 46 251
HIST 47 266
HIST 48 252
HIST 49 271
HIST 50 258
HIST 51 257
HIST 52 241
HIST 53 254
HIST 54 249
HIST 55 259
HIST 56 275
HIST 57 260
HIST 58 259
HIST 59 238
HIST 60 237
HIST 61 246
HIST 62 243
HIST 63 254
HIST 64 249
HIST 65 250
HIST 66 243
HIST 67 236
HIST 68 269
HIST 69 269
HIST 70 266
HIST 71 260
HIST 72 263
HIST 73 249
HIST 74 258
HIST 75 240
HIST 76 239
HIST 77 224
HIST 78 273
HIST 79 265
HIST 80 256
HIST 81 237
HIST 82 230
HIST 83 240
HIST 84 242
HIST 85 225
HIST 86 257
HIST 87 275
HIST 88 234
HIST 89 241
HIST 90 249
HIST 91 256
HIST 92 248
HIST 93 265
HIST 94 252
HIST 95 225
HIST 96 235
HIST 97 243
HIST 98 223
HIST 99 247
HIST 100 239
HIST 101 238
HIST 102 262
HIST 103 205
HIST 104 211
HIST 105 223
HIST 106 250
HIST 107 261
HIST 108 261
HIST 109 228
HIST 110 250
HIST 111 226
HIST 112 255
HIST 113 253
HIST 114 213
HIST 115 259
HIST 116 223
HIST 117 226
HIST 118 243
HIST 119 251
HIST 120 245
HIST 121 251
HIST 122 230
HIST 123 243
HIST 124 258
HIST 125 242
HIST 126 236
HIST 127 231
HIST 128 239
HIST 129 238
HIST 130 212
HIST 131 235
HIST 132 242
HIST 133 221
HIST 134 233
HIST 135 231
HIST 136 212
HIST 137 253
HIST 138 236
HIST 139 238
HIST 140 245
HIST 141 220
HIST 142 224
HIST 143 233
HIST 144 244
HIST 145 226
HIST 146 234
HIST 147 227
HIST 148 229
HIST 149 234
HIST 150 220
HIST 151 270
HIST 152 254
HIST 153 236
HIST 154 229
HIST 155 242
HIST 156 268
HIST 157 221
HIST 158 246
HIST 159 230
HIST 160 236
HIST 161 216
HIST 162 239
HIST 163 242
HIST 164 263
HIST 165 222
HIST 166 214
HIST 167 208
HIST 168 231
HIST 169 241
HIST 170 240
HIST 171 241
HIST 172 234
HIST 173 213
HIST 174 233
HIST 175 243
HIST 176 219
HIST 177 209
HIST 178 217
HIST 179 249
HIST 180 235
HIST 181 214
HIST 182 228
HIST 183 206
HIST 184 223
HIST 185 198
HIST 186 241
HIST 187 232
HIST 188 231
HIST 189 249
HIST 190 213
HIST 191 228
HIST 192 238
HIST 193 219
HIST 194 198
HIST 195 207
HIST 196 213
HIST 197 207
HIST 198 215
HIST 199 236
HIST 200 206
HIST 201 232
HIST 202 239
HIST 203 221
HIST 204 218
HIST 205 221
HIST 206 225
HIST 207 221
HIST 208 218
HIST 209 199
HIST 210 234
HIST 211 226
HIST 212 230
HIST 213 235
HIST 214 230
HIST 215 222
HIST 216 217
HIST 217 220
HIST 218 225
HIST 219 223
HIST 220 227
HIST 221 213
HIST 222 224
HIST 223 218
HIST 224 227
HIST 225 192
HIST 226 184
HIST 227 213
HIST 228 221
HIST 229 208
HIST 230 251
HIST 231 199
HIST 232 207
HIST 233 219
HIST 234 221
HIST 235 248
HIST 236 252
HIST 237 226
HIST 238 217
HIST 239 202
HIST 240 225
HIST 241 236
HIST 242 230
HIST 243 242
HIST 244 231
HIST 245 224
HIST 246 214
HIST 247 189
HIST 248 223
HIST 249 210
HIST 250 230
HIST 251 199
HIST 252 221
HIST 253 194
HIST 254 237
HIST 255 223
HIST 256 235
HIST 257 193
HIST 258 220
HIST 259 226
HIST 260 228
HIST 261 193
HIST 262 205
HIST 263 213
HIST 264 223
HIST 265 215
HIST 266 200
HIST 267 208
HIST 268 197
HIST 269 248
HIST 270 223
HIST 271 225
HIST 272 230
HIST 273 230
HIST 274 249
HIST 275 224
HIST 276 244
HIST 277 210
HIST 278 199
HIST 279 230
HIST 280 235
HIST 281 190
HIST 282 220
HIST 283 236
HIST 284 211
HIST 285 246
HIST 286 238
HIST 287 244
HIST 288 229
HIST 289 239
HIST 290 249
HIST 291 211
HIST 292 220
HIST 293 205
HIST 294 210
HIST 295 226
HIST 296 206
HIST 297 223
HIST 298 220
HIST 299 236
HIST 300 223
HIST 301 200
HIST 302 217
HIST 303 218
HIST 304 228
HIST 305 201
HIST 306 207
HIST 307 193
HIST 308 217
HIST 309 208
HIST 310 219
HIST 311 198
HIST 312 212
HIST 313 238
HIST 314 222
HIST 315 220
HIST 316 210
HIST 317 216
HIST 318 217
HIST 319 235
HIST 320 207
HIST 321 216
HIST 322 215
HIST 323 215
HIST 324 206
HIST 325 204
HIST 326 214
HIST 327 218
HIST 328 250
HIST 329 216
HIST 330 221
HIST 331 239
HIST 332 208
HIST 333 214
HIST 334 237
HIST 335 230
HIST 336 214
HIST 337 204
HIST 338 188
HIST 339 192
HIST 340 217
HIST 341 208
HIST 342 228
HIST 343 201
HIST 344 210
HIST 345 192
HIST 346 211
HIST 347 220
HIST 348 230
HIST 349 220
HIST 350 239
HIST 351 212
HIST 352 218
HIST 353 235
HIST 354 229
HIST 355 251
HIST 356 214
HIST 357 205
HIST 358 225
HIST 359 193
HIST 360 209
HIST 361 238
HIST 362 220
HIST 363 206
HIST 364 205
HIST 365 196
HIST 366 216
HIST 367 205
HIST 368 205
HIST 369 217
HIST 370 213
HIST 371 200
HIST 372 199
HIST 373 179
HIST 374 204
HIST 375 196
HIST 376 223
HIST 377 222
HIST 378 208
HIST 379 204
HIST 380 176
HIST 381 213
HIST 382 241
HIST 383 213
HIST 384 189
HIST 385 204
HIST 386 222
HIST 387 212
HIST 388 204
HIST 389 204
HIST 390 214
HIST 391 232
HIST 392 215
HIST 393 205
HIST 394 173
HIST 395 234
HIST 396 221
HIST 397 224
HIST 398 200
HIST 399 224
HIST 400 200
HIST 401 176
HIST 402 202
HIST 403 216
HIST 404 228
HIST 405 226
HIST 406 196
HIST 407 239
HIST 408 213
HIST 409 197
HIST 410 222
HIST 411 182
HIST 412 205
HIST 413 199
HIST 414 189
HIST 415 201
HIST 416 192
HIST 417 221
HIST 418 202
HIST 419 199
HIST 420 198
HIST 421 181
HIST 422 207
HIST 423 200
HIST 424 189
HIST 425 219
HIST 426 226
HIST 427 192
HIST 428 207
HIST 429 213
HIST 430 192
HIST 431 229
HIST 432 195
HIST 433 189
HIST 434 203
HIST 435 205
HIST 436 212
HIST 437 186
HIST 438 208
HIST 439 210
HIST 440 211
HIST 441 195
HIST 442 203
HIST 443 209
HIST 444 208
HIST 445 196
HIST 446 208
HIST 447 228
HIST 448 207
HIST 449 222
HIST 450 204
HIST 451 197
HIST 452 206
HIST 453 220
HIST 454 218
HIST 455 179
HIST 456 229
HIST 457 168
HIST 458 218
HIST 459 188
HIST 460 215
HIST 461 205
HIST 462 178
HIST 463 180
HIST 464 207
HIST 465 212
HIST 466 167
HIST 467 205
HIST 468 194
HIST 469 164
HIST 470 210
HIST 471 201
HIST 472 217
HIST 473 165
HIST 474 208
HIST 475 214
HIST 476 221
HIST 477 185
HIST 478 222
HIST 479 206
HIST 480 185
HIST 481 199
HIST 482 208
HIST 483 208
HIST 484 187
HIST 485 199
HIST 486 189
HIST 487 188
HIST 488 209
HIST 489 199
HIST 490 200
HIST 491 174
HIST 492 177
HIST 493 200
HIST 494 215
HIST 495 185
HIST 496 225
HIST 497 175
HIST 498 207
HIST 499 196
HIST 500 179
HIST 501 229
HIST 502 202
HIST 503 195
HIST 504 187
HIST 505 206
HIST 506 196
HIST 507 211
HIST 508 174
HIST 509 200
HIST 510 198
HIST 511 194
HIST 512 183
HIST 513 207
HIST 514 194
HIST 515 215
HIST 516 189
HIST 517 209
HIST 518 200
HIST 519 185
HIST 520 215
HIST 521 210
HIST 522 198
HIST 523 187
HIST 524 185
HIST 525 181
HIST 526 192
HIST 527 202
HIST 528 196
HIST 529 184
HIST 530 209
HIST 531 194
HIST 532 188
HIST 533 198
HIST 534 197
HIST 535 182
HIST 536 185
HIST 537 225
HIST 538 195
HIST 539 181
HIST 540 196
HIST 541 193
HIST 542 205
HIST 543 199
HIST 544 175
HIST 545 193
HIST 546 189
HIST 547 201
HIST 548 192
HIST 549 185
HIST 550 189
HIST 551 178
HIST 552 210
HIST 553 215
HIST 554 198
HIST 555 227
HIST 556 199
HIST 557 190
HIST 558 201
HIST 559 183
HIST 560 190
HIST 561 198
HIST 562 206
HIST 563 185
HIST 564 201
HIST 565 189
HIST 566 192
HIST 567 207
HIST 568 190
HIST 569 199
HIST 570 193
HIST 571 198
HIST 572 221
HIST 573 210
HIST 574 206
HIST 575 164
HIST 576 204
HIST 577 190
HIST 578 192
HIST 579 196
HIST 580 192
HIST 581 196
HIST 582 192
HIST 583 206
HIST 584 180
HIST 585 190
HIST 586 197
HIST 587 199
HIST 588 198
HIST 589 188
HIST 590 190
HIST 591 206
HIST 592 200
HIST 593 194
HIST 594 206
HIST 595 216
HIST 596 188
HIST 597 204
HIST 598 185
HIST 599 204
HIST 600 193
HIST 601 175
HIST 602 205
HIST 603 191
HIST 604 176
HIST 605 204
HIST 606 176
HIST 607 176
HIST 608 172
HIST 609 186
HIST 610 191
HIST 611 161
HIST 612 196
HIST 613 181
HIST 614 179
HIST 615 181
HIST 616 210
HIST 617 181
HIST 618 204
HIST 619 197
HIST 620 205
HIST 621 186
HIST 622 170
HIST 623 201
HIST 624 214
HIST 625 176
HIST 626 178
HIST 627 188
HIST 628 179
HIST 629 186
HIST 630 211
HIST 631 188
HIST 632 157
HIST 633 193
HIST 634 226
HIST 635 184
HIST 636 178
HIST 637 163
HIST 638 209
HIST 639 196
HIST 640 211
HIST 641 187
HIST 642 166
HIST 643 213
HIST 644 179
HIST 645 186
HIST 646 214
HIST 647 179
HIST 648 186
HIST 649 185
HIST 650 195
HIST 651 205
HIST 652 168
HIST 653 206
HIST 654 220
HIST 655 185
HIST 656 207
HIST 657 174
HIST 658 179
HIST 659 175
HIST 660 184
HIST 661 190
HIST 662 205
HIST 663 181
HIST 664 187
HIST 665 203
HIST 666 163
HIST 667 175
HIST 668 194
HIST 669 174
HIST 670 186
HIST 671 198
HIST 672 181
HIST 673 174
HIST 674 198
HIST 675 186
HIST 676 184
HIST 677 156
HIST 678 168
HIST 679 193
HIST 680 203
HIST 681 193
HIST 682 208
HIST 683 189
HIST 684 200
HIST 685 175
HIST 686 206
HIST 687 187
HIST 688 178
HIST 689 199
HIST 690 207
HIST 691 210
HIST 692 177
HIST 693 170
HIST 694 182
HIST 695 160
HIST 696 177
HIST 697 183
HIST 698 170
HIST 699 149
HIST 700 205
HIST 701 165
HIST 702 181
HIST 703 182
HIST 704 151
HIST 705 194
HIST 706 171
HIST 707 184
HIST 708 177
HIST 709 165
HIST 710 177
HIST 711 191
HIST 712 186
HIST 713 182
HIST 714 189
HIST 715 158
HIST 716 186
HIST 717 172
HIST 718 179
HIST 719 186
HIST 720 213
HIST 721 166
HIST 722 199
HIST 723 192
HIST 724 180
HIST 725 185
HIST 726 197
HIST 727 204
HIST 728 176
HIST 729 171
HIST 730 190
HIST 731 183
HIST 732 176
HIST 733 187
HIST 734 188
HIST 735 174
HIST 736 160
HIST 737 212
HIST 738 188
HIST 739 198
HIST 740 184
HIST 741 205
HIST 742 172
HIST 743 183
HIST 744 172
HIST 745 205
HIST 746 174
HIST 747 192
HIST 748 179
HIST 749 182
HIST 750 195
HIST 751 171
HIST 752 197
HIST 753 153
HIST 754 175
HIST 755 194
HIST 756 189
HIST 757 169
HIST 758 165
HIST 759 194
HIST 760 190
HIST 761 172
HIST 762 190
HIST 763 196
HIST 764 178
HIST 765 201
HIST 766 190
HIST 767 178
HIST 768 170
HIST 769 217
HIST 770 194
HIST 771 173
HIST 772 162
HIST 773 172
HIST 774 168
HIST 775 165
HIST 776 184
HIST 777 174
HIST 778 174
HIST 779 166
HIST 780 186
HIST 781 185
HIST 782 169
HIST 783 192
HIST 784 186
HIST 785 182
HIST 786 174
HIST 787 173
HIST 788 170
HIST 789 168
HIST 790 187
HIST 791 162
HIST 792 175
HIST 793 179
HIST 794 168
HIST 795 200
HIST 796 183
HIST 797 164
HIST 798 156
HIST 799 168
HIST 800 192
HIST 801 184
HIST 802 204
HIST 803 177
HIST 804 179
HIST 805 185
HIST 806 192
HIST 807 178
HIST 808 199
HIST 809 166
HIST 810 182
HIST 811 164
HIST 812 200
HIST 813 192
HIST 814 203
HIST 815 191
HIST 816 179
HIST 817 170
HIST 818 199
HIST 819 185
HIST 820 153
HIST 821 184
HIST 822 182
HIST 823 181
HIST 824 206
HIST 825 202
HIST 826 185
HIST 827 188
HIST 828 165
HIST 829 197
HIST 830 185
HIST 831 183
HIST 832 177
HIST 833 178
HIST 834 173
HIST 835 187
HIST 836 145
HIST 837 194
HIST 838 182
HIST 839 202
HIST 840 170
HIST 841 165
HIST 842 156
HIST 843 190
HIST 844 173
HIST 845 166
HIST 846 175
HIST 847 176
HIST 848 185
HIST 849 178
HIST 850 160
HIST 851 189
HIST 852 200
HIST 853 189
HIST 854 160
HIST 855 160
HIST 856 190
HIST 857 161
HIST 858 172
HIST 859 161
HIST 860 156
HIST 861 184
HIST 862 157
HIST 863 190
HIST 864 163
HIST 865 183
HIST 866 177
HIST 867 175
HIST 868 213
HIST 869 188
HIST 870 196
HIST 871 189
HIST 872 161
HIST 873 154
HIST 874 186
HIST 875 176
HIST 876 184
HIST 877 196
HIST 878 178
HIST 879 188
HIST 880 177
HIST 881 180
HIST 882 169
HIST 883 181
HIST 884 161
HIST 885 166
HIST 886 181
HIST 887 186
HIST 888 176
HIST 889 175
HIST 890 178
HIST 891 175
HIST 892 162
HIST 893 177
HIST 894 159
HIST 895 178
HIST 896 180
HIST 897 184
HIST 898 183
HIST 899 168
HIST 900 174
HIST 901 184
HIST 902 165
HIST 903 190
HIST 904 173
HIST 905 164
HIST 906 170
HIST 907 179
HIST 908 136
HIST 909 181
HIST 910 166
HIST 911 179
HIST 912 187
HIST 913 160
HIST 914 197
HIST 915 191
HIST 916 184
HIST 917 160
HIST 918 203
HIST 919 178
HIST 920 174
HIST 921 163
HIST 922 170
HIST 923 163
HIST 924 195
HIST 925 156
HIST 926 169
HIST 927 178
HIST 928 172
HIST 929 183
HIST 930 190
HIST 931 163
HIST 932 188
HIST 933 185
HIST 934 191
HIST 935 169
HIST 936 149
HIST 937 182
HIST 938 188
HIST 939 174
HIST 940 177
HIST 941 166
HIST 942 171
HIST 943 185
HIST 944 199
HIST 945 163
HIST 946 160
HIST 947 181
HIST 948 189
HIST 949 143
HIST 950 179
HIST 951 155
HIST 952 170
HIST 953 175
HIST 954 184
HIST 955 171
HIST 956 175
HIST 957 165
HIST 958 168
HIST 959 160
HIST 960 167
HIST 961 174
HIST 962 172
HIST 963 169
HIST 964 172
HIST 965 183
HIST 966 180
HIST 967 161
HIST 968 179
HIST 969 175
HIST 970 181
HIST 971 169
HIST 972 196
HIST 973 169
HIST 974 172
HIST 975 181
HIST 976 167
HIST 977 170
HIST 978 181
HIST 979 174
HIST 980 165
HIST 981 163
HIST 982 154
HIST 983 164
HIST 984 179
HIST 985 154
HIST 986 160
HIST 987 146
HIST 988 173
HIST 989 172
HIST 990 183
HIST 991 155
HIST 992 173
HIST 993 162
HIST 994 162
HIST 995 180
HIST 996 176
HIST 997 177
HIST 998 166
HIST 999 173
HIST 1000 170
HIST 1001 138
HIST 1002 180
HIST 1003 145
HIST 1004 175
HIST 1005 157
HIST 1006 185
HIST 1007 161
HIST 1008 174
HIST 1009 158
HIST 1010 164
HIST 1011 173
HIST 1012 182
HIST 1013 164
HIST 1014 152
HIST 1015 167
HIST 1016 172
HIST 1017 159
HIST 1018 160
HIST 1019 170
HIST 1020 173
HIST 1021 168
HIST 1022 181
HIST 1023 168
HIST 1024 177
HIST 1025 144
HIST 1026 159
HIST 1027 177
HIST 1028 183
HIST 1029 159
HIST 1030 175
HIST 1031 189
HIST 1032 179
HIST 1033 178
HIST 1034 168
HIST 1035 187
HIST 1036 171
HIST 1037 165
HIST 1038 166
HIST 1039 127
HIST 1040 179
HIST 1041 175
HIST 1042 184
HIST 1043 183
HIST 1044 159
HIST 1045 156
HIST 1046 197
HIST 1047 155
HIST 1048 203
HIST 1049 173
HIST 1050 170
HIST 1051 166
HIST 1052 180
HIST 1053 178
HIST 1054 166
HIST 1055 168
HIST 1056 149
HIST 1057 179
HIST 1058 177
HIST 1059 167
HIST 1060 173
HIST 1061 156
HIST 1062 151
HIST 1063 177
HIST 1064 176
HIST 1065 159
HIST 1066 150
HIST 1067 157
HIST 1068 198
HIST 1069 182
HIST 1070 173
HIST 1071 164
HIST 1072 167
HIST 1073 189
HIST 1074 153
HIST 1075 171
HIST 1076 169
HIST 1077 168
HIST 1078 172
HIST 1079 169
HIST 1080 148
HIST 1081 182
HIST 1082 157
HIST 1083 156
HIST 1084 161
HIST 1085 174
HIST 1086 165
HIST 1087 162
HIST 1088 169
HIST 1089 153
HIST 1090 175
HIST 1091 179
HIST 1092 161
HIST 1093 161
HIST 1094 186
HIST 1095 162
HIST 1096 193
HIST 1097 176
HIST 1098 161
HIST 1099 169
HIST 1100 174
HIST 1101 173
HIST 1102 165
HIST 1103 174
HIST 1104 158
HIST 1105 161
HIST 1106 174
HIST 1107 193
HIST 1108 157
HIST 1109 188
HIST 1110 174
HIST 1111 164
HIST 1112 162
HIST 1113 152
HIST 1114 180
HIST 1115 172
HIST 1116 185
HIST 1117 180
HIST 1118 181
HIST 1119 192
HIST 1120 141
HIST 1121 179
HIST 1122 161
HIST 1123 175
HIST 1124 161
HIST 1125 176
HIST 1126 174
HIST 1127 160
HIST 1128 151
HIST 1129 163
HIST 1130 194
HIST 1131 180
HIST 1132 173
HIST 1133 185
HIST 1134 184
HIST 1135 171
HIST 1136 174
HIST 1137 180
HIST 1138 163
HIST 1139 155
HIST 1140 157
HIST 1141 160
HIST 1142 164
HIST 1143 176
HIST 1144 178
HIST 1145 172
HIST 1146 185
HIST 1147 177
HIST 1148 179
HIST 1149 171
HIST 1150 156
HIST 1151 175
HIST 1152 136
HIST 1153 161
HIST 1154 188
HIST 1155 155
HIST 1156 196
HIST 1157 154
HIST 1158 180
HIST 1159 177
HIST 1160 174
HIST 1161 167
HIST 1162 154
HIST 1163 173
HIST 1164 178
HIST 1165 172
HIST 1166 139
HIST 1167 161
HIST 1168 166
HIST 1169 160
HIST 1170 150
HIST 1171 167
HIST 1172 173
HIST 1173 174
HIST 1174 166
HIST 1175 173
HIST 1176 183
HIST 1177 162
HIST 1178 187
HIST 1179 191
HIST 1180 163
HIST 1181 170
HIST 1182 157
HIST 1183 157
HIST 1184 152
HIST 1185 164
HIST 1186 169
HIST 1187 182
HIST 1188 179
HIST 1189 164
HIST 1190 177
HIST 1191 149
HIST 1192 201
HIST 1193 179
HIST 1194 178
HIST 1195 190
HIST 1196 172
HIST 1197 169
HIST 1198 178
HIST 1199 165
HIST 1200 175
HIST 1201 160
HIST 1202 176
HIST 1203 179
HIST 1204 176
HIST 1205 161
HIST 1206 156
HIST 1207 154
HIST 1208 174
HIST 1209 185
HIST 1210 183
HIST 1211 177
HIST 1212 169
HIST 1213 152
HIST 1214 171
HIST 1215 167
HIST 1216 182
HIST 1217 183
HIST 1218 169
HIST 1219 154
HIST 1220 170
HIST 1221 171
HIST 1222 156
HIST 1223 162
HIST 1224 179
HIST 1225 178
HIST 1226 157
HIST 1227 173
HIST 1228 176
HIST 1229 160
HIST 1230 187
HIST 1231 189
HIST 1232 174
HIST 1233 181
HIST 1234 198
HIST 1235 170
HIST 1236 156
HIST 1237 153
HIST 1238 157
HIST 1239 185
HIST 1240 175
HIST 1241 153
HIST 1242 151
HIST 1243 180
HIST 1244 182
HIST 1245 169
HIST 1246 181
HIST 1247 162
HIST 1248 177
HIST 1249 160
HIST 1250 173
HIST 1251 160
HIST 1252 188
HIST 1253 173
HIST 1254 177
HIST 1255 165
HIST 1256 200
HIST 1257 169
HIST 1258 202
HIST 1259 163
HIST 1260 165
HIST 1261 175
HIST 1262 153
HIST 1263 175
HIST 1264 181
HIST 1265 172
HIST 1266 176
HIST 1267 157
HIST 1268 162
HIST 1269 170
HIST 1270 155
HIST 1271 175
HIST 1272 155
HIST 1273 166
HIST 1274 165
HIST 1275 164
HIST 1276 167
HIST 1277 153
HIST 1278 148
HIST 1279 163
HIST 1280 171
HIST 1281 189
HIST 1282 179
HIST 1283 175
HIST 1284 163
HIST 1285 171
HIST 1286 169
HIST 1287 185
HIST 1288 150
HIST 1289 188
HIST 1290 160
HIST 1291 149
HIST 1292 175
HIST 1293 188
HIST 1294 185
HIST 1295 161
HIST 1296 161
HIST 1297 161
HIST 1298 181
HIST 1299 177
HIST 1300 167
HIST 1301 167
HIST 1302 163
HIST 1303 162
HIST 1304 166
HIST 1305 165
HIST 1306 173
HIST 1307 170
HIST 1308 169
HIST 1309 185
HIST 1310 191
HIST 1311 157
HIST 1312 177
HIST 1313 157
HIST 1314 155
HIST 1315 174
HIST 1316 186
HIST 1317 156
HIST 1318 173
HIST 1319 177
HIST 1320 171
HIST 1321 159
HIST 1322 149
HIST 1323 161
HIST 1324 176
HIST 1325 156
HIST 1326 163
HIST 1327 166
HIST 1328 164
HIST 1329 165
HIST 1330 166
HIST 1331 157
HIST 1332 163
HIST 1333 184
HIST 1334 191
HIST 1335 175
HIST 1336 180
HIST 1337 165
HIST 1338 193
HIST 1339 157
HIST 1340 174
HIST 1341 169
HIST 1342 174
HIST 1343 153
HIST 1344 180
HIST 1345 156
HIST 1346 169
HIST 1347 168
HIST 1348 168
HIST 1349 170
HIST 1350 166
HIST 1351 177
HIST 1352 175
HIST 1353 167
HIST 1354 143
HIST 1355 182
HIST 1356 160
HIST 1357 162
HIST 1358 170
HIST 1359 167
HIST 1360 168
HIST 1361 167
HIST 1362 163
HIST 1363 169
HIST 1364 152
HIST 1365 179
HIST 1366 160
HIST 1367 181
HIST 1368 162
HIST 1369 176
HIST 1370 157
HIST 1371 211
HIST 1372 167
HIST 1373 182
HIST 1374 163
HIST 1375 166
HIST 1376 158
HIST 1377 168
HIST 1378 189
HIST 1379 180
HIST 1380 183
HIST 1381 159
HIST 1382 178
HIST 1383 180
HIST 1384 196
HIST 1385 186
HIST 1386 171
HIST 1387 163
HIST 1388 157
HIST 1389 197
HIST 1390 190
HIST 1391 190
HIST 1392 180
HIST 1393 174
HIST 1394 152
HIST 1395 145
HIST 1396 191
HIST 1397 170
HIST 1398 190
HIST 1399 165
HIST 1400 176
HIST 1401 164
HIST 1402 163
HIST 1403 175
HIST 1404 158
HIST 1405 193
HIST 1406 173
HIST 1407 156
HIST 1408 182
HIST 1409 175
HIST 1410 166
HIST 1411 182
HIST 1412 168
HIST 1413 196
HIST 1414 164
HIST 1415 184
HIST 1416 182
HIST 1417 188
HIST 1418 181
HIST 1419 162
HIST 1420 159
HIST 1421 181
HIST 1422 176
HIST 1423 184
HIST 1424 152
HIST 1425 187
HIST 1426 155
HIST 1427 171
HIST 1428 162
HIST 1429 187
HIST 1430 165
HIST 1431 171
HIST 1432 179
HIST 1433 166
HIST 1434 185
HIST 1435 187
HIST 1436 210
HIST 1437 161
HIST 1438 185
HIST 1439 153
HIST 1440 164
HIST 1441 179
HIST 1442 157
HIST 1443 145
HIST 1444 173
HIST 1445 194
HIST 1446 163
HIST 1447 178
HIST 1448 192
HIST 1449 187
HIST 1450 172
HIST 1451 184
HIST 1452 198
HIST 1453 182
HIST 1454 153
HIST 1455 182
HIST 1456 166
HIST 1457 182
HIST 1458 189
HIST 1459 163
HIST 1460 153
HIST 1461 155
HIST 1462 173
HIST 1463 154
HIST 1464 155
HIST 1465 177
HIST 1466 181
HIST 1467 161
HIST 1468 156
HIST 1469 176
HIST 1470 169
HIST 1471 171
HIST 1472 178
HIST 1473 172
HIST 1474 188
HIST 1475 171
HIST 1476 195
HIST 1477 187
HIST 1478 167
HIST 1479 188
HIST 1480 151
HIST 1481 204
HIST 1482 159
HIST 1483 165
HIST 1484 159
HIST 1485 172
HIST 1486 164
HIST 1487 179
HIST 1488 172
HIST 1489 183
HIST 1490 178
HIST 1491 175
HIST 1492 167
HIST 1493 137
HIST 1494 165
HIST 1495 193
HIST 1496 162
HIST 1497 163
HIST 1498 165
HIST 1499 191
HIST 1500 158
HIST 1501 159
HIST 1502 164
HIST 1503 162
HIST 1504 160
HIST 1505 181
HIST 1506 169
HIST 1507 174
HIST 1508 154
HIST 1509 178
HIST 1510 172
HIST 1511 163
HIST 1512 165
HIST 1513 184
HIST 1514 168
HIST 1515 167
HIST 1516 166
HIST 1517 171
HIST 1518 171
HIST 1519 158
HIST 1520 172
HIST 1521 154
HIST 1522 171
HIST 1523 151
HIST 1524 166
HIST 1525 176
HIST 1526 152
HIST 1527 170
HIST 1528 149
HIST 1529 154
HIST 1530 148
HIST 1531 196
HIST 1532 147
HIST 1533 178
HIST 1534 182
HIST 1535 188
HIST 1536 179
HIST 1537 167
HIST 1538 166
HIST 1539 162
HIST 1540 167
HIST 1541 152
HIST 1542 152
HIST 1543 152
HIST 1544 158
HIST 1545 170
HIST 1546 163
HIST 1547 155
HIST 1548 148
HIST 1549 163
HIST 1550 150
HIST 1551 162
HIST 1552 176
HIST 1553 160
HIST 1554 154
HIST 1555 177
HIST 1556 145
HIST 1557 167
HIST 1558 156
HIST 1559 148
HIST 1560 154
HIST 1561 146
HIST 1562 214
HIST 1563 164
HIST 1564 204
HIST 1565 162
HIST 1566 162
HIST 1567 167
HIST 1568 152
HIST 1569 176
HIST 1570 166
HIST 1571 159
HIST 1572 157
HIST 1573 154
HIST 1574 167
HIST 1575 146
HIST 1576 175
HIST 1577 149
HIST 1578 164
HIST 1579 160
HIST 1580 185
HIST 1581 154
HIST 1582 158
HIST 1583 152
HIST 1584 161
HIST 1585 139
HIST 1586 168
HIST 1587 176
HIST 1588 161
HIST 1589 167
HIST 1590 143
HIST 1591 151
HIST 1592 155
HIST 1593 45323
HIST 1594 169
HIST 1595 190
HIST 1596 209
HIST 1597 218
HIST 1598 207
HIST 1599 217
HIST 1600 193
HIST 1601 205
HIST 1602 200
HIST 1603 197
HIST 1604 197
HIST 1605 177
HIST 1606 204
HIST 1607 206
HIST 1608 209
HIST 1609 202
HIST 1610 219
HIST 1611 188
HIST 1612 204
HIST 1613 207
HIST 1614 207
HIST 1615 190
HIST 1616 211
HIST 1617 238
HIST 1618 225
HIST 1619 211
HIST 1620 204
HIST 1621 204
HIST 1622 218
HIST 1623 206
HIST 1624 185
HIST 1625 197
HIST 1626 193
HIST 1627 217
HIST 1628 172
HIST 1629 210
HIST 1630 189
HIST 1631 194
HIST 1632 212
HIST 1633 194
HIST 1634 219
HIST 1635 239
HIST 1636 201
HIST 1637 204
HIST 1638 203
HIST 1639 208
HIST 1640 206
HIST 1641 200
HIST 1642 186
HIST 1643 194
HIST 1644 202
HIST 1645 208
HIST 1646 199
HIST 1647 220
HIST 1648 189
HIST 1649 208
HIST 1650 199
HIST 1651 190
HIST 1652 193
HIST 1653 182
HIST 1654 206
HIST 1655 179
HIST 1656 199
HIST 1657 199
HIST 1658 206
HIST 1659 216
HIST 1660 243
HIST 1661 175
HIST 1662 203
HIST 1663 192
HIST 1664 204
HIST 1665 198
HIST 1666 216
HIST 1667 206
HIST 1668 205
HIST 1669 208
HIST 1670 203
HIST 1671 227
HIST 1672 202
HIST 1673 190
HIST 1674 190
HIST 1675 194
HIST 1676 202
HIST 1677 232
HIST 1678 216
HIST 1679 216
HIST 1680 225
HIST 1681 205
HIST 1682 188
HIST 1683 203
HIST 1684 192
HIST 1685 202
HIST 1686 215
HIST 1687 192
HIST 1688 193
HIST 1689 217
HIST 1690 208
HIST 1691 221
HIST 1692 202
HIST 1693 175
HIST 1694 206
HIST 1695 206
HIST 1696 194
HIST 1697 190
HIST 1698 211
HIST 1699 198
HIST 1700 212
HIST 1701 176
HIST 1702 195
HIST 1703 209
HIST 1704 219
HIST 1705 218
HIST 1706 167
HIST 1707 212
HIST 1708 221
HIST 1709 194
HIST 1710 209
HIST 1711 198
HIST 1712 199
HIST 1713 189
HIST 1714 199
HIST 1715 202
HIST 1716 210
HIST 1717 205
HIST 1718 211
HIST 1719 179
HIST 1720 221
HIST 1721 214
HIST 1722 205
HIST 1723 220
HIST 1724 226
HIST 1725 186
HIST 1726 178
HIST 1727 187
HIST 1728 175
HIST 1729 227
HIST 1730 174
HIST 1731 195
HIST 1732 204
HIST 1733 191
HIST 1734 234
HIST 1735 197
HIST 1736 218
HIST 1737 199
HIST 1738 210
HIST 1739 210
HIST 1740 208
HIST 1741 201
HIST 1742 190
HIST 1743 180
HIST 1744 211
HIST 1745 191
HIST 1746 221
HIST 1747 193
HIST 1748 237
HIST 1749 199
HIST 1750 193
HIST 1751 219
HIST 1752 217
HIST 1753 219
HIST 1754 176
HIST 1755 206
HIST 1756 199
HIST 1757 189
HIST 1758 193
HIST 1759 202
HIST 1760 188
HIST 1761 192
HIST 1762 189
HIST 1763 207
HIST 1764 215
HIST 1765 196
HIST 1766 193
HIST 1767 187
HIST 1768 224
HIST 1769 209
HIST 1770 202
HIST 1771 212
HIST 1772 189
HIST 1773 212
HIST 1774 214
HIST 1775 208
HIST 1776 186
HIST 1777 203
HIST 1778 212
HIST 1779 195
HIST 1780 189
HIST 1781 236
HIST 1782 215
HIST 1783 198
HIST 1784 202
HIST 1785 192
HIST 1786 196
HIST 1787 196
HIST 1788 223
HIST 1789 203
HIST 1790 213
HIST 1791 176
HIST 1792 207
HIST 1793 200
HIST 1794 191
HIST 1795 228
HIST 1796 189
HIST 1797 199
HIST 1798 207
HIST 1799 200
HIST 1800 167
HIST 1801 189
HIST 1802 191
HIST 1803 202
HIST 1804 187
HIST 1805 225
HIST 1806 218
HIST 1807 199
HIST 1808 196
HIST 1809 190
HIST 1810 191
HIST 1811 199
HIST 1812 201
HIST 1813 175
HIST 1814 201
HIST 1815 229
HIST 1816 197
HIST 1817 188
HIST 1818 216
HIST 1819 190
HIST 1820 199
HIST 1821 204
HIST 1822 173
HIST 1823 232
HIST 1824 201
HIST 1825 196
HIST 1826 209
HIST 1827 221
HIST 1828 216
HIST 1829 195
HIST 1830 214
HIST 1831 213
HIST 1832 185
HIST 1833 177
HIST 1834 230
HIST 1835 201
HIST 1836 215
HIST 1837 195
HIST 1838 211
HIST 1839 178
HIST 1840 205
HIST 1841 221
HIST 1842 200
HIST 1843 197
HIST 1844 182
HIST 1845 207
HIST 1846 212
HIST 1847 213
HIST 1848 239
HIST 1849 223
HIST 1850 195
HIST 1851 208
HIST 1852 211
HIST 1853 192
HIST 1854 216
HIST 1855 225
HIST 1856 182
HIST 1857 214
HIST 1858 200
HIST 1859 198
HIST 1860 223
HIST 1861 195
HIST 1862 205
HIST 1863 206
HIST 1864 223
HIST 1865 197
HIST 1866 217
HIST 1867 187
HIST 1868 195
HIST 1869 189
HIST 1870 227
HIST 1871 213
HIST 1872 229
HIST 1873 219
HIST 1874 207
HIST 1875 193
HIST 1876 222
HIST 1877 197
HIST 1878 202
HIST 1879 179
HIST 1880 218
HIST 1881 204
HIST 1882 219
HIST 1883 207
HIST 1884 202
HIST 1885 213
HIST 1886 197
HIST 1887 236
HIST 1888 228
HIST 1889 197
HIST 1890 205
HIST 1891 227
HIST 1892 213
HIST 1893 206
HIST 1894 208
HIST 1895 203
HIST 1896 202
HIST 1897 243
HIST 1898 209
HIST 1899 204
HIST 1900 186
HIST 1901 221
HIST 1902 203
HIST 1903 204
HIST 1904 225
HIST 1905 240
HIST 1906 212
HIST 1907 227
HIST 1908 216
HIST 1909 192
HIST 1910 194
HIST 1911 232
HIST 1912 191
HIST 1913 225
HIST 1914 214
HIST 1915 206
HIST 1916 219
HIST 1917 189
HIST 1918 192
HIST 1919 210
HIST 1920 200
HIST 1921 193
HIST 1922 192
HIST 1923 217
HIST 1924 199
HIST 1925 221
HIST 1926 217
HIST 1927 210
HIST 1928 162
HIST 1929 235
HIST 1930 185
HIST 1931 210
HIST 1932 200
HIST 1933 193
HIST 1934 216
HIST 1935 191
HIST 1936 177
HIST 1937 189
HIST 1938 175
HIST 1939 212
HIST 1940 205
HIST 1941 179
HIST 1942 188
HIST 1943 163
HIST 1944 198
HIST 1945 187
HIST 1946 176
HIST 1947 182
HIST 1948 187
HIST 1949 195
HIST 1950 200
HIST 1951 185
HIST 1952 188
HIST 1953 192
HIST 1954 220
HIST 1955 197
HIST 1956 206
HIST 1957 184
HIST 1958 172
HIST 1959 200
HIST 1960 164
HIST 1961 183
HIST 1962 200
HIST 1963 170
HIST 1964 189
HIST 1965 230
HIST 1966 178
HIST 1967 186
HIST 1968 186
HIST 1969 200
HIST 1970 179
HIST 1971 170
HIST 1972 186
HIST 1973 192
HIST 1974 194
HIST 1975 189
HIST 1976 180
HIST 1977 185
HIST 1978 189
HIST 1979 193
HIST 1980 191
HIST 1981 155
HIST 1982 183
HIST 1983 223
HIST 1984 180
HIST 1985 166
HIST 1986 171
HIST 1987 213
HIST 1988 215
HIST 1989 199
HIST 1990 200
HIST 1991 197
HIST 1992 195
HIST 1993 181
HIST 1994 193
HIST 1995 203
HIST 1996 203
HIST 1997 201
HIST 1998 192
HIST 1999 171
HIST 2000 192
HIST 2001 195
HIST 2002 170
HIST 2003 205
HIST 2004 207
HIST 2005 189
HIST 2006 203
HIST 2007 197
HIST 2008 203
HIST 2009 190
HIST 2010 191
HIST 2011 183
HIST 2012 217
HIST 2013 174
HIST 2014 203
HIST 2015 171
HIST 2016 207
HIST 2017 179
HIST 2018 184
HIST 2019 220
HIST 2020 194
HIST 2021 181
HIST 2022 207
HIST 2023 200
HIST 2024 181
HIST 2025 201
HIST 2026 191
HIST 2027 189
HIST 2028 188
HIST 2029 191
HIST 2030 191
HIST 2031 190
HIST 2032 198
HIST 2033 176
HIST 2034 197
HIST 2035 189
HIST 2036 159
HIST 2037 189
HIST 2038 205
HIST 2039 193
HIST 2040 223
HIST 2041 207
HIST 2042 212
HIST 2043 209
HIST 2044 181
HIST 2045 178
HIST 2046 205
HIST 2047 199
HIST 2048 197
HIST 2049 186
HIST 2050 196
HIST 2051 195
HIST 2052 196
HIST 2053 222
HIST 2054 208
HIST 2055 167
HIST 2056 189
HIST 2057 190
HIST 2058 187
HIST 2059 168
HIST 2060 203
HIST 2061 223
HIST 2062 212
HIST 2063 201
HIST 2064 193
HIST 2065 171
HIST 2066 191
HIST 2067 190
HIST 2068 188
HIST 2069 173
HIST 2070 194
HIST 2071 206
HIST 2072 207
HIST 2073 274
HIST 2074 151
HIST 2075 216
HIST 2076 211
HIST 2077 191
HIST 2078 223
HIST 2079 196
HIST 2080 210
HIST 2081 196
HIST 2082 203
HIST 2083 181
HIST 2084 192
HIST 2085 210
HIST 2086 202
HIST 2087 180
HIST 2088 225
HIST 2089 217
HIST 2090 203
HIST 2091 192
HIST 2092 217
HIST 2093 201
HIST 2094 192
HIST 2095 223
HIST 2096 211
HIST 2097 188
HIST 2098 187
HIST 2099 223
HIST 2100 235
HIST 2101 190
HIST 2102 186
HIST 2103 211
HIST 2104 7417
HIST 2105 200
HIST 2106 222
HIST 2107 212
HIST 2108 220
HIST 2109 193
HIST 2110 167
HIST 2111 202
HIST 2112 194
HIST 2113 190
HIST 2114 216
HIST 2115 205
HIST 2116 229
HIST 2117 219
HIST 2118 213
HIST 2119 216
HIST 2120 192
HIST 2121 210
HIST 2122 200
HIST 2123 201
HIST 2124 187
HIST 2125 189
HIST 2126 204
HIST 2127 219
HIST 2128 232
HIST 2129 211
HIST 2130 204
HIST 2131 215
HIST 2132 191
HIST 2133 195
HIST 2134 228
HIST 2135 196
HIST 2136 207
HIST 2137 237
HIST 2138 220
HIST 2139 193
HIST 2140 224
HIST 2141 212
HIST 2142 217
HIST 2143 248
HIST 2144 199
HIST 2145 184
HIST 2146 221
HIST 2147 183
HIST 2148 235
HIST 2149 189
HIST 2150 240
HIST 2151 219
HIST 2152 192
HIST 2153 221
HIST 2154 231
HIST 2155 205
HIST 2156 224
HIST 2157 227
HIST 2158 232
HIST 2159 212
HIST 2160 210
HIST 2161 183
HIST 2162 231
HIST 2163 191
HIST 2164 183
HIST 2165 207
HIST 2166 240
HIST 2167 233
HIST 2168 204
HIST 2169 205
HIST 2170 242
HIST 2171 237
HIST 2172 223
HIST 2173 210
HIST 2174 230
HIST 2175 229
HIST 2176 216
HIST 2177 210
HIST 2178 229
HIST 2179 210
HIST 2180 224
HIST 2181 227
HIST 2182 217
HIST 2183 205
HIST 2184 210
HIST 2185 235
HIST 2186 218
HIST 2187 222
HIST 2188 211
HIST 2189 204
HIST 2190 210
HIST 2191 225
HIST 2192 225
HIST 2193 203
HIST 2194 206
HIST 2195 239
HIST 2196 209
HIST 2197 241
HIST 2198 214
HIST 2199 231
HIST 2200 226
HIST 2201 227
HIST 2202 206
HIST 2203 219
HIST 2204 201
HIST 2205 204
HIST 2206 217
HIST 2207 218
HIST 2208 209
HIST 2209 211
HIST 2210 246
HIST 2211 216
HIST 2212 214
HIST 2213 219
HIST 2214 224
HIST 2215 242
HIST 2216 207
HIST 2217 223
HIST 2218 217
HIST 2219 245
HIST 2220 248
HIST 2221 220
HIST 2222 235
HIST 2223 206
HIST 2224 217
HIST 2225 239
HIST 2226 243
HIST 2227 236
HIST 2228 211
HIST 2229 240
HIST 2230 218
HIST 2231 222
HIST 2232 233
HIST 2233 212
HIST 2234 230
HIST 2235 241
HIST 2236 234
HIST 2237 234
HIST 2238 241
HIST 2239 254
HIST 2240 254
HIST 2241 236
HIST 2242 238
HIST 2243 270
HIST 2244 245
HIST 2245 214
HIST 2246 224
HIST 2247 241
HIST 2248 248
HIST 2249 234
HIST 2250 277
HIST 2251 248
HIST 2252 210
HIST 2253 219
HIST 2254 250
HIST 2255 250
HIST 2256 216
HIST 2257 248
HIST 2258 254
HIST 2259 239
HIST 2260 243
HIST 2261 225
HIST 2262 250
HIST 2263 247
HIST 2264 203
HIST 2265 241
HIST 2266 246
HIST 2267 252
HIST 2268 255
HIST 2269 247
HIST 2270 260
HIST 2271 245
HIST 2272 241
HIST 2273 250
HIST 2274 242
HIST 2275 236
HIST 2276 265
HIST 2277 248
HIST 2278 255
HIST 2279 250
HIST 2280 247
HIST 2281 239
HIST 2282 256
HIST 2283 230
HIST 2284 237
HIST 2285 236
HIST 2286 236
HIST 2287 276
HIST 2288 248
HIST 2289 276
HIST 2290 279
HIST 2291 266
HIST 2292 271
HIST 2293 232
HIST 2294 281
HIST 2295 245
HIST 2296 264
HIST 2297 250
HIST 2298 260
HIST 2299 245
HIST 2300 262
HIST 2301 233
HIST 2302 276
HIST 2303 267
HIST 2304 275
HIST 2305 247
HIST 2306 259
HIST 2307 252
HIST 2308 282
HIST 2309 275
HIST 2310 270
HIST 2311 270
HIST 2312 254
HIST 2313 271
HIST 2314 262
HIST 2315 267
HIST 2316 250
HIST 2317 279
HIST 2318 244
HIST 2319 298
HIST 2320 282
HIST 2321 280
HIST 2322 269
HIST 2323 242
HIST 2324 275
HIST 2325 284
HIST 2326 255
HIST 2327 277
HIST 2328 283
HIST 2329 290
HIST 2330 265
HIST 2331 314
HIST 2332 308
HIST 2333 291
HIST 2334 274
HIST 2335 320
HIST 2336 277
HIST 2337 276
HIST 2338 316
HIST 2339 256
HIST 2340 277
HIST 2341 278
HIST 2342 290
HIST 2343 270
HIST 2344 280
HIST 2345 296
HIST 2346 294
HIST 2347 271
HIST 2348 317
HIST 2349 277
HIST 2350 300
HIST 2351 286
HIST 2352 285
HIST 2353 300
HIST 2354 299
HIST 2355 301
HIST 2356 306
HIST 2357 290
HIST 2358 297
HIST 2359 290
HIST 2360 303
HIST 2361 321
HIST 2362 279
HIST 2363 282
HIST 2364 300
HIST 2365 280
HIST 2366 326
HIST 2367 309
HIST 2368 309
HIST 2369 273
HIST 2370 336
HIST 2371 327
HIST 2372 322
HIST 2373 288
HIST 2374 319
HIST 2375 310
HIST 2376 278
HIST 2377 286
HIST 2378 262
HIST 2379 293
HIST 2380 260
HIST 2381 239
HIST 2382 202
HIST 2383 188
HIST 2384 172
HIST 2385 139
HIST 2386 131
HIST 2387 127
HIST 2388 137
HIST 2389 100
HIST 2390 109
HIST 2391 116
HIST 2392 89
HIST 2393 84
HIST 2394 80
HIST 2395 100
HIST 2396 97
HIST 2397 91
HIST 2398 66
HIST 2399 81
HIST 2400 76
HIST 2401 90
HIST 2402 64
HIST 2403 88
HIST 2404 86
HIST 2405 89
HIST 2406 79
HIST 2407 64
HIST 2408 71
HIST 2409 67
HIST 2410 68
HIST 2411 70
HIST 2412 77
HIST 2413 61
HIST 2414 70
HIST 2415 52
HIST 2416 72
HIST 2417 59
HIST 2418 49
HIST 2419 63
HIST 2420 64
HIST 2421 69
HIST 2422 52
HIST 2423 54
HIST 2424 60
HIST 2425 57
HIST 2426 60
HIST 2427 45
HIST 2428 61
HIST 2429 59
HIST 2430 53
HIST 2431 50
HIST 2432 56
HIST 2433 54
HIST 2434 62
HIST 2435 51
HIST 2436 40
HIST 2437 52
HIST 2438 47
HIST 2439 45
HIST 2440 40
HIST 2441 48
HIST 2442 47
HIST 2443 43
HIST 2444 38
HIST 2445 39
HIST 2446 44
HIST 2447 55
HIST 2448 39
HIST 2449 42
HIST 2450 46
HIST 2451 45
HIST 2452 27
HIST 2453 38
HIST 2454 50
HIST 2455 47
HIST 2456 39
HIST 2457 36
HIST 2458 38
HIST 2459 39
HIST 2460 39
HIST 2461 29
HIST 2462 33
HIST 2463 31
HIST 2464 17
HIST 2465 35
HIST 2466 25
HIST 2467 40
HIST 2468 23
HIST 2469 35
HIST 2470 31
HIST 2471 36
HIST 2472 21
HIST 2473 30
HIST 2474 17
HIST 2475 22
HIST 2476 22
HIST 2477 21
HIST 2478 22
HIST 2479 25
HIST 2480 21
HIST 2481 25
HIST 2482 22
HIST 2483 14
HIST 2484 16
HIST 2485 13
HIST 2486 19
HIST 2487 19
HIST 2488 14
HIST 2489 14
HIST 2490 12
HIST 2491 20
HIST 2492 16
HIST 2493 12
HIST 2494 18
HIST 2495 12
HIST 2496 17
HIST 2497 11
HIST 2498 11
HIST 2499 13
HIST 2500 14
HIST 2501 8
HIST 2502 8
HIST 2503 13
HIST 2504 8
HIST 2505 16
HIST 2506 16
HIST 2507 8
HIST 2508 11
HIST 2509 11
HIST 2510 5
HIST 2511 6
HIST 2512 7
HIST 2513 7
HIST 2514 12
HIST 2515 4
HIST 2516 8
HIST 2517 8
HIST 2518 5
HIST 2519 3
HIST 2520 4
HIST 2521 4
HIST 2522 5
HIST 2523 2
HIST 2524 8
HIST 2525 2
HIST 2526 6
HIST 2527 7
HIST 2528 5
HIST 2529 2
HIST 2530 3
HIST 2531 1
HIST 2532 8
HIST 2533 6
HIST 2534 7
HIST 2535 1
HIST 2536 4
HIST 2537 6
HIST 2538 2
HIST 2539 1
HIST 2541 4
HIST 2543 4
HIST 2544 5
HIST 2545 2
HIST 2546 3
HIST 2547 1
HIST 2548 2
HIST 2552 1
HIST 2553 1
HIST 2554 3
HIST 2555 4
HIST 2556 3
HIST 2558 1
HIST 2560 2
HIST 2561 1
HIST 2563 2
HIST 2564 2
HIST 2567 1
HIST 2574 1
HIST 2579 4
HIST 2580 12
HIST 2581 11
HIST 2582 36
HIST 2584 198
HIST 2585 1
HIST 2586 135
HIST 2590 1
HIST 2592 1
HIST 2615 20450
HISTEND
