область 3 целиком затенена областью 2 — выброшена (в сцене симулятора она тоже недостижима)
SETUP correlatedGamma=0 twoJmax=10 vacuum=1 seed=0 killesc=0 killcarry=0 fullcarry=1
CUTS (production thresholds per material couple):
 Material : G4_Galactic
 Range cuts        :  gamma  1 mm     e-  1 mm     e+  1 mm  proton 1 mm 
 Energy thresholds :  gamma  990 eV     e-  990 eV     e+  990 eV  proton 100 keV
 Material : scene_mat_3
 Range cuts        :  gamma  1 mm     e-  1 mm     e+  1 mm  proton 1 mm 
 Energy thresholds :  gamma  6.91691 keV    e-  597.603 keV    e+  574.29 keV proton 100 keV
 Material : scene_mat_1
 Range cuts        :  gamma  1 mm     e-  1 mm     e+  1 mm  proton 1 mm 
 Energy thresholds :  gamma  4.39533 keV    e-  541.252 keV    e+  522.087 keV proton 100 keV
 Material : scene_mat_0
 Range cuts        :  gamma  1 mm     e-  1 mm     e+  1 mm  proton 1 mm 
 Energy thresholds :  gamma  38.4662 keV    e-  692.485 keV    e+  658.149 keV proton 100 keV
RESULT decays=20000000
RESULT any=705872 eps_total=3.529360e-02
RESULT window=2614.511 counts=19988 eps=9.994000e-04
HISTBEGIN bins=2616 bin_kev=1.000000 decays=20000000
HIST 0 101
HIST 1 277
HIST 2 267
HIST 3 290
HIST 4 285
HIST 5 291
HIST 6 344
HIST 7 381
HIST 8 338
HIST 9 318
HIST 10 337
HIST 11 327
HIST 12 358
HIST 13 366
HIST 14 352
HIST 15 371
HIST 16 359
HIST 17 339
HIST 18 369
HIST 19 352
HIST 20 345
HIST 21 363
HIST 22 379
HIST 23 347
HIST 24 367
HIST 25 374
HIST 26 394
HIST 27 372
HIST 28 348
HIST 29 350
HIST 30 359
HIST 31 362
HIST 32 293
HIST 33 351
HIST 34 337
HIST 35 368
HIST 36 356
HIST 37 334
HIST 38 299
HIST 39 356
HIST 40 317
HIST 41 326
HIST 42 337
HIST 43 359
HIST 44 350
HIST 45 328
HIST 46 332
HIST 47 339
HIST 48 320
HIST 49 353
HIST 50 321
HIST 51 326
HIST 52 346
HIST 53 313
HIST 54 300
HIST 55 331
HIST 56 338
HIST 57 334
HIST 58 299
HIST 59 334
HIST 60 273
HIST 61 321
HIST 62 328
HIST 63 300
HIST 64 314
HIST 65 298
HIST 66 312
HIST 67 316
HIST 68 294
HIST 69 304
HIST 70 336
HIST 71 305
HIST 72 320
HIST 73 304
HIST 74 312
HIST 75 290
HIST 76 303
HIST 77 281
HIST 78 326
HIST 79 310
HIST 80 317
HIST 81 307
HIST 82 287
HIST 83 298
HIST 84 303
HIST 85 268
HIST 86 310
HIST 87 318
HIST 88 294
HIST 89 301
HIST 90 305
HIST 91 302
HIST 92 290
HIST 93 302
HIST 94 304
HIST 95 306
HIST 96 315
HIST 97 295
HIST 98 270
HIST 99 297
HIST 100 306
HIST 101 282
HIST 102 301
HIST 103 274
HIST 104 314
HIST 105 289
HIST 106 267
HIST 107 270
HIST 108 304
HIST 109 296
HIST 110 300
HIST 111 285
HIST 112 336
HIST 113 290
HIST 114 289
HIST 115 283
HIST 116 297
HIST 117 276
HIST 118 285
HIST 119 316
HIST 120 282
HIST 121 309
HIST 122 313
HIST 123 284
HIST 124 277
HIST 125 294
HIST 126 286
HIST 127 298
HIST 128 295
HIST 129 282
HIST 130 270
HIST 131 282
HIST 132 297
HIST 133 279
HIST 134 305
HIST 135 294
HIST 136 286
HIST 137 267
HIST 138 267
HIST 139 298
HIST 140 289
HIST 141 280
HIST 142 263
HIST 143 275
HIST 144 288
HIST 145 273
HIST 146 317
HIST 147 297
HIST 148 291
HIST 149 289
HIST 150 290
HIST 151 306
HIST 152 303
HIST 153 271
HIST 154 311
HIST 155 306
HIST 156 334
HIST 157 282
HIST 158 310
HIST 159 295
HIST 160 284
HIST 161 266
HIST 162 282
HIST 163 269
HIST 164 316
HIST 165 316
HIST 166 273
HIST 167 276
HIST 168 288
HIST 169 287
HIST 170 286
HIST 171 293
HIST 172 280
HIST 173 267
HIST 174 260
HIST 175 266
HIST 176 273
HIST 177 274
HIST 178 286
HIST 179 291
HIST 180 300
HIST 181 241
HIST 182 281
HIST 183 257
HIST 184 278
HIST 185 266
HIST 186 280
HIST 187 285
HIST 188 259
HIST 189 267
HIST 190 287
HIST 191 292
HIST 192 295
HIST 193 284
HIST 194 269
HIST 195 249
HIST 196 258
HIST 197 256
HIST 198 263
HIST 199 309
HIST 200 257
HIST 201 279
HIST 202 261
HIST 203 279
HIST 204 285
HIST 205 276
HIST 206 297
HIST 207 281
HIST 208 286
HIST 209 263
HIST 210 295
HIST 211 252
HIST 212 296
HIST 213 297
HIST 214 262
HIST 215 284
HIST 216 270
HIST 217 262
HIST 218 268
HIST 219 266
HIST 220 297
HIST 221 290
HIST 222 291
HIST 223 286
HIST 224 293
HIST 225 254
HIST 226 279
HIST 227 294
HIST 228 249
HIST 229 297
HIST 230 311
HIST 231 266
HIST 232 295
HIST 233 294
HIST 234 309
HIST 235 337
HIST 236 337
HIST 237 357
HIST 238 346
HIST 239 327
HIST 240 332
HIST 241 351
HIST 242 348
HIST 243 328
HIST 244 337
HIST 245 335
HIST 246 355
HIST 247 353
HIST 248 346
HIST 249 359
HIST 250 352
HIST 251 349
HIST 252 374
HIST 253 315
HIST 254 322
HIST 255 358
HIST 256 372
HIST 257 352
HIST 258 360
HIST 259 352
HIST 260 342
HIST 261 319
HIST 262 351
HIST 263 360
HIST 264 339
HIST 265 319
HIST 266 310
HIST 267 351
HIST 268 344
HIST 269 326
HIST 270 343
HIST 271 329
HIST 272 324
HIST 273 301
HIST 274 350
HIST 275 341
HIST 276 337
HIST 277 308
HIST 278 329
HIST 279 321
HIST 280 335
HIST 281 335
HIST 282 333
HIST 283 363
HIST 284 311
HIST 285 301
HIST 286 343
HIST 287 343
HIST 288 316
HIST 289 327
HIST 290 346
HIST 291 296
HIST 292 306
HIST 293 308
HIST 294 308
HIST 295 355
HIST 296 300
HIST 297 324
HIST 298 304
HIST 299 304
HIST 300 316
HIST 301 310
HIST 302 318
HIST 303 301
HIST 304 283
HIST 305 294
HIST 306 325
HIST 307 308
HIST 308 317
HIST 309 313
HIST 310 300
HIST 311 281
HIST 312 274
HIST 313 292
HIST 314 319
HIST 315 335
HIST 316 291
HIST 317 315
HIST 318 312
HIST 319 302
HIST 320 298
HIST 321 287
HIST 322 298
HIST 323 305
HIST 324 325
HIST 325 286
HIST 326 286
HIST 327 307
HIST 328 328
HIST 329 300
HIST 330 297
HIST 331 298
HIST 332 296
HIST 333 305
HIST 334 282
HIST 335 307
HIST 336 280
HIST 337 327
HIST 338 301
HIST 339 272
HIST 340 307
HIST 341 300
HIST 342 297
HIST 343 286
HIST 344 278
HIST 345 276
HIST 346 278
HIST 347 294
HIST 348 268
HIST 349 276
HIST 350 296
HIST 351 285
HIST 352 264
HIST 353 275
HIST 354 283
HIST 355 331
HIST 356 258
HIST 357 260
HIST 358 289
HIST 359 263
HIST 360 267
HIST 361 292
HIST 362 275
HIST 363 305
HIST 364 266
HIST 365 246
HIST 366 282
HIST 367 299
HIST 368 279
HIST 369 310
HIST 370 254
HIST 371 274
HIST 372 249
HIST 373 265
HIST 374 292
HIST 375 284
HIST 376 266
HIST 377 313
HIST 378 262
HIST 379 266
HIST 380 279
HIST 381 289
HIST 382 294
HIST 383 276
HIST 384 263
HIST 385 276
HIST 386 292
HIST 387 285
HIST 388 279
HIST 389 282
HIST 390 257
HIST 391 289
HIST 392 247
HIST 393 297
HIST 394 275
HIST 395 262
HIST 396 283
HIST 397 285
HIST 398 259
HIST 399 271
HIST 400 254
HIST 401 259
HIST 402 274
HIST 403 298
HIST 404 290
HIST 405 274
HIST 406 248
HIST 407 316
HIST 408 276
HIST 409 266
HIST 410 287
HIST 411 254
HIST 412 262
HIST 413 271
HIST 414 246
HIST 415 247
HIST 416 283
HIST 417 283
HIST 418 267
HIST 419 275
HIST 420 254
HIST 421 261
HIST 422 267
HIST 423 279
HIST 424 250
HIST 425 259
HIST 426 266
HIST 427 265
HIST 428 258
HIST 429 255
HIST 430 251
HIST 431 298
HIST 432 256
HIST 433 258
HIST 434 248
HIST 435 257
HIST 436 269
HIST 437 255
HIST 438 261
HIST 439 282
HIST 440 266
HIST 441 266
HIST 442 266
HIST 443 277
HIST 444 270
HIST 445 252
HIST 446 271
HIST 447 285
HIST 448 252
HIST 449 272
HIST 450 261
HIST 451 287
HIST 452 262
HIST 453 284
HIST 454 284
HIST 455 271
HIST 456 291
HIST 457 272
HIST 458 304
HIST 459 263
HIST 460 279
HIST 461 248
HIST 462 282
HIST 463 233
HIST 464 298
HIST 465 280
HIST 466 249
HIST 467 262
HIST 468 269
HIST 469 229
HIST 470 280
HIST 471 266
HIST 472 281
HIST 473 238
HIST 474 283
HIST 475 284
HIST 476 287
HIST 477 222
HIST 478 263
HIST 479 246
HIST 480 264
HIST 481 252
HIST 482 305
HIST 483 250
HIST 484 252
HIST 485 250
HIST 486 255
HIST 487 246
HIST 488 249
HIST 489 262
HIST 490 265
HIST 491 290
HIST 492 254
HIST 493 282
HIST 494 246
HIST 495 268
HIST 496 289
HIST 497 282
HIST 498 290
HIST 499 253
HIST 500 224
HIST 501 258
HIST 502 271
HIST 503 245
HIST 504 250
HIST 505 262
HIST 506 243
HIST 507 274
HIST 508 233
HIST 509 282
HIST 510 262
HIST 511 768
HIST 512 265
HIST 513 251
HIST 514 262
HIST 515 261
HIST 516 265
HIST 517 234
HIST 518 278
HIST 519 247
HIST 520 276
HIST 521 271
HIST 522 300
HIST 523 245
HIST 524 257
HIST 525 258
HIST 526 280
HIST 527 262
HIST 528 273
HIST 529 268
HIST 530 243
HIST 531 251
HIST 532 284
HIST 533 250
HIST 534 265
HIST 535 259
HIST 536 246
HIST 537 276
HIST 538 250
HIST 539 264
HIST 540 267
HIST 541 222
HIST 542 250
HIST 543 282
HIST 544 238
HIST 545 256
HIST 546 267
HIST 547 281
HIST 548 268
HIST 549 235
HIST 550 247
HIST 551 241
HIST 552 266
HIST 553 277
HIST 554 270
HIST 555 278
HIST 556 253
HIST 557 268
HIST 558 264
HIST 559 262
HIST 560 253
HIST 561 291
HIST 562 272
HIST 563 227
HIST 564 273
HIST 565 267
HIST 566 272
HIST 567 269
HIST 568 244
HIST 569 256
HIST 570 262
HIST 571 280
HIST 572 262
HIST 573 270
HIST 574 268
HIST 575 241
HIST 576 246
HIST 577 230
HIST 578 253
HIST 579 252
HIST 580 266
HIST 581 256
HIST 582 270
HIST 583 252
HIST 584 238
HIST 585 246
HIST 586 272
HIST 587 269
HIST 588 259
HIST 589 267
HIST 590 249
HIST 591 273
HIST 592 236
HIST 593 284
HIST 594 269
HIST 595 249
HIST 596 252
HIST 597 296
HIST 598 249
HIST 599 271
HIST 600 233
HIST 601 264
HIST 602 279
HIST 603 243
HIST 604 268
HIST 605 255
HIST 606 220
HIST 607 264
HIST 608 233
HIST 609 262
HIST 610 223
HIST 611 243
HIST 612 260
HIST 613 251
HIST 614 241
HIST 615 233
HIST 616 268
HIST 617 256
HIST 618 257
HIST 619 252
HIST 620 288
HIST 621 254
HIST 622 267
HIST 623 268
HIST 624 252
HIST 625 238
HIST 626 255
HIST 627 271
HIST 628 219
HIST 629 226
HIST 630 269
HIST 631 250
HIST 632 227
HIST 633 217
HIST 634 246
HIST 635 270
HIST 636 248
HIST 637 244
HIST 638 264
HIST 639 258
HIST 640 273
HIST 641 245
HIST 642 255
HIST 643 256
HIST 644 248
HIST 645 264
HIST 646 266
HIST 647 240
HIST 648 250
HIST 649 243
HIST 650 262
HIST 651 255
HIST 652 269
HIST 653 261
HIST 654 285
HIST 655 264
HIST 656 239
HIST 657 246
HIST 658 228
HIST 659 228
HIST 660 242
HIST 661 264
HIST 662 277
HIST 663 262
HIST 664 255
HIST 665 255
HIST 666 251
HIST 667 267
HIST 668 248
HIST 669 241
HIST 670 234
HIST 671 256
HIST 672 247
HIST 673 263
HIST 674 253
HIST 675 269
HIST 676 268
HIST 677 237
HIST 678 230
HIST 679 272
HIST 680 257
HIST 681 263
HIST 682 289
HIST 683 255
HIST 684 260
HIST 685 236
HIST 686 245
HIST 687 275
HIST 688 262
HIST 689 266
HIST 690 255
HIST 691 256
HIST 692 237
HIST 693 255
HIST 694 249
HIST 695 232
HIST 696 269
HIST 697 246
HIST 698 262
HIST 699 229
HIST 700 241
HIST 701 269
HIST 702 240
HIST 703 251
HIST 704 244
HIST 705 271
HIST 706 234
HIST 707 259
HIST 708 260
HIST 709 255
HIST 710 242
HIST 711 253
HIST 712 261
HIST 713 275
HIST 714 246
HIST 715 231
HIST 716 237
HIST 717 254
HIST 718 256
HIST 719 261
HIST 720 250
HIST 721 247
HIST 722 279
HIST 723 237
HIST 724 237
HIST 725 237
HIST 726 264
HIST 727 261
HIST 728 224
HIST 729 250
HIST 730 270
HIST 731 243
HIST 732 268
HIST 733 235
HIST 734 251
HIST 735 249
HIST 736 272
HIST 737 259
HIST 738 230
HIST 739 258
HIST 740 259
HIST 741 260
HIST 742 242
HIST 743 236
HIST 744 239
HIST 745 268
HIST 746 236
HIST 747 284
HIST 748 275
HIST 749 240
HIST 750 267
HIST 751 262
HIST 752 257
HIST 753 204
HIST 754 231
HIST 755 240
HIST 756 249
HIST 757 260
HIST 758 226
HIST 759 264
HIST 760 242
HIST 761 240
HIST 762 242
HIST 763 273
HIST 764 264
HIST 765 278
HIST 766 260
HIST 767 241
HIST 768 247
HIST 769 252
HIST 770 234
HIST 771 238
HIST 772 243
HIST 773 250
HIST 774 260
HIST 775 258
HIST 776 263
HIST 777 261
HIST 778 262
HIST 779 259
HIST 780 225
HIST 781 249
HIST 782 222
HIST 783 274
HIST 784 279
HIST 785 243
HIST 786 236
HIST 787 238
HIST 788 253
HIST 789 257
HIST 790 250
HIST 791 241
HIST 792 229
HIST 793 223
HIST 794 256
HIST 795 258
HIST 796 271
HIST 797 240
HIST 798 257
HIST 799 255
HIST 800 251
HIST 801 244
HIST 802 248
HIST 803 247
HIST 804 252
HIST 805 261
HIST 806 267
HIST 807 236
HIST 808 284
HIST 809 268
HIST 810 261
HIST 811 249
HIST 812 263
HIST 813 245
HIST 814 263
HIST 815 255
HIST 816 243
HIST 817 232
HIST 818 254
HIST 819 273
HIST 820 230
HIST 821 257
HIST 822 253
HIST 823 257
HIST 824 248
HIST 825 260
HIST 826 253
HIST 827 241
HIST 828 226
HIST 829 265
HIST 830 290
HIST 831 245
HIST 832 251
HIST 833 243
HIST 834 253
HIST 835 240
HIST 836 214
HIST 837 269
HIST 838 265
HIST 839 267
HIST 840 224
HIST 841 224
HIST 842 265
HIST 843 252
HIST 844 256
HIST 845 247
HIST 846 255
HIST 847 246
HIST 848 246
HIST 849 232
HIST 850 225
HIST 851 283
HIST 852 220
HIST 853 234
HIST 854 228
HIST 855 249
HIST 856 237
HIST 857 249
HIST 858 234
HIST 859 232
HIST 860 232
HIST 861 245
HIST 862 250
HIST 863 244
HIST 864 262
HIST 865 284
HIST 866 270
HIST 867 260
HIST 868 301
HIST 869 263
HIST 870 252
HIST 871 258
HIST 872 238
HIST 873 214
HIST 874 258
HIST 875 254
HIST 876 277
HIST 877 276
HIST 878 223
HIST 879 260
HIST 880 261
HIST 881 256
HIST 882 266
HIST 883 258
HIST 884 258
HIST 885 231
HIST 886 261
HIST 887 246
HIST 888 251
HIST 889 238
HIST 890 250
HIST 891 222
HIST 892 262
HIST 893 236
HIST 894 250
HIST 895 250
HIST 896 250
HIST 897 241
HIST 898 228
HIST 899 239
HIST 900 264
HIST 901 276
HIST 902 233
HIST 903 262
HIST 904 251
HIST 905 228
HIST 906 248
HIST 907 245
HIST 908 228
HIST 909 258
HIST 910 251
HIST 911 261
HIST 912 261
HIST 913 245
HIST 914 281
HIST 915 247
HIST 916 262
HIST 917 267
HIST 918 245
HIST 919 250
HIST 920 259
HIST 921 253
HIST 922 243
HIST 923 263
HIST 924 248
HIST 925 233
HIST 926 256
HIST 927 234
HIST 928 229
HIST 929 236
HIST 930 246
HIST 931 230
HIST 932 253
HIST 933 252
HIST 934 249
HIST 935 238
HIST 936 204
HIST 937 216
HIST 938 257
HIST 939 242
HIST 940 227
HIST 941 256
HIST 942 256
HIST 943 248
HIST 944 238
HIST 945 237
HIST 946 239
HIST 947 247
HIST 948 264
HIST 949 211
HIST 950 248
HIST 951 267
HIST 952 277
HIST 953 236
HIST 954 261
HIST 955 238
HIST 956 256
HIST 957 259
HIST 958 223
HIST 959 243
HIST 960 250
HIST 961 268
HIST 962 257
HIST 963 259
HIST 964 257
HIST 965 244
HIST 966 258
HIST 967 255
HIST 968 247
HIST 969 234
HIST 970 250
HIST 971 239
HIST 972 263
HIST 973 236
HIST 974 232
HIST 975 250
HIST 976 240
HIST 977 232
HIST 978 247
HIST 979 251
HIST 980 280
HIST 981 251
HIST 982 252
HIST 983 252
HIST 984 208
HIST 985 220
HIST 986 226
HIST 987 247
HIST 988 234
HIST 989 225
HIST 990 239
HIST 991 252
HIST 992 236
HIST 993 238
HIST 994 255
HIST 995 271
HIST 996 286
HIST 997 252
HIST 998 257
HIST 999 270
HIST 1000 240
HIST 1001 222
HIST 1002 244
HIST 1003 239
HIST 1004 269
HIST 1005 254
HIST 1006 243
HIST 1007 234
HIST 1008 229
HIST 1009 237
HIST 1010 254
HIST 1011 246
HIST 1012 244
HIST 1013 244
HIST 1014 244
HIST 1015 240
HIST 1016 242
HIST 1017 254
HIST 1018 256
HIST 1019 222
HIST 1020 262
HIST 1021 255
HIST 1022 285
HIST 1023 249
HIST 1024 261
HIST 1025 245
HIST 1026 248
HIST 1027 257
HIST 1028 247
HIST 1029 226
HIST 1030 243
HIST 1031 267
HIST 1032 257
HIST 1033 220
HIST 1034 257
HIST 1035 264
HIST 1036 262
HIST 1037 234
HIST 1038 276
HIST 1039 235
HIST 1040 256
HIST 1041 242
HIST 1042 266
HIST 1043 248
HIST 1044 248
HIST 1045 228
HIST 1046 246
HIST 1047 239
HIST 1048 262
HIST 1049 239
HIST 1050 218
HIST 1051 242
HIST 1052 242
HIST 1053 261
HIST 1054 242
HIST 1055 269
HIST 1056 237
HIST 1057 255
HIST 1058 274
HIST 1059 247
HIST 1060 241
HIST 1061 245
HIST 1062 245
HIST 1063 269
HIST 1064 261
HIST 1065 253
HIST 1066 259
HIST 1067 230
HIST 1068 228
HIST 1069 271
HIST 1070 251
HIST 1071 231
HIST 1072 236
HIST 1073 232
HIST 1074 252
HIST 1075 274
HIST 1076 238
HIST 1077 237
HIST 1078 254
HIST 1079 247
HIST 1080 258
HIST 1081 249
HIST 1082 248
HIST 1083 265
HIST 1084 252
HIST 1085 227
HIST 1086 231
HIST 1087 247
HIST 1088 235
HIST 1089 210
HIST 1090 241
HIST 1091 237
HIST 1092 265
HIST 1093 247
HIST 1094 242
HIST 1095 215
HIST 1096 297
HIST 1097 248
HIST 1098 227
HIST 1099 284
HIST 1100 230
HIST 1101 257
HIST 1102 221
HIST 1103 240
HIST 1104 235
HIST 1105 236
HIST 1106 252
HIST 1107 247
HIST 1108 244
HIST 1109 262
HIST 1110 236
HIST 1111 210
HIST 1112 226
HIST 1113 233
HIST 1114 264
HIST 1115 251
HIST 1116 277
HIST 1117 228
HIST 1118 259
HIST 1119 253
HIST 1120 225
HIST 1121 268
HIST 1122 235
HIST 1123 226
HIST 1124 254
HIST 1125 247
HIST 1126 234
HIST 1127 250
HIST 1128 242
HIST 1129 252
HIST 1130 270
HIST 1131 240
HIST 1132 249
HIST 1133 250
HIST 1134 255
HIST 1135 246
HIST 1136 260
HIST 1137 252
HIST 1138 246
HIST 1139 243
HIST 1140 227
HIST 1141 234
HIST 1142 239
HIST 1143 232
HIST 1144 245
HIST 1145 270
HIST 1146 261
HIST 1147 247
HIST 1148 253
HIST 1149 258
HIST 1150 250
HIST 1151 224
HIST 1152 228
HIST 1153 254
HIST 1154 262
HIST 1155 236
HIST 1156 236
HIST 1157 230
HIST 1158 244
HIST 1159 249
HIST 1160 247
HIST 1161 259
HIST 1162 246
HIST 1163 227
HIST 1164 254
HIST 1165 248
HIST 1166 237
HIST 1167 275
HIST 1168 256
HIST 1169 244
HIST 1170 216
HIST 1171 228
HIST 1172 262
HIST 1173 264
HIST 1174 263
HIST 1175 235
HIST 1176 253
HIST 1177 254
HIST 1178 258
HIST 1179 276
HIST 1180 259
HIST 1181 218
HIST 1182 250
HIST 1183 237
HIST 1184 231
HIST 1185 263
HIST 1186 278
HIST 1187 259
HIST 1188 241
HIST 1189 263
HIST 1190 253
HIST 1191 235
HIST 1192 253
HIST 1193 234
HIST 1194 260
HIST 1195 250
HIST 1196 234
HIST 1197 243
HIST 1198 244
HIST 1199 261
HIST 1200 256
HIST 1201 262
HIST 1202 243
HIST 1203 207
HIST 1204 243
HIST 1205 238
HIST 1206 245
HIST 1207 209
HIST 1208 268
HIST 1209 244
HIST 1210 260
HIST 1211 264
HIST 1212 263
HIST 1213 250
HIST 1214 236
HIST 1215 245
HIST 1216 271
HIST 1217 247
HIST 1218 254
HIST 1219 240
HIST 1220 253
HIST 1221 241
HIST 1222 224
HIST 1223 252
HIST 1224 270
HIST 1225 256
HIST 1226 258
HIST 1227 252
HIST 1228 266
HIST 1229 235
HIST 1230 270
HIST 1231 255
HIST 1232 249
HIST 1233 272
HIST 1234 268
HIST 1235 279
HIST 1236 260
HIST 1237 227
HIST 1238 235
HIST 1239 241
HIST 1240 233
HIST 1241 221
HIST 1242 229
HIST 1243 251
HIST 1244 248
HIST 1245 244
HIST 1246 247
HIST 1247 230
HIST 1248 228
HIST 1249 248
HIST 1250 264
HIST 1251 228
HIST 1252 238
HIST 1253 229
HIST 1254 273
HIST 1255 243
HIST 1256 264
HIST 1257 245
HIST 1258 294
HIST 1259 236
HIST 1260 280
HIST 1261 267
HIST 1262 216
HIST 1263 247
HIST 1264 245
HIST 1265 256
HIST 1266 238
HIST 1267 247
HIST 1268 240
HIST 1269 239
HIST 1270 253
HIST 1271 266
HIST 1272 244
HIST 1273 218
HIST 1274 243
HIST 1275 219
HIST 1276 258
HIST 1277 255
HIST 1278 240
HIST 1279 267
HIST 1280 252
HIST 1281 265
HIST 1282 264
HIST 1283 279
HIST 1284 270
HIST 1285 243
HIST 1286 252
HIST 1287 247
HIST 1288 243
HIST 1289 261
HIST 1290 233
HIST 1291 252
HIST 1292 225
HIST 1293 249
HIST 1294 241
HIST 1295 264
HIST 1296 248
HIST 1297 252
HIST 1298 260
HIST 1299 257
HIST 1300 232
HIST 1301 242
HIST 1302 232
HIST 1303 254
HIST 1304 270
HIST 1305 244
HIST 1306 262
HIST 1307 266
HIST 1308 245
HIST 1309 253
HIST 1310 252
HIST 1311 244
HIST 1312 223
HIST 1313 236
HIST 1314 257
HIST 1315 239
HIST 1316 272
HIST 1317 243
HIST 1318 249
HIST 1319 279
HIST 1320 252
HIST 1321 223
HIST 1322 241
HIST 1323 260
HIST 1324 220
HIST 1325 275
HIST 1326 264
HIST 1327 265
HIST 1328 244
HIST 1329 235
HIST 1330 273
HIST 1331 259
HIST 1332 243
HIST 1333 268
HIST 1334 260
HIST 1335 242
HIST 1336 290
HIST 1337 242
HIST 1338 240
HIST 1339 248
HIST 1340 268
HIST 1341 242
HIST 1342 244
HIST 1343 234
HIST 1344 253
HIST 1345 261
HIST 1346 247
HIST 1347 266
HIST 1348 241
HIST 1349 271
HIST 1350 222
HIST 1351 282
HIST 1352 262
HIST 1353 271
HIST 1354 240
HIST 1355 248
HIST 1356 239
HIST 1357 251
HIST 1358 250
HIST 1359 269
HIST 1360 243
HIST 1361 260
HIST 1362 217
HIST 1363 249
HIST 1364 239
HIST 1365 241
HIST 1366 257
HIST 1367 270
HIST 1368 266
HIST 1369 211
HIST 1370 251
HIST 1371 261
HIST 1372 241
HIST 1373 280
HIST 1374 260
HIST 1375 260
HIST 1376 257
HIST 1377 234
HIST 1378 283
HIST 1379 242
HIST 1380 276
HIST 1381 253
HIST 1382 254
HIST 1383 277
HIST 1384 247
HIST 1385 238
HIST 1386 231
HIST 1387 234
HIST 1388 244
HIST 1389 255
HIST 1390 268
HIST 1391 243
HIST 1392 276
HIST 1393 266
HIST 1394 255
HIST 1395 243
HIST 1396 267
HIST 1397 278
HIST 1398 274
HIST 1399 243
HIST 1400 241
HIST 1401 234
HIST 1402 226
HIST 1403 266
HIST 1404 264
HIST 1405 250
HIST 1406 260
HIST 1407 261
HIST 1408 274
HIST 1409 246
HIST 1410 263
HIST 1411 257
HIST 1412 246
HIST 1413 286
HIST 1414 240
HIST 1415 274
HIST 1416 279
HIST 1417 261
HIST 1418 239
HIST 1419 215
HIST 1420 234
HIST 1421 250
HIST 1422 272
HIST 1423 267
HIST 1424 223
HIST 1425 266
HIST 1426 249
HIST 1427 229
HIST 1428 264
HIST 1429 262
HIST 1430 240
HIST 1431 258
HIST 1432 255
HIST 1433 269
HIST 1434 259
HIST 1435 265
HIST 1436 271
HIST 1437 281
HIST 1438 240
HIST 1439 239
HIST 1440 233
HIST 1441 289
HIST 1442 239
HIST 1443 242
HIST 1444 260
HIST 1445 244
HIST 1446 256
HIST 1447 250
HIST 1448 250
HIST 1449 272
HIST 1450 260
HIST 1451 242
HIST 1452 272
HIST 1453 238
HIST 1454 251
HIST 1455 250
HIST 1456 268
HIST 1457 251
HIST 1458 232
HIST 1459 264
HIST 1460 207
HIST 1461 243
HIST 1462 254
HIST 1463 253
HIST 1464 222
HIST 1465 263
HIST 1466 246
HIST 1467 222
HIST 1468 255
HIST 1469 221
HIST 1470 266
HIST 1471 245
HIST 1472 250
HIST 1473 244
HIST 1474 254
HIST 1475 242
HIST 1476 260
HIST 1477 244
HIST 1478 237
HIST 1479 259
HIST 1480 235
HIST 1481 261
HIST 1482 208
HIST 1483 245
HIST 1484 244
HIST 1485 259
HIST 1486 256
HIST 1487 249
HIST 1488 252
HIST 1489 246
HIST 1490 252
HIST 1491 239
HIST 1492 243
HIST 1493 268
HIST 1494 235
HIST 1495 244
HIST 1496 252
HIST 1497 230
HIST 1498 234
HIST 1499 231
HIST 1500 237
HIST 1501 254
HIST 1502 255
HIST 1503 234
HIST 1504 260
HIST 1505 250
HIST 1506 238
HIST 1507 240
HIST 1508 247
HIST 1509 235
HIST 1510 237
HIST 1511 263
HIST 1512 269
HIST 1513 230
HIST 1514 252
HIST 1515 227
HIST 1516 258
HIST 1517 238
HIST 1518 252
HIST 1519 217
HIST 1520 235
HIST 1521 260
HIST 1522 252
HIST 1523 249
HIST 1524 241
HIST 1525 248
HIST 1526 240
HIST 1527 250
HIST 1528 247
HIST 1529 252
HIST 1530 246
HIST 1531 258
HIST 1532 245
HIST 1533 277
HIST 1534 237
HIST 1535 251
HIST 1536 249
HIST 1537 241
HIST 1538 250
HIST 1539 248
HIST 1540 242
HIST 1541 232
HIST 1542 259
HIST 1543 239
HIST 1544 230
HIST 1545 230
HIST 1546 228
HIST 1547 231
HIST 1548 228
HIST 1549 279
HIST 1550 221
HIST 1551 237
HIST 1552 233
HIST 1553 244
HIST 1554 248
HIST 1555 237
HIST 1556 231
HIST 1557 231
HIST 1558 235
HIST 1559 209
HIST 1560 234
HIST 1561 228
HIST 1562 308
HIST 1563 259
HIST 1564 266
HIST 1565 251
HIST 1566 229
HIST 1567 231
HIST 1568 225
HIST 1569 250
HIST 1570 250
HIST 1571 239
HIST 1572 233
HIST 1573 230
HIST 1574 234
HIST 1575 225
HIST 1576 218
HIST 1577 212
HIST 1578 243
HIST 1579 250
HIST 1580 223
HIST 1581 238
HIST 1582 224
HIST 1583 227
HIST 1584 240
HIST 1585 214
HIST 1586 241
HIST 1587 244
HIST 1588 210
HIST 1589 230
HIST 1590 236
HIST 1591 246
HIST 1592 224
HIST 1593 43258
HIST 1594 247
HIST 1595 283
HIST 1596 282
HIST 1597 289
HIST 1598 279
HIST 1599 274
HIST 1600 272
HIST 1601 280
HIST 1602 296
HIST 1603 262
HIST 1604 273
HIST 1605 283
HIST 1606 289
HIST 1607 263
HIST 1608 284
HIST 1609 271
HIST 1610 266
HIST 1611 268
HIST 1612 295
HIST 1613 277
HIST 1614 263
HIST 1615 274
HIST 1616 283
HIST 1617 285
HIST 1618 280
HIST 1619 264
HIST 1620 276
HIST 1621 270
HIST 1622 259
HIST 1623 270
HIST 1624 264
HIST 1625 296
HIST 1626 272
HIST 1627 277
HIST 1628 240
HIST 1629 276
HIST 1630 266
HIST 1631 281
HIST 1632 299
HIST 1633 263
HIST 1634 256
HIST 1635 303
HIST 1636 284
HIST 1637 294
HIST 1638 268
HIST 1639 279
HIST 1640 257
HIST 1641 271
HIST 1642 297
HIST 1643 279
HIST 1644 286
HIST 1645 297
HIST 1646 283
HIST 1647 286
HIST 1648 288
HIST 1649 274
HIST 1650 267
HIST 1651 258
HIST 1652 283
HIST 1653 297
HIST 1654 257
HIST 1655 275
HIST 1656 299
HIST 1657 284
HIST 1658 286
HIST 1659 274
HIST 1660 296
HIST 1661 253
HIST 1662 286
HIST 1663 281
HIST 1664 261
HIST 1665 271
HIST 1666 283
HIST 1667 259
HIST 1668 292
HIST 1669 286
HIST 1670 264
HIST 1671 285
HIST 1672 282
HIST 1673 253
HIST 1674 260
HIST 1675 252
HIST 1676 254
HIST 1677 281
HIST 1678 273
HIST 1679 268
HIST 1680 304
HIST 1681 283
HIST 1682 295
HIST 1683 265
HIST 1684 265
HIST 1685 282
HIST 1686 287
HIST 1687 293
HIST 1688 249
HIST 1689 290
HIST 1690 285
HIST 1691 273
HIST 1692 270
HIST 1693 288
HIST 1694 254
HIST 1695 286
HIST 1696 259
HIST 1697 286
HIST 1698 277
HIST 1699 242
HIST 1700 270
HIST 1701 239
HIST 1702 278
HIST 1703 253
HIST 1704 298
HIST 1705 279
HIST 1706 263
HIST 1707 274
HIST 1708 271
HIST 1709 239
HIST 1710 287
HIST 1711 274
HIST 1712 281
HIST 1713 293
HIST 1714 283
HIST 1715 264
HIST 1716 274
HIST 1717 262
HIST 1718 246
HIST 1719 281
HIST 1720 279
HIST 1721 252
HIST 1722 252
HIST 1723 273
HIST 1724 298
HIST 1725 271
HIST 1726 272
HIST 1727 271
HIST 1728 244
HIST 1729 264
HIST 1730 237
HIST 1731 259
HIST 1732 276
HIST 1733 257
HIST 1734 273
HIST 1735 285
HIST 1736 250
HIST 1737 293
HIST 1738 255
HIST 1739 267
HIST 1740 284
HIST 1741 269
HIST 1742 285
HIST 1743 252
HIST 1744 273
HIST 1745 281
HIST 1746 278
HIST 1747 260
HIST 1748 291
HIST 1749 257
HIST 1750 238
HIST 1751 301
HIST 1752 272
HIST 1753 261
HIST 1754 238
HIST 1755 273
HIST 1756 246
HIST 1757 256
HIST 1758 251
HIST 1759 276
HIST 1760 256
HIST 1761 279
HIST 1762 265
HIST 1763 275
HIST 1764 264
HIST 1765 289
HIST 1766 272
HIST 1767 288
HIST 1768 268
HIST 1769 280
HIST 1770 269
HIST 1771 284
HIST 1772 271
HIST 1773 303
HIST 1774 282
HIST 1775 267
HIST 1776 280
HIST 1777 292
HIST 1778 250
HIST 1779 310
HIST 1780 257
HIST 1781 284
HIST 1782 278
HIST 1783 256
HIST 1784 295
HIST 1785 250
HIST 1786 269
HIST 1787 288
HIST 1788 267
HIST 1789 269
HIST 1790 258
HIST 1791 232
HIST 1792 297
HIST 1793 273
HIST 1794 268
HIST 1795 286
HIST 1796 266
HIST 1797 282
HIST 1798 266
HIST 1799 263
HIST 1800 281
HIST 1801 253
HIST 1802 286
HIST 1803 252
HIST 1804 258
HIST 1805 256
HIST 1806 278
HIST 1807 281
HIST 1808 232
HIST 1809 264
HIST 1810 275
HIST 1811 281
HIST 1812 256
HIST 1813 247
HIST 1814 280
HIST 1815 267
HIST 1816 266
HIST 1817 250
HIST 1818 274
HIST 1819 292
HIST 1820 264
HIST 1821 289
HIST 1822 254
HIST 1823 243
HIST 1824 278
HIST 1825 233
HIST 1826 258
HIST 1827 284
HIST 1828 258
HIST 1829 234
HIST 1830 273
HIST 1831 296
HIST 1832 262
HIST 1833 255
HIST 1834 293
HIST 1835 271
HIST 1836 259
HIST 1837 268
HIST 1838 308
HIST 1839 259
HIST 1840 280
HIST 1841 267
HIST 1842 242
HIST 1843 263
HIST 1844 246
HIST 1845 277
HIST 1846 280
HIST 1847 280
HIST 1848 249
HIST 1849 275
HIST 1850 247
HIST 1851 261
HIST 1852 256
HIST 1853 259
HIST 1854 266
HIST 1855 272
HIST 1856 254
HIST 1857 259
HIST 1858 273
HIST 1859 289
HIST 1860 259
HIST 1861 261
HIST 1862 262
HIST 1863 270
HIST 1864 259
HIST 1865 259
HIST 1866 279
HIST 1867 241
HIST 1868 287
HIST 1869 247
HIST 1870 253
HIST 1871 271
HIST 1872 266
HIST 1873 269
HIST 1874 229
HIST 1875 251
HIST 1876 274
HIST 1877 244
HIST 1878 262
HIST 1879 244
HIST 1880 272
HIST 1881 246
HIST 1882 281
HIST 1883 258
HIST 1884 298
HIST 1885 264
HIST 1886 282
HIST 1887 275
HIST 1888 275
HIST 1889 264
HIST 1890 226
HIST 1891 297
HIST 1892 271
HIST 1893 255
HIST 1894 257
HIST 1895 263
HIST 1896 260
HIST 1897 265
HIST 1898 251
HIST 1899 254
HIST 1900 276
HIST 1901 268
HIST 1902 261
HIST 1903 276
HIST 1904 251
HIST 1905 304
HIST 1906 273
HIST 1907 255
HIST 1908 254
HIST 1909 236
HIST 1910 250
HIST 1911 293
HIST 1912 240
HIST 1913 286
HIST 1914 243
HIST 1915 257
HIST 1916 286
HIST 1917 255
HIST 1918 260
HIST 1919 257
HIST 1920 267
HIST 1921 258
HIST 1922 271
HIST 1923 250
HIST 1924 243
HIST 1925 281
HIST 1926 266
HIST 1927 266
HIST 1928 269
HIST 1929 262
HIST 1930 245
HIST 1931 245
HIST 1932 251
HIST 1933 271
HIST 1934 273
HIST 1935 262
HIST 1936 258
HIST 1937 231
HIST 1938 228
HIST 1939 265
HIST 1940 250
HIST 1941 231
HIST 1942 253
HIST 1943 228
HIST 1944 252
HIST 1945 233
HIST 1946 236
HIST 1947 222
HIST 1948 259
HIST 1949 243
HIST 1950 228
HIST 1951 246
HIST 1952 216
HIST 1953 262
HIST 1954 254
HIST 1955 248
HIST 1956 245
HIST 1957 261
HIST 1958 241
HIST 1959 242
HIST 1960 227
HIST 1961 222
HIST 1962 238
HIST 1963 246
HIST 1964 239
HIST 1965 257
HIST 1966 226
HIST 1967 247
HIST 1968 253
HIST 1969 267
HIST 1970 238
HIST 1971 243
HIST 1972 230
HIST 1973 235
HIST 1974 272
HIST 1975 239
HIST 1976 207
HIST 1977 231
HIST 1978 228
HIST 1979 254
HIST 1980 220
HIST 1981 232
HIST 1982 234
HIST 1983 245
HIST 1984 224
HIST 1985 220
HIST 1986 228
HIST 1987 221
HIST 1988 259
HIST 1989 257
HIST 1990 242
HIST 1991 238
HIST 1992 227
HIST 1993 248
HIST 1994 249
HIST 1995 235
HIST 1996 236
HIST 1997 235
HIST 1998 228
HIST 1999 233
HIST 2000 232
HIST 2001 259
HIST 2002 236
HIST 2003 240
HIST 2004 239
HIST 2005 247
HIST 2006 228
HIST 2007 217
HIST 2008 254
HIST 2009 265
HIST 2010 258
HIST 2011 250
HIST 2012 257
HIST 2013 207
HIST 2014 263
HIST 2015 248
HIST 2016 236
HIST 2017 204
HIST 2018 217
HIST 2019 267
HIST 2020 255
HIST 2021 233
HIST 2022 258
HIST 2023 274
HIST 2024 231
HIST 2025 237
HIST 2026 225
HIST 2027 263
HIST 2028 258
HIST 2029 243
HIST 2030 241
HIST 2031 244
HIST 2032 249
HIST 2033 236
HIST 2034 233
HIST 2035 239
HIST 2036 239
HIST 2037 238
HIST 2038 241
HIST 2039 240
HIST 2040 251
HIST 2041 276
HIST 2042 235
HIST 2043 244
HIST 2044 230
HIST 2045 246
HIST 2046 249
HIST 2047 230
HIST 2048 228
HIST 2049 240
HIST 2050 229
HIST 2051 236
HIST 2052 205
HIST 2053 265
HIST 2054 241
HIST 2055 223
HIST 2056 215
HIST 2057 241
HIST 2058 238
HIST 2059 223
HIST 2060 256
HIST 2061 249
HIST 2062 258
HIST 2063 210
HIST 2064 222
HIST 2065 224
HIST 2066 220
HIST 2067 224
HIST 2068 251
HIST 2069 228
HIST 2070 240
HIST 2071 227
HIST 2072 238
HIST 2073 320
HIST 2074 213
HIST 2075 247
HIST 2076 266
HIST 2077 222
HIST 2078 228
HIST 2079 246
HIST 2080 275
HIST 2081 245
HIST 2082 259
HIST 2083 253
HIST 2084 237
HIST 2085 237
HIST 2086 239
HIST 2087 236
HIST 2088 298
HIST 2089 249
HIST 2090 240
HIST 2091 226
HIST 2092 251
HIST 2093 258
HIST 2094 225
HIST 2095 259
HIST 2096 237
HIST 2097 225
HIST 2098 225
HIST 2099 263
HIST 2100 262
HIST 2101 243
HIST 2102 212
HIST 2103 250
HIST 2104 7234
HIST 2105 243
HIST 2106 249
HIST 2107 262
HIST 2108 260
HIST 2109 207
HIST 2110 226
HIST 2111 234
HIST 2112 232
HIST 2113 245
HIST 2114 227
HIST 2115 243
HIST 2116 277
HIST 2117 248
HIST 2118 237
HIST 2119 239
HIST 2120 225
HIST 2121 266
HIST 2122 244
HIST 2123 227
HIST 2124 227
HIST 2125 236
HIST 2126 214
HIST 2127 242
HIST 2128 268
HIST 2129 260
HIST 2130 239
HIST 2131 244
HIST 2132 237
HIST 2133 233
HIST 2134 254
HIST 2135 252
HIST 2136 239
HIST 2137 263
HIST 2138 230
HIST 2139 238
HIST 2140 254
HIST 2141 242
HIST 2142 251
HIST 2143 263
HIST 2144 228
HIST 2145 244
HIST 2146 244
HIST 2147 223
HIST 2148 274
HIST 2149 223
HIST 2150 270
HIST 2151 255
HIST 2152 240
HIST 2153 227
HIST 2154 271
HIST 2155 245
HIST 2156 273
HIST 2157 243
HIST 2158 265
HIST 2159 225
HIST 2160 240
HIST 2161 235
HIST 2162 256
HIST 2163 232
HIST 2164 218
HIST 2165 243
HIST 2166 254
HIST 2167 276
HIST 2168 238
HIST 2169 236
HIST 2170 262
HIST 2171 259
HIST 2172 249
HIST 2173 274
HIST 2174 254
HIST 2175 255
HIST 2176 257
HIST 2177 245
HIST 2178 253
HIST 2179 257
HIST 2180 281
HIST 2181 259
HIST 2182 245
HIST 2183 238
HIST 2184 228
HIST 2185 251
HIST 2186 237
HIST 2187 245
HIST 2188 258
HIST 2189 253
HIST 2190 246
HIST 2191 252
HIST 2192 249
HIST 2193 234
HIST 2194 254
HIST 2195 277
HIST 2196 254
HIST 2197 291
HIST 2198 262
HIST 2199 237
HIST 2200 247
HIST 2201 270
HIST 2202 249
HIST 2203 255
HIST 2204 224
HIST 2205 241
HIST 2206 245
HIST 2207 238
HIST 2208 241
HIST 2209 237
HIST 2210 269
HIST 2211 257
HIST 2212 240
HIST 2213 243
HIST 2214 263
HIST 2215 271
HIST 2216 237
HIST 2217 257
HIST 2218 244
HIST 2219 244
HIST 2220 265
HIST 2221 267
HIST 2222 264
HIST 2223 252
HIST 2224 240
HIST 2225 263
HIST 2226 236
HIST 2227 252
HIST 2228 262
HIST 2229 243
HIST 2230 235
HIST 2231 230
HIST 2232 263
HIST 2233 239
HIST 2234 265
HIST 2235 251
HIST 2236 231
HIST 2237 254
HIST 2238 245
HIST 2239 306
HIST 2240 273
HIST 2241 258
HIST 2242 269
HIST 2243 281
HIST 2244 259
HIST 2245 254
HIST 2246 249
HIST 2247 250
HIST 2248 271
HIST 2249 246
HIST 2250 285
HIST 2251 277
HIST 2252 236
HIST 2253 270
HIST 2254 261
HIST 2255 257
HIST 2256 263
HIST 2257 290
HIST 2258 244
HIST 2259 229
HIST 2260 250
HIST 2261 250
HIST 2262 279
HIST 2263 282
HIST 2264 225
HIST 2265 270
HIST 2266 243
HIST 2267 244
HIST 2268 272
HIST 2269 241
HIST 2270 275
HIST 2271 266
HIST 2272 261
HIST 2273 247
HIST 2274 263
HIST 2275 254
HIST 2276 273
HIST 2277 278
HIST 2278 271
HIST 2279 271
HIST 2280 270
HIST 2281 268
HIST 2282 285
HIST 2283 250
HIST 2284 256
HIST 2285 248
HIST 2286 250
HIST 2287 275
HIST 2288 266
HIST 2289 277
HIST 2290 291
HIST 2291 302
HIST 2292 283
HIST 2293 289
HIST 2294 309
HIST 2295 271
HIST 2296 266
HIST 2297 248
HIST 2298 264
HIST 2299 261
HIST 2300 281
HIST 2301 246
HIST 2302 282
HIST 2303 275
HIST 2304 269
HIST 2305 265
HIST 2306 266
HIST 2307 274
HIST 2308 277
HIST 2309 290
HIST 2310 301
HIST 2311 289
HIST 2312 322
HIST 2313 273
HIST 2314 264
HIST 2315 252
HIST 2316 280
HIST 2317 292
HIST 2318 286
HIST 2319 287
HIST 2320 265
HIST 2321 275
HIST 2322 265
HIST 2323 270
HIST 2324 318
HIST 2325 298
HIST 2326 273
HIST 2327 263
HIST 2328 298
HIST 2329 294
HIST 2330 257
HIST 2331 310
HIST 2332 313
HIST 2333 288
HIST 2334 267
HIST 2335 328
HIST 2336 295
HIST 2337 299
HIST 2338 299
HIST 2339 268
HIST 2340 271
HIST 2341 278
HIST 2342 312
HIST 2343 268
HIST 2344 275
HIST 2345 303
HIST 2346 299
HIST 2347 291
HIST 2348 313
HIST 2349 303
HIST 2350 283
HIST 2351 311
HIST 2352 286
HIST 2353 314
HIST 2354 279
HIST 2355 291
HIST 2356 300
HIST 2357 304
HIST 2358 287
HIST 2359 285
HIST 2360 296
HIST 2361 326
HIST 2362 262
HIST 2363 292
HIST 2364 274
HIST 2365 303
HIST 2366 296
HIST 2367 314
HIST 2368 277
HIST 2369 289
HIST 2370 338
HIST 2371 302
HIST 2372 301
HIST 2373 303
HIST 2374 289
HIST 2375 296
HIST 2376 290
HIST 2377 260
HIST 2378 251
HIST 2379 257
HIST 2380 263
HIST 2381 238
HIST 2382 225
HIST 2383 180
HIST 2384 169
HIST 2385 132
HIST 2386 138
HIST 2387 141
HIST 2388 126
HIST 2389 117
HIST 2390 108
HIST 2391 100
HIST 2392 108
HIST 2393 111
HIST 2394 105
HIST 2395 108
HIST 2396 96
HIST 2397 67
HIST 2398 79
HIST 2399 84
HIST 2400 82
HIST 2401 116
HIST 2402 84
HIST 2403 86
HIST 2404 78
HIST 2405 86
HIST 2406 75
HIST 2407 70
HIST 2408 68
HIST 2409 80
HIST 2410 69
HIST 2411 73
HIST 2412 71
HIST 2413 83
HIST 2414 61
HIST 2415 68
HIST 2416 77
HIST 2417 53
HIST 2418 58
HIST 2419 61
HIST 2420 70
HIST 2421 63
HIST 2422 55
HIST 2423 70
HIST 2424 68
HIST 2425 63
HIST 2426 72
HIST 2427 61
HIST 2428 61
HIST 2429 75
HIST 2430 63
HIST 2431 52
HIST 2432 66
HIST 2433 52
HIST 2434 61
HIST 2435 45
HIST 2436 57
HIST 2437 47
HIST 2438 51
HIST 2439 41
HIST 2440 60
HIST 2441 47
HIST 2442 46
HIST 2443 55
HIST 2444 41
HIST 2445 48
HIST 2446 50
HIST 2447 41
HIST 2448 56
HIST 2449 57
HIST 2450 44
HIST 2451 44
HIST 2452 45
HIST 2453 41
HIST 2454 52
HIST 2455 52
HIST 2456 46
HIST 2457 40
HIST 2458 43
HIST 2459 37
HIST 2460 48
HIST 2461 44
HIST 2462 43
HIST 2463 43
HIST 2464 33
HIST 2465 44
HIST 2466 45
HIST 2467 39
HIST 2468 35
HIST 2469 37
HIST 2470 33
HIST 2471 34
HIST 2472 35
HIST 2473 40
HIST 2474 23
HIST 2475 25
HIST 2476 36
HIST 2477 21
HIST 2478 38
HIST 2479 22
HIST 2480 32
HIST 2481 28
HIST 2482 27
HIST 2483 22
HIST 2484 24
HIST 2485 18
HIST 2486 16
HIST 2487 24
HIST 2488 26
HIST 2489 20
HIST 2490 22
HIST 2491 21
HIST 2492 24
HIST 2493 27
HIST 2494 21
HIST 2495 14
HIST 2496 26
HIST 2497 20
HIST 2498 20
HIST 2499 15
HIST 2500 16
HIST 2501 22
HIST 2502 17
HIST 2503 20
HIST 2504 12
HIST 2505 12
HIST 2506 24
HIST 2507 12
HIST 2508 11
HIST 2509 15
HIST 2510 13
HIST 2511 18
HIST 2512 17
HIST 2513 17
HIST 2514 19
HIST 2515 17
HIST 2516 11
HIST 2517 10
HIST 2518 16
HIST 2519 10
HIST 2520 7
HIST 2521 12
HIST 2522 7
HIST 2523 10
HIST 2524 13
HIST 2525 11
HIST 2526 5
HIST 2527 12
HIST 2528 16
HIST 2529 8
HIST 2530 7
HIST 2531 9
HIST 2532 6
HIST 2533 8
HIST 2534 11
HIST 2535 7
HIST 2536 9
HIST 2537 6
HIST 2538 10
HIST 2539 7
HIST 2540 8
HIST 2541 10
HIST 2542 5
HIST 2543 7
HIST 2544 6
HIST 2545 6
HIST 2546 9
HIST 2547 8
HIST 2548 8
HIST 2549 5
HIST 2550 13
HIST 2551 6
HIST 2552 8
HIST 2553 6
HIST 2554 6
HIST 2555 8
HIST 2556 6
HIST 2557 8
HIST 2558 9
HIST 2559 7
HIST 2560 6
HIST 2561 7
HIST 2562 3
HIST 2563 8
HIST 2564 4
HIST 2565 7
HIST 2566 8
HIST 2567 10
HIST 2568 8
HIST 2569 4
HIST 2570 4
HIST 2571 3
HIST 2572 7
HIST 2573 4
HIST 2574 5
HIST 2575 6
HIST 2576 2
HIST 2577 6
HIST 2578 1
HIST 2579 11
HIST 2580 21
HIST 2581 12
HIST 2582 31
HIST 2583 5
HIST 2584 184
HIST 2585 6
HIST 2586 144
HIST 2587 7
HIST 2588 7
HIST 2589 2
HIST 2590 2
HIST 2591 1
HIST 2592 4
HIST 2593 6
HIST 2594 4
HIST 2595 5
HIST 2596 3
HIST 2597 5
HIST 2598 3
HIST 2599 1
HIST 2600 8
HIST 2601 4
HIST 2602 2
HIST 2603 2
HIST 2604 7
HIST 2605 5
HIST 2606 5
HIST 2607 4
HIST 2608 4
HIST 2609 5
HIST 2611 1
HIST 2612 5
HIST 2613 4
HIST 2614 4
HIST 2615 19985
HISTEND
