SETUP correlatedGamma=0 twoJmax=10 vacuum=1 seed=0 killesc=0 killcarry=0 fullcarry=0
CUTS (production thresholds per material couple):
 Material : G4_Galactic
 Range cuts        :  gamma  1 mm     e-  1 mm     e+  1 mm  proton 1 mm 
 Energy thresholds :  gamma  990 eV     e-  990 eV     e+  990 eV  proton 100 keV
 Material : scene_mat_3
 Range cuts        :  gamma  1 mm     e-  1 mm     e+  1 mm  proton 1 mm 
 Energy thresholds :  gamma  6.91691 keV    e-  597.603 keV    e+  574.29 keV proton 100 keV
 Material : scene_mat_2
 Range cuts        :  gamma  1 mm     e-  1 mm     e+  1 mm  proton 1 mm 
 Energy thresholds :  gamma  990 eV     e-  990 eV     e+  990 eV  proton 100 keV
 Material : scene_mat_1
 Range cuts        :  gamma  1 mm     e-  1 mm     e+  1 mm  proton 1 mm 
 Energy thresholds :  gamma  4.39533 keV    e-  541.252 keV    e+  522.087 keV proton 100 keV
 Material : scene_mat_0
 Range cuts        :  gamma  1 mm     e-  1 mm     e+  1 mm  proton 1 mm 
 Energy thresholds :  gamma  38.4662 keV    e-  692.485 keV    e+  658.149 keV proton 100 keV
RESULT decays=40000000
RESULT any=991759 eps_total=2.479397e-02
RESULT window=661.657 counts=216232 eps=5.405800e-03
HISTBEGIN bins=663 bin_kev=1.000000 decays=40000000
HIST 0 492
HIST 1 1490
HIST 2 1651
HIST 3 1711
HIST 4 1577
HIST 5 1814
HIST 6 1877
HIST 7 1907
HIST 8 1856
HIST 9 1927
HIST 10 1908
HIST 11 1960
HIST 12 1977
HIST 13 1944
HIST 14 1853
HIST 15 1935
HIST 16 1946
HIST 17 1954
HIST 18 1913
HIST 19 1924
HIST 20 1905
HIST 21 1953
HIST 22 1972
HIST 23 1839
HIST 24 1893
HIST 25 1723
HIST 26 1926
HIST 27 1830
HIST 28 1830
HIST 29 1801
HIST 30 1923
HIST 31 1869
HIST 32 1791
HIST 33 1865
HIST 34 1834
HIST 35 1833
HIST 36 1918
HIST 37 1894
HIST 38 1776
HIST 39 1763
HIST 40 1864
HIST 41 1773
HIST 42 1937
HIST 43 1806
HIST 44 1764
HIST 45 1806
HIST 46 1824
HIST 47 1754
HIST 48 1774
HIST 49 1701
HIST 50 1769
HIST 51 1845
HIST 52 1781
HIST 53 1801
HIST 54 1760
HIST 55 1858
HIST 56 1749
HIST 57 1743
HIST 58 1763
HIST 59 1716
HIST 60 1709
HIST 61 1754
HIST 62 1769
HIST 63 1692
HIST 64 1736
HIST 65 1700
HIST 66 1683
HIST 67 1775
HIST 68 1653
HIST 69 1703
HIST 70 1646
HIST 71 1649
HIST 72 1676
HIST 73 1700
HIST 74 1733
HIST 75 1734
HIST 76 1691
HIST 77 1669
HIST 78 1657
HIST 79 1706
HIST 80 1638
HIST 81 1715
HIST 82 1693
HIST 83 1602
HIST 84 1668
HIST 85 1648
HIST 86 1661
HIST 87 1611
HIST 88 1682
HIST 89 1634
HIST 90 1632
HIST 91 1638
HIST 92 1643
HIST 93 1567
HIST 94 1682
HIST 95 1674
HIST 96 1573
HIST 97 1576
HIST 98 1527
HIST 99 1628
HIST 100 1539
HIST 101 1590
HIST 102 1607
HIST 103 1590
HIST 104 1643
HIST 105 1596
HIST 106 1576
HIST 107 1575
HIST 108 1512
HIST 109 1585
HIST 110 1546
HIST 111 1608
HIST 112 1562
HIST 113 1580
HIST 114 1594
HIST 115 1562
HIST 116 1591
HIST 117 1640
HIST 118 1683
HIST 119 1607
HIST 120 1584
HIST 121 1584
HIST 122 1643
HIST 123 1559
HIST 124 1518
HIST 125 1551
HIST 126 1552
HIST 127 1583
HIST 128 1631
HIST 129 1535
HIST 130 1554
HIST 131 1542
HIST 132 1493
HIST 133 1591
HIST 134 1475
HIST 135 1531
HIST 136 1571
HIST 137 1507
HIST 138 1648
HIST 139 1584
HIST 140 1547
HIST 141 1623
HIST 142 1492
HIST 143 1524
HIST 144 1539
HIST 145 1562
HIST 146 1539
HIST 147 1561
HIST 148 1548
HIST 149 1569
HIST 150 1520
HIST 151 1585
HIST 152 1554
HIST 153 1489
HIST 154 1514
HIST 155 1520
HIST 156 1479
HIST 157 1411
HIST 158 1505
HIST 159 1500
HIST 160 1548
HIST 161 1473
HIST 162 1510
HIST 163 1491
HIST 164 1571
HIST 165 1550
HIST 166 1504
HIST 167 1436
HIST 168 1479
HIST 169 1505
HIST 170 1394
HIST 171 1431
HIST 172 1522
HIST 173 1458
HIST 174 1457
HIST 175 1496
HIST 176 1528
HIST 177 1541
HIST 178 1506
HIST 179 1447
HIST 180 1474
HIST 181 1527
HIST 182 1569
HIST 183 1597
HIST 184 1601
HIST 185 1733
HIST 186 1725
HIST 187 1826
HIST 188 1811
HIST 189 1860
HIST 190 1726
HIST 191 1804
HIST 192 1798
HIST 193 1765
HIST 194 1748
HIST 195 1818
HIST 196 1742
HIST 197 1706
HIST 198 1774
HIST 199 1821
HIST 200 1700
HIST 201 1886
HIST 202 1801
HIST 203 1730
HIST 204 1807
HIST 205 1849
HIST 206 1794
HIST 207 1782
HIST 208 1834
HIST 209 1764
HIST 210 1811
HIST 211 1794
HIST 212 1853
HIST 213 1840
HIST 214 1752
HIST 215 1896
HIST 216 1762
HIST 217 1773
HIST 218 1829
HIST 219 1753
HIST 220 1805
HIST 221 1788
HIST 222 1798
HIST 223 1737
HIST 224 1830
HIST 225 1751
HIST 226 1795
HIST 227 1819
HIST 228 1673
HIST 229 1785
HIST 230 1716
HIST 231 1763
HIST 232 1687
HIST 233 1678
HIST 234 1681
HIST 235 1703
HIST 236 1753
HIST 237 1700
HIST 238 1683
HIST 239 1626
HIST 240 1675
HIST 241 1744
HIST 242 1653
HIST 243 1635
HIST 244 1682
HIST 245 1675
HIST 246 1658
HIST 247 1604
HIST 248 1595
HIST 249 1602
HIST 250 1560
HIST 251 1574
HIST 252 1564
HIST 253 1507
HIST 254 1550
HIST 255 1565
HIST 256 1575
HIST 257 1552
HIST 258 1568
HIST 259 1594
HIST 260 1471
HIST 261 1604
HIST 262 1576
HIST 263 1534
HIST 264 1550
HIST 265 1485
HIST 266 1547
HIST 267 1441
HIST 268 1527
HIST 269 1463
HIST 270 1457
HIST 271 1474
HIST 272 1508
HIST 273 1489
HIST 274 1459
HIST 275 1462
HIST 276 1469
HIST 277 1462
HIST 278 1490
HIST 279 1462
HIST 280 1526
HIST 281 1465
HIST 282 1492
HIST 283 1471
HIST 284 1499
HIST 285 1386
HIST 286 1455
HIST 287 1481
HIST 288 1432
HIST 289 1397
HIST 290 1421
HIST 291 1405
HIST 292 1369
HIST 293 1449
HIST 294 1318
HIST 295 1474
HIST 296 1362
HIST 297 1400
HIST 298 1413
HIST 299 1452
HIST 300 1380
HIST 301 1416
HIST 302 1453
HIST 303 1339
HIST 304 1350
HIST 305 1396
HIST 306 1332
HIST 307 1356
HIST 308 1359
HIST 309 1404
HIST 310 1359
HIST 311 1343
HIST 312 1323
HIST 313 1454
HIST 314 1414
HIST 315 1300
HIST 316 1295
HIST 317 1348
HIST 318 1354
HIST 319 1368
HIST 320 1364
HIST 321 1320
HIST 322 1358
HIST 323 1252
HIST 324 1295
HIST 325 1345
HIST 326 1278
HIST 327 1363
HIST 328 1313
HIST 329 1360
HIST 330 1328
HIST 331 1350
HIST 332 1307
HIST 333 1328
HIST 334 1272
HIST 335 1339
HIST 336 1265
HIST 337 1317
HIST 338 1327
HIST 339 1271
HIST 340 1323
HIST 341 1298
HIST 342 1268
HIST 343 1296
HIST 344 1318
HIST 345 1239
HIST 346 1321
HIST 347 1369
HIST 348 1335
HIST 349 1353
HIST 350 1270
HIST 351 1356
HIST 352 1278
HIST 353 1268
HIST 354 1338
HIST 355 1314
HIST 356 1307
HIST 357 1334
HIST 358 1294
HIST 359 1357
HIST 360 1307
HIST 361 1314
HIST 362 1263
HIST 363 1321
HIST 364 1280
HIST 365 1343
HIST 366 1270
HIST 367 1310
HIST 368 1254
HIST 369 1320
HIST 370 1321
HIST 371 1295
HIST 372 1346
HIST 373 1332
HIST 374 1287
HIST 375 1320
HIST 376 1337
HIST 377 1283
HIST 378 1362
HIST 379 1297
HIST 380 1337
HIST 381 1334
HIST 382 1368
HIST 383 1350
HIST 384 1286
HIST 385 1378
HIST 386 1357
HIST 387 1404
HIST 388 1302
HIST 389 1341
HIST 390 1374
HIST 391 1262
HIST 392 1351
HIST 393 1350
HIST 394 1285
HIST 395 1324
HIST 396 1312
HIST 397 1359
HIST 398 1324
HIST 399 1394
HIST 400 1352
HIST 401 1353
HIST 402 1352
HIST 403 1309
HIST 404 1439
HIST 405 1412
HIST 406 1403
HIST 407 1324
HIST 408 1399
HIST 409 1351
HIST 410 1303
HIST 411 1425
HIST 412 1384
HIST 413 1381
HIST 414 1435
HIST 415 1387
HIST 416 1351
HIST 417 1432
HIST 418 1432
HIST 419 1415
HIST 420 1431
HIST 421 1451
HIST 422 1434
HIST 423 1431
HIST 424 1440
HIST 425 1444
HIST 426 1428
HIST 427 1520
HIST 428 1486
HIST 429 1524
HIST 430 1523
HIST 431 1526
HIST 432 1427
HIST 433 1472
HIST 434 1471
HIST 435 1589
HIST 436 1479
HIST 437 1509
HIST 438 1524
HIST 439 1507
HIST 440 1511
HIST 441 1521
HIST 442 1517
HIST 443 1565
HIST 444 1531
HIST 445 1474
HIST 446 1598
HIST 447 1526
HIST 448 1623
HIST 449 1611
HIST 450 1588
HIST 451 1593
HIST 452 1590
HIST 453 1574
HIST 454 1605
HIST 455 1591
HIST 456 1642
HIST 457 1658
HIST 458 1638
HIST 459 1673
HIST 460 1622
HIST 461 1557
HIST 462 1645
HIST 463 1645
HIST 464 1609
HIST 465 1726
HIST 466 1651
HIST 467 1624
HIST 468 1674
HIST 469 1626
HIST 470 1552
HIST 471 1561
HIST 472 1581
HIST 473 1533
HIST 474 1486
HIST 475 1480
HIST 476 1274
HIST 477 1140
HIST 478 934
HIST 479 864
HIST 480 719
HIST 481 651
HIST 482 585
HIST 483 556
HIST 484 557
HIST 485 524
HIST 486 535
HIST 487 485
HIST 488 431
HIST 489 431
HIST 490 397
HIST 491 398
HIST 492 382
HIST 493 398
HIST 494 367
HIST 495 334
HIST 496 349
HIST 497 355
HIST 498 331
HIST 499 310
HIST 500 309
HIST 501 299
HIST 502 318
HIST 503 288
HIST 504 261
HIST 505 264
HIST 506 249
HIST 507 255
HIST 508 248
HIST 509 262
HIST 510 236
HIST 511 261
HIST 512 234
HIST 513 224
HIST 514 218
HIST 515 210
HIST 516 201
HIST 517 228
HIST 518 200
HIST 519 184
HIST 520 194
HIST 521 194
HIST 522 201
HIST 523 165
HIST 524 179
HIST 525 185
HIST 526 179
HIST 527 159
HIST 528 180
HIST 529 155
HIST 530 172
HIST 531 167
HIST 532 148
HIST 533 163
HIST 534 167
HIST 535 131
HIST 536 154
HIST 537 128
HIST 538 132
HIST 539 141
HIST 540 139
HIST 541 130
HIST 542 123
HIST 543 124
HIST 544 107
HIST 545 115
HIST 546 109
HIST 547 113
HIST 548 116
HIST 549 111
HIST 550 87
HIST 551 109
HIST 552 123
HIST 553 83
HIST 554 79
HIST 555 83
HIST 556 94
HIST 557 78
HIST 558 94
HIST 559 99
HIST 560 88
HIST 561 98
HIST 562 86
HIST 563 87
HIST 564 82
HIST 565 80
HIST 566 85
HIST 567 82
HIST 568 85
HIST 569 94
HIST 570 65
HIST 571 69
HIST 572 72
HIST 573 78
HIST 574 63
HIST 575 94
HIST 576 77
HIST 577 93
HIST 578 92
HIST 579 78
HIST 580 84
HIST 581 76
HIST 582 80
HIST 583 74
HIST 584 88
HIST 585 66
HIST 586 88
HIST 587 75
HIST 588 66
HIST 589 89
HIST 590 63
HIST 591 71
HIST 592 62
HIST 593 56
HIST 594 81
HIST 595 73
HIST 596 51
HIST 597 59
HIST 598 56
HIST 599 56
HIST 600 53
HIST 601 52
HIST 602 65
HIST 603 54
HIST 604 52
HIST 605 41
HIST 606 48
HIST 607 45
HIST 608 60
HIST 609 58
HIST 610 49
HIST 611 39
HIST 612 53
HIST 613 56
HIST 614 50
HIST 615 49
HIST 616 56
HIST 617 58
HIST 618 35
HIST 619 39
HIST 620 43
HIST 621 36
HIST 622 37
HIST 623 42
HIST 624 38
HIST 625 24
HIST 626 74
HIST 627 144
HIST 628 38
HIST 629 524
HIST 630 36
HIST 631 2193
HIST 632 40
HIST 633 1504
HIST 634 44
HIST 635 41
HIST 636 33
HIST 637 42
HIST 638 31
HIST 639 37
HIST 640 38
HIST 641 33
HIST 642 34
HIST 643 36
HIST 644 38
HIST 645 36
HIST 646 29
HIST 647 38
HIST 648 30
HIST 649 27
HIST 650 23
HIST 651 33
HIST 652 27
HIST 653 32
HIST 654 28
HIST 655 25
HIST 656 25
HIST 657 41
HIST 658 54
HIST 659 71
HIST 660 68
HIST 661 36
HIST 662 216221
HISTEND
