область 3 целиком затенена областью 2 — выброшена (в сцене симулятора она тоже недостижима)
SETUP correlatedGamma=0 twoJmax=10 vacuum=1 seed=0 killesc=0 killcarry=1 fullcarry=0
CUTS (production thresholds per material couple):
 Material : G4_Galactic
 Range cuts        :  gamma  1 mm     e-  1 mm     e+  1 mm  proton 1 mm 
 Energy thresholds :  gamma  990 eV     e-  990 eV     e+  990 eV  proton 100 keV
 Material : scene_mat_3
 Range cuts        :  gamma  1 mm     e-  1 mm     e+  1 mm  proton 1 mm 
 Energy thresholds :  gamma  6.91691 keV    e-  597.603 keV    e+  574.29 keV proton 100 keV
 Material : scene_mat_1
 Range cuts        :  gamma  1 mm     e-  1 mm     e+  1 mm  proton 1 mm 
 Energy thresholds :  gamma  4.39533 keV    e-  541.252 keV    e+  522.087 keV proton 100 keV
 Material : scene_mat_0
 Range cuts        :  gamma  1 mm     e-  1 mm     e+  1 mm  proton 1 mm 
 Energy thresholds :  gamma  38.4662 keV    e-  692.485 keV    e+  658.149 keV proton 100 keV
RESULT decays=20000000
RESULT any=586034 eps_total=2.930170e-02
RESULT window=2614.511 counts=19986 eps=9.993000e-04
HISTBEGIN bins=2616 bin_kev=1.000000 decays=20000000
HIST 0 115
HIST 1 322
HIST 2 320
HIST 3 323
HIST 4 330
HIST 5 365
HIST 6 435
HIST 7 458
HIST 8 420
HIST 9 413
HIST 10 431
HIST 11 437
HIST 12 471
HIST 13 473
HIST 14 465
HIST 15 458
HIST 16 459
HIST 17 467
HIST 18 476
HIST 19 427
HIST 20 454
HIST 21 454
HIST 22 459
HIST 23 454
HIST 24 470
HIST 25 465
HIST 26 491
HIST 27 460
HIST 28 432
HIST 29 462
HIST 30 432
HIST 31 458
HIST 32 357
HIST 33 431
HIST 34 401
HIST 35 439
HIST 36 407
HIST 37 402
HIST 38 368
HIST 39 420
HIST 40 382
HIST 41 384
HIST 42 375
HIST 43 415
HIST 44 401
HIST 45 385
HIST 46 397
HIST 47 402
HIST 48 383
HIST 49 393
HIST 50 380
HIST 51 384
HIST 52 398
HIST 53 367
HIST 54 344
HIST 55 377
HIST 56 378
HIST 57 392
HIST 58 354
HIST 59 370
HIST 60 308
HIST 61 356
HIST 62 374
HIST 63 336
HIST 64 345
HIST 65 350
HIST 66 351
HIST 67 351
HIST 68 347
HIST 69 329
HIST 70 354
HIST 71 338
HIST 72 357
HIST 73 339
HIST 74 343
HIST 75 324
HIST 76 342
HIST 77 301
HIST 78 347
HIST 79 357
HIST 80 355
HIST 81 331
HIST 82 309
HIST 83 327
HIST 84 349
HIST 85 289
HIST 86 345
HIST 87 332
HIST 88 319
HIST 89 325
HIST 90 336
HIST 91 329
HIST 92 309
HIST 93 335
HIST 94 321
HIST 95 324
HIST 96 335
HIST 97 313
HIST 98 297
HIST 99 317
HIST 100 331
HIST 101 311
HIST 102 319
HIST 103 285
HIST 104 326
HIST 105 316
HIST 106 280
HIST 107 296
HIST 108 319
HIST 109 301
HIST 110 323
HIST 111 298
HIST 112 329
HIST 113 331
HIST 114 310
HIST 115 305
HIST 116 319
HIST 117 289
HIST 118 286
HIST 119 328
HIST 120 323
HIST 121 322
HIST 122 310
HIST 123 303
HIST 124 294
HIST 125 306
HIST 126 300
HIST 127 317
HIST 128 311
HIST 129 296
HIST 130 274
HIST 131 299
HIST 132 302
HIST 133 284
HIST 134 303
HIST 135 301
HIST 136 303
HIST 137 288
HIST 138 276
HIST 139 312
HIST 140 301
HIST 141 288
HIST 142 273
HIST 143 286
HIST 144 294
HIST 145 295
HIST 146 320
HIST 147 307
HIST 148 307
HIST 149 309
HIST 150 298
HIST 151 316
HIST 152 309
HIST 153 284
HIST 154 325
HIST 155 313
HIST 156 325
HIST 157 297
HIST 158 302
HIST 159 293
HIST 160 295
HIST 161 284
HIST 162 295
HIST 163 272
HIST 164 316
HIST 165 307
HIST 166 275
HIST 167 271
HIST 168 284
HIST 169 300
HIST 170 292
HIST 171 306
HIST 172 280
HIST 173 264
HIST 174 267
HIST 175 269
HIST 176 291
HIST 177 276
HIST 178 308
HIST 179 275
HIST 180 301
HIST 181 241
HIST 182 282
HIST 183 259
HIST 184 270
HIST 185 264
HIST 186 275
HIST 187 296
HIST 188 249
HIST 189 260
HIST 190 274
HIST 191 278
HIST 192 278
HIST 193 285
HIST 194 273
HIST 195 254
HIST 196 260
HIST 197 254
HIST 198 269
HIST 199 289
HIST 200 264
HIST 201 273
HIST 202 265
HIST 203 285
HIST 204 287
HIST 205 256
HIST 206 294
HIST 207 276
HIST 208 272
HIST 209 254
HIST 210 285
HIST 211 246
HIST 212 284
HIST 213 294
HIST 214 265
HIST 215 276
HIST 216 252
HIST 217 241
HIST 218 254
HIST 219 252
HIST 220 292
HIST 221 268
HIST 222 271
HIST 223 268
HIST 224 277
HIST 225 233
HIST 226 272
HIST 227 261
HIST 228 256
HIST 229 269
HIST 230 296
HIST 231 237
HIST 232 293
HIST 233 281
HIST 234 300
HIST 235 313
HIST 236 327
HIST 237 338
HIST 238 330
HIST 239 334
HIST 240 307
HIST 241 341
HIST 242 327
HIST 243 309
HIST 244 342
HIST 245 328
HIST 246 350
HIST 247 344
HIST 248 323
HIST 249 358
HIST 250 334
HIST 251 340
HIST 252 351
HIST 253 315
HIST 254 316
HIST 255 340
HIST 256 360
HIST 257 328
HIST 258 328
HIST 259 351
HIST 260 334
HIST 261 308
HIST 262 333
HIST 263 359
HIST 264 324
HIST 265 318
HIST 266 308
HIST 267 337
HIST 268 340
HIST 269 302
HIST 270 341
HIST 271 310
HIST 272 317
HIST 273 291
HIST 274 337
HIST 275 329
HIST 276 329
HIST 277 298
HIST 278 304
HIST 279 307
HIST 280 315
HIST 281 311
HIST 282 310
HIST 283 322
HIST 284 293
HIST 285 295
HIST 286 325
HIST 287 313
HIST 288 304
HIST 289 313
HIST 290 319
HIST 291 276
HIST 292 284
HIST 293 299
HIST 294 281
HIST 295 332
HIST 296 286
HIST 297 315
HIST 298 287
HIST 299 305
HIST 300 297
HIST 301 276
HIST 302 296
HIST 303 272
HIST 304 277
HIST 305 278
HIST 306 291
HIST 307 288
HIST 308 295
HIST 309 295
HIST 310 286
HIST 311 261
HIST 312 270
HIST 313 306
HIST 314 288
HIST 315 293
HIST 316 285
HIST 317 299
HIST 318 275
HIST 319 281
HIST 320 267
HIST 321 257
HIST 322 270
HIST 323 274
HIST 324 303
HIST 325 261
HIST 326 270
HIST 327 285
HIST 328 295
HIST 329 269
HIST 330 276
HIST 331 281
HIST 332 274
HIST 333 280
HIST 334 267
HIST 335 285
HIST 336 257
HIST 337 297
HIST 338 282
HIST 339 236
HIST 340 265
HIST 341 279
HIST 342 268
HIST 343 261
HIST 344 258
HIST 345 253
HIST 346 261
HIST 347 269
HIST 348 249
HIST 349 253
HIST 350 263
HIST 351 247
HIST 352 225
HIST 353 257
HIST 354 260
HIST 355 303
HIST 356 232
HIST 357 246
HIST 358 266
HIST 359 234
HIST 360 251
HIST 361 257
HIST 362 253
HIST 363 263
HIST 364 248
HIST 365 239
HIST 366 268
HIST 367 265
HIST 368 245
HIST 369 276
HIST 370 244
HIST 371 239
HIST 372 232
HIST 373 222
HIST 374 256
HIST 375 238
HIST 376 240
HIST 377 272
HIST 378 229
HIST 379 235
HIST 380 244
HIST 381 248
HIST 382 253
HIST 383 239
HIST 384 236
HIST 385 244
HIST 386 263
HIST 387 245
HIST 388 240
HIST 389 237
HIST 390 239
HIST 391 258
HIST 392 228
HIST 393 244
HIST 394 240
HIST 395 224
HIST 396 255
HIST 397 252
HIST 398 221
HIST 399 246
HIST 400 228
HIST 401 238
HIST 402 240
HIST 403 263
HIST 404 233
HIST 405 232
HIST 406 226
HIST 407 271
HIST 408 239
HIST 409 235
HIST 410 233
HIST 411 220
HIST 412 217
HIST 413 231
HIST 414 218
HIST 415 220
HIST 416 233
HIST 417 243
HIST 418 230
HIST 419 229
HIST 420 223
HIST 421 237
HIST 422 223
HIST 423 235
HIST 424 212
HIST 425 220
HIST 426 237
HIST 427 229
HIST 428 222
HIST 429 229
HIST 430 219
HIST 431 255
HIST 432 203
HIST 433 222
HIST 434 212
HIST 435 222
HIST 436 215
HIST 437 214
HIST 438 221
HIST 439 233
HIST 440 217
HIST 441 234
HIST 442 223
HIST 443 229
HIST 444 223
HIST 445 213
HIST 446 224
HIST 447 229
HIST 448 207
HIST 449 224
HIST 450 223
HIST 451 229
HIST 452 218
HIST 453 243
HIST 454 230
HIST 455 214
HIST 456 246
HIST 457 221
HIST 458 256
HIST 459 213
HIST 460 242
HIST 461 209
HIST 462 228
HIST 463 195
HIST 464 239
HIST 465 234
HIST 466 201
HIST 467 210
HIST 468 220
HIST 469 188
HIST 470 230
HIST 471 209
HIST 472 222
HIST 473 201
HIST 474 243
HIST 475 240
HIST 476 238
HIST 477 191
HIST 478 211
HIST 479 202
HIST 480 226
HIST 481 201
HIST 482 245
HIST 483 208
HIST 484 201
HIST 485 221
HIST 486 214
HIST 487 219
HIST 488 209
HIST 489 210
HIST 490 213
HIST 491 219
HIST 492 210
HIST 493 208
HIST 494 197
HIST 495 221
HIST 496 231
HIST 497 226
HIST 498 232
HIST 499 221
HIST 500 180
HIST 501 215
HIST 502 224
HIST 503 202
HIST 504 197
HIST 505 221
HIST 506 192
HIST 507 216
HIST 508 191
HIST 509 229
HIST 510 217
HIST 511 803
HIST 512 212
HIST 513 206
HIST 514 224
HIST 515 220
HIST 516 222
HIST 517 189
HIST 518 226
HIST 519 196
HIST 520 228
HIST 521 227
HIST 522 239
HIST 523 206
HIST 524 209
HIST 525 207
HIST 526 227
HIST 527 221
HIST 528 207
HIST 529 230
HIST 530 191
HIST 531 208
HIST 532 226
HIST 533 197
HIST 534 207
HIST 535 212
HIST 536 193
HIST 537 217
HIST 538 200
HIST 539 209
HIST 540 218
HIST 541 192
HIST 542 200
HIST 543 224
HIST 544 190
HIST 545 188
HIST 546 220
HIST 547 223
HIST 548 211
HIST 549 175
HIST 550 194
HIST 551 179
HIST 552 212
HIST 553 219
HIST 554 217
HIST 555 213
HIST 556 202
HIST 557 213
HIST 558 205
HIST 559 216
HIST 560 195
HIST 561 223
HIST 562 211
HIST 563 177
HIST 564 217
HIST 565 225
HIST 566 227
HIST 567 214
HIST 568 197
HIST 569 205
HIST 570 186
HIST 571 217
HIST 572 212
HIST 573 227
HIST 574 205
HIST 575 185
HIST 576 196
HIST 577 191
HIST 578 199
HIST 579 201
HIST 580 209
HIST 581 206
HIST 582 206
HIST 583 203
HIST 584 186
HIST 585 192
HIST 586 210
HIST 587 212
HIST 588 214
HIST 589 213
HIST 590 206
HIST 591 209
HIST 592 185
HIST 593 208
HIST 594 210
HIST 595 206
HIST 596 201
HIST 597 214
HIST 598 215
HIST 599 206
HIST 600 184
HIST 601 205
HIST 602 225
HIST 603 179
HIST 604 210
HIST 605 212
HIST 606 172
HIST 607 196
HIST 608 190
HIST 609 181
HIST 610 180
HIST 611 185
HIST 612 196
HIST 613 206
HIST 614 169
HIST 615 177
HIST 616 208
HIST 617 212
HIST 618 202
HIST 619 198
HIST 620 219
HIST 621 198
HIST 622 208
HIST 623 217
HIST 624 192
HIST 625 180
HIST 626 197
HIST 627 212
HIST 628 164
HIST 629 178
HIST 630 208
HIST 631 189
HIST 632 162
HIST 633 180
HIST 634 182
HIST 635 195
HIST 636 199
HIST 637 210
HIST 638 208
HIST 639 195
HIST 640 218
HIST 641 183
HIST 642 181
HIST 643 197
HIST 644 189
HIST 645 201
HIST 646 222
HIST 647 182
HIST 648 172
HIST 649 196
HIST 650 211
HIST 651 205
HIST 652 204
HIST 653 200
HIST 654 214
HIST 655 189
HIST 656 194
HIST 657 198
HIST 658 187
HIST 659 170
HIST 660 193
HIST 661 189
HIST 662 191
HIST 663 195
HIST 664 199
HIST 665 204
HIST 666 185
HIST 667 189
HIST 668 193
HIST 669 189
HIST 670 181
HIST 671 197
HIST 672 191
HIST 673 207
HIST 674 179
HIST 675 205
HIST 676 200
HIST 677 194
HIST 678 173
HIST 679 201
HIST 680 188
HIST 681 201
HIST 682 219
HIST 683 194
HIST 684 208
HIST 685 182
HIST 686 175
HIST 687 196
HIST 688 173
HIST 689 200
HIST 690 188
HIST 691 203
HIST 692 181
HIST 693 190
HIST 694 196
HIST 695 172
HIST 696 196
HIST 697 191
HIST 698 194
HIST 699 177
HIST 700 190
HIST 701 186
HIST 702 202
HIST 703 202
HIST 704 182
HIST 705 205
HIST 706 184
HIST 707 184
HIST 708 202
HIST 709 202
HIST 710 178
HIST 711 190
HIST 712 198
HIST 713 199
HIST 714 173
HIST 715 173
HIST 716 186
HIST 717 204
HIST 718 186
HIST 719 181
HIST 720 176
HIST 721 186
HIST 722 216
HIST 723 176
HIST 724 174
HIST 725 184
HIST 726 212
HIST 727 212
HIST 728 171
HIST 729 200
HIST 730 192
HIST 731 175
HIST 732 204
HIST 733 174
HIST 734 180
HIST 735 168
HIST 736 194
HIST 737 204
HIST 738 183
HIST 739 199
HIST 740 201
HIST 741 204
HIST 742 194
HIST 743 180
HIST 744 179
HIST 745 201
HIST 746 171
HIST 747 210
HIST 748 201
HIST 749 184
HIST 750 206
HIST 751 176
HIST 752 202
HIST 753 154
HIST 754 172
HIST 755 170
HIST 756 196
HIST 757 185
HIST 758 168
HIST 759 207
HIST 760 176
HIST 761 177
HIST 762 187
HIST 763 203
HIST 764 189
HIST 765 197
HIST 766 182
HIST 767 185
HIST 768 187
HIST 769 196
HIST 770 178
HIST 771 181
HIST 772 178
HIST 773 179
HIST 774 191
HIST 775 199
HIST 776 195
HIST 777 207
HIST 778 187
HIST 779 181
HIST 780 163
HIST 781 183
HIST 782 161
HIST 783 199
HIST 784 199
HIST 785 192
HIST 786 175
HIST 787 180
HIST 788 181
HIST 789 172
HIST 790 196
HIST 791 166
HIST 792 184
HIST 793 167
HIST 794 186
HIST 795 193
HIST 796 202
HIST 797 181
HIST 798 184
HIST 799 172
HIST 800 176
HIST 801 193
HIST 802 193
HIST 803 181
HIST 804 176
HIST 805 193
HIST 806 195
HIST 807 183
HIST 808 209
HIST 809 203
HIST 810 178
HIST 811 180
HIST 812 198
HIST 813 174
HIST 814 198
HIST 815 181
HIST 816 170
HIST 817 170
HIST 818 184
HIST 819 185
HIST 820 166
HIST 821 185
HIST 822 183
HIST 823 187
HIST 824 198
HIST 825 203
HIST 826 193
HIST 827 194
HIST 828 168
HIST 829 202
HIST 830 213
HIST 831 189
HIST 832 188
HIST 833 170
HIST 834 175
HIST 835 182
HIST 836 147
HIST 837 194
HIST 838 185
HIST 839 183
HIST 840 148
HIST 841 169
HIST 842 187
HIST 843 195
HIST 844 187
HIST 845 168
HIST 846 185
HIST 847 172
HIST 848 190
HIST 849 173
HIST 850 167
HIST 851 212
HIST 852 159
HIST 853 172
HIST 854 162
HIST 855 180
HIST 856 184
HIST 857 180
HIST 858 162
HIST 859 176
HIST 860 163
HIST 861 184
HIST 862 175
HIST 863 177
HIST 864 182
HIST 865 189
HIST 866 197
HIST 867 187
HIST 868 236
HIST 869 185
HIST 870 188
HIST 871 193
HIST 872 181
HIST 873 163
HIST 874 184
HIST 875 184
HIST 876 197
HIST 877 201
HIST 878 158
HIST 879 186
HIST 880 193
HIST 881 190
HIST 882 169
HIST 883 178
HIST 884 176
HIST 885 165
HIST 886 193
HIST 887 178
HIST 888 184
HIST 889 166
HIST 890 191
HIST 891 173
HIST 892 173
HIST 893 174
HIST 894 168
HIST 895 189
HIST 896 179
HIST 897 182
HIST 898 156
HIST 899 158
HIST 900 182
HIST 901 181
HIST 902 167
HIST 903 170
HIST 904 189
HIST 905 171
HIST 906 177
HIST 907 186
HIST 908 157
HIST 909 176
HIST 910 161
HIST 911 189
HIST 912 192
HIST 913 168
HIST 914 203
HIST 915 175
HIST 916 190
HIST 917 187
HIST 918 183
HIST 919 180
HIST 920 174
HIST 921 174
HIST 922 162
HIST 923 186
HIST 924 165
HIST 925 157
HIST 926 174
HIST 927 156
HIST 928 161
HIST 929 181
HIST 930 180
HIST 931 162
HIST 932 182
HIST 933 181
HIST 934 176
HIST 935 162
HIST 936 151
HIST 937 160
HIST 938 179
HIST 939 169
HIST 940 170
HIST 941 175
HIST 942 169
HIST 943 186
HIST 944 161
HIST 945 162
HIST 946 169
HIST 947 183
HIST 948 178
HIST 949 143
HIST 950 181
HIST 951 189
HIST 952 189
HIST 953 172
HIST 954 177
HIST 955 172
HIST 956 177
HIST 957 183
HIST 958 151
HIST 959 159
HIST 960 171
HIST 961 190
HIST 962 181
HIST 963 177
HIST 964 172
HIST 965 162
HIST 966 195
HIST 967 172
HIST 968 181
HIST 969 175
HIST 970 167
HIST 971 162
HIST 972 193
HIST 973 179
HIST 974 169
HIST 975 185
HIST 976 166
HIST 977 161
HIST 978 186
HIST 979 173
HIST 980 198
HIST 981 182
HIST 982 175
HIST 983 170
HIST 984 140
HIST 985 150
HIST 986 164
HIST 987 178
HIST 988 174
HIST 989 144
HIST 990 180
HIST 991 178
HIST 992 165
HIST 993 180
HIST 994 178
HIST 995 186
HIST 996 194
HIST 997 172
HIST 998 180
HIST 999 183
HIST 1000 156
HIST 1001 155
HIST 1002 185
HIST 1003 170
HIST 1004 193
HIST 1005 175
HIST 1006 177
HIST 1007 158
HIST 1008 168
HIST 1009 159
HIST 1010 164
HIST 1011 164
HIST 1012 168
HIST 1013 160
HIST 1014 161
HIST 1015 174
HIST 1016 174
HIST 1017 180
HIST 1018 170
HIST 1019 157
HIST 1020 194
HIST 1021 182
HIST 1022 191
HIST 1023 172
HIST 1024 177
HIST 1025 167
HIST 1026 169
HIST 1027 173
HIST 1028 173
HIST 1029 142
HIST 1030 176
HIST 1031 189
HIST 1032 172
HIST 1033 153
HIST 1034 177
HIST 1035 171
HIST 1036 180
HIST 1037 158
HIST 1038 196
HIST 1039 148
HIST 1040 170
HIST 1041 178
HIST 1042 180
HIST 1043 164
HIST 1044 172
HIST 1045 147
HIST 1046 179
HIST 1047 153
HIST 1048 185
HIST 1049 179
HIST 1050 157
HIST 1051 172
HIST 1052 172
HIST 1053 176
HIST 1054 152
HIST 1055 172
HIST 1056 158
HIST 1057 175
HIST 1058 192
HIST 1059 170
HIST 1060 155
HIST 1061 165
HIST 1062 174
HIST 1063 176
HIST 1064 180
HIST 1065 167
HIST 1066 176
HIST 1067 158
HIST 1068 155
HIST 1069 200
HIST 1070 186
HIST 1071 148
HIST 1072 166
HIST 1073 163
HIST 1074 166
HIST 1075 184
HIST 1076 160
HIST 1077 169
HIST 1078 177
HIST 1079 174
HIST 1080 171
HIST 1081 184
HIST 1082 162
HIST 1083 191
HIST 1084 187
HIST 1085 161
HIST 1086 160
HIST 1087 163
HIST 1088 162
HIST 1089 141
HIST 1090 176
HIST 1091 170
HIST 1092 186
HIST 1093 162
HIST 1094 163
HIST 1095 167
HIST 1096 205
HIST 1097 179
HIST 1098 154
HIST 1099 179
HIST 1100 152
HIST 1101 177
HIST 1102 154
HIST 1103 172
HIST 1104 155
HIST 1105 177
HIST 1106 178
HIST 1107 170
HIST 1108 161
HIST 1109 183
HIST 1110 170
HIST 1111 131
HIST 1112 154
HIST 1113 152
HIST 1114 194
HIST 1115 165
HIST 1116 184
HIST 1117 160
HIST 1118 173
HIST 1119 184
HIST 1120 154
HIST 1121 189
HIST 1122 149
HIST 1123 167
HIST 1124 171
HIST 1125 164
HIST 1126 152
HIST 1127 185
HIST 1128 162
HIST 1129 174
HIST 1130 202
HIST 1131 174
HIST 1132 173
HIST 1133 191
HIST 1134 186
HIST 1135 175
HIST 1136 184
HIST 1137 186
HIST 1138 174
HIST 1139 170
HIST 1140 144
HIST 1141 158
HIST 1142 159
HIST 1143 151
HIST 1144 173
HIST 1145 194
HIST 1146 179
HIST 1147 161
HIST 1148 176
HIST 1149 181
HIST 1150 178
HIST 1151 146
HIST 1152 154
HIST 1153 188
HIST 1154 194
HIST 1155 147
HIST 1156 159
HIST 1157 147
HIST 1158 171
HIST 1159 164
HIST 1160 153
HIST 1161 170
HIST 1162 166
HIST 1163 164
HIST 1164 177
HIST 1165 172
HIST 1166 169
HIST 1167 198
HIST 1168 155
HIST 1169 148
HIST 1170 149
HIST 1171 151
HIST 1172 186
HIST 1173 184
HIST 1174 173
HIST 1175 149
HIST 1176 194
HIST 1177 170
HIST 1178 194
HIST 1179 201
HIST 1180 179
HIST 1181 149
HIST 1182 171
HIST 1183 160
HIST 1184 144
HIST 1185 165
HIST 1186 217
HIST 1187 170
HIST 1188 181
HIST 1189 182
HIST 1190 167
HIST 1191 155
HIST 1192 173
HIST 1193 167
HIST 1194 183
HIST 1195 181
HIST 1196 173
HIST 1197 170
HIST 1198 173
HIST 1199 170
HIST 1200 168
HIST 1201 178
HIST 1202 169
HIST 1203 154
HIST 1204 162
HIST 1205 152
HIST 1206 151
HIST 1207 139
HIST 1208 173
HIST 1209 166
HIST 1210 175
HIST 1211 190
HIST 1212 174
HIST 1213 183
HIST 1214 178
HIST 1215 178
HIST 1216 176
HIST 1217 180
HIST 1218 177
HIST 1219 152
HIST 1220 175
HIST 1221 165
HIST 1222 153
HIST 1223 170
HIST 1224 188
HIST 1225 159
HIST 1226 189
HIST 1227 187
HIST 1228 177
HIST 1229 160
HIST 1230 197
HIST 1231 180
HIST 1232 175
HIST 1233 192
HIST 1234 181
HIST 1235 187
HIST 1236 179
HIST 1237 172
HIST 1238 152
HIST 1239 159
HIST 1240 161
HIST 1241 152
HIST 1242 159
HIST 1243 169
HIST 1244 175
HIST 1245 153
HIST 1246 172
HIST 1247 147
HIST 1248 164
HIST 1249 176
HIST 1250 181
HIST 1251 148
HIST 1252 164
HIST 1253 159
HIST 1254 189
HIST 1255 163
HIST 1256 189
HIST 1257 160
HIST 1258 206
HIST 1259 160
HIST 1260 196
HIST 1261 177
HIST 1262 152
HIST 1263 165
HIST 1264 175
HIST 1265 177
HIST 1266 158
HIST 1267 173
HIST 1268 161
HIST 1269 156
HIST 1270 174
HIST 1271 171
HIST 1272 152
HIST 1273 154
HIST 1274 171
HIST 1275 151
HIST 1276 155
HIST 1277 178
HIST 1278 172
HIST 1279 178
HIST 1280 172
HIST 1281 193
HIST 1282 185
HIST 1283 187
HIST 1284 173
HIST 1285 175
HIST 1286 176
HIST 1287 176
HIST 1288 165
HIST 1289 177
HIST 1290 141
HIST 1291 164
HIST 1292 155
HIST 1293 173
HIST 1294 165
HIST 1295 176
HIST 1296 157
HIST 1297 165
HIST 1298 187
HIST 1299 182
HIST 1300 159
HIST 1301 163
HIST 1302 165
HIST 1303 166
HIST 1304 178
HIST 1305 161
HIST 1306 179
HIST 1307 197
HIST 1308 175
HIST 1309 175
HIST 1310 164
HIST 1311 165
HIST 1312 164
HIST 1313 156
HIST 1314 171
HIST 1315 162
HIST 1316 184
HIST 1317 166
HIST 1318 168
HIST 1319 203
HIST 1320 168
HIST 1321 160
HIST 1322 181
HIST 1323 172
HIST 1324 165
HIST 1325 185
HIST 1326 166
HIST 1327 164
HIST 1328 157
HIST 1329 175
HIST 1330 189
HIST 1331 170
HIST 1332 159
HIST 1333 192
HIST 1334 178
HIST 1335 173
HIST 1336 204
HIST 1337 160
HIST 1338 168
HIST 1339 169
HIST 1340 188
HIST 1341 167
HIST 1342 180
HIST 1343 155
HIST 1344 170
HIST 1345 177
HIST 1346 161
HIST 1347 186
HIST 1348 159
HIST 1349 188
HIST 1350 158
HIST 1351 183
HIST 1352 185
HIST 1353 174
HIST 1354 151
HIST 1355 169
HIST 1356 156
HIST 1357 165
HIST 1358 155
HIST 1359 176
HIST 1360 169
HIST 1361 188
HIST 1362 126
HIST 1363 170
HIST 1364 156
HIST 1365 170
HIST 1366 171
HIST 1367 178
HIST 1368 183
HIST 1369 142
HIST 1370 165
HIST 1371 184
HIST 1372 164
HIST 1373 201
HIST 1374 169
HIST 1375 182
HIST 1376 179
HIST 1377 154
HIST 1378 185
HIST 1379 163
HIST 1380 182
HIST 1381 164
HIST 1382 176
HIST 1383 184
HIST 1384 181
HIST 1385 166
HIST 1386 155
HIST 1387 162
HIST 1388 163
HIST 1389 168
HIST 1390 189
HIST 1391 177
HIST 1392 188
HIST 1393 181
HIST 1394 160
HIST 1395 162
HIST 1396 184
HIST 1397 180
HIST 1398 190
HIST 1399 169
HIST 1400 175
HIST 1401 160
HIST 1402 167
HIST 1403 167
HIST 1404 182
HIST 1405 166
HIST 1406 176
HIST 1407 187
HIST 1408 181
HIST 1409 169
HIST 1410 191
HIST 1411 177
HIST 1412 175
HIST 1413 199
HIST 1414 168
HIST 1415 202
HIST 1416 208
HIST 1417 197
HIST 1418 169
HIST 1419 142
HIST 1420 156
HIST 1421 168
HIST 1422 180
HIST 1423 181
HIST 1424 157
HIST 1425 189
HIST 1426 167
HIST 1427 150
HIST 1428 173
HIST 1429 184
HIST 1430 146
HIST 1431 164
HIST 1432 183
HIST 1433 193
HIST 1434 179
HIST 1435 186
HIST 1436 182
HIST 1437 203
HIST 1438 166
HIST 1439 157
HIST 1440 156
HIST 1441 205
HIST 1442 158
HIST 1443 163
HIST 1444 175
HIST 1445 185
HIST 1446 173
HIST 1447 159
HIST 1448 171
HIST 1449 183
HIST 1450 172
HIST 1451 170
HIST 1452 186
HIST 1453 163
HIST 1454 169
HIST 1455 169
HIST 1456 190
HIST 1457 178
HIST 1458 158
HIST 1459 179
HIST 1460 142
HIST 1461 168
HIST 1462 178
HIST 1463 172
HIST 1464 149
HIST 1465 177
HIST 1466 167
HIST 1467 156
HIST 1468 185
HIST 1469 150
HIST 1470 174
HIST 1471 178
HIST 1472 182
HIST 1473 166
HIST 1474 162
HIST 1475 159
HIST 1476 182
HIST 1477 170
HIST 1478 165
HIST 1479 173
HIST 1480 156
HIST 1481 180
HIST 1482 129
HIST 1483 166
HIST 1484 175
HIST 1485 171
HIST 1486 164
HIST 1487 165
HIST 1488 173
HIST 1489 176
HIST 1490 166
HIST 1491 162
HIST 1492 157
HIST 1493 184
HIST 1494 165
HIST 1495 174
HIST 1496 163
HIST 1497 158
HIST 1498 157
HIST 1499 157
HIST 1500 152
HIST 1501 161
HIST 1502 172
HIST 1503 153
HIST 1504 173
HIST 1505 170
HIST 1506 155
HIST 1507 160
HIST 1508 164
HIST 1509 161
HIST 1510 162
HIST 1511 174
HIST 1512 184
HIST 1513 161
HIST 1514 179
HIST 1515 162
HIST 1516 166
HIST 1517 156
HIST 1518 166
HIST 1519 150
HIST 1520 159
HIST 1521 163
HIST 1522 168
HIST 1523 163
HIST 1524 154
HIST 1525 167
HIST 1526 157
HIST 1527 171
HIST 1528 180
HIST 1529 171
HIST 1530 150
HIST 1531 180
HIST 1532 158
HIST 1533 183
HIST 1534 158
HIST 1535 174
HIST 1536 163
HIST 1537 166
HIST 1538 162
HIST 1539 170
HIST 1540 158
HIST 1541 164
HIST 1542 171
HIST 1543 159
HIST 1544 150
HIST 1545 167
HIST 1546 167
HIST 1547 162
HIST 1548 155
HIST 1549 181
HIST 1550 139
HIST 1551 158
HIST 1552 158
HIST 1553 166
HIST 1554 176
HIST 1555 156
HIST 1556 148
HIST 1557 159
HIST 1558 163
HIST 1559 139
HIST 1560 147
HIST 1561 155
HIST 1562 226
HIST 1563 174
HIST 1564 189
HIST 1565 176
HIST 1566 163
HIST 1567 151
HIST 1568 165
HIST 1569 177
HIST 1570 158
HIST 1571 172
HIST 1572 161
HIST 1573 145
HIST 1574 151
HIST 1575 158
HIST 1576 142
HIST 1577 138
HIST 1578 162
HIST 1579 171
HIST 1580 160
HIST 1581 170
HIST 1582 150
HIST 1583 147
HIST 1584 163
HIST 1585 130
HIST 1586 176
HIST 1587 160
HIST 1588 150
HIST 1589 168
HIST 1590 174
HIST 1591 169
HIST 1592 144
HIST 1593 43220
HIST 1594 180
HIST 1595 204
HIST 1596 203
HIST 1597 213
HIST 1598 201
HIST 1599 196
HIST 1600 196
HIST 1601 204
HIST 1602 217
HIST 1603 197
HIST 1604 195
HIST 1605 201
HIST 1606 211
HIST 1607 199
HIST 1608 218
HIST 1609 197
HIST 1610 199
HIST 1611 191
HIST 1612 213
HIST 1613 202
HIST 1614 189
HIST 1615 191
HIST 1616 198
HIST 1617 211
HIST 1618 207
HIST 1619 201
HIST 1620 189
HIST 1621 203
HIST 1622 201
HIST 1623 194
HIST 1624 193
HIST 1625 223
HIST 1626 197
HIST 1627 206
HIST 1628 182
HIST 1629 200
HIST 1630 201
HIST 1631 206
HIST 1632 219
HIST 1633 188
HIST 1634 188
HIST 1635 223
HIST 1636 208
HIST 1637 211
HIST 1638 194
HIST 1639 209
HIST 1640 193
HIST 1641 197
HIST 1642 207
HIST 1643 196
HIST 1644 186
HIST 1645 216
HIST 1646 221
HIST 1647 203
HIST 1648 198
HIST 1649 199
HIST 1650 196
HIST 1651 174
HIST 1652 205
HIST 1653 214
HIST 1654 191
HIST 1655 207
HIST 1656 210
HIST 1657 198
HIST 1658 213
HIST 1659 196
HIST 1660 212
HIST 1661 183
HIST 1662 197
HIST 1663 210
HIST 1664 188
HIST 1665 200
HIST 1666 213
HIST 1667 190
HIST 1668 205
HIST 1669 214
HIST 1670 194
HIST 1671 216
HIST 1672 204
HIST 1673 193
HIST 1674 194
HIST 1675 192
HIST 1676 193
HIST 1677 220
HIST 1678 208
HIST 1679 208
HIST 1680 219
HIST 1681 208
HIST 1682 214
HIST 1683 192
HIST 1684 194
HIST 1685 202
HIST 1686 223
HIST 1687 214
HIST 1688 179
HIST 1689 216
HIST 1690 208
HIST 1691 195
HIST 1692 208
HIST 1693 208
HIST 1694 196
HIST 1695 204
HIST 1696 190
HIST 1697 203
HIST 1698 209
HIST 1699 180
HIST 1700 198
HIST 1701 172
HIST 1702 197
HIST 1703 183
HIST 1704 218
HIST 1705 204
HIST 1706 183
HIST 1707 207
HIST 1708 198
HIST 1709 185
HIST 1710 202
HIST 1711 192
HIST 1712 202
HIST 1713 196
HIST 1714 198
HIST 1715 186
HIST 1716 187
HIST 1717 198
HIST 1718 180
HIST 1719 202
HIST 1720 221
HIST 1721 183
HIST 1722 177
HIST 1723 212
HIST 1724 227
HIST 1725 198
HIST 1726 203
HIST 1727 193
HIST 1728 178
HIST 1729 205
HIST 1730 162
HIST 1731 197
HIST 1732 195
HIST 1733 184
HIST 1734 209
HIST 1735 203
HIST 1736 185
HIST 1737 222
HIST 1738 182
HIST 1739 204
HIST 1740 194
HIST 1741 196
HIST 1742 211
HIST 1743 185
HIST 1744 212
HIST 1745 201
HIST 1746 203
HIST 1747 184
HIST 1748 216
HIST 1749 179
HIST 1750 165
HIST 1751 213
HIST 1752 215
HIST 1753 198
HIST 1754 168
HIST 1755 195
HIST 1756 170
HIST 1757 185
HIST 1758 191
HIST 1759 205
HIST 1760 185
HIST 1761 204
HIST 1762 191
HIST 1763 210
HIST 1764 198
HIST 1765 222
HIST 1766 222
HIST 1767 222
HIST 1768 203
HIST 1769 213
HIST 1770 201
HIST 1771 208
HIST 1772 200
HIST 1773 237
HIST 1774 218
HIST 1775 195
HIST 1776 201
HIST 1777 226
HIST 1778 199
HIST 1779 220
HIST 1780 189
HIST 1781 223
HIST 1782 209
HIST 1783 209
HIST 1784 233
HIST 1785 184
HIST 1786 207
HIST 1787 222
HIST 1788 204
HIST 1789 213
HIST 1790 200
HIST 1791 163
HIST 1792 219
HIST 1793 200
HIST 1794 192
HIST 1795 212
HIST 1796 185
HIST 1797 209
HIST 1798 217
HIST 1799 193
HIST 1800 211
HIST 1801 193
HIST 1802 200
HIST 1803 185
HIST 1804 191
HIST 1805 201
HIST 1806 195
HIST 1807 213
HIST 1808 175
HIST 1809 195
HIST 1810 218
HIST 1811 208
HIST 1812 196
HIST 1813 177
HIST 1814 206
HIST 1815 211
HIST 1816 191
HIST 1817 192
HIST 1818 198
HIST 1819 213
HIST 1820 185
HIST 1821 220
HIST 1822 186
HIST 1823 176
HIST 1824 210
HIST 1825 173
HIST 1826 210
HIST 1827 213
HIST 1828 202
HIST 1829 177
HIST 1830 208
HIST 1831 239
HIST 1832 202
HIST 1833 187
HIST 1834 225
HIST 1835 211
HIST 1836 198
HIST 1837 202
HIST 1838 242
HIST 1839 188
HIST 1840 219
HIST 1841 218
HIST 1842 178
HIST 1843 193
HIST 1844 190
HIST 1845 195
HIST 1846 211
HIST 1847 216
HIST 1848 192
HIST 1849 219
HIST 1850 185
HIST 1851 206
HIST 1852 189
HIST 1853 196
HIST 1854 213
HIST 1855 210
HIST 1856 183
HIST 1857 208
HIST 1858 204
HIST 1859 222
HIST 1860 216
HIST 1861 198
HIST 1862 215
HIST 1863 208
HIST 1864 210
HIST 1865 195
HIST 1866 224
HIST 1867 186
HIST 1868 222
HIST 1869 193
HIST 1870 202
HIST 1871 219
HIST 1872 211
HIST 1873 206
HIST 1874 190
HIST 1875 191
HIST 1876 223
HIST 1877 191
HIST 1878 199
HIST 1879 177
HIST 1880 200
HIST 1881 181
HIST 1882 217
HIST 1883 192
HIST 1884 232
HIST 1885 204
HIST 1886 218
HIST 1887 224
HIST 1888 217
HIST 1889 201
HIST 1890 179
HIST 1891 226
HIST 1892 202
HIST 1893 189
HIST 1894 200
HIST 1895 199
HIST 1896 193
HIST 1897 211
HIST 1898 188
HIST 1899 196
HIST 1900 212
HIST 1901 194
HIST 1902 196
HIST 1903 232
HIST 1904 195
HIST 1905 236
HIST 1906 209
HIST 1907 199
HIST 1908 208
HIST 1909 191
HIST 1910 191
HIST 1911 209
HIST 1912 186
HIST 1913 217
HIST 1914 190
HIST 1915 206
HIST 1916 233
HIST 1917 195
HIST 1918 202
HIST 1919 204
HIST 1920 212
HIST 1921 203
HIST 1922 209
HIST 1923 191
HIST 1924 199
HIST 1925 224
HIST 1926 216
HIST 1927 208
HIST 1928 208
HIST 1929 209
HIST 1930 193
HIST 1931 201
HIST 1932 187
HIST 1933 214
HIST 1934 212
HIST 1935 206
HIST 1936 200
HIST 1937 173
HIST 1938 176
HIST 1939 194
HIST 1940 194
HIST 1941 176
HIST 1942 207
HIST 1943 171
HIST 1944 198
HIST 1945 183
HIST 1946 181
HIST 1947 177
HIST 1948 194
HIST 1949 189
HIST 1950 189
HIST 1951 186
HIST 1952 166
HIST 1953 206
HIST 1954 188
HIST 1955 203
HIST 1956 186
HIST 1957 197
HIST 1958 185
HIST 1959 192
HIST 1960 188
HIST 1961 175
HIST 1962 187
HIST 1963 184
HIST 1964 178
HIST 1965 207
HIST 1966 165
HIST 1967 188
HIST 1968 192
HIST 1969 218
HIST 1970 185
HIST 1971 192
HIST 1972 184
HIST 1973 176
HIST 1974 202
HIST 1975 202
HIST 1976 173
HIST 1977 186
HIST 1978 170
HIST 1979 206
HIST 1980 171
HIST 1981 173
HIST 1982 187
HIST 1983 187
HIST 1984 172
HIST 1985 174
HIST 1986 174
HIST 1987 174
HIST 1988 207
HIST 1989 199
HIST 1990 193
HIST 1991 180
HIST 1992 175
HIST 1993 194
HIST 1994 190
HIST 1995 179
HIST 1996 182
HIST 1997 184
HIST 1998 187
HIST 1999 179
HIST 2000 178
HIST 2001 202
HIST 2002 194
HIST 2003 192
HIST 2004 188
HIST 2005 190
HIST 2006 189
HIST 2007 176
HIST 2008 196
HIST 2009 197
HIST 2010 202
HIST 2011 199
HIST 2012 212
HIST 2013 165
HIST 2014 209
HIST 2015 202
HIST 2016 189
HIST 2017 163
HIST 2018 183
HIST 2019 209
HIST 2020 197
HIST 2021 190
HIST 2022 206
HIST 2023 207
HIST 2024 179
HIST 2025 182
HIST 2026 180
HIST 2027 212
HIST 2028 204
HIST 2029 192
HIST 2030 197
HIST 2031 197
HIST 2032 194
HIST 2033 184
HIST 2034 183
HIST 2035 181
HIST 2036 180
HIST 2037 178
HIST 2038 193
HIST 2039 194
HIST 2040 200
HIST 2041 219
HIST 2042 184
HIST 2043 194
HIST 2044 189
HIST 2045 194
HIST 2046 196
HIST 2047 182
HIST 2048 178
HIST 2049 197
HIST 2050 177
HIST 2051 179
HIST 2052 167
HIST 2053 216
HIST 2054 193
HIST 2055 181
HIST 2056 167
HIST 2057 192
HIST 2058 206
HIST 2059 181
HIST 2060 197
HIST 2061 207
HIST 2062 197
HIST 2063 173
HIST 2064 179
HIST 2065 178
HIST 2066 178
HIST 2067 187
HIST 2068 203
HIST 2069 187
HIST 2070 200
HIST 2071 185
HIST 2072 201
HIST 2073 268
HIST 2074 175
HIST 2075 194
HIST 2076 222
HIST 2077 177
HIST 2078 181
HIST 2079 187
HIST 2080 230
HIST 2081 198
HIST 2082 217
HIST 2083 202
HIST 2084 211
HIST 2085 192
HIST 2086 197
HIST 2087 197
HIST 2088 251
HIST 2089 212
HIST 2090 203
HIST 2091 183
HIST 2092 207
HIST 2093 212
HIST 2094 190
HIST 2095 217
HIST 2096 197
HIST 2097 188
HIST 2098 193
HIST 2099 219
HIST 2100 219
HIST 2101 203
HIST 2102 178
HIST 2103 207
HIST 2104 7188
HIST 2105 199
HIST 2106 209
HIST 2107 221
HIST 2108 214
HIST 2109 173
HIST 2110 179
HIST 2111 193
HIST 2112 194
HIST 2113 193
HIST 2114 197
HIST 2115 199
HIST 2116 235
HIST 2117 213
HIST 2118 193
HIST 2119 197
HIST 2120 190
HIST 2121 224
HIST 2122 206
HIST 2123 191
HIST 2124 180
HIST 2125 188
HIST 2126 185
HIST 2127 205
HIST 2128 220
HIST 2129 223
HIST 2130 199
HIST 2131 209
HIST 2132 197
HIST 2133 200
HIST 2134 221
HIST 2135 213
HIST 2136 198
HIST 2137 229
HIST 2138 194
HIST 2139 191
HIST 2140 203
HIST 2141 204
HIST 2142 214
HIST 2143 224
HIST 2144 187
HIST 2145 205
HIST 2146 205
HIST 2147 182
HIST 2148 241
HIST 2149 193
HIST 2150 232
HIST 2151 212
HIST 2152 197
HIST 2153 194
HIST 2154 226
HIST 2155 206
HIST 2156 228
HIST 2157 215
HIST 2158 220
HIST 2159 188
HIST 2160 206
HIST 2161 193
HIST 2162 220
HIST 2163 198
HIST 2164 183
HIST 2165 203
HIST 2166 220
HIST 2167 239
HIST 2168 208
HIST 2169 198
HIST 2170 230
HIST 2171 233
HIST 2172 216
HIST 2173 243
HIST 2174 215
HIST 2175 210
HIST 2176 220
HIST 2177 210
HIST 2178 216
HIST 2179 219
HIST 2180 239
HIST 2181 219
HIST 2182 211
HIST 2183 208
HIST 2184 188
HIST 2185 222
HIST 2186 213
HIST 2187 203
HIST 2188 226
HIST 2189 216
HIST 2190 215
HIST 2191 226
HIST 2192 204
HIST 2193 198
HIST 2194 216
HIST 2195 243
HIST 2196 228
HIST 2197 249
HIST 2198 227
HIST 2199 201
HIST 2200 215
HIST 2201 237
HIST 2202 210
HIST 2203 219
HIST 2204 195
HIST 2205 207
HIST 2206 205
HIST 2207 202
HIST 2208 205
HIST 2209 209
HIST 2210 237
HIST 2211 217
HIST 2212 215
HIST 2213 210
HIST 2214 215
HIST 2215 234
HIST 2216 201
HIST 2217 218
HIST 2218 218
HIST 2219 223
HIST 2220 231
HIST 2221 235
HIST 2222 242
HIST 2223 215
HIST 2224 207
HIST 2225 226
HIST 2226 217
HIST 2227 226
HIST 2228 219
HIST 2229 222
HIST 2230 205
HIST 2231 212
HIST 2232 245
HIST 2233 205
HIST 2234 231
HIST 2235 223
HIST 2236 201
HIST 2237 224
HIST 2238 225
HIST 2239 269
HIST 2240 244
HIST 2241 231
HIST 2242 246
HIST 2243 250
HIST 2244 235
HIST 2245 225
HIST 2246 217
HIST 2247 213
HIST 2248 243
HIST 2249 218
HIST 2250 248
HIST 2251 246
HIST 2252 218
HIST 2253 234
HIST 2254 236
HIST 2255 241
HIST 2256 238
HIST 2257 259
HIST 2258 228
HIST 2259 194
HIST 2260 227
HIST 2261 224
HIST 2262 250
HIST 2263 258
HIST 2264 200
HIST 2265 242
HIST 2266 218
HIST 2267 224
HIST 2268 243
HIST 2269 214
HIST 2270 254
HIST 2271 234
HIST 2272 234
HIST 2273 226
HIST 2274 241
HIST 2275 230
HIST 2276 249
HIST 2277 252
HIST 2278 247
HIST 2279 259
HIST 2280 243
HIST 2281 244
HIST 2282 266
HIST 2283 232
HIST 2284 233
HIST 2285 227
HIST 2286 232
HIST 2287 248
HIST 2288 251
HIST 2289 256
HIST 2290 273
HIST 2291 285
HIST 2292 254
HIST 2293 265
HIST 2294 284
HIST 2295 250
HIST 2296 247
HIST 2297 230
HIST 2298 247
HIST 2299 234
HIST 2300 263
HIST 2301 223
HIST 2302 253
HIST 2303 258
HIST 2304 256
HIST 2305 250
HIST 2306 253
HIST 2307 250
HIST 2308 257
HIST 2309 275
HIST 2310 279
HIST 2311 272
HIST 2312 301
HIST 2313 253
HIST 2314 244
HIST 2315 241
HIST 2316 262
HIST 2317 271
HIST 2318 270
HIST 2319 273
HIST 2320 248
HIST 2321 265
HIST 2322 245
HIST 2323 251
HIST 2324 297
HIST 2325 278
HIST 2326 255
HIST 2327 249
HIST 2328 286
HIST 2329 279
HIST 2330 246
HIST 2331 302
HIST 2332 294
HIST 2333 274
HIST 2334 257
HIST 2335 317
HIST 2336 278
HIST 2337 284
HIST 2338 284
HIST 2339 261
HIST 2340 253
HIST 2341 263
HIST 2342 295
HIST 2343 251
HIST 2344 267
HIST 2345 287
HIST 2346 284
HIST 2347 275
HIST 2348 300
HIST 2349 291
HIST 2350 271
HIST 2351 303
HIST 2352 277
HIST 2353 304
HIST 2354 265
HIST 2355 276
HIST 2356 288
HIST 2357 300
HIST 2358 279
HIST 2359 277
HIST 2360 287
HIST 2361 315
HIST 2362 248
HIST 2363 282
HIST 2364 267
HIST 2365 295
HIST 2366 289
HIST 2367 299
HIST 2368 267
HIST 2369 279
HIST 2370 330
HIST 2371 297
HIST 2372 294
HIST 2373 297
HIST 2374 279
HIST 2375 285
HIST 2376 288
HIST 2377 258
HIST 2378 243
HIST 2379 252
HIST 2380 261
HIST 2381 234
HIST 2382 220
HIST 2383 172
HIST 2384 161
HIST 2385 131
HIST 2386 133
HIST 2387 131
HIST 2388 120
HIST 2389 115
HIST 2390 103
HIST 2391 96
HIST 2392 97
HIST 2393 105
HIST 2394 103
HIST 2395 104
HIST 2396 94
HIST 2397 66
HIST 2398 76
HIST 2399 78
HIST 2400 78
HIST 2401 111
HIST 2402 82
HIST 2403 85
HIST 2404 77
HIST 2405 82
HIST 2406 71
HIST 2407 63
HIST 2408 63
HIST 2409 74
HIST 2410 65
HIST 2411 69
HIST 2412 68
HIST 2413 83
HIST 2414 60
HIST 2415 65
HIST 2416 70
HIST 2417 50
HIST 2418 53
HIST 2419 59
HIST 2420 68
HIST 2421 61
HIST 2422 54
HIST 2423 66
HIST 2424 64
HIST 2425 56
HIST 2426 69
HIST 2427 58
HIST 2428 53
HIST 2429 66
HIST 2430 61
HIST 2431 48
HIST 2432 60
HIST 2433 51
HIST 2434 59
HIST 2435 42
HIST 2436 55
HIST 2437 48
HIST 2438 47
HIST 2439 40
HIST 2440 56
HIST 2441 45
HIST 2442 43
HIST 2443 55
HIST 2444 38
HIST 2445 42
HIST 2446 46
HIST 2447 39
HIST 2448 48
HIST 2449 53
HIST 2450 44
HIST 2451 40
HIST 2452 41
HIST 2453 37
HIST 2454 51
HIST 2455 48
HIST 2456 39
HIST 2457 35
HIST 2458 37
HIST 2459 29
HIST 2460 43
HIST 2461 41
HIST 2462 38
HIST 2463 41
HIST 2464 32
HIST 2465 35
HIST 2466 43
HIST 2467 36
HIST 2468 29
HIST 2469 34
HIST 2470 31
HIST 2471 31
HIST 2472 30
HIST 2473 32
HIST 2474 21
HIST 2475 22
HIST 2476 32
HIST 2477 19
HIST 2478 29
HIST 2479 20
HIST 2480 27
HIST 2481 23
HIST 2482 23
HIST 2483 18
HIST 2484 21
HIST 2485 15
HIST 2486 15
HIST 2487 22
HIST 2488 24
HIST 2489 16
HIST 2490 19
HIST 2491 19
HIST 2492 19
HIST 2493 20
HIST 2494 18
HIST 2495 12
HIST 2496 24
HIST 2497 17
HIST 2498 15
HIST 2499 10
HIST 2500 14
HIST 2501 20
HIST 2502 10
HIST 2503 15
HIST 2504 9
HIST 2505 9
HIST 2506 21
HIST 2507 8
HIST 2508 9
HIST 2509 11
HIST 2510 11
HIST 2511 15
HIST 2512 13
HIST 2513 16
HIST 2514 14
HIST 2515 14
HIST 2516 7
HIST 2517 7
HIST 2518 13
HIST 2519 6
HIST 2520 4
HIST 2521 10
HIST 2522 8
HIST 2523 7
HIST 2524 10
HIST 2525 6
HIST 2526 1
HIST 2527 8
HIST 2528 10
HIST 2529 5
HIST 2530 5
HIST 2531 6
HIST 2532 3
HIST 2533 6
HIST 2534 6
HIST 2535 6
HIST 2536 4
HIST 2537 3
HIST 2538 5
HIST 2539 4
HIST 2540 3
HIST 2541 7
HIST 2542 4
HIST 2543 7
HIST 2544 2
HIST 2545 4
HIST 2546 4
HIST 2547 4
HIST 2548 6
HIST 2549 2
HIST 2550 8
HIST 2551 4
HIST 2552 4
HIST 2553 1
HIST 2554 4
HIST 2555 3
HIST 2556 1
HIST 2557 3
HIST 2558 4
HIST 2559 4
HIST 2560 2
HIST 2561 5
HIST 2562 2
HIST 2563 2
HIST 2564 1
HIST 2565 3
HIST 2566 4
HIST 2567 1
HIST 2568 2
HIST 2569 3
HIST 2570 2
HIST 2572 3
HIST 2573 2
HIST 2575 3
HIST 2576 1
HIST 2577 2
HIST 2579 7
HIST 2580 17
HIST 2581 9
HIST 2582 29
HIST 2583 2
HIST 2584 180
HIST 2585 2
HIST 2586 138
HIST 2587 3
HIST 2590 1
HIST 2593 2
HIST 2594 1
HIST 2595 1
HIST 2598 2
HIST 2600 2
HIST 2601 2
HIST 2608 1
HIST 2612 2
HIST 2613 2
HIST 2614 1
HIST 2615 19985
HISTEND
