плечо B (правка, основное дерево): exe 23:07:00 sha256 C2E43307F8402F69C692C98B7F986A1585FC2EF521DCA53D23AB636A5C40A0FF
плечо A (HEAD 08030c57, wt_a): exe sha256 59F5CE1BE39FE77599C264F6A137F3816D88FA7E972418ECAD43CF76D69A5E77
wd_main: матриц 20, приборов 9, exe C2E43307F8402F69
wd_radon: матриц 2, приборов 2
wd_main_a: матриц 20, приборов 9, exe 59F5CE1BE39FE775
wd_radon_a: матриц 2, приборов 2
--- cs_a (код 0)
chi2/ndf 12.846, невязка модели 7.8 %, суммирование да
ROW	Cs-137	Single	88.745	-	-
ROW	Backscatter	Nuisance	3.337	-	-
ROW	Xray-Pb-L	Nuisance	0.499	-	-
ROW	Xray-Pb	Nuisance	0.466	-	-
ROW	pile-up	Nuisance	0.335	-	-
ROW	continuum	Nuisance	6.616	-	-
серый слой (S174): ниже порога доверия 16347497.5 отсч., выше последней линии 0.0 отсч.; всего 16347497.5 отсч. (6.616 % стека)
невязка (S174) от Min_Range (число строки отчёта): каналы 35..8190 (8156), измерение фита 248457536.2, модель 246762515.2, не описано 7478949.6 (3.01 %), лишнее 5783928.5
отвязанный хвост (в подложке → серый слой S174, AMBER30; UntiedTail пуст по построению): нет
--- cs_b (код 0)
chi2/ndf 12.846, невязка модели 7.8 %, суммирование да
ROW	Cs-137	Single	95.156	-	-
ROW	Backscatter	Nuisance	3.363	-	-
ROW	Xray-Pb	Nuisance	0.646	-	-
ROW	Xray-Pb-L	Nuisance	0.499	-	-
ROW	pile-up	Nuisance	0.337	-	-
серый слой: ниже пола разноса 0.0 отсч. (в приложении пола нет — S175), выше последней линии 0.0 отсч.; всего 0.0 отсч. (0.000 % стека)
невязка (S174) от Min_Range (число строки отчёта): каналы 35..8190 (8156), измерение фита 248457536.2, модель 246762515.2, не описано 7478949.6 (3.01 %), лишнее 5783928.5
отвязанный хвост (S175; layer = в слое и доле своего образа, continuum = в подложке → серый слой, residual = в невязке): Cs-137 13984949.0 (layer), Xray-Pb 433210.1 (laye
хвост в слоях (S175): Cs-137 13984949.0, Xray-Pb 433210.1; всего 14418159.1 отсч., из них ниже пола разноса 0.0
разнос сплайна (S76, мера S175 п. 7) относительно порога доверия 100 кэВ (канал 282): сплайн ниже 2144599.3 / выше 7447278.3 отсч., разнесено по слоям ниже 2144599.3 / вы
--- cs_g (код 0)
⛔ ПОДСАДКА --tail-to-continuum (S175): хвосты образов переложены в подложку и разнесены по S76 — картинка a6f2b227 (до П68), числа этого прогона в журнал НЕ ГОДЯТСЯ
⛔ ПОДСАДКА --plant-grey-floor (S175): пол разноса на пороге доверия, сплайн ниже порога серым (п. 1 S174, П69) — картинка П70 (d5c94425), числа этого прогона в журнал НЕ 
chi2/ndf 12.846, невязка модели 7.8 %, суммирование да
ROW	Cs-137	Single	88.745	-	-
ROW	Backscatter	Nuisance	3.337	-	-
ROW	Xray-Pb-L	Nuisance	0.499	-	-
ROW	Xray-Pb	Nuisance	0.466	-	-
ROW	pile-up	Nuisance	0.335	-	-
ROW	continuum	Nuisance	6.616	-	-
серый слой: ниже пола разноса 16347497.5 отсч. (в приложении пола нет — S175), выше последней линии 0.0 отсч.; всего 16347497.5 отсч. (6.616 % стека)
невязка (S174) от Min_Range (число строки отчёта): каналы 35..8190 (8156), измерение фита 248457536.2, модель 246762515.2, не описано 7478949.6 (3.01 %), лишнее 5783928.5
отвязанный хвост (S175; layer = в слое и доле своего образа, continuum = в подложке → серый слой, residual = в невязке): Cs-137 13984949.0 (continuum), Xray-Pb 433210.1 (
хвост в слоях (S175): нет
разнос сплайна (S76, мера S175 п. 7) относительно порога доверия 100 кэВ (канал 282): сплайн ниже 16347497.5 / выше 7662539.2 отсч., разнесено по слоям ниже 0.0 / выше 76
--- cs_c (код 0)
⛔ ПОДСАДКА --tail-to-continuum (S175): хвосты образов переложены в подложку и разнесены по S76 — картинка a6f2b227 (до П68), числа этого прогона в журнал НЕ ГОДЯТСЯ
chi2/ndf 12.846, невязка модели 7.8 %, суммирование да
ROW	Cs-137	Single	95.093	-	-
ROW	Backscatter	Nuisance	3.568	-	-
ROW	Xray-Pb-L	Nuisance	0.502	-	-
ROW	Xray-Pb	Nuisance	0.490	-	-
ROW	pile-up	Nuisance	0.347	-	-
серый слой: ниже пола разноса 0.0 отсч. (в приложении пола нет — S175), выше последней линии 0.0 отсч.; всего 0.0 отсч. (0.000 % стека)
невязка (S174) от Min_Range (число строки отчёта): каналы 35..8190 (8156), измерение фита 248457536.2, модель 246762515.2, не описано 7478949.6 (3.01 %), лишнее 5783928.5
отвязанный хвост (S175; layer = в слое и доле своего образа, continuum = в подложке → серый слой, residual = в невязке): Cs-137 13984949.0 (continuum), Xray-Pb 433210.1 (
хвост в слоях (S175): нет
разнос сплайна (S76, мера S175 п. 7) относительно порога доверия 100 кэВ (канал 282): сплайн ниже 16347497.5 / выше 7662539.2 отсч., разнесено по слоям ниже 16347497.5 / 
--- cs_f (код 0)
⛔ ПОДСАДКА --plant-grey-floor (S175): пол разноса на пороге доверия, сплайн ниже порога серым (п. 1 S174, П69) — картинка П75 до второго решения, числа этого прогона в жу
chi2/ndf 12.846, невязка модели 7.8 %, суммирование да
ROW	Cs-137	Single	94.322	-	-
ROW	Backscatter	Nuisance	3.334	-	-
ROW	Xray-Pb	Nuisance	0.642	-	-
ROW	Xray-Pb-L	Nuisance	0.499	-	-
ROW	pile-up	Nuisance	0.335	-	-
ROW	continuum	Nuisance	0.868	-	-
серый слой: ниже пола разноса 2144599.3 отсч. (в приложении пола нет — S175), выше последней линии 0.0 отсч.; всего 2144599.3 отсч. (0.868 % стека)
невязка (S174) от Min_Range (число строки отчёта): каналы 35..8190 (8156), измерение фита 248457536.2, модель 246762515.2, не описано 7478949.6 (3.01 %), лишнее 5783928.5
отвязанный хвост (S175; layer = в слое и доле своего образа, continuum = в подложке → серый слой, residual = в невязке): Cs-137 13984949.0 (layer), Xray-Pb 433210.1 (laye
хвост в слоях (S175): Cs-137 13984949.0, Xray-Pb 433210.1; всего 14418159.1 отсч., из них ниже пола разноса 14202898.2
разнос сплайна (S76, мера S175 п. 7) относительно порога доверия 100 кэВ (канал 282): сплайн ниже 2144599.3 / выше 7447278.3 отсч., разнесено по слоям ниже 0.0 / выше 744
--- cs_r (код 0)
chi2/ndf 12.846, невязка модели 7.8 %, суммирование да
ROW	Cs-137	Single	95.040	-	-
ROW	Backscatter	Nuisance	3.572	-	-
ROW	Xray-Pb-L	Nuisance	0.530	-	-
ROW	Xray-Pb	Nuisance	0.499	-	-
ROW	pile-up	Nuisance	0.357	-	-
серый слой: ниже пола разноса 0.0 отсч. (в приложении пола нет — S175), выше последней линии 0.0 отсч.; всего 0.0 отсч. (0.000 % стека)
невязка (S174) от Min_Range (число строки отчёта): каналы 35..8190 (8156), измерение фита 248457536.2, модель 232344356.1, не описано 21391611.7 (8.61 %), лишнее 5278431.
отвязанный хвост (S175; layer = в слое и доле своего образа, continuum = в подложке → серый слой, residual = в невязке): Cs-137 13984949.0 (residual), Xray-Pb 433210.1 (r
хвост в слоях (S175): нет
разнос сплайна (S76, мера S175 п. 7) относительно порога доверия 100 кэВ (канал 282): сплайн ниже 2144599.3 / выше 7447278.3 отсч., разнесено по слоям ниже 2144599.3 / вы
--- cs_a_zoom (код 0)
chi2/ndf 12.846, невязка модели 7.8 %, суммирование да
ROW	Cs-137	Single	88.745	-	-
ROW	Backscatter	Nuisance	3.337	-	-
ROW	Xray-Pb-L	Nuisance	0.499	-	-
ROW	Xray-Pb	Nuisance	0.466	-	-
ROW	pile-up	Nuisance	0.335	-	-
ROW	continuum	Nuisance	6.616	-	-
серый слой (S174): ниже порога доверия 16347497.5 отсч., выше последней линии 0.0 отсч.; всего 16347497.5 отсч. (6.616 % стека)
невязка (S174) от Min_Range (число строки отчёта): каналы 35..8190 (8156), измерение фита 248457536.2, модель 246762515.2, не описано 7478949.6 (3.01 %), лишнее 5783928.5
отвязанный хвост (в подложке → серый слой S174, AMBER30; UntiedTail пуст по построению): нет
--- cs_b_zoom (код 0)
chi2/ndf 12.846, невязка модели 7.8 %, суммирование да
ROW	Cs-137	Single	95.156	-	-
ROW	Backscatter	Nuisance	3.363	-	-
ROW	Xray-Pb	Nuisance	0.646	-	-
ROW	Xray-Pb-L	Nuisance	0.499	-	-
ROW	pile-up	Nuisance	0.337	-	-
серый слой: ниже пола разноса 0.0 отсч. (в приложении пола нет — S175), выше последней линии 0.0 отсч.; всего 0.0 отсч. (0.000 % стека)
невязка (S174) от Min_Range (число строки отчёта): каналы 35..8190 (8156), измерение фита 248457536.2, модель 246762515.2, не описано 7478949.6 (3.01 %), лишнее 5783928.5
отвязанный хвост (S175; layer = в слое и доле своего образа, continuum = в подложке → серый слой, residual = в невязке): Cs-137 13984949.0 (layer), Xray-Pb 433210.1 (laye
хвост в слоях (S175): Cs-137 13984949.0, Xray-Pb 433210.1; всего 14418159.1 отсч., из них ниже пола разноса 0.0
разнос сплайна (S76, мера S175 п. 7) относительно порога доверия 100 кэВ (канал 282): сплайн ниже 2144599.3 / выше 7447278.3 отсч., разнесено по слоям ниже 2144599.3 / вы
--- cs_g_zoom (код 0)
⛔ ПОДСАДКА --tail-to-continuum (S175): хвосты образов переложены в подложку и разнесены по S76 — картинка a6f2b227 (до П68), числа этого прогона в журнал НЕ ГОДЯТСЯ
⛔ ПОДСАДКА --plant-grey-floor (S175): пол разноса на пороге доверия, сплайн ниже порога серым (п. 1 S174, П69) — картинка П70 (d5c94425), числа этого прогона в журнал НЕ 
chi2/ndf 12.846, невязка модели 7.8 %, суммирование да
ROW	Cs-137	Single	88.745	-	-
ROW	Backscatter	Nuisance	3.337	-	-
ROW	Xray-Pb-L	Nuisance	0.499	-	-
ROW	Xray-Pb	Nuisance	0.466	-	-
ROW	pile-up	Nuisance	0.335	-	-
ROW	continuum	Nuisance	6.616	-	-
серый слой: ниже пола разноса 16347497.5 отсч. (в приложении пола нет — S175), выше последней линии 0.0 отсч.; всего 16347497.5 отсч. (6.616 % стека)
невязка (S174) от Min_Range (число строки отчёта): каналы 35..8190 (8156), измерение фита 248457536.2, модель 246762515.2, не описано 7478949.6 (3.01 %), лишнее 5783928.5
отвязанный хвост (S175; layer = в слое и доле своего образа, continuum = в подложке → серый слой, residual = в невязке): Cs-137 13984949.0 (continuum), Xray-Pb 433210.1 (
хвост в слоях (S175): нет
разнос сплайна (S76, мера S175 п. 7) относительно порога доверия 100 кэВ (канал 282): сплайн ниже 16347497.5 / выше 7662539.2 отсч., разнесено по слоям ниже 0.0 / выше 76
--- cs_f_zoom (код 0)
⛔ ПОДСАДКА --plant-grey-floor (S175): пол разноса на пороге доверия, сплайн ниже порога серым (п. 1 S174, П69) — картинка П75 до второго решения, числа этого прогона в жу
chi2/ndf 12.846, невязка модели 7.8 %, суммирование да
ROW	Cs-137	Single	94.322	-	-
ROW	Backscatter	Nuisance	3.334	-	-
ROW	Xray-Pb	Nuisance	0.642	-	-
ROW	Xray-Pb-L	Nuisance	0.499	-	-
ROW	pile-up	Nuisance	0.335	-	-
ROW	continuum	Nuisance	0.868	-	-
серый слой: ниже пола разноса 2144599.3 отсч. (в приложении пола нет — S175), выше последней линии 0.0 отсч.; всего 2144599.3 отсч. (0.868 % стека)
невязка (S174) от Min_Range (число строки отчёта): каналы 35..8190 (8156), измерение фита 248457536.2, модель 246762515.2, не описано 7478949.6 (3.01 %), лишнее 5783928.5
отвязанный хвост (S175; layer = в слое и доле своего образа, continuum = в подложке → серый слой, residual = в невязке): Cs-137 13984949.0 (layer), Xray-Pb 433210.1 (laye
хвост в слоях (S175): Cs-137 13984949.0, Xray-Pb 433210.1; всего 14418159.1 отсч., из них ниже пола разноса 14202898.2
разнос сплайна (S76, мера S175 п. 7) относительно порога доверия 100 кэВ (канал 282): сплайн ниже 2144599.3 / выше 7447278.3 отсч., разнесено по слоям ниже 0.0 / выше 744
--- cs_r_zoom (код 0)
chi2/ndf 12.846, невязка модели 7.8 %, суммирование да
ROW	Cs-137	Single	95.040	-	-
ROW	Backscatter	Nuisance	3.572	-	-
ROW	Xray-Pb-L	Nuisance	0.530	-	-
ROW	Xray-Pb	Nuisance	0.499	-	-
ROW	pile-up	Nuisance	0.357	-	-
серый слой: ниже пола разноса 0.0 отсч. (в приложении пола нет — S175), выше последней линии 0.0 отсч.; всего 0.0 отсч. (0.000 % стека)
невязка (S174) от Min_Range (число строки отчёта): каналы 35..8190 (8156), измерение фита 248457536.2, модель 232344356.1, не описано 21391611.7 (8.61 %), лишнее 5278431.
отвязанный хвост (S175; layer = в слое и доле своего образа, continuum = в подложке → серый слой, residual = в невязке): Cs-137 13984949.0 (residual), Xray-Pb 433210.1 (r
хвост в слоях (S175): нет
разнос сплайна (S76, мера S175 п. 7) относительно порога доверия 100 кэВ (канал 282): сплайн ниже 2144599.3 / выше 7447278.3 отсч., разнесено по слоям ниже 2144599.3 / вы
--- as80amb_a (код 0)
chi2/ndf 14.255, невязка модели 21.7 %, суммирование да
ROW	Ac-228	Single	36.370	Th-232	-
ROW	Tl-208	Single	29.160	Th-232	-
ROW	Pb-212	Single	16.041	Th-232	-
ROW	Bi-212	Single	4.906	Th-232	-
ROW	Ra-224	Single	1.282	Th-232	-
ROW	Th-228	Single	0.177	Th-232	-
ROW	Rn-220	Single	0.039	Th-232	-
ROW	Th-232	Single	0.010	Th-232	-
ROW	continuum	Nuisance	12.013	-	-
серый слой (S174): ниже порога доверия 2949134.9 отсч., выше последней линии 0.0 отсч.; всего 2949134.9 отсч. (12.013 % стека)
невязка (S174) от Min_Range (число строки отчёта): каналы 78..8190 (8113), измерение фита 25137822.6, модель 24508218.3, не описано 2213424.9 (8.81 %), лишнее 1583820.5 (
отвязанный хвост (в подложке → серый слой S174, AMBER30; UntiedTail пуст по построению): нет
--- as80amb_b (код 0)
chi2/ndf 14.255, невязка модели 21.7 %, суммирование да
ROW	Ac-228	Single	41.319	Th-232	-
ROW	Tl-208	Single	32.696	Th-232	-
ROW	Pb-212	Single	18.773	Th-232	-
ROW	Bi-212	Single	5.440	Th-232	-
ROW	Ra-224	Single	1.510	Th-232	-
ROW	Th-228	Single	0.207	Th-232	-
ROW	Rn-220	Single	0.045	Th-232	-
ROW	Th-232	Single	0.011	Th-232	-
серый слой: ниже пола разноса 0.0 отсч. (в приложении пола нет — S175), выше последней линии 0.0 отсч.; всего 0.0 отсч. (0.000 % стека)
невязка (S174) от Min_Range (число строки отчёта): каналы 78..8190 (8113), измерение фита 25137822.6, модель 24508218.3, не описано 2213424.9 (8.81 %), лишнее 1583820.5 (
отвязанный хвост (S175; layer = в слое и доле своего образа, continuum = в подложке → серый слой, residual = в невязке): нет
хвост в слоях (S175): нет
разнос сплайна (S76, мера S175 п. 7) относительно порога доверия 100 кэВ (канал 301): сплайн ниже 2949134.9 / выше 8727490.4 отсч., разнесено по слоям ниже 2949112.7 / вы
--- radon2_free_a (код 0)
chi2/ndf 1.316, невязка модели 81.1 %, суммирование да
ROW	Pb-212	Single	24.825	-	-
ROW	Ra-224	Single	1.523	-	Pb-212
ROW	continuum	Nuisance	73.652	-	-
серый слой (S174): ниже порога доверия 35364.2 отсч., выше последней линии 1819.9 отсч.; всего 37184.0 отсч. (73.652 % стека)
невязка (S174) от Min_Range (число строки отчёта): каналы 96..8190 (8095), измерение фита 22133.4, модель 38797.8, не описано 12981.8 (58.65 %), лишнее 29646.2 (133.94 %)
отвязанный хвост (в подложке → серый слой S174, AMBER30; UntiedTail пуст по построению): нет
--- radon2_free_b (код 0)
chi2/ndf 1.316, невязка модели 81.1 %, суммирование да
ROW	Pb-212	Single	91.107	-	-
ROW	Ra-224	Single	5.288	-	Pb-212
ROW	continuum	Nuisance	3.605	-	-
серый слой: ниже пола разноса 0.0 отсч. (в приложении пола нет — S175), выше последней линии 1819.9 отсч.; всего 1819.9 отсч. (3.605 % стека)
невязка (S174) от Min_Range (число строки отчёта): каналы 96..8190 (8095), измерение фита 22133.4, модель 38797.8, не описано 12981.8 (58.65 %), лишнее 29646.2 (133.94 %)
отвязанный хвост (S175; layer = в слое и доле своего образа, continuum = в подложке → серый слой, residual = в невязке): Pb-212 1008.0 (layer); всего 1008.0 отсч.
хвост в слоях (S175): Pb-212 965.9, Ra-224 42.1; всего 1008.0 отсч., из них ниже пола разноса 0.0
разнос сплайна (S76, мера S175 п. 7) относительно порога доверия 100 кэВ (канал 281): сплайн ниже 34356.2 / выше 6064.8 отсч., разнесено по слоям ниже 34356.2 / выше 4244
--- radon2_free_g (код 0)
⛔ ПОДСАДКА --tail-to-continuum (S175): хвосты образов переложены в подложку и разнесены по S76 — картинка a6f2b227 (до П68), числа этого прогона в журнал НЕ ГОДЯТСЯ
⛔ ПОДСАДКА --plant-grey-floor (S175): пол разноса на пороге доверия, сплайн ниже порога серым (п. 1 S174, П69) — картинка П70 (d5c94425), числа этого прогона в журнал НЕ 
chi2/ndf 1.316, невязка модели 81.1 %, суммирование да
ROW	Pb-212	Single	24.825	-	-
ROW	Ra-224	Single	1.523	-	Pb-212
ROW	continuum	Nuisance	73.652	-	-
серый слой: ниже пола разноса 35364.2 отсч. (в приложении пола нет — S175), выше последней линии 1819.9 отсч.; всего 37184.0 отсч. (73.652 % стека)
невязка (S174) от Min_Range (число строки отчёта): каналы 96..8190 (8095), измерение фита 22133.4, модель 38797.8, не описано 12981.8 (58.65 %), лишнее 29646.2 (133.94 %)
отвязанный хвост (S175; layer = в слое и доле своего образа, continuum = в подложке → серый слой, residual = в невязке): Pb-212 1008.0 (continuum); всего 1008.0 отсч.
хвост в слоях (S175): нет
разнос сплайна (S76, мера S175 п. 7) относительно порога доверия 100 кэВ (канал 281): сплайн ниже 35364.2 / выше 6064.8 отсч., разнесено по слоям ниже 0.0 / выше 4244.9 о
--- radon2_free_c (код 0)
⛔ ПОДСАДКА --tail-to-continuum (S175): хвосты образов переложены в подложку и разнесены по S76 — картинка a6f2b227 (до П68), числа этого прогона в журнал НЕ ГОДЯТСЯ
chi2/ndf 1.316, невязка модели 81.1 %, суммирование да
ROW	Pb-212	Single	91.057	-	-
ROW	Ra-224	Single	5.338	-	Pb-212
ROW	continuum	Nuisance	3.605	-	-
серый слой: ниже пола разноса 0.0 отсч. (в приложении пола нет — S175), выше последней линии 1819.9 отсч.; всего 1819.9 отсч. (3.605 % стека)
невязка (S174) от Min_Range (число строки отчёта): каналы 96..8190 (8095), измерение фита 22133.4, модель 38797.8, не описано 12981.8 (58.65 %), лишнее 29646.2 (133.94 %)
отвязанный хвост (S175; layer = в слое и доле своего образа, continuum = в подложке → серый слой, residual = в невязке): Pb-212 1008.0 (continuum); всего 1008.0 отсч.
хвост в слоях (S175): нет
разнос сплайна (S76, мера S175 п. 7) относительно порога доверия 100 кэВ (канал 281): сплайн ниже 35364.2 / выше 6064.8 отсч., разнесено по слоям ниже 35364.2 / выше 4244
--- radon2_free_r (код 0)
chi2/ndf 1.316, невязка модели 81.1 %, суммирование да
ROW	Pb-212	Single	90.975	-	-
ROW	Ra-224	Single	5.347	-	Pb-212
ROW	continuum	Nuisance	3.678	-	-
серый слой: ниже пола разноса 0.0 отсч. (в приложении пола нет — S175), выше последней линии 1819.9 отсч.; всего 1819.9 отсч. (3.678 % стека)
невязка (S174) от Min_Range (число строки отчёта): каналы 96..8190 (8095), измерение фита 22133.4, модель 38084.6, не описано 13422.3 (60.64 %), лишнее 29373.5 (132.71 %)
отвязанный хвост (S175; layer = в слое и доле своего образа, continuum = в подложке → серый слой, residual = в невязке): Pb-212 1008.0 (residual); всего 1008.0 отсч.
хвост в слоях (S175): нет
разнос сплайна (S76, мера S175 п. 7) относительно порога доверия 100 кэВ (канал 281): сплайн ниже 34356.2 / выше 6064.8 отсч., разнесено по слоям ниже 34356.2 / выше 4244
--- radon2_eq_a (код 0)
chi2/ndf 1.190, невязка модели 77.6 %, суммирование да
ROW	Ac-228	Single	7.038	Th-232	-
ROW	Tl-208	Single	6.617	Th-232	-
ROW	Pb-212	Single	5.201	Th-232	-
ROW	Bi-212	Single	0.808	Th-232	-
ROW	Ra-224	Single	0.385	Th-232	-
ROW	Th-228	Single	0.078	Th-232	-
ROW	Th-232	Single	0.009	Th-232	-
ROW	Rn-220	Single	0.007	Th-232	-
ROW	continuum	Nuisance	79.858	-	-
серый слой (S174): ниже порога доверия 42239.1 отсч., выше последней линии 0.0 отсч.; всего 42239.1 отсч. (79.858 % стека)
невязка (S174) от Min_Range (число строки отчёта): каналы 96..8190 (8095), измерение фита 22133.4, модель 36069.3, не описано 14464.1 (65.35 %), лишнее 28400.0 (128.31 %)
отвязанный хвост (в подложке → серый слой S174, AMBER30; UntiedTail пуст по построению): нет
--- radon2_eq_b (код 0)
chi2/ndf 1.190, невязка модели 77.6 %, суммирование да
ROW	Pb-212	Single	35.112	Th-232	-
ROW	Ac-228	Single	34.554	Th-232	-
ROW	Tl-208	Single	22.502	Th-232	-
ROW	Bi-212	Single	4.780	Th-232	-
ROW	Ra-224	Single	2.289	Th-232	-
ROW	Th-228	Single	0.644	Th-232	-
ROW	Th-232	Single	0.082	Th-232	-
ROW	Rn-220	Single	0.036	Th-232	-
серый слой: ниже пола разноса 0.0 отсч. (в приложении пола нет — S175), выше последней линии 0.0 отсч.; всего 0.0 отсч. (0.000 % стека)
невязка (S174) от Min_Range (число строки отчёта): каналы 96..8190 (8095), измерение фита 22133.4, модель 36069.3, не описано 14464.1 (65.35 %), лишнее 28400.0 (128.31 %)
отвязанный хвост (S175; layer = в слое и доле своего образа, continuum = в подложке → серый слой, residual = в невязке): Th-232 16012.3 (layer); всего 16012.3 отсч.
хвост в слоях (S175): Th-232 15.2, Ac-228 5431.9, Th-228 68.2, Ra-224 403.1, Rn-220 7.6, Po-216 0.1, Pb-212 5554.2, Bi-212 1280.9, Tl-208 3251.2; всего 16012.3 отсч., из 
разнос сплайна (S76, мера S175 п. 7) относительно порога доверия 100 кэВ (канал 281): сплайн ниже 26226.8 / выше 8210.3 отсч., разнесено по слоям ниже 26226.6 / выше 8210
--- radon2_eq_g (код 0)
⛔ ПОДСАДКА --tail-to-continuum (S175): хвосты образов переложены в подложку и разнесены по S76 — картинка a6f2b227 (до П68), числа этого прогона в журнал НЕ ГОДЯТСЯ
⛔ ПОДСАДКА --plant-grey-floor (S175): пол разноса на пороге доверия, сплайн ниже порога серым (п. 1 S174, П69) — картинка П70 (d5c94425), числа этого прогона в журнал НЕ 
chi2/ndf 1.190, невязка модели 77.6 %, суммирование да
ROW	Ac-228	Single	7.038	Th-232	-
ROW	Tl-208	Single	6.617	Th-232	-
ROW	Pb-212	Single	5.201	Th-232	-
ROW	Bi-212	Single	0.808	Th-232	-
ROW	Ra-224	Single	0.385	Th-232	-
ROW	Th-228	Single	0.078	Th-232	-
ROW	Th-232	Single	0.009	Th-232	-
ROW	Rn-220	Single	0.007	Th-232	-
ROW	continuum	Nuisance	79.858	-	-
серый слой: ниже пола разноса 42239.1 отсч. (в приложении пола нет — S175), выше последней линии 0.0 отсч.; всего 42239.1 отсч. (79.858 % стека)
невязка (S174) от Min_Range (число строки отчёта): каналы 96..8190 (8095), измерение фита 22133.4, модель 36069.3, не описано 14464.1 (65.35 %), лишнее 28400.0 (128.31 %)
отвязанный хвост (S175; layer = в слое и доле своего образа, continuum = в подложке → серый слой, residual = в невязке): Th-232 16012.3 (continuum); всего 16012.3 отсч.
хвост в слоях (S175): нет
разнос сплайна (S76, мера S175 п. 7) относительно порога доверия 100 кэВ (канал 281): сплайн ниже 42239.1 / выше 8210.3 отсч., разнесено по слоям ниже 0.0 / выше 8210.3 о
--- radon2_eq_c (код 0)
⛔ ПОДСАДКА --tail-to-continuum (S175): хвосты образов переложены в подложку и разнесены по S76 — картинка a6f2b227 (до П68), числа этого прогона в журнал НЕ ГОДЯТСЯ
chi2/ndf 1.190, невязка модели 77.6 %, суммирование да
ROW	Pb-212	Single	36.929	Th-232	-
ROW	Ac-228	Single	34.286	Th-232	-
ROW	Tl-208	Single	21.791	Th-232	-
ROW	Bi-212	Single	3.917	Th-232	-
ROW	Ra-224	Single	2.151	Th-232	-
ROW	Th-228	Single	0.797	Th-232	-
ROW	Th-232	Single	0.100	Th-232	-
ROW	Rn-220	Single	0.030	Th-232	-
серый слой: ниже пола разноса 0.0 отсч. (в приложении пола нет — S175), выше последней линии 0.0 отсч.; всего 0.0 отсч. (0.000 % стека)
невязка (S174) от Min_Range (число строки отчёта): каналы 96..8190 (8095), измерение фита 22133.4, модель 36069.3, не описано 14464.1 (65.35 %), лишнее 28400.0 (128.31 %)
отвязанный хвост (S175; layer = в слое и доле своего образа, continuum = в подложке → серый слой, residual = в невязке): Th-232 16012.3 (continuum); всего 16012.3 отсч.
хвост в слоях (S175): нет
разнос сплайна (S76, мера S175 п. 7) относительно порога доверия 100 кэВ (канал 281): сплайн ниже 42239.1 / выше 8210.3 отсч., разнесено по слоям ниже 42238.9 / выше 8210
--- radon2_free_a_zoom (код 0)
chi2/ndf 1.316, невязка модели 81.1 %, суммирование да
ROW	Pb-212	Single	24.825	-	-
ROW	Ra-224	Single	1.523	-	Pb-212
ROW	continuum	Nuisance	73.652	-	-
серый слой (S174): ниже порога доверия 35364.2 отсч., выше последней линии 1819.9 отсч.; всего 37184.0 отсч. (73.652 % стека)
невязка (S174) от Min_Range (число строки отчёта): каналы 96..8190 (8095), измерение фита 22133.4, модель 38797.8, не описано 12981.8 (58.65 %), лишнее 29646.2 (133.94 %)
отвязанный хвост (в подложке → серый слой S174, AMBER30; UntiedTail пуст по построению): нет
--- radon2_free_b_zoom (код 0)
chi2/ndf 1.316, невязка модели 81.1 %, суммирование да
ROW	Pb-212	Single	91.107	-	-
ROW	Ra-224	Single	5.288	-	Pb-212
ROW	continuum	Nuisance	3.605	-	-
серый слой: ниже пола разноса 0.0 отсч. (в приложении пола нет — S175), выше последней линии 1819.9 отсч.; всего 1819.9 отсч. (3.605 % стека)
невязка (S174) от Min_Range (число строки отчёта): каналы 96..8190 (8095), измерение фита 22133.4, модель 38797.8, не описано 12981.8 (58.65 %), лишнее 29646.2 (133.94 %)
отвязанный хвост (S175; layer = в слое и доле своего образа, continuum = в подложке → серый слой, residual = в невязке): Pb-212 1008.0 (layer); всего 1008.0 отсч.
хвост в слоях (S175): Pb-212 965.9, Ra-224 42.1; всего 1008.0 отсч., из них ниже пола разноса 0.0
разнос сплайна (S76, мера S175 п. 7) относительно порога доверия 100 кэВ (канал 281): сплайн ниже 34356.2 / выше 6064.8 отсч., разнесено по слоям ниже 34356.2 / выше 4244
--- as80_a (код 0)
chi2/ndf 14.115, невязка модели 21.3 %, суммирование да
ROW	Ac-228	Single	36.270	Th-232	-
ROW	Tl-208	Single	29.164	Th-232	-
ROW	Pb-212	Single	16.165	Th-232	-
ROW	Bi-212	Single	4.922	Th-232	-
ROW	Ra-224	Single	1.292	Th-232	-
ROW	Th-228	Single	0.179	Th-232	-
ROW	Rn-220	Single	0.040	Th-232	-
ROW	Th-232	Single	0.010	Th-232	-
ROW	continuum	Nuisance	11.959	-	-
серый слой (S174): ниже порога доверия 2933410.4 отсч., выше последней линии 0.0 отсч.; всего 2933410.4 отсч. (11.959 % стека)
невязка (S174) от Min_Range (число строки отчёта): каналы 117..8190 (8074), измерение фита 25197537.4, модель 24391073.4, не описано 2191555.7 (8.70 %), лишнее 1385091.7 
отвязанный хвост (в подложке → серый слой S174, AMBER30; UntiedTail пуст по построению): нет
--- as80_b (код 0)
chi2/ndf 14.115, невязка модели 21.3 %, суммирование да
ROW	Ac-228	Single	41.195	Th-232	-
ROW	Tl-208	Single	32.683	Th-232	-
ROW	Pb-212	Single	18.884	Th-232	-
ROW	Bi-212	Single	5.454	Th-232	-
ROW	Ra-224	Single	1.518	Th-232	-
ROW	Th-228	Single	0.209	Th-232	-
ROW	Rn-220	Single	0.045	Th-232	-
ROW	Th-232	Single	0.011	Th-232	-
серый слой: ниже пола разноса 0.0 отсч. (в приложении пола нет — S175), выше последней линии 0.0 отсч.; всего 0.0 отсч. (0.000 % стека)
невязка (S174) от Min_Range (число строки отчёта): каналы 117..8190 (8074), измерение фита 25197537.4, модель 24391073.4, не описано 2191555.7 (8.70 %), лишнее 1385091.7 
отвязанный хвост (S175; layer = в слое и доле своего образа, continuum = в подложке → серый слой, residual = в невязке): нет
хвост в слоях (S175): нет
разнос сплайна (S76, мера S175 п. 7) относительно порога доверия 100 кэВ (канал 301): сплайн ниже 2933410.4 / выше 8624228.4 отсч., разнесено по слоям ниже 2933388.4 / вы
dc_as80amb   ВСЕ СОШЛИСЬ
dc_cs          из баз, матрица нет, вылеты вкл: SE/DE есть                            !! False вместо True |   положительный контроль S141: гейт снят — двойной образ ПОЙМАН          !! False вместо True | НЕ СОШЛОСЬ: 8
dc_as80      ВСЕ СОШЛИСЬ
dc_radon2      DecayChainRoot: одинаковое число членов при равновесии и без           !! 16 вместо 10 |   DecayChainRoot: те же имена членов                                     !! Ac-228,Bi-212,Bi-214,Pb-210,Pb-212 | НЕ СОШЛОСЬ: 5
tie          ВСЕ СОШЛИСЬ
qrow         ВСЕ СОШЛИСЬ
split_as80   ИТОГ: всё сошлось
split_radon2 ИТОГ: всё сошлось
коды: cs_a=0 cs_b=0 cs_g=0 cs_c=0 cs_f=0 cs_r=0 cs_a_zoom=0 cs_b_zoom=0 cs_g_zoom=0 cs_f_zoom=0 cs_r_zoom=0 as80amb_a=0 as80amb_b=0 radon2_free_a=0 radon2_free_b=0 radon2_free_g=0 radon2_free_c=0 radon2_free_r=0 radon2_eq_a=0 radon2_eq_b=0 radon2_eq_g=0 radon2_eq_c=0 radon2_free_a_zoom=0 radon2_free_b_zoom=0 as80_a=0 as80_b=0 dc_as80amb=0 dc_cs=1 tie=0 qrow=0 dc_as80=0 dc_radon2=1 split_as80=0 split_radon2=0
⚠ НЕ НУЛЕВЫЕ: dc_cs=1 dc_radon2=1
