=== МАЛАЯ БАЗА ===
  спектров 59 (понятных 43, непонятных 16), сцен 6: AS80_lu_front, AS80_point0, AS80_th_disk, ASN16_lu_side, G1S_point25, G1S_point5
  ⛔ числа частей НЕ складывать; с полным корпусом НЕ сравнивать


=== СТОРОЖ ОСНАСТКИ (T63) ===
  оснастка : C:\Users\moroz\bqp30\tools\CORPUS\scripts\wd_p30
  сборка   : C:\Users\moroz\bqp30\BecquerelMonitor\bin\Release_P30
  пробы    : C:\Users\moroz\bqp30\tools\effmaker\probes\build_p30
  собрана  : 2026-09-12 21:28:57 из C:\Users\moroz\bqp30\BecquerelMonitor\bin\Release_P30
  наборы   : приложение 5b105e3f3d73 (548 файлов), пробы 14ec61ae8cf0 (185)
  сверено  : 468 файлов по sha256 за 3.46 с
  библиотека: в оснастке корпуса НЕТ по правилу AMBER19 — состав из manifest.csv, линии из nucdb/matdb
  перекладка: клейма склада и оснастки сошлись
  ОСНАСТКА СВЕЖАЯ: 468 файлов сошлись

запуск: CorpusFsaProbe.exe --corpus=C:\Users\moroz\bqp30\tools\CORPUS\corpus --out=C:\Users\moroz\bqp30\tools\pie\out_p30_mini_beta0.1 --only=ASN16_Th232,ASN16_Charoite,ASN16_UGlass,ASN16_Granite,AS80_Th232_v2,AS80_UGlass,AS80_Charoite,ASN16_Charoite_v2,ASN16_Th232_Am241,ASN16_Am241,ASN16_Cs137,ASN16_Cs137_10cm,ASN16_BrazilNuts,AS80_Th232Medal,AS80_Onyx,AS80_K40,AS80_Th232WT20,AS80_Cs137_0cm,ASN16_Lu176,ASN16_Lu176_P0,AS80_Lu176,G1S16_Am241_P25,G1S16_Ba133_P25,G1S16_Cd109_P25,G1S16_Ce139_P25,G1S16_Co60_P25,G1S16_Cs137_P25,G1S16_Eu152_P25,G1S16_Mn54_P25,G1S16_Na22_P25,G1S16_Th228_P25,G1S16_Y88_P25,G1S16_Am241_P5,G1S16_Ba133_P5,G1S16_Cd109_P5,G1S16_Ce139_P5,G1S16_Co57_P5,G1S16_Co60_P5,G1S16_Cs137_P5,G1S16_Eu152_P5,G1S16_Mn54_P5,G1S16_Na22_P5,G1S16_Th228_P5,G1S16_Y88_P5,G1S24_Cs137_P25,G1S24_Na22_P25,G1S24_Th228_P25,G1S24_Y88_P25,G1S24_Am241_P5,G1S24_Ba133_P5,G1S24_Bi207_P5,G1S24_Cd109_P5,G1S24_Co60_P5,G1S24_Cs137_P5,G1S24_Eu152_P5,G1S24_Na22_P5,G1S24_Th228_P5,G1S24_Y88_P5,G1S24_Zn65_P5 --beta=0.1
гейт библиотеки (AMBER19): поставочного config\NuclideDefinition.xml в каталоге прогона НЕТ — проверено: C:\Users\moroz\bqp30\tools\CORPUS\scripts\wd_p30\config\NuclideDefinition.xml
BecqMoni: main config: C:\Users\moroz\bqp30\tools\CORPUS\scripts\wd_p30\config\BecquerelMonitor.xml
BecqMoni: device configs: C:\Users\moroz\bqp30\tools\CORPUS\scripts\wd_p30\config\device: 24 loaded
корпус: C:\Users\moroz\bqp30\tools\CORPUS\corpus
спектров под отбор: 59 (часть: all, режим: spline)
библиотека: --lib=sample — состав из manifest.csv, линии из nucdb/matdb; поставочный config\NuclideDefinition.xml в РАЗБОРЕ НЕ УЧАСТВУЕТ: проба его не читает и спектру не предъявляет (правило Amber 01.09.2026); гейт AMBER19 (12.09.2026): файл в каталоге прогона или подъём NuclideDefinitionManager — отказ кодом 12
матрица по спектру, суммирование вкл, наложения вкл, рассеяние вкл, вылеты вкл, фон вычитается, если есть
библиотека: ПО ОБЪЯВЛЕННОЙ ПРОБЕ (S56, manifest.csv + materials.csv); атомные образы вкл, равновесие ряда вкл, заслон сведения кристалла снят
⚠ мерки сменили смысл: recall и фантомы считаются относительно ПРЕДЪЯВЛЕННОГО списка — с прежней базой напрямую не сравнивать
изомеры по sandia_symbol: вкл
время жизни уровня: ВЕРОЯТНОСТНО (A289, умолчание)
атомные партнёры каскада: рентген вкл, аннигиляция вкл; окно совпадения 1.000E-006 с (умолчание)
сетка дрейфа: ноль ±8.00 кэВ, узлов 1 (один узел, дрейф не ищется); усиление ±2.00 %, узлов 1 (один узел, дрейф не ищется)
полоса ОБОИХ концов: анализатор LibraryToFitByCurve/10.00 кэВ, библиотека LibraryToFitByCurve/10.00 кэВ — СОШЛИСЬ
доля пола по кривой: 1.000 % (поставочная)
пол ПОЛОСЫ ФИТА: выключен (поставочный) — фит от нулевого канала, как было
SETUP	против поставочного разбора изменено: NoiseBeta 0 → 0.1

ASN16_Th232            ASN16      unknown  ОШИБКА: нет геометрии — разбора не было (A277: кристалл описывается в редакторе геометрии у кривой эффективности)
ASN16_Charoite         ASN16      unknown  ОШИБКА: нет геометрии — разбора не было (A277: кристалл описывается в редакторе геометрии у кривой эффективности)
ASN16_UGlass           ASN16      unknown  ОШИБКА: нет геометрии — разбора не было (A277: кристалл описывается в редакторе геометрии у кривой эффективности)
ASN16_Granite          ASN16      unknown  ОШИБКА: нет геометрии — разбора не было (A277: кристалл описывается в редакторе геометрии у кривой эффективности)
AS80_Th232_v2          AS80x80    unknown  ОШИБКА: нет геометрии — разбора не было (A277: кристалл описывается в редакторе геометрии у кривой эффективности)
AS80_UGlass            AS80x80    unknown  ОШИБКА: нет геометрии — разбора не было (A277: кристалл описывается в редакторе геометрии у кривой эффективности)
AS80_Charoite          AS80x80    unknown  ОШИБКА: нет геометрии — разбора не было (A277: кристалл описывается в редакторе геометрии у кривой эффективности)
ASN16_Charoite_v2      ASN16      unknown  ОШИБКА: нет геометрии — разбора не было (A277: кристалл описывается в редакторе геометрии у кривой эффективности)
ASN16_Th232_Am241      ASN16      unknown  ОШИБКА: нет геометрии — разбора не было (A277: кристалл описывается в редакторе геометрии у кривой эффективности)
ASN16_Am241            ASN16      unknown  ОШИБКА: нет геометрии — разбора не было (A277: кристалл описывается в редакторе геометрии у кривой эффективности)
полоса ПЕРВОГО разбора (ASN16_Cs137): полоса сведена ПОЛОМ ПО КРИВОЙ 16.0 кэВ (1.0 % от максимума, Min_Range 30.0), фит на всём спектре (умолчание); фит 0…8190 (-6.5…3345.1 кэВ)
ASN16_Cs137            ASN16      unknown  chi2/ndf   31.591  σ× 5.621  пиков  13  комп.  3  матрица: файла нет                                               227 мс
ASN16_Cs137_10cm       ASN16      unknown  ОШИБКА: нет геометрии — разбора не было (A277: кристалл описывается в редакторе геометрии у кривой эффективности)
ASN16_BrazilNuts       ASN16      unknown  ОШИБКА: нет геометрии — разбора не было (A277: кристалл описывается в редакторе геометрии у кривой эффективности)
AS80_Th232Medal        AS80x80    known    chi2/ndf    7.818  σ× 2.796  пиков  21  комп. 14  матрица: НАЙДЕНА, применена                                     1858 мс
AS80_Onyx              AS80x80    unknown  ОШИБКА: нет геометрии — разбора не было (A277: кристалл описывается в редакторе геометрии у кривой эффективности)
AS80_K40               AS80x80    unknown  ОШИБКА: нет геометрии — разбора не было (A277: кристалл описывается в редакторе геометрии у кривой эффективности)
AS80_Th232WT20         AS80x80    unknown  chi2/ndf    8.442  σ× 2.905  пиков  19  комп. 12  матрица: файла нет                                               163 мс
AS80_Cs137_0cm         AS80x80    known    chi2/ndf    2.975  σ× 1.725  пиков  11  комп.  2  матрица: НАЙДЕНА, применена                                      289 мс
ASN16_Lu176            ASN16      known    chi2/ndf    3.753  σ× 1.937  пиков  11  комп.  4  матрица: НАЙДЕНА, применена                                      339 мс
ASN16_Lu176_P0         ASN16      known    chi2/ndf    0.434  σ× 1.000  пиков   5  комп.  4  матрица: НАЙДЕНА, применена                                      355 мс
AS80_Lu176             AS80x80    known    chi2/ndf    1.428  σ× 1.195  пиков  11  комп.  4  матрица: НАЙДЕНА, применена                                      417 мс
G1S16_Am241_P25        G1S16      known    chi2/ndf    1.431  σ× 1.196  пиков   2  комп.  3  матрица: НАЙДЕНА, применена                                       42 мс
G1S16_Ba133_P25        G1S16      known    chi2/ndf    2.193  σ× 1.481  пиков  10  комп.  3  матрица: НАЙДЕНА, применена                                       91 мс
G1S16_Cd109_P25        G1S16      known    chi2/ndf    1.082  σ× 1.040  пиков   5  комп.  3  матрица: НАЙДЕНА, применена                                       61 мс
G1S16_Ce139_P25        G1S16      known    chi2/ndf    0.957  σ× 1.000  пиков   8  комп.  3  матрица: НАЙДЕНА, применена                                       64 мс
G1S16_Co60_P25         G1S16      known    chi2/ndf    1.544  σ× 1.243  пиков   6  комп.  7  матрица: НАЙДЕНА, применена                                      121 мс
G1S16_Cs137_P25        G1S16      known    chi2/ndf    1.918  σ× 1.385  пиков   8  комп.  2  матрица: НАЙДЕНА, применена                                       55 мс
G1S16_Eu152_P25        G1S16      known    chi2/ndf    2.570  σ× 1.603  пиков  14  комп. 10  матрица: НАЙДЕНА, применена                                      407 мс
G1S16_Mn54_P25         G1S16      known    chi2/ndf    1.356  σ× 1.165  пиков   7  комп.  2  матрица: НАЙДЕНА, применена                                       81 мс
G1S16_Na22_P25         G1S16      known    chi2/ndf    3.827  σ× 1.956  пиков   9  комп.  5  матрица: НАЙДЕНА, применена                                      121 мс
G1S16_Th228_P25        G1S16      known    chi2/ndf    0.874  σ× 1.000  пиков  12  комп.  8  матрица: НАЙДЕНА, применена                                      175 мс
G1S16_Y88_P25          G1S16      known    chi2/ndf    0.826  σ× 1.000  пиков   9  комп.  5  матрица: НАЙДЕНА, применена                                      127 мс
G1S16_Am241_P5         G1S16      known    chi2/ndf    2.267  σ× 1.506  пиков   3  комп.  3  матрица: НАЙДЕНА, применена                                       44 мс
G1S16_Ba133_P5         G1S16      known    chi2/ndf   10.826  σ× 3.290  пиков   9  комп.  3  матрица: НАЙДЕНА, применена                                       78 мс
G1S16_Cd109_P5         G1S16      known    chi2/ndf    2.948  σ× 1.717  пиков   3  комп.  3  матрица: НАЙДЕНА, применена                                       33 мс
G1S16_Ce139_P5         G1S16      known    chi2/ndf    3.008  σ× 1.734  пиков   6  комп.  3  матрица: НАЙДЕНА, применена                                       45 мс
G1S16_Co57_P5          G1S16      known    chi2/ndf    0.945  σ× 1.000  пиков   3  комп.  3  матрица: НАЙДЕНА, применена                                       78 мс
G1S16_Co60_P5          G1S16      known    chi2/ndf    9.182  σ× 3.030  пиков   9  комп.  7  матрица: НАЙДЕНА, применена                                      109 мс
G1S16_Cs137_P5         G1S16      known    chi2/ndf    8.022  σ× 2.832  пиков   5  комп.  2  матрица: НАЙДЕНА, применена                                       55 мс
G1S16_Eu152_P5         G1S16      known    chi2/ndf   12.207  σ× 3.494  пиков  14  комп. 10  матрица: НАЙДЕНА, применена                                      395 мс
G1S16_Mn54_P5          G1S16      known    chi2/ndf    3.203  σ× 1.790  пиков   6  комп.  2  матрица: НАЙДЕНА, применена                                       67 мс
G1S16_Na22_P5          G1S16      known    chi2/ndf   12.085  σ× 3.476  пиков  11  комп.  5  матрица: НАЙДЕНА, применена                                       84 мс
G1S16_Th228_P5         G1S16      known    chi2/ndf    4.302  σ× 2.074  пиков  14  комп.  8  матрица: НАЙДЕНА, применена                                      174 мс
G1S16_Y88_P5           G1S16      known    chi2/ndf    1.307  σ× 1.143  пиков   6  комп.  5  матрица: НАЙДЕНА, применена                                      125 мс
G1S24_Cs137_P25        G1S24      known    chi2/ndf    3.415  σ× 1.848  пиков   8  комп.  2  матрица: НАЙДЕНА, применена                                       49 мс
G1S24_Na22_P25         G1S24      known    chi2/ndf    5.731  σ× 2.394  пиков  11  комп.  5  матрица: НАЙДЕНА, применена                                       80 мс
G1S24_Th228_P25        G1S24      known    chi2/ndf    2.951  σ× 1.718  пиков  15  комп.  8  матрица: НАЙДЕНА, применена                                      160 мс
G1S24_Y88_P25          G1S24      known    chi2/ndf    1.753  σ× 1.324  пиков  10  комп.  5  матрица: НАЙДЕНА, применена                                      112 мс
G1S24_Am241_P5         G1S24      known    chi2/ndf    6.635  σ× 2.576  пиков   4  комп.  3  матрица: НАЙДЕНА, применена                                       34 мс
G1S24_Ba133_P5         G1S24      known    chi2/ndf   16.855  σ× 4.105  пиков   9  комп.  3  матрица: НАЙДЕНА, применена                                       70 мс
G1S24_Bi207_P5         G1S24      known    chi2/ndf   20.191  σ× 4.493  пиков  12  комп.  8  матрица: НАЙДЕНА, применена                                      128 мс
G1S24_Cd109_P5         G1S24      known    chi2/ndf    2.259  σ× 1.503  пиков   3  комп.  3  матрица: НАЙДЕНА, применена                                       38 мс
G1S24_Co60_P5          G1S24      known    chi2/ndf   11.244  σ× 3.353  пиков  12  комп.  7  матрица: НАЙДЕНА, применена                                       85 мс
G1S24_Cs137_P5         G1S24      known    chi2/ndf   12.451  σ× 3.529  пиков   7  комп.  2  матрица: НАЙДЕНА, применена                                       42 мс
G1S24_Eu152_P5         G1S24      known    chi2/ndf   28.953  σ× 5.381  пиков  13  комп. 10  матрица: НАЙДЕНА, применена                                      357 мс
G1S24_Na22_P5          G1S24      known    chi2/ndf   33.326  σ× 5.773  пиков  13  комп.  5  матрица: НАЙДЕНА, применена                                       77 мс
G1S24_Th228_P5         G1S24      known    chi2/ndf   20.338  σ× 4.510  пиков  17  комп.  8  матрица: НАЙДЕНА, применена                                      173 мс
G1S24_Y88_P5           G1S24      known    chi2/ndf    7.949  σ× 2.819  пиков  11  комп.  5  матрица: НАЙДЕНА, применена                                      102 мс
G1S24_Zn65_P5          G1S24      known    chi2/ndf    1.031  σ× 1.015  пиков   5  комп.  3  матрица: НАЙДЕНА, применена                                      100 мс
гейт библиотеки (AMBER19): NuclideDefinitionManager за прогон не поднимался (обращений 0)

записано групп: 4 -> C:\Users\moroz\bqp30\tools\pie\out_p30_mini_beta0.1

=== итог по частям корпуса (9 с на часах, 9 с ЦП) ===
часть      спектров  найдена   примен.   sum chi2    медиана   ошибок  кр.усил  кр.ноль
known            43       43        43      280.4       3.01        0        0        0
           привязка шкалы (AMBER17): с опорами 43, без опор 0; крупнейшие сдвиги: G1S16_Am241_P5 (1 оп., усил. -13.56 %, ноль +0.00 кэВ); G1S16_Am241_P25 (1 оп., усил. -12.96 %, ноль +0.00 кэВ); G1S24_Am241_P5 (1 оп., усил. -10.81 %, ноль +0.00 кэВ); G1S24_Th228_P5 (7 оп., усил. +1.92 %, ноль -6.21 кэВ); G1S24_Th228_P25 (6 оп., усил. +0.60 %, ноль -4.40 кэВ)
           положение по свету (F11 в): ключ (умолчание анализатора), форма line; со светом CsI:Tl 2, NaI:Tl 41; без кривой 0
           нуль шкалы образа (S169): ключ (умолчание анализатора); карта adc включилась у 43 из 43 (нуль по съёмке 22, по прибору 21; заказана и не включилась 0)
           образ наложений по свету (S107): ключ (умолчание анализатора); формой по свету CsI:Tl 2, NaI:Tl 41 из 43
unknown          16        0         0       40.0      20.02       14        0        0
           ⛔ БЕЗ ГЕОМЕТРИИ — РАЗБОРА НЕ БЫЛО (гейт A277): 14 из 16 — AS80_Charoite, AS80_K40, AS80_Onyx, AS80_Th232_v2, AS80_UGlass, ASN16_Am241, ASN16_BrazilNuts, ASN16_Charoite, ASN16_Charoite_v2, ASN16_Cs137_10cm, ASN16_Granite, ASN16_Th232, ASN16_Th232_Am241, ASN16_UGlass
           ⛔ БЕЗ МАТРИЦЫ (файла нет либо отпечаток не сошёлся): 2 — узел кривой у них ЕСТЬ, а матрицы под него нет, и считались они из одних пиков
           привязка шкалы (AMBER17): с опорами 0, без опор 2
           образ наложений по свету (S107): ключ (умолчание анализатора); формой по свету energy 2 из 2

отсев по значимости (~~`T240`~~): ПРИМЕНЁН у 42, отключился сам (порог выше значимости ВСЕХ судимых) у 0, выбрасывать было некого у 3, не заказан у 14
  наибольшая значимость первого прохода: от 0.00 до 719.60 — с ней и сличается доля `RefitZRelative`
  наименьшие вершины среди судимых: G1S16_Y88_P25 44.81, G1S16_Ce139_P25 51.24, G1S24_Cd109_P5 54.05, G1S16_Co57_P5 59.33, G1S16_Cd109_P25 65.63
  доля вершины связала порог (ниже абсолютного) у 0

ПРИМЕЧАНИЯ БАЗЫ КАСКАДОВ: 1 — работа при них ШЛА, это не отказ
    22NA: нет ω_K для Z=10; 
отказов базы каскадов НЕ БЫЛО

⚠ числа каждой строки принадлежат ТОЛЬКО своей части корпуса;
  «понятная» считана с матрицей отклика, «непонятная» — из одних пиков.
Фантомы и recall — C:\Users\moroz\bqp30\tools\pie\out_p30_mini_beta0.1\..\score.py по этим же файлам:
  python tools/pie/score.py --mode=spline --out-dir=C:\Users\moroz\bqp30\tools\pie\out_p30_mini_beta0.1 --part=all

ПРОГОН МАЛОЙ БАЗЫ: 13.1 с

=== score.py --part=known ===
детектор   спектров     recall   фантомов   подавлен
AS80x80           3       100%          0          0
ASN16             2       100%          0          0
G1S16            23       100%          0          0
G1S24            15       100%          0          0
итого            43       100%          0          0  (+0 комнатных)  часть: known
       ПРОМАХОВ 0: не найдено 0, ниже предела обнаружения 0 (доля >= 0.30%, но z < 4.0) (A279)
       СОСТАВА НЕТ ВОВСЕ у 0 из 43: сумма нуклидных долей ноль, спектр объяснён приборным образом (T118)
                 43  sum chi2/ndf 280.4   медиана 3.01
                 43  model residual медиана 15.5 %   кварт. 9.3 .. 23.9 %

=== score.py --part=unknown ===
ASN16_UGlass           U-235+U-238                  -                                  НЕТ РЕЗУЛЬТАТА (ERROR в runs.csv) — весь спектр в промах

детектор   спектров     recall   фантомов   подавлен
AS80x80           6        10%          0          0
ASN16            10         5%          0          0
итого            16         7%          0          0  (+0 комнатных)  часть: unknown
       ПРОМАХОВ 27: не найдено 27, ниже предела обнаружения 0 (доля >= 0.30%, но z < 4.0) (A279)
       СОСТАВА НЕТ ВОВСЕ у 0 из 16: сумма нуклидных долей ноль, спектр объяснён приборным образом (T118)
                  2  sum chi2/ndf 40.0   медиана 20.02
                  2  model residual медиана 21.9 %   кварт. 21.9 .. 43.4 %
