
D:\BqMoni_Claude\p71\store\G1S_point5.in:46:[7mpdistance[0m = 5.7 cm
Матрицы отклика понятной части корпуса (B1)
сетка: 140 узлов 5-3000 кэВ, бин 2 кэВ, 3000000 историй на узел
останов по шуму ВЫКЛЮЧЕН — плоский счёт (T35)

== G1S_point5 ==
   клеймо   : phys=18;1f10e3d70aaa86de58fdd994099cb0400f26e7e92ed12f13bd287557afb74226
   время    : 507.2 с на часах, ядер 9.0 из 12
   счёт     : 4586.7 с ЦП, 10.92 мкс на историю  <- сравнивать надо ЭТО
   сетка κ  : 200000 точек по 2 истории — в «мкс на историю» НЕ входят (замер узлов — с --jnodes=0)
   обход    : на историю 9.3 шага границ, 10.5 поиска области, 5.1 интерполяции μ, 2.95 сбора пересечений
   шум конт.: взвешенная 1.48 %  тихо
   файл     : D:\BqMoni_Claude\p71\store\G1S_point5.rmx (0.6 МБ)

матриц: 1 — посчитано 1, пропущено 0 (клеймо сошлось); всего 8.5 мин
ВСЕ СОШЛИСЬ
matrix code 0 (508 s)
куда: D:\BqMoni_Claude\p71\store\response
геометрий в index.csv с guid: 46
подменено матриц: 1
⚠ не нашлось в источнике: 45
   AS80_lu_front
   AS80_point0
   AS80_th_disk
   ASN16_lu_side
   G1S_denta100_oisn10_100_p16
   G1S_denta100_risn379_100_p16
   G1S_denta120_oisn06_057_p24
   G1S_denta120_oisn06_062_p24
   G1S_denta120_oisn06_064_p24
   G1S_denta120_oisn06_066_p24
   G1S_denta120_oisn16_155_p24
   G1S_denta120_oisn16_160_p24
   G1S_denta120_oisn16_166_p24
   G1S_denta120_oisn16_167_p24
   G1S_mar1l_coal_046_p24
   G1S_mar1l_oisn06_055_p16
   G1S_mar1l_oisn06_057_p16
   G1S_mar1l_oisn06_057_p24
   G1S_mar1l_oisn06_062_p16
   G1S_mar1l_oisn06_062_p24
   G1S_mar1l_oisn06_064_p24
   G1S_mar1l_oisn06_066_p16
   G1S_mar1l_oisn06_066_p24
   G1S_mar1l_oisn16_155_p16
   G1S_mar1l_oisn16_155_p24
   G1S_mar1l_oisn16_160_p16
   G1S_mar1l_oisn16_160_p24
   G1S_mar1l_oisn16_166_p16
   G1S_mar1l_oisn16_166_p24
   G1S_mar1l_oisn16_167_p16
   G1S_mar1l_oisn16_167_p24
   G1S_mar1l_risn379_100_p16
   G1S_petri60_oisn06_057_p24
   G1S_petri60_oisn06_062_p24
   G1S_petri60_oisn06_064_p24
   G1S_petri60_oisn06_067_p24
   G1S_petri60_oisn10_100_p16
   G1S_petri60_oisn16_155_p24
   G1S_petri60_oisn16_160_p24
   G1S_petri60_oisn16_167_p24
   G1S_petri60_risn379_100_p16
   G1S_point25
   RC103_lu_front
   RC103_marinelli05_kcl
   RC103_point0
mx_swap code 0
AngularQkProbe (N14): склад D:\BqMoni_Claude\p71\store
узлов 24 (30.0…3000.0 кэВ, log), историй на узел 300000, потоков 12, зерно 0

=== G1S_point5: G1S_point5: кристалл Sodium iodide цилиндр 63.00x63.00 мм, ро 3.667; источник — точка, 57.0 мм, Air, dry; матрица phys=18;1f10e3d70aaa86de58fdd994099cb0400f26e7e92ed12f13bd287557afb74226
контроль подсмотра (узел 30.0 кэВ, зерно узла): штатный Efficiency = 0.030234078010889096, мой обход = 0.030234078010889096 — ДО БИТА
   E, кэВ        ε_пика        Q2     ±       Q4     ±   |   ε_полн(взвеш.)     Q2T     ±      Q4T     ±
       30.0      0.030234   0.8385 0.0002   0.5290 0.0005   |       0.030793   0.8379 0.0002   0.5275 0.0005
       36.7      0.030314   0.8376 0.0002   0.5268 0.0006   |       0.039753   0.8359 0.0002   0.5226 0.0005
       44.8      0.036169   0.8379 0.0002   0.5274 0.0006   |       0.045599   0.8359 0.0002   0.5225 0.0005
       54.7      0.040468   0.8380 0.0002   0.5275 0.0006   |       0.048992   0.8359 0.0002   0.5223 0.0005
       66.8      0.043334   0.8387 0.0002   0.5294 0.0006   |       0.050654   0.8365 0.0002   0.5239 0.0005
       81.6      0.045277   0.8403 0.0002   0.5333 0.0006   |       0.051508   0.8379 0.0002   0.5275 0.0005
       99.7       0.04602   0.8428 0.0002   0.5397 0.0005   |        0.05143   0.8402 0.0002   0.5333 0.0005
      121.8      0.045525   0.8467 0.0002   0.5497 0.0005   |       0.050478   0.8436 0.0002   0.5420 0.0005
      148.9      0.044097   0.8520 0.0002   0.5636 0.0005   |       0.048971   0.8481 0.0002   0.5537 0.0005
      181.9      0.041367   0.8593 0.0002   0.5829 0.0005   |       0.046599   0.8541 0.0002   0.5693 0.0005
      222.2      0.037724   0.8676 0.0002   0.6053 0.0006   |       0.043821   0.8605 0.0002   0.5866 0.0005
      271.4      0.033197   0.8760 0.0002   0.6284 0.0006   |       0.040783   0.8664 0.0002   0.6028 0.0005
      331.6      0.028387   0.8824 0.0002   0.6463 0.0006   |       0.037784   0.8713 0.0002   0.6162 0.0006
      405.1      0.023629   0.8882 0.0002   0.6625 0.0007   |       0.035047   0.8750 0.0002   0.6264 0.0006
      494.9      0.019312   0.8916 0.0003   0.6718 0.0007   |       0.032649   0.8773 0.0002   0.6326 0.0006
      604.6      0.015833   0.8944 0.0003   0.6796 0.0008   |       0.030402   0.8792 0.0002   0.6379 0.0006
      738.6      0.013024   0.8972 0.0003   0.6876 0.0009   |       0.028578   0.8814 0.0002   0.6440 0.0006
      902.4      0.010669   0.8991 0.0003   0.6928 0.0010   |       0.026752   0.8828 0.0002   0.6477 0.0006
     1102.4     0.0088063   0.9022 0.0004   0.7016 0.0010   |       0.025057   0.8842 0.0002   0.6518 0.0007
     1346.8     0.0073088   0.9033 0.0004   0.7047 0.0011   |       0.023439   0.8851 0.0002   0.6542 0.0007
     1645.3     0.0059735   0.9047 0.0004   0.7088 0.0012   |       0.021942   0.8863 0.0002   0.6575 0.0007
     2010.1     0.0049447   0.9069 0.0005   0.7151 0.0014   |       0.020918   0.8873 0.0003   0.6601 0.0007
     2455.6     0.0040447   0.9085 0.0005   0.7197 0.0015   |       0.019853   0.8879 0.0003   0.6619 0.0007
     3000.0     0.0033545   0.9118 0.0005   0.7290 0.0016   |       0.019217   0.8884 0.0003   0.6633 0.0007
наибольший шум Q_k по узлам: 0.0016; посчитано за 11.4 с
геометрический предел (чёрный диск R = 31.5 мм на d = 57.0 мм, без глубины и боковых входов): Q2 = 0.8206, Q4 = 0.4847; у самого низкого узла посчитано Q2 = 0.8385, Q4 = 0.5290
сайдкар: D:\BqMoni_Claude\p71\store\G1S_point5.qk — записан и прочитан обратно


все сцены посчитаны, контроль сошёлся
qk code 0 (519 s)

[32;1mFullName : [0mD:\BqMoni_Claude\p71\store\response
[32;1mLength   : [0m


[32;1mFullName : [0mD:\BqMoni_Claude\p71\store\G1S_point5.in
[32;1mLength   : [0m7860


[32;1mFullName : [0mD:\BqMoni_Claude\p71\store\G1S_point5.qk
[32;1mLength   : [0m2714


[32;1mFullName : [0mD:\BqMoni_Claude\p71\store\G1S_point5.rmx
[32;1mLength   : [0m622586


[32;1mFullName : [0mD:\BqMoni_Claude\p71\store\response\a1438401-8aeb-009d-edc5-210a2a14ecdd.rmx
[32;1mLength   : [0m622586

DONE

