[g4cf] WARNING: key "vacuum" NOT given - the arbiter world is AIR.
RESULT decays=4000000
RESULT any=486192 eps_total=1.215480e-01
RESULT window=583.187 counts=214743 eps=5.368575e-02
HISTBEGIN bins=584 bin_kev=1.000000 decays=4000000
HIST 0 132
HIST 1 408
HIST 2 430
HIST 3 448
HIST 4 476
HIST 5 558
HIST 6 564
HIST 7 529
HIST 8 504
HIST 9 511
HIST 10 501
HIST 11 483
HIST 12 496
HIST 13 500
HIST 14 511
HIST 15 479
HIST 16 487
HIST 17 475
HIST 18 469
HIST 19 483
HIST 20 495
HIST 21 453
HIST 22 495
HIST 23 484
HIST 24 510
HIST 25 523
HIST 26 523
HIST 27 511
HIST 28 474
HIST 29 495
HIST 30 468
HIST 31 494
HIST 32 763
HIST 33 779
HIST 34 465
HIST 35 464
HIST 36 555
HIST 37 508
HIST 38 519
HIST 39 481
HIST 40 488
HIST 41 446
HIST 42 447
HIST 43 454
HIST 44 491
HIST 45 507
HIST 46 511
HIST 47 543
HIST 48 493
HIST 49 491
HIST 50 500
HIST 51 462
HIST 52 477
HIST 53 442
HIST 54 471
HIST 55 451
HIST 56 468
HIST 57 486
HIST 58 478
HIST 59 482
HIST 60 451
HIST 61 503
HIST 62 560
HIST 63 485
HIST 64 461
HIST 65 562
HIST 66 473
HIST 67 482
HIST 68 463
HIST 69 462
HIST 70 482
HIST 71 464
HIST 72 502
HIST 73 462
HIST 74 482
HIST 75 497
HIST 76 446
HIST 77 519
HIST 78 487
HIST 79 490
HIST 80 478
HIST 81 475
HIST 82 492
HIST 83 459
HIST 84 487
HIST 85 512
HIST 86 489
HIST 87 489
HIST 88 510
HIST 89 513
HIST 90 1825
HIST 91 507
HIST 92 510
HIST 93 522
HIST 94 2828
HIST 95 443
HIST 96 465
HIST 97 446
HIST 98 492
HIST 99 487
HIST 100 475
HIST 101 526
HIST 102 476
HIST 103 447
HIST 104 486
HIST 105 877
HIST 106 1167
HIST 107 520
HIST 108 472
HIST 109 736
HIST 110 589
HIST 111 486
HIST 112 514
HIST 113 503
HIST 114 510
HIST 115 504
HIST 116 527
HIST 117 476
HIST 118 467
HIST 119 515
HIST 120 464
HIST 121 455
HIST 122 465
HIST 123 527
HIST 124 517
HIST 125 508
HIST 126 479
HIST 127 495
HIST 128 532
HIST 129 521
HIST 130 506
HIST 131 518
HIST 132 548
HIST 133 548
HIST 134 535
HIST 135 502
HIST 136 525
HIST 137 495
HIST 138 518
HIST 139 513
HIST 140 505
HIST 141 510
HIST 142 467
HIST 143 522
HIST 144 514
HIST 145 493
HIST 146 545
HIST 147 509
HIST 148 523
HIST 149 557
HIST 150 520
HIST 151 543
HIST 152 512
HIST 153 530
HIST 154 497
HIST 155 548
HIST 156 572
HIST 157 531
HIST 158 509
HIST 159 525
HIST 160 527
HIST 161 493
HIST 162 586
HIST 163 532
HIST 164 511
HIST 165 540
HIST 166 545
HIST 167 550
HIST 168 529
HIST 169 528
HIST 170 499
HIST 171 567
HIST 172 537
HIST 173 617
HIST 174 546
HIST 175 520
HIST 176 594
HIST 177 589
HIST 178 665
HIST 179 724
HIST 180 702
HIST 181 703
HIST 182 703
HIST 183 734
HIST 184 696
HIST 185 699
HIST 186 707
HIST 187 744
HIST 188 725
HIST 189 753
HIST 190 748
HIST 191 740
HIST 192 769
HIST 193 739
HIST 194 725
HIST 195 724
HIST 196 717
HIST 197 806
HIST 198 776
HIST 199 783
HIST 200 771
HIST 201 779
HIST 202 746
HIST 203 807
HIST 204 760
HIST 205 770
HIST 206 811
HIST 207 798
HIST 208 784
HIST 209 809
HIST 210 810
HIST 211 786
HIST 212 751
HIST 213 746
HIST 214 743
HIST 215 752
HIST 216 840
HIST 217 769
HIST 218 785
HIST 219 766
HIST 220 780
HIST 221 809
HIST 222 754
HIST 223 752
HIST 224 758
HIST 225 830
HIST 226 712
HIST 227 753
HIST 228 789
HIST 229 810
HIST 230 725
HIST 231 741
HIST 232 794
HIST 233 763
HIST 234 745
HIST 235 742
HIST 236 744
HIST 237 713
HIST 238 742
HIST 239 699
HIST 240 747
HIST 241 733
HIST 242 718
HIST 243 744
HIST 244 761
HIST 245 768
HIST 246 754
HIST 247 690
HIST 248 692
HIST 249 717
HIST 250 703
HIST 251 742
HIST 252 696
HIST 253 740
HIST 254 713
HIST 255 690
HIST 256 679
HIST 257 691
HIST 258 725
HIST 259 711
HIST 260 671
HIST 261 699
HIST 262 700
HIST 263 743
HIST 264 671
HIST 265 672
HIST 266 668
HIST 267 668
HIST 268 703
HIST 269 663
HIST 270 629
HIST 271 657
HIST 272 674
HIST 273 662
HIST 274 629
HIST 275 675
HIST 276 644
HIST 277 606
HIST 278 649
HIST 279 647
HIST 280 646
HIST 281 634
HIST 282 649
HIST 283 629
HIST 284 642
HIST 285 634
HIST 286 646
HIST 287 635
HIST 288 618
HIST 289 626
HIST 290 645
HIST 291 642
HIST 292 581
HIST 293 593
HIST 294 672
HIST 295 609
HIST 296 567
HIST 297 620
HIST 298 586
HIST 299 579
HIST 300 609
HIST 301 593
HIST 302 585
HIST 303 611
HIST 304 581
HIST 305 605
HIST 306 576
HIST 307 611
HIST 308 618
HIST 309 597
HIST 310 608
HIST 311 575
HIST 312 552
HIST 313 557
HIST 314 627
HIST 315 595
HIST 316 558
HIST 317 588
HIST 318 584
HIST 319 582
HIST 320 579
HIST 321 560
HIST 322 549
HIST 323 589
HIST 324 580
HIST 325 570
HIST 326 554
HIST 327 531
HIST 328 520
HIST 329 571
HIST 330 514
HIST 331 512
HIST 332 524
HIST 333 585
HIST 334 544
HIST 335 556
HIST 336 554
HIST 337 529
HIST 338 534
HIST 339 518
HIST 340 540
HIST 341 530
HIST 342 552
HIST 343 536
HIST 344 557
HIST 345 588
HIST 346 595
HIST 347 531
HIST 348 527
HIST 349 550
HIST 350 556
HIST 351 602
HIST 352 533
HIST 353 601
HIST 354 597
HIST 355 539
HIST 356 545
HIST 357 568
HIST 358 538
HIST 359 549
HIST 360 562
HIST 361 587
HIST 362 558
HIST 363 520
HIST 364 532
HIST 365 551
HIST 366 530
HIST 367 538
HIST 368 550
HIST 369 503
HIST 370 561
HIST 371 549
HIST 372 549
HIST 373 523
HIST 374 522
HIST 375 563
HIST 376 512
HIST 377 552
HIST 378 574
HIST 379 573
HIST 380 562
HIST 381 596
HIST 382 556
HIST 383 605
HIST 384 580
HIST 385 565
HIST 386 547
HIST 387 555
HIST 388 592
HIST 389 585
HIST 390 620
HIST 391 598
HIST 392 641
HIST 393 601
HIST 394 561
HIST 395 582
HIST 396 540
HIST 397 584
HIST 398 600
HIST 399 586
HIST 400 592
HIST 401 559
HIST 402 533
HIST 403 526
HIST 404 511
HIST 405 496
HIST 406 420
HIST 407 415
HIST 408 358
HIST 409 347
HIST 410 335
HIST 411 295
HIST 412 309
HIST 413 287
HIST 414 298
HIST 415 267
HIST 416 293
HIST 417 288
HIST 418 277
HIST 419 274
HIST 420 240
HIST 421 256
HIST 422 247
HIST 423 255
HIST 424 234
HIST 425 247
HIST 426 249
HIST 427 242
HIST 428 233
HIST 429 236
HIST 430 226
HIST 431 237
HIST 432 242
HIST 433 221
HIST 434 212
HIST 435 216
HIST 436 218
HIST 437 211
HIST 438 211
HIST 439 190
HIST 440 210
HIST 441 230
HIST 442 214
HIST 443 205
HIST 444 230
HIST 445 190
HIST 446 209
HIST 447 192
HIST 448 211
HIST 449 181
HIST 450 200
HIST 451 174
HIST 452 188
HIST 453 171
HIST 454 175
HIST 455 180
HIST 456 189
HIST 457 181
HIST 458 175
HIST 459 179
HIST 460 169
HIST 461 176
HIST 462 171
HIST 463 167
HIST 464 160
HIST 465 172
HIST 466 193
HIST 467 159
HIST 468 162
HIST 469 162
HIST 470 170
HIST 471 155
HIST 472 158
HIST 473 158
HIST 474 145
HIST 475 148
HIST 476 195
HIST 477 165
HIST 478 167
HIST 479 151
HIST 480 158
HIST 481 149
HIST 482 176
HIST 483 143
HIST 484 152
HIST 485 141
HIST 486 138
HIST 487 136
HIST 488 145
HIST 489 173
HIST 490 142
HIST 491 140
HIST 492 162
HIST 493 154
HIST 494 169
HIST 495 153
HIST 496 135
HIST 497 154
HIST 498 191
HIST 499 146
HIST 500 129
HIST 501 114
HIST 502 145
HIST 503 159
HIST 504 151
HIST 505 161
HIST 506 166
HIST 507 167
HIST 508 126
HIST 509 154
HIST 510 156
HIST 511 122
HIST 512 160
HIST 513 143
HIST 514 128
HIST 515 148
HIST 516 146
HIST 517 144
HIST 518 145
HIST 519 145
HIST 520 129
HIST 521 133
HIST 522 131
HIST 523 113
HIST 524 107
HIST 525 137
HIST 526 134
HIST 527 139
HIST 528 128
HIST 529 134
HIST 530 129
HIST 531 142
HIST 532 120
HIST 533 129
HIST 534 148
HIST 535 131
HIST 536 128
HIST 537 130
HIST 538 104
HIST 539 128
HIST 540 130
HIST 541 132
HIST 542 111
HIST 543 120
HIST 544 129
HIST 545 135
HIST 546 124
HIST 547 125
HIST 548 110
HIST 549 113
HIST 550 156
HIST 551 277
HIST 552 120
HIST 553 102
HIST 554 126
HIST 555 692
HIST 556 117
HIST 557 119
HIST 558 115
HIST 559 122
HIST 560 113
HIST 561 94
HIST 562 119
HIST 563 116
HIST 564 103
HIST 565 115
HIST 566 115
HIST 567 113
HIST 568 113
HIST 569 103
HIST 570 92
HIST 571 74
HIST 572 106
HIST 573 103
HIST 574 108
HIST 575 98
HIST 576 118
HIST 577 112
HIST 578 90
HIST 579 95
HIST 580 92
HIST 581 103
HIST 582 92
HIST 583 214760
HISTEND
