=== 025a65a9 ===
Preparing worktree (detached HEAD 025a65a9)
Updating files:  12% (689/5620)
Updating files:  13% (731/5620)
Updating files:  14% (787/5620)
Updating files:  15% (843/5620)
Updating files:  16% (900/5620)
Updating files:  17% (956/5620)
Updating files:  18% (1012/5620)
Updating files:  19% (1068/5620)
Updating files:  20% (1124/5620)
Updating files:  21% (1181/5620)
Updating files:  22% (1237/5620)
Updating files:  23% (1293/5620)
Updating files:  24% (1349/5620)
Updating files:  25% (1405/5620)
Updating files:  26% (1462/5620)
Updating files:  27% (1518/5620)
Updating files:  28% (1574/5620)
Updating files:  29% (1630/5620)
Updating files:  30% (1686/5620)
Updating files:  31% (1743/5620)
Updating files:  32% (1799/5620)
Updating files:  32% (1800/5620)
Updating files:  33% (1855/5620)
Updating files:  34% (1911/5620)
Updating files:  35% (1967/5620)
Updating files:  36% (2024/5620)
Updating files:  37% (2080/5620)
Updating files:  38% (2136/5620)
Updating files:  39% (2192/5620)
Updating files:  40% (2248/5620)
Updating files:  41% (2305/5620)
Updating files:  42% (2361/5620)
Updating files:  42% (2389/5620)
Updating files:  43% (2417/5620)
Updating files:  44% (2473/5620)
Updating files:  45% (2529/5620)
Updating files:  46% (2586/5620)
Updating files:  47% (2642/5620)
Updating files:  48% (2698/5620)
Updating files:  49% (2754/5620)
Updating files:  50% (2810/5620)
Updating files:  51% (2867/5620)
Updating files:  52% (2923/5620)
Updating files:  53% (2979/5620)
Updating files:  54% (3035/5620)
Updating files:  55% (3091/5620)
Updating files:  56% (3148/5620)
Updating files:  57% (3204/5620)
Updating files:  58% (3260/5620)
Updating files:  59% (3316/5620)
Updating files:  60% (3372/5620)
Updating files:  61% (3429/5620)
Updating files:  61% (3443/5620)
Updating files:  62% (3485/5620)
Updating files:  63% (3541/5620)
Updating files:  64% (3597/5620)
Updating files:  65% (3653/5620)
Updating files:  66% (3710/5620)
Updating files:  67% (3766/5620)
Updating files:  68% (3822/5620)
Updating files:  69% (3878/5620)
Updating files:  70% (3934/5620)
Updating files:  71% (3991/5620)
Updating files:  72% (4047/5620)
Updating files:  73% (4103/5620)
Updating files:  74% (4159/5620)
Updating files:  75% (4215/5620)
Updating files:  75% (4220/5620)
Updating files:  76% (4272/5620)
Updating files:  77% (4328/5620)
Updating files:  78% (4384/5620)
Updating files:  79% (4440/5620)
Updating files:  79% (4495/5620)
Updating files:  80% (4496/5620)
Updating files:  81% (4553/5620)
Updating files:  82% (4609/5620)
Updating files:  83% (4665/5620)
Updating files:  84% (4721/5620)
Updating files:  85% (4777/5620)
Updating files:  86% (4834/5620)
Updating files:  87% (4890/5620)
Updating files:  88% (4946/5620)
Updating files:  89% (5002/5620)
Updating files:  90% (5058/5620)
Updating files:  91% (5115/5620)
Updating files:  91% (5143/5620)
Updating files:  92% (5171/5620)
Updating files:  93% (5227/5620)
Updating files:  94% (5283/5620)
Updating files:  95% (5339/5620)
Updating files:  96% (5396/5620)
Updating files:  97% (5452/5620)
Updating files:  98% (5508/5620)
Updating files:  99% (5564/5620)
Updating files: 100% (5620/5620)
Updating files: 100% (5620/5620), done.
HEAD is now at 025a65a9 П68 (S173 закрыта): отвязанный континуум ниже порога доверия (колонка хвоста NNLS, FitColumn.TailOf) — в FsaResult.UntiedTail(s) вместо Continuum: верх стека без хвоста, хвост — в ленте невязки и доле «не описано»; фит побитово HEAD (rates 0 расхождений, малая база 310.2/3.58 побитово); FsaStackShot --plant-tail и FsaDoubleCountProbe раздел 6 с подсадкой; CorpusFsaProbe *_tails.csv. Находка: сток в слое Pb-212 на 83 % — сплайн подложки по S76, а не хвост; хвост живёт на пороге АЦП ниже Min_Range — решения Amber

  Определение проектов для восстановления...
  Восстановлен D:\BqMoni_Claude\p70\wt_025a65a9\BecquerelMonitor\BecquerelMonitor.csproj (за 1,86 с).
restore код 0

  BecquerelMonitor -> D:\BqMoni_Claude\p70\wt_025a65a9\BecquerelMonitor\bin\Release_p70\BecquerelMonitor.exe
build код 0
exe sha256 B6300136A4012AAFCF4D56D66FB94CFB08DC123F4C67DCC6D9C072902378CC5A  20:15:44
csc FsaStackShot код 0 (довесков 5)
wd D:\BqMoni_Claude\p70\wd_025a65a9: матриц 19; за 21 с
