склад витрины: D:\BqMoni_Claude\p180\wt\tools\fsa_showcase\store; сцен 2: ASN16_point_house, ASN16_rn_side; пробы: D:\BqMoni_Claude\p181\build_p181_rel; физика 25
приложение у проб: 29.09 23:24:58 sha256 1C16114930FFC1CF
контроль на 2 узлах (A77): код 1 (1 = «есть шумные», ожидаемо на 400 k), сцен с клеймом phys=25: 2 из 2, 11 с
      клеймо   : phys=25;23faf5248193a559449d6717aa82984cffe8817c8024570f1327ca4bc6594522
      счёт     : 10.2 с ЦП, 12.73 мкс на историю  <- сравнивать надо ЭТО
      клеймо   : phys=25;8f6aeaf8cc3c136f54f16784299dec0040875b6067cf6065bc4762ac983d9600
      счёт     : 6.3 с ЦП, 7.91 мкс на историю  <- сравнивать надо ЭТО
   матриц: 2 — посчитано 2, пропущено 0 (клеймо сошлось); всего 0.2 мин
матрицы: код 0, 1142 с
      сетка κ  : 200000 точек по 2 истории — в «мкс на историю» НЕ входят (замер узлов — с --jnodes=0)
      клеймо   : phys=25;12056ed002a64091a3f52ba4947a53af677478790ec43d4a4d6cd3ae8d175c31
      счёт     : 3996.2 с ЦП, 9.25 мкс на историю  <- сравнивать надо ЭТО
      сетка κ  : 200000 точек по 2 истории — в «мкс на историю» НЕ входят (замер узлов — с --jnodes=0)
   матриц: 2 — посчитано 2, пропущено 0 (клеймо сошлось); всего 18.8 мин
   ВСЕ СОШЛИСЬ
кривые: код 0, 1159 с
   Привязка кривой и матрицы к спектрам понятной части (B1)
   кривая: 5-3000 кэВ, 200000 историй на узел; розыгрыш точки вылета: автоматика (полевая сцена — важностный, клеймо imp=1; прочие — равномерный); порог шумной кри
      разброс  : медиана 1.47 % (узлы от 40 кэВ), худший узел 56.40 % на 6.2 кэВ (ESS 3 из 200000 историй), узлов выше 5 %: 0 из 34; ниже 40 кэВ — медиана 0.82 % (
      guid     : b8a158da-14a3-b2e3-2511-9b3315c75da2
      спектр   : ASN16_Radon_filter2 (1 записей ResultData)
   геометрий в описи: 1 — посчитано 1, пропущено 0 (клеймо и геометрия сошлись); записей проставлено: 1
   ВСЕ СОШЛИСЬ
   ASN16_rn_side.rmx                         10     25    3000000   144    7    1.21%    1.61%   нет
   
     версия физики: 25 — 2
     историй на узел: 3000000 — 2
     каналов у матрицы: 7 — 2 (код знает 7)
     с конусом: 0 из 2
     шумных (худший СУДИМЫЙ узел выше 1.00 %): 2
     континуума нет (шум ≥ 99 %): 43 узлов по складу, судятся узлы от 50 кэВ
   
   НАХОДОК: 2
     ASN16_point_house.rmx: шум худшего узла 1.10 % при пороге 1.00 %
     ASN16_rn_side.rmx: шум худшего узла 1.61 % при пороге 1.00 %
  ASN16_point_house.rmx  737154 байт  sha256 2C72F6A524363241
  ASN16_rn_side.rmx  721234 байт  sha256 A128F95F08E0F8DB
готово за 1160 с
