=== 27ba5c4b ===
Preparing worktree (detached HEAD 27ba5c4b)
Updating files:  14% (687/4904)
Updating files:  15% (736/4904)
Updating files:  16% (785/4904)
Updating files:  17% (834/4904)
Updating files:  18% (883/4904)
Updating files:  19% (932/4904)
Updating files:  20% (981/4904)
Updating files:  21% (1030/4904)
Updating files:  22% (1079/4904)
Updating files:  23% (1128/4904)
Updating files:  23% (1151/4904)
Updating files:  24% (1177/4904)
Updating files:  25% (1226/4904)
Updating files:  26% (1276/4904)
Updating files:  27% (1325/4904)
Updating files:  28% (1374/4904)
Updating files:  29% (1423/4904)
Updating files:  30% (1472/4904)
Updating files:  31% (1521/4904)
Updating files:  32% (1570/4904)
Updating files:  33% (1619/4904)
Updating files:  34% (1668/4904)
Updating files:  35% (1717/4904)
Updating files:  36% (1766/4904)
Updating files:  37% (1815/4904)
Updating files:  38% (1864/4904)
Updating files:  39% (1913/4904)
Updating files:  39% (1946/4904)
Updating files:  40% (1962/4904)
Updating files:  41% (2011/4904)
Updating files:  42% (2060/4904)
Updating files:  43% (2109/4904)
Updating files:  44% (2158/4904)
Updating files:  45% (2207/4904)
Updating files:  46% (2256/4904)
Updating files:  47% (2305/4904)
Updating files:  48% (2354/4904)
Updating files:  49% (2403/4904)
Updating files:  50% (2452/4904)
Updating files:  51% (2502/4904)
Updating files:  52% (2551/4904)
Updating files:  53% (2600/4904)
Updating files:  54% (2649/4904)
Updating files:  55% (2698/4904)
Updating files:  55% (2713/4904)
Updating files:  56% (2747/4904)
Updating files:  57% (2796/4904)
Updating files:  58% (2845/4904)
Updating files:  59% (2894/4904)
Updating files:  60% (2943/4904)
Updating files:  61% (2992/4904)
Updating files:  62% (3041/4904)
Updating files:  63% (3090/4904)
Updating files:  64% (3139/4904)
Updating files:  65% (3188/4904)
Updating files:  66% (3237/4904)
Updating files:  67% (3286/4904)
Updating files:  68% (3335/4904)
Updating files:  69% (3384/4904)
Updating files:  70% (3433/4904)
Updating files:  71% (3482/4904)
Updating files:  72% (3531/4904)
Updating files:  72% (3533/4904)
Updating files:  73% (3580/4904)
Updating files:  74% (3629/4904)
Updating files:  75% (3678/4904)
Updating files:  76% (3728/4904)
Updating files:  76% (3773/4904)
Updating files:  77% (3777/4904)
Updating files:  78% (3826/4904)
Updating files:  79% (3875/4904)
Updating files:  80% (3924/4904)
Updating files:  81% (3973/4904)
Updating files:  82% (4022/4904)
Updating files:  83% (4071/4904)
Updating files:  83% (4080/4904)
Updating files:  84% (4120/4904)
Updating files:  85% (4169/4904)
Updating files:  86% (4218/4904)
Updating files:  87% (4267/4904)
Updating files:  88% (4316/4904)
Updating files:  89% (4365/4904)
Updating files:  90% (4414/4904)
Updating files:  90% (4428/4904)
Updating files:  91% (4463/4904)
Updating files:  92% (4512/4904)
Updating files:  93% (4561/4904)
Updating files:  94% (4610/4904)
Updating files:  95% (4659/4904)
Updating files:  96% (4708/4904)
Updating files:  97% (4757/4904)
Updating files:  98% (4806/4904)
Updating files:  99% (4855/4904)
Updating files: 100% (4904/4904)
Updating files: 100% (4904/4904), done.
HEAD is now at 27ba5c4b П58 (вторая половина): check_registry — проверка 3 за 1.7 с вместо 226 (слова кода множеством, запасной путь подстрокой, .sqlite сняты), положительный контроль подсадкой; сторож в умолчании check_all (38/38, 25 с), KNOWN_RED пуст; две ссылки S64 в DONE.md — KNOWN_UNTRACKED со сроком 2026-09-18, ждут Amber

  Определение проектов для восстановления...
  Восстановлен D:\BqMoni_Claude\p70\wt_27ba5c4b\BecquerelMonitor\BecquerelMonitor.csproj (за 1,44 с).
restore код 0

  BecquerelMonitor -> D:\BqMoni_Claude\p70\wt_27ba5c4b\BecquerelMonitor\bin\Release_p70\BecquerelMonitor.exe
build код 0
exe sha256 EE151F27DA064272D7680759C5B87BD19EB1D750BD9EF25CDEE07B2B94E93FED  20:19:40
csc FsaStackShot код 0 (довесков 5)
wd D:\BqMoni_Claude\p70\wd_27ba5c4b: матриц 19; за 31 с
