плечо Б: exe 09/14/2026 18:56:12 sha256 E66975CF2CBD9FBB
  exe sha256: E66975CF2CBD9FBB
exe: 14.09.2026 18:56:12  sha256 E66975CF2CBD9FBB
as80_free       код 0  chi2/ndf 12.596, невязка модели 18.6 %, суммирование да  | хвост: нет | SCREEN Невязка: + лишнее / − нехватка — показ подрезан на 121 кан
as80_eq         код 0  chi2/ndf 14.115, невязка модели 21.3 %, суммирование да  | хвост: нет | SCREEN Невязка: + лишнее / − нехватка — показ подрезан на 121 кан
as80_plant      код 0  chi2/ndf 12.596, невязка модели 18.6 %, суммирование да  | хвост: нет | SCREEN Невязка: + лишнее / − нехватка — показ подрезан на 121 кан
as80_zoom       код 0  chi2/ndf 12.596, невязка модели 18.6 %, суммирование да  | хвост: нет | SCREEN Невязка: + лишнее / − нехватка — показ подрезан на 121 кан
radon1_free     код 0  chi2/ndf 1.158, невязка модели 58.3 %, суммирование да  | хвост: Pb-214 7764.2; всего 7764.2 отсч. | SCREEN Невязка: + лишнее / − нехватк
radon1_eq       код 0  chi2/ndf 1.264, невязка модели 56.8 %, суммирование да  | хвост: Ra-226 4833.3; всего 4833.3 отсч. | SCREEN Невязка: + лишнее / − нехватк
radon1_plant    код 0  chi2/ndf 1.158, невязка модели 58.3 %, суммирование да  | хвост: нет | SCREEN Невязка: + лишнее / − нехватка — показ подрезан на 2037 кан
radon1_zoom     код 0  chi2/ndf 1.158, невязка модели 58.3 %, суммирование да  | хвост: Pb-214 7764.2; всего 7764.2 отсч. | SCREEN Невязка: + лишнее / − нехватк
radon2_free     код 0  chi2/ndf 1.316, невязка модели 81.1 %, суммирование да  | хвост: Pb-212 1008.0; всего 1008.0 отсч. | SCREEN Невязка: + лишнее / − нехватк
radon2_eq       код 0  chi2/ndf 1.190, невязка модели 77.6 %, суммирование да  | хвост: Th-232 16012.3; всего 16012.3 отсч. | SCREEN Невязка: + лишнее / − нехва
radon2_plant    код 0  chi2/ndf 1.316, невязка модели 81.1 %, суммирование да  | хвост: нет | SCREEN Невязка: + лишнее / − нехватка — показ подрезан на 4456 кан
radon2_zoom     код 0  chi2/ndf 1.316, невязка модели 81.1 %, суммирование да  | хвост: Pb-212 1008.0; всего 1008.0 отсч. | SCREEN Невязка: + лишнее / − нехватк
коды: as80_free=0 as80_eq=0 as80_plant=0 as80_zoom=0 radon1_free=0 radon1_eq=0 radon1_plant=0 radon1_zoom=0 radon2_free=0 radon2_eq=0 radon2_plant=0 radon2_zoom
fsadoublecountprobe_as80.log             ВСЕ СОШЛИСЬ
fsadoublecountprobe_radon1.log           ВСЕ СОШЛИСЬ
fsadoublecountprobe_radon2.log             DecayChainRoot: те же имена членов                                     !! Ac-228,Bi-212,Bi-214,Pb-210,Pb-212,Pb-214,Po-210,Po-214,Po-216,Ra-224,Ra-226,Rn-220,Rn-222,Th-228,Th-232,Tl-208 вместо Ac-228,Bi-212,Pb-212,Po-216,Ra-224,Ra-226,Rn-220,Th-228,Th-232,Tl-208
fsaqualityrowprobe.log                   ВСЕ СОШЛИСЬ
fsatieprobe.log                          ВСЕ СОШЛИСЬ
коды: mk_wd_b=0 sweep_b=0 dc_as80=0 dc_radon1=0 dc_radon2=1 tie=0 qrow=0
⚠ НЕ НУЛЕВЫЕ: dc_radon2=1
