Матрицы отклика понятной части корпуса (B1)
сетка: 140 узлов 5-3000 кэВ, бин 2 кэВ, 3000000 историй на узел
останов по шуму ВЫКЛЮЧЕН — плоский счёт (T35)

== AS80_lu_front ==
   клеймо   : phys=18;7337e3284dbeccb8498d5c1f45115096cf092883c6f1d3c64b3269e7348fa591
   время    : 312.5 с на часах, ядер 9.7 из 10
   счёт     : 3030.8 с ЦП, 7.11 мкс на историю  <- сравнивать надо ЭТО
   сетка κ  : 200000 точек по 2 истории — в «мкс на историю» НЕ входят (замер узлов — с --jnodes=0)
   обход    : на историю 14.5 шага границ, 14.9 поиска области, 8.8 интерполяции μ, 3.40 сбора пересечений
   шум конт.: взвешенная 0.82 %  тихо
   Q_k      : узлов 142; у 657.0 кэВ Q2 0.7220 ± 0.0005, Q4 0.2979 ± 0.0010, Q2T 0.6014, Q4T 0.1871; худший шум Q_k 0.2092
   раскладка: D:\BqMoni_Claude\p87\art\dumps\store-AS80_lu_front.csv
   файл     : D:\BqMoni_Claude\p87\store\AS80_lu_front.rmx (0.6 МБ)

== AS80_point0 ==
   клеймо   : phys=18;1f5aeaf1eeae43b63d6a7b0817f68eaccc4167c12243909b95293aeb63a1d205
   время    : 205.7 с на часах, ядер 9.8 из 10
   счёт     : 2022.4 с ЦП, 4.82 мкс на историю  <- сравнивать надо ЭТО
   сетка κ  : 200000 точек по 2 истории — в «мкс на историю» НЕ входят (замер узлов — с --jnodes=0)
   обход    : на историю 7.9 шага границ, 8.4 поиска области, 3.8 интерполяции μ, 2.66 сбора пересечений
   шум конт.: взвешенная 0.60 %  тихо
   Q_k      : узлов 140; у 657.0 кэВ Q2 0.6353 ± 0.0005, Q4 0.1620 ± 0.0010, Q2T 0.5069, Q4T 0.0836; худший шум Q_k 0.0566
   раскладка: D:\BqMoni_Claude\p87\art\dumps\store-AS80_point0.csv
   файл     : D:\BqMoni_Claude\p87\store\AS80_point0.rmx (0.6 МБ)

== AS80_th_disk ==
   клеймо   : phys=18;24850bda7e3634e8c4f8fea7ec0647703b3c5c60b633f6806df442e888702ef7
   время    : 355.9 с на часах, ядер 9.8 из 10
   счёт     : 3478.0 с ЦП, 7.94 мкс на историю  <- сравнивать надо ЭТО
   сетка κ  : 200000 точек по 2 истории — в «мкс на историю» НЕ входят (замер узлов — с --jnodes=0)
   обход    : на историю 12.1 шага границ, 12.5 поиска области, 6.7 интерполяции μ, 3.55 сбора пересечений
   шум конт.: взвешенная 0.76 %  тихо
   Q_k      : узлов 146; у 657.0 кэВ Q2 0.6783 ± 0.0005, Q4 0.2237 ± 0.0010, Q2T 0.5083, Q4T 0.1228; худший шум Q_k 0.1649
   раскладка: D:\BqMoni_Claude\p87\art\dumps\store-AS80_th_disk.csv
   файл     : D:\BqMoni_Claude\p87\store\AS80_th_disk.rmx (0.6 МБ)

== ASN16_lu_side ==
   клеймо   : phys=18;15af9ddbed843ac6a6123338f348b9cd3d71d115cb457905aac1f1f52cd0728f
   время    : 271.9 с на часах, ядер 9.7 из 10
   счёт     : 2635.7 с ЦП, 6.19 мкс на историю  <- сравнивать надо ЭТО
   сетка κ  : 200000 точек по 2 истории — в «мкс на историю» НЕ входят (замер узлов — с --jnodes=0)
   обход    : на историю 11.8 шага границ, 12.1 поиска области, 6.6 интерполяции μ, 3.37 сбора пересечений
   шум конт.: взвешенная 0.98 %  тихо
   Q_k      : узлов 142; у 657.0 кэВ Q2 0.4844 ± 0.0017, Q4 0.1417 ± 0.0018, Q2T 0.4195, Q4T 0.1027; худший шум Q_k 0.0990
   раскладка: D:\BqMoni_Claude\p87\art\dumps\store-ASN16_lu_side.csv
   файл     : D:\BqMoni_Claude\p87\store\ASN16_lu_side.rmx (0.6 МБ)

== G1S_denta100_oisn10_100_p16 ==
   клеймо   : phys=18;c37315487e70462d79ec6885b512d56f9d0c72b62ed78e1d9f7e713b4a24eae5
   время    : 415.1 с на часах, ядер 9.7 из 10
   счёт     : 4043.5 с ЦП, 9.49 мкс на историю  <- сравнивать надо ЭТО
   сетка κ  : 200000 точек по 2 истории — в «мкс на историю» НЕ входят (замер узлов — с --jnodes=0)
   обход    : на историю 12.3 шага границ, 13.1 поиска области, 8.0 интерполяции μ, 3.32 сбора пересечений
   шум конт.: взвешенная 0.72 %  тихо
   Q_k      : узлов 142; у 657.0 кэВ Q2 0.6245 ± 0.0006, Q4 0.1885 ± 0.0009, Q2T 0.5233, Q4T 0.0997; худший шум Q_k 0.0375
   раскладка: D:\BqMoni_Claude\p87\art\dumps\store-G1S_denta100_oisn10_100_p16.csv
   файл     : D:\BqMoni_Claude\p87\store\G1S_denta100_oisn10_100_p16.rmx (0.6 МБ)

== G1S_denta100_risn379_100_p16 ==
   клеймо   : phys=18;0a58a956ba28527e57680f7a1817eb9e7eb4d07b9416e81bea403a95962fee17
   время    : 437.0 с на часах, ядер 9.8 из 10
   счёт     : 4274.4 с ЦП, 10.18 мкс на историю  <- сравнивать надо ЭТО
   сетка κ  : 200000 точек по 2 истории — в «мкс на историю» НЕ входят (замер узлов — с --jnodes=0)
   обход    : на историю 12.8 шага границ, 13.7 поиска области, 8.3 интерполяции μ, 3.29 сбора пересечений
   шум конт.: взвешенная 0.63 %  тихо
   Q_k      : узлов 140; у 657.0 кэВ Q2 0.6255 ± 0.0006, Q4 0.1895 ± 0.0009, Q2T 0.5224, Q4T 0.0996; худший шум Q_k 0.0264
   раскладка: D:\BqMoni_Claude\p87\art\dumps\store-G1S_denta100_risn379_100_p16.csv
   файл     : D:\BqMoni_Claude\p87\store\G1S_denta100_risn379_100_p16.rmx (0.6 МБ)

== G1S_denta120_oisn06_057_p24 ==
   клеймо   : phys=18;5eb72b9c8cd502125a77575c5fb8b968b7e2cb652ec460fc21d8aed5d0e040f8
   время    : 426.1 с на часах, ядер 9.8 из 10
   счёт     : 4157.3 с ЦП, 9.76 мкс на историю  <- сравнивать надо ЭТО
   сетка κ  : 200000 точек по 2 истории — в «мкс на историю» НЕ входят (замер узлов — с --jnodes=0)
   обход    : на историю 13.1 шага границ, 14.0 поиска области, 8.7 интерполяции μ, 3.26 сбора пересечений
   шум конт.: взвешенная 0.70 %  тихо
   Q_k      : узлов 142; у 657.0 кэВ Q2 0.6432 ± 0.0006, Q4 0.2166 ± 0.0009, Q2T 0.5582, Q4T 0.1315; худший шум Q_k 0.0516
   раскладка: D:\BqMoni_Claude\p87\art\dumps\store-G1S_denta120_oisn06_057_p24.csv
   файл     : D:\BqMoni_Claude\p87\store\G1S_denta120_oisn06_057_p24.rmx (0.6 МБ)

== G1S_denta120_oisn06_062_p24 ==
   клеймо   : phys=18;cab447bbd383b51cbee88dee02160066db8a1178ff505d155b483b4a4da4bbe8
   время    : 427.2 с на часах, ядер 9.8 из 10
   счёт     : 4171.0 с ЦП, 9.79 мкс на историю  <- сравнивать надо ЭТО
   сетка κ  : 200000 точек по 2 истории — в «мкс на историю» НЕ входят (замер узлов — с --jnodes=0)
   обход    : на историю 13.0 шага границ, 13.9 поиска области, 8.6 интерполяции μ, 3.27 сбора пересечений
   шум конт.: взвешенная 0.70 %  тихо
   Q_k      : узлов 142; у 657.0 кэВ Q2 0.6428 ± 0.0006, Q4 0.2161 ± 0.0009, Q2T 0.5562, Q4T 0.1301; худший шум Q_k 0.0536
   раскладка: D:\BqMoni_Claude\p87\art\dumps\store-G1S_denta120_oisn06_062_p24.csv
   файл     : D:\BqMoni_Claude\p87\store\G1S_denta120_oisn06_062_p24.rmx (0.6 МБ)

== G1S_denta120_oisn06_064_p24 ==
   клеймо   : phys=18;c01ab956ae4ad886748f313c513fc9db732646abf19066af442b2f4b90131ff2
   время    : 427.3 с на часах, ядер 9.8 из 10
   счёт     : 4169.2 с ЦП, 9.79 мкс на историю  <- сравнивать надо ЭТО
   сетка κ  : 200000 точек по 2 истории — в «мкс на историю» НЕ входят (замер узлов — с --jnodes=0)
   обход    : на историю 13.0 шага границ, 13.9 поиска области, 8.6 интерполяции μ, 3.27 сбора пересечений
   шум конт.: взвешенная 0.70 %  тихо
   Q_k      : узлов 142; у 657.0 кэВ Q2 0.6427 ± 0.0006, Q4 0.2161 ± 0.0009, Q2T 0.5554, Q4T 0.1299; худший шум Q_k 0.0545
   раскладка: D:\BqMoni_Claude\p87\art\dumps\store-G1S_denta120_oisn06_064_p24.csv
   файл     : D:\BqMoni_Claude\p87\store\G1S_denta120_oisn06_064_p24.rmx (0.6 МБ)

== G1S_denta120_oisn06_066_p24 ==
   клеймо   : phys=18;f86860ad908b529d63bf0e996ff267bb1bec9ca80f724c771e376bad1e2ad072
   время    : 426.4 с на часах, ядер 9.8 из 10
   счёт     : 4158.2 с ЦП, 9.76 мкс на историю  <- сравнивать надо ЭТО
   сетка κ  : 200000 точек по 2 истории — в «мкс на историю» НЕ входят (замер узлов — с --jnodes=0)
   обход    : на историю 13.0 шага границ, 13.9 поиска области, 8.6 интерполяции μ, 3.28 сбора пересечений
   шум конт.: взвешенная 0.70 %  тихо
   Q_k      : узлов 142; у 657.0 кэВ Q2 0.6428 ± 0.0006, Q4 0.2161 ± 0.0009, Q2T 0.5549, Q4T 0.1296; худший шум Q_k 0.0550
   раскладка: D:\BqMoni_Claude\p87\art\dumps\store-G1S_denta120_oisn06_066_p24.csv
   файл     : D:\BqMoni_Claude\p87\store\G1S_denta120_oisn06_066_p24.rmx (0.6 МБ)

== G1S_denta120_oisn16_155_p24 ==
   клеймо   : phys=18;c5b1137ce58385a22a7aca9d7183bfacf955fe7472d12bd562599c9fed095973
   время    : 420.2 с на часах, ядер 9.7 из 10
   счёт     : 4089.0 с ЦП, 9.60 мкс на историю  <- сравнивать надо ЭТО
   сетка κ  : 200000 точек по 2 истории — в «мкс на историю» НЕ входят (замер узлов — с --jnodes=0)
   обход    : на историю 11.9 шага границ, 12.7 поиска области, 7.7 интерполяции μ, 3.40 сбора пересечений
   шум конт.: взвешенная 0.78 %  тихо
   Q_k      : узлов 142; у 657.0 кэВ Q2 0.6369 ± 0.0007, Q4 0.2100 ± 0.0009, Q2T 0.5292, Q4T 0.1165; худший шум Q_k 0.0383
   раскладка: D:\BqMoni_Claude\p87\art\dumps\store-G1S_denta120_oisn16_155_p24.csv
   файл     : D:\BqMoni_Claude\p87\store\G1S_denta120_oisn16_155_p24.rmx (0.6 МБ)

== G1S_denta120_oisn16_160_p24 ==
   клеймо   : phys=18;ca43c0279c451748dd34dc0e56aff7437ef1505482755a096f387d7024f7037c
   время    : 417.7 с на часах, ядер 9.7 из 10
   счёт     : 4057.1 с ЦП, 9.52 мкс на историю  <- сравнивать надо ЭТО
   сетка κ  : 200000 точек по 2 истории — в «мкс на историю» НЕ входят (замер узлов — с --jnodes=0)
   обход    : на историю 11.8 шага границ, 12.7 поиска области, 7.7 интерполяции μ, 3.41 сбора пересечений
   шум конт.: взвешенная 0.78 %  тихо
   Q_k      : узлов 142; у 657.0 кэВ Q2 0.6364 ± 0.0007, Q4 0.2094 ± 0.0009, Q2T 0.5280, Q4T 0.1159; худший шум Q_k 0.0387
   раскладка: D:\BqMoni_Claude\p87\art\dumps\store-G1S_denta120_oisn16_160_p24.csv
   файл     : D:\BqMoni_Claude\p87\store\G1S_denta120_oisn16_160_p24.rmx (0.6 МБ)

== G1S_denta120_oisn16_166_p24 ==
   клеймо   : phys=18;063d1d4e16ef88cf2486f3dfc2a3421bada581632e1f08b720f04cde2161165b
   время    : 420.0 с на часах, ядер 9.7 из 10
   счёт     : 4083.7 с ЦП, 9.59 мкс на историю  <- сравнивать надо ЭТО
   сетка κ  : 200000 точек по 2 истории — в «мкс на историю» НЕ входят (замер узлов — с --jnodes=0)
   обход    : на историю 11.8 шага границ, 12.6 поиска области, 7.6 интерполяции μ, 3.42 сбора пересечений
   шум конт.: взвешенная 0.77 %  тихо
   Q_k      : узлов 142; у 657.0 кэВ Q2 0.6372 ± 0.0007, Q4 0.2106 ± 0.0009, Q2T 0.5271, Q4T 0.1158; худший шум Q_k 0.0394
   раскладка: D:\BqMoni_Claude\p87\art\dumps\store-G1S_denta120_oisn16_166_p24.csv
   файл     : D:\BqMoni_Claude\p87\store\G1S_denta120_oisn16_166_p24.rmx (0.6 МБ)

== G1S_denta120_oisn16_167_p24 ==
   клеймо   : phys=18;1414a3a76e3ee526979f659effe23135a65b3a298514a2e38a6b754ef16004b7
   время    : 419.2 с на часах, ядер 9.7 из 10
   счёт     : 4083.0 с ЦП, 9.58 мкс на историю  <- сравнивать надо ЭТО
   сетка κ  : 200000 точек по 2 истории — в «мкс на историю» НЕ входят (замер узлов — с --jnodes=0)
   обход    : на историю 11.8 шага границ, 12.6 поиска области, 7.6 интерполяции μ, 3.42 сбора пересечений
   шум конт.: взвешенная 0.77 %  тихо
   Q_k      : узлов 142; у 657.0 кэВ Q2 0.6369 ± 0.0007, Q4 0.2101 ± 0.0009, Q2T 0.5266, Q4T 0.1153; худший шум Q_k 0.0395
   раскладка: D:\BqMoni_Claude\p87\art\dumps\store-G1S_denta120_oisn16_167_p24.csv
   файл     : D:\BqMoni_Claude\p87\store\G1S_denta120_oisn16_167_p24.rmx (0.6 МБ)

== G1S_mar1l_coal_046_p24 ==
   клеймо   : phys=18;c08e15a4ec048341f718ddad7d801f5b09cfa8796415c9b3f7b8d40c9d7e7009
   время    : 419.6 с на часах, ядер 9.8 из 10
   счёт     : 4124.7 с ЦП, 9.82 мкс на историю  <- сравнивать надо ЭТО
   сетка κ  : 200000 точек по 2 истории — в «мкс на историю» НЕ входят (замер узлов — с --jnodes=0)
   обход    : на историю 18.7 шага границ, 19.6 поиска области, 11.3 интерполяции μ, 3.25 сбора пересечений
   шум конт.: взвешенная 0.81 %  тихо
   Q_k      : узлов 140; у 657.0 кэВ Q2 0.7749 ± 0.0004, Q4 0.4151 ± 0.0007, Q2T 0.7250, Q4T 0.3291; худший шум Q_k 0.0576
   раскладка: D:\BqMoni_Claude\p87\art\dumps\store-G1S_mar1l_coal_046_p24.csv
   файл     : D:\BqMoni_Claude\p87\store\G1S_mar1l_coal_046_p24.rmx (0.6 МБ)

== G1S_mar1l_oisn06_055_p16 ==
   клеймо   : phys=18;5fc08aadbfe9cb8b0efcb892353d852e4268c4a871ad417a0d5996ac9106df57
   время    : 450.7 с на часах, ядер 9.8 из 10
   счёт     : 4437.0 с ЦП, 10.56 мкс на историю  <- сравнивать надо ЭТО
   сетка κ  : 200000 точек по 2 истории — в «мкс на историю» НЕ входят (замер узлов — с --jnodes=0)
   обход    : на историю 18.6 шага границ, 19.4 поиска области, 11.2 интерполяции μ, 3.29 сбора пересечений
   шум конт.: взвешенная 0.79 %  тихо
   Q_k      : узлов 140; у 657.0 кэВ Q2 0.7746 ± 0.0004, Q4 0.4149 ± 0.0007, Q2T 0.7233, Q4T 0.3267; худший шум Q_k 0.0348
   раскладка: D:\BqMoni_Claude\p87\art\dumps\store-G1S_mar1l_oisn06_055_p16.csv
   файл     : D:\BqMoni_Claude\p87\store\G1S_mar1l_oisn06_055_p16.rmx (0.6 МБ)

== G1S_mar1l_oisn06_057_p16 ==
   клеймо   : phys=18;666a6bf7c95db4f67f45d28f38926b60f7fbfc84e6ccc2cf6af8e779a7a551d6
   время    : 494.1 с на часах, ядер 9.8 из 10
   счёт     : 4854.6 с ЦП, 11.56 мкс на историю  <- сравнивать надо ЭТО
   сетка κ  : 200000 точек по 2 истории — в «мкс на историю» НЕ входят (замер узлов — с --jnodes=0)
   обход    : на историю 18.5 шага границ, 19.4 поиска области, 11.2 интерполяции μ, 3.30 сбора пересечений
   шум конт.: взвешенная 0.78 %  тихо
   Q_k      : узлов 140; у 657.0 кэВ Q2 0.7746 ± 0.0004, Q4 0.4146 ± 0.0007, Q2T 0.7228, Q4T 0.3260; худший шум Q_k 0.0359
   раскладка: D:\BqMoni_Claude\p87\art\dumps\store-G1S_mar1l_oisn06_057_p16.csv
   файл     : D:\BqMoni_Claude\p87\store\G1S_mar1l_oisn06_057_p16.rmx (0.6 МБ)

== G1S_mar1l_oisn06_057_p24 ==
   клеймо   : phys=18;531cc8f6e08c5ad665a8dc765f36df2a66128d419baab0610332917833d1ef34
   время    : 457.2 с на часах, ядер 9.7 из 10
   счёт     : 4454.3 с ЦП, 10.46 мкс на историю  <- сравнивать надо ЭТО
   сетка κ  : 200000 точек по 2 истории — в «мкс на историю» НЕ входят (замер узлов — с --jnodes=0)
   обход    : на историю 17.6 шага границ, 18.5 поиска области, 10.8 интерполяции μ, 3.31 сбора пересечений
   шум конт.: взвешенная 0.85 %  тихо
   Q_k      : узлов 142; у 657.0 кэВ Q2 0.7749 ± 0.0004, Q4 0.4148 ± 0.0007, Q2T 0.7228, Q4T 0.3259; худший шум Q_k 0.0399
   раскладка: D:\BqMoni_Claude\p87\art\dumps\store-G1S_mar1l_oisn06_057_p24.csv
   файл     : D:\BqMoni_Claude\p87\store\G1S_mar1l_oisn06_057_p24.rmx (0.6 МБ)

