Матрицы отклика понятной части корпуса (B1)
сетка: 140 узлов 5-3000 кэВ, бин 2 кэВ, 3000000 историй на узел
останов по шуму ВЫКЛЮЧЕН — плоский счёт (T35)

== G1S_mar1l_oisn06_062_p16 ==
   клеймо   : phys=18;61379b3b1b44c6a79f0b1fa7a9175a4a7b14c5cdb0ff587d506a5655c5576487
   время    : 439.6 с на часах, ядер 9.9 из 10
   счёт     : 4330.4 с ЦП, 10.31 мкс на историю  <- сравнивать надо ЭТО
   сетка κ  : 200000 точек по 2 истории — в «мкс на историю» НЕ входят (замер узлов — с --jnodes=0)
   обход    : на историю 18.5 шага границ, 19.4 поиска области, 11.2 интерполяции μ, 3.32 сбора пересечений
   шум конт.: взвешенная 0.78 %  тихо
   Q_k      : узлов 140; у 657.0 кэВ Q2 0.7748 ± 0.0004, Q4 0.4150 ± 0.0007, Q2T 0.7220, Q4T 0.3252; худший шум Q_k 0.0383
   раскладка: D:\BqMoni_Claude\p87\art\dumps\store-G1S_mar1l_oisn06_062_p16.csv
   файл     : D:\BqMoni_Claude\p87\store\G1S_mar1l_oisn06_062_p16.rmx (0.6 МБ)

== G1S_mar1l_oisn06_062_p24 ==
   клеймо   : phys=18;e913e506474f9b5c627df658d61868e6c5cf0f4819dc8a97a2da97ebe48324ed
   время    : 460.4 с на часах, ядер 9.7 из 10
   счёт     : 4483.4 с ЦП, 10.52 мкс на историю  <- сравнивать надо ЭТО
   сетка κ  : 200000 точек по 2 истории — в «мкс на историю» НЕ входят (замер узлов — с --jnodes=0)
   обход    : на историю 17.6 шага границ, 18.4 поиска области, 10.7 интерполяции μ, 3.32 сбора пересечений
   шум конт.: взвешенная 0.85 %  тихо
   Q_k      : узлов 142; у 657.0 кэВ Q2 0.7745 ± 0.0004, Q4 0.4138 ± 0.0007, Q2T 0.7220, Q4T 0.3247; худший шум Q_k 0.0419
   раскладка: D:\BqMoni_Claude\p87\art\dumps\store-G1S_mar1l_oisn06_062_p24.csv
   файл     : D:\BqMoni_Claude\p87\store\G1S_mar1l_oisn06_062_p24.rmx (0.6 МБ)

== G1S_mar1l_oisn06_064_p24 ==
   клеймо   : phys=18;6af9b67ddc606c7f96bfb5680779cef0c3ffe4c6d1d606b5f9a5184a88226346
   время    : 496.4 с на часах, ядер 9.6 из 10
   счёт     : 4783.7 с ЦП, 11.23 мкс на историю  <- сравнивать надо ЭТО
   сетка κ  : 200000 точек по 2 истории — в «мкс на историю» НЕ входят (замер узлов — с --jnodes=0)
   обход    : на историю 17.6 шага границ, 18.4 поиска области, 10.7 интерполяции μ, 3.33 сбора пересечений
   шум конт.: взвешенная 0.84 %  тихо
   Q_k      : узлов 142; у 657.0 кэВ Q2 0.7749 ± 0.0004, Q4 0.4147 ± 0.0007, Q2T 0.7217, Q4T 0.3245; худший шум Q_k 0.0431
   раскладка: D:\BqMoni_Claude\p87\art\dumps\store-G1S_mar1l_oisn06_064_p24.csv
   файл     : D:\BqMoni_Claude\p87\store\G1S_mar1l_oisn06_064_p24.rmx (0.6 МБ)

== G1S_mar1l_oisn06_066_p16 ==
   клеймо   : phys=18;51e0570ec29e8e32b8a7ea5bb64443caf3d31db98c9d2b67ae4510aa9985e47a
   время    : 454.8 с на часах, ядер 9.8 из 10
   счёт     : 4474.4 с ЦП, 10.65 мкс на историю  <- сравнивать надо ЭТО
   сетка κ  : 200000 точек по 2 истории — в «мкс на историю» НЕ входят (замер узлов — с --jnodes=0)
   обход    : на историю 18.5 шага границ, 19.4 поиска области, 11.1 интерполяции μ, 3.33 сбора пересечений
   шум конт.: взвешенная 0.77 %  тихо
   Q_k      : узлов 140; у 657.0 кэВ Q2 0.7742 ± 0.0004, Q4 0.4141 ± 0.0007, Q2T 0.7207, Q4T 0.3236; худший шум Q_k 0.0395
   раскладка: D:\BqMoni_Claude\p87\art\dumps\store-G1S_mar1l_oisn06_066_p16.csv
   файл     : D:\BqMoni_Claude\p87\store\G1S_mar1l_oisn06_066_p16.rmx (0.6 МБ)

== G1S_mar1l_oisn06_066_p24 ==
   клеймо   : phys=18;e83abbaa088bccf78515628a7f350f7d11bd66e21da5f79f2f8805ba703ba8d6
   время    : 454.8 с на часах, ядер 9.7 из 10
   счёт     : 4433.0 с ЦП, 10.41 мкс на историю  <- сравнивать надо ЭТО
   сетка κ  : 200000 точек по 2 истории — в «мкс на историю» НЕ входят (замер узлов — с --jnodes=0)
   обход    : на историю 17.5 шага границ, 18.3 поиска области, 10.7 интерполяции μ, 3.33 сбора пересечений
   шум конт.: взвешенная 0.84 %  тихо
   Q_k      : узлов 142; у 657.0 кэВ Q2 0.7746 ± 0.0004, Q4 0.4146 ± 0.0007, Q2T 0.7213, Q4T 0.3244; худший шум Q_k 0.0465
   раскладка: D:\BqMoni_Claude\p87\art\dumps\store-G1S_mar1l_oisn06_066_p24.csv
   файл     : D:\BqMoni_Claude\p87\store\G1S_mar1l_oisn06_066_p24.rmx (0.6 МБ)

== G1S_mar1l_oisn16_155_p16 ==
   клеймо   : phys=18;c31f97a5418dcd2d118a68e7dc922ed5bf5e9d2c726ad4d3e95c55e02c5db205
   время    : 482.9 с на часах, ядер 9.7 из 10
   счёт     : 4674.6 с ЦП, 10.97 мкс на историю  <- сравнивать надо ЭТО
   сетка κ  : 200000 точек по 2 истории — в «мкс на историю» НЕ входят (замер узлов — с --jnodes=0)
   обход    : на историю 15.8 шага границ, 16.5 поиска области, 9.5 интерполяции μ, 3.50 сбора пересечений
   шум конт.: взвешенная 0.91 %  тихо
   Q_k      : узлов 142; у 657.0 кэВ Q2 0.7724 ± 0.0004, Q4 0.4104 ± 0.0007, Q2T 0.7080, Q4T 0.3074; худший шум Q_k 0.0994
   раскладка: D:\BqMoni_Claude\p87\art\dumps\store-G1S_mar1l_oisn16_155_p16.csv
   файл     : D:\BqMoni_Claude\p87\store\G1S_mar1l_oisn16_155_p16.rmx (0.6 МБ)

== G1S_mar1l_oisn16_155_p24 ==
   клеймо   : phys=18;9669e8ef784ecf6c953555a51485ceabeecbd46a696319cba623f5f291a56f50
   время    : 468.9 с на часах, ядер 9.7 из 10
   счёт     : 4554.3 с ЦП, 10.69 мкс на историю  <- сравнивать надо ЭТО
   сетка κ  : 200000 точек по 2 истории — в «мкс на историю» НЕ входят (замер узлов — с --jnodes=0)
   обход    : на историю 15.7 шага границ, 16.4 поиска области, 9.4 интерполяции μ, 3.50 сбора пересечений
   шум конт.: взвешенная 0.92 %  тихо
   Q_k      : узлов 142; у 657.0 кэВ Q2 0.7722 ± 0.0004, Q4 0.4102 ± 0.0007, Q2T 0.7080, Q4T 0.3075; худший шум Q_k 0.1136
   раскладка: D:\BqMoni_Claude\p87\art\dumps\store-G1S_mar1l_oisn16_155_p24.csv
   файл     : D:\BqMoni_Claude\p87\store\G1S_mar1l_oisn16_155_p24.rmx (0.6 МБ)

== G1S_mar1l_oisn16_160_p16 ==
   клеймо   : phys=18;b2047933258c9dc22e2adc3c9cc333c4f49bb1206a70e599d02114eb2e4ec709
   время    : 472.9 с на часах, ядер 9.7 из 10
   счёт     : 4582.5 с ЦП, 10.76 мкс на историю  <- сравнивать надо ЭТО
   сетка κ  : 200000 точек по 2 истории — в «мкс на историю» НЕ входят (замер узлов — с --jnodes=0)
   обход    : на историю 15.8 шага границ, 16.5 поиска области, 9.4 интерполяции μ, 3.51 сбора пересечений
   шум конт.: взвешенная 0.91 %  тихо
   Q_k      : узлов 142; у 657.0 кэВ Q2 0.7722 ± 0.0004, Q4 0.4101 ± 0.0007, Q2T 0.7076, Q4T 0.3069; худший шум Q_k 0.1022
   раскладка: D:\BqMoni_Claude\p87\art\dumps\store-G1S_mar1l_oisn16_160_p16.csv
   файл     : D:\BqMoni_Claude\p87\store\G1S_mar1l_oisn16_160_p16.rmx (0.6 МБ)

== G1S_mar1l_oisn16_160_p24 ==
   клеймо   : phys=18;8de08e56f6b54cce68830b529ee67b17ec6ff30ab2ffe5e06a5748ebe61dd445
   время    : 468.2 с на часах, ядер 9.7 из 10
   счёт     : 4530.7 с ЦП, 10.64 мкс на историю  <- сравнивать надо ЭТО
   сетка κ  : 200000 точек по 2 истории — в «мкс на историю» НЕ входят (замер узлов — с --jnodes=0)
   обход    : на историю 15.7 шага границ, 16.4 поиска области, 9.4 интерполяции μ, 3.51 сбора пересечений
   шум конт.: взвешенная 0.92 %  тихо
   Q_k      : узлов 142; у 657.0 кэВ Q2 0.7724 ± 0.0004, Q4 0.4103 ± 0.0007, Q2T 0.7078, Q4T 0.3071; худший шум Q_k 0.1163
   раскладка: D:\BqMoni_Claude\p87\art\dumps\store-G1S_mar1l_oisn16_160_p24.csv
   файл     : D:\BqMoni_Claude\p87\store\G1S_mar1l_oisn16_160_p24.rmx (0.6 МБ)

== G1S_mar1l_oisn16_166_p16 ==
   клеймо   : phys=18;a4273f022fc9ab8f14bffdce2eb346f10866c4a28dc95d4bdd08c805ee1b6b79
   время    : 464.3 с на часах, ядер 9.7 из 10
   счёт     : 4507.2 с ЦП, 10.58 мкс на историю  <- сравнивать надо ЭТО
   сетка κ  : 200000 точек по 2 истории — в «мкс на историю» НЕ входят (замер узлов — с --jnodes=0)
   обход    : на историю 15.7 шага границ, 16.4 поиска области, 9.4 интерполяции μ, 3.52 сбора пересечений
   шум конт.: взвешенная 0.91 %  тихо
   Q_k      : узлов 142; у 657.0 кэВ Q2 0.7720 ± 0.0004, Q4 0.4096 ± 0.0007, Q2T 0.7072, Q4T 0.3063; худший шум Q_k 0.1064
   раскладка: D:\BqMoni_Claude\p87\art\dumps\store-G1S_mar1l_oisn16_166_p16.csv
   файл     : D:\BqMoni_Claude\p87\store\G1S_mar1l_oisn16_166_p16.rmx (0.6 МБ)

== G1S_mar1l_oisn16_166_p24 ==
   клеймо   : phys=18;98d43ded97ff2baa0d33b79a696fa4fc8e4544324715ccbe240194e6c19e635e
   время    : 466.7 с на часах, ядер 9.7 из 10
   счёт     : 4529.1 с ЦП, 10.63 мкс на историю  <- сравнивать надо ЭТО
   сетка κ  : 200000 точек по 2 истории — в «мкс на историю» НЕ входят (замер узлов — с --jnodes=0)
   обход    : на историю 15.7 шага границ, 16.4 поиска области, 9.4 интерполяции μ, 3.52 сбора пересечений
   шум конт.: взвешенная 0.92 %  тихо
   Q_k      : узлов 142; у 657.0 кэВ Q2 0.7721 ± 0.0004, Q4 0.4094 ± 0.0007, Q2T 0.7073, Q4T 0.3064; худший шум Q_k 0.1183
   раскладка: D:\BqMoni_Claude\p87\art\dumps\store-G1S_mar1l_oisn16_166_p24.csv
   файл     : D:\BqMoni_Claude\p87\store\G1S_mar1l_oisn16_166_p24.rmx (0.6 МБ)

== G1S_mar1l_oisn16_167_p16 ==
   клеймо   : phys=18;e388f7548275cb33da7774c80571f18f2d7ddba82d4cabf2ebda8395564160b8
   время    : 464.6 с на часах, ядер 9.7 из 10
   счёт     : 4509.6 с ЦП, 10.59 мкс на историю  <- сравнивать надо ЭТО
   сетка κ  : 200000 точек по 2 истории — в «мкс на историю» НЕ входят (замер узлов — с --jnodes=0)
   обход    : на историю 15.7 шага границ, 16.4 поиска области, 9.4 интерполяции μ, 3.52 сбора пересечений
   шум конт.: взвешенная 0.91 %  тихо
   Q_k      : узлов 142; у 657.0 кэВ Q2 0.7719 ± 0.0004, Q4 0.4096 ± 0.0007, Q2T 0.7070, Q4T 0.3061; худший шум Q_k 0.1067
   раскладка: D:\BqMoni_Claude\p87\art\dumps\store-G1S_mar1l_oisn16_167_p16.csv
   файл     : D:\BqMoni_Claude\p87\store\G1S_mar1l_oisn16_167_p16.rmx (0.6 МБ)

== G1S_mar1l_oisn16_167_p24 ==
   клеймо   : phys=18;04bc2f7baa4074169335dfd5d35a565820a2465818c6234c7dddd8375118f8a1
   время    : 452.9 с на часах, ядер 9.7 из 10
   счёт     : 4406.2 с ЦП, 10.34 мкс на историю  <- сравнивать надо ЭТО
   сетка κ  : 200000 точек по 2 истории — в «мкс на историю» НЕ входят (замер узлов — с --jnodes=0)
   обход    : на историю 15.7 шага границ, 16.4 поиска области, 9.4 интерполяции μ, 3.52 сбора пересечений
   шум конт.: взвешенная 0.92 %  тихо
   Q_k      : узлов 142; у 657.0 кэВ Q2 0.7720 ± 0.0004, Q4 0.4094 ± 0.0007, Q2T 0.7072, Q4T 0.3063; худший шум Q_k 0.1186
   раскладка: D:\BqMoni_Claude\p87\art\dumps\store-G1S_mar1l_oisn16_167_p24.csv
   файл     : D:\BqMoni_Claude\p87\store\G1S_mar1l_oisn16_167_p24.rmx (0.6 МБ)

== G1S_mar1l_risn379_100_p16 ==
   клеймо   : phys=18;8566d1907c44f80318cf05876a510b46eadaf7767f0f37662fd0163bf99ec6ae
   время    : 469.4 с на часах, ядер 9.8 из 10
   счёт     : 4588.8 с ЦП, 10.93 мкс на историю  <- сравнивать надо ЭТО
   сетка κ  : 200000 точек по 2 истории — в «мкс на историю» НЕ входят (замер узлов — с --jnodes=0)
   обход    : на историю 17.2 шага границ, 18.0 поиска области, 10.3 интерполяции μ, 3.39 сбора пересечений
   шум конт.: взвешенная 0.78 %  тихо
   Q_k      : узлов 140; у 657.0 кэВ Q2 0.7734 ± 0.0004, Q4 0.4124 ± 0.0007, Q2T 0.7150, Q4T 0.3165; худший шум Q_k 0.1101
   раскладка: D:\BqMoni_Claude\p87\art\dumps\store-G1S_mar1l_risn379_100_p16.csv
   файл     : D:\BqMoni_Claude\p87\store\G1S_mar1l_risn379_100_p16.rmx (0.6 МБ)

== G1S_petri60_oisn06_057_p24 ==
   клеймо   : phys=18;399068bb0682ee620611fe8b588b1de70369b0d9bde9b825bba6295c22c0a6eb
   время    : 401.8 с на часах, ядер 9.7 из 10
   счёт     : 3896.6 с ЦП, 9.15 мкс на историю  <- сравнивать надо ЭТО
   сетка κ  : 200000 точек по 2 истории — в «мкс на историю» НЕ входят (замер узлов — с --jnodes=0)
   обход    : на историю 13.1 шага границ, 13.9 поиска области, 8.2 интерполяции μ, 3.22 сбора пересечений
   шум конт.: взвешенная 0.63 %  тихо
   Q_k      : узлов 142; у 657.0 кэВ Q2 0.5916 ± 0.0007, Q4 0.1495 ± 0.0009, Q2T 0.4967, Q4T 0.0706; худший шум Q_k 0.0414
   раскладка: D:\BqMoni_Claude\p87\art\dumps\store-G1S_petri60_oisn06_057_p24.csv
   файл     : D:\BqMoni_Claude\p87\store\G1S_petri60_oisn06_057_p24.rmx (0.6 МБ)

== G1S_petri60_oisn06_062_p24 ==
   клеймо   : phys=18;3457c41a092eb8c95891086e60709be1a507cc02d4e2aaff6372abeefe951c11
   время    : 412.2 с на часах, ядер 9.7 из 10
   счёт     : 3987.2 с ЦП, 9.36 мкс на историю  <- сравнивать надо ЭТО
   сетка κ  : 200000 точек по 2 истории — в «мкс на историю» НЕ входят (замер узлов — с --jnodes=0)
   обход    : на историю 13.1 шага границ, 13.9 поиска области, 8.2 интерполяции μ, 3.23 сбора пересечений
   шум конт.: взвешенная 0.63 %  тихо
   Q_k      : узлов 142; у 657.0 кэВ Q2 0.5920 ± 0.0007, Q4 0.1498 ± 0.0009, Q2T 0.4952, Q4T 0.0706; худший шум Q_k 0.0422
   раскладка: D:\BqMoni_Claude\p87\art\dumps\store-G1S_petri60_oisn06_062_p24.csv
   файл     : D:\BqMoni_Claude\p87\store\G1S_petri60_oisn06_062_p24.rmx (0.6 МБ)

== G1S_petri60_oisn06_064_p24 ==
   клеймо   : phys=18;5d41f3b78427351f23efd5bb8b8bd8c3bb0ccd1ec7095f5cc6e736908679931d
   время    : 421.7 с на часах, ядер 9.7 из 10
   счёт     : 4072.3 с ЦП, 9.56 мкс на историю  <- сравнивать надо ЭТО
   сетка κ  : 200000 точек по 2 истории — в «мкс на историю» НЕ входят (замер узлов — с --jnodes=0)
   обход    : на историю 13.1 шага границ, 13.9 поиска области, 8.2 интерполяции μ, 3.23 сбора пересечений
   шум конт.: взвешенная 0.63 %  тихо
   Q_k      : узлов 142; у 657.0 кэВ Q2 0.5917 ± 0.0007, Q4 0.1494 ± 0.0009, Q2T 0.4946, Q4T 0.0705; худший шум Q_k 0.0427
   раскладка: D:\BqMoni_Claude\p87\art\dumps\store-G1S_petri60_oisn06_064_p24.csv
   файл     : D:\BqMoni_Claude\p87\store\G1S_petri60_oisn06_064_p24.rmx (0.6 МБ)

== G1S_petri60_oisn06_067_p24 ==
   клеймо   : phys=18;4a59c39c4413721dfa5fe70e27cf2befad035d87235514fd43c3e60133df4ed5
   время    : 421.6 с на часах, ядер 9.7 из 10
   счёт     : 4092.4 с ЦП, 9.61 мкс на историю  <- сравнивать надо ЭТО
   сетка κ  : 200000 точек по 2 истории — в «мкс на историю» НЕ входят (замер узлов — с --jnodes=0)
   обход    : на историю 13.1 шага границ, 13.9 поиска области, 8.2 интерполяции μ, 3.24 сбора пересечений
   шум конт.: взвешенная 0.63 %  тихо
   Q_k      : узлов 142; у 657.0 кэВ Q2 0.5915 ± 0.0007, Q4 0.1495 ± 0.0009, Q2T 0.4937, Q4T 0.0701; худший шум Q_k 0.0227
   раскладка: D:\BqMoni_Claude\p87\art\dumps\store-G1S_petri60_oisn06_067_p24.csv
   файл     : D:\BqMoni_Claude\p87\store\G1S_petri60_oisn06_067_p24.rmx (0.6 МБ)

== G1S_petri60_oisn10_100_p16 ==
   клеймо   : phys=18;195b7b1325fec88d84a7f87b3dad73ba20991c3e9748b6b136c2ab7f480caa96
   время    : 417.6 с на часах, ядер 9.7 из 10
   счёт     : 4050.1 с ЦП, 9.51 мкс на историю  <- сравнивать надо ЭТО
   сетка κ  : 200000 точек по 2 истории — в «мкс на историю» НЕ входят (замер узлов — с --jnodes=0)
   обход    : на историю 12.5 шага границ, 13.2 поиска области, 7.8 интерполяции μ, 3.28 сбора пересечений
   шум конт.: взвешенная 0.67 %  тихо
   Q_k      : узлов 142; у 657.0 кэВ Q2 0.5912 ± 0.0007, Q4 0.1494 ± 0.0009, Q2T 0.4856, Q4T 0.0686; худший шум Q_k 0.0346
   раскладка: D:\BqMoni_Claude\p87\art\dumps\store-G1S_petri60_oisn10_100_p16.csv
   файл     : D:\BqMoni_Claude\p87\store\G1S_petri60_oisn10_100_p16.rmx (0.6 МБ)

== G1S_petri60_oisn16_155_p24 ==
   клеймо   : phys=18;d54e77e12f128994b89e5c1bb3a0c4cb042a366fa5b12ba4e1444b985623514c
   время    : 417.8 с на часах, ядер 9.7 из 10
   счёт     : 4050.0 с ЦП, 9.51 мкс на историю  <- сравнивать надо ЭТО
   сетка κ  : 200000 точек по 2 истории — в «мкс на историю» НЕ входят (замер узлов — с --jnodes=0)
   обход    : на историю 12.0 шага границ, 12.8 поиска области, 7.4 интерполяции μ, 3.32 сбора пересечений
   шум конт.: взвешенная 0.69 %  тихо
   Q_k      : узлов 142; у 657.0 кэВ Q2 0.5917 ± 0.0007, Q4 0.1507 ± 0.0009, Q2T 0.4735, Q4T 0.0662; худший шум Q_k 0.0280
   раскладка: D:\BqMoni_Claude\p87\art\dumps\store-G1S_petri60_oisn16_155_p24.csv
   файл     : D:\BqMoni_Claude\p87\store\G1S_petri60_oisn16_155_p24.rmx (0.6 МБ)

== G1S_petri60_oisn16_160_p24 ==
   клеймо   : phys=18;54a36fd3f5ca592d1a4c673e391841dd9c9bd8eff87d480eef720279e0bc6b9c
   время    : 421.1 с на часах, ядер 9.7 из 10
   счёт     : 4073.0 с ЦП, 9.56 мкс на историю  <- сравнивать надо ЭТО
   сетка κ  : 200000 точек по 2 истории — в «мкс на историю» НЕ входят (замер узлов — с --jnodes=0)
   обход    : на историю 12.0 шага границ, 12.8 поиска области, 7.4 интерполяции μ, 3.33 сбора пересечений
   шум конт.: взвешенная 0.69 %  тихо
   Q_k      : узлов 142; у 657.0 кэВ Q2 0.5921 ± 0.0007, Q4 0.1509 ± 0.0009, Q2T 0.4727, Q4T 0.0659; худший шум Q_k 0.0282
   раскладка: D:\BqMoni_Claude\p87\art\dumps\store-G1S_petri60_oisn16_160_p24.csv
   файл     : D:\BqMoni_Claude\p87\store\G1S_petri60_oisn16_160_p24.rmx (0.6 МБ)

== G1S_petri60_oisn16_167_p24 ==
   клеймо   : phys=18;00bbec9eaac6ef034a2dad498dff8fdb25f12629e66b32c7ee9e93bd0569bd84
   время    : 419.9 с на часах, ядер 9.7 из 10
   счёт     : 4062.2 с ЦП, 9.54 мкс на историю  <- сравнивать надо ЭТО
   сетка κ  : 200000 точек по 2 истории — в «мкс на историю» НЕ входят (замер узлов — с --jnodes=0)
   обход    : на историю 12.0 шага границ, 12.7 поиска области, 7.4 интерполяции μ, 3.33 сбора пересечений
   шум конт.: взвешенная 0.69 %  тихо
   Q_k      : узлов 142; у 657.0 кэВ Q2 0.5918 ± 0.0007, Q4 0.1507 ± 0.0009, Q2T 0.4709, Q4T 0.0657; худший шум Q_k 0.0286
   раскладка: D:\BqMoni_Claude\p87\art\dumps\store-G1S_petri60_oisn16_167_p24.csv
   файл     : D:\BqMoni_Claude\p87\store\G1S_petri60_oisn16_167_p24.rmx (0.6 МБ)

== G1S_petri60_risn379_100_p16 ==
   клеймо   : phys=18;f4ab057c467e6eb0e35a0a20109552c28c7f35a038a22e5c18d929a65ceeeb7f
   время    : 426.1 с на часах, ядер 9.8 из 10
   счёт     : 4162.2 с ЦП, 9.91 мкс на историю  <- сравнивать надо ЭТО
   сетка κ  : 200000 точек по 2 истории — в «мкс на историю» НЕ входят (замер узлов — с --jnodes=0)
   обход    : на историю 12.9 шага границ, 13.7 поиска области, 8.0 интерполяции μ, 3.24 сбора пересечений
   шум конт.: взвешенная 0.61 %  тихо
   Q_k      : узлов 140; у 657.0 кэВ Q2 0.5912 ± 0.0007, Q4 0.1495 ± 0.0009, Q2T 0.4841, Q4T 0.0676; худший шум Q_k 0.0365
   раскладка: D:\BqMoni_Claude\p87\art\dumps\store-G1S_petri60_risn379_100_p16.csv
   файл     : D:\BqMoni_Claude\p87\store\G1S_petri60_risn379_100_p16.rmx (0.6 МБ)

== G1S_point25 ==
   клеймо   : phys=18;1a7858984392ca23cb186a58dc41d862fab9aafcf4592f8505224f86406cf3e4
   время    : 268.3 с на часах, ядер 9.7 из 10
   счёт     : 2612.0 с ЦП, 6.22 мкс на историю  <- сравнивать надо ЭТО
   сетка κ  : 200000 точек по 2 истории — в «мкс на историю» НЕ входят (замер узлов — с --jnodes=0)
   обход    : на историю 7.1 шага границ, 7.9 поиска области, 3.4 интерполяции μ, 2.63 сбора пересечений
   шум конт.: взвешенная 5.31 %  ВЫШЕ ПОРОГА 5.0 %
   Q_k      : узлов 140; у 657.0 кэВ Q2 0.9910 ± 0.0000, Q4 0.9703 ± 0.0000, Q2T 0.9899, Q4T 0.9665; худший шум Q_k 0.0069
   раскладка: D:\BqMoni_Claude\p87\art\dumps\store-G1S_point25.csv
   файл     : D:\BqMoni_Claude\p87\store\G1S_point25.rmx (0.6 МБ)

== RC103_lu_front ==
   клеймо   : phys=18;2d63fa4914edf0d8384374cd686cbb2ef6252640850bbf8a7b905d006b6cc54b
   время    : 277.2 с на часах, ядер 9.6 из 10
   счёт     : 2647.7 с ЦП, 6.22 мкс на историю  <- сравнивать надо ЭТО
   сетка κ  : 200000 точек по 2 истории — в «мкс на историю» НЕ входят (замер узлов — с --jnodes=0)
   обход    : на историю 13.8 шага границ, 14.1 поиска области, 8.7 интерполяции μ, 3.34 сбора пересечений
   шум конт.: взвешенная 2.28 %  тихо
   Q_k      : узлов 142; у 657.0 кэВ Q2 0.9410 ± 0.0006, Q4 0.8163 ± 0.0018, Q2T 0.9138, Q4T 0.7589; худший шум Q_k 0.0678
   раскладка: D:\BqMoni_Claude\p87\art\dumps\store-RC103_lu_front.csv
   файл     : D:\BqMoni_Claude\p87\store\RC103_lu_front.rmx (0.6 МБ)

== RC103_marinelli05_kcl ==
   клеймо   : phys=18;a53cb1f42a3cc9299375bd31e2f0ca8dc42f01a12860af5eb607d0331ee7abda
   время    : 343.8 с на часах, ядер 9.7 из 10
   счёт     : 3342.7 с ЦП, 7.96 мкс на историю  <- сравнивать надо ЭТО
   сетка κ  : 200000 точек по 2 истории — в «мкс на историю» НЕ входят (замер узлов — с --jnodes=0)
   обход    : на историю 20.5 шага границ, 20.9 поиска области, 13.0 интерполяции μ, 3.33 сбора пересечений
   шум конт.: взвешенная 3.18 %  тихо
   Q_k      : узлов 140; у 657.0 кэВ Q2 0.9789 ± 0.0009, Q4 0.9333 ± 0.0023, Q2T 0.9716, Q4T 0.9133; худший шум Q_k 0.2202
   раскладка: D:\BqMoni_Claude\p87\art\dumps\store-RC103_marinelli05_kcl.csv
   файл     : D:\BqMoni_Claude\p87\store\RC103_marinelli05_kcl.rmx (0.6 МБ)

== RC103_point0 ==
   клеймо   : phys=18;3ecd6580980b9e8d3125acd11056a334a40a77c948e5653cb0d4d49c03b72202
   время    : 174.9 с на часах, ядер 9.6 из 10
   счёт     : 1685.8 с ЦП, 4.01 мкс на историю  <- сравнивать надо ЭТО
   сетка κ  : 200000 точек по 2 истории — в «мкс на историю» НЕ входят (замер узлов — с --jnodes=0)
   обход    : на историю 8.6 шага границ, 8.9 поиска области, 4.3 интерполяции μ, 2.57 сбора пересечений
   шум конт.: взвешенная 0.76 %  тихо
   Q_k      : узлов 140; у 657.0 кэВ Q2 0.7637 ± 0.0013, Q4 0.3767 ± 0.0028, Q2T 0.6849, Q4T 0.3013; худший шум Q_k 0.0563
   раскладка: D:\BqMoni_Claude\p87\art\dumps\store-RC103_point0.csv
   файл     : D:\BqMoni_Claude\p87\store\RC103_point0.rmx (0.6 МБ)

матриц: 27 — посчитано 27, пропущено 0 (клеймо сошлось); всего 189.0 мин
пересчитаны ВСЕ — значит изменилась картина целиком (версия физики или параметры расчёта)
ЕСТЬ ШУМНЫЕ
