BecqMoni: main config: D:\BqMoni_Claude\p87\wt\tools\effmaker\probes\build_p87\config\BecquerelMonitor.xml
Матрицы отклика понятной части корпуса (B1)
сетка: 140 узлов 5-3000 кэВ, бин 2 кэВ, 3000000 историй на узел
останов по шуму ВЫКЛЮЧЕН — плоский счёт (T35)

== AS80_point0 ==
   клеймо   : phys=18;1f5aeaf1eeae43b63d6a7b0817f68eaccc4167c12243909b95293aeb63a1d205
   время    : 205.2 с на часах, ядер 9.8 из 10
   счёт     : 2010.7 с ЦП, 4.79 мкс на историю  <- сравнивать надо ЭТО
   сетка κ  : 200000 точек по 2 истории — в «мкс на историю» НЕ входят (замер узлов — с --jnodes=0)
   обход    : на историю 7.9 шага границ, 8.4 поиска области, 3.8 интерполяции μ, 2.66 сбора пересечений
   шум конт.: взвешенная 0.60 %  тихо
   Q_k      : узлов 140; у 657.0 кэВ Q2 0.6353 ± 0.0005, Q4 0.1620 ± 0.0010, Q2T 0.5069, Q4T 0.0836; худший шум Q_k 0.0566
   раскладка: D:\BqMoni_Claude\p87\art\dumps\first2-AS80_point0.csv
   файл     : D:\BqMoni_Claude\p87\store\AS80_point0.rmx (0.6 МБ)

== G1S_point5 ==
   клеймо   : phys=18;a56b959512b93db3a9d2e8a9f15e233cc4dfbe5a5aa2b5b65f50abea644bb33c
   время    : 355.2 с на часах, ядер 9.8 из 10
   счёт     : 3469.8 с ЦП, 8.26 мкс на историю  <- сравнивать надо ЭТО
   сетка κ  : 200000 точек по 2 истории — в «мкс на историю» НЕ входят (замер узлов — с --jnodes=0)
   обход    : на историю 9.5 шага границ, 10.8 поиска области, 5.2 интерполяции μ, 2.98 сбора пересечений
   шум конт.: взвешенная 1.35 %  тихо
   Q_k      : узлов 140; у 657.0 кэВ Q2 0.8754 ± 0.0001, Q4 0.6291 ± 0.0003, Q2T 0.8563, Q4T 0.5787; худший шум Q_k 0.0741
   раскладка: D:\BqMoni_Claude\p87\art\dumps\first2-G1S_point5.csv
   файл     : D:\BqMoni_Claude\p87\store\G1S_point5.rmx (0.6 МБ)

матриц: 2 — посчитано 2, пропущено 0 (клеймо сошлось); всего 9.3 мин
пересчитаны ВСЕ — значит изменилась картина целиком (версия физики или параметры расчёта)
ВСЕ СОШЛИСЬ
