Расхождение двух матриц (T43)
  A: AS80_point0.rmx  (формат 8 — ПРЕЖНИЙ, прочитан только для сравнения)
  B: AS80_point0.rmx  (формат 9)
  клейма одинаковые
  отпечаток тела (SHA-256 сетки и строк):
     A: 92738a9112108a3c…  сходится с записанным
     B: 92738a9112108a3c…  сходится с записанным
  ТЕЛА ТОЖДЕСТВЕННЫ (побайтно, по отпечатку)
  блок Q_k угловой корреляции (формат 9):
     Q_k ДОБАВЛЕН у B: у A блока нет (прежний формат либо собрана не построителем), у B 140 узлов
     у узла 657.0 кэВ: Q2 0.6353 ± 0.0005, Q4 0.1620 ± 0.0010, Q2T 0.5069, Q4T 0.0836, историй 3000000

расхождение по 140 узлам, % (медиана / худший):
   пик       : 0.000 / 0.000   (узел 0, 5 кэВ)
   сумма     : 0.000 / 0.000   (узел 0, 5 кэВ)
   форма, L1 : 0.00  / 0.00    (узел 0, 5 кэВ)

ФОРМА БЕЗ МАСШТАБА (строки приведены к единичной сумме):
   L1        : 0.00  / 0.00    (узел 0, 5 кэВ)
   доля пика : A 0.7529, B 0.7529  (медиана по узлам; отношение B/A 1.0000)

СМЕЩЕНИЕ B относительно A, % (среднее по узлам ± ошибка среднего):
   пик       :   0.000 ± 0.000   — ноль в пределах ошибки
   сумма     :   0.000 ± 0.000   — ноль в пределах ошибки

⚠ сравнивать ЭТИ числа надо с такими же для двух зёрен одного кода
