AngularQkProbe (AMBER46, читатель-контроль): склад D:/BqMoni_Claude/p87/store
историй на узел: как у матрицы (ожидание — ДО БИТА); узлы: каждый 7-й; потоков 10; допуск 3.0 σ

=== G1S_mar1l_oisn06_057_p24: G1S_mar1l_oisn06_057_p24: кристалл Sodium iodide цилиндр 63.00x63.00 мм, ро 3.667; источник — Маринелли D=154.0 Dhole=97.0 H=86.1 на 1.0 мм, ОИСН-06; матрица формат 9, 142 узлов, клеймо phys=18;531cc8f6e08c5ad665a8dc765f36df2a66128d419baab0610332917833d1ef34
контроль подсмотра (узел 5.0 кэВ, зерно узла): штатный Efficiency = 0, мой обход = 0 — ДО БИТА
   узел   E, кэВ   ист.матр  ист.пробы     Q2 матр    Q2 проба   ΔQ2/σ     Q4 матр    Q4 проба   ΔQ4/σ    Q2T матр   Q2T проба  ΔQ2T/σ   вердикт
      0       5.0    3000000    3000000     0.00000   0.00000       =     0.00000   0.00000       =     0.00000   0.00000       =   ДО БИТА
      7       6.9    3000000    3000000     0.65330   0.65330       =     0.20445   0.20445       =     0.65389   0.65389       =   ДО БИТА
     14       8.7    3000000    3000000     0.69237   0.69237       =     0.29040   0.29040       =     0.69233   0.69233       =   ДО БИТА
     21      12.0    3000000    3000000     0.70785   0.70785       =     0.34234   0.34234       =     0.70748   0.70748       =   ДО БИТА
     28      16.5    3000000    3000000     0.66152   0.66152       =     0.25756   0.25756       =     0.66135   0.66135       =   ДО БИТА
     35      22.8    3000000    3000000     0.64786   0.64786       =     0.23028   0.23028       =     0.64410   0.64410       =   ДО БИТА
     42      31.5    3000000    3000000     0.65486   0.65486       =     0.23021   0.23021       =     0.64411   0.64411       =   ДО БИТА
     49      43.5    3000000    3000000     0.66436   0.66436       =     0.23842   0.23842       =     0.64266   0.64266       =   ДО БИТА
     56      60.0    3000000    3000000     0.67030   0.67030       =     0.24233   0.24233       =     0.64382   0.64382       =   ДО БИТА
     63      82.8    3000000    3000000     0.67581   0.67581       =     0.24724   0.24724       =     0.64682   0.64682       =   ДО БИТА
     70     114.3    3000000    3000000     0.68301   0.68301       =     0.25487   0.25487       =     0.65338   0.65338       =   ДО БИТА
     77     157.8    3000000    3000000     0.69640   0.69640       =     0.27282   0.27282       =     0.66503   0.66503       =   ДО БИТА
     84     217.7    3000000    3000000     0.71796   0.71796       =     0.30765   0.30765       =     0.68200   0.68200       =   ДО БИТА
     91     300.5    3000000    3000000     0.74242   0.74242       =     0.35124   0.35124       =     0.69889   0.69889       =   ДО БИТА
     98     414.7    3000000    3000000     0.75924   0.75924       =     0.38365   0.38365       =     0.71068   0.71068       =   ДО БИТА
    105     572.3    3000000    3000000     0.77025   0.77025       =     0.40643   0.40643       =     0.71955   0.71955       =   ДО БИТА
    112     789.8    3000000    3000000     0.77877   0.77877       =     0.42279   0.42279       =     0.72654   0.72654       =   ДО БИТА
    119    1090.0    3000000    3000000     0.78592   0.78592       =     0.43692   0.43692       =     0.73267   0.73267       =   ДО БИТА
    126    1504.3    3000000    3000000     0.79148   0.79148       =     0.44860   0.44860       =     0.73781   0.73781       =   ДО БИТА
    133    2076.0    3000000    3000000     0.79657   0.79657       =     0.45928   0.45928       =     0.74251   0.74251       =   ДО БИТА
    140    2865.1    3000000    3000000     0.80349   0.80349       =     0.47395   0.47395       =     0.74608   0.74608       =   ДО БИТА
узлов проверено 21: до бита 21, в шуме 0, расхождений 0; 94.1 с


ВСЕ СОШЛИСЬ: Q_k матрицы = независимый подсмотр на всех проверенных узлах
code=0
