→ python C:\Users\moroz\source\repos\BQ Eng res .NET 4.8\tools\check_fsa_showcase.py --snapshot
каталог проб: C:\Users\moroz\source\repos\BQ Eng res .NET 4.8\tools\effmaker\probes\build (заверен 2026-09-17 13:17:18 из C:\Users\moroz\source\repos\BQ Eng res .NET 4.8\BecquerelMonitor\bin\Debug_Codex)
  ⚠ сверено: набор приложения 4b73cb694a0b (549 файлов), набор FsaStackShot df91d565a344 (6 файлов), sha двух exe
свежесть каталога проб: сошлась с деревом (T226, 0.7 с)
рабочий каталог: C:\Users\moroz\source\repos\BQ Eng res .NET 4.8\tools\fsa_showcase\wd (скопировано 0, снято 0; приборов 3, матриц 4)
прогон FsaStackShot (5 спектров, 7 пар):
  ASN16_Cs137_house / infer_eq: 1.6 с
  AS80_Th232_disk / infer_eq: 4.8 с
  ASN16_Radon_filter2 / chain_eq: 4.5 с
  ASN16_Radon_filter2 / chain_noeq: 6.1 с
  G1S24_Rn222Coal_eq01 / sample_eq: 3.5 с
  G1S24_Rn222Coal_eq01 / sample_noeq: 2.8 с
  ASN16_Cs137_10cm / sample_nomatrix: 1.0 с
  ASN16_Cs137_house / infer_eq: числа те же, что в эталоне 2026-09-15 23:37 (переписано клеймо)

ПЕРЕОБЪЯВЛЕНИЕ AS80_Th232_disk / infer_eq: 138 расхождений с прежним эталоном (2026-09-15 23:37):
  спектр                 режим          полоса           компонент                                  было              стало              Δ
  AS80_Th232_disk        infer_eq       0-30 кэВ         Ac-228                                10538.898          10538.952 0.054 (+0.00 %)
  AS80_Th232_disk        infer_eq       0-30 кэВ         Bi-212                                 3784.335           3784.388 0.053 (+0.00 %)
  AS80_Th232_disk        infer_eq       0-30 кэВ         Pb-212                                 2303.402           2303.381 -0.021 (-0.00 %)
  AS80_Th232_disk        infer_eq       0-30 кэВ         Ra-224                                  171.938            171.937 -0.001 (-0.00 %)
  AS80_Th232_disk        infer_eq       0-30 кэВ         Th-228                                   30.956             30.954 -0.002 (-0.01 %)
  AS80_Th232_disk        infer_eq       0-30 кэВ         Tl-208                                 2800.828           2800.796 -0.032 (-0.00 %)
  AS80_Th232_disk        infer_eq       0-30 кэВ         Xray-Pb                                2093.330           2093.285 -0.045 (-0.00 %)
  AS80_Th232_disk        infer_eq       0-30 кэВ         Xray-Th                                  70.243             70.240 -0.003 (-0.00 %)
  AS80_Th232_disk        infer_eq       0-30 кэВ         continuum_raw                          6261.360           6261.232 -0.128 (-0.00 %)
  AS80_Th232_disk        infer_eq       0-30 кэВ         missing_fit                            3858.313           3858.312 -0.001 (-0.00 %)
  AS80_Th232_disk        infer_eq       0-30 кэВ         missing_net                            3858.313           3858.312 -0.001 (-0.00 %)
  AS80_Th232_disk        infer_eq       0-30 кэВ         model                                 21803.664          21803.665 0.001 (+0.00 %)
  AS80_Th232_disk        infer_eq       0-30 кэВ         tail                                   5297.656           5297.643 -0.013 (-0.00 %)
  AS80_Th232_disk        infer_eq       30-100 кэВ       Ac-228                                70727.183          70727.547 0.364 (+0.00 %)
  AS80_Th232_disk        infer_eq       30-100 кэВ       Bi-212                                16473.866          16474.008 0.142 (+0.00 %)
  AS80_Th232_disk        infer_eq       30-100 кэВ       Pb-212                                60677.571          60678.043 0.472 (+0.00 %)
  AS80_Th232_disk        infer_eq       30-100 кэВ       Ra-224                                 2978.310           2978.328 0.018 (+0.00 %)
  AS80_Th232_disk        infer_eq       30-100 кэВ       Th-228                                 1553.405           1553.423 0.018 (+0.00 %)
  AS80_Th232_disk        infer_eq       30-100 кэВ       Tl-208                                37256.291          37256.229 -0.062 (-0.00 %)
  AS80_Th232_disk        infer_eq       30-100 кэВ       Xray-Pb                              161098.026         161097.275 -0.751 (-0.00 %)
  AS80_Th232_disk        infer_eq       30-100 кэВ       Xray-Th                                9830.523           9830.281 -0.242 (-0.00 %)
  AS80_Th232_disk        infer_eq       30-100 кэВ       continuum_raw                         85088.996          85088.228 -0.768 (-0.00 %)
  AS80_Th232_disk        infer_eq       30-100 кэВ       excess_fit                            13835.234          13835.229 -0.005 (-0.00 %)
  AS80_Th232_disk        infer_eq       30-100 кэВ       excess_net                            13835.234          13835.229 -0.005 (-0.00 %)
  AS80_Th232_disk        infer_eq       30-100 кэВ       missing_fit                           15785.574          15785.604 0.030 (+0.00 %)
  AS80_Th232_disk        infer_eq       30-100 кэВ       missing_net                           15785.574          15785.604 0.030 (+0.00 %)
  AS80_Th232_disk        infer_eq       30-100 кэВ       model                                360771.071         360771.036 -0.035 (-0.00 %)
  AS80_Th232_disk        infer_eq       30-100 кэВ       tail                                   8067.740           8067.611 -0.129 (-0.00 %)
  AS80_Th232_disk        infer_eq       100-300 кэВ      Ac-228                               209102.855         209102.835 -0.020 (-0.00 %)
  AS80_Th232_disk        infer_eq       100-300 кэВ      Bi-212                                20967.621          20967.557 -0.064 (-0.00 %)
  AS80_Th232_disk        infer_eq       100-300 кэВ      Pb-212                               220812.122         220814.076 1.954 (+0.00 %)
  AS80_Th232_disk        infer_eq       100-300 кэВ      Ra-224                                19687.634          19687.817 0.183 (+0.00 %)
  AS80_Th232_disk        infer_eq       100-300 кэВ      Rn-220                                  239.222            239.221 -0.001 (-0.00 %)
  AS80_Th232_disk        infer_eq       100-300 кэВ      Th-228                                 1835.882           1835.897 0.015 (+0.00 %)
  AS80_Th232_disk        infer_eq       100-300 кэВ      Tl-208                               134657.059         134656.363 -0.696 (-0.00 %)
  AS80_Th232_disk        infer_eq       100-300 кэВ      Xray-Pb                                 216.624            216.622 -0.002 (-0.00 %)
  AS80_Th232_disk        infer_eq       100-300 кэВ      Xray-Th                                4288.563           4288.462 -0.101 (-0.00 %)
  AS80_Th232_disk        infer_eq       100-300 кэВ      continuum_raw                        202947.399         202943.208 -4.191 (-0.00 %)
  AS80_Th232_disk        infer_eq       100-300 кэВ      excess_fit                            17366.053          17366.089 0.036 (+0.00 %)
  AS80_Th232_disk        infer_eq       100-300 кэВ      excess_net                            17366.053          17366.089 0.036 (+0.00 %)
  AS80_Th232_disk        infer_eq       100-300 кэВ      missing_fit                           32175.549          32174.288 -1.261 (-0.00 %)
  AS80_Th232_disk        infer_eq       100-300 кэВ      missing_net                           32175.549          32174.288 -1.261 (-0.00 %)
  AS80_Th232_disk        infer_eq       100-300 кэВ      model                                611865.499         611866.796 1.297 (+0.00 %)
  AS80_Th232_disk        infer_eq       300-700 кэВ      Ac-228                               176214.070         176214.945 0.875 (+0.00 %)
  AS80_Th232_disk        infer_eq       300-700 кэВ      Bi-212                                18517.559          18517.558 -0.001 (-0.00 %)
  AS80_Th232_disk        infer_eq       300-700 кэВ      Pb-212                                 5264.769           5264.839 0.070 (+0.00 %)
  AS80_Th232_disk        infer_eq       300-700 кэВ      Rn-220                                  341.379            341.378 -0.001 (-0.00 %)
  AS80_Th232_disk        infer_eq       300-700 кэВ      Tl-208                               148012.158         148011.251 -0.907 (-0.00 %)
  AS80_Th232_disk        infer_eq       300-700 кэВ      continuum_raw                         73751.069          73748.392 -2.677 (-0.00 %)
  AS80_Th232_disk        infer_eq       300-700 кэВ      excess_fit                            13627.162          13627.122 -0.040 (-0.00 %)
  AS80_Th232_disk        infer_eq       300-700 кэВ      excess_net                            13627.162          13627.122 -0.040 (-0.00 %)
  AS80_Th232_disk        infer_eq       300-700 кэВ      missing_fit                           20749.167          20749.088 -0.079 (-0.00 %)
  AS80_Th232_disk        infer_eq       300-700 кэВ      missing_net                           20749.167          20749.088 -0.079 (-0.00 %)
  AS80_Th232_disk        infer_eq       300-700 кэВ      model                                348353.076         348353.115 0.039 (+0.00 %)
  AS80_Th232_disk        infer_eq       700-1500 кэВ     Ac-228                               113789.220         113790.179 0.959 (+0.00 %)
  AS80_Th232_disk        infer_eq       700-1500 кэВ     Bi-212                                16303.199          16303.304 0.105 (+0.00 %)
  AS80_Th232_disk        infer_eq       700-1500 кэВ     Tl-208                                58179.982          58179.337 -0.645 (-0.00 %)
  AS80_Th232_disk        infer_eq       700-1500 кэВ     continuum_raw                         48398.211          48396.792 -1.419 (-0.00 %)
  AS80_Th232_disk        infer_eq       700-1500 кэВ     excess_fit                            20212.747          20213.134 0.387 (+0.00 %)
  AS80_Th232_disk        infer_eq       700-1500 кэВ     excess_net                            20209.203          20209.590 0.387 (+0.00 %)
  … и ещё 78 строк

ПЕРЕОБЪЯВЛЕНИЕ ASN16_Radon_filter2 / chain_eq: 123 расхождений с прежним эталоном (2026-09-15 23:37):
  спектр                 режим          полоса           компонент                                  было              стало              Δ
  ASN16_Radon_filter2    chain_eq       0-30 кэВ         Ac-228                                 3965.692           3965.979 0.287 (+0.01 %)
  ASN16_Radon_filter2    chain_eq       0-30 кэВ         Bi-212                                  481.908            481.900 -0.008 (-0.00 %)
  ASN16_Radon_filter2    chain_eq       0-30 кэВ         Pb-212                                 4772.255           4772.625 0.370 (+0.01 %)
  ASN16_Radon_filter2    chain_eq       0-30 кэВ         Ra-224                                  247.436            247.459 0.023 (+0.01 %)
  ASN16_Radon_filter2    chain_eq       0-30 кэВ         Th-228                                  108.276            108.286 0.010 (+0.01 %)
  ASN16_Radon_filter2    chain_eq       0-30 кэВ         Th-232                                   19.932             19.934 0.002 (+0.01 %)
  ASN16_Radon_filter2    chain_eq       0-30 кэВ         Tl-208                                 2141.913           2141.233 -0.680 (-0.03 %)
  ASN16_Radon_filter2    chain_eq       0-30 кэВ         continuum_raw                         11665.877          11665.939 0.062 (+0.00 %)
  ASN16_Radon_filter2    chain_eq       0-30 кэВ         excess_fit                             3542.701           3542.702 0.001 (+0.00 %)
  ASN16_Radon_filter2    chain_eq       0-30 кэВ         excess_net                             3542.701           3542.702 0.001 (+0.00 %)
  ASN16_Radon_filter2    chain_eq       0-30 кэВ         missing_fit                            6601.773           6601.776 0.003 (+0.00 %)
  ASN16_Radon_filter2    chain_eq       0-30 кэВ         missing_net                            6601.773           6601.776 0.003 (+0.00 %)
  ASN16_Radon_filter2    chain_eq       0-30 кэВ         model                                 11741.276          11741.274 -0.002 (-0.00 %)
  ASN16_Radon_filter2    chain_eq       30-100 кэВ       Ac-228                                 9415.263           9416.195 0.932 (+0.01 %)
  ASN16_Radon_filter2    chain_eq       30-100 кэВ       Bi-212                                  882.463            882.402 -0.061 (-0.01 %)
  ASN16_Radon_filter2    chain_eq       30-100 кэВ       Pb-212                                10981.612          10982.282 0.670 (+0.01 %)
  ASN16_Radon_filter2    chain_eq       30-100 кэВ       Ra-224                                  617.277            617.353 0.076 (+0.01 %)
  ASN16_Radon_filter2    chain_eq       30-100 кэВ       Th-228                                  255.342            255.359 0.017 (+0.01 %)
  ASN16_Radon_filter2    chain_eq       30-100 кэВ       Th-232                                   27.741             27.743 0.002 (+0.01 %)
  ASN16_Radon_filter2    chain_eq       30-100 кэВ       Tl-208                                 5258.829           5257.185 -1.644 (-0.03 %)
  ASN16_Radon_filter2    chain_eq       30-100 кэВ       continuum_raw                         26476.962          26477.744 0.782 (+0.00 %)
  ASN16_Radon_filter2    chain_eq       30-100 кэВ       excess_fit                             5487.922           5487.910 -0.012 (-0.00 %)
  ASN16_Radon_filter2    chain_eq       30-100 кэВ       excess_net                             5448.095           5448.083 -0.012 (-0.00 %)
  ASN16_Radon_filter2    chain_eq       30-100 кэВ       missing_fit                            7415.236           7415.246 0.010 (+0.00 %)
  ASN16_Radon_filter2    chain_eq       30-100 кэВ       missing_net                            7415.236           7415.246 0.010 (+0.00 %)
  ASN16_Radon_filter2    chain_eq       30-100 кэВ       model                                 27446.636          27446.614 -0.022 (-0.00 %)
  ASN16_Radon_filter2    chain_eq       100-300 кэВ      Ac-228                                 2922.437           2922.853 0.416 (+0.01 %)
  ASN16_Radon_filter2    chain_eq       100-300 кэВ      Bi-212                                  267.866            267.879 0.013 (+0.00 %)
  ASN16_Radon_filter2    chain_eq       100-300 кэВ      Pb-212                                 2394.365           2394.233 -0.132 (-0.01 %)
  ASN16_Radon_filter2    chain_eq       100-300 кэВ      Ra-224                                  209.022            209.010 -0.012 (-0.01 %)
  ASN16_Radon_filter2    chain_eq       100-300 кэВ      Th-228                                   27.470             27.469 -0.001 (-0.00 %)
  ASN16_Radon_filter2    chain_eq       100-300 кэВ      Tl-208                                 1785.722           1785.342 -0.380 (-0.02 %)
  ASN16_Radon_filter2    chain_eq       100-300 кэВ      continuum_raw                          6374.970           6375.845 0.875 (+0.01 %)
  ASN16_Radon_filter2    chain_eq       100-300 кэВ      excess_fit                            14773.718          14773.793 0.075 (+0.00 %)
  ASN16_Radon_filter2    chain_eq       100-300 кэВ      excess_net                             5238.586           5238.661 0.075 (+0.00 %)
  ASN16_Radon_filter2    chain_eq       100-300 кэВ      missing_fit                            2735.589           2735.732 0.143 (+0.01 %)
  ASN16_Radon_filter2    chain_eq       100-300 кэВ      missing_net                            2735.589           2735.732 0.143 (+0.01 %)
  ASN16_Radon_filter2    chain_eq       100-300 кэВ      model                                  7611.156           7611.088 -0.068 (-0.00 %)
  ASN16_Radon_filter2    chain_eq       300-700 кэВ      Ac-228                                  628.353            628.327 -0.026 (-0.00 %)
  ASN16_Radon_filter2    chain_eq       300-700 кэВ      Bi-212                                   72.423             72.427 0.004 (+0.01 %)
  ASN16_Radon_filter2    chain_eq       300-700 кэВ      Pb-212                                   20.380             20.362 -0.018 (-0.09 %)
  ASN16_Radon_filter2    chain_eq       300-700 кэВ      Tl-208                                  528.672            528.379 -0.293 (-0.06 %)
  ASN16_Radon_filter2    chain_eq       300-700 кэВ      continuum_raw                           696.656            697.133 0.477 (+0.07 %)
  ASN16_Radon_filter2    chain_eq       300-700 кэВ      excess_fit                             4393.622           4393.417 -0.205 (-0.00 %)
  ASN16_Radon_filter2    chain_eq       300-700 кэВ      excess_net                              638.810            638.605 -0.205 (-0.03 %)
  ASN16_Radon_filter2    chain_eq       300-700 кэВ      missing_fit                            1608.797           1608.912 0.115 (+0.01 %)
  ASN16_Radon_filter2    chain_eq       300-700 кэВ      missing_net                            1608.797           1608.912 0.115 (+0.01 %)
  ASN16_Radon_filter2    chain_eq       300-700 кэВ      model                                  1250.511           1250.191 -0.320 (-0.03 %)
  ASN16_Radon_filter2    chain_eq       700-1500 кэВ     Ac-228                                  137.856            137.739 -0.117 (-0.08 %)
  ASN16_Radon_filter2    chain_eq       700-1500 кэВ     Bi-212                                   23.901             23.862 -0.039 (-0.16 %)
  ASN16_Radon_filter2    chain_eq       700-1500 кэВ     Tl-208                                  109.300            109.302 0.002 (+0.00 %)
  ASN16_Radon_filter2    chain_eq       700-1500 кэВ     continuum_raw                            64.695             64.703 0.008 (+0.01 %)
  ASN16_Radon_filter2    chain_eq       700-1500 кэВ     excess_fit                             2776.808           2776.714 -0.094 (-0.00 %)
  ASN16_Radon_filter2    chain_eq       700-1500 кэВ     excess_net                              160.494            160.400 -0.094 (-0.06 %)
  ASN16_Radon_filter2    chain_eq       700-1500 кэВ     missing_fit                            1758.845           1758.913 0.068 (+0.00 %)
  ASN16_Radon_filter2    chain_eq       700-1500 кэВ     missing_net                            1758.845           1758.913 0.068 (+0.00 %)
  ASN16_Radon_filter2    chain_eq       700-1500 кэВ     model                                   270.935            270.773 -0.162 (-0.06 %)
  ASN16_Radon_filter2    chain_eq       1500-3000 кэВ    Ac-228                                   10.029             10.024 -0.005 (-0.05 %)
  ASN16_Radon_filter2    chain_eq       1500-3000 кэВ    Bi-212                                    3.230              3.236 0.006 (+0.19 %)
  ASN16_Radon_filter2    chain_eq       1500-3000 кэВ    Tl-208                                 1020.356           1020.339 -0.017 (-0.00 %)
  … и ещё 63 строк

ПЕРЕОБЪЯВЛЕНИЕ ASN16_Radon_filter2 / chain_noeq: 97 расхождений с прежним эталоном (2026-09-15 23:37):
  спектр                 режим          полоса           компонент                                  было              стало              Δ
  ASN16_Radon_filter2    chain_noeq     0-30 кэВ         Pb-212                                11123.857          11123.850 -0.007 (-0.00 %)
  ASN16_Radon_filter2    chain_noeq     0-30 кэВ         Ra-224                                  582.229            582.237 0.008 (+0.00 %)
  ASN16_Radon_filter2    chain_noeq     0-30 кэВ         continuum_raw                         11514.266          11514.264 -0.002 (-0.00 %)
  ASN16_Radon_filter2    chain_noeq     0-30 кэВ         missing_fit                            6612.128           6612.127 -0.001 (-0.00 %)
  ASN16_Radon_filter2    chain_noeq     0-30 кэВ         missing_net                            6612.128           6612.127 -0.001 (-0.00 %)
  ASN16_Radon_filter2    chain_noeq     0-30 кэВ         model                                 11706.087          11706.088 0.001 (+0.00 %)
  ASN16_Radon_filter2    chain_noeq     30-100 кэВ       Pb-212                                26725.661          26725.668 0.007 (+0.00 %)
  ASN16_Radon_filter2    chain_noeq     30-100 кэВ       Ra-224                                 1430.292           1430.306 0.014 (+0.00 %)
  ASN16_Radon_filter2    chain_noeq     30-100 кэВ       continuum_raw                         23577.382          23577.366 -0.016 (-0.00 %)
  ASN16_Radon_filter2    chain_noeq     30-100 кэВ       excess_fit                             4978.458           4978.462 0.004 (+0.00 %)
  ASN16_Radon_filter2    chain_noeq     30-100 кэВ       excess_net                             4938.631           4938.635 0.004 (+0.00 %)
  ASN16_Radon_filter2    chain_noeq     30-100 кэВ       missing_fit                            6196.449           6196.431 -0.018 (-0.00 %)
  ASN16_Radon_filter2    chain_noeq     30-100 кэВ       missing_net                            6196.449           6196.431 -0.018 (-0.00 %)
  ASN16_Radon_filter2    chain_noeq     30-100 кэВ       model                                 28155.959          28155.981 0.022 (+0.00 %)
  ASN16_Radon_filter2    chain_noeq     100-300 кэВ      Pb-212                                 8154.609           8154.566 -0.043 (-0.00 %)
  ASN16_Radon_filter2    chain_noeq     100-300 кэВ      Ra-224                                  719.681            719.696 0.015 (+0.00 %)
  ASN16_Radon_filter2    chain_noeq     100-300 кэВ      continuum_raw                          3952.357           3952.353 -0.004 (-0.00 %)
  ASN16_Radon_filter2    chain_noeq     100-300 кэВ      excess_fit                            14483.554          14483.514 -0.040 (-0.00 %)
  ASN16_Radon_filter2    chain_noeq     100-300 кэВ      excess_net                             4948.422           4948.382 -0.040 (-0.00 %)
  ASN16_Radon_filter2    chain_noeq     100-300 кэВ      missing_fit                            1182.288           1182.283 -0.005 (-0.00 %)
  ASN16_Radon_filter2    chain_noeq     100-300 кэВ      missing_net                            1182.288           1182.283 -0.005 (-0.00 %)
  ASN16_Radon_filter2    chain_noeq     100-300 кэВ      model                                  8874.293           8874.258 -0.035 (-0.00 %)
  ASN16_Radon_filter2    chain_noeq     300-700 кэВ      Pb-212                                  333.828            333.832 0.004 (+0.00 %)
  ASN16_Radon_filter2    chain_noeq     300-700 кэВ      excess_fit                             4216.091           4216.094 0.003 (+0.00 %)
  ASN16_Radon_filter2    chain_noeq     300-700 кэВ      excess_net                              461.279            461.282 0.003 (+0.00 %)
  ASN16_Radon_filter2    chain_noeq     300-700 кэВ      missing_fit                            1685.561           1685.560 -0.001 (-0.00 %)
  ASN16_Radon_filter2    chain_noeq     300-700 кэВ      missing_net                            1685.561           1685.560 -0.001 (-0.00 %)
  ASN16_Radon_filter2    chain_noeq     300-700 кэВ      model                                   996.216            996.220 0.004 (+0.00 %)
  ASN16_Radon_filter2    chain_noeq     rates component  Pb-212.count_rate                        15.085             15.085 0.000134666 (+0.00 %)
  ASN16_Radon_filter2    chain_noeq     rates component  Pb-212.peak_counts                     9156.461           9156.467 0.006 (+0.00 %)
  ASN16_Radon_filter2    chain_noeq     rates component  Pb-212.share_pct                         91.089             91.089 -5.10416e-05 (-0.00 %)
  ASN16_Radon_filter2    chain_noeq     rates component  Pb-212.z                                 23.463             23.463 0.000188794 (+0.00 %)
  ASN16_Radon_filter2    chain_noeq     rates component  Ra-224.count_rate                        15.085             15.085 0.000134666 (+0.00 %)
  ASN16_Radon_filter2    chain_noeq     rates component  Ra-224.peak_counts                      442.476            442.480 0.004 (+0.00 %)
  ASN16_Radon_filter2    chain_noeq     rates component  Ra-224.share_pct                          5.371              5.371 5.03997e-05 (+0.00 %)
  ASN16_Radon_filter2    chain_noeq     rates component  Ra-224.z                                 23.463             23.463 0.000188794 (+0.00 %)
  ASN16_Radon_filter2    chain_noeq     rates grey       residual_excess.count_rate                0.889              0.889 -1.26038e-06 (-0.00 %)
  ASN16_Radon_filter2    chain_noeq     rates grey       residual_missing.count_rate               0.520              0.520 -1.00382e-06 (-0.00 %)
  ASN16_Radon_filter2    chain_noeq     rates limit      Ac-228.collinearity                       0.111              0.111 2.38597e-05 (+0.02 %)
  ASN16_Radon_filter2    chain_noeq     rates limit      Ac-228.decision_threshold_ra              1.629              1.629 0.000221887 (+0.01 %)
  ASN16_Radon_filter2    chain_noeq     rates limit      Ac-228.detection_limit_rate               3.280              3.281 0.00044576 (+0.01 %)
  ASN16_Radon_filter2    chain_noeq     rates limit      Ac-228.limit_peak_counts               1606.689           1606.892 0.203 (+0.01 %)
  ASN16_Radon_filter2    chain_noeq     rates limit      Bi-212.collinearity                       0.068              0.068 7.41123e-05 (+0.11 %)
  ASN16_Radon_filter2    chain_noeq     rates limit      Bi-212.decision_threshold_ra              9.542              9.547 0.005 (+0.05 %)
  ASN16_Radon_filter2    chain_noeq     rates limit      Bi-212.detection_limit_rate              19.454             19.463 0.009 (+0.05 %)
  ASN16_Radon_filter2    chain_noeq     rates limit      Bi-212.limit_peak_counts                772.803            773.063 0.260 (+0.03 %)
  ASN16_Radon_filter2    chain_noeq     rates limit      Bi-214.collinearity                       0.321              0.321 2.78196e-05 (+0.01 %)
  ASN16_Radon_filter2    chain_noeq     rates limit      Bi-214.decision_threshold_ra              1.526              1.526 2.14151e-05 (+0.00 %)
  ASN16_Radon_filter2    chain_noeq     rates limit      Bi-214.detection_limit_rate               3.085              3.085 4.41784e-05 (+0.00 %)
  ASN16_Radon_filter2    chain_noeq     rates limit      Bi-214.limit_peak_counts                688.391            688.419 0.028 (+0.00 %)
  ASN16_Radon_filter2    chain_noeq     rates limit      Pb-210.decision_threshold_ra             14.716             14.716 -7.35373e-06 (-0.00 %)
  ASN16_Radon_filter2    chain_noeq     rates limit      Pb-210.detection_limit_rate              29.655             29.655 -1.49028e-05 (-0.00 %)
  ASN16_Radon_filter2    chain_noeq     rates limit      Pb-210.limit_peak_counts                972.932            972.931 -0.000488801 (-0.00 %)
  ASN16_Radon_filter2    chain_noeq     rates limit      Pb-212.collinearity                       0.170              0.170 -1.47319e-06 (-0.00 %)
  ASN16_Radon_filter2    chain_noeq     rates limit      Pb-212.count_rate                        15.085             15.085 0.000134666 (+0.00 %)
  ASN16_Radon_filter2    chain_noeq     rates limit      Pb-212.limit_peak_counts               1240.389           1240.379 -0.010 (-0.00 %)
  ASN16_Radon_filter2    chain_noeq     rates limit      Pb-214.collinearity                       0.149              0.148 -6.54579e-05 (-0.04 %)
  ASN16_Radon_filter2    chain_noeq     rates limit      Pb-214.decision_threshold_ra              1.189              1.189 -7.37384e-05 (-0.01 %)
  ASN16_Radon_filter2    chain_noeq     rates limit      Pb-214.detection_limit_rate               2.400              2.400 -0.000150724 (-0.01 %)
  ASN16_Radon_filter2    chain_noeq     rates limit      Pb-214.limit_peak_counts               1277.789           1277.634 -0.155 (-0.01 %)
  … и ещё 37 строк

ПЕРЕОБЪЯВЛЕНИЕ G1S24_Rn222Coal_eq01 / sample_eq: 120 расхождений с прежним эталоном (2026-09-15 23:37):
  спектр                 режим          полоса           компонент                                  было              стало              Δ
  G1S24_Rn222Coal_eq01   sample_eq      0-30 кэВ         Pb-210                                  162.542            162.541 -0.001 (-0.00 %)
  G1S24_Rn222Coal_eq01   sample_eq      0-30 кэВ         Pb-214                                 1075.423           1075.421 -0.002 (-0.00 %)
  G1S24_Rn222Coal_eq01   sample_eq      0-30 кэВ         continuum_raw                          2105.283           2105.284 0.001 (+0.00 %)
  G1S24_Rn222Coal_eq01   sample_eq      30-100 кэВ       Bi-212                                  462.967            462.968 0.001 (+0.00 %)
  G1S24_Rn222Coal_eq01   sample_eq      30-100 кэВ       Bi-214                                 8005.070           8005.076 0.006 (+0.00 %)
  G1S24_Rn222Coal_eq01   sample_eq      30-100 кэВ       Pb-210                                 2697.824           2697.823 -0.001 (-0.00 %)
  G1S24_Rn222Coal_eq01   sample_eq      30-100 кэВ       Pb-212                                 3995.614           3995.631 0.017 (+0.00 %)
  G1S24_Rn222Coal_eq01   sample_eq      30-100 кэВ       Pb-214                                21761.755          21761.736 -0.019 (-0.00 %)
  G1S24_Rn222Coal_eq01   sample_eq      30-100 кэВ       Ra-226                                  852.167            852.166 -0.001 (-0.00 %)
  G1S24_Rn222Coal_eq01   sample_eq      30-100 кэВ       Th-228                                  119.244            119.245 0.001 (+0.00 %)
  G1S24_Rn222Coal_eq01   sample_eq      30-100 кэВ       Tl-208                                  881.714            881.719 0.005 (+0.00 %)
  G1S24_Rn222Coal_eq01   sample_eq      30-100 кэВ       continuum_raw                         11203.032          11203.049 0.017 (+0.00 %)
  G1S24_Rn222Coal_eq01   sample_eq      30-100 кэВ       excess_fit                             4017.101           4017.107 0.006 (+0.00 %)
  G1S24_Rn222Coal_eq01   sample_eq      30-100 кэВ       excess_net                             4017.101           4017.107 0.006 (+0.00 %)
  G1S24_Rn222Coal_eq01   sample_eq      30-100 кэВ       model                                 38876.281          38876.287 0.006 (+0.00 %)
  G1S24_Rn222Coal_eq01   sample_eq      100-300 кэВ      Bi-212                                  361.918            361.920 0.002 (+0.00 %)
  G1S24_Rn222Coal_eq01   sample_eq      100-300 кэВ      Bi-214                                25028.204          25028.201 -0.003 (-0.00 %)
  G1S24_Rn222Coal_eq01   sample_eq      100-300 кэВ      Pb-212                                 4698.177           4698.199 0.022 (+0.00 %)
  G1S24_Rn222Coal_eq01   sample_eq      100-300 кэВ      Pb-214                                29317.881          29317.849 -0.032 (-0.00 %)
  G1S24_Rn222Coal_eq01   sample_eq      100-300 кэВ      Ra-224                                  414.973            414.974 0.001 (+0.00 %)
  G1S24_Rn222Coal_eq01   sample_eq      100-300 кэВ      Ra-226                                 2852.800           2852.799 -0.001 (-0.00 %)
  G1S24_Rn222Coal_eq01   sample_eq      100-300 кэВ      Tl-208                                 2312.304           2312.315 0.011 (+0.00 %)
  G1S24_Rn222Coal_eq01   sample_eq      100-300 кэВ      continuum_raw                         24472.728          24472.744 0.016 (+0.00 %)
  G1S24_Rn222Coal_eq01   sample_eq      100-300 кэВ      excess_fit                             1859.748           1859.745 -0.003 (-0.00 %)
  G1S24_Rn222Coal_eq01   sample_eq      100-300 кэВ      excess_net                             1859.748           1859.745 -0.003 (-0.00 %)
  G1S24_Rn222Coal_eq01   sample_eq      100-300 кэВ      missing_fit                            2041.819           2041.823 0.004 (+0.00 %)
  G1S24_Rn222Coal_eq01   sample_eq      100-300 кэВ      missing_net                            2041.819           2041.823 0.004 (+0.00 %)
  G1S24_Rn222Coal_eq01   sample_eq      100-300 кэВ      model                                 65064.386          65064.379 -0.007 (-0.00 %)
  G1S24_Rn222Coal_eq01   sample_eq      300-700 кэВ      Bi-212                                  355.203            355.204 0.001 (+0.00 %)
  G1S24_Rn222Coal_eq01   sample_eq      300-700 кэВ      Bi-214                                32510.001          32509.996 -0.005 (-0.00 %)
  G1S24_Rn222Coal_eq01   sample_eq      300-700 кэВ      Pb-212                                   87.436             87.437 0.001 (+0.00 %)
  G1S24_Rn222Coal_eq01   sample_eq      300-700 кэВ      Pb-214                                18204.804          18204.791 -0.013 (-0.00 %)
  G1S24_Rn222Coal_eq01   sample_eq      300-700 кэВ      Tl-208                                 2707.615           2707.632 0.017 (+0.00 %)
  G1S24_Rn222Coal_eq01   sample_eq      300-700 кэВ      continuum_raw                         13137.348          13137.354 0.006 (+0.00 %)
  G1S24_Rn222Coal_eq01   sample_eq      300-700 кэВ      excess_fit                             1659.299           1659.304 0.005 (+0.00 %)
  G1S24_Rn222Coal_eq01   sample_eq      300-700 кэВ      excess_net                             1659.299           1659.304 0.005 (+0.00 %)
  G1S24_Rn222Coal_eq01   sample_eq      300-700 кэВ      missing_fit                            1890.401           1890.400 -0.001 (-0.00 %)
  G1S24_Rn222Coal_eq01   sample_eq      300-700 кэВ      missing_net                            1890.401           1890.400 -0.001 (-0.00 %)
  G1S24_Rn222Coal_eq01   sample_eq      300-700 кэВ      model                                 53903.075          53903.081 0.006 (+0.00 %)
  G1S24_Rn222Coal_eq01   sample_eq      700-1500 кэВ     Bi-212                                  272.498            272.499 0.001 (+0.00 %)
  G1S24_Rn222Coal_eq01   sample_eq      700-1500 кэВ     Bi-214                                19732.121          19732.118 -0.003 (-0.00 %)
  G1S24_Rn222Coal_eq01   sample_eq      700-1500 кэВ     Pb-214                                  319.629            319.628 -0.001 (-0.00 %)
  G1S24_Rn222Coal_eq01   sample_eq      700-1500 кэВ     Tl-208                                 1247.295           1247.297 0.002 (+0.00 %)
  G1S24_Rn222Coal_eq01   sample_eq      700-1500 кэВ     continuum_raw                          7904.881           7904.891 0.010 (+0.00 %)
  G1S24_Rn222Coal_eq01   sample_eq      700-1500 кэВ     excess_fit                             1333.647           1333.640 -0.007 (-0.00 %)
  G1S24_Rn222Coal_eq01   sample_eq      700-1500 кэВ     excess_net                             1333.647           1333.640 -0.007 (-0.00 %)
  G1S24_Rn222Coal_eq01   sample_eq      700-1500 кэВ     missing_fit                            1571.702           1571.707 0.005 (+0.00 %)
  G1S24_Rn222Coal_eq01   sample_eq      700-1500 кэВ     missing_net                            1571.702           1571.707 0.005 (+0.00 %)
  G1S24_Rn222Coal_eq01   sample_eq      700-1500 кэВ     model                                 21573.771          21573.759 -0.012 (-0.00 %)
  G1S24_Rn222Coal_eq01   sample_eq      1500-3000 кэВ    Bi-212                                   23.892             23.893 0.001 (+0.00 %)
  G1S24_Rn222Coal_eq01   sample_eq      1500-3000 кэВ    Bi-214                                 4666.559           4666.566 0.007 (+0.00 %)
  G1S24_Rn222Coal_eq01   sample_eq      1500-3000 кэВ    Tl-208                                 1478.017           1478.012 -0.005 (-0.00 %)
  G1S24_Rn222Coal_eq01   sample_eq      1500-3000 кэВ    continuum_raw                          1608.656           1608.640 -0.016 (-0.00 %)
  G1S24_Rn222Coal_eq01   sample_eq      1500-3000 кэВ    missing_fit                             891.936            891.935 -0.001 (-0.00 %)
  G1S24_Rn222Coal_eq01   sample_eq      1500-3000 кэВ    missing_net                             891.936            891.935 -0.001 (-0.00 %)
  G1S24_Rn222Coal_eq01   sample_eq      1500-3000 кэВ    model                                  6168.472           6168.473 0.001 (+0.00 %)
  G1S24_Rn222Coal_eq01   sample_eq      rates component  Bi-212.count_rate                         7.216              7.216 2.76015e-05 (+0.00 %)
  G1S24_Rn222Coal_eq01   sample_eq      rates component  Bi-212.peak_counts                     1053.953           1053.956 0.004 (+0.00 %)
  G1S24_Rn222Coal_eq01   sample_eq      rates component  Bi-212.share_pct                          0.847              0.847 3.12585e-06 (+0.00 %)
  G1S24_Rn222Coal_eq01   sample_eq      rates component  Bi-212.z                                 12.364             12.364 2.76968e-05 (+0.00 %)
  … и ещё 60 строк

ПЕРЕОБЪЯВЛЕНИЕ G1S24_Rn222Coal_eq01 / sample_noeq: 108 расхождений с прежним эталоном (2026-09-15 23:37):
  спектр                 режим          полоса           компонент                                  было              стало              Δ
  G1S24_Rn222Coal_eq01   sample_noeq    0-30 кэВ         Bi-214                                 1285.212           1285.211 -0.001 (-0.00 %)
  G1S24_Rn222Coal_eq01   sample_noeq    30-100 кэВ       Bi-214                                 9746.170           9746.169 -0.001 (-0.00 %)
  G1S24_Rn222Coal_eq01   sample_noeq    30-100 кэВ       Pb-212                                 4137.880           4137.896 0.016 (+0.00 %)
  G1S24_Rn222Coal_eq01   sample_noeq    30-100 кэВ       Pb-214                                23400.977          23400.972 -0.005 (-0.00 %)
  G1S24_Rn222Coal_eq01   sample_noeq    30-100 кэВ       Tl-208                                  733.987            733.988 0.001 (+0.00 %)
  G1S24_Rn222Coal_eq01   sample_noeq    30-100 кэВ       continuum_raw                         13974.832          13974.843 0.011 (+0.00 %)
  G1S24_Rn222Coal_eq01   sample_noeq    30-100 кэВ       excess_fit                             1447.314           1447.310 -0.004 (-0.00 %)
  G1S24_Rn222Coal_eq01   sample_noeq    30-100 кэВ       excess_net                             1447.314           1447.310 -0.004 (-0.00 %)
  G1S24_Rn222Coal_eq01   sample_noeq    30-100 кэВ       missing_fit                            2942.185           2942.177 -0.008 (-0.00 %)
  G1S24_Rn222Coal_eq01   sample_noeq    30-100 кэВ       missing_net                            2942.185           2942.177 -0.008 (-0.00 %)
  G1S24_Rn222Coal_eq01   sample_noeq    30-100 кэВ       model                                 38123.433          38123.437 0.004 (+0.00 %)
  G1S24_Rn222Coal_eq01   sample_noeq    100-300 кэВ      Bi-214                                26651.350          26651.335 -0.015 (-0.00 %)
  G1S24_Rn222Coal_eq01   sample_noeq    100-300 кэВ      Pb-212                                 4850.523           4850.535 0.012 (+0.00 %)
  G1S24_Rn222Coal_eq01   sample_noeq    100-300 кэВ      Pb-214                                31349.045          31349.035 -0.010 (-0.00 %)
  G1S24_Rn222Coal_eq01   sample_noeq    100-300 кэВ      Ra-224                                  428.427            428.429 0.002 (+0.00 %)
  G1S24_Rn222Coal_eq01   sample_noeq    100-300 кэВ      Tl-208                                 1804.479           1804.484 0.005 (+0.00 %)
  G1S24_Rn222Coal_eq01   sample_noeq    100-300 кэВ      continuum_raw                         25733.933          25733.943 0.010 (+0.00 %)
  G1S24_Rn222Coal_eq01   sample_noeq    100-300 кэВ      excess_fit                             1032.428           1032.426 -0.002 (-0.00 %)
  G1S24_Rn222Coal_eq01   sample_noeq    100-300 кэВ      excess_net                             1032.428           1032.426 -0.002 (-0.00 %)
  G1S24_Rn222Coal_eq01   sample_noeq    100-300 кэВ      model                                 65083.819          65083.817 -0.002 (-0.00 %)
  G1S24_Rn222Coal_eq01   sample_noeq    300-700 кэВ      Bi-214                                33209.852          33209.851 -0.001 (-0.00 %)
  G1S24_Rn222Coal_eq01   sample_noeq    300-700 кэВ      Pb-212                                   83.154             83.155 0.001 (+0.00 %)
  G1S24_Rn222Coal_eq01   sample_noeq    300-700 кэВ      Pb-214                                18681.986          18681.978 -0.008 (-0.00 %)
  G1S24_Rn222Coal_eq01   sample_noeq    300-700 кэВ      Tl-208                                 2029.851           2029.856 0.005 (+0.00 %)
  G1S24_Rn222Coal_eq01   sample_noeq    300-700 кэВ      continuum_raw                         12396.410          12396.426 0.016 (+0.00 %)
  G1S24_Rn222Coal_eq01   sample_noeq    300-700 кэВ      excess_fit                             1767.683           1767.690 0.007 (+0.00 %)
  G1S24_Rn222Coal_eq01   sample_noeq    300-700 кэВ      excess_net                             1767.683           1767.690 0.007 (+0.00 %)
  G1S24_Rn222Coal_eq01   sample_noeq    300-700 кэВ      missing_fit                            1897.026           1897.025 -0.001 (-0.00 %)
  G1S24_Rn222Coal_eq01   sample_noeq    300-700 кэВ      missing_net                            1897.026           1897.025 -0.001 (-0.00 %)
  G1S24_Rn222Coal_eq01   sample_noeq    300-700 кэВ      model                                 54004.834          54004.842 0.008 (+0.00 %)
  G1S24_Rn222Coal_eq01   sample_noeq    700-1500 кэВ     Bi-214                                20345.501          20345.491 -0.010 (-0.00 %)
  G1S24_Rn222Coal_eq01   sample_noeq    700-1500 кэВ     Tl-208                                  929.329            929.330 0.001 (+0.00 %)
  G1S24_Rn222Coal_eq01   sample_noeq    700-1500 кэВ     continuum_raw                          7680.476           7680.484 0.008 (+0.00 %)
  G1S24_Rn222Coal_eq01   sample_noeq    700-1500 кэВ     excess_fit                             1339.657           1339.658 0.001 (+0.00 %)
  G1S24_Rn222Coal_eq01   sample_noeq    700-1500 кэВ     excess_net                             1339.657           1339.658 0.001 (+0.00 %)
  G1S24_Rn222Coal_eq01   sample_noeq    700-1500 кэВ     missing_fit                            1540.551           1540.553 0.002 (+0.00 %)
  G1S24_Rn222Coal_eq01   sample_noeq    700-1500 кэВ     missing_net                            1540.551           1540.553 0.002 (+0.00 %)
  G1S24_Rn222Coal_eq01   sample_noeq    700-1500 кэВ     model                                 21610.932          21610.931 -0.001 (-0.00 %)
  G1S24_Rn222Coal_eq01   sample_noeq    1500-3000 кэВ    Bi-214                                 4923.828           4923.834 0.006 (+0.00 %)
  G1S24_Rn222Coal_eq01   sample_noeq    1500-3000 кэВ    Tl-208                                 1227.481           1227.473 -0.008 (-0.00 %)
  G1S24_Rn222Coal_eq01   sample_noeq    1500-3000 кэВ    continuum_raw                          1640.480           1640.479 -0.001 (-0.00 %)
  G1S24_Rn222Coal_eq01   sample_noeq    1500-3000 кэВ    excess_fit                              964.620            964.618 -0.002 (-0.00 %)
  G1S24_Rn222Coal_eq01   sample_noeq    1500-3000 кэВ    excess_net                              864.548            864.546 -0.002 (-0.00 %)
  G1S24_Rn222Coal_eq01   sample_noeq    1500-3000 кэВ    missing_fit                             895.514            895.515 0.001 (+0.00 %)
  G1S24_Rn222Coal_eq01   sample_noeq    1500-3000 кэВ    missing_net                             895.514            895.515 0.001 (+0.00 %)
  G1S24_Rn222Coal_eq01   sample_noeq    1500-3000 кэВ    model                                  6151.316           6151.313 -0.003 (-0.00 %)
  G1S24_Rn222Coal_eq01   sample_noeq    rates component  Bi-214.count_rate                        57.964             57.964 -8.3981e-05 (-0.00 %)
  G1S24_Rn222Coal_eq01   sample_noeq    rates component  Bi-214.decision_threshold_ra              1.171              1.171 -2.09947e-06 (-0.00 %)
  G1S24_Rn222Coal_eq01   sample_noeq    rates component  Bi-214.detection_limit_rate               2.370              2.370 -4.2044e-06 (-0.00 %)
  G1S24_Rn222Coal_eq01   sample_noeq    rates component  Bi-214.peak_counts                    34728.454          34728.447 -0.007 (-0.00 %)
  G1S24_Rn222Coal_eq01   sample_noeq    rates component  Bi-214.share_pct                         51.179             51.179 -9.36845e-06 (-0.00 %)
  G1S24_Rn222Coal_eq01   sample_noeq    rates component  Bi-214.z                                 55.446             55.446 -9.21787e-06 (-0.00 %)
  G1S24_Rn222Coal_eq01   sample_noeq    rates component  Pb-212.count_rate                         7.401              7.401 2.0545e-05 (+0.00 %)
  G1S24_Rn222Coal_eq01   sample_noeq    rates component  Pb-212.peak_counts                     7132.658           7132.678 0.020 (+0.00 %)
  G1S24_Rn222Coal_eq01   sample_noeq    rates component  Pb-212.share_pct                          4.921              4.921 1.44188e-05 (+0.00 %)
  G1S24_Rn222Coal_eq01   sample_noeq    rates component  Pb-212.z                                 12.970             12.970 4.01045e-05 (+0.00 %)
  G1S24_Rn222Coal_eq01   sample_noeq    rates component  Pb-214.count_rate                        58.251             58.251 -1.92611e-05 (-0.00 %)
  G1S24_Rn222Coal_eq01   sample_noeq    rates component  Pb-214.peak_counts                    56827.422          56827.394 -0.027 (-0.00 %)
  G1S24_Rn222Coal_eq01   sample_noeq    rates component  Pb-214.share_pct                         39.985             39.985 -1.03053e-05 (-0.00 %)
  G1S24_Rn222Coal_eq01   sample_noeq    rates component  Ra-224.count_rate                         7.401              7.401 2.0545e-05 (+0.00 %)
  … и ещё 48 строк
  ASN16_Cs137_10cm / sample_nomatrix: числа те же, что в эталоне 2026-09-15 23:37 (переписано клеймо)

ЭТАЛОН ОБЪЯВЛЕН 2026-09-17 13:44 (HEAD 8b164a98): 7 пар, из них с изменившимися числами 5 — C:\Users\moroz\source\repos\BQ Eng res .NET 4.8\tools\fsa_showcase\reference
эталон переобъявлен — diff выше в отчёт полосы; файлы reference\*.json — в коммит
