склад витрины: C:\Users\moroz\source\repos\BQ Eng res .NET 4.8\tools\fsa_showcase\store; сцен 2: ASN16_point_house, ASN16_rn_side; пробы: C:\Users\moroz\source\repos\BQ Eng res .NET 4.8\tools\effmaker\probes\build
приложение у проб: 17.09 13:16:20 sha256 96708B6E00F3D82E
контроль на 2 узлах (A77): код 1 (1 = «есть шумные», ожидаемо на 400 k), сцен с клеймом phys=18: 2 из 2, 7 с
      клеймо   : phys=18;c912df13319f9f1f0b7f4676ad2e589d5c2fb0a6bbb2996d2443befdba7d2e54
      счёт     : 7.2 с ЦП, 8.98 мкс на историю  <- сравнивать надо ЭТО
      клеймо   : phys=18;9a4709f710af6c6e9accaee94bc8301ca6cedae68c40666ef7ed1081739023e7
      счёт     : 6.7 с ЦП, 8.36 мкс на историю  <- сравнивать надо ЭТО
   матриц: 2 — посчитано 2, пропущено 0 (клеймо сошлось); всего 0.1 мин
матрицы: код 0, 1419 с
      сетка κ  : 200000 точек по 2 истории — в «мкс на историю» НЕ входят (замер узлов — с --jnodes=0)
      клеймо   : phys=18;d3bf63dd6a6e7b57295847bda5526bda12c82bdd7d975e239f2227cc00515851
      счёт     : 6954.4 с ЦП, 16.56 мкс на историю  <- сравнивать надо ЭТО
      сетка κ  : 200000 точек по 2 истории — в «мкс на историю» НЕ входят (замер узлов — с --jnodes=0)
   матриц: 2 — посчитано 2, пропущено 0 (клеймо сошлось); всего 23.5 мин
   ВСЕ СОШЛИСЬ
кривые: код 0, 1428 с
   Привязка кривой и матрицы к спектрам понятной части (B1)
   кривая: 5-3000 кэВ, 200000 историй на узел; розыгрыш точки вылета: автоматика (полевая сцена — важностный, клеймо imp=1; прочие — равномерный); порог шумной кри
      разброс  : медиана 1.48 %, худший узел 4.86 % на 10.0 кэВ (ESS 423 из 200000 историй), узлов выше 5 %: 0 из 37
      guid     : b8a158da-14a3-b2e3-2511-9b3315c75da2
      спектр   : ASN16_Radon_filter2 (1 записей ResultData)
   геометрий в описи: 1 — посчитано 1, пропущено 0 (клеймо и геометрия сошлись); записей проставлено: 1
   ВСЕ СОШЛИСЬ
   ASN16_rn_side.rmx                          9     18    3000000   140    6    1.20%    1.64%   нет
   
     версия физики: 18 — 2
     историй на узел: 3000000 — 2
     каналов у матрицы: 6 — 2 (код знает 6)
     с конусом: 0 из 2
     шумных (худший СУДИМЫЙ узел выше 1.00 %): 2
     континуума нет (шум ≥ 99 %): 43 узлов по складу, судятся узлы от 50 кэВ
   
   НАХОДОК: 2
     ASN16_point_house.rmx: шум худшего узла 1.17 % при пороге 1.00 %
     ASN16_rn_side.rmx: шум худшего узла 1.64 % при пороге 1.00 %
  ASN16_point_house.rmx  655630 байт  sha256 B6EAD0BCCD500D56
  ASN16_rn_side.rmx  639826 байт  sha256 6D8EC0F610E26C97
готово за 1428 с
