contact52k__AS80_p67_contact_r28__asis                   код 0       4 с  chi2/ndf 12.130, невязка модели 19.3 %, суммирование да
contact52k__AS80_p67_contact_r28__noeqasis               код 0       7 с  chi2/ndf 10.238, невязка модели 12.7 %, суммирование да
contact52k__AS80_p67_contact_r28__eq                     код 0      10 с  chi2/ndf 6.202, невязка модели 17.7 %, суммирование да
contact_cal0809__AS80_p67_contact_r28__asis              код 0      13 с  chi2/ndf 1.456, невязка модели 9.0 %, суммирование да
contact_cal0809__AS80_p67_contact_r28__noeqasis          код 0      16 с  chi2/ndf 1.334, невязка модели 7.4 %, суммирование да
contact_cal0809__AS80_p67_contact_r28__eq                код 0      20 с  chi2/ndf 1.448, невязка модели 8.6 %, суммирование да
contact_cal0809_s1__AS80_p67_contact_r28__asis           код 0      23 с  chi2/ndf 3.054, невязка модели 25.9 %, суммирование да
contact_cal0809_s1__AS80_p67_contact_r28__noeqasis       код 0      26 с  chi2/ndf 2.745, невязка модели 24.7 %, суммирование да
contact_cal0809_s1__AS80_p67_contact_r28__eq             код 0      29 с  chi2/ndf 1.625, невязка модели 22.8 %, суммирование да
edge93__AS80_p67_edge93_r28__asis                        код 0      32 с  chi2/ndf 1.137, невязка модели 6.3 %, суммирование да
edge93__AS80_p67_edge93_r28__noeqasis                    код 0      35 с  chi2/ndf 1.138, невязка модели 6.3 %, суммирование да
edge93__AS80_p67_edge93_r28__eq                          код 0      38 с  chi2/ndf 1.184, невязка модели 54.2 %, суммирование да
edge93_s1__AS80_p67_edge93_r28__asis                     код 0      41 с  chi2/ndf 4.253, невязка модели 64.0 %, суммирование да
edge93_s1__AS80_p67_edge93_r28__noeqasis                 код 0      44 с  chi2/ndf 4.219, невязка модели 64.1 %, суммирование да
edge93_s1__AS80_p67_edge93_r28__eq                       код 0      47 с  chi2/ndf 1.410, невязка модели 54.4 %, суммирование да
edge1709__AS80_p67_edge93_r28__asis                      код 0      50 с  chi2/ndf 1.480, невязка модели 7.0 %, суммирование да
edge1709__AS80_p67_edge93_r28__noeqasis                  код 0      54 с  chi2/ndf 1.519, невязка модели 7.1 %, суммирование да
edge1709__AS80_p67_edge93_r28__eq                        код 0      57 с  chi2/ndf 1.454, невязка модели 6.7 %, суммирование да
edge1709_s1__AS80_p67_edge93_r28__asis                   код 0      59 с  chi2/ndf 7.519, невязка модели 47.5 %, суммирование да
edge1709_s1__AS80_p67_edge93_r28__noeqasis               код 0      62 с  chi2/ndf 7.399, невязка модели 47.6 %, суммирование да
edge1709_s1__AS80_p67_edge93_r28__eq                     код 0      65 с  chi2/ndf 1.668, невязка модели 8.2 %, суммирование да
contact52k__AS80_p67_contact_r33__asis                   код 0      68 с  chi2/ndf 12.887, невязка модели 20.4 %, суммирование да
contact52k__AS80_p67_contact_r33__noeqasis               код 0      71 с  chi2/ndf 11.233, невязка модели 15.0 %, суммирование да
contact52k__AS80_p67_contact_r33__eq                     код 0      75 с  chi2/ndf 6.833, невязка модели 18.8 %, суммирование да
contact_cal0809__AS80_p67_contact_r33__asis              код 0      78 с  chi2/ndf 1.724, невязка модели 13.4 %, суммирование да
contact_cal0809__AS80_p67_contact_r33__noeqasis          код 0      81 с  chi2/ndf 1.526, невязка модели 10.8 %, суммирование да
contact_cal0809__AS80_p67_contact_r33__eq                код 0      84 с  chi2/ndf 1.759, невязка модели 13.5 %, суммирование да
contact_cal0809_s1__AS80_p67_contact_r33__asis           код 0      87 с  chi2/ndf 3.272, невязка модели 27.5 %, суммирование да
contact_cal0809_s1__AS80_p67_contact_r33__noeqasis       код 0      90 с  chi2/ndf 3.059, невязка модели 26.5 %, суммирование да
contact_cal0809_s1__AS80_p67_contact_r33__eq             код 0      93 с  chi2/ndf 1.897, невязка модели 24.9 %, суммирование да
edge93__AS80_p67_edge93_r33__asis                        код 0      97 с  chi2/ndf 1.180, невязка модели 7.5 %, суммирование да
edge93__AS80_p67_edge93_r33__noeqasis                    код 0     100 с  chi2/ndf 1.160, невязка модели 7.0 %, суммирование да
edge93__AS80_p67_edge93_r33__eq                          код 0     103 с  chi2/ndf 1.233, невязка модели 54.3 %, суммирование да
edge93_s1__AS80_p67_edge93_r33__asis                     код 0     105 с  chi2/ndf 4.350, невязка модели 64.1 %, суммирование да
edge93_s1__AS80_p67_edge93_r33__noeqasis                 код 0     109 с  chi2/ndf 4.281, невязка модели 64.2 %, суммирование да
edge93_s1__AS80_p67_edge93_r33__eq                       код 0     112 с  chi2/ndf 1.432, невязка модели 54.4 %, суммирование да
edge1709__AS80_p67_edge93_r33__asis                      код 0     115 с  chi2/ndf 1.662, невязка модели 9.1 %, суммирование да
edge1709__AS80_p67_edge93_r33__noeqasis                  код 0     118 с  chi2/ndf 1.560, невязка модели 8.4 %, суммирование да
edge1709__AS80_p67_edge93_r33__eq                        код 0     121 с  chi2/ndf 1.640, невязка модели 8.8 %, суммирование да
edge1709_s1__AS80_p67_edge93_r33__asis                   код 0     124 с  chi2/ndf 7.734, невязка модели 48.0 %, суммирование да
edge1709_s1__AS80_p67_edge93_r33__noeqasis               код 0     127 с  chi2/ndf 7.551, невязка модели 47.8 %, суммирование да
edge1709_s1__AS80_p67_edge93_r33__eq                     код 0     130 с  chi2/ndf 1.818, невязка модели 9.5 %, суммирование да
contact52k__AS80_p67_contact_r38__asis                   код 0     133 с  chi2/ndf 13.240, невязка модели 20.8 %, суммирование да
contact52k__AS80_p67_contact_r38__noeqasis               код 0     136 с  chi2/ndf 11.692, невязка модели 16.5 %, суммирование да
contact52k__AS80_p67_contact_r38__eq                     код 0     139 с  chi2/ndf 7.112, невязка модели 19.4 %, суммирование да
contact_cal0809__AS80_p67_contact_r38__asis              код 0     143 с  chi2/ndf 1.951, невязка модели 16.4 %, суммирование да
contact_cal0809__AS80_p67_contact_r38__noeqasis          код 0     146 с  chi2/ndf 2.037, невязка модели 16.4 %, суммирование да
contact_cal0809__AS80_p67_contact_r38__eq                код 0     149 с  chi2/ndf 1.960, невязка модели 16.5 %, суммирование да
contact_cal0809_s1__AS80_p67_contact_r38__asis           код 0     152 с  chi2/ndf 3.464, невязка модели 28.9 %, суммирование да
contact_cal0809_s1__AS80_p67_contact_r38__noeqasis       код 0     155 с  chi2/ndf 3.309, невязка модели 28.2 %, суммирование да
contact_cal0809_s1__AS80_p67_contact_r38__eq             код 0     158 с  chi2/ndf 2.052, невязка модели 26.4 %, суммирование да
edge93__AS80_p67_edge93_r38__asis                        код 0     161 с  chi2/ndf 1.226, невязка модели 8.4 %, суммирование да
edge93__AS80_p67_edge93_r38__noeqasis                    код 0     164 с  chi2/ndf 1.196, невязка модели 7.8 %, суммирование да
edge93__AS80_p67_edge93_r38__eq                          код 0     167 с  chi2/ndf 1.283, невязка модели 54.4 %, суммирование да
edge93_s1__AS80_p67_edge93_r38__asis                     код 0     170 с  chi2/ndf 4.397, невязка модели 64.2 %, суммирование да
edge93_s1__AS80_p67_edge93_r38__noeqasis                 код 0     173 с  chi2/ndf 4.289, невязка модели 64.2 %, суммирование да
edge93_s1__AS80_p67_edge93_r38__eq                       код 0     177 с  chi2/ndf 1.462, невязка модели 54.5 %, суммирование да
edge1709__AS80_p67_edge93_r38__asis                      код 0     180 с  chi2/ndf 1.763, невязка модели 10.3 %, суммирование да
edge1709__AS80_p67_edge93_r38__noeqasis                  код 0     183 с  chi2/ndf 1.670, невязка модели 9.3 %, суммирование да
edge1709__AS80_p67_edge93_r38__eq                        код 0     186 с  chi2/ndf 1.715, невязка модели 10.0 %, суммирование да
edge1709_s1__AS80_p67_edge93_r38__asis                   код 0     189 с  chi2/ndf 7.795, невязка модели 48.2 %, суммирование да
edge1709_s1__AS80_p67_edge93_r38__noeqasis               код 0     193 с  chi2/ndf 7.569, невязка модели 47.8 %, суммирование да
edge1709_s1__AS80_p67_edge93_r38__eq                     код 0     196 с  chi2/ndf 1.932, невязка модели 10.4 %, суммирование да
contact52k__AS80_p67_contact_r42__asis                   код 0     199 с  chi2/ndf 13.430, невязка модели 21.1 %, суммирование да
contact52k__AS80_p67_contact_r42__noeqasis               код 0     202 с  chi2/ndf 11.884, невязка модели 17.2 %, суммирование да
contact52k__AS80_p67_contact_r42__eq                     код 0     205 с  chi2/ndf 7.300, невязка модели 19.6 %, суммирование да
contact_cal0809__AS80_p67_contact_r42__asis              код 0     208 с  chi2/ndf 2.121, невязка модели 17.8 %, суммирование да
contact_cal0809__AS80_p67_contact_r42__noeqasis          код 0     211 с  chi2/ndf 2.184, невязка модели 17.6 %, суммирование да
contact_cal0809__AS80_p67_contact_r42__eq                код 0     214 с  chi2/ndf 2.111, невязка модели 17.7 %, суммирование да
contact_cal0809_s1__AS80_p67_contact_r42__asis           код 0     217 с  chi2/ndf 3.670, невязка модели 29.7 %, суммирование да
contact_cal0809_s1__AS80_p67_contact_r42__noeqasis       код 0     220 с  chi2/ndf 3.419, невязка модели 28.8 %, суммирование да
contact_cal0809_s1__AS80_p67_contact_r42__eq             код 0     224 с  chi2/ndf 2.147, невязка модели 26.9 %, суммирование да
edge93__AS80_p67_edge93_r42__asis                        код 0     227 с  chi2/ndf 1.313, невязка модели 10.5 %, суммирование да
edge93__AS80_p67_edge93_r42__noeqasis                    код 0     231 с  chi2/ndf 1.215, невязка модели 8.1 %, суммирование да
edge93__AS80_p67_edge93_r42__eq                          код 0     234 с  chi2/ndf 1.334, невязка модели 54.5 %, суммирование да
edge93_s1__AS80_p67_edge93_r42__asis                     код 0     238 с  chi2/ndf 4.436, невязка модели 64.2 %, суммирование да
edge93_s1__AS80_p67_edge93_r42__noeqasis                 код 0     241 с  chi2/ndf 4.307, невязка модели 64.2 %, суммирование да
edge93_s1__AS80_p67_edge93_r42__eq                       код 0     244 с  chi2/ndf 1.489, невязка модели 54.6 %, суммирование да
edge1709__AS80_p67_edge93_r42__asis                      код 0     248 с  chi2/ndf 1.897, невязка модели 12.7 %, суммирование да
edge1709__AS80_p67_edge93_r42__noeqasis                  код 0     252 с  chi2/ndf 1.713, невязка модели 9.6 %, суммирование да
edge1709__AS80_p67_edge93_r42__eq                        код 0     255 с  chi2/ndf 1.900, невязка модели 13.2 %, суммирование да
edge1709_s1__AS80_p67_edge93_r42__asis                   код 0     259 с  chi2/ndf 7.967, невязка модели 48.3 %, суммирование да
edge1709_s1__AS80_p67_edge93_r42__noeqasis               код 0     263 с  chi2/ndf 7.609, невязка модели 47.9 %, суммирование да
edge1709_s1__AS80_p67_edge93_r42__eq                     код 0     267 с  chi2/ndf 1.988, невязка модели 11.0 %, суммирование да
edge93__AS80_p67_edge93_r33_ring05__asis                 код 0     271 с  chi2/ndf 1.174, невязка модели 7.3 %, суммирование да
edge93__AS80_p67_edge93_r33_ring05__noeqasis             код 0     275 с  chi2/ndf 1.153, невязка модели 6.9 %, суммирование да
edge93__AS80_p67_edge93_r33_ring05__eq                   код 0     279 с  chi2/ndf 1.228, невязка модели 54.3 %, суммирование да
edge93_s1__AS80_p67_edge93_r33_ring05__asis              код 0     282 с  chi2/ndf 4.324, невязка модели 64.1 %, суммирование да
edge93_s1__AS80_p67_edge93_r33_ring05__noeqasis          код 0     286 с  chi2/ndf 4.268, невязка модели 64.2 %, суммирование да
edge93_s1__AS80_p67_edge93_r33_ring05__eq                код 0     290 с  chi2/ndf 1.429, невязка модели 54.4 %, суммирование да
edge1709__AS80_p67_edge93_r33_ring05__asis               код 0     294 с  chi2/ndf 1.647, невязка модели 8.9 %, суммирование да
edge1709__AS80_p67_edge93_r33_ring05__noeqasis           код 0     298 с  chi2/ndf 1.681, невязка модели 8.8 %, суммирование да
edge1709__AS80_p67_edge93_r33_ring05__eq                 код 0     302 с  chi2/ndf 1.622, невязка модели 8.5 %, суммирование да
edge1709_s1__AS80_p67_edge93_r33_ring05__asis            код 0     306 с  chi2/ndf 7.695, невязка модели 47.9 %, суммирование да
edge1709_s1__AS80_p67_edge93_r33_ring05__noeqasis        код 0     309 с  chi2/ndf 7.517, невязка модели 47.8 %, суммирование да
edge1709_s1__AS80_p67_edge93_r33_ring05__eq              код 0     313 с  chi2/ndf 1.802, невязка модели 9.4 %, суммирование да
edge93__AS80_p67_edge93_r33_ring20__asis                 код 0     316 с  chi2/ndf 1.205, невязка модели 8.0 %, суммирование да
edge93__AS80_p67_edge93_r33_ring20__noeqasis             код 0     319 с  chi2/ndf 1.183, невязка модели 7.5 %, суммирование да
edge93__AS80_p67_edge93_r33_ring20__eq                   код 0     323 с  chi2/ndf 1.253, невязка модели 54.3 %, суммирование да
edge93_s1__AS80_p67_edge93_r33_ring20__asis              код 0     326 с  chi2/ndf 4.360, невязка модели 64.1 %, суммирование да
edge93_s1__AS80_p67_edge93_r33_ring20__noeqasis          код 0     329 с  chi2/ndf 4.272, невязка модели 64.2 %, суммирование да
edge93_s1__AS80_p67_edge93_r33_ring20__eq                код 0     332 с  chi2/ndf 1.431, невязка модели 54.4 %, суммирование да
edge1709__AS80_p67_edge93_r33_ring20__asis               код 0     335 с  chi2/ndf 1.739, невязка модели 9.7 %, суммирование да
edge1709__AS80_p67_edge93_r33_ring20__noeqasis           код 0     338 с  chi2/ndf 1.550, невязка модели 8.7 %, суммирование да
edge1709__AS80_p67_edge93_r33_ring20__eq                 код 0     341 с  chi2/ndf 1.715, невязка модели 9.4 %, суммирование да
edge1709_s1__AS80_p67_edge93_r33_ring20__asis            код 0     344 с  chi2/ndf 7.721, невязка модели 48.0 %, суммирование да
edge1709_s1__AS80_p67_edge93_r33_ring20__noeqasis        код 0     347 с  chi2/ndf 7.531, невязка модели 47.8 %, суммирование да
edge1709_s1__AS80_p67_edge93_r33_ring20__eq              код 0     350 с  chi2/ndf 1.855, невязка модели 9.9 %, суммирование да
contact52k__AS80_p67_contact_p13__asis                   код 0     353 с  chi2/ndf 13.726, невязка модели 21.0 %, суммирование да
contact52k__AS80_p67_contact_p13__noeqasis               код 0     357 с  chi2/ndf 12.079, невязка модели 17.8 %, суммирование да
contact52k__AS80_p67_contact_p13__eq                     код 0     361 с  chi2/ndf 7.576, невязка модели 19.7 %, суммирование да
contact_cal0809__AS80_p67_contact_p13__asis              код 0     365 с  chi2/ndf 2.147, невязка модели 18.1 %, суммирование да
contact_cal0809__AS80_p67_contact_p13__noeqasis          код 0     368 с  chi2/ndf 1.999, невязка модели 17.0 %, суммирование да
contact_cal0809__AS80_p67_contact_p13__eq                код 0     372 с  chi2/ndf 2.151, невязка модели 18.2 %, суммирование да
contact_cal0809_s1__AS80_p67_contact_p13__asis           код 0     375 с  chi2/ndf 3.704, невязка модели 30.1 %, суммирование да
contact_cal0809_s1__AS80_p67_contact_p13__noeqasis       код 0     378 с  chi2/ndf 3.425, невязка модели 29.0 %, суммирование да
contact_cal0809_s1__AS80_p67_contact_p13__eq             код 0     381 с  chi2/ndf 2.218, невязка модели 27.3 %, суммирование да
edge93__AS80_p67_edge93_p13__asis                        код 0     384 с  chi2/ndf 1.353, невязка модели 11.7 %, суммирование да
edge93__AS80_p67_edge93_p13__noeqasis                    код 0     388 с  chi2/ndf 1.209, невязка модели 8.0 %, суммирование да
edge93__AS80_p67_edge93_p13__eq                          код 0     391 с  chi2/ndf 1.401, невязка модели 54.7 %, суммирование да
edge93_s1__AS80_p67_edge93_p13__asis                     код 0     393 с  chi2/ndf 4.510, невязка модели 64.4 %, суммирование да
edge93_s1__AS80_p67_edge93_p13__noeqasis                 код 0     397 с  chi2/ndf 4.323, невязка модели 64.2 %, суммирование да
edge93_s1__AS80_p67_edge93_p13__eq                       код 0     400 с  chi2/ndf 1.604, невязка модели 54.9 %, суммирование да
edge1709__AS80_p67_edge93_p13__asis                      код 0     403 с  chi2/ndf 1.955, невязка модели 13.8 %, суммирование да
edge1709__AS80_p67_edge93_p13__noeqasis                  код 0     406 с  chi2/ndf 1.708, невязка модели 9.6 %, суммирование да
edge1709__AS80_p67_edge93_p13__eq                        код 0     409 с  chi2/ndf 1.939, невязка модели 14.2 %, суммирование да
edge1709_s1__AS80_p67_edge93_p13__asis                   код 0     411 с  chi2/ndf 8.100, невязка модели 48.7 %, суммирование да
edge1709_s1__AS80_p67_edge93_p13__noeqasis               код 0     414 с  chi2/ndf 7.654, невязка модели 47.9 %, суммирование да
edge1709_s1__AS80_p67_edge93_p13__eq                     код 0     418 с  chi2/ndf 2.156, невязка модели 13.2 %, суммирование да
edge93__AS80_p88_edge93_r28_al__asis                     код 0     420 с  chi2/ndf 1.101, невязка модели 5.5 %, суммирование да
edge93__AS80_p88_edge93_r28_al__noeqasis                 код 0     424 с  chi2/ndf 1.111, невязка модели 5.7 %, суммирование да
edge93__AS80_p88_edge93_r28_al__eq                       код 0     427 с  chi2/ndf 1.181, невязка модели 54.2 %, суммирование да
edge93_s1__AS80_p88_edge93_r28_al__asis                  код 0     429 с  chi2/ndf 4.245, невязка модели 64.0 %, суммирование да
edge93_s1__AS80_p88_edge93_r28_al__noeqasis              код 0     433 с  chi2/ndf 4.211, невязка модели 64.1 %, суммирование да
edge93_s1__AS80_p88_edge93_r28_al__eq                    код 0     436 с  chi2/ndf 1.430, невязка модели 54.5 %, суммирование да
edge1709__AS80_p88_edge93_r28_al__asis                   код 0     439 с  chi2/ndf 1.410, невязка модели 6.1 %, суммирование да
edge1709__AS80_p88_edge93_r28_al__noeqasis               код 0     442 с  chi2/ndf 1.438, невязка модели 6.2 %, суммирование да
edge1709__AS80_p88_edge93_r28_al__eq                     код 0     445 с  chi2/ndf 1.392, невязка модели 5.8 %, суммирование да
edge1709_s1__AS80_p88_edge93_r28_al__asis                код 0     449 с  chi2/ndf 7.453, невязка модели 47.5 %, суммирование да
edge1709_s1__AS80_p88_edge93_r28_al__noeqasis            код 0     452 с  chi2/ndf 7.350, невязка модели 47.5 %, суммирование да
edge1709_s1__AS80_p88_edge93_r28_al__eq                  код 0     455 с  chi2/ndf 1.656, невязка модели 8.0 %, суммирование да
edge93__AS80_p88_edge93_r33_al__asis                     код 0     458 с  chi2/ndf 1.160, невязка модели 6.9 %, суммирование да
edge93__AS80_p88_edge93_r33_al__noeqasis                 код 0     461 с  chi2/ndf 1.176, невязка модели 7.1 %, суммирование да
edge93__AS80_p88_edge93_r33_al__eq                       код 0     464 с  chi2/ndf 1.220, невязка модели 54.2 %, суммирование да
edge93_s1__AS80_p88_edge93_r33_al__asis                  код 0     467 с  chi2/ndf 4.319, невязка модели 64.1 %, суммирование да
edge93_s1__AS80_p88_edge93_r33_al__noeqasis              код 0     470 с  chi2/ndf 4.265, невязка модели 64.3 %, суммирование да
edge93_s1__AS80_p88_edge93_r33_al__eq                    код 0     473 с  chi2/ndf 1.437, невязка модели 54.5 %, суммирование да
edge1709__AS80_p88_edge93_r33_al__asis                   код 0     476 с  chi2/ndf 1.608, невязка модели 8.5 %, суммирование да
edge1709__AS80_p88_edge93_r33_al__noeqasis               код 0     479 с  chi2/ndf 1.633, невязка модели 8.4 %, суммирование да
edge1709__AS80_p88_edge93_r33_al__eq                     код 0     482 с  chi2/ndf 1.589, невязка модели 8.2 %, суммирование да
edge1709_s1__AS80_p88_edge93_r33_al__asis                код 0     485 с  chi2/ndf 7.718, невязка модели 47.8 %, суммирование да
edge1709_s1__AS80_p88_edge93_r33_al__noeqasis            код 0     488 с  chi2/ndf 7.506, невязка модели 47.8 %, суммирование да
edge1709_s1__AS80_p88_edge93_r33_al__eq                  код 0     491 с  chi2/ndf 1.794, невязка модели 9.2 %, суммирование да
edge93__AS80_p88_edge93_r38_al__asis                     код 0     494 с  chi2/ndf 1.210, невязка модели 8.0 %, суммирование да
edge93__AS80_p88_edge93_r38_al__noeqasis                 код 0     497 с  chi2/ndf 1.171, невязка модели 7.2 %, суммирование да
edge93__AS80_p88_edge93_r38_al__eq                       код 0     500 с  chi2/ndf 1.263, невязка модели 54.3 %, суммирование да
edge93_s1__AS80_p88_edge93_r38_al__asis                  код 0     503 с  chi2/ndf 4.379, невязка модели 64.2 %, суммирование да
edge93_s1__AS80_p88_edge93_r38_al__noeqasis              код 0     506 с  chi2/ndf 4.280, невязка модели 64.2 %, суммирование да
edge93_s1__AS80_p88_edge93_r38_al__eq                    код 0     509 с  chi2/ndf 1.461, невязка модели 54.5 %, суммирование да
edge1709__AS80_p88_edge93_r38_al__asis                   код 0     512 с  chi2/ndf 1.711, невязка модели 9.7 %, суммирование да
edge1709__AS80_p88_edge93_r38_al__noeqasis               код 0     515 с  chi2/ndf 1.603, невязка модели 8.7 %, суммирование да
edge1709__AS80_p88_edge93_r38_al__eq                     код 0     518 с  chi2/ndf 1.735, невязка модели 9.4 %, суммирование да
edge1709_s1__AS80_p88_edge93_r38_al__asis                код 0     522 с  chi2/ndf 7.765, невязка модели 48.1 %, суммирование да
edge1709_s1__AS80_p88_edge93_r38_al__noeqasis            код 0     525 с  chi2/ndf 7.547, невязка модели 47.8 %, суммирование да
edge1709_s1__AS80_p88_edge93_r38_al__eq                  код 0     528 с  chi2/ndf 1.903, невязка модели 10.0 %, суммирование да
contact52k__AS80_p88_contact_r33_al__asis                код 0     531 с  chi2/ndf 12.891, невязка модели 20.4 %, суммирование да
contact52k__AS80_p88_contact_r33_al__noeqasis            код 0     535 с  chi2/ndf 11.205, невязка модели 15.0 %, суммирование да
contact52k__AS80_p88_contact_r33_al__eq                  код 0     539 с  chi2/ndf 6.986, невязка модели 18.8 %, суммирование да
contact_cal0809__AS80_p88_contact_r33_al__asis           код 0     542 с  chi2/ndf 1.718, невязка модели 13.3 %, суммирование да
contact_cal0809__AS80_p88_contact_r33_al__noeqasis       код 0     545 с  chi2/ndf 1.520, невязка модели 10.7 %, суммирование да
contact_cal0809__AS80_p88_contact_r33_al__eq             код 0     548 с  chi2/ndf 1.752, невязка модели 13.4 %, суммирование да
contact_cal0809_s1__AS80_p88_contact_r33_al__asis        код 0     551 с  chi2/ndf 3.269, невязка модели 27.5 %, суммирование да
contact_cal0809_s1__AS80_p88_contact_r33_al__noeqasis    код 0     554 с  chi2/ndf 3.054, невязка модели 26.5 %, суммирование да
contact_cal0809_s1__AS80_p88_contact_r33_al__eq          код 0     558 с  chi2/ndf 1.891, невязка модели 24.9 %, суммирование да
коды: contact52k__AS80_p67_contact_r28__asis=0 contact52k__AS80_p67_contact_r28__noeqasis=0 contact52k__AS80_p67_contact_r28__eq=0 contact_cal0809__AS80_p67_contact_r28__asis=0 contact_cal0809__AS80_p67_contact_r28__noeqasis=0 contact_cal0809__AS80_p67_contact_r28__eq=0 contact_cal0809_s1__AS80_p67_contact_r28__asis=0 contact_cal0809_s1__AS80_p67_contact_r28__noeqasis=0 contact_cal0809_s1__AS80_p67_contact_r28__eq=0 edge93__AS80_p67_edge93_r28__asis=0 edge93__AS80_p67_edge93_r28__noeqasis=0 edge93__AS80_p67_edge93_r28__eq=0 edge93_s1__AS80_p67_edge93_r28__asis=0 edge93_s1__AS80_p67_edge93_r28__noeqasis=0 edge93_s1__AS80_p67_edge93_r28__eq=0 edge1709__AS80_p67_edge93_r28__asis=0 edge1709__AS80_p67_edge93_r28__noeqasis=0 edge1709__AS80_p67_edge93_r28__eq=0 edge1709_s1__AS80_p67_edge93_r28__asis=0 edge1709_s1__AS80_p67_edge93_r28__noeqasis=0 edge1709_s1__AS80_p67_edge93_r28__eq=0 contact52k__AS80_p67_contact_r33__asis=0 contact52k__AS80_p67_contact_r33__noeqasis=0 contact52k__AS80_p67_contact_r33__eq=0 contact_cal0809__AS80_p67_contact_r33__asis=0 contact_cal0809__AS80_p67_contact_r33__noeqasis=0 contact_cal0809__AS80_p67_contact_r33__eq=0 contact_cal0809_s1__AS80_p67_contact_r33__asis=0 contact_cal0809_s1__AS80_p67_contact_r33__noeqasis=0 contact_cal0809_s1__AS80_p67_contact_r33__eq=0 edge93__AS80_p67_edge93_r33__asis=0 edge93__AS80_p67_edge93_r33__noeqasis=0 edge93__AS80_p67_edge93_r33__eq=0 edge93_s1__AS80_p67_edge93_r33__asis=0 edge93_s1__AS80_p67_edge93_r33__noeqasis=0 edge93_s1__AS80_p67_edge93_r33__eq=0 edge1709__AS80_p67_edge93_r33__asis=0 edge1709__AS80_p67_edge93_r33__noeqasis=0 edge1709__AS80_p67_edge93_r33__eq=0 edge1709_s1__AS80_p67_edge93_r33__asis=0 edge1709_s1__AS80_p67_edge93_r33__noeqasis=0 edge1709_s1__AS80_p67_edge93_r33__eq=0 contact52k__AS80_p67_contact_r38__asis=0 contact52k__AS80_p67_contact_r38__noeqasis=0 contact52k__AS80_p67_contact_r38__eq=0 contact_cal0809__AS80_p67_contact_r38__asis=0 contact_cal0809__AS80_p67_contact_r38__noeqasis=0 contact_cal0809__AS80_p67_contact_r38__eq=0 contact_cal0809_s1__AS80_p67_contact_r38__asis=0 contact_cal0809_s1__AS80_p67_contact_r38__noeqasis=0 contact_cal0809_s1__AS80_p67_contact_r38__eq=0 edge93__AS80_p67_edge93_r38__asis=0 edge93__AS80_p67_edge93_r38__noeqasis=0 edge93__AS80_p67_edge93_r38__eq=0 edge93_s1__AS80_p67_edge93_r38__asis=0 edge93_s1__AS80_p67_edge93_r38__noeqasis=0 edge93_s1__AS80_p67_edge93_r38__eq=0 edge1709__AS80_p67_edge93_r38__asis=0 edge1709__AS80_p67_edge93_r38__noeqasis=0 edge1709__AS80_p67_edge93_r38__eq=0 edge1709_s1__AS80_p67_edge93_r38__asis=0 edge1709_s1__AS80_p67_edge93_r38__noeqasis=0 edge1709_s1__AS80_p67_edge93_r38__eq=0 contact52k__AS80_p67_contact_r42__asis=0 contact52k__AS80_p67_contact_r42__noeqasis=0 contact52k__AS80_p67_contact_r42__eq=0 contact_cal0809__AS80_p67_contact_r42__asis=0 contact_cal0809__AS80_p67_contact_r42__noeqasis=0 contact_cal0809__AS80_p67_contact_r42__eq=0 contact_cal0809_s1__AS80_p67_contact_r42__asis=0 contact_cal0809_s1__AS80_p67_contact_r42__noeqasis=0 contact_cal0809_s1__AS80_p67_contact_r42__eq=0 edge93__AS80_p67_edge93_r42__asis=0 edge93__AS80_p67_edge93_r42__noeqasis=0 edge93__AS80_p67_edge93_r42__eq=0 edge93_s1__AS80_p67_edge93_r42__asis=0 edge93_s1__AS80_p67_edge93_r42__noeqasis=0 edge93_s1__AS80_p67_edge93_r42__eq=0 edge1709__AS80_p67_edge93_r42__asis=0 edge1709__AS80_p67_edge93_r42__noeqasis=0 edge1709__AS80_p67_edge93_r42__eq=0 edge1709_s1__AS80_p67_edge93_r42__asis=0 edge1709_s1__AS80_p67_edge93_r42__noeqasis=0 edge1709_s1__AS80_p67_edge93_r42__eq=0 edge93__AS80_p67_edge93_r33_ring05__asis=0 edge93__AS80_p67_edge93_r33_ring05__noeqasis=0 edge93__AS80_p67_edge93_r33_ring05__eq=0 edge93_s1__AS80_p67_edge93_r33_ring05__asis=0 edge93_s1__AS80_p67_edge93_r33_ring05__noeqasis=0 edge93_s1__AS80_p67_edge93_r33_ring05__eq=0 edge1709__AS80_p67_edge93_r33_ring05__asis=0 edge1709__AS80_p67_edge93_r33_ring05__noeqasis=0 edge1709__AS80_p67_edge93_r33_ring05__eq=0 edge1709_s1__AS80_p67_edge93_r33_ring05__asis=0 edge1709_s1__AS80_p67_edge93_r33_ring05__noeqasis=0 edge1709_s1__AS80_p67_edge93_r33_ring05__eq=0 edge93__AS80_p67_edge93_r33_ring20__asis=0 edge93__AS80_p67_edge93_r33_ring20__noeqasis=0 edge93__AS80_p67_edge93_r33_ring20__eq=0 edge93_s1__AS80_p67_edge93_r33_ring20__asis=0 edge93_s1__AS80_p67_edge93_r33_ring20__noeqasis=0 edge93_s1__AS80_p67_edge93_r33_ring20__eq=0 edge1709__AS80_p67_edge93_r33_ring20__asis=0 edge1709__AS80_p67_edge93_r33_ring20__noeqasis=0 edge1709__AS80_p67_edge93_r33_ring20__eq=0 edge1709_s1__AS80_p67_edge93_r33_ring20__asis=0 edge1709_s1__AS80_p67_edge93_r33_ring20__noeqasis=0 edge1709_s1__AS80_p67_edge93_r33_ring20__eq=0 contact52k__AS80_p67_contact_p13__asis=0 contact52k__AS80_p67_contact_p13__noeqasis=0 contact52k__AS80_p67_contact_p13__eq=0 contact_cal0809__AS80_p67_contact_p13__asis=0 contact_cal0809__AS80_p67_contact_p13__noeqasis=0 contact_cal0809__AS80_p67_contact_p13__eq=0 contact_cal0809_s1__AS80_p67_contact_p13__asis=0 contact_cal0809_s1__AS80_p67_contact_p13__noeqasis=0 contact_cal0809_s1__AS80_p67_contact_p13__eq=0 edge93__AS80_p67_edge93_p13__asis=0 edge93__AS80_p67_edge93_p13__noeqasis=0 edge93__AS80_p67_edge93_p13__eq=0 edge93_s1__AS80_p67_edge93_p13__asis=0 edge93_s1__AS80_p67_edge93_p13__noeqasis=0 edge93_s1__AS80_p67_edge93_p13__eq=0 edge1709__AS80_p67_edge93_p13__asis=0 edge1709__AS80_p67_edge93_p13__noeqasis=0 edge1709__AS80_p67_edge93_p13__eq=0 edge1709_s1__AS80_p67_edge93_p13__asis=0 edge1709_s1__AS80_p67_edge93_p13__noeqasis=0 edge1709_s1__AS80_p67_edge93_p13__eq=0 edge93__AS80_p88_edge93_r28_al__asis=0 edge93__AS80_p88_edge93_r28_al__noeqasis=0 edge93__AS80_p88_edge93_r28_al__eq=0 edge93_s1__AS80_p88_edge93_r28_al__asis=0 edge93_s1__AS80_p88_edge93_r28_al__noeqasis=0 edge93_s1__AS80_p88_edge93_r28_al__eq=0 edge1709__AS80_p88_edge93_r28_al__asis=0 edge1709__AS80_p88_edge93_r28_al__noeqasis=0 edge1709__AS80_p88_edge93_r28_al__eq=0 edge1709_s1__AS80_p88_edge93_r28_al__asis=0 edge1709_s1__AS80_p88_edge93_r28_al__noeqasis=0 edge1709_s1__AS80_p88_edge93_r28_al__eq=0 edge93__AS80_p88_edge93_r33_al__asis=0 edge93__AS80_p88_edge93_r33_al__noeqasis=0 edge93__AS80_p88_edge93_r33_al__eq=0 edge93_s1__AS80_p88_edge93_r33_al__asis=0 edge93_s1__AS80_p88_edge93_r33_al__noeqasis=0 edge93_s1__AS80_p88_edge93_r33_al__eq=0 edge1709__AS80_p88_edge93_r33_al__asis=0 edge1709__AS80_p88_edge93_r33_al__noeqasis=0 edge1709__AS80_p88_edge93_r33_al__eq=0 edge1709_s1__AS80_p88_edge93_r33_al__asis=0 edge1709_s1__AS80_p88_edge93_r33_al__noeqasis=0 edge1709_s1__AS80_p88_edge93_r33_al__eq=0 edge93__AS80_p88_edge93_r38_al__asis=0 edge93__AS80_p88_edge93_r38_al__noeqasis=0 edge93__AS80_p88_edge93_r38_al__eq=0 edge93_s1__AS80_p88_edge93_r38_al__asis=0 edge93_s1__AS80_p88_edge93_r38_al__noeqasis=0 edge93_s1__AS80_p88_edge93_r38_al__eq=0 edge1709__AS80_p88_edge93_r38_al__asis=0 edge1709__AS80_p88_edge93_r38_al__noeqasis=0 edge1709__AS80_p88_edge93_r38_al__eq=0 edge1709_s1__AS80_p88_edge93_r38_al__asis=0 edge1709_s1__AS80_p88_edge93_r38_al__noeqasis=0 edge1709_s1__AS80_p88_edge93_r38_al__eq=0 contact52k__AS80_p88_contact_r33_al__asis=0 contact52k__AS80_p88_contact_r33_al__noeqasis=0 contact52k__AS80_p88_contact_r33_al__eq=0 contact_cal0809__AS80_p88_contact_r33_al__asis=0 contact_cal0809__AS80_p88_contact_r33_al__noeqasis=0 contact_cal0809__AS80_p88_contact_r33_al__eq=0 contact_cal0809_s1__AS80_p88_contact_r33_al__asis=0 contact_cal0809_s1__AS80_p88_contact_r33_al__noeqasis=0 contact_cal0809_s1__AS80_p88_contact_r33_al__eq=0
