BecqMoni: main config: C:\Users\moroz\source\repos\BQ Eng res .NET 4.8\tools\effmaker\probes\build_rel\config\BecquerelMonitor.xml
Матрицы отклика понятной части корпуса (B1)
сетка: 140 узлов 5-3000 кэВ, бин 2 кэВ, 3000000 историй на узел
останов по шуму ВЫКЛЮЧЕН — плоский счёт (T35)

== AS80_lu_front ==
   клеймо   : phys=16;a149dcad91a625ee38ec58639d34d49a14d6a8d20cd8baf6a6a0c4f725bdf2f2
   время    : 249.2 с на часах, ядер 12.5 из 15
   счёт     : 3108.3 с ЦП, 7.30 мкс на историю  <- сравнивать надо ЭТО
   обход    : на историю 7.0 шага границ, 7.2 поиска области, 2.9 интерполяции μ, 2.35 сбора пересечений
   шум конт.: взвешенная 0.83 %  тихо
   раскладка: handover\amber1\store_nodes-AS80_lu_front.csv
   файл     : tools\CORPUS\corpus\geometries\AS80_lu_front.rmx (0.5 МБ)

== AS80_point0 ==
   клеймо   : phys=16;6121dcc5450b3b970fbcd5926d212768ca027e3990da9304a02b70c2b33d8c2c
   время    : 140.0 с на часах, ядер 13.0 из 15
   счёт     : 1822.3 с ЦП, 4.34 мкс на историю  <- сравнивать надо ЭТО
   обход    : на историю 4.4 шага границ, 4.8 поиска области, 1.4 интерполяции μ, 2.16 сбора пересечений
   шум конт.: взвешенная 0.60 %  тихо
   раскладка: handover\amber1\store_nodes-AS80_point0.csv
   файл     : tools\CORPUS\corpus\geometries\AS80_point0.rmx (0.5 МБ)

== ASN16_lu_side ==
   клеймо   : phys=16;71bbbaf29b6404306efe17cc13619b35fe016a022885a814f0b446c046032639
   время    : 232.0 с на часах, ядер 11.9 из 15
   счёт     : 2762.3 с ЦП, 6.48 мкс на историю  <- сравнивать надо ЭТО
   обход    : на историю 5.7 шага границ, 5.9 поиска области, 2.0 интерполяции μ, 2.33 сбора пересечений
   шум конт.: взвешенная 0.98 %  тихо
   раскладка: handover\amber1\store_nodes-ASN16_lu_side.csv
   файл     : tools\CORPUS\corpus\geometries\ASN16_lu_side.rmx (0.5 МБ)

== G1S_denta100_oisn10_100_p16 ==
   клеймо   : phys=16;da5145e0656f034a01514ef680c0e8493730d598762d970aa8e03ce05044d9c1
   время    : 291.0 с на часах, ядер 12.6 из 15
   счёт     : 3678.1 с ЦП, 8.63 мкс на историю  <- сравнивать надо ЭТО
   обход    : на историю 6.4 шага границ, 7.0 поиска области, 3.1 интерполяции μ, 2.32 сбора пересечений
   шум конт.: взвешенная 0.73 %  тихо
   раскладка: handover\amber1\store_nodes-G1S_denta100_oisn10_100_p16.csv
   файл     : tools\CORPUS\corpus\geometries\G1S_denta100_oisn10_100_p16.rmx (0.5 МБ)

== G1S_denta100_risn379_100_p16 ==
   клеймо   : phys=16;cb2b25d05eb49075c30038cf037a94d682a0c22c646e8ffef864a469b8073190
   время    : 288.9 с на часах, ядер 12.8 из 15
   счёт     : 3708.9 с ЦП, 8.83 мкс на историю  <- сравнивать надо ЭТО
   обход    : на историю 6.7 шага границ, 7.3 поиска области, 3.2 интерполяции μ, 2.29 сбора пересечений
   шум конт.: взвешенная 0.64 %  тихо
   раскладка: handover\amber1\store_nodes-G1S_denta100_risn379_100_p16.csv
   файл     : tools\CORPUS\corpus\geometries\G1S_denta100_risn379_100_p16.rmx (0.5 МБ)

== G1S_denta120_oisn06_057_p24 ==
   клеймо   : phys=16;80add8f9b307ccfbc0d27ee005e1dcdc1d40866a2859917a64445a07a95886d1
   время    : 259.6 с на часах, ядер 13.5 из 15
   счёт     : 3512.0 с ЦП, 8.24 мкс на историю  <- сравнивать надо ЭТО
   обход    : на историю 6.7 шага границ, 7.4 поиска области, 3.4 интерполяции μ, 2.26 сбора пересечений
   шум конт.: взвешенная 0.70 %  тихо
   раскладка: handover\amber1\store_nodes-G1S_denta120_oisn06_057_p24.csv
   файл     : tools\CORPUS\corpus\geometries\G1S_denta120_oisn06_057_p24.rmx (0.5 МБ)

== G1S_denta120_oisn06_062_p24 ==
   клеймо   : phys=16;b2249b2fe8dd2cb83ca6fd24f299808bca93dbe6ccdba4578faebf25d36caee9
   время    : 249.1 с на часах, ядер 13.9 из 15
   счёт     : 3455.8 с ЦП, 8.11 мкс на историю  <- сравнивать надо ЭТО
   обход    : на историю 6.7 шага границ, 7.4 поиска области, 3.4 интерполяции μ, 2.27 сбора пересечений
   шум конт.: взвешенная 0.70 %  тихо
   раскладка: handover\amber1\store_nodes-G1S_denta120_oisn06_062_p24.csv
   файл     : tools\CORPUS\corpus\geometries\G1S_denta120_oisn06_062_p24.rmx (0.5 МБ)

== G1S_denta120_oisn06_064_p24 ==
   клеймо   : phys=16;7ce590cb6732aa8ec4f87c5f2ab268fd299efb8009df2417f20bfb2b09959bef
   время    : 250.0 с на часах, ядер 13.9 из 15
   счёт     : 3478.7 с ЦП, 8.17 мкс на историю  <- сравнивать надо ЭТО
   обход    : на историю 6.7 шага границ, 7.4 поиска области, 3.4 интерполяции μ, 2.27 сбора пересечений
   шум конт.: взвешенная 0.70 %  тихо
   раскладка: handover\amber1\store_nodes-G1S_denta120_oisn06_064_p24.csv
   файл     : tools\CORPUS\corpus\geometries\G1S_denta120_oisn06_064_p24.rmx (0.5 МБ)

== G1S_denta120_oisn06_066_p24 ==
   клеймо   : phys=16;eabd1a1e6f21bd76a3741f51296abfda2c75f1961d046731828fc94f5a7d4a64
   время    : 267.6 с на часах, ядер 13.2 из 15
   счёт     : 3545.1 с ЦП, 8.32 мкс на историю  <- сравнивать надо ЭТО
   обход    : на историю 6.7 шага границ, 7.4 поиска области, 3.4 интерполяции μ, 2.27 сбора пересечений
   шум конт.: взвешенная 0.70 %  тихо
   раскладка: handover\amber1\store_nodes-G1S_denta120_oisn06_066_p24.csv
   файл     : tools\CORPUS\corpus\geometries\G1S_denta120_oisn06_066_p24.rmx (0.5 МБ)

== G1S_denta120_oisn16_155_p24 ==
   клеймо   : phys=16;a4158d7501bbcbf7b4845c790504c4ee93420b6d17953369d4fd9793c54c5d68
   время    : 289.2 с на часах, ядер 13.3 из 15
   счёт     : 3854.9 с ЦП, 9.05 мкс на историю  <- сравнивать надо ЭТО
   обход    : на историю 6.3 шага границ, 6.9 поиска области, 3.0 интерполяции μ, 2.39 сбора пересечений
   шум конт.: взвешенная 0.78 %  тихо
   раскладка: handover\amber1\store_nodes-G1S_denta120_oisn16_155_p24.csv
   файл     : tools\CORPUS\corpus\geometries\G1S_denta120_oisn16_155_p24.rmx (0.5 МБ)

== G1S_denta120_oisn16_160_p24 ==
   клеймо   : phys=16;ae12a58764884ef830837d9215df3cdb7efca98d55ee403aac1966e8ab8e7a4c
   время    : 284.1 с на часах, ядер 13.5 из 15
   счёт     : 3848.1 с ЦП, 9.03 мкс на историю  <- сравнивать надо ЭТО
   обход    : на историю 6.3 шага границ, 6.9 поиска области, 3.0 интерполяции μ, 2.40 сбора пересечений
   шум конт.: взвешенная 0.78 %  тихо
   раскладка: handover\amber1\store_nodes-G1S_denta120_oisn16_160_p24.csv
   файл     : tools\CORPUS\corpus\geometries\G1S_denta120_oisn16_160_p24.rmx (0.5 МБ)

== G1S_denta120_oisn16_166_p24 ==
   клеймо   : phys=16;372cf45160f133387568af1f1f1d32e4972669c5f014a2ae8079b6f6ab8b932c
   время    : 296.6 с на часах, ядер 13.2 из 15
   счёт     : 3904.2 с ЦП, 9.16 мкс на историю  <- сравнивать надо ЭТО
   обход    : на историю 6.3 шага границ, 6.9 поиска области, 3.0 интерполяции μ, 2.41 сбора пересечений
   шум конт.: взвешенная 0.78 %  тихо
   раскладка: handover\amber1\store_nodes-G1S_denta120_oisn16_166_p24.csv
   файл     : tools\CORPUS\corpus\geometries\G1S_denta120_oisn16_166_p24.rmx (0.5 МБ)

== G1S_denta120_oisn16_167_p24 ==
   клеймо   : phys=16;14a1520cd822e7c411527e01a85cf3918ab507331b4f9e682ee22f879a7baf78
   время    : 277.2 с на часах, ядер 13.8 из 15
   счёт     : 3837.8 с ЦП, 9.01 мкс на историю  <- сравнивать надо ЭТО
   обход    : на историю 6.3 шага границ, 6.9 поиска области, 3.0 интерполяции μ, 2.41 сбора пересечений
   шум конт.: взвешенная 0.78 %  тихо
   раскладка: handover\amber1\store_nodes-G1S_denta120_oisn16_167_p24.csv
   файл     : tools\CORPUS\corpus\geometries\G1S_denta120_oisn16_167_p24.rmx (0.5 МБ)

== G1S_mar1l_oisn06_055_p16 ==
   клеймо   : phys=16;3217c60e09f1145e7b1339f4e5652d4f8827c2a81a69e829870fffdbe156a177
   время    : 240.4 с на часах, ядер 14.0 из 15
   счёт     : 3364.9 с ЦП, 8.01 мкс на историю  <- сравнивать надо ЭТО
   обход    : на историю 8.8 шага границ, 9.3 поиска области, 3.9 интерполяции μ, 2.31 сбора пересечений
   шум конт.: взвешенная 0.70 %  тихо
   раскладка: handover\amber1\store_nodes-G1S_mar1l_oisn06_055_p16.csv
   файл     : tools\CORPUS\corpus\geometries\G1S_mar1l_oisn06_055_p16.rmx (0.5 МБ)

== G1S_mar1l_oisn06_057_p16 ==
   клеймо   : phys=16;f352d03822133838b695d15dd266ccd7c20197ea4f5a95999876a3ecfb2503e8
   время    : 241.5 с на часах, ядер 14.0 из 15
   счёт     : 3387.3 с ЦП, 8.06 мкс на историю  <- сравнивать надо ЭТО
   обход    : на историю 8.8 шага границ, 9.3 поиска области, 3.9 интерполяции μ, 2.32 сбора пересечений
   шум конт.: взвешенная 0.70 %  тихо
   раскладка: handover\amber1\store_nodes-G1S_mar1l_oisn06_057_p16.csv
   файл     : tools\CORPUS\corpus\geometries\G1S_mar1l_oisn06_057_p16.rmx (0.5 МБ)

== G1S_mar1l_oisn06_057_p24 ==
   клеймо   : phys=16;59d7d83f94586027b0c9f8c998e1c462abadb34f63ab710116dedd81ca4752ae
   время    : 270.6 с на часах, ядер 13.8 из 15
   счёт     : 3744.6 с ЦП, 8.79 мкс на историю  <- сравнивать надо ЭТО
   обход    : на историю 8.3 шага границ, 8.8 поиска области, 3.7 интерполяции μ, 2.32 сбора пересечений
   шум конт.: взвешенная 0.77 %  тихо
   раскладка: handover\amber1\store_nodes-G1S_mar1l_oisn06_057_p24.csv
   файл     : tools\CORPUS\corpus\geometries\G1S_mar1l_oisn06_057_p24.rmx (0.5 МБ)

== G1S_mar1l_oisn06_062_p16 ==
   клеймо   : phys=16;b79180edba45f8acb4589b4ff6594d0c4e6b479bcf8e1a7a1530ddc1ea87d00f
   время    : 248.5 с на часах, ядер 13.9 из 15
   счёт     : 3444.7 с ЦП, 8.20 мкс на историю  <- сравнивать надо ЭТО
   обход    : на историю 8.8 шага границ, 9.4 поиска области, 3.9 интерполяции μ, 2.34 сбора пересечений
   шум конт.: взвешенная 0.69 %  тихо
   раскладка: handover\amber1\store_nodes-G1S_mar1l_oisn06_062_p16.csv
   файл     : tools\CORPUS\corpus\geometries\G1S_mar1l_oisn06_062_p16.rmx (0.5 МБ)

== G1S_mar1l_oisn06_062_p24 ==
   клеймо   : phys=16;e3e6c93b6d97f8daa838037aec338d4b06963fc543c62d9e59758f7eb4b34d6c
   время    : 292.0 с на часах, ядер 13.4 из 15
   счёт     : 3904.5 с ЦП, 9.17 мкс на историю  <- сравнивать надо ЭТО
   обход    : на историю 8.3 шага границ, 8.8 поиска области, 3.7 интерполяции μ, 2.34 сбора пересечений
   шум конт.: взвешенная 0.76 %  тихо
   раскладка: handover\amber1\store_nodes-G1S_mar1l_oisn06_062_p24.csv
   файл     : tools\CORPUS\corpus\geometries\G1S_mar1l_oisn06_062_p24.rmx (0.5 МБ)

== G1S_mar1l_oisn06_064_p24 ==
   клеймо   : phys=16;d43ad80059245f1e5c6e719236025d3d226caa63b86c2e77f6a2a47b4848dfd4
   время    : 296.3 с на часах, ядер 13.2 из 15
   счёт     : 3910.3 с ЦП, 9.18 мкс на историю  <- сравнивать надо ЭТО
   обход    : на историю 8.3 шага границ, 8.8 поиска области, 3.7 интерполяции μ, 2.35 сбора пересечений
   шум конт.: взвешенная 0.76 %  тихо
   раскладка: handover\amber1\store_nodes-G1S_mar1l_oisn06_064_p24.csv
   файл     : tools\CORPUS\corpus\geometries\G1S_mar1l_oisn06_064_p24.rmx (0.5 МБ)

== G1S_mar1l_oisn06_066_p16 ==
   клеймо   : phys=16;ace1a17b7d157e232040fb081f64e6fe2882330dba4525eec602cd5e979a1296
   время    : 258.4 с на часах, ядер 13.4 из 15
   счёт     : 3466.8 с ЦП, 8.25 мкс на историю  <- сравнивать надо ЭТО
   обход    : на историю 8.8 шага границ, 9.4 поиска области, 3.9 интерполяции μ, 2.35 сбора пересечений
   шум конт.: взвешенная 0.69 %  тихо
   раскладка: handover\amber1\store_nodes-G1S_mar1l_oisn06_066_p16.csv
   файл     : tools\CORPUS\corpus\geometries\G1S_mar1l_oisn06_066_p16.rmx (0.5 МБ)

== G1S_mar1l_oisn06_066_p24 ==
   клеймо   : phys=16;52ff7e2cee134cbd1b2c3307644e8558a0f82c33866a77c35897f1440616a301
   время    : 294.3 с на часах, ядер 13.3 из 15
   счёт     : 3905.8 с ЦП, 9.17 мкс на историю  <- сравнивать надо ЭТО
   обход    : на историю 8.3 шага границ, 8.8 поиска области, 3.7 интерполяции μ, 2.35 сбора пересечений
   шум конт.: взвешенная 0.76 %  тихо
   раскладка: handover\amber1\store_nodes-G1S_mar1l_oisn06_066_p24.csv
   файл     : tools\CORPUS\corpus\geometries\G1S_mar1l_oisn06_066_p24.rmx (0.5 МБ)

== G1S_mar1l_oisn16_155_p16 ==
   клеймо   : phys=16;b29a6fc3ee6475c97cd221cb3c41e440dea70f7b76fed9c4c5e6431d4214a90f
   время    : 321.2 с на часах, ядер 13.5 из 15
   счёт     : 4351.1 с ЦП, 10.21 мкс на историю  <- сравнивать надо ЭТО
   обход    : на историю 7.8 шага границ, 8.2 поиска области, 3.3 интерполяции μ, 2.52 сбора пересечений
   шум конт.: взвешенная 0.82 %  тихо
   раскладка: handover\amber1\store_nodes-G1S_mar1l_oisn16_155_p16.csv
   файл     : tools\CORPUS\corpus\geometries\G1S_mar1l_oisn16_155_p16.rmx (0.5 МБ)

== G1S_mar1l_oisn16_155_p24 ==
   клеймо   : phys=16;18e5a1110c4392f03b2d9adf7bddf66d37125177b4bed33afacf757ecdf49863
   время    : 308.1 с на часах, ядер 13.9 из 15
   счёт     : 4280.4 с ЦП, 10.05 мкс на историю  <- сравнивать надо ЭТО
   обход    : на историю 7.7 шага границ, 8.2 поиска области, 3.3 интерполяции μ, 2.51 сбора пересечений
   шум конт.: взвешенная 0.83 %  тихо
   раскладка: handover\amber1\store_nodes-G1S_mar1l_oisn16_155_p24.csv
   файл     : tools\CORPUS\corpus\geometries\G1S_mar1l_oisn16_155_p24.rmx (0.5 МБ)

== G1S_mar1l_oisn16_160_p16 ==
   клеймо   : phys=16;4a458c7efe23d9ff4b37ccb692d2c14965e2bbb5483c9a0168225e29b2857095
   время    : 317.6 с на часах, ядер 13.7 из 15
   счёт     : 4342.0 с ЦП, 10.19 мкс на историю  <- сравнивать надо ЭТО
   обход    : на историю 7.8 шага границ, 8.2 поиска области, 3.3 интерполяции μ, 2.52 сбора пересечений
   шум конт.: взвешенная 0.82 %  тихо
   раскладка: handover\amber1\store_nodes-G1S_mar1l_oisn16_160_p16.csv
   файл     : tools\CORPUS\corpus\geometries\G1S_mar1l_oisn16_160_p16.rmx (0.5 МБ)

== G1S_mar1l_oisn16_160_p24 ==
   клеймо   : phys=16;690b0d6d0501c545573787cccf694240b7caf8e78c819dddd4448373072f6d71
   время    : 447.6 с на часах, ядер 9.8 из 15
   счёт     : 4393.6 с ЦП, 10.31 мкс на историю  <- сравнивать надо ЭТО
   обход    : на историю 7.7 шага границ, 8.2 поиска области, 3.3 интерполяции μ, 2.52 сбора пересечений
   шум конт.: взвешенная 0.83 %  тихо
   раскладка: handover\amber1\store_nodes-G1S_mar1l_oisn16_160_p24.csv
   файл     : tools\CORPUS\corpus\geometries\G1S_mar1l_oisn16_160_p24.rmx (0.5 МБ)

== G1S_mar1l_oisn16_166_p16 ==
   клеймо   : phys=16;7740ac5c69bd0850246c579f04c0f07e8b486868806decb4dd93b143428ac2b6
   время    : 525.5 с на часах, ядер 8.7 из 15
   счёт     : 4582.3 с ЦП, 10.76 мкс на историю  <- сравнивать надо ЭТО
   обход    : на историю 7.8 шага границ, 8.2 поиска области, 3.3 интерполяции μ, 2.54 сбора пересечений
   шум конт.: взвешенная 0.82 %  тихо
   раскладка: handover\amber1\store_nodes-G1S_mar1l_oisn16_166_p16.csv
   файл     : tools\CORPUS\corpus\geometries\G1S_mar1l_oisn16_166_p16.rmx (0.5 МБ)

== G1S_mar1l_oisn16_166_p24 ==
   клеймо   : phys=16;ab844295db364d32f1bd8477e1bb76caad7df335bdcb4cbc79f4b5d56ee2aa25
   время    : 492.1 с на часах, ядер 9.1 из 15
   счёт     : 4490.8 с ЦП, 10.54 мкс на историю  <- сравнивать надо ЭТО
   обход    : на историю 7.7 шага границ, 8.2 поиска области, 3.3 интерполяции μ, 2.53 сбора пересечений
   шум конт.: взвешенная 0.82 %  тихо
   раскладка: handover\amber1\store_nodes-G1S_mar1l_oisn16_166_p24.csv
   файл     : tools\CORPUS\corpus\geometries\G1S_mar1l_oisn16_166_p24.rmx (0.5 МБ)

== G1S_mar1l_oisn16_167_p16 ==
   клеймо   : phys=16;8a519a3af4b7b690e4a1acbdc6050d8f5ce1d5a7e401094d06be947fe16b8464
   время    : 333.6 с на часах, ядер 13.4 из 15
   счёт     : 4460.6 с ЦП, 10.47 мкс на историю  <- сравнивать надо ЭТО
   обход    : на историю 7.8 шага границ, 8.2 поиска области, 3.3 интерполяции μ, 2.54 сбора пересечений
   шум конт.: взвешенная 0.82 %  тихо
   раскладка: handover\amber1\store_nodes-G1S_mar1l_oisn16_167_p16.csv
   файл     : tools\CORPUS\corpus\geometries\G1S_mar1l_oisn16_167_p16.rmx (0.5 МБ)

== G1S_mar1l_oisn16_167_p24 ==
   клеймо   : phys=16;d58102c4fddb27c747e6acb863292517118d857fc70d198fa90a69c40b2f49e4
   время    : 306.5 с на часах, ядер 14.1 из 15
   счёт     : 4335.8 с ЦП, 10.18 мкс на историю  <- сравнивать надо ЭТО
   обход    : на историю 7.7 шага границ, 8.2 поиска области, 3.3 интерполяции μ, 2.53 сбора пересечений
   шум конт.: взвешенная 0.82 %  тихо
   раскладка: handover\amber1\store_nodes-G1S_mar1l_oisn16_167_p24.csv
   файл     : tools\CORPUS\corpus\geometries\G1S_mar1l_oisn16_167_p24.rmx (0.5 МБ)

== G1S_mar1l_risn379_100_p16 ==
   клеймо   : phys=16;68a8c7d80f29b41cd64ed968b053ec589b48741075ffdb5fe2f35d69d536cb4d
   время    : 293.7 с на часах, ядер 14.1 из 15
   счёт     : 4142.1 с ЦП, 9.86 мкс на историю  <- сравнивать надо ЭТО
   обход    : на историю 8.3 шага границ, 8.9 поиска области, 3.6 интерполяции μ, 2.41 сбора пересечений
   шум конт.: взвешенная 0.70 %  тихо
   раскладка: handover\amber1\store_nodes-G1S_mar1l_risn379_100_p16.csv
   файл     : tools\CORPUS\corpus\geometries\G1S_mar1l_risn379_100_p16.rmx (0.5 МБ)

== G1S_petri60_oisn06_057_p24 ==
   клеймо   : phys=16;a5bbc54b00a9cfb25a56e7df645fa500566e1dd55241171c130da8e6a0fca8ad
   время    : 213.6 с на часах, ядер 14.1 из 15
   счёт     : 3013.5 с ЦП, 7.07 мкс на историю  <- сравнивать надо ЭТО
   обход    : на историю 6.5 шага границ, 7.0 поиска области, 2.9 интерполяции μ, 2.22 сбора пересечений
   шум конт.: взвешенная 0.64 %  тихо
   раскладка: handover\amber1\store_nodes-G1S_petri60_oisn06_057_p24.csv
   файл     : tools\CORPUS\corpus\geometries\G1S_petri60_oisn06_057_p24.rmx (0.5 МБ)

== G1S_petri60_oisn06_062_p24 ==
   клеймо   : phys=16;c864ff30a5f7981a32e592c346f2375c9a2b85d36bddbd514230c16d2776306b
   время    : 215.1 с на часах, ядер 14.1 из 15
   счёт     : 3034.7 с ЦП, 7.12 мкс на историю  <- сравнивать надо ЭТО
   обход    : на историю 6.5 шага границ, 7.0 поиска области, 2.9 интерполяции μ, 2.23 сбора пересечений
   шум конт.: взвешенная 0.63 %  тихо
   раскладка: handover\amber1\store_nodes-G1S_petri60_oisn06_062_p24.csv
   файл     : tools\CORPUS\corpus\geometries\G1S_petri60_oisn06_062_p24.rmx (0.5 МБ)

== G1S_petri60_oisn06_064_p24 ==
   клеймо   : phys=16;ccf65b65650974821e887134b3a4f4dc88d8c7a2c787dade2b7407869b454cee
   время    : 216.0 с на часах, ядер 14.1 из 15
   счёт     : 3051.3 с ЦП, 7.16 мкс на историю  <- сравнивать надо ЭТО
   обход    : на историю 6.5 шага границ, 7.0 поиска области, 2.9 интерполяции μ, 2.23 сбора пересечений
   шум конт.: взвешенная 0.63 %  тихо
   раскладка: handover\amber1\store_nodes-G1S_petri60_oisn06_064_p24.csv
   файл     : tools\CORPUS\corpus\geometries\G1S_petri60_oisn06_064_p24.rmx (0.5 МБ)

== G1S_petri60_oisn06_067_p24 ==
   клеймо   : phys=16;f49ffe30c0c9c09abd3f462100024b64e653c73d029d4f7d36f55cf78af02f76
   время    : 217.3 с на часах, ядер 14.1 из 15
   счёт     : 3064.1 с ЦП, 7.19 мкс на историю  <- сравнивать надо ЭТО
   обход    : на историю 6.5 шага границ, 7.0 поиска области, 2.9 интерполяции μ, 2.23 сбора пересечений
   шум конт.: взвешенная 0.63 %  тихо
   раскладка: handover\amber1\store_nodes-G1S_petri60_oisn06_067_p24.csv
   файл     : tools\CORPUS\corpus\geometries\G1S_petri60_oisn06_067_p24.rmx (0.5 МБ)

== G1S_petri60_oisn10_100_p16 ==
   клеймо   : phys=16;00ab9b179da619ba23aa743ea8659a30ad4de607208ef06a8b287188df45ed1b
   время    : 233.9 с на часах, ядер 13.9 из 15
   счёт     : 3243.3 с ЦП, 7.61 мкс на историю  <- сравнивать надо ЭТО
   обход    : на историю 6.3 шага границ, 6.8 поиска области, 2.8 интерполяции μ, 2.27 сбора пересечений
   шум конт.: взвешенная 0.67 %  тихо
   раскладка: handover\amber1\store_nodes-G1S_petri60_oisn10_100_p16.csv
   файл     : tools\CORPUS\corpus\geometries\G1S_petri60_oisn10_100_p16.rmx (0.5 МБ)

== G1S_petri60_oisn16_155_p24 ==
   клеймо   : phys=16;5f1b7b7e926d97545f4415136b0193d65cab76790352c1d62a7a566f3d2e10da
   время    : 254.9 с на часах, ядер 13.4 из 15
   счёт     : 3427.7 с ЦП, 8.05 мкс на историю  <- сравнивать надо ЭТО
   обход    : на историю 6.2 шага границ, 6.6 поиска области, 2.7 интерполяции μ, 2.31 сбора пересечений
   шум конт.: взвешенная 0.70 %  тихо
   раскладка: handover\amber1\store_nodes-G1S_petri60_oisn16_155_p24.csv
   файл     : tools\CORPUS\corpus\geometries\G1S_petri60_oisn16_155_p24.rmx (0.5 МБ)

== G1S_petri60_oisn16_160_p24 ==
   клеймо   : phys=16;7a5278e300d465c018ce8670f506be8b7555da5c249e924851836314dff96594
   время    : 259.0 с на часах, ядер 13.3 из 15
   счёт     : 3457.7 с ЦП, 8.12 мкс на историю  <- сравнивать надо ЭТО
   обход    : на историю 6.1 шага границ, 6.6 поиска области, 2.7 интерполяции μ, 2.32 сбора пересечений
   шум конт.: взвешенная 0.70 %  тихо
   раскладка: handover\amber1\store_nodes-G1S_petri60_oisn16_160_p24.csv
   файл     : tools\CORPUS\corpus\geometries\G1S_petri60_oisn16_160_p24.rmx (0.5 МБ)

== G1S_petri60_oisn16_167_p24 ==
   клеймо   : phys=16;f334a67dd284a5439b7fb8b555253080f2d31ea9943b54778eadf3c34d910d20
   время    : 259.2 с на часах, ядер 13.2 из 15
   счёт     : 3413.8 с ЦП, 8.01 мкс на историю  <- сравнивать надо ЭТО
   обход    : на историю 6.1 шага границ, 6.6 поиска области, 2.7 интерполяции μ, 2.32 сбора пересечений
   шум конт.: взвешенная 0.70 %  тихо
   раскладка: handover\amber1\store_nodes-G1S_petri60_oisn16_167_p24.csv
   файл     : tools\CORPUS\corpus\geometries\G1S_petri60_oisn16_167_p24.rmx (0.5 МБ)

== G1S_petri60_risn379_100_p16 ==
   клеймо   : phys=16;b4d026d97fa4c6f8bd46b9d5521df2ccbf6004e6e624a9ca93daad2471530a9c
   время    : 242.3 с на часах, ядер 13.4 из 15
   счёт     : 3249.0 с ЦП, 7.74 мкс на историю  <- сравнивать надо ЭТО
   обход    : на историю 6.5 шага границ, 7.0 поиска области, 2.9 интерполяции μ, 2.24 сбора пересечений
   шум конт.: взвешенная 0.61 %  тихо
   раскладка: handover\amber1\store_nodes-G1S_petri60_risn379_100_p16.csv
   файл     : tools\CORPUS\corpus\geometries\G1S_petri60_risn379_100_p16.rmx (0.5 МБ)

== G1S_point25 ==
   клеймо   : phys=16;3e2228b06632b6679d5cef91b736b7db7a5ae41549b8e9a0832924215f1ba55a
   время    : 136.6 с на часах, ядер 13.6 из 15
   счёт     : 1862.2 с ЦП, 4.43 мкс на историю  <- сравнивать надо ЭТО
   обход    : на историю 3.4 шага границ, 3.9 поиска области, 1.3 интерполяции μ, 2.00 сбора пересечений
   шум конт.: взвешенная 5.34 %  ВЫШЕ ПОРОГА 5.0 %
   раскладка: handover\amber1\store_nodes-G1S_point25.csv
   файл     : tools\CORPUS\corpus\geometries\G1S_point25.rmx (0.5 МБ)

== G1S_point5 ==
   клеймо   : phys=16;5cb53b9c46ea714c491d9f2d91e1ccd6a7199ca0e709fda7c3e749909ac9695b
   время    : 188.8 с на часах, ядер 13.4 из 15
   счёт     : 2524.1 с ЦП, 6.01 мкс на историю  <- сравнивать надо ЭТО
   обход    : на историю 4.4 шага границ, 5.2 поиска области, 1.9 интерполяции μ, 2.02 сбора пересечений
   шум конт.: взвешенная 1.35 %  тихо
   раскладка: handover\amber1\store_nodes-G1S_point5.csv
   файл     : tools\CORPUS\corpus\geometries\G1S_point5.rmx (0.5 МБ)

== RC103_lu_front ==
   клеймо   : phys=16;db2a2364dc41685f935ff5e1c21eba6c914ca9a7084daf1b6ad3fc9258b0cafa
   время    : 208.1 с на часах, ядер 13.3 из 15
   счёт     : 2776.0 с ЦП, 6.52 мкс на историю  <- сравнивать надо ЭТО
   обход    : на историю 6.3 шага границ, 6.5 поиска области, 2.9 интерполяции μ, 2.30 сбора пересечений
   шум конт.: взвешенная 1.99 %  тихо
   раскладка: handover\amber1\store_nodes-RC103_lu_front.csv
   файл     : tools\CORPUS\corpus\geometries\RC103_lu_front.rmx (0.5 МБ)

== RC103_marinelli05_kcl ==
   клеймо   : phys=16;6ba1be53302979444b2cae89c9e48e265add58537fc54d614f7caecaec7309f8
   время    : 217.6 с на часах, ядер 12.8 из 15
   счёт     : 2792.8 с ЦП, 6.65 мкс на историю  <- сравнивать надо ЭТО
   обход    : на историю 9.5 шага границ, 9.7 поиска области, 4.7 интерполяции μ, 2.33 сбора пересечений
   шум конт.: взвешенная 3.20 %  тихо
   раскладка: handover\amber1\store_nodes-RC103_marinelli05_kcl.csv
   файл     : tools\CORPUS\corpus\geometries\RC103_marinelli05_kcl.rmx (0.5 МБ)

== RC103_point0 ==
   клеймо   : phys=16;acbd44fd8d0303b1e36684699ca7876f0a406ccd9c799e79abedb682adb04b15
   время    : 278.2 с на часах, ядер 6.5 из 15  — МАШИНУ ДЕЛИМ
   счёт     : 1809.7 с ЦП, 4.31 мкс на историю  <- сравнивать надо ЭТО
   обход    : на историю 3.9 шага границ, 4.4 поиска области, 1.1 интерполяции μ, 2.09 сбора пересечений
   шум конт.: взвешенная 0.51 %  тихо
   раскладка: handover\amber1\store_nodes-RC103_point0.csv
   файл     : tools\CORPUS\corpus\geometries\RC103_point0.rmx (0.5 МБ)

матриц: 44 — посчитано 44, пропущено 0 (клеймо сошлось); всего 200.1 мин
пересчитаны ВСЕ — значит изменилась картина целиком (версия физики или параметры расчёта)
ЕСТЬ ШУМНЫЕ
