файл шаблонов пробы: D:\BqMoni_Claude\p76\probe_tpl\config\GeometryTemplates.xml

== плечи 1–3: круг «клонировать → сохранить → удалить» ==
  ок список без файла: подсказка + 7 вшитых = 8
  ок после SetModel выбрана подсказка
  ок выбран вшитый A = RadiaCode-101
  ок список ПОМНИТ выбранный вшитый (не сброшен на подсказку)
  ок на вшитом «Сохранить» неактивна
  ок на вшитом «Удалить» неактивна
  ок на вшитом «Клонировать» активна
  ок «Клонировать» от A под именем X — принято
  ок предложенное имя свободно: «RadiaCode-101 2» (ждали «RadiaCode-101 2»)
  ок файл шаблонов записан
  ок после клонирования выбран свой X
  ок на своём «Сохранить» и «Удалить» активны
  ок в списке появилась строка «X (own)» последней: X (own)
  ок файл перечитан (Reload), X в нём есть
  ок детекторные поля X = детекторные поля A (по отпечатку)
  ок вне детекторной части геометрия побайтно та же (источник 77/33 мм, вода)
  ок поля источника целы: сосуд 77, проба 33, вода
  ок выбран вшитый B = Atom Spectra Pro 80x80
  ок поля = B после выбора B
  ок выбран свой X
  ок поля = A после выбора X
  ок «Сохранить» на X после правки стороны бруска 12.5 — принято
  ок файл шаблонов изменился
  ок в перечитанном X сторона 12.5
  ок в файле число с ТОЧКОЙ: <CrystalBoxX>12.5</CrystalBoxX>
  ок снова выбран вшитый A
  ок «Сохранить» на вшитом — отказ (false)
  ок «Удалить» на вшитом — отказ (false)
  ок своих по-прежнему один
  ок вшитые A и B после всех действий тождественны коду
  ок клонировать под именем вшитого «RadiaCode-101» — отказ
  ок то же без учёта регистра — отказ
  ок клонировать под уже своим «x» (регистр другой) — отказ
  ок пустое имя — отказ
  ок отказ человека в диалоге — false, без беды
  ок число своих не выросло: 1
  ок строк в списке по-прежнему 9
  ок выбран X для удаления
  ок отказ в подтверждении — X остался
  ок подтверждение спросили про X
  ок «Удалить» X с подтверждением — принято
  ок после удаления выбрана подсказка
  ок строка X из списка исчезла
  ок поля детектора удалением не тронуты (= X, сторона 12.5)
  ок перечитанный файл без X, своих 0
  ок файл на месте и имени X в нём нет

== плечо 4: битый XML ==
  ок LoadError непуст: There is an error in XML document (1, 91).
  ок своих при битом файле 0
  ок редактор построился, в списке подсказка и вшитые
  ок вшитый выбирается
  ок клонировать поверх битого файла — отказ
  ок битый файл не перезаписан
  ок без файла: ошибки нет, своих 0 (первое открытие)

== плечо 5: config\device ==
  ок клонирован W
  ок в config\device файлов столько же: 0
  ок файл шаблонов лежит не в config\device: D:\BqMoni_Claude\p76\probe_tpl\config
  ок файл шаблонов лежит в config\ (рядом с GeometryMaterials.xml)
  ок штатный путь: D:\BqMoni_Claude\p76\wt_b\tools\effmaker\probes\build_p76b\config\GeometryTemplates.xml

== плечо 6: разметка en ==
  ок вкладки найдены
  ок en: подпись «Save» 32 px в кнопке 72 px
  ок en: правый край кнопки «Save» 232 ≤ колонки 640
  ок en: низ кнопки «Save» 61 ≤ 694
  ок en: кнопка «Save» под списком
  ок en: подпись «Clone...» 43 px в кнопке 72 px
  ок en: правый край кнопки «Clone...» 310 ≤ колонки 640
  ок en: низ кнопки «Clone...» 61 ≤ 694
  ок en: кнопка «Clone...» под списком
  ок en: подпись «Delete» 38 px в кнопке 72 px
  ок en: правый край кнопки «Delete» 388 ≤ колонки 640
  ок en: низ кнопки «Delete» 61 ≤ 694
  ок en: кнопка «Delete» под списком
  ок en: переключатель «Rectangular crystal» кончается на 309, список стороны начинается с 336
  ок en: правый край списка стороны 604 ≤ колонки 640
  ок en: форма кристалла (74) ниже кнопок (61); правый край ряда 388
  снимок: D:\BqMoni_Claude\p76\probe_tpl\panel_en.png

== плечо 6: разметка ru ==
  ок вкладки найдены
  ок ru: подпись «Сохранить» 60 px в кнопке 72 px
  ок ru: правый край кнопки «Сохранить» 232 ≤ колонки 640
  ок ru: низ кнопки «Сохранить» 61 ≤ 694
  ок ru: кнопка «Сохранить» под списком
  ок ru: подпись «Клонировать...» 82 px в кнопке 93 px
  ок ru: правый край кнопки «Клонировать...» 331 ≤ колонки 640
  ок ru: низ кнопки «Клонировать...» 61 ≤ 694
  ок ru: кнопка «Клонировать...» под списком
  ок ru: подпись «Удалить» 50 px в кнопке 72 px
  ок ru: правый край кнопки «Удалить» 409 ≤ колонки 640
  ок ru: низ кнопки «Удалить» 61 ≤ 694
  ок ru: кнопка «Удалить» под списком
  ок ru: переключатель «Кристалл — параллелепипед» кончается на 364, список стороны начинается с 372
  ок ru: правый край списка стороны 604 ≤ колонки 640
  ок ru: форма кристалла (74) ниже кнопок (61); правый край ряда 409
  снимок: D:\BqMoni_Claude\p76\probe_tpl\panel_ru.png

отказов, названных панелью (строк в потоке ошибок): 5
   | BecqMoni: Geometry editor: "RadiaCode-101" is a built-in detector, and built-in ones cannot be changed. Choose another name.
   | BecqMoni: Geometry editor: "RADIACODE-101" is a built-in detector, and built-in ones cannot be changed. Choose another name.
   | BecqMoni: Geometry editor: An own template named "x" already exists.
   | BecqMoni: Geometry editor: The template name is empty.
   | BecqMoni: Geometry editor: The detector template file could not be read, so only built-in detectors are listed and nothing is written over it: There is an error in XML document (1, 91).

СОШЛОСЬ: проверок 90, расхождений нет
