SETUP correlatedGamma=0 twoJmax=10 vacuum=1 seed=0 killesc=0 killcarry=0 fullcarry=1
CUTS (production thresholds per material couple):
 Material : G4_Galactic
 Range cuts        :  gamma  1 mm     e-  1 mm     e+  1 mm  proton 1 mm 
 Energy thresholds :  gamma  990 eV     e-  990 eV     e+  990 eV  proton 100 keV
 Material : scene_mat_4
 Range cuts        :  gamma  1 mm     e-  1 mm     e+  1 mm  proton 1 mm 
 Energy thresholds :  gamma  38.9651 keV    e-  738.26 keV    e+  703.709 keV proton 100 keV
 Material : scene_mat_3
 Range cuts        :  gamma  1 mm     e-  1 mm     e+  1 mm  proton 1 mm 
 Energy thresholds :  gamma  6.91691 keV    e-  597.603 keV    e+  574.29 keV proton 100 keV
 Material : scene_mat_2
 Range cuts        :  gamma  1 mm     e-  1 mm     e+  1 mm  proton 1 mm 
 Energy thresholds :  gamma  990 eV     e-  990 eV     e+  990 eV  proton 100 keV
 Material : scene_mat_1
 Range cuts        :  gamma  1 mm     e-  1 mm     e+  1 mm  proton 1 mm 
 Energy thresholds :  gamma  3.38683 keV    e-  268.033 keV    e+  261.068 keV proton 100 keV
 Material : scene_mat_0
 Range cuts        :  gamma  1 mm     e-  1 mm     e+  1 mm  proton 1 mm 
 Energy thresholds :  gamma  29.856 keV    e-  620.515 keV    e+  592.153 keV proton 100 keV
RESULT decays=8000000
RESULT any=758141 eps_total=9.476762e-02
RESULT window=1460.820 counts=206150 eps=2.576875e-02
HISTBEGIN bins=1462 bin_kev=1.000000 decays=8000000
HIST 0 95
HIST 1 271
HIST 2 284
HIST 3 324
HIST 4 350
HIST 5 370
HIST 6 351
HIST 7 357
HIST 8 405
HIST 9 418
HIST 10 371
HIST 11 403
HIST 12 373
HIST 13 385
HIST 14 325
HIST 15 378
HIST 16 403
HIST 17 400
HIST 18 376
HIST 19 380
HIST 20 404
HIST 21 435
HIST 22 427
HIST 23 448
HIST 24 401
HIST 25 394
HIST 26 408
HIST 27 404
HIST 28 390
HIST 29 391
HIST 30 414
HIST 31 360
HIST 32 661
HIST 33 632
HIST 34 425
HIST 35 422
HIST 36 462
HIST 37 401
HIST 38 427
HIST 39 423
HIST 40 435
HIST 41 375
HIST 42 421
HIST 43 386
HIST 44 415
HIST 45 428
HIST 46 417
HIST 47 409
HIST 48 405
HIST 49 421
HIST 50 413
HIST 51 396
HIST 52 391
HIST 53 378
HIST 54 430
HIST 55 408
HIST 56 421
HIST 57 421
HIST 58 414
HIST 59 409
HIST 60 400
HIST 61 367
HIST 62 448
HIST 63 434
HIST 64 407
HIST 65 456
HIST 66 423
HIST 67 416
HIST 68 433
HIST 69 422
HIST 70 405
HIST 71 416
HIST 72 419
HIST 73 398
HIST 74 412
HIST 75 402
HIST 76 420
HIST 77 428
HIST 78 399
HIST 79 443
HIST 80 410
HIST 81 428
HIST 82 421
HIST 83 408
HIST 84 443
HIST 85 407
HIST 86 430
HIST 87 434
HIST 88 416
HIST 89 421
HIST 90 1199
HIST 91 465
HIST 92 438
HIST 93 415
HIST 94 1771
HIST 95 404
HIST 96 435
HIST 97 419
HIST 98 413
HIST 99 404
HIST 100 421
HIST 101 420
HIST 102 431
HIST 103 418
HIST 104 408
HIST 105 622
HIST 106 796
HIST 107 426
HIST 108 402
HIST 109 629
HIST 110 438
HIST 111 424
HIST 112 400
HIST 113 431
HIST 114 410
HIST 115 422
HIST 116 398
HIST 117 407
HIST 118 400
HIST 119 425
HIST 120 408
HIST 121 431
HIST 122 426
HIST 123 446
HIST 124 460
HIST 125 457
HIST 126 426
HIST 127 412
HIST 128 434
HIST 129 451
HIST 130 447
HIST 131 430
HIST 132 417
HIST 133 434
HIST 134 466
HIST 135 432
HIST 136 508
HIST 137 452
HIST 138 452
HIST 139 443
HIST 140 446
HIST 141 450
HIST 142 433
HIST 143 497
HIST 144 443
HIST 145 437
HIST 146 458
HIST 147 459
HIST 148 462
HIST 149 449
HIST 150 491
HIST 151 488
HIST 152 487
HIST 153 439
HIST 154 483
HIST 155 452
HIST 156 475
HIST 157 448
HIST 158 426
HIST 159 493
HIST 160 473
HIST 161 459
HIST 162 460
HIST 163 486
HIST 164 504
HIST 165 445
HIST 166 490
HIST 167 472
HIST 168 457
HIST 169 490
HIST 170 430
HIST 171 478
HIST 172 467
HIST 173 464
HIST 174 460
HIST 175 496
HIST 176 481
HIST 177 451
HIST 178 454
HIST 179 487
HIST 180 444
HIST 181 470
HIST 182 489
HIST 183 452
HIST 184 498
HIST 185 478
HIST 186 478
HIST 187 443
HIST 188 469
HIST 189 508
HIST 190 450
HIST 191 480
HIST 192 426
HIST 193 478
HIST 194 484
HIST 195 489
HIST 196 426
HIST 197 494
HIST 198 472
HIST 199 489
HIST 200 477
HIST 201 509
HIST 202 453
HIST 203 449
HIST 204 513
HIST 205 455
HIST 206 460
HIST 207 479
HIST 208 486
HIST 209 468
HIST 210 472
HIST 211 468
HIST 212 511
HIST 213 497
HIST 214 512
HIST 215 487
HIST 216 482
HIST 217 553
HIST 218 580
HIST 219 578
HIST 220 601
HIST 221 601
HIST 222 611
HIST 223 581
HIST 224 587
HIST 225 603
HIST 226 587
HIST 227 596
HIST 228 627
HIST 229 652
HIST 230 583
HIST 231 569
HIST 232 594
HIST 233 573
HIST 234 627
HIST 235 576
HIST 236 583
HIST 237 601
HIST 238 658
HIST 239 715
HIST 240 643
HIST 241 662
HIST 242 625
HIST 243 628
HIST 244 654
HIST 245 614
HIST 246 613
HIST 247 636
HIST 248 672
HIST 249 658
HIST 250 671
HIST 251 676
HIST 252 687
HIST 253 670
HIST 254 613
HIST 255 630
HIST 256 578
HIST 257 641
HIST 258 664
HIST 259 641
HIST 260 643
HIST 261 642
HIST 262 684
HIST 263 651
HIST 264 611
HIST 265 655
HIST 266 633
HIST 267 649
HIST 268 660
HIST 269 608
HIST 270 631
HIST 271 665
HIST 272 625
HIST 273 636
HIST 274 633
HIST 275 676
HIST 276 624
HIST 277 590
HIST 278 605
HIST 279 651
HIST 280 624
HIST 281 645
HIST 282 639
HIST 283 589
HIST 284 645
HIST 285 618
HIST 286 616
HIST 287 636
HIST 288 647
HIST 289 672
HIST 290 653
HIST 291 635
HIST 292 596
HIST 293 638
HIST 294 602
HIST 295 587
HIST 296 617
HIST 297 634
HIST 298 604
HIST 299 612
HIST 300 628
HIST 301 576
HIST 302 584
HIST 303 595
HIST 304 556
HIST 305 597
HIST 306 576
HIST 307 604
HIST 308 626
HIST 309 602
HIST 310 610
HIST 311 622
HIST 312 543
HIST 313 578
HIST 314 567
HIST 315 574
HIST 316 603
HIST 317 570
HIST 318 593
HIST 319 623
HIST 320 578
HIST 321 582
HIST 322 581
HIST 323 594
HIST 324 566
HIST 325 557
HIST 326 590
HIST 327 567
HIST 328 576
HIST 329 570
HIST 330 585
HIST 331 553
HIST 332 569
HIST 333 575
HIST 334 544
HIST 335 555
HIST 336 589
HIST 337 577
HIST 338 565
HIST 339 549
HIST 340 499
HIST 341 559
HIST 342 547
HIST 343 535
HIST 344 559
HIST 345 500
HIST 346 552
HIST 347 533
HIST 348 538
HIST 349 530
HIST 350 492
HIST 351 542
HIST 352 499
HIST 353 514
HIST 354 538
HIST 355 530
HIST 356 493
HIST 357 521
HIST 358 522
HIST 359 529
HIST 360 530
HIST 361 507
HIST 362 497
HIST 363 501
HIST 364 462
HIST 365 520
HIST 366 486
HIST 367 520
HIST 368 500
HIST 369 466
HIST 370 516
HIST 371 490
HIST 372 499
HIST 373 494
HIST 374 529
HIST 375 498
HIST 376 474
HIST 377 474
HIST 378 506
HIST 379 531
HIST 380 501
HIST 381 554
HIST 382 491
HIST 383 489
HIST 384 505
HIST 385 490
HIST 386 466
HIST 387 466
HIST 388 475
HIST 389 461
HIST 390 473
HIST 391 482
HIST 392 483
HIST 393 472
HIST 394 464
HIST 395 471
HIST 396 489
HIST 397 469
HIST 398 460
HIST 399 474
HIST 400 517
HIST 401 497
HIST 402 452
HIST 403 462
HIST 404 471
HIST 405 497
HIST 406 485
HIST 407 468
HIST 408 458
HIST 409 492
HIST 410 460
HIST 411 472
HIST 412 458
HIST 413 425
HIST 414 474
HIST 415 460
HIST 416 462
HIST 417 470
HIST 418 421
HIST 419 486
HIST 420 463
HIST 421 425
HIST 422 455
HIST 423 415
HIST 424 414
HIST 425 459
HIST 426 473
HIST 427 411
HIST 428 400
HIST 429 454
HIST 430 411
HIST 431 444
HIST 432 434
HIST 433 398
HIST 434 404
HIST 435 463
HIST 436 408
HIST 437 448
HIST 438 414
HIST 439 1700
HIST 440 429
HIST 441 439
HIST 442 436
HIST 443 427
HIST 444 438
HIST 445 442
HIST 446 436
HIST 447 395
HIST 448 428
HIST 449 444
HIST 450 431
HIST 451 421
HIST 452 422
HIST 453 414
HIST 454 384
HIST 455 461
HIST 456 479
HIST 457 442
HIST 458 440
HIST 459 415
HIST 460 405
HIST 461 399
HIST 462 415
HIST 463 400
HIST 464 397
HIST 465 426
HIST 466 426
HIST 467 411
HIST 468 413
HIST 469 371
HIST 470 408
HIST 471 407
HIST 472 393
HIST 473 429
HIST 474 424
HIST 475 413
HIST 476 434
HIST 477 429
HIST 478 417
HIST 479 372
HIST 480 385
HIST 481 406
HIST 482 390
HIST 483 388
HIST 484 444
HIST 485 408
HIST 486 384
HIST 487 414
HIST 488 395
HIST 489 404
HIST 490 395
HIST 491 378
HIST 492 403
HIST 493 400
HIST 494 412
HIST 495 392
HIST 496 377
HIST 497 394
HIST 498 387
HIST 499 399
HIST 500 383
HIST 501 357
HIST 502 425
HIST 503 416
HIST 504 387
HIST 505 387
HIST 506 386
HIST 507 389
HIST 508 412
HIST 509 385
HIST 510 383
HIST 511 2143
HIST 512 399
HIST 513 362
HIST 514 381
HIST 515 387
HIST 516 398
HIST 517 400
HIST 518 373
HIST 519 347
HIST 520 357
HIST 521 373
HIST 522 408
HIST 523 383
HIST 524 396
HIST 525 409
HIST 526 399
HIST 527 368
HIST 528 368
HIST 529 352
HIST 530 387
HIST 531 361
HIST 532 375
HIST 533 351
HIST 534 391
HIST 535 384
HIST 536 395
HIST 537 364
HIST 538 374
HIST 539 380
HIST 540 367
HIST 541 378
HIST 542 349
HIST 543 354
HIST 544 379
HIST 545 355
HIST 546 379
HIST 547 341
HIST 548 401
HIST 549 366
HIST 550 367
HIST 551 388
HIST 552 367
HIST 553 362
HIST 554 379
HIST 555 362
HIST 556 376
HIST 557 361
HIST 558 355
HIST 559 351
HIST 560 376
HIST 561 384
HIST 562 376
HIST 563 391
HIST 564 356
HIST 565 355
HIST 566 347
HIST 567 371
HIST 568 370
HIST 569 377
HIST 570 358
HIST 571 373
HIST 572 352
HIST 573 349
HIST 574 378
HIST 575 369
HIST 576 354
HIST 577 366
HIST 578 384
HIST 579 333
HIST 580 362
HIST 581 361
HIST 582 371
HIST 583 428
HIST 584 355
HIST 585 382
HIST 586 370
HIST 587 339
HIST 588 359
HIST 589 349
HIST 590 361
HIST 591 333
HIST 592 334
HIST 593 356
HIST 594 362
HIST 595 341
HIST 596 385
HIST 597 354
HIST 598 348
HIST 599 384
HIST 600 355
HIST 601 284
HIST 602 332
HIST 603 356
HIST 604 331
HIST 605 350
HIST 606 350
HIST 607 331
HIST 608 345
HIST 609 365
HIST 610 350
HIST 611 341
HIST 612 332
HIST 613 344
HIST 614 349
HIST 615 378
HIST 616 350
HIST 617 316
HIST 618 320
HIST 619 369
HIST 620 348
HIST 621 347
HIST 622 340
HIST 623 369
HIST 624 319
HIST 625 329
HIST 626 344
HIST 627 352
HIST 628 339
HIST 629 322
HIST 630 363
HIST 631 347
HIST 632 360
HIST 633 383
HIST 634 323
HIST 635 378
HIST 636 365
HIST 637 372
HIST 638 317
HIST 639 341
HIST 640 334
HIST 641 338
HIST 642 303
HIST 643 357
HIST 644 321
HIST 645 351
HIST 646 331
HIST 647 332
HIST 648 331
HIST 649 331
HIST 650 347
HIST 651 316
HIST 652 368
HIST 653 340
HIST 654 327
HIST 655 384
HIST 656 337
HIST 657 314
HIST 658 342
HIST 659 353
HIST 660 318
HIST 661 338
HIST 662 362
HIST 663 367
HIST 664 343
HIST 665 357
HIST 666 335
HIST 667 325
HIST 668 326
HIST 669 365
HIST 670 332
HIST 671 332
HIST 672 333
HIST 673 366
HIST 674 354
HIST 675 321
HIST 676 356
HIST 677 365
HIST 678 320
HIST 679 367
HIST 680 348
HIST 681 329
HIST 682 344
HIST 683 346
HIST 684 323
HIST 685 338
HIST 686 331
HIST 687 359
HIST 688 321
HIST 689 326
HIST 690 351
HIST 691 315
HIST 692 327
HIST 693 330
HIST 694 328
HIST 695 339
HIST 696 335
HIST 697 389
HIST 698 323
HIST 699 317
HIST 700 302
HIST 701 331
HIST 702 334
HIST 703 347
HIST 704 375
HIST 705 330
HIST 706 339
HIST 707 360
HIST 708 311
HIST 709 344
HIST 710 337
HIST 711 336
HIST 712 316
HIST 713 373
HIST 714 324
HIST 715 334
HIST 716 347
HIST 717 347
HIST 718 338
HIST 719 344
HIST 720 351
HIST 721 344
HIST 722 303
HIST 723 322
HIST 724 334
HIST 725 333
HIST 726 319
HIST 727 367
HIST 728 349
HIST 729 320
HIST 730 353
HIST 731 320
HIST 732 310
HIST 733 330
HIST 734 305
HIST 735 337
HIST 736 312
HIST 737 349
HIST 738 361
HIST 739 331
HIST 740 320
HIST 741 344
HIST 742 352
HIST 743 356
HIST 744 342
HIST 745 356
HIST 746 314
HIST 747 313
HIST 748 333
HIST 749 346
HIST 750 337
HIST 751 347
HIST 752 348
HIST 753 328
HIST 754 311
HIST 755 345
HIST 756 325
HIST 757 349
HIST 758 334
HIST 759 304
HIST 760 345
HIST 761 316
HIST 762 343
HIST 763 345
HIST 764 300
HIST 765 360
HIST 766 362
HIST 767 331
HIST 768 311
HIST 769 318
HIST 770 318
HIST 771 294
HIST 772 320
HIST 773 348
HIST 774 304
HIST 775 330
HIST 776 363
HIST 777 331
HIST 778 327
HIST 779 347
HIST 780 300
HIST 781 326
HIST 782 329
HIST 783 293
HIST 784 327
HIST 785 395
HIST 786 328
HIST 787 338
HIST 788 328
HIST 789 330
HIST 790 355
HIST 791 339
HIST 792 341
HIST 793 313
HIST 794 314
HIST 795 360
HIST 796 297
HIST 797 321
HIST 798 329
HIST 799 353
HIST 800 313
HIST 801 333
HIST 802 331
HIST 803 364
HIST 804 331
HIST 805 338
HIST 806 316
HIST 807 379
HIST 808 324
HIST 809 336
HIST 810 361
HIST 811 358
HIST 812 359
HIST 813 317
HIST 814 281
HIST 815 357
HIST 816 395
HIST 817 339
HIST 818 360
HIST 819 331
HIST 820 332
HIST 821 316
HIST 822 355
HIST 823 337
HIST 824 303
HIST 825 360
HIST 826 323
HIST 827 359
HIST 828 328
HIST 829 350
HIST 830 333
HIST 831 350
HIST 832 357
HIST 833 329
HIST 834 313
HIST 835 336
HIST 836 332
HIST 837 340
HIST 838 350
HIST 839 359
HIST 840 323
HIST 841 312
HIST 842 333
HIST 843 352
HIST 844 348
HIST 845 342
HIST 846 346
HIST 847 328
HIST 848 366
HIST 849 372
HIST 850 375
HIST 851 338
HIST 852 337
HIST 853 338
HIST 854 324
HIST 855 360
HIST 856 341
HIST 857 342
HIST 858 331
HIST 859 354
HIST 860 307
HIST 861 336
HIST 862 325
HIST 863 334
HIST 864 320
HIST 865 324
HIST 866 353
HIST 867 336
HIST 868 326
HIST 869 331
HIST 870 349
HIST 871 368
HIST 872 322
HIST 873 337
HIST 874 340
HIST 875 312
HIST 876 359
HIST 877 338
HIST 878 366
HIST 879 331
HIST 880 349
HIST 881 372
HIST 882 320
HIST 883 356
HIST 884 351
HIST 885 329
HIST 886 320
HIST 887 337
HIST 888 335
HIST 889 334
HIST 890 333
HIST 891 375
HIST 892 346
HIST 893 367
HIST 894 340
HIST 895 357
HIST 896 348
HIST 897 304
HIST 898 334
HIST 899 353
HIST 900 343
HIST 901 339
HIST 902 345
HIST 903 347
HIST 904 363
HIST 905 344
HIST 906 317
HIST 907 346
HIST 908 333
HIST 909 355
HIST 910 356
HIST 911 404
HIST 912 355
HIST 913 315
HIST 914 346
HIST 915 347
HIST 916 395
HIST 917 312
HIST 918 361
HIST 919 364
HIST 920 357
HIST 921 359
HIST 922 362
HIST 923 370
HIST 924 356
HIST 925 371
HIST 926 331
HIST 927 357
HIST 928 348
HIST 929 347
HIST 930 352
HIST 931 352
HIST 932 340
HIST 933 386
HIST 934 348
HIST 935 377
HIST 936 375
HIST 937 368
HIST 938 358
HIST 939 347
HIST 940 322
HIST 941 377
HIST 942 344
HIST 943 340
HIST 944 350
HIST 945 344
HIST 946 372
HIST 947 367
HIST 948 362
HIST 949 346
HIST 950 3573
HIST 951 350
HIST 952 350
HIST 953 374
HIST 954 359
HIST 955 345
HIST 956 339
HIST 957 355
HIST 958 356
HIST 959 389
HIST 960 344
HIST 961 372
HIST 962 337
HIST 963 353
HIST 964 352
HIST 965 360
HIST 966 373
HIST 967 361
HIST 968 369
HIST 969 349
HIST 970 328
HIST 971 339
HIST 972 372
HIST 973 337
HIST 974 350
HIST 975 343
HIST 976 354
HIST 977 362
HIST 978 377
HIST 979 337
HIST 980 360
HIST 981 371
HIST 982 365
HIST 983 381
HIST 984 361
HIST 985 375
HIST 986 374
HIST 987 387
HIST 988 383
HIST 989 354
HIST 990 375
HIST 991 347
HIST 992 399
HIST 993 368
HIST 994 371
HIST 995 413
HIST 996 340
HIST 997 386
HIST 998 377
HIST 999 356
HIST 1000 421
HIST 1001 367
HIST 1002 386
HIST 1003 383
HIST 1004 365
HIST 1005 342
HIST 1006 428
HIST 1007 322
HIST 1008 398
HIST 1009 381
HIST 1010 377
HIST 1011 400
HIST 1012 388
HIST 1013 356
HIST 1014 394
HIST 1015 417
HIST 1016 386
HIST 1017 409
HIST 1018 403
HIST 1019 367
HIST 1020 365
HIST 1021 388
HIST 1022 426
HIST 1023 397
HIST 1024 405
HIST 1025 390
HIST 1026 396
HIST 1027 358
HIST 1028 373
HIST 1029 405
HIST 1030 369
HIST 1031 353
HIST 1032 380
HIST 1033 384
HIST 1034 381
HIST 1035 413
HIST 1036 388
HIST 1037 375
HIST 1038 378
HIST 1039 380
HIST 1040 377
HIST 1041 398
HIST 1042 363
HIST 1043 404
HIST 1044 386
HIST 1045 356
HIST 1046 380
HIST 1047 383
HIST 1048 385
HIST 1049 368
HIST 1050 418
HIST 1051 436
HIST 1052 400
HIST 1053 400
HIST 1054 398
HIST 1055 429
HIST 1056 379
HIST 1057 422
HIST 1058 402
HIST 1059 374
HIST 1060 403
HIST 1061 380
HIST 1062 415
HIST 1063 409
HIST 1064 411
HIST 1065 401
HIST 1066 407
HIST 1067 410
HIST 1068 401
HIST 1069 423
HIST 1070 407
HIST 1071 427
HIST 1072 423
HIST 1073 417
HIST 1074 408
HIST 1075 391
HIST 1076 378
HIST 1077 430
HIST 1078 398
HIST 1079 417
HIST 1080 350
HIST 1081 399
HIST 1082 403
HIST 1083 447
HIST 1084 459
HIST 1085 446
HIST 1086 429
HIST 1087 409
HIST 1088 401
HIST 1089 414
HIST 1090 398
HIST 1091 396
HIST 1092 401
HIST 1093 428
HIST 1094 402
HIST 1095 404
HIST 1096 399
HIST 1097 416
HIST 1098 427
HIST 1099 429
HIST 1100 439
HIST 1101 411
HIST 1102 421
HIST 1103 440
HIST 1104 404
HIST 1105 405
HIST 1106 452
HIST 1107 420
HIST 1108 423
HIST 1109 471
HIST 1110 429
HIST 1111 429
HIST 1112 413
HIST 1113 421
HIST 1114 426
HIST 1115 435
HIST 1116 440
HIST 1117 441
HIST 1118 422
HIST 1119 392
HIST 1120 402
HIST 1121 445
HIST 1122 413
HIST 1123 408
HIST 1124 447
HIST 1125 390
HIST 1126 430
HIST 1127 427
HIST 1128 421
HIST 1129 442
HIST 1130 449
HIST 1131 428
HIST 1132 459
HIST 1133 447
HIST 1134 442
HIST 1135 449
HIST 1136 459
HIST 1137 437
HIST 1138 417
HIST 1139 460
HIST 1140 460
HIST 1141 441
HIST 1142 434
HIST 1143 430
HIST 1144 450
HIST 1145 418
HIST 1146 439
HIST 1147 459
HIST 1148 491
HIST 1149 419
HIST 1150 477
HIST 1151 462
HIST 1152 426
HIST 1153 455
HIST 1154 441
HIST 1155 466
HIST 1156 453
HIST 1157 468
HIST 1158 474
HIST 1159 440
HIST 1160 476
HIST 1161 455
HIST 1162 487
HIST 1163 465
HIST 1164 443
HIST 1165 421
HIST 1166 458
HIST 1167 448
HIST 1168 460
HIST 1169 464
HIST 1170 431
HIST 1171 483
HIST 1172 463
HIST 1173 482
HIST 1174 461
HIST 1175 452
HIST 1176 464
HIST 1177 473
HIST 1178 475
HIST 1179 457
HIST 1180 475
HIST 1181 509
HIST 1182 500
HIST 1183 490
HIST 1184 516
HIST 1185 488
HIST 1186 460
HIST 1187 497
HIST 1188 475
HIST 1189 477
HIST 1190 470
HIST 1191 469
HIST 1192 491
HIST 1193 481
HIST 1194 495
HIST 1195 461
HIST 1196 500
HIST 1197 484
HIST 1198 495
HIST 1199 532
HIST 1200 491
HIST 1201 474
HIST 1202 527
HIST 1203 475
HIST 1204 510
HIST 1205 494
HIST 1206 482
HIST 1207 482
HIST 1208 530
HIST 1209 496
HIST 1210 494
HIST 1211 502
HIST 1212 472
HIST 1213 500
HIST 1214 523
HIST 1215 460
HIST 1216 475
HIST 1217 524
HIST 1218 475
HIST 1219 513
HIST 1220 525
HIST 1221 484
HIST 1222 540
HIST 1223 542
HIST 1224 507
HIST 1225 502
HIST 1226 531
HIST 1227 523
HIST 1228 528
HIST 1229 476
HIST 1230 488
HIST 1231 474
HIST 1232 516
HIST 1233 516
HIST 1234 501
HIST 1235 515
HIST 1236 515
HIST 1237 554
HIST 1238 495
HIST 1239 439
HIST 1240 479
HIST 1241 492
HIST 1242 401
HIST 1243 401
HIST 1244 388
HIST 1245 328
HIST 1246 299
HIST 1247 275
HIST 1248 251
HIST 1249 282
HIST 1250 275
HIST 1251 240
HIST 1252 267
HIST 1253 241
HIST 1254 255
HIST 1255 221
HIST 1256 241
HIST 1257 237
HIST 1258 206
HIST 1259 210
HIST 1260 219
HIST 1261 220
HIST 1262 206
HIST 1263 196
HIST 1264 206
HIST 1265 202
HIST 1266 206
HIST 1267 190
HIST 1268 224
HIST 1269 207
HIST 1270 178
HIST 1271 180
HIST 1272 192
HIST 1273 151
HIST 1274 181
HIST 1275 178
HIST 1276 172
HIST 1277 155
HIST 1278 169
HIST 1279 137
HIST 1280 150
HIST 1281 137
HIST 1282 143
HIST 1283 149
HIST 1284 140
HIST 1285 161
HIST 1286 138
HIST 1287 128
HIST 1288 127
HIST 1289 119
HIST 1290 132
HIST 1291 137
HIST 1292 103
HIST 1293 131
HIST 1294 99
HIST 1295 133
HIST 1296 116
HIST 1297 105
HIST 1298 119
HIST 1299 109
HIST 1300 111
HIST 1301 115
HIST 1302 125
HIST 1303 101
HIST 1304 123
HIST 1305 102
HIST 1306 108
HIST 1307 97
HIST 1308 106
HIST 1309 109
HIST 1310 97
HIST 1311 76
HIST 1312 89
HIST 1313 95
HIST 1314 90
HIST 1315 84
HIST 1316 92
HIST 1317 90
HIST 1318 75
HIST 1319 93
HIST 1320 80
HIST 1321 87
HIST 1322 78
HIST 1323 73
HIST 1324 77
HIST 1325 70
HIST 1326 77
HIST 1327 78
HIST 1328 70
HIST 1329 70
HIST 1330 71
HIST 1331 53
HIST 1332 90
HIST 1333 72
HIST 1334 70
HIST 1335 52
HIST 1336 45
HIST 1337 67
HIST 1338 65
HIST 1339 51
HIST 1340 62
HIST 1341 54
HIST 1342 60
HIST 1343 60
HIST 1344 43
HIST 1345 62
HIST 1346 54
HIST 1347 43
HIST 1348 61
HIST 1349 61
HIST 1350 49
HIST 1351 46
HIST 1352 59
HIST 1353 48
HIST 1354 55
HIST 1355 53
HIST 1356 55
HIST 1357 49
HIST 1358 57
HIST 1359 60
HIST 1360 42
HIST 1361 52
HIST 1362 56
HIST 1363 42
HIST 1364 47
HIST 1365 55
HIST 1366 60
HIST 1367 54
HIST 1368 53
HIST 1369 52
HIST 1370 49
HIST 1371 38
HIST 1372 51
HIST 1373 42
HIST 1374 58
HIST 1375 44
HIST 1376 42
HIST 1377 50
HIST 1378 37
HIST 1379 52
HIST 1380 57
HIST 1381 28
HIST 1382 47
HIST 1383 33
HIST 1384 37
HIST 1385 28
HIST 1386 41
HIST 1387 35
HIST 1388 42
HIST 1389 32
HIST 1390 34
HIST 1391 36
HIST 1392 34
HIST 1393 45
HIST 1394 39
HIST 1395 36
HIST 1396 42
HIST 1397 42
HIST 1398 29
HIST 1399 42
HIST 1400 38
HIST 1401 35
HIST 1402 45
HIST 1403 35
HIST 1404 39
HIST 1405 37
HIST 1406 39
HIST 1407 39
HIST 1408 42
HIST 1409 31
HIST 1410 36
HIST 1411 36
HIST 1412 35
HIST 1413 38
HIST 1414 33
HIST 1415 30
HIST 1416 29
HIST 1417 43
HIST 1418 40
HIST 1419 28
HIST 1420 36
HIST 1421 31
HIST 1422 33
HIST 1423 33
HIST 1424 29
HIST 1425 31
HIST 1426 27
HIST 1427 23
HIST 1428 62
HIST 1429 134
HIST 1430 28
HIST 1431 33
HIST 1432 346
HIST 1433 175
HIST 1434 32
HIST 1435 38
HIST 1436 28
HIST 1437 26
HIST 1438 20
HIST 1439 21
HIST 1440 37
HIST 1441 34
HIST 1442 21
HIST 1443 25
HIST 1444 21
HIST 1445 15
HIST 1446 23
HIST 1447 24
HIST 1448 29
HIST 1449 21
HIST 1450 27
HIST 1451 21
HIST 1452 27
HIST 1453 22
HIST 1454 21
HIST 1455 26
HIST 1456 27
HIST 1457 29
HIST 1458 37
HIST 1459 34
HIST 1460 26
HIST 1461 206242
HISTEND
