SETUP correlatedGamma=0 twoJmax=10 vacuum=1 seed=0 killesc=0 killcarry=0 fullcarry=0
CUTS (production thresholds per material couple):
 Material : G4_Galactic
 Range cuts        :  gamma  1 mm     e-  1 mm     e+  1 mm  proton 1 mm 
 Energy thresholds :  gamma  990 eV     e-  990 eV     e+  990 eV  proton 100 keV
 Material : scene_mat_3
 Range cuts        :  gamma  1 mm     e-  1 mm     e+  1 mm  proton 1 mm 
 Energy thresholds :  gamma  38.9651 keV    e-  738.26 keV    e+  703.709 keV proton 100 keV
 Material : scene_mat_2
 Range cuts        :  gamma  1 mm     e-  1 mm     e+  1 mm  proton 1 mm 
 Energy thresholds :  gamma  6.91691 keV    e-  597.603 keV    e+  574.29 keV proton 100 keV
 Material : scene_mat_1
 Range cuts        :  gamma  1 mm     e-  1 mm     e+  1 mm  proton 1 mm 
 Energy thresholds :  gamma  3.38683 keV    e-  268.033 keV    e+  261.068 keV proton 100 keV
 Material : scene_mat_0
 Range cuts        :  gamma  1 mm     e-  1 mm     e+  1 mm  proton 1 mm 
 Energy thresholds :  gamma  29.856 keV    e-  620.515 keV    e+  592.153 keV proton 100 keV
RESULT decays=8000000
RESULT any=677869 eps_total=8.473363e-02
RESULT window=2614.511 counts=129621 eps=1.620262e-02
HISTBEGIN bins=2616 bin_kev=1.000000 decays=8000000
HIST 0 64
HIST 1 193
HIST 2 175
HIST 3 178
HIST 4 197
HIST 5 254
HIST 6 214
HIST 7 243
HIST 8 240
HIST 9 204
HIST 10 196
HIST 11 205
HIST 12 207
HIST 13 221
HIST 14 214
HIST 15 228
HIST 16 234
HIST 17 226
HIST 18 222
HIST 19 226
HIST 20 203
HIST 21 232
HIST 22 253
HIST 23 213
HIST 24 235
HIST 25 202
HIST 26 204
HIST 27 211
HIST 28 223
HIST 29 209
HIST 30 244
HIST 31 214
HIST 32 529
HIST 33 535
HIST 34 252
HIST 35 223
HIST 36 312
HIST 37 258
HIST 38 254
HIST 39 223
HIST 40 228
HIST 41 248
HIST 42 223
HIST 43 218
HIST 44 235
HIST 45 198
HIST 46 217
HIST 47 242
HIST 48 201
HIST 49 215
HIST 50 222
HIST 51 251
HIST 52 234
HIST 53 223
HIST 54 217
HIST 55 224
HIST 56 224
HIST 57 215
HIST 58 241
HIST 59 218
HIST 60 218
HIST 61 200
HIST 62 241
HIST 63 241
HIST 64 249
HIST 65 256
HIST 66 246
HIST 67 232
HIST 68 238
HIST 69 232
HIST 70 243
HIST 71 220
HIST 72 230
HIST 73 258
HIST 74 215
HIST 75 249
HIST 76 236
HIST 77 277
HIST 78 224
HIST 79 239
HIST 80 230
HIST 81 228
HIST 82 238
HIST 83 239
HIST 84 250
HIST 85 229
HIST 86 240
HIST 87 239
HIST 88 304
HIST 89 228
HIST 90 765
HIST 91 216
HIST 92 242
HIST 93 254
HIST 94 1185
HIST 95 250
HIST 96 249
HIST 97 238
HIST 98 244
HIST 99 230
HIST 100 249
HIST 101 236
HIST 102 228
HIST 103 248
HIST 104 226
HIST 105 396
HIST 106 537
HIST 107 244
HIST 108 235
HIST 109 362
HIST 110 256
HIST 111 216
HIST 112 214
HIST 113 239
HIST 114 237
HIST 115 249
HIST 116 237
HIST 117 229
HIST 118 224
HIST 119 224
HIST 120 234
HIST 121 238
HIST 122 212
HIST 123 201
HIST 124 214
HIST 125 205
HIST 126 262
HIST 127 239
HIST 128 264
HIST 129 266
HIST 130 238
HIST 131 241
HIST 132 258
HIST 133 261
HIST 134 241
HIST 135 245
HIST 136 265
HIST 137 231
HIST 138 224
HIST 139 237
HIST 140 268
HIST 141 245
HIST 142 251
HIST 143 250
HIST 144 249
HIST 145 240
HIST 146 254
HIST 147 241
HIST 148 233
HIST 149 264
HIST 150 238
HIST 151 250
HIST 152 280
HIST 153 244
HIST 154 267
HIST 155 245
HIST 156 250
HIST 157 236
HIST 158 244
HIST 159 282
HIST 160 253
HIST 161 274
HIST 162 294
HIST 163 245
HIST 164 260
HIST 165 245
HIST 166 269
HIST 167 261
HIST 168 232
HIST 169 241
HIST 170 213
HIST 171 250
HIST 172 259
HIST 173 233
HIST 174 234
HIST 175 233
HIST 176 277
HIST 177 262
HIST 178 240
HIST 179 278
HIST 180 276
HIST 181 243
HIST 182 250
HIST 183 226
HIST 184 255
HIST 185 261
HIST 186 302
HIST 187 246
HIST 188 279
HIST 189 236
HIST 190 255
HIST 191 232
HIST 192 249
HIST 193 245
HIST 194 288
HIST 195 245
HIST 196 238
HIST 197 252
HIST 198 277
HIST 199 264
HIST 200 262
HIST 201 268
HIST 202 252
HIST 203 269
HIST 204 263
HIST 205 243
HIST 206 266
HIST 207 297
HIST 208 274
HIST 209 308
HIST 210 294
HIST 211 281
HIST 212 291
HIST 213 267
HIST 214 282
HIST 215 251
HIST 216 298
HIST 217 255
HIST 218 243
HIST 219 262
HIST 220 253
HIST 221 213
HIST 222 256
HIST 223 233
HIST 224 246
HIST 225 252
HIST 226 254
HIST 227 266
HIST 228 260
HIST 229 274
HIST 230 262
HIST 231 280
HIST 232 268
HIST 233 301
HIST 234 305
HIST 235 343
HIST 236 337
HIST 237 302
HIST 238 318
HIST 239 1012
HIST 240 314
HIST 241 363
HIST 242 342
HIST 243 347
HIST 244 340
HIST 245 305
HIST 246 343
HIST 247 325
HIST 248 331
HIST 249 311
HIST 250 314
HIST 251 327
HIST 252 319
HIST 253 317
HIST 254 345
HIST 255 353
HIST 256 313
HIST 257 290
HIST 258 330
HIST 259 324
HIST 260 308
HIST 261 284
HIST 262 333
HIST 263 319
HIST 264 340
HIST 265 314
HIST 266 343
HIST 267 323
HIST 268 338
HIST 269 333
HIST 270 393
HIST 271 301
HIST 272 332
HIST 273 341
HIST 274 305
HIST 275 315
HIST 276 330
HIST 277 348
HIST 278 332
HIST 279 341
HIST 280 335
HIST 281 291
HIST 282 301
HIST 283 323
HIST 284 331
HIST 285 303
HIST 286 307
HIST 287 320
HIST 288 305
HIST 289 288
HIST 290 297
HIST 291 302
HIST 292 314
HIST 293 335
HIST 294 317
HIST 295 322
HIST 296 327
HIST 297 292
HIST 298 313
HIST 299 334
HIST 300 321
HIST 301 292
HIST 302 306
HIST 303 346
HIST 304 308
HIST 305 321
HIST 306 280
HIST 307 318
HIST 308 288
HIST 309 312
HIST 310 308
HIST 311 289
HIST 312 301
HIST 313 301
HIST 314 291
HIST 315 322
HIST 316 306
HIST 317 287
HIST 318 320
HIST 319 279
HIST 320 288
HIST 321 316
HIST 322 268
HIST 323 308
HIST 324 283
HIST 325 274
HIST 326 261
HIST 327 311
HIST 328 326
HIST 329 301
HIST 330 311
HIST 331 291
HIST 332 312
HIST 333 263
HIST 334 310
HIST 335 315
HIST 336 303
HIST 337 275
HIST 338 473
HIST 339 285
HIST 340 289
HIST 341 306
HIST 342 266
HIST 343 261
HIST 344 241
HIST 345 280
HIST 346 268
HIST 347 271
HIST 348 258
HIST 349 262
HIST 350 258
HIST 351 274
HIST 352 276
HIST 353 282
HIST 354 263
HIST 355 283
HIST 356 274
HIST 357 282
HIST 358 249
HIST 359 245
HIST 360 264
HIST 361 260
HIST 362 251
HIST 363 285
HIST 364 251
HIST 365 260
HIST 366 239
HIST 367 287
HIST 368 257
HIST 369 256
HIST 370 229
HIST 371 242
HIST 372 276
HIST 373 247
HIST 374 261
HIST 375 265
HIST 376 227
HIST 377 223
HIST 378 263
HIST 379 267
HIST 380 254
HIST 381 242
HIST 382 246
HIST 383 230
HIST 384 242
HIST 385 231
HIST 386 237
HIST 387 239
HIST 388 238
HIST 389 253
HIST 390 246
HIST 391 222
HIST 392 269
HIST 393 215
HIST 394 257
HIST 395 262
HIST 396 225
HIST 397 257
HIST 398 223
HIST 399 237
HIST 400 234
HIST 401 229
HIST 402 230
HIST 403 253
HIST 404 219
HIST 405 242
HIST 406 261
HIST 407 230
HIST 408 242
HIST 409 248
HIST 410 226
HIST 411 200
HIST 412 231
HIST 413 229
HIST 414 215
HIST 415 230
HIST 416 204
HIST 417 235
HIST 418 217
HIST 419 223
HIST 420 225
HIST 421 209
HIST 422 218
HIST 423 236
HIST 424 225
HIST 425 239
HIST 426 247
HIST 427 231
HIST 428 216
HIST 429 242
HIST 430 224
HIST 431 201
HIST 432 225
HIST 433 215
HIST 434 221
HIST 435 207
HIST 436 200
HIST 437 235
HIST 438 214
HIST 439 222
HIST 440 196
HIST 441 208
HIST 442 208
HIST 443 225
HIST 444 209
HIST 445 225
HIST 446 240
HIST 447 190
HIST 448 247
HIST 449 211
HIST 450 204
HIST 451 214
HIST 452 212
HIST 453 198
HIST 454 224
HIST 455 200
HIST 456 227
HIST 457 227
HIST 458 199
HIST 459 203
HIST 460 196
HIST 461 195
HIST 462 217
HIST 463 243
HIST 464 189
HIST 465 182
HIST 466 163
HIST 467 218
HIST 468 201
HIST 469 194
HIST 470 178
HIST 471 213
HIST 472 203
HIST 473 214
HIST 474 198
HIST 475 187
HIST 476 213
HIST 477 202
HIST 478 216
HIST 479 192
HIST 480 185
HIST 481 196
HIST 482 193
HIST 483 222
HIST 484 194
HIST 485 197
HIST 486 222
HIST 487 209
HIST 488 204
HIST 489 193
HIST 490 210
HIST 491 222
HIST 492 189
HIST 493 191
HIST 494 218
HIST 495 185
HIST 496 189
HIST 497 205
HIST 498 208
HIST 499 214
HIST 500 210
HIST 501 188
HIST 502 188
HIST 503 190
HIST 504 193
HIST 505 179
HIST 506 189
HIST 507 184
HIST 508 186
HIST 509 168
HIST 510 178
HIST 511 10899
HIST 512 172
HIST 513 182
HIST 514 176
HIST 515 180
HIST 516 164
HIST 517 186
HIST 518 177
HIST 519 173
HIST 520 204
HIST 521 198
HIST 522 214
HIST 523 177
HIST 524 170
HIST 525 173
HIST 526 189
HIST 527 197
HIST 528 197
HIST 529 173
HIST 530 192
HIST 531 184
HIST 532 191
HIST 533 175
HIST 534 187
HIST 535 179
HIST 536 179
HIST 537 172
HIST 538 186
HIST 539 222
HIST 540 184
HIST 541 190
HIST 542 212
HIST 543 188
HIST 544 169
HIST 545 187
HIST 546 185
HIST 547 164
HIST 548 178
HIST 549 162
HIST 550 196
HIST 551 203
HIST 552 201
HIST 553 167
HIST 554 175
HIST 555 181
HIST 556 159
HIST 557 176
HIST 558 169
HIST 559 169
HIST 560 183
HIST 561 166
HIST 562 175
HIST 563 174
HIST 564 165
HIST 565 162
HIST 566 171
HIST 567 161
HIST 568 188
HIST 569 169
HIST 570 179
HIST 571 187
HIST 572 165
HIST 573 170
HIST 574 188
HIST 575 167
HIST 576 188
HIST 577 191
HIST 578 182
HIST 579 172
HIST 580 190
HIST 581 179
HIST 582 170
HIST 583 432
HIST 584 158
HIST 585 172
HIST 586 183
HIST 587 162
HIST 588 174
HIST 589 168
HIST 590 166
HIST 591 160
HIST 592 178
HIST 593 164
HIST 594 155
HIST 595 170
HIST 596 189
HIST 597 172
HIST 598 168
HIST 599 157
HIST 600 182
HIST 601 194
HIST 602 184
HIST 603 163
HIST 604 150
HIST 605 189
HIST 606 183
HIST 607 159
HIST 608 151
HIST 609 158
HIST 610 184
HIST 611 163
HIST 612 173
HIST 613 171
HIST 614 149
HIST 615 168
HIST 616 175
HIST 617 166
HIST 618 140
HIST 619 172
HIST 620 160
HIST 621 201
HIST 622 168
HIST 623 163
HIST 624 177
HIST 625 178
HIST 626 174
HIST 627 172
HIST 628 164
HIST 629 178
HIST 630 166
HIST 631 168
HIST 632 153
HIST 633 155
HIST 634 155
HIST 635 161
HIST 636 188
HIST 637 134
HIST 638 149
HIST 639 152
HIST 640 165
HIST 641 163
HIST 642 161
HIST 643 141
HIST 644 154
HIST 645 167
HIST 646 160
HIST 647 168
HIST 648 138
HIST 649 151
HIST 650 180
HIST 651 189
HIST 652 184
HIST 653 168
HIST 654 156
HIST 655 153
HIST 656 146
HIST 657 156
HIST 658 184
HIST 659 162
HIST 660 161
HIST 661 128
HIST 662 181
HIST 663 163
HIST 664 174
HIST 665 158
HIST 666 159
HIST 667 176
HIST 668 141
HIST 669 178
HIST 670 148
HIST 671 160
HIST 672 155
HIST 673 185
HIST 674 154
HIST 675 155
HIST 676 181
HIST 677 164
HIST 678 178
HIST 679 159
HIST 680 159
HIST 681 154
HIST 682 152
HIST 683 136
HIST 684 153
HIST 685 167
HIST 686 166
HIST 687 157
HIST 688 153
HIST 689 160
HIST 690 158
HIST 691 155
HIST 692 142
HIST 693 162
HIST 694 159
HIST 695 172
HIST 696 141
HIST 697 143
HIST 698 151
HIST 699 191
HIST 700 174
HIST 701 144
HIST 702 154
HIST 703 173
HIST 704 151
HIST 705 140
HIST 706 163
HIST 707 148
HIST 708 157
HIST 709 151
HIST 710 188
HIST 711 182
HIST 712 140
HIST 713 159
HIST 714 172
HIST 715 149
HIST 716 166
HIST 717 166
HIST 718 145
HIST 719 147
HIST 720 178
HIST 721 186
HIST 722 156
HIST 723 150
HIST 724 186
HIST 725 153
HIST 726 153
HIST 727 191
HIST 728 145
HIST 729 149
HIST 730 148
HIST 731 163
HIST 732 157
HIST 733 146
HIST 734 162
HIST 735 171
HIST 736 176
HIST 737 161
HIST 738 142
HIST 739 159
HIST 740 158
HIST 741 166
HIST 742 148
HIST 743 148
HIST 744 173
HIST 745 138
HIST 746 159
HIST 747 172
HIST 748 175
HIST 749 162
HIST 750 250
HIST 751 138
HIST 752 160
HIST 753 155
HIST 754 168
HIST 755 151
HIST 756 160
HIST 757 139
HIST 758 146
HIST 759 144
HIST 760 169
HIST 761 155
HIST 762 139
HIST 763 164
HIST 764 146
HIST 765 160
HIST 766 166
HIST 767 152
HIST 768 152
HIST 769 157
HIST 770 169
HIST 771 174
HIST 772 169
HIST 773 131
HIST 774 145
HIST 775 134
HIST 776 130
HIST 777 149
HIST 778 148
HIST 779 155
HIST 780 143
HIST 781 162
HIST 782 168
HIST 783 160
HIST 784 156
HIST 785 140
HIST 786 149
HIST 787 178
HIST 788 169
HIST 789 148
HIST 790 146
HIST 791 124
HIST 792 136
HIST 793 130
HIST 794 136
HIST 795 185
HIST 796 119
HIST 797 135
HIST 798 143
HIST 799 146
HIST 800 131
HIST 801 145
HIST 802 148
HIST 803 150
HIST 804 143
HIST 805 153
HIST 806 145
HIST 807 157
HIST 808 166
HIST 809 162
HIST 810 144
HIST 811 154
HIST 812 144
HIST 813 147
HIST 814 144
HIST 815 149
HIST 816 141
HIST 817 139
HIST 818 168
HIST 819 174
HIST 820 143
HIST 821 148
HIST 822 166
HIST 823 137
HIST 824 158
HIST 825 136
HIST 826 139
HIST 827 166
HIST 828 138
HIST 829 150
HIST 830 147
HIST 831 162
HIST 832 157
HIST 833 161
HIST 834 143
HIST 835 142
HIST 836 174
HIST 837 177
HIST 838 143
HIST 839 172
HIST 840 167
HIST 841 136
HIST 842 134
HIST 843 137
HIST 844 131
HIST 845 151
HIST 846 131
HIST 847 141
HIST 848 153
HIST 849 153
HIST 850 160
HIST 851 149
HIST 852 150
HIST 853 151
HIST 854 140
HIST 855 151
HIST 856 132
HIST 857 145
HIST 858 134
HIST 859 123
HIST 860 165
HIST 861 162
HIST 862 165
HIST 863 128
HIST 864 140
HIST 865 134
HIST 866 130
HIST 867 149
HIST 868 143
HIST 869 152
HIST 870 145
HIST 871 156
HIST 872 141
HIST 873 153
HIST 874 163
HIST 875 154
HIST 876 138
HIST 877 140
HIST 878 146
HIST 879 148
HIST 880 153
HIST 881 145
HIST 882 154
HIST 883 143
HIST 884 119
HIST 885 140
HIST 886 148
HIST 887 143
HIST 888 144
HIST 889 144
HIST 890 147
HIST 891 149
HIST 892 119
HIST 893 123
HIST 894 164
HIST 895 121
HIST 896 134
HIST 897 146
HIST 898 150
HIST 899 151
HIST 900 149
HIST 901 134
HIST 902 131
HIST 903 144
HIST 904 147
HIST 905 150
HIST 906 158
HIST 907 159
HIST 908 136
HIST 909 134
HIST 910 137
HIST 911 333
HIST 912 149
HIST 913 143
HIST 914 150
HIST 915 148
HIST 916 157
HIST 917 145
HIST 918 145
HIST 919 142
HIST 920 122
HIST 921 162
HIST 922 162
HIST 923 148
HIST 924 149
HIST 925 136
HIST 926 163
HIST 927 148
HIST 928 134
HIST 929 154
HIST 930 129
HIST 931 155
HIST 932 151
HIST 933 156
HIST 934 146
HIST 935 146
HIST 936 150
HIST 937 140
HIST 938 137
HIST 939 157
HIST 940 133
HIST 941 133
HIST 942 138
HIST 943 135
HIST 944 120
HIST 945 151
HIST 946 140
HIST 947 117
HIST 948 169
HIST 949 141
HIST 950 166
HIST 951 135
HIST 952 136
HIST 953 145
HIST 954 138
HIST 955 151
HIST 956 135
HIST 957 130
HIST 958 154
HIST 959 152
HIST 960 149
HIST 961 131
HIST 962 146
HIST 963 112
HIST 964 135
HIST 965 191
HIST 966 156
HIST 967 134
HIST 968 138
HIST 969 249
HIST 970 130
HIST 971 155
HIST 972 149
HIST 973 146
HIST 974 170
HIST 975 148
HIST 976 140
HIST 977 159
HIST 978 150
HIST 979 139
HIST 980 149
HIST 981 139
HIST 982 119
HIST 983 149
HIST 984 135
HIST 985 118
HIST 986 155
HIST 987 129
HIST 988 133
HIST 989 160
HIST 990 147
HIST 991 137
HIST 992 131
HIST 993 153
HIST 994 145
HIST 995 120
HIST 996 140
HIST 997 130
HIST 998 128
HIST 999 137
HIST 1000 136
HIST 1001 142
HIST 1002 123
HIST 1003 140
HIST 1004 130
HIST 1005 132
HIST 1006 144
HIST 1007 145
HIST 1008 150
HIST 1009 164
HIST 1010 145
HIST 1011 142
HIST 1012 163
HIST 1013 150
HIST 1014 176
HIST 1015 139
HIST 1016 146
HIST 1017 151
HIST 1018 152
HIST 1019 137
HIST 1020 141
HIST 1021 148
HIST 1022 185
HIST 1023 142
HIST 1024 142
HIST 1025 146
HIST 1026 131
HIST 1027 155
HIST 1028 144
HIST 1029 126
HIST 1030 155
HIST 1031 115
HIST 1032 146
HIST 1033 134
HIST 1034 135
HIST 1035 158
HIST 1036 139
HIST 1037 128
HIST 1038 142
HIST 1039 150
HIST 1040 145
HIST 1041 138
HIST 1042 162
HIST 1043 125
HIST 1044 128
HIST 1045 151
HIST 1046 152
HIST 1047 154
HIST 1048 129
HIST 1049 131
HIST 1050 119
HIST 1051 141
HIST 1052 106
HIST 1053 147
HIST 1054 150
HIST 1055 170
HIST 1056 133
HIST 1057 160
HIST 1058 131
HIST 1059 144
HIST 1060 134
HIST 1061 150
HIST 1062 139
HIST 1063 152
HIST 1064 163
HIST 1065 136
HIST 1066 121
HIST 1067 133
HIST 1068 137
HIST 1069 157
HIST 1070 144
HIST 1071 137
HIST 1072 143
HIST 1073 141
HIST 1074 160
HIST 1075 124
HIST 1076 136
HIST 1077 133
HIST 1078 126
HIST 1079 169
HIST 1080 124
HIST 1081 143
HIST 1082 145
HIST 1083 132
HIST 1084 147
HIST 1085 154
HIST 1086 134
HIST 1087 151
HIST 1088 146
HIST 1089 131
HIST 1090 134
HIST 1091 155
HIST 1092 139
HIST 1093 129
HIST 1094 192
HIST 1095 145
HIST 1096 162
HIST 1097 144
HIST 1098 151
HIST 1099 134
HIST 1100 148
HIST 1101 141
HIST 1102 141
HIST 1103 137
HIST 1104 146
HIST 1105 136
HIST 1106 174
HIST 1107 130
HIST 1108 143
HIST 1109 139
HIST 1110 131
HIST 1111 142
HIST 1112 163
HIST 1113 131
HIST 1114 138
HIST 1115 146
HIST 1116 151
HIST 1117 155
HIST 1118 152
HIST 1119 131
HIST 1120 141
HIST 1121 152
HIST 1122 135
HIST 1123 145
HIST 1124 141
HIST 1125 133
HIST 1126 138
HIST 1127 140
HIST 1128 144
HIST 1129 170
HIST 1130 141
HIST 1131 137
HIST 1132 137
HIST 1133 140
HIST 1134 144
HIST 1135 138
HIST 1136 137
HIST 1137 131
HIST 1138 149
HIST 1139 151
HIST 1140 140
HIST 1141 117
HIST 1142 155
HIST 1143 137
HIST 1144 155
HIST 1145 144
HIST 1146 127
HIST 1147 144
HIST 1148 139
HIST 1149 136
HIST 1150 144
HIST 1151 132
HIST 1152 126
HIST 1153 160
HIST 1154 143
HIST 1155 145
HIST 1156 145
HIST 1157 126
HIST 1158 163
HIST 1159 143
HIST 1160 131
HIST 1161 127
HIST 1162 142
HIST 1163 147
HIST 1164 142
HIST 1165 153
HIST 1166 132
HIST 1167 159
HIST 1168 121
HIST 1169 130
HIST 1170 154
HIST 1171 122
HIST 1172 143
HIST 1173 157
HIST 1174 132
HIST 1175 126
HIST 1176 163
HIST 1177 148
HIST 1178 128
HIST 1179 140
HIST 1180 158
HIST 1181 158
HIST 1182 142
HIST 1183 172
HIST 1184 126
HIST 1185 136
HIST 1186 166
HIST 1187 159
HIST 1188 134
HIST 1189 142
HIST 1190 150
HIST 1191 136
HIST 1192 144
HIST 1193 123
HIST 1194 135
HIST 1195 152
HIST 1196 156
HIST 1197 152
HIST 1198 138
HIST 1199 113
HIST 1200 165
HIST 1201 165
HIST 1202 138
HIST 1203 154
HIST 1204 128
HIST 1205 147
HIST 1206 147
HIST 1207 166
HIST 1208 135
HIST 1209 135
HIST 1210 151
HIST 1211 144
HIST 1212 125
HIST 1213 158
HIST 1214 126
HIST 1215 140
HIST 1216 152
HIST 1217 151
HIST 1218 142
HIST 1219 144
HIST 1220 136
HIST 1221 134
HIST 1222 149
HIST 1223 150
HIST 1224 141
HIST 1225 150
HIST 1226 153
HIST 1227 142
HIST 1228 156
HIST 1229 151
HIST 1230 121
HIST 1231 135
HIST 1232 126
HIST 1233 121
HIST 1234 150
HIST 1235 139
HIST 1236 125
HIST 1237 146
HIST 1238 152
HIST 1239 132
HIST 1240 143
HIST 1241 137
HIST 1242 144
HIST 1243 143
HIST 1244 150
HIST 1245 144
HIST 1246 145
HIST 1247 143
HIST 1248 130
HIST 1249 151
HIST 1250 139
HIST 1251 148
HIST 1252 133
HIST 1253 132
HIST 1254 155
HIST 1255 145
HIST 1256 147
HIST 1257 151
HIST 1258 152
HIST 1259 151
HIST 1260 153
HIST 1261 178
HIST 1262 134
HIST 1263 130
HIST 1264 154
HIST 1265 120
HIST 1266 161
HIST 1267 160
HIST 1268 125
HIST 1269 153
HIST 1270 129
HIST 1271 137
HIST 1272 143
HIST 1273 152
HIST 1274 154
HIST 1275 140
HIST 1276 152
HIST 1277 127
HIST 1278 139
HIST 1279 138
HIST 1280 128
HIST 1281 117
HIST 1282 147
HIST 1283 156
HIST 1284 131
HIST 1285 136
HIST 1286 146
HIST 1287 146
HIST 1288 134
HIST 1289 147
HIST 1290 150
HIST 1291 125
HIST 1292 135
HIST 1293 163
HIST 1294 141
HIST 1295 149
HIST 1296 139
HIST 1297 118
HIST 1298 147
HIST 1299 161
HIST 1300 147
HIST 1301 143
HIST 1302 134
HIST 1303 132
HIST 1304 136
HIST 1305 135
HIST 1306 151
HIST 1307 154
HIST 1308 153
HIST 1309 161
HIST 1310 152
HIST 1311 141
HIST 1312 135
HIST 1313 131
HIST 1314 140
HIST 1315 130
HIST 1316 158
HIST 1317 158
HIST 1318 144
HIST 1319 148
HIST 1320 164
HIST 1321 151
HIST 1322 113
HIST 1323 136
HIST 1324 159
HIST 1325 132
HIST 1326 146
HIST 1327 144
HIST 1328 150
HIST 1329 130
HIST 1330 133
HIST 1331 158
HIST 1332 115
HIST 1333 146
HIST 1334 129
HIST 1335 125
HIST 1336 150
HIST 1337 152
HIST 1338 151
HIST 1339 137
HIST 1340 150
HIST 1341 146
HIST 1342 129
HIST 1343 132
HIST 1344 155
HIST 1345 131
HIST 1346 172
HIST 1347 159
HIST 1348 131
HIST 1349 161
HIST 1350 132
HIST 1351 150
HIST 1352 152
HIST 1353 162
HIST 1354 140
HIST 1355 141
HIST 1356 136
HIST 1357 140
HIST 1358 152
HIST 1359 167
HIST 1360 141
HIST 1361 130
HIST 1362 139
HIST 1363 152
HIST 1364 159
HIST 1365 139
HIST 1366 152
HIST 1367 137
HIST 1368 149
HIST 1369 157
HIST 1370 165
HIST 1371 138
HIST 1372 147
HIST 1373 168
HIST 1374 157
HIST 1375 151
HIST 1376 127
HIST 1377 142
HIST 1378 144
HIST 1379 148
HIST 1380 148
HIST 1381 149
HIST 1382 154
HIST 1383 152
HIST 1384 149
HIST 1385 163
HIST 1386 139
HIST 1387 157
HIST 1388 139
HIST 1389 162
HIST 1390 121
HIST 1391 136
HIST 1392 132
HIST 1393 144
HIST 1394 144
HIST 1395 175
HIST 1396 148
HIST 1397 141
HIST 1398 151
HIST 1399 167
HIST 1400 169
HIST 1401 141
HIST 1402 134
HIST 1403 139
HIST 1404 170
HIST 1405 133
HIST 1406 163
HIST 1407 158
HIST 1408 155
HIST 1409 178
HIST 1410 147
HIST 1411 167
HIST 1412 142
HIST 1413 165
HIST 1414 145
HIST 1415 161
HIST 1416 135
HIST 1417 154
HIST 1418 135
HIST 1419 157
HIST 1420 168
HIST 1421 134
HIST 1422 168
HIST 1423 177
HIST 1424 143
HIST 1425 150
HIST 1426 159
HIST 1427 143
HIST 1428 147
HIST 1429 165
HIST 1430 148
HIST 1431 152
HIST 1432 158
HIST 1433 139
HIST 1434 155
HIST 1435 160
HIST 1436 139
HIST 1437 140
HIST 1438 139
HIST 1439 149
HIST 1440 157
HIST 1441 133
HIST 1442 150
HIST 1443 147
HIST 1444 156
HIST 1445 154
HIST 1446 144
HIST 1447 131
HIST 1448 173
HIST 1449 151
HIST 1450 135
HIST 1451 147
HIST 1452 133
HIST 1453 139
HIST 1454 156
HIST 1455 144
HIST 1456 155
HIST 1457 161
HIST 1458 143
HIST 1459 141
HIST 1460 153
HIST 1461 132
HIST 1462 141
HIST 1463 158
HIST 1464 131
HIST 1465 140
HIST 1466 158
HIST 1467 123
HIST 1468 163
HIST 1469 152
HIST 1470 163
HIST 1471 143
HIST 1472 140
HIST 1473 159
HIST 1474 135
HIST 1475 163
HIST 1476 155
HIST 1477 138
HIST 1478 132
HIST 1479 154
HIST 1480 165
HIST 1481 153
HIST 1482 172
HIST 1483 136
HIST 1484 153
HIST 1485 141
HIST 1486 152
HIST 1487 134
HIST 1488 141
HIST 1489 131
HIST 1490 147
HIST 1491 127
HIST 1492 164
HIST 1493 156
HIST 1494 142
HIST 1495 149
HIST 1496 168
HIST 1497 146
HIST 1498 152
HIST 1499 156
HIST 1500 133
HIST 1501 154
HIST 1502 162
HIST 1503 134
HIST 1504 149
HIST 1505 144
HIST 1506 148
HIST 1507 152
HIST 1508 131
HIST 1509 185
HIST 1510 146
HIST 1511 139
HIST 1512 161
HIST 1513 169
HIST 1514 145
HIST 1515 138
HIST 1516 177
HIST 1517 164
HIST 1518 152
HIST 1519 155
HIST 1520 167
HIST 1521 156
HIST 1522 137
HIST 1523 143
HIST 1524 153
HIST 1525 137
HIST 1526 156
HIST 1527 159
HIST 1528 172
HIST 1529 144
HIST 1530 160
HIST 1531 144
HIST 1532 141
HIST 1533 166
HIST 1534 132
HIST 1535 171
HIST 1536 157
HIST 1537 154
HIST 1538 167
HIST 1539 147
HIST 1540 137
HIST 1541 147
HIST 1542 170
HIST 1543 158
HIST 1544 156
HIST 1545 140
HIST 1546 146
HIST 1547 152
HIST 1548 163
HIST 1549 141
HIST 1550 155
HIST 1551 140
HIST 1552 156
HIST 1553 170
HIST 1554 152
HIST 1555 155
HIST 1556 144
HIST 1557 144
HIST 1558 165
HIST 1559 160
HIST 1560 152
HIST 1561 148
HIST 1562 180
HIST 1563 177
HIST 1564 166
HIST 1565 153
HIST 1566 148
HIST 1567 136
HIST 1568 145
HIST 1569 147
HIST 1570 156
HIST 1571 149
HIST 1572 166
HIST 1573 142
HIST 1574 151
HIST 1575 161
HIST 1576 160
HIST 1577 148
HIST 1578 146
HIST 1579 151
HIST 1580 149
HIST 1581 148
HIST 1582 148
HIST 1583 159
HIST 1584 153
HIST 1585 159
HIST 1586 143
HIST 1587 159
HIST 1588 171
HIST 1589 146
HIST 1590 171
HIST 1591 166
HIST 1592 159
HIST 1593 10023
HIST 1594 180
HIST 1595 206
HIST 1596 194
HIST 1597 193
HIST 1598 187
HIST 1599 193
HIST 1600 216
HIST 1601 199
HIST 1602 210
HIST 1603 192
HIST 1604 219
HIST 1605 175
HIST 1606 203
HIST 1607 192
HIST 1608 217
HIST 1609 174
HIST 1610 221
HIST 1611 224
HIST 1612 176
HIST 1613 198
HIST 1614 209
HIST 1615 188
HIST 1616 229
HIST 1617 201
HIST 1618 189
HIST 1619 187
HIST 1620 208
HIST 1621 202
HIST 1622 218
HIST 1623 199
HIST 1624 196
HIST 1625 215
HIST 1626 187
HIST 1627 209
HIST 1628 184
HIST 1629 200
HIST 1630 216
HIST 1631 214
HIST 1632 202
HIST 1633 199
HIST 1634 200
HIST 1635 196
HIST 1636 211
HIST 1637 206
HIST 1638 224
HIST 1639 191
HIST 1640 217
HIST 1641 202
HIST 1642 211
HIST 1643 195
HIST 1644 207
HIST 1645 200
HIST 1646 207
HIST 1647 208
HIST 1648 190
HIST 1649 210
HIST 1650 193
HIST 1651 185
HIST 1652 224
HIST 1653 199
HIST 1654 198
HIST 1655 190
HIST 1656 191
HIST 1657 191
HIST 1658 223
HIST 1659 216
HIST 1660 208
HIST 1661 202
HIST 1662 216
HIST 1663 191
HIST 1664 207
HIST 1665 211
HIST 1666 207
HIST 1667 213
HIST 1668 209
HIST 1669 221
HIST 1670 191
HIST 1671 207
HIST 1672 209
HIST 1673 202
HIST 1674 199
HIST 1675 194
HIST 1676 211
HIST 1677 191
HIST 1678 202
HIST 1679 205
HIST 1680 209
HIST 1681 187
HIST 1682 207
HIST 1683 206
HIST 1684 202
HIST 1685 217
HIST 1686 186
HIST 1687 201
HIST 1688 181
HIST 1689 210
HIST 1690 174
HIST 1691 208
HIST 1692 193
HIST 1693 192
HIST 1694 207
HIST 1695 217
HIST 1696 206
HIST 1697 213
HIST 1698 188
HIST 1699 195
HIST 1700 192
HIST 1701 227
HIST 1702 183
HIST 1703 189
HIST 1704 207
HIST 1705 186
HIST 1706 182
HIST 1707 210
HIST 1708 181
HIST 1709 217
HIST 1710 205
HIST 1711 199
HIST 1712 242
HIST 1713 202
HIST 1714 219
HIST 1715 205
HIST 1716 184
HIST 1717 206
HIST 1718 227
HIST 1719 225
HIST 1720 208
HIST 1721 198
HIST 1722 201
HIST 1723 179
HIST 1724 202
HIST 1725 194
HIST 1726 208
HIST 1727 210
HIST 1728 202
HIST 1729 223
HIST 1730 198
HIST 1731 198
HIST 1732 190
HIST 1733 204
HIST 1734 201
HIST 1735 204
HIST 1736 192
HIST 1737 201
HIST 1738 192
HIST 1739 225
HIST 1740 205
HIST 1741 227
HIST 1742 217
HIST 1743 224
HIST 1744 195
HIST 1745 197
HIST 1746 212
HIST 1747 189
HIST 1748 227
HIST 1749 211
HIST 1750 211
HIST 1751 202
HIST 1752 203
HIST 1753 197
HIST 1754 211
HIST 1755 209
HIST 1756 214
HIST 1757 206
HIST 1758 213
HIST 1759 220
HIST 1760 196
HIST 1761 226
HIST 1762 194
HIST 1763 214
HIST 1764 192
HIST 1765 227
HIST 1766 195
HIST 1767 229
HIST 1768 221
HIST 1769 187
HIST 1770 224
HIST 1771 199
HIST 1772 218
HIST 1773 239
HIST 1774 212
HIST 1775 206
HIST 1776 239
HIST 1777 207
HIST 1778 220
HIST 1779 223
HIST 1780 219
HIST 1781 233
HIST 1782 231
HIST 1783 217
HIST 1784 218
HIST 1785 213
HIST 1786 209
HIST 1787 232
HIST 1788 251
HIST 1789 218
HIST 1790 212
HIST 1791 216
HIST 1792 210
HIST 1793 203
HIST 1794 220
HIST 1795 224
HIST 1796 201
HIST 1797 248
HIST 1798 218
HIST 1799 195
HIST 1800 206
HIST 1801 222
HIST 1802 204
HIST 1803 201
HIST 1804 242
HIST 1805 243
HIST 1806 215
HIST 1807 206
HIST 1808 204
HIST 1809 212
HIST 1810 217
HIST 1811 200
HIST 1812 213
HIST 1813 196
HIST 1814 228
HIST 1815 237
HIST 1816 213
HIST 1817 208
HIST 1818 208
HIST 1819 208
HIST 1820 207
HIST 1821 224
HIST 1822 211
HIST 1823 189
HIST 1824 203
HIST 1825 222
HIST 1826 219
HIST 1827 223
HIST 1828 240
HIST 1829 223
HIST 1830 237
HIST 1831 212
HIST 1832 228
HIST 1833 219
HIST 1834 193
HIST 1835 226
HIST 1836 215
HIST 1837 224
HIST 1838 232
HIST 1839 233
HIST 1840 217
HIST 1841 207
HIST 1842 217
HIST 1843 219
HIST 1844 184
HIST 1845 232
HIST 1846 232
HIST 1847 231
HIST 1848 215
HIST 1849 203
HIST 1850 191
HIST 1851 228
HIST 1852 200
HIST 1853 215
HIST 1854 194
HIST 1855 229
HIST 1856 221
HIST 1857 209
HIST 1858 207
HIST 1859 216
HIST 1860 218
HIST 1861 217
HIST 1862 221
HIST 1863 211
HIST 1864 184
HIST 1865 235
HIST 1866 180
HIST 1867 226
HIST 1868 235
HIST 1869 203
HIST 1870 217
HIST 1871 230
HIST 1872 217
HIST 1873 234
HIST 1874 243
HIST 1875 197
HIST 1876 214
HIST 1877 212
HIST 1878 229
HIST 1879 215
HIST 1880 222
HIST 1881 206
HIST 1882 218
HIST 1883 219
HIST 1884 224
HIST 1885 214
HIST 1886 241
HIST 1887 218
HIST 1888 216
HIST 1889 206
HIST 1890 193
HIST 1891 208
HIST 1892 206
HIST 1893 217
HIST 1894 243
HIST 1895 211
HIST 1896 229
HIST 1897 197
HIST 1898 224
HIST 1899 212
HIST 1900 220
HIST 1901 212
HIST 1902 242
HIST 1903 219
HIST 1904 209
HIST 1905 204
HIST 1906 242
HIST 1907 234
HIST 1908 207
HIST 1909 188
HIST 1910 211
HIST 1911 221
HIST 1912 210
HIST 1913 199
HIST 1914 213
HIST 1915 204
HIST 1916 230
HIST 1917 225
HIST 1918 227
HIST 1919 250
HIST 1920 178
HIST 1921 221
HIST 1922 230
HIST 1923 205
HIST 1924 225
HIST 1925 214
HIST 1926 208
HIST 1927 206
HIST 1928 216
HIST 1929 220
HIST 1930 225
HIST 1931 199
HIST 1932 198
HIST 1933 199
HIST 1934 218
HIST 1935 214
HIST 1936 219
HIST 1937 230
HIST 1938 219
HIST 1939 191
HIST 1940 232
HIST 1941 198
HIST 1942 184
HIST 1943 217
HIST 1944 225
HIST 1945 186
HIST 1946 216
HIST 1947 234
HIST 1948 203
HIST 1949 180
HIST 1950 203
HIST 1951 201
HIST 1952 206
HIST 1953 217
HIST 1954 225
HIST 1955 194
HIST 1956 220
HIST 1957 223
HIST 1958 174
HIST 1959 195
HIST 1960 218
HIST 1961 192
HIST 1962 225
HIST 1963 205
HIST 1964 186
HIST 1965 210
HIST 1966 229
HIST 1967 204
HIST 1968 197
HIST 1969 220
HIST 1970 208
HIST 1971 204
HIST 1972 203
HIST 1973 188
HIST 1974 210
HIST 1975 189
HIST 1976 204
HIST 1977 193
HIST 1978 207
HIST 1979 203
HIST 1980 216
HIST 1981 214
HIST 1982 209
HIST 1983 182
HIST 1984 214
HIST 1985 197
HIST 1986 197
HIST 1987 195
HIST 1988 217
HIST 1989 226
HIST 1990 215
HIST 1991 219
HIST 1992 225
HIST 1993 224
HIST 1994 191
HIST 1995 213
HIST 1996 225
HIST 1997 237
HIST 1998 218
HIST 1999 216
HIST 2000 212
HIST 2001 208
HIST 2002 210
HIST 2003 191
HIST 2004 200
HIST 2005 210
HIST 2006 196
HIST 2007 201
HIST 2008 224
HIST 2009 214
HIST 2010 198
HIST 2011 223
HIST 2012 213
HIST 2013 213
HIST 2014 221
HIST 2015 207
HIST 2016 219
HIST 2017 209
HIST 2018 215
HIST 2019 219
HIST 2020 207
HIST 2021 205
HIST 2022 205
HIST 2023 218
HIST 2024 195
HIST 2025 205
HIST 2026 194
HIST 2027 214
HIST 2028 229
HIST 2029 195
HIST 2030 226
HIST 2031 203
HIST 2032 227
HIST 2033 212
HIST 2034 215
HIST 2035 223
HIST 2036 229
HIST 2037 206
HIST 2038 216
HIST 2039 217
HIST 2040 199
HIST 2041 231
HIST 2042 218
HIST 2043 214
HIST 2044 220
HIST 2045 180
HIST 2046 238
HIST 2047 226
HIST 2048 212
HIST 2049 224
HIST 2050 228
HIST 2051 261
HIST 2052 228
HIST 2053 227
HIST 2054 248
HIST 2055 206
HIST 2056 188
HIST 2057 216
HIST 2058 211
HIST 2059 228
HIST 2060 224
HIST 2061 220
HIST 2062 202
HIST 2063 248
HIST 2064 213
HIST 2065 219
HIST 2066 217
HIST 2067 194
HIST 2068 199
HIST 2069 212
HIST 2070 224
HIST 2071 221
HIST 2072 222
HIST 2073 207
HIST 2074 196
HIST 2075 277
HIST 2076 233
HIST 2077 231
HIST 2078 244
HIST 2079 234
HIST 2080 227
HIST 2081 224
HIST 2082 223
HIST 2083 216
HIST 2084 220
HIST 2085 222
HIST 2086 230
HIST 2087 200
HIST 2088 234
HIST 2089 207
HIST 2090 236
HIST 2091 224
HIST 2092 222
HIST 2093 197
HIST 2094 223
HIST 2095 223
HIST 2096 250
HIST 2097 235
HIST 2098 265
HIST 2099 226
HIST 2100 198
HIST 2101 241
HIST 2102 236
HIST 2103 222
HIST 2104 26427
HIST 2105 264
HIST 2106 269
HIST 2107 259
HIST 2108 255
HIST 2109 243
HIST 2110 285
HIST 2111 301
HIST 2112 301
HIST 2113 256
HIST 2114 285
HIST 2115 264
HIST 2116 274
HIST 2117 279
HIST 2118 257
HIST 2119 249
HIST 2120 295
HIST 2121 326
HIST 2122 273
HIST 2123 273
HIST 2124 275
HIST 2125 275
HIST 2126 264
HIST 2127 276
HIST 2128 283
HIST 2129 296
HIST 2130 307
HIST 2131 276
HIST 2132 292
HIST 2133 274
HIST 2134 299
HIST 2135 296
HIST 2136 288
HIST 2137 263
HIST 2138 263
HIST 2139 304
HIST 2140 279
HIST 2141 269
HIST 2142 280
HIST 2143 260
HIST 2144 281
HIST 2145 276
HIST 2146 282
HIST 2147 289
HIST 2148 276
HIST 2149 272
HIST 2150 307
HIST 2151 259
HIST 2152 269
HIST 2153 246
HIST 2154 259
HIST 2155 293
HIST 2156 294
HIST 2157 258
HIST 2158 277
HIST 2159 275
HIST 2160 282
HIST 2161 296
HIST 2162 265
HIST 2163 295
HIST 2164 282
HIST 2165 256
HIST 2166 264
HIST 2167 294
HIST 2168 277
HIST 2169 269
HIST 2170 292
HIST 2171 288
HIST 2172 286
HIST 2173 287
HIST 2174 289
HIST 2175 279
HIST 2176 296
HIST 2177 304
HIST 2178 282
HIST 2179 271
HIST 2180 278
HIST 2181 272
HIST 2182 283
HIST 2183 294
HIST 2184 262
HIST 2185 293
HIST 2186 268
HIST 2187 269
HIST 2188 266
HIST 2189 270
HIST 2190 262
HIST 2191 276
HIST 2192 295
HIST 2193 272
HIST 2194 278
HIST 2195 299
HIST 2196 319
HIST 2197 272
HIST 2198 281
HIST 2199 293
HIST 2200 278
HIST 2201 301
HIST 2202 316
HIST 2203 249
HIST 2204 300
HIST 2205 282
HIST 2206 301
HIST 2207 318
HIST 2208 276
HIST 2209 292
HIST 2210 305
HIST 2211 277
HIST 2212 258
HIST 2213 335
HIST 2214 254
HIST 2215 291
HIST 2216 294
HIST 2217 268
HIST 2218 311
HIST 2219 281
HIST 2220 317
HIST 2221 301
HIST 2222 316
HIST 2223 298
HIST 2224 290
HIST 2225 301
HIST 2226 287
HIST 2227 296
HIST 2228 291
HIST 2229 309
HIST 2230 326
HIST 2231 281
HIST 2232 317
HIST 2233 298
HIST 2234 284
HIST 2235 281
HIST 2236 294
HIST 2237 304
HIST 2238 278
HIST 2239 271
HIST 2240 303
HIST 2241 307
HIST 2242 278
HIST 2243 287
HIST 2244 306
HIST 2245 315
HIST 2246 298
HIST 2247 305
HIST 2248 316
HIST 2249 294
HIST 2250 310
HIST 2251 300
HIST 2252 285
HIST 2253 303
HIST 2254 327
HIST 2255 308
HIST 2256 305
HIST 2257 328
HIST 2258 306
HIST 2259 276
HIST 2260 332
HIST 2261 329
HIST 2262 292
HIST 2263 319
HIST 2264 312
HIST 2265 294
HIST 2266 298
HIST 2267 290
HIST 2268 294
HIST 2269 318
HIST 2270 279
HIST 2271 325
HIST 2272 300
HIST 2273 285
HIST 2274 283
HIST 2275 314
HIST 2276 317
HIST 2277 334
HIST 2278 308
HIST 2279 363
HIST 2280 331
HIST 2281 330
HIST 2282 300
HIST 2283 338
HIST 2284 303
HIST 2285 289
HIST 2286 311
HIST 2287 318
HIST 2288 308
HIST 2289 301
HIST 2290 350
HIST 2291 328
HIST 2292 316
HIST 2293 287
HIST 2294 343
HIST 2295 319
HIST 2296 322
HIST 2297 324
HIST 2298 334
HIST 2299 313
HIST 2300 298
HIST 2301 343
HIST 2302 305
HIST 2303 317
HIST 2304 314
HIST 2305 328
HIST 2306 328
HIST 2307 340
HIST 2308 307
HIST 2309 318
HIST 2310 333
HIST 2311 320
HIST 2312 280
HIST 2313 323
HIST 2314 346
HIST 2315 327
HIST 2316 303
HIST 2317 324
HIST 2318 338
HIST 2319 313
HIST 2320 317
HIST 2321 313
HIST 2322 356
HIST 2323 357
HIST 2324 305
HIST 2325 326
HIST 2326 344
HIST 2327 369
HIST 2328 355
HIST 2329 344
HIST 2330 298
HIST 2331 328
HIST 2332 372
HIST 2333 347
HIST 2334 314
HIST 2335 315
HIST 2336 337
HIST 2337 343
HIST 2338 354
HIST 2339 331
HIST 2340 305
HIST 2341 311
HIST 2342 324
HIST 2343 314
HIST 2344 364
HIST 2345 327
HIST 2346 358
HIST 2347 336
HIST 2348 382
HIST 2349 339
HIST 2350 316
HIST 2351 346
HIST 2352 385
HIST 2353 323
HIST 2354 333
HIST 2355 348
HIST 2356 337
HIST 2357 355
HIST 2358 301
HIST 2359 325
HIST 2360 374
HIST 2361 331
HIST 2362 361
HIST 2363 330
HIST 2364 340
HIST 2365 319
HIST 2366 347
HIST 2367 319
HIST 2368 331
HIST 2369 344
HIST 2370 349
HIST 2371 340
HIST 2372 324
HIST 2373 316
HIST 2374 297
HIST 2375 327
HIST 2376 326
HIST 2377 328
HIST 2378 312
HIST 2379 335
HIST 2380 321
HIST 2381 261
HIST 2382 312
HIST 2383 246
HIST 2384 200
HIST 2385 214
HIST 2386 206
HIST 2387 215
HIST 2388 195
HIST 2389 192
HIST 2390 193
HIST 2391 181
HIST 2392 204
HIST 2393 154
HIST 2394 176
HIST 2395 182
HIST 2396 182
HIST 2397 192
HIST 2398 153
HIST 2399 167
HIST 2400 170
HIST 2401 160
HIST 2402 150
HIST 2403 133
HIST 2404 159
HIST 2405 131
HIST 2406 157
HIST 2407 147
HIST 2408 140
HIST 2409 157
HIST 2410 149
HIST 2411 116
HIST 2412 126
HIST 2413 116
HIST 2414 128
HIST 2415 127
HIST 2416 116
HIST 2417 125
HIST 2418 108
HIST 2419 105
HIST 2420 123
HIST 2421 127
HIST 2422 111
HIST 2423 106
HIST 2424 101
HIST 2425 111
HIST 2426 104
HIST 2427 94
HIST 2428 101
HIST 2429 99
HIST 2430 101
HIST 2431 97
HIST 2432 106
HIST 2433 108
HIST 2434 94
HIST 2435 113
HIST 2436 97
HIST 2437 83
HIST 2438 97
HIST 2439 95
HIST 2440 100
HIST 2441 87
HIST 2442 85
HIST 2443 83
HIST 2444 66
HIST 2445 73
HIST 2446 79
HIST 2447 92
HIST 2448 71
HIST 2449 68
HIST 2450 69
HIST 2451 77
HIST 2452 59
HIST 2453 57
HIST 2454 56
HIST 2455 63
HIST 2456 62
HIST 2457 53
HIST 2458 58
HIST 2459 54
HIST 2460 54
HIST 2461 55
HIST 2462 70
HIST 2463 61
HIST 2464 55
HIST 2465 45
HIST 2466 51
HIST 2467 53
HIST 2468 58
HIST 2469 44
HIST 2470 49
HIST 2471 49
HIST 2472 48
HIST 2473 40
HIST 2474 39
HIST 2475 50
HIST 2476 48
HIST 2477 28
HIST 2478 49
HIST 2479 39
HIST 2480 45
HIST 2481 29
HIST 2482 31
HIST 2483 38
HIST 2484 23
HIST 2485 38
HIST 2486 29
HIST 2487 34
HIST 2488 24
HIST 2489 22
HIST 2490 26
HIST 2491 34
HIST 2492 26
HIST 2493 31
HIST 2494 26
HIST 2495 32
HIST 2496 38
HIST 2497 24
HIST 2498 26
HIST 2499 24
HIST 2500 22
HIST 2501 22
HIST 2502 19
HIST 2503 24
HIST 2504 18
HIST 2505 12
HIST 2506 33
HIST 2507 21
HIST 2508 16
HIST 2509 20
HIST 2510 16
HIST 2511 15
HIST 2512 27
HIST 2513 18
HIST 2514 26
HIST 2515 23
HIST 2516 16
HIST 2517 20
HIST 2518 14
HIST 2519 16
HIST 2520 15
HIST 2521 9
HIST 2522 13
HIST 2523 16
HIST 2524 18
HIST 2525 13
HIST 2526 14
HIST 2527 18
HIST 2528 12
HIST 2529 21
HIST 2530 11
HIST 2531 13
HIST 2532 12
HIST 2533 16
HIST 2534 13
HIST 2535 12
HIST 2536 13
HIST 2537 12
HIST 2538 17
HIST 2539 14
HIST 2540 9
HIST 2541 13
HIST 2542 11
HIST 2543 29
HIST 2544 5
HIST 2545 7
HIST 2546 8
HIST 2547 10
HIST 2548 12
HIST 2549 14
HIST 2550 13
HIST 2551 11
HIST 2552 8
HIST 2553 6
HIST 2554 7
HIST 2555 9
HIST 2556 10
HIST 2557 12
HIST 2558 12
HIST 2559 8
HIST 2560 10
HIST 2561 7
HIST 2562 6
HIST 2563 8
HIST 2564 9
HIST 2565 9
HIST 2566 7
HIST 2567 15
HIST 2568 5
HIST 2569 6
HIST 2570 8
HIST 2571 9
HIST 2572 9
HIST 2573 4
HIST 2574 3
HIST 2575 9
HIST 2576 5
HIST 2577 8
HIST 2578 7
HIST 2579 9
HIST 2580 5
HIST 2581 31
HIST 2582 91
HIST 2583 7
HIST 2584 8
HIST 2585 8
HIST 2586 287
HIST 2587 3
HIST 2588 7
HIST 2589 8
HIST 2590 8
HIST 2591 6
HIST 2592 3
HIST 2593 7
HIST 2594 7
HIST 2595 4
HIST 2596 5
HIST 2597 5
HIST 2598 7
HIST 2599 4
HIST 2600 1
HIST 2601 3
HIST 2602 4
HIST 2603 3
HIST 2604 6
HIST 2605 5
HIST 2606 5
HIST 2607 3
HIST 2608 2
HIST 2609 7
HIST 2610 3
HIST 2611 7
HIST 2612 4
HIST 2613 7
HIST 2614 2
HIST 2615 129875
HISTEND
