SETUP correlatedGamma=0 twoJmax=10 vacuum=1 seed=0 killesc=0 killcarry=0 fullcarry=1
CUTS (production thresholds per material couple):
 Material : G4_Galactic
 Range cuts        :  gamma  1 mm     e-  1 mm     e+  1 mm  proton 1 mm 
 Energy thresholds :  gamma  990 eV     e-  990 eV     e+  990 eV  proton 100 keV
 Material : scene_mat_4
 Range cuts        :  gamma  1 mm     e-  1 mm     e+  1 mm  proton 1 mm 
 Energy thresholds :  gamma  38.9651 keV    e-  738.26 keV    e+  703.709 keV proton 100 keV
 Material : scene_mat_3
 Range cuts        :  gamma  1 mm     e-  1 mm     e+  1 mm  proton 1 mm 
 Energy thresholds :  gamma  6.91691 keV    e-  597.603 keV    e+  574.29 keV proton 100 keV
 Material : scene_mat_2
 Range cuts        :  gamma  1 mm     e-  1 mm     e+  1 mm  proton 1 mm 
 Energy thresholds :  gamma  990 eV     e-  990 eV     e+  990 eV  proton 100 keV
 Material : scene_mat_1
 Range cuts        :  gamma  1 mm     e-  1 mm     e+  1 mm  proton 1 mm 
 Energy thresholds :  gamma  3.38683 keV    e-  268.033 keV    e+  261.068 keV proton 100 keV
 Material : scene_mat_0
 Range cuts        :  gamma  1 mm     e-  1 mm     e+  1 mm  proton 1 mm 
 Energy thresholds :  gamma  29.856 keV    e-  620.515 keV    e+  592.153 keV proton 100 keV
RESULT decays=8000000
RESULT any=702697 eps_total=8.783713e-02
RESULT window=2614.511 counts=124248 eps=1.553100e-02
HISTBEGIN bins=2616 bin_kev=1.000000 decays=8000000
HIST 0 48
HIST 1 203
HIST 2 173
HIST 3 184
HIST 4 181
HIST 5 257
HIST 6 234
HIST 7 234
HIST 8 238
HIST 9 254
HIST 10 218
HIST 11 227
HIST 12 215
HIST 13 220
HIST 14 246
HIST 15 233
HIST 16 246
HIST 17 250
HIST 18 243
HIST 19 224
HIST 20 271
HIST 21 273
HIST 22 279
HIST 23 272
HIST 24 251
HIST 25 247
HIST 26 266
HIST 27 264
HIST 28 258
HIST 29 252
HIST 30 301
HIST 31 280
HIST 32 489
HIST 33 454
HIST 34 306
HIST 35 274
HIST 36 350
HIST 37 302
HIST 38 297
HIST 39 254
HIST 40 279
HIST 41 293
HIST 42 269
HIST 43 239
HIST 44 267
HIST 45 266
HIST 46 256
HIST 47 284
HIST 48 234
HIST 49 257
HIST 50 265
HIST 51 269
HIST 52 273
HIST 53 257
HIST 54 234
HIST 55 280
HIST 56 253
HIST 57 259
HIST 58 260
HIST 59 268
HIST 60 269
HIST 61 241
HIST 62 281
HIST 63 247
HIST 64 280
HIST 65 290
HIST 66 278
HIST 67 283
HIST 68 292
HIST 69 296
HIST 70 284
HIST 71 260
HIST 72 282
HIST 73 279
HIST 74 271
HIST 75 326
HIST 76 275
HIST 77 324
HIST 78 288
HIST 79 274
HIST 80 268
HIST 81 250
HIST 82 284
HIST 83 283
HIST 84 295
HIST 85 275
HIST 86 294
HIST 87 276
HIST 88 320
HIST 89 271
HIST 90 863
HIST 91 286
HIST 92 289
HIST 93 266
HIST 94 1287
HIST 95 284
HIST 96 292
HIST 97 290
HIST 98 280
HIST 99 273
HIST 100 278
HIST 101 274
HIST 102 260
HIST 103 271
HIST 104 271
HIST 105 440
HIST 106 555
HIST 107 281
HIST 108 273
HIST 109 418
HIST 110 284
HIST 111 270
HIST 112 251
HIST 113 292
HIST 114 266
HIST 115 269
HIST 116 268
HIST 117 258
HIST 118 268
HIST 119 252
HIST 120 279
HIST 121 278
HIST 122 267
HIST 123 266
HIST 124 258
HIST 125 277
HIST 126 318
HIST 127 286
HIST 128 316
HIST 129 300
HIST 130 280
HIST 131 264
HIST 132 316
HIST 133 304
HIST 134 275
HIST 135 263
HIST 136 294
HIST 137 274
HIST 138 277
HIST 139 311
HIST 140 335
HIST 141 301
HIST 142 306
HIST 143 295
HIST 144 310
HIST 145 320
HIST 146 324
HIST 147 290
HIST 148 266
HIST 149 311
HIST 150 260
HIST 151 309
HIST 152 306
HIST 153 328
HIST 154 325
HIST 155 317
HIST 156 325
HIST 157 285
HIST 158 288
HIST 159 293
HIST 160 302
HIST 161 326
HIST 162 350
HIST 163 302
HIST 164 330
HIST 165 295
HIST 166 306
HIST 167 296
HIST 168 305
HIST 169 295
HIST 170 296
HIST 171 313
HIST 172 300
HIST 173 296
HIST 174 288
HIST 175 300
HIST 176 343
HIST 177 306
HIST 178 320
HIST 179 335
HIST 180 321
HIST 181 285
HIST 182 317
HIST 183 258
HIST 184 325
HIST 185 328
HIST 186 317
HIST 187 325
HIST 188 344
HIST 189 307
HIST 190 290
HIST 191 298
HIST 192 302
HIST 193 296
HIST 194 337
HIST 195 310
HIST 196 343
HIST 197 330
HIST 198 329
HIST 199 314
HIST 200 308
HIST 201 303
HIST 202 313
HIST 203 312
HIST 204 302
HIST 205 329
HIST 206 316
HIST 207 352
HIST 208 316
HIST 209 388
HIST 210 335
HIST 211 333
HIST 212 331
HIST 213 339
HIST 214 320
HIST 215 305
HIST 216 342
HIST 217 306
HIST 218 280
HIST 219 322
HIST 220 305
HIST 221 294
HIST 222 302
HIST 223 316
HIST 224 292
HIST 225 319
HIST 226 293
HIST 227 315
HIST 228 319
HIST 229 324
HIST 230 339
HIST 231 330
HIST 232 327
HIST 233 374
HIST 234 397
HIST 235 361
HIST 236 394
HIST 237 362
HIST 238 346
HIST 239 1044
HIST 240 357
HIST 241 424
HIST 242 376
HIST 243 371
HIST 244 400
HIST 245 371
HIST 246 383
HIST 247 367
HIST 248 384
HIST 249 391
HIST 250 349
HIST 251 354
HIST 252 374
HIST 253 357
HIST 254 379
HIST 255 403
HIST 256 341
HIST 257 382
HIST 258 360
HIST 259 360
HIST 260 367
HIST 261 351
HIST 262 379
HIST 263 386
HIST 264 379
HIST 265 397
HIST 266 394
HIST 267 359
HIST 268 397
HIST 269 369
HIST 270 419
HIST 271 359
HIST 272 423
HIST 273 400
HIST 274 372
HIST 275 373
HIST 276 355
HIST 277 421
HIST 278 376
HIST 279 385
HIST 280 387
HIST 281 368
HIST 282 396
HIST 283 388
HIST 284 402
HIST 285 369
HIST 286 378
HIST 287 364
HIST 288 355
HIST 289 346
HIST 290 351
HIST 291 355
HIST 292 385
HIST 293 389
HIST 294 400
HIST 295 404
HIST 296 367
HIST 297 375
HIST 298 375
HIST 299 405
HIST 300 394
HIST 301 361
HIST 302 341
HIST 303 416
HIST 304 352
HIST 305 368
HIST 306 382
HIST 307 389
HIST 308 349
HIST 309 339
HIST 310 392
HIST 311 355
HIST 312 364
HIST 313 383
HIST 314 354
HIST 315 369
HIST 316 352
HIST 317 357
HIST 318 348
HIST 319 338
HIST 320 357
HIST 321 369
HIST 322 321
HIST 323 337
HIST 324 360
HIST 325 340
HIST 326 331
HIST 327 325
HIST 328 391
HIST 329 374
HIST 330 380
HIST 331 343
HIST 332 385
HIST 333 333
HIST 334 378
HIST 335 370
HIST 336 345
HIST 337 329
HIST 338 503
HIST 339 333
HIST 340 352
HIST 341 349
HIST 342 319
HIST 343 323
HIST 344 312
HIST 345 326
HIST 346 335
HIST 347 339
HIST 348 312
HIST 349 315
HIST 350 326
HIST 351 316
HIST 352 309
HIST 353 326
HIST 354 310
HIST 355 344
HIST 356 334
HIST 357 318
HIST 358 312
HIST 359 305
HIST 360 307
HIST 361 295
HIST 362 297
HIST 363 326
HIST 364 290
HIST 365 306
HIST 366 295
HIST 367 304
HIST 368 309
HIST 369 293
HIST 370 282
HIST 371 307
HIST 372 330
HIST 373 277
HIST 374 307
HIST 375 288
HIST 376 275
HIST 377 293
HIST 378 317
HIST 379 302
HIST 380 299
HIST 381 302
HIST 382 296
HIST 383 286
HIST 384 292
HIST 385 272
HIST 386 315
HIST 387 291
HIST 388 288
HIST 389 281
HIST 390 282
HIST 391 273
HIST 392 299
HIST 393 270
HIST 394 310
HIST 395 294
HIST 396 281
HIST 397 252
HIST 398 291
HIST 399 274
HIST 400 275
HIST 401 272
HIST 402 291
HIST 403 327
HIST 404 273
HIST 405 296
HIST 406 305
HIST 407 254
HIST 408 295
HIST 409 266
HIST 410 268
HIST 411 263
HIST 412 293
HIST 413 246
HIST 414 269
HIST 415 274
HIST 416 245
HIST 417 295
HIST 418 273
HIST 419 264
HIST 420 268
HIST 421 239
HIST 422 254
HIST 423 282
HIST 424 257
HIST 425 308
HIST 426 270
HIST 427 288
HIST 428 247
HIST 429 273
HIST 430 265
HIST 431 227
HIST 432 245
HIST 433 237
HIST 434 256
HIST 435 255
HIST 436 217
HIST 437 283
HIST 438 239
HIST 439 263
HIST 440 246
HIST 441 252
HIST 442 260
HIST 443 255
HIST 444 225
HIST 445 265
HIST 446 295
HIST 447 233
HIST 448 272
HIST 449 259
HIST 450 237
HIST 451 264
HIST 452 240
HIST 453 226
HIST 454 270
HIST 455 234
HIST 456 238
HIST 457 256
HIST 458 242
HIST 459 227
HIST 460 246
HIST 461 233
HIST 462 255
HIST 463 287
HIST 464 231
HIST 465 213
HIST 466 215
HIST 467 249
HIST 468 236
HIST 469 213
HIST 470 212
HIST 471 260
HIST 472 219
HIST 473 289
HIST 474 219
HIST 475 226
HIST 476 217
HIST 477 216
HIST 478 255
HIST 479 231
HIST 480 235
HIST 481 230
HIST 482 220
HIST 483 241
HIST 484 238
HIST 485 251
HIST 486 235
HIST 487 244
HIST 488 243
HIST 489 225
HIST 490 234
HIST 491 250
HIST 492 230
HIST 493 233
HIST 494 229
HIST 495 204
HIST 496 218
HIST 497 240
HIST 498 228
HIST 499 243
HIST 500 232
HIST 501 215
HIST 502 199
HIST 503 213
HIST 504 215
HIST 505 217
HIST 506 225
HIST 507 191
HIST 508 218
HIST 509 212
HIST 510 203
HIST 511 12155
HIST 512 203
HIST 513 224
HIST 514 196
HIST 515 213
HIST 516 204
HIST 517 195
HIST 518 212
HIST 519 198
HIST 520 210
HIST 521 200
HIST 522 213
HIST 523 187
HIST 524 162
HIST 525 202
HIST 526 211
HIST 527 214
HIST 528 227
HIST 529 185
HIST 530 217
HIST 531 218
HIST 532 215
HIST 533 179
HIST 534 209
HIST 535 194
HIST 536 207
HIST 537 178
HIST 538 216
HIST 539 222
HIST 540 206
HIST 541 220
HIST 542 222
HIST 543 195
HIST 544 192
HIST 545 234
HIST 546 188
HIST 547 197
HIST 548 221
HIST 549 181
HIST 550 206
HIST 551 214
HIST 552 207
HIST 553 185
HIST 554 199
HIST 555 184
HIST 556 185
HIST 557 199
HIST 558 181
HIST 559 213
HIST 560 213
HIST 561 193
HIST 562 198
HIST 563 193
HIST 564 171
HIST 565 181
HIST 566 196
HIST 567 190
HIST 568 209
HIST 569 185
HIST 570 187
HIST 571 201
HIST 572 187
HIST 573 190
HIST 574 199
HIST 575 189
HIST 576 211
HIST 577 217
HIST 578 175
HIST 579 210
HIST 580 183
HIST 581 193
HIST 582 197
HIST 583 455
HIST 584 182
HIST 585 195
HIST 586 192
HIST 587 188
HIST 588 185
HIST 589 174
HIST 590 198
HIST 591 194
HIST 592 189
HIST 593 189
HIST 594 189
HIST 595 178
HIST 596 195
HIST 597 182
HIST 598 202
HIST 599 190
HIST 600 200
HIST 601 189
HIST 602 185
HIST 603 190
HIST 604 186
HIST 605 203
HIST 606 212
HIST 607 183
HIST 608 163
HIST 609 144
HIST 610 192
HIST 611 187
HIST 612 195
HIST 613 181
HIST 614 183
HIST 615 156
HIST 616 177
HIST 617 183
HIST 618 153
HIST 619 171
HIST 620 186
HIST 621 216
HIST 622 183
HIST 623 178
HIST 624 187
HIST 625 219
HIST 626 164
HIST 627 202
HIST 628 178
HIST 629 210
HIST 630 177
HIST 631 164
HIST 632 178
HIST 633 161
HIST 634 169
HIST 635 175
HIST 636 221
HIST 637 168
HIST 638 172
HIST 639 171
HIST 640 179
HIST 641 186
HIST 642 179
HIST 643 169
HIST 644 173
HIST 645 173
HIST 646 179
HIST 647 177
HIST 648 152
HIST 649 183
HIST 650 170
HIST 651 189
HIST 652 192
HIST 653 179
HIST 654 182
HIST 655 176
HIST 656 173
HIST 657 188
HIST 658 189
HIST 659 181
HIST 660 177
HIST 661 156
HIST 662 174
HIST 663 176
HIST 664 187
HIST 665 170
HIST 666 180
HIST 667 194
HIST 668 154
HIST 669 193
HIST 670 190
HIST 671 158
HIST 672 172
HIST 673 177
HIST 674 172
HIST 675 188
HIST 676 191
HIST 677 198
HIST 678 199
HIST 679 174
HIST 680 181
HIST 681 188
HIST 682 166
HIST 683 164
HIST 684 153
HIST 685 184
HIST 686 179
HIST 687 167
HIST 688 167
HIST 689 173
HIST 690 149
HIST 691 152
HIST 692 167
HIST 693 198
HIST 694 173
HIST 695 176
HIST 696 161
HIST 697 167
HIST 698 163
HIST 699 173
HIST 700 174
HIST 701 154
HIST 702 155
HIST 703 173
HIST 704 167
HIST 705 161
HIST 706 157
HIST 707 166
HIST 708 152
HIST 709 154
HIST 710 199
HIST 711 183
HIST 712 170
HIST 713 179
HIST 714 172
HIST 715 167
HIST 716 187
HIST 717 184
HIST 718 145
HIST 719 154
HIST 720 178
HIST 721 212
HIST 722 161
HIST 723 162
HIST 724 210
HIST 725 172
HIST 726 173
HIST 727 208
HIST 728 151
HIST 729 160
HIST 730 170
HIST 731 172
HIST 732 157
HIST 733 161
HIST 734 186
HIST 735 190
HIST 736 190
HIST 737 159
HIST 738 183
HIST 739 162
HIST 740 160
HIST 741 188
HIST 742 156
HIST 743 149
HIST 744 166
HIST 745 148
HIST 746 167
HIST 747 180
HIST 748 177
HIST 749 153
HIST 750 228
HIST 751 166
HIST 752 165
HIST 753 167
HIST 754 168
HIST 755 167
HIST 756 183
HIST 757 157
HIST 758 146
HIST 759 176
HIST 760 181
HIST 761 163
HIST 762 151
HIST 763 181
HIST 764 155
HIST 765 181
HIST 766 173
HIST 767 169
HIST 768 159
HIST 769 155
HIST 770 167
HIST 771 173
HIST 772 184
HIST 773 140
HIST 774 164
HIST 775 142
HIST 776 146
HIST 777 181
HIST 778 177
HIST 779 167
HIST 780 185
HIST 781 186
HIST 782 171
HIST 783 163
HIST 784 170
HIST 785 162
HIST 786 166
HIST 787 169
HIST 788 177
HIST 789 165
HIST 790 152
HIST 791 151
HIST 792 147
HIST 793 140
HIST 794 135
HIST 795 190
HIST 796 144
HIST 797 152
HIST 798 156
HIST 799 179
HIST 800 146
HIST 801 147
HIST 802 146
HIST 803 158
HIST 804 169
HIST 805 155
HIST 806 161
HIST 807 184
HIST 808 183
HIST 809 184
HIST 810 164
HIST 811 169
HIST 812 170
HIST 813 188
HIST 814 166
HIST 815 155
HIST 816 160
HIST 817 161
HIST 818 186
HIST 819 176
HIST 820 160
HIST 821 183
HIST 822 187
HIST 823 160
HIST 824 181
HIST 825 162
HIST 826 145
HIST 827 169
HIST 828 139
HIST 829 159
HIST 830 170
HIST 831 167
HIST 832 169
HIST 833 162
HIST 834 162
HIST 835 146
HIST 836 208
HIST 837 181
HIST 838 163
HIST 839 182
HIST 840 155
HIST 841 149
HIST 842 166
HIST 843 144
HIST 844 158
HIST 845 139
HIST 846 147
HIST 847 147
HIST 848 178
HIST 849 164
HIST 850 152
HIST 851 157
HIST 852 155
HIST 853 155
HIST 854 138
HIST 855 153
HIST 856 153
HIST 857 161
HIST 858 175
HIST 859 135
HIST 860 174
HIST 861 161
HIST 862 172
HIST 863 132
HIST 864 151
HIST 865 156
HIST 866 153
HIST 867 156
HIST 868 153
HIST 869 157
HIST 870 155
HIST 871 165
HIST 872 169
HIST 873 167
HIST 874 181
HIST 875 165
HIST 876 151
HIST 877 144
HIST 878 179
HIST 879 155
HIST 880 162
HIST 881 162
HIST 882 168
HIST 883 157
HIST 884 136
HIST 885 150
HIST 886 180
HIST 887 153
HIST 888 155
HIST 889 162
HIST 890 165
HIST 891 162
HIST 892 137
HIST 893 137
HIST 894 163
HIST 895 140
HIST 896 139
HIST 897 151
HIST 898 158
HIST 899 156
HIST 900 155
HIST 901 151
HIST 902 153
HIST 903 159
HIST 904 170
HIST 905 168
HIST 906 169
HIST 907 163
HIST 908 153
HIST 909 166
HIST 910 158
HIST 911 351
HIST 912 142
HIST 913 146
HIST 914 179
HIST 915 160
HIST 916 163
HIST 917 148
HIST 918 152
HIST 919 146
HIST 920 152
HIST 921 167
HIST 922 196
HIST 923 165
HIST 924 148
HIST 925 147
HIST 926 166
HIST 927 157
HIST 928 150
HIST 929 158
HIST 930 142
HIST 931 151
HIST 932 145
HIST 933 142
HIST 934 151
HIST 935 144
HIST 936 164
HIST 937 133
HIST 938 157
HIST 939 151
HIST 940 143
HIST 941 155
HIST 942 150
HIST 943 164
HIST 944 151
HIST 945 156
HIST 946 145
HIST 947 142
HIST 948 171
HIST 949 157
HIST 950 182
HIST 951 163
HIST 952 149
HIST 953 165
HIST 954 156
HIST 955 172
HIST 956 157
HIST 957 121
HIST 958 166
HIST 959 185
HIST 960 145
HIST 961 129
HIST 962 148
HIST 963 126
HIST 964 150
HIST 965 173
HIST 966 177
HIST 967 152
HIST 968 155
HIST 969 271
HIST 970 144
HIST 971 162
HIST 972 159
HIST 973 152
HIST 974 150
HIST 975 169
HIST 976 173
HIST 977 162
HIST 978 165
HIST 979 155
HIST 980 153
HIST 981 148
HIST 982 135
HIST 983 152
HIST 984 164
HIST 985 139
HIST 986 151
HIST 987 158
HIST 988 146
HIST 989 156
HIST 990 159
HIST 991 159
HIST 992 143
HIST 993 166
HIST 994 169
HIST 995 146
HIST 996 149
HIST 997 134
HIST 998 152
HIST 999 143
HIST 1000 153
HIST 1001 145
HIST 1002 135
HIST 1003 140
HIST 1004 139
HIST 1005 146
HIST 1006 168
HIST 1007 165
HIST 1008 154
HIST 1009 154
HIST 1010 146
HIST 1011 148
HIST 1012 169
HIST 1013 151
HIST 1014 175
HIST 1015 142
HIST 1016 149
HIST 1017 176
HIST 1018 154
HIST 1019 150
HIST 1020 152
HIST 1021 144
HIST 1022 179
HIST 1023 170
HIST 1024 141
HIST 1025 164
HIST 1026 138
HIST 1027 156
HIST 1028 151
HIST 1029 140
HIST 1030 165
HIST 1031 133
HIST 1032 144
HIST 1033 160
HIST 1034 142
HIST 1035 166
HIST 1036 141
HIST 1037 145
HIST 1038 149
HIST 1039 143
HIST 1040 154
HIST 1041 132
HIST 1042 160
HIST 1043 144
HIST 1044 148
HIST 1045 156
HIST 1046 163
HIST 1047 159
HIST 1048 133
HIST 1049 140
HIST 1050 141
HIST 1051 136
HIST 1052 129
HIST 1053 176
HIST 1054 159
HIST 1055 160
HIST 1056 155
HIST 1057 156
HIST 1058 158
HIST 1059 143
HIST 1060 141
HIST 1061 139
HIST 1062 147
HIST 1063 154
HIST 1064 153
HIST 1065 134
HIST 1066 142
HIST 1067 147
HIST 1068 149
HIST 1069 172
HIST 1070 172
HIST 1071 148
HIST 1072 160
HIST 1073 151
HIST 1074 157
HIST 1075 130
HIST 1076 142
HIST 1077 146
HIST 1078 159
HIST 1079 177
HIST 1080 127
HIST 1081 155
HIST 1082 149
HIST 1083 132
HIST 1084 156
HIST 1085 168
HIST 1086 144
HIST 1087 157
HIST 1088 143
HIST 1089 149
HIST 1090 158
HIST 1091 168
HIST 1092 164
HIST 1093 146
HIST 1094 177
HIST 1095 148
HIST 1096 165
HIST 1097 139
HIST 1098 148
HIST 1099 125
HIST 1100 162
HIST 1101 132
HIST 1102 136
HIST 1103 146
HIST 1104 137
HIST 1105 144
HIST 1106 176
HIST 1107 140
HIST 1108 117
HIST 1109 158
HIST 1110 145
HIST 1111 159
HIST 1112 161
HIST 1113 130
HIST 1114 148
HIST 1115 144
HIST 1116 145
HIST 1117 164
HIST 1118 170
HIST 1119 130
HIST 1120 138
HIST 1121 132
HIST 1122 140
HIST 1123 138
HIST 1124 170
HIST 1125 139
HIST 1126 150
HIST 1127 137
HIST 1128 141
HIST 1129 164
HIST 1130 146
HIST 1131 164
HIST 1132 137
HIST 1133 129
HIST 1134 138
HIST 1135 131
HIST 1136 155
HIST 1137 146
HIST 1138 152
HIST 1139 146
HIST 1140 148
HIST 1141 138
HIST 1142 154
HIST 1143 158
HIST 1144 159
HIST 1145 145
HIST 1146 125
HIST 1147 148
HIST 1148 148
HIST 1149 153
HIST 1150 159
HIST 1151 147
HIST 1152 169
HIST 1153 150
HIST 1154 152
HIST 1155 148
HIST 1156 163
HIST 1157 140
HIST 1158 177
HIST 1159 164
HIST 1160 158
HIST 1161 129
HIST 1162 150
HIST 1163 149
HIST 1164 150
HIST 1165 162
HIST 1166 141
HIST 1167 156
HIST 1168 129
HIST 1169 146
HIST 1170 163
HIST 1171 158
HIST 1172 155
HIST 1173 142
HIST 1174 148
HIST 1175 128
HIST 1176 148
HIST 1177 152
HIST 1178 138
HIST 1179 179
HIST 1180 145
HIST 1181 170
HIST 1182 143
HIST 1183 170
HIST 1184 134
HIST 1185 145
HIST 1186 162
HIST 1187 144
HIST 1188 145
HIST 1189 149
HIST 1190 154
HIST 1191 158
HIST 1192 158
HIST 1193 129
HIST 1194 156
HIST 1195 165
HIST 1196 146
HIST 1197 157
HIST 1198 143
HIST 1199 135
HIST 1200 181
HIST 1201 154
HIST 1202 145
HIST 1203 171
HIST 1204 142
HIST 1205 168
HIST 1206 156
HIST 1207 171
HIST 1208 139
HIST 1209 154
HIST 1210 154
HIST 1211 145
HIST 1212 148
HIST 1213 167
HIST 1214 145
HIST 1215 134
HIST 1216 148
HIST 1217 148
HIST 1218 163
HIST 1219 141
HIST 1220 140
HIST 1221 136
HIST 1222 178
HIST 1223 140
HIST 1224 161
HIST 1225 159
HIST 1226 155
HIST 1227 154
HIST 1228 161
HIST 1229 151
HIST 1230 125
HIST 1231 149
HIST 1232 132
HIST 1233 127
HIST 1234 160
HIST 1235 157
HIST 1236 147
HIST 1237 142
HIST 1238 152
HIST 1239 158
HIST 1240 145
HIST 1241 147
HIST 1242 159
HIST 1243 155
HIST 1244 170
HIST 1245 144
HIST 1246 151
HIST 1247 158
HIST 1248 127
HIST 1249 155
HIST 1250 136
HIST 1251 132
HIST 1252 125
HIST 1253 152
HIST 1254 149
HIST 1255 153
HIST 1256 148
HIST 1257 167
HIST 1258 152
HIST 1259 161
HIST 1260 174
HIST 1261 180
HIST 1262 141
HIST 1263 142
HIST 1264 149
HIST 1265 136
HIST 1266 144
HIST 1267 163
HIST 1268 132
HIST 1269 153
HIST 1270 136
HIST 1271 150
HIST 1272 150
HIST 1273 160
HIST 1274 178
HIST 1275 142
HIST 1276 150
HIST 1277 137
HIST 1278 142
HIST 1279 141
HIST 1280 149
HIST 1281 124
HIST 1282 148
HIST 1283 167
HIST 1284 130
HIST 1285 141
HIST 1286 139
HIST 1287 144
HIST 1288 140
HIST 1289 164
HIST 1290 152
HIST 1291 136
HIST 1292 159
HIST 1293 147
HIST 1294 149
HIST 1295 165
HIST 1296 145
HIST 1297 133
HIST 1298 143
HIST 1299 176
HIST 1300 146
HIST 1301 163
HIST 1302 153
HIST 1303 151
HIST 1304 140
HIST 1305 165
HIST 1306 161
HIST 1307 161
HIST 1308 159
HIST 1309 157
HIST 1310 159
HIST 1311 153
HIST 1312 150
HIST 1313 139
HIST 1314 154
HIST 1315 148
HIST 1316 144
HIST 1317 151
HIST 1318 158
HIST 1319 155
HIST 1320 157
HIST 1321 158
HIST 1322 123
HIST 1323 144
HIST 1324 160
HIST 1325 128
HIST 1326 149
HIST 1327 154
HIST 1328 151
HIST 1329 117
HIST 1330 147
HIST 1331 154
HIST 1332 118
HIST 1333 149
HIST 1334 141
HIST 1335 146
HIST 1336 152
HIST 1337 172
HIST 1338 152
HIST 1339 158
HIST 1340 138
HIST 1341 159
HIST 1342 123
HIST 1343 133
HIST 1344 147
HIST 1345 147
HIST 1346 174
HIST 1347 163
HIST 1348 138
HIST 1349 146
HIST 1350 137
HIST 1351 146
HIST 1352 152
HIST 1353 167
HIST 1354 145
HIST 1355 136
HIST 1356 135
HIST 1357 163
HIST 1358 165
HIST 1359 160
HIST 1360 152
HIST 1361 138
HIST 1362 151
HIST 1363 155
HIST 1364 149
HIST 1365 137
HIST 1366 148
HIST 1367 159
HIST 1368 143
HIST 1369 152
HIST 1370 168
HIST 1371 136
HIST 1372 150
HIST 1373 160
HIST 1374 184
HIST 1375 164
HIST 1376 140
HIST 1377 149
HIST 1378 148
HIST 1379 148
HIST 1380 149
HIST 1381 147
HIST 1382 139
HIST 1383 151
HIST 1384 144
HIST 1385 158
HIST 1386 151
HIST 1387 145
HIST 1388 153
HIST 1389 150
HIST 1390 131
HIST 1391 150
HIST 1392 118
HIST 1393 163
HIST 1394 156
HIST 1395 170
HIST 1396 164
HIST 1397 152
HIST 1398 150
HIST 1399 163
HIST 1400 181
HIST 1401 158
HIST 1402 129
HIST 1403 147
HIST 1404 176
HIST 1405 141
HIST 1406 164
HIST 1407 176
HIST 1408 158
HIST 1409 173
HIST 1410 144
HIST 1411 158
HIST 1412 149
HIST 1413 142
HIST 1414 145
HIST 1415 171
HIST 1416 143
HIST 1417 162
HIST 1418 129
HIST 1419 154
HIST 1420 162
HIST 1421 135
HIST 1422 153
HIST 1423 181
HIST 1424 139
HIST 1425 145
HIST 1426 151
HIST 1427 148
HIST 1428 153
HIST 1429 163
HIST 1430 139
HIST 1431 138
HIST 1432 145
HIST 1433 156
HIST 1434 164
HIST 1435 167
HIST 1436 139
HIST 1437 159
HIST 1438 146
HIST 1439 158
HIST 1440 150
HIST 1441 136
HIST 1442 164
HIST 1443 139
HIST 1444 147
HIST 1445 153
HIST 1446 156
HIST 1447 144
HIST 1448 169
HIST 1449 146
HIST 1450 142
HIST 1451 163
HIST 1452 157
HIST 1453 143
HIST 1454 151
HIST 1455 144
HIST 1456 142
HIST 1457 183
HIST 1458 148
HIST 1459 151
HIST 1460 154
HIST 1461 147
HIST 1462 143
HIST 1463 161
HIST 1464 141
HIST 1465 157
HIST 1466 169
HIST 1467 116
HIST 1468 165
HIST 1469 150
HIST 1470 158
HIST 1471 144
HIST 1472 141
HIST 1473 169
HIST 1474 152
HIST 1475 156
HIST 1476 174
HIST 1477 138
HIST 1478 141
HIST 1479 155
HIST 1480 177
HIST 1481 152
HIST 1482 167
HIST 1483 141
HIST 1484 145
HIST 1485 157
HIST 1486 153
HIST 1487 138
HIST 1488 150
HIST 1489 143
HIST 1490 156
HIST 1491 137
HIST 1492 168
HIST 1493 159
HIST 1494 149
HIST 1495 144
HIST 1496 175
HIST 1497 145
HIST 1498 160
HIST 1499 168
HIST 1500 151
HIST 1501 152
HIST 1502 153
HIST 1503 142
HIST 1504 160
HIST 1505 153
HIST 1506 148
HIST 1507 154
HIST 1508 134
HIST 1509 180
HIST 1510 160
HIST 1511 164
HIST 1512 149
HIST 1513 156
HIST 1514 149
HIST 1515 141
HIST 1516 178
HIST 1517 172
HIST 1518 168
HIST 1519 150
HIST 1520 160
HIST 1521 146
HIST 1522 151
HIST 1523 134
HIST 1524 134
HIST 1525 157
HIST 1526 163
HIST 1527 158
HIST 1528 172
HIST 1529 150
HIST 1530 166
HIST 1531 148
HIST 1532 149
HIST 1533 165
HIST 1534 151
HIST 1535 157
HIST 1536 168
HIST 1537 164
HIST 1538 167
HIST 1539 169
HIST 1540 127
HIST 1541 155
HIST 1542 170
HIST 1543 155
HIST 1544 175
HIST 1545 157
HIST 1546 152
HIST 1547 164
HIST 1548 147
HIST 1549 138
HIST 1550 156
HIST 1551 158
HIST 1552 171
HIST 1553 171
HIST 1554 154
HIST 1555 144
HIST 1556 148
HIST 1557 159
HIST 1558 167
HIST 1559 156
HIST 1560 162
HIST 1561 164
HIST 1562 168
HIST 1563 167
HIST 1564 163
HIST 1565 154
HIST 1566 151
HIST 1567 139
HIST 1568 165
HIST 1569 155
HIST 1570 173
HIST 1571 159
HIST 1572 163
HIST 1573 142
HIST 1574 152
HIST 1575 161
HIST 1576 165
HIST 1577 159
HIST 1578 156
HIST 1579 145
HIST 1580 153
HIST 1581 150
HIST 1582 160
HIST 1583 174
HIST 1584 156
HIST 1585 163
HIST 1586 150
HIST 1587 147
HIST 1588 160
HIST 1589 158
HIST 1590 177
HIST 1591 165
HIST 1592 167
HIST 1593 9568
HIST 1594 180
HIST 1595 210
HIST 1596 208
HIST 1597 198
HIST 1598 210
HIST 1599 208
HIST 1600 221
HIST 1601 191
HIST 1602 210
HIST 1603 191
HIST 1604 216
HIST 1605 188
HIST 1606 211
HIST 1607 199
HIST 1608 225
HIST 1609 185
HIST 1610 211
HIST 1611 223
HIST 1612 166
HIST 1613 199
HIST 1614 204
HIST 1615 176
HIST 1616 228
HIST 1617 185
HIST 1618 189
HIST 1619 187
HIST 1620 192
HIST 1621 214
HIST 1622 225
HIST 1623 204
HIST 1624 180
HIST 1625 218
HIST 1626 185
HIST 1627 194
HIST 1628 196
HIST 1629 205
HIST 1630 202
HIST 1631 210
HIST 1632 197
HIST 1633 204
HIST 1634 213
HIST 1635 191
HIST 1636 203
HIST 1637 193
HIST 1638 203
HIST 1639 189
HIST 1640 209
HIST 1641 207
HIST 1642 211
HIST 1643 197
HIST 1644 185
HIST 1645 200
HIST 1646 198
HIST 1647 196
HIST 1648 193
HIST 1649 204
HIST 1650 209
HIST 1651 197
HIST 1652 213
HIST 1653 234
HIST 1654 203
HIST 1655 197
HIST 1656 204
HIST 1657 183
HIST 1658 246
HIST 1659 208
HIST 1660 202
HIST 1661 209
HIST 1662 218
HIST 1663 173
HIST 1664 215
HIST 1665 209
HIST 1666 219
HIST 1667 209
HIST 1668 223
HIST 1669 230
HIST 1670 190
HIST 1671 196
HIST 1672 209
HIST 1673 228
HIST 1674 199
HIST 1675 208
HIST 1676 225
HIST 1677 210
HIST 1678 203
HIST 1679 223
HIST 1680 211
HIST 1681 203
HIST 1682 216
HIST 1683 195
HIST 1684 200
HIST 1685 204
HIST 1686 189
HIST 1687 215
HIST 1688 196
HIST 1689 216
HIST 1690 183
HIST 1691 206
HIST 1692 219
HIST 1693 203
HIST 1694 208
HIST 1695 216
HIST 1696 218
HIST 1697 208
HIST 1698 201
HIST 1699 206
HIST 1700 199
HIST 1701 225
HIST 1702 184
HIST 1703 211
HIST 1704 189
HIST 1705 188
HIST 1706 192
HIST 1707 191
HIST 1708 189
HIST 1709 217
HIST 1710 212
HIST 1711 214
HIST 1712 245
HIST 1713 187
HIST 1714 215
HIST 1715 215
HIST 1716 193
HIST 1717 203
HIST 1718 216
HIST 1719 202
HIST 1720 209
HIST 1721 190
HIST 1722 190
HIST 1723 182
HIST 1724 190
HIST 1725 196
HIST 1726 208
HIST 1727 186
HIST 1728 197
HIST 1729 198
HIST 1730 200
HIST 1731 193
HIST 1732 207
HIST 1733 224
HIST 1734 201
HIST 1735 214
HIST 1736 171
HIST 1737 202
HIST 1738 210
HIST 1739 221
HIST 1740 199
HIST 1741 212
HIST 1742 213
HIST 1743 226
HIST 1744 203
HIST 1745 203
HIST 1746 222
HIST 1747 192
HIST 1748 219
HIST 1749 196
HIST 1750 188
HIST 1751 201
HIST 1752 168
HIST 1753 178
HIST 1754 199
HIST 1755 196
HIST 1756 208
HIST 1757 191
HIST 1758 225
HIST 1759 217
HIST 1760 183
HIST 1761 218
HIST 1762 198
HIST 1763 213
HIST 1764 189
HIST 1765 214
HIST 1766 191
HIST 1767 218
HIST 1768 220
HIST 1769 184
HIST 1770 215
HIST 1771 217
HIST 1772 213
HIST 1773 230
HIST 1774 210
HIST 1775 191
HIST 1776 232
HIST 1777 217
HIST 1778 236
HIST 1779 216
HIST 1780 213
HIST 1781 216
HIST 1782 251
HIST 1783 212
HIST 1784 212
HIST 1785 222
HIST 1786 192
HIST 1787 231
HIST 1788 227
HIST 1789 204
HIST 1790 221
HIST 1791 212
HIST 1792 194
HIST 1793 210
HIST 1794 200
HIST 1795 238
HIST 1796 216
HIST 1797 228
HIST 1798 199
HIST 1799 203
HIST 1800 199
HIST 1801 208
HIST 1802 203
HIST 1803 219
HIST 1804 245
HIST 1805 257
HIST 1806 224
HIST 1807 199
HIST 1808 209
HIST 1809 229
HIST 1810 199
HIST 1811 189
HIST 1812 223
HIST 1813 204
HIST 1814 203
HIST 1815 227
HIST 1816 203
HIST 1817 215
HIST 1818 232
HIST 1819 209
HIST 1820 199
HIST 1821 221
HIST 1822 196
HIST 1823 192
HIST 1824 181
HIST 1825 216
HIST 1826 224
HIST 1827 228
HIST 1828 236
HIST 1829 225
HIST 1830 219
HIST 1831 198
HIST 1832 223
HIST 1833 221
HIST 1834 178
HIST 1835 245
HIST 1836 227
HIST 1837 218
HIST 1838 247
HIST 1839 207
HIST 1840 214
HIST 1841 219
HIST 1842 234
HIST 1843 203
HIST 1844 194
HIST 1845 224
HIST 1846 224
HIST 1847 232
HIST 1848 203
HIST 1849 211
HIST 1850 189
HIST 1851 234
HIST 1852 219
HIST 1853 210
HIST 1854 203
HIST 1855 205
HIST 1856 216
HIST 1857 222
HIST 1858 199
HIST 1859 203
HIST 1860 210
HIST 1861 219
HIST 1862 227
HIST 1863 209
HIST 1864 205
HIST 1865 237
HIST 1866 225
HIST 1867 228
HIST 1868 228
HIST 1869 188
HIST 1870 216
HIST 1871 228
HIST 1872 222
HIST 1873 230
HIST 1874 246
HIST 1875 194
HIST 1876 220
HIST 1877 207
HIST 1878 207
HIST 1879 224
HIST 1880 212
HIST 1881 209
HIST 1882 234
HIST 1883 204
HIST 1884 226
HIST 1885 220
HIST 1886 221
HIST 1887 206
HIST 1888 216
HIST 1889 209
HIST 1890 199
HIST 1891 205
HIST 1892 219
HIST 1893 213
HIST 1894 254
HIST 1895 220
HIST 1896 203
HIST 1897 216
HIST 1898 240
HIST 1899 194
HIST 1900 212
HIST 1901 198
HIST 1902 246
HIST 1903 198
HIST 1904 217
HIST 1905 209
HIST 1906 216
HIST 1907 214
HIST 1908 186
HIST 1909 196
HIST 1910 214
HIST 1911 199
HIST 1912 204
HIST 1913 213
HIST 1914 213
HIST 1915 216
HIST 1916 230
HIST 1917 212
HIST 1918 214
HIST 1919 236
HIST 1920 205
HIST 1921 216
HIST 1922 231
HIST 1923 204
HIST 1924 221
HIST 1925 218
HIST 1926 219
HIST 1927 226
HIST 1928 199
HIST 1929 197
HIST 1930 219
HIST 1931 212
HIST 1932 194
HIST 1933 192
HIST 1934 218
HIST 1935 221
HIST 1936 218
HIST 1937 215
HIST 1938 202
HIST 1939 204
HIST 1940 200
HIST 1941 196
HIST 1942 196
HIST 1943 201
HIST 1944 212
HIST 1945 169
HIST 1946 200
HIST 1947 249
HIST 1948 184
HIST 1949 177
HIST 1950 182
HIST 1951 200
HIST 1952 206
HIST 1953 222
HIST 1954 207
HIST 1955 189
HIST 1956 207
HIST 1957 209
HIST 1958 171
HIST 1959 199
HIST 1960 197
HIST 1961 187
HIST 1962 202
HIST 1963 213
HIST 1964 168
HIST 1965 204
HIST 1966 209
HIST 1967 192
HIST 1968 198
HIST 1969 209
HIST 1970 208
HIST 1971 219
HIST 1972 205
HIST 1973 200
HIST 1974 221
HIST 1975 178
HIST 1976 211
HIST 1977 198
HIST 1978 214
HIST 1979 202
HIST 1980 210
HIST 1981 217
HIST 1982 186
HIST 1983 179
HIST 1984 194
HIST 1985 220
HIST 1986 177
HIST 1987 191
HIST 1988 228
HIST 1989 228
HIST 1990 216
HIST 1991 206
HIST 1992 205
HIST 1993 213
HIST 1994 180
HIST 1995 232
HIST 1996 197
HIST 1997 229
HIST 1998 216
HIST 1999 221
HIST 2000 207
HIST 2001 209
HIST 2002 219
HIST 2003 189
HIST 2004 185
HIST 2005 225
HIST 2006 190
HIST 2007 213
HIST 2008 183
HIST 2009 210
HIST 2010 191
HIST 2011 215
HIST 2012 197
HIST 2013 214
HIST 2014 207
HIST 2015 217
HIST 2016 223
HIST 2017 192
HIST 2018 209
HIST 2019 219
HIST 2020 214
HIST 2021 223
HIST 2022 200
HIST 2023 203
HIST 2024 183
HIST 2025 215
HIST 2026 213
HIST 2027 236
HIST 2028 232
HIST 2029 189
HIST 2030 223
HIST 2031 196
HIST 2032 216
HIST 2033 211
HIST 2034 233
HIST 2035 219
HIST 2036 206
HIST 2037 214
HIST 2038 223
HIST 2039 221
HIST 2040 188
HIST 2041 221
HIST 2042 199
HIST 2043 202
HIST 2044 211
HIST 2045 196
HIST 2046 227
HIST 2047 213
HIST 2048 222
HIST 2049 205
HIST 2050 219
HIST 2051 242
HIST 2052 198
HIST 2053 217
HIST 2054 237
HIST 2055 205
HIST 2056 184
HIST 2057 208
HIST 2058 220
HIST 2059 218
HIST 2060 230
HIST 2061 217
HIST 2062 202
HIST 2063 244
HIST 2064 212
HIST 2065 221
HIST 2066 230
HIST 2067 196
HIST 2068 199
HIST 2069 207
HIST 2070 205
HIST 2071 217
HIST 2072 220
HIST 2073 194
HIST 2074 183
HIST 2075 283
HIST 2076 234
HIST 2077 242
HIST 2078 228
HIST 2079 248
HIST 2080 248
HIST 2081 205
HIST 2082 227
HIST 2083 213
HIST 2084 209
HIST 2085 226
HIST 2086 220
HIST 2087 195
HIST 2088 218
HIST 2089 217
HIST 2090 216
HIST 2091 221
HIST 2092 236
HIST 2093 211
HIST 2094 230
HIST 2095 227
HIST 2096 251
HIST 2097 221
HIST 2098 268
HIST 2099 215
HIST 2100 191
HIST 2101 240
HIST 2102 230
HIST 2103 226
HIST 2104 25164
HIST 2105 238
HIST 2106 270
HIST 2107 261
HIST 2108 252
HIST 2109 238
HIST 2110 274
HIST 2111 280
HIST 2112 255
HIST 2113 241
HIST 2114 269
HIST 2115 254
HIST 2116 261
HIST 2117 301
HIST 2118 281
HIST 2119 241
HIST 2120 274
HIST 2121 301
HIST 2122 267
HIST 2123 279
HIST 2124 279
HIST 2125 258
HIST 2126 261
HIST 2127 279
HIST 2128 276
HIST 2129 262
HIST 2130 288
HIST 2131 249
HIST 2132 286
HIST 2133 273
HIST 2134 280
HIST 2135 288
HIST 2136 288
HIST 2137 250
HIST 2138 256
HIST 2139 295
HIST 2140 295
HIST 2141 256
HIST 2142 265
HIST 2143 247
HIST 2144 269
HIST 2145 278
HIST 2146 284
HIST 2147 258
HIST 2148 276
HIST 2149 269
HIST 2150 282
HIST 2151 257
HIST 2152 250
HIST 2153 246
HIST 2154 251
HIST 2155 287
HIST 2156 295
HIST 2157 251
HIST 2158 268
HIST 2159 264
HIST 2160 291
HIST 2161 273
HIST 2162 263
HIST 2163 269
HIST 2164 261
HIST 2165 240
HIST 2166 241
HIST 2167 272
HIST 2168 260
HIST 2169 235
HIST 2170 275
HIST 2171 280
HIST 2172 281
HIST 2173 251
HIST 2174 281
HIST 2175 266
HIST 2176 286
HIST 2177 289
HIST 2178 255
HIST 2179 280
HIST 2180 272
HIST 2181 272
HIST 2182 252
HIST 2183 286
HIST 2184 245
HIST 2185 274
HIST 2186 264
HIST 2187 247
HIST 2188 249
HIST 2189 270
HIST 2190 273
HIST 2191 277
HIST 2192 287
HIST 2193 291
HIST 2194 260
HIST 2195 280
HIST 2196 302
HIST 2197 278
HIST 2198 283
HIST 2199 267
HIST 2200 274
HIST 2201 301
HIST 2202 293
HIST 2203 254
HIST 2204 302
HIST 2205 270
HIST 2206 287
HIST 2207 284
HIST 2208 276
HIST 2209 273
HIST 2210 274
HIST 2211 282
HIST 2212 251
HIST 2213 331
HIST 2214 253
HIST 2215 302
HIST 2216 286
HIST 2217 272
HIST 2218 291
HIST 2219 280
HIST 2220 307
HIST 2221 295
HIST 2222 295
HIST 2223 288
HIST 2224 281
HIST 2225 290
HIST 2226 282
HIST 2227 278
HIST 2228 298
HIST 2229 297
HIST 2230 322
HIST 2231 274
HIST 2232 316
HIST 2233 295
HIST 2234 273
HIST 2235 276
HIST 2236 281
HIST 2237 287
HIST 2238 290
HIST 2239 271
HIST 2240 281
HIST 2241 290
HIST 2242 297
HIST 2243 298
HIST 2244 297
HIST 2245 300
HIST 2246 303
HIST 2247 277
HIST 2248 318
HIST 2249 289
HIST 2250 305
HIST 2251 289
HIST 2252 291
HIST 2253 293
HIST 2254 300
HIST 2255 303
HIST 2256 310
HIST 2257 290
HIST 2258 296
HIST 2259 273
HIST 2260 316
HIST 2261 315
HIST 2262 297
HIST 2263 300
HIST 2264 284
HIST 2265 291
HIST 2266 283
HIST 2267 281
HIST 2268 286
HIST 2269 293
HIST 2270 271
HIST 2271 311
HIST 2272 306
HIST 2273 266
HIST 2274 302
HIST 2275 312
HIST 2276 320
HIST 2277 324
HIST 2278 297
HIST 2279 345
HIST 2280 292
HIST 2281 320
HIST 2282 280
HIST 2283 336
HIST 2284 290
HIST 2285 294
HIST 2286 305
HIST 2287 316
HIST 2288 324
HIST 2289 301
HIST 2290 333
HIST 2291 326
HIST 2292 307
HIST 2293 302
HIST 2294 330
HIST 2295 309
HIST 2296 291
HIST 2297 324
HIST 2298 310
HIST 2299 315
HIST 2300 284
HIST 2301 329
HIST 2302 292
HIST 2303 321
HIST 2304 320
HIST 2305 308
HIST 2306 323
HIST 2307 341
HIST 2308 284
HIST 2309 309
HIST 2310 314
HIST 2311 301
HIST 2312 306
HIST 2313 310
HIST 2314 338
HIST 2315 285
HIST 2316 273
HIST 2317 318
HIST 2318 310
HIST 2319 305
HIST 2320 302
HIST 2321 305
HIST 2322 358
HIST 2323 344
HIST 2324 300
HIST 2325 325
HIST 2326 322
HIST 2327 329
HIST 2328 346
HIST 2329 331
HIST 2330 283
HIST 2331 294
HIST 2332 347
HIST 2333 346
HIST 2334 312
HIST 2335 297
HIST 2336 346
HIST 2337 331
HIST 2338 343
HIST 2339 323
HIST 2340 309
HIST 2341 326
HIST 2342 321
HIST 2343 300
HIST 2344 313
HIST 2345 348
HIST 2346 359
HIST 2347 332
HIST 2348 348
HIST 2349 325
HIST 2350 313
HIST 2351 341
HIST 2352 357
HIST 2353 326
HIST 2354 313
HIST 2355 347
HIST 2356 311
HIST 2357 318
HIST 2358 317
HIST 2359 302
HIST 2360 362
HIST 2361 328
HIST 2362 346
HIST 2363 320
HIST 2364 321
HIST 2365 307
HIST 2366 331
HIST 2367 318
HIST 2368 308
HIST 2369 291
HIST 2370 329
HIST 2371 331
HIST 2372 304
HIST 2373 326
HIST 2374 284
HIST 2375 299
HIST 2376 322
HIST 2377 311
HIST 2378 303
HIST 2379 310
HIST 2380 295
HIST 2381 284
HIST 2382 279
HIST 2383 243
HIST 2384 193
HIST 2385 213
HIST 2386 209
HIST 2387 201
HIST 2388 196
HIST 2389 187
HIST 2390 183
HIST 2391 177
HIST 2392 193
HIST 2393 174
HIST 2394 165
HIST 2395 170
HIST 2396 176
HIST 2397 157
HIST 2398 167
HIST 2399 168
HIST 2400 178
HIST 2401 159
HIST 2402 174
HIST 2403 148
HIST 2404 157
HIST 2405 121
HIST 2406 154
HIST 2407 152
HIST 2408 137
HIST 2409 147
HIST 2410 151
HIST 2411 128
HIST 2412 135
HIST 2413 110
HIST 2414 136
HIST 2415 128
HIST 2416 140
HIST 2417 114
HIST 2418 107
HIST 2419 114
HIST 2420 119
HIST 2421 114
HIST 2422 109
HIST 2423 111
HIST 2424 104
HIST 2425 121
HIST 2426 120
HIST 2427 106
HIST 2428 106
HIST 2429 111
HIST 2430 109
HIST 2431 99
HIST 2432 107
HIST 2433 109
HIST 2434 96
HIST 2435 98
HIST 2436 93
HIST 2437 70
HIST 2438 82
HIST 2439 94
HIST 2440 109
HIST 2441 101
HIST 2442 96
HIST 2443 76
HIST 2444 80
HIST 2445 98
HIST 2446 75
HIST 2447 71
HIST 2448 77
HIST 2449 74
HIST 2450 77
HIST 2451 74
HIST 2452 62
HIST 2453 55
HIST 2454 61
HIST 2455 74
HIST 2456 63
HIST 2457 58
HIST 2458 66
HIST 2459 52
HIST 2460 59
HIST 2461 48
HIST 2462 81
HIST 2463 66
HIST 2464 60
HIST 2465 55
HIST 2466 59
HIST 2467 44
HIST 2468 51
HIST 2469 47
HIST 2470 56
HIST 2471 40
HIST 2472 59
HIST 2473 52
HIST 2474 48
HIST 2475 60
HIST 2476 51
HIST 2477 43
HIST 2478 42
HIST 2479 48
HIST 2480 35
HIST 2481 30
HIST 2482 41
HIST 2483 44
HIST 2484 51
HIST 2485 39
HIST 2486 42
HIST 2487 37
HIST 2488 35
HIST 2489 33
HIST 2490 31
HIST 2491 26
HIST 2492 38
HIST 2493 33
HIST 2494 26
HIST 2495 41
HIST 2496 44
HIST 2497 44
HIST 2498 42
HIST 2499 34
HIST 2500 35
HIST 2501 34
HIST 2502 29
HIST 2503 36
HIST 2504 34
HIST 2505 31
HIST 2506 29
HIST 2507 26
HIST 2508 29
HIST 2509 28
HIST 2510 32
HIST 2511 20
HIST 2512 34
HIST 2513 27
HIST 2514 27
HIST 2515 29
HIST 2516 24
HIST 2517 22
HIST 2518 22
HIST 2519 24
HIST 2520 23
HIST 2521 15
HIST 2522 17
HIST 2523 29
HIST 2524 30
HIST 2525 28
HIST 2526 32
HIST 2527 29
HIST 2528 19
HIST 2529 28
HIST 2530 21
HIST 2531 19
HIST 2532 13
HIST 2533 20
HIST 2534 22
HIST 2535 16
HIST 2536 18
HIST 2537 22
HIST 2538 13
HIST 2539 19
HIST 2540 14
HIST 2541 19
HIST 2542 14
HIST 2543 25
HIST 2544 18
HIST 2545 22
HIST 2546 19
HIST 2547 15
HIST 2548 14
HIST 2549 17
HIST 2550 17
HIST 2551 19
HIST 2552 14
HIST 2553 10
HIST 2554 15
HIST 2555 7
HIST 2556 15
HIST 2557 19
HIST 2558 15
HIST 2559 13
HIST 2560 20
HIST 2561 13
HIST 2562 11
HIST 2563 21
HIST 2564 12
HIST 2565 15
HIST 2566 11
HIST 2567 12
HIST 2568 13
HIST 2569 13
HIST 2570 14
HIST 2571 10
HIST 2572 8
HIST 2573 9
HIST 2574 9
HIST 2575 19
HIST 2576 15
HIST 2577 13
HIST 2578 16
HIST 2579 9
HIST 2580 8
HIST 2581 34
HIST 2582 74
HIST 2583 11
HIST 2584 12
HIST 2585 14
HIST 2586 273
HIST 2587 7
HIST 2588 9
HIST 2589 11
HIST 2590 12
HIST 2591 12
HIST 2592 10
HIST 2593 14
HIST 2594 14
HIST 2595 4
HIST 2596 8
HIST 2597 8
HIST 2598 15
HIST 2599 18
HIST 2600 8
HIST 2601 13
HIST 2602 10
HIST 2603 8
HIST 2604 11
HIST 2605 9
HIST 2606 12
HIST 2607 8
HIST 2608 11
HIST 2609 6
HIST 2610 10
HIST 2611 18
HIST 2612 17
HIST 2613 8
HIST 2614 7
HIST 2615 124377
HISTEND
