SETUP correlatedGamma=0 twoJmax=10 vacuum=1 seed=0 killesc=0 killcarry=0 fullcarry=0
CUTS (production thresholds per material couple):
 Material : G4_Galactic
 Range cuts        :  gamma  1 mm     e-  1 mm     e+  1 mm  proton 1 mm 
 Energy thresholds :  gamma  990 eV     e-  990 eV     e+  990 eV  proton 100 keV
 Material : scene_mat_1
 Range cuts        :  gamma  1 mm     e-  1 mm     e+  1 mm  proton 1 mm 
 Energy thresholds :  gamma  38.9651 keV    e-  738.26 keV    e+  703.709 keV proton 100 keV
 Material : scene_mat_0
 Range cuts        :  gamma  1 mm     e-  1 mm     e+  1 mm  proton 1 mm 
 Energy thresholds :  gamma  29.856 keV    e-  620.515 keV    e+  592.153 keV proton 100 keV
RESULT decays=8000000
RESULT any=663902 eps_total=8.298775e-02
RESULT window=2614.511 counts=129623 eps=1.620287e-02
HISTBEGIN bins=2616 bin_kev=1.000000 decays=8000000
HIST 0 60
HIST 1 194
HIST 2 172
HIST 3 168
HIST 4 187
HIST 5 252
HIST 6 217
HIST 7 227
HIST 8 221
HIST 9 196
HIST 10 190
HIST 11 195
HIST 12 195
HIST 13 218
HIST 14 207
HIST 15 225
HIST 16 229
HIST 17 220
HIST 18 204
HIST 19 220
HIST 20 195
HIST 21 210
HIST 22 242
HIST 23 201
HIST 24 216
HIST 25 184
HIST 26 193
HIST 27 195
HIST 28 208
HIST 29 194
HIST 30 234
HIST 31 199
HIST 32 516
HIST 33 516
HIST 34 237
HIST 35 203
HIST 36 315
HIST 37 243
HIST 38 243
HIST 39 212
HIST 40 220
HIST 41 240
HIST 42 203
HIST 43 198
HIST 44 221
HIST 45 199
HIST 46 204
HIST 47 235
HIST 48 193
HIST 49 204
HIST 50 204
HIST 51 243
HIST 52 208
HIST 53 213
HIST 54 210
HIST 55 217
HIST 56 216
HIST 57 211
HIST 58 238
HIST 59 203
HIST 60 214
HIST 61 194
HIST 62 232
HIST 63 235
HIST 64 236
HIST 65 248
HIST 66 234
HIST 67 218
HIST 68 226
HIST 69 226
HIST 70 230
HIST 71 209
HIST 72 213
HIST 73 254
HIST 74 204
HIST 75 253
HIST 76 229
HIST 77 267
HIST 78 221
HIST 79 227
HIST 80 218
HIST 81 216
HIST 82 226
HIST 83 233
HIST 84 247
HIST 85 232
HIST 86 217
HIST 87 233
HIST 88 288
HIST 89 218
HIST 90 756
HIST 91 199
HIST 92 229
HIST 93 240
HIST 94 1159
HIST 95 249
HIST 96 234
HIST 97 239
HIST 98 232
HIST 99 215
HIST 100 233
HIST 101 225
HIST 102 222
HIST 103 242
HIST 104 215
HIST 105 387
HIST 106 520
HIST 107 238
HIST 108 233
HIST 109 358
HIST 110 250
HIST 111 201
HIST 112 203
HIST 113 221
HIST 114 229
HIST 115 240
HIST 116 227
HIST 117 222
HIST 118 215
HIST 119 209
HIST 120 222
HIST 121 217
HIST 122 201
HIST 123 201
HIST 124 210
HIST 125 196
HIST 126 242
HIST 127 223
HIST 128 252
HIST 129 256
HIST 130 228
HIST 131 230
HIST 132 238
HIST 133 242
HIST 134 225
HIST 135 232
HIST 136 251
HIST 137 219
HIST 138 209
HIST 139 229
HIST 140 253
HIST 141 227
HIST 142 234
HIST 143 242
HIST 144 242
HIST 145 235
HIST 146 242
HIST 147 212
HIST 148 212
HIST 149 244
HIST 150 222
HIST 151 237
HIST 152 253
HIST 153 229
HIST 154 252
HIST 155 234
HIST 156 223
HIST 157 217
HIST 158 220
HIST 159 263
HIST 160 234
HIST 161 263
HIST 162 269
HIST 163 232
HIST 164 243
HIST 165 229
HIST 166 245
HIST 167 241
HIST 168 217
HIST 169 222
HIST 170 202
HIST 171 233
HIST 172 235
HIST 173 215
HIST 174 217
HIST 175 206
HIST 176 258
HIST 177 236
HIST 178 220
HIST 179 260
HIST 180 259
HIST 181 221
HIST 182 224
HIST 183 208
HIST 184 232
HIST 185 247
HIST 186 280
HIST 187 225
HIST 188 266
HIST 189 217
HIST 190 236
HIST 191 227
HIST 192 223
HIST 193 217
HIST 194 264
HIST 195 224
HIST 196 225
HIST 197 236
HIST 198 258
HIST 199 244
HIST 200 243
HIST 201 258
HIST 202 238
HIST 203 240
HIST 204 242
HIST 205 224
HIST 206 247
HIST 207 275
HIST 208 246
HIST 209 291
HIST 210 254
HIST 211 264
HIST 212 276
HIST 213 247
HIST 214 256
HIST 215 232
HIST 216 271
HIST 217 232
HIST 218 225
HIST 219 246
HIST 220 236
HIST 221 205
HIST 222 246
HIST 223 220
HIST 224 243
HIST 225 236
HIST 226 225
HIST 227 244
HIST 228 236
HIST 229 250
HIST 230 244
HIST 231 245
HIST 232 230
HIST 233 263
HIST 234 262
HIST 235 287
HIST 236 278
HIST 237 253
HIST 238 264
HIST 239 963
HIST 240 268
HIST 241 322
HIST 242 282
HIST 243 291
HIST 244 283
HIST 245 239
HIST 246 287
HIST 247 274
HIST 248 282
HIST 249 271
HIST 250 254
HIST 251 275
HIST 252 273
HIST 253 273
HIST 254 302
HIST 255 299
HIST 256 263
HIST 257 248
HIST 258 284
HIST 259 278
HIST 260 263
HIST 261 254
HIST 262 276
HIST 263 283
HIST 264 291
HIST 265 269
HIST 266 306
HIST 267 286
HIST 268 286
HIST 269 282
HIST 270 340
HIST 271 264
HIST 272 285
HIST 273 295
HIST 274 279
HIST 275 274
HIST 276 290
HIST 277 313
HIST 278 295
HIST 279 303
HIST 280 299
HIST 281 250
HIST 282 281
HIST 283 286
HIST 284 298
HIST 285 265
HIST 286 274
HIST 287 285
HIST 288 261
HIST 289 255
HIST 290 267
HIST 291 265
HIST 292 277
HIST 293 308
HIST 294 283
HIST 295 279
HIST 296 297
HIST 297 265
HIST 298 282
HIST 299 306
HIST 300 295
HIST 301 261
HIST 302 282
HIST 303 309
HIST 304 266
HIST 305 291
HIST 306 265
HIST 307 287
HIST 308 252
HIST 309 282
HIST 310 284
HIST 311 250
HIST 312 273
HIST 313 283
HIST 314 258
HIST 315 294
HIST 316 277
HIST 317 252
HIST 318 296
HIST 319 251
HIST 320 253
HIST 321 284
HIST 322 241
HIST 323 276
HIST 324 253
HIST 325 257
HIST 326 231
HIST 327 273
HIST 328 298
HIST 329 280
HIST 330 280
HIST 331 269
HIST 332 280
HIST 333 240
HIST 334 282
HIST 335 285
HIST 336 261
HIST 337 241
HIST 338 452
HIST 339 257
HIST 340 260
HIST 341 286
HIST 342 234
HIST 343 238
HIST 344 210
HIST 345 263
HIST 346 245
HIST 347 255
HIST 348 235
HIST 349 240
HIST 350 241
HIST 351 250
HIST 352 254
HIST 353 260
HIST 354 238
HIST 355 257
HIST 356 246
HIST 357 255
HIST 358 228
HIST 359 225
HIST 360 244
HIST 361 241
HIST 362 235
HIST 363 256
HIST 364 233
HIST 365 234
HIST 366 225
HIST 367 265
HIST 368 237
HIST 369 230
HIST 370 219
HIST 371 227
HIST 372 259
HIST 373 230
HIST 374 244
HIST 375 236
HIST 376 199
HIST 377 210
HIST 378 242
HIST 379 243
HIST 380 234
HIST 381 229
HIST 382 233
HIST 383 213
HIST 384 228
HIST 385 213
HIST 386 219
HIST 387 226
HIST 388 219
HIST 389 244
HIST 390 222
HIST 391 207
HIST 392 235
HIST 393 197
HIST 394 242
HIST 395 243
HIST 396 210
HIST 397 230
HIST 398 208
HIST 399 218
HIST 400 213
HIST 401 214
HIST 402 214
HIST 403 242
HIST 404 194
HIST 405 229
HIST 406 249
HIST 407 217
HIST 408 223
HIST 409 239
HIST 410 210
HIST 411 201
HIST 412 224
HIST 413 216
HIST 414 207
HIST 415 216
HIST 416 189
HIST 417 219
HIST 418 203
HIST 419 211
HIST 420 211
HIST 421 183
HIST 422 201
HIST 423 218
HIST 424 209
HIST 425 222
HIST 426 229
HIST 427 214
HIST 428 205
HIST 429 239
HIST 430 205
HIST 431 194
HIST 432 223
HIST 433 196
HIST 434 209
HIST 435 188
HIST 436 187
HIST 437 229
HIST 438 208
HIST 439 211
HIST 440 186
HIST 441 203
HIST 442 193
HIST 443 209
HIST 444 192
HIST 445 209
HIST 446 232
HIST 447 179
HIST 448 233
HIST 449 203
HIST 450 191
HIST 451 207
HIST 452 202
HIST 453 189
HIST 454 215
HIST 455 189
HIST 456 219
HIST 457 211
HIST 458 186
HIST 459 202
HIST 460 187
HIST 461 183
HIST 462 203
HIST 463 238
HIST 464 182
HIST 465 177
HIST 466 154
HIST 467 212
HIST 468 193
HIST 469 181
HIST 470 161
HIST 471 207
HIST 472 185
HIST 473 196
HIST 474 192
HIST 475 179
HIST 476 194
HIST 477 189
HIST 478 213
HIST 479 182
HIST 480 173
HIST 481 187
HIST 482 185
HIST 483 214
HIST 484 185
HIST 485 195
HIST 486 212
HIST 487 201
HIST 488 197
HIST 489 180
HIST 490 204
HIST 491 206
HIST 492 185
HIST 493 183
HIST 494 208
HIST 495 170
HIST 496 180
HIST 497 198
HIST 498 201
HIST 499 211
HIST 500 203
HIST 501 181
HIST 502 182
HIST 503 187
HIST 504 184
HIST 505 168
HIST 506 184
HIST 507 174
HIST 508 180
HIST 509 159
HIST 510 171
HIST 511 10384
HIST 512 166
HIST 513 179
HIST 514 172
HIST 515 167
HIST 516 154
HIST 517 180
HIST 518 171
HIST 519 174
HIST 520 196
HIST 521 191
HIST 522 208
HIST 523 174
HIST 524 155
HIST 525 157
HIST 526 179
HIST 527 191
HIST 528 191
HIST 529 163
HIST 530 186
HIST 531 173
HIST 532 182
HIST 533 168
HIST 534 176
HIST 535 174
HIST 536 177
HIST 537 164
HIST 538 175
HIST 539 212
HIST 540 177
HIST 541 182
HIST 542 201
HIST 543 188
HIST 544 165
HIST 545 180
HIST 546 183
HIST 547 158
HIST 548 167
HIST 549 161
HIST 550 185
HIST 551 185
HIST 552 195
HIST 553 161
HIST 554 171
HIST 555 174
HIST 556 156
HIST 557 164
HIST 558 165
HIST 559 165
HIST 560 174
HIST 561 162
HIST 562 177
HIST 563 167
HIST 564 157
HIST 565 160
HIST 566 162
HIST 567 159
HIST 568 185
HIST 569 161
HIST 570 173
HIST 571 181
HIST 572 159
HIST 573 161
HIST 574 181
HIST 575 161
HIST 576 185
HIST 577 195
HIST 578 181
HIST 579 173
HIST 580 190
HIST 581 179
HIST 582 165
HIST 583 422
HIST 584 153
HIST 585 175
HIST 586 174
HIST 587 158
HIST 588 172
HIST 589 170
HIST 590 159
HIST 591 154
HIST 592 168
HIST 593 156
HIST 594 149
HIST 595 163
HIST 596 184
HIST 597 166
HIST 598 167
HIST 599 146
HIST 600 174
HIST 601 181
HIST 602 174
HIST 603 159
HIST 604 142
HIST 605 184
HIST 606 182
HIST 607 156
HIST 608 142
HIST 609 153
HIST 610 180
HIST 611 163
HIST 612 170
HIST 613 163
HIST 614 147
HIST 615 166
HIST 616 168
HIST 617 161
HIST 618 150
HIST 619 170
HIST 620 161
HIST 621 191
HIST 622 161
HIST 623 160
HIST 624 172
HIST 625 172
HIST 626 171
HIST 627 169
HIST 628 152
HIST 629 173
HIST 630 155
HIST 631 166
HIST 632 155
HIST 633 148
HIST 634 151
HIST 635 160
HIST 636 179
HIST 637 131
HIST 638 145
HIST 639 152
HIST 640 163
HIST 641 166
HIST 642 159
HIST 643 143
HIST 644 155
HIST 645 158
HIST 646 152
HIST 647 164
HIST 648 137
HIST 649 143
HIST 650 174
HIST 651 189
HIST 652 184
HIST 653 163
HIST 654 152
HIST 655 148
HIST 656 146
HIST 657 153
HIST 658 175
HIST 659 158
HIST 660 157
HIST 661 123
HIST 662 170
HIST 663 155
HIST 664 164
HIST 665 140
HIST 666 151
HIST 667 172
HIST 668 143
HIST 669 172
HIST 670 151
HIST 671 153
HIST 672 150
HIST 673 177
HIST 674 150
HIST 675 153
HIST 676 175
HIST 677 158
HIST 678 168
HIST 679 156
HIST 680 160
HIST 681 153
HIST 682 149
HIST 683 142
HIST 684 149
HIST 685 157
HIST 686 158
HIST 687 156
HIST 688 146
HIST 689 156
HIST 690 154
HIST 691 153
HIST 692 143
HIST 693 156
HIST 694 157
HIST 695 162
HIST 696 142
HIST 697 135
HIST 698 143
HIST 699 183
HIST 700 174
HIST 701 138
HIST 702 146
HIST 703 166
HIST 704 151
HIST 705 131
HIST 706 163
HIST 707 140
HIST 708 159
HIST 709 150
HIST 710 182
HIST 711 176
HIST 712 139
HIST 713 153
HIST 714 170
HIST 715 149
HIST 716 162
HIST 717 162
HIST 718 139
HIST 719 140
HIST 720 171
HIST 721 185
HIST 722 156
HIST 723 147
HIST 724 190
HIST 725 149
HIST 726 156
HIST 727 188
HIST 728 137
HIST 729 147
HIST 730 149
HIST 731 152
HIST 732 151
HIST 733 149
HIST 734 156
HIST 735 164
HIST 736 167
HIST 737 152
HIST 738 145
HIST 739 158
HIST 740 157
HIST 741 158
HIST 742 146
HIST 743 148
HIST 744 174
HIST 745 136
HIST 746 159
HIST 747 170
HIST 748 169
HIST 749 159
HIST 750 244
HIST 751 130
HIST 752 148
HIST 753 156
HIST 754 170
HIST 755 145
HIST 756 153
HIST 757 137
HIST 758 137
HIST 759 141
HIST 760 165
HIST 761 152
HIST 762 148
HIST 763 169
HIST 764 138
HIST 765 157
HIST 766 168
HIST 767 146
HIST 768 151
HIST 769 159
HIST 770 165
HIST 771 170
HIST 772 166
HIST 773 129
HIST 774 146
HIST 775 125
HIST 776 131
HIST 777 146
HIST 778 144
HIST 779 150
HIST 780 143
HIST 781 153
HIST 782 164
HIST 783 158
HIST 784 150
HIST 785 138
HIST 786 146
HIST 787 176
HIST 788 162
HIST 789 143
HIST 790 141
HIST 791 125
HIST 792 133
HIST 793 119
HIST 794 133
HIST 795 185
HIST 796 119
HIST 797 130
HIST 798 134
HIST 799 144
HIST 800 124
HIST 801 139
HIST 802 141
HIST 803 149
HIST 804 137
HIST 805 145
HIST 806 140
HIST 807 151
HIST 808 166
HIST 809 164
HIST 810 139
HIST 811 152
HIST 812 140
HIST 813 149
HIST 814 145
HIST 815 149
HIST 816 135
HIST 817 136
HIST 818 162
HIST 819 174
HIST 820 142
HIST 821 147
HIST 822 170
HIST 823 128
HIST 824 155
HIST 825 134
HIST 826 135
HIST 827 166
HIST 828 133
HIST 829 146
HIST 830 145
HIST 831 162
HIST 832 160
HIST 833 157
HIST 834 138
HIST 835 144
HIST 836 173
HIST 837 179
HIST 838 141
HIST 839 168
HIST 840 166
HIST 841 132
HIST 842 130
HIST 843 130
HIST 844 130
HIST 845 147
HIST 846 121
HIST 847 141
HIST 848 150
HIST 849 154
HIST 850 156
HIST 851 152
HIST 852 145
HIST 853 142
HIST 854 133
HIST 855 152
HIST 856 129
HIST 857 140
HIST 858 131
HIST 859 126
HIST 860 158
HIST 861 160
HIST 862 158
HIST 863 132
HIST 864 136
HIST 865 131
HIST 866 129
HIST 867 151
HIST 868 139
HIST 869 152
HIST 870 142
HIST 871 156
HIST 872 139
HIST 873 151
HIST 874 154
HIST 875 155
HIST 876 133
HIST 877 134
HIST 878 151
HIST 879 144
HIST 880 155
HIST 881 144
HIST 882 147
HIST 883 134
HIST 884 121
HIST 885 133
HIST 886 141
HIST 887 148
HIST 888 143
HIST 889 135
HIST 890 146
HIST 891 148
HIST 892 118
HIST 893 115
HIST 894 166
HIST 895 127
HIST 896 125
HIST 897 142
HIST 898 147
HIST 899 141
HIST 900 156
HIST 901 126
HIST 902 130
HIST 903 141
HIST 904 147
HIST 905 150
HIST 906 153
HIST 907 163
HIST 908 136
HIST 909 134
HIST 910 146
HIST 911 339
HIST 912 147
HIST 913 139
HIST 914 148
HIST 915 147
HIST 916 155
HIST 917 146
HIST 918 139
HIST 919 140
HIST 920 122
HIST 921 155
HIST 922 163
HIST 923 145
HIST 924 147
HIST 925 135
HIST 926 156
HIST 927 148
HIST 928 132
HIST 929 154
HIST 930 128
HIST 931 150
HIST 932 148
HIST 933 155
HIST 934 142
HIST 935 148
HIST 936 147
HIST 937 139
HIST 938 134
HIST 939 153
HIST 940 138
HIST 941 137
HIST 942 136
HIST 943 132
HIST 944 121
HIST 945 154
HIST 946 133
HIST 947 113
HIST 948 168
HIST 949 141
HIST 950 165
HIST 951 143
HIST 952 133
HIST 953 136
HIST 954 137
HIST 955 152
HIST 956 136
HIST 957 127
HIST 958 143
HIST 959 149
HIST 960 146
HIST 961 128
HIST 962 149
HIST 963 112
HIST 964 133
HIST 965 189
HIST 966 156
HIST 967 134
HIST 968 138
HIST 969 250
HIST 970 125
HIST 971 154
HIST 972 147
HIST 973 143
HIST 974 167
HIST 975 143
HIST 976 140
HIST 977 159
HIST 978 153
HIST 979 135
HIST 980 154
HIST 981 140
HIST 982 113
HIST 983 148
HIST 984 131
HIST 985 121
HIST 986 154
HIST 987 125
HIST 988 128
HIST 989 158
HIST 990 146
HIST 991 136
HIST 992 131
HIST 993 147
HIST 994 142
HIST 995 121
HIST 996 141
HIST 997 125
HIST 998 128
HIST 999 135
HIST 1000 139
HIST 1001 136
HIST 1002 125
HIST 1003 135
HIST 1004 121
HIST 1005 127
HIST 1006 141
HIST 1007 142
HIST 1008 153
HIST 1009 167
HIST 1010 137
HIST 1011 135
HIST 1012 161
HIST 1013 146
HIST 1014 180
HIST 1015 138
HIST 1016 138
HIST 1017 152
HIST 1018 149
HIST 1019 139
HIST 1020 136
HIST 1021 145
HIST 1022 187
HIST 1023 146
HIST 1024 142
HIST 1025 144
HIST 1026 134
HIST 1027 152
HIST 1028 138
HIST 1029 131
HIST 1030 159
HIST 1031 119
HIST 1032 141
HIST 1033 130
HIST 1034 126
HIST 1035 153
HIST 1036 133
HIST 1037 126
HIST 1038 140
HIST 1039 151
HIST 1040 145
HIST 1041 135
HIST 1042 162
HIST 1043 123
HIST 1044 129
HIST 1045 144
HIST 1046 145
HIST 1047 155
HIST 1048 126
HIST 1049 125
HIST 1050 116
HIST 1051 138
HIST 1052 112
HIST 1053 145
HIST 1054 147
HIST 1055 168
HIST 1056 132
HIST 1057 152
HIST 1058 133
HIST 1059 141
HIST 1060 131
HIST 1061 147
HIST 1062 137
HIST 1063 148
HIST 1064 162
HIST 1065 130
HIST 1066 125
HIST 1067 132
HIST 1068 136
HIST 1069 149
HIST 1070 139
HIST 1071 135
HIST 1072 145
HIST 1073 136
HIST 1074 154
HIST 1075 122
HIST 1076 137
HIST 1077 127
HIST 1078 119
HIST 1079 162
HIST 1080 134
HIST 1081 144
HIST 1082 141
HIST 1083 137
HIST 1084 148
HIST 1085 153
HIST 1086 134
HIST 1087 148
HIST 1088 141
HIST 1089 130
HIST 1090 138
HIST 1091 150
HIST 1092 142
HIST 1093 123
HIST 1094 185
HIST 1095 146
HIST 1096 161
HIST 1097 139
HIST 1098 147
HIST 1099 135
HIST 1100 146
HIST 1101 140
HIST 1102 135
HIST 1103 139
HIST 1104 142
HIST 1105 135
HIST 1106 163
HIST 1107 126
HIST 1108 132
HIST 1109 141
HIST 1110 130
HIST 1111 139
HIST 1112 161
HIST 1113 132
HIST 1114 138
HIST 1115 145
HIST 1116 142
HIST 1117 158
HIST 1118 153
HIST 1119 134
HIST 1120 141
HIST 1121 156
HIST 1122 133
HIST 1123 143
HIST 1124 141
HIST 1125 137
HIST 1126 143
HIST 1127 136
HIST 1128 141
HIST 1129 167
HIST 1130 135
HIST 1131 133
HIST 1132 134
HIST 1133 138
HIST 1134 141
HIST 1135 136
HIST 1136 135
HIST 1137 133
HIST 1138 144
HIST 1139 151
HIST 1140 136
HIST 1141 118
HIST 1142 149
HIST 1143 134
HIST 1144 156
HIST 1145 153
HIST 1146 129
HIST 1147 145
HIST 1148 137
HIST 1149 131
HIST 1150 145
HIST 1151 129
HIST 1152 128
HIST 1153 155
HIST 1154 140
HIST 1155 140
HIST 1156 144
HIST 1157 125
HIST 1158 157
HIST 1159 145
HIST 1160 130
HIST 1161 122
HIST 1162 145
HIST 1163 139
HIST 1164 139
HIST 1165 149
HIST 1166 128
HIST 1167 162
HIST 1168 120
HIST 1169 130
HIST 1170 153
HIST 1171 123
HIST 1172 141
HIST 1173 157
HIST 1174 131
HIST 1175 128
HIST 1176 161
HIST 1177 146
HIST 1178 128
HIST 1179 140
HIST 1180 158
HIST 1181 157
HIST 1182 151
HIST 1183 167
HIST 1184 125
HIST 1185 137
HIST 1186 164
HIST 1187 156
HIST 1188 135
HIST 1189 140
HIST 1190 149
HIST 1191 133
HIST 1192 146
HIST 1193 120
HIST 1194 132
HIST 1195 151
HIST 1196 147
HIST 1197 151
HIST 1198 135
HIST 1199 108
HIST 1200 163
HIST 1201 158
HIST 1202 141
HIST 1203 153
HIST 1204 129
HIST 1205 146
HIST 1206 141
HIST 1207 166
HIST 1208 138
HIST 1209 133
HIST 1210 156
HIST 1211 140
HIST 1212 123
HIST 1213 151
HIST 1214 125
HIST 1215 136
HIST 1216 151
HIST 1217 152
HIST 1218 139
HIST 1219 142
HIST 1220 131
HIST 1221 131
HIST 1222 151
HIST 1223 151
HIST 1224 142
HIST 1225 146
HIST 1226 155
HIST 1227 139
HIST 1228 156
HIST 1229 151
HIST 1230 121
HIST 1231 138
HIST 1232 119
HIST 1233 119
HIST 1234 153
HIST 1235 138
HIST 1236 125
HIST 1237 140
HIST 1238 147
HIST 1239 131
HIST 1240 135
HIST 1241 136
HIST 1242 141
HIST 1243 145
HIST 1244 153
HIST 1245 144
HIST 1246 146
HIST 1247 142
HIST 1248 129
HIST 1249 144
HIST 1250 138
HIST 1251 142
HIST 1252 127
HIST 1253 131
HIST 1254 149
HIST 1255 145
HIST 1256 144
HIST 1257 153
HIST 1258 148
HIST 1259 150
HIST 1260 151
HIST 1261 180
HIST 1262 130
HIST 1263 129
HIST 1264 150
HIST 1265 123
HIST 1266 158
HIST 1267 155
HIST 1268 126
HIST 1269 151
HIST 1270 131
HIST 1271 137
HIST 1272 139
HIST 1273 151
HIST 1274 155
HIST 1275 136
HIST 1276 144
HIST 1277 121
HIST 1278 140
HIST 1279 138
HIST 1280 126
HIST 1281 120
HIST 1282 145
HIST 1283 157
HIST 1284 133
HIST 1285 136
HIST 1286 140
HIST 1287 144
HIST 1288 130
HIST 1289 144
HIST 1290 153
HIST 1291 122
HIST 1292 137
HIST 1293 156
HIST 1294 136
HIST 1295 145
HIST 1296 137
HIST 1297 123
HIST 1298 143
HIST 1299 161
HIST 1300 144
HIST 1301 141
HIST 1302 131
HIST 1303 135
HIST 1304 134
HIST 1305 132
HIST 1306 152
HIST 1307 153
HIST 1308 150
HIST 1309 156
HIST 1310 152
HIST 1311 143
HIST 1312 135
HIST 1313 131
HIST 1314 142
HIST 1315 127
HIST 1316 158
HIST 1317 157
HIST 1318 146
HIST 1319 146
HIST 1320 158
HIST 1321 153
HIST 1322 114
HIST 1323 133
HIST 1324 156
HIST 1325 135
HIST 1326 152
HIST 1327 143
HIST 1328 154
HIST 1329 130
HIST 1330 130
HIST 1331 160
HIST 1332 111
HIST 1333 145
HIST 1334 133
HIST 1335 127
HIST 1336 149
HIST 1337 149
HIST 1338 152
HIST 1339 135
HIST 1340 142
HIST 1341 140
HIST 1342 126
HIST 1343 134
HIST 1344 149
HIST 1345 136
HIST 1346 169
HIST 1347 163
HIST 1348 135
HIST 1349 164
HIST 1350 129
HIST 1351 149
HIST 1352 146
HIST 1353 153
HIST 1354 138
HIST 1355 138
HIST 1356 137
HIST 1357 139
HIST 1358 152
HIST 1359 165
HIST 1360 141
HIST 1361 136
HIST 1362 142
HIST 1363 153
HIST 1364 156
HIST 1365 133
HIST 1366 142
HIST 1367 138
HIST 1368 147
HIST 1369 153
HIST 1370 162
HIST 1371 140
HIST 1372 142
HIST 1373 164
HIST 1374 155
HIST 1375 151
HIST 1376 120
HIST 1377 136
HIST 1378 139
HIST 1379 143
HIST 1380 141
HIST 1381 150
HIST 1382 155
HIST 1383 153
HIST 1384 151
HIST 1385 168
HIST 1386 142
HIST 1387 155
HIST 1388 143
HIST 1389 158
HIST 1390 124
HIST 1391 132
HIST 1392 125
HIST 1393 143
HIST 1394 141
HIST 1395 170
HIST 1396 144
HIST 1397 143
HIST 1398 147
HIST 1399 169
HIST 1400 166
HIST 1401 141
HIST 1402 138
HIST 1403 141
HIST 1404 167
HIST 1405 129
HIST 1406 162
HIST 1407 160
HIST 1408 151
HIST 1409 177
HIST 1410 149
HIST 1411 162
HIST 1412 142
HIST 1413 162
HIST 1414 142
HIST 1415 169
HIST 1416 133
HIST 1417 153
HIST 1418 139
HIST 1419 157
HIST 1420 161
HIST 1421 133
HIST 1422 166
HIST 1423 172
HIST 1424 140
HIST 1425 156
HIST 1426 157
HIST 1427 138
HIST 1428 148
HIST 1429 164
HIST 1430 148
HIST 1431 150
HIST 1432 157
HIST 1433 137
HIST 1434 152
HIST 1435 158
HIST 1436 134
HIST 1437 136
HIST 1438 139
HIST 1439 152
HIST 1440 153
HIST 1441 132
HIST 1442 145
HIST 1443 155
HIST 1444 153
HIST 1445 149
HIST 1446 144
HIST 1447 133
HIST 1448 170
HIST 1449 144
HIST 1450 134
HIST 1451 152
HIST 1452 133
HIST 1453 135
HIST 1454 150
HIST 1455 141
HIST 1456 153
HIST 1457 164
HIST 1458 144
HIST 1459 131
HIST 1460 149
HIST 1461 130
HIST 1462 143
HIST 1463 155
HIST 1464 134
HIST 1465 143
HIST 1466 163
HIST 1467 121
HIST 1468 161
HIST 1469 148
HIST 1470 156
HIST 1471 141
HIST 1472 149
HIST 1473 157
HIST 1474 138
HIST 1475 154
HIST 1476 157
HIST 1477 140
HIST 1478 130
HIST 1479 155
HIST 1480 169
HIST 1481 149
HIST 1482 175
HIST 1483 138
HIST 1484 150
HIST 1485 139
HIST 1486 151
HIST 1487 134
HIST 1488 142
HIST 1489 135
HIST 1490 150
HIST 1491 128
HIST 1492 160
HIST 1493 157
HIST 1494 143
HIST 1495 148
HIST 1496 167
HIST 1497 152
HIST 1498 147
HIST 1499 151
HIST 1500 133
HIST 1501 155
HIST 1502 165
HIST 1503 132
HIST 1504 148
HIST 1505 146
HIST 1506 148
HIST 1507 151
HIST 1508 134
HIST 1509 184
HIST 1510 146
HIST 1511 138
HIST 1512 151
HIST 1513 168
HIST 1514 147
HIST 1515 137
HIST 1516 182
HIST 1517 170
HIST 1518 150
HIST 1519 150
HIST 1520 165
HIST 1521 156
HIST 1522 142
HIST 1523 140
HIST 1524 150
HIST 1525 137
HIST 1526 158
HIST 1527 159
HIST 1528 168
HIST 1529 140
HIST 1530 159
HIST 1531 138
HIST 1532 148
HIST 1533 159
HIST 1534 128
HIST 1535 166
HIST 1536 156
HIST 1537 154
HIST 1538 163
HIST 1539 144
HIST 1540 137
HIST 1541 147
HIST 1542 171
HIST 1543 157
HIST 1544 159
HIST 1545 139
HIST 1546 142
HIST 1547 151
HIST 1548 158
HIST 1549 141
HIST 1550 156
HIST 1551 140
HIST 1552 153
HIST 1553 174
HIST 1554 151
HIST 1555 153
HIST 1556 144
HIST 1557 139
HIST 1558 166
HIST 1559 166
HIST 1560 156
HIST 1561 146
HIST 1562 176
HIST 1563 180
HIST 1564 158
HIST 1565 147
HIST 1566 148
HIST 1567 138
HIST 1568 144
HIST 1569 142
HIST 1570 158
HIST 1571 150
HIST 1572 161
HIST 1573 144
HIST 1574 145
HIST 1575 152
HIST 1576 159
HIST 1577 141
HIST 1578 147
HIST 1579 148
HIST 1580 146
HIST 1581 150
HIST 1582 149
HIST 1583 157
HIST 1584 153
HIST 1585 160
HIST 1586 144
HIST 1587 163
HIST 1588 168
HIST 1589 143
HIST 1590 174
HIST 1591 163
HIST 1592 160
HIST 1593 10437
HIST 1594 182
HIST 1595 209
HIST 1596 195
HIST 1597 195
HIST 1598 188
HIST 1599 197
HIST 1600 214
HIST 1601 196
HIST 1602 210
HIST 1603 195
HIST 1604 224
HIST 1605 177
HIST 1606 206
HIST 1607 194
HIST 1608 213
HIST 1609 170
HIST 1610 220
HIST 1611 220
HIST 1612 177
HIST 1613 198
HIST 1614 200
HIST 1615 188
HIST 1616 225
HIST 1617 203
HIST 1618 186
HIST 1619 183
HIST 1620 206
HIST 1621 213
HIST 1622 212
HIST 1623 197
HIST 1624 195
HIST 1625 214
HIST 1626 195
HIST 1627 206
HIST 1628 182
HIST 1629 202
HIST 1630 214
HIST 1631 213
HIST 1632 202
HIST 1633 205
HIST 1634 202
HIST 1635 199
HIST 1636 208
HIST 1637 206
HIST 1638 229
HIST 1639 196
HIST 1640 217
HIST 1641 207
HIST 1642 214
HIST 1643 195
HIST 1644 208
HIST 1645 200
HIST 1646 208
HIST 1647 206
HIST 1648 187
HIST 1649 208
HIST 1650 198
HIST 1651 191
HIST 1652 227
HIST 1653 206
HIST 1654 196
HIST 1655 201
HIST 1656 206
HIST 1657 194
HIST 1658 222
HIST 1659 215
HIST 1660 206
HIST 1661 197
HIST 1662 220
HIST 1663 196
HIST 1664 206
HIST 1665 214
HIST 1666 208
HIST 1667 212
HIST 1668 205
HIST 1669 225
HIST 1670 189
HIST 1671 206
HIST 1672 212
HIST 1673 204
HIST 1674 201
HIST 1675 189
HIST 1676 207
HIST 1677 187
HIST 1678 196
HIST 1679 205
HIST 1680 219
HIST 1681 192
HIST 1682 200
HIST 1683 207
HIST 1684 203
HIST 1685 219
HIST 1686 186
HIST 1687 203
HIST 1688 182
HIST 1689 212
HIST 1690 174
HIST 1691 211
HIST 1692 186
HIST 1693 188
HIST 1694 208
HIST 1695 222
HIST 1696 205
HIST 1697 216
HIST 1698 193
HIST 1699 197
HIST 1700 195
HIST 1701 221
HIST 1702 179
HIST 1703 195
HIST 1704 212
HIST 1705 181
HIST 1706 179
HIST 1707 208
HIST 1708 190
HIST 1709 220
HIST 1710 206
HIST 1711 200
HIST 1712 240
HIST 1713 208
HIST 1714 217
HIST 1715 205
HIST 1716 190
HIST 1717 205
HIST 1718 224
HIST 1719 223
HIST 1720 203
HIST 1721 198
HIST 1722 202
HIST 1723 177
HIST 1724 204
HIST 1725 200
HIST 1726 198
HIST 1727 200
HIST 1728 200
HIST 1729 221
HIST 1730 200
HIST 1731 205
HIST 1732 187
HIST 1733 199
HIST 1734 192
HIST 1735 206
HIST 1736 195
HIST 1737 204
HIST 1738 190
HIST 1739 222
HIST 1740 203
HIST 1741 224
HIST 1742 213
HIST 1743 226
HIST 1744 192
HIST 1745 202
HIST 1746 224
HIST 1747 190
HIST 1748 223
HIST 1749 210
HIST 1750 210
HIST 1751 199
HIST 1752 194
HIST 1753 189
HIST 1754 208
HIST 1755 213
HIST 1756 213
HIST 1757 205
HIST 1758 209
HIST 1759 217
HIST 1760 197
HIST 1761 225
HIST 1762 193
HIST 1763 213
HIST 1764 193
HIST 1765 224
HIST 1766 188
HIST 1767 233
HIST 1768 206
HIST 1769 186
HIST 1770 210
HIST 1771 194
HIST 1772 208
HIST 1773 237
HIST 1774 206
HIST 1775 198
HIST 1776 233
HIST 1777 199
HIST 1778 216
HIST 1779 215
HIST 1780 217
HIST 1781 224
HIST 1782 220
HIST 1783 214
HIST 1784 222
HIST 1785 213
HIST 1786 203
HIST 1787 231
HIST 1788 244
HIST 1789 224
HIST 1790 215
HIST 1791 222
HIST 1792 215
HIST 1793 207
HIST 1794 220
HIST 1795 217
HIST 1796 194
HIST 1797 239
HIST 1798 222
HIST 1799 186
HIST 1800 199
HIST 1801 211
HIST 1802 200
HIST 1803 200
HIST 1804 242
HIST 1805 238
HIST 1806 212
HIST 1807 207
HIST 1808 198
HIST 1809 214
HIST 1810 220
HIST 1811 202
HIST 1812 206
HIST 1813 195
HIST 1814 227
HIST 1815 231
HIST 1816 220
HIST 1817 202
HIST 1818 216
HIST 1819 202
HIST 1820 208
HIST 1821 216
HIST 1822 207
HIST 1823 186
HIST 1824 195
HIST 1825 217
HIST 1826 211
HIST 1827 225
HIST 1828 241
HIST 1829 221
HIST 1830 233
HIST 1831 214
HIST 1832 231
HIST 1833 215
HIST 1834 192
HIST 1835 230
HIST 1836 216
HIST 1837 227
HIST 1838 226
HIST 1839 223
HIST 1840 212
HIST 1841 205
HIST 1842 219
HIST 1843 218
HIST 1844 186
HIST 1845 226
HIST 1846 226
HIST 1847 225
HIST 1848 222
HIST 1849 206
HIST 1850 190
HIST 1851 232
HIST 1852 206
HIST 1853 216
HIST 1854 198
HIST 1855 233
HIST 1856 211
HIST 1857 205
HIST 1858 202
HIST 1859 213
HIST 1860 220
HIST 1861 228
HIST 1862 220
HIST 1863 213
HIST 1864 184
HIST 1865 231
HIST 1866 189
HIST 1867 224
HIST 1868 231
HIST 1869 202
HIST 1870 217
HIST 1871 225
HIST 1872 217
HIST 1873 231
HIST 1874 237
HIST 1875 191
HIST 1876 220
HIST 1877 215
HIST 1878 224
HIST 1879 220
HIST 1880 216
HIST 1881 203
HIST 1882 213
HIST 1883 224
HIST 1884 225
HIST 1885 212
HIST 1886 241
HIST 1887 213
HIST 1888 212
HIST 1889 207
HIST 1890 201
HIST 1891 203
HIST 1892 213
HIST 1893 223
HIST 1894 252
HIST 1895 213
HIST 1896 226
HIST 1897 202
HIST 1898 217
HIST 1899 210
HIST 1900 217
HIST 1901 214
HIST 1902 241
HIST 1903 216
HIST 1904 207
HIST 1905 206
HIST 1906 239
HIST 1907 229
HIST 1908 200
HIST 1909 185
HIST 1910 208
HIST 1911 218
HIST 1912 204
HIST 1913 195
HIST 1914 209
HIST 1915 202
HIST 1916 224
HIST 1917 223
HIST 1918 223
HIST 1919 249
HIST 1920 171
HIST 1921 222
HIST 1922 227
HIST 1923 204
HIST 1924 221
HIST 1925 209
HIST 1926 199
HIST 1927 205
HIST 1928 217
HIST 1929 217
HIST 1930 223
HIST 1931 202
HIST 1932 197
HIST 1933 196
HIST 1934 223
HIST 1935 214
HIST 1936 215
HIST 1937 226
HIST 1938 217
HIST 1939 196
HIST 1940 231
HIST 1941 197
HIST 1942 184
HIST 1943 211
HIST 1944 208
HIST 1945 183
HIST 1946 215
HIST 1947 223
HIST 1948 204
HIST 1949 186
HIST 1950 207
HIST 1951 194
HIST 1952 206
HIST 1953 218
HIST 1954 220
HIST 1955 199
HIST 1956 217
HIST 1957 222
HIST 1958 171
HIST 1959 188
HIST 1960 212
HIST 1961 188
HIST 1962 213
HIST 1963 205
HIST 1964 189
HIST 1965 211
HIST 1966 227
HIST 1967 210
HIST 1968 193
HIST 1969 221
HIST 1970 211
HIST 1971 204
HIST 1972 204
HIST 1973 190
HIST 1974 214
HIST 1975 184
HIST 1976 201
HIST 1977 187
HIST 1978 209
HIST 1979 194
HIST 1980 214
HIST 1981 213
HIST 1982 199
HIST 1983 184
HIST 1984 213
HIST 1985 202
HIST 1986 196
HIST 1987 189
HIST 1988 217
HIST 1989 217
HIST 1990 210
HIST 1991 217
HIST 1992 221
HIST 1993 222
HIST 1994 196
HIST 1995 211
HIST 1996 226
HIST 1997 234
HIST 1998 215
HIST 1999 217
HIST 2000 204
HIST 2001 211
HIST 2002 208
HIST 2003 190
HIST 2004 202
HIST 2005 210
HIST 2006 195
HIST 2007 206
HIST 2008 223
HIST 2009 206
HIST 2010 191
HIST 2011 228
HIST 2012 202
HIST 2013 213
HIST 2014 221
HIST 2015 203
HIST 2016 225
HIST 2017 199
HIST 2018 222
HIST 2019 215
HIST 2020 206
HIST 2021 209
HIST 2022 208
HIST 2023 218
HIST 2024 191
HIST 2025 208
HIST 2026 196
HIST 2027 207
HIST 2028 227
HIST 2029 197
HIST 2030 225
HIST 2031 202
HIST 2032 231
HIST 2033 217
HIST 2034 211
HIST 2035 216
HIST 2036 223
HIST 2037 203
HIST 2038 215
HIST 2039 204
HIST 2040 191
HIST 2041 228
HIST 2042 214
HIST 2043 212
HIST 2044 224
HIST 2045 182
HIST 2046 232
HIST 2047 229
HIST 2048 200
HIST 2049 227
HIST 2050 223
HIST 2051 256
HIST 2052 231
HIST 2053 231
HIST 2054 247
HIST 2055 206
HIST 2056 193
HIST 2057 211
HIST 2058 217
HIST 2059 229
HIST 2060 222
HIST 2061 224
HIST 2062 197
HIST 2063 243
HIST 2064 214
HIST 2065 223
HIST 2066 209
HIST 2067 196
HIST 2068 198
HIST 2069 210
HIST 2070 223
HIST 2071 215
HIST 2072 218
HIST 2073 211
HIST 2074 199
HIST 2075 281
HIST 2076 236
HIST 2077 226
HIST 2078 241
HIST 2079 234
HIST 2080 232
HIST 2081 225
HIST 2082 225
HIST 2083 211
HIST 2084 222
HIST 2085 221
HIST 2086 237
HIST 2087 199
HIST 2088 231
HIST 2089 207
HIST 2090 234
HIST 2091 219
HIST 2092 224
HIST 2093 201
HIST 2094 215
HIST 2095 231
HIST 2096 249
HIST 2097 236
HIST 2098 263
HIST 2099 224
HIST 2100 188
HIST 2101 241
HIST 2102 232
HIST 2103 237
HIST 2104 26817
HIST 2105 260
HIST 2106 269
HIST 2107 259
HIST 2108 259
HIST 2109 245
HIST 2110 284
HIST 2111 301
HIST 2112 308
HIST 2113 257
HIST 2114 282
HIST 2115 263
HIST 2116 272
HIST 2117 276
HIST 2118 258
HIST 2119 248
HIST 2120 292
HIST 2121 323
HIST 2122 278
HIST 2123 269
HIST 2124 278
HIST 2125 277
HIST 2126 269
HIST 2127 274
HIST 2128 284
HIST 2129 299
HIST 2130 310
HIST 2131 267
HIST 2132 294
HIST 2133 277
HIST 2134 298
HIST 2135 306
HIST 2136 289
HIST 2137 268
HIST 2138 266
HIST 2139 314
HIST 2140 280
HIST 2141 273
HIST 2142 288
HIST 2143 260
HIST 2144 276
HIST 2145 284
HIST 2146 284
HIST 2147 280
HIST 2148 276
HIST 2149 264
HIST 2150 298
HIST 2151 252
HIST 2152 264
HIST 2153 251
HIST 2154 259
HIST 2155 292
HIST 2156 289
HIST 2157 258
HIST 2158 282
HIST 2159 279
HIST 2160 286
HIST 2161 292
HIST 2162 267
HIST 2163 291
HIST 2164 285
HIST 2165 257
HIST 2166 259
HIST 2167 289
HIST 2168 274
HIST 2169 271
HIST 2170 296
HIST 2171 292
HIST 2172 289
HIST 2173 283
HIST 2174 283
HIST 2175 282
HIST 2176 297
HIST 2177 304
HIST 2178 282
HIST 2179 264
HIST 2180 279
HIST 2181 273
HIST 2182 279
HIST 2183 296
HIST 2184 263
HIST 2185 294
HIST 2186 271
HIST 2187 267
HIST 2188 268
HIST 2189 282
HIST 2190 262
HIST 2191 275
HIST 2192 299
HIST 2193 278
HIST 2194 273
HIST 2195 301
HIST 2196 319
HIST 2197 272
HIST 2198 275
HIST 2199 299
HIST 2200 278
HIST 2201 301
HIST 2202 316
HIST 2203 254
HIST 2204 300
HIST 2205 277
HIST 2206 299
HIST 2207 311
HIST 2208 278
HIST 2209 289
HIST 2210 309
HIST 2211 274
HIST 2212 257
HIST 2213 334
HIST 2214 252
HIST 2215 296
HIST 2216 291
HIST 2217 273
HIST 2218 307
HIST 2219 286
HIST 2220 309
HIST 2221 297
HIST 2222 318
HIST 2223 301
HIST 2224 291
HIST 2225 294
HIST 2226 289
HIST 2227 302
HIST 2228 290
HIST 2229 309
HIST 2230 324
HIST 2231 293
HIST 2232 317
HIST 2233 302
HIST 2234 286
HIST 2235 278
HIST 2236 301
HIST 2237 298
HIST 2238 281
HIST 2239 265
HIST 2240 298
HIST 2241 315
HIST 2242 281
HIST 2243 291
HIST 2244 300
HIST 2245 314
HIST 2246 297
HIST 2247 299
HIST 2248 310
HIST 2249 293
HIST 2250 311
HIST 2251 299
HIST 2252 291
HIST 2253 306
HIST 2254 318
HIST 2255 308
HIST 2256 305
HIST 2257 331
HIST 2258 310
HIST 2259 278
HIST 2260 336
HIST 2261 328
HIST 2262 291
HIST 2263 313
HIST 2264 307
HIST 2265 292
HIST 2266 304
HIST 2267 289
HIST 2268 298
HIST 2269 323
HIST 2270 286
HIST 2271 331
HIST 2272 294
HIST 2273 276
HIST 2274 286
HIST 2275 307
HIST 2276 311
HIST 2277 321
HIST 2278 298
HIST 2279 360
HIST 2280 309
HIST 2281 328
HIST 2282 293
HIST 2283 330
HIST 2284 301
HIST 2285 290
HIST 2286 307
HIST 2287 309
HIST 2288 296
HIST 2289 288
HIST 2290 347
HIST 2291 327
HIST 2292 318
HIST 2293 278
HIST 2294 338
HIST 2295 314
HIST 2296 317
HIST 2297 315
HIST 2298 334
HIST 2299 312
HIST 2300 292
HIST 2301 346
HIST 2302 302
HIST 2303 311
HIST 2304 313
HIST 2305 319
HIST 2306 327
HIST 2307 348
HIST 2308 302
HIST 2309 320
HIST 2310 328
HIST 2311 314
HIST 2312 279
HIST 2313 315
HIST 2314 346
HIST 2315 324
HIST 2316 300
HIST 2317 326
HIST 2318 336
HIST 2319 315
HIST 2320 312
HIST 2321 317
HIST 2322 354
HIST 2323 356
HIST 2324 307
HIST 2325 327
HIST 2326 344
HIST 2327 368
HIST 2328 342
HIST 2329 344
HIST 2330 297
HIST 2331 324
HIST 2332 369
HIST 2333 342
HIST 2334 316
HIST 2335 309
HIST 2336 344
HIST 2337 341
HIST 2338 354
HIST 2339 331
HIST 2340 299
HIST 2341 311
HIST 2342 324
HIST 2343 312
HIST 2344 363
HIST 2345 324
HIST 2346 360
HIST 2347 332
HIST 2348 375
HIST 2349 332
HIST 2350 312
HIST 2351 342
HIST 2352 378
HIST 2353 324
HIST 2354 334
HIST 2355 340
HIST 2356 333
HIST 2357 352
HIST 2358 299
HIST 2359 324
HIST 2360 370
HIST 2361 330
HIST 2362 357
HIST 2363 328
HIST 2364 339
HIST 2365 318
HIST 2366 343
HIST 2367 315
HIST 2368 336
HIST 2369 335
HIST 2370 349
HIST 2371 337
HIST 2372 319
HIST 2373 316
HIST 2374 302
HIST 2375 325
HIST 2376 317
HIST 2377 324
HIST 2378 305
HIST 2379 323
HIST 2380 315
HIST 2381 260
HIST 2382 308
HIST 2383 241
HIST 2384 202
HIST 2385 210
HIST 2386 207
HIST 2387 207
HIST 2388 194
HIST 2389 189
HIST 2390 177
HIST 2391 177
HIST 2392 200
HIST 2393 156
HIST 2394 167
HIST 2395 178
HIST 2396 175
HIST 2397 193
HIST 2398 150
HIST 2399 163
HIST 2400 167
HIST 2401 148
HIST 2402 141
HIST 2403 127
HIST 2404 156
HIST 2405 133
HIST 2406 158
HIST 2407 144
HIST 2408 133
HIST 2409 155
HIST 2410 142
HIST 2411 110
HIST 2412 127
HIST 2413 112
HIST 2414 125
HIST 2415 126
HIST 2416 118
HIST 2417 121
HIST 2418 102
HIST 2419 105
HIST 2420 113
HIST 2421 123
HIST 2422 106
HIST 2423 99
HIST 2424 97
HIST 2425 105
HIST 2426 100
HIST 2427 90
HIST 2428 93
HIST 2429 101
HIST 2430 96
HIST 2431 93
HIST 2432 95
HIST 2433 96
HIST 2434 89
HIST 2435 103
HIST 2436 90
HIST 2437 77
HIST 2438 94
HIST 2439 82
HIST 2440 94
HIST 2441 78
HIST 2442 76
HIST 2443 72
HIST 2444 56
HIST 2445 70
HIST 2446 70
HIST 2447 82
HIST 2448 62
HIST 2449 62
HIST 2450 66
HIST 2451 72
HIST 2452 60
HIST 2453 52
HIST 2454 52
HIST 2455 53
HIST 2456 52
HIST 2457 53
HIST 2458 50
HIST 2459 48
HIST 2460 43
HIST 2461 47
HIST 2462 54
HIST 2463 47
HIST 2464 43
HIST 2465 38
HIST 2466 44
HIST 2467 42
HIST 2468 51
HIST 2469 36
HIST 2470 41
HIST 2471 42
HIST 2472 40
HIST 2473 31
HIST 2474 36
HIST 2475 39
HIST 2476 37
HIST 2477 25
HIST 2478 42
HIST 2479 27
HIST 2480 35
HIST 2481 18
HIST 2482 25
HIST 2483 31
HIST 2484 21
HIST 2485 33
HIST 2486 21
HIST 2487 25
HIST 2488 21
HIST 2489 20
HIST 2490 15
HIST 2491 28
HIST 2492 22
HIST 2493 25
HIST 2494 18
HIST 2495 25
HIST 2496 30
HIST 2497 21
HIST 2498 18
HIST 2499 16
HIST 2500 13
HIST 2501 15
HIST 2502 12
HIST 2503 16
HIST 2504 14
HIST 2505 8
HIST 2506 25
HIST 2507 14
HIST 2508 11
HIST 2509 14
HIST 2510 14
HIST 2511 14
HIST 2512 16
HIST 2513 11
HIST 2514 15
HIST 2515 14
HIST 2516 11
HIST 2517 9
HIST 2518 8
HIST 2519 9
HIST 2520 7
HIST 2521 3
HIST 2522 6
HIST 2523 9
HIST 2524 10
HIST 2525 10
HIST 2526 11
HIST 2527 7
HIST 2528 8
HIST 2529 12
HIST 2530 4
HIST 2531 5
HIST 2532 7
HIST 2533 5
HIST 2534 9
HIST 2535 6
HIST 2536 5
HIST 2537 2
HIST 2538 11
HIST 2539 7
HIST 2540 4
HIST 2541 8
HIST 2542 8
HIST 2543 14
HIST 2544 2
HIST 2545 6
HIST 2546 2
HIST 2547 4
HIST 2548 6
HIST 2549 10
HIST 2550 7
HIST 2551 3
HIST 2552 4
HIST 2553 2
HIST 2554 5
HIST 2555 3
HIST 2556 7
HIST 2557 8
HIST 2558 9
HIST 2559 3
HIST 2560 9
HIST 2561 4
HIST 2562 3
HIST 2563 5
HIST 2564 3
HIST 2565 6
HIST 2566 6
HIST 2567 5
HIST 2568 2
HIST 2569 2
HIST 2570 4
HIST 2571 4
HIST 2572 3
HIST 2573 3
HIST 2574 1
HIST 2575 6
HIST 2576 3
HIST 2577 5
HIST 2578 3
HIST 2579 4
HIST 2580 2
HIST 2581 26
HIST 2582 88
HIST 2583 4
HIST 2584 7
HIST 2585 6
HIST 2586 288
HIST 2587 3
HIST 2588 4
HIST 2589 7
HIST 2590 2
HIST 2591 3
HIST 2592 3
HIST 2593 5
HIST 2594 6
HIST 2595 1
HIST 2596 2
HIST 2597 4
HIST 2598 6
HIST 2599 3
HIST 2601 2
HIST 2602 3
HIST 2603 2
HIST 2604 5
HIST 2605 4
HIST 2606 5
HIST 2607 2
HIST 2608 1
HIST 2609 7
HIST 2610 2
HIST 2611 5
HIST 2612 1
HIST 2613 3
HIST 2614 2
HIST 2615 129873
HISTEND
