SETUP correlatedGamma=0 twoJmax=10 vacuum=1 seed=0 killesc=0 killcarry=0 fullcarry=0
CUTS (production thresholds per material couple):
 Material : G4_Galactic
 Range cuts        :  gamma  1 mm     e-  1 mm     e+  1 mm  proton 1 mm 
 Energy thresholds :  gamma  990 eV     e-  990 eV     e+  990 eV  proton 100 keV
 Material : scene_mat_1
 Range cuts        :  gamma  1 mm     e-  1 mm     e+  1 mm  proton 1 mm 
 Energy thresholds :  gamma  38.9651 keV    e-  738.26 keV    e+  703.709 keV proton 100 keV
 Material : scene_mat_0
 Range cuts        :  gamma  1 mm     e-  1 mm     e+  1 mm  proton 1 mm 
 Energy thresholds :  gamma  29.856 keV    e-  620.515 keV    e+  592.153 keV proton 100 keV
RESULT decays=8000000
RESULT any=721741 eps_total=9.021762e-02
RESULT window=1460.820 counts=218229 eps=2.727863e-02
HISTBEGIN bins=1462 bin_kev=1.000000 decays=8000000
HIST 0 103
HIST 1 283
HIST 2 284
HIST 3 291
HIST 4 310
HIST 5 373
HIST 6 334
HIST 7 365
HIST 8 389
HIST 9 402
HIST 10 363
HIST 11 381
HIST 12 360
HIST 13 397
HIST 14 300
HIST 15 357
HIST 16 411
HIST 17 382
HIST 18 370
HIST 19 351
HIST 20 365
HIST 21 387
HIST 22 408
HIST 23 403
HIST 24 356
HIST 25 359
HIST 26 357
HIST 27 378
HIST 28 364
HIST 29 356
HIST 30 364
HIST 31 318
HIST 32 737
HIST 33 682
HIST 34 395
HIST 35 382
HIST 36 484
HIST 37 391
HIST 38 412
HIST 39 387
HIST 40 388
HIST 41 349
HIST 42 412
HIST 43 395
HIST 44 384
HIST 45 380
HIST 46 377
HIST 47 385
HIST 48 378
HIST 49 405
HIST 50 384
HIST 51 378
HIST 52 395
HIST 53 353
HIST 54 388
HIST 55 357
HIST 56 381
HIST 57 364
HIST 58 374
HIST 59 376
HIST 60 374
HIST 61 336
HIST 62 414
HIST 63 402
HIST 64 362
HIST 65 383
HIST 66 365
HIST 67 385
HIST 68 383
HIST 69 391
HIST 70 354
HIST 71 393
HIST 72 382
HIST 73 368
HIST 74 360
HIST 75 365
HIST 76 388
HIST 77 378
HIST 78 371
HIST 79 400
HIST 80 366
HIST 81 378
HIST 82 356
HIST 83 378
HIST 84 380
HIST 85 357
HIST 86 380
HIST 87 373
HIST 88 384
HIST 89 360
HIST 90 1063
HIST 91 397
HIST 92 367
HIST 93 369
HIST 94 1682
HIST 95 374
HIST 96 360
HIST 97 372
HIST 98 359
HIST 99 359
HIST 100 364
HIST 101 369
HIST 102 391
HIST 103 369
HIST 104 403
HIST 105 556
HIST 106 709
HIST 107 370
HIST 108 361
HIST 109 587
HIST 110 419
HIST 111 350
HIST 112 350
HIST 113 367
HIST 114 372
HIST 115 356
HIST 116 371
HIST 117 375
HIST 118 347
HIST 119 386
HIST 120 366
HIST 121 386
HIST 122 373
HIST 123 378
HIST 124 392
HIST 125 354
HIST 126 363
HIST 127 366
HIST 128 356
HIST 129 389
HIST 130 378
HIST 131 368
HIST 132 337
HIST 133 347
HIST 134 361
HIST 135 363
HIST 136 429
HIST 137 375
HIST 138 356
HIST 139 379
HIST 140 337
HIST 141 398
HIST 142 336
HIST 143 374
HIST 144 368
HIST 145 348
HIST 146 366
HIST 147 365
HIST 148 347
HIST 149 352
HIST 150 379
HIST 151 366
HIST 152 409
HIST 153 355
HIST 154 397
HIST 155 360
HIST 156 376
HIST 157 367
HIST 158 327
HIST 159 381
HIST 160 380
HIST 161 365
HIST 162 379
HIST 163 372
HIST 164 397
HIST 165 356
HIST 166 371
HIST 167 388
HIST 168 376
HIST 169 381
HIST 170 330
HIST 171 350
HIST 172 366
HIST 173 369
HIST 174 360
HIST 175 395
HIST 176 383
HIST 177 383
HIST 178 385
HIST 179 383
HIST 180 364
HIST 181 393
HIST 182 405
HIST 183 375
HIST 184 402
HIST 185 393
HIST 186 374
HIST 187 384
HIST 188 366
HIST 189 405
HIST 190 364
HIST 191 381
HIST 192 360
HIST 193 376
HIST 194 383
HIST 195 385
HIST 196 359
HIST 197 398
HIST 198 377
HIST 199 411
HIST 200 372
HIST 201 402
HIST 202 382
HIST 203 352
HIST 204 389
HIST 205 380
HIST 206 387
HIST 207 389
HIST 208 412
HIST 209 395
HIST 210 373
HIST 211 375
HIST 212 404
HIST 213 396
HIST 214 384
HIST 215 377
HIST 216 392
HIST 217 431
HIST 218 458
HIST 219 412
HIST 220 465
HIST 221 493
HIST 222 439
HIST 223 456
HIST 224 467
HIST 225 472
HIST 226 428
HIST 227 471
HIST 228 480
HIST 229 488
HIST 230 450
HIST 231 438
HIST 232 432
HIST 233 445
HIST 234 468
HIST 235 409
HIST 236 459
HIST 237 444
HIST 238 502
HIST 239 545
HIST 240 449
HIST 241 477
HIST 242 451
HIST 243 493
HIST 244 494
HIST 245 451
HIST 246 464
HIST 247 470
HIST 248 507
HIST 249 516
HIST 250 521
HIST 251 504
HIST 252 516
HIST 253 489
HIST 254 442
HIST 255 463
HIST 256 475
HIST 257 467
HIST 258 473
HIST 259 496
HIST 260 516
HIST 261 470
HIST 262 522
HIST 263 478
HIST 264 463
HIST 265 511
HIST 266 454
HIST 267 475
HIST 268 476
HIST 269 454
HIST 270 499
HIST 271 481
HIST 272 497
HIST 273 506
HIST 274 493
HIST 275 508
HIST 276 491
HIST 277 433
HIST 278 465
HIST 279 503
HIST 280 500
HIST 281 482
HIST 282 488
HIST 283 470
HIST 284 508
HIST 285 486
HIST 286 474
HIST 287 495
HIST 288 504
HIST 289 482
HIST 290 499
HIST 291 489
HIST 292 474
HIST 293 479
HIST 294 479
HIST 295 472
HIST 296 504
HIST 297 461
HIST 298 470
HIST 299 441
HIST 300 461
HIST 301 495
HIST 302 470
HIST 303 490
HIST 304 429
HIST 305 491
HIST 306 465
HIST 307 466
HIST 308 517
HIST 309 496
HIST 310 457
HIST 311 498
HIST 312 442
HIST 313 460
HIST 314 454
HIST 315 462
HIST 316 481
HIST 317 456
HIST 318 464
HIST 319 455
HIST 320 446
HIST 321 476
HIST 322 441
HIST 323 462
HIST 324 447
HIST 325 424
HIST 326 455
HIST 327 446
HIST 328 440
HIST 329 432
HIST 330 463
HIST 331 460
HIST 332 434
HIST 333 477
HIST 334 422
HIST 335 448
HIST 336 452
HIST 337 467
HIST 338 438
HIST 339 451
HIST 340 414
HIST 341 456
HIST 342 441
HIST 343 421
HIST 344 447
HIST 345 392
HIST 346 435
HIST 347 406
HIST 348 444
HIST 349 395
HIST 350 399
HIST 351 451
HIST 352 420
HIST 353 418
HIST 354 434
HIST 355 397
HIST 356 391
HIST 357 426
HIST 358 421
HIST 359 459
HIST 360 419
HIST 361 409
HIST 362 403
HIST 363 416
HIST 364 395
HIST 365 400
HIST 366 384
HIST 367 411
HIST 368 417
HIST 369 389
HIST 370 401
HIST 371 424
HIST 372 424
HIST 373 414
HIST 374 433
HIST 375 428
HIST 376 390
HIST 377 396
HIST 378 415
HIST 379 406
HIST 380 441
HIST 381 430
HIST 382 440
HIST 383 399
HIST 384 412
HIST 385 437
HIST 386 383
HIST 387 394
HIST 388 401
HIST 389 376
HIST 390 419
HIST 391 385
HIST 392 393
HIST 393 415
HIST 394 404
HIST 395 370
HIST 396 371
HIST 397 405
HIST 398 387
HIST 399 405
HIST 400 443
HIST 401 412
HIST 402 394
HIST 403 413
HIST 404 375
HIST 405 420
HIST 406 379
HIST 407 383
HIST 408 396
HIST 409 416
HIST 410 378
HIST 411 414
HIST 412 398
HIST 413 362
HIST 414 378
HIST 415 375
HIST 416 378
HIST 417 388
HIST 418 393
HIST 419 421
HIST 420 406
HIST 421 402
HIST 422 375
HIST 423 394
HIST 424 349
HIST 425 376
HIST 426 375
HIST 427 380
HIST 428 356
HIST 429 402
HIST 430 369
HIST 431 383
HIST 432 385
HIST 433 356
HIST 434 327
HIST 435 353
HIST 436 352
HIST 437 380
HIST 438 353
HIST 439 1802
HIST 440 388
HIST 441 377
HIST 442 365
HIST 443 369
HIST 444 367
HIST 445 400
HIST 446 378
HIST 447 336
HIST 448 383
HIST 449 396
HIST 450 396
HIST 451 384
HIST 452 375
HIST 453 380
HIST 454 351
HIST 455 384
HIST 456 392
HIST 457 387
HIST 458 383
HIST 459 373
HIST 460 358
HIST 461 382
HIST 462 346
HIST 463 361
HIST 464 373
HIST 465 360
HIST 466 367
HIST 467 357
HIST 468 381
HIST 469 327
HIST 470 369
HIST 471 375
HIST 472 359
HIST 473 363
HIST 474 394
HIST 475 379
HIST 476 372
HIST 477 361
HIST 478 361
HIST 479 361
HIST 480 354
HIST 481 359
HIST 482 359
HIST 483 350
HIST 484 357
HIST 485 340
HIST 486 344
HIST 487 376
HIST 488 352
HIST 489 357
HIST 490 342
HIST 491 342
HIST 492 362
HIST 493 363
HIST 494 372
HIST 495 363
HIST 496 306
HIST 497 364
HIST 498 367
HIST 499 346
HIST 500 339
HIST 501 323
HIST 502 378
HIST 503 352
HIST 504 341
HIST 505 383
HIST 506 357
HIST 507 351
HIST 508 371
HIST 509 361
HIST 510 343
HIST 511 1988
HIST 512 342
HIST 513 333
HIST 514 344
HIST 515 342
HIST 516 363
HIST 517 369
HIST 518 344
HIST 519 304
HIST 520 316
HIST 521 332
HIST 522 360
HIST 523 327
HIST 524 347
HIST 525 375
HIST 526 346
HIST 527 345
HIST 528 317
HIST 529 338
HIST 530 353
HIST 531 318
HIST 532 337
HIST 533 298
HIST 534 339
HIST 535 379
HIST 536 357
HIST 537 338
HIST 538 334
HIST 539 350
HIST 540 349
HIST 541 346
HIST 542 335
HIST 543 345
HIST 544 341
HIST 545 326
HIST 546 347
HIST 547 315
HIST 548 354
HIST 549 342
HIST 550 335
HIST 551 375
HIST 552 353
HIST 553 348
HIST 554 316
HIST 555 334
HIST 556 346
HIST 557 342
HIST 558 335
HIST 559 329
HIST 560 346
HIST 561 345
HIST 562 351
HIST 563 360
HIST 564 325
HIST 565 347
HIST 566 311
HIST 567 358
HIST 568 333
HIST 569 332
HIST 570 349
HIST 571 315
HIST 572 302
HIST 573 317
HIST 574 324
HIST 575 333
HIST 576 328
HIST 577 334
HIST 578 362
HIST 579 312
HIST 580 304
HIST 581 335
HIST 582 345
HIST 583 383
HIST 584 326
HIST 585 367
HIST 586 345
HIST 587 299
HIST 588 327
HIST 589 317
HIST 590 325
HIST 591 318
HIST 592 322
HIST 593 325
HIST 594 348
HIST 595 339
HIST 596 341
HIST 597 332
HIST 598 331
HIST 599 323
HIST 600 331
HIST 601 273
HIST 602 325
HIST 603 318
HIST 604 318
HIST 605 326
HIST 606 327
HIST 607 320
HIST 608 298
HIST 609 344
HIST 610 339
HIST 611 302
HIST 612 306
HIST 613 321
HIST 614 356
HIST 615 360
HIST 616 322
HIST 617 286
HIST 618 293
HIST 619 375
HIST 620 306
HIST 621 340
HIST 622 324
HIST 623 334
HIST 624 302
HIST 625 298
HIST 626 336
HIST 627 318
HIST 628 305
HIST 629 318
HIST 630 331
HIST 631 329
HIST 632 342
HIST 633 352
HIST 634 323
HIST 635 357
HIST 636 353
HIST 637 345
HIST 638 309
HIST 639 326
HIST 640 301
HIST 641 311
HIST 642 309
HIST 643 313
HIST 644 308
HIST 645 331
HIST 646 330
HIST 647 326
HIST 648 333
HIST 649 330
HIST 650 334
HIST 651 327
HIST 652 322
HIST 653 312
HIST 654 291
HIST 655 345
HIST 656 317
HIST 657 307
HIST 658 340
HIST 659 325
HIST 660 311
HIST 661 313
HIST 662 323
HIST 663 342
HIST 664 315
HIST 665 336
HIST 666 303
HIST 667 314
HIST 668 292
HIST 669 344
HIST 670 328
HIST 671 309
HIST 672 309
HIST 673 328
HIST 674 329
HIST 675 310
HIST 676 361
HIST 677 330
HIST 678 313
HIST 679 352
HIST 680 325
HIST 681 319
HIST 682 334
HIST 683 363
HIST 684 305
HIST 685 319
HIST 686 319
HIST 687 347
HIST 688 314
HIST 689 317
HIST 690 344
HIST 691 308
HIST 692 299
HIST 693 305
HIST 694 303
HIST 695 334
HIST 696 316
HIST 697 334
HIST 698 305
HIST 699 317
HIST 700 320
HIST 701 311
HIST 702 330
HIST 703 336
HIST 704 323
HIST 705 309
HIST 706 333
HIST 707 341
HIST 708 287
HIST 709 316
HIST 710 339
HIST 711 310
HIST 712 304
HIST 713 356
HIST 714 300
HIST 715 305
HIST 716 331
HIST 717 316
HIST 718 300
HIST 719 328
HIST 720 330
HIST 721 303
HIST 722 276
HIST 723 304
HIST 724 314
HIST 725 321
HIST 726 314
HIST 727 361
HIST 728 322
HIST 729 318
HIST 730 333
HIST 731 309
HIST 732 266
HIST 733 309
HIST 734 300
HIST 735 312
HIST 736 292
HIST 737 327
HIST 738 383
HIST 739 306
HIST 740 272
HIST 741 326
HIST 742 353
HIST 743 358
HIST 744 322
HIST 745 336
HIST 746 297
HIST 747 289
HIST 748 315
HIST 749 344
HIST 750 332
HIST 751 325
HIST 752 321
HIST 753 322
HIST 754 322
HIST 755 341
HIST 756 332
HIST 757 338
HIST 758 328
HIST 759 297
HIST 760 325
HIST 761 327
HIST 762 331
HIST 763 324
HIST 764 298
HIST 765 331
HIST 766 354
HIST 767 329
HIST 768 300
HIST 769 321
HIST 770 339
HIST 771 274
HIST 772 324
HIST 773 345
HIST 774 307
HIST 775 319
HIST 776 345
HIST 777 307
HIST 778 331
HIST 779 344
HIST 780 291
HIST 781 311
HIST 782 325
HIST 783 302
HIST 784 321
HIST 785 380
HIST 786 341
HIST 787 332
HIST 788 309
HIST 789 342
HIST 790 351
HIST 791 307
HIST 792 321
HIST 793 306
HIST 794 289
HIST 795 342
HIST 796 310
HIST 797 326
HIST 798 316
HIST 799 330
HIST 800 299
HIST 801 316
HIST 802 314
HIST 803 325
HIST 804 344
HIST 805 314
HIST 806 313
HIST 807 382
HIST 808 310
HIST 809 332
HIST 810 326
HIST 811 324
HIST 812 358
HIST 813 329
HIST 814 296
HIST 815 341
HIST 816 365
HIST 817 292
HIST 818 328
HIST 819 324
HIST 820 338
HIST 821 302
HIST 822 316
HIST 823 356
HIST 824 311
HIST 825 352
HIST 826 322
HIST 827 349
HIST 828 313
HIST 829 330
HIST 830 315
HIST 831 339
HIST 832 316
HIST 833 316
HIST 834 311
HIST 835 348
HIST 836 327
HIST 837 337
HIST 838 316
HIST 839 332
HIST 840 321
HIST 841 315
HIST 842 324
HIST 843 337
HIST 844 340
HIST 845 328
HIST 846 336
HIST 847 303
HIST 848 351
HIST 849 378
HIST 850 366
HIST 851 336
HIST 852 343
HIST 853 322
HIST 854 311
HIST 855 348
HIST 856 328
HIST 857 322
HIST 858 325
HIST 859 354
HIST 860 306
HIST 861 348
HIST 862 335
HIST 863 325
HIST 864 318
HIST 865 321
HIST 866 337
HIST 867 338
HIST 868 354
HIST 869 308
HIST 870 339
HIST 871 352
HIST 872 325
HIST 873 357
HIST 874 340
HIST 875 326
HIST 876 358
HIST 877 327
HIST 878 348
HIST 879 337
HIST 880 360
HIST 881 375
HIST 882 307
HIST 883 336
HIST 884 350
HIST 885 331
HIST 886 336
HIST 887 334
HIST 888 326
HIST 889 320
HIST 890 318
HIST 891 363
HIST 892 325
HIST 893 343
HIST 894 336
HIST 895 354
HIST 896 367
HIST 897 320
HIST 898 343
HIST 899 371
HIST 900 352
HIST 901 348
HIST 902 331
HIST 903 370
HIST 904 353
HIST 905 320
HIST 906 316
HIST 907 342
HIST 908 345
HIST 909 355
HIST 910 359
HIST 911 404
HIST 912 345
HIST 913 305
HIST 914 337
HIST 915 350
HIST 916 377
HIST 917 310
HIST 918 339
HIST 919 350
HIST 920 365
HIST 921 345
HIST 922 340
HIST 923 347
HIST 924 338
HIST 925 350
HIST 926 320
HIST 927 352
HIST 928 371
HIST 929 345
HIST 930 363
HIST 931 338
HIST 932 345
HIST 933 389
HIST 934 361
HIST 935 351
HIST 936 392
HIST 937 369
HIST 938 368
HIST 939 371
HIST 940 322
HIST 941 382
HIST 942 333
HIST 943 340
HIST 944 323
HIST 945 366
HIST 946 340
HIST 947 380
HIST 948 368
HIST 949 343
HIST 950 3856
HIST 951 338
HIST 952 356
HIST 953 381
HIST 954 374
HIST 955 349
HIST 956 359
HIST 957 364
HIST 958 385
HIST 959 386
HIST 960 343
HIST 961 384
HIST 962 358
HIST 963 346
HIST 964 354
HIST 965 377
HIST 966 368
HIST 967 356
HIST 968 373
HIST 969 338
HIST 970 364
HIST 971 356
HIST 972 382
HIST 973 337
HIST 974 348
HIST 975 349
HIST 976 346
HIST 977 385
HIST 978 371
HIST 979 342
HIST 980 350
HIST 981 356
HIST 982 372
HIST 983 391
HIST 984 379
HIST 985 371
HIST 986 372
HIST 987 390
HIST 988 390
HIST 989 343
HIST 990 384
HIST 991 360
HIST 992 385
HIST 993 373
HIST 994 382
HIST 995 384
HIST 996 349
HIST 997 405
HIST 998 380
HIST 999 369
HIST 1000 441
HIST 1001 397
HIST 1002 394
HIST 1003 385
HIST 1004 387
HIST 1005 365
HIST 1006 417
HIST 1007 333
HIST 1008 386
HIST 1009 397
HIST 1010 375
HIST 1011 388
HIST 1012 406
HIST 1013 362
HIST 1014 427
HIST 1015 424
HIST 1016 405
HIST 1017 400
HIST 1018 415
HIST 1019 371
HIST 1020 368
HIST 1021 351
HIST 1022 389
HIST 1023 426
HIST 1024 420
HIST 1025 412
HIST 1026 383
HIST 1027 353
HIST 1028 385
HIST 1029 391
HIST 1030 388
HIST 1031 357
HIST 1032 401
HIST 1033 416
HIST 1034 382
HIST 1035 389
HIST 1036 425
HIST 1037 379
HIST 1038 378
HIST 1039 380
HIST 1040 388
HIST 1041 405
HIST 1042 398
HIST 1043 390
HIST 1044 405
HIST 1045 387
HIST 1046 380
HIST 1047 388
HIST 1048 413
HIST 1049 402
HIST 1050 414
HIST 1051 432
HIST 1052 402
HIST 1053 402
HIST 1054 407
HIST 1055 423
HIST 1056 380
HIST 1057 429
HIST 1058 408
HIST 1059 370
HIST 1060 420
HIST 1061 390
HIST 1062 420
HIST 1063 408
HIST 1064 442
HIST 1065 412
HIST 1066 409
HIST 1067 426
HIST 1068 416
HIST 1069 409
HIST 1070 428
HIST 1071 443
HIST 1072 429
HIST 1073 405
HIST 1074 395
HIST 1075 414
HIST 1076 404
HIST 1077 455
HIST 1078 416
HIST 1079 424
HIST 1080 383
HIST 1081 408
HIST 1082 418
HIST 1083 452
HIST 1084 460
HIST 1085 424
HIST 1086 458
HIST 1087 419
HIST 1088 409
HIST 1089 418
HIST 1090 412
HIST 1091 381
HIST 1092 422
HIST 1093 425
HIST 1094 420
HIST 1095 407
HIST 1096 428
HIST 1097 420
HIST 1098 410
HIST 1099 433
HIST 1100 449
HIST 1101 407
HIST 1102 451
HIST 1103 453
HIST 1104 407
HIST 1105 401
HIST 1106 452
HIST 1107 428
HIST 1108 444
HIST 1109 475
HIST 1110 444
HIST 1111 410
HIST 1112 436
HIST 1113 455
HIST 1114 437
HIST 1115 458
HIST 1116 451
HIST 1117 442
HIST 1118 436
HIST 1119 410
HIST 1120 429
HIST 1121 468
HIST 1122 446
HIST 1123 431
HIST 1124 436
HIST 1125 406
HIST 1126 445
HIST 1127 447
HIST 1128 449
HIST 1129 444
HIST 1130 434
HIST 1131 437
HIST 1132 482
HIST 1133 449
HIST 1134 475
HIST 1135 435
HIST 1136 479
HIST 1137 483
HIST 1138 451
HIST 1139 462
HIST 1140 464
HIST 1141 461
HIST 1142 472
HIST 1143 417
HIST 1144 451
HIST 1145 438
HIST 1146 441
HIST 1147 466
HIST 1148 490
HIST 1149 416
HIST 1150 471
HIST 1151 489
HIST 1152 450
HIST 1153 458
HIST 1154 473
HIST 1155 492
HIST 1156 496
HIST 1157 501
HIST 1158 469
HIST 1159 466
HIST 1160 491
HIST 1161 468
HIST 1162 492
HIST 1163 478
HIST 1164 467
HIST 1165 425
HIST 1166 479
HIST 1167 500
HIST 1168 466
HIST 1169 497
HIST 1170 469
HIST 1171 519
HIST 1172 483
HIST 1173 483
HIST 1174 475
HIST 1175 468
HIST 1176 474
HIST 1177 510
HIST 1178 485
HIST 1179 487
HIST 1180 512
HIST 1181 514
HIST 1182 491
HIST 1183 516
HIST 1184 543
HIST 1185 496
HIST 1186 474
HIST 1187 521
HIST 1188 508
HIST 1189 487
HIST 1190 510
HIST 1191 532
HIST 1192 506
HIST 1193 485
HIST 1194 494
HIST 1195 461
HIST 1196 526
HIST 1197 516
HIST 1198 533
HIST 1199 566
HIST 1200 493
HIST 1201 467
HIST 1202 530
HIST 1203 497
HIST 1204 526
HIST 1205 524
HIST 1206 511
HIST 1207 500
HIST 1208 563
HIST 1209 522
HIST 1210 551
HIST 1211 541
HIST 1212 525
HIST 1213 490
HIST 1214 565
HIST 1215 500
HIST 1216 493
HIST 1217 526
HIST 1218 510
HIST 1219 539
HIST 1220 527
HIST 1221 514
HIST 1222 569
HIST 1223 544
HIST 1224 557
HIST 1225 537
HIST 1226 548
HIST 1227 551
HIST 1228 550
HIST 1229 506
HIST 1230 515
HIST 1231 511
HIST 1232 530
HIST 1233 523
HIST 1234 544
HIST 1235 540
HIST 1236 530
HIST 1237 553
HIST 1238 487
HIST 1239 441
HIST 1240 502
HIST 1241 503
HIST 1242 446
HIST 1243 405
HIST 1244 394
HIST 1245 328
HIST 1246 310
HIST 1247 285
HIST 1248 280
HIST 1249 263
HIST 1250 238
HIST 1251 250
HIST 1252 264
HIST 1253 238
HIST 1254 233
HIST 1255 233
HIST 1256 263
HIST 1257 196
HIST 1258 216
HIST 1259 216
HIST 1260 223
HIST 1261 210
HIST 1262 187
HIST 1263 180
HIST 1264 193
HIST 1265 194
HIST 1266 196
HIST 1267 193
HIST 1268 188
HIST 1269 199
HIST 1270 163
HIST 1271 171
HIST 1272 188
HIST 1273 142
HIST 1274 164
HIST 1275 156
HIST 1276 150
HIST 1277 147
HIST 1278 152
HIST 1279 145
HIST 1280 138
HIST 1281 137
HIST 1282 122
HIST 1283 135
HIST 1284 133
HIST 1285 134
HIST 1286 122
HIST 1287 106
HIST 1288 115
HIST 1289 95
HIST 1290 128
HIST 1291 97
HIST 1292 101
HIST 1293 103
HIST 1294 92
HIST 1295 105
HIST 1296 101
HIST 1297 75
HIST 1298 111
HIST 1299 98
HIST 1300 90
HIST 1301 92
HIST 1302 104
HIST 1303 73
HIST 1304 91
HIST 1305 77
HIST 1306 87
HIST 1307 81
HIST 1308 85
HIST 1309 72
HIST 1310 74
HIST 1311 72
HIST 1312 76
HIST 1313 67
HIST 1314 62
HIST 1315 62
HIST 1316 57
HIST 1317 68
HIST 1318 63
HIST 1319 62
HIST 1320 47
HIST 1321 68
HIST 1322 55
HIST 1323 56
HIST 1324 56
HIST 1325 45
HIST 1326 53
HIST 1327 52
HIST 1328 46
HIST 1329 51
HIST 1330 47
HIST 1331 46
HIST 1332 50
HIST 1333 43
HIST 1334 46
HIST 1335 29
HIST 1336 37
HIST 1337 38
HIST 1338 52
HIST 1339 36
HIST 1340 28
HIST 1341 28
HIST 1342 37
HIST 1343 45
HIST 1344 31
HIST 1345 43
HIST 1346 32
HIST 1347 21
HIST 1348 21
HIST 1349 21
HIST 1350 30
HIST 1351 26
HIST 1352 22
HIST 1353 24
HIST 1354 24
HIST 1355 26
HIST 1356 24
HIST 1357 19
HIST 1358 25
HIST 1359 27
HIST 1360 17
HIST 1361 16
HIST 1362 19
HIST 1363 23
HIST 1364 15
HIST 1365 30
HIST 1366 25
HIST 1367 29
HIST 1368 33
HIST 1369 16
HIST 1370 31
HIST 1371 6
HIST 1372 13
HIST 1373 25
HIST 1374 15
HIST 1375 20
HIST 1376 14
HIST 1377 23
HIST 1378 16
HIST 1379 18
HIST 1380 19
HIST 1381 23
HIST 1382 15
HIST 1383 20
HIST 1384 17
HIST 1385 13
HIST 1386 23
HIST 1387 14
HIST 1388 21
HIST 1389 20
HIST 1390 13
HIST 1391 10
HIST 1392 8
HIST 1393 17
HIST 1394 15
HIST 1395 14
HIST 1396 11
HIST 1397 11
HIST 1398 11
HIST 1399 12
HIST 1400 15
HIST 1401 13
HIST 1402 15
HIST 1403 14
HIST 1404 15
HIST 1405 14
HIST 1406 16
HIST 1407 15
HIST 1408 18
HIST 1409 10
HIST 1410 19
HIST 1411 13
HIST 1412 14
HIST 1413 16
HIST 1414 12
HIST 1415 10
HIST 1416 10
HIST 1417 18
HIST 1418 11
HIST 1419 15
HIST 1420 14
HIST 1421 15
HIST 1422 12
HIST 1423 13
HIST 1424 16
HIST 1425 15
HIST 1426 12
HIST 1427 14
HIST 1428 52
HIST 1429 168
HIST 1430 12
HIST 1431 16
HIST 1432 340
HIST 1433 167
HIST 1434 14
HIST 1435 15
HIST 1436 16
HIST 1437 10
HIST 1438 6
HIST 1439 12
HIST 1440 21
HIST 1441 9
HIST 1442 8
HIST 1443 12
HIST 1444 9
HIST 1445 10
HIST 1446 6
HIST 1447 8
HIST 1448 9
HIST 1449 9
HIST 1450 12
HIST 1451 8
HIST 1452 12
HIST 1453 7
HIST 1454 7
HIST 1455 7
HIST 1456 14
HIST 1457 9
HIST 1458 7
HIST 1459 11
HIST 1460 3
HIST 1461 218343
HISTEND
