SETUP correlatedGamma=0 twoJmax=10 vacuum=1 seed=0 killesc=0 killcarry=0 fullcarry=0
CUTS (production thresholds per material couple):
 Material : G4_Galactic
 Range cuts        :  gamma  1 mm     e-  1 mm     e+  1 mm  proton 1 mm 
 Energy thresholds :  gamma  990 eV     e-  990 eV     e+  990 eV  proton 100 keV
 Material : scene_mat_4
 Range cuts        :  gamma  1 mm     e-  1 mm     e+  1 mm  proton 1 mm 
 Energy thresholds :  gamma  38.9651 keV    e-  738.26 keV    e+  703.709 keV proton 100 keV
 Material : scene_mat_3
 Range cuts        :  gamma  1 mm     e-  1 mm     e+  1 mm  proton 1 mm 
 Energy thresholds :  gamma  6.91691 keV    e-  597.603 keV    e+  574.29 keV proton 100 keV
 Material : scene_mat_2
 Range cuts        :  gamma  1 mm     e-  1 mm     e+  1 mm  proton 1 mm 
 Energy thresholds :  gamma  990 eV     e-  990 eV     e+  990 eV  proton 100 keV
 Material : scene_mat_1
 Range cuts        :  gamma  1 mm     e-  1 mm     e+  1 mm  proton 1 mm 
 Energy thresholds :  gamma  3.38683 keV    e-  268.033 keV    e+  261.068 keV proton 100 keV
 Material : scene_mat_0
 Range cuts        :  gamma  1 mm     e-  1 mm     e+  1 mm  proton 1 mm 
 Energy thresholds :  gamma  29.856 keV    e-  620.515 keV    e+  592.153 keV proton 100 keV
RESULT decays=8000000
RESULT any=681130 eps_total=8.514125e-02
RESULT window=2614.511 counts=124245 eps=1.553062e-02
HISTBEGIN bins=2616 bin_kev=1.000000 decays=8000000
HIST 0 61
HIST 1 230
HIST 2 211
HIST 3 209
HIST 4 204
HIST 5 287
HIST 6 257
HIST 7 251
HIST 8 259
HIST 9 265
HIST 10 235
HIST 11 235
HIST 12 237
HIST 13 237
HIST 14 255
HIST 15 252
HIST 16 267
HIST 17 265
HIST 18 269
HIST 19 246
HIST 20 274
HIST 21 292
HIST 22 310
HIST 23 283
HIST 24 281
HIST 25 259
HIST 26 268
HIST 27 265
HIST 28 275
HIST 29 285
HIST 30 314
HIST 31 291
HIST 32 494
HIST 33 466
HIST 34 316
HIST 35 288
HIST 36 356
HIST 37 338
HIST 38 314
HIST 39 262
HIST 40 295
HIST 41 283
HIST 42 269
HIST 43 262
HIST 44 276
HIST 45 256
HIST 46 266
HIST 47 293
HIST 48 249
HIST 49 270
HIST 50 272
HIST 51 291
HIST 52 287
HIST 53 267
HIST 54 252
HIST 55 271
HIST 56 259
HIST 57 269
HIST 58 287
HIST 59 269
HIST 60 280
HIST 61 249
HIST 62 299
HIST 63 251
HIST 64 292
HIST 65 316
HIST 66 283
HIST 67 273
HIST 68 304
HIST 69 299
HIST 70 290
HIST 71 265
HIST 72 281
HIST 73 281
HIST 74 273
HIST 75 330
HIST 76 281
HIST 77 349
HIST 78 294
HIST 79 283
HIST 80 270
HIST 81 266
HIST 82 282
HIST 83 283
HIST 84 301
HIST 85 289
HIST 86 285
HIST 87 292
HIST 88 321
HIST 89 267
HIST 90 856
HIST 91 290
HIST 92 284
HIST 93 268
HIST 94 1282
HIST 95 284
HIST 96 296
HIST 97 293
HIST 98 280
HIST 99 285
HIST 100 280
HIST 101 272
HIST 102 266
HIST 103 269
HIST 104 273
HIST 105 448
HIST 106 573
HIST 107 272
HIST 108 284
HIST 109 434
HIST 110 290
HIST 111 256
HIST 112 247
HIST 113 299
HIST 114 269
HIST 115 273
HIST 116 268
HIST 117 270
HIST 118 269
HIST 119 246
HIST 120 280
HIST 121 271
HIST 122 259
HIST 123 262
HIST 124 244
HIST 125 271
HIST 126 305
HIST 127 273
HIST 128 296
HIST 129 304
HIST 130 253
HIST 131 265
HIST 132 304
HIST 133 299
HIST 134 263
HIST 135 263
HIST 136 290
HIST 137 258
HIST 138 273
HIST 139 291
HIST 140 317
HIST 141 283
HIST 142 301
HIST 143 279
HIST 144 291
HIST 145 320
HIST 146 301
HIST 147 281
HIST 148 255
HIST 149 301
HIST 150 250
HIST 151 299
HIST 152 291
HIST 153 317
HIST 154 313
HIST 155 299
HIST 156 304
HIST 157 288
HIST 158 275
HIST 159 283
HIST 160 295
HIST 161 300
HIST 162 322
HIST 163 285
HIST 164 301
HIST 165 277
HIST 166 305
HIST 167 289
HIST 168 284
HIST 169 290
HIST 170 280
HIST 171 304
HIST 172 281
HIST 173 277
HIST 174 268
HIST 175 275
HIST 176 311
HIST 177 285
HIST 178 294
HIST 179 298
HIST 180 312
HIST 181 269
HIST 182 296
HIST 183 241
HIST 184 306
HIST 185 310
HIST 186 312
HIST 187 298
HIST 188 329
HIST 189 283
HIST 190 277
HIST 191 275
HIST 192 280
HIST 193 286
HIST 194 313
HIST 195 275
HIST 196 309
HIST 197 304
HIST 198 322
HIST 199 295
HIST 200 289
HIST 201 280
HIST 202 290
HIST 203 283
HIST 204 274
HIST 205 299
HIST 206 298
HIST 207 327
HIST 208 294
HIST 209 355
HIST 210 311
HIST 211 318
HIST 212 329
HIST 213 307
HIST 214 313
HIST 215 274
HIST 216 309
HIST 217 261
HIST 218 261
HIST 219 309
HIST 220 283
HIST 221 275
HIST 222 275
HIST 223 291
HIST 224 273
HIST 225 297
HIST 226 277
HIST 227 302
HIST 228 300
HIST 229 291
HIST 230 307
HIST 231 288
HIST 232 286
HIST 233 321
HIST 234 343
HIST 235 327
HIST 236 327
HIST 237 293
HIST 238 302
HIST 239 983
HIST 240 292
HIST 241 359
HIST 242 313
HIST 243 335
HIST 244 338
HIST 245 304
HIST 246 336
HIST 247 329
HIST 248 346
HIST 249 325
HIST 250 314
HIST 251 320
HIST 252 327
HIST 253 315
HIST 254 332
HIST 255 363
HIST 256 301
HIST 257 321
HIST 258 324
HIST 259 305
HIST 260 320
HIST 261 296
HIST 262 324
HIST 263 326
HIST 264 335
HIST 265 335
HIST 266 350
HIST 267 313
HIST 268 344
HIST 269 319
HIST 270 381
HIST 271 329
HIST 272 352
HIST 273 343
HIST 274 321
HIST 275 331
HIST 276 318
HIST 277 380
HIST 278 320
HIST 279 351
HIST 280 351
HIST 281 323
HIST 282 351
HIST 283 332
HIST 284 349
HIST 285 313
HIST 286 332
HIST 287 327
HIST 288 308
HIST 289 304
HIST 290 318
HIST 291 302
HIST 292 346
HIST 293 353
HIST 294 365
HIST 295 355
HIST 296 316
HIST 297 342
HIST 298 329
HIST 299 350
HIST 300 353
HIST 301 311
HIST 302 317
HIST 303 376
HIST 304 315
HIST 305 333
HIST 306 333
HIST 307 353
HIST 308 303
HIST 309 311
HIST 310 340
HIST 311 308
HIST 312 323
HIST 313 349
HIST 314 331
HIST 315 338
HIST 316 317
HIST 317 301
HIST 318 324
HIST 319 301
HIST 320 316
HIST 321 337
HIST 322 293
HIST 323 315
HIST 324 331
HIST 325 291
HIST 326 298
HIST 327 302
HIST 328 354
HIST 329 327
HIST 330 346
HIST 331 307
HIST 332 345
HIST 333 296
HIST 334 336
HIST 335 336
HIST 336 310
HIST 337 297
HIST 338 483
HIST 339 317
HIST 340 315
HIST 341 312
HIST 342 294
HIST 343 294
HIST 344 274
HIST 345 311
HIST 346 302
HIST 347 304
HIST 348 280
HIST 349 280
HIST 350 287
HIST 351 312
HIST 352 302
HIST 353 286
HIST 354 284
HIST 355 321
HIST 356 303
HIST 357 298
HIST 358 286
HIST 359 272
HIST 360 291
HIST 361 275
HIST 362 275
HIST 363 307
HIST 364 272
HIST 365 276
HIST 366 290
HIST 367 294
HIST 368 283
HIST 369 272
HIST 370 261
HIST 371 277
HIST 372 300
HIST 373 266
HIST 374 290
HIST 375 264
HIST 376 251
HIST 377 262
HIST 378 302
HIST 379 282
HIST 380 271
HIST 381 277
HIST 382 285
HIST 383 260
HIST 384 266
HIST 385 249
HIST 386 290
HIST 387 276
HIST 388 279
HIST 389 270
HIST 390 257
HIST 391 237
HIST 392 269
HIST 393 249
HIST 394 286
HIST 395 284
HIST 396 275
HIST 397 237
HIST 398 265
HIST 399 254
HIST 400 246
HIST 401 251
HIST 402 248
HIST 403 296
HIST 404 261
HIST 405 275
HIST 406 295
HIST 407 235
HIST 408 260
HIST 409 258
HIST 410 259
HIST 411 243
HIST 412 267
HIST 413 239
HIST 414 250
HIST 415 252
HIST 416 230
HIST 417 269
HIST 418 254
HIST 419 252
HIST 420 262
HIST 421 220
HIST 422 237
HIST 423 263
HIST 424 244
HIST 425 290
HIST 426 255
HIST 427 266
HIST 428 219
HIST 429 263
HIST 430 239
HIST 431 215
HIST 432 239
HIST 433 235
HIST 434 245
HIST 435 224
HIST 436 212
HIST 437 269
HIST 438 219
HIST 439 238
HIST 440 235
HIST 441 227
HIST 442 236
HIST 443 230
HIST 444 223
HIST 445 246
HIST 446 284
HIST 447 219
HIST 448 257
HIST 449 237
HIST 450 233
HIST 451 247
HIST 452 234
HIST 453 209
HIST 454 245
HIST 455 221
HIST 456 227
HIST 457 233
HIST 458 223
HIST 459 221
HIST 460 226
HIST 461 210
HIST 462 241
HIST 463 279
HIST 464 219
HIST 465 208
HIST 466 202
HIST 467 235
HIST 468 223
HIST 469 204
HIST 470 207
HIST 471 248
HIST 472 217
HIST 473 257
HIST 474 212
HIST 475 214
HIST 476 209
HIST 477 207
HIST 478 246
HIST 479 214
HIST 480 218
HIST 481 220
HIST 482 217
HIST 483 226
HIST 484 242
HIST 485 244
HIST 486 226
HIST 487 237
HIST 488 226
HIST 489 223
HIST 490 226
HIST 491 231
HIST 492 214
HIST 493 223
HIST 494 224
HIST 495 198
HIST 496 205
HIST 497 225
HIST 498 217
HIST 499 237
HIST 500 230
HIST 501 204
HIST 502 193
HIST 503 194
HIST 504 199
HIST 505 206
HIST 506 214
HIST 507 180
HIST 508 203
HIST 509 203
HIST 510 200
HIST 511 11397
HIST 512 203
HIST 513 223
HIST 514 174
HIST 515 201
HIST 516 192
HIST 517 183
HIST 518 195
HIST 519 184
HIST 520 206
HIST 521 196
HIST 522 205
HIST 523 190
HIST 524 165
HIST 525 193
HIST 526 207
HIST 527 207
HIST 528 206
HIST 529 181
HIST 530 217
HIST 531 217
HIST 532 199
HIST 533 177
HIST 534 187
HIST 535 192
HIST 536 189
HIST 537 176
HIST 538 208
HIST 539 210
HIST 540 203
HIST 541 202
HIST 542 220
HIST 543 188
HIST 544 185
HIST 545 223
HIST 546 185
HIST 547 188
HIST 548 213
HIST 549 171
HIST 550 203
HIST 551 206
HIST 552 198
HIST 553 177
HIST 554 183
HIST 555 186
HIST 556 177
HIST 557 191
HIST 558 189
HIST 559 199
HIST 560 202
HIST 561 179
HIST 562 199
HIST 563 186
HIST 564 168
HIST 565 169
HIST 566 195
HIST 567 182
HIST 568 201
HIST 569 172
HIST 570 177
HIST 571 201
HIST 572 185
HIST 573 183
HIST 574 193
HIST 575 179
HIST 576 207
HIST 577 215
HIST 578 176
HIST 579 193
HIST 580 183
HIST 581 186
HIST 582 197
HIST 583 453
HIST 584 179
HIST 585 196
HIST 586 183
HIST 587 176
HIST 588 187
HIST 589 170
HIST 590 186
HIST 591 186
HIST 592 195
HIST 593 185
HIST 594 183
HIST 595 178
HIST 596 184
HIST 597 173
HIST 598 200
HIST 599 186
HIST 600 203
HIST 601 195
HIST 602 184
HIST 603 180
HIST 604 171
HIST 605 200
HIST 606 204
HIST 607 181
HIST 608 153
HIST 609 150
HIST 610 191
HIST 611 186
HIST 612 177
HIST 613 170
HIST 614 175
HIST 615 160
HIST 616 175
HIST 617 175
HIST 618 151
HIST 619 163
HIST 620 194
HIST 621 214
HIST 622 188
HIST 623 172
HIST 624 180
HIST 625 213
HIST 626 166
HIST 627 195
HIST 628 166
HIST 629 201
HIST 630 178
HIST 631 171
HIST 632 170
HIST 633 152
HIST 634 165
HIST 635 159
HIST 636 208
HIST 637 150
HIST 638 163
HIST 639 161
HIST 640 173
HIST 641 184
HIST 642 176
HIST 643 170
HIST 644 163
HIST 645 171
HIST 646 172
HIST 647 173
HIST 648 147
HIST 649 171
HIST 650 172
HIST 651 187
HIST 652 184
HIST 653 170
HIST 654 175
HIST 655 176
HIST 656 177
HIST 657 189
HIST 658 194
HIST 659 174
HIST 660 183
HIST 661 147
HIST 662 164
HIST 663 172
HIST 664 186
HIST 665 165
HIST 666 168
HIST 667 185
HIST 668 150
HIST 669 190
HIST 670 186
HIST 671 161
HIST 672 164
HIST 673 171
HIST 674 170
HIST 675 187
HIST 676 187
HIST 677 185
HIST 678 194
HIST 679 161
HIST 680 167
HIST 681 180
HIST 682 161
HIST 683 150
HIST 684 144
HIST 685 168
HIST 686 170
HIST 687 162
HIST 688 164
HIST 689 168
HIST 690 146
HIST 691 147
HIST 692 160
HIST 693 179
HIST 694 165
HIST 695 171
HIST 696 153
HIST 697 159
HIST 698 164
HIST 699 170
HIST 700 156
HIST 701 153
HIST 702 150
HIST 703 176
HIST 704 163
HIST 705 157
HIST 706 152
HIST 707 160
HIST 708 151
HIST 709 143
HIST 710 181
HIST 711 174
HIST 712 168
HIST 713 177
HIST 714 169
HIST 715 157
HIST 716 179
HIST 717 187
HIST 718 145
HIST 719 155
HIST 720 172
HIST 721 200
HIST 722 162
HIST 723 159
HIST 724 197
HIST 725 164
HIST 726 165
HIST 727 204
HIST 728 138
HIST 729 155
HIST 730 164
HIST 731 156
HIST 732 157
HIST 733 161
HIST 734 176
HIST 735 183
HIST 736 190
HIST 737 152
HIST 738 167
HIST 739 154
HIST 740 153
HIST 741 179
HIST 742 158
HIST 743 143
HIST 744 167
HIST 745 147
HIST 746 163
HIST 747 177
HIST 748 175
HIST 749 155
HIST 750 219
HIST 751 162
HIST 752 154
HIST 753 161
HIST 754 161
HIST 755 158
HIST 756 170
HIST 757 148
HIST 758 145
HIST 759 175
HIST 760 179
HIST 761 155
HIST 762 150
HIST 763 174
HIST 764 152
HIST 765 178
HIST 766 164
HIST 767 159
HIST 768 158
HIST 769 159
HIST 770 165
HIST 771 175
HIST 772 170
HIST 773 130
HIST 774 162
HIST 775 134
HIST 776 138
HIST 777 159
HIST 778 180
HIST 779 161
HIST 780 168
HIST 781 183
HIST 782 166
HIST 783 155
HIST 784 162
HIST 785 162
HIST 786 161
HIST 787 171
HIST 788 177
HIST 789 155
HIST 790 148
HIST 791 148
HIST 792 146
HIST 793 134
HIST 794 130
HIST 795 193
HIST 796 145
HIST 797 145
HIST 798 149
HIST 799 169
HIST 800 144
HIST 801 141
HIST 802 146
HIST 803 148
HIST 804 161
HIST 805 145
HIST 806 150
HIST 807 162
HIST 808 170
HIST 809 169
HIST 810 169
HIST 811 155
HIST 812 167
HIST 813 176
HIST 814 159
HIST 815 149
HIST 816 157
HIST 817 153
HIST 818 176
HIST 819 160
HIST 820 148
HIST 821 171
HIST 822 183
HIST 823 145
HIST 824 170
HIST 825 141
HIST 826 140
HIST 827 158
HIST 828 133
HIST 829 150
HIST 830 162
HIST 831 162
HIST 832 167
HIST 833 155
HIST 834 156
HIST 835 136
HIST 836 198
HIST 837 178
HIST 838 152
HIST 839 173
HIST 840 151
HIST 841 141
HIST 842 155
HIST 843 139
HIST 844 151
HIST 845 133
HIST 846 135
HIST 847 132
HIST 848 169
HIST 849 169
HIST 850 152
HIST 851 143
HIST 852 153
HIST 853 157
HIST 854 137
HIST 855 136
HIST 856 145
HIST 857 151
HIST 858 170
HIST 859 124
HIST 860 164
HIST 861 157
HIST 862 166
HIST 863 126
HIST 864 144
HIST 865 149
HIST 866 143
HIST 867 153
HIST 868 146
HIST 869 158
HIST 870 150
HIST 871 152
HIST 872 149
HIST 873 160
HIST 874 176
HIST 875 147
HIST 876 147
HIST 877 135
HIST 878 179
HIST 879 154
HIST 880 152
HIST 881 150
HIST 882 155
HIST 883 143
HIST 884 137
HIST 885 148
HIST 886 170
HIST 887 140
HIST 888 140
HIST 889 146
HIST 890 159
HIST 891 153
HIST 892 130
HIST 893 126
HIST 894 158
HIST 895 138
HIST 896 132
HIST 897 144
HIST 898 151
HIST 899 150
HIST 900 148
HIST 901 139
HIST 902 152
HIST 903 154
HIST 904 157
HIST 905 151
HIST 906 167
HIST 907 159
HIST 908 137
HIST 909 151
HIST 910 160
HIST 911 337
HIST 912 136
HIST 913 139
HIST 914 167
HIST 915 160
HIST 916 150
HIST 917 133
HIST 918 142
HIST 919 150
HIST 920 141
HIST 921 174
HIST 922 189
HIST 923 158
HIST 924 144
HIST 925 140
HIST 926 152
HIST 927 156
HIST 928 146
HIST 929 153
HIST 930 134
HIST 931 145
HIST 932 139
HIST 933 145
HIST 934 143
HIST 935 145
HIST 936 162
HIST 937 127
HIST 938 141
HIST 939 137
HIST 940 139
HIST 941 154
HIST 942 145
HIST 943 153
HIST 944 144
HIST 945 145
HIST 946 135
HIST 947 138
HIST 948 160
HIST 949 152
HIST 950 177
HIST 951 147
HIST 952 152
HIST 953 156
HIST 954 151
HIST 955 166
HIST 956 149
HIST 957 121
HIST 958 164
HIST 959 171
HIST 960 145
HIST 961 119
HIST 962 140
HIST 963 123
HIST 964 150
HIST 965 177
HIST 966 169
HIST 967 144
HIST 968 149
HIST 969 259
HIST 970 138
HIST 971 157
HIST 972 158
HIST 973 155
HIST 974 151
HIST 975 152
HIST 976 156
HIST 977 162
HIST 978 161
HIST 979 143
HIST 980 153
HIST 981 143
HIST 982 117
HIST 983 146
HIST 984 164
HIST 985 131
HIST 986 151
HIST 987 150
HIST 988 138
HIST 989 145
HIST 990 147
HIST 991 153
HIST 992 137
HIST 993 154
HIST 994 154
HIST 995 135
HIST 996 135
HIST 997 131
HIST 998 149
HIST 999 145
HIST 1000 140
HIST 1001 143
HIST 1002 137
HIST 1003 134
HIST 1004 132
HIST 1005 140
HIST 1006 160
HIST 1007 154
HIST 1008 154
HIST 1009 146
HIST 1010 134
HIST 1011 131
HIST 1012 166
HIST 1013 134
HIST 1014 169
HIST 1015 139
HIST 1016 141
HIST 1017 168
HIST 1018 145
HIST 1019 146
HIST 1020 140
HIST 1021 138
HIST 1022 177
HIST 1023 157
HIST 1024 140
HIST 1025 160
HIST 1026 147
HIST 1027 149
HIST 1028 141
HIST 1029 132
HIST 1030 165
HIST 1031 126
HIST 1032 133
HIST 1033 146
HIST 1034 135
HIST 1035 155
HIST 1036 129
HIST 1037 141
HIST 1038 140
HIST 1039 133
HIST 1040 143
HIST 1041 129
HIST 1042 154
HIST 1043 141
HIST 1044 136
HIST 1045 144
HIST 1046 146
HIST 1047 154
HIST 1048 126
HIST 1049 128
HIST 1050 137
HIST 1051 134
HIST 1052 122
HIST 1053 158
HIST 1054 158
HIST 1055 156
HIST 1056 139
HIST 1057 147
HIST 1058 150
HIST 1059 134
HIST 1060 128
HIST 1061 141
HIST 1062 135
HIST 1063 146
HIST 1064 158
HIST 1065 131
HIST 1066 131
HIST 1067 129
HIST 1068 138
HIST 1069 154
HIST 1070 161
HIST 1071 128
HIST 1072 146
HIST 1073 150
HIST 1074 156
HIST 1075 115
HIST 1076 133
HIST 1077 145
HIST 1078 148
HIST 1079 172
HIST 1080 118
HIST 1081 148
HIST 1082 146
HIST 1083 123
HIST 1084 144
HIST 1085 157
HIST 1086 136
HIST 1087 143
HIST 1088 131
HIST 1089 143
HIST 1090 144
HIST 1091 153
HIST 1092 151
HIST 1093 140
HIST 1094 169
HIST 1095 139
HIST 1096 159
HIST 1097 144
HIST 1098 142
HIST 1099 113
HIST 1100 148
HIST 1101 126
HIST 1102 134
HIST 1103 140
HIST 1104 144
HIST 1105 150
HIST 1106 160
HIST 1107 131
HIST 1108 123
HIST 1109 145
HIST 1110 142
HIST 1111 149
HIST 1112 149
HIST 1113 132
HIST 1114 143
HIST 1115 136
HIST 1116 135
HIST 1117 161
HIST 1118 159
HIST 1119 125
HIST 1120 133
HIST 1121 134
HIST 1122 133
HIST 1123 131
HIST 1124 168
HIST 1125 131
HIST 1126 138
HIST 1127 133
HIST 1128 131
HIST 1129 163
HIST 1130 139
HIST 1131 143
HIST 1132 125
HIST 1133 131
HIST 1134 124
HIST 1135 130
HIST 1136 152
HIST 1137 135
HIST 1138 138
HIST 1139 142
HIST 1140 137
HIST 1141 129
HIST 1142 140
HIST 1143 148
HIST 1144 156
HIST 1145 132
HIST 1146 124
HIST 1147 150
HIST 1148 125
HIST 1149 149
HIST 1150 153
HIST 1151 142
HIST 1152 160
HIST 1153 146
HIST 1154 142
HIST 1155 144
HIST 1156 152
HIST 1157 133
HIST 1158 169
HIST 1159 162
HIST 1160 148
HIST 1161 134
HIST 1162 151
HIST 1163 143
HIST 1164 147
HIST 1165 164
HIST 1166 137
HIST 1167 150
HIST 1168 119
HIST 1169 150
HIST 1170 153
HIST 1171 138
HIST 1172 153
HIST 1173 146
HIST 1174 143
HIST 1175 120
HIST 1176 144
HIST 1177 142
HIST 1178 139
HIST 1179 176
HIST 1180 139
HIST 1181 157
HIST 1182 138
HIST 1183 166
HIST 1184 133
HIST 1185 135
HIST 1186 160
HIST 1187 136
HIST 1188 134
HIST 1189 151
HIST 1190 135
HIST 1191 148
HIST 1192 156
HIST 1193 121
HIST 1194 154
HIST 1195 156
HIST 1196 134
HIST 1197 149
HIST 1198 129
HIST 1199 114
HIST 1200 166
HIST 1201 145
HIST 1202 147
HIST 1203 162
HIST 1204 131
HIST 1205 154
HIST 1206 146
HIST 1207 160
HIST 1208 130
HIST 1209 152
HIST 1210 146
HIST 1211 138
HIST 1212 140
HIST 1213 160
HIST 1214 137
HIST 1215 132
HIST 1216 145
HIST 1217 141
HIST 1218 160
HIST 1219 133
HIST 1220 142
HIST 1221 134
HIST 1222 164
HIST 1223 139
HIST 1224 158
HIST 1225 146
HIST 1226 147
HIST 1227 143
HIST 1228 154
HIST 1229 143
HIST 1230 116
HIST 1231 131
HIST 1232 127
HIST 1233 120
HIST 1234 144
HIST 1235 145
HIST 1236 140
HIST 1237 136
HIST 1238 141
HIST 1239 152
HIST 1240 131
HIST 1241 137
HIST 1242 145
HIST 1243 141
HIST 1244 154
HIST 1245 139
HIST 1246 143
HIST 1247 151
HIST 1248 128
HIST 1249 147
HIST 1250 138
HIST 1251 121
HIST 1252 125
HIST 1253 145
HIST 1254 149
HIST 1255 143
HIST 1256 136
HIST 1257 160
HIST 1258 146
HIST 1259 155
HIST 1260 164
HIST 1261 178
HIST 1262 125
HIST 1263 126
HIST 1264 138
HIST 1265 125
HIST 1266 145
HIST 1267 152
HIST 1268 121
HIST 1269 144
HIST 1270 128
HIST 1271 140
HIST 1272 140
HIST 1273 148
HIST 1274 169
HIST 1275 135
HIST 1276 150
HIST 1277 127
HIST 1278 137
HIST 1279 129
HIST 1280 143
HIST 1281 119
HIST 1282 146
HIST 1283 157
HIST 1284 127
HIST 1285 124
HIST 1286 126
HIST 1287 142
HIST 1288 146
HIST 1289 141
HIST 1290 146
HIST 1291 133
HIST 1292 157
HIST 1293 143
HIST 1294 138
HIST 1295 159
HIST 1296 139
HIST 1297 134
HIST 1298 130
HIST 1299 173
HIST 1300 133
HIST 1301 148
HIST 1302 136
HIST 1303 140
HIST 1304 144
HIST 1305 159
HIST 1306 153
HIST 1307 153
HIST 1308 150
HIST 1309 151
HIST 1310 143
HIST 1311 132
HIST 1312 140
HIST 1313 132
HIST 1314 146
HIST 1315 142
HIST 1316 144
HIST 1317 145
HIST 1318 143
HIST 1319 147
HIST 1320 152
HIST 1321 152
HIST 1322 118
HIST 1323 137
HIST 1324 160
HIST 1325 123
HIST 1326 148
HIST 1327 148
HIST 1328 147
HIST 1329 114
HIST 1330 135
HIST 1331 146
HIST 1332 106
HIST 1333 138
HIST 1334 127
HIST 1335 126
HIST 1336 146
HIST 1337 160
HIST 1338 149
HIST 1339 154
HIST 1340 139
HIST 1341 155
HIST 1342 118
HIST 1343 126
HIST 1344 149
HIST 1345 135
HIST 1346 163
HIST 1347 159
HIST 1348 126
HIST 1349 142
HIST 1350 130
HIST 1351 139
HIST 1352 145
HIST 1353 158
HIST 1354 129
HIST 1355 132
HIST 1356 136
HIST 1357 148
HIST 1358 162
HIST 1359 158
HIST 1360 146
HIST 1361 138
HIST 1362 144
HIST 1363 145
HIST 1364 138
HIST 1365 134
HIST 1366 145
HIST 1367 153
HIST 1368 142
HIST 1369 141
HIST 1370 156
HIST 1371 129
HIST 1372 153
HIST 1373 148
HIST 1374 179
HIST 1375 142
HIST 1376 131
HIST 1377 138
HIST 1378 133
HIST 1379 134
HIST 1380 142
HIST 1381 129
HIST 1382 130
HIST 1383 146
HIST 1384 142
HIST 1385 154
HIST 1386 144
HIST 1387 141
HIST 1388 150
HIST 1389 142
HIST 1390 116
HIST 1391 132
HIST 1392 120
HIST 1393 154
HIST 1394 142
HIST 1395 161
HIST 1396 151
HIST 1397 145
HIST 1398 142
HIST 1399 158
HIST 1400 169
HIST 1401 146
HIST 1402 128
HIST 1403 136
HIST 1404 164
HIST 1405 130
HIST 1406 157
HIST 1407 161
HIST 1408 147
HIST 1409 159
HIST 1410 140
HIST 1411 151
HIST 1412 144
HIST 1413 142
HIST 1414 132
HIST 1415 161
HIST 1416 139
HIST 1417 153
HIST 1418 130
HIST 1419 143
HIST 1420 159
HIST 1421 128
HIST 1422 145
HIST 1423 167
HIST 1424 133
HIST 1425 141
HIST 1426 148
HIST 1427 141
HIST 1428 143
HIST 1429 156
HIST 1430 131
HIST 1431 136
HIST 1432 144
HIST 1433 146
HIST 1434 154
HIST 1435 152
HIST 1436 134
HIST 1437 148
HIST 1438 134
HIST 1439 148
HIST 1440 142
HIST 1441 129
HIST 1442 154
HIST 1443 133
HIST 1444 146
HIST 1445 153
HIST 1446 148
HIST 1447 136
HIST 1448 163
HIST 1449 137
HIST 1450 132
HIST 1451 153
HIST 1452 146
HIST 1453 133
HIST 1454 134
HIST 1455 148
HIST 1456 138
HIST 1457 168
HIST 1458 142
HIST 1459 143
HIST 1460 144
HIST 1461 137
HIST 1462 138
HIST 1463 155
HIST 1464 143
HIST 1465 147
HIST 1466 165
HIST 1467 113
HIST 1468 155
HIST 1469 146
HIST 1470 149
HIST 1471 138
HIST 1472 137
HIST 1473 165
HIST 1474 139
HIST 1475 148
HIST 1476 162
HIST 1477 142
HIST 1478 130
HIST 1479 148
HIST 1480 171
HIST 1481 145
HIST 1482 166
HIST 1483 135
HIST 1484 137
HIST 1485 142
HIST 1486 145
HIST 1487 136
HIST 1488 142
HIST 1489 143
HIST 1490 146
HIST 1491 127
HIST 1492 154
HIST 1493 151
HIST 1494 145
HIST 1495 136
HIST 1496 162
HIST 1497 136
HIST 1498 146
HIST 1499 159
HIST 1500 145
HIST 1501 139
HIST 1502 150
HIST 1503 138
HIST 1504 157
HIST 1505 148
HIST 1506 143
HIST 1507 145
HIST 1508 121
HIST 1509 174
HIST 1510 148
HIST 1511 150
HIST 1512 131
HIST 1513 149
HIST 1514 144
HIST 1515 145
HIST 1516 170
HIST 1517 160
HIST 1518 155
HIST 1519 141
HIST 1520 157
HIST 1521 145
HIST 1522 137
HIST 1523 130
HIST 1524 134
HIST 1525 152
HIST 1526 158
HIST 1527 153
HIST 1528 159
HIST 1529 141
HIST 1530 156
HIST 1531 147
HIST 1532 144
HIST 1533 160
HIST 1534 144
HIST 1535 145
HIST 1536 148
HIST 1537 157
HIST 1538 162
HIST 1539 150
HIST 1540 127
HIST 1541 152
HIST 1542 169
HIST 1543 156
HIST 1544 166
HIST 1545 145
HIST 1546 149
HIST 1547 156
HIST 1548 136
HIST 1549 135
HIST 1550 149
HIST 1551 153
HIST 1552 160
HIST 1553 166
HIST 1554 151
HIST 1555 140
HIST 1556 144
HIST 1557 155
HIST 1558 147
HIST 1559 156
HIST 1560 155
HIST 1561 158
HIST 1562 154
HIST 1563 165
HIST 1564 163
HIST 1565 144
HIST 1566 147
HIST 1567 135
HIST 1568 162
HIST 1569 151
HIST 1570 166
HIST 1571 146
HIST 1572 163
HIST 1573 138
HIST 1574 147
HIST 1575 158
HIST 1576 151
HIST 1577 148
HIST 1578 151
HIST 1579 143
HIST 1580 145
HIST 1581 145
HIST 1582 151
HIST 1583 168
HIST 1584 144
HIST 1585 152
HIST 1586 143
HIST 1587 143
HIST 1588 159
HIST 1589 147
HIST 1590 172
HIST 1591 164
HIST 1592 158
HIST 1593 9982
HIST 1594 174
HIST 1595 203
HIST 1596 200
HIST 1597 193
HIST 1598 196
HIST 1599 205
HIST 1600 210
HIST 1601 190
HIST 1602 201
HIST 1603 188
HIST 1604 208
HIST 1605 185
HIST 1606 211
HIST 1607 191
HIST 1608 216
HIST 1609 181
HIST 1610 205
HIST 1611 212
HIST 1612 161
HIST 1613 193
HIST 1614 189
HIST 1615 178
HIST 1616 217
HIST 1617 180
HIST 1618 185
HIST 1619 173
HIST 1620 189
HIST 1621 209
HIST 1622 219
HIST 1623 200
HIST 1624 177
HIST 1625 213
HIST 1626 191
HIST 1627 195
HIST 1628 192
HIST 1629 199
HIST 1630 205
HIST 1631 207
HIST 1632 200
HIST 1633 197
HIST 1634 206
HIST 1635 184
HIST 1636 201
HIST 1637 196
HIST 1638 203
HIST 1639 188
HIST 1640 198
HIST 1641 192
HIST 1642 208
HIST 1643 195
HIST 1644 178
HIST 1645 197
HIST 1646 193
HIST 1647 193
HIST 1648 185
HIST 1649 201
HIST 1650 202
HIST 1651 200
HIST 1652 202
HIST 1653 216
HIST 1654 196
HIST 1655 193
HIST 1656 208
HIST 1657 179
HIST 1658 240
HIST 1659 200
HIST 1660 199
HIST 1661 203
HIST 1662 215
HIST 1663 173
HIST 1664 207
HIST 1665 209
HIST 1666 222
HIST 1667 194
HIST 1668 219
HIST 1669 234
HIST 1670 189
HIST 1671 186
HIST 1672 200
HIST 1673 213
HIST 1674 192
HIST 1675 194
HIST 1676 218
HIST 1677 197
HIST 1678 204
HIST 1679 220
HIST 1680 207
HIST 1681 193
HIST 1682 213
HIST 1683 186
HIST 1684 191
HIST 1685 192
HIST 1686 191
HIST 1687 201
HIST 1688 183
HIST 1689 211
HIST 1690 176
HIST 1691 197
HIST 1692 208
HIST 1693 193
HIST 1694 206
HIST 1695 220
HIST 1696 217
HIST 1697 208
HIST 1698 202
HIST 1699 199
HIST 1700 189
HIST 1701 223
HIST 1702 179
HIST 1703 205
HIST 1704 189
HIST 1705 180
HIST 1706 188
HIST 1707 194
HIST 1708 190
HIST 1709 209
HIST 1710 201
HIST 1711 209
HIST 1712 240
HIST 1713 191
HIST 1714 209
HIST 1715 198
HIST 1716 185
HIST 1717 197
HIST 1718 217
HIST 1719 197
HIST 1720 204
HIST 1721 190
HIST 1722 187
HIST 1723 182
HIST 1724 178
HIST 1725 195
HIST 1726 205
HIST 1727 180
HIST 1728 192
HIST 1729 182
HIST 1730 191
HIST 1731 192
HIST 1732 203
HIST 1733 228
HIST 1734 196
HIST 1735 212
HIST 1736 169
HIST 1737 202
HIST 1738 195
HIST 1739 212
HIST 1740 191
HIST 1741 200
HIST 1742 218
HIST 1743 213
HIST 1744 202
HIST 1745 201
HIST 1746 218
HIST 1747 184
HIST 1748 201
HIST 1749 191
HIST 1750 190
HIST 1751 195
HIST 1752 158
HIST 1753 172
HIST 1754 200
HIST 1755 201
HIST 1756 201
HIST 1757 189
HIST 1758 212
HIST 1759 211
HIST 1760 181
HIST 1761 214
HIST 1762 194
HIST 1763 202
HIST 1764 176
HIST 1765 208
HIST 1766 180
HIST 1767 205
HIST 1768 211
HIST 1769 171
HIST 1770 205
HIST 1771 207
HIST 1772 201
HIST 1773 225
HIST 1774 202
HIST 1775 186
HIST 1776 229
HIST 1777 193
HIST 1778 214
HIST 1779 211
HIST 1780 198
HIST 1781 214
HIST 1782 236
HIST 1783 206
HIST 1784 202
HIST 1785 214
HIST 1786 190
HIST 1787 228
HIST 1788 224
HIST 1789 197
HIST 1790 217
HIST 1791 206
HIST 1792 198
HIST 1793 211
HIST 1794 199
HIST 1795 235
HIST 1796 204
HIST 1797 227
HIST 1798 192
HIST 1799 191
HIST 1800 192
HIST 1801 207
HIST 1802 185
HIST 1803 215
HIST 1804 236
HIST 1805 248
HIST 1806 216
HIST 1807 194
HIST 1808 198
HIST 1809 221
HIST 1810 200
HIST 1811 190
HIST 1812 215
HIST 1813 194
HIST 1814 201
HIST 1815 210
HIST 1816 205
HIST 1817 209
HIST 1818 221
HIST 1819 198
HIST 1820 198
HIST 1821 216
HIST 1822 197
HIST 1823 186
HIST 1824 177
HIST 1825 206
HIST 1826 218
HIST 1827 218
HIST 1828 226
HIST 1829 215
HIST 1830 215
HIST 1831 194
HIST 1832 210
HIST 1833 221
HIST 1834 181
HIST 1835 227
HIST 1836 207
HIST 1837 215
HIST 1838 228
HIST 1839 199
HIST 1840 203
HIST 1841 207
HIST 1842 221
HIST 1843 201
HIST 1844 196
HIST 1845 215
HIST 1846 223
HIST 1847 233
HIST 1848 198
HIST 1849 196
HIST 1850 194
HIST 1851 228
HIST 1852 221
HIST 1853 203
HIST 1854 186
HIST 1855 197
HIST 1856 212
HIST 1857 217
HIST 1858 194
HIST 1859 189
HIST 1860 204
HIST 1861 210
HIST 1862 214
HIST 1863 204
HIST 1864 188
HIST 1865 230
HIST 1866 212
HIST 1867 222
HIST 1868 228
HIST 1869 182
HIST 1870 218
HIST 1871 220
HIST 1872 210
HIST 1873 229
HIST 1874 237
HIST 1875 178
HIST 1876 214
HIST 1877 207
HIST 1878 198
HIST 1879 214
HIST 1880 203
HIST 1881 205
HIST 1882 228
HIST 1883 201
HIST 1884 214
HIST 1885 220
HIST 1886 222
HIST 1887 198
HIST 1888 206
HIST 1889 201
HIST 1890 196
HIST 1891 209
HIST 1892 216
HIST 1893 204
HIST 1894 245
HIST 1895 214
HIST 1896 194
HIST 1897 207
HIST 1898 221
HIST 1899 198
HIST 1900 204
HIST 1901 198
HIST 1902 239
HIST 1903 198
HIST 1904 207
HIST 1905 205
HIST 1906 219
HIST 1907 202
HIST 1908 179
HIST 1909 199
HIST 1910 211
HIST 1911 191
HIST 1912 197
HIST 1913 203
HIST 1914 202
HIST 1915 202
HIST 1916 231
HIST 1917 201
HIST 1918 215
HIST 1919 231
HIST 1920 193
HIST 1921 213
HIST 1922 223
HIST 1923 197
HIST 1924 215
HIST 1925 215
HIST 1926 210
HIST 1927 214
HIST 1928 205
HIST 1929 193
HIST 1930 212
HIST 1931 198
HIST 1932 190
HIST 1933 188
HIST 1934 217
HIST 1935 222
HIST 1936 205
HIST 1937 215
HIST 1938 199
HIST 1939 197
HIST 1940 200
HIST 1941 192
HIST 1942 181
HIST 1943 198
HIST 1944 203
HIST 1945 163
HIST 1946 191
HIST 1947 231
HIST 1948 189
HIST 1949 179
HIST 1950 178
HIST 1951 190
HIST 1952 198
HIST 1953 211
HIST 1954 193
HIST 1955 178
HIST 1956 204
HIST 1957 209
HIST 1958 171
HIST 1959 195
HIST 1960 191
HIST 1961 180
HIST 1962 202
HIST 1963 213
HIST 1964 167
HIST 1965 207
HIST 1966 199
HIST 1967 194
HIST 1968 191
HIST 1969 200
HIST 1970 204
HIST 1971 210
HIST 1972 197
HIST 1973 194
HIST 1974 216
HIST 1975 178
HIST 1976 195
HIST 1977 193
HIST 1978 206
HIST 1979 196
HIST 1980 204
HIST 1981 211
HIST 1982 174
HIST 1983 172
HIST 1984 191
HIST 1985 216
HIST 1986 176
HIST 1987 185
HIST 1988 218
HIST 1989 224
HIST 1990 204
HIST 1991 202
HIST 1992 203
HIST 1993 205
HIST 1994 171
HIST 1995 230
HIST 1996 194
HIST 1997 229
HIST 1998 209
HIST 1999 212
HIST 2000 202
HIST 2001 201
HIST 2002 209
HIST 2003 176
HIST 2004 182
HIST 2005 212
HIST 2006 180
HIST 2007 203
HIST 2008 184
HIST 2009 203
HIST 2010 181
HIST 2011 215
HIST 2012 180
HIST 2013 211
HIST 2014 203
HIST 2015 207
HIST 2016 216
HIST 2017 190
HIST 2018 207
HIST 2019 214
HIST 2020 208
HIST 2021 212
HIST 2022 196
HIST 2023 198
HIST 2024 178
HIST 2025 209
HIST 2026 209
HIST 2027 224
HIST 2028 224
HIST 2029 184
HIST 2030 214
HIST 2031 201
HIST 2032 212
HIST 2033 210
HIST 2034 222
HIST 2035 205
HIST 2036 200
HIST 2037 212
HIST 2038 217
HIST 2039 217
HIST 2040 186
HIST 2041 221
HIST 2042 195
HIST 2043 196
HIST 2044 204
HIST 2045 179
HIST 2046 217
HIST 2047 211
HIST 2048 212
HIST 2049 202
HIST 2050 205
HIST 2051 231
HIST 2052 198
HIST 2053 222
HIST 2054 235
HIST 2055 196
HIST 2056 178
HIST 2057 208
HIST 2058 218
HIST 2059 205
HIST 2060 223
HIST 2061 201
HIST 2062 201
HIST 2063 235
HIST 2064 206
HIST 2065 215
HIST 2066 220
HIST 2067 190
HIST 2068 198
HIST 2069 200
HIST 2070 208
HIST 2071 208
HIST 2072 215
HIST 2073 197
HIST 2074 174
HIST 2075 281
HIST 2076 228
HIST 2077 229
HIST 2078 225
HIST 2079 239
HIST 2080 232
HIST 2081 205
HIST 2082 228
HIST 2083 212
HIST 2084 210
HIST 2085 226
HIST 2086 214
HIST 2087 187
HIST 2088 219
HIST 2089 217
HIST 2090 218
HIST 2091 215
HIST 2092 229
HIST 2093 202
HIST 2094 220
HIST 2095 221
HIST 2096 245
HIST 2097 220
HIST 2098 262
HIST 2099 221
HIST 2100 182
HIST 2101 233
HIST 2102 225
HIST 2103 231
HIST 2104 25583
HIST 2105 239
HIST 2106 267
HIST 2107 255
HIST 2108 248
HIST 2109 241
HIST 2110 272
HIST 2111 279
HIST 2112 259
HIST 2113 240
HIST 2114 275
HIST 2115 246
HIST 2116 253
HIST 2117 292
HIST 2118 277
HIST 2119 243
HIST 2120 265
HIST 2121 294
HIST 2122 263
HIST 2123 273
HIST 2124 280
HIST 2125 255
HIST 2126 258
HIST 2127 268
HIST 2128 270
HIST 2129 272
HIST 2130 283
HIST 2131 242
HIST 2132 274
HIST 2133 273
HIST 2134 272
HIST 2135 286
HIST 2136 283
HIST 2137 247
HIST 2138 255
HIST 2139 301
HIST 2140 292
HIST 2141 251
HIST 2142 267
HIST 2143 245
HIST 2144 266
HIST 2145 271
HIST 2146 283
HIST 2147 257
HIST 2148 269
HIST 2149 263
HIST 2150 274
HIST 2151 249
HIST 2152 252
HIST 2153 240
HIST 2154 245
HIST 2155 280
HIST 2156 293
HIST 2157 245
HIST 2158 264
HIST 2159 267
HIST 2160 283
HIST 2161 267
HIST 2162 263
HIST 2163 271
HIST 2164 262
HIST 2165 233
HIST 2166 244
HIST 2167 268
HIST 2168 257
HIST 2169 232
HIST 2170 281
HIST 2171 284
HIST 2172 277
HIST 2173 255
HIST 2174 277
HIST 2175 265
HIST 2176 286
HIST 2177 290
HIST 2178 251
HIST 2179 272
HIST 2180 273
HIST 2181 271
HIST 2182 249
HIST 2183 283
HIST 2184 245
HIST 2185 273
HIST 2186 263
HIST 2187 254
HIST 2188 244
HIST 2189 276
HIST 2190 267
HIST 2191 275
HIST 2192 291
HIST 2193 288
HIST 2194 256
HIST 2195 273
HIST 2196 303
HIST 2197 279
HIST 2198 279
HIST 2199 274
HIST 2200 268
HIST 2201 294
HIST 2202 296
HIST 2203 253
HIST 2204 301
HIST 2205 262
HIST 2206 286
HIST 2207 282
HIST 2208 268
HIST 2209 266
HIST 2210 280
HIST 2211 276
HIST 2212 245
HIST 2213 333
HIST 2214 250
HIST 2215 303
HIST 2216 289
HIST 2217 257
HIST 2218 291
HIST 2219 272
HIST 2220 305
HIST 2221 288
HIST 2222 299
HIST 2223 284
HIST 2224 279
HIST 2225 286
HIST 2226 273
HIST 2227 279
HIST 2228 300
HIST 2229 297
HIST 2230 316
HIST 2231 279
HIST 2232 303
HIST 2233 299
HIST 2234 268
HIST 2235 276
HIST 2236 282
HIST 2237 283
HIST 2238 272
HIST 2239 267
HIST 2240 269
HIST 2241 287
HIST 2242 287
HIST 2243 298
HIST 2244 304
HIST 2245 305
HIST 2246 311
HIST 2247 273
HIST 2248 310
HIST 2249 282
HIST 2250 295
HIST 2251 276
HIST 2252 286
HIST 2253 299
HIST 2254 299
HIST 2255 311
HIST 2256 311
HIST 2257 293
HIST 2258 297
HIST 2259 268
HIST 2260 324
HIST 2261 312
HIST 2262 301
HIST 2263 299
HIST 2264 281
HIST 2265 285
HIST 2266 278
HIST 2267 278
HIST 2268 282
HIST 2269 287
HIST 2270 272
HIST 2271 309
HIST 2272 300
HIST 2273 258
HIST 2274 301
HIST 2275 298
HIST 2276 313
HIST 2277 311
HIST 2278 284
HIST 2279 336
HIST 2280 279
HIST 2281 314
HIST 2282 263
HIST 2283 325
HIST 2284 276
HIST 2285 284
HIST 2286 295
HIST 2287 297
HIST 2288 304
HIST 2289 294
HIST 2290 328
HIST 2291 326
HIST 2292 293
HIST 2293 287
HIST 2294 323
HIST 2295 305
HIST 2296 275
HIST 2297 318
HIST 2298 308
HIST 2299 305
HIST 2300 276
HIST 2301 320
HIST 2302 292
HIST 2303 314
HIST 2304 321
HIST 2305 294
HIST 2306 319
HIST 2307 335
HIST 2308 290
HIST 2309 313
HIST 2310 307
HIST 2311 286
HIST 2312 297
HIST 2313 305
HIST 2314 328
HIST 2315 286
HIST 2316 265
HIST 2317 309
HIST 2318 310
HIST 2319 304
HIST 2320 300
HIST 2321 314
HIST 2322 356
HIST 2323 341
HIST 2324 290
HIST 2325 324
HIST 2326 320
HIST 2327 326
HIST 2328 336
HIST 2329 326
HIST 2330 278
HIST 2331 291
HIST 2332 349
HIST 2333 343
HIST 2334 305
HIST 2335 299
HIST 2336 338
HIST 2337 330
HIST 2338 345
HIST 2339 325
HIST 2340 304
HIST 2341 319
HIST 2342 315
HIST 2343 300
HIST 2344 319
HIST 2345 336
HIST 2346 363
HIST 2347 328
HIST 2348 339
HIST 2349 319
HIST 2350 313
HIST 2351 333
HIST 2352 351
HIST 2353 323
HIST 2354 313
HIST 2355 335
HIST 2356 307
HIST 2357 317
HIST 2358 315
HIST 2359 299
HIST 2360 353
HIST 2361 321
HIST 2362 349
HIST 2363 311
HIST 2364 320
HIST 2365 311
HIST 2366 324
HIST 2367 320
HIST 2368 311
HIST 2369 281
HIST 2370 324
HIST 2371 324
HIST 2372 305
HIST 2373 318
HIST 2374 284
HIST 2375 297
HIST 2376 319
HIST 2377 300
HIST 2378 301
HIST 2379 303
HIST 2380 281
HIST 2381 282
HIST 2382 276
HIST 2383 233
HIST 2384 196
HIST 2385 208
HIST 2386 204
HIST 2387 197
HIST 2388 189
HIST 2389 184
HIST 2390 174
HIST 2391 169
HIST 2392 190
HIST 2393 168
HIST 2394 163
HIST 2395 168
HIST 2396 167
HIST 2397 156
HIST 2398 156
HIST 2399 166
HIST 2400 172
HIST 2401 146
HIST 2402 169
HIST 2403 134
HIST 2404 155
HIST 2405 113
HIST 2406 146
HIST 2407 149
HIST 2408 137
HIST 2409 142
HIST 2410 139
HIST 2411 124
HIST 2412 125
HIST 2413 104
HIST 2414 126
HIST 2415 124
HIST 2416 131
HIST 2417 106
HIST 2418 99
HIST 2419 103
HIST 2420 108
HIST 2421 101
HIST 2422 103
HIST 2423 97
HIST 2424 88
HIST 2425 107
HIST 2426 108
HIST 2427 97
HIST 2428 99
HIST 2429 103
HIST 2430 98
HIST 2431 93
HIST 2432 104
HIST 2433 93
HIST 2434 88
HIST 2435 97
HIST 2436 81
HIST 2437 58
HIST 2438 76
HIST 2439 85
HIST 2440 97
HIST 2441 87
HIST 2442 89
HIST 2443 63
HIST 2444 78
HIST 2445 90
HIST 2446 69
HIST 2447 63
HIST 2448 64
HIST 2449 66
HIST 2450 69
HIST 2451 64
HIST 2452 58
HIST 2453 50
HIST 2454 48
HIST 2455 70
HIST 2456 53
HIST 2457 50
HIST 2458 51
HIST 2459 45
HIST 2460 51
HIST 2461 43
HIST 2462 68
HIST 2463 51
HIST 2464 51
HIST 2465 45
HIST 2466 55
HIST 2467 36
HIST 2468 46
HIST 2469 36
HIST 2470 47
HIST 2471 33
HIST 2472 46
HIST 2473 38
HIST 2474 38
HIST 2475 51
HIST 2476 44
HIST 2477 34
HIST 2478 34
HIST 2479 33
HIST 2480 31
HIST 2481 23
HIST 2482 29
HIST 2483 29
HIST 2484 33
HIST 2485 32
HIST 2486 33
HIST 2487 30
HIST 2488 26
HIST 2489 28
HIST 2490 23
HIST 2491 17
HIST 2492 29
HIST 2493 28
HIST 2494 21
HIST 2495 26
HIST 2496 33
HIST 2497 36
HIST 2498 33
HIST 2499 28
HIST 2500 28
HIST 2501 22
HIST 2502 19
HIST 2503 25
HIST 2504 28
HIST 2505 25
HIST 2506 16
HIST 2507 18
HIST 2508 16
HIST 2509 16
HIST 2510 20
HIST 2511 13
HIST 2512 22
HIST 2513 15
HIST 2514 20
HIST 2515 25
HIST 2516 17
HIST 2517 13
HIST 2518 11
HIST 2519 18
HIST 2520 14
HIST 2521 9
HIST 2522 10
HIST 2523 18
HIST 2524 15
HIST 2525 19
HIST 2526 23
HIST 2527 14
HIST 2528 10
HIST 2529 21
HIST 2530 16
HIST 2531 16
HIST 2532 10
HIST 2533 12
HIST 2534 19
HIST 2535 9
HIST 2536 14
HIST 2537 16
HIST 2538 5
HIST 2539 12
HIST 2540 8
HIST 2541 12
HIST 2542 8
HIST 2543 15
HIST 2544 7
HIST 2545 11
HIST 2546 8
HIST 2547 5
HIST 2548 8
HIST 2549 10
HIST 2550 12
HIST 2551 11
HIST 2552 10
HIST 2553 7
HIST 2554 8
HIST 2555 2
HIST 2556 7
HIST 2557 13
HIST 2558 13
HIST 2559 8
HIST 2560 13
HIST 2561 4
HIST 2562 7
HIST 2563 10
HIST 2564 9
HIST 2565 11
HIST 2566 7
HIST 2567 10
HIST 2568 7
HIST 2569 11
HIST 2570 7
HIST 2571 8
HIST 2572 6
HIST 2573 4
HIST 2574 5
HIST 2575 8
HIST 2576 9
HIST 2577 5
HIST 2578 10
HIST 2579 5
HIST 2580 6
HIST 2581 26
HIST 2582 75
HIST 2583 8
HIST 2584 7
HIST 2585 7
HIST 2586 278
HIST 2587 3
HIST 2588 8
HIST 2589 8
HIST 2590 9
HIST 2591 11
HIST 2592 5
HIST 2593 9
HIST 2594 10
HIST 2595 1
HIST 2596 3
HIST 2597 5
HIST 2598 11
HIST 2599 15
HIST 2600 4
HIST 2601 9
HIST 2602 8
HIST 2603 6
HIST 2604 10
HIST 2605 8
HIST 2606 11
HIST 2607 4
HIST 2608 8
HIST 2609 5
HIST 2610 5
HIST 2611 13
HIST 2612 13
HIST 2613 6
HIST 2614 6
HIST 2615 124371
HISTEND
