SETUP correlatedGamma=0 twoJmax=10 vacuum=1 seed=0 killesc=1 killcarry=0 fullcarry=0
CUTS (production thresholds per material couple):
 Material : G4_Galactic
 Range cuts        :  gamma  1 mm     e-  1 mm     e+  1 mm  proton 1 mm 
 Energy thresholds :  gamma  990 eV     e-  990 eV     e+  990 eV  proton 100 keV
 Material : scene_mat_4
 Range cuts        :  gamma  1 mm     e-  1 mm     e+  1 mm  proton 1 mm 
 Energy thresholds :  gamma  38.9651 keV    e-  738.26 keV    e+  703.709 keV proton 100 keV
 Material : scene_mat_3
 Range cuts        :  gamma  1 mm     e-  1 mm     e+  1 mm  proton 1 mm 
 Energy thresholds :  gamma  6.91691 keV    e-  597.603 keV    e+  574.29 keV proton 100 keV
 Material : scene_mat_2
 Range cuts        :  gamma  1 mm     e-  1 mm     e+  1 mm  proton 1 mm 
 Energy thresholds :  gamma  990 eV     e-  990 eV     e+  990 eV  proton 100 keV
 Material : scene_mat_1
 Range cuts        :  gamma  1 mm     e-  1 mm     e+  1 mm  proton 1 mm 
 Energy thresholds :  gamma  3.38683 keV    e-  268.033 keV    e+  261.068 keV proton 100 keV
 Material : scene_mat_0
 Range cuts        :  gamma  1 mm     e-  1 mm     e+  1 mm  proton 1 mm 
 Energy thresholds :  gamma  29.856 keV    e-  620.515 keV    e+  592.153 keV proton 100 keV
RESULT decays=8000000
RESULT any=758138 eps_total=9.476725e-02
RESULT window=1460.820 counts=206148 eps=2.576850e-02
HISTBEGIN bins=1462 bin_kev=1.000000 decays=8000000
HIST 0 120
HIST 1 330
HIST 2 331
HIST 3 367
HIST 4 398
HIST 5 440
HIST 6 421
HIST 7 414
HIST 8 459
HIST 9 467
HIST 10 416
HIST 11 460
HIST 12 408
HIST 13 438
HIST 14 373
HIST 15 424
HIST 16 454
HIST 17 449
HIST 18 423
HIST 19 424
HIST 20 454
HIST 21 480
HIST 22 466
HIST 23 487
HIST 24 431
HIST 25 433
HIST 26 448
HIST 27 446
HIST 28 420
HIST 29 426
HIST 30 448
HIST 31 392
HIST 32 695
HIST 33 666
HIST 34 462
HIST 35 447
HIST 36 499
HIST 37 440
HIST 38 464
HIST 39 465
HIST 40 465
HIST 41 392
HIST 42 469
HIST 43 419
HIST 44 443
HIST 45 448
HIST 46 445
HIST 47 437
HIST 48 431
HIST 49 461
HIST 50 436
HIST 51 424
HIST 52 416
HIST 53 407
HIST 54 473
HIST 55 432
HIST 56 463
HIST 57 440
HIST 58 435
HIST 59 448
HIST 60 431
HIST 61 395
HIST 62 483
HIST 63 457
HIST 64 437
HIST 65 482
HIST 66 452
HIST 67 451
HIST 68 463
HIST 69 443
HIST 70 431
HIST 71 445
HIST 72 446
HIST 73 424
HIST 74 433
HIST 75 421
HIST 76 438
HIST 77 458
HIST 78 419
HIST 79 463
HIST 80 433
HIST 81 459
HIST 82 443
HIST 83 421
HIST 84 454
HIST 85 429
HIST 86 452
HIST 87 462
HIST 88 439
HIST 89 449
HIST 90 1220
HIST 91 483
HIST 92 463
HIST 93 434
HIST 94 1783
HIST 95 417
HIST 96 451
HIST 97 429
HIST 98 436
HIST 99 418
HIST 100 435
HIST 101 437
HIST 102 451
HIST 103 434
HIST 104 422
HIST 105 647
HIST 106 822
HIST 107 445
HIST 108 419
HIST 109 645
HIST 110 456
HIST 111 446
HIST 112 414
HIST 113 454
HIST 114 423
HIST 115 437
HIST 116 422
HIST 117 420
HIST 118 425
HIST 119 445
HIST 120 415
HIST 121 444
HIST 122 442
HIST 123 464
HIST 124 470
HIST 125 464
HIST 126 442
HIST 127 430
HIST 128 458
HIST 129 456
HIST 130 468
HIST 131 444
HIST 132 429
HIST 133 439
HIST 134 486
HIST 135 448
HIST 136 519
HIST 137 468
HIST 138 468
HIST 139 452
HIST 140 462
HIST 141 464
HIST 142 447
HIST 143 514
HIST 144 462
HIST 145 445
HIST 146 477
HIST 147 469
HIST 148 476
HIST 149 460
HIST 150 502
HIST 151 499
HIST 152 493
HIST 153 452
HIST 154 491
HIST 155 472
HIST 156 488
HIST 157 455
HIST 158 441
HIST 159 509
HIST 160 491
HIST 161 466
HIST 162 474
HIST 163 490
HIST 164 509
HIST 165 457
HIST 166 507
HIST 167 480
HIST 168 460
HIST 169 506
HIST 170 434
HIST 171 489
HIST 172 477
HIST 173 475
HIST 174 471
HIST 175 506
HIST 176 490
HIST 177 469
HIST 178 461
HIST 179 491
HIST 180 456
HIST 181 485
HIST 182 495
HIST 183 460
HIST 184 499
HIST 185 483
HIST 186 488
HIST 187 458
HIST 188 478
HIST 189 525
HIST 190 466
HIST 191 485
HIST 192 427
HIST 193 483
HIST 194 493
HIST 195 497
HIST 196 442
HIST 197 501
HIST 198 484
HIST 199 492
HIST 200 483
HIST 201 522
HIST 202 459
HIST 203 451
HIST 204 530
HIST 205 465
HIST 206 466
HIST 207 482
HIST 208 493
HIST 209 476
HIST 210 469
HIST 211 468
HIST 212 522
HIST 213 500
HIST 214 513
HIST 215 497
HIST 216 487
HIST 217 552
HIST 218 574
HIST 219 582
HIST 220 607
HIST 221 609
HIST 222 611
HIST 223 588
HIST 224 592
HIST 225 611
HIST 226 596
HIST 227 597
HIST 228 628
HIST 229 655
HIST 230 588
HIST 231 578
HIST 232 598
HIST 233 578
HIST 234 633
HIST 235 584
HIST 236 590
HIST 237 616
HIST 238 667
HIST 239 714
HIST 240 650
HIST 241 668
HIST 242 628
HIST 243 626
HIST 244 650
HIST 245 626
HIST 246 613
HIST 247 641
HIST 248 674
HIST 249 667
HIST 250 673
HIST 251 676
HIST 252 704
HIST 253 675
HIST 254 609
HIST 255 630
HIST 256 583
HIST 257 643
HIST 258 661
HIST 259 640
HIST 260 644
HIST 261 647
HIST 262 692
HIST 263 656
HIST 264 614
HIST 265 664
HIST 266 625
HIST 267 652
HIST 268 657
HIST 269 608
HIST 270 636
HIST 271 662
HIST 272 627
HIST 273 641
HIST 274 630
HIST 275 679
HIST 276 624
HIST 277 594
HIST 278 603
HIST 279 642
HIST 280 623
HIST 281 642
HIST 282 645
HIST 283 589
HIST 284 642
HIST 285 628
HIST 286 617
HIST 287 634
HIST 288 651
HIST 289 670
HIST 290 661
HIST 291 643
HIST 292 600
HIST 293 640
HIST 294 592
HIST 295 587
HIST 296 619
HIST 297 627
HIST 298 606
HIST 299 615
HIST 300 630
HIST 301 581
HIST 302 586
HIST 303 596
HIST 304 558
HIST 305 603
HIST 306 578
HIST 307 607
HIST 308 629
HIST 309 600
HIST 310 613
HIST 311 632
HIST 312 550
HIST 313 584
HIST 314 563
HIST 315 574
HIST 316 599
HIST 317 572
HIST 318 594
HIST 319 623
HIST 320 577
HIST 321 587
HIST 322 583
HIST 323 599
HIST 324 570
HIST 325 554
HIST 326 587
HIST 327 575
HIST 328 577
HIST 329 573
HIST 330 588
HIST 331 552
HIST 332 559
HIST 333 575
HIST 334 537
HIST 335 561
HIST 336 590
HIST 337 575
HIST 338 568
HIST 339 560
HIST 340 500
HIST 341 559
HIST 342 541
HIST 343 533
HIST 344 565
HIST 345 491
HIST 346 552
HIST 347 530
HIST 348 537
HIST 349 534
HIST 350 492
HIST 351 545
HIST 352 500
HIST 353 518
HIST 354 536
HIST 355 520
HIST 356 499
HIST 357 527
HIST 358 521
HIST 359 527
HIST 360 534
HIST 361 510
HIST 362 501
HIST 363 499
HIST 364 462
HIST 365 523
HIST 366 496
HIST 367 522
HIST 368 501
HIST 369 461
HIST 370 518
HIST 371 483
HIST 372 505
HIST 373 495
HIST 374 532
HIST 375 490
HIST 376 473
HIST 377 474
HIST 378 508
HIST 379 533
HIST 380 503
HIST 381 553
HIST 382 492
HIST 383 488
HIST 384 505
HIST 385 491
HIST 386 476
HIST 387 462
HIST 388 465
HIST 389 456
HIST 390 470
HIST 391 478
HIST 392 480
HIST 393 475
HIST 394 454
HIST 395 464
HIST 396 481
HIST 397 466
HIST 398 464
HIST 399 472
HIST 400 521
HIST 401 493
HIST 402 459
HIST 403 462
HIST 404 467
HIST 405 493
HIST 406 474
HIST 407 463
HIST 408 453
HIST 409 489
HIST 410 447
HIST 411 469
HIST 412 461
HIST 413 424
HIST 414 467
HIST 415 459
HIST 416 461
HIST 417 465
HIST 418 421
HIST 419 485
HIST 420 462
HIST 421 432
HIST 422 459
HIST 423 417
HIST 424 417
HIST 425 450
HIST 426 466
HIST 427 417
HIST 428 395
HIST 429 449
HIST 430 406
HIST 431 447
HIST 432 428
HIST 433 396
HIST 434 405
HIST 435 459
HIST 436 410
HIST 437 441
HIST 438 401
HIST 439 1700
HIST 440 424
HIST 441 435
HIST 442 437
HIST 443 419
HIST 444 440
HIST 445 442
HIST 446 439
HIST 447 391
HIST 448 425
HIST 449 443
HIST 450 416
HIST 451 419
HIST 452 414
HIST 453 406
HIST 454 384
HIST 455 458
HIST 456 486
HIST 457 444
HIST 458 438
HIST 459 413
HIST 460 396
HIST 461 400
HIST 462 409
HIST 463 403
HIST 464 397
HIST 465 422
HIST 466 417
HIST 467 408
HIST 468 407
HIST 469 372
HIST 470 406
HIST 471 401
HIST 472 397
HIST 473 427
HIST 474 422
HIST 475 412
HIST 476 432
HIST 477 427
HIST 478 415
HIST 479 368
HIST 480 378
HIST 481 403
HIST 482 392
HIST 483 380
HIST 484 433
HIST 485 407
HIST 486 382
HIST 487 405
HIST 488 392
HIST 489 399
HIST 490 391
HIST 491 377
HIST 492 401
HIST 493 404
HIST 494 409
HIST 495 389
HIST 496 374
HIST 497 395
HIST 498 385
HIST 499 396
HIST 500 385
HIST 501 357
HIST 502 426
HIST 503 411
HIST 504 386
HIST 505 382
HIST 506 385
HIST 507 383
HIST 508 404
HIST 509 384
HIST 510 384
HIST 511 2137
HIST 512 396
HIST 513 363
HIST 514 378
HIST 515 387
HIST 516 393
HIST 517 396
HIST 518 368
HIST 519 351
HIST 520 350
HIST 521 369
HIST 522 409
HIST 523 378
HIST 524 386
HIST 525 410
HIST 526 389
HIST 527 369
HIST 528 367
HIST 529 349
HIST 530 381
HIST 531 359
HIST 532 361
HIST 533 350
HIST 534 391
HIST 535 378
HIST 536 391
HIST 537 358
HIST 538 375
HIST 539 375
HIST 540 365
HIST 541 379
HIST 542 346
HIST 543 356
HIST 544 375
HIST 545 364
HIST 546 380
HIST 547 334
HIST 548 389
HIST 549 367
HIST 550 360
HIST 551 386
HIST 552 363
HIST 553 360
HIST 554 371
HIST 555 359
HIST 556 370
HIST 557 353
HIST 558 340
HIST 559 344
HIST 560 368
HIST 561 379
HIST 562 375
HIST 563 388
HIST 564 356
HIST 565 351
HIST 566 339
HIST 567 370
HIST 568 363
HIST 569 366
HIST 570 358
HIST 571 364
HIST 572 346
HIST 573 346
HIST 574 369
HIST 575 363
HIST 576 347
HIST 577 364
HIST 578 381
HIST 579 333
HIST 580 358
HIST 581 358
HIST 582 371
HIST 583 413
HIST 584 353
HIST 585 386
HIST 586 368
HIST 587 329
HIST 588 354
HIST 589 352
HIST 590 353
HIST 591 334
HIST 592 329
HIST 593 353
HIST 594 366
HIST 595 340
HIST 596 380
HIST 597 347
HIST 598 343
HIST 599 375
HIST 600 351
HIST 601 281
HIST 602 327
HIST 603 356
HIST 604 329
HIST 605 344
HIST 606 354
HIST 607 324
HIST 608 343
HIST 609 354
HIST 610 351
HIST 611 336
HIST 612 327
HIST 613 338
HIST 614 347
HIST 615 372
HIST 616 344
HIST 617 312
HIST 618 313
HIST 619 366
HIST 620 345
HIST 621 348
HIST 622 334
HIST 623 361
HIST 624 312
HIST 625 322
HIST 626 339
HIST 627 348
HIST 628 337
HIST 629 314
HIST 630 356
HIST 631 341
HIST 632 351
HIST 633 378
HIST 634 317
HIST 635 373
HIST 636 363
HIST 637 363
HIST 638 306
HIST 639 337
HIST 640 331
HIST 641 326
HIST 642 299
HIST 643 347
HIST 644 320
HIST 645 345
HIST 646 327
HIST 647 322
HIST 648 329
HIST 649 329
HIST 650 336
HIST 651 310
HIST 652 361
HIST 653 337
HIST 654 322
HIST 655 386
HIST 656 329
HIST 657 308
HIST 658 335
HIST 659 341
HIST 660 316
HIST 661 332
HIST 662 359
HIST 663 365
HIST 664 336
HIST 665 352
HIST 666 327
HIST 667 320
HIST 668 325
HIST 669 359
HIST 670 335
HIST 671 325
HIST 672 320
HIST 673 366
HIST 674 345
HIST 675 314
HIST 676 350
HIST 677 351
HIST 678 313
HIST 679 360
HIST 680 340
HIST 681 322
HIST 682 334
HIST 683 343
HIST 684 319
HIST 685 339
HIST 686 322
HIST 687 353
HIST 688 320
HIST 689 319
HIST 690 345
HIST 691 306
HIST 692 322
HIST 693 319
HIST 694 314
HIST 695 328
HIST 696 326
HIST 697 377
HIST 698 317
HIST 699 315
HIST 700 297
HIST 701 329
HIST 702 323
HIST 703 338
HIST 704 364
HIST 705 324
HIST 706 337
HIST 707 347
HIST 708 308
HIST 709 339
HIST 710 332
HIST 711 329
HIST 712 315
HIST 713 365
HIST 714 319
HIST 715 331
HIST 716 336
HIST 717 341
HIST 718 335
HIST 719 349
HIST 720 341
HIST 721 337
HIST 722 297
HIST 723 320
HIST 724 325
HIST 725 328
HIST 726 309
HIST 727 361
HIST 728 339
HIST 729 316
HIST 730 349
HIST 731 318
HIST 732 292
HIST 733 324
HIST 734 293
HIST 735 331
HIST 736 304
HIST 737 343
HIST 738 352
HIST 739 329
HIST 740 318
HIST 741 341
HIST 742 347
HIST 743 350
HIST 744 339
HIST 745 352
HIST 746 317
HIST 747 313
HIST 748 325
HIST 749 343
HIST 750 336
HIST 751 337
HIST 752 339
HIST 753 320
HIST 754 301
HIST 755 335
HIST 756 321
HIST 757 339
HIST 758 332
HIST 759 299
HIST 760 337
HIST 761 307
HIST 762 341
HIST 763 339
HIST 764 292
HIST 765 348
HIST 766 357
HIST 767 319
HIST 768 306
HIST 769 308
HIST 770 315
HIST 771 293
HIST 772 313
HIST 773 347
HIST 774 299
HIST 775 322
HIST 776 352
HIST 777 324
HIST 778 321
HIST 779 345
HIST 780 296
HIST 781 321
HIST 782 325
HIST 783 285
HIST 784 321
HIST 785 384
HIST 786 315
HIST 787 331
HIST 788 328
HIST 789 322
HIST 790 348
HIST 791 330
HIST 792 332
HIST 793 305
HIST 794 307
HIST 795 354
HIST 796 293
HIST 797 317
HIST 798 321
HIST 799 347
HIST 800 309
HIST 801 330
HIST 802 319
HIST 803 361
HIST 804 325
HIST 805 332
HIST 806 313
HIST 807 374
HIST 808 311
HIST 809 331
HIST 810 355
HIST 811 347
HIST 812 354
HIST 813 311
HIST 814 276
HIST 815 350
HIST 816 389
HIST 817 332
HIST 818 357
HIST 819 320
HIST 820 325
HIST 821 299
HIST 822 346
HIST 823 331
HIST 824 299
HIST 825 353
HIST 826 318
HIST 827 348
HIST 828 329
HIST 829 342
HIST 830 327
HIST 831 343
HIST 832 350
HIST 833 327
HIST 834 304
HIST 835 328
HIST 836 326
HIST 837 334
HIST 838 345
HIST 839 347
HIST 840 316
HIST 841 300
HIST 842 331
HIST 843 348
HIST 844 341
HIST 845 337
HIST 846 336
HIST 847 326
HIST 848 358
HIST 849 361
HIST 850 374
HIST 851 335
HIST 852 332
HIST 853 328
HIST 854 318
HIST 855 344
HIST 856 333
HIST 857 334
HIST 858 322
HIST 859 350
HIST 860 303
HIST 861 332
HIST 862 323
HIST 863 333
HIST 864 305
HIST 865 315
HIST 866 345
HIST 867 328
HIST 868 327
HIST 869 328
HIST 870 343
HIST 871 360
HIST 872 316
HIST 873 335
HIST 874 329
HIST 875 300
HIST 876 351
HIST 877 331
HIST 878 357
HIST 879 327
HIST 880 338
HIST 881 361
HIST 882 313
HIST 883 344
HIST 884 342
HIST 885 331
HIST 886 315
HIST 887 326
HIST 888 328
HIST 889 330
HIST 890 329
HIST 891 371
HIST 892 336
HIST 893 367
HIST 894 332
HIST 895 351
HIST 896 346
HIST 897 296
HIST 898 329
HIST 899 348
HIST 900 335
HIST 901 341
HIST 902 335
HIST 903 342
HIST 904 354
HIST 905 334
HIST 906 313
HIST 907 343
HIST 908 329
HIST 909 349
HIST 910 353
HIST 911 400
HIST 912 345
HIST 913 298
HIST 914 339
HIST 915 337
HIST 916 390
HIST 917 304
HIST 918 352
HIST 919 362
HIST 920 351
HIST 921 353
HIST 922 350
HIST 923 357
HIST 924 354
HIST 925 367
HIST 926 327
HIST 927 354
HIST 928 341
HIST 929 340
HIST 930 346
HIST 931 352
HIST 932 334
HIST 933 379
HIST 934 339
HIST 935 369
HIST 936 375
HIST 937 363
HIST 938 356
HIST 939 348
HIST 940 323
HIST 941 370
HIST 942 340
HIST 943 329
HIST 944 342
HIST 945 340
HIST 946 363
HIST 947 358
HIST 948 359
HIST 949 336
HIST 950 3570
HIST 951 342
HIST 952 345
HIST 953 368
HIST 954 353
HIST 955 342
HIST 956 335
HIST 957 350
HIST 958 352
HIST 959 378
HIST 960 335
HIST 961 368
HIST 962 335
HIST 963 351
HIST 964 351
HIST 965 355
HIST 966 365
HIST 967 354
HIST 968 367
HIST 969 347
HIST 970 318
HIST 971 334
HIST 972 368
HIST 973 329
HIST 974 342
HIST 975 340
HIST 976 350
HIST 977 352
HIST 978 368
HIST 979 332
HIST 980 350
HIST 981 361
HIST 982 360
HIST 983 374
HIST 984 354
HIST 985 370
HIST 986 370
HIST 987 383
HIST 988 375
HIST 989 348
HIST 990 372
HIST 991 338
HIST 992 395
HIST 993 363
HIST 994 361
HIST 995 404
HIST 996 340
HIST 997 384
HIST 998 370
HIST 999 355
HIST 1000 418
HIST 1001 361
HIST 1002 382
HIST 1003 373
HIST 1004 362
HIST 1005 340
HIST 1006 418
HIST 1007 321
HIST 1008 390
HIST 1009 376
HIST 1010 375
HIST 1011 389
HIST 1012 385
HIST 1013 347
HIST 1014 388
HIST 1015 417
HIST 1016 383
HIST 1017 402
HIST 1018 396
HIST 1019 364
HIST 1020 364
HIST 1021 385
HIST 1022 423
HIST 1023 394
HIST 1024 398
HIST 1025 383
HIST 1026 392
HIST 1027 349
HIST 1028 369
HIST 1029 399
HIST 1030 363
HIST 1031 351
HIST 1032 365
HIST 1033 378
HIST 1034 376
HIST 1035 411
HIST 1036 385
HIST 1037 369
HIST 1038 371
HIST 1039 370
HIST 1040 372
HIST 1041 387
HIST 1042 362
HIST 1043 399
HIST 1044 388
HIST 1045 349
HIST 1046 376
HIST 1047 376
HIST 1048 371
HIST 1049 366
HIST 1050 410
HIST 1051 430
HIST 1052 391
HIST 1053 395
HIST 1054 397
HIST 1055 419
HIST 1056 375
HIST 1057 416
HIST 1058 395
HIST 1059 369
HIST 1060 403
HIST 1061 372
HIST 1062 412
HIST 1063 404
HIST 1064 404
HIST 1065 395
HIST 1066 405
HIST 1067 406
HIST 1068 395
HIST 1069 412
HIST 1070 404
HIST 1071 428
HIST 1072 416
HIST 1073 407
HIST 1074 403
HIST 1075 380
HIST 1076 371
HIST 1077 425
HIST 1078 385
HIST 1079 414
HIST 1080 350
HIST 1081 394
HIST 1082 402
HIST 1083 442
HIST 1084 455
HIST 1085 441
HIST 1086 424
HIST 1087 403
HIST 1088 396
HIST 1089 409
HIST 1090 397
HIST 1091 383
HIST 1092 391
HIST 1093 421
HIST 1094 397
HIST 1095 398
HIST 1096 394
HIST 1097 412
HIST 1098 420
HIST 1099 420
HIST 1100 435
HIST 1101 404
HIST 1102 414
HIST 1103 434
HIST 1104 401
HIST 1105 402
HIST 1106 452
HIST 1107 410
HIST 1108 418
HIST 1109 464
HIST 1110 421
HIST 1111 420
HIST 1112 410
HIST 1113 420
HIST 1114 423
HIST 1115 432
HIST 1116 433
HIST 1117 440
HIST 1118 416
HIST 1119 390
HIST 1120 396
HIST 1121 440
HIST 1122 410
HIST 1123 407
HIST 1124 443
HIST 1125 388
HIST 1126 427
HIST 1127 415
HIST 1128 416
HIST 1129 433
HIST 1130 449
HIST 1131 426
HIST 1132 455
HIST 1133 441
HIST 1134 436
HIST 1135 445
HIST 1136 456
HIST 1137 427
HIST 1138 414
HIST 1139 456
HIST 1140 457
HIST 1141 436
HIST 1142 427
HIST 1143 426
HIST 1144 445
HIST 1145 411
HIST 1146 436
HIST 1147 460
HIST 1148 485
HIST 1149 414
HIST 1150 468
HIST 1151 458
HIST 1152 414
HIST 1153 449
HIST 1154 438
HIST 1155 459
HIST 1156 451
HIST 1157 462
HIST 1158 471
HIST 1159 435
HIST 1160 472
HIST 1161 448
HIST 1162 481
HIST 1163 463
HIST 1164 441
HIST 1165 415
HIST 1166 451
HIST 1167 444
HIST 1168 454
HIST 1169 467
HIST 1170 424
HIST 1171 476
HIST 1172 460
HIST 1173 479
HIST 1174 457
HIST 1175 451
HIST 1176 460
HIST 1177 469
HIST 1178 468
HIST 1179 453
HIST 1180 470
HIST 1181 505
HIST 1182 494
HIST 1183 484
HIST 1184 512
HIST 1185 480
HIST 1186 455
HIST 1187 493
HIST 1188 473
HIST 1189 467
HIST 1190 466
HIST 1191 465
HIST 1192 486
HIST 1193 482
HIST 1194 493
HIST 1195 458
HIST 1196 496
HIST 1197 482
HIST 1198 491
HIST 1199 532
HIST 1200 487
HIST 1201 470
HIST 1202 525
HIST 1203 472
HIST 1204 505
HIST 1205 488
HIST 1206 476
HIST 1207 474
HIST 1208 523
HIST 1209 495
HIST 1210 493
HIST 1211 496
HIST 1212 468
HIST 1213 499
HIST 1214 523
HIST 1215 458
HIST 1216 468
HIST 1217 521
HIST 1218 469
HIST 1219 509
HIST 1220 522
HIST 1221 476
HIST 1222 537
HIST 1223 539
HIST 1224 502
HIST 1225 496
HIST 1226 529
HIST 1227 522
HIST 1228 520
HIST 1229 470
HIST 1230 486
HIST 1231 469
HIST 1232 514
HIST 1233 513
HIST 1234 500
HIST 1235 508
HIST 1236 509
HIST 1237 552
HIST 1238 493
HIST 1239 435
HIST 1240 473
HIST 1241 485
HIST 1242 397
HIST 1243 395
HIST 1244 383
HIST 1245 327
HIST 1246 297
HIST 1247 272
HIST 1248 250
HIST 1249 280
HIST 1250 271
HIST 1251 237
HIST 1252 266
HIST 1253 241
HIST 1254 257
HIST 1255 220
HIST 1256 237
HIST 1257 232
HIST 1258 207
HIST 1259 209
HIST 1260 218
HIST 1261 218
HIST 1262 200
HIST 1263 190
HIST 1264 200
HIST 1265 202
HIST 1266 204
HIST 1267 188
HIST 1268 222
HIST 1269 207
HIST 1270 177
HIST 1271 178
HIST 1272 193
HIST 1273 151
HIST 1274 174
HIST 1275 174
HIST 1276 170
HIST 1277 152
HIST 1278 164
HIST 1279 131
HIST 1280 145
HIST 1281 136
HIST 1282 142
HIST 1283 144
HIST 1284 137
HIST 1285 152
HIST 1286 136
HIST 1287 125
HIST 1288 123
HIST 1289 120
HIST 1290 130
HIST 1291 129
HIST 1292 103
HIST 1293 129
HIST 1294 97
HIST 1295 129
HIST 1296 114
HIST 1297 105
HIST 1298 118
HIST 1299 107
HIST 1300 108
HIST 1301 110
HIST 1302 121
HIST 1303 96
HIST 1304 119
HIST 1305 99
HIST 1306 104
HIST 1307 94
HIST 1308 106
HIST 1309 105
HIST 1310 93
HIST 1311 75
HIST 1312 84
HIST 1313 90
HIST 1314 86
HIST 1315 83
HIST 1316 89
HIST 1317 86
HIST 1318 73
HIST 1319 92
HIST 1320 74
HIST 1321 85
HIST 1322 76
HIST 1323 70
HIST 1324 73
HIST 1325 65
HIST 1326 75
HIST 1327 76
HIST 1328 64
HIST 1329 68
HIST 1330 69
HIST 1331 51
HIST 1332 89
HIST 1333 69
HIST 1334 71
HIST 1335 48
HIST 1336 44
HIST 1337 63
HIST 1338 65
HIST 1339 49
HIST 1340 59
HIST 1341 51
HIST 1342 54
HIST 1343 60
HIST 1344 42
HIST 1345 59
HIST 1346 52
HIST 1347 38
HIST 1348 59
HIST 1349 58
HIST 1350 44
HIST 1351 47
HIST 1352 55
HIST 1353 46
HIST 1354 52
HIST 1355 49
HIST 1356 53
HIST 1357 44
HIST 1358 55
HIST 1359 57
HIST 1360 38
HIST 1361 51
HIST 1362 57
HIST 1363 41
HIST 1364 44
HIST 1365 50
HIST 1366 58
HIST 1367 50
HIST 1368 49
HIST 1369 48
HIST 1370 43
HIST 1371 34
HIST 1372 49
HIST 1373 39
HIST 1374 55
HIST 1375 44
HIST 1376 40
HIST 1377 47
HIST 1378 35
HIST 1379 47
HIST 1380 54
HIST 1381 26
HIST 1382 46
HIST 1383 28
HIST 1384 34
HIST 1385 24
HIST 1386 37
HIST 1387 29
HIST 1388 36
HIST 1389 28
HIST 1390 31
HIST 1391 35
HIST 1392 30
HIST 1393 43
HIST 1394 33
HIST 1395 34
HIST 1396 34
HIST 1397 38
HIST 1398 26
HIST 1399 35
HIST 1400 34
HIST 1401 32
HIST 1402 37
HIST 1403 32
HIST 1404 33
HIST 1405 35
HIST 1406 35
HIST 1407 34
HIST 1408 37
HIST 1409 29
HIST 1410 36
HIST 1411 35
HIST 1412 28
HIST 1413 35
HIST 1414 29
HIST 1415 26
HIST 1416 27
HIST 1417 38
HIST 1418 34
HIST 1419 24
HIST 1420 35
HIST 1421 29
HIST 1422 32
HIST 1423 30
HIST 1424 25
HIST 1425 27
HIST 1426 26
HIST 1427 18
HIST 1428 59
HIST 1429 127
HIST 1430 27
HIST 1431 32
HIST 1432 341
HIST 1433 171
HIST 1434 27
HIST 1435 35
HIST 1436 24
HIST 1437 23
HIST 1438 13
HIST 1439 17
HIST 1440 32
HIST 1441 30
HIST 1442 17
HIST 1443 22
HIST 1444 16
HIST 1445 14
HIST 1446 20
HIST 1447 21
HIST 1448 25
HIST 1449 17
HIST 1450 23
HIST 1451 18
HIST 1452 23
HIST 1453 17
HIST 1454 19
HIST 1455 20
HIST 1456 24
HIST 1457 24
HIST 1458 30
HIST 1459 28
HIST 1460 21
HIST 1461 206239
HISTEND
