SETUP correlatedGamma=0 twoJmax=10 vacuum=1 seed=0 killesc=0 killcarry=0 fullcarry=0
CUTS (production thresholds per material couple):
 Material : G4_Galactic
 Range cuts        :  gamma  1 mm     e-  1 mm     e+  1 mm  proton 1 mm 
 Energy thresholds :  gamma  990 eV     e-  990 eV     e+  990 eV  proton 100 keV
 Material : scene_mat_3
 Range cuts        :  gamma  1 mm     e-  1 mm     e+  1 mm  proton 1 mm 
 Energy thresholds :  gamma  38.9651 keV    e-  738.26 keV    e+  703.709 keV proton 100 keV
 Material : scene_mat_2
 Range cuts        :  gamma  1 mm     e-  1 mm     e+  1 mm  proton 1 mm 
 Energy thresholds :  gamma  6.91691 keV    e-  597.603 keV    e+  574.29 keV proton 100 keV
 Material : scene_mat_1
 Range cuts        :  gamma  1 mm     e-  1 mm     e+  1 mm  proton 1 mm 
 Energy thresholds :  gamma  3.38683 keV    e-  268.033 keV    e+  261.068 keV proton 100 keV
 Material : scene_mat_0
 Range cuts        :  gamma  1 mm     e-  1 mm     e+  1 mm  proton 1 mm 
 Energy thresholds :  gamma  29.856 keV    e-  620.515 keV    e+  592.153 keV proton 100 keV
RESULT decays=8000000
RESULT any=737775 eps_total=9.222187e-02
RESULT window=1460.820 counts=218230 eps=2.727875e-02
HISTBEGIN bins=1462 bin_kev=1.000000 decays=8000000
HIST 0 104
HIST 1 287
HIST 2 290
HIST 3 300
HIST 4 315
HIST 5 378
HIST 6 344
HIST 7 373
HIST 8 398
HIST 9 406
HIST 10 389
HIST 11 384
HIST 12 368
HIST 13 399
HIST 14 310
HIST 15 362
HIST 16 418
HIST 17 393
HIST 18 392
HIST 19 362
HIST 20 378
HIST 21 400
HIST 22 418
HIST 23 416
HIST 24 375
HIST 25 370
HIST 26 375
HIST 27 388
HIST 28 370
HIST 29 369
HIST 30 388
HIST 31 320
HIST 32 746
HIST 33 701
HIST 34 392
HIST 35 394
HIST 36 502
HIST 37 401
HIST 38 429
HIST 39 405
HIST 40 405
HIST 41 356
HIST 42 419
HIST 43 399
HIST 44 395
HIST 45 395
HIST 46 389
HIST 47 392
HIST 48 383
HIST 49 409
HIST 50 399
HIST 51 396
HIST 52 400
HIST 53 364
HIST 54 398
HIST 55 364
HIST 56 393
HIST 57 362
HIST 58 380
HIST 59 381
HIST 60 381
HIST 61 340
HIST 62 423
HIST 63 411
HIST 64 372
HIST 65 395
HIST 66 373
HIST 67 406
HIST 68 390
HIST 69 408
HIST 70 361
HIST 71 404
HIST 72 394
HIST 73 379
HIST 74 364
HIST 75 367
HIST 76 384
HIST 77 384
HIST 78 381
HIST 79 408
HIST 80 386
HIST 81 390
HIST 82 381
HIST 83 384
HIST 84 398
HIST 85 364
HIST 86 389
HIST 87 381
HIST 88 392
HIST 89 369
HIST 90 1080
HIST 91 407
HIST 92 379
HIST 93 373
HIST 94 1687
HIST 95 381
HIST 96 362
HIST 97 384
HIST 98 363
HIST 99 375
HIST 100 383
HIST 101 374
HIST 102 396
HIST 103 375
HIST 104 411
HIST 105 567
HIST 106 721
HIST 107 381
HIST 108 383
HIST 109 597
HIST 110 431
HIST 111 356
HIST 112 364
HIST 113 385
HIST 114 385
HIST 115 361
HIST 116 379
HIST 117 398
HIST 118 368
HIST 119 386
HIST 120 379
HIST 121 396
HIST 122 376
HIST 123 399
HIST 124 413
HIST 125 373
HIST 126 374
HIST 127 378
HIST 128 370
HIST 129 408
HIST 130 390
HIST 131 381
HIST 132 361
HIST 133 368
HIST 134 373
HIST 135 396
HIST 136 446
HIST 137 401
HIST 138 373
HIST 139 401
HIST 140 357
HIST 141 417
HIST 142 340
HIST 143 394
HIST 144 389
HIST 145 371
HIST 146 383
HIST 147 387
HIST 148 366
HIST 149 372
HIST 150 402
HIST 151 391
HIST 152 419
HIST 153 372
HIST 154 414
HIST 155 384
HIST 156 399
HIST 157 382
HIST 158 354
HIST 159 407
HIST 160 397
HIST 161 378
HIST 162 399
HIST 163 384
HIST 164 412
HIST 165 375
HIST 166 391
HIST 167 412
HIST 168 397
HIST 169 387
HIST 170 356
HIST 171 368
HIST 172 389
HIST 173 381
HIST 174 387
HIST 175 418
HIST 176 405
HIST 177 415
HIST 178 411
HIST 179 412
HIST 180 391
HIST 181 415
HIST 182 437
HIST 183 393
HIST 184 431
HIST 185 406
HIST 186 413
HIST 187 410
HIST 188 388
HIST 189 434
HIST 190 390
HIST 191 407
HIST 192 384
HIST 193 397
HIST 194 410
HIST 195 407
HIST 196 377
HIST 197 425
HIST 198 400
HIST 199 435
HIST 200 396
HIST 201 434
HIST 202 408
HIST 203 381
HIST 204 422
HIST 205 409
HIST 206 421
HIST 207 412
HIST 208 450
HIST 209 429
HIST 210 417
HIST 211 409
HIST 212 442
HIST 213 430
HIST 214 415
HIST 215 414
HIST 216 442
HIST 217 482
HIST 218 522
HIST 219 499
HIST 220 565
HIST 221 591
HIST 222 524
HIST 223 528
HIST 224 567
HIST 225 557
HIST 226 523
HIST 227 554
HIST 228 546
HIST 229 566
HIST 230 525
HIST 231 529
HIST 232 513
HIST 233 520
HIST 234 544
HIST 235 477
HIST 236 526
HIST 237 536
HIST 238 583
HIST 239 646
HIST 240 535
HIST 241 550
HIST 242 538
HIST 243 559
HIST 244 553
HIST 245 501
HIST 246 543
HIST 247 550
HIST 248 559
HIST 249 582
HIST 250 592
HIST 251 564
HIST 252 586
HIST 253 548
HIST 254 517
HIST 255 527
HIST 256 533
HIST 257 529
HIST 258 543
HIST 259 551
HIST 260 568
HIST 261 547
HIST 262 587
HIST 263 540
HIST 264 518
HIST 265 573
HIST 266 517
HIST 267 536
HIST 268 528
HIST 269 511
HIST 270 542
HIST 271 531
HIST 272 546
HIST 273 562
HIST 274 545
HIST 275 563
HIST 276 545
HIST 277 488
HIST 278 521
HIST 279 547
HIST 280 549
HIST 281 528
HIST 282 542
HIST 283 512
HIST 284 555
HIST 285 525
HIST 286 506
HIST 287 554
HIST 288 553
HIST 289 527
HIST 290 551
HIST 291 545
HIST 292 524
HIST 293 521
HIST 294 522
HIST 295 507
HIST 296 544
HIST 297 512
HIST 298 500
HIST 299 493
HIST 300 500
HIST 301 531
HIST 302 526
HIST 303 535
HIST 304 471
HIST 305 524
HIST 306 502
HIST 307 527
HIST 308 554
HIST 309 527
HIST 310 490
HIST 311 531
HIST 312 480
HIST 313 487
HIST 314 491
HIST 315 501
HIST 316 512
HIST 317 499
HIST 318 489
HIST 319 501
HIST 320 486
HIST 321 513
HIST 322 481
HIST 323 496
HIST 324 483
HIST 325 453
HIST 326 491
HIST 327 474
HIST 328 483
HIST 329 462
HIST 330 499
HIST 331 483
HIST 332 454
HIST 333 509
HIST 334 456
HIST 335 476
HIST 336 477
HIST 337 499
HIST 338 478
HIST 339 473
HIST 340 455
HIST 341 475
HIST 342 470
HIST 343 465
HIST 344 480
HIST 345 423
HIST 346 462
HIST 347 439
HIST 348 477
HIST 349 427
HIST 350 418
HIST 351 477
HIST 352 446
HIST 353 438
HIST 354 452
HIST 355 431
HIST 356 431
HIST 357 454
HIST 358 445
HIST 359 475
HIST 360 439
HIST 361 433
HIST 362 425
HIST 363 438
HIST 364 419
HIST 365 413
HIST 366 401
HIST 367 429
HIST 368 439
HIST 369 422
HIST 370 433
HIST 371 445
HIST 372 441
HIST 373 431
HIST 374 468
HIST 375 452
HIST 376 408
HIST 377 412
HIST 378 432
HIST 379 428
HIST 380 458
HIST 381 458
HIST 382 462
HIST 383 422
HIST 384 434
HIST 385 471
HIST 386 418
HIST 387 417
HIST 388 415
HIST 389 389
HIST 390 437
HIST 391 411
HIST 392 420
HIST 393 447
HIST 394 418
HIST 395 386
HIST 396 391
HIST 397 411
HIST 398 406
HIST 399 417
HIST 400 456
HIST 401 433
HIST 402 417
HIST 403 426
HIST 404 395
HIST 405 443
HIST 406 399
HIST 407 400
HIST 408 418
HIST 409 434
HIST 410 399
HIST 411 423
HIST 412 416
HIST 413 382
HIST 414 385
HIST 415 397
HIST 416 394
HIST 417 406
HIST 418 404
HIST 419 443
HIST 420 416
HIST 421 415
HIST 422 400
HIST 423 407
HIST 424 366
HIST 425 403
HIST 426 387
HIST 427 393
HIST 428 379
HIST 429 416
HIST 430 381
HIST 431 402
HIST 432 404
HIST 433 369
HIST 434 343
HIST 435 369
HIST 436 366
HIST 437 395
HIST 438 364
HIST 439 1757
HIST 440 399
HIST 441 398
HIST 442 384
HIST 443 387
HIST 444 374
HIST 445 404
HIST 446 392
HIST 447 336
HIST 448 390
HIST 449 414
HIST 450 410
HIST 451 401
HIST 452 395
HIST 453 393
HIST 454 367
HIST 455 400
HIST 456 403
HIST 457 399
HIST 458 393
HIST 459 377
HIST 460 365
HIST 461 389
HIST 462 366
HIST 463 370
HIST 464 377
HIST 465 370
HIST 466 374
HIST 467 364
HIST 468 394
HIST 469 344
HIST 470 385
HIST 471 380
HIST 472 375
HIST 473 377
HIST 474 395
HIST 475 397
HIST 476 390
HIST 477 374
HIST 478 377
HIST 479 370
HIST 480 354
HIST 481 361
HIST 482 367
HIST 483 360
HIST 484 370
HIST 485 351
HIST 486 352
HIST 487 386
HIST 488 362
HIST 489 365
HIST 490 353
HIST 491 350
HIST 492 369
HIST 493 384
HIST 494 381
HIST 495 373
HIST 496 325
HIST 497 377
HIST 498 373
HIST 499 369
HIST 500 358
HIST 501 330
HIST 502 388
HIST 503 362
HIST 504 360
HIST 505 395
HIST 506 361
HIST 507 359
HIST 508 376
HIST 509 366
HIST 510 358
HIST 511 2057
HIST 512 355
HIST 513 344
HIST 514 348
HIST 515 358
HIST 516 370
HIST 517 374
HIST 518 353
HIST 519 315
HIST 520 333
HIST 521 338
HIST 522 361
HIST 523 334
HIST 524 360
HIST 525 380
HIST 526 361
HIST 527 354
HIST 528 329
HIST 529 345
HIST 530 363
HIST 531 321
HIST 532 348
HIST 533 304
HIST 534 346
HIST 535 388
HIST 536 357
HIST 537 342
HIST 538 334
HIST 539 354
HIST 540 360
HIST 541 360
HIST 542 337
HIST 543 348
HIST 544 347
HIST 545 330
HIST 546 357
HIST 547 313
HIST 548 362
HIST 549 347
HIST 550 341
HIST 551 381
HIST 552 365
HIST 553 353
HIST 554 330
HIST 555 334
HIST 556 350
HIST 557 345
HIST 558 342
HIST 559 333
HIST 560 356
HIST 561 356
HIST 562 352
HIST 563 367
HIST 564 337
HIST 565 350
HIST 566 316
HIST 567 367
HIST 568 347
HIST 569 336
HIST 570 358
HIST 571 328
HIST 572 312
HIST 573 322
HIST 574 323
HIST 575 333
HIST 576 327
HIST 577 342
HIST 578 364
HIST 579 317
HIST 580 317
HIST 581 339
HIST 582 355
HIST 583 391
HIST 584 336
HIST 585 359
HIST 586 347
HIST 587 309
HIST 588 334
HIST 589 325
HIST 590 329
HIST 591 327
HIST 592 324
HIST 593 336
HIST 594 353
HIST 595 341
HIST 596 341
HIST 597 335
HIST 598 337
HIST 599 337
HIST 600 341
HIST 601 277
HIST 602 324
HIST 603 321
HIST 604 322
HIST 605 335
HIST 606 330
HIST 607 323
HIST 608 302
HIST 609 342
HIST 610 348
HIST 611 307
HIST 612 309
HIST 613 324
HIST 614 358
HIST 615 369
HIST 616 320
HIST 617 292
HIST 618 293
HIST 619 389
HIST 620 310
HIST 621 345
HIST 622 329
HIST 623 338
HIST 624 305
HIST 625 310
HIST 626 339
HIST 627 321
HIST 628 302
HIST 629 327
HIST 630 331
HIST 631 326
HIST 632 344
HIST 633 351
HIST 634 325
HIST 635 361
HIST 636 359
HIST 637 345
HIST 638 321
HIST 639 322
HIST 640 300
HIST 641 317
HIST 642 315
HIST 643 320
HIST 644 319
HIST 645 336
HIST 646 332
HIST 647 340
HIST 648 337
HIST 649 333
HIST 650 336
HIST 651 328
HIST 652 325
HIST 653 318
HIST 654 292
HIST 655 347
HIST 656 319
HIST 657 311
HIST 658 343
HIST 659 326
HIST 660 310
HIST 661 318
HIST 662 332
HIST 663 349
HIST 664 321
HIST 665 344
HIST 666 307
HIST 667 317
HIST 668 295
HIST 669 350
HIST 670 328
HIST 671 310
HIST 672 316
HIST 673 335
HIST 674 330
HIST 675 315
HIST 676 364
HIST 677 331
HIST 678 321
HIST 679 354
HIST 680 326
HIST 681 322
HIST 682 343
HIST 683 361
HIST 684 307
HIST 685 320
HIST 686 322
HIST 687 347
HIST 688 309
HIST 689 319
HIST 690 347
HIST 691 317
HIST 692 293
HIST 693 313
HIST 694 306
HIST 695 337
HIST 696 314
HIST 697 331
HIST 698 308
HIST 699 317
HIST 700 312
HIST 701 312
HIST 702 334
HIST 703 339
HIST 704 330
HIST 705 314
HIST 706 329
HIST 707 347
HIST 708 286
HIST 709 319
HIST 710 339
HIST 711 313
HIST 712 297
HIST 713 354
HIST 714 298
HIST 715 309
HIST 716 325
HIST 717 312
HIST 718 306
HIST 719 331
HIST 720 333
HIST 721 302
HIST 722 277
HIST 723 303
HIST 724 322
HIST 725 324
HIST 726 319
HIST 727 356
HIST 728 325
HIST 729 322
HIST 730 336
HIST 731 305
HIST 732 268
HIST 733 305
HIST 734 297
HIST 735 318
HIST 736 296
HIST 737 323
HIST 738 377
HIST 739 303
HIST 740 290
HIST 741 324
HIST 742 357
HIST 743 361
HIST 744 321
HIST 745 336
HIST 746 300
HIST 747 293
HIST 748 320
HIST 749 350
HIST 750 336
HIST 751 329
HIST 752 314
HIST 753 327
HIST 754 319
HIST 755 343
HIST 756 331
HIST 757 339
HIST 758 333
HIST 759 293
HIST 760 325
HIST 761 326
HIST 762 332
HIST 763 327
HIST 764 299
HIST 765 327
HIST 766 355
HIST 767 331
HIST 768 304
HIST 769 318
HIST 770 340
HIST 771 276
HIST 772 321
HIST 773 348
HIST 774 303
HIST 775 322
HIST 776 347
HIST 777 309
HIST 778 334
HIST 779 334
HIST 780 298
HIST 781 316
HIST 782 332
HIST 783 296
HIST 784 327
HIST 785 384
HIST 786 345
HIST 787 333
HIST 788 311
HIST 789 345
HIST 790 348
HIST 791 321
HIST 792 327
HIST 793 308
HIST 794 294
HIST 795 342
HIST 796 306
HIST 797 320
HIST 798 317
HIST 799 331
HIST 800 297
HIST 801 324
HIST 802 310
HIST 803 325
HIST 804 339
HIST 805 314
HIST 806 317
HIST 807 377
HIST 808 306
HIST 809 332
HIST 810 323
HIST 811 333
HIST 812 357
HIST 813 333
HIST 814 297
HIST 815 343
HIST 816 363
HIST 817 301
HIST 818 332
HIST 819 328
HIST 820 349
HIST 821 302
HIST 822 322
HIST 823 352
HIST 824 314
HIST 825 346
HIST 826 328
HIST 827 356
HIST 828 314
HIST 829 338
HIST 830 313
HIST 831 331
HIST 832 323
HIST 833 318
HIST 834 310
HIST 835 347
HIST 836 323
HIST 837 336
HIST 838 319
HIST 839 330
HIST 840 321
HIST 841 318
HIST 842 319
HIST 843 341
HIST 844 338
HIST 845 326
HIST 846 332
HIST 847 304
HIST 848 357
HIST 849 381
HIST 850 363
HIST 851 340
HIST 852 349
HIST 853 324
HIST 854 314
HIST 855 351
HIST 856 328
HIST 857 325
HIST 858 337
HIST 859 357
HIST 860 305
HIST 861 352
HIST 862 334
HIST 863 325
HIST 864 319
HIST 865 322
HIST 866 341
HIST 867 343
HIST 868 360
HIST 869 313
HIST 870 340
HIST 871 348
HIST 872 324
HIST 873 355
HIST 874 331
HIST 875 330
HIST 876 356
HIST 877 329
HIST 878 355
HIST 879 331
HIST 880 361
HIST 881 381
HIST 882 306
HIST 883 331
HIST 884 350
HIST 885 331
HIST 886 337
HIST 887 338
HIST 888 322
HIST 889 320
HIST 890 321
HIST 891 361
HIST 892 322
HIST 893 341
HIST 894 341
HIST 895 359
HIST 896 367
HIST 897 324
HIST 898 344
HIST 899 372
HIST 900 346
HIST 901 347
HIST 902 329
HIST 903 372
HIST 904 347
HIST 905 320
HIST 906 325
HIST 907 350
HIST 908 345
HIST 909 346
HIST 910 356
HIST 911 396
HIST 912 343
HIST 913 305
HIST 914 346
HIST 915 356
HIST 916 386
HIST 917 314
HIST 918 339
HIST 919 349
HIST 920 364
HIST 921 345
HIST 922 338
HIST 923 351
HIST 924 343
HIST 925 348
HIST 926 325
HIST 927 360
HIST 928 367
HIST 929 349
HIST 930 364
HIST 931 341
HIST 932 346
HIST 933 387
HIST 934 363
HIST 935 352
HIST 936 390
HIST 937 370
HIST 938 376
HIST 939 376
HIST 940 317
HIST 941 381
HIST 942 337
HIST 943 338
HIST 944 323
HIST 945 358
HIST 946 340
HIST 947 377
HIST 948 369
HIST 949 352
HIST 950 3832
HIST 951 336
HIST 952 351
HIST 953 380
HIST 954 371
HIST 955 351
HIST 956 355
HIST 957 361
HIST 958 383
HIST 959 385
HIST 960 344
HIST 961 383
HIST 962 363
HIST 963 342
HIST 964 354
HIST 965 382
HIST 966 366
HIST 967 360
HIST 968 381
HIST 969 342
HIST 970 366
HIST 971 352
HIST 972 378
HIST 973 342
HIST 974 344
HIST 975 352
HIST 976 351
HIST 977 378
HIST 978 366
HIST 979 339
HIST 980 347
HIST 981 365
HIST 982 370
HIST 983 393
HIST 984 369
HIST 985 371
HIST 986 373
HIST 987 390
HIST 988 395
HIST 989 352
HIST 990 383
HIST 991 364
HIST 992 379
HIST 993 379
HIST 994 390
HIST 995 390
HIST 996 350
HIST 997 400
HIST 998 383
HIST 999 375
HIST 1000 439
HIST 1001 391
HIST 1002 399
HIST 1003 378
HIST 1004 381
HIST 1005 365
HIST 1006 415
HIST 1007 341
HIST 1008 383
HIST 1009 397
HIST 1010 368
HIST 1011 391
HIST 1012 405
HIST 1013 357
HIST 1014 420
HIST 1015 413
HIST 1016 399
HIST 1017 408
HIST 1018 408
HIST 1019 359
HIST 1020 360
HIST 1021 343
HIST 1022 381
HIST 1023 431
HIST 1024 420
HIST 1025 408
HIST 1026 385
HIST 1027 353
HIST 1028 383
HIST 1029 394
HIST 1030 391
HIST 1031 360
HIST 1032 398
HIST 1033 408
HIST 1034 388
HIST 1035 392
HIST 1036 434
HIST 1037 382
HIST 1038 379
HIST 1039 377
HIST 1040 386
HIST 1041 405
HIST 1042 400
HIST 1043 398
HIST 1044 409
HIST 1045 382
HIST 1046 385
HIST 1047 388
HIST 1048 409
HIST 1049 393
HIST 1050 417
HIST 1051 433
HIST 1052 400
HIST 1053 406
HIST 1054 408
HIST 1055 425
HIST 1056 380
HIST 1057 431
HIST 1058 406
HIST 1059 370
HIST 1060 413
HIST 1061 395
HIST 1062 427
HIST 1063 405
HIST 1064 429
HIST 1065 412
HIST 1066 405
HIST 1067 426
HIST 1068 415
HIST 1069 414
HIST 1070 424
HIST 1071 436
HIST 1072 425
HIST 1073 404
HIST 1074 389
HIST 1075 403
HIST 1076 406
HIST 1077 452
HIST 1078 417
HIST 1079 424
HIST 1080 373
HIST 1081 414
HIST 1082 411
HIST 1083 454
HIST 1084 461
HIST 1085 422
HIST 1086 458
HIST 1087 421
HIST 1088 405
HIST 1089 423
HIST 1090 412
HIST 1091 383
HIST 1092 425
HIST 1093 436
HIST 1094 422
HIST 1095 410
HIST 1096 428
HIST 1097 416
HIST 1098 421
HIST 1099 428
HIST 1100 449
HIST 1101 405
HIST 1102 441
HIST 1103 455
HIST 1104 404
HIST 1105 399
HIST 1106 443
HIST 1107 421
HIST 1108 442
HIST 1109 475
HIST 1110 439
HIST 1111 408
HIST 1112 431
HIST 1113 456
HIST 1114 436
HIST 1115 451
HIST 1116 446
HIST 1117 441
HIST 1118 430
HIST 1119 405
HIST 1120 434
HIST 1121 473
HIST 1122 443
HIST 1123 425
HIST 1124 440
HIST 1125 407
HIST 1126 453
HIST 1127 446
HIST 1128 454
HIST 1129 446
HIST 1130 438
HIST 1131 439
HIST 1132 481
HIST 1133 452
HIST 1134 471
HIST 1135 443
HIST 1136 482
HIST 1137 481
HIST 1138 452
HIST 1139 463
HIST 1140 461
HIST 1141 462
HIST 1142 472
HIST 1143 413
HIST 1144 448
HIST 1145 449
HIST 1146 447
HIST 1147 463
HIST 1148 494
HIST 1149 418
HIST 1150 467
HIST 1151 494
HIST 1152 442
HIST 1153 464
HIST 1154 470
HIST 1155 493
HIST 1156 501
HIST 1157 491
HIST 1158 469
HIST 1159 468
HIST 1160 483
HIST 1161 466
HIST 1162 496
HIST 1163 475
HIST 1164 475
HIST 1165 422
HIST 1166 483
HIST 1167 497
HIST 1168 466
HIST 1169 499
HIST 1170 475
HIST 1171 518
HIST 1172 484
HIST 1173 493
HIST 1174 475
HIST 1175 462
HIST 1176 477
HIST 1177 507
HIST 1178 489
HIST 1179 489
HIST 1180 514
HIST 1181 519
HIST 1182 484
HIST 1183 512
HIST 1184 540
HIST 1185 501
HIST 1186 477
HIST 1187 529
HIST 1188 507
HIST 1189 495
HIST 1190 511
HIST 1191 524
HIST 1192 508
HIST 1193 490
HIST 1194 505
HIST 1195 469
HIST 1196 533
HIST 1197 515
HIST 1198 536
HIST 1199 574
HIST 1200 503
HIST 1201 476
HIST 1202 536
HIST 1203 492
HIST 1204 530
HIST 1205 520
HIST 1206 503
HIST 1207 501
HIST 1208 564
HIST 1209 529
HIST 1210 550
HIST 1211 536
HIST 1212 526
HIST 1213 485
HIST 1214 584
HIST 1215 511
HIST 1216 492
HIST 1217 533
HIST 1218 517
HIST 1219 543
HIST 1220 528
HIST 1221 516
HIST 1222 568
HIST 1223 555
HIST 1224 551
HIST 1225 539
HIST 1226 552
HIST 1227 553
HIST 1228 546
HIST 1229 516
HIST 1230 534
HIST 1231 508
HIST 1232 535
HIST 1233 526
HIST 1234 551
HIST 1235 552
HIST 1236 537
HIST 1237 560
HIST 1238 495
HIST 1239 448
HIST 1240 507
HIST 1241 512
HIST 1242 452
HIST 1243 406
HIST 1244 397
HIST 1245 332
HIST 1246 317
HIST 1247 289
HIST 1248 283
HIST 1249 262
HIST 1250 237
HIST 1251 256
HIST 1252 272
HIST 1253 249
HIST 1254 245
HIST 1255 230
HIST 1256 270
HIST 1257 203
HIST 1258 222
HIST 1259 214
HIST 1260 231
HIST 1261 219
HIST 1262 188
HIST 1263 186
HIST 1264 202
HIST 1265 199
HIST 1266 205
HIST 1267 199
HIST 1268 194
HIST 1269 204
HIST 1270 169
HIST 1271 183
HIST 1272 202
HIST 1273 142
HIST 1274 167
HIST 1275 168
HIST 1276 157
HIST 1277 158
HIST 1278 162
HIST 1279 157
HIST 1280 152
HIST 1281 142
HIST 1282 127
HIST 1283 139
HIST 1284 141
HIST 1285 143
HIST 1286 130
HIST 1287 126
HIST 1288 127
HIST 1289 105
HIST 1290 133
HIST 1291 104
HIST 1292 109
HIST 1293 113
HIST 1294 107
HIST 1295 113
HIST 1296 108
HIST 1297 80
HIST 1298 121
HIST 1299 110
HIST 1300 101
HIST 1301 105
HIST 1302 110
HIST 1303 87
HIST 1304 104
HIST 1305 90
HIST 1306 97
HIST 1307 87
HIST 1308 97
HIST 1309 90
HIST 1310 84
HIST 1311 81
HIST 1312 90
HIST 1313 74
HIST 1314 73
HIST 1315 69
HIST 1316 68
HIST 1317 77
HIST 1318 76
HIST 1319 70
HIST 1320 63
HIST 1321 81
HIST 1322 64
HIST 1323 68
HIST 1324 67
HIST 1325 61
HIST 1326 61
HIST 1327 58
HIST 1328 59
HIST 1329 64
HIST 1330 56
HIST 1331 66
HIST 1332 71
HIST 1333 54
HIST 1334 60
HIST 1335 42
HIST 1336 49
HIST 1337 57
HIST 1338 64
HIST 1339 51
HIST 1340 45
HIST 1341 44
HIST 1342 44
HIST 1343 56
HIST 1344 40
HIST 1345 45
HIST 1346 40
HIST 1347 37
HIST 1348 35
HIST 1349 29
HIST 1350 47
HIST 1351 36
HIST 1352 33
HIST 1353 31
HIST 1354 32
HIST 1355 34
HIST 1356 41
HIST 1357 24
HIST 1358 43
HIST 1359 41
HIST 1360 30
HIST 1361 24
HIST 1362 29
HIST 1363 34
HIST 1364 23
HIST 1365 37
HIST 1366 31
HIST 1367 31
HIST 1368 42
HIST 1369 30
HIST 1370 44
HIST 1371 19
HIST 1372 28
HIST 1373 34
HIST 1374 24
HIST 1375 30
HIST 1376 24
HIST 1377 32
HIST 1378 22
HIST 1379 24
HIST 1380 31
HIST 1381 35
HIST 1382 23
HIST 1383 31
HIST 1384 23
HIST 1385 24
HIST 1386 39
HIST 1387 23
HIST 1388 26
HIST 1389 31
HIST 1390 19
HIST 1391 19
HIST 1392 14
HIST 1393 28
HIST 1394 26
HIST 1395 15
HIST 1396 23
HIST 1397 19
HIST 1398 22
HIST 1399 20
HIST 1400 17
HIST 1401 16
HIST 1402 29
HIST 1403 23
HIST 1404 22
HIST 1405 21
HIST 1406 20
HIST 1407 27
HIST 1408 23
HIST 1409 17
HIST 1410 25
HIST 1411 18
HIST 1412 19
HIST 1413 23
HIST 1414 19
HIST 1415 14
HIST 1416 15
HIST 1417 24
HIST 1418 17
HIST 1419 21
HIST 1420 18
HIST 1421 26
HIST 1422 21
HIST 1423 19
HIST 1424 19
HIST 1425 19
HIST 1426 19
HIST 1427 16
HIST 1428 59
HIST 1429 166
HIST 1430 18
HIST 1431 19
HIST 1432 347
HIST 1433 175
HIST 1434 16
HIST 1435 17
HIST 1436 21
HIST 1437 12
HIST 1438 9
HIST 1439 14
HIST 1440 23
HIST 1441 10
HIST 1442 11
HIST 1443 15
HIST 1444 8
HIST 1445 12
HIST 1446 8
HIST 1447 10
HIST 1448 11
HIST 1449 12
HIST 1450 14
HIST 1451 8
HIST 1452 14
HIST 1453 7
HIST 1454 9
HIST 1455 10
HIST 1456 14
HIST 1457 11
HIST 1458 11
HIST 1459 12
HIST 1460 4
HIST 1461 218341
HISTEND
