SETUP correlatedGamma=0 twoJmax=10 vacuum=1 seed=0 killesc=1 killcarry=0 fullcarry=0
CUTS (production thresholds per material couple):
 Material : G4_Galactic
 Range cuts        :  gamma  1 mm     e-  1 mm     e+  1 mm  proton 1 mm 
 Energy thresholds :  gamma  990 eV     e-  990 eV     e+  990 eV  proton 100 keV
 Material : scene_mat_4
 Range cuts        :  gamma  1 mm     e-  1 mm     e+  1 mm  proton 1 mm 
 Energy thresholds :  gamma  38.9651 keV    e-  738.26 keV    e+  703.709 keV proton 100 keV
 Material : scene_mat_3
 Range cuts        :  gamma  1 mm     e-  1 mm     e+  1 mm  proton 1 mm 
 Energy thresholds :  gamma  6.91691 keV    e-  597.603 keV    e+  574.29 keV proton 100 keV
 Material : scene_mat_2
 Range cuts        :  gamma  1 mm     e-  1 mm     e+  1 mm  proton 1 mm 
 Energy thresholds :  gamma  990 eV     e-  990 eV     e+  990 eV  proton 100 keV
 Material : scene_mat_1
 Range cuts        :  gamma  1 mm     e-  1 mm     e+  1 mm  proton 1 mm 
 Energy thresholds :  gamma  3.38683 keV    e-  268.033 keV    e+  261.068 keV proton 100 keV
 Material : scene_mat_0
 Range cuts        :  gamma  1 mm     e-  1 mm     e+  1 mm  proton 1 mm 
 Energy thresholds :  gamma  29.856 keV    e-  620.515 keV    e+  592.153 keV proton 100 keV
RESULT decays=8000000
RESULT any=702694 eps_total=8.783675e-02
RESULT window=2614.511 counts=124247 eps=1.553087e-02
HISTBEGIN bins=2616 bin_kev=1.000000 decays=8000000
HIST 0 79
HIST 1 258
HIST 2 240
HIST 3 250
HIST 4 244
HIST 5 315
HIST 6 287
HIST 7 286
HIST 8 288
HIST 9 316
HIST 10 280
HIST 11 282
HIST 12 275
HIST 13 270
HIST 14 301
HIST 15 292
HIST 16 306
HIST 17 306
HIST 18 303
HIST 19 276
HIST 20 322
HIST 21 324
HIST 22 332
HIST 23 326
HIST 24 302
HIST 25 297
HIST 26 313
HIST 27 309
HIST 28 309
HIST 29 295
HIST 30 341
HIST 31 330
HIST 32 533
HIST 33 499
HIST 34 354
HIST 35 324
HIST 36 394
HIST 37 355
HIST 38 346
HIST 39 287
HIST 40 328
HIST 41 332
HIST 42 311
HIST 43 281
HIST 44 319
HIST 45 309
HIST 46 290
HIST 47 325
HIST 48 279
HIST 49 292
HIST 50 312
HIST 51 308
HIST 52 313
HIST 53 301
HIST 54 283
HIST 55 324
HIST 56 291
HIST 57 308
HIST 58 314
HIST 59 309
HIST 60 319
HIST 61 272
HIST 62 320
HIST 63 284
HIST 64 317
HIST 65 337
HIST 66 318
HIST 67 316
HIST 68 327
HIST 69 345
HIST 70 320
HIST 71 296
HIST 72 321
HIST 73 319
HIST 74 303
HIST 75 365
HIST 76 303
HIST 77 361
HIST 78 328
HIST 79 311
HIST 80 300
HIST 81 292
HIST 82 325
HIST 83 321
HIST 84 323
HIST 85 313
HIST 86 327
HIST 87 319
HIST 88 355
HIST 89 297
HIST 90 884
HIST 91 318
HIST 92 318
HIST 93 298
HIST 94 1319
HIST 95 317
HIST 96 322
HIST 97 320
HIST 98 308
HIST 99 296
HIST 100 312
HIST 101 312
HIST 102 294
HIST 103 297
HIST 104 299
HIST 105 474
HIST 106 587
HIST 107 309
HIST 108 300
HIST 109 450
HIST 110 310
HIST 111 296
HIST 112 282
HIST 113 324
HIST 114 293
HIST 115 306
HIST 116 293
HIST 117 292
HIST 118 300
HIST 119 286
HIST 120 306
HIST 121 299
HIST 122 289
HIST 123 298
HIST 124 285
HIST 125 297
HIST 126 353
HIST 127 309
HIST 128 343
HIST 129 331
HIST 130 297
HIST 131 289
HIST 132 343
HIST 133 332
HIST 134 299
HIST 135 292
HIST 136 319
HIST 137 299
HIST 138 304
HIST 139 343
HIST 140 364
HIST 141 338
HIST 142 344
HIST 143 322
HIST 144 341
HIST 145 348
HIST 146 347
HIST 147 315
HIST 148 288
HIST 149 344
HIST 150 289
HIST 151 324
HIST 152 327
HIST 153 355
HIST 154 349
HIST 155 341
HIST 156 343
HIST 157 313
HIST 158 306
HIST 159 311
HIST 160 333
HIST 161 338
HIST 162 371
HIST 163 324
HIST 164 353
HIST 165 323
HIST 166 330
HIST 167 325
HIST 168 334
HIST 169 333
HIST 170 318
HIST 171 341
HIST 172 318
HIST 173 319
HIST 174 305
HIST 175 317
HIST 176 365
HIST 177 324
HIST 178 342
HIST 179 353
HIST 180 351
HIST 181 301
HIST 182 346
HIST 183 277
HIST 184 342
HIST 185 347
HIST 186 341
HIST 187 347
HIST 188 366
HIST 189 324
HIST 190 310
HIST 191 323
HIST 192 322
HIST 193 309
HIST 194 354
HIST 195 315
HIST 196 369
HIST 197 345
HIST 198 359
HIST 199 339
HIST 200 328
HIST 201 319
HIST 202 330
HIST 203 329
HIST 204 326
HIST 205 338
HIST 206 330
HIST 207 374
HIST 208 331
HIST 209 412
HIST 210 362
HIST 211 350
HIST 212 356
HIST 213 358
HIST 214 351
HIST 215 317
HIST 216 356
HIST 217 325
HIST 218 290
HIST 219 344
HIST 220 318
HIST 221 312
HIST 222 311
HIST 223 337
HIST 224 312
HIST 225 340
HIST 226 315
HIST 227 337
HIST 228 337
HIST 229 338
HIST 230 355
HIST 231 346
HIST 232 342
HIST 233 385
HIST 234 413
HIST 235 382
HIST 236 405
HIST 237 381
HIST 238 371
HIST 239 1060
HIST 240 369
HIST 241 442
HIST 242 397
HIST 243 392
HIST 244 410
HIST 245 391
HIST 246 396
HIST 247 383
HIST 248 394
HIST 249 405
HIST 250 365
HIST 251 384
HIST 252 386
HIST 253 370
HIST 254 391
HIST 255 424
HIST 256 351
HIST 257 397
HIST 258 380
HIST 259 375
HIST 260 376
HIST 261 358
HIST 262 402
HIST 263 398
HIST 264 403
HIST 265 416
HIST 266 403
HIST 267 363
HIST 268 411
HIST 269 382
HIST 270 438
HIST 271 388
HIST 272 431
HIST 273 409
HIST 274 393
HIST 275 388
HIST 276 372
HIST 277 430
HIST 278 384
HIST 279 404
HIST 280 407
HIST 281 381
HIST 282 413
HIST 283 392
HIST 284 415
HIST 285 383
HIST 286 387
HIST 287 380
HIST 288 370
HIST 289 366
HIST 290 364
HIST 291 362
HIST 292 408
HIST 293 413
HIST 294 413
HIST 295 417
HIST 296 375
HIST 297 393
HIST 298 387
HIST 299 409
HIST 300 407
HIST 301 372
HIST 302 368
HIST 303 434
HIST 304 367
HIST 305 379
HIST 306 387
HIST 307 407
HIST 308 355
HIST 309 355
HIST 310 395
HIST 311 361
HIST 312 379
HIST 313 403
HIST 314 372
HIST 315 373
HIST 316 359
HIST 317 364
HIST 318 368
HIST 319 338
HIST 320 360
HIST 321 393
HIST 322 337
HIST 323 347
HIST 324 372
HIST 325 343
HIST 326 341
HIST 327 348
HIST 328 401
HIST 329 378
HIST 330 395
HIST 331 349
HIST 332 393
HIST 333 347
HIST 334 388
HIST 335 374
HIST 336 353
HIST 337 339
HIST 338 515
HIST 339 337
HIST 340 358
HIST 341 352
HIST 342 339
HIST 343 335
HIST 344 312
HIST 345 335
HIST 346 342
HIST 347 338
HIST 348 323
HIST 349 326
HIST 350 325
HIST 351 336
HIST 352 325
HIST 353 329
HIST 354 324
HIST 355 351
HIST 356 347
HIST 357 336
HIST 358 324
HIST 359 308
HIST 360 310
HIST 361 308
HIST 362 297
HIST 363 333
HIST 364 297
HIST 365 314
HIST 366 306
HIST 367 317
HIST 368 315
HIST 369 303
HIST 370 285
HIST 371 312
HIST 372 338
HIST 373 291
HIST 374 317
HIST 375 288
HIST 376 281
HIST 377 304
HIST 378 327
HIST 379 322
HIST 380 318
HIST 381 308
HIST 382 307
HIST 383 290
HIST 384 297
HIST 385 278
HIST 386 328
HIST 387 303
HIST 388 308
HIST 389 283
HIST 390 284
HIST 391 280
HIST 392 299
HIST 393 274
HIST 394 315
HIST 395 309
HIST 396 300
HIST 397 256
HIST 398 294
HIST 399 278
HIST 400 278
HIST 401 280
HIST 402 293
HIST 403 328
HIST 404 280
HIST 405 297
HIST 406 312
HIST 407 264
HIST 408 293
HIST 409 269
HIST 410 275
HIST 411 273
HIST 412 300
HIST 413 258
HIST 414 272
HIST 415 276
HIST 416 258
HIST 417 302
HIST 418 288
HIST 419 274
HIST 420 278
HIST 421 250
HIST 422 264
HIST 423 289
HIST 424 264
HIST 425 323
HIST 426 271
HIST 427 294
HIST 428 249
HIST 429 282
HIST 430 269
HIST 431 237
HIST 432 250
HIST 433 253
HIST 434 260
HIST 435 247
HIST 436 230
HIST 437 288
HIST 438 241
HIST 439 267
HIST 440 253
HIST 441 256
HIST 442 259
HIST 443 262
HIST 444 235
HIST 445 271
HIST 446 302
HIST 447 238
HIST 448 278
HIST 449 260
HIST 450 241
HIST 451 264
HIST 452 249
HIST 453 225
HIST 454 279
HIST 455 240
HIST 456 235
HIST 457 254
HIST 458 240
HIST 459 238
HIST 460 243
HIST 461 236
HIST 462 253
HIST 463 285
HIST 464 243
HIST 465 223
HIST 466 210
HIST 467 258
HIST 468 244
HIST 469 216
HIST 470 224
HIST 471 264
HIST 472 221
HIST 473 284
HIST 474 225
HIST 475 224
HIST 476 220
HIST 477 222
HIST 478 261
HIST 479 244
HIST 480 235
HIST 481 229
HIST 482 221
HIST 483 241
HIST 484 242
HIST 485 252
HIST 486 237
HIST 487 247
HIST 488 233
HIST 489 231
HIST 490 243
HIST 491 247
HIST 492 227
HIST 493 236
HIST 494 233
HIST 495 204
HIST 496 220
HIST 497 235
HIST 498 231
HIST 499 253
HIST 500 234
HIST 501 212
HIST 502 199
HIST 503 207
HIST 504 216
HIST 505 231
HIST 506 218
HIST 507 199
HIST 508 214
HIST 509 220
HIST 510 203
HIST 511 12158
HIST 512 207
HIST 513 239
HIST 514 197
HIST 515 211
HIST 516 203
HIST 517 203
HIST 518 213
HIST 519 201
HIST 520 214
HIST 521 203
HIST 522 218
HIST 523 195
HIST 524 168
HIST 525 207
HIST 526 210
HIST 527 214
HIST 528 232
HIST 529 188
HIST 530 225
HIST 531 221
HIST 532 211
HIST 533 185
HIST 534 201
HIST 535 199
HIST 536 205
HIST 537 175
HIST 538 217
HIST 539 221
HIST 540 208
HIST 541 219
HIST 542 226
HIST 543 201
HIST 544 193
HIST 545 236
HIST 546 189
HIST 547 198
HIST 548 220
HIST 549 188
HIST 550 215
HIST 551 212
HIST 552 209
HIST 553 192
HIST 554 187
HIST 555 193
HIST 556 189
HIST 557 203
HIST 558 196
HIST 559 209
HIST 560 216
HIST 561 191
HIST 562 203
HIST 563 193
HIST 564 175
HIST 565 176
HIST 566 201
HIST 567 186
HIST 568 207
HIST 569 193
HIST 570 186
HIST 571 207
HIST 572 194
HIST 573 193
HIST 574 200
HIST 575 182
HIST 576 217
HIST 577 224
HIST 578 181
HIST 579 203
HIST 580 190
HIST 581 191
HIST 582 196
HIST 583 450
HIST 584 181
HIST 585 200
HIST 586 194
HIST 587 183
HIST 588 183
HIST 589 178
HIST 590 195
HIST 591 196
HIST 592 200
HIST 593 188
HIST 594 191
HIST 595 184
HIST 596 190
HIST 597 187
HIST 598 201
HIST 599 193
HIST 600 204
HIST 601 191
HIST 602 185
HIST 603 193
HIST 604 174
HIST 605 205
HIST 606 206
HIST 607 186
HIST 608 161
HIST 609 153
HIST 610 194
HIST 611 184
HIST 612 195
HIST 613 182
HIST 614 185
HIST 615 163
HIST 616 179
HIST 617 184
HIST 618 153
HIST 619 172
HIST 620 193
HIST 621 216
HIST 622 191
HIST 623 179
HIST 624 195
HIST 625 220
HIST 626 169
HIST 627 194
HIST 628 176
HIST 629 211
HIST 630 182
HIST 631 166
HIST 632 183
HIST 633 164
HIST 634 167
HIST 635 169
HIST 636 215
HIST 637 156
HIST 638 164
HIST 639 167
HIST 640 176
HIST 641 182
HIST 642 180
HIST 643 172
HIST 644 164
HIST 645 175
HIST 646 172
HIST 647 176
HIST 648 150
HIST 649 182
HIST 650 174
HIST 651 192
HIST 652 193
HIST 653 179
HIST 654 173
HIST 655 179
HIST 656 177
HIST 657 183
HIST 658 196
HIST 659 185
HIST 660 177
HIST 661 151
HIST 662 169
HIST 663 183
HIST 664 187
HIST 665 166
HIST 666 180
HIST 667 186
HIST 668 155
HIST 669 187
HIST 670 191
HIST 671 161
HIST 672 166
HIST 673 175
HIST 674 167
HIST 675 192
HIST 676 188
HIST 677 195
HIST 678 207
HIST 679 165
HIST 680 180
HIST 681 186
HIST 682 170
HIST 683 154
HIST 684 151
HIST 685 174
HIST 686 176
HIST 687 164
HIST 688 166
HIST 689 170
HIST 690 152
HIST 691 155
HIST 692 168
HIST 693 193
HIST 694 170
HIST 695 170
HIST 696 159
HIST 697 160
HIST 698 159
HIST 699 172
HIST 700 171
HIST 701 159
HIST 702 154
HIST 703 174
HIST 704 164
HIST 705 160
HIST 706 155
HIST 707 166
HIST 708 152
HIST 709 150
HIST 710 192
HIST 711 178
HIST 712 168
HIST 713 179
HIST 714 175
HIST 715 168
HIST 716 181
HIST 717 186
HIST 718 145
HIST 719 154
HIST 720 178
HIST 721 208
HIST 722 157
HIST 723 159
HIST 724 206
HIST 725 169
HIST 726 174
HIST 727 212
HIST 728 141
HIST 729 158
HIST 730 168
HIST 731 161
HIST 732 155
HIST 733 165
HIST 734 179
HIST 735 183
HIST 736 187
HIST 737 155
HIST 738 176
HIST 739 161
HIST 740 151
HIST 741 186
HIST 742 163
HIST 743 146
HIST 744 167
HIST 745 145
HIST 746 163
HIST 747 177
HIST 748 176
HIST 749 156
HIST 750 230
HIST 751 164
HIST 752 160
HIST 753 163
HIST 754 167
HIST 755 164
HIST 756 172
HIST 757 153
HIST 758 145
HIST 759 179
HIST 760 175
HIST 761 160
HIST 762 151
HIST 763 179
HIST 764 157
HIST 765 176
HIST 766 162
HIST 767 168
HIST 768 160
HIST 769 158
HIST 770 168
HIST 771 170
HIST 772 174
HIST 773 135
HIST 774 159
HIST 775 137
HIST 776 144
HIST 777 167
HIST 778 176
HIST 779 163
HIST 780 177
HIST 781 183
HIST 782 165
HIST 783 159
HIST 784 167
HIST 785 159
HIST 786 158
HIST 787 165
HIST 788 171
HIST 789 158
HIST 790 149
HIST 791 150
HIST 792 148
HIST 793 131
HIST 794 132
HIST 795 197
HIST 796 139
HIST 797 149
HIST 798 157
HIST 799 168
HIST 800 149
HIST 801 145
HIST 802 150
HIST 803 150
HIST 804 164
HIST 805 146
HIST 806 153
HIST 807 168
HIST 808 177
HIST 809 179
HIST 810 169
HIST 811 161
HIST 812 164
HIST 813 178
HIST 814 161
HIST 815 149
HIST 816 159
HIST 817 152
HIST 818 180
HIST 819 164
HIST 820 152
HIST 821 170
HIST 822 176
HIST 823 155
HIST 824 168
HIST 825 151
HIST 826 145
HIST 827 166
HIST 828 134
HIST 829 157
HIST 830 164
HIST 831 164
HIST 832 164
HIST 833 153
HIST 834 155
HIST 835 140
HIST 836 200
HIST 837 181
HIST 838 160
HIST 839 179
HIST 840 148
HIST 841 140
HIST 842 157
HIST 843 138
HIST 844 157
HIST 845 137
HIST 846 132
HIST 847 136
HIST 848 174
HIST 849 163
HIST 850 150
HIST 851 148
HIST 852 156
HIST 853 152
HIST 854 138
HIST 855 139
HIST 856 144
HIST 857 152
HIST 858 172
HIST 859 128
HIST 860 166
HIST 861 157
HIST 862 169
HIST 863 126
HIST 864 149
HIST 865 147
HIST 866 150
HIST 867 153
HIST 868 151
HIST 869 159
HIST 870 152
HIST 871 148
HIST 872 151
HIST 873 162
HIST 874 173
HIST 875 148
HIST 876 146
HIST 877 137
HIST 878 176
HIST 879 152
HIST 880 152
HIST 881 154
HIST 882 163
HIST 883 150
HIST 884 130
HIST 885 146
HIST 886 173
HIST 887 144
HIST 888 148
HIST 889 152
HIST 890 160
HIST 891 156
HIST 892 127
HIST 893 130
HIST 894 155
HIST 895 137
HIST 896 137
HIST 897 142
HIST 898 154
HIST 899 151
HIST 900 148
HIST 901 146
HIST 902 150
HIST 903 153
HIST 904 164
HIST 905 162
HIST 906 169
HIST 907 160
HIST 908 142
HIST 909 160
HIST 910 160
HIST 911 337
HIST 912 138
HIST 913 141
HIST 914 168
HIST 915 159
HIST 916 148
HIST 917 138
HIST 918 146
HIST 919 147
HIST 920 139
HIST 921 173
HIST 922 185
HIST 923 164
HIST 924 139
HIST 925 143
HIST 926 153
HIST 927 148
HIST 928 144
HIST 929 155
HIST 930 138
HIST 931 146
HIST 932 142
HIST 933 145
HIST 934 147
HIST 935 150
HIST 936 167
HIST 937 130
HIST 938 147
HIST 939 143
HIST 940 140
HIST 941 157
HIST 942 144
HIST 943 152
HIST 944 144
HIST 945 152
HIST 946 135
HIST 947 136
HIST 948 166
HIST 949 150
HIST 950 174
HIST 951 149
HIST 952 148
HIST 953 161
HIST 954 152
HIST 955 168
HIST 956 150
HIST 957 120
HIST 958 163
HIST 959 178
HIST 960 145
HIST 961 118
HIST 962 139
HIST 963 126
HIST 964 150
HIST 965 175
HIST 966 171
HIST 967 146
HIST 968 153
HIST 969 262
HIST 970 140
HIST 971 156
HIST 972 156
HIST 973 150
HIST 974 147
HIST 975 158
HIST 976 161
HIST 977 161
HIST 978 158
HIST 979 151
HIST 980 155
HIST 981 149
HIST 982 124
HIST 983 147
HIST 984 158
HIST 985 127
HIST 986 149
HIST 987 153
HIST 988 141
HIST 989 152
HIST 990 144
HIST 991 160
HIST 992 139
HIST 993 161
HIST 994 154
HIST 995 140
HIST 996 141
HIST 997 129
HIST 998 145
HIST 999 140
HIST 1000 137
HIST 1001 139
HIST 1002 134
HIST 1003 133
HIST 1004 132
HIST 1005 137
HIST 1006 161
HIST 1007 155
HIST 1008 143
HIST 1009 146
HIST 1010 136
HIST 1011 137
HIST 1012 164
HIST 1013 137
HIST 1014 168
HIST 1015 139
HIST 1016 140
HIST 1017 169
HIST 1018 147
HIST 1019 153
HIST 1020 141
HIST 1021 135
HIST 1022 176
HIST 1023 163
HIST 1024 140
HIST 1025 160
HIST 1026 137
HIST 1027 153
HIST 1028 141
HIST 1029 132
HIST 1030 162
HIST 1031 126
HIST 1032 137
HIST 1033 148
HIST 1034 137
HIST 1035 158
HIST 1036 137
HIST 1037 138
HIST 1038 142
HIST 1039 135
HIST 1040 150
HIST 1041 132
HIST 1042 151
HIST 1043 138
HIST 1044 133
HIST 1045 149
HIST 1046 144
HIST 1047 148
HIST 1048 128
HIST 1049 136
HIST 1050 134
HIST 1051 133
HIST 1052 121
HIST 1053 159
HIST 1054 153
HIST 1055 158
HIST 1056 137
HIST 1057 151
HIST 1058 151
HIST 1059 140
HIST 1060 126
HIST 1061 137
HIST 1062 140
HIST 1063 149
HIST 1064 152
HIST 1065 127
HIST 1066 134
HIST 1067 135
HIST 1068 144
HIST 1069 161
HIST 1070 161
HIST 1071 130
HIST 1072 151
HIST 1073 144
HIST 1074 152
HIST 1075 130
HIST 1076 136
HIST 1077 143
HIST 1078 149
HIST 1079 174
HIST 1080 120
HIST 1081 153
HIST 1082 146
HIST 1083 126
HIST 1084 143
HIST 1085 159
HIST 1086 131
HIST 1087 144
HIST 1088 130
HIST 1089 142
HIST 1090 147
HIST 1091 165
HIST 1092 155
HIST 1093 144
HIST 1094 166
HIST 1095 139
HIST 1096 165
HIST 1097 134
HIST 1098 143
HIST 1099 117
HIST 1100 151
HIST 1101 124
HIST 1102 137
HIST 1103 137
HIST 1104 141
HIST 1105 151
HIST 1106 166
HIST 1107 137
HIST 1108 120
HIST 1109 146
HIST 1110 139
HIST 1111 152
HIST 1112 157
HIST 1113 135
HIST 1114 144
HIST 1115 135
HIST 1116 136
HIST 1117 157
HIST 1118 163
HIST 1119 122
HIST 1120 137
HIST 1121 133
HIST 1122 139
HIST 1123 132
HIST 1124 163
HIST 1125 136
HIST 1126 139
HIST 1127 133
HIST 1128 136
HIST 1129 163
HIST 1130 139
HIST 1131 151
HIST 1132 129
HIST 1133 118
HIST 1134 125
HIST 1135 129
HIST 1136 148
HIST 1137 140
HIST 1138 142
HIST 1139 146
HIST 1140 141
HIST 1141 135
HIST 1142 144
HIST 1143 141
HIST 1144 156
HIST 1145 138
HIST 1146 128
HIST 1147 143
HIST 1148 133
HIST 1149 148
HIST 1150 156
HIST 1151 145
HIST 1152 159
HIST 1153 147
HIST 1154 141
HIST 1155 142
HIST 1156 149
HIST 1157 132
HIST 1158 173
HIST 1159 154
HIST 1160 147
HIST 1161 127
HIST 1162 146
HIST 1163 140
HIST 1164 145
HIST 1165 161
HIST 1166 135
HIST 1167 149
HIST 1168 118
HIST 1169 145
HIST 1170 158
HIST 1171 141
HIST 1172 157
HIST 1173 139
HIST 1174 143
HIST 1175 124
HIST 1176 144
HIST 1177 146
HIST 1178 135
HIST 1179 177
HIST 1180 140
HIST 1181 161
HIST 1182 131
HIST 1183 162
HIST 1184 133
HIST 1185 136
HIST 1186 164
HIST 1187 138
HIST 1188 137
HIST 1189 149
HIST 1190 143
HIST 1191 149
HIST 1192 153
HIST 1193 121
HIST 1194 147
HIST 1195 155
HIST 1196 134
HIST 1197 146
HIST 1198 133
HIST 1199 118
HIST 1200 172
HIST 1201 145
HIST 1202 141
HIST 1203 163
HIST 1204 131
HIST 1205 159
HIST 1206 148
HIST 1207 161
HIST 1208 130
HIST 1209 150
HIST 1210 150
HIST 1211 140
HIST 1212 138
HIST 1213 161
HIST 1214 138
HIST 1215 131
HIST 1216 141
HIST 1217 144
HIST 1218 155
HIST 1219 135
HIST 1220 135
HIST 1221 131
HIST 1222 171
HIST 1223 137
HIST 1224 160
HIST 1225 149
HIST 1226 146
HIST 1227 148
HIST 1228 151
HIST 1229 146
HIST 1230 112
HIST 1231 133
HIST 1232 134
HIST 1233 124
HIST 1234 141
HIST 1235 145
HIST 1236 148
HIST 1237 136
HIST 1238 152
HIST 1239 147
HIST 1240 129
HIST 1241 138
HIST 1242 147
HIST 1243 150
HIST 1244 158
HIST 1245 140
HIST 1246 140
HIST 1247 156
HIST 1248 125
HIST 1249 150
HIST 1250 138
HIST 1251 123
HIST 1252 124
HIST 1253 140
HIST 1254 151
HIST 1255 146
HIST 1256 140
HIST 1257 161
HIST 1258 146
HIST 1259 157
HIST 1260 162
HIST 1261 172
HIST 1262 130
HIST 1263 126
HIST 1264 143
HIST 1265 126
HIST 1266 142
HIST 1267 150
HIST 1268 122
HIST 1269 145
HIST 1270 126
HIST 1271 140
HIST 1272 140
HIST 1273 146
HIST 1274 169
HIST 1275 135
HIST 1276 146
HIST 1277 129
HIST 1278 139
HIST 1279 131
HIST 1280 145
HIST 1281 117
HIST 1282 146
HIST 1283 160
HIST 1284 129
HIST 1285 131
HIST 1286 129
HIST 1287 145
HIST 1288 136
HIST 1289 148
HIST 1290 144
HIST 1291 135
HIST 1292 152
HIST 1293 142
HIST 1294 143
HIST 1295 156
HIST 1296 141
HIST 1297 131
HIST 1298 137
HIST 1299 167
HIST 1300 135
HIST 1301 153
HIST 1302 137
HIST 1303 144
HIST 1304 141
HIST 1305 161
HIST 1306 152
HIST 1307 153
HIST 1308 157
HIST 1309 146
HIST 1310 149
HIST 1311 139
HIST 1312 136
HIST 1313 132
HIST 1314 141
HIST 1315 139
HIST 1316 133
HIST 1317 141
HIST 1318 145
HIST 1319 144
HIST 1320 147
HIST 1321 155
HIST 1322 122
HIST 1323 138
HIST 1324 157
HIST 1325 122
HIST 1326 143
HIST 1327 145
HIST 1328 143
HIST 1329 113
HIST 1330 144
HIST 1331 152
HIST 1332 106
HIST 1333 141
HIST 1334 128
HIST 1335 131
HIST 1336 146
HIST 1337 162
HIST 1338 146
HIST 1339 146
HIST 1340 135
HIST 1341 154
HIST 1342 119
HIST 1343 126
HIST 1344 142
HIST 1345 133
HIST 1346 165
HIST 1347 159
HIST 1348 129
HIST 1349 143
HIST 1350 135
HIST 1351 135
HIST 1352 143
HIST 1353 160
HIST 1354 129
HIST 1355 136
HIST 1356 129
HIST 1357 148
HIST 1358 162
HIST 1359 156
HIST 1360 143
HIST 1361 130
HIST 1362 142
HIST 1363 149
HIST 1364 141
HIST 1365 132
HIST 1366 146
HIST 1367 148
HIST 1368 139
HIST 1369 138
HIST 1370 160
HIST 1371 128
HIST 1372 150
HIST 1373 151
HIST 1374 183
HIST 1375 147
HIST 1376 130
HIST 1377 132
HIST 1378 138
HIST 1379 136
HIST 1380 138
HIST 1381 130
HIST 1382 133
HIST 1383 144
HIST 1384 139
HIST 1385 151
HIST 1386 141
HIST 1387 142
HIST 1388 147
HIST 1389 144
HIST 1390 121
HIST 1391 136
HIST 1392 116
HIST 1393 148
HIST 1394 148
HIST 1395 160
HIST 1396 155
HIST 1397 150
HIST 1398 138
HIST 1399 160
HIST 1400 173
HIST 1401 144
HIST 1402 120
HIST 1403 139
HIST 1404 159
HIST 1405 129
HIST 1406 160
HIST 1407 161
HIST 1408 147
HIST 1409 164
HIST 1410 139
HIST 1411 149
HIST 1412 139
HIST 1413 137
HIST 1414 134
HIST 1415 163
HIST 1416 144
HIST 1417 153
HIST 1418 123
HIST 1419 144
HIST 1420 157
HIST 1421 126
HIST 1422 147
HIST 1423 173
HIST 1424 133
HIST 1425 137
HIST 1426 145
HIST 1427 142
HIST 1428 142
HIST 1429 154
HIST 1430 132
HIST 1431 131
HIST 1432 148
HIST 1433 153
HIST 1434 158
HIST 1435 159
HIST 1436 130
HIST 1437 146
HIST 1438 136
HIST 1439 146
HIST 1440 143
HIST 1441 129
HIST 1442 150
HIST 1443 137
HIST 1444 144
HIST 1445 149
HIST 1446 148
HIST 1447 135
HIST 1448 161
HIST 1449 134
HIST 1450 136
HIST 1451 152
HIST 1452 145
HIST 1453 132
HIST 1454 136
HIST 1455 140
HIST 1456 134
HIST 1457 170
HIST 1458 140
HIST 1459 145
HIST 1460 147
HIST 1461 141
HIST 1462 134
HIST 1463 154
HIST 1464 138
HIST 1465 143
HIST 1466 161
HIST 1467 111
HIST 1468 158
HIST 1469 147
HIST 1470 155
HIST 1471 139
HIST 1472 135
HIST 1473 158
HIST 1474 143
HIST 1475 146
HIST 1476 169
HIST 1477 132
HIST 1478 132
HIST 1479 150
HIST 1480 166
HIST 1481 148
HIST 1482 163
HIST 1483 135
HIST 1484 134
HIST 1485 146
HIST 1486 146
HIST 1487 132
HIST 1488 138
HIST 1489 137
HIST 1490 145
HIST 1491 132
HIST 1492 160
HIST 1493 152
HIST 1494 142
HIST 1495 137
HIST 1496 170
HIST 1497 140
HIST 1498 148
HIST 1499 162
HIST 1500 146
HIST 1501 138
HIST 1502 150
HIST 1503 136
HIST 1504 148
HIST 1505 151
HIST 1506 139
HIST 1507 147
HIST 1508 122
HIST 1509 172
HIST 1510 151
HIST 1511 152
HIST 1512 135
HIST 1513 148
HIST 1514 147
HIST 1515 136
HIST 1516 169
HIST 1517 160
HIST 1518 158
HIST 1519 139
HIST 1520 157
HIST 1521 142
HIST 1522 140
HIST 1523 128
HIST 1524 133
HIST 1525 154
HIST 1526 154
HIST 1527 153
HIST 1528 159
HIST 1529 137
HIST 1530 157
HIST 1531 146
HIST 1532 139
HIST 1533 155
HIST 1534 144
HIST 1535 148
HIST 1536 154
HIST 1537 158
HIST 1538 157
HIST 1539 156
HIST 1540 122
HIST 1541 155
HIST 1542 165
HIST 1543 156
HIST 1544 167
HIST 1545 148
HIST 1546 149
HIST 1547 160
HIST 1548 146
HIST 1549 135
HIST 1550 151
HIST 1551 155
HIST 1552 155
HIST 1553 165
HIST 1554 152
HIST 1555 140
HIST 1556 144
HIST 1557 154
HIST 1558 155
HIST 1559 154
HIST 1560 156
HIST 1561 158
HIST 1562 155
HIST 1563 165
HIST 1564 159
HIST 1565 147
HIST 1566 151
HIST 1567 130
HIST 1568 159
HIST 1569 145
HIST 1570 168
HIST 1571 153
HIST 1572 155
HIST 1573 135
HIST 1574 145
HIST 1575 156
HIST 1576 153
HIST 1577 153
HIST 1578 151
HIST 1579 141
HIST 1580 146
HIST 1581 143
HIST 1582 149
HIST 1583 165
HIST 1584 144
HIST 1585 157
HIST 1586 139
HIST 1587 147
HIST 1588 154
HIST 1589 148
HIST 1590 170
HIST 1591 163
HIST 1592 155
HIST 1593 9559
HIST 1594 174
HIST 1595 201
HIST 1596 199
HIST 1597 198
HIST 1598 199
HIST 1599 204
HIST 1600 207
HIST 1601 185
HIST 1602 205
HIST 1603 179
HIST 1604 209
HIST 1605 185
HIST 1606 204
HIST 1607 191
HIST 1608 218
HIST 1609 181
HIST 1610 211
HIST 1611 218
HIST 1612 160
HIST 1613 193
HIST 1614 195
HIST 1615 172
HIST 1616 216
HIST 1617 178
HIST 1618 185
HIST 1619 178
HIST 1620 187
HIST 1621 204
HIST 1622 220
HIST 1623 194
HIST 1624 174
HIST 1625 207
HIST 1626 183
HIST 1627 193
HIST 1628 191
HIST 1629 200
HIST 1630 194
HIST 1631 209
HIST 1632 196
HIST 1633 198
HIST 1634 203
HIST 1635 186
HIST 1636 201
HIST 1637 192
HIST 1638 200
HIST 1639 179
HIST 1640 201
HIST 1641 196
HIST 1642 206
HIST 1643 194
HIST 1644 179
HIST 1645 197
HIST 1646 191
HIST 1647 185
HIST 1648 184
HIST 1649 202
HIST 1650 203
HIST 1651 194
HIST 1652 204
HIST 1653 217
HIST 1654 185
HIST 1655 189
HIST 1656 199
HIST 1657 179
HIST 1658 239
HIST 1659 198
HIST 1660 195
HIST 1661 205
HIST 1662 209
HIST 1663 172
HIST 1664 208
HIST 1665 201
HIST 1666 211
HIST 1667 201
HIST 1668 220
HIST 1669 224
HIST 1670 181
HIST 1671 186
HIST 1672 197
HIST 1673 221
HIST 1674 188
HIST 1675 197
HIST 1676 218
HIST 1677 202
HIST 1678 194
HIST 1679 219
HIST 1680 206
HIST 1681 193
HIST 1682 213
HIST 1683 182
HIST 1684 191
HIST 1685 195
HIST 1686 189
HIST 1687 205
HIST 1688 184
HIST 1689 211
HIST 1690 175
HIST 1691 200
HIST 1692 211
HIST 1693 191
HIST 1694 201
HIST 1695 215
HIST 1696 215
HIST 1697 200
HIST 1698 192
HIST 1699 201
HIST 1700 190
HIST 1701 222
HIST 1702 176
HIST 1703 202
HIST 1704 193
HIST 1705 181
HIST 1706 184
HIST 1707 187
HIST 1708 186
HIST 1709 209
HIST 1710 208
HIST 1711 210
HIST 1712 235
HIST 1713 184
HIST 1714 210
HIST 1715 206
HIST 1716 189
HIST 1717 199
HIST 1718 211
HIST 1719 196
HIST 1720 200
HIST 1721 185
HIST 1722 184
HIST 1723 179
HIST 1724 184
HIST 1725 191
HIST 1726 203
HIST 1727 179
HIST 1728 192
HIST 1729 192
HIST 1730 192
HIST 1731 192
HIST 1732 199
HIST 1733 227
HIST 1734 197
HIST 1735 209
HIST 1736 166
HIST 1737 193
HIST 1738 200
HIST 1739 217
HIST 1740 195
HIST 1741 210
HIST 1742 211
HIST 1743 216
HIST 1744 198
HIST 1745 200
HIST 1746 215
HIST 1747 186
HIST 1748 209
HIST 1749 193
HIST 1750 183
HIST 1751 198
HIST 1752 162
HIST 1753 173
HIST 1754 196
HIST 1755 191
HIST 1756 204
HIST 1757 187
HIST 1758 212
HIST 1759 209
HIST 1760 183
HIST 1761 212
HIST 1762 190
HIST 1763 209
HIST 1764 183
HIST 1765 211
HIST 1766 186
HIST 1767 213
HIST 1768 215
HIST 1769 176
HIST 1770 209
HIST 1771 209
HIST 1772 209
HIST 1773 227
HIST 1774 204
HIST 1775 190
HIST 1776 221
HIST 1777 208
HIST 1778 226
HIST 1779 209
HIST 1780 200
HIST 1781 213
HIST 1782 243
HIST 1783 209
HIST 1784 207
HIST 1785 215
HIST 1786 189
HIST 1787 225
HIST 1788 221
HIST 1789 193
HIST 1790 212
HIST 1791 204
HIST 1792 194
HIST 1793 208
HIST 1794 199
HIST 1795 234
HIST 1796 206
HIST 1797 222
HIST 1798 199
HIST 1799 193
HIST 1800 192
HIST 1801 205
HIST 1802 195
HIST 1803 215
HIST 1804 241
HIST 1805 250
HIST 1806 218
HIST 1807 196
HIST 1808 207
HIST 1809 222
HIST 1810 195
HIST 1811 189
HIST 1812 221
HIST 1813 200
HIST 1814 200
HIST 1815 214
HIST 1816 196
HIST 1817 210
HIST 1818 227
HIST 1819 199
HIST 1820 196
HIST 1821 217
HIST 1822 190
HIST 1823 188
HIST 1824 176
HIST 1825 215
HIST 1826 217
HIST 1827 222
HIST 1828 233
HIST 1829 218
HIST 1830 214
HIST 1831 197
HIST 1832 212
HIST 1833 215
HIST 1834 179
HIST 1835 238
HIST 1836 216
HIST 1837 213
HIST 1838 239
HIST 1839 199
HIST 1840 213
HIST 1841 212
HIST 1842 226
HIST 1843 196
HIST 1844 192
HIST 1845 216
HIST 1846 221
HIST 1847 230
HIST 1848 202
HIST 1849 204
HIST 1850 190
HIST 1851 227
HIST 1852 219
HIST 1853 205
HIST 1854 193
HIST 1855 199
HIST 1856 211
HIST 1857 217
HIST 1858 195
HIST 1859 194
HIST 1860 205
HIST 1861 215
HIST 1862 217
HIST 1863 203
HIST 1864 200
HIST 1865 228
HIST 1866 220
HIST 1867 224
HIST 1868 226
HIST 1869 183
HIST 1870 213
HIST 1871 221
HIST 1872 213
HIST 1873 222
HIST 1874 240
HIST 1875 186
HIST 1876 215
HIST 1877 202
HIST 1878 201
HIST 1879 219
HIST 1880 208
HIST 1881 208
HIST 1882 229
HIST 1883 198
HIST 1884 221
HIST 1885 218
HIST 1886 214
HIST 1887 199
HIST 1888 210
HIST 1889 201
HIST 1890 187
HIST 1891 205
HIST 1892 210
HIST 1893 203
HIST 1894 250
HIST 1895 214
HIST 1896 194
HIST 1897 207
HIST 1898 230
HIST 1899 192
HIST 1900 202
HIST 1901 196
HIST 1902 236
HIST 1903 196
HIST 1904 217
HIST 1905 195
HIST 1906 214
HIST 1907 204
HIST 1908 177
HIST 1909 191
HIST 1910 213
HIST 1911 191
HIST 1912 201
HIST 1913 208
HIST 1914 206
HIST 1915 207
HIST 1916 230
HIST 1917 205
HIST 1918 212
HIST 1919 229
HIST 1920 199
HIST 1921 207
HIST 1922 220
HIST 1923 198
HIST 1924 215
HIST 1925 213
HIST 1926 206
HIST 1927 216
HIST 1928 196
HIST 1929 188
HIST 1930 210
HIST 1931 202
HIST 1932 189
HIST 1933 191
HIST 1934 212
HIST 1935 217
HIST 1936 206
HIST 1937 209
HIST 1938 193
HIST 1939 201
HIST 1940 202
HIST 1941 188
HIST 1942 191
HIST 1943 195
HIST 1944 207
HIST 1945 161
HIST 1946 191
HIST 1947 243
HIST 1948 181
HIST 1949 177
HIST 1950 173
HIST 1951 191
HIST 1952 194
HIST 1953 217
HIST 1954 198
HIST 1955 182
HIST 1956 207
HIST 1957 207
HIST 1958 166
HIST 1959 197
HIST 1960 195
HIST 1961 178
HIST 1962 198
HIST 1963 212
HIST 1964 165
HIST 1965 200
HIST 1966 200
HIST 1967 191
HIST 1968 193
HIST 1969 204
HIST 1970 203
HIST 1971 215
HIST 1972 203
HIST 1973 195
HIST 1974 218
HIST 1975 178
HIST 1976 205
HIST 1977 192
HIST 1978 209
HIST 1979 197
HIST 1980 208
HIST 1981 209
HIST 1982 176
HIST 1983 174
HIST 1984 193
HIST 1985 212
HIST 1986 178
HIST 1987 185
HIST 1988 224
HIST 1989 224
HIST 1990 209
HIST 1991 200
HIST 1992 200
HIST 1993 206
HIST 1994 173
HIST 1995 226
HIST 1996 195
HIST 1997 229
HIST 1998 210
HIST 1999 217
HIST 2000 202
HIST 2001 205
HIST 2002 213
HIST 2003 181
HIST 2004 184
HIST 2005 212
HIST 2006 182
HIST 2007 210
HIST 2008 182
HIST 2009 202
HIST 2010 186
HIST 2011 211
HIST 2012 187
HIST 2013 213
HIST 2014 204
HIST 2015 209
HIST 2016 211
HIST 2017 189
HIST 2018 206
HIST 2019 215
HIST 2020 207
HIST 2021 220
HIST 2022 193
HIST 2023 198
HIST 2024 179
HIST 2025 210
HIST 2026 212
HIST 2027 232
HIST 2028 224
HIST 2029 184
HIST 2030 221
HIST 2031 193
HIST 2032 212
HIST 2033 211
HIST 2034 227
HIST 2035 208
HIST 2036 200
HIST 2037 212
HIST 2038 214
HIST 2039 217
HIST 2040 186
HIST 2041 221
HIST 2042 193
HIST 2043 197
HIST 2044 202
HIST 2045 187
HIST 2046 226
HIST 2047 214
HIST 2048 215
HIST 2049 200
HIST 2050 214
HIST 2051 232
HIST 2052 194
HIST 2053 214
HIST 2054 236
HIST 2055 201
HIST 2056 182
HIST 2057 205
HIST 2058 218
HIST 2059 213
HIST 2060 224
HIST 2061 214
HIST 2062 202
HIST 2063 243
HIST 2064 209
HIST 2065 215
HIST 2066 219
HIST 2067 191
HIST 2068 195
HIST 2069 205
HIST 2070 202
HIST 2071 211
HIST 2072 213
HIST 2073 190
HIST 2074 174
HIST 2075 281
HIST 2076 229
HIST 2077 234
HIST 2078 224
HIST 2079 238
HIST 2080 243
HIST 2081 199
HIST 2082 220
HIST 2083 211
HIST 2084 207
HIST 2085 220
HIST 2086 214
HIST 2087 187
HIST 2088 215
HIST 2089 216
HIST 2090 215
HIST 2091 216
HIST 2092 231
HIST 2093 202
HIST 2094 228
HIST 2095 222
HIST 2096 243
HIST 2097 219
HIST 2098 262
HIST 2099 213
HIST 2100 184
HIST 2101 238
HIST 2102 228
HIST 2103 223
HIST 2104 25160
HIST 2105 236
HIST 2106 267
HIST 2107 255
HIST 2108 250
HIST 2109 240
HIST 2110 274
HIST 2111 279
HIST 2112 254
HIST 2113 238
HIST 2114 267
HIST 2115 250
HIST 2116 253
HIST 2117 291
HIST 2118 278
HIST 2119 238
HIST 2120 264
HIST 2121 296
HIST 2122 263
HIST 2123 268
HIST 2124 274
HIST 2125 255
HIST 2126 255
HIST 2127 267
HIST 2128 273
HIST 2129 259
HIST 2130 282
HIST 2131 245
HIST 2132 281
HIST 2133 270
HIST 2134 276
HIST 2135 283
HIST 2136 285
HIST 2137 244
HIST 2138 254
HIST 2139 293
HIST 2140 291
HIST 2141 256
HIST 2142 259
HIST 2143 243
HIST 2144 266
HIST 2145 272
HIST 2146 281
HIST 2147 254
HIST 2148 274
HIST 2149 263
HIST 2150 277
HIST 2151 247
HIST 2152 246
HIST 2153 241
HIST 2154 245
HIST 2155 284
HIST 2156 289
HIST 2157 247
HIST 2158 267
HIST 2159 263
HIST 2160 283
HIST 2161 268
HIST 2162 261
HIST 2163 266
HIST 2164 257
HIST 2165 232
HIST 2166 242
HIST 2167 266
HIST 2168 256
HIST 2169 227
HIST 2170 273
HIST 2171 276
HIST 2172 279
HIST 2173 248
HIST 2174 270
HIST 2175 262
HIST 2176 283
HIST 2177 287
HIST 2178 250
HIST 2179 276
HIST 2180 268
HIST 2181 271
HIST 2182 247
HIST 2183 283
HIST 2184 242
HIST 2185 272
HIST 2186 258
HIST 2187 246
HIST 2188 245
HIST 2189 267
HIST 2190 264
HIST 2191 272
HIST 2192 281
HIST 2193 284
HIST 2194 257
HIST 2195 275
HIST 2196 300
HIST 2197 273
HIST 2198 281
HIST 2199 265
HIST 2200 272
HIST 2201 296
HIST 2202 289
HIST 2203 250
HIST 2204 299
HIST 2205 265
HIST 2206 284
HIST 2207 279
HIST 2208 270
HIST 2209 264
HIST 2210 273
HIST 2211 276
HIST 2212 245
HIST 2213 326
HIST 2214 249
HIST 2215 300
HIST 2216 282
HIST 2217 265
HIST 2218 288
HIST 2219 275
HIST 2220 304
HIST 2221 290
HIST 2222 291
HIST 2223 289
HIST 2224 279
HIST 2225 285
HIST 2226 277
HIST 2227 271
HIST 2228 295
HIST 2229 297
HIST 2230 317
HIST 2231 271
HIST 2232 307
HIST 2233 295
HIST 2234 269
HIST 2235 273
HIST 2236 277
HIST 2237 282
HIST 2238 285
HIST 2239 265
HIST 2240 278
HIST 2241 286
HIST 2242 292
HIST 2243 289
HIST 2244 295
HIST 2245 294
HIST 2246 299
HIST 2247 274
HIST 2248 314
HIST 2249 285
HIST 2250 298
HIST 2251 284
HIST 2252 286
HIST 2253 288
HIST 2254 298
HIST 2255 300
HIST 2256 309
HIST 2257 289
HIST 2258 295
HIST 2259 271
HIST 2260 317
HIST 2261 310
HIST 2262 292
HIST 2263 297
HIST 2264 280
HIST 2265 286
HIST 2266 278
HIST 2267 283
HIST 2268 283
HIST 2269 291
HIST 2270 269
HIST 2271 306
HIST 2272 304
HIST 2273 262
HIST 2274 297
HIST 2275 310
HIST 2276 316
HIST 2277 323
HIST 2278 294
HIST 2279 344
HIST 2280 288
HIST 2281 317
HIST 2282 278
HIST 2283 334
HIST 2284 287
HIST 2285 289
HIST 2286 300
HIST 2287 311
HIST 2288 322
HIST 2289 301
HIST 2290 328
HIST 2291 325
HIST 2292 305
HIST 2293 296
HIST 2294 327
HIST 2295 307
HIST 2296 288
HIST 2297 322
HIST 2298 306
HIST 2299 314
HIST 2300 279
HIST 2301 325
HIST 2302 291
HIST 2303 318
HIST 2304 316
HIST 2305 303
HIST 2306 321
HIST 2307 336
HIST 2308 283
HIST 2309 307
HIST 2310 314
HIST 2311 294
HIST 2312 305
HIST 2313 311
HIST 2314 334
HIST 2315 282
HIST 2316 268
HIST 2317 315
HIST 2318 308
HIST 2319 304
HIST 2320 297
HIST 2321 307
HIST 2322 356
HIST 2323 341
HIST 2324 291
HIST 2325 323
HIST 2326 323
HIST 2327 329
HIST 2328 345
HIST 2329 331
HIST 2330 280
HIST 2331 289
HIST 2332 347
HIST 2333 342
HIST 2334 311
HIST 2335 293
HIST 2336 339
HIST 2337 326
HIST 2338 344
HIST 2339 322
HIST 2340 302
HIST 2341 323
HIST 2342 319
HIST 2343 300
HIST 2344 311
HIST 2345 343
HIST 2346 358
HIST 2347 329
HIST 2348 345
HIST 2349 325
HIST 2350 313
HIST 2351 340
HIST 2352 353
HIST 2353 325
HIST 2354 311
HIST 2355 343
HIST 2356 306
HIST 2357 317
HIST 2358 316
HIST 2359 299
HIST 2360 358
HIST 2361 319
HIST 2362 346
HIST 2363 317
HIST 2364 321
HIST 2365 305
HIST 2366 329
HIST 2367 316
HIST 2368 307
HIST 2369 289
HIST 2370 325
HIST 2371 327
HIST 2372 304
HIST 2373 322
HIST 2374 281
HIST 2375 297
HIST 2376 319
HIST 2377 304
HIST 2378 302
HIST 2379 310
HIST 2380 293
HIST 2381 281
HIST 2382 279
HIST 2383 241
HIST 2384 190
HIST 2385 210
HIST 2386 207
HIST 2387 199
HIST 2388 196
HIST 2389 185
HIST 2390 181
HIST 2391 173
HIST 2392 190
HIST 2393 174
HIST 2394 163
HIST 2395 169
HIST 2396 174
HIST 2397 157
HIST 2398 164
HIST 2399 169
HIST 2400 178
HIST 2401 155
HIST 2402 172
HIST 2403 146
HIST 2404 156
HIST 2405 121
HIST 2406 153
HIST 2407 151
HIST 2408 135
HIST 2409 143
HIST 2410 149
HIST 2411 128
HIST 2412 131
HIST 2413 110
HIST 2414 133
HIST 2415 124
HIST 2416 140
HIST 2417 111
HIST 2418 106
HIST 2419 108
HIST 2420 118
HIST 2421 113
HIST 2422 108
HIST 2423 109
HIST 2424 102
HIST 2425 118
HIST 2426 116
HIST 2427 104
HIST 2428 102
HIST 2429 106
HIST 2430 108
HIST 2431 97
HIST 2432 106
HIST 2433 107
HIST 2434 95
HIST 2435 97
HIST 2436 90
HIST 2437 68
HIST 2438 81
HIST 2439 92
HIST 2440 106
HIST 2441 97
HIST 2442 94
HIST 2443 75
HIST 2444 80
HIST 2445 92
HIST 2446 74
HIST 2447 71
HIST 2448 75
HIST 2449 72
HIST 2450 74
HIST 2451 74
HIST 2452 62
HIST 2453 54
HIST 2454 59
HIST 2455 72
HIST 2456 61
HIST 2457 57
HIST 2458 64
HIST 2459 50
HIST 2460 60
HIST 2461 47
HIST 2462 78
HIST 2463 65
HIST 2464 57
HIST 2465 52
HIST 2466 58
HIST 2467 43
HIST 2468 50
HIST 2469 42
HIST 2470 55
HIST 2471 38
HIST 2472 58
HIST 2473 49
HIST 2474 47
HIST 2475 58
HIST 2476 50
HIST 2477 42
HIST 2478 39
HIST 2479 46
HIST 2480 35
HIST 2481 30
HIST 2482 37
HIST 2483 43
HIST 2484 45
HIST 2485 38
HIST 2486 40
HIST 2487 34
HIST 2488 31
HIST 2489 30
HIST 2490 31
HIST 2491 24
HIST 2492 37
HIST 2493 32
HIST 2494 24
HIST 2495 38
HIST 2496 43
HIST 2497 42
HIST 2498 42
HIST 2499 34
HIST 2500 34
HIST 2501 30
HIST 2502 26
HIST 2503 32
HIST 2504 34
HIST 2505 27
HIST 2506 24
HIST 2507 28
HIST 2508 24
HIST 2509 24
HIST 2510 28
HIST 2511 20
HIST 2512 27
HIST 2513 23
HIST 2514 25
HIST 2515 28
HIST 2516 23
HIST 2517 20
HIST 2518 19
HIST 2519 22
HIST 2520 22
HIST 2521 14
HIST 2522 16
HIST 2523 25
HIST 2524 25
HIST 2525 25
HIST 2526 31
HIST 2527 25
HIST 2528 15
HIST 2529 27
HIST 2530 20
HIST 2531 17
HIST 2532 13
HIST 2533 19
HIST 2534 20
HIST 2535 15
HIST 2536 17
HIST 2537 21
HIST 2538 11
HIST 2539 16
HIST 2540 10
HIST 2541 18
HIST 2542 14
HIST 2543 22
HIST 2544 16
HIST 2545 19
HIST 2546 14
HIST 2547 12
HIST 2548 12
HIST 2549 12
HIST 2550 16
HIST 2551 16
HIST 2552 12
HIST 2553 9
HIST 2554 11
HIST 2555 5
HIST 2556 13
HIST 2557 16
HIST 2558 13
HIST 2559 11
HIST 2560 19
HIST 2561 9
HIST 2562 9
HIST 2563 17
HIST 2564 11
HIST 2565 14
HIST 2566 9
HIST 2567 11
HIST 2568 10
HIST 2569 10
HIST 2570 13
HIST 2571 10
HIST 2572 8
HIST 2573 7
HIST 2574 8
HIST 2575 14
HIST 2576 13
HIST 2577 10
HIST 2578 14
HIST 2579 8
HIST 2580 7
HIST 2581 29
HIST 2582 73
HIST 2583 10
HIST 2584 8
HIST 2585 9
HIST 2586 272
HIST 2587 2
HIST 2588 7
HIST 2589 8
HIST 2590 10
HIST 2591 11
HIST 2592 6
HIST 2593 13
HIST 2594 11
HIST 2595 4
HIST 2596 5
HIST 2597 6
HIST 2598 14
HIST 2599 15
HIST 2600 4
HIST 2601 8
HIST 2602 8
HIST 2603 6
HIST 2604 10
HIST 2605 8
HIST 2606 11
HIST 2607 5
HIST 2608 9
HIST 2609 5
HIST 2610 6
HIST 2611 16
HIST 2612 15
HIST 2613 7
HIST 2614 6
HIST 2615 124376
HISTEND
