SETUP correlatedGamma=0 twoJmax=10 vacuum=1 seed=0 killesc=0 killcarry=0 fullcarry=0
CUTS (production thresholds per material couple):
 Material : G4_Galactic
 Range cuts        :  gamma  1 mm     e-  1 mm     e+  1 mm  proton 1 mm 
 Energy thresholds :  gamma  990 eV     e-  990 eV     e+  990 eV  proton 100 keV
 Material : scene_mat_4
 Range cuts        :  gamma  1 mm     e-  1 mm     e+  1 mm  proton 1 mm 
 Energy thresholds :  gamma  38.9651 keV    e-  738.26 keV    e+  703.709 keV proton 100 keV
 Material : scene_mat_3
 Range cuts        :  gamma  1 mm     e-  1 mm     e+  1 mm  proton 1 mm 
 Energy thresholds :  gamma  6.91691 keV    e-  597.603 keV    e+  574.29 keV proton 100 keV
 Material : scene_mat_2
 Range cuts        :  gamma  1 mm     e-  1 mm     e+  1 mm  proton 1 mm 
 Energy thresholds :  gamma  990 eV     e-  990 eV     e+  990 eV  proton 100 keV
 Material : scene_mat_1
 Range cuts        :  gamma  1 mm     e-  1 mm     e+  1 mm  proton 1 mm 
 Energy thresholds :  gamma  3.38683 keV    e-  268.033 keV    e+  261.068 keV proton 100 keV
 Material : scene_mat_0
 Range cuts        :  gamma  1 mm     e-  1 mm     e+  1 mm  proton 1 mm 
 Energy thresholds :  gamma  29.856 keV    e-  620.515 keV    e+  592.153 keV proton 100 keV
RESULT decays=8000000
RESULT any=702309 eps_total=8.778862e-02
RESULT window=2614.511 counts=124247 eps=1.553087e-02
HISTBEGIN bins=2616 bin_kev=1.000000 decays=8000000
HIST 0 69
HIST 1 236
HIST 2 218
HIST 3 221
HIST 4 215
HIST 5 291
HIST 6 264
HIST 7 256
HIST 8 268
HIST 9 296
HIST 10 253
HIST 11 260
HIST 12 250
HIST 13 254
HIST 14 284
HIST 15 267
HIST 16 288
HIST 17 284
HIST 18 284
HIST 19 258
HIST 20 308
HIST 21 309
HIST 22 322
HIST 23 309
HIST 24 280
HIST 25 285
HIST 26 303
HIST 27 303
HIST 28 290
HIST 29 292
HIST 30 337
HIST 31 315
HIST 32 520
HIST 33 483
HIST 34 343
HIST 35 318
HIST 36 383
HIST 37 342
HIST 38 336
HIST 39 281
HIST 40 319
HIST 41 326
HIST 42 299
HIST 43 268
HIST 44 304
HIST 45 296
HIST 46 281
HIST 47 311
HIST 48 264
HIST 49 287
HIST 50 293
HIST 51 293
HIST 52 305
HIST 53 290
HIST 54 269
HIST 55 311
HIST 56 284
HIST 57 291
HIST 58 305
HIST 59 302
HIST 60 302
HIST 61 269
HIST 62 312
HIST 63 278
HIST 64 307
HIST 65 325
HIST 66 309
HIST 67 306
HIST 68 323
HIST 69 329
HIST 70 304
HIST 71 290
HIST 72 320
HIST 73 312
HIST 74 296
HIST 75 368
HIST 76 295
HIST 77 361
HIST 78 319
HIST 79 306
HIST 80 292
HIST 81 279
HIST 82 312
HIST 83 309
HIST 84 319
HIST 85 305
HIST 86 316
HIST 87 311
HIST 88 339
HIST 89 292
HIST 90 883
HIST 91 320
HIST 92 311
HIST 93 289
HIST 94 1316
HIST 95 315
HIST 96 314
HIST 97 316
HIST 98 305
HIST 99 288
HIST 100 294
HIST 101 304
HIST 102 292
HIST 103 290
HIST 104 296
HIST 105 468
HIST 106 584
HIST 107 302
HIST 108 299
HIST 109 443
HIST 110 311
HIST 111 287
HIST 112 278
HIST 113 320
HIST 114 291
HIST 115 303
HIST 116 291
HIST 117 291
HIST 118 292
HIST 119 276
HIST 120 303
HIST 121 301
HIST 122 287
HIST 123 295
HIST 124 278
HIST 125 291
HIST 126 338
HIST 127 318
HIST 128 339
HIST 129 333
HIST 130 296
HIST 131 286
HIST 132 340
HIST 133 330
HIST 134 302
HIST 135 288
HIST 136 315
HIST 137 295
HIST 138 297
HIST 139 337
HIST 140 361
HIST 141 334
HIST 142 337
HIST 143 320
HIST 144 335
HIST 145 348
HIST 146 343
HIST 147 313
HIST 148 285
HIST 149 339
HIST 150 285
HIST 151 320
HIST 152 323
HIST 153 354
HIST 154 337
HIST 155 341
HIST 156 341
HIST 157 310
HIST 158 306
HIST 159 311
HIST 160 330
HIST 161 334
HIST 162 367
HIST 163 325
HIST 164 344
HIST 165 315
HIST 166 328
HIST 167 324
HIST 168 327
HIST 169 322
HIST 170 313
HIST 171 335
HIST 172 313
HIST 173 319
HIST 174 303
HIST 175 321
HIST 176 363
HIST 177 325
HIST 178 332
HIST 179 353
HIST 180 344
HIST 181 295
HIST 182 343
HIST 183 276
HIST 184 342
HIST 185 344
HIST 186 346
HIST 187 340
HIST 188 363
HIST 189 330
HIST 190 308
HIST 191 308
HIST 192 321
HIST 193 307
HIST 194 348
HIST 195 317
HIST 196 360
HIST 197 344
HIST 198 360
HIST 199 337
HIST 200 325
HIST 201 320
HIST 202 325
HIST 203 329
HIST 204 318
HIST 205 348
HIST 206 328
HIST 207 376
HIST 208 332
HIST 209 403
HIST 210 359
HIST 211 345
HIST 212 352
HIST 213 359
HIST 214 346
HIST 215 318
HIST 216 353
HIST 217 319
HIST 218 292
HIST 219 341
HIST 220 319
HIST 221 304
HIST 222 309
HIST 223 330
HIST 224 306
HIST 225 344
HIST 226 308
HIST 227 338
HIST 228 338
HIST 229 334
HIST 230 348
HIST 231 337
HIST 232 345
HIST 233 383
HIST 234 413
HIST 235 382
HIST 236 401
HIST 237 368
HIST 238 366
HIST 239 1056
HIST 240 364
HIST 241 436
HIST 242 392
HIST 243 386
HIST 244 402
HIST 245 385
HIST 246 397
HIST 247 380
HIST 248 390
HIST 249 396
HIST 250 357
HIST 251 378
HIST 252 384
HIST 253 361
HIST 254 390
HIST 255 415
HIST 256 351
HIST 257 387
HIST 258 374
HIST 259 368
HIST 260 372
HIST 261 360
HIST 262 396
HIST 263 402
HIST 264 395
HIST 265 409
HIST 266 398
HIST 267 358
HIST 268 410
HIST 269 378
HIST 270 437
HIST 271 380
HIST 272 429
HIST 273 402
HIST 274 387
HIST 275 384
HIST 276 369
HIST 277 425
HIST 278 379
HIST 279 394
HIST 280 401
HIST 281 378
HIST 282 405
HIST 283 394
HIST 284 419
HIST 285 379
HIST 286 385
HIST 287 374
HIST 288 367
HIST 289 362
HIST 290 359
HIST 291 360
HIST 292 401
HIST 293 410
HIST 294 410
HIST 295 420
HIST 296 371
HIST 297 390
HIST 298 378
HIST 299 404
HIST 300 401
HIST 301 367
HIST 302 363
HIST 303 426
HIST 304 369
HIST 305 381
HIST 306 388
HIST 307 404
HIST 308 353
HIST 309 350
HIST 310 395
HIST 311 360
HIST 312 368
HIST 313 395
HIST 314 369
HIST 315 379
HIST 316 365
HIST 317 355
HIST 318 368
HIST 319 339
HIST 320 357
HIST 321 384
HIST 322 336
HIST 323 346
HIST 324 374
HIST 325 346
HIST 326 342
HIST 327 343
HIST 328 401
HIST 329 377
HIST 330 388
HIST 331 355
HIST 332 390
HIST 333 348
HIST 334 386
HIST 335 380
HIST 336 357
HIST 337 338
HIST 338 513
HIST 339 340
HIST 340 360
HIST 341 351
HIST 342 333
HIST 343 329
HIST 344 310
HIST 345 332
HIST 346 345
HIST 347 339
HIST 348 320
HIST 349 322
HIST 350 329
HIST 351 336
HIST 352 325
HIST 353 329
HIST 354 323
HIST 355 350
HIST 356 341
HIST 357 331
HIST 358 320
HIST 359 309
HIST 360 318
HIST 361 304
HIST 362 298
HIST 363 339
HIST 364 298
HIST 365 315
HIST 366 311
HIST 367 315
HIST 368 312
HIST 369 300
HIST 370 288
HIST 371 308
HIST 372 334
HIST 373 296
HIST 374 316
HIST 375 289
HIST 376 279
HIST 377 292
HIST 378 328
HIST 379 318
HIST 380 313
HIST 381 310
HIST 382 308
HIST 383 295
HIST 384 296
HIST 385 282
HIST 386 325
HIST 387 296
HIST 388 307
HIST 389 287
HIST 390 283
HIST 391 276
HIST 392 301
HIST 393 276
HIST 394 314
HIST 395 304
HIST 396 298
HIST 397 258
HIST 398 292
HIST 399 277
HIST 400 282
HIST 401 274
HIST 402 295
HIST 403 331
HIST 404 284
HIST 405 299
HIST 406 315
HIST 407 257
HIST 408 298
HIST 409 267
HIST 410 280
HIST 411 266
HIST 412 297
HIST 413 259
HIST 414 274
HIST 415 278
HIST 416 254
HIST 417 300
HIST 418 286
HIST 419 273
HIST 420 279
HIST 421 247
HIST 422 256
HIST 423 292
HIST 424 264
HIST 425 319
HIST 426 277
HIST 427 295
HIST 428 248
HIST 429 283
HIST 430 267
HIST 431 238
HIST 432 249
HIST 433 258
HIST 434 268
HIST 435 251
HIST 436 226
HIST 437 288
HIST 438 243
HIST 439 265
HIST 440 250
HIST 441 253
HIST 442 267
HIST 443 263
HIST 444 235
HIST 445 271
HIST 446 306
HIST 447 235
HIST 448 276
HIST 449 251
HIST 450 243
HIST 451 263
HIST 452 247
HIST 453 227
HIST 454 275
HIST 455 243
HIST 456 241
HIST 457 256
HIST 458 242
HIST 459 236
HIST 460 242
HIST 461 236
HIST 462 255
HIST 463 286
HIST 464 240
HIST 465 217
HIST 466 212
HIST 467 257
HIST 468 238
HIST 469 221
HIST 470 216
HIST 471 263
HIST 472 225
HIST 473 290
HIST 474 223
HIST 475 226
HIST 476 225
HIST 477 226
HIST 478 259
HIST 479 238
HIST 480 237
HIST 481 236
HIST 482 227
HIST 483 244
HIST 484 244
HIST 485 249
HIST 486 238
HIST 487 247
HIST 488 241
HIST 489 234
HIST 490 243
HIST 491 247
HIST 492 229
HIST 493 236
HIST 494 229
HIST 495 203
HIST 496 223
HIST 497 241
HIST 498 235
HIST 499 248
HIST 500 234
HIST 501 209
HIST 502 203
HIST 503 207
HIST 504 214
HIST 505 221
HIST 506 219
HIST 507 197
HIST 508 217
HIST 509 220
HIST 510 209
HIST 511 12144
HIST 512 212
HIST 513 237
HIST 514 198
HIST 515 214
HIST 516 203
HIST 517 198
HIST 518 212
HIST 519 206
HIST 520 209
HIST 521 201
HIST 522 223
HIST 523 193
HIST 524 169
HIST 525 205
HIST 526 215
HIST 527 219
HIST 528 233
HIST 529 187
HIST 530 222
HIST 531 221
HIST 532 208
HIST 533 181
HIST 534 204
HIST 535 201
HIST 536 210
HIST 537 176
HIST 538 213
HIST 539 222
HIST 540 204
HIST 541 218
HIST 542 226
HIST 543 200
HIST 544 196
HIST 545 232
HIST 546 195
HIST 547 199
HIST 548 219
HIST 549 185
HIST 550 214
HIST 551 221
HIST 552 212
HIST 553 192
HIST 554 193
HIST 555 188
HIST 556 183
HIST 557 204
HIST 558 195
HIST 559 210
HIST 560 212
HIST 561 187
HIST 562 203
HIST 563 191
HIST 564 173
HIST 565 185
HIST 566 197
HIST 567 191
HIST 568 208
HIST 569 190
HIST 570 189
HIST 571 214
HIST 572 185
HIST 573 193
HIST 574 199
HIST 575 187
HIST 576 208
HIST 577 222
HIST 578 176
HIST 579 205
HIST 580 191
HIST 581 193
HIST 582 201
HIST 583 448
HIST 584 193
HIST 585 200
HIST 586 191
HIST 587 190
HIST 588 186
HIST 589 176
HIST 590 195
HIST 591 199
HIST 592 197
HIST 593 186
HIST 594 189
HIST 595 187
HIST 596 202
HIST 597 186
HIST 598 207
HIST 599 192
HIST 600 201
HIST 601 200
HIST 602 193
HIST 603 189
HIST 604 177
HIST 605 205
HIST 606 213
HIST 607 190
HIST 608 161
HIST 609 150
HIST 610 194
HIST 611 183
HIST 612 186
HIST 613 177
HIST 614 189
HIST 615 156
HIST 616 179
HIST 617 183
HIST 618 159
HIST 619 170
HIST 620 192
HIST 621 218
HIST 622 186
HIST 623 179
HIST 624 190
HIST 625 220
HIST 626 168
HIST 627 201
HIST 628 173
HIST 629 205
HIST 630 178
HIST 631 165
HIST 632 181
HIST 633 160
HIST 634 167
HIST 635 171
HIST 636 214
HIST 637 159
HIST 638 172
HIST 639 167
HIST 640 181
HIST 641 180
HIST 642 181
HIST 643 170
HIST 644 165
HIST 645 176
HIST 646 173
HIST 647 178
HIST 648 153
HIST 649 183
HIST 650 172
HIST 651 189
HIST 652 194
HIST 653 178
HIST 654 179
HIST 655 179
HIST 656 181
HIST 657 189
HIST 658 203
HIST 659 186
HIST 660 179
HIST 661 153
HIST 662 168
HIST 663 179
HIST 664 184
HIST 665 167
HIST 666 181
HIST 667 191
HIST 668 153
HIST 669 194
HIST 670 191
HIST 671 159
HIST 672 170
HIST 673 177
HIST 674 165
HIST 675 188
HIST 676 190
HIST 677 196
HIST 678 203
HIST 679 170
HIST 680 176
HIST 681 187
HIST 682 168
HIST 683 156
HIST 684 154
HIST 685 177
HIST 686 179
HIST 687 166
HIST 688 168
HIST 689 171
HIST 690 155
HIST 691 154
HIST 692 167
HIST 693 194
HIST 694 167
HIST 695 174
HIST 696 159
HIST 697 163
HIST 698 163
HIST 699 172
HIST 700 168
HIST 701 158
HIST 702 157
HIST 703 174
HIST 704 171
HIST 705 164
HIST 706 154
HIST 707 168
HIST 708 150
HIST 709 147
HIST 710 196
HIST 711 180
HIST 712 163
HIST 713 177
HIST 714 173
HIST 715 170
HIST 716 189
HIST 717 184
HIST 718 148
HIST 719 158
HIST 720 174
HIST 721 206
HIST 722 161
HIST 723 159
HIST 724 206
HIST 725 173
HIST 726 174
HIST 727 207
HIST 728 143
HIST 729 164
HIST 730 174
HIST 731 162
HIST 732 158
HIST 733 164
HIST 734 179
HIST 735 186
HIST 736 191
HIST 737 157
HIST 738 177
HIST 739 160
HIST 740 155
HIST 741 187
HIST 742 158
HIST 743 147
HIST 744 166
HIST 745 143
HIST 746 160
HIST 747 183
HIST 748 177
HIST 749 159
HIST 750 234
HIST 751 168
HIST 752 162
HIST 753 164
HIST 754 161
HIST 755 169
HIST 756 174
HIST 757 154
HIST 758 147
HIST 759 179
HIST 760 180
HIST 761 160
HIST 762 153
HIST 763 180
HIST 764 153
HIST 765 176
HIST 766 167
HIST 767 164
HIST 768 158
HIST 769 160
HIST 770 167
HIST 771 171
HIST 772 180
HIST 773 137
HIST 774 162
HIST 775 138
HIST 776 145
HIST 777 164
HIST 778 174
HIST 779 162
HIST 780 180
HIST 781 186
HIST 782 170
HIST 783 157
HIST 784 165
HIST 785 163
HIST 786 160
HIST 787 171
HIST 788 172
HIST 789 160
HIST 790 152
HIST 791 150
HIST 792 148
HIST 793 137
HIST 794 133
HIST 795 195
HIST 796 143
HIST 797 149
HIST 798 152
HIST 799 169
HIST 800 146
HIST 801 146
HIST 802 148
HIST 803 148
HIST 804 165
HIST 805 145
HIST 806 154
HIST 807 176
HIST 808 177
HIST 809 179
HIST 810 171
HIST 811 162
HIST 812 169
HIST 813 179
HIST 814 164
HIST 815 151
HIST 816 158
HIST 817 150
HIST 818 179
HIST 819 165
HIST 820 156
HIST 821 170
HIST 822 181
HIST 823 156
HIST 824 168
HIST 825 153
HIST 826 144
HIST 827 163
HIST 828 138
HIST 829 159
HIST 830 165
HIST 831 161
HIST 832 164
HIST 833 153
HIST 834 156
HIST 835 139
HIST 836 201
HIST 837 180
HIST 838 154
HIST 839 179
HIST 840 151
HIST 841 141
HIST 842 159
HIST 843 136
HIST 844 152
HIST 845 135
HIST 846 134
HIST 847 138
HIST 848 173
HIST 849 165
HIST 850 152
HIST 851 147
HIST 852 153
HIST 853 152
HIST 854 136
HIST 855 143
HIST 856 148
HIST 857 152
HIST 858 170
HIST 859 130
HIST 860 164
HIST 861 158
HIST 862 168
HIST 863 129
HIST 864 146
HIST 865 155
HIST 866 154
HIST 867 153
HIST 868 154
HIST 869 159
HIST 870 152
HIST 871 155
HIST 872 153
HIST 873 162
HIST 874 177
HIST 875 149
HIST 876 148
HIST 877 139
HIST 878 176
HIST 879 160
HIST 880 151
HIST 881 154
HIST 882 162
HIST 883 150
HIST 884 132
HIST 885 143
HIST 886 175
HIST 887 147
HIST 888 151
HIST 889 154
HIST 890 161
HIST 891 157
HIST 892 129
HIST 893 131
HIST 894 158
HIST 895 142
HIST 896 138
HIST 897 147
HIST 898 156
HIST 899 156
HIST 900 150
HIST 901 142
HIST 902 148
HIST 903 155
HIST 904 163
HIST 905 162
HIST 906 175
HIST 907 158
HIST 908 141
HIST 909 163
HIST 910 157
HIST 911 343
HIST 912 139
HIST 913 143
HIST 914 168
HIST 915 160
HIST 916 151
HIST 917 138
HIST 918 143
HIST 919 150
HIST 920 140
HIST 921 166
HIST 922 187
HIST 923 161
HIST 924 146
HIST 925 142
HIST 926 160
HIST 927 154
HIST 928 141
HIST 929 160
HIST 930 141
HIST 931 146
HIST 932 138
HIST 933 144
HIST 934 147
HIST 935 145
HIST 936 163
HIST 937 130
HIST 938 148
HIST 939 141
HIST 940 142
HIST 941 156
HIST 942 142
HIST 943 155
HIST 944 147
HIST 945 151
HIST 946 138
HIST 947 139
HIST 948 165
HIST 949 154
HIST 950 175
HIST 951 153
HIST 952 147
HIST 953 162
HIST 954 152
HIST 955 172
HIST 956 153
HIST 957 117
HIST 958 164
HIST 959 181
HIST 960 146
HIST 961 120
HIST 962 141
HIST 963 127
HIST 964 154
HIST 965 176
HIST 966 174
HIST 967 147
HIST 968 152
HIST 969 261
HIST 970 139
HIST 971 158
HIST 972 154
HIST 973 148
HIST 974 146
HIST 975 159
HIST 976 164
HIST 977 164
HIST 978 164
HIST 979 151
HIST 980 153
HIST 981 154
HIST 982 126
HIST 983 143
HIST 984 163
HIST 985 133
HIST 986 146
HIST 987 152
HIST 988 140
HIST 989 157
HIST 990 145
HIST 991 155
HIST 992 139
HIST 993 162
HIST 994 157
HIST 995 140
HIST 996 143
HIST 997 129
HIST 998 143
HIST 999 139
HIST 1000 142
HIST 1001 143
HIST 1002 139
HIST 1003 136
HIST 1004 132
HIST 1005 133
HIST 1006 165
HIST 1007 160
HIST 1008 146
HIST 1009 150
HIST 1010 144
HIST 1011 136
HIST 1012 162
HIST 1013 140
HIST 1014 174
HIST 1015 137
HIST 1016 139
HIST 1017 171
HIST 1018 146
HIST 1019 149
HIST 1020 143
HIST 1021 141
HIST 1022 172
HIST 1023 167
HIST 1024 141
HIST 1025 163
HIST 1026 142
HIST 1027 154
HIST 1028 142
HIST 1029 132
HIST 1030 164
HIST 1031 125
HIST 1032 135
HIST 1033 151
HIST 1034 137
HIST 1035 160
HIST 1036 134
HIST 1037 138
HIST 1038 141
HIST 1039 139
HIST 1040 148
HIST 1041 132
HIST 1042 154
HIST 1043 141
HIST 1044 134
HIST 1045 151
HIST 1046 147
HIST 1047 155
HIST 1048 129
HIST 1049 133
HIST 1050 135
HIST 1051 136
HIST 1052 120
HIST 1053 164
HIST 1054 154
HIST 1055 158
HIST 1056 138
HIST 1057 152
HIST 1058 152
HIST 1059 137
HIST 1060 128
HIST 1061 136
HIST 1062 137
HIST 1063 148
HIST 1064 156
HIST 1065 132
HIST 1066 135
HIST 1067 138
HIST 1068 142
HIST 1069 164
HIST 1070 163
HIST 1071 128
HIST 1072 154
HIST 1073 148
HIST 1074 154
HIST 1075 127
HIST 1076 134
HIST 1077 144
HIST 1078 148
HIST 1079 175
HIST 1080 124
HIST 1081 156
HIST 1082 146
HIST 1083 128
HIST 1084 146
HIST 1085 162
HIST 1086 136
HIST 1087 149
HIST 1088 132
HIST 1089 141
HIST 1090 145
HIST 1091 165
HIST 1092 158
HIST 1093 141
HIST 1094 166
HIST 1095 138
HIST 1096 163
HIST 1097 137
HIST 1098 146
HIST 1099 119
HIST 1100 154
HIST 1101 127
HIST 1102 135
HIST 1103 140
HIST 1104 141
HIST 1105 146
HIST 1106 172
HIST 1107 139
HIST 1108 119
HIST 1109 145
HIST 1110 141
HIST 1111 155
HIST 1112 158
HIST 1113 132
HIST 1114 146
HIST 1115 139
HIST 1116 139
HIST 1117 157
HIST 1118 164
HIST 1119 125
HIST 1120 131
HIST 1121 132
HIST 1122 141
HIST 1123 132
HIST 1124 165
HIST 1125 134
HIST 1126 142
HIST 1127 128
HIST 1128 140
HIST 1129 167
HIST 1130 143
HIST 1131 151
HIST 1132 131
HIST 1133 126
HIST 1134 130
HIST 1135 130
HIST 1136 147
HIST 1137 141
HIST 1138 142
HIST 1139 149
HIST 1140 144
HIST 1141 130
HIST 1142 144
HIST 1143 147
HIST 1144 156
HIST 1145 136
HIST 1146 127
HIST 1147 147
HIST 1148 134
HIST 1149 150
HIST 1150 157
HIST 1151 142
HIST 1152 159
HIST 1153 146
HIST 1154 148
HIST 1155 146
HIST 1156 149
HIST 1157 132
HIST 1158 170
HIST 1159 158
HIST 1160 145
HIST 1161 128
HIST 1162 144
HIST 1163 143
HIST 1164 149
HIST 1165 161
HIST 1166 134
HIST 1167 146
HIST 1168 119
HIST 1169 145
HIST 1170 157
HIST 1171 149
HIST 1172 160
HIST 1173 137
HIST 1174 143
HIST 1175 122
HIST 1176 144
HIST 1177 145
HIST 1178 136
HIST 1179 177
HIST 1180 140
HIST 1181 163
HIST 1182 139
HIST 1183 167
HIST 1184 131
HIST 1185 140
HIST 1186 162
HIST 1187 138
HIST 1188 138
HIST 1189 149
HIST 1190 144
HIST 1191 149
HIST 1192 152
HIST 1193 121
HIST 1194 150
HIST 1195 154
HIST 1196 141
HIST 1197 150
HIST 1198 134
HIST 1199 120
HIST 1200 171
HIST 1201 147
HIST 1202 141
HIST 1203 166
HIST 1204 132
HIST 1205 162
HIST 1206 152
HIST 1207 163
HIST 1208 127
HIST 1209 157
HIST 1210 150
HIST 1211 141
HIST 1212 143
HIST 1213 157
HIST 1214 140
HIST 1215 132
HIST 1216 145
HIST 1217 144
HIST 1218 158
HIST 1219 134
HIST 1220 139
HIST 1221 135
HIST 1222 175
HIST 1223 139
HIST 1224 159
HIST 1225 153
HIST 1226 146
HIST 1227 144
HIST 1228 158
HIST 1229 152
HIST 1230 116
HIST 1231 137
HIST 1232 133
HIST 1233 121
HIST 1234 151
HIST 1235 150
HIST 1236 143
HIST 1237 134
HIST 1238 146
HIST 1239 149
HIST 1240 130
HIST 1241 135
HIST 1242 150
HIST 1243 149
HIST 1244 158
HIST 1245 139
HIST 1246 145
HIST 1247 155
HIST 1248 121
HIST 1249 153
HIST 1250 133
HIST 1251 122
HIST 1252 127
HIST 1253 144
HIST 1254 144
HIST 1255 146
HIST 1256 142
HIST 1257 161
HIST 1258 141
HIST 1259 157
HIST 1260 169
HIST 1261 170
HIST 1262 132
HIST 1263 132
HIST 1264 141
HIST 1265 128
HIST 1266 144
HIST 1267 153
HIST 1268 126
HIST 1269 148
HIST 1270 134
HIST 1271 143
HIST 1272 142
HIST 1273 149
HIST 1274 173
HIST 1275 137
HIST 1276 144
HIST 1277 134
HIST 1278 137
HIST 1279 132
HIST 1280 143
HIST 1281 118
HIST 1282 143
HIST 1283 162
HIST 1284 127
HIST 1285 129
HIST 1286 129
HIST 1287 142
HIST 1288 138
HIST 1289 153
HIST 1290 148
HIST 1291 133
HIST 1292 153
HIST 1293 141
HIST 1294 142
HIST 1295 161
HIST 1296 142
HIST 1297 130
HIST 1298 137
HIST 1299 171
HIST 1300 141
HIST 1301 156
HIST 1302 137
HIST 1303 141
HIST 1304 140
HIST 1305 160
HIST 1306 150
HIST 1307 149
HIST 1308 155
HIST 1309 147
HIST 1310 151
HIST 1311 140
HIST 1312 138
HIST 1313 131
HIST 1314 146
HIST 1315 145
HIST 1316 140
HIST 1317 143
HIST 1318 144
HIST 1319 143
HIST 1320 151
HIST 1321 155
HIST 1322 121
HIST 1323 140
HIST 1324 158
HIST 1325 122
HIST 1326 143
HIST 1327 147
HIST 1328 145
HIST 1329 115
HIST 1330 142
HIST 1331 151
HIST 1332 107
HIST 1333 144
HIST 1334 131
HIST 1335 128
HIST 1336 144
HIST 1337 163
HIST 1338 150
HIST 1339 147
HIST 1340 135
HIST 1341 153
HIST 1342 120
HIST 1343 131
HIST 1344 145
HIST 1345 140
HIST 1346 163
HIST 1347 161
HIST 1348 129
HIST 1349 145
HIST 1350 134
HIST 1351 139
HIST 1352 143
HIST 1353 158
HIST 1354 131
HIST 1355 136
HIST 1356 131
HIST 1357 151
HIST 1358 158
HIST 1359 157
HIST 1360 148
HIST 1361 132
HIST 1362 145
HIST 1363 151
HIST 1364 147
HIST 1365 134
HIST 1366 145
HIST 1367 151
HIST 1368 139
HIST 1369 142
HIST 1370 157
HIST 1371 129
HIST 1372 151
HIST 1373 150
HIST 1374 179
HIST 1375 149
HIST 1376 137
HIST 1377 135
HIST 1378 139
HIST 1379 140
HIST 1380 138
HIST 1381 133
HIST 1382 130
HIST 1383 145
HIST 1384 139
HIST 1385 150
HIST 1386 142
HIST 1387 139
HIST 1388 148
HIST 1389 144
HIST 1390 121
HIST 1391 135
HIST 1392 113
HIST 1393 153
HIST 1394 149
HIST 1395 161
HIST 1396 158
HIST 1397 151
HIST 1398 140
HIST 1399 157
HIST 1400 174
HIST 1401 149
HIST 1402 119
HIST 1403 139
HIST 1404 163
HIST 1405 131
HIST 1406 163
HIST 1407 166
HIST 1408 148
HIST 1409 165
HIST 1410 140
HIST 1411 156
HIST 1412 141
HIST 1413 136
HIST 1414 134
HIST 1415 164
HIST 1416 144
HIST 1417 156
HIST 1418 128
HIST 1419 145
HIST 1420 159
HIST 1421 131
HIST 1422 148
HIST 1423 174
HIST 1424 133
HIST 1425 141
HIST 1426 145
HIST 1427 142
HIST 1428 145
HIST 1429 155
HIST 1430 133
HIST 1431 137
HIST 1432 149
HIST 1433 152
HIST 1434 157
HIST 1435 162
HIST 1436 132
HIST 1437 149
HIST 1438 139
HIST 1439 151
HIST 1440 143
HIST 1441 132
HIST 1442 152
HIST 1443 136
HIST 1444 149
HIST 1445 149
HIST 1446 147
HIST 1447 135
HIST 1448 162
HIST 1449 136
HIST 1450 139
HIST 1451 156
HIST 1452 145
HIST 1453 137
HIST 1454 135
HIST 1455 143
HIST 1456 133
HIST 1457 174
HIST 1458 141
HIST 1459 145
HIST 1460 146
HIST 1461 138
HIST 1462 135
HIST 1463 153
HIST 1464 138
HIST 1465 145
HIST 1466 162
HIST 1467 113
HIST 1468 158
HIST 1469 150
HIST 1470 150
HIST 1471 139
HIST 1472 136
HIST 1473 161
HIST 1474 142
HIST 1475 149
HIST 1476 172
HIST 1477 135
HIST 1478 137
HIST 1479 152
HIST 1480 169
HIST 1481 152
HIST 1482 166
HIST 1483 134
HIST 1484 136
HIST 1485 145
HIST 1486 148
HIST 1487 136
HIST 1488 143
HIST 1489 139
HIST 1490 144
HIST 1491 130
HIST 1492 158
HIST 1493 148
HIST 1494 142
HIST 1495 141
HIST 1496 168
HIST 1497 142
HIST 1498 150
HIST 1499 162
HIST 1500 149
HIST 1501 139
HIST 1502 148
HIST 1503 141
HIST 1504 148
HIST 1505 152
HIST 1506 137
HIST 1507 147
HIST 1508 124
HIST 1509 175
HIST 1510 152
HIST 1511 154
HIST 1512 137
HIST 1513 151
HIST 1514 149
HIST 1515 138
HIST 1516 170
HIST 1517 162
HIST 1518 158
HIST 1519 138
HIST 1520 157
HIST 1521 142
HIST 1522 141
HIST 1523 132
HIST 1524 133
HIST 1525 152
HIST 1526 158
HIST 1527 155
HIST 1528 161
HIST 1529 142
HIST 1530 154
HIST 1531 147
HIST 1532 140
HIST 1533 151
HIST 1534 145
HIST 1535 149
HIST 1536 156
HIST 1537 160
HIST 1538 160
HIST 1539 158
HIST 1540 124
HIST 1541 156
HIST 1542 167
HIST 1543 154
HIST 1544 167
HIST 1545 148
HIST 1546 151
HIST 1547 161
HIST 1548 143
HIST 1549 134
HIST 1550 148
HIST 1551 153
HIST 1552 161
HIST 1553 165
HIST 1554 153
HIST 1555 140
HIST 1556 144
HIST 1557 154
HIST 1558 153
HIST 1559 154
HIST 1560 157
HIST 1561 159
HIST 1562 156
HIST 1563 162
HIST 1564 155
HIST 1565 148
HIST 1566 149
HIST 1567 129
HIST 1568 161
HIST 1569 145
HIST 1570 168
HIST 1571 153
HIST 1572 158
HIST 1573 133
HIST 1574 146
HIST 1575 157
HIST 1576 156
HIST 1577 151
HIST 1578 154
HIST 1579 144
HIST 1580 144
HIST 1581 144
HIST 1582 149
HIST 1583 167
HIST 1584 147
HIST 1585 156
HIST 1586 140
HIST 1587 146
HIST 1588 157
HIST 1589 148
HIST 1590 172
HIST 1591 168
HIST 1592 157
HIST 1593 9579
HIST 1594 174
HIST 1595 203
HIST 1596 203
HIST 1597 199
HIST 1598 205
HIST 1599 202
HIST 1600 207
HIST 1601 186
HIST 1602 207
HIST 1603 181
HIST 1604 211
HIST 1605 187
HIST 1606 203
HIST 1607 193
HIST 1608 220
HIST 1609 184
HIST 1610 208
HIST 1611 219
HIST 1612 162
HIST 1613 192
HIST 1614 194
HIST 1615 171
HIST 1616 218
HIST 1617 180
HIST 1618 186
HIST 1619 182
HIST 1620 191
HIST 1621 213
HIST 1622 221
HIST 1623 195
HIST 1624 174
HIST 1625 205
HIST 1626 185
HIST 1627 192
HIST 1628 190
HIST 1629 198
HIST 1630 194
HIST 1631 211
HIST 1632 194
HIST 1633 197
HIST 1634 204
HIST 1635 188
HIST 1636 204
HIST 1637 191
HIST 1638 199
HIST 1639 183
HIST 1640 202
HIST 1641 196
HIST 1642 205
HIST 1643 198
HIST 1644 183
HIST 1645 199
HIST 1646 191
HIST 1647 190
HIST 1648 189
HIST 1649 202
HIST 1650 202
HIST 1651 193
HIST 1652 205
HIST 1653 219
HIST 1654 195
HIST 1655 192
HIST 1656 202
HIST 1657 178
HIST 1658 239
HIST 1659 201
HIST 1660 197
HIST 1661 204
HIST 1662 213
HIST 1663 170
HIST 1664 211
HIST 1665 204
HIST 1666 214
HIST 1667 201
HIST 1668 223
HIST 1669 230
HIST 1670 183
HIST 1671 186
HIST 1672 200
HIST 1673 224
HIST 1674 193
HIST 1675 196
HIST 1676 218
HIST 1677 203
HIST 1678 193
HIST 1679 220
HIST 1680 203
HIST 1681 192
HIST 1682 214
HIST 1683 186
HIST 1684 195
HIST 1685 197
HIST 1686 185
HIST 1687 209
HIST 1688 186
HIST 1689 212
HIST 1690 176
HIST 1691 200
HIST 1692 212
HIST 1693 198
HIST 1694 200
HIST 1695 212
HIST 1696 212
HIST 1697 204
HIST 1698 196
HIST 1699 202
HIST 1700 187
HIST 1701 224
HIST 1702 176
HIST 1703 206
HIST 1704 187
HIST 1705 183
HIST 1706 187
HIST 1707 185
HIST 1708 189
HIST 1709 211
HIST 1710 208
HIST 1711 210
HIST 1712 239
HIST 1713 187
HIST 1714 212
HIST 1715 210
HIST 1716 186
HIST 1717 200
HIST 1718 212
HIST 1719 199
HIST 1720 201
HIST 1721 185
HIST 1722 184
HIST 1723 178
HIST 1724 180
HIST 1725 190
HIST 1726 201
HIST 1727 179
HIST 1728 196
HIST 1729 186
HIST 1730 193
HIST 1731 192
HIST 1732 203
HIST 1733 227
HIST 1734 198
HIST 1735 211
HIST 1736 169
HIST 1737 197
HIST 1738 199
HIST 1739 217
HIST 1740 194
HIST 1741 206
HIST 1742 212
HIST 1743 215
HIST 1744 202
HIST 1745 199
HIST 1746 216
HIST 1747 186
HIST 1748 211
HIST 1749 195
HIST 1750 183
HIST 1751 199
HIST 1752 162
HIST 1753 174
HIST 1754 195
HIST 1755 191
HIST 1756 205
HIST 1757 186
HIST 1758 214
HIST 1759 207
HIST 1760 182
HIST 1761 215
HIST 1762 191
HIST 1763 208
HIST 1764 185
HIST 1765 209
HIST 1766 186
HIST 1767 213
HIST 1768 214
HIST 1769 179
HIST 1770 208
HIST 1771 212
HIST 1772 210
HIST 1773 226
HIST 1774 205
HIST 1775 191
HIST 1776 226
HIST 1777 208
HIST 1778 226
HIST 1779 210
HIST 1780 205
HIST 1781 213
HIST 1782 248
HIST 1783 210
HIST 1784 205
HIST 1785 214
HIST 1786 189
HIST 1787 227
HIST 1788 225
HIST 1789 198
HIST 1790 215
HIST 1791 208
HIST 1792 195
HIST 1793 204
HIST 1794 200
HIST 1795 232
HIST 1796 205
HIST 1797 227
HIST 1798 197
HIST 1799 192
HIST 1800 192
HIST 1801 202
HIST 1802 197
HIST 1803 214
HIST 1804 239
HIST 1805 252
HIST 1806 220
HIST 1807 197
HIST 1808 207
HIST 1809 223
HIST 1810 195
HIST 1811 189
HIST 1812 219
HIST 1813 203
HIST 1814 203
HIST 1815 215
HIST 1816 196
HIST 1817 211
HIST 1818 225
HIST 1819 200
HIST 1820 195
HIST 1821 219
HIST 1822 193
HIST 1823 187
HIST 1824 180
HIST 1825 211
HIST 1826 218
HIST 1827 221
HIST 1828 234
HIST 1829 216
HIST 1830 217
HIST 1831 194
HIST 1832 214
HIST 1833 215
HIST 1834 178
HIST 1835 236
HIST 1836 219
HIST 1837 214
HIST 1838 240
HIST 1839 203
HIST 1840 210
HIST 1841 212
HIST 1842 227
HIST 1843 198
HIST 1844 192
HIST 1845 217
HIST 1846 222
HIST 1847 228
HIST 1848 203
HIST 1849 206
HIST 1850 190
HIST 1851 230
HIST 1852 220
HIST 1853 204
HIST 1854 195
HIST 1855 200
HIST 1856 217
HIST 1857 215
HIST 1858 196
HIST 1859 198
HIST 1860 206
HIST 1861 218
HIST 1862 222
HIST 1863 201
HIST 1864 200
HIST 1865 230
HIST 1866 218
HIST 1867 223
HIST 1868 229
HIST 1869 184
HIST 1870 213
HIST 1871 223
HIST 1872 217
HIST 1873 224
HIST 1874 239
HIST 1875 185
HIST 1876 216
HIST 1877 202
HIST 1878 204
HIST 1879 217
HIST 1880 204
HIST 1881 205
HIST 1882 235
HIST 1883 198
HIST 1884 220
HIST 1885 218
HIST 1886 214
HIST 1887 200
HIST 1888 211
HIST 1889 204
HIST 1890 189
HIST 1891 202
HIST 1892 210
HIST 1893 203
HIST 1894 249
HIST 1895 215
HIST 1896 197
HIST 1897 210
HIST 1898 232
HIST 1899 197
HIST 1900 205
HIST 1901 198
HIST 1902 239
HIST 1903 200
HIST 1904 215
HIST 1905 198
HIST 1906 218
HIST 1907 206
HIST 1908 180
HIST 1909 192
HIST 1910 211
HIST 1911 193
HIST 1912 201
HIST 1913 206
HIST 1914 206
HIST 1915 206
HIST 1916 229
HIST 1917 207
HIST 1918 212
HIST 1919 232
HIST 1920 196
HIST 1921 210
HIST 1922 220
HIST 1923 201
HIST 1924 216
HIST 1925 212
HIST 1926 210
HIST 1927 218
HIST 1928 198
HIST 1929 189
HIST 1930 210
HIST 1931 205
HIST 1932 193
HIST 1933 192
HIST 1934 212
HIST 1935 217
HIST 1936 207
HIST 1937 211
HIST 1938 196
HIST 1939 200
HIST 1940 197
HIST 1941 189
HIST 1942 191
HIST 1943 197
HIST 1944 209
HIST 1945 163
HIST 1946 192
HIST 1947 242
HIST 1948 182
HIST 1949 174
HIST 1950 180
HIST 1951 191
HIST 1952 199
HIST 1953 214
HIST 1954 199
HIST 1955 181
HIST 1956 208
HIST 1957 207
HIST 1958 168
HIST 1959 195
HIST 1960 193
HIST 1961 181
HIST 1962 197
HIST 1963 208
HIST 1964 166
HIST 1965 199
HIST 1966 203
HIST 1967 189
HIST 1968 193
HIST 1969 206
HIST 1970 205
HIST 1971 217
HIST 1972 206
HIST 1973 199
HIST 1974 219
HIST 1975 177
HIST 1976 206
HIST 1977 193
HIST 1978 210
HIST 1979 198
HIST 1980 208
HIST 1981 210
HIST 1982 178
HIST 1983 173
HIST 1984 192
HIST 1985 210
HIST 1986 176
HIST 1987 188
HIST 1988 227
HIST 1989 226
HIST 1990 211
HIST 1991 204
HIST 1992 202
HIST 1993 208
HIST 1994 174
HIST 1995 228
HIST 1996 196
HIST 1997 225
HIST 1998 206
HIST 1999 218
HIST 2000 204
HIST 2001 206
HIST 2002 216
HIST 2003 182
HIST 2004 185
HIST 2005 218
HIST 2006 183
HIST 2007 210
HIST 2008 184
HIST 2009 205
HIST 2010 188
HIST 2011 209
HIST 2012 189
HIST 2013 214
HIST 2014 204
HIST 2015 212
HIST 2016 213
HIST 2017 189
HIST 2018 207
HIST 2019 215
HIST 2020 210
HIST 2021 220
HIST 2022 194
HIST 2023 201
HIST 2024 182
HIST 2025 212
HIST 2026 209
HIST 2027 234
HIST 2028 225
HIST 2029 186
HIST 2030 221
HIST 2031 193
HIST 2032 212
HIST 2033 209
HIST 2034 228
HIST 2035 210
HIST 2036 201
HIST 2037 213
HIST 2038 217
HIST 2039 216
HIST 2040 186
HIST 2041 221
HIST 2042 195
HIST 2043 199
HIST 2044 205
HIST 2045 190
HIST 2046 225
HIST 2047 213
HIST 2048 215
HIST 2049 201
HIST 2050 215
HIST 2051 233
HIST 2052 192
HIST 2053 214
HIST 2054 234
HIST 2055 200
HIST 2056 182
HIST 2057 205
HIST 2058 220
HIST 2059 213
HIST 2060 224
HIST 2061 211
HIST 2062 201
HIST 2063 242
HIST 2064 210
HIST 2065 217
HIST 2066 221
HIST 2067 191
HIST 2068 196
HIST 2069 203
HIST 2070 201
HIST 2071 212
HIST 2072 215
HIST 2073 188
HIST 2074 177
HIST 2075 281
HIST 2076 231
HIST 2077 237
HIST 2078 225
HIST 2079 243
HIST 2080 242
HIST 2081 197
HIST 2082 223
HIST 2083 214
HIST 2084 209
HIST 2085 224
HIST 2086 217
HIST 2087 187
HIST 2088 219
HIST 2089 215
HIST 2090 214
HIST 2091 214
HIST 2092 230
HIST 2093 202
HIST 2094 227
HIST 2095 223
HIST 2096 243
HIST 2097 217
HIST 2098 264
HIST 2099 213
HIST 2100 185
HIST 2101 238
HIST 2102 226
HIST 2103 224
HIST 2104 25188
HIST 2105 235
HIST 2106 266
HIST 2107 255
HIST 2108 253
HIST 2109 238
HIST 2110 272
HIST 2111 283
HIST 2112 253
HIST 2113 236
HIST 2114 265
HIST 2115 251
HIST 2116 252
HIST 2117 295
HIST 2118 277
HIST 2119 238
HIST 2120 265
HIST 2121 295
HIST 2122 263
HIST 2123 274
HIST 2124 275
HIST 2125 256
HIST 2126 256
HIST 2127 266
HIST 2128 271
HIST 2129 259
HIST 2130 282
HIST 2131 246
HIST 2132 283
HIST 2133 269
HIST 2134 279
HIST 2135 284
HIST 2136 285
HIST 2137 247
HIST 2138 253
HIST 2139 296
HIST 2140 291
HIST 2141 254
HIST 2142 260
HIST 2143 244
HIST 2144 265
HIST 2145 275
HIST 2146 280
HIST 2147 253
HIST 2148 275
HIST 2149 264
HIST 2150 274
HIST 2151 252
HIST 2152 246
HIST 2153 243
HIST 2154 246
HIST 2155 285
HIST 2156 290
HIST 2157 247
HIST 2158 267
HIST 2159 265
HIST 2160 287
HIST 2161 268
HIST 2162 262
HIST 2163 267
HIST 2164 256
HIST 2165 233
HIST 2166 241
HIST 2167 266
HIST 2168 258
HIST 2169 228
HIST 2170 272
HIST 2171 277
HIST 2172 276
HIST 2173 252
HIST 2174 273
HIST 2175 263
HIST 2176 284
HIST 2177 288
HIST 2178 250
HIST 2179 276
HIST 2180 271
HIST 2181 270
HIST 2182 249
HIST 2183 282
HIST 2184 240
HIST 2185 272
HIST 2186 259
HIST 2187 249
HIST 2188 247
HIST 2189 266
HIST 2190 265
HIST 2191 273
HIST 2192 283
HIST 2193 287
HIST 2194 258
HIST 2195 275
HIST 2196 302
HIST 2197 276
HIST 2198 280
HIST 2199 263
HIST 2200 271
HIST 2201 295
HIST 2202 293
HIST 2203 249
HIST 2204 298
HIST 2205 266
HIST 2206 284
HIST 2207 280
HIST 2208 270
HIST 2209 264
HIST 2210 274
HIST 2211 277
HIST 2212 246
HIST 2213 327
HIST 2214 250
HIST 2215 299
HIST 2216 279
HIST 2217 264
HIST 2218 288
HIST 2219 274
HIST 2220 303
HIST 2221 289
HIST 2222 292
HIST 2223 288
HIST 2224 278
HIST 2225 284
HIST 2226 278
HIST 2227 274
HIST 2228 297
HIST 2229 291
HIST 2230 318
HIST 2231 271
HIST 2232 308
HIST 2233 294
HIST 2234 273
HIST 2235 275
HIST 2236 277
HIST 2237 282
HIST 2238 285
HIST 2239 267
HIST 2240 277
HIST 2241 288
HIST 2242 294
HIST 2243 290
HIST 2244 296
HIST 2245 294
HIST 2246 298
HIST 2247 277
HIST 2248 312
HIST 2249 283
HIST 2250 298
HIST 2251 285
HIST 2252 285
HIST 2253 290
HIST 2254 297
HIST 2255 300
HIST 2256 307
HIST 2257 288
HIST 2258 295
HIST 2259 271
HIST 2260 316
HIST 2261 312
HIST 2262 293
HIST 2263 298
HIST 2264 278
HIST 2265 289
HIST 2266 280
HIST 2267 281
HIST 2268 285
HIST 2269 291
HIST 2270 270
HIST 2271 308
HIST 2272 303
HIST 2273 261
HIST 2274 298
HIST 2275 311
HIST 2276 314
HIST 2277 322
HIST 2278 296
HIST 2279 344
HIST 2280 289
HIST 2281 317
HIST 2282 279
HIST 2283 334
HIST 2284 289
HIST 2285 288
HIST 2286 301
HIST 2287 310
HIST 2288 323
HIST 2289 300
HIST 2290 328
HIST 2291 325
HIST 2292 304
HIST 2293 297
HIST 2294 327
HIST 2295 304
HIST 2296 290
HIST 2297 323
HIST 2298 306
HIST 2299 313
HIST 2300 280
HIST 2301 326
HIST 2302 292
HIST 2303 319
HIST 2304 315
HIST 2305 304
HIST 2306 319
HIST 2307 338
HIST 2308 282
HIST 2309 308
HIST 2310 314
HIST 2311 294
HIST 2312 305
HIST 2313 310
HIST 2314 337
HIST 2315 282
HIST 2316 269
HIST 2317 317
HIST 2318 308
HIST 2319 300
HIST 2320 297
HIST 2321 305
HIST 2322 354
HIST 2323 340
HIST 2324 292
HIST 2325 325
HIST 2326 323
HIST 2327 327
HIST 2328 342
HIST 2329 330
HIST 2330 280
HIST 2331 291
HIST 2332 346
HIST 2333 346
HIST 2334 310
HIST 2335 292
HIST 2336 339
HIST 2337 325
HIST 2338 342
HIST 2339 321
HIST 2340 302
HIST 2341 326
HIST 2342 319
HIST 2343 302
HIST 2344 311
HIST 2345 342
HIST 2346 358
HIST 2347 328
HIST 2348 346
HIST 2349 322
HIST 2350 314
HIST 2351 338
HIST 2352 354
HIST 2353 327
HIST 2354 313
HIST 2355 343
HIST 2356 307
HIST 2357 316
HIST 2358 315
HIST 2359 299
HIST 2360 360
HIST 2361 322
HIST 2362 346
HIST 2363 317
HIST 2364 320
HIST 2365 304
HIST 2366 326
HIST 2367 315
HIST 2368 306
HIST 2369 286
HIST 2370 324
HIST 2371 327
HIST 2372 303
HIST 2373 325
HIST 2374 282
HIST 2375 298
HIST 2376 322
HIST 2377 307
HIST 2378 304
HIST 2379 310
HIST 2380 290
HIST 2381 282
HIST 2382 278
HIST 2383 240
HIST 2384 192
HIST 2385 210
HIST 2386 209
HIST 2387 201
HIST 2388 195
HIST 2389 186
HIST 2390 182
HIST 2391 172
HIST 2392 190
HIST 2393 173
HIST 2394 166
HIST 2395 170
HIST 2396 173
HIST 2397 156
HIST 2398 164
HIST 2399 168
HIST 2400 179
HIST 2401 157
HIST 2402 173
HIST 2403 146
HIST 2404 155
HIST 2405 120
HIST 2406 153
HIST 2407 152
HIST 2408 132
HIST 2409 144
HIST 2410 149
HIST 2411 126
HIST 2412 132
HIST 2413 110
HIST 2414 133
HIST 2415 122
HIST 2416 140
HIST 2417 114
HIST 2418 104
HIST 2419 107
HIST 2420 119
HIST 2421 111
HIST 2422 107
HIST 2423 110
HIST 2424 102
HIST 2425 118
HIST 2426 117
HIST 2427 103
HIST 2428 102
HIST 2429 107
HIST 2430 105
HIST 2431 98
HIST 2432 104
HIST 2433 108
HIST 2434 95
HIST 2435 98
HIST 2436 90
HIST 2437 68
HIST 2438 83
HIST 2439 92
HIST 2440 107
HIST 2441 96
HIST 2442 95
HIST 2443 76
HIST 2444 80
HIST 2445 93
HIST 2446 72
HIST 2447 70
HIST 2448 77
HIST 2449 73
HIST 2450 73
HIST 2451 74
HIST 2452 61
HIST 2453 55
HIST 2454 59
HIST 2455 72
HIST 2456 62
HIST 2457 55
HIST 2458 64
HIST 2459 51
HIST 2460 59
HIST 2461 48
HIST 2462 75
HIST 2463 66
HIST 2464 55
HIST 2465 52
HIST 2466 58
HIST 2467 41
HIST 2468 50
HIST 2469 43
HIST 2470 56
HIST 2471 38
HIST 2472 59
HIST 2473 49
HIST 2474 46
HIST 2475 57
HIST 2476 50
HIST 2477 41
HIST 2478 40
HIST 2479 47
HIST 2480 34
HIST 2481 28
HIST 2482 38
HIST 2483 43
HIST 2484 47
HIST 2485 36
HIST 2486 40
HIST 2487 35
HIST 2488 30
HIST 2489 31
HIST 2490 30
HIST 2491 24
HIST 2492 36
HIST 2493 32
HIST 2494 24
HIST 2495 40
HIST 2496 42
HIST 2497 42
HIST 2498 41
HIST 2499 33
HIST 2500 33
HIST 2501 30
HIST 2502 25
HIST 2503 32
HIST 2504 33
HIST 2505 27
HIST 2506 27
HIST 2507 26
HIST 2508 24
HIST 2509 27
HIST 2510 28
HIST 2511 19
HIST 2512 28
HIST 2513 24
HIST 2514 26
HIST 2515 28
HIST 2516 23
HIST 2517 21
HIST 2518 19
HIST 2519 23
HIST 2520 22
HIST 2521 14
HIST 2522 17
HIST 2523 25
HIST 2524 25
HIST 2525 24
HIST 2526 27
HIST 2527 24
HIST 2528 17
HIST 2529 26
HIST 2530 20
HIST 2531 19
HIST 2532 12
HIST 2533 20
HIST 2534 20
HIST 2535 14
HIST 2536 17
HIST 2537 21
HIST 2538 11
HIST 2539 16
HIST 2540 12
HIST 2541 18
HIST 2542 13
HIST 2543 22
HIST 2544 15
HIST 2545 20
HIST 2546 15
HIST 2547 14
HIST 2548 11
HIST 2549 14
HIST 2550 15
HIST 2551 15
HIST 2552 12
HIST 2553 7
HIST 2554 11
HIST 2555 5
HIST 2556 14
HIST 2557 18
HIST 2558 13
HIST 2559 12
HIST 2560 18
HIST 2561 9
HIST 2562 9
HIST 2563 18
HIST 2564 11
HIST 2565 14
HIST 2566 8
HIST 2567 12
HIST 2568 11
HIST 2569 12
HIST 2570 13
HIST 2571 10
HIST 2572 8
HIST 2573 6
HIST 2574 8
HIST 2575 16
HIST 2576 13
HIST 2577 10
HIST 2578 14
HIST 2579 8
HIST 2580 6
HIST 2581 31
HIST 2582 76
HIST 2583 10
HIST 2584 10
HIST 2585 11
HIST 2586 275
HIST 2587 2
HIST 2588 7
HIST 2589 9
HIST 2590 10
HIST 2591 12
HIST 2592 7
HIST 2593 13
HIST 2594 10
HIST 2595 4
HIST 2596 4
HIST 2597 6
HIST 2598 14
HIST 2599 17
HIST 2600 4
HIST 2601 8
HIST 2602 9
HIST 2603 6
HIST 2604 10
HIST 2605 8
HIST 2606 11
HIST 2607 4
HIST 2608 9
HIST 2609 5
HIST 2610 6
HIST 2611 16
HIST 2612 13
HIST 2613 8
HIST 2614 6
HIST 2615 124375
HISTEND
