область 3 целиком затенена областью 2 — выброшена (в сцене симулятора она тоже недостижима)
SETUP correlatedGamma=0 twoJmax=10 vacuum=1 seed=0 killesc=0 killcarry=0 fullcarry=1
CUTS (production thresholds per material couple):
 Material : G4_Galactic
 Range cuts        :  gamma  1 mm     e-  1 mm     e+  1 mm  proton 1 mm 
 Energy thresholds :  gamma  990 eV     e-  990 eV     e+  990 eV  proton 100 keV
 Material : scene_mat_3
 Range cuts        :  gamma  1 mm     e-  1 mm     e+  1 mm  proton 1 mm 
 Energy thresholds :  gamma  6.91691 keV    e-  597.603 keV    e+  574.29 keV proton 100 keV
 Material : scene_mat_1
 Range cuts        :  gamma  1 mm     e-  1 mm     e+  1 mm  proton 1 mm 
 Energy thresholds :  gamma  4.39533 keV    e-  541.252 keV    e+  522.087 keV proton 100 keV
 Material : scene_mat_0
 Range cuts        :  gamma  1 mm     e-  1 mm     e+  1 mm  proton 1 mm 
 Energy thresholds :  gamma  38.4662 keV    e-  692.485 keV    e+  658.149 keV proton 100 keV
RESULT decays=20000000
RESULT any=782229 eps_total=3.911145e-02
RESULT window=1460.820 counts=60511 eps=3.025550e-03
HISTBEGIN bins=1462 bin_kev=1.000000 decays=20000000
HIST 0 155
HIST 1 480
HIST 2 521
HIST 3 524
HIST 4 522
HIST 5 602
HIST 6 647
HIST 7 633
HIST 8 644
HIST 9 614
HIST 10 658
HIST 11 641
HIST 12 678
HIST 13 717
HIST 14 613
HIST 15 676
HIST 16 675
HIST 17 716
HIST 18 674
HIST 19 663
HIST 20 629
HIST 21 711
HIST 22 708
HIST 23 700
HIST 24 670
HIST 25 718
HIST 26 717
HIST 27 676
HIST 28 663
HIST 29 666
HIST 30 658
HIST 31 681
HIST 32 671
HIST 33 662
HIST 34 712
HIST 35 671
HIST 36 662
HIST 37 597
HIST 38 707
HIST 39 702
HIST 40 620
HIST 41 667
HIST 42 609
HIST 43 611
HIST 44 657
HIST 45 593
HIST 46 629
HIST 47 638
HIST 48 637
HIST 49 663
HIST 50 668
HIST 51 634
HIST 52 612
HIST 53 607
HIST 54 628
HIST 55 604
HIST 56 629
HIST 57 599
HIST 58 611
HIST 59 660
HIST 60 597
HIST 61 616
HIST 62 596
HIST 63 614
HIST 64 629
HIST 65 626
HIST 66 604
HIST 67 603
HIST 68 596
HIST 69 648
HIST 70 643
HIST 71 621
HIST 72 642
HIST 73 591
HIST 74 613
HIST 75 639
HIST 76 612
HIST 77 597
HIST 78 591
HIST 79 557
HIST 80 648
HIST 81 576
HIST 82 606
HIST 83 611
HIST 84 569
HIST 85 623
HIST 86 659
HIST 87 630
HIST 88 566
HIST 89 567
HIST 90 569
HIST 91 628
HIST 92 594
HIST 93 638
HIST 94 632
HIST 95 593
HIST 96 606
HIST 97 653
HIST 98 586
HIST 99 610
HIST 100 570
HIST 101 600
HIST 102 601
HIST 103 584
HIST 104 540
HIST 105 557
HIST 106 605
HIST 107 560
HIST 108 590
HIST 109 613
HIST 110 595
HIST 111 620
HIST 112 600
HIST 113 584
HIST 114 610
HIST 115 541
HIST 116 580
HIST 117 578
HIST 118 605
HIST 119 587
HIST 120 618
HIST 121 617
HIST 122 621
HIST 123 581
HIST 124 565
HIST 125 600
HIST 126 588
HIST 127 606
HIST 128 553
HIST 129 610
HIST 130 633
HIST 131 613
HIST 132 567
HIST 133 589
HIST 134 593
HIST 135 589
HIST 136 615
HIST 137 634
HIST 138 622
HIST 139 558
HIST 140 593
HIST 141 580
HIST 142 601
HIST 143 586
HIST 144 595
HIST 145 580
HIST 146 553
HIST 147 568
HIST 148 573
HIST 149 562
HIST 150 629
HIST 151 597
HIST 152 651
HIST 153 598
HIST 154 578
HIST 155 640
HIST 156 589
HIST 157 565
HIST 158 578
HIST 159 586
HIST 160 564
HIST 161 574
HIST 162 571
HIST 163 597
HIST 164 617
HIST 165 638
HIST 166 612
HIST 167 613
HIST 168 533
HIST 169 580
HIST 170 593
HIST 171 562
HIST 172 627
HIST 173 573
HIST 174 629
HIST 175 623
HIST 176 546
HIST 177 572
HIST 178 617
HIST 179 606
HIST 180 579
HIST 181 543
HIST 182 566
HIST 183 599
HIST 184 554
HIST 185 551
HIST 186 584
HIST 187 568
HIST 188 613
HIST 189 571
HIST 190 589
HIST 191 583
HIST 192 568
HIST 193 565
HIST 194 585
HIST 195 624
HIST 196 575
HIST 197 567
HIST 198 566
HIST 199 577
HIST 200 585
HIST 201 554
HIST 202 608
HIST 203 592
HIST 204 557
HIST 205 572
HIST 206 570
HIST 207 564
HIST 208 600
HIST 209 594
HIST 210 604
HIST 211 566
HIST 212 581
HIST 213 628
HIST 214 569
HIST 215 560
HIST 216 600
HIST 217 618
HIST 218 737
HIST 219 672
HIST 220 721
HIST 221 720
HIST 222 724
HIST 223 765
HIST 224 758
HIST 225 742
HIST 226 789
HIST 227 724
HIST 228 709
HIST 229 749
HIST 230 746
HIST 231 725
HIST 232 695
HIST 233 728
HIST 234 771
HIST 235 752
HIST 236 735
HIST 237 745
HIST 238 699
HIST 239 763
HIST 240 717
HIST 241 732
HIST 242 694
HIST 243 716
HIST 244 687
HIST 245 726
HIST 246 737
HIST 247 707
HIST 248 714
HIST 249 662
HIST 250 720
HIST 251 703
HIST 252 731
HIST 253 684
HIST 254 692
HIST 255 648
HIST 256 716
HIST 257 656
HIST 258 727
HIST 259 682
HIST 260 693
HIST 261 679
HIST 262 732
HIST 263 679
HIST 264 684
HIST 265 711
HIST 266 678
HIST 267 678
HIST 268 659
HIST 269 628
HIST 270 652
HIST 271 655
HIST 272 653
HIST 273 641
HIST 274 669
HIST 275 645
HIST 276 686
HIST 277 621
HIST 278 639
HIST 279 662
HIST 280 676
HIST 281 643
HIST 282 667
HIST 283 665
HIST 284 675
HIST 285 618
HIST 286 628
HIST 287 587
HIST 288 642
HIST 289 648
HIST 290 653
HIST 291 629
HIST 292 624
HIST 293 619
HIST 294 633
HIST 295 632
HIST 296 625
HIST 297 601
HIST 298 617
HIST 299 600
HIST 300 620
HIST 301 590
HIST 302 610
HIST 303 632
HIST 304 598
HIST 305 574
HIST 306 606
HIST 307 593
HIST 308 603
HIST 309 611
HIST 310 604
HIST 311 626
HIST 312 580
HIST 313 618
HIST 314 583
HIST 315 629
HIST 316 648
HIST 317 602
HIST 318 591
HIST 319 579
HIST 320 608
HIST 321 600
HIST 322 582
HIST 323 599
HIST 324 560
HIST 325 579
HIST 326 593
HIST 327 597
HIST 328 594
HIST 329 582
HIST 330 520
HIST 331 606
HIST 332 633
HIST 333 568
HIST 334 575
HIST 335 596
HIST 336 599
HIST 337 567
HIST 338 588
HIST 339 594
HIST 340 545
HIST 341 576
HIST 342 609
HIST 343 546
HIST 344 562
HIST 345 572
HIST 346 561
HIST 347 568
HIST 348 608
HIST 349 564
HIST 350 546
HIST 351 568
HIST 352 559
HIST 353 580
HIST 354 581
HIST 355 586
HIST 356 541
HIST 357 593
HIST 358 604
HIST 359 581
HIST 360 543
HIST 361 576
HIST 362 531
HIST 363 572
HIST 364 609
HIST 365 533
HIST 366 572
HIST 367 548
HIST 368 556
HIST 369 554
HIST 370 558
HIST 371 566
HIST 372 544
HIST 373 533
HIST 374 561
HIST 375 552
HIST 376 575
HIST 377 563
HIST 378 556
HIST 379 560
HIST 380 547
HIST 381 565
HIST 382 554
HIST 383 563
HIST 384 577
HIST 385 575
HIST 386 555
HIST 387 525
HIST 388 550
HIST 389 517
HIST 390 539
HIST 391 523
HIST 392 574
HIST 393 572
HIST 394 536
HIST 395 559
HIST 396 600
HIST 397 553
HIST 398 552
HIST 399 561
HIST 400 591
HIST 401 536
HIST 402 572
HIST 403 557
HIST 404 565
HIST 405 512
HIST 406 520
HIST 407 568
HIST 408 523
HIST 409 547
HIST 410 588
HIST 411 504
HIST 412 548
HIST 413 577
HIST 414 556
HIST 415 560
HIST 416 546
HIST 417 545
HIST 418 524
HIST 419 540
HIST 420 514
HIST 421 519
HIST 422 504
HIST 423 558
HIST 424 557
HIST 425 508
HIST 426 523
HIST 427 561
HIST 428 511
HIST 429 555
HIST 430 528
HIST 431 486
HIST 432 558
HIST 433 523
HIST 434 559
HIST 435 516
HIST 436 503
HIST 437 526
HIST 438 549
HIST 439 8094
HIST 440 545
HIST 441 547
HIST 442 537
HIST 443 519
HIST 444 571
HIST 445 538
HIST 446 522
HIST 447 543
HIST 448 560
HIST 449 527
HIST 450 507
HIST 451 552
HIST 452 525
HIST 453 525
HIST 454 520
HIST 455 540
HIST 456 530
HIST 457 483
HIST 458 549
HIST 459 584
HIST 460 574
HIST 461 540
HIST 462 556
HIST 463 535
HIST 464 545
HIST 465 572
HIST 466 521
HIST 467 533
HIST 468 532
HIST 469 553
HIST 470 528
HIST 471 573
HIST 472 479
HIST 473 563
HIST 474 549
HIST 475 514
HIST 476 547
HIST 477 527
HIST 478 554
HIST 479 538
HIST 480 507
HIST 481 500
HIST 482 550
HIST 483 552
HIST 484 507
HIST 485 508
HIST 486 549
HIST 487 541
HIST 488 523
HIST 489 524
HIST 490 514
HIST 491 484
HIST 492 516
HIST 493 498
HIST 494 531
HIST 495 561
HIST 496 553
HIST 497 497
HIST 498 522
HIST 499 493
HIST 500 503
HIST 501 516
HIST 502 559
HIST 503 588
HIST 504 507
HIST 505 495
HIST 506 556
HIST 507 508
HIST 508 513
HIST 509 504
HIST 510 553
HIST 511 563
HIST 512 507
HIST 513 517
HIST 514 518
HIST 515 520
HIST 516 519
HIST 517 549
HIST 518 538
HIST 519 539
HIST 520 528
HIST 521 478
HIST 522 565
HIST 523 508
HIST 524 524
HIST 525 552
HIST 526 521
HIST 527 548
HIST 528 517
HIST 529 536
HIST 530 539
HIST 531 533
HIST 532 507
HIST 533 518
HIST 534 483
HIST 535 531
HIST 536 517
HIST 537 531
HIST 538 511
HIST 539 508
HIST 540 490
HIST 541 494
HIST 542 573
HIST 543 522
HIST 544 514
HIST 545 506
HIST 546 499
HIST 547 556
HIST 548 511
HIST 549 509
HIST 550 530
HIST 551 520
HIST 552 520
HIST 553 519
HIST 554 503
HIST 555 503
HIST 556 535
HIST 557 505
HIST 558 492
HIST 559 525
HIST 560 555
HIST 561 487
HIST 562 497
HIST 563 480
HIST 564 532
HIST 565 544
HIST 566 521
HIST 567 495
HIST 568 520
HIST 569 497
HIST 570 489
HIST 571 529
HIST 572 535
HIST 573 484
HIST 574 508
HIST 575 518
HIST 576 555
HIST 577 501
HIST 578 503
HIST 579 526
HIST 580 489
HIST 581 515
HIST 582 522
HIST 583 526
HIST 584 540
HIST 585 478
HIST 586 508
HIST 587 534
HIST 588 496
HIST 589 544
HIST 590 509
HIST 591 537
HIST 592 517
HIST 593 520
HIST 594 500
HIST 595 490
HIST 596 532
HIST 597 475
HIST 598 477
HIST 599 545
HIST 600 483
HIST 601 499
HIST 602 492
HIST 603 484
HIST 604 495
HIST 605 446
HIST 606 524
HIST 607 505
HIST 608 505
HIST 609 478
HIST 610 513
HIST 611 505
HIST 612 470
HIST 613 512
HIST 614 492
HIST 615 526
HIST 616 531
HIST 617 545
HIST 618 474
HIST 619 503
HIST 620 519
HIST 621 501
HIST 622 534
HIST 623 531
HIST 624 497
HIST 625 496
HIST 626 514
HIST 627 479
HIST 628 526
HIST 629 507
HIST 630 495
HIST 631 473
HIST 632 508
HIST 633 510
HIST 634 492
HIST 635 504
HIST 636 500
HIST 637 489
HIST 638 468
HIST 639 516
HIST 640 490
HIST 641 479
HIST 642 491
HIST 643 538
HIST 644 487
HIST 645 523
HIST 646 471
HIST 647 480
HIST 648 491
HIST 649 492
HIST 650 504
HIST 651 551
HIST 652 489
HIST 653 520
HIST 654 492
HIST 655 485
HIST 656 545
HIST 657 504
HIST 658 505
HIST 659 450
HIST 660 521
HIST 661 465
HIST 662 547
HIST 663 460
HIST 664 519
HIST 665 460
HIST 666 483
HIST 667 474
HIST 668 531
HIST 669 525
HIST 670 481
HIST 671 471
HIST 672 489
HIST 673 521
HIST 674 492
HIST 675 515
HIST 676 470
HIST 677 496
HIST 678 477
HIST 679 499
HIST 680 506
HIST 681 492
HIST 682 505
HIST 683 498
HIST 684 480
HIST 685 541
HIST 686 458
HIST 687 522
HIST 688 515
HIST 689 480
HIST 690 469
HIST 691 471
HIST 692 452
HIST 693 507
HIST 694 465
HIST 695 506
HIST 696 487
HIST 697 492
HIST 698 466
HIST 699 538
HIST 700 485
HIST 701 476
HIST 702 497
HIST 703 459
HIST 704 498
HIST 705 510
HIST 706 476
HIST 707 516
HIST 708 488
HIST 709 517
HIST 710 481
HIST 711 492
HIST 712 484
HIST 713 490
HIST 714 499
HIST 715 488
HIST 716 498
HIST 717 529
HIST 718 494
HIST 719 498
HIST 720 527
HIST 721 476
HIST 722 476
HIST 723 459
HIST 724 476
HIST 725 512
HIST 726 506
HIST 727 488
HIST 728 463
HIST 729 519
HIST 730 458
HIST 731 510
HIST 732 484
HIST 733 492
HIST 734 489
HIST 735 506
HIST 736 516
HIST 737 497
HIST 738 478
HIST 739 511
HIST 740 521
HIST 741 478
HIST 742 448
HIST 743 522
HIST 744 491
HIST 745 479
HIST 746 495
HIST 747 478
HIST 748 524
HIST 749 477
HIST 750 469
HIST 751 506
HIST 752 490
HIST 753 482
HIST 754 494
HIST 755 440
HIST 756 555
HIST 757 501
HIST 758 517
HIST 759 480
HIST 760 504
HIST 761 475
HIST 762 497
HIST 763 490
HIST 764 504
HIST 765 494
HIST 766 490
HIST 767 442
HIST 768 516
HIST 769 505
HIST 770 494
HIST 771 471
HIST 772 476
HIST 773 520
HIST 774 487
HIST 775 472
HIST 776 484
HIST 777 487
HIST 778 480
HIST 779 516
HIST 780 470
HIST 781 500
HIST 782 491
HIST 783 442
HIST 784 502
HIST 785 474
HIST 786 498
HIST 787 510
HIST 788 443
HIST 789 485
HIST 790 471
HIST 791 496
HIST 792 482
HIST 793 483
HIST 794 454
HIST 795 447
HIST 796 513
HIST 797 472
HIST 798 491
HIST 799 513
HIST 800 478
HIST 801 482
HIST 802 505
HIST 803 464
HIST 804 476
HIST 805 484
HIST 806 504
HIST 807 459
HIST 808 510
HIST 809 484
HIST 810 516
HIST 811 485
HIST 812 479
HIST 813 504
HIST 814 478
HIST 815 496
HIST 816 466
HIST 817 484
HIST 818 500
HIST 819 497
HIST 820 474
HIST 821 464
HIST 822 499
HIST 823 499
HIST 824 484
HIST 825 511
HIST 826 481
HIST 827 516
HIST 828 515
HIST 829 487
HIST 830 474
HIST 831 502
HIST 832 475
HIST 833 463
HIST 834 473
HIST 835 478
HIST 836 522
HIST 837 501
HIST 838 481
HIST 839 484
HIST 840 475
HIST 841 444
HIST 842 504
HIST 843 536
HIST 844 526
HIST 845 466
HIST 846 472
HIST 847 511
HIST 848 503
HIST 849 479
HIST 850 480
HIST 851 458
HIST 852 454
HIST 853 471
HIST 854 518
HIST 855 499
HIST 856 503
HIST 857 495
HIST 858 484
HIST 859 500
HIST 860 487
HIST 861 506
HIST 862 490
HIST 863 486
HIST 864 505
HIST 865 509
HIST 866 472
HIST 867 536
HIST 868 497
HIST 869 522
HIST 870 479
HIST 871 489
HIST 872 467
HIST 873 469
HIST 874 514
HIST 875 482
HIST 876 503
HIST 877 487
HIST 878 480
HIST 879 461
HIST 880 505
HIST 881 496
HIST 882 500
HIST 883 496
HIST 884 493
HIST 885 480
HIST 886 497
HIST 887 503
HIST 888 514
HIST 889 472
HIST 890 496
HIST 891 478
HIST 892 475
HIST 893 492
HIST 894 517
HIST 895 502
HIST 896 496
HIST 897 499
HIST 898 535
HIST 899 475
HIST 900 502
HIST 901 491
HIST 902 476
HIST 903 473
HIST 904 510
HIST 905 482
HIST 906 514
HIST 907 511
HIST 908 484
HIST 909 522
HIST 910 521
HIST 911 510
HIST 912 504
HIST 913 527
HIST 914 504
HIST 915 497
HIST 916 500
HIST 917 442
HIST 918 511
HIST 919 522
HIST 920 486
HIST 921 494
HIST 922 462
HIST 923 486
HIST 924 496
HIST 925 504
HIST 926 470
HIST 927 522
HIST 928 486
HIST 929 484
HIST 930 505
HIST 931 484
HIST 932 508
HIST 933 518
HIST 934 450
HIST 935 540
HIST 936 534
HIST 937 478
HIST 938 503
HIST 939 484
HIST 940 521
HIST 941 517
HIST 942 533
HIST 943 512
HIST 944 495
HIST 945 511
HIST 946 490
HIST 947 504
HIST 948 492
HIST 949 515
HIST 950 1581
HIST 951 496
HIST 952 483
HIST 953 501
HIST 954 507
HIST 955 506
HIST 956 518
HIST 957 498
HIST 958 508
HIST 959 493
HIST 960 508
HIST 961 516
HIST 962 455
HIST 963 494
HIST 964 490
HIST 965 473
HIST 966 499
HIST 967 478
HIST 968 545
HIST 969 518
HIST 970 519
HIST 971 494
HIST 972 539
HIST 973 541
HIST 974 515
HIST 975 524
HIST 976 486
HIST 977 491
HIST 978 515
HIST 979 503
HIST 980 528
HIST 981 516
HIST 982 514
HIST 983 450
HIST 984 496
HIST 985 482
HIST 986 465
HIST 987 566
HIST 988 543
HIST 989 511
HIST 990 534
HIST 991 524
HIST 992 509
HIST 993 513
HIST 994 485
HIST 995 532
HIST 996 560
HIST 997 527
HIST 998 541
HIST 999 517
HIST 1000 546
HIST 1001 485
HIST 1002 561
HIST 1003 563
HIST 1004 503
HIST 1005 532
HIST 1006 490
HIST 1007 528
HIST 1008 532
HIST 1009 540
HIST 1010 537
HIST 1011 529
HIST 1012 561
HIST 1013 510
HIST 1014 498
HIST 1015 519
HIST 1016 525
HIST 1017 508
HIST 1018 507
HIST 1019 537
HIST 1020 497
HIST 1021 519
HIST 1022 513
HIST 1023 525
HIST 1024 523
HIST 1025 519
HIST 1026 491
HIST 1027 518
HIST 1028 527
HIST 1029 535
HIST 1030 526
HIST 1031 538
HIST 1032 545
HIST 1033 532
HIST 1034 529
HIST 1035 514
HIST 1036 539
HIST 1037 540
HIST 1038 492
HIST 1039 531
HIST 1040 545
HIST 1041 534
HIST 1042 535
HIST 1043 531
HIST 1044 536
HIST 1045 534
HIST 1046 544
HIST 1047 577
HIST 1048 507
HIST 1049 531
HIST 1050 546
HIST 1051 592
HIST 1052 543
HIST 1053 528
HIST 1054 601
HIST 1055 551
HIST 1056 553
HIST 1057 567
HIST 1058 556
HIST 1059 534
HIST 1060 524
HIST 1061 538
HIST 1062 532
HIST 1063 486
HIST 1064 533
HIST 1065 604
HIST 1066 553
HIST 1067 524
HIST 1068 513
HIST 1069 543
HIST 1070 527
HIST 1071 525
HIST 1072 553
HIST 1073 565
HIST 1074 547
HIST 1075 571
HIST 1076 540
HIST 1077 563
HIST 1078 588
HIST 1079 562
HIST 1080 586
HIST 1081 553
HIST 1082 541
HIST 1083 593
HIST 1084 551
HIST 1085 579
HIST 1086 513
HIST 1087 555
HIST 1088 579
HIST 1089 594
HIST 1090 544
HIST 1091 551
HIST 1092 567
HIST 1093 602
HIST 1094 563
HIST 1095 539
HIST 1096 557
HIST 1097 572
HIST 1098 568
HIST 1099 630
HIST 1100 599
HIST 1101 579
HIST 1102 548
HIST 1103 560
HIST 1104 586
HIST 1105 569
HIST 1106 596
HIST 1107 541
HIST 1108 572
HIST 1109 558
HIST 1110 625
HIST 1111 572
HIST 1112 556
HIST 1113 600
HIST 1114 589
HIST 1115 601
HIST 1116 570
HIST 1117 592
HIST 1118 580
HIST 1119 555
HIST 1120 558
HIST 1121 583
HIST 1122 604
HIST 1123 611
HIST 1124 574
HIST 1125 613
HIST 1126 586
HIST 1127 615
HIST 1128 599
HIST 1129 604
HIST 1130 605
HIST 1131 598
HIST 1132 575
HIST 1133 563
HIST 1134 614
HIST 1135 599
HIST 1136 617
HIST 1137 624
HIST 1138 614
HIST 1139 644
HIST 1140 617
HIST 1141 633
HIST 1142 626
HIST 1143 630
HIST 1144 634
HIST 1145 613
HIST 1146 634
HIST 1147 587
HIST 1148 641
HIST 1149 608
HIST 1150 628
HIST 1151 624
HIST 1152 628
HIST 1153 611
HIST 1154 634
HIST 1155 650
HIST 1156 687
HIST 1157 646
HIST 1158 644
HIST 1159 597
HIST 1160 667
HIST 1161 640
HIST 1162 644
HIST 1163 640
HIST 1164 651
HIST 1165 636
HIST 1166 664
HIST 1167 593
HIST 1168 639
HIST 1169 600
HIST 1170 688
HIST 1171 654
HIST 1172 667
HIST 1173 611
HIST 1174 665
HIST 1175 695
HIST 1176 636
HIST 1177 658
HIST 1178 677
HIST 1179 635
HIST 1180 641
HIST 1181 593
HIST 1182 629
HIST 1183 645
HIST 1184 671
HIST 1185 719
HIST 1186 660
HIST 1187 662
HIST 1188 647
HIST 1189 646
HIST 1190 697
HIST 1191 644
HIST 1192 673
HIST 1193 669
HIST 1194 706
HIST 1195 634
HIST 1196 685
HIST 1197 688
HIST 1198 691
HIST 1199 718
HIST 1200 740
HIST 1201 691
HIST 1202 653
HIST 1203 730
HIST 1204 731
HIST 1205 749
HIST 1206 692
HIST 1207 701
HIST 1208 737
HIST 1209 731
HIST 1210 687
HIST 1211 726
HIST 1212 706
HIST 1213 689
HIST 1214 689
HIST 1215 703
HIST 1216 720
HIST 1217 667
HIST 1218 701
HIST 1219 756
HIST 1220 699
HIST 1221 710
HIST 1222 675
HIST 1223 741
HIST 1224 665
HIST 1225 704
HIST 1226 695
HIST 1227 744
HIST 1228 698
HIST 1229 713
HIST 1230 700
HIST 1231 683
HIST 1232 723
HIST 1233 713
HIST 1234 744
HIST 1235 727
HIST 1236 722
HIST 1237 672
HIST 1238 707
HIST 1239 637
HIST 1240 634
HIST 1241 614
HIST 1242 625
HIST 1243 553
HIST 1244 476
HIST 1245 380
HIST 1246 347
HIST 1247 325
HIST 1248 295
HIST 1249 285
HIST 1250 255
HIST 1251 232
HIST 1252 241
HIST 1253 248
HIST 1254 229
HIST 1255 199
HIST 1256 214
HIST 1257 199
HIST 1258 203
HIST 1259 231
HIST 1260 187
HIST 1261 167
HIST 1262 168
HIST 1263 161
HIST 1264 172
HIST 1265 186
HIST 1266 165
HIST 1267 179
HIST 1268 152
HIST 1269 165
HIST 1270 137
HIST 1271 146
HIST 1272 166
HIST 1273 147
HIST 1274 141
HIST 1275 161
HIST 1276 144
HIST 1277 117
HIST 1278 123
HIST 1279 135
HIST 1280 148
HIST 1281 125
HIST 1282 146
HIST 1283 123
HIST 1284 105
HIST 1285 131
HIST 1286 114
HIST 1287 121
HIST 1288 120
HIST 1289 102
HIST 1290 124
HIST 1291 104
HIST 1292 94
HIST 1293 107
HIST 1294 111
HIST 1295 108
HIST 1296 113
HIST 1297 117
HIST 1298 89
HIST 1299 111
HIST 1300 100
HIST 1301 104
HIST 1302 106
HIST 1303 107
HIST 1304 88
HIST 1305 74
HIST 1306 87
HIST 1307 91
HIST 1308 106
HIST 1309 89
HIST 1310 94
HIST 1311 93
HIST 1312 90
HIST 1313 90
HIST 1314 81
HIST 1315 77
HIST 1316 99
HIST 1317 66
HIST 1318 76
HIST 1319 72
HIST 1320 75
HIST 1321 74
HIST 1322 55
HIST 1323 76
HIST 1324 71
HIST 1325 49
HIST 1326 70
HIST 1327 71
HIST 1328 61
HIST 1329 56
HIST 1330 45
HIST 1331 73
HIST 1332 57
HIST 1333 47
HIST 1334 59
HIST 1335 45
HIST 1336 46
HIST 1337 46
HIST 1338 56
HIST 1339 58
HIST 1340 50
HIST 1341 44
HIST 1342 52
HIST 1343 34
HIST 1344 35
HIST 1345 44
HIST 1346 32
HIST 1347 46
HIST 1348 41
HIST 1349 48
HIST 1350 35
HIST 1351 27
HIST 1352 51
HIST 1353 49
HIST 1354 43
HIST 1355 43
HIST 1356 37
HIST 1357 37
HIST 1358 36
HIST 1359 34
HIST 1360 32
HIST 1361 24
HIST 1362 27
HIST 1363 41
HIST 1364 30
HIST 1365 38
HIST 1366 31
HIST 1367 33
HIST 1368 27
HIST 1369 31
HIST 1370 32
HIST 1371 27
HIST 1372 38
HIST 1373 23
HIST 1374 22
HIST 1375 39
HIST 1376 24
HIST 1377 21
HIST 1378 20
HIST 1379 25
HIST 1380 25
HIST 1381 20
HIST 1382 27
HIST 1383 25
HIST 1384 21
HIST 1385 21
HIST 1386 22
HIST 1387 25
HIST 1388 24
HIST 1389 19
HIST 1390 22
HIST 1391 23
HIST 1392 14
HIST 1393 16
HIST 1394 21
HIST 1395 18
HIST 1396 14
HIST 1397 13
HIST 1398 16
HIST 1399 16
HIST 1400 13
HIST 1401 19
HIST 1402 24
HIST 1403 15
HIST 1404 21
HIST 1405 17
HIST 1406 12
HIST 1407 13
HIST 1408 17
HIST 1409 25
HIST 1410 13
HIST 1411 10
HIST 1412 19
HIST 1413 11
HIST 1414 14
HIST 1415 14
HIST 1416 18
HIST 1417 14
HIST 1418 11
HIST 1419 12
HIST 1420 13
HIST 1421 10
HIST 1422 14
HIST 1423 4
HIST 1424 12
HIST 1425 14
HIST 1426 44
HIST 1427 11
HIST 1428 35
HIST 1429 117
HIST 1430 518
HIST 1431 8
HIST 1432 225
HIST 1433 143
HIST 1434 18
HIST 1435 9
HIST 1436 13
HIST 1437 10
HIST 1438 15
HIST 1439 6
HIST 1440 16
HIST 1441 8
HIST 1442 14
HIST 1443 8
HIST 1444 12
HIST 1445 6
HIST 1446 5
HIST 1447 6
HIST 1448 3
HIST 1449 7
HIST 1450 7
HIST 1451 13
HIST 1452 7
HIST 1453 10
HIST 1454 12
HIST 1455 9
HIST 1456 8
HIST 1457 17
HIST 1458 27
HIST 1459 17
HIST 1460 7
HIST 1461 60511
HISTEND
