область 3 целиком затенена областью 2 — выброшена (в сцене симулятора она тоже недостижима)
область 5 целиком затенена областью 2 — выброшена (в сцене симулятора она тоже недостижима)
SETUP correlatedGamma=0 twoJmax=10 vacuum=1 seed=0 killesc=0 killcarry=0
CUTS (production thresholds per material couple):
 Material : G4_Galactic
 Range cuts        :  gamma  1 mm     e-  1 mm     e+  1 mm  proton 1 mm 
 Energy thresholds :  gamma  990 eV     e-  990 eV     e+  990 eV  proton 100 keV
 Material : scene_mat_3
 Range cuts        :  gamma  1 mm     e-  1 mm     e+  1 mm  proton 1 mm 
 Energy thresholds :  gamma  6.91691 keV    e-  597.603 keV    e+  574.29 keV proton 100 keV
 Material : scene_mat_1
 Range cuts        :  gamma  1 mm     e-  1 mm     e+  1 mm  proton 1 mm 
 Energy thresholds :  gamma  4.39533 keV    e-  541.252 keV    e+  522.087 keV proton 100 keV
 Material : scene_mat_0
 Range cuts        :  gamma  1 mm     e-  1 mm     e+  1 mm  proton 1 mm 
 Energy thresholds :  gamma  38.4662 keV    e-  692.485 keV    e+  658.149 keV proton 100 keV
RESULT decays=20000000
RESULT any=759564 eps_total=3.797820e-02
RESULT window=1460.820 counts=60508 eps=3.025400e-03
HISTBEGIN bins=1462 bin_kev=1.000000 decays=20000000
HIST 0 285
HIST 1 666
HIST 2 706
HIST 3 718
HIST 4 729
HIST 5 783
HIST 6 826
HIST 7 795
HIST 8 850
HIST 9 775
HIST 10 849
HIST 11 822
HIST 12 879
HIST 13 892
HIST 14 824
HIST 15 840
HIST 16 870
HIST 17 883
HIST 18 855
HIST 19 826
HIST 20 796
HIST 21 850
HIST 22 882
HIST 23 857
HIST 24 824
HIST 25 881
HIST 26 856
HIST 27 811
HIST 28 801
HIST 29 846
HIST 30 801
HIST 31 828
HIST 32 811
HIST 33 796
HIST 34 848
HIST 35 789
HIST 36 819
HIST 37 757
HIST 38 842
HIST 39 809
HIST 40 740
HIST 41 787
HIST 42 750
HIST 43 747
HIST 44 790
HIST 45 737
HIST 46 749
HIST 47 774
HIST 48 779
HIST 49 768
HIST 50 772
HIST 51 761
HIST 52 744
HIST 53 753
HIST 54 745
HIST 55 735
HIST 56 751
HIST 57 712
HIST 58 747
HIST 59 765
HIST 60 726
HIST 61 745
HIST 62 701
HIST 63 696
HIST 64 726
HIST 65 710
HIST 66 699
HIST 67 697
HIST 68 715
HIST 69 769
HIST 70 750
HIST 71 725
HIST 72 757
HIST 73 690
HIST 74 712
HIST 75 743
HIST 76 690
HIST 77 690
HIST 78 686
HIST 79 676
HIST 80 739
HIST 81 678
HIST 82 674
HIST 83 680
HIST 84 669
HIST 85 703
HIST 86 732
HIST 87 697
HIST 88 659
HIST 89 641
HIST 90 665
HIST 91 700
HIST 92 668
HIST 93 705
HIST 94 723
HIST 95 671
HIST 96 658
HIST 97 742
HIST 98 633
HIST 99 672
HIST 100 637
HIST 101 666
HIST 102 676
HIST 103 669
HIST 104 630
HIST 105 633
HIST 106 673
HIST 107 620
HIST 108 643
HIST 109 682
HIST 110 643
HIST 111 670
HIST 112 651
HIST 113 670
HIST 114 674
HIST 115 611
HIST 116 644
HIST 117 628
HIST 118 661
HIST 119 633
HIST 120 669
HIST 121 651
HIST 122 682
HIST 123 638
HIST 124 627
HIST 125 631
HIST 126 652
HIST 127 660
HIST 128 616
HIST 129 661
HIST 130 669
HIST 131 646
HIST 132 622
HIST 133 620
HIST 134 622
HIST 135 627
HIST 136 658
HIST 137 674
HIST 138 662
HIST 139 601
HIST 140 631
HIST 141 610
HIST 142 638
HIST 143 609
HIST 144 646
HIST 145 641
HIST 146 601
HIST 147 587
HIST 148 610
HIST 149 612
HIST 150 649
HIST 151 635
HIST 152 655
HIST 153 638
HIST 154 622
HIST 155 660
HIST 156 599
HIST 157 609
HIST 158 595
HIST 159 623
HIST 160 594
HIST 161 590
HIST 162 585
HIST 163 632
HIST 164 641
HIST 165 650
HIST 166 621
HIST 167 631
HIST 168 553
HIST 169 604
HIST 170 614
HIST 171 584
HIST 172 635
HIST 173 627
HIST 174 653
HIST 175 620
HIST 176 581
HIST 177 585
HIST 178 634
HIST 179 606
HIST 180 598
HIST 181 600
HIST 182 590
HIST 183 635
HIST 184 578
HIST 185 580
HIST 186 561
HIST 187 550
HIST 188 614
HIST 189 592
HIST 190 606
HIST 191 590
HIST 192 583
HIST 193 565
HIST 194 588
HIST 195 649
HIST 196 586
HIST 197 567
HIST 198 563
HIST 199 597
HIST 200 603
HIST 201 554
HIST 202 624
HIST 203 599
HIST 204 567
HIST 205 563
HIST 206 580
HIST 207 577
HIST 208 588
HIST 209 587
HIST 210 589
HIST 211 575
HIST 212 588
HIST 213 608
HIST 214 574
HIST 215 545
HIST 216 571
HIST 217 569
HIST 218 634
HIST 219 561
HIST 220 597
HIST 221 623
HIST 222 617
HIST 223 637
HIST 224 653
HIST 225 587
HIST 226 635
HIST 227 589
HIST 228 568
HIST 229 612
HIST 230 579
HIST 231 586
HIST 232 591
HIST 233 583
HIST 234 598
HIST 235 615
HIST 236 596
HIST 237 624
HIST 238 593
HIST 239 653
HIST 240 589
HIST 241 614
HIST 242 586
HIST 243 645
HIST 244 578
HIST 245 625
HIST 246 620
HIST 247 609
HIST 248 584
HIST 249 574
HIST 250 624
HIST 251 606
HIST 252 635
HIST 253 584
HIST 254 616
HIST 255 595
HIST 256 635
HIST 257 584
HIST 258 648
HIST 259 609
HIST 260 609
HIST 261 606
HIST 262 632
HIST 263 603
HIST 264 609
HIST 265 627
HIST 266 604
HIST 267 625
HIST 268 612
HIST 269 559
HIST 270 601
HIST 271 573
HIST 272 582
HIST 273 588
HIST 274 603
HIST 275 574
HIST 276 609
HIST 277 586
HIST 278 593
HIST 279 580
HIST 280 625
HIST 281 601
HIST 282 614
HIST 283 614
HIST 284 629
HIST 285 547
HIST 286 564
HIST 287 564
HIST 288 609
HIST 289 593
HIST 290 590
HIST 291 598
HIST 292 597
HIST 293 588
HIST 294 593
HIST 295 605
HIST 296 585
HIST 297 547
HIST 298 596
HIST 299 571
HIST 300 579
HIST 301 557
HIST 302 568
HIST 303 594
HIST 304 568
HIST 305 551
HIST 306 574
HIST 307 557
HIST 308 566
HIST 309 566
HIST 310 568
HIST 311 565
HIST 312 554
HIST 313 589
HIST 314 551
HIST 315 583
HIST 316 582
HIST 317 570
HIST 318 543
HIST 319 544
HIST 320 599
HIST 321 571
HIST 322 559
HIST 323 561
HIST 324 522
HIST 325 546
HIST 326 562
HIST 327 561
HIST 328 561
HIST 329 566
HIST 330 505
HIST 331 594
HIST 332 570
HIST 333 537
HIST 334 562
HIST 335 559
HIST 336 557
HIST 337 534
HIST 338 561
HIST 339 565
HIST 340 517
HIST 341 540
HIST 342 552
HIST 343 529
HIST 344 525
HIST 345 540
HIST 346 542
HIST 347 536
HIST 348 571
HIST 349 529
HIST 350 531
HIST 351 543
HIST 352 551
HIST 353 555
HIST 354 551
HIST 355 537
HIST 356 523
HIST 357 568
HIST 358 578
HIST 359 566
HIST 360 525
HIST 361 558
HIST 362 504
HIST 363 544
HIST 364 572
HIST 365 504
HIST 366 541
HIST 367 530
HIST 368 537
HIST 369 545
HIST 370 527
HIST 371 546
HIST 372 511
HIST 373 505
HIST 374 531
HIST 375 520
HIST 376 553
HIST 377 552
HIST 378 525
HIST 379 558
HIST 380 517
HIST 381 551
HIST 382 527
HIST 383 530
HIST 384 546
HIST 385 528
HIST 386 530
HIST 387 506
HIST 388 543
HIST 389 503
HIST 390 511
HIST 391 492
HIST 392 529
HIST 393 542
HIST 394 518
HIST 395 534
HIST 396 566
HIST 397 527
HIST 398 525
HIST 399 549
HIST 400 562
HIST 401 508
HIST 402 531
HIST 403 530
HIST 404 535
HIST 405 473
HIST 406 503
HIST 407 527
HIST 408 489
HIST 409 514
HIST 410 538
HIST 411 492
HIST 412 529
HIST 413 539
HIST 414 524
HIST 415 524
HIST 416 509
HIST 417 506
HIST 418 496
HIST 419 508
HIST 420 494
HIST 421 478
HIST 422 466
HIST 423 529
HIST 424 538
HIST 425 493
HIST 426 508
HIST 427 527
HIST 428 460
HIST 429 531
HIST 430 506
HIST 431 466
HIST 432 538
HIST 433 497
HIST 434 535
HIST 435 483
HIST 436 473
HIST 437 504
HIST 438 508
HIST 439 8127
HIST 440 530
HIST 441 523
HIST 442 514
HIST 443 494
HIST 444 518
HIST 445 513
HIST 446 492
HIST 447 504
HIST 448 533
HIST 449 502
HIST 450 490
HIST 451 518
HIST 452 496
HIST 453 511
HIST 454 488
HIST 455 523
HIST 456 498
HIST 457 463
HIST 458 530
HIST 459 546
HIST 460 534
HIST 461 511
HIST 462 510
HIST 463 490
HIST 464 501
HIST 465 544
HIST 466 492
HIST 467 488
HIST 468 499
HIST 469 535
HIST 470 500
HIST 471 545
HIST 472 456
HIST 473 541
HIST 474 501
HIST 475 468
HIST 476 520
HIST 477 499
HIST 478 512
HIST 479 512
HIST 480 479
HIST 481 462
HIST 482 505
HIST 483 523
HIST 484 470
HIST 485 484
HIST 486 506
HIST 487 489
HIST 488 494
HIST 489 482
HIST 490 470
HIST 491 467
HIST 492 470
HIST 493 477
HIST 494 495
HIST 495 542
HIST 496 535
HIST 497 468
HIST 498 490
HIST 499 461
HIST 500 469
HIST 501 490
HIST 502 513
HIST 503 543
HIST 504 476
HIST 505 478
HIST 506 520
HIST 507 469
HIST 508 479
HIST 509 464
HIST 510 524
HIST 511 497
HIST 512 476
HIST 513 487
HIST 514 486
HIST 515 485
HIST 516 487
HIST 517 511
HIST 518 480
HIST 519 497
HIST 520 478
HIST 521 448
HIST 522 527
HIST 523 477
HIST 524 501
HIST 525 510
HIST 526 490
HIST 527 504
HIST 528 482
HIST 529 494
HIST 530 501
HIST 531 491
HIST 532 480
HIST 533 486
HIST 534 445
HIST 535 490
HIST 536 482
HIST 537 487
HIST 538 476
HIST 539 485
HIST 540 470
HIST 541 446
HIST 542 539
HIST 543 494
HIST 544 483
HIST 545 439
HIST 546 469
HIST 547 509
HIST 548 458
HIST 549 459
HIST 550 496
HIST 551 483
HIST 552 488
HIST 553 495
HIST 554 469
HIST 555 475
HIST 556 508
HIST 557 479
HIST 558 460
HIST 559 477
HIST 560 494
HIST 561 448
HIST 562 465
HIST 563 435
HIST 564 497
HIST 565 523
HIST 566 484
HIST 567 464
HIST 568 459
HIST 569 476
HIST 570 453
HIST 571 491
HIST 572 497
HIST 573 439
HIST 574 463
HIST 575 489
HIST 576 498
HIST 577 464
HIST 578 469
HIST 579 485
HIST 580 468
HIST 581 461
HIST 582 483
HIST 583 475
HIST 584 493
HIST 585 439
HIST 586 475
HIST 587 490
HIST 588 464
HIST 589 507
HIST 590 464
HIST 591 498
HIST 592 490
HIST 593 492
HIST 594 459
HIST 595 452
HIST 596 485
HIST 597 441
HIST 598 448
HIST 599 512
HIST 600 441
HIST 601 457
HIST 602 447
HIST 603 448
HIST 604 461
HIST 605 412
HIST 606 484
HIST 607 464
HIST 608 453
HIST 609 444
HIST 610 479
HIST 611 463
HIST 612 423
HIST 613 456
HIST 614 449
HIST 615 474
HIST 616 488
HIST 617 518
HIST 618 427
HIST 619 458
HIST 620 469
HIST 621 460
HIST 622 496
HIST 623 485
HIST 624 451
HIST 625 462
HIST 626 482
HIST 627 435
HIST 628 483
HIST 629 467
HIST 630 461
HIST 631 436
HIST 632 464
HIST 633 460
HIST 634 454
HIST 635 456
HIST 636 447
HIST 637 457
HIST 638 438
HIST 639 465
HIST 640 449
HIST 641 446
HIST 642 451
HIST 643 477
HIST 644 440
HIST 645 469
HIST 646 424
HIST 647 448
HIST 648 446
HIST 649 451
HIST 650 453
HIST 651 510
HIST 652 440
HIST 653 475
HIST 654 450
HIST 655 446
HIST 656 505
HIST 657 475
HIST 658 475
HIST 659 424
HIST 660 460
HIST 661 422
HIST 662 496
HIST 663 429
HIST 664 463
HIST 665 422
HIST 666 447
HIST 667 442
HIST 668 475
HIST 669 493
HIST 670 450
HIST 671 449
HIST 672 446
HIST 673 470
HIST 674 444
HIST 675 476
HIST 676 430
HIST 677 451
HIST 678 456
HIST 679 440
HIST 680 466
HIST 681 453
HIST 682 448
HIST 683 459
HIST 684 437
HIST 685 500
HIST 686 423
HIST 687 477
HIST 688 479
HIST 689 443
HIST 690 447
HIST 691 432
HIST 692 416
HIST 693 469
HIST 694 423
HIST 695 454
HIST 696 446
HIST 697 435
HIST 698 433
HIST 699 489
HIST 700 439
HIST 701 446
HIST 702 453
HIST 703 425
HIST 704 461
HIST 705 465
HIST 706 441
HIST 707 478
HIST 708 444
HIST 709 488
HIST 710 455
HIST 711 464
HIST 712 435
HIST 713 452
HIST 714 471
HIST 715 438
HIST 716 441
HIST 717 494
HIST 718 452
HIST 719 457
HIST 720 466
HIST 721 422
HIST 722 451
HIST 723 430
HIST 724 418
HIST 725 472
HIST 726 465
HIST 727 456
HIST 728 418
HIST 729 480
HIST 730 414
HIST 731 444
HIST 732 426
HIST 733 454
HIST 734 448
HIST 735 463
HIST 736 488
HIST 737 451
HIST 738 448
HIST 739 475
HIST 740 485
HIST 741 432
HIST 742 406
HIST 743 472
HIST 744 451
HIST 745 437
HIST 746 464
HIST 747 445
HIST 748 461
HIST 749 437
HIST 750 424
HIST 751 474
HIST 752 446
HIST 753 451
HIST 754 447
HIST 755 416
HIST 756 501
HIST 757 477
HIST 758 496
HIST 759 447
HIST 760 462
HIST 761 430
HIST 762 442
HIST 763 447
HIST 764 465
HIST 765 458
HIST 766 455
HIST 767 407
HIST 768 461
HIST 769 451
HIST 770 452
HIST 771 427
HIST 772 435
HIST 773 475
HIST 774 438
HIST 775 432
HIST 776 437
HIST 777 443
HIST 778 442
HIST 779 472
HIST 780 429
HIST 781 455
HIST 782 451
HIST 783 400
HIST 784 458
HIST 785 447
HIST 786 455
HIST 787 456
HIST 788 414
HIST 789 445
HIST 790 421
HIST 791 456
HIST 792 458
HIST 793 438
HIST 794 422
HIST 795 405
HIST 796 463
HIST 797 437
HIST 798 459
HIST 799 464
HIST 800 420
HIST 801 439
HIST 802 460
HIST 803 420
HIST 804 439
HIST 805 445
HIST 806 470
HIST 807 413
HIST 808 461
HIST 809 439
HIST 810 472
HIST 811 459
HIST 812 438
HIST 813 462
HIST 814 451
HIST 815 456
HIST 816 428
HIST 817 440
HIST 818 474
HIST 819 455
HIST 820 444
HIST 821 416
HIST 822 455
HIST 823 452
HIST 824 451
HIST 825 469
HIST 826 446
HIST 827 459
HIST 828 464
HIST 829 457
HIST 830 445
HIST 831 458
HIST 832 431
HIST 833 415
HIST 834 436
HIST 835 445
HIST 836 475
HIST 837 458
HIST 838 458
HIST 839 450
HIST 840 440
HIST 841 404
HIST 842 453
HIST 843 481
HIST 844 482
HIST 845 436
HIST 846 437
HIST 847 483
HIST 848 453
HIST 849 450
HIST 850 445
HIST 851 428
HIST 852 408
HIST 853 448
HIST 854 478
HIST 855 471
HIST 856 467
HIST 857 467
HIST 858 438
HIST 859 461
HIST 860 450
HIST 861 460
HIST 862 451
HIST 863 457
HIST 864 480
HIST 865 469
HIST 866 446
HIST 867 494
HIST 868 460
HIST 869 481
HIST 870 452
HIST 871 446
HIST 872 436
HIST 873 442
HIST 874 486
HIST 875 445
HIST 876 462
HIST 877 456
HIST 878 441
HIST 879 432
HIST 880 469
HIST 881 465
HIST 882 463
HIST 883 469
HIST 884 452
HIST 885 430
HIST 886 459
HIST 887 469
HIST 888 473
HIST 889 436
HIST 890 467
HIST 891 452
HIST 892 436
HIST 893 446
HIST 894 472
HIST 895 464
HIST 896 444
HIST 897 454
HIST 898 491
HIST 899 443
HIST 900 460
HIST 901 450
HIST 902 442
HIST 903 433
HIST 904 478
HIST 905 458
HIST 906 481
HIST 907 473
HIST 908 451
HIST 909 471
HIST 910 466
HIST 911 487
HIST 912 478
HIST 913 505
HIST 914 474
HIST 915 465
HIST 916 460
HIST 917 400
HIST 918 479
HIST 919 491
HIST 920 445
HIST 921 468
HIST 922 435
HIST 923 441
HIST 924 455
HIST 925 474
HIST 926 440
HIST 927 485
HIST 928 453
HIST 929 452
HIST 930 466
HIST 931 453
HIST 932 478
HIST 933 484
HIST 934 417
HIST 935 500
HIST 936 487
HIST 937 449
HIST 938 461
HIST 939 428
HIST 940 495
HIST 941 481
HIST 942 496
HIST 943 466
HIST 944 451
HIST 945 481
HIST 946 444
HIST 947 464
HIST 948 459
HIST 949 481
HIST 950 1555
HIST 951 470
HIST 952 455
HIST 953 465
HIST 954 475
HIST 955 479
HIST 956 489
HIST 957 481
HIST 958 489
HIST 959 460
HIST 960 468
HIST 961 486
HIST 962 429
HIST 963 462
HIST 964 464
HIST 965 445
HIST 966 466
HIST 967 447
HIST 968 510
HIST 969 477
HIST 970 497
HIST 971 465
HIST 972 487
HIST 973 494
HIST 974 484
HIST 975 496
HIST 976 462
HIST 977 463
HIST 978 491
HIST 979 483
HIST 980 489
HIST 981 477
HIST 982 484
HIST 983 427
HIST 984 465
HIST 985 459
HIST 986 428
HIST 987 534
HIST 988 491
HIST 989 485
HIST 990 508
HIST 991 486
HIST 992 475
HIST 993 475
HIST 994 443
HIST 995 502
HIST 996 514
HIST 997 485
HIST 998 511
HIST 999 480
HIST 1000 512
HIST 1001 450
HIST 1002 512
HIST 1003 543
HIST 1004 470
HIST 1005 505
HIST 1006 464
HIST 1007 489
HIST 1008 499
HIST 1009 511
HIST 1010 504
HIST 1011 491
HIST 1012 522
HIST 1013 477
HIST 1014 463
HIST 1015 483
HIST 1016 503
HIST 1017 482
HIST 1018 470
HIST 1019 501
HIST 1020 466
HIST 1021 492
HIST 1022 490
HIST 1023 501
HIST 1024 481
HIST 1025 492
HIST 1026 453
HIST 1027 497
HIST 1028 499
HIST 1029 502
HIST 1030 502
HIST 1031 503
HIST 1032 508
HIST 1033 501
HIST 1034 500
HIST 1035 477
HIST 1036 515
HIST 1037 514
HIST 1038 462
HIST 1039 491
HIST 1040 519
HIST 1041 496
HIST 1042 499
HIST 1043 515
HIST 1044 506
HIST 1045 502
HIST 1046 510
HIST 1047 539
HIST 1048 487
HIST 1049 493
HIST 1050 511
HIST 1051 569
HIST 1052 509
HIST 1053 505
HIST 1054 574
HIST 1055 524
HIST 1056 512
HIST 1057 536
HIST 1058 520
HIST 1059 504
HIST 1060 492
HIST 1061 506
HIST 1062 507
HIST 1063 464
HIST 1064 501
HIST 1065 569
HIST 1066 530
HIST 1067 503
HIST 1068 486
HIST 1069 520
HIST 1070 505
HIST 1071 512
HIST 1072 517
HIST 1073 544
HIST 1074 526
HIST 1075 542
HIST 1076 509
HIST 1077 536
HIST 1078 564
HIST 1079 548
HIST 1080 561
HIST 1081 517
HIST 1082 517
HIST 1083 560
HIST 1084 519
HIST 1085 565
HIST 1086 489
HIST 1087 524
HIST 1088 555
HIST 1089 559
HIST 1090 508
HIST 1091 523
HIST 1092 541
HIST 1093 579
HIST 1094 542
HIST 1095 517
HIST 1096 530
HIST 1097 540
HIST 1098 544
HIST 1099 602
HIST 1100 573
HIST 1101 558
HIST 1102 512
HIST 1103 525
HIST 1104 554
HIST 1105 550
HIST 1106 582
HIST 1107 508
HIST 1108 539
HIST 1109 542
HIST 1110 589
HIST 1111 545
HIST 1112 536
HIST 1113 572
HIST 1114 563
HIST 1115 577
HIST 1116 552
HIST 1117 566
HIST 1118 554
HIST 1119 533
HIST 1120 537
HIST 1121 561
HIST 1122 570
HIST 1123 571
HIST 1124 551
HIST 1125 582
HIST 1126 568
HIST 1127 595
HIST 1128 583
HIST 1129 592
HIST 1130 581
HIST 1131 579
HIST 1132 556
HIST 1133 545
HIST 1134 587
HIST 1135 588
HIST 1136 600
HIST 1137 596
HIST 1138 586
HIST 1139 625
HIST 1140 592
HIST 1141 612
HIST 1142 606
HIST 1143 614
HIST 1144 611
HIST 1145 592
HIST 1146 615
HIST 1147 570
HIST 1148 621
HIST 1149 585
HIST 1150 610
HIST 1151 620
HIST 1152 617
HIST 1153 596
HIST 1154 620
HIST 1155 628
HIST 1156 657
HIST 1157 624
HIST 1158 627
HIST 1159 584
HIST 1160 644
HIST 1161 623
HIST 1162 632
HIST 1163 622
HIST 1164 632
HIST 1165 621
HIST 1166 650
HIST 1167 584
HIST 1168 620
HIST 1169 583
HIST 1170 671
HIST 1171 638
HIST 1172 645
HIST 1173 601
HIST 1174 649
HIST 1175 675
HIST 1176 617
HIST 1177 637
HIST 1178 645
HIST 1179 614
HIST 1180 623
HIST 1181 575
HIST 1182 625
HIST 1183 622
HIST 1184 655
HIST 1185 704
HIST 1186 638
HIST 1187 647
HIST 1188 638
HIST 1189 641
HIST 1190 688
HIST 1191 642
HIST 1192 657
HIST 1193 657
HIST 1194 693
HIST 1195 630
HIST 1196 670
HIST 1197 673
HIST 1198 682
HIST 1199 697
HIST 1200 725
HIST 1201 678
HIST 1202 637
HIST 1203 722
HIST 1204 728
HIST 1205 727
HIST 1206 683
HIST 1207 703
HIST 1208 716
HIST 1209 716
HIST 1210 670
HIST 1211 715
HIST 1212 700
HIST 1213 683
HIST 1214 687
HIST 1215 692
HIST 1216 708
HIST 1217 662
HIST 1218 693
HIST 1219 748
HIST 1220 695
HIST 1221 706
HIST 1222 661
HIST 1223 745
HIST 1224 652
HIST 1225 704
HIST 1226 688
HIST 1227 746
HIST 1228 687
HIST 1229 707
HIST 1230 688
HIST 1231 678
HIST 1232 714
HIST 1233 707
HIST 1234 731
HIST 1235 721
HIST 1236 718
HIST 1237 661
HIST 1238 705
HIST 1239 635
HIST 1240 628
HIST 1241 607
HIST 1242 611
HIST 1243 545
HIST 1244 469
HIST 1245 374
HIST 1246 343
HIST 1247 322
HIST 1248 294
HIST 1249 275
HIST 1250 246
HIST 1251 227
HIST 1252 237
HIST 1253 242
HIST 1254 218
HIST 1255 182
HIST 1256 201
HIST 1257 189
HIST 1258 195
HIST 1259 222
HIST 1260 178
HIST 1261 164
HIST 1262 162
HIST 1263 156
HIST 1264 170
HIST 1265 174
HIST 1266 155
HIST 1267 169
HIST 1268 142
HIST 1269 158
HIST 1270 129
HIST 1271 139
HIST 1272 154
HIST 1273 136
HIST 1274 134
HIST 1275 148
HIST 1276 135
HIST 1277 107
HIST 1278 121
HIST 1279 129
HIST 1280 141
HIST 1281 117
HIST 1282 135
HIST 1283 117
HIST 1284 98
HIST 1285 127
HIST 1286 104
HIST 1287 115
HIST 1288 111
HIST 1289 93
HIST 1290 120
HIST 1291 96
HIST 1292 87
HIST 1293 101
HIST 1294 104
HIST 1295 97
HIST 1296 107
HIST 1297 106
HIST 1298 84
HIST 1299 102
HIST 1300 94
HIST 1301 96
HIST 1302 98
HIST 1303 94
HIST 1304 79
HIST 1305 63
HIST 1306 74
HIST 1307 80
HIST 1308 95
HIST 1309 80
HIST 1310 86
HIST 1311 79
HIST 1312 79
HIST 1313 83
HIST 1314 66
HIST 1315 72
HIST 1316 90
HIST 1317 65
HIST 1318 68
HIST 1319 62
HIST 1320 67
HIST 1321 61
HIST 1322 48
HIST 1323 65
HIST 1324 60
HIST 1325 40
HIST 1326 61
HIST 1327 61
HIST 1328 50
HIST 1329 46
HIST 1330 37
HIST 1331 62
HIST 1332 47
HIST 1333 36
HIST 1334 49
HIST 1335 38
HIST 1336 35
HIST 1337 39
HIST 1338 49
HIST 1339 43
HIST 1340 40
HIST 1341 35
HIST 1342 34
HIST 1343 26
HIST 1344 30
HIST 1345 36
HIST 1346 28
HIST 1347 36
HIST 1348 33
HIST 1349 44
HIST 1350 26
HIST 1351 25
HIST 1352 45
HIST 1353 42
HIST 1354 35
HIST 1355 32
HIST 1356 26
HIST 1357 31
HIST 1358 29
HIST 1359 30
HIST 1360 30
HIST 1361 19
HIST 1362 23
HIST 1363 33
HIST 1364 22
HIST 1365 29
HIST 1366 22
HIST 1367 30
HIST 1368 25
HIST 1369 21
HIST 1370 27
HIST 1371 19
HIST 1372 25
HIST 1373 20
HIST 1374 18
HIST 1375 28
HIST 1376 20
HIST 1377 13
HIST 1378 15
HIST 1379 20
HIST 1380 19
HIST 1381 14
HIST 1382 15
HIST 1383 20
HIST 1384 19
HIST 1385 15
HIST 1386 17
HIST 1387 17
HIST 1388 16
HIST 1389 13
HIST 1390 15
HIST 1391 14
HIST 1392 7
HIST 1393 14
HIST 1394 15
HIST 1395 14
HIST 1396 8
HIST 1397 9
HIST 1398 10
HIST 1399 7
HIST 1400 11
HIST 1401 17
HIST 1402 15
HIST 1403 7
HIST 1404 15
HIST 1405 9
HIST 1406 8
HIST 1407 9
HIST 1408 14
HIST 1409 13
HIST 1410 11
HIST 1411 5
HIST 1412 8
HIST 1413 7
HIST 1414 5
HIST 1415 6
HIST 1416 8
HIST 1417 7
HIST 1418 8
HIST 1419 9
HIST 1420 5
HIST 1421 6
HIST 1422 8
HIST 1423 3
HIST 1424 11
HIST 1425 11
HIST 1426 41
HIST 1427 6
HIST 1428 32
HIST 1429 116
HIST 1430 519
HIST 1431 9
HIST 1432 233
HIST 1433 138
HIST 1434 14
HIST 1435 5
HIST 1436 10
HIST 1437 5
HIST 1438 7
HIST 1439 5
HIST 1440 8
HIST 1441 3
HIST 1442 7
HIST 1443 3
HIST 1444 5
HIST 1445 2
HIST 1446 2
HIST 1447 3
HIST 1448 1
HIST 1449 2
HIST 1450 5
HIST 1451 4
HIST 1452 4
HIST 1453 8
HIST 1454 5
HIST 1455 2
HIST 1456 4
HIST 1457 10
HIST 1458 14
HIST 1459 11
HIST 1460 4
HIST 1461 60508
HISTEND
