область 3 целиком затенена областью 2 — выброшена (в сцене симулятора она тоже недостижима)
область 5 целиком затенена областью 2 — выброшена (в сцене симулятора она тоже недостижима)
SETUP correlatedGamma=0 twoJmax=10 vacuum=1 seed=0 killesc=0 killcarry=0
CUTS (production thresholds per material couple):
 Material : G4_Galactic
 Range cuts        :  gamma  1 mm     e-  1 mm     e+  1 mm  proton 1 mm 
 Energy thresholds :  gamma  990 eV     e-  990 eV     e+  990 eV  proton 100 keV
 Material : scene_mat_3
 Range cuts        :  gamma  1 mm     e-  1 mm     e+  1 mm  proton 1 mm 
 Energy thresholds :  gamma  6.91691 keV    e-  597.603 keV    e+  574.29 keV proton 100 keV
 Material : scene_mat_1
 Range cuts        :  gamma  1 mm     e-  1 mm     e+  1 mm  proton 1 mm 
 Energy thresholds :  gamma  4.39533 keV    e-  541.252 keV    e+  522.087 keV proton 100 keV
 Material : scene_mat_0
 Range cuts        :  gamma  1 mm     e-  1 mm     e+  1 mm  proton 1 mm 
 Energy thresholds :  gamma  38.4662 keV    e-  692.485 keV    e+  658.149 keV proton 100 keV
RESULT decays=20000000
RESULT any=1079538 eps_total=5.397690e-02
RESULT window=661.657 counts=247493 eps=1.237465e-02
HISTBEGIN bins=663 bin_kev=1.000000 decays=20000000
HIST 0 511
HIST 1 1650
HIST 2 1779
HIST 3 1857
HIST 4 1787
HIST 5 1906
HIST 6 2091
HIST 7 2113
HIST 8 2140
HIST 9 1998
HIST 10 2045
HIST 11 2051
HIST 12 2212
HIST 13 2060
HIST 14 2031
HIST 15 2006
HIST 16 2112
HIST 17 2054
HIST 18 2060
HIST 19 1995
HIST 20 2046
HIST 21 2080
HIST 22 2059
HIST 23 2066
HIST 24 2089
HIST 25 1924
HIST 26 2059
HIST 27 2003
HIST 28 2051
HIST 29 1993
HIST 30 2068
HIST 31 2040
HIST 32 1932
HIST 33 2049
HIST 34 1991
HIST 35 1945
HIST 36 2019
HIST 37 1948
HIST 38 1948
HIST 39 2025
HIST 40 2054
HIST 41 1969
HIST 42 2054
HIST 43 1977
HIST 44 2008
HIST 45 1936
HIST 46 1937
HIST 47 1912
HIST 48 1960
HIST 49 1962
HIST 50 1931
HIST 51 2005
HIST 52 2025
HIST 53 1929
HIST 54 1909
HIST 55 1991
HIST 56 2035
HIST 57 1965
HIST 58 1982
HIST 59 1937
HIST 60 1865
HIST 61 1940
HIST 62 1963
HIST 63 1839
HIST 64 1899
HIST 65 1951
HIST 66 1807
HIST 67 1934
HIST 68 1880
HIST 69 1878
HIST 70 1834
HIST 71 1791
HIST 72 1872
HIST 73 1922
HIST 74 1865
HIST 75 1866
HIST 76 1835
HIST 77 1870
HIST 78 1894
HIST 79 1859
HIST 80 1805
HIST 81 1844
HIST 82 1842
HIST 83 1849
HIST 84 1897
HIST 85 1820
HIST 86 1821
HIST 87 1850
HIST 88 1902
HIST 89 1851
HIST 90 1763
HIST 91 1831
HIST 92 1794
HIST 93 1818
HIST 94 1822
HIST 95 1898
HIST 96 1821
HIST 97 1778
HIST 98 1751
HIST 99 1791
HIST 100 1692
HIST 101 1734
HIST 102 1743
HIST 103 1798
HIST 104 1788
HIST 105 1712
HIST 106 1809
HIST 107 1784
HIST 108 1767
HIST 109 1708
HIST 110 1829
HIST 111 1679
HIST 112 1705
HIST 113 1699
HIST 114 1768
HIST 115 1715
HIST 116 1744
HIST 117 1805
HIST 118 1795
HIST 119 1764
HIST 120 1735
HIST 121 1776
HIST 122 1740
HIST 123 1712
HIST 124 1652
HIST 125 1669
HIST 126 1741
HIST 127 1756
HIST 128 1710
HIST 129 1683
HIST 130 1711
HIST 131 1699
HIST 132 1713
HIST 133 1708
HIST 134 1689
HIST 135 1634
HIST 136 1748
HIST 137 1621
HIST 138 1654
HIST 139 1703
HIST 140 1681
HIST 141 1683
HIST 142 1620
HIST 143 1703
HIST 144 1655
HIST 145 1679
HIST 146 1649
HIST 147 1575
HIST 148 1687
HIST 149 1630
HIST 150 1621
HIST 151 1663
HIST 152 1679
HIST 153 1618
HIST 154 1620
HIST 155 1648
HIST 156 1605
HIST 157 1635
HIST 158 1642
HIST 159 1672
HIST 160 1606
HIST 161 1612
HIST 162 1565
HIST 163 1587
HIST 164 1685
HIST 165 1601
HIST 166 1721
HIST 167 1595
HIST 168 1667
HIST 169 1629
HIST 170 1529
HIST 171 1572
HIST 172 1618
HIST 173 1553
HIST 174 1544
HIST 175 1584
HIST 176 1623
HIST 177 1649
HIST 178 1615
HIST 179 1602
HIST 180 1609
HIST 181 1566
HIST 182 1630
HIST 183 1631
HIST 184 1580
HIST 185 1641
HIST 186 1592
HIST 187 1596
HIST 188 1616
HIST 189 1712
HIST 190 1703
HIST 191 1682
HIST 192 1650
HIST 193 1678
HIST 194 1737
HIST 195 1732
HIST 196 1766
HIST 197 1623
HIST 198 1647
HIST 199 1745
HIST 200 1746
HIST 201 1792
HIST 202 1687
HIST 203 1698
HIST 204 1703
HIST 205 1785
HIST 206 1627
HIST 207 1703
HIST 208 1740
HIST 209 1660
HIST 210 1687
HIST 211 1690
HIST 212 1757
HIST 213 1716
HIST 214 1704
HIST 215 1826
HIST 216 1702
HIST 217 1733
HIST 218 1673
HIST 219 1717
HIST 220 1716
HIST 221 1692
HIST 222 1740
HIST 223 1667
HIST 224 1689
HIST 225 1762
HIST 226 1696
HIST 227 1744
HIST 228 1640
HIST 229 1699
HIST 230 1640
HIST 231 1660
HIST 232 1657
HIST 233 1685
HIST 234 1703
HIST 235 1633
HIST 236 1724
HIST 237 1770
HIST 238 1689
HIST 239 1646
HIST 240 1677
HIST 241 1700
HIST 242 1642
HIST 243 1646
HIST 244 1685
HIST 245 1674
HIST 246 1688
HIST 247 1716
HIST 248 1623
HIST 249 1632
HIST 250 1630
HIST 251 1529
HIST 252 1624
HIST 253 1589
HIST 254 1517
HIST 255 1576
HIST 256 1669
HIST 257 1596
HIST 258 1614
HIST 259 1577
HIST 260 1507
HIST 261 1555
HIST 262 1618
HIST 263 1577
HIST 264 1570
HIST 265 1559
HIST 266 1558
HIST 267 1514
HIST 268 1574
HIST 269 1476
HIST 270 1622
HIST 271 1508
HIST 272 1499
HIST 273 1567
HIST 274 1561
HIST 275 1546
HIST 276 1516
HIST 277 1488
HIST 278 1504
HIST 279 1510
HIST 280 1526
HIST 281 1526
HIST 282 1526
HIST 283 1516
HIST 284 1556
HIST 285 1482
HIST 286 1523
HIST 287 1516
HIST 288 1528
HIST 289 1534
HIST 290 1519
HIST 291 1474
HIST 292 1507
HIST 293 1484
HIST 294 1461
HIST 295 1519
HIST 296 1487
HIST 297 1544
HIST 298 1455
HIST 299 1516
HIST 300 1524
HIST 301 1438
HIST 302 1590
HIST 303 1473
HIST 304 1527
HIST 305 1432
HIST 306 1473
HIST 307 1556
HIST 308 1390
HIST 309 1505
HIST 310 1453
HIST 311 1501
HIST 312 1460
HIST 313 1524
HIST 314 1594
HIST 315 1401
HIST 316 1505
HIST 317 1530
HIST 318 1432
HIST 319 1484
HIST 320 1458
HIST 321 1470
HIST 322 1473
HIST 323 1395
HIST 324 1486
HIST 325 1540
HIST 326 1435
HIST 327 1471
HIST 328 1488
HIST 329 1465
HIST 330 1428
HIST 331 1448
HIST 332 1477
HIST 333 1445
HIST 334 1477
HIST 335 1476
HIST 336 1408
HIST 337 1468
HIST 338 1510
HIST 339 1408
HIST 340 1426
HIST 341 1466
HIST 342 1451
HIST 343 1469
HIST 344 1435
HIST 345 1481
HIST 346 1479
HIST 347 1521
HIST 348 1494
HIST 349 1445
HIST 350 1396
HIST 351 1431
HIST 352 1479
HIST 353 1413
HIST 354 1431
HIST 355 1422
HIST 356 1458
HIST 357 1491
HIST 358 1384
HIST 359 1487
HIST 360 1415
HIST 361 1442
HIST 362 1476
HIST 363 1466
HIST 364 1451
HIST 365 1414
HIST 366 1427
HIST 367 1392
HIST 368 1480
HIST 369 1512
HIST 370 1440
HIST 371 1464
HIST 372 1498
HIST 373 1479
HIST 374 1492
HIST 375 1484
HIST 376 1529
HIST 377 1472
HIST 378 1455
HIST 379 1452
HIST 380 1455
HIST 381 1504
HIST 382 1477
HIST 383 1486
HIST 384 1524
HIST 385 1539
HIST 386 1527
HIST 387 1534
HIST 388 1474
HIST 389 1497
HIST 390 1468
HIST 391 1454
HIST 392 1503
HIST 393 1552
HIST 394 1490
HIST 395 1528
HIST 396 1513
HIST 397 1556
HIST 398 1455
HIST 399 1578
HIST 400 1520
HIST 401 1536
HIST 402 1545
HIST 403 1490
HIST 404 1529
HIST 405 1561
HIST 406 1598
HIST 407 1457
HIST 408 1590
HIST 409 1492
HIST 410 1538
HIST 411 1490
HIST 412 1570
HIST 413 1533
HIST 414 1655
HIST 415 1544
HIST 416 1468
HIST 417 1555
HIST 418 1586
HIST 419 1654
HIST 420 1601
HIST 421 1636
HIST 422 1642
HIST 423 1546
HIST 424 1595
HIST 425 1674
HIST 426 1615
HIST 427 1578
HIST 428 1689
HIST 429 1725
HIST 430 1678
HIST 431 1738
HIST 432 1710
HIST 433 1681
HIST 434 1658
HIST 435 1694
HIST 436 1666
HIST 437 1591
HIST 438 1669
HIST 439 1625
HIST 440 1698
HIST 441 1676
HIST 442 1631
HIST 443 1677
HIST 444 1659
HIST 445 1653
HIST 446 1725
HIST 447 1641
HIST 448 1809
HIST 449 1756
HIST 450 1751
HIST 451 1694
HIST 452 1706
HIST 453 1699
HIST 454 1768
HIST 455 1716
HIST 456 1816
HIST 457 1780
HIST 458 1780
HIST 459 1849
HIST 460 1701
HIST 461 1789
HIST 462 1735
HIST 463 1788
HIST 464 1771
HIST 465 1813
HIST 466 1753
HIST 467 1702
HIST 468 1811
HIST 469 1754
HIST 470 1741
HIST 471 1760
HIST 472 1729
HIST 473 1673
HIST 474 1715
HIST 475 1625
HIST 476 1483
HIST 477 1244
HIST 478 1071
HIST 479 965
HIST 480 805
HIST 481 707
HIST 482 691
HIST 483 588
HIST 484 624
HIST 485 577
HIST 486 593
HIST 487 540
HIST 488 493
HIST 489 474
HIST 490 435
HIST 491 460
HIST 492 431
HIST 493 410
HIST 494 411
HIST 495 396
HIST 496 356
HIST 497 358
HIST 498 351
HIST 499 350
HIST 500 360
HIST 501 338
HIST 502 310
HIST 503 308
HIST 504 275
HIST 505 302
HIST 506 272
HIST 507 293
HIST 508 257
HIST 509 285
HIST 510 277
HIST 511 261
HIST 512 285
HIST 513 239
HIST 514 251
HIST 515 203
HIST 516 226
HIST 517 213
HIST 518 220
HIST 519 229
HIST 520 231
HIST 521 210
HIST 522 209
HIST 523 190
HIST 524 206
HIST 525 212
HIST 526 196
HIST 527 178
HIST 528 192
HIST 529 171
HIST 530 173
HIST 531 181
HIST 532 177
HIST 533 163
HIST 534 170
HIST 535 164
HIST 536 153
HIST 537 131
HIST 538 158
HIST 539 157
HIST 540 149
HIST 541 140
HIST 542 127
HIST 543 133
HIST 544 110
HIST 545 130
HIST 546 107
HIST 547 106
HIST 548 115
HIST 549 118
HIST 550 108
HIST 551 109
HIST 552 103
HIST 553 99
HIST 554 99
HIST 555 88
HIST 556 79
HIST 557 82
HIST 558 81
HIST 559 88
HIST 560 80
HIST 561 92
HIST 562 87
HIST 563 91
HIST 564 82
HIST 565 91
HIST 566 101
HIST 567 77
HIST 568 96
HIST 569 84
HIST 570 71
HIST 571 66
HIST 572 65
HIST 573 61
HIST 574 79
HIST 575 76
HIST 576 77
HIST 577 86
HIST 578 77
HIST 579 83
HIST 580 91
HIST 581 85
HIST 582 95
HIST 583 94
HIST 584 99
HIST 585 66
HIST 586 88
HIST 587 85
HIST 588 73
HIST 589 89
HIST 590 68
HIST 591 75
HIST 592 77
HIST 593 79
HIST 594 75
HIST 595 64
HIST 596 60
HIST 597 65
HIST 598 73
HIST 599 68
HIST 600 60
HIST 601 69
HIST 602 64
HIST 603 60
HIST 604 81
HIST 605 59
HIST 606 44
HIST 607 58
HIST 608 52
HIST 609 65
HIST 610 43
HIST 611 43
HIST 612 72
HIST 613 56
HIST 614 58
HIST 615 50
HIST 616 50
HIST 617 42
HIST 618 50
HIST 619 54
HIST 620 53
HIST 621 43
HIST 622 37
HIST 623 39
HIST 624 40
HIST 625 38
HIST 626 77
HIST 627 189
HIST 628 44
HIST 629 624
HIST 630 40
HIST 631 2356
HIST 632 41
HIST 633 1666
HIST 634 48
HIST 635 44
HIST 636 41
HIST 637 39
HIST 638 39
HIST 639 39
HIST 640 43
HIST 641 36
HIST 642 41
HIST 643 42
HIST 644 43
HIST 645 45
HIST 646 41
HIST 647 40
HIST 648 39
HIST 649 37
HIST 650 32
HIST 651 28
HIST 652 47
HIST 653 40
HIST 654 37
HIST 655 40
HIST 656 23
HIST 657 51
HIST 658 57
HIST 659 67
HIST 660 64
HIST 661 31
HIST 662 247486
HISTEND
