область 2 целиком затенена областью 1 — выброшена (в сцене симулятора она тоже недостижима)
SETUP correlatedGamma=0 twoJmax=10 vacuum=1 seed=0 killesc=0 killcarry=0
CUTS (production thresholds per material couple):
 Material : G4_Galactic
 Range cuts        :  gamma  1 mm     e-  1 mm     e+  1 mm  proton 1 mm 
 Energy thresholds :  gamma  990 eV     e-  990 eV     e+  990 eV  proton 100 keV
 Material : scene_mat_3
 Range cuts        :  gamma  1 mm     e-  1 mm     e+  1 mm  proton 1 mm 
 Energy thresholds :  gamma  6.91691 keV    e-  597.603 keV    e+  574.29 keV proton 100 keV
 Material : scene_mat_1
 Range cuts        :  gamma  1 mm     e-  1 mm     e+  1 mm  proton 1 mm 
 Energy thresholds :  gamma  4.39533 keV    e-  541.252 keV    e+  522.087 keV proton 100 keV
 Material : scene_mat_0
 Range cuts        :  gamma  1 mm     e-  1 mm     e+  1 mm  proton 1 mm 
 Energy thresholds :  gamma  38.4662 keV    e-  692.485 keV    e+  658.149 keV proton 100 keV
RESULT decays=20000000
RESULT any=686024 eps_total=3.430120e-02
RESULT window=1460.820 counts=62072 eps=3.103600e-03
HISTBEGIN bins=1462 bin_kev=1.000000 decays=20000000
HIST 0 163
HIST 1 481
HIST 2 510
HIST 3 547
HIST 4 518
HIST 5 570
HIST 6 610
HIST 7 613
HIST 8 576
HIST 9 570
HIST 10 563
HIST 11 569
HIST 12 548
HIST 13 586
HIST 14 543
HIST 15 628
HIST 16 610
HIST 17 595
HIST 18 610
HIST 19 583
HIST 20 544
HIST 21 601
HIST 22 619
HIST 23 612
HIST 24 587
HIST 25 621
HIST 26 592
HIST 27 540
HIST 28 541
HIST 29 557
HIST 30 579
HIST 31 573
HIST 32 574
HIST 33 559
HIST 34 583
HIST 35 613
HIST 36 587
HIST 37 530
HIST 38 565
HIST 39 582
HIST 40 589
HIST 41 612
HIST 42 551
HIST 43 557
HIST 44 594
HIST 45 533
HIST 46 530
HIST 47 544
HIST 48 555
HIST 49 581
HIST 50 575
HIST 51 600
HIST 52 523
HIST 53 569
HIST 54 508
HIST 55 591
HIST 56 544
HIST 57 547
HIST 58 537
HIST 59 548
HIST 60 526
HIST 61 527
HIST 62 526
HIST 63 548
HIST 64 522
HIST 65 567
HIST 66 546
HIST 67 551
HIST 68 525
HIST 69 562
HIST 70 569
HIST 71 581
HIST 72 535
HIST 73 517
HIST 74 569
HIST 75 523
HIST 76 524
HIST 77 520
HIST 78 532
HIST 79 510
HIST 80 547
HIST 81 565
HIST 82 510
HIST 83 541
HIST 84 476
HIST 85 566
HIST 86 543
HIST 87 537
HIST 88 528
HIST 89 527
HIST 90 529
HIST 91 533
HIST 92 525
HIST 93 555
HIST 94 610
HIST 95 531
HIST 96 521
HIST 97 571
HIST 98 528
HIST 99 575
HIST 100 498
HIST 101 500
HIST 102 528
HIST 103 507
HIST 104 477
HIST 105 543
HIST 106 541
HIST 107 501
HIST 108 470
HIST 109 527
HIST 110 534
HIST 111 515
HIST 112 516
HIST 113 532
HIST 114 549
HIST 115 466
HIST 116 513
HIST 117 546
HIST 118 523
HIST 119 492
HIST 120 515
HIST 121 532
HIST 122 554
HIST 123 501
HIST 124 508
HIST 125 507
HIST 126 529
HIST 127 498
HIST 128 506
HIST 129 502
HIST 130 535
HIST 131 575
HIST 132 508
HIST 133 529
HIST 134 476
HIST 135 489
HIST 136 506
HIST 137 534
HIST 138 537
HIST 139 506
HIST 140 508
HIST 141 533
HIST 142 502
HIST 143 482
HIST 144 534
HIST 145 517
HIST 146 471
HIST 147 514
HIST 148 471
HIST 149 513
HIST 150 505
HIST 151 505
HIST 152 485
HIST 153 514
HIST 154 525
HIST 155 517
HIST 156 511
HIST 157 534
HIST 158 521
HIST 159 493
HIST 160 498
HIST 161 499
HIST 162 513
HIST 163 516
HIST 164 555
HIST 165 543
HIST 166 526
HIST 167 549
HIST 168 473
HIST 169 497
HIST 170 514
HIST 171 465
HIST 172 509
HIST 173 529
HIST 174 530
HIST 175 535
HIST 176 504
HIST 177 506
HIST 178 503
HIST 179 517
HIST 180 478
HIST 181 514
HIST 182 512
HIST 183 498
HIST 184 451
HIST 185 476
HIST 186 516
HIST 187 487
HIST 188 526
HIST 189 482
HIST 190 486
HIST 191 498
HIST 192 500
HIST 193 525
HIST 194 512
HIST 195 527
HIST 196 535
HIST 197 480
HIST 198 508
HIST 199 468
HIST 200 482
HIST 201 517
HIST 202 517
HIST 203 517
HIST 204 489
HIST 205 495
HIST 206 467
HIST 207 439
HIST 208 528
HIST 209 520
HIST 210 503
HIST 211 473
HIST 212 483
HIST 213 524
HIST 214 506
HIST 215 512
HIST 216 546
HIST 217 512
HIST 218 609
HIST 219 610
HIST 220 586
HIST 221 645
HIST 222 624
HIST 223 676
HIST 224 641
HIST 225 572
HIST 226 634
HIST 227 592
HIST 228 597
HIST 229 576
HIST 230 577
HIST 231 581
HIST 232 611
HIST 233 561
HIST 234 574
HIST 235 617
HIST 236 579
HIST 237 599
HIST 238 574
HIST 239 561
HIST 240 577
HIST 241 605
HIST 242 527
HIST 243 570
HIST 244 515
HIST 245 576
HIST 246 574
HIST 247 558
HIST 248 511
HIST 249 565
HIST 250 552
HIST 251 573
HIST 252 540
HIST 253 572
HIST 254 508
HIST 255 528
HIST 256 556
HIST 257 558
HIST 258 566
HIST 259 543
HIST 260 528
HIST 261 505
HIST 262 559
HIST 263 504
HIST 264 529
HIST 265 564
HIST 266 538
HIST 267 537
HIST 268 575
HIST 269 464
HIST 270 514
HIST 271 509
HIST 272 513
HIST 273 522
HIST 274 517
HIST 275 489
HIST 276 550
HIST 277 475
HIST 278 489
HIST 279 500
HIST 280 550
HIST 281 517
HIST 282 538
HIST 283 535
HIST 284 529
HIST 285 471
HIST 286 500
HIST 287 466
HIST 288 491
HIST 289 500
HIST 290 520
HIST 291 469
HIST 292 495
HIST 293 501
HIST 294 482
HIST 295 510
HIST 296 489
HIST 297 472
HIST 298 481
HIST 299 493
HIST 300 508
HIST 301 470
HIST 302 516
HIST 303 502
HIST 304 468
HIST 305 491
HIST 306 430
HIST 307 464
HIST 308 482
HIST 309 486
HIST 310 483
HIST 311 480
HIST 312 489
HIST 313 484
HIST 314 483
HIST 315 481
HIST 316 460
HIST 317 453
HIST 318 490
HIST 319 449
HIST 320 485
HIST 321 466
HIST 322 504
HIST 323 472
HIST 324 456
HIST 325 445
HIST 326 476
HIST 327 464
HIST 328 475
HIST 329 474
HIST 330 446
HIST 331 503
HIST 332 501
HIST 333 484
HIST 334 487
HIST 335 480
HIST 336 483
HIST 337 459
HIST 338 484
HIST 339 465
HIST 340 426
HIST 341 455
HIST 342 453
HIST 343 451
HIST 344 432
HIST 345 475
HIST 346 423
HIST 347 455
HIST 348 518
HIST 349 463
HIST 350 444
HIST 351 474
HIST 352 497
HIST 353 461
HIST 354 433
HIST 355 454
HIST 356 441
HIST 357 466
HIST 358 454
HIST 359 460
HIST 360 457
HIST 361 451
HIST 362 442
HIST 363 475
HIST 364 480
HIST 365 404
HIST 366 463
HIST 367 440
HIST 368 458
HIST 369 469
HIST 370 429
HIST 371 461
HIST 372 432
HIST 373 441
HIST 374 501
HIST 375 435
HIST 376 457
HIST 377 472
HIST 378 439
HIST 379 433
HIST 380 454
HIST 381 455
HIST 382 424
HIST 383 438
HIST 384 476
HIST 385 440
HIST 386 438
HIST 387 432
HIST 388 465
HIST 389 447
HIST 390 423
HIST 391 454
HIST 392 444
HIST 393 459
HIST 394 419
HIST 395 477
HIST 396 470
HIST 397 444
HIST 398 426
HIST 399 468
HIST 400 475
HIST 401 458
HIST 402 434
HIST 403 459
HIST 404 470
HIST 405 406
HIST 406 423
HIST 407 436
HIST 408 445
HIST 409 412
HIST 410 454
HIST 411 420
HIST 412 430
HIST 413 458
HIST 414 440
HIST 415 434
HIST 416 435
HIST 417 460
HIST 418 423
HIST 419 475
HIST 420 438
HIST 421 446
HIST 422 429
HIST 423 474
HIST 424 426
HIST 425 432
HIST 426 433
HIST 427 455
HIST 428 416
HIST 429 439
HIST 430 419
HIST 431 417
HIST 432 452
HIST 433 421
HIST 434 433
HIST 435 441
HIST 436 447
HIST 437 408
HIST 438 444
HIST 439 8222
HIST 440 440
HIST 441 449
HIST 442 443
HIST 443 427
HIST 444 440
HIST 445 420
HIST 446 408
HIST 447 449
HIST 448 460
HIST 449 432
HIST 450 434
HIST 451 462
HIST 452 415
HIST 453 423
HIST 454 444
HIST 455 437
HIST 456 439
HIST 457 421
HIST 458 470
HIST 459 453
HIST 460 454
HIST 461 441
HIST 462 424
HIST 463 412
HIST 464 438
HIST 465 479
HIST 466 413
HIST 467 442
HIST 468 415
HIST 469 430
HIST 470 424
HIST 471 449
HIST 472 405
HIST 473 516
HIST 474 404
HIST 475 440
HIST 476 468
HIST 477 442
HIST 478 433
HIST 479 418
HIST 480 428
HIST 481 402
HIST 482 440
HIST 483 437
HIST 484 440
HIST 485 391
HIST 486 427
HIST 487 446
HIST 488 416
HIST 489 411
HIST 490 411
HIST 491 434
HIST 492 413
HIST 493 435
HIST 494 405
HIST 495 448
HIST 496 445
HIST 497 390
HIST 498 435
HIST 499 417
HIST 500 433
HIST 501 444
HIST 502 439
HIST 503 421
HIST 504 440
HIST 505 427
HIST 506 425
HIST 507 435
HIST 508 422
HIST 509 409
HIST 510 423
HIST 511 404
HIST 512 438
HIST 513 382
HIST 514 431
HIST 515 427
HIST 516 425
HIST 517 404
HIST 518 420
HIST 519 428
HIST 520 406
HIST 521 421
HIST 522 443
HIST 523 467
HIST 524 432
HIST 525 442
HIST 526 398
HIST 527 398
HIST 528 427
HIST 529 446
HIST 530 416
HIST 531 420
HIST 532 421
HIST 533 405
HIST 534 414
HIST 535 397
HIST 536 403
HIST 537 442
HIST 538 453
HIST 539 416
HIST 540 403
HIST 541 424
HIST 542 451
HIST 543 415
HIST 544 415
HIST 545 381
HIST 546 402
HIST 547 447
HIST 548 398
HIST 549 422
HIST 550 432
HIST 551 425
HIST 552 418
HIST 553 443
HIST 554 397
HIST 555 432
HIST 556 471
HIST 557 423
HIST 558 435
HIST 559 400
HIST 560 430
HIST 561 421
HIST 562 410
HIST 563 389
HIST 564 450
HIST 565 444
HIST 566 439
HIST 567 387
HIST 568 400
HIST 569 404
HIST 570 410
HIST 571 427
HIST 572 422
HIST 573 390
HIST 574 440
HIST 575 418
HIST 576 453
HIST 577 394
HIST 578 393
HIST 579 446
HIST 580 426
HIST 581 390
HIST 582 448
HIST 583 455
HIST 584 422
HIST 585 385
HIST 586 437
HIST 587 442
HIST 588 407
HIST 589 436
HIST 590 409
HIST 591 442
HIST 592 408
HIST 593 421
HIST 594 398
HIST 595 432
HIST 596 424
HIST 597 389
HIST 598 376
HIST 599 396
HIST 600 370
HIST 601 413
HIST 602 435
HIST 603 381
HIST 604 381
HIST 605 391
HIST 606 405
HIST 607 421
HIST 608 426
HIST 609 436
HIST 610 414
HIST 611 426
HIST 612 380
HIST 613 423
HIST 614 391
HIST 615 434
HIST 616 468
HIST 617 409
HIST 618 405
HIST 619 404
HIST 620 439
HIST 621 418
HIST 622 454
HIST 623 431
HIST 624 429
HIST 625 395
HIST 626 401
HIST 627 406
HIST 628 427
HIST 629 422
HIST 630 419
HIST 631 385
HIST 632 387
HIST 633 409
HIST 634 421
HIST 635 422
HIST 636 423
HIST 637 422
HIST 638 408
HIST 639 440
HIST 640 385
HIST 641 376
HIST 642 388
HIST 643 411
HIST 644 378
HIST 645 405
HIST 646 378
HIST 647 410
HIST 648 386
HIST 649 388
HIST 650 410
HIST 651 428
HIST 652 419
HIST 653 425
HIST 654 411
HIST 655 389
HIST 656 449
HIST 657 394
HIST 658 422
HIST 659 403
HIST 660 422
HIST 661 395
HIST 662 397
HIST 663 409
HIST 664 406
HIST 665 400
HIST 666 421
HIST 667 410
HIST 668 426
HIST 669 408
HIST 670 444
HIST 671 408
HIST 672 358
HIST 673 438
HIST 674 425
HIST 675 419
HIST 676 390
HIST 677 389
HIST 678 391
HIST 679 400
HIST 680 375
HIST 681 400
HIST 682 409
HIST 683 387
HIST 684 403
HIST 685 401
HIST 686 389
HIST 687 449
HIST 688 407
HIST 689 424
HIST 690 419
HIST 691 383
HIST 692 405
HIST 693 419
HIST 694 376
HIST 695 421
HIST 696 405
HIST 697 407
HIST 698 410
HIST 699 416
HIST 700 407
HIST 701 425
HIST 702 373
HIST 703 412
HIST 704 422
HIST 705 430
HIST 706 398
HIST 707 404
HIST 708 394
HIST 709 429
HIST 710 390
HIST 711 413
HIST 712 389
HIST 713 420
HIST 714 402
HIST 715 381
HIST 716 404
HIST 717 441
HIST 718 399
HIST 719 397
HIST 720 420
HIST 721 396
HIST 722 419
HIST 723 388
HIST 724 356
HIST 725 394
HIST 726 415
HIST 727 407
HIST 728 362
HIST 729 403
HIST 730 351
HIST 731 420
HIST 732 405
HIST 733 430
HIST 734 412
HIST 735 433
HIST 736 415
HIST 737 395
HIST 738 415
HIST 739 431
HIST 740 427
HIST 741 385
HIST 742 401
HIST 743 413
HIST 744 417
HIST 745 359
HIST 746 414
HIST 747 414
HIST 748 396
HIST 749 399
HIST 750 387
HIST 751 454
HIST 752 405
HIST 753 396
HIST 754 417
HIST 755 376
HIST 756 451
HIST 757 421
HIST 758 442
HIST 759 393
HIST 760 383
HIST 761 403
HIST 762 433
HIST 763 396
HIST 764 424
HIST 765 401
HIST 766 410
HIST 767 421
HIST 768 411
HIST 769 402
HIST 770 391
HIST 771 429
HIST 772 408
HIST 773 424
HIST 774 403
HIST 775 399
HIST 776 377
HIST 777 416
HIST 778 427
HIST 779 412
HIST 780 414
HIST 781 420
HIST 782 399
HIST 783 385
HIST 784 394
HIST 785 388
HIST 786 408
HIST 787 410
HIST 788 410
HIST 789 407
HIST 790 415
HIST 791 408
HIST 792 406
HIST 793 417
HIST 794 403
HIST 795 382
HIST 796 423
HIST 797 422
HIST 798 440
HIST 799 374
HIST 800 424
HIST 801 418
HIST 802 418
HIST 803 380
HIST 804 415
HIST 805 424
HIST 806 427
HIST 807 380
HIST 808 433
HIST 809 427
HIST 810 448
HIST 811 403
HIST 812 387
HIST 813 428
HIST 814 377
HIST 815 400
HIST 816 411
HIST 817 418
HIST 818 422
HIST 819 397
HIST 820 424
HIST 821 414
HIST 822 397
HIST 823 414
HIST 824 409
HIST 825 411
HIST 826 423
HIST 827 432
HIST 828 444
HIST 829 439
HIST 830 404
HIST 831 403
HIST 832 418
HIST 833 396
HIST 834 409
HIST 835 396
HIST 836 449
HIST 837 396
HIST 838 429
HIST 839 420
HIST 840 412
HIST 841 387
HIST 842 391
HIST 843 413
HIST 844 419
HIST 845 383
HIST 846 365
HIST 847 461
HIST 848 427
HIST 849 424
HIST 850 438
HIST 851 389
HIST 852 394
HIST 853 404
HIST 854 406
HIST 855 408
HIST 856 415
HIST 857 432
HIST 858 436
HIST 859 438
HIST 860 396
HIST 861 422
HIST 862 405
HIST 863 426
HIST 864 407
HIST 865 407
HIST 866 406
HIST 867 433
HIST 868 442
HIST 869 452
HIST 870 399
HIST 871 422
HIST 872 434
HIST 873 422
HIST 874 438
HIST 875 437
HIST 876 427
HIST 877 414
HIST 878 402
HIST 879 411
HIST 880 424
HIST 881 433
HIST 882 410
HIST 883 438
HIST 884 422
HIST 885 398
HIST 886 416
HIST 887 433
HIST 888 407
HIST 889 459
HIST 890 400
HIST 891 448
HIST 892 449
HIST 893 432
HIST 894 409
HIST 895 452
HIST 896 423
HIST 897 389
HIST 898 463
HIST 899 412
HIST 900 427
HIST 901 422
HIST 902 457
HIST 903 437
HIST 904 449
HIST 905 439
HIST 906 447
HIST 907 423
HIST 908 418
HIST 909 445
HIST 910 424
HIST 911 429
HIST 912 450
HIST 913 433
HIST 914 471
HIST 915 417
HIST 916 416
HIST 917 432
HIST 918 425
HIST 919 453
HIST 920 442
HIST 921 443
HIST 922 404
HIST 923 426
HIST 924 432
HIST 925 465
HIST 926 416
HIST 927 458
HIST 928 425
HIST 929 411
HIST 930 447
HIST 931 426
HIST 932 428
HIST 933 431
HIST 934 433
HIST 935 459
HIST 936 477
HIST 937 414
HIST 938 421
HIST 939 422
HIST 940 453
HIST 941 454
HIST 942 452
HIST 943 430
HIST 944 422
HIST 945 434
HIST 946 424
HIST 947 465
HIST 948 435
HIST 949 440
HIST 950 1589
HIST 951 436
HIST 952 426
HIST 953 413
HIST 954 437
HIST 955 428
HIST 956 455
HIST 957 446
HIST 958 430
HIST 959 464
HIST 960 447
HIST 961 446
HIST 962 435
HIST 963 417
HIST 964 434
HIST 965 454
HIST 966 452
HIST 967 445
HIST 968 476
HIST 969 426
HIST 970 455
HIST 971 460
HIST 972 453
HIST 973 436
HIST 974 502
HIST 975 441
HIST 976 431
HIST 977 444
HIST 978 442
HIST 979 486
HIST 980 454
HIST 981 488
HIST 982 490
HIST 983 411
HIST 984 471
HIST 985 443
HIST 986 425
HIST 987 508
HIST 988 483
HIST 989 446
HIST 990 479
HIST 991 460
HIST 992 474
HIST 993 452
HIST 994 428
HIST 995 492
HIST 996 453
HIST 997 471
HIST 998 446
HIST 999 464
HIST 1000 484
HIST 1001 442
HIST 1002 490
HIST 1003 454
HIST 1004 450
HIST 1005 480
HIST 1006 484
HIST 1007 491
HIST 1008 467
HIST 1009 501
HIST 1010 513
HIST 1011 480
HIST 1012 494
HIST 1013 457
HIST 1014 449
HIST 1015 424
HIST 1016 484
HIST 1017 447
HIST 1018 453
HIST 1019 456
HIST 1020 495
HIST 1021 493
HIST 1022 478
HIST 1023 478
HIST 1024 488
HIST 1025 460
HIST 1026 439
HIST 1027 468
HIST 1028 472
HIST 1029 456
HIST 1030 469
HIST 1031 479
HIST 1032 444
HIST 1033 466
HIST 1034 469
HIST 1035 475
HIST 1036 488
HIST 1037 465
HIST 1038 466
HIST 1039 467
HIST 1040 522
HIST 1041 464
HIST 1042 477
HIST 1043 484
HIST 1044 468
HIST 1045 480
HIST 1046 481
HIST 1047 498
HIST 1048 455
HIST 1049 495
HIST 1050 514
HIST 1051 542
HIST 1052 488
HIST 1053 498
HIST 1054 579
HIST 1055 537
HIST 1056 483
HIST 1057 521
HIST 1058 496
HIST 1059 469
HIST 1060 511
HIST 1061 473
HIST 1062 509
HIST 1063 485
HIST 1064 499
HIST 1065 504
HIST 1066 535
HIST 1067 487
HIST 1068 481
HIST 1069 521
HIST 1070 524
HIST 1071 509
HIST 1072 487
HIST 1073 530
HIST 1074 529
HIST 1075 556
HIST 1076 502
HIST 1077 516
HIST 1078 554
HIST 1079 500
HIST 1080 553
HIST 1081 515
HIST 1082 520
HIST 1083 529
HIST 1084 529
HIST 1085 515
HIST 1086 497
HIST 1087 496
HIST 1088 508
HIST 1089 550
HIST 1090 517
HIST 1091 517
HIST 1092 516
HIST 1093 548
HIST 1094 531
HIST 1095 544
HIST 1096 556
HIST 1097 528
HIST 1098 512
HIST 1099 582
HIST 1100 537
HIST 1101 513
HIST 1102 535
HIST 1103 522
HIST 1104 537
HIST 1105 533
HIST 1106 556
HIST 1107 505
HIST 1108 552
HIST 1109 535
HIST 1110 569
HIST 1111 522
HIST 1112 508
HIST 1113 517
HIST 1114 549
HIST 1115 548
HIST 1116 560
HIST 1117 556
HIST 1118 568
HIST 1119 547
HIST 1120 536
HIST 1121 534
HIST 1122 574
HIST 1123 547
HIST 1124 526
HIST 1125 553
HIST 1126 556
HIST 1127 580
HIST 1128 574
HIST 1129 553
HIST 1130 584
HIST 1131 580
HIST 1132 531
HIST 1133 570
HIST 1134 573
HIST 1135 574
HIST 1136 591
HIST 1137 600
HIST 1138 569
HIST 1139 605
HIST 1140 574
HIST 1141 639
HIST 1142 602
HIST 1143 599
HIST 1144 645
HIST 1145 599
HIST 1146 585
HIST 1147 587
HIST 1148 625
HIST 1149 546
HIST 1150 615
HIST 1151 595
HIST 1152 619
HIST 1153 571
HIST 1154 614
HIST 1155 636
HIST 1156 602
HIST 1157 626
HIST 1158 621
HIST 1159 601
HIST 1160 662
HIST 1161 595
HIST 1162 592
HIST 1163 608
HIST 1164 672
HIST 1165 645
HIST 1166 671
HIST 1167 590
HIST 1168 620
HIST 1169 598
HIST 1170 640
HIST 1171 636
HIST 1172 643
HIST 1173 610
HIST 1174 682
HIST 1175 668
HIST 1176 618
HIST 1177 637
HIST 1178 670
HIST 1179 658
HIST 1180 672
HIST 1181 602
HIST 1182 613
HIST 1183 659
HIST 1184 680
HIST 1185 686
HIST 1186 625
HIST 1187 670
HIST 1188 684
HIST 1189 672
HIST 1190 696
HIST 1191 674
HIST 1192 700
HIST 1193 673
HIST 1194 689
HIST 1195 643
HIST 1196 660
HIST 1197 667
HIST 1198 707
HIST 1199 680
HIST 1200 725
HIST 1201 695
HIST 1202 653
HIST 1203 719
HIST 1204 680
HIST 1205 736
HIST 1206 706
HIST 1207 696
HIST 1208 704
HIST 1209 715
HIST 1210 652
HIST 1211 677
HIST 1212 751
HIST 1213 660
HIST 1214 708
HIST 1215 689
HIST 1216 693
HIST 1217 654
HIST 1218 708
HIST 1219 801
HIST 1220 768
HIST 1221 748
HIST 1222 736
HIST 1223 732
HIST 1224 690
HIST 1225 703
HIST 1226 754
HIST 1227 707
HIST 1228 710
HIST 1229 749
HIST 1230 734
HIST 1231 694
HIST 1232 732
HIST 1233 722
HIST 1234 803
HIST 1235 760
HIST 1236 744
HIST 1237 681
HIST 1238 723
HIST 1239 687
HIST 1240 690
HIST 1241 622
HIST 1242 633
HIST 1243 526
HIST 1244 456
HIST 1245 388
HIST 1246 362
HIST 1247 336
HIST 1248 317
HIST 1249 277
HIST 1250 252
HIST 1251 257
HIST 1252 231
HIST 1253 250
HIST 1254 221
HIST 1255 203
HIST 1256 215
HIST 1257 208
HIST 1258 194
HIST 1259 220
HIST 1260 180
HIST 1261 162
HIST 1262 191
HIST 1263 178
HIST 1264 182
HIST 1265 184
HIST 1266 153
HIST 1267 162
HIST 1268 160
HIST 1269 159
HIST 1270 149
HIST 1271 138
HIST 1272 149
HIST 1273 129
HIST 1274 126
HIST 1275 144
HIST 1276 118
HIST 1277 129
HIST 1278 140
HIST 1279 145
HIST 1280 144
HIST 1281 126
HIST 1282 124
HIST 1283 135
HIST 1284 116
HIST 1285 120
HIST 1286 108
HIST 1287 136
HIST 1288 109
HIST 1289 112
HIST 1290 106
HIST 1291 112
HIST 1292 91
HIST 1293 92
HIST 1294 111
HIST 1295 124
HIST 1296 100
HIST 1297 103
HIST 1298 99
HIST 1299 111
HIST 1300 92
HIST 1301 92
HIST 1302 95
HIST 1303 80
HIST 1304 80
HIST 1305 73
HIST 1306 72
HIST 1307 60
HIST 1308 92
HIST 1309 86
HIST 1310 78
HIST 1311 88
HIST 1312 86
HIST 1313 84
HIST 1314 73
HIST 1315 69
HIST 1316 73
HIST 1317 63
HIST 1318 70
HIST 1319 64
HIST 1320 64
HIST 1321 58
HIST 1322 71
HIST 1323 66
HIST 1324 59
HIST 1325 52
HIST 1326 48
HIST 1327 52
HIST 1328 59
HIST 1329 48
HIST 1330 40
HIST 1331 56
HIST 1332 42
HIST 1333 41
HIST 1334 48
HIST 1335 33
HIST 1336 26
HIST 1337 40
HIST 1338 38
HIST 1339 25
HIST 1340 30
HIST 1341 28
HIST 1342 35
HIST 1343 24
HIST 1344 27
HIST 1345 21
HIST 1346 25
HIST 1347 30
HIST 1348 19
HIST 1349 22
HIST 1350 23
HIST 1351 25
HIST 1352 21
HIST 1353 32
HIST 1354 29
HIST 1355 26
HIST 1356 23
HIST 1357 18
HIST 1358 16
HIST 1359 18
HIST 1360 22
HIST 1361 15
HIST 1362 19
HIST 1363 20
HIST 1364 23
HIST 1365 20
HIST 1366 15
HIST 1367 15
HIST 1368 20
HIST 1369 10
HIST 1370 19
HIST 1371 13
HIST 1372 12
HIST 1373 13
HIST 1374 10
HIST 1375 11
HIST 1376 6
HIST 1377 12
HIST 1378 8
HIST 1379 6
HIST 1380 12
HIST 1381 13
HIST 1382 7
HIST 1383 5
HIST 1384 11
HIST 1385 11
HIST 1386 14
HIST 1387 7
HIST 1388 14
HIST 1389 16
HIST 1390 9
HIST 1391 9
HIST 1392 10
HIST 1393 7
HIST 1394 9
HIST 1395 11
HIST 1396 8
HIST 1397 8
HIST 1398 5
HIST 1399 14
HIST 1400 2
HIST 1401 6
HIST 1402 10
HIST 1403 6
HIST 1404 8
HIST 1405 3
HIST 1406 7
HIST 1407 7
HIST 1408 5
HIST 1409 2
HIST 1410 6
HIST 1411 5
HIST 1412 3
HIST 1413 5
HIST 1414 7
HIST 1415 3
HIST 1416 1
HIST 1417 6
HIST 1418 3
HIST 1419 7
HIST 1420 2
HIST 1421 4
HIST 1422 3
HIST 1423 4
HIST 1425 11
HIST 1426 32
HIST 1428 24
HIST 1429 113
HIST 1430 581
HIST 1431 3
HIST 1432 264
HIST 1433 138
HIST 1434 1
HIST 1435 3
HIST 1436 1
HIST 1437 2
HIST 1438 2
HIST 1439 1
HIST 1440 1
HIST 1441 3
HIST 1444 4
HIST 1445 2
HIST 1446 2
HIST 1447 2
HIST 1449 2
HIST 1451 1
HIST 1453 1
HIST 1454 1
HIST 1455 2
HIST 1456 3
HIST 1457 4
HIST 1458 8
HIST 1459 3
HIST 1460 2
HIST 1461 62071
HISTEND
