область 3 целиком затенена областью 2 — выброшена (в сцене симулятора она тоже недостижима)
SETUP correlatedGamma=0 twoJmax=10 vacuum=1 seed=0 killesc=1 killcarry=0
CUTS (production thresholds per material couple):
 Material : G4_Galactic
 Range cuts        :  gamma  1 mm     e-  1 mm     e+  1 mm  proton 1 mm 
 Energy thresholds :  gamma  990 eV     e-  990 eV     e+  990 eV  proton 100 keV
 Material : scene_mat_3
 Range cuts        :  gamma  1 mm     e-  1 mm     e+  1 mm  proton 1 mm 
 Energy thresholds :  gamma  6.91691 keV    e-  597.603 keV    e+  574.29 keV proton 100 keV
 Material : scene_mat_1
 Range cuts        :  gamma  1 mm     e-  1 mm     e+  1 mm  proton 1 mm 
 Energy thresholds :  gamma  4.39533 keV    e-  541.252 keV    e+  522.087 keV proton 100 keV
 Material : scene_mat_0
 Range cuts        :  gamma  1 mm     e-  1 mm     e+  1 mm  proton 1 mm 
 Energy thresholds :  gamma  38.4662 keV    e-  692.485 keV    e+  658.149 keV proton 100 keV
RESULT decays=20000000
RESULT any=1115345 eps_total=5.576725e-02
RESULT window=661.657 counts=247498 eps=1.237490e-02
HISTBEGIN bins=663 bin_kev=1.000000 decays=20000000
HIST 0 617
HIST 1 1868
HIST 2 1968
HIST 3 2022
HIST 4 1936
HIST 5 2078
HIST 6 2239
HIST 7 2258
HIST 8 2290
HIST 9 2160
HIST 10 2151
HIST 11 2196
HIST 12 2363
HIST 13 2176
HIST 14 2170
HIST 15 2136
HIST 16 2204
HIST 17 2195
HIST 18 2180
HIST 19 2096
HIST 20 2122
HIST 21 2181
HIST 22 2173
HIST 23 2152
HIST 24 2158
HIST 25 1983
HIST 26 2146
HIST 27 2093
HIST 28 2155
HIST 29 2067
HIST 30 2154
HIST 31 2111
HIST 32 2011
HIST 33 2104
HIST 34 2087
HIST 35 2032
HIST 36 2101
HIST 37 2030
HIST 38 2033
HIST 39 2099
HIST 40 2124
HIST 41 2021
HIST 42 2104
HIST 43 2053
HIST 44 2077
HIST 45 2000
HIST 46 1999
HIST 47 1964
HIST 48 2038
HIST 49 2034
HIST 50 1977
HIST 51 2057
HIST 52 2082
HIST 53 1977
HIST 54 1962
HIST 55 2033
HIST 56 2083
HIST 57 2026
HIST 58 2011
HIST 59 1988
HIST 60 1927
HIST 61 2003
HIST 62 2003
HIST 63 1906
HIST 64 1966
HIST 65 1990
HIST 66 1866
HIST 67 1986
HIST 68 1926
HIST 69 1928
HIST 70 1857
HIST 71 1840
HIST 72 1914
HIST 73 1960
HIST 74 1893
HIST 75 1892
HIST 76 1888
HIST 77 1904
HIST 78 1925
HIST 79 1890
HIST 80 1858
HIST 81 1891
HIST 82 1881
HIST 83 1890
HIST 84 1943
HIST 85 1878
HIST 86 1863
HIST 87 1874
HIST 88 1937
HIST 89 1888
HIST 90 1820
HIST 91 1868
HIST 92 1822
HIST 93 1844
HIST 94 1860
HIST 95 1923
HIST 96 1852
HIST 97 1814
HIST 98 1772
HIST 99 1815
HIST 100 1721
HIST 101 1770
HIST 102 1769
HIST 103 1837
HIST 104 1813
HIST 105 1746
HIST 106 1823
HIST 107 1798
HIST 108 1787
HIST 109 1751
HIST 110 1857
HIST 111 1715
HIST 112 1738
HIST 113 1723
HIST 114 1813
HIST 115 1767
HIST 116 1792
HIST 117 1856
HIST 118 1852
HIST 119 1806
HIST 120 1764
HIST 121 1813
HIST 122 1797
HIST 123 1758
HIST 124 1703
HIST 125 1715
HIST 126 1798
HIST 127 1799
HIST 128 1762
HIST 129 1740
HIST 130 1746
HIST 131 1763
HIST 132 1778
HIST 133 1751
HIST 134 1764
HIST 135 1680
HIST 136 1775
HIST 137 1669
HIST 138 1728
HIST 139 1762
HIST 140 1722
HIST 141 1739
HIST 142 1672
HIST 143 1743
HIST 144 1700
HIST 145 1749
HIST 146 1686
HIST 147 1627
HIST 148 1739
HIST 149 1683
HIST 150 1682
HIST 151 1729
HIST 152 1736
HIST 153 1681
HIST 154 1687
HIST 155 1705
HIST 156 1677
HIST 157 1711
HIST 158 1687
HIST 159 1748
HIST 160 1660
HIST 161 1688
HIST 162 1658
HIST 163 1665
HIST 164 1760
HIST 165 1680
HIST 166 1808
HIST 167 1675
HIST 168 1747
HIST 169 1721
HIST 170 1621
HIST 171 1630
HIST 172 1688
HIST 173 1635
HIST 174 1625
HIST 175 1687
HIST 176 1696
HIST 177 1747
HIST 178 1694
HIST 179 1715
HIST 180 1702
HIST 181 1688
HIST 182 1782
HIST 183 1821
HIST 184 1822
HIST 185 1977
HIST 186 2032
HIST 187 2057
HIST 188 2044
HIST 189 2168
HIST 190 2224
HIST 191 2178
HIST 192 2140
HIST 193 2173
HIST 194 2186
HIST 195 2174
HIST 196 2210
HIST 197 2061
HIST 198 2083
HIST 199 2177
HIST 200 2178
HIST 201 2225
HIST 202 2106
HIST 203 2071
HIST 204 2071
HIST 205 2150
HIST 206 1970
HIST 207 2028
HIST 208 2071
HIST 209 2003
HIST 210 2023
HIST 211 2015
HIST 212 2050
HIST 213 2032
HIST 214 1978
HIST 215 2088
HIST 216 1952
HIST 217 2001
HIST 218 1929
HIST 219 1964
HIST 220 1958
HIST 221 1942
HIST 222 1993
HIST 223 1882
HIST 224 1914
HIST 225 1969
HIST 226 1898
HIST 227 1946
HIST 228 1832
HIST 229 1903
HIST 230 1821
HIST 231 1829
HIST 232 1811
HIST 233 1868
HIST 234 1884
HIST 235 1788
HIST 236 1897
HIST 237 1906
HIST 238 1848
HIST 239 1799
HIST 240 1831
HIST 241 1856
HIST 242 1779
HIST 243 1790
HIST 244 1798
HIST 245 1788
HIST 246 1785
HIST 247 1820
HIST 248 1730
HIST 249 1735
HIST 250 1745
HIST 251 1652
HIST 252 1736
HIST 253 1693
HIST 254 1618
HIST 255 1685
HIST 256 1760
HIST 257 1660
HIST 258 1704
HIST 259 1662
HIST 260 1593
HIST 261 1633
HIST 262 1695
HIST 263 1672
HIST 264 1652
HIST 265 1613
HIST 266 1628
HIST 267 1585
HIST 268 1645
HIST 269 1533
HIST 270 1670
HIST 271 1566
HIST 272 1559
HIST 273 1617
HIST 274 1604
HIST 275 1601
HIST 276 1554
HIST 277 1537
HIST 278 1550
HIST 279 1554
HIST 280 1570
HIST 281 1565
HIST 282 1572
HIST 283 1544
HIST 284 1594
HIST 285 1527
HIST 286 1547
HIST 287 1552
HIST 288 1562
HIST 289 1575
HIST 290 1552
HIST 291 1524
HIST 292 1550
HIST 293 1496
HIST 294 1480
HIST 295 1544
HIST 296 1495
HIST 297 1568
HIST 298 1483
HIST 299 1531
HIST 300 1560
HIST 301 1452
HIST 302 1617
HIST 303 1502
HIST 304 1538
HIST 305 1472
HIST 306 1491
HIST 307 1572
HIST 308 1403
HIST 309 1525
HIST 310 1466
HIST 311 1528
HIST 312 1470
HIST 313 1540
HIST 314 1614
HIST 315 1421
HIST 316 1513
HIST 317 1536
HIST 318 1435
HIST 319 1509
HIST 320 1466
HIST 321 1491
HIST 322 1478
HIST 323 1409
HIST 324 1492
HIST 325 1553
HIST 326 1436
HIST 327 1473
HIST 328 1500
HIST 329 1481
HIST 330 1431
HIST 331 1460
HIST 332 1485
HIST 333 1462
HIST 334 1476
HIST 335 1478
HIST 336 1415
HIST 337 1485
HIST 338 1525
HIST 339 1417
HIST 340 1437
HIST 341 1472
HIST 342 1448
HIST 343 1473
HIST 344 1437
HIST 345 1480
HIST 346 1471
HIST 347 1526
HIST 348 1494
HIST 349 1440
HIST 350 1383
HIST 351 1440
HIST 352 1473
HIST 353 1403
HIST 354 1445
HIST 355 1431
HIST 356 1472
HIST 357 1493
HIST 358 1387
HIST 359 1498
HIST 360 1416
HIST 361 1446
HIST 362 1481
HIST 363 1468
HIST 364 1463
HIST 365 1412
HIST 366 1432
HIST 367 1392
HIST 368 1472
HIST 369 1529
HIST 370 1435
HIST 371 1462
HIST 372 1505
HIST 373 1487
HIST 374 1489
HIST 375 1492
HIST 376 1521
HIST 377 1466
HIST 378 1459
HIST 379 1457
HIST 380 1469
HIST 381 1509
HIST 382 1477
HIST 383 1490
HIST 384 1517
HIST 385 1536
HIST 386 1527
HIST 387 1515
HIST 388 1477
HIST 389 1494
HIST 390 1475
HIST 391 1436
HIST 392 1506
HIST 393 1552
HIST 394 1482
HIST 395 1524
HIST 396 1507
HIST 397 1544
HIST 398 1452
HIST 399 1582
HIST 400 1509
HIST 401 1538
HIST 402 1538
HIST 403 1486
HIST 404 1522
HIST 405 1562
HIST 406 1607
HIST 407 1468
HIST 408 1584
HIST 409 1490
HIST 410 1522
HIST 411 1479
HIST 412 1570
HIST 413 1527
HIST 414 1645
HIST 415 1535
HIST 416 1474
HIST 417 1549
HIST 418 1577
HIST 419 1649
HIST 420 1597
HIST 421 1628
HIST 422 1630
HIST 423 1545
HIST 424 1586
HIST 425 1672
HIST 426 1614
HIST 427 1563
HIST 428 1679
HIST 429 1718
HIST 430 1668
HIST 431 1730
HIST 432 1704
HIST 433 1682
HIST 434 1669
HIST 435 1689
HIST 436 1652
HIST 437 1589
HIST 438 1669
HIST 439 1622
HIST 440 1690
HIST 441 1670
HIST 442 1629
HIST 443 1673
HIST 444 1661
HIST 445 1642
HIST 446 1720
HIST 447 1634
HIST 448 1806
HIST 449 1745
HIST 450 1743
HIST 451 1693
HIST 452 1713
HIST 453 1706
HIST 454 1760
HIST 455 1717
HIST 456 1807
HIST 457 1778
HIST 458 1777
HIST 459 1844
HIST 460 1700
HIST 461 1796
HIST 462 1735
HIST 463 1785
HIST 464 1774
HIST 465 1821
HIST 466 1753
HIST 467 1706
HIST 468 1809
HIST 469 1757
HIST 470 1750
HIST 471 1761
HIST 472 1735
HIST 473 1688
HIST 474 1731
HIST 475 1622
HIST 476 1499
HIST 477 1253
HIST 478 1080
HIST 479 984
HIST 480 818
HIST 481 716
HIST 482 702
HIST 483 602
HIST 484 632
HIST 485 582
HIST 486 599
HIST 487 551
HIST 488 506
HIST 489 477
HIST 490 442
HIST 491 473
HIST 492 439
HIST 493 423
HIST 494 421
HIST 495 404
HIST 496 365
HIST 497 367
HIST 498 360
HIST 499 356
HIST 500 367
HIST 501 350
HIST 502 314
HIST 503 320
HIST 504 280
HIST 505 315
HIST 506 287
HIST 507 303
HIST 508 268
HIST 509 291
HIST 510 292
HIST 511 271
HIST 512 300
HIST 513 251
HIST 514 261
HIST 515 224
HIST 516 240
HIST 517 229
HIST 518 230
HIST 519 234
HIST 520 247
HIST 521 211
HIST 522 227
HIST 523 202
HIST 524 224
HIST 525 221
HIST 526 214
HIST 527 193
HIST 528 208
HIST 529 176
HIST 530 194
HIST 531 197
HIST 532 189
HIST 533 175
HIST 534 181
HIST 535 193
HIST 536 173
HIST 537 140
HIST 538 166
HIST 539 165
HIST 540 156
HIST 541 149
HIST 542 152
HIST 543 143
HIST 544 124
HIST 545 152
HIST 546 127
HIST 547 127
HIST 548 123
HIST 549 137
HIST 550 117
HIST 551 120
HIST 552 131
HIST 553 119
HIST 554 123
HIST 555 99
HIST 556 99
HIST 557 104
HIST 558 101
HIST 559 87
HIST 560 99
HIST 561 110
HIST 562 101
HIST 563 115
HIST 564 102
HIST 565 107
HIST 566 120
HIST 567 95
HIST 568 122
HIST 569 96
HIST 570 85
HIST 571 87
HIST 572 79
HIST 573 79
HIST 574 92
HIST 575 82
HIST 576 101
HIST 577 103
HIST 578 88
HIST 579 97
HIST 580 113
HIST 581 96
HIST 582 112
HIST 583 105
HIST 584 111
HIST 585 78
HIST 586 98
HIST 587 93
HIST 588 87
HIST 589 93
HIST 590 76
HIST 591 81
HIST 592 85
HIST 593 87
HIST 594 80
HIST 595 66
HIST 596 70
HIST 597 73
HIST 598 79
HIST 599 74
HIST 600 59
HIST 601 76
HIST 602 68
HIST 603 62
HIST 604 82
HIST 605 62
HIST 606 48
HIST 607 60
HIST 608 54
HIST 609 73
HIST 610 43
HIST 611 45
HIST 612 70
HIST 613 53
HIST 614 57
HIST 615 54
HIST 616 52
HIST 617 44
HIST 618 47
HIST 619 55
HIST 620 57
HIST 621 42
HIST 622 38
HIST 623 41
HIST 624 40
HIST 625 39
HIST 626 78
HIST 627 183
HIST 628 47
HIST 629 611
HIST 630 40
HIST 631 2293
HIST 632 43
HIST 633 1658
HIST 634 45
HIST 635 40
HIST 636 39
HIST 637 38
HIST 638 40
HIST 639 38
HIST 640 44
HIST 641 39
HIST 642 40
HIST 643 42
HIST 644 44
HIST 645 41
HIST 646 42
HIST 647 45
HIST 648 40
HIST 649 38
HIST 650 29
HIST 651 27
HIST 652 46
HIST 653 34
HIST 654 37
HIST 655 40
HIST 656 23
HIST 657 57
HIST 658 66
HIST 659 92
HIST 660 81
HIST 661 35
HIST 662 247490
HISTEND
