SETUP correlatedGamma=0 twoJmax=10 vacuum=1 seed=0 killesc=0 killcarry=1 fullcarry=0
CUTS (production thresholds per material couple):
 Material : G4_Galactic
 Range cuts        :  gamma  1 mm     e-  1 mm     e+  1 mm  proton 1 mm 
 Energy thresholds :  gamma  990 eV     e-  990 eV     e+  990 eV  proton 100 keV
 Material : scene_mat_3
 Range cuts        :  gamma  1 mm     e-  1 mm     e+  1 mm  proton 1 mm 
 Energy thresholds :  gamma  6.91691 keV    e-  597.603 keV    e+  574.29 keV proton 100 keV
 Material : scene_mat_2
 Range cuts        :  gamma  1 mm     e-  1 mm     e+  1 mm  proton 1 mm 
 Energy thresholds :  gamma  990 eV     e-  990 eV     e+  990 eV  proton 100 keV
 Material : scene_mat_1
 Range cuts        :  gamma  1 mm     e-  1 mm     e+  1 mm  proton 1 mm 
 Energy thresholds :  gamma  4.39533 keV    e-  541.252 keV    e+  522.087 keV proton 100 keV
 Material : scene_mat_0
 Range cuts        :  gamma  1 mm     e-  1 mm     e+  1 mm  proton 1 mm 
 Energy thresholds :  gamma  38.4662 keV    e-  692.485 keV    e+  658.149 keV proton 100 keV
RESULT decays=20000000
RESULT any=314009 eps_total=1.570045e-02
RESULT window=1460.820 counts=26194 eps=1.309700e-03
HISTBEGIN bins=1462 bin_kev=1.000000 decays=20000000
HIST 0 69
HIST 1 223
HIST 2 232
HIST 3 247
HIST 4 260
HIST 5 292
HIST 6 323
HIST 7 307
HIST 8 325
HIST 9 330
HIST 10 321
HIST 11 335
HIST 12 308
HIST 13 356
HIST 14 333
HIST 15 335
HIST 16 349
HIST 17 373
HIST 18 372
HIST 19 340
HIST 20 307
HIST 21 360
HIST 22 357
HIST 23 378
HIST 24 340
HIST 25 337
HIST 26 339
HIST 27 323
HIST 28 306
HIST 29 349
HIST 30 346
HIST 31 341
HIST 32 325
HIST 33 305
HIST 34 329
HIST 35 331
HIST 36 328
HIST 37 302
HIST 38 312
HIST 39 339
HIST 40 307
HIST 41 319
HIST 42 286
HIST 43 316
HIST 44 331
HIST 45 283
HIST 46 312
HIST 47 293
HIST 48 301
HIST 49 296
HIST 50 303
HIST 51 319
HIST 52 297
HIST 53 313
HIST 54 311
HIST 55 285
HIST 56 303
HIST 57 274
HIST 58 312
HIST 59 284
HIST 60 268
HIST 61 289
HIST 62 276
HIST 63 295
HIST 64 287
HIST 65 299
HIST 66 293
HIST 67 288
HIST 68 298
HIST 69 328
HIST 70 285
HIST 71 284
HIST 72 299
HIST 73 289
HIST 74 262
HIST 75 281
HIST 76 280
HIST 77 259
HIST 78 267
HIST 79 274
HIST 80 268
HIST 81 276
HIST 82 239
HIST 83 244
HIST 84 261
HIST 85 289
HIST 86 295
HIST 87 256
HIST 88 258
HIST 89 235
HIST 90 274
HIST 91 281
HIST 92 229
HIST 93 294
HIST 94 291
HIST 95 233
HIST 96 260
HIST 97 270
HIST 98 257
HIST 99 269
HIST 100 240
HIST 101 251
HIST 102 282
HIST 103 252
HIST 104 256
HIST 105 259
HIST 106 263
HIST 107 225
HIST 108 253
HIST 109 262
HIST 110 297
HIST 111 258
HIST 112 250
HIST 113 259
HIST 114 274
HIST 115 247
HIST 116 267
HIST 117 258
HIST 118 286
HIST 119 252
HIST 120 274
HIST 121 272
HIST 122 311
HIST 123 245
HIST 124 241
HIST 125 262
HIST 126 271
HIST 127 255
HIST 128 239
HIST 129 281
HIST 130 293
HIST 131 311
HIST 132 257
HIST 133 261
HIST 134 237
HIST 135 256
HIST 136 286
HIST 137 252
HIST 138 276
HIST 139 257
HIST 140 261
HIST 141 254
HIST 142 262
HIST 143 258
HIST 144 249
HIST 145 253
HIST 146 271
HIST 147 262
HIST 148 242
HIST 149 241
HIST 150 265
HIST 151 253
HIST 152 257
HIST 153 236
HIST 154 273
HIST 155 273
HIST 156 271
HIST 157 266
HIST 158 255
HIST 159 258
HIST 160 247
HIST 161 233
HIST 162 252
HIST 163 281
HIST 164 300
HIST 165 250
HIST 166 258
HIST 167 255
HIST 168 233
HIST 169 238
HIST 170 251
HIST 171 236
HIST 172 243
HIST 173 267
HIST 174 247
HIST 175 244
HIST 176 244
HIST 177 277
HIST 178 275
HIST 179 291
HIST 180 228
HIST 181 221
HIST 182 237
HIST 183 263
HIST 184 211
HIST 185 266
HIST 186 245
HIST 187 232
HIST 188 249
HIST 189 241
HIST 190 215
HIST 191 248
HIST 192 264
HIST 193 249
HIST 194 244
HIST 195 277
HIST 196 233
HIST 197 241
HIST 198 234
HIST 199 237
HIST 200 245
HIST 201 228
HIST 202 261
HIST 203 234
HIST 204 212
HIST 205 233
HIST 206 218
HIST 207 234
HIST 208 257
HIST 209 251
HIST 210 262
HIST 211 253
HIST 212 233
HIST 213 256
HIST 214 240
HIST 215 243
HIST 216 251
HIST 217 254
HIST 218 299
HIST 219 282
HIST 220 286
HIST 221 306
HIST 222 313
HIST 223 323
HIST 224 295
HIST 225 270
HIST 226 290
HIST 227 279
HIST 228 273
HIST 229 270
HIST 230 277
HIST 231 271
HIST 232 274
HIST 233 287
HIST 234 274
HIST 235 262
HIST 236 321
HIST 237 298
HIST 238 303
HIST 239 298
HIST 240 267
HIST 241 288
HIST 242 282
HIST 243 298
HIST 244 267
HIST 245 291
HIST 246 301
HIST 247 283
HIST 248 271
HIST 249 252
HIST 250 306
HIST 251 288
HIST 252 261
HIST 253 311
HIST 254 297
HIST 255 282
HIST 256 270
HIST 257 276
HIST 258 307
HIST 259 286
HIST 260 284
HIST 261 279
HIST 262 291
HIST 263 268
HIST 264 269
HIST 265 311
HIST 266 325
HIST 267 292
HIST 268 285
HIST 269 258
HIST 270 295
HIST 271 244
HIST 272 275
HIST 273 284
HIST 274 275
HIST 275 273
HIST 276 290
HIST 277 242
HIST 278 267
HIST 279 256
HIST 280 287
HIST 281 284
HIST 282 266
HIST 283 264
HIST 284 282
HIST 285 265
HIST 286 272
HIST 287 234
HIST 288 255
HIST 289 251
HIST 290 284
HIST 291 267
HIST 292 267
HIST 293 264
HIST 294 254
HIST 295 248
HIST 296 268
HIST 297 256
HIST 298 233
HIST 299 264
HIST 300 254
HIST 301 234
HIST 302 268
HIST 303 261
HIST 304 236
HIST 305 264
HIST 306 241
HIST 307 223
HIST 308 257
HIST 309 250
HIST 310 238
HIST 311 258
HIST 312 251
HIST 313 252
HIST 314 252
HIST 315 275
HIST 316 258
HIST 317 234
HIST 318 239
HIST 319 232
HIST 320 240
HIST 321 246
HIST 322 252
HIST 323 239
HIST 324 241
HIST 325 257
HIST 326 253
HIST 327 245
HIST 328 245
HIST 329 242
HIST 330 217
HIST 331 238
HIST 332 262
HIST 333 226
HIST 334 231
HIST 335 252
HIST 336 248
HIST 337 234
HIST 338 246
HIST 339 251
HIST 340 215
HIST 341 253
HIST 342 239
HIST 343 219
HIST 344 213
HIST 345 236
HIST 346 224
HIST 347 221
HIST 348 252
HIST 349 241
HIST 350 211
HIST 351 228
HIST 352 238
HIST 353 221
HIST 354 242
HIST 355 237
HIST 356 222
HIST 357 239
HIST 358 229
HIST 359 246
HIST 360 232
HIST 361 216
HIST 362 222
HIST 363 224
HIST 364 244
HIST 365 212
HIST 366 229
HIST 367 234
HIST 368 231
HIST 369 226
HIST 370 188
HIST 371 219
HIST 372 214
HIST 373 192
HIST 374 227
HIST 375 221
HIST 376 244
HIST 377 236
HIST 378 223
HIST 379 225
HIST 380 223
HIST 381 219
HIST 382 187
HIST 383 208
HIST 384 229
HIST 385 207
HIST 386 231
HIST 387 199
HIST 388 233
HIST 389 203
HIST 390 217
HIST 391 227
HIST 392 236
HIST 393 219
HIST 394 196
HIST 395 235
HIST 396 227
HIST 397 211
HIST 398 219
HIST 399 230
HIST 400 217
HIST 401 214
HIST 402 200
HIST 403 226
HIST 404 234
HIST 405 205
HIST 406 185
HIST 407 189
HIST 408 214
HIST 409 190
HIST 410 228
HIST 411 197
HIST 412 220
HIST 413 211
HIST 414 212
HIST 415 217
HIST 416 216
HIST 417 194
HIST 418 199
HIST 419 238
HIST 420 195
HIST 421 201
HIST 422 180
HIST 423 232
HIST 424 216
HIST 425 201
HIST 426 209
HIST 427 194
HIST 428 193
HIST 429 214
HIST 430 181
HIST 431 186
HIST 432 211
HIST 433 205
HIST 434 212
HIST 435 191
HIST 436 191
HIST 437 206
HIST 438 224
HIST 439 3587
HIST 440 195
HIST 441 208
HIST 442 215
HIST 443 203
HIST 444 190
HIST 445 188
HIST 446 234
HIST 447 189
HIST 448 199
HIST 449 196
HIST 450 199
HIST 451 195
HIST 452 209
HIST 453 198
HIST 454 204
HIST 455 218
HIST 456 194
HIST 457 193
HIST 458 196
HIST 459 211
HIST 460 204
HIST 461 200
HIST 462 205
HIST 463 210
HIST 464 190
HIST 465 228
HIST 466 197
HIST 467 187
HIST 468 191
HIST 469 216
HIST 470 199
HIST 471 209
HIST 472 196
HIST 473 210
HIST 474 179
HIST 475 209
HIST 476 226
HIST 477 202
HIST 478 207
HIST 479 211
HIST 480 176
HIST 481 180
HIST 482 212
HIST 483 203
HIST 484 195
HIST 485 172
HIST 486 197
HIST 487 191
HIST 488 202
HIST 489 199
HIST 490 177
HIST 491 184
HIST 492 187
HIST 493 194
HIST 494 202
HIST 495 206
HIST 496 225
HIST 497 191
HIST 498 218
HIST 499 182
HIST 500 191
HIST 501 201
HIST 502 204
HIST 503 219
HIST 504 198
HIST 505 177
HIST 506 210
HIST 507 197
HIST 508 176
HIST 509 173
HIST 510 198
HIST 511 235
HIST 512 210
HIST 513 166
HIST 514 176
HIST 515 204
HIST 516 203
HIST 517 197
HIST 518 187
HIST 519 191
HIST 520 196
HIST 521 169
HIST 522 199
HIST 523 207
HIST 524 187
HIST 525 187
HIST 526 205
HIST 527 168
HIST 528 190
HIST 529 183
HIST 530 177
HIST 531 202
HIST 532 194
HIST 533 173
HIST 534 178
HIST 535 176
HIST 536 165
HIST 537 200
HIST 538 185
HIST 539 187
HIST 540 193
HIST 541 167
HIST 542 202
HIST 543 180
HIST 544 199
HIST 545 160
HIST 546 190
HIST 547 204
HIST 548 177
HIST 549 188
HIST 550 198
HIST 551 196
HIST 552 178
HIST 553 202
HIST 554 186
HIST 555 171
HIST 556 199
HIST 557 185
HIST 558 195
HIST 559 154
HIST 560 191
HIST 561 172
HIST 562 182
HIST 563 180
HIST 564 197
HIST 565 197
HIST 566 192
HIST 567 168
HIST 568 181
HIST 569 207
HIST 570 169
HIST 571 203
HIST 572 188
HIST 573 163
HIST 574 177
HIST 575 186
HIST 576 206
HIST 577 180
HIST 578 195
HIST 579 185
HIST 580 174
HIST 581 185
HIST 582 199
HIST 583 196
HIST 584 179
HIST 585 186
HIST 586 188
HIST 587 220
HIST 588 165
HIST 589 201
HIST 590 156
HIST 591 200
HIST 592 198
HIST 593 193
HIST 594 179
HIST 595 173
HIST 596 197
HIST 597 152
HIST 598 178
HIST 599 190
HIST 600 166
HIST 601 151
HIST 602 190
HIST 603 163
HIST 604 175
HIST 605 143
HIST 606 166
HIST 607 196
HIST 608 176
HIST 609 186
HIST 610 181
HIST 611 183
HIST 612 166
HIST 613 175
HIST 614 184
HIST 615 172
HIST 616 198
HIST 617 197
HIST 618 166
HIST 619 174
HIST 620 203
HIST 621 176
HIST 622 197
HIST 623 174
HIST 624 170
HIST 625 164
HIST 626 194
HIST 627 153
HIST 628 211
HIST 629 197
HIST 630 188
HIST 631 171
HIST 632 180
HIST 633 182
HIST 634 195
HIST 635 175
HIST 636 182
HIST 637 164
HIST 638 175
HIST 639 179
HIST 640 162
HIST 641 167
HIST 642 185
HIST 643 189
HIST 644 153
HIST 645 185
HIST 646 155
HIST 647 176
HIST 648 179
HIST 649 166
HIST 650 175
HIST 651 196
HIST 652 165
HIST 653 206
HIST 654 190
HIST 655 166
HIST 656 196
HIST 657 176
HIST 658 207
HIST 659 168
HIST 660 164
HIST 661 158
HIST 662 192
HIST 663 174
HIST 664 158
HIST 665 158
HIST 666 182
HIST 667 177
HIST 668 190
HIST 669 189
HIST 670 172
HIST 671 158
HIST 672 176
HIST 673 177
HIST 674 170
HIST 675 196
HIST 676 162
HIST 677 170
HIST 678 160
HIST 679 183
HIST 680 200
HIST 681 190
HIST 682 158
HIST 683 187
HIST 684 154
HIST 685 189
HIST 686 175
HIST 687 201
HIST 688 183
HIST 689 187
HIST 690 184
HIST 691 170
HIST 692 171
HIST 693 180
HIST 694 168
HIST 695 187
HIST 696 179
HIST 697 163
HIST 698 176
HIST 699 186
HIST 700 172
HIST 701 185
HIST 702 167
HIST 703 181
HIST 704 181
HIST 705 183
HIST 706 166
HIST 707 179
HIST 708 172
HIST 709 196
HIST 710 160
HIST 711 178
HIST 712 153
HIST 713 179
HIST 714 161
HIST 715 160
HIST 716 181
HIST 717 197
HIST 718 185
HIST 719 158
HIST 720 191
HIST 721 158
HIST 722 194
HIST 723 153
HIST 724 153
HIST 725 166
HIST 726 195
HIST 727 183
HIST 728 179
HIST 729 176
HIST 730 158
HIST 731 192
HIST 732 181
HIST 733 180
HIST 734 172
HIST 735 181
HIST 736 178
HIST 737 171
HIST 738 176
HIST 739 187
HIST 740 184
HIST 741 139
HIST 742 177
HIST 743 185
HIST 744 188
HIST 745 163
HIST 746 171
HIST 747 186
HIST 748 173
HIST 749 177
HIST 750 180
HIST 751 201
HIST 752 193
HIST 753 176
HIST 754 192
HIST 755 165
HIST 756 183
HIST 757 184
HIST 758 178
HIST 759 173
HIST 760 184
HIST 761 200
HIST 762 172
HIST 763 155
HIST 764 197
HIST 765 173
HIST 766 186
HIST 767 175
HIST 768 174
HIST 769 169
HIST 770 177
HIST 771 182
HIST 772 172
HIST 773 186
HIST 774 163
HIST 775 171
HIST 776 170
HIST 777 174
HIST 778 180
HIST 779 197
HIST 780 186
HIST 781 161
HIST 782 187
HIST 783 157
HIST 784 169
HIST 785 171
HIST 786 183
HIST 787 159
HIST 788 176
HIST 789 173
HIST 790 151
HIST 791 170
HIST 792 171
HIST 793 179
HIST 794 183
HIST 795 154
HIST 796 180
HIST 797 175
HIST 798 178
HIST 799 162
HIST 800 176
HIST 801 174
HIST 802 192
HIST 803 177
HIST 804 187
HIST 805 183
HIST 806 182
HIST 807 159
HIST 808 167
HIST 809 177
HIST 810 180
HIST 811 188
HIST 812 158
HIST 813 181
HIST 814 163
HIST 815 172
HIST 816 176
HIST 817 168
HIST 818 178
HIST 819 197
HIST 820 205
HIST 821 166
HIST 822 178
HIST 823 199
HIST 824 190
HIST 825 179
HIST 826 192
HIST 827 184
HIST 828 185
HIST 829 208
HIST 830 174
HIST 831 156
HIST 832 167
HIST 833 168
HIST 834 185
HIST 835 182
HIST 836 178
HIST 837 157
HIST 838 187
HIST 839 191
HIST 840 175
HIST 841 150
HIST 842 170
HIST 843 179
HIST 844 207
HIST 845 168
HIST 846 171
HIST 847 183
HIST 848 203
HIST 849 181
HIST 850 176
HIST 851 170
HIST 852 161
HIST 853 181
HIST 854 169
HIST 855 177
HIST 856 148
HIST 857 187
HIST 858 185
HIST 859 189
HIST 860 166
HIST 861 163
HIST 862 176
HIST 863 187
HIST 864 186
HIST 865 184
HIST 866 187
HIST 867 187
HIST 868 199
HIST 869 190
HIST 870 162
HIST 871 175
HIST 872 176
HIST 873 168
HIST 874 206
HIST 875 187
HIST 876 179
HIST 877 183
HIST 878 158
HIST 879 147
HIST 880 191
HIST 881 183
HIST 882 181
HIST 883 180
HIST 884 201
HIST 885 159
HIST 886 167
HIST 887 204
HIST 888 193
HIST 889 182
HIST 890 184
HIST 891 181
HIST 892 189
HIST 893 183
HIST 894 189
HIST 895 179
HIST 896 153
HIST 897 177
HIST 898 187
HIST 899 174
HIST 900 182
HIST 901 179
HIST 902 184
HIST 903 186
HIST 904 186
HIST 905 175
HIST 906 186
HIST 907 189
HIST 908 169
HIST 909 194
HIST 910 174
HIST 911 184
HIST 912 192
HIST 913 180
HIST 914 193
HIST 915 197
HIST 916 193
HIST 917 165
HIST 918 224
HIST 919 195
HIST 920 181
HIST 921 182
HIST 922 183
HIST 923 188
HIST 924 176
HIST 925 186
HIST 926 195
HIST 927 200
HIST 928 169
HIST 929 177
HIST 930 210
HIST 931 182
HIST 932 186
HIST 933 185
HIST 934 168
HIST 935 178
HIST 936 205
HIST 937 191
HIST 938 181
HIST 939 168
HIST 940 214
HIST 941 190
HIST 942 203
HIST 943 182
HIST 944 180
HIST 945 189
HIST 946 183
HIST 947 189
HIST 948 186
HIST 949 191
HIST 950 695
HIST 951 185
HIST 952 181
HIST 953 190
HIST 954 193
HIST 955 180
HIST 956 208
HIST 957 190
HIST 958 204
HIST 959 203
HIST 960 181
HIST 961 171
HIST 962 195
HIST 963 172
HIST 964 184
HIST 965 183
HIST 966 183
HIST 967 208
HIST 968 184
HIST 969 178
HIST 970 204
HIST 971 181
HIST 972 187
HIST 973 190
HIST 974 224
HIST 975 201
HIST 976 196
HIST 977 182
HIST 978 187
HIST 979 193
HIST 980 185
HIST 981 202
HIST 982 212
HIST 983 172
HIST 984 210
HIST 985 197
HIST 986 188
HIST 987 205
HIST 988 192
HIST 989 205
HIST 990 217
HIST 991 206
HIST 992 197
HIST 993 192
HIST 994 199
HIST 995 214
HIST 996 202
HIST 997 210
HIST 998 185
HIST 999 188
HIST 1000 212
HIST 1001 191
HIST 1002 208
HIST 1003 200
HIST 1004 201
HIST 1005 197
HIST 1006 201
HIST 1007 204
HIST 1008 192
HIST 1009 212
HIST 1010 216
HIST 1011 205
HIST 1012 206
HIST 1013 181
HIST 1014 212
HIST 1015 186
HIST 1016 200
HIST 1017 177
HIST 1018 190
HIST 1019 209
HIST 1020 202
HIST 1021 207
HIST 1022 203
HIST 1023 192
HIST 1024 210
HIST 1025 201
HIST 1026 177
HIST 1027 205
HIST 1028 184
HIST 1029 192
HIST 1030 194
HIST 1031 208
HIST 1032 222
HIST 1033 203
HIST 1034 201
HIST 1035 196
HIST 1036 203
HIST 1037 203
HIST 1038 178
HIST 1039 206
HIST 1040 210
HIST 1041 203
HIST 1042 195
HIST 1043 198
HIST 1044 199
HIST 1045 202
HIST 1046 194
HIST 1047 230
HIST 1048 185
HIST 1049 209
HIST 1050 215
HIST 1051 236
HIST 1052 214
HIST 1053 196
HIST 1054 240
HIST 1055 237
HIST 1056 220
HIST 1057 207
HIST 1058 216
HIST 1059 201
HIST 1060 241
HIST 1061 215
HIST 1062 219
HIST 1063 193
HIST 1064 199
HIST 1065 235
HIST 1066 220
HIST 1067 222
HIST 1068 198
HIST 1069 212
HIST 1070 216
HIST 1071 211
HIST 1072 215
HIST 1073 227
HIST 1074 228
HIST 1075 229
HIST 1076 218
HIST 1077 229
HIST 1078 230
HIST 1079 219
HIST 1080 258
HIST 1081 220
HIST 1082 209
HIST 1083 224
HIST 1084 216
HIST 1085 228
HIST 1086 200
HIST 1087 220
HIST 1088 212
HIST 1089 242
HIST 1090 215
HIST 1091 221
HIST 1092 228
HIST 1093 237
HIST 1094 240
HIST 1095 201
HIST 1096 246
HIST 1097 233
HIST 1098 220
HIST 1099 253
HIST 1100 260
HIST 1101 214
HIST 1102 215
HIST 1103 236
HIST 1104 229
HIST 1105 220
HIST 1106 242
HIST 1107 183
HIST 1108 241
HIST 1109 236
HIST 1110 256
HIST 1111 230
HIST 1112 198
HIST 1113 217
HIST 1114 241
HIST 1115 230
HIST 1116 238
HIST 1117 256
HIST 1118 235
HIST 1119 237
HIST 1120 211
HIST 1121 232
HIST 1122 268
HIST 1123 246
HIST 1124 228
HIST 1125 243
HIST 1126 255
HIST 1127 265
HIST 1128 231
HIST 1129 261
HIST 1130 275
HIST 1131 254
HIST 1132 247
HIST 1133 226
HIST 1134 246
HIST 1135 246
HIST 1136 245
HIST 1137 269
HIST 1138 263
HIST 1139 275
HIST 1140 263
HIST 1141 264
HIST 1142 259
HIST 1143 266
HIST 1144 266
HIST 1145 268
HIST 1146 236
HIST 1147 262
HIST 1148 257
HIST 1149 254
HIST 1150 264
HIST 1151 266
HIST 1152 264
HIST 1153 231
HIST 1154 287
HIST 1155 249
HIST 1156 303
HIST 1157 258
HIST 1158 268
HIST 1159 239
HIST 1160 245
HIST 1161 268
HIST 1162 261
HIST 1163 261
HIST 1164 280
HIST 1165 266
HIST 1166 265
HIST 1167 249
HIST 1168 267
HIST 1169 252
HIST 1170 274
HIST 1171 272
HIST 1172 282
HIST 1173 270
HIST 1174 276
HIST 1175 300
HIST 1176 248
HIST 1177 273
HIST 1178 281
HIST 1179 283
HIST 1180 283
HIST 1181 230
HIST 1182 247
HIST 1183 244
HIST 1184 315
HIST 1185 328
HIST 1186 288
HIST 1187 279
HIST 1188 279
HIST 1189 294
HIST 1190 286
HIST 1191 292
HIST 1192 299
HIST 1193 317
HIST 1194 294
HIST 1195 277
HIST 1196 278
HIST 1197 281
HIST 1198 310
HIST 1199 308
HIST 1200 298
HIST 1201 295
HIST 1202 269
HIST 1203 322
HIST 1204 314
HIST 1205 325
HIST 1206 305
HIST 1207 313
HIST 1208 309
HIST 1209 320
HIST 1210 273
HIST 1211 311
HIST 1212 285
HIST 1213 291
HIST 1214 301
HIST 1215 299
HIST 1216 312
HIST 1217 289
HIST 1218 314
HIST 1219 319
HIST 1220 324
HIST 1221 313
HIST 1222 310
HIST 1223 328
HIST 1224 273
HIST 1225 342
HIST 1226 298
HIST 1227 323
HIST 1228 303
HIST 1229 313
HIST 1230 313
HIST 1231 302
HIST 1232 311
HIST 1233 316
HIST 1234 339
HIST 1235 311
HIST 1236 359
HIST 1237 283
HIST 1238 298
HIST 1239 288
HIST 1240 257
HIST 1241 266
HIST 1242 270
HIST 1243 237
HIST 1244 206
HIST 1245 179
HIST 1246 140
HIST 1247 148
HIST 1248 119
HIST 1249 117
HIST 1250 123
HIST 1251 108
HIST 1252 98
HIST 1253 99
HIST 1254 93
HIST 1255 76
HIST 1256 90
HIST 1257 92
HIST 1258 98
HIST 1259 105
HIST 1260 81
HIST 1261 68
HIST 1262 78
HIST 1263 68
HIST 1264 73
HIST 1265 84
HIST 1266 68
HIST 1267 66
HIST 1268 76
HIST 1269 61
HIST 1270 47
HIST 1271 56
HIST 1272 65
HIST 1273 51
HIST 1274 48
HIST 1275 70
HIST 1276 52
HIST 1277 48
HIST 1278 64
HIST 1279 54
HIST 1280 65
HIST 1281 47
HIST 1282 69
HIST 1283 54
HIST 1284 57
HIST 1285 52
HIST 1286 50
HIST 1287 51
HIST 1288 53
HIST 1289 39
HIST 1290 47
HIST 1291 50
HIST 1292 35
HIST 1293 42
HIST 1294 42
HIST 1295 44
HIST 1296 36
HIST 1297 46
HIST 1298 40
HIST 1299 46
HIST 1300 45
HIST 1301 50
HIST 1302 41
HIST 1303 38
HIST 1304 45
HIST 1305 34
HIST 1306 30
HIST 1307 30
HIST 1308 47
HIST 1309 36
HIST 1310 39
HIST 1311 36
HIST 1312 36
HIST 1313 42
HIST 1314 30
HIST 1315 28
HIST 1316 31
HIST 1317 20
HIST 1318 25
HIST 1319 31
HIST 1320 25
HIST 1321 40
HIST 1322 27
HIST 1323 35
HIST 1324 28
HIST 1325 20
HIST 1326 21
HIST 1327 22
HIST 1328 18
HIST 1329 25
HIST 1330 19
HIST 1331 26
HIST 1332 18
HIST 1333 18
HIST 1334 27
HIST 1335 15
HIST 1336 14
HIST 1337 18
HIST 1338 19
HIST 1339 14
HIST 1340 27
HIST 1341 22
HIST 1342 12
HIST 1343 12
HIST 1344 14
HIST 1345 13
HIST 1346 6
HIST 1347 15
HIST 1348 22
HIST 1349 18
HIST 1350 15
HIST 1351 9
HIST 1352 19
HIST 1353 15
HIST 1354 14
HIST 1355 9
HIST 1356 11
HIST 1357 13
HIST 1358 10
HIST 1359 13
HIST 1360 6
HIST 1361 10
HIST 1362 14
HIST 1363 13
HIST 1364 7
HIST 1365 13
HIST 1366 8
HIST 1367 9
HIST 1368 9
HIST 1369 3
HIST 1370 9
HIST 1371 1
HIST 1372 12
HIST 1373 9
HIST 1374 6
HIST 1375 8
HIST 1376 4
HIST 1377 3
HIST 1378 3
HIST 1379 8
HIST 1380 5
HIST 1381 5
HIST 1382 9
HIST 1383 3
HIST 1384 8
HIST 1385 4
HIST 1386 7
HIST 1387 5
HIST 1388 5
HIST 1389 7
HIST 1390 5
HIST 1391 2
HIST 1392 2
HIST 1393 5
HIST 1394 6
HIST 1395 5
HIST 1396 4
HIST 1397 3
HIST 1398 4
HIST 1399 4
HIST 1400 9
HIST 1401 5
HIST 1402 6
HIST 1403 4
HIST 1404 4
HIST 1405 3
HIST 1406 2
HIST 1407 3
HIST 1408 5
HIST 1409 3
HIST 1410 3
HIST 1411 4
HIST 1412 1
HIST 1413 4
HIST 1414 1
HIST 1415 1
HIST 1416 7
HIST 1417 3
HIST 1419 1
HIST 1420 1
HIST 1421 2
HIST 1422 3
HIST 1424 4
HIST 1425 3
HIST 1426 24
HIST 1427 3
HIST 1428 16
HIST 1429 45
HIST 1430 207
HIST 1431 1
HIST 1432 97
HIST 1433 64
HIST 1434 4
HIST 1435 3
HIST 1436 2
HIST 1437 1
HIST 1440 2
HIST 1441 2
HIST 1442 1
HIST 1443 1
HIST 1445 1
HIST 1446 1
HIST 1447 1
HIST 1450 1
HIST 1451 1
HIST 1453 1
HIST 1454 1
HIST 1457 1
HIST 1458 13
HIST 1459 5
HIST 1460 2
HIST 1461 26194
HISTEND
