область 3 целиком затенена областью 2 — выброшена (в сцене симулятора она тоже недостижима)
SETUP correlatedGamma=0 twoJmax=10 vacuum=1 seed=0 killesc=0 killcarry=0
CUTS (production thresholds per material couple):
 Material : G4_Galactic
 Range cuts        :  gamma  1 mm     e-  1 mm     e+  1 mm  proton 1 mm 
 Energy thresholds :  gamma  990 eV     e-  990 eV     e+  990 eV  proton 100 keV
 Material : scene_mat_3
 Range cuts        :  gamma  1 mm     e-  1 mm     e+  1 mm  proton 1 mm 
 Energy thresholds :  gamma  6.91691 keV    e-  597.603 keV    e+  574.29 keV proton 100 keV
 Material : scene_mat_1
 Range cuts        :  gamma  1 mm     e-  1 mm     e+  1 mm  proton 1 mm 
 Energy thresholds :  gamma  4.39533 keV    e-  541.252 keV    e+  522.087 keV proton 100 keV
 Material : scene_mat_0
 Range cuts        :  gamma  1 mm     e-  1 mm     e+  1 mm  proton 1 mm 
 Energy thresholds :  gamma  38.4662 keV    e-  692.485 keV    e+  658.149 keV proton 100 keV
RESULT decays=20000000
RESULT any=1112747 eps_total=5.563735e-02
RESULT window=661.657 counts=247496 eps=1.237480e-02
HISTBEGIN bins=663 bin_kev=1.000000 decays=20000000
HIST 0 532
HIST 1 1715
HIST 2 1844
HIST 3 1899
HIST 4 1837
HIST 5 1966
HIST 6 2149
HIST 7 2179
HIST 8 2225
HIST 9 2074
HIST 10 2095
HIST 11 2116
HIST 12 2299
HIST 13 2123
HIST 14 2110
HIST 15 2085
HIST 16 2167
HIST 17 2160
HIST 18 2140
HIST 19 2046
HIST 20 2086
HIST 21 2145
HIST 22 2135
HIST 23 2124
HIST 24 2125
HIST 25 1965
HIST 26 2129
HIST 27 2056
HIST 28 2102
HIST 29 2031
HIST 30 2126
HIST 31 2104
HIST 32 1992
HIST 33 2092
HIST 34 2051
HIST 35 2012
HIST 36 2078
HIST 37 2004
HIST 38 2013
HIST 39 2077
HIST 40 2105
HIST 41 2008
HIST 42 2090
HIST 43 2033
HIST 44 2057
HIST 45 1990
HIST 46 1973
HIST 47 1938
HIST 48 2026
HIST 49 2016
HIST 50 1961
HIST 51 2044
HIST 52 2065
HIST 53 1963
HIST 54 1945
HIST 55 2019
HIST 56 2080
HIST 57 2014
HIST 58 2007
HIST 59 1967
HIST 60 1926
HIST 61 1990
HIST 62 2004
HIST 63 1895
HIST 64 1957
HIST 65 1985
HIST 66 1853
HIST 67 1981
HIST 68 1921
HIST 69 1917
HIST 70 1859
HIST 71 1833
HIST 72 1915
HIST 73 1956
HIST 74 1891
HIST 75 1899
HIST 76 1874
HIST 77 1906
HIST 78 1921
HIST 79 1884
HIST 80 1854
HIST 81 1882
HIST 82 1887
HIST 83 1878
HIST 84 1934
HIST 85 1873
HIST 86 1850
HIST 87 1888
HIST 88 1939
HIST 89 1874
HIST 90 1821
HIST 91 1865
HIST 92 1821
HIST 93 1837
HIST 94 1855
HIST 95 1915
HIST 96 1840
HIST 97 1808
HIST 98 1781
HIST 99 1824
HIST 100 1717
HIST 101 1767
HIST 102 1785
HIST 103 1839
HIST 104 1825
HIST 105 1737
HIST 106 1831
HIST 107 1808
HIST 108 1794
HIST 109 1740
HIST 110 1848
HIST 111 1720
HIST 112 1742
HIST 113 1723
HIST 114 1806
HIST 115 1754
HIST 116 1793
HIST 117 1861
HIST 118 1845
HIST 119 1812
HIST 120 1768
HIST 121 1815
HIST 122 1795
HIST 123 1754
HIST 124 1704
HIST 125 1728
HIST 126 1796
HIST 127 1815
HIST 128 1771
HIST 129 1741
HIST 130 1754
HIST 131 1760
HIST 132 1762
HIST 133 1747
HIST 134 1745
HIST 135 1678
HIST 136 1781
HIST 137 1666
HIST 138 1722
HIST 139 1775
HIST 140 1733
HIST 141 1739
HIST 142 1676
HIST 143 1737
HIST 144 1705
HIST 145 1732
HIST 146 1694
HIST 147 1635
HIST 148 1738
HIST 149 1681
HIST 150 1682
HIST 151 1729
HIST 152 1733
HIST 153 1676
HIST 154 1678
HIST 155 1699
HIST 156 1678
HIST 157 1718
HIST 158 1690
HIST 159 1746
HIST 160 1657
HIST 161 1691
HIST 162 1645
HIST 163 1662
HIST 164 1764
HIST 165 1683
HIST 166 1799
HIST 167 1677
HIST 168 1751
HIST 169 1720
HIST 170 1624
HIST 171 1637
HIST 172 1680
HIST 173 1643
HIST 174 1610
HIST 175 1672
HIST 176 1698
HIST 177 1730
HIST 178 1684
HIST 179 1704
HIST 180 1687
HIST 181 1680
HIST 182 1770
HIST 183 1811
HIST 184 1798
HIST 185 1929
HIST 186 1994
HIST 187 2003
HIST 188 1990
HIST 189 2123
HIST 190 2172
HIST 191 2129
HIST 192 2095
HIST 193 2114
HIST 194 2163
HIST 195 2131
HIST 196 2149
HIST 197 2020
HIST 198 2040
HIST 199 2149
HIST 200 2159
HIST 201 2177
HIST 202 2078
HIST 203 2049
HIST 204 2033
HIST 205 2111
HIST 206 1937
HIST 207 2013
HIST 208 2047
HIST 209 1972
HIST 210 2004
HIST 211 1994
HIST 212 2024
HIST 213 2008
HIST 214 1962
HIST 215 2067
HIST 216 1939
HIST 217 1984
HIST 218 1920
HIST 219 1944
HIST 220 1942
HIST 221 1924
HIST 222 1980
HIST 223 1878
HIST 224 1900
HIST 225 1962
HIST 226 1881
HIST 227 1945
HIST 228 1841
HIST 229 1894
HIST 230 1826
HIST 231 1812
HIST 232 1799
HIST 233 1869
HIST 234 1875
HIST 235 1789
HIST 236 1896
HIST 237 1893
HIST 238 1852
HIST 239 1804
HIST 240 1827
HIST 241 1858
HIST 242 1781
HIST 243 1784
HIST 244 1799
HIST 245 1798
HIST 246 1779
HIST 247 1818
HIST 248 1730
HIST 249 1738
HIST 250 1749
HIST 251 1654
HIST 252 1729
HIST 253 1695
HIST 254 1619
HIST 255 1681
HIST 256 1766
HIST 257 1661
HIST 258 1708
HIST 259 1659
HIST 260 1601
HIST 261 1628
HIST 262 1704
HIST 263 1668
HIST 264 1654
HIST 265 1620
HIST 266 1634
HIST 267 1586
HIST 268 1645
HIST 269 1538
HIST 270 1672
HIST 271 1572
HIST 272 1566
HIST 273 1621
HIST 274 1611
HIST 275 1594
HIST 276 1563
HIST 277 1535
HIST 278 1547
HIST 279 1564
HIST 280 1582
HIST 281 1567
HIST 282 1583
HIST 283 1549
HIST 284 1605
HIST 285 1529
HIST 286 1550
HIST 287 1551
HIST 288 1567
HIST 289 1573
HIST 290 1560
HIST 291 1524
HIST 292 1564
HIST 293 1501
HIST 294 1483
HIST 295 1544
HIST 296 1503
HIST 297 1569
HIST 298 1492
HIST 299 1536
HIST 300 1565
HIST 301 1456
HIST 302 1616
HIST 303 1507
HIST 304 1549
HIST 305 1469
HIST 306 1500
HIST 307 1575
HIST 308 1405
HIST 309 1535
HIST 310 1467
HIST 311 1527
HIST 312 1470
HIST 313 1551
HIST 314 1620
HIST 315 1439
HIST 316 1516
HIST 317 1553
HIST 318 1443
HIST 319 1511
HIST 320 1463
HIST 321 1494
HIST 322 1492
HIST 323 1406
HIST 324 1498
HIST 325 1554
HIST 326 1443
HIST 327 1475
HIST 328 1510
HIST 329 1496
HIST 330 1438
HIST 331 1459
HIST 332 1485
HIST 333 1464
HIST 334 1484
HIST 335 1487
HIST 336 1418
HIST 337 1498
HIST 338 1526
HIST 339 1413
HIST 340 1438
HIST 341 1476
HIST 342 1455
HIST 343 1484
HIST 344 1443
HIST 345 1486
HIST 346 1475
HIST 347 1530
HIST 348 1495
HIST 349 1443
HIST 350 1394
HIST 351 1442
HIST 352 1485
HIST 353 1415
HIST 354 1448
HIST 355 1436
HIST 356 1481
HIST 357 1507
HIST 358 1387
HIST 359 1497
HIST 360 1417
HIST 361 1446
HIST 362 1484
HIST 363 1470
HIST 364 1462
HIST 365 1418
HIST 366 1439
HIST 367 1395
HIST 368 1476
HIST 369 1527
HIST 370 1440
HIST 371 1461
HIST 372 1514
HIST 373 1486
HIST 374 1493
HIST 375 1500
HIST 376 1523
HIST 377 1474
HIST 378 1456
HIST 379 1455
HIST 380 1466
HIST 381 1506
HIST 382 1479
HIST 383 1494
HIST 384 1527
HIST 385 1539
HIST 386 1533
HIST 387 1517
HIST 388 1470
HIST 389 1502
HIST 390 1475
HIST 391 1444
HIST 392 1503
HIST 393 1560
HIST 394 1488
HIST 395 1534
HIST 396 1506
HIST 397 1549
HIST 398 1460
HIST 399 1579
HIST 400 1506
HIST 401 1548
HIST 402 1547
HIST 403 1500
HIST 404 1522
HIST 405 1573
HIST 406 1611
HIST 407 1471
HIST 408 1580
HIST 409 1490
HIST 410 1527
HIST 411 1488
HIST 412 1570
HIST 413 1534
HIST 414 1652
HIST 415 1536
HIST 416 1477
HIST 417 1550
HIST 418 1575
HIST 419 1652
HIST 420 1596
HIST 421 1629
HIST 422 1632
HIST 423 1553
HIST 424 1586
HIST 425 1675
HIST 426 1616
HIST 427 1571
HIST 428 1685
HIST 429 1721
HIST 430 1669
HIST 431 1733
HIST 432 1710
HIST 433 1682
HIST 434 1677
HIST 435 1696
HIST 436 1656
HIST 437 1591
HIST 438 1668
HIST 439 1626
HIST 440 1697
HIST 441 1671
HIST 442 1634
HIST 443 1675
HIST 444 1662
HIST 445 1645
HIST 446 1724
HIST 447 1638
HIST 448 1804
HIST 449 1753
HIST 450 1748
HIST 451 1693
HIST 452 1711
HIST 453 1705
HIST 454 1760
HIST 455 1724
HIST 456 1798
HIST 457 1779
HIST 458 1782
HIST 459 1854
HIST 460 1695
HIST 461 1803
HIST 462 1738
HIST 463 1787
HIST 464 1779
HIST 465 1825
HIST 466 1757
HIST 467 1703
HIST 468 1808
HIST 469 1754
HIST 470 1746
HIST 471 1766
HIST 472 1741
HIST 473 1690
HIST 474 1730
HIST 475 1622
HIST 476 1497
HIST 477 1258
HIST 478 1082
HIST 479 985
HIST 480 818
HIST 481 714
HIST 482 704
HIST 483 604
HIST 484 631
HIST 485 583
HIST 486 598
HIST 487 554
HIST 488 511
HIST 489 480
HIST 490 441
HIST 491 480
HIST 492 446
HIST 493 429
HIST 494 422
HIST 495 400
HIST 496 369
HIST 497 371
HIST 498 360
HIST 499 356
HIST 500 370
HIST 501 354
HIST 502 315
HIST 503 324
HIST 504 279
HIST 505 317
HIST 506 288
HIST 507 306
HIST 508 268
HIST 509 286
HIST 510 292
HIST 511 274
HIST 512 300
HIST 513 252
HIST 514 265
HIST 515 224
HIST 516 238
HIST 517 233
HIST 518 231
HIST 519 239
HIST 520 247
HIST 521 214
HIST 522 231
HIST 523 204
HIST 524 227
HIST 525 222
HIST 526 219
HIST 527 192
HIST 528 208
HIST 529 184
HIST 530 201
HIST 531 202
HIST 532 191
HIST 533 182
HIST 534 180
HIST 535 194
HIST 536 173
HIST 537 150
HIST 538 174
HIST 539 172
HIST 540 161
HIST 541 151
HIST 542 155
HIST 543 147
HIST 544 123
HIST 545 157
HIST 546 126
HIST 547 126
HIST 548 130
HIST 549 146
HIST 550 120
HIST 551 120
HIST 552 133
HIST 553 125
HIST 554 127
HIST 555 103
HIST 556 100
HIST 557 108
HIST 558 105
HIST 559 99
HIST 560 104
HIST 561 107
HIST 562 106
HIST 563 115
HIST 564 107
HIST 565 109
HIST 566 124
HIST 567 101
HIST 568 121
HIST 569 103
HIST 570 88
HIST 571 89
HIST 572 82
HIST 573 80
HIST 574 95
HIST 575 86
HIST 576 98
HIST 577 108
HIST 578 90
HIST 579 96
HIST 580 111
HIST 581 97
HIST 582 115
HIST 583 114
HIST 584 114
HIST 585 80
HIST 586 102
HIST 587 94
HIST 588 87
HIST 589 98
HIST 590 82
HIST 591 87
HIST 592 91
HIST 593 91
HIST 594 81
HIST 595 68
HIST 596 72
HIST 597 76
HIST 598 85
HIST 599 82
HIST 600 62
HIST 601 77
HIST 602 72
HIST 603 69
HIST 604 92
HIST 605 69
HIST 606 52
HIST 607 62
HIST 608 62
HIST 609 71
HIST 610 44
HIST 611 50
HIST 612 75
HIST 613 60
HIST 614 67
HIST 615 56
HIST 616 54
HIST 617 44
HIST 618 53
HIST 619 63
HIST 620 58
HIST 621 47
HIST 622 43
HIST 623 45
HIST 624 45
HIST 625 44
HIST 626 82
HIST 627 189
HIST 628 49
HIST 629 613
HIST 630 45
HIST 631 2305
HIST 632 45
HIST 633 1665
HIST 634 49
HIST 635 44
HIST 636 43
HIST 637 48
HIST 638 42
HIST 639 45
HIST 640 46
HIST 641 42
HIST 642 40
HIST 643 45
HIST 644 49
HIST 645 44
HIST 646 43
HIST 647 45
HIST 648 39
HIST 649 39
HIST 650 34
HIST 651 31
HIST 652 46
HIST 653 41
HIST 654 39
HIST 655 41
HIST 656 26
HIST 657 57
HIST 658 69
HIST 659 94
HIST 660 82
HIST 661 35
HIST 662 247489
HISTEND
