область 2 целиком затенена областью 1 — выброшена (в сцене симулятора она тоже недостижима)
SETUP correlatedGamma=0 twoJmax=10 vacuum=1 seed=0 killesc=0 killcarry=0
CUTS (production thresholds per material couple):
 Material : G4_Galactic
 Range cuts        :  gamma  1 mm     e-  1 mm     e+  1 mm  proton 1 mm 
 Energy thresholds :  gamma  990 eV     e-  990 eV     e+  990 eV  proton 100 keV
 Material : scene_mat_3
 Range cuts        :  gamma  1 mm     e-  1 mm     e+  1 mm  proton 1 mm 
 Energy thresholds :  gamma  6.91691 keV    e-  597.603 keV    e+  574.29 keV proton 100 keV
 Material : scene_mat_1
 Range cuts        :  gamma  1 mm     e-  1 mm     e+  1 mm  proton 1 mm 
 Energy thresholds :  gamma  4.39533 keV    e-  541.252 keV    e+  522.087 keV proton 100 keV
 Material : scene_mat_0
 Range cuts        :  gamma  1 mm     e-  1 mm     e+  1 mm  proton 1 mm 
 Energy thresholds :  gamma  38.4662 keV    e-  692.485 keV    e+  658.149 keV proton 100 keV
RESULT decays=20000000
RESULT any=1054113 eps_total=5.270565e-02
RESULT window=661.657 counts=260362 eps=1.301810e-02
HISTBEGIN bins=663 bin_kev=1.000000 decays=20000000
HIST 0 453
HIST 1 1464
HIST 2 1558
HIST 3 1638
HIST 4 1523
HIST 5 1737
HIST 6 1939
HIST 7 1896
HIST 8 1920
HIST 9 1801
HIST 10 1805
HIST 11 1938
HIST 12 1887
HIST 13 1844
HIST 14 1817
HIST 15 1810
HIST 16 1899
HIST 17 1942
HIST 18 1878
HIST 19 1849
HIST 20 1793
HIST 21 1876
HIST 22 1872
HIST 23 1808
HIST 24 1829
HIST 25 1775
HIST 26 1878
HIST 27 1691
HIST 28 1863
HIST 29 1800
HIST 30 1870
HIST 31 1903
HIST 32 1783
HIST 33 1836
HIST 34 1841
HIST 35 1852
HIST 36 1894
HIST 37 1872
HIST 38 1875
HIST 39 1871
HIST 40 1900
HIST 41 1800
HIST 42 1961
HIST 43 1865
HIST 44 1869
HIST 45 1838
HIST 46 1821
HIST 47 1718
HIST 48 1855
HIST 49 1821
HIST 50 1819
HIST 51 1889
HIST 52 1921
HIST 53 1803
HIST 54 1796
HIST 55 1773
HIST 56 1855
HIST 57 1839
HIST 58 1853
HIST 59 1820
HIST 60 1837
HIST 61 1801
HIST 62 1864
HIST 63 1816
HIST 64 1787
HIST 65 1800
HIST 66 1765
HIST 67 1899
HIST 68 1780
HIST 69 1782
HIST 70 1765
HIST 71 1690
HIST 72 1754
HIST 73 1859
HIST 74 1774
HIST 75 1835
HIST 76 1728
HIST 77 1815
HIST 78 1817
HIST 79 1749
HIST 80 1801
HIST 81 1787
HIST 82 1727
HIST 83 1767
HIST 84 1828
HIST 85 1706
HIST 86 1731
HIST 87 1751
HIST 88 1702
HIST 89 1742
HIST 90 1659
HIST 91 1681
HIST 92 1700
HIST 93 1670
HIST 94 1771
HIST 95 1787
HIST 96 1711
HIST 97 1636
HIST 98 1640
HIST 99 1703
HIST 100 1588
HIST 101 1680
HIST 102 1686
HIST 103 1710
HIST 104 1708
HIST 105 1642
HIST 106 1688
HIST 107 1678
HIST 108 1661
HIST 109 1664
HIST 110 1697
HIST 111 1650
HIST 112 1623
HIST 113 1641
HIST 114 1692
HIST 115 1587
HIST 116 1666
HIST 117 1666
HIST 118 1675
HIST 119 1671
HIST 120 1628
HIST 121 1747
HIST 122 1665
HIST 123 1625
HIST 124 1615
HIST 125 1608
HIST 126 1640
HIST 127 1682
HIST 128 1636
HIST 129 1640
HIST 130 1686
HIST 131 1568
HIST 132 1627
HIST 133 1658
HIST 134 1552
HIST 135 1559
HIST 136 1626
HIST 137 1559
HIST 138 1599
HIST 139 1647
HIST 140 1646
HIST 141 1608
HIST 142 1612
HIST 143 1648
HIST 144 1528
HIST 145 1596
HIST 146 1549
HIST 147 1557
HIST 148 1617
HIST 149 1575
HIST 150 1550
HIST 151 1619
HIST 152 1564
HIST 153 1533
HIST 154 1559
HIST 155 1589
HIST 156 1531
HIST 157 1585
HIST 158 1585
HIST 159 1586
HIST 160 1503
HIST 161 1520
HIST 162 1554
HIST 163 1553
HIST 164 1626
HIST 165 1589
HIST 166 1601
HIST 167 1508
HIST 168 1523
HIST 169 1577
HIST 170 1513
HIST 171 1512
HIST 172 1579
HIST 173 1511
HIST 174 1572
HIST 175 1609
HIST 176 1606
HIST 177 1584
HIST 178 1602
HIST 179 1589
HIST 180 1523
HIST 181 1592
HIST 182 1694
HIST 183 1666
HIST 184 1717
HIST 185 1815
HIST 186 1905
HIST 187 1905
HIST 188 1927
HIST 189 2049
HIST 190 1981
HIST 191 1913
HIST 192 1940
HIST 193 1949
HIST 194 1903
HIST 195 1870
HIST 196 1889
HIST 197 1808
HIST 198 1815
HIST 199 1876
HIST 200 1832
HIST 201 1819
HIST 202 1747
HIST 203 1765
HIST 204 1837
HIST 205 1758
HIST 206 1734
HIST 207 1691
HIST 208 1842
HIST 209 1693
HIST 210 1695
HIST 211 1711
HIST 212 1751
HIST 213 1660
HIST 214 1672
HIST 215 1725
HIST 216 1661
HIST 217 1632
HIST 218 1640
HIST 219 1700
HIST 220 1647
HIST 221 1676
HIST 222 1588
HIST 223 1568
HIST 224 1565
HIST 225 1679
HIST 226 1589
HIST 227 1606
HIST 228 1566
HIST 229 1594
HIST 230 1523
HIST 231 1539
HIST 232 1558
HIST 233 1533
HIST 234 1549
HIST 235 1496
HIST 236 1594
HIST 237 1599
HIST 238 1560
HIST 239 1558
HIST 240 1605
HIST 241 1506
HIST 242 1484
HIST 243 1486
HIST 244 1422
HIST 245 1513
HIST 246 1482
HIST 247 1578
HIST 248 1526
HIST 249 1541
HIST 250 1440
HIST 251 1427
HIST 252 1532
HIST 253 1524
HIST 254 1380
HIST 255 1474
HIST 256 1526
HIST 257 1403
HIST 258 1425
HIST 259 1440
HIST 260 1367
HIST 261 1412
HIST 262 1483
HIST 263 1453
HIST 264 1464
HIST 265 1430
HIST 266 1429
HIST 267 1346
HIST 268 1425
HIST 269 1412
HIST 270 1485
HIST 271 1376
HIST 272 1365
HIST 273 1438
HIST 274 1409
HIST 275 1378
HIST 276 1398
HIST 277 1378
HIST 278 1405
HIST 279 1391
HIST 280 1427
HIST 281 1460
HIST 282 1404
HIST 283 1406
HIST 284 1423
HIST 285 1389
HIST 286 1430
HIST 287 1423
HIST 288 1408
HIST 289 1391
HIST 290 1392
HIST 291 1323
HIST 292 1412
HIST 293 1355
HIST 294 1365
HIST 295 1389
HIST 296 1366
HIST 297 1438
HIST 298 1391
HIST 299 1411
HIST 300 1445
HIST 301 1355
HIST 302 1501
HIST 303 1374
HIST 304 1423
HIST 305 1362
HIST 306 1355
HIST 307 1418
HIST 308 1349
HIST 309 1355
HIST 310 1362
HIST 311 1327
HIST 312 1377
HIST 313 1415
HIST 314 1416
HIST 315 1354
HIST 316 1409
HIST 317 1403
HIST 318 1384
HIST 319 1354
HIST 320 1326
HIST 321 1313
HIST 322 1332
HIST 323 1322
HIST 324 1368
HIST 325 1412
HIST 326 1292
HIST 327 1429
HIST 328 1414
HIST 329 1362
HIST 330 1323
HIST 331 1378
HIST 332 1348
HIST 333 1364
HIST 334 1360
HIST 335 1370
HIST 336 1328
HIST 337 1398
HIST 338 1365
HIST 339 1362
HIST 340 1305
HIST 341 1388
HIST 342 1368
HIST 343 1391
HIST 344 1312
HIST 345 1403
HIST 346 1398
HIST 347 1403
HIST 348 1400
HIST 349 1383
HIST 350 1325
HIST 351 1385
HIST 352 1356
HIST 353 1333
HIST 354 1334
HIST 355 1368
HIST 356 1401
HIST 357 1433
HIST 358 1302
HIST 359 1381
HIST 360 1317
HIST 361 1372
HIST 362 1367
HIST 363 1393
HIST 364 1363
HIST 365 1400
HIST 366 1412
HIST 367 1310
HIST 368 1396
HIST 369 1446
HIST 370 1360
HIST 371 1395
HIST 372 1457
HIST 373 1439
HIST 374 1430
HIST 375 1440
HIST 376 1450
HIST 377 1441
HIST 378 1426
HIST 379 1407
HIST 380 1380
HIST 381 1482
HIST 382 1399
HIST 383 1482
HIST 384 1441
HIST 385 1504
HIST 386 1478
HIST 387 1461
HIST 388 1395
HIST 389 1425
HIST 390 1464
HIST 391 1457
HIST 392 1472
HIST 393 1471
HIST 394 1422
HIST 395 1522
HIST 396 1464
HIST 397 1516
HIST 398 1401
HIST 399 1508
HIST 400 1487
HIST 401 1491
HIST 402 1462
HIST 403 1443
HIST 404 1504
HIST 405 1548
HIST 406 1553
HIST 407 1444
HIST 408 1559
HIST 409 1463
HIST 410 1468
HIST 411 1504
HIST 412 1517
HIST 413 1484
HIST 414 1638
HIST 415 1515
HIST 416 1536
HIST 417 1497
HIST 418 1542
HIST 419 1639
HIST 420 1646
HIST 421 1608
HIST 422 1632
HIST 423 1562
HIST 424 1550
HIST 425 1626
HIST 426 1600
HIST 427 1596
HIST 428 1721
HIST 429 1665
HIST 430 1600
HIST 431 1715
HIST 432 1685
HIST 433 1632
HIST 434 1680
HIST 435 1719
HIST 436 1684
HIST 437 1574
HIST 438 1635
HIST 439 1620
HIST 440 1687
HIST 441 1674
HIST 442 1626
HIST 443 1693
HIST 444 1665
HIST 445 1676
HIST 446 1810
HIST 447 1671
HIST 448 1784
HIST 449 1733
HIST 450 1774
HIST 451 1742
HIST 452 1687
HIST 453 1735
HIST 454 1803
HIST 455 1739
HIST 456 1848
HIST 457 1842
HIST 458 1807
HIST 459 1828
HIST 460 1761
HIST 461 1708
HIST 462 1765
HIST 463 1825
HIST 464 1837
HIST 465 1884
HIST 466 1819
HIST 467 1821
HIST 468 1901
HIST 469 1783
HIST 470 1761
HIST 471 1737
HIST 472 1747
HIST 473 1754
HIST 474 1737
HIST 475 1731
HIST 476 1581
HIST 477 1347
HIST 478 1120
HIST 479 948
HIST 480 805
HIST 481 743
HIST 482 687
HIST 483 613
HIST 484 631
HIST 485 588
HIST 486 530
HIST 487 508
HIST 488 440
HIST 489 449
HIST 490 464
HIST 491 447
HIST 492 408
HIST 493 352
HIST 494 360
HIST 495 369
HIST 496 354
HIST 497 375
HIST 498 326
HIST 499 324
HIST 500 335
HIST 501 328
HIST 502 308
HIST 503 297
HIST 504 259
HIST 505 286
HIST 506 285
HIST 507 256
HIST 508 233
HIST 509 250
HIST 510 269
HIST 511 239
HIST 512 248
HIST 513 225
HIST 514 227
HIST 515 200
HIST 516 191
HIST 517 218
HIST 518 182
HIST 519 205
HIST 520 197
HIST 521 178
HIST 522 175
HIST 523 159
HIST 524 160
HIST 525 148
HIST 526 153
HIST 527 151
HIST 528 161
HIST 529 160
HIST 530 158
HIST 531 123
HIST 532 162
HIST 533 135
HIST 534 125
HIST 535 126
HIST 536 115
HIST 537 131
HIST 538 107
HIST 539 118
HIST 540 127
HIST 541 110
HIST 542 117
HIST 543 106
HIST 544 105
HIST 545 76
HIST 546 68
HIST 547 80
HIST 548 88
HIST 549 73
HIST 550 81
HIST 551 85
HIST 552 64
HIST 553 79
HIST 554 64
HIST 555 63
HIST 556 66
HIST 557 62
HIST 558 58
HIST 559 51
HIST 560 52
HIST 561 64
HIST 562 59
HIST 563 54
HIST 564 57
HIST 565 55
HIST 566 52
HIST 567 35
HIST 568 41
HIST 569 53
HIST 570 40
HIST 571 48
HIST 572 34
HIST 573 39
HIST 574 45
HIST 575 32
HIST 576 39
HIST 577 36
HIST 578 37
HIST 579 32
HIST 580 36
HIST 581 26
HIST 582 39
HIST 583 32
HIST 584 39
HIST 585 26
HIST 586 38
HIST 587 37
HIST 588 30
HIST 589 26
HIST 590 41
HIST 591 35
HIST 592 32
HIST 593 35
HIST 594 20
HIST 595 20
HIST 596 16
HIST 597 23
HIST 598 24
HIST 599 21
HIST 600 32
HIST 601 38
HIST 602 24
HIST 603 21
HIST 604 15
HIST 605 24
HIST 606 19
HIST 607 16
HIST 608 10
HIST 609 18
HIST 610 17
HIST 611 16
HIST 612 14
HIST 613 12
HIST 614 16
HIST 615 11
HIST 616 6
HIST 617 14
HIST 618 8
HIST 619 18
HIST 620 10
HIST 621 15
HIST 622 10
HIST 623 8
HIST 624 8
HIST 625 3
HIST 626 43
HIST 627 156
HIST 628 3
HIST 629 650
HIST 630 13
HIST 631 2473
HIST 632 15
HIST 633 1843
HIST 634 20
HIST 635 14
HIST 636 8
HIST 637 13
HIST 638 9
HIST 639 10
HIST 640 4
HIST 641 13
HIST 642 9
HIST 643 3
HIST 644 7
HIST 645 3
HIST 646 5
HIST 647 2
HIST 648 2
HIST 649 3
HIST 650 3
HIST 651 2
HIST 652 6
HIST 653 6
HIST 654 6
HIST 655 3
HIST 656 2
HIST 657 11
HIST 658 9
HIST 659 25
HIST 660 24
HIST 661 9
HIST 662 260360
HISTEND
