область 3 целиком затенена областью 2 — выброшена (в сцене симулятора она тоже недостижима)
SETUP correlatedGamma=0 twoJmax=10 vacuum=1 seed=0 killesc=0 killcarry=0
CUTS (production thresholds per material couple):
 Material : G4_Galactic
 Range cuts        :  gamma  1 mm     e-  1 mm     e+  1 mm  proton 1 mm 
 Energy thresholds :  gamma  990 eV     e-  990 eV     e+  990 eV  proton 100 keV
 Material : scene_mat_3
 Range cuts        :  gamma  1 mm     e-  1 mm     e+  1 mm  proton 1 mm 
 Energy thresholds :  gamma  6.91691 keV    e-  597.603 keV    e+  574.29 keV proton 100 keV
 Material : scene_mat_1
 Range cuts        :  gamma  1 mm     e-  1 mm     e+  1 mm  proton 1 mm 
 Energy thresholds :  gamma  4.39533 keV    e-  541.252 keV    e+  522.087 keV proton 100 keV
 Material : scene_mat_0
 Range cuts        :  gamma  1 mm     e-  1 mm     e+  1 mm  proton 1 mm 
 Energy thresholds :  gamma  38.4662 keV    e-  692.485 keV    e+  658.149 keV proton 100 keV
RESULT decays=20000000
RESULT any=780611 eps_total=3.903055e-02
RESULT window=1460.820 counts=60510 eps=3.025500e-03
HISTBEGIN bins=1462 bin_kev=1.000000 decays=20000000
HIST 0 299
HIST 1 711
HIST 2 757
HIST 3 770
HIST 4 756
HIST 5 829
HIST 6 891
HIST 7 853
HIST 8 882
HIST 9 836
HIST 10 892
HIST 11 875
HIST 12 918
HIST 13 948
HIST 14 860
HIST 15 900
HIST 16 925
HIST 17 948
HIST 18 924
HIST 19 894
HIST 20 855
HIST 21 899
HIST 22 950
HIST 23 914
HIST 24 901
HIST 25 947
HIST 26 893
HIST 27 877
HIST 28 856
HIST 29 878
HIST 30 830
HIST 31 892
HIST 32 876
HIST 33 832
HIST 34 906
HIST 35 840
HIST 36 867
HIST 37 792
HIST 38 886
HIST 39 861
HIST 40 808
HIST 41 824
HIST 42 770
HIST 43 792
HIST 44 825
HIST 45 800
HIST 46 788
HIST 47 810
HIST 48 828
HIST 49 809
HIST 50 823
HIST 51 804
HIST 52 790
HIST 53 777
HIST 54 774
HIST 55 778
HIST 56 775
HIST 57 741
HIST 58 775
HIST 59 790
HIST 60 761
HIST 61 769
HIST 62 741
HIST 63 730
HIST 64 776
HIST 65 739
HIST 66 748
HIST 67 730
HIST 68 748
HIST 69 812
HIST 70 803
HIST 71 766
HIST 72 789
HIST 73 724
HIST 74 744
HIST 75 771
HIST 76 711
HIST 77 719
HIST 78 707
HIST 79 697
HIST 80 768
HIST 81 705
HIST 82 714
HIST 83 721
HIST 84 691
HIST 85 731
HIST 86 773
HIST 87 730
HIST 88 673
HIST 89 678
HIST 90 696
HIST 91 740
HIST 92 706
HIST 93 747
HIST 94 749
HIST 95 696
HIST 96 699
HIST 97 766
HIST 98 665
HIST 99 705
HIST 100 673
HIST 101 703
HIST 102 708
HIST 103 704
HIST 104 646
HIST 105 658
HIST 106 705
HIST 107 652
HIST 108 682
HIST 109 702
HIST 110 671
HIST 111 697
HIST 112 695
HIST 113 684
HIST 114 707
HIST 115 637
HIST 116 667
HIST 117 670
HIST 118 692
HIST 119 668
HIST 120 707
HIST 121 697
HIST 122 705
HIST 123 666
HIST 124 655
HIST 125 664
HIST 126 664
HIST 127 675
HIST 128 652
HIST 129 683
HIST 130 693
HIST 131 672
HIST 132 646
HIST 133 661
HIST 134 651
HIST 135 661
HIST 136 693
HIST 137 705
HIST 138 683
HIST 139 624
HIST 140 664
HIST 141 646
HIST 142 685
HIST 143 641
HIST 144 678
HIST 145 663
HIST 146 617
HIST 147 623
HIST 148 641
HIST 149 631
HIST 150 669
HIST 151 674
HIST 152 709
HIST 153 673
HIST 154 642
HIST 155 699
HIST 156 636
HIST 157 638
HIST 158 619
HIST 159 658
HIST 160 620
HIST 161 633
HIST 162 615
HIST 163 664
HIST 164 667
HIST 165 694
HIST 166 649
HIST 167 648
HIST 168 586
HIST 169 638
HIST 170 644
HIST 171 607
HIST 172 668
HIST 173 648
HIST 174 673
HIST 175 667
HIST 176 603
HIST 177 613
HIST 178 667
HIST 179 632
HIST 180 628
HIST 181 615
HIST 182 620
HIST 183 655
HIST 184 609
HIST 185 611
HIST 186 599
HIST 187 597
HIST 188 658
HIST 189 623
HIST 190 631
HIST 191 617
HIST 192 612
HIST 193 601
HIST 194 626
HIST 195 659
HIST 196 620
HIST 197 611
HIST 198 596
HIST 199 624
HIST 200 631
HIST 201 582
HIST 202 652
HIST 203 625
HIST 204 591
HIST 205 603
HIST 206 601
HIST 207 617
HIST 208 626
HIST 209 626
HIST 210 632
HIST 211 600
HIST 212 630
HIST 213 646
HIST 214 599
HIST 215 583
HIST 216 624
HIST 217 657
HIST 218 732
HIST 219 670
HIST 220 735
HIST 221 740
HIST 222 735
HIST 223 770
HIST 224 784
HIST 225 754
HIST 226 792
HIST 227 731
HIST 228 708
HIST 229 751
HIST 230 722
HIST 231 731
HIST 232 719
HIST 233 725
HIST 234 771
HIST 235 764
HIST 236 745
HIST 237 747
HIST 238 722
HIST 239 771
HIST 240 723
HIST 241 748
HIST 242 709
HIST 243 752
HIST 244 683
HIST 245 749
HIST 246 737
HIST 247 701
HIST 248 707
HIST 249 684
HIST 250 722
HIST 251 715
HIST 252 731
HIST 253 687
HIST 254 697
HIST 255 658
HIST 256 743
HIST 257 669
HIST 258 743
HIST 259 695
HIST 260 708
HIST 261 696
HIST 262 733
HIST 263 688
HIST 264 691
HIST 265 708
HIST 266 675
HIST 267 707
HIST 268 679
HIST 269 638
HIST 270 670
HIST 271 654
HIST 272 664
HIST 273 652
HIST 274 675
HIST 275 640
HIST 276 683
HIST 277 644
HIST 278 656
HIST 279 643
HIST 280 683
HIST 281 647
HIST 282 667
HIST 283 669
HIST 284 692
HIST 285 621
HIST 286 625
HIST 287 597
HIST 288 659
HIST 289 653
HIST 290 638
HIST 291 656
HIST 292 629
HIST 293 622
HIST 294 647
HIST 295 642
HIST 296 634
HIST 297 595
HIST 298 632
HIST 299 598
HIST 300 631
HIST 301 593
HIST 302 604
HIST 303 638
HIST 304 590
HIST 305 581
HIST 306 611
HIST 307 603
HIST 308 616
HIST 309 614
HIST 310 602
HIST 311 617
HIST 312 585
HIST 313 608
HIST 314 576
HIST 315 619
HIST 316 627
HIST 317 616
HIST 318 588
HIST 319 579
HIST 320 626
HIST 321 588
HIST 322 589
HIST 323 591
HIST 324 558
HIST 325 590
HIST 326 584
HIST 327 608
HIST 328 581
HIST 329 592
HIST 330 532
HIST 331 609
HIST 332 615
HIST 333 557
HIST 334 574
HIST 335 586
HIST 336 588
HIST 337 554
HIST 338 580
HIST 339 589
HIST 340 542
HIST 341 569
HIST 342 582
HIST 343 547
HIST 344 559
HIST 345 557
HIST 346 564
HIST 347 565
HIST 348 583
HIST 349 559
HIST 350 538
HIST 351 569
HIST 352 571
HIST 353 578
HIST 354 564
HIST 355 552
HIST 356 530
HIST 357 585
HIST 358 596
HIST 359 576
HIST 360 549
HIST 361 572
HIST 362 534
HIST 363 564
HIST 364 593
HIST 365 523
HIST 366 569
HIST 367 537
HIST 368 545
HIST 369 561
HIST 370 550
HIST 371 573
HIST 372 535
HIST 373 523
HIST 374 549
HIST 375 542
HIST 376 566
HIST 377 556
HIST 378 541
HIST 379 557
HIST 380 535
HIST 381 569
HIST 382 545
HIST 383 542
HIST 384 567
HIST 385 553
HIST 386 539
HIST 387 521
HIST 388 552
HIST 389 507
HIST 390 525
HIST 391 498
HIST 392 542
HIST 393 553
HIST 394 531
HIST 395 543
HIST 396 570
HIST 397 536
HIST 398 541
HIST 399 549
HIST 400 571
HIST 401 515
HIST 402 541
HIST 403 543
HIST 404 549
HIST 405 484
HIST 406 516
HIST 407 548
HIST 408 495
HIST 409 522
HIST 410 557
HIST 411 484
HIST 412 541
HIST 413 560
HIST 414 529
HIST 415 537
HIST 416 516
HIST 417 519
HIST 418 509
HIST 419 518
HIST 420 502
HIST 421 493
HIST 422 470
HIST 423 543
HIST 424 544
HIST 425 504
HIST 426 512
HIST 427 545
HIST 428 470
HIST 429 533
HIST 430 515
HIST 431 474
HIST 432 547
HIST 433 501
HIST 434 542
HIST 435 492
HIST 436 480
HIST 437 511
HIST 438 519
HIST 439 8090
HIST 440 535
HIST 441 534
HIST 442 523
HIST 443 499
HIST 444 528
HIST 445 524
HIST 446 500
HIST 447 519
HIST 448 546
HIST 449 506
HIST 450 490
HIST 451 529
HIST 452 505
HIST 453 526
HIST 454 495
HIST 455 515
HIST 456 512
HIST 457 456
HIST 458 536
HIST 459 559
HIST 460 544
HIST 461 521
HIST 462 519
HIST 463 505
HIST 464 501
HIST 465 547
HIST 466 502
HIST 467 502
HIST 468 505
HIST 469 536
HIST 470 508
HIST 471 547
HIST 472 451
HIST 473 541
HIST 474 524
HIST 475 480
HIST 476 527
HIST 477 510
HIST 478 523
HIST 479 522
HIST 480 476
HIST 481 473
HIST 482 508
HIST 483 529
HIST 484 481
HIST 485 486
HIST 486 515
HIST 487 506
HIST 488 496
HIST 489 496
HIST 490 481
HIST 491 465
HIST 492 483
HIST 493 481
HIST 494 501
HIST 495 543
HIST 496 534
HIST 497 481
HIST 498 495
HIST 499 465
HIST 500 489
HIST 501 491
HIST 502 527
HIST 503 549
HIST 504 476
HIST 505 481
HIST 506 519
HIST 507 476
HIST 508 483
HIST 509 477
HIST 510 528
HIST 511 524
HIST 512 474
HIST 513 479
HIST 514 492
HIST 515 492
HIST 516 495
HIST 517 508
HIST 518 495
HIST 519 497
HIST 520 490
HIST 521 455
HIST 522 539
HIST 523 481
HIST 524 507
HIST 525 516
HIST 526 494
HIST 527 512
HIST 528 492
HIST 529 502
HIST 530 509
HIST 531 505
HIST 532 492
HIST 533 488
HIST 534 457
HIST 535 502
HIST 536 492
HIST 537 496
HIST 538 478
HIST 539 481
HIST 540 469
HIST 541 456
HIST 542 541
HIST 543 504
HIST 544 487
HIST 545 455
HIST 546 476
HIST 547 520
HIST 548 463
HIST 549 471
HIST 550 494
HIST 551 490
HIST 552 488
HIST 553 497
HIST 554 476
HIST 555 478
HIST 556 499
HIST 557 486
HIST 558 471
HIST 559 492
HIST 560 507
HIST 561 449
HIST 562 465
HIST 563 447
HIST 564 499
HIST 565 524
HIST 566 483
HIST 567 464
HIST 568 472
HIST 569 473
HIST 570 455
HIST 571 485
HIST 572 500
HIST 573 442
HIST 574 472
HIST 575 493
HIST 576 503
HIST 577 472
HIST 578 468
HIST 579 491
HIST 580 465
HIST 581 466
HIST 582 489
HIST 583 478
HIST 584 497
HIST 585 442
HIST 586 494
HIST 587 498
HIST 588 472
HIST 589 506
HIST 590 472
HIST 591 502
HIST 592 489
HIST 593 497
HIST 594 467
HIST 595 458
HIST 596 501
HIST 597 450
HIST 598 446
HIST 599 512
HIST 600 448
HIST 601 460
HIST 602 453
HIST 603 451
HIST 604 471
HIST 605 418
HIST 606 487
HIST 607 470
HIST 608 465
HIST 609 450
HIST 610 490
HIST 611 470
HIST 612 432
HIST 613 471
HIST 614 459
HIST 615 483
HIST 616 500
HIST 617 518
HIST 618 431
HIST 619 468
HIST 620 481
HIST 621 469
HIST 622 496
HIST 623 493
HIST 624 456
HIST 625 466
HIST 626 493
HIST 627 434
HIST 628 485
HIST 629 482
HIST 630 463
HIST 631 437
HIST 632 466
HIST 633 468
HIST 634 450
HIST 635 465
HIST 636 460
HIST 637 454
HIST 638 443
HIST 639 481
HIST 640 454
HIST 641 451
HIST 642 456
HIST 643 486
HIST 644 454
HIST 645 476
HIST 646 435
HIST 647 444
HIST 648 449
HIST 649 449
HIST 650 461
HIST 651 520
HIST 652 449
HIST 653 483
HIST 654 457
HIST 655 445
HIST 656 505
HIST 657 474
HIST 658 466
HIST 659 422
HIST 660 468
HIST 661 424
HIST 662 505
HIST 663 426
HIST 664 479
HIST 665 433
HIST 666 452
HIST 667 440
HIST 668 486
HIST 669 489
HIST 670 451
HIST 671 445
HIST 672 454
HIST 673 479
HIST 674 448
HIST 675 483
HIST 676 439
HIST 677 458
HIST 678 452
HIST 679 446
HIST 680 466
HIST 681 454
HIST 682 466
HIST 683 461
HIST 684 442
HIST 685 504
HIST 686 420
HIST 687 480
HIST 688 484
HIST 689 446
HIST 690 447
HIST 691 437
HIST 692 414
HIST 693 469
HIST 694 430
HIST 695 465
HIST 696 455
HIST 697 441
HIST 698 434
HIST 699 496
HIST 700 448
HIST 701 448
HIST 702 458
HIST 703 425
HIST 704 464
HIST 705 467
HIST 706 444
HIST 707 475
HIST 708 453
HIST 709 486
HIST 710 454
HIST 711 466
HIST 712 433
HIST 713 459
HIST 714 477
HIST 715 447
HIST 716 452
HIST 717 485
HIST 718 454
HIST 719 456
HIST 720 479
HIST 721 428
HIST 722 447
HIST 723 427
HIST 724 427
HIST 725 477
HIST 726 469
HIST 727 463
HIST 728 419
HIST 729 481
HIST 730 419
HIST 731 450
HIST 732 437
HIST 733 456
HIST 734 450
HIST 735 470
HIST 736 482
HIST 737 459
HIST 738 442
HIST 739 475
HIST 740 484
HIST 741 432
HIST 742 414
HIST 743 468
HIST 744 455
HIST 745 438
HIST 746 461
HIST 747 444
HIST 748 476
HIST 749 442
HIST 750 429
HIST 751 475
HIST 752 454
HIST 753 452
HIST 754 459
HIST 755 419
HIST 756 501
HIST 757 463
HIST 758 495
HIST 759 444
HIST 760 468
HIST 761 432
HIST 762 442
HIST 763 455
HIST 764 475
HIST 765 456
HIST 766 458
HIST 767 408
HIST 768 469
HIST 769 460
HIST 770 461
HIST 771 429
HIST 772 426
HIST 773 484
HIST 774 449
HIST 775 444
HIST 776 443
HIST 777 434
HIST 778 452
HIST 779 478
HIST 780 437
HIST 781 465
HIST 782 455
HIST 783 408
HIST 784 464
HIST 785 439
HIST 786 459
HIST 787 462
HIST 788 419
HIST 789 449
HIST 790 419
HIST 791 460
HIST 792 459
HIST 793 437
HIST 794 415
HIST 795 405
HIST 796 462
HIST 797 443
HIST 798 465
HIST 799 473
HIST 800 429
HIST 801 437
HIST 802 457
HIST 803 422
HIST 804 449
HIST 805 449
HIST 806 469
HIST 807 424
HIST 808 471
HIST 809 443
HIST 810 470
HIST 811 453
HIST 812 440
HIST 813 468
HIST 814 451
HIST 815 456
HIST 816 433
HIST 817 441
HIST 818 471
HIST 819 462
HIST 820 442
HIST 821 416
HIST 822 465
HIST 823 456
HIST 824 453
HIST 825 470
HIST 826 448
HIST 827 474
HIST 828 477
HIST 829 460
HIST 830 442
HIST 831 463
HIST 832 437
HIST 833 416
HIST 834 439
HIST 835 450
HIST 836 476
HIST 837 466
HIST 838 452
HIST 839 456
HIST 840 444
HIST 841 413
HIST 842 457
HIST 843 483
HIST 844 486
HIST 845 442
HIST 846 441
HIST 847 481
HIST 848 464
HIST 849 446
HIST 850 444
HIST 851 427
HIST 852 412
HIST 853 453
HIST 854 477
HIST 855 471
HIST 856 465
HIST 857 462
HIST 858 438
HIST 859 459
HIST 860 460
HIST 861 462
HIST 862 459
HIST 863 455
HIST 864 477
HIST 865 472
HIST 866 449
HIST 867 496
HIST 868 461
HIST 869 487
HIST 870 452
HIST 871 443
HIST 872 436
HIST 873 438
HIST 874 484
HIST 875 446
HIST 876 463
HIST 877 454
HIST 878 449
HIST 879 432
HIST 880 478
HIST 881 465
HIST 882 464
HIST 883 468
HIST 884 456
HIST 885 437
HIST 886 461
HIST 887 469
HIST 888 476
HIST 889 432
HIST 890 459
HIST 891 449
HIST 892 435
HIST 893 456
HIST 894 483
HIST 895 466
HIST 896 446
HIST 897 463
HIST 898 494
HIST 899 452
HIST 900 460
HIST 901 457
HIST 902 442
HIST 903 435
HIST 904 472
HIST 905 445
HIST 906 486
HIST 907 477
HIST 908 458
HIST 909 478
HIST 910 475
HIST 911 489
HIST 912 475
HIST 913 504
HIST 914 471
HIST 915 461
HIST 916 465
HIST 917 404
HIST 918 478
HIST 919 494
HIST 920 447
HIST 921 469
HIST 922 436
HIST 923 451
HIST 924 461
HIST 925 470
HIST 926 440
HIST 927 484
HIST 928 450
HIST 929 452
HIST 930 466
HIST 931 461
HIST 932 479
HIST 933 486
HIST 934 418
HIST 935 506
HIST 936 489
HIST 937 449
HIST 938 467
HIST 939 439
HIST 940 489
HIST 941 482
HIST 942 497
HIST 943 470
HIST 944 458
HIST 945 479
HIST 946 451
HIST 947 465
HIST 948 457
HIST 949 489
HIST 950 1548
HIST 951 471
HIST 952 453
HIST 953 466
HIST 954 473
HIST 955 478
HIST 956 490
HIST 957 475
HIST 958 480
HIST 959 457
HIST 960 467
HIST 961 492
HIST 962 433
HIST 963 462
HIST 964 464
HIST 965 434
HIST 966 462
HIST 967 453
HIST 968 514
HIST 969 475
HIST 970 497
HIST 971 463
HIST 972 495
HIST 973 498
HIST 974 494
HIST 975 497
HIST 976 463
HIST 977 461
HIST 978 488
HIST 979 480
HIST 980 495
HIST 981 484
HIST 982 482
HIST 983 425
HIST 984 469
HIST 985 455
HIST 986 437
HIST 987 532
HIST 988 495
HIST 989 480
HIST 990 501
HIST 991 484
HIST 992 468
HIST 993 476
HIST 994 451
HIST 995 508
HIST 996 512
HIST 997 488
HIST 998 513
HIST 999 486
HIST 1000 519
HIST 1001 450
HIST 1002 516
HIST 1003 539
HIST 1004 474
HIST 1005 504
HIST 1006 464
HIST 1007 495
HIST 1008 498
HIST 1009 511
HIST 1010 508
HIST 1011 496
HIST 1012 529
HIST 1013 476
HIST 1014 469
HIST 1015 485
HIST 1016 500
HIST 1017 478
HIST 1018 467
HIST 1019 508
HIST 1020 470
HIST 1021 491
HIST 1022 481
HIST 1023 501
HIST 1024 483
HIST 1025 489
HIST 1026 459
HIST 1027 495
HIST 1028 495
HIST 1029 505
HIST 1030 506
HIST 1031 507
HIST 1032 505
HIST 1033 498
HIST 1034 502
HIST 1035 471
HIST 1036 517
HIST 1037 507
HIST 1038 464
HIST 1039 501
HIST 1040 515
HIST 1041 504
HIST 1042 499
HIST 1043 507
HIST 1044 507
HIST 1045 502
HIST 1046 514
HIST 1047 549
HIST 1048 485
HIST 1049 497
HIST 1050 511
HIST 1051 567
HIST 1052 513
HIST 1053 508
HIST 1054 573
HIST 1055 519
HIST 1056 510
HIST 1057 537
HIST 1058 531
HIST 1059 498
HIST 1060 489
HIST 1061 505
HIST 1062 499
HIST 1063 462
HIST 1064 499
HIST 1065 573
HIST 1066 534
HIST 1067 499
HIST 1068 489
HIST 1069 519
HIST 1070 505
HIST 1071 507
HIST 1072 510
HIST 1073 538
HIST 1074 515
HIST 1075 539
HIST 1076 512
HIST 1077 537
HIST 1078 561
HIST 1079 541
HIST 1080 559
HIST 1081 525
HIST 1082 519
HIST 1083 561
HIST 1084 522
HIST 1085 558
HIST 1086 492
HIST 1087 530
HIST 1088 550
HIST 1089 563
HIST 1090 513
HIST 1091 523
HIST 1092 546
HIST 1093 581
HIST 1094 538
HIST 1095 520
HIST 1096 536
HIST 1097 538
HIST 1098 549
HIST 1099 601
HIST 1100 572
HIST 1101 559
HIST 1102 516
HIST 1103 530
HIST 1104 553
HIST 1105 548
HIST 1106 579
HIST 1107 509
HIST 1108 547
HIST 1109 540
HIST 1110 593
HIST 1111 547
HIST 1112 533
HIST 1113 568
HIST 1114 570
HIST 1115 583
HIST 1116 545
HIST 1117 566
HIST 1118 552
HIST 1119 535
HIST 1120 536
HIST 1121 564
HIST 1122 581
HIST 1123 579
HIST 1124 556
HIST 1125 590
HIST 1126 564
HIST 1127 590
HIST 1128 582
HIST 1129 584
HIST 1130 580
HIST 1131 581
HIST 1132 556
HIST 1133 545
HIST 1134 589
HIST 1135 588
HIST 1136 601
HIST 1137 602
HIST 1138 587
HIST 1139 624
HIST 1140 595
HIST 1141 611
HIST 1142 605
HIST 1143 607
HIST 1144 619
HIST 1145 596
HIST 1146 617
HIST 1147 568
HIST 1148 623
HIST 1149 587
HIST 1150 613
HIST 1151 608
HIST 1152 610
HIST 1153 595
HIST 1154 615
HIST 1155 631
HIST 1156 662
HIST 1157 630
HIST 1158 629
HIST 1159 579
HIST 1160 647
HIST 1161 626
HIST 1162 628
HIST 1163 618
HIST 1164 632
HIST 1165 619
HIST 1166 641
HIST 1167 579
HIST 1168 617
HIST 1169 583
HIST 1170 668
HIST 1171 636
HIST 1172 648
HIST 1173 604
HIST 1174 651
HIST 1175 678
HIST 1176 611
HIST 1177 641
HIST 1178 654
HIST 1179 613
HIST 1180 618
HIST 1181 576
HIST 1182 620
HIST 1183 624
HIST 1184 653
HIST 1185 707
HIST 1186 644
HIST 1187 645
HIST 1188 634
HIST 1189 634
HIST 1190 685
HIST 1191 634
HIST 1192 660
HIST 1193 655
HIST 1194 695
HIST 1195 620
HIST 1196 672
HIST 1197 666
HIST 1198 679
HIST 1199 701
HIST 1200 723
HIST 1201 678
HIST 1202 641
HIST 1203 717
HIST 1204 720
HIST 1205 742
HIST 1206 683
HIST 1207 696
HIST 1208 718
HIST 1209 715
HIST 1210 665
HIST 1211 710
HIST 1212 697
HIST 1213 679
HIST 1214 686
HIST 1215 690
HIST 1216 706
HIST 1217 659
HIST 1218 695
HIST 1219 749
HIST 1220 693
HIST 1221 700
HIST 1222 666
HIST 1223 735
HIST 1224 652
HIST 1225 702
HIST 1226 688
HIST 1227 736
HIST 1228 690
HIST 1229 706
HIST 1230 690
HIST 1231 677
HIST 1232 717
HIST 1233 704
HIST 1234 738
HIST 1235 721
HIST 1236 719
HIST 1237 664
HIST 1238 704
HIST 1239 636
HIST 1240 628
HIST 1241 609
HIST 1242 616
HIST 1243 550
HIST 1244 470
HIST 1245 377
HIST 1246 345
HIST 1247 324
HIST 1248 294
HIST 1249 281
HIST 1250 252
HIST 1251 230
HIST 1252 239
HIST 1253 245
HIST 1254 220
HIST 1255 195
HIST 1256 210
HIST 1257 196
HIST 1258 199
HIST 1259 226
HIST 1260 183
HIST 1261 165
HIST 1262 169
HIST 1263 160
HIST 1264 170
HIST 1265 178
HIST 1266 159
HIST 1267 175
HIST 1268 148
HIST 1269 163
HIST 1270 136
HIST 1271 141
HIST 1272 157
HIST 1273 141
HIST 1274 135
HIST 1275 156
HIST 1276 142
HIST 1277 115
HIST 1278 121
HIST 1279 131
HIST 1280 148
HIST 1281 121
HIST 1282 144
HIST 1283 122
HIST 1284 102
HIST 1285 128
HIST 1286 110
HIST 1287 120
HIST 1288 114
HIST 1289 100
HIST 1290 120
HIST 1291 102
HIST 1292 91
HIST 1293 106
HIST 1294 106
HIST 1295 104
HIST 1296 110
HIST 1297 114
HIST 1298 86
HIST 1299 109
HIST 1300 95
HIST 1301 101
HIST 1302 104
HIST 1303 100
HIST 1304 84
HIST 1305 72
HIST 1306 84
HIST 1307 87
HIST 1308 104
HIST 1309 87
HIST 1310 89
HIST 1311 89
HIST 1312 88
HIST 1313 86
HIST 1314 77
HIST 1315 75
HIST 1316 97
HIST 1317 65
HIST 1318 73
HIST 1319 69
HIST 1320 73
HIST 1321 71
HIST 1322 50
HIST 1323 73
HIST 1324 68
HIST 1325 47
HIST 1326 66
HIST 1327 70
HIST 1328 58
HIST 1329 54
HIST 1330 43
HIST 1331 70
HIST 1332 56
HIST 1333 44
HIST 1334 57
HIST 1335 39
HIST 1336 41
HIST 1337 42
HIST 1338 51
HIST 1339 52
HIST 1340 48
HIST 1341 40
HIST 1342 44
HIST 1343 28
HIST 1344 31
HIST 1345 41
HIST 1346 32
HIST 1347 43
HIST 1348 41
HIST 1349 47
HIST 1350 31
HIST 1351 26
HIST 1352 50
HIST 1353 47
HIST 1354 41
HIST 1355 39
HIST 1356 33
HIST 1357 36
HIST 1358 35
HIST 1359 32
HIST 1360 30
HIST 1361 22
HIST 1362 25
HIST 1363 36
HIST 1364 29
HIST 1365 35
HIST 1366 26
HIST 1367 30
HIST 1368 25
HIST 1369 28
HIST 1370 28
HIST 1371 22
HIST 1372 33
HIST 1373 24
HIST 1374 19
HIST 1375 32
HIST 1376 21
HIST 1377 19
HIST 1378 17
HIST 1379 23
HIST 1380 23
HIST 1381 18
HIST 1382 20
HIST 1383 23
HIST 1384 19
HIST 1385 17
HIST 1386 18
HIST 1387 20
HIST 1388 21
HIST 1389 14
HIST 1390 14
HIST 1391 20
HIST 1392 10
HIST 1393 14
HIST 1394 17
HIST 1395 15
HIST 1396 11
HIST 1397 12
HIST 1398 12
HIST 1399 12
HIST 1400 13
HIST 1401 18
HIST 1402 21
HIST 1403 10
HIST 1404 15
HIST 1405 13
HIST 1406 9
HIST 1407 10
HIST 1408 16
HIST 1409 18
HIST 1410 11
HIST 1411 6
HIST 1412 10
HIST 1413 7
HIST 1414 8
HIST 1415 8
HIST 1416 15
HIST 1417 10
HIST 1418 9
HIST 1419 10
HIST 1420 6
HIST 1421 7
HIST 1422 10
HIST 1423 3
HIST 1424 10
HIST 1425 11
HIST 1426 40
HIST 1427 7
HIST 1428 33
HIST 1429 115
HIST 1430 516
HIST 1431 8
HIST 1432 222
HIST 1433 138
HIST 1434 15
HIST 1435 6
HIST 1436 10
HIST 1437 5
HIST 1438 11
HIST 1439 5
HIST 1440 9
HIST 1441 3
HIST 1442 8
HIST 1443 6
HIST 1444 6
HIST 1445 2
HIST 1446 2
HIST 1447 3
HIST 1448 2
HIST 1449 1
HIST 1450 5
HIST 1451 4
HIST 1452 5
HIST 1453 9
HIST 1454 7
HIST 1455 4
HIST 1456 4
HIST 1457 12
HIST 1458 19
HIST 1459 13
HIST 1460 4
HIST 1461 60510
HISTEND
