область 1 целиком затенена областью 0 — выброшена (в сцене симулятора она тоже недостижима)
область 2 целиком затенена областью 0 — выброшена (в сцене симулятора она тоже недостижима)
область 3 целиком затенена областью 0 — выброшена (в сцене симулятора она тоже недостижима)
SETUP correlatedGamma=0 twoJmax=10 vacuum=1 seed=0 killesc=0 killcarry=0
CUTS (production thresholds per material couple):
 Material : G4_Galactic
 Range cuts        :  gamma  1 mm     e-  1 mm     e+  1 mm  proton 1 mm 
 Energy thresholds :  gamma  990 eV     e-  990 eV     e+  990 eV  proton 100 keV
 Material : scene_mat_0
 Range cuts        :  gamma  1 mm     e-  1 mm     e+  1 mm  proton 1 mm 
 Energy thresholds :  gamma  38.4662 keV    e-  692.485 keV    e+  658.149 keV proton 100 keV
RESULT decays=20000000
RESULT any=667034 eps_total=3.335170e-02
RESULT window=1460.820 counts=62069 eps=3.103450e-03
HISTBEGIN bins=1462 bin_kev=1.000000 decays=20000000
HIST 0 148
HIST 1 432
HIST 2 470
HIST 3 511
HIST 4 476
HIST 5 540
HIST 6 552
HIST 7 573
HIST 8 546
HIST 9 544
HIST 10 526
HIST 11 541
HIST 12 526
HIST 13 551
HIST 14 506
HIST 15 575
HIST 16 577
HIST 17 531
HIST 18 552
HIST 19 542
HIST 20 506
HIST 21 537
HIST 22 559
HIST 23 550
HIST 24 538
HIST 25 576
HIST 26 564
HIST 27 489
HIST 28 509
HIST 29 514
HIST 30 532
HIST 31 518
HIST 32 515
HIST 33 503
HIST 34 531
HIST 35 562
HIST 36 556
HIST 37 488
HIST 38 535
HIST 39 541
HIST 40 563
HIST 41 579
HIST 42 516
HIST 43 521
HIST 44 568
HIST 45 501
HIST 46 505
HIST 47 511
HIST 48 518
HIST 49 553
HIST 50 534
HIST 51 560
HIST 52 493
HIST 53 531
HIST 54 481
HIST 55 564
HIST 56 529
HIST 57 500
HIST 58 506
HIST 59 512
HIST 60 497
HIST 61 516
HIST 62 503
HIST 63 526
HIST 64 482
HIST 65 533
HIST 66 524
HIST 67 531
HIST 68 500
HIST 69 546
HIST 70 554
HIST 71 546
HIST 72 518
HIST 73 492
HIST 74 543
HIST 75 503
HIST 76 499
HIST 77 503
HIST 78 517
HIST 79 488
HIST 80 520
HIST 81 533
HIST 82 473
HIST 83 530
HIST 84 463
HIST 85 538
HIST 86 530
HIST 87 512
HIST 88 511
HIST 89 509
HIST 90 511
HIST 91 531
HIST 92 491
HIST 93 525
HIST 94 585
HIST 95 508
HIST 96 502
HIST 97 550
HIST 98 508
HIST 99 548
HIST 100 476
HIST 101 478
HIST 102 515
HIST 103 481
HIST 104 457
HIST 105 517
HIST 106 520
HIST 107 468
HIST 108 445
HIST 109 501
HIST 110 513
HIST 111 496
HIST 112 493
HIST 113 513
HIST 114 520
HIST 115 438
HIST 116 489
HIST 117 517
HIST 118 497
HIST 119 470
HIST 120 496
HIST 121 512
HIST 122 526
HIST 123 485
HIST 124 486
HIST 125 480
HIST 126 508
HIST 127 491
HIST 128 486
HIST 129 485
HIST 130 522
HIST 131 551
HIST 132 498
HIST 133 507
HIST 134 441
HIST 135 472
HIST 136 488
HIST 137 507
HIST 138 520
HIST 139 479
HIST 140 491
HIST 141 515
HIST 142 483
HIST 143 466
HIST 144 518
HIST 145 493
HIST 146 468
HIST 147 488
HIST 148 455
HIST 149 503
HIST 150 501
HIST 151 492
HIST 152 471
HIST 153 481
HIST 154 491
HIST 155 497
HIST 156 489
HIST 157 497
HIST 158 499
HIST 159 460
HIST 160 470
HIST 161 479
HIST 162 486
HIST 163 488
HIST 164 527
HIST 165 517
HIST 166 509
HIST 167 524
HIST 168 458
HIST 169 470
HIST 170 508
HIST 171 440
HIST 172 492
HIST 173 497
HIST 174 496
HIST 175 505
HIST 176 480
HIST 177 484
HIST 178 482
HIST 179 500
HIST 180 458
HIST 181 492
HIST 182 493
HIST 183 469
HIST 184 443
HIST 185 453
HIST 186 485
HIST 187 479
HIST 188 500
HIST 189 451
HIST 190 468
HIST 191 471
HIST 192 477
HIST 193 500
HIST 194 479
HIST 195 491
HIST 196 511
HIST 197 453
HIST 198 500
HIST 199 445
HIST 200 469
HIST 201 512
HIST 202 489
HIST 203 489
HIST 204 464
HIST 205 475
HIST 206 450
HIST 207 426
HIST 208 508
HIST 209 493
HIST 210 473
HIST 211 439
HIST 212 464
HIST 213 491
HIST 214 460
HIST 215 464
HIST 216 486
HIST 217 441
HIST 218 495
HIST 219 462
HIST 220 451
HIST 221 490
HIST 222 477
HIST 223 509
HIST 224 487
HIST 225 442
HIST 226 469
HIST 227 441
HIST 228 448
HIST 229 453
HIST 230 435
HIST 231 429
HIST 232 439
HIST 233 418
HIST 234 435
HIST 235 469
HIST 236 471
HIST 237 482
HIST 238 466
HIST 239 450
HIST 240 447
HIST 241 491
HIST 242 457
HIST 243 475
HIST 244 420
HIST 245 473
HIST 246 491
HIST 247 453
HIST 248 428
HIST 249 457
HIST 250 467
HIST 251 480
HIST 252 451
HIST 253 485
HIST 254 424
HIST 255 440
HIST 256 476
HIST 257 468
HIST 258 490
HIST 259 475
HIST 260 451
HIST 261 446
HIST 262 480
HIST 263 437
HIST 264 461
HIST 265 499
HIST 266 487
HIST 267 462
HIST 268 492
HIST 269 417
HIST 270 450
HIST 271 444
HIST 272 446
HIST 273 453
HIST 274 464
HIST 275 430
HIST 276 495
HIST 277 419
HIST 278 446
HIST 279 455
HIST 280 475
HIST 281 458
HIST 282 477
HIST 283 480
HIST 284 479
HIST 285 424
HIST 286 439
HIST 287 417
HIST 288 443
HIST 289 454
HIST 290 461
HIST 291 455
HIST 292 445
HIST 293 453
HIST 294 434
HIST 295 478
HIST 296 449
HIST 297 436
HIST 298 452
HIST 299 460
HIST 300 464
HIST 301 441
HIST 302 480
HIST 303 454
HIST 304 442
HIST 305 454
HIST 306 403
HIST 307 430
HIST 308 432
HIST 309 455
HIST 310 462
HIST 311 456
HIST 312 459
HIST 313 446
HIST 314 450
HIST 315 451
HIST 316 433
HIST 317 440
HIST 318 445
HIST 319 426
HIST 320 462
HIST 321 442
HIST 322 470
HIST 323 447
HIST 324 438
HIST 325 427
HIST 326 455
HIST 327 445
HIST 328 455
HIST 329 457
HIST 330 421
HIST 331 471
HIST 332 486
HIST 333 475
HIST 334 456
HIST 335 472
HIST 336 458
HIST 337 437
HIST 338 467
HIST 339 447
HIST 340 414
HIST 341 434
HIST 342 422
HIST 343 436
HIST 344 407
HIST 345 467
HIST 346 410
HIST 347 440
HIST 348 485
HIST 349 444
HIST 350 431
HIST 351 456
HIST 352 474
HIST 353 442
HIST 354 409
HIST 355 446
HIST 356 426
HIST 357 450
HIST 358 438
HIST 359 446
HIST 360 446
HIST 361 441
HIST 362 426
HIST 363 457
HIST 364 464
HIST 365 390
HIST 366 444
HIST 367 435
HIST 368 445
HIST 369 448
HIST 370 419
HIST 371 454
HIST 372 422
HIST 373 418
HIST 374 479
HIST 375 436
HIST 376 452
HIST 377 471
HIST 378 440
HIST 379 422
HIST 380 440
HIST 381 432
HIST 382 413
HIST 383 421
HIST 384 466
HIST 385 435
HIST 386 419
HIST 387 426
HIST 388 460
HIST 389 444
HIST 390 409
HIST 391 431
HIST 392 432
HIST 393 448
HIST 394 410
HIST 395 466
HIST 396 462
HIST 397 432
HIST 398 427
HIST 399 451
HIST 400 455
HIST 401 451
HIST 402 426
HIST 403 454
HIST 404 458
HIST 405 400
HIST 406 415
HIST 407 430
HIST 408 428
HIST 409 405
HIST 410 446
HIST 411 407
HIST 412 427
HIST 413 448
HIST 414 425
HIST 415 429
HIST 416 428
HIST 417 442
HIST 418 419
HIST 419 461
HIST 420 423
HIST 421 440
HIST 422 423
HIST 423 456
HIST 424 414
HIST 425 423
HIST 426 435
HIST 427 449
HIST 428 408
HIST 429 426
HIST 430 413
HIST 431 410
HIST 432 443
HIST 433 409
HIST 434 423
HIST 435 431
HIST 436 438
HIST 437 409
HIST 438 448
HIST 439 8268
HIST 440 429
HIST 441 441
HIST 442 432
HIST 443 420
HIST 444 432
HIST 445 418
HIST 446 405
HIST 447 435
HIST 448 441
HIST 449 423
HIST 450 429
HIST 451 455
HIST 452 411
HIST 453 411
HIST 454 436
HIST 455 433
HIST 456 432
HIST 457 419
HIST 458 458
HIST 459 446
HIST 460 445
HIST 461 437
HIST 462 417
HIST 463 404
HIST 464 434
HIST 465 467
HIST 466 404
HIST 467 433
HIST 468 413
HIST 469 424
HIST 470 424
HIST 471 440
HIST 472 404
HIST 473 509
HIST 474 399
HIST 475 429
HIST 476 462
HIST 477 430
HIST 478 427
HIST 479 407
HIST 480 421
HIST 481 384
HIST 482 436
HIST 483 428
HIST 484 426
HIST 485 386
HIST 486 427
HIST 487 431
HIST 488 416
HIST 489 412
HIST 490 417
HIST 491 427
HIST 492 404
HIST 493 434
HIST 494 400
HIST 495 438
HIST 496 442
HIST 497 383
HIST 498 431
HIST 499 403
HIST 500 429
HIST 501 426
HIST 502 435
HIST 503 427
HIST 504 433
HIST 505 420
HIST 506 418
HIST 507 433
HIST 508 409
HIST 509 403
HIST 510 419
HIST 511 393
HIST 512 431
HIST 513 372
HIST 514 416
HIST 515 422
HIST 516 417
HIST 517 392
HIST 518 414
HIST 519 419
HIST 520 412
HIST 521 421
HIST 522 434
HIST 523 461
HIST 524 430
HIST 525 429
HIST 526 399
HIST 527 393
HIST 528 417
HIST 529 440
HIST 530 411
HIST 531 416
HIST 532 416
HIST 533 399
HIST 534 412
HIST 535 399
HIST 536 402
HIST 537 433
HIST 538 443
HIST 539 410
HIST 540 405
HIST 541 416
HIST 542 445
HIST 543 412
HIST 544 407
HIST 545 374
HIST 546 398
HIST 547 443
HIST 548 392
HIST 549 417
HIST 550 425
HIST 551 411
HIST 552 419
HIST 553 441
HIST 554 393
HIST 555 426
HIST 556 470
HIST 557 412
HIST 558 424
HIST 559 394
HIST 560 421
HIST 561 411
HIST 562 407
HIST 563 377
HIST 564 442
HIST 565 445
HIST 566 434
HIST 567 378
HIST 568 388
HIST 569 402
HIST 570 401
HIST 571 415
HIST 572 419
HIST 573 392
HIST 574 428
HIST 575 412
HIST 576 447
HIST 577 382
HIST 578 388
HIST 579 438
HIST 580 417
HIST 581 388
HIST 582 450
HIST 583 451
HIST 584 418
HIST 585 381
HIST 586 432
HIST 587 431
HIST 588 389
HIST 589 430
HIST 590 398
HIST 591 431
HIST 592 398
HIST 593 425
HIST 594 397
HIST 595 430
HIST 596 412
HIST 597 382
HIST 598 369
HIST 599 395
HIST 600 370
HIST 601 405
HIST 602 422
HIST 603 380
HIST 604 390
HIST 605 377
HIST 606 398
HIST 607 411
HIST 608 421
HIST 609 427
HIST 610 409
HIST 611 420
HIST 612 368
HIST 613 408
HIST 614 382
HIST 615 427
HIST 616 458
HIST 617 413
HIST 618 388
HIST 619 398
HIST 620 431
HIST 621 414
HIST 622 449
HIST 623 424
HIST 624 422
HIST 625 395
HIST 626 399
HIST 627 402
HIST 628 421
HIST 629 420
HIST 630 412
HIST 631 376
HIST 632 378
HIST 633 406
HIST 634 417
HIST 635 420
HIST 636 413
HIST 637 415
HIST 638 404
HIST 639 428
HIST 640 375
HIST 641 367
HIST 642 387
HIST 643 401
HIST 644 380
HIST 645 396
HIST 646 371
HIST 647 410
HIST 648 381
HIST 649 384
HIST 650 398
HIST 651 428
HIST 652 410
HIST 653 418
HIST 654 404
HIST 655 386
HIST 656 439
HIST 657 388
HIST 658 413
HIST 659 400
HIST 660 419
HIST 661 386
HIST 662 398
HIST 663 405
HIST 664 398
HIST 665 387
HIST 666 412
HIST 667 409
HIST 668 429
HIST 669 411
HIST 670 436
HIST 671 397
HIST 672 350
HIST 673 433
HIST 674 420
HIST 675 408
HIST 676 384
HIST 677 385
HIST 678 387
HIST 679 401
HIST 680 374
HIST 681 392
HIST 682 412
HIST 683 377
HIST 684 398
HIST 685 405
HIST 686 381
HIST 687 445
HIST 688 407
HIST 689 410
HIST 690 415
HIST 691 385
HIST 692 396
HIST 693 410
HIST 694 371
HIST 695 418
HIST 696 397
HIST 697 397
HIST 698 404
HIST 699 407
HIST 700 405
HIST 701 417
HIST 702 373
HIST 703 414
HIST 704 418
HIST 705 416
HIST 706 392
HIST 707 403
HIST 708 389
HIST 709 417
HIST 710 388
HIST 711 408
HIST 712 388
HIST 713 410
HIST 714 397
HIST 715 373
HIST 716 398
HIST 717 436
HIST 718 398
HIST 719 392
HIST 720 427
HIST 721 396
HIST 722 426
HIST 723 380
HIST 724 358
HIST 725 382
HIST 726 413
HIST 727 413
HIST 728 361
HIST 729 393
HIST 730 350
HIST 731 407
HIST 732 397
HIST 733 423
HIST 734 413
HIST 735 430
HIST 736 412
HIST 737 392
HIST 738 409
HIST 739 433
HIST 740 421
HIST 741 384
HIST 742 397
HIST 743 405
HIST 744 420
HIST 745 356
HIST 746 418
HIST 747 414
HIST 748 395
HIST 749 398
HIST 750 380
HIST 751 456
HIST 752 415
HIST 753 396
HIST 754 408
HIST 755 364
HIST 756 460
HIST 757 419
HIST 758 434
HIST 759 392
HIST 760 383
HIST 761 403
HIST 762 430
HIST 763 389
HIST 764 430
HIST 765 395
HIST 766 407
HIST 767 410
HIST 768 408
HIST 769 398
HIST 770 394
HIST 771 422
HIST 772 406
HIST 773 414
HIST 774 403
HIST 775 392
HIST 776 368
HIST 777 412
HIST 778 425
HIST 779 410
HIST 780 409
HIST 781 422
HIST 782 391
HIST 783 382
HIST 784 385
HIST 785 380
HIST 786 404
HIST 787 407
HIST 788 404
HIST 789 402
HIST 790 406
HIST 791 398
HIST 792 401
HIST 793 404
HIST 794 397
HIST 795 382
HIST 796 424
HIST 797 414
HIST 798 429
HIST 799 371
HIST 800 419
HIST 801 413
HIST 802 419
HIST 803 381
HIST 804 409
HIST 805 421
HIST 806 420
HIST 807 377
HIST 808 428
HIST 809 427
HIST 810 441
HIST 811 401
HIST 812 385
HIST 813 427
HIST 814 381
HIST 815 395
HIST 816 410
HIST 817 418
HIST 818 421
HIST 819 403
HIST 820 421
HIST 821 405
HIST 822 389
HIST 823 407
HIST 824 400
HIST 825 404
HIST 826 420
HIST 827 429
HIST 828 442
HIST 829 430
HIST 830 403
HIST 831 400
HIST 832 414
HIST 833 393
HIST 834 397
HIST 835 385
HIST 836 438
HIST 837 393
HIST 838 429
HIST 839 417
HIST 840 409
HIST 841 386
HIST 842 392
HIST 843 412
HIST 844 426
HIST 845 382
HIST 846 364
HIST 847 452
HIST 848 419
HIST 849 421
HIST 850 431
HIST 851 390
HIST 852 390
HIST 853 401
HIST 854 400
HIST 855 404
HIST 856 411
HIST 857 432
HIST 858 429
HIST 859 435
HIST 860 388
HIST 861 417
HIST 862 400
HIST 863 424
HIST 864 398
HIST 865 406
HIST 866 397
HIST 867 417
HIST 868 431
HIST 869 449
HIST 870 394
HIST 871 424
HIST 872 428
HIST 873 414
HIST 874 443
HIST 875 430
HIST 876 424
HIST 877 408
HIST 878 400
HIST 879 404
HIST 880 422
HIST 881 428
HIST 882 408
HIST 883 432
HIST 884 427
HIST 885 386
HIST 886 414
HIST 887 433
HIST 888 399
HIST 889 453
HIST 890 401
HIST 891 452
HIST 892 445
HIST 893 430
HIST 894 409
HIST 895 447
HIST 896 419
HIST 897 390
HIST 898 465
HIST 899 416
HIST 900 424
HIST 901 417
HIST 902 454
HIST 903 424
HIST 904 450
HIST 905 432
HIST 906 441
HIST 907 414
HIST 908 422
HIST 909 436
HIST 910 416
HIST 911 421
HIST 912 446
HIST 913 429
HIST 914 464
HIST 915 417
HIST 916 413
HIST 917 431
HIST 918 429
HIST 919 449
HIST 920 434
HIST 921 442
HIST 922 399
HIST 923 429
HIST 924 428
HIST 925 461
HIST 926 413
HIST 927 457
HIST 928 427
HIST 929 409
HIST 930 440
HIST 931 431
HIST 932 426
HIST 933 431
HIST 934 420
HIST 935 456
HIST 936 479
HIST 937 410
HIST 938 421
HIST 939 427
HIST 940 454
HIST 941 453
HIST 942 449
HIST 943 421
HIST 944 419
HIST 945 428
HIST 946 423
HIST 947 454
HIST 948 436
HIST 949 440
HIST 950 1580
HIST 951 435
HIST 952 424
HIST 953 412
HIST 954 435
HIST 955 425
HIST 956 444
HIST 957 441
HIST 958 432
HIST 959 463
HIST 960 439
HIST 961 443
HIST 962 435
HIST 963 413
HIST 964 432
HIST 965 449
HIST 966 446
HIST 967 445
HIST 968 466
HIST 969 425
HIST 970 458
HIST 971 460
HIST 972 454
HIST 973 435
HIST 974 503
HIST 975 437
HIST 976 429
HIST 977 444
HIST 978 442
HIST 979 483
HIST 980 449
HIST 981 486
HIST 982 491
HIST 983 409
HIST 984 465
HIST 985 443
HIST 986 424
HIST 987 503
HIST 988 484
HIST 989 442
HIST 990 480
HIST 991 456
HIST 992 472
HIST 993 445
HIST 994 432
HIST 995 488
HIST 996 448
HIST 997 471
HIST 998 443
HIST 999 464
HIST 1000 479
HIST 1001 440
HIST 1002 496
HIST 1003 450
HIST 1004 452
HIST 1005 483
HIST 1006 488
HIST 1007 488
HIST 1008 464
HIST 1009 491
HIST 1010 510
HIST 1011 481
HIST 1012 493
HIST 1013 458
HIST 1014 450
HIST 1015 426
HIST 1016 485
HIST 1017 447
HIST 1018 455
HIST 1019 456
HIST 1020 492
HIST 1021 492
HIST 1022 477
HIST 1023 476
HIST 1024 493
HIST 1025 459
HIST 1026 435
HIST 1027 470
HIST 1028 468
HIST 1029 452
HIST 1030 464
HIST 1031 477
HIST 1032 439
HIST 1033 466
HIST 1034 470
HIST 1035 470
HIST 1036 485
HIST 1037 457
HIST 1038 466
HIST 1039 459
HIST 1040 517
HIST 1041 461
HIST 1042 476
HIST 1043 483
HIST 1044 468
HIST 1045 479
HIST 1046 478
HIST 1047 493
HIST 1048 454
HIST 1049 494
HIST 1050 517
HIST 1051 539
HIST 1052 485
HIST 1053 489
HIST 1054 577
HIST 1055 531
HIST 1056 489
HIST 1057 520
HIST 1058 488
HIST 1059 475
HIST 1060 511
HIST 1061 473
HIST 1062 510
HIST 1063 481
HIST 1064 499
HIST 1065 504
HIST 1066 529
HIST 1067 483
HIST 1068 478
HIST 1069 523
HIST 1070 516
HIST 1071 513
HIST 1072 486
HIST 1073 529
HIST 1074 521
HIST 1075 555
HIST 1076 492
HIST 1077 519
HIST 1078 546
HIST 1079 494
HIST 1080 554
HIST 1081 517
HIST 1082 515
HIST 1083 521
HIST 1084 524
HIST 1085 513
HIST 1086 486
HIST 1087 495
HIST 1088 514
HIST 1089 550
HIST 1090 510
HIST 1091 513
HIST 1092 519
HIST 1093 545
HIST 1094 527
HIST 1095 544
HIST 1096 557
HIST 1097 533
HIST 1098 516
HIST 1099 578
HIST 1100 540
HIST 1101 516
HIST 1102 530
HIST 1103 516
HIST 1104 531
HIST 1105 538
HIST 1106 563
HIST 1107 499
HIST 1108 549
HIST 1109 531
HIST 1110 564
HIST 1111 518
HIST 1112 505
HIST 1113 513
HIST 1114 549
HIST 1115 546
HIST 1116 563
HIST 1117 557
HIST 1118 569
HIST 1119 547
HIST 1120 538
HIST 1121 535
HIST 1122 576
HIST 1123 546
HIST 1124 531
HIST 1125 551
HIST 1126 552
HIST 1127 579
HIST 1128 568
HIST 1129 555
HIST 1130 575
HIST 1131 581
HIST 1132 533
HIST 1133 566
HIST 1134 579
HIST 1135 567
HIST 1136 588
HIST 1137 600
HIST 1138 565
HIST 1139 601
HIST 1140 578
HIST 1141 640
HIST 1142 606
HIST 1143 600
HIST 1144 645
HIST 1145 606
HIST 1146 592
HIST 1147 585
HIST 1148 623
HIST 1149 549
HIST 1150 615
HIST 1151 600
HIST 1152 621
HIST 1153 572
HIST 1154 614
HIST 1155 634
HIST 1156 602
HIST 1157 629
HIST 1158 619
HIST 1159 603
HIST 1160 654
HIST 1161 600
HIST 1162 592
HIST 1163 608
HIST 1164 668
HIST 1165 641
HIST 1166 668
HIST 1167 596
HIST 1168 620
HIST 1169 593
HIST 1170 639
HIST 1171 639
HIST 1172 644
HIST 1173 607
HIST 1174 684
HIST 1175 672
HIST 1176 614
HIST 1177 634
HIST 1178 664
HIST 1179 665
HIST 1180 671
HIST 1181 598
HIST 1182 618
HIST 1183 657
HIST 1184 688
HIST 1185 684
HIST 1186 623
HIST 1187 670
HIST 1188 684
HIST 1189 672
HIST 1190 693
HIST 1191 675
HIST 1192 696
HIST 1193 670
HIST 1194 687
HIST 1195 639
HIST 1196 657
HIST 1197 668
HIST 1198 706
HIST 1199 679
HIST 1200 722
HIST 1201 696
HIST 1202 649
HIST 1203 714
HIST 1204 676
HIST 1205 733
HIST 1206 703
HIST 1207 693
HIST 1208 704
HIST 1209 712
HIST 1210 653
HIST 1211 682
HIST 1212 747
HIST 1213 664
HIST 1214 709
HIST 1215 684
HIST 1216 691
HIST 1217 647
HIST 1218 706
HIST 1219 798
HIST 1220 763
HIST 1221 747
HIST 1222 736
HIST 1223 727
HIST 1224 688
HIST 1225 702
HIST 1226 756
HIST 1227 701
HIST 1228 709
HIST 1229 745
HIST 1230 730
HIST 1231 691
HIST 1232 730
HIST 1233 721
HIST 1234 797
HIST 1235 756
HIST 1236 735
HIST 1237 674
HIST 1238 720
HIST 1239 684
HIST 1240 692
HIST 1241 614
HIST 1242 630
HIST 1243 527
HIST 1244 455
HIST 1245 389
HIST 1246 359
HIST 1247 340
HIST 1248 311
HIST 1249 270
HIST 1250 251
HIST 1251 249
HIST 1252 229
HIST 1253 250
HIST 1254 218
HIST 1255 203
HIST 1256 207
HIST 1257 203
HIST 1258 191
HIST 1259 217
HIST 1260 180
HIST 1261 157
HIST 1262 184
HIST 1263 173
HIST 1264 174
HIST 1265 179
HIST 1266 146
HIST 1267 158
HIST 1268 157
HIST 1269 157
HIST 1270 145
HIST 1271 135
HIST 1272 150
HIST 1273 125
HIST 1274 119
HIST 1275 138
HIST 1276 115
HIST 1277 121
HIST 1278 132
HIST 1279 137
HIST 1280 137
HIST 1281 122
HIST 1282 122
HIST 1283 124
HIST 1284 112
HIST 1285 116
HIST 1286 105
HIST 1287 133
HIST 1288 104
HIST 1289 108
HIST 1290 99
HIST 1291 102
HIST 1292 82
HIST 1293 93
HIST 1294 105
HIST 1295 120
HIST 1296 98
HIST 1297 96
HIST 1298 94
HIST 1299 113
HIST 1300 89
HIST 1301 88
HIST 1302 90
HIST 1303 77
HIST 1304 75
HIST 1305 71
HIST 1306 67
HIST 1307 57
HIST 1308 80
HIST 1309 84
HIST 1310 74
HIST 1311 84
HIST 1312 76
HIST 1313 82
HIST 1314 61
HIST 1315 62
HIST 1316 67
HIST 1317 57
HIST 1318 61
HIST 1319 64
HIST 1320 53
HIST 1321 53
HIST 1322 64
HIST 1323 58
HIST 1324 58
HIST 1325 46
HIST 1326 42
HIST 1327 43
HIST 1328 48
HIST 1329 42
HIST 1330 38
HIST 1331 51
HIST 1332 41
HIST 1333 39
HIST 1334 45
HIST 1335 29
HIST 1336 22
HIST 1337 35
HIST 1338 35
HIST 1339 24
HIST 1340 29
HIST 1341 24
HIST 1342 32
HIST 1343 20
HIST 1344 24
HIST 1345 14
HIST 1346 20
HIST 1347 28
HIST 1348 18
HIST 1349 21
HIST 1350 19
HIST 1351 19
HIST 1352 16
HIST 1353 24
HIST 1354 23
HIST 1355 24
HIST 1356 19
HIST 1357 13
HIST 1358 15
HIST 1359 12
HIST 1360 21
HIST 1361 14
HIST 1362 15
HIST 1363 13
HIST 1364 21
HIST 1365 15
HIST 1366 11
HIST 1367 12
HIST 1368 16
HIST 1369 7
HIST 1370 10
HIST 1371 10
HIST 1372 8
HIST 1373 11
HIST 1374 6
HIST 1375 8
HIST 1376 2
HIST 1377 6
HIST 1378 7
HIST 1379 6
HIST 1380 7
HIST 1381 12
HIST 1382 6
HIST 1383 4
HIST 1384 9
HIST 1385 8
HIST 1386 10
HIST 1387 5
HIST 1388 10
HIST 1389 9
HIST 1390 5
HIST 1391 5
HIST 1392 7
HIST 1393 5
HIST 1394 8
HIST 1395 6
HIST 1396 5
HIST 1397 6
HIST 1398 2
HIST 1399 9
HIST 1400 1
HIST 1401 5
HIST 1402 7
HIST 1403 5
HIST 1404 3
HIST 1405 1
HIST 1406 4
HIST 1407 1
HIST 1408 2
HIST 1409 2
HIST 1410 2
HIST 1411 2
HIST 1412 1
HIST 1413 2
HIST 1414 2
HIST 1415 1
HIST 1416 1
HIST 1418 1
HIST 1419 2
HIST 1424 1
HIST 1425 9
HIST 1426 32
HIST 1428 22
HIST 1429 109
HIST 1430 574
HIST 1431 2
HIST 1432 269
HIST 1433 134
HIST 1436 2
HIST 1444 1
HIST 1447 1
HIST 1455 1
HIST 1457 3
HIST 1461 62069
HISTEND
