область 3 целиком затенена областью 2 — выброшена (в сцене симулятора она тоже недостижима)
SETUP correlatedGamma=0 twoJmax=10 vacuum=1 seed=0 killesc=0 killcarry=1
CUTS (production thresholds per material couple):
 Material : G4_Galactic
 Range cuts        :  gamma  1 mm     e-  1 mm     e+  1 mm  proton 1 mm 
 Energy thresholds :  gamma  990 eV     e-  990 eV     e+  990 eV  proton 100 keV
 Material : scene_mat_3
 Range cuts        :  gamma  1 mm     e-  1 mm     e+  1 mm  proton 1 mm 
 Energy thresholds :  gamma  6.91691 keV    e-  597.603 keV    e+  574.29 keV proton 100 keV
 Material : scene_mat_1
 Range cuts        :  gamma  1 mm     e-  1 mm     e+  1 mm  proton 1 mm 
 Energy thresholds :  gamma  4.39533 keV    e-  541.252 keV    e+  522.087 keV proton 100 keV
 Material : scene_mat_0
 Range cuts        :  gamma  1 mm     e-  1 mm     e+  1 mm  proton 1 mm 
 Energy thresholds :  gamma  38.4662 keV    e-  692.485 keV    e+  658.149 keV proton 100 keV
RESULT decays=20000000
RESULT any=1092101 eps_total=5.460505e-02
RESULT window=661.657 counts=247498 eps=1.237490e-02
HISTBEGIN bins=663 bin_kev=1.000000 decays=20000000
HIST 0 439
HIST 1 1569
HIST 2 1660
HIST 3 1741
HIST 4 1672
HIST 5 1801
HIST 6 2009
HIST 7 2006
HIST 8 2063
HIST 9 1957
HIST 10 1947
HIST 11 2001
HIST 12 2142
HIST 13 1973
HIST 14 1969
HIST 15 1950
HIST 16 2050
HIST 17 2033
HIST 18 2022
HIST 19 1919
HIST 20 1975
HIST 21 2034
HIST 22 2026
HIST 23 2011
HIST 24 2009
HIST 25 1861
HIST 26 2013
HIST 27 1966
HIST 28 2019
HIST 29 1914
HIST 30 2026
HIST 31 1996
HIST 32 1901
HIST 33 1994
HIST 34 1979
HIST 35 1928
HIST 36 2001
HIST 37 1920
HIST 38 1926
HIST 39 1987
HIST 40 2038
HIST 41 1931
HIST 42 2023
HIST 43 1958
HIST 44 1972
HIST 45 1912
HIST 46 1917
HIST 47 1884
HIST 48 1955
HIST 49 1932
HIST 50 1907
HIST 51 1985
HIST 52 1989
HIST 53 1903
HIST 54 1877
HIST 55 1962
HIST 56 1998
HIST 57 1964
HIST 58 1951
HIST 59 1896
HIST 60 1872
HIST 61 1927
HIST 62 1943
HIST 63 1837
HIST 64 1884
HIST 65 1920
HIST 66 1779
HIST 67 1910
HIST 68 1868
HIST 69 1851
HIST 70 1804
HIST 71 1779
HIST 72 1858
HIST 73 1898
HIST 74 1823
HIST 75 1834
HIST 76 1835
HIST 77 1845
HIST 78 1857
HIST 79 1842
HIST 80 1788
HIST 81 1827
HIST 82 1810
HIST 83 1830
HIST 84 1889
HIST 85 1827
HIST 86 1798
HIST 87 1817
HIST 88 1877
HIST 89 1828
HIST 90 1767
HIST 91 1801
HIST 92 1765
HIST 93 1800
HIST 94 1810
HIST 95 1856
HIST 96 1802
HIST 97 1769
HIST 98 1721
HIST 99 1768
HIST 100 1679
HIST 101 1719
HIST 102 1722
HIST 103 1787
HIST 104 1778
HIST 105 1690
HIST 106 1768
HIST 107 1756
HIST 108 1732
HIST 109 1709
HIST 110 1804
HIST 111 1671
HIST 112 1689
HIST 113 1687
HIST 114 1763
HIST 115 1725
HIST 116 1759
HIST 117 1807
HIST 118 1810
HIST 119 1755
HIST 120 1725
HIST 121 1766
HIST 122 1753
HIST 123 1724
HIST 124 1661
HIST 125 1675
HIST 126 1754
HIST 127 1769
HIST 128 1724
HIST 129 1705
HIST 130 1713
HIST 131 1718
HIST 132 1731
HIST 133 1708
HIST 134 1723
HIST 135 1634
HIST 136 1731
HIST 137 1642
HIST 138 1685
HIST 139 1719
HIST 140 1698
HIST 141 1703
HIST 142 1632
HIST 143 1709
HIST 144 1674
HIST 145 1693
HIST 146 1660
HIST 147 1590
HIST 148 1699
HIST 149 1645
HIST 150 1658
HIST 151 1682
HIST 152 1698
HIST 153 1630
HIST 154 1660
HIST 155 1650
HIST 156 1637
HIST 157 1660
HIST 158 1648
HIST 159 1699
HIST 160 1632
HIST 161 1650
HIST 162 1615
HIST 163 1635
HIST 164 1726
HIST 165 1643
HIST 166 1763
HIST 167 1630
HIST 168 1704
HIST 169 1686
HIST 170 1587
HIST 171 1597
HIST 172 1650
HIST 173 1596
HIST 174 1581
HIST 175 1650
HIST 176 1659
HIST 177 1711
HIST 178 1662
HIST 179 1667
HIST 180 1668
HIST 181 1637
HIST 182 1747
HIST 183 1779
HIST 184 1787
HIST 185 1943
HIST 186 2007
HIST 187 2031
HIST 188 2009
HIST 189 2156
HIST 190 2186
HIST 191 2157
HIST 192 2109
HIST 193 2149
HIST 194 2173
HIST 195 2142
HIST 196 2160
HIST 197 2040
HIST 198 2064
HIST 199 2153
HIST 200 2147
HIST 201 2185
HIST 202 2089
HIST 203 2044
HIST 204 2037
HIST 205 2131
HIST 206 1942
HIST 207 2012
HIST 208 2047
HIST 209 1977
HIST 210 1999
HIST 211 1997
HIST 212 2020
HIST 213 2018
HIST 214 1957
HIST 215 2062
HIST 216 1921
HIST 217 1985
HIST 218 1907
HIST 219 1937
HIST 220 1945
HIST 221 1916
HIST 222 1966
HIST 223 1857
HIST 224 1888
HIST 225 1925
HIST 226 1870
HIST 227 1917
HIST 228 1800
HIST 229 1882
HIST 230 1789
HIST 231 1809
HIST 232 1780
HIST 233 1830
HIST 234 1855
HIST 235 1773
HIST 236 1871
HIST 237 1863
HIST 238 1808
HIST 239 1780
HIST 240 1800
HIST 241 1834
HIST 242 1752
HIST 243 1766
HIST 244 1772
HIST 245 1758
HIST 246 1750
HIST 247 1779
HIST 248 1686
HIST 249 1722
HIST 250 1709
HIST 251 1627
HIST 252 1696
HIST 253 1671
HIST 254 1593
HIST 255 1644
HIST 256 1731
HIST 257 1635
HIST 258 1667
HIST 259 1626
HIST 260 1562
HIST 261 1603
HIST 262 1660
HIST 263 1653
HIST 264 1614
HIST 265 1574
HIST 266 1609
HIST 267 1553
HIST 268 1608
HIST 269 1503
HIST 270 1639
HIST 271 1553
HIST 272 1537
HIST 273 1580
HIST 274 1577
HIST 275 1566
HIST 276 1524
HIST 277 1496
HIST 278 1519
HIST 279 1530
HIST 280 1528
HIST 281 1524
HIST 282 1539
HIST 283 1522
HIST 284 1556
HIST 285 1491
HIST 286 1526
HIST 287 1533
HIST 288 1525
HIST 289 1540
HIST 290 1512
HIST 291 1489
HIST 292 1516
HIST 293 1464
HIST 294 1444
HIST 295 1512
HIST 296 1466
HIST 297 1528
HIST 298 1449
HIST 299 1483
HIST 300 1511
HIST 301 1420
HIST 302 1582
HIST 303 1462
HIST 304 1502
HIST 305 1445
HIST 306 1448
HIST 307 1538
HIST 308 1365
HIST 309 1491
HIST 310 1438
HIST 311 1492
HIST 312 1435
HIST 313 1506
HIST 314 1568
HIST 315 1384
HIST 316 1478
HIST 317 1503
HIST 318 1401
HIST 319 1468
HIST 320 1434
HIST 321 1444
HIST 322 1449
HIST 323 1375
HIST 324 1459
HIST 325 1515
HIST 326 1395
HIST 327 1442
HIST 328 1474
HIST 329 1448
HIST 330 1407
HIST 331 1428
HIST 332 1443
HIST 333 1425
HIST 334 1448
HIST 335 1448
HIST 336 1381
HIST 337 1455
HIST 338 1498
HIST 339 1381
HIST 340 1400
HIST 341 1428
HIST 342 1424
HIST 343 1433
HIST 344 1410
HIST 345 1440
HIST 346 1453
HIST 347 1490
HIST 348 1465
HIST 349 1416
HIST 350 1365
HIST 351 1415
HIST 352 1443
HIST 353 1376
HIST 354 1404
HIST 355 1399
HIST 356 1443
HIST 357 1463
HIST 358 1361
HIST 359 1454
HIST 360 1388
HIST 361 1411
HIST 362 1441
HIST 363 1435
HIST 364 1429
HIST 365 1388
HIST 366 1402
HIST 367 1363
HIST 368 1442
HIST 369 1494
HIST 370 1400
HIST 371 1425
HIST 372 1490
HIST 373 1459
HIST 374 1465
HIST 375 1463
HIST 376 1491
HIST 377 1433
HIST 378 1433
HIST 379 1425
HIST 380 1446
HIST 381 1476
HIST 382 1441
HIST 383 1463
HIST 384 1492
HIST 385 1504
HIST 386 1494
HIST 387 1496
HIST 388 1444
HIST 389 1459
HIST 390 1446
HIST 391 1418
HIST 392 1481
HIST 393 1511
HIST 394 1454
HIST 395 1501
HIST 396 1481
HIST 397 1511
HIST 398 1425
HIST 399 1561
HIST 400 1487
HIST 401 1514
HIST 402 1508
HIST 403 1450
HIST 404 1495
HIST 405 1545
HIST 406 1582
HIST 407 1449
HIST 408 1559
HIST 409 1464
HIST 410 1504
HIST 411 1450
HIST 412 1542
HIST 413 1504
HIST 414 1624
HIST 415 1504
HIST 416 1457
HIST 417 1516
HIST 418 1555
HIST 419 1631
HIST 420 1566
HIST 421 1604
HIST 422 1604
HIST 423 1523
HIST 424 1565
HIST 425 1647
HIST 426 1590
HIST 427 1535
HIST 428 1660
HIST 429 1694
HIST 430 1637
HIST 431 1697
HIST 432 1682
HIST 433 1657
HIST 434 1648
HIST 435 1671
HIST 436 1629
HIST 437 1573
HIST 438 1647
HIST 439 1600
HIST 440 1674
HIST 441 1656
HIST 442 1611
HIST 443 1647
HIST 444 1646
HIST 445 1624
HIST 446 1704
HIST 447 1617
HIST 448 1785
HIST 449 1735
HIST 450 1724
HIST 451 1676
HIST 452 1694
HIST 453 1696
HIST 454 1738
HIST 455 1705
HIST 456 1795
HIST 457 1759
HIST 458 1765
HIST 459 1832
HIST 460 1694
HIST 461 1779
HIST 462 1723
HIST 463 1765
HIST 464 1762
HIST 465 1808
HIST 466 1744
HIST 467 1695
HIST 468 1788
HIST 469 1745
HIST 470 1741
HIST 471 1752
HIST 472 1727
HIST 473 1680
HIST 474 1726
HIST 475 1618
HIST 476 1494
HIST 477 1250
HIST 478 1073
HIST 479 972
HIST 480 816
HIST 481 710
HIST 482 696
HIST 483 598
HIST 484 627
HIST 485 579
HIST 486 597
HIST 487 546
HIST 488 499
HIST 489 470
HIST 490 435
HIST 491 466
HIST 492 439
HIST 493 422
HIST 494 418
HIST 495 401
HIST 496 363
HIST 497 363
HIST 498 358
HIST 499 349
HIST 500 363
HIST 501 342
HIST 502 314
HIST 503 316
HIST 504 274
HIST 505 312
HIST 506 283
HIST 507 297
HIST 508 264
HIST 509 288
HIST 510 287
HIST 511 265
HIST 512 294
HIST 513 248
HIST 514 258
HIST 515 220
HIST 516 233
HIST 517 227
HIST 518 228
HIST 519 225
HIST 520 242
HIST 521 203
HIST 522 222
HIST 523 197
HIST 524 220
HIST 525 215
HIST 526 212
HIST 527 190
HIST 528 203
HIST 529 175
HIST 530 186
HIST 531 195
HIST 532 183
HIST 533 170
HIST 534 177
HIST 535 185
HIST 536 167
HIST 537 136
HIST 538 165
HIST 539 160
HIST 540 150
HIST 541 143
HIST 542 147
HIST 543 140
HIST 544 121
HIST 545 146
HIST 546 124
HIST 547 122
HIST 548 119
HIST 549 134
HIST 550 111
HIST 551 114
HIST 552 127
HIST 553 117
HIST 554 117
HIST 555 96
HIST 556 94
HIST 557 102
HIST 558 100
HIST 559 83
HIST 560 97
HIST 561 105
HIST 562 98
HIST 563 112
HIST 564 95
HIST 565 106
HIST 566 119
HIST 567 92
HIST 568 118
HIST 569 93
HIST 570 83
HIST 571 83
HIST 572 78
HIST 573 75
HIST 574 86
HIST 575 79
HIST 576 95
HIST 577 99
HIST 578 84
HIST 579 87
HIST 580 110
HIST 581 93
HIST 582 108
HIST 583 100
HIST 584 102
HIST 585 77
HIST 586 94
HIST 587 88
HIST 588 84
HIST 589 90
HIST 590 78
HIST 591 77
HIST 592 79
HIST 593 78
HIST 594 77
HIST 595 64
HIST 596 67
HIST 597 70
HIST 598 73
HIST 599 73
HIST 600 56
HIST 601 71
HIST 602 65
HIST 603 59
HIST 604 77
HIST 605 58
HIST 606 45
HIST 607 54
HIST 608 50
HIST 609 72
HIST 610 35
HIST 611 41
HIST 612 61
HIST 613 48
HIST 614 51
HIST 615 51
HIST 616 46
HIST 617 43
HIST 618 44
HIST 619 46
HIST 620 51
HIST 621 36
HIST 622 35
HIST 623 38
HIST 624 39
HIST 625 35
HIST 626 75
HIST 627 175
HIST 628 43
HIST 629 610
HIST 630 37
HIST 631 2287
HIST 632 39
HIST 633 1656
HIST 634 39
HIST 635 39
HIST 636 37
HIST 637 37
HIST 638 36
HIST 639 38
HIST 640 37
HIST 641 35
HIST 642 33
HIST 643 36
HIST 644 43
HIST 645 34
HIST 646 40
HIST 647 38
HIST 648 31
HIST 649 34
HIST 650 22
HIST 651 21
HIST 652 41
HIST 653 33
HIST 654 33
HIST 655 35
HIST 656 20
HIST 657 50
HIST 658 62
HIST 659 86
HIST 660 79
HIST 661 32
HIST 662 247490
HISTEND
