область 3 целиком затенена областью 2 — выброшена (в сцене симулятора она тоже недостижима)
SETUP correlatedGamma=0 twoJmax=10 vacuum=1 seed=0 killesc=1 killcarry=0
CUTS (production thresholds per material couple):
 Material : G4_Galactic
 Range cuts        :  gamma  1 mm     e-  1 mm     e+  1 mm  proton 1 mm 
 Energy thresholds :  gamma  990 eV     e-  990 eV     e+  990 eV  proton 100 keV
 Material : scene_mat_3
 Range cuts        :  gamma  1 mm     e-  1 mm     e+  1 mm  proton 1 mm 
 Energy thresholds :  gamma  6.91691 keV    e-  597.603 keV    e+  574.29 keV proton 100 keV
 Material : scene_mat_1
 Range cuts        :  gamma  1 mm     e-  1 mm     e+  1 mm  proton 1 mm 
 Energy thresholds :  gamma  4.39533 keV    e-  541.252 keV    e+  522.087 keV proton 100 keV
 Material : scene_mat_0
 Range cuts        :  gamma  1 mm     e-  1 mm     e+  1 mm  proton 1 mm 
 Energy thresholds :  gamma  38.4662 keV    e-  692.485 keV    e+  658.149 keV proton 100 keV
RESULT decays=40000000
RESULT any=1564266 eps_total=3.910665e-02
RESULT window=1460.820 counts=120587 eps=3.014675e-03
HISTBEGIN bins=1462 bin_kev=1.000000 decays=40000000
HIST 0 755
HIST 1 1739
HIST 2 1796
HIST 3 1837
HIST 4 1804
HIST 5 1899
HIST 6 2051
HIST 7 1919
HIST 8 2019
HIST 9 1881
HIST 10 2006
HIST 11 1966
HIST 12 2070
HIST 13 2035
HIST 14 2007
HIST 15 2021
HIST 16 2022
HIST 17 2059
HIST 18 1969
HIST 19 1941
HIST 20 1896
HIST 21 1930
HIST 22 1952
HIST 23 1972
HIST 24 1900
HIST 25 1936
HIST 26 1983
HIST 27 1898
HIST 28 1907
HIST 29 1917
HIST 30 1842
HIST 31 1832
HIST 32 1820
HIST 33 1777
HIST 34 1866
HIST 35 1788
HIST 36 1825
HIST 37 1673
HIST 38 1821
HIST 39 1765
HIST 40 1753
HIST 41 1775
HIST 42 1704
HIST 43 1714
HIST 44 1726
HIST 45 1683
HIST 46 1692
HIST 47 1696
HIST 48 1728
HIST 49 1722
HIST 50 1660
HIST 51 1696
HIST 52 1664
HIST 53 1600
HIST 54 1668
HIST 55 1588
HIST 56 1686
HIST 57 1570
HIST 58 1580
HIST 59 1630
HIST 60 1574
HIST 61 1606
HIST 62 1560
HIST 63 1535
HIST 64 1579
HIST 65 1603
HIST 66 1553
HIST 67 1541
HIST 68 1579
HIST 69 1619
HIST 70 1579
HIST 71 1603
HIST 72 1554
HIST 73 1565
HIST 74 1549
HIST 75 1558
HIST 76 1456
HIST 77 1457
HIST 78 1533
HIST 79 1477
HIST 80 1541
HIST 81 1427
HIST 82 1467
HIST 83 1481
HIST 84 1428
HIST 85 1541
HIST 86 1531
HIST 87 1424
HIST 88 1409
HIST 89 1427
HIST 90 1404
HIST 91 1473
HIST 92 1424
HIST 93 1503
HIST 94 1476
HIST 95 1441
HIST 96 1480
HIST 97 1510
HIST 98 1386
HIST 99 1448
HIST 100 1386
HIST 101 1432
HIST 102 1471
HIST 103 1419
HIST 104 1355
HIST 105 1455
HIST 106 1428
HIST 107 1342
HIST 108 1415
HIST 109 1428
HIST 110 1406
HIST 111 1427
HIST 112 1381
HIST 113 1405
HIST 114 1416
HIST 115 1315
HIST 116 1367
HIST 117 1387
HIST 118 1374
HIST 119 1359
HIST 120 1437
HIST 121 1342
HIST 122 1386
HIST 123 1332
HIST 124 1351
HIST 125 1326
HIST 126 1373
HIST 127 1376
HIST 128 1353
HIST 129 1404
HIST 130 1335
HIST 131 1358
HIST 132 1302
HIST 133 1357
HIST 134 1350
HIST 135 1394
HIST 136 1375
HIST 137 1391
HIST 138 1386
HIST 139 1286
HIST 140 1359
HIST 141 1334
HIST 142 1376
HIST 143 1286
HIST 144 1356
HIST 145 1358
HIST 146 1308
HIST 147 1287
HIST 148 1270
HIST 149 1261
HIST 150 1337
HIST 151 1336
HIST 152 1389
HIST 153 1329
HIST 154 1295
HIST 155 1340
HIST 156 1290
HIST 157 1281
HIST 158 1285
HIST 159 1305
HIST 160 1257
HIST 161 1332
HIST 162 1226
HIST 163 1334
HIST 164 1316
HIST 165 1364
HIST 166 1342
HIST 167 1293
HIST 168 1235
HIST 169 1302
HIST 170 1276
HIST 171 1193
HIST 172 1296
HIST 173 1279
HIST 174 1361
HIST 175 1285
HIST 176 1254
HIST 177 1225
HIST 178 1318
HIST 179 1248
HIST 180 1270
HIST 181 1261
HIST 182 1221
HIST 183 1293
HIST 184 1214
HIST 185 1235
HIST 186 1253
HIST 187 1231
HIST 188 1284
HIST 189 1241
HIST 190 1277
HIST 191 1252
HIST 192 1261
HIST 193 1243
HIST 194 1266
HIST 195 1311
HIST 196 1271
HIST 197 1240
HIST 198 1195
HIST 199 1296
HIST 200 1244
HIST 201 1162
HIST 202 1275
HIST 203 1277
HIST 204 1202
HIST 205 1229
HIST 206 1210
HIST 207 1263
HIST 208 1244
HIST 209 1233
HIST 210 1228
HIST 211 1220
HIST 212 1216
HIST 213 1303
HIST 214 1224
HIST 215 1225
HIST 216 1266
HIST 217 1302
HIST 218 1429
HIST 219 1443
HIST 220 1493
HIST 221 1458
HIST 222 1511
HIST 223 1551
HIST 224 1557
HIST 225 1500
HIST 226 1568
HIST 227 1491
HIST 228 1470
HIST 229 1499
HIST 230 1542
HIST 231 1482
HIST 232 1555
HIST 233 1473
HIST 234 1533
HIST 235 1539
HIST 236 1480
HIST 237 1520
HIST 238 1461
HIST 239 1542
HIST 240 1446
HIST 241 1517
HIST 242 1468
HIST 243 1477
HIST 244 1435
HIST 245 1542
HIST 246 1498
HIST 247 1452
HIST 248 1452
HIST 249 1382
HIST 250 1474
HIST 251 1409
HIST 252 1470
HIST 253 1380
HIST 254 1437
HIST 255 1342
HIST 256 1428
HIST 257 1406
HIST 258 1501
HIST 259 1380
HIST 260 1394
HIST 261 1384
HIST 262 1461
HIST 263 1392
HIST 264 1369
HIST 265 1417
HIST 266 1364
HIST 267 1395
HIST 268 1389
HIST 269 1326
HIST 270 1329
HIST 271 1333
HIST 272 1336
HIST 273 1286
HIST 274 1332
HIST 275 1323
HIST 276 1329
HIST 277 1333
HIST 278 1260
HIST 279 1308
HIST 280 1312
HIST 281 1332
HIST 282 1367
HIST 283 1337
HIST 284 1324
HIST 285 1290
HIST 286 1270
HIST 287 1230
HIST 288 1260
HIST 289 1314
HIST 290 1259
HIST 291 1310
HIST 292 1255
HIST 293 1287
HIST 294 1311
HIST 295 1247
HIST 296 1250
HIST 297 1214
HIST 298 1298
HIST 299 1221
HIST 300 1282
HIST 301 1235
HIST 302 1133
HIST 303 1233
HIST 304 1222
HIST 305 1195
HIST 306 1243
HIST 307 1227
HIST 308 1178
HIST 309 1200
HIST 310 1198
HIST 311 1266
HIST 312 1191
HIST 313 1162
HIST 314 1161
HIST 315 1205
HIST 316 1241
HIST 317 1192
HIST 318 1164
HIST 319 1160
HIST 320 1218
HIST 321 1154
HIST 322 1184
HIST 323 1178
HIST 324 1146
HIST 325 1174
HIST 326 1149
HIST 327 1188
HIST 328 1199
HIST 329 1138
HIST 330 1120
HIST 331 1160
HIST 332 1212
HIST 333 1169
HIST 334 1138
HIST 335 1172
HIST 336 1125
HIST 337 1093
HIST 338 1162
HIST 339 1188
HIST 340 1138
HIST 341 1132
HIST 342 1189
HIST 343 1153
HIST 344 1154
HIST 345 1126
HIST 346 1145
HIST 347 1089
HIST 348 1148
HIST 349 1121
HIST 350 1115
HIST 351 1113
HIST 352 1152
HIST 353 1125
HIST 354 1087
HIST 355 1102
HIST 356 1112
HIST 357 1063
HIST 358 1155
HIST 359 1098
HIST 360 1073
HIST 361 1108
HIST 362 1118
HIST 363 1135
HIST 364 1108
HIST 365 1090
HIST 366 1096
HIST 367 1040
HIST 368 1088
HIST 369 1134
HIST 370 1043
HIST 371 1105
HIST 372 1028
HIST 373 1075
HIST 374 1105
HIST 375 1068
HIST 376 1063
HIST 377 1102
HIST 378 1030
HIST 379 1094
HIST 380 1070
HIST 381 1066
HIST 382 1070
HIST 383 1080
HIST 384 1062
HIST 385 1060
HIST 386 1046
HIST 387 1049
HIST 388 1079
HIST 389 1074
HIST 390 1066
HIST 391 1054
HIST 392 1063
HIST 393 1059
HIST 394 1059
HIST 395 1081
HIST 396 1048
HIST 397 1070
HIST 398 1033
HIST 399 1094
HIST 400 1107
HIST 401 1034
HIST 402 1053
HIST 403 1060
HIST 404 1069
HIST 405 1037
HIST 406 1012
HIST 407 1045
HIST 408 989
HIST 409 1008
HIST 410 1046
HIST 411 958
HIST 412 1036
HIST 413 1083
HIST 414 1031
HIST 415 981
HIST 416 1022
HIST 417 1028
HIST 418 1016
HIST 419 1073
HIST 420 972
HIST 421 1000
HIST 422 992
HIST 423 1064
HIST 424 1083
HIST 425 1015
HIST 426 1035
HIST 427 1046
HIST 428 970
HIST 429 1023
HIST 430 1008
HIST 431 961
HIST 432 1034
HIST 433 1006
HIST 434 1087
HIST 435 946
HIST 436 975
HIST 437 1056
HIST 438 1009
HIST 439 16060
HIST 440 1050
HIST 441 1013
HIST 442 967
HIST 443 1057
HIST 444 1033
HIST 445 1039
HIST 446 1028
HIST 447 1005
HIST 448 1008
HIST 449 1047
HIST 450 948
HIST 451 1020
HIST 452 987
HIST 453 1010
HIST 454 1002
HIST 455 1027
HIST 456 1021
HIST 457 952
HIST 458 999
HIST 459 1108
HIST 460 1011
HIST 461 1026
HIST 462 981
HIST 463 1033
HIST 464 1019
HIST 465 1040
HIST 466 960
HIST 467 952
HIST 468 1046
HIST 469 1061
HIST 470 1001
HIST 471 1026
HIST 472 978
HIST 473 1053
HIST 474 1012
HIST 475 987
HIST 476 982
HIST 477 957
HIST 478 1009
HIST 479 990
HIST 480 941
HIST 481 932
HIST 482 959
HIST 483 1009
HIST 484 968
HIST 485 1007
HIST 486 1018
HIST 487 972
HIST 488 958
HIST 489 1001
HIST 490 974
HIST 491 938
HIST 492 968
HIST 493 981
HIST 494 979
HIST 495 1038
HIST 496 1039
HIST 497 967
HIST 498 973
HIST 499 952
HIST 500 1025
HIST 501 976
HIST 502 989
HIST 503 1066
HIST 504 942
HIST 505 1033
HIST 506 979
HIST 507 937
HIST 508 960
HIST 509 926
HIST 510 1040
HIST 511 1090
HIST 512 971
HIST 513 957
HIST 514 1001
HIST 515 922
HIST 516 1011
HIST 517 996
HIST 518 946
HIST 519 983
HIST 520 928
HIST 521 916
HIST 522 987
HIST 523 971
HIST 524 1013
HIST 525 983
HIST 526 966
HIST 527 957
HIST 528 961
HIST 529 982
HIST 530 978
HIST 531 980
HIST 532 995
HIST 533 996
HIST 534 937
HIST 535 968
HIST 536 952
HIST 537 922
HIST 538 931
HIST 539 970
HIST 540 943
HIST 541 908
HIST 542 1007
HIST 543 975
HIST 544 972
HIST 545 942
HIST 546 915
HIST 547 967
HIST 548 922
HIST 549 943
HIST 550 988
HIST 551 952
HIST 552 924
HIST 553 958
HIST 554 940
HIST 555 956
HIST 556 978
HIST 557 950
HIST 558 895
HIST 559 959
HIST 560 987
HIST 561 919
HIST 562 927
HIST 563 941
HIST 564 954
HIST 565 1024
HIST 566 999
HIST 567 917
HIST 568 966
HIST 569 943
HIST 570 936
HIST 571 947
HIST 572 969
HIST 573 916
HIST 574 939
HIST 575 955
HIST 576 955
HIST 577 972
HIST 578 906
HIST 579 999
HIST 580 925
HIST 581 922
HIST 582 988
HIST 583 955
HIST 584 973
HIST 585 881
HIST 586 949
HIST 587 1007
HIST 588 916
HIST 589 964
HIST 590 925
HIST 591 948
HIST 592 985
HIST 593 1003
HIST 594 930
HIST 595 894
HIST 596 933
HIST 597 901
HIST 598 920
HIST 599 991
HIST 600 952
HIST 601 947
HIST 602 928
HIST 603 908
HIST 604 954
HIST 605 857
HIST 606 955
HIST 607 926
HIST 608 928
HIST 609 897
HIST 610 913
HIST 611 876
HIST 612 874
HIST 613 923
HIST 614 877
HIST 615 956
HIST 616 954
HIST 617 994
HIST 618 852
HIST 619 915
HIST 620 938
HIST 621 911
HIST 622 951
HIST 623 943
HIST 624 890
HIST 625 889
HIST 626 930
HIST 627 869
HIST 628 969
HIST 629 908
HIST 630 911
HIST 631 889
HIST 632 927
HIST 633 895
HIST 634 923
HIST 635 919
HIST 636 907
HIST 637 873
HIST 638 904
HIST 639 914
HIST 640 927
HIST 641 896
HIST 642 912
HIST 643 924
HIST 644 896
HIST 645 930
HIST 646 897
HIST 647 855
HIST 648 899
HIST 649 897
HIST 650 915
HIST 651 949
HIST 652 892
HIST 653 958
HIST 654 933
HIST 655 857
HIST 656 944
HIST 657 936
HIST 658 909
HIST 659 887
HIST 660 950
HIST 661 864
HIST 662 931
HIST 663 838
HIST 664 949
HIST 665 896
HIST 666 905
HIST 667 908
HIST 668 961
HIST 669 960
HIST 670 870
HIST 671 938
HIST 672 874
HIST 673 910
HIST 674 929
HIST 675 952
HIST 676 827
HIST 677 866
HIST 678 886
HIST 679 881
HIST 680 911
HIST 681 878
HIST 682 937
HIST 683 906
HIST 684 863
HIST 685 995
HIST 686 854
HIST 687 939
HIST 688 955
HIST 689 917
HIST 690 886
HIST 691 893
HIST 692 858
HIST 693 943
HIST 694 871
HIST 695 932
HIST 696 885
HIST 697 894
HIST 698 875
HIST 699 950
HIST 700 889
HIST 701 872
HIST 702 843
HIST 703 879
HIST 704 859
HIST 705 950
HIST 706 911
HIST 707 892
HIST 708 942
HIST 709 904
HIST 710 907
HIST 711 946
HIST 712 867
HIST 713 908
HIST 714 908
HIST 715 871
HIST 716 921
HIST 717 957
HIST 718 898
HIST 719 897
HIST 720 930
HIST 721 893
HIST 722 898
HIST 723 835
HIST 724 877
HIST 725 904
HIST 726 926
HIST 727 913
HIST 728 867
HIST 729 901
HIST 730 860
HIST 731 931
HIST 732 885
HIST 733 938
HIST 734 878
HIST 735 931
HIST 736 904
HIST 737 940
HIST 738 870
HIST 739 929
HIST 740 933
HIST 741 860
HIST 742 865
HIST 743 897
HIST 744 874
HIST 745 895
HIST 746 882
HIST 747 834
HIST 748 880
HIST 749 911
HIST 750 858
HIST 751 916
HIST 752 917
HIST 753 910
HIST 754 882
HIST 755 849
HIST 756 983
HIST 757 897
HIST 758 960
HIST 759 914
HIST 760 913
HIST 761 902
HIST 762 898
HIST 763 909
HIST 764 903
HIST 765 931
HIST 766 943
HIST 767 833
HIST 768 929
HIST 769 889
HIST 770 907
HIST 771 864
HIST 772 867
HIST 773 959
HIST 774 897
HIST 775 884
HIST 776 906
HIST 777 885
HIST 778 888
HIST 779 975
HIST 780 860
HIST 781 903
HIST 782 894
HIST 783 815
HIST 784 897
HIST 785 873
HIST 786 918
HIST 787 855
HIST 788 843
HIST 789 877
HIST 790 840
HIST 791 900
HIST 792 922
HIST 793 857
HIST 794 872
HIST 795 833
HIST 796 901
HIST 797 870
HIST 798 893
HIST 799 915
HIST 800 855
HIST 801 850
HIST 802 900
HIST 803 869
HIST 804 877
HIST 805 902
HIST 806 909
HIST 807 852
HIST 808 921
HIST 809 908
HIST 810 942
HIST 811 883
HIST 812 906
HIST 813 893
HIST 814 875
HIST 815 889
HIST 816 906
HIST 817 883
HIST 818 915
HIST 819 916
HIST 820 894
HIST 821 842
HIST 822 911
HIST 823 921
HIST 824 903
HIST 825 950
HIST 826 914
HIST 827 894
HIST 828 876
HIST 829 923
HIST 830 882
HIST 831 941
HIST 832 871
HIST 833 866
HIST 834 881
HIST 835 880
HIST 836 956
HIST 837 921
HIST 838 888
HIST 839 924
HIST 840 892
HIST 841 847
HIST 842 893
HIST 843 978
HIST 844 886
HIST 845 869
HIST 846 879
HIST 847 922
HIST 848 903
HIST 849 898
HIST 850 877
HIST 851 829
HIST 852 886
HIST 853 867
HIST 854 915
HIST 855 948
HIST 856 890
HIST 857 921
HIST 858 870
HIST 859 880
HIST 860 888
HIST 861 879
HIST 862 912
HIST 863 897
HIST 864 927
HIST 865 894
HIST 866 916
HIST 867 959
HIST 868 932
HIST 869 933
HIST 870 891
HIST 871 912
HIST 872 890
HIST 873 888
HIST 874 938
HIST 875 918
HIST 876 927
HIST 877 888
HIST 878 878
HIST 879 889
HIST 880 894
HIST 881 957
HIST 882 934
HIST 883 934
HIST 884 897
HIST 885 885
HIST 886 908
HIST 887 886
HIST 888 903
HIST 889 885
HIST 890 913
HIST 891 895
HIST 892 872
HIST 893 882
HIST 894 913
HIST 895 915
HIST 896 851
HIST 897 936
HIST 898 904
HIST 899 918
HIST 900 948
HIST 901 888
HIST 902 928
HIST 903 875
HIST 904 893
HIST 905 900
HIST 906 925
HIST 907 920
HIST 908 892
HIST 909 900
HIST 910 960
HIST 911 937
HIST 912 902
HIST 913 948
HIST 914 946
HIST 915 901
HIST 916 934
HIST 917 874
HIST 918 953
HIST 919 977
HIST 920 874
HIST 921 902
HIST 922 894
HIST 923 865
HIST 924 898
HIST 925 924
HIST 926 885
HIST 927 981
HIST 928 906
HIST 929 911
HIST 930 963
HIST 931 889
HIST 932 940
HIST 933 967
HIST 934 857
HIST 935 951
HIST 936 950
HIST 937 938
HIST 938 890
HIST 939 887
HIST 940 914
HIST 941 911
HIST 942 940
HIST 943 934
HIST 944 920
HIST 945 967
HIST 946 935
HIST 947 955
HIST 948 898
HIST 949 949
HIST 950 3124
HIST 951 1011
HIST 952 922
HIST 953 924
HIST 954 960
HIST 955 931
HIST 956 972
HIST 957 920
HIST 958 949
HIST 959 891
HIST 960 947
HIST 961 962
HIST 962 863
HIST 963 915
HIST 964 919
HIST 965 899
HIST 966 904
HIST 967 931
HIST 968 993
HIST 969 967
HIST 970 958
HIST 971 939
HIST 972 954
HIST 973 968
HIST 974 996
HIST 975 943
HIST 976 936
HIST 977 956
HIST 978 993
HIST 979 926
HIST 980 933
HIST 981 983
HIST 982 937
HIST 983 884
HIST 984 941
HIST 985 951
HIST 986 890
HIST 987 1027
HIST 988 974
HIST 989 974
HIST 990 982
HIST 991 981
HIST 992 948
HIST 993 941
HIST 994 960
HIST 995 978
HIST 996 1015
HIST 997 933
HIST 998 974
HIST 999 988
HIST 1000 1007
HIST 1001 925
HIST 1002 985
HIST 1003 996
HIST 1004 954
HIST 1005 995
HIST 1006 945
HIST 1007 926
HIST 1008 959
HIST 1009 993
HIST 1010 957
HIST 1011 963
HIST 1012 1045
HIST 1013 950
HIST 1014 939
HIST 1015 950
HIST 1016 1013
HIST 1017 943
HIST 1018 965
HIST 1019 949
HIST 1020 960
HIST 1021 963
HIST 1022 979
HIST 1023 993
HIST 1024 1001
HIST 1025 993
HIST 1026 956
HIST 1027 975
HIST 1028 978
HIST 1029 979
HIST 1030 1019
HIST 1031 989
HIST 1032 997
HIST 1033 986
HIST 1034 984
HIST 1035 992
HIST 1036 1016
HIST 1037 988
HIST 1038 959
HIST 1039 986
HIST 1040 1019
HIST 1041 1024
HIST 1042 994
HIST 1043 992
HIST 1044 991
HIST 1045 1026
HIST 1046 1015
HIST 1047 1024
HIST 1048 969
HIST 1049 1009
HIST 1050 1008
HIST 1051 1042
HIST 1052 1001
HIST 1053 1026
HIST 1054 1062
HIST 1055 1020
HIST 1056 1020
HIST 1057 1034
HIST 1058 1048
HIST 1059 1033
HIST 1060 1005
HIST 1061 1008
HIST 1062 1024
HIST 1063 971
HIST 1064 1000
HIST 1065 1084
HIST 1066 1040
HIST 1067 1025
HIST 1068 1019
HIST 1069 1007
HIST 1070 975
HIST 1071 1028
HIST 1072 1024
HIST 1073 1091
HIST 1074 1029
HIST 1075 1062
HIST 1076 988
HIST 1077 1054
HIST 1078 1127
HIST 1079 1084
HIST 1080 1087
HIST 1081 1042
HIST 1082 1077
HIST 1083 1092
HIST 1084 1071
HIST 1085 1094
HIST 1086 989
HIST 1087 1031
HIST 1088 1098
HIST 1089 1145
HIST 1090 1070
HIST 1091 1045
HIST 1092 1058
HIST 1093 1109
HIST 1094 1089
HIST 1095 1071
HIST 1096 1082
HIST 1097 1086
HIST 1098 1071
HIST 1099 1195
HIST 1100 1143
HIST 1101 1094
HIST 1102 1088
HIST 1103 1009
HIST 1104 1098
HIST 1105 1102
HIST 1106 1106
HIST 1107 1037
HIST 1108 1079
HIST 1109 1110
HIST 1110 1150
HIST 1111 1075
HIST 1112 1076
HIST 1113 1159
HIST 1114 1148
HIST 1115 1137
HIST 1116 1101
HIST 1117 1094
HIST 1118 1112
HIST 1119 1096
HIST 1120 1094
HIST 1121 1100
HIST 1122 1126
HIST 1123 1149
HIST 1124 1121
HIST 1125 1157
HIST 1126 1175
HIST 1127 1183
HIST 1128 1123
HIST 1129 1151
HIST 1130 1201
HIST 1131 1156
HIST 1132 1136
HIST 1133 1111
HIST 1134 1179
HIST 1135 1150
HIST 1136 1188
HIST 1137 1177
HIST 1138 1191
HIST 1139 1230
HIST 1140 1173
HIST 1141 1260
HIST 1142 1222
HIST 1143 1263
HIST 1144 1169
HIST 1145 1174
HIST 1146 1215
HIST 1147 1136
HIST 1148 1247
HIST 1149 1207
HIST 1150 1240
HIST 1151 1212
HIST 1152 1192
HIST 1153 1245
HIST 1154 1237
HIST 1155 1242
HIST 1156 1243
HIST 1157 1174
HIST 1158 1177
HIST 1159 1190
HIST 1160 1218
HIST 1161 1259
HIST 1162 1264
HIST 1163 1219
HIST 1164 1232
HIST 1165 1250
HIST 1166 1270
HIST 1167 1204
HIST 1168 1263
HIST 1169 1237
HIST 1170 1312
HIST 1171 1263
HIST 1172 1278
HIST 1173 1251
HIST 1174 1285
HIST 1175 1261
HIST 1176 1271
HIST 1177 1297
HIST 1178 1274
HIST 1179 1229
HIST 1180 1296
HIST 1181 1195
HIST 1182 1279
HIST 1183 1285
HIST 1184 1278
HIST 1185 1370
HIST 1186 1274
HIST 1187 1357
HIST 1188 1294
HIST 1189 1266
HIST 1190 1351
HIST 1191 1267
HIST 1192 1351
HIST 1193 1371
HIST 1194 1370
HIST 1195 1307
HIST 1196 1325
HIST 1197 1343
HIST 1198 1372
HIST 1199 1358
HIST 1200 1408
HIST 1201 1369
HIST 1202 1317
HIST 1203 1418
HIST 1204 1406
HIST 1205 1404
HIST 1206 1412
HIST 1207 1336
HIST 1208 1469
HIST 1209 1449
HIST 1210 1342
HIST 1211 1396
HIST 1212 1352
HIST 1213 1399
HIST 1214 1409
HIST 1215 1335
HIST 1216 1397
HIST 1217 1349
HIST 1218 1389
HIST 1219 1461
HIST 1220 1374
HIST 1221 1443
HIST 1222 1434
HIST 1223 1435
HIST 1224 1369
HIST 1225 1450
HIST 1226 1376
HIST 1227 1502
HIST 1228 1393
HIST 1229 1420
HIST 1230 1390
HIST 1231 1390
HIST 1232 1399
HIST 1233 1440
HIST 1234 1500
HIST 1235 1459
HIST 1236 1431
HIST 1237 1347
HIST 1238 1413
HIST 1239 1249
HIST 1240 1300
HIST 1241 1201
HIST 1242 1256
HIST 1243 1074
HIST 1244 888
HIST 1245 718
HIST 1246 699
HIST 1247 636
HIST 1248 583
HIST 1249 559
HIST 1250 519
HIST 1251 467
HIST 1252 459
HIST 1253 484
HIST 1254 417
HIST 1255 400
HIST 1256 427
HIST 1257 387
HIST 1258 435
HIST 1259 430
HIST 1260 372
HIST 1261 350
HIST 1262 355
HIST 1263 331
HIST 1264 368
HIST 1265 341
HIST 1266 316
HIST 1267 347
HIST 1268 297
HIST 1269 332
HIST 1270 259
HIST 1271 301
HIST 1272 300
HIST 1273 291
HIST 1274 276
HIST 1275 313
HIST 1276 277
HIST 1277 260
HIST 1278 247
HIST 1279 258
HIST 1280 276
HIST 1281 255
HIST 1282 284
HIST 1283 234
HIST 1284 217
HIST 1285 255
HIST 1286 217
HIST 1287 226
HIST 1288 221
HIST 1289 211
HIST 1290 242
HIST 1291 211
HIST 1292 190
HIST 1293 209
HIST 1294 205
HIST 1295 217
HIST 1296 206
HIST 1297 212
HIST 1298 174
HIST 1299 192
HIST 1300 195
HIST 1301 203
HIST 1302 184
HIST 1303 193
HIST 1304 168
HIST 1305 136
HIST 1306 169
HIST 1307 172
HIST 1308 188
HIST 1309 162
HIST 1310 165
HIST 1311 146
HIST 1312 175
HIST 1313 167
HIST 1314 161
HIST 1315 155
HIST 1316 171
HIST 1317 126
HIST 1318 159
HIST 1319 129
HIST 1320 137
HIST 1321 134
HIST 1322 110
HIST 1323 122
HIST 1324 127
HIST 1325 103
HIST 1326 126
HIST 1327 117
HIST 1328 113
HIST 1329 116
HIST 1330 97
HIST 1331 119
HIST 1332 119
HIST 1333 106
HIST 1334 106
HIST 1335 78
HIST 1336 76
HIST 1337 86
HIST 1338 87
HIST 1339 93
HIST 1340 80
HIST 1341 67
HIST 1342 80
HIST 1343 62
HIST 1344 72
HIST 1345 81
HIST 1346 65
HIST 1347 81
HIST 1348 75
HIST 1349 73
HIST 1350 75
HIST 1351 69
HIST 1352 79
HIST 1353 88
HIST 1354 77
HIST 1355 66
HIST 1356 70
HIST 1357 71
HIST 1358 62
HIST 1359 58
HIST 1360 63
HIST 1361 46
HIST 1362 53
HIST 1363 63
HIST 1364 45
HIST 1365 56
HIST 1366 44
HIST 1367 62
HIST 1368 43
HIST 1369 55
HIST 1370 46
HIST 1371 44
HIST 1372 52
HIST 1373 44
HIST 1374 46
HIST 1375 59
HIST 1376 41
HIST 1377 37
HIST 1378 35
HIST 1379 36
HIST 1380 44
HIST 1381 41
HIST 1382 37
HIST 1383 38
HIST 1384 37
HIST 1385 34
HIST 1386 40
HIST 1387 35
HIST 1388 32
HIST 1389 28
HIST 1390 29
HIST 1391 41
HIST 1392 27
HIST 1393 31
HIST 1394 39
HIST 1395 24
HIST 1396 25
HIST 1397 22
HIST 1398 34
HIST 1399 28
HIST 1400 29
HIST 1401 30
HIST 1402 28
HIST 1403 16
HIST 1404 27
HIST 1405 25
HIST 1406 19
HIST 1407 18
HIST 1408 23
HIST 1409 21
HIST 1410 17
HIST 1411 13
HIST 1412 17
HIST 1413 18
HIST 1414 17
HIST 1415 14
HIST 1416 16
HIST 1417 15
HIST 1418 30
HIST 1419 20
HIST 1420 13
HIST 1421 13
HIST 1422 18
HIST 1423 7
HIST 1424 14
HIST 1425 17
HIST 1426 79
HIST 1427 15
HIST 1428 60
HIST 1429 249
HIST 1430 1022
HIST 1431 13
HIST 1432 452
HIST 1433 293
HIST 1434 21
HIST 1435 11
HIST 1436 13
HIST 1437 10
HIST 1438 15
HIST 1439 12
HIST 1440 15
HIST 1441 11
HIST 1442 15
HIST 1443 13
HIST 1444 11
HIST 1445 8
HIST 1446 6
HIST 1447 7
HIST 1448 6
HIST 1449 5
HIST 1450 7
HIST 1451 12
HIST 1452 9
HIST 1453 12
HIST 1454 8
HIST 1455 8
HIST 1456 9
HIST 1457 22
HIST 1458 33
HIST 1459 25
HIST 1460 9
HIST 1461 120585
HISTEND
