область 3 целиком затенена областью 2 — выброшена (в сцене симулятора она тоже недостижима)
SETUP correlatedGamma=0 twoJmax=10 vacuum=1 seed=0 killesc=0 killcarry=0
CUTS (production thresholds per material couple):
 Material : G4_Galactic
 Range cuts        :  gamma  1 mm     e-  1 mm     e+  1 mm  proton 1 mm 
 Energy thresholds :  gamma  990 eV     e-  990 eV     e+  990 eV  proton 100 keV
 Material : scene_mat_3
 Range cuts        :  gamma  1 mm     e-  1 mm     e+  1 mm  proton 1 mm 
 Energy thresholds :  gamma  6.91691 keV    e-  597.603 keV    e+  574.29 keV proton 100 keV
 Material : scene_mat_1
 Range cuts        :  gamma  1 mm     e-  1 mm     e+  1 mm  proton 1 mm 
 Energy thresholds :  gamma  4.39533 keV    e-  541.252 keV    e+  522.087 keV proton 100 keV
 Material : scene_mat_0
 Range cuts        :  gamma  1 mm     e-  1 mm     e+  1 mm  proton 1 mm 
 Energy thresholds :  gamma  38.4662 keV    e-  692.485 keV    e+  658.149 keV proton 100 keV
RESULT decays=20000000
RESULT any=1115352 eps_total=5.576760e-02
RESULT window=661.657 counts=247498 eps=1.237490e-02
HISTBEGIN bins=663 bin_kev=1.000000 decays=20000000
HIST 0 535
HIST 1 1712
HIST 2 1848
HIST 3 1897
HIST 4 1841
HIST 5 1968
HIST 6 2153
HIST 7 2180
HIST 8 2224
HIST 9 2082
HIST 10 2097
HIST 11 2120
HIST 12 2301
HIST 13 2127
HIST 14 2108
HIST 15 2086
HIST 16 2166
HIST 17 2159
HIST 18 2143
HIST 19 2048
HIST 20 2088
HIST 21 2146
HIST 22 2143
HIST 23 2133
HIST 24 2129
HIST 25 1962
HIST 26 2126
HIST 27 2058
HIST 28 2106
HIST 29 2033
HIST 30 2127
HIST 31 2105
HIST 32 1986
HIST 33 2096
HIST 34 2056
HIST 35 2008
HIST 36 2077
HIST 37 2002
HIST 38 2015
HIST 39 2077
HIST 40 2104
HIST 41 2008
HIST 42 2092
HIST 43 2037
HIST 44 2057
HIST 45 1985
HIST 46 1972
HIST 47 1937
HIST 48 2026
HIST 49 2015
HIST 50 1960
HIST 51 2044
HIST 52 2067
HIST 53 1960
HIST 54 1948
HIST 55 2017
HIST 56 2079
HIST 57 2006
HIST 58 2010
HIST 59 1971
HIST 60 1925
HIST 61 1993
HIST 62 2004
HIST 63 1892
HIST 64 1962
HIST 65 1986
HIST 66 1849
HIST 67 1984
HIST 68 1920
HIST 69 1919
HIST 70 1860
HIST 71 1835
HIST 72 1913
HIST 73 1953
HIST 74 1896
HIST 75 1896
HIST 76 1876
HIST 77 1905
HIST 78 1926
HIST 79 1894
HIST 80 1855
HIST 81 1887
HIST 82 1890
HIST 83 1881
HIST 84 1936
HIST 85 1874
HIST 86 1853
HIST 87 1883
HIST 88 1945
HIST 89 1875
HIST 90 1820
HIST 91 1862
HIST 92 1819
HIST 93 1835
HIST 94 1857
HIST 95 1920
HIST 96 1840
HIST 97 1808
HIST 98 1782
HIST 99 1822
HIST 100 1720
HIST 101 1767
HIST 102 1781
HIST 103 1838
HIST 104 1825
HIST 105 1740
HIST 106 1835
HIST 107 1812
HIST 108 1792
HIST 109 1736
HIST 110 1848
HIST 111 1720
HIST 112 1743
HIST 113 1725
HIST 114 1804
HIST 115 1760
HIST 116 1793
HIST 117 1863
HIST 118 1853
HIST 119 1815
HIST 120 1772
HIST 121 1818
HIST 122 1795
HIST 123 1759
HIST 124 1701
HIST 125 1728
HIST 126 1796
HIST 127 1817
HIST 128 1772
HIST 129 1740
HIST 130 1754
HIST 131 1765
HIST 132 1765
HIST 133 1750
HIST 134 1755
HIST 135 1683
HIST 136 1783
HIST 137 1673
HIST 138 1722
HIST 139 1777
HIST 140 1731
HIST 141 1741
HIST 142 1677
HIST 143 1740
HIST 144 1706
HIST 145 1741
HIST 146 1695
HIST 147 1639
HIST 148 1749
HIST 149 1683
HIST 150 1690
HIST 151 1734
HIST 152 1739
HIST 153 1681
HIST 154 1687
HIST 155 1703
HIST 156 1684
HIST 157 1726
HIST 158 1700
HIST 159 1748
HIST 160 1661
HIST 161 1694
HIST 162 1652
HIST 163 1671
HIST 164 1770
HIST 165 1687
HIST 166 1806
HIST 167 1683
HIST 168 1757
HIST 169 1728
HIST 170 1628
HIST 171 1646
HIST 172 1687
HIST 173 1645
HIST 174 1622
HIST 175 1681
HIST 176 1708
HIST 177 1745
HIST 178 1703
HIST 179 1720
HIST 180 1702
HIST 181 1691
HIST 182 1784
HIST 183 1831
HIST 184 1827
HIST 185 1977
HIST 186 2043
HIST 187 2055
HIST 188 2051
HIST 189 2182
HIST 190 2237
HIST 191 2187
HIST 192 2147
HIST 193 2172
HIST 194 2203
HIST 195 2175
HIST 196 2212
HIST 197 2071
HIST 198 2083
HIST 199 2184
HIST 200 2179
HIST 201 2224
HIST 202 2109
HIST 203 2076
HIST 204 2080
HIST 205 2152
HIST 206 1970
HIST 207 2039
HIST 208 2077
HIST 209 2007
HIST 210 2023
HIST 211 2018
HIST 212 2043
HIST 213 2032
HIST 214 1986
HIST 215 2094
HIST 216 1955
HIST 217 2009
HIST 218 1936
HIST 219 1975
HIST 220 1963
HIST 221 1946
HIST 222 1993
HIST 223 1888
HIST 224 1915
HIST 225 1976
HIST 226 1901
HIST 227 1956
HIST 228 1846
HIST 229 1906
HIST 230 1835
HIST 231 1826
HIST 232 1809
HIST 233 1877
HIST 234 1888
HIST 235 1797
HIST 236 1904
HIST 237 1907
HIST 238 1858
HIST 239 1806
HIST 240 1828
HIST 241 1869
HIST 242 1785
HIST 243 1793
HIST 244 1797
HIST 245 1795
HIST 246 1784
HIST 247 1817
HIST 248 1737
HIST 249 1740
HIST 250 1752
HIST 251 1658
HIST 252 1740
HIST 253 1698
HIST 254 1624
HIST 255 1683
HIST 256 1770
HIST 257 1665
HIST 258 1706
HIST 259 1660
HIST 260 1600
HIST 261 1631
HIST 262 1704
HIST 263 1670
HIST 264 1653
HIST 265 1622
HIST 266 1634
HIST 267 1589
HIST 268 1652
HIST 269 1541
HIST 270 1673
HIST 271 1578
HIST 272 1565
HIST 273 1620
HIST 274 1609
HIST 275 1601
HIST 276 1565
HIST 277 1533
HIST 278 1551
HIST 279 1563
HIST 280 1581
HIST 281 1571
HIST 282 1587
HIST 283 1551
HIST 284 1606
HIST 285 1529
HIST 286 1547
HIST 287 1549
HIST 288 1573
HIST 289 1580
HIST 290 1563
HIST 291 1524
HIST 292 1560
HIST 293 1501
HIST 294 1482
HIST 295 1549
HIST 296 1502
HIST 297 1569
HIST 298 1493
HIST 299 1536
HIST 300 1563
HIST 301 1454
HIST 302 1612
HIST 303 1507
HIST 304 1549
HIST 305 1469
HIST 306 1500
HIST 307 1576
HIST 308 1404
HIST 309 1532
HIST 310 1469
HIST 311 1526
HIST 312 1470
HIST 313 1550
HIST 314 1621
HIST 315 1437
HIST 316 1514
HIST 317 1548
HIST 318 1445
HIST 319 1514
HIST 320 1466
HIST 321 1495
HIST 322 1490
HIST 323 1410
HIST 324 1499
HIST 325 1557
HIST 326 1444
HIST 327 1476
HIST 328 1511
HIST 329 1493
HIST 330 1438
HIST 331 1461
HIST 332 1484
HIST 333 1466
HIST 334 1485
HIST 335 1490
HIST 336 1418
HIST 337 1500
HIST 338 1532
HIST 339 1415
HIST 340 1439
HIST 341 1475
HIST 342 1460
HIST 343 1480
HIST 344 1445
HIST 345 1487
HIST 346 1475
HIST 347 1532
HIST 348 1497
HIST 349 1444
HIST 350 1396
HIST 351 1442
HIST 352 1486
HIST 353 1415
HIST 354 1450
HIST 355 1433
HIST 356 1484
HIST 357 1507
HIST 358 1390
HIST 359 1498
HIST 360 1422
HIST 361 1450
HIST 362 1486
HIST 363 1472
HIST 364 1461
HIST 365 1420
HIST 366 1438
HIST 367 1396
HIST 368 1478
HIST 369 1529
HIST 370 1440
HIST 371 1463
HIST 372 1512
HIST 373 1489
HIST 374 1494
HIST 375 1499
HIST 376 1527
HIST 377 1472
HIST 378 1461
HIST 379 1458
HIST 380 1469
HIST 381 1507
HIST 382 1478
HIST 383 1493
HIST 384 1526
HIST 385 1538
HIST 386 1533
HIST 387 1519
HIST 388 1471
HIST 389 1503
HIST 390 1476
HIST 391 1445
HIST 392 1504
HIST 393 1559
HIST 394 1491
HIST 395 1532
HIST 396 1505
HIST 397 1552
HIST 398 1462
HIST 399 1582
HIST 400 1510
HIST 401 1550
HIST 402 1547
HIST 403 1502
HIST 404 1523
HIST 405 1571
HIST 406 1612
HIST 407 1474
HIST 408 1583
HIST 409 1492
HIST 410 1529
HIST 411 1486
HIST 412 1571
HIST 413 1534
HIST 414 1655
HIST 415 1536
HIST 416 1474
HIST 417 1551
HIST 418 1577
HIST 419 1655
HIST 420 1594
HIST 421 1630
HIST 422 1635
HIST 423 1558
HIST 424 1588
HIST 425 1682
HIST 426 1617
HIST 427 1570
HIST 428 1684
HIST 429 1724
HIST 430 1671
HIST 431 1736
HIST 432 1712
HIST 433 1682
HIST 434 1677
HIST 435 1695
HIST 436 1659
HIST 437 1595
HIST 438 1665
HIST 439 1625
HIST 440 1700
HIST 441 1671
HIST 442 1633
HIST 443 1675
HIST 444 1664
HIST 445 1650
HIST 446 1725
HIST 447 1642
HIST 448 1807
HIST 449 1755
HIST 450 1748
HIST 451 1695
HIST 452 1713
HIST 453 1708
HIST 454 1761
HIST 455 1725
HIST 456 1801
HIST 457 1781
HIST 458 1781
HIST 459 1855
HIST 460 1700
HIST 461 1803
HIST 462 1744
HIST 463 1787
HIST 464 1781
HIST 465 1828
HIST 466 1758
HIST 467 1705
HIST 468 1808
HIST 469 1757
HIST 470 1748
HIST 471 1770
HIST 472 1741
HIST 473 1691
HIST 474 1730
HIST 475 1626
HIST 476 1499
HIST 477 1258
HIST 478 1082
HIST 479 988
HIST 480 818
HIST 481 715
HIST 482 701
HIST 483 604
HIST 484 632
HIST 485 588
HIST 486 601
HIST 487 554
HIST 488 511
HIST 489 481
HIST 490 446
HIST 491 481
HIST 492 450
HIST 493 430
HIST 494 425
HIST 495 401
HIST 496 368
HIST 497 373
HIST 498 363
HIST 499 356
HIST 500 370
HIST 501 354
HIST 502 318
HIST 503 327
HIST 504 285
HIST 505 319
HIST 506 290
HIST 507 308
HIST 508 273
HIST 509 287
HIST 510 292
HIST 511 274
HIST 512 301
HIST 513 255
HIST 514 267
HIST 515 224
HIST 516 239
HIST 517 235
HIST 518 233
HIST 519 239
HIST 520 248
HIST 521 220
HIST 522 234
HIST 523 205
HIST 524 229
HIST 525 223
HIST 526 221
HIST 527 195
HIST 528 211
HIST 529 185
HIST 530 200
HIST 531 204
HIST 532 192
HIST 533 183
HIST 534 182
HIST 535 196
HIST 536 174
HIST 537 152
HIST 538 177
HIST 539 172
HIST 540 164
HIST 541 153
HIST 542 156
HIST 543 147
HIST 544 123
HIST 545 158
HIST 546 129
HIST 547 132
HIST 548 132
HIST 549 147
HIST 550 124
HIST 551 123
HIST 552 136
HIST 553 127
HIST 554 127
HIST 555 104
HIST 556 101
HIST 557 110
HIST 558 104
HIST 559 102
HIST 560 103
HIST 561 111
HIST 562 106
HIST 563 117
HIST 564 105
HIST 565 109
HIST 566 125
HIST 567 102
HIST 568 122
HIST 569 104
HIST 570 92
HIST 571 89
HIST 572 82
HIST 573 80
HIST 574 96
HIST 575 86
HIST 576 100
HIST 577 109
HIST 578 92
HIST 579 97
HIST 580 112
HIST 581 97
HIST 582 116
HIST 583 115
HIST 584 116
HIST 585 80
HIST 586 103
HIST 587 94
HIST 588 90
HIST 589 99
HIST 590 81
HIST 591 87
HIST 592 91
HIST 593 94
HIST 594 82
HIST 595 68
HIST 596 72
HIST 597 76
HIST 598 85
HIST 599 84
HIST 600 62
HIST 601 80
HIST 602 75
HIST 603 69
HIST 604 92
HIST 605 70
HIST 606 52
HIST 607 63
HIST 608 63
HIST 609 72
HIST 610 46
HIST 611 52
HIST 612 75
HIST 613 61
HIST 614 67
HIST 615 57
HIST 616 54
HIST 617 44
HIST 618 54
HIST 619 65
HIST 620 58
HIST 621 48
HIST 622 43
HIST 623 46
HIST 624 46
HIST 625 45
HIST 626 83
HIST 627 190
HIST 628 50
HIST 629 615
HIST 630 45
HIST 631 2300
HIST 632 45
HIST 633 1661
HIST 634 49
HIST 635 45
HIST 636 43
HIST 637 48
HIST 638 43
HIST 639 45
HIST 640 46
HIST 641 42
HIST 642 41
HIST 643 45
HIST 644 49
HIST 645 47
HIST 646 43
HIST 647 46
HIST 648 39
HIST 649 39
HIST 650 34
HIST 651 31
HIST 652 47
HIST 653 41
HIST 654 39
HIST 655 41
HIST 656 26
HIST 657 58
HIST 658 69
HIST 659 97
HIST 660 83
HIST 661 36
HIST 662 247490
HISTEND
