SETUP correlatedGamma=0 twoJmax=10 vacuum=1 seed=0 killesc=0 killcarry=0 fullcarry=0
CUTS (production thresholds per material couple):
 Material : G4_Galactic
 Range cuts        :  gamma  1 mm     e-  1 mm     e+  1 mm  proton 1 mm 
 Energy thresholds :  gamma  990 eV     e-  990 eV     e+  990 eV  proton 100 keV
 Material : scene_mat_3
 Range cuts        :  gamma  1 mm     e-  1 mm     e+  1 mm  proton 1 mm 
 Energy thresholds :  gamma  6.91691 keV    e-  597.603 keV    e+  574.29 keV proton 100 keV
 Material : scene_mat_2
 Range cuts        :  gamma  1 mm     e-  1 mm     e+  1 mm  proton 1 mm 
 Energy thresholds :  gamma  990 eV     e-  990 eV     e+  990 eV  proton 100 keV
 Material : scene_mat_1
 Range cuts        :  gamma  1 mm     e-  1 mm     e+  1 mm  proton 1 mm 
 Energy thresholds :  gamma  4.39533 keV    e-  541.252 keV    e+  522.087 keV proton 100 keV
 Material : scene_mat_0
 Range cuts        :  gamma  1 mm     e-  1 mm     e+  1 mm  proton 1 mm 
 Energy thresholds :  gamma  38.4662 keV    e-  692.485 keV    e+  658.149 keV proton 100 keV
RESULT decays=20000000
RESULT any=350268 eps_total=1.751340e-02
RESULT window=1460.820 counts=26195 eps=1.309750e-03
HISTBEGIN bins=1462 bin_kev=1.000000 decays=20000000
HIST 0 108
HIST 1 304
HIST 2 309
HIST 3 348
HIST 4 356
HIST 5 394
HIST 6 388
HIST 7 396
HIST 8 416
HIST 9 451
HIST 10 421
HIST 11 428
HIST 12 377
HIST 13 447
HIST 14 410
HIST 15 412
HIST 16 442
HIST 17 482
HIST 18 443
HIST 19 438
HIST 20 377
HIST 21 428
HIST 22 426
HIST 23 444
HIST 24 412
HIST 25 401
HIST 26 393
HIST 27 387
HIST 28 374
HIST 29 430
HIST 30 427
HIST 31 417
HIST 32 416
HIST 33 375
HIST 34 385
HIST 35 416
HIST 36 404
HIST 37 358
HIST 38 398
HIST 39 434
HIST 40 379
HIST 41 384
HIST 42 352
HIST 43 382
HIST 44 392
HIST 45 348
HIST 46 368
HIST 47 364
HIST 48 391
HIST 49 357
HIST 50 379
HIST 51 387
HIST 52 382
HIST 53 378
HIST 54 366
HIST 55 357
HIST 56 355
HIST 57 342
HIST 58 371
HIST 59 366
HIST 60 344
HIST 61 344
HIST 62 339
HIST 63 372
HIST 64 343
HIST 65 360
HIST 66 351
HIST 67 354
HIST 68 372
HIST 69 385
HIST 70 368
HIST 71 332
HIST 72 342
HIST 73 370
HIST 74 338
HIST 75 343
HIST 76 329
HIST 77 327
HIST 78 341
HIST 79 330
HIST 80 335
HIST 81 336
HIST 82 318
HIST 83 287
HIST 84 314
HIST 85 366
HIST 86 363
HIST 87 316
HIST 88 313
HIST 89 298
HIST 90 322
HIST 91 333
HIST 92 291
HIST 93 337
HIST 94 346
HIST 95 277
HIST 96 315
HIST 97 306
HIST 98 315
HIST 99 311
HIST 100 284
HIST 101 302
HIST 102 335
HIST 103 302
HIST 104 307
HIST 105 314
HIST 106 324
HIST 107 277
HIST 108 291
HIST 109 310
HIST 110 339
HIST 111 326
HIST 112 331
HIST 113 313
HIST 114 318
HIST 115 295
HIST 116 313
HIST 117 307
HIST 118 339
HIST 119 299
HIST 120 350
HIST 121 324
HIST 122 329
HIST 123 283
HIST 124 294
HIST 125 314
HIST 126 316
HIST 127 304
HIST 128 287
HIST 129 327
HIST 130 348
HIST 131 363
HIST 132 295
HIST 133 311
HIST 134 286
HIST 135 320
HIST 136 335
HIST 137 287
HIST 138 316
HIST 139 305
HIST 140 319
HIST 141 306
HIST 142 322
HIST 143 312
HIST 144 295
HIST 145 295
HIST 146 319
HIST 147 299
HIST 148 296
HIST 149 275
HIST 150 309
HIST 151 288
HIST 152 302
HIST 153 265
HIST 154 314
HIST 155 330
HIST 156 318
HIST 157 299
HIST 158 295
HIST 159 292
HIST 160 301
HIST 161 287
HIST 162 296
HIST 163 337
HIST 164 338
HIST 165 301
HIST 166 293
HIST 167 293
HIST 168 274
HIST 169 289
HIST 170 301
HIST 171 284
HIST 172 284
HIST 173 320
HIST 174 288
HIST 175 279
HIST 176 273
HIST 177 311
HIST 178 317
HIST 179 319
HIST 180 267
HIST 181 267
HIST 182 266
HIST 183 309
HIST 184 267
HIST 185 306
HIST 186 281
HIST 187 281
HIST 188 290
HIST 189 290
HIST 190 254
HIST 191 274
HIST 192 296
HIST 193 282
HIST 194 295
HIST 195 304
HIST 196 261
HIST 197 275
HIST 198 265
HIST 199 288
HIST 200 294
HIST 201 270
HIST 202 281
HIST 203 273
HIST 204 256
HIST 205 270
HIST 206 262
HIST 207 270
HIST 208 291
HIST 209 283
HIST 210 287
HIST 211 291
HIST 212 286
HIST 213 295
HIST 214 272
HIST 215 277
HIST 216 288
HIST 217 292
HIST 218 324
HIST 219 319
HIST 220 313
HIST 221 351
HIST 222 347
HIST 223 348
HIST 224 335
HIST 225 299
HIST 226 318
HIST 227 311
HIST 228 302
HIST 229 313
HIST 230 311
HIST 231 311
HIST 232 307
HIST 233 324
HIST 234 319
HIST 235 310
HIST 236 361
HIST 237 338
HIST 238 333
HIST 239 329
HIST 240 315
HIST 241 329
HIST 242 320
HIST 243 343
HIST 244 297
HIST 245 328
HIST 246 335
HIST 247 307
HIST 248 312
HIST 249 284
HIST 250 344
HIST 251 336
HIST 252 314
HIST 253 340
HIST 254 331
HIST 255 313
HIST 256 307
HIST 257 311
HIST 258 332
HIST 259 332
HIST 260 331
HIST 261 309
HIST 262 307
HIST 263 309
HIST 264 299
HIST 265 339
HIST 266 346
HIST 267 326
HIST 268 317
HIST 269 291
HIST 270 329
HIST 271 286
HIST 272 323
HIST 273 309
HIST 274 317
HIST 275 300
HIST 276 311
HIST 277 284
HIST 278 317
HIST 279 295
HIST 280 326
HIST 281 338
HIST 282 316
HIST 283 312
HIST 284 320
HIST 285 285
HIST 286 305
HIST 287 275
HIST 288 293
HIST 289 299
HIST 290 320
HIST 291 305
HIST 292 310
HIST 293 301
HIST 294 283
HIST 295 275
HIST 296 305
HIST 297 299
HIST 298 263
HIST 299 297
HIST 300 285
HIST 301 266
HIST 302 292
HIST 303 302
HIST 304 261
HIST 305 297
HIST 306 283
HIST 307 264
HIST 308 299
HIST 309 281
HIST 310 266
HIST 311 296
HIST 312 275
HIST 313 285
HIST 314 280
HIST 315 310
HIST 316 297
HIST 317 268
HIST 318 255
HIST 319 273
HIST 320 268
HIST 321 267
HIST 322 296
HIST 323 270
HIST 324 277
HIST 325 293
HIST 326 282
HIST 327 274
HIST 328 280
HIST 329 272
HIST 330 248
HIST 331 269
HIST 332 288
HIST 333 254
HIST 334 265
HIST 335 292
HIST 336 292
HIST 337 271
HIST 338 276
HIST 339 289
HIST 340 247
HIST 341 284
HIST 342 262
HIST 343 244
HIST 344 256
HIST 345 267
HIST 346 255
HIST 347 251
HIST 348 270
HIST 349 251
HIST 350 233
HIST 351 271
HIST 352 275
HIST 353 251
HIST 354 285
HIST 355 262
HIST 356 263
HIST 357 265
HIST 358 260
HIST 359 280
HIST 360 267
HIST 361 243
HIST 362 251
HIST 363 269
HIST 364 275
HIST 365 232
HIST 366 266
HIST 367 269
HIST 368 270
HIST 369 250
HIST 370 229
HIST 371 254
HIST 372 246
HIST 373 225
HIST 374 254
HIST 375 248
HIST 376 263
HIST 377 273
HIST 378 264
HIST 379 254
HIST 380 253
HIST 381 232
HIST 382 224
HIST 383 241
HIST 384 260
HIST 385 243
HIST 386 252
HIST 387 251
HIST 388 252
HIST 389 226
HIST 390 263
HIST 391 265
HIST 392 269
HIST 393 255
HIST 394 225
HIST 395 258
HIST 396 258
HIST 397 242
HIST 398 268
HIST 399 265
HIST 400 242
HIST 401 251
HIST 402 234
HIST 403 245
HIST 404 267
HIST 405 228
HIST 406 222
HIST 407 220
HIST 408 249
HIST 409 215
HIST 410 258
HIST 411 228
HIST 412 266
HIST 413 244
HIST 414 255
HIST 415 248
HIST 416 248
HIST 417 217
HIST 418 233
HIST 419 276
HIST 420 238
HIST 421 234
HIST 422 232
HIST 423 258
HIST 424 245
HIST 425 229
HIST 426 238
HIST 427 222
HIST 428 225
HIST 429 245
HIST 430 216
HIST 431 217
HIST 432 234
HIST 433 240
HIST 434 235
HIST 435 218
HIST 436 227
HIST 437 227
HIST 438 257
HIST 439 3612
HIST 440 235
HIST 441 231
HIST 442 255
HIST 443 242
HIST 444 224
HIST 445 212
HIST 446 259
HIST 447 227
HIST 448 226
HIST 449 212
HIST 450 240
HIST 451 216
HIST 452 242
HIST 453 236
HIST 454 231
HIST 455 251
HIST 456 220
HIST 457 230
HIST 458 236
HIST 459 235
HIST 460 244
HIST 461 225
HIST 462 246
HIST 463 241
HIST 464 221
HIST 465 243
HIST 466 234
HIST 467 231
HIST 468 221
HIST 469 247
HIST 470 231
HIST 471 229
HIST 472 225
HIST 473 237
HIST 474 202
HIST 475 249
HIST 476 254
HIST 477 238
HIST 478 235
HIST 479 230
HIST 480 205
HIST 481 211
HIST 482 250
HIST 483 226
HIST 484 231
HIST 485 205
HIST 486 222
HIST 487 225
HIST 488 239
HIST 489 229
HIST 490 200
HIST 491 223
HIST 492 224
HIST 493 218
HIST 494 225
HIST 495 236
HIST 496 266
HIST 497 216
HIST 498 237
HIST 499 218
HIST 500 222
HIST 501 226
HIST 502 226
HIST 503 246
HIST 504 237
HIST 505 212
HIST 506 234
HIST 507 226
HIST 508 193
HIST 509 205
HIST 510 235
HIST 511 264
HIST 512 240
HIST 513 194
HIST 514 214
HIST 515 248
HIST 516 229
HIST 517 220
HIST 518 209
HIST 519 222
HIST 520 230
HIST 521 199
HIST 522 215
HIST 523 231
HIST 524 218
HIST 525 222
HIST 526 230
HIST 527 205
HIST 528 209
HIST 529 210
HIST 530 204
HIST 531 232
HIST 532 228
HIST 533 203
HIST 534 219
HIST 535 203
HIST 536 191
HIST 537 239
HIST 538 215
HIST 539 204
HIST 540 224
HIST 541 197
HIST 542 240
HIST 543 216
HIST 544 231
HIST 545 191
HIST 546 218
HIST 547 230
HIST 548 210
HIST 549 219
HIST 550 224
HIST 551 224
HIST 552 210
HIST 553 230
HIST 554 220
HIST 555 202
HIST 556 226
HIST 557 206
HIST 558 232
HIST 559 180
HIST 560 225
HIST 561 199
HIST 562 205
HIST 563 205
HIST 564 233
HIST 565 225
HIST 566 224
HIST 567 189
HIST 568 209
HIST 569 229
HIST 570 200
HIST 571 229
HIST 572 222
HIST 573 193
HIST 574 214
HIST 575 210
HIST 576 237
HIST 577 201
HIST 578 220
HIST 579 212
HIST 580 205
HIST 581 206
HIST 582 228
HIST 583 218
HIST 584 217
HIST 585 220
HIST 586 213
HIST 587 242
HIST 588 197
HIST 589 234
HIST 590 183
HIST 591 231
HIST 592 226
HIST 593 222
HIST 594 211
HIST 595 192
HIST 596 229
HIST 597 185
HIST 598 204
HIST 599 211
HIST 600 200
HIST 601 176
HIST 602 211
HIST 603 183
HIST 604 210
HIST 605 177
HIST 606 202
HIST 607 220
HIST 608 198
HIST 609 215
HIST 610 215
HIST 611 207
HIST 612 196
HIST 613 201
HIST 614 220
HIST 615 194
HIST 616 228
HIST 617 223
HIST 618 198
HIST 619 191
HIST 620 231
HIST 621 210
HIST 622 225
HIST 623 216
HIST 624 200
HIST 625 183
HIST 626 221
HIST 627 183
HIST 628 233
HIST 629 223
HIST 630 216
HIST 631 203
HIST 632 203
HIST 633 205
HIST 634 221
HIST 635 205
HIST 636 209
HIST 637 188
HIST 638 204
HIST 639 200
HIST 640 183
HIST 641 187
HIST 642 204
HIST 643 220
HIST 644 178
HIST 645 217
HIST 646 188
HIST 647 206
HIST 648 204
HIST 649 200
HIST 650 197
HIST 651 225
HIST 652 192
HIST 653 224
HIST 654 211
HIST 655 193
HIST 656 216
HIST 657 216
HIST 658 230
HIST 659 201
HIST 660 188
HIST 661 185
HIST 662 218
HIST 663 202
HIST 664 188
HIST 665 187
HIST 666 200
HIST 667 194
HIST 668 213
HIST 669 220
HIST 670 198
HIST 671 182
HIST 672 196
HIST 673 191
HIST 674 195
HIST 675 229
HIST 676 197
HIST 677 198
HIST 678 179
HIST 679 207
HIST 680 230
HIST 681 221
HIST 682 177
HIST 683 211
HIST 684 179
HIST 685 213
HIST 686 202
HIST 687 237
HIST 688 205
HIST 689 212
HIST 690 203
HIST 691 191
HIST 692 200
HIST 693 210
HIST 694 193
HIST 695 219
HIST 696 202
HIST 697 192
HIST 698 196
HIST 699 215
HIST 700 191
HIST 701 221
HIST 702 201
HIST 703 209
HIST 704 195
HIST 705 202
HIST 706 196
HIST 707 197
HIST 708 206
HIST 709 227
HIST 710 191
HIST 711 203
HIST 712 186
HIST 713 200
HIST 714 189
HIST 715 183
HIST 716 197
HIST 717 219
HIST 718 209
HIST 719 173
HIST 720 216
HIST 721 186
HIST 722 218
HIST 723 172
HIST 724 183
HIST 725 186
HIST 726 220
HIST 727 203
HIST 728 205
HIST 729 196
HIST 730 182
HIST 731 216
HIST 732 200
HIST 733 196
HIST 734 188
HIST 735 210
HIST 736 200
HIST 737 196
HIST 738 205
HIST 739 210
HIST 740 206
HIST 741 170
HIST 742 206
HIST 743 209
HIST 744 219
HIST 745 182
HIST 746 191
HIST 747 205
HIST 748 190
HIST 749 201
HIST 750 193
HIST 751 221
HIST 752 214
HIST 753 195
HIST 754 206
HIST 755 179
HIST 756 205
HIST 757 203
HIST 758 202
HIST 759 195
HIST 760 203
HIST 761 228
HIST 762 197
HIST 763 176
HIST 764 221
HIST 765 200
HIST 766 218
HIST 767 193
HIST 768 195
HIST 769 189
HIST 770 213
HIST 771 207
HIST 772 202
HIST 773 209
HIST 774 191
HIST 775 186
HIST 776 189
HIST 777 200
HIST 778 198
HIST 779 218
HIST 780 214
HIST 781 182
HIST 782 199
HIST 783 185
HIST 784 194
HIST 785 202
HIST 786 204
HIST 787 177
HIST 788 207
HIST 789 190
HIST 790 169
HIST 791 189
HIST 792 199
HIST 793 197
HIST 794 206
HIST 795 175
HIST 796 200
HIST 797 202
HIST 798 197
HIST 799 196
HIST 800 202
HIST 801 186
HIST 802 207
HIST 803 204
HIST 804 209
HIST 805 204
HIST 806 209
HIST 807 177
HIST 808 198
HIST 809 200
HIST 810 200
HIST 811 214
HIST 812 182
HIST 813 212
HIST 814 180
HIST 815 185
HIST 816 199
HIST 817 186
HIST 818 190
HIST 819 218
HIST 820 227
HIST 821 190
HIST 822 196
HIST 823 222
HIST 824 218
HIST 825 201
HIST 826 208
HIST 827 202
HIST 828 202
HIST 829 227
HIST 830 199
HIST 831 181
HIST 832 186
HIST 833 177
HIST 834 207
HIST 835 203
HIST 836 200
HIST 837 179
HIST 838 210
HIST 839 214
HIST 840 191
HIST 841 175
HIST 842 191
HIST 843 194
HIST 844 231
HIST 845 186
HIST 846 192
HIST 847 202
HIST 848 224
HIST 849 202
HIST 850 190
HIST 851 190
HIST 852 184
HIST 853 205
HIST 854 203
HIST 855 199
HIST 856 169
HIST 857 208
HIST 858 203
HIST 859 208
HIST 860 192
HIST 861 193
HIST 862 189
HIST 863 206
HIST 864 206
HIST 865 204
HIST 866 209
HIST 867 208
HIST 868 222
HIST 869 212
HIST 870 185
HIST 871 199
HIST 872 196
HIST 873 182
HIST 874 230
HIST 875 211
HIST 876 194
HIST 877 205
HIST 878 177
HIST 879 170
HIST 880 212
HIST 881 200
HIST 882 202
HIST 883 209
HIST 884 220
HIST 885 174
HIST 886 188
HIST 887 228
HIST 888 206
HIST 889 201
HIST 890 200
HIST 891 205
HIST 892 205
HIST 893 204
HIST 894 198
HIST 895 198
HIST 896 166
HIST 897 204
HIST 898 202
HIST 899 198
HIST 900 198
HIST 901 199
HIST 902 200
HIST 903 208
HIST 904 212
HIST 905 188
HIST 906 204
HIST 907 199
HIST 908 182
HIST 909 205
HIST 910 186
HIST 911 214
HIST 912 217
HIST 913 204
HIST 914 209
HIST 915 224
HIST 916 210
HIST 917 184
HIST 918 250
HIST 919 205
HIST 920 206
HIST 921 200
HIST 922 204
HIST 923 208
HIST 924 197
HIST 925 197
HIST 926 212
HIST 927 222
HIST 928 184
HIST 929 200
HIST 930 233
HIST 931 203
HIST 932 212
HIST 933 197
HIST 934 189
HIST 935 200
HIST 936 221
HIST 937 211
HIST 938 207
HIST 939 187
HIST 940 233
HIST 941 210
HIST 942 219
HIST 943 204
HIST 944 201
HIST 945 208
HIST 946 201
HIST 947 206
HIST 948 202
HIST 949 208
HIST 950 714
HIST 951 205
HIST 952 207
HIST 953 201
HIST 954 212
HIST 955 203
HIST 956 230
HIST 957 210
HIST 958 217
HIST 959 220
HIST 960 201
HIST 961 194
HIST 962 220
HIST 963 184
HIST 964 198
HIST 965 200
HIST 966 195
HIST 967 223
HIST 968 205
HIST 969 189
HIST 970 219
HIST 971 213
HIST 972 209
HIST 973 211
HIST 974 235
HIST 975 212
HIST 976 210
HIST 977 201
HIST 978 203
HIST 979 206
HIST 980 202
HIST 981 222
HIST 982 231
HIST 983 185
HIST 984 231
HIST 985 219
HIST 986 203
HIST 987 224
HIST 988 209
HIST 989 220
HIST 990 238
HIST 991 218
HIST 992 215
HIST 993 205
HIST 994 221
HIST 995 230
HIST 996 219
HIST 997 222
HIST 998 202
HIST 999 206
HIST 1000 230
HIST 1001 209
HIST 1002 225
HIST 1003 214
HIST 1004 216
HIST 1005 216
HIST 1006 219
HIST 1007 223
HIST 1008 206
HIST 1009 225
HIST 1010 233
HIST 1011 220
HIST 1012 222
HIST 1013 197
HIST 1014 231
HIST 1015 209
HIST 1016 215
HIST 1017 191
HIST 1018 205
HIST 1019 226
HIST 1020 217
HIST 1021 224
HIST 1022 218
HIST 1023 208
HIST 1024 224
HIST 1025 219
HIST 1026 187
HIST 1027 229
HIST 1028 198
HIST 1029 213
HIST 1030 209
HIST 1031 226
HIST 1032 237
HIST 1033 222
HIST 1034 214
HIST 1035 209
HIST 1036 228
HIST 1037 222
HIST 1038 192
HIST 1039 226
HIST 1040 232
HIST 1041 215
HIST 1042 205
HIST 1043 217
HIST 1044 215
HIST 1045 214
HIST 1046 208
HIST 1047 241
HIST 1048 194
HIST 1049 224
HIST 1050 231
HIST 1051 252
HIST 1052 235
HIST 1053 212
HIST 1054 257
HIST 1055 256
HIST 1056 238
HIST 1057 233
HIST 1058 226
HIST 1059 216
HIST 1060 260
HIST 1061 228
HIST 1062 232
HIST 1063 210
HIST 1064 210
HIST 1065 249
HIST 1066 229
HIST 1067 232
HIST 1068 211
HIST 1069 222
HIST 1070 226
HIST 1071 222
HIST 1072 239
HIST 1073 234
HIST 1074 242
HIST 1075 247
HIST 1076 228
HIST 1077 242
HIST 1078 241
HIST 1079 233
HIST 1080 271
HIST 1081 234
HIST 1082 224
HIST 1083 238
HIST 1084 225
HIST 1085 242
HIST 1086 209
HIST 1087 236
HIST 1088 226
HIST 1089 260
HIST 1090 231
HIST 1091 237
HIST 1092 241
HIST 1093 248
HIST 1094 259
HIST 1095 219
HIST 1096 262
HIST 1097 245
HIST 1098 235
HIST 1099 264
HIST 1100 272
HIST 1101 227
HIST 1102 222
HIST 1103 249
HIST 1104 248
HIST 1105 226
HIST 1106 250
HIST 1107 198
HIST 1108 255
HIST 1109 247
HIST 1110 264
HIST 1111 241
HIST 1112 212
HIST 1113 233
HIST 1114 250
HIST 1115 248
HIST 1116 250
HIST 1117 276
HIST 1118 250
HIST 1119 252
HIST 1120 227
HIST 1121 241
HIST 1122 282
HIST 1123 254
HIST 1124 237
HIST 1125 262
HIST 1126 263
HIST 1127 280
HIST 1128 242
HIST 1129 269
HIST 1130 287
HIST 1131 261
HIST 1132 263
HIST 1133 233
HIST 1134 257
HIST 1135 248
HIST 1136 258
HIST 1137 282
HIST 1138 267
HIST 1139 289
HIST 1140 271
HIST 1141 278
HIST 1142 266
HIST 1143 275
HIST 1144 270
HIST 1145 278
HIST 1146 246
HIST 1147 268
HIST 1148 262
HIST 1149 270
HIST 1150 271
HIST 1151 282
HIST 1152 274
HIST 1153 251
HIST 1154 302
HIST 1155 255
HIST 1156 312
HIST 1157 266
HIST 1158 276
HIST 1159 247
HIST 1160 253
HIST 1161 276
HIST 1162 275
HIST 1163 268
HIST 1164 288
HIST 1165 278
HIST 1166 274
HIST 1167 252
HIST 1168 277
HIST 1169 254
HIST 1170 282
HIST 1171 282
HIST 1172 290
HIST 1173 276
HIST 1174 283
HIST 1175 315
HIST 1176 257
HIST 1177 284
HIST 1178 290
HIST 1179 288
HIST 1180 290
HIST 1181 235
HIST 1182 253
HIST 1183 246
HIST 1184 324
HIST 1185 342
HIST 1186 292
HIST 1187 287
HIST 1188 284
HIST 1189 302
HIST 1190 293
HIST 1191 297
HIST 1192 306
HIST 1193 328
HIST 1194 306
HIST 1195 283
HIST 1196 292
HIST 1197 288
HIST 1198 315
HIST 1199 317
HIST 1200 306
HIST 1201 300
HIST 1202 275
HIST 1203 328
HIST 1204 322
HIST 1205 335
HIST 1206 311
HIST 1207 317
HIST 1208 318
HIST 1209 321
HIST 1210 282
HIST 1211 316
HIST 1212 293
HIST 1213 301
HIST 1214 305
HIST 1215 305
HIST 1216 317
HIST 1217 295
HIST 1218 319
HIST 1219 330
HIST 1220 330
HIST 1221 316
HIST 1222 317
HIST 1223 330
HIST 1224 274
HIST 1225 346
HIST 1226 300
HIST 1227 325
HIST 1228 306
HIST 1229 317
HIST 1230 319
HIST 1231 304
HIST 1232 313
HIST 1233 320
HIST 1234 341
HIST 1235 316
HIST 1236 365
HIST 1237 287
HIST 1238 302
HIST 1239 293
HIST 1240 262
HIST 1241 267
HIST 1242 272
HIST 1243 237
HIST 1244 207
HIST 1245 181
HIST 1246 142
HIST 1247 151
HIST 1248 122
HIST 1249 120
HIST 1250 126
HIST 1251 108
HIST 1252 98
HIST 1253 98
HIST 1254 93
HIST 1255 75
HIST 1256 92
HIST 1257 93
HIST 1258 99
HIST 1259 108
HIST 1260 83
HIST 1261 68
HIST 1262 80
HIST 1263 70
HIST 1264 77
HIST 1265 84
HIST 1266 69
HIST 1267 67
HIST 1268 80
HIST 1269 63
HIST 1270 47
HIST 1271 57
HIST 1272 66
HIST 1273 53
HIST 1274 48
HIST 1275 71
HIST 1276 54
HIST 1277 49
HIST 1278 65
HIST 1279 58
HIST 1280 67
HIST 1281 46
HIST 1282 67
HIST 1283 57
HIST 1284 59
HIST 1285 55
HIST 1286 51
HIST 1287 54
HIST 1288 55
HIST 1289 40
HIST 1290 46
HIST 1291 51
HIST 1292 37
HIST 1293 45
HIST 1294 45
HIST 1295 44
HIST 1296 36
HIST 1297 46
HIST 1298 41
HIST 1299 46
HIST 1300 46
HIST 1301 51
HIST 1302 44
HIST 1303 40
HIST 1304 45
HIST 1305 37
HIST 1306 32
HIST 1307 31
HIST 1308 47
HIST 1309 36
HIST 1310 41
HIST 1311 38
HIST 1312 37
HIST 1313 42
HIST 1314 31
HIST 1315 32
HIST 1316 30
HIST 1317 21
HIST 1318 26
HIST 1319 33
HIST 1320 26
HIST 1321 44
HIST 1322 30
HIST 1323 36
HIST 1324 31
HIST 1325 20
HIST 1326 21
HIST 1327 24
HIST 1328 19
HIST 1329 25
HIST 1330 20
HIST 1331 27
HIST 1332 18
HIST 1333 20
HIST 1334 29
HIST 1335 16
HIST 1336 15
HIST 1337 19
HIST 1338 20
HIST 1339 14
HIST 1340 27
HIST 1341 24
HIST 1342 12
HIST 1343 14
HIST 1344 14
HIST 1345 13
HIST 1346 7
HIST 1347 17
HIST 1348 23
HIST 1349 20
HIST 1350 15
HIST 1351 10
HIST 1352 22
HIST 1353 18
HIST 1354 18
HIST 1355 9
HIST 1356 13
HIST 1357 14
HIST 1358 10
HIST 1359 13
HIST 1360 8
HIST 1361 11
HIST 1362 18
HIST 1363 14
HIST 1364 8
HIST 1365 15
HIST 1366 8
HIST 1367 11
HIST 1368 12
HIST 1369 4
HIST 1370 13
HIST 1371 2
HIST 1372 16
HIST 1373 12
HIST 1374 7
HIST 1375 11
HIST 1376 7
HIST 1377 7
HIST 1378 4
HIST 1379 8
HIST 1380 7
HIST 1381 7
HIST 1382 10
HIST 1383 5
HIST 1384 9
HIST 1385 6
HIST 1386 7
HIST 1387 7
HIST 1388 6
HIST 1389 10
HIST 1390 8
HIST 1391 4
HIST 1392 2
HIST 1393 7
HIST 1394 7
HIST 1395 6
HIST 1396 8
HIST 1397 4
HIST 1398 6
HIST 1399 8
HIST 1400 9
HIST 1401 9
HIST 1402 8
HIST 1403 6
HIST 1404 4
HIST 1405 4
HIST 1406 2
HIST 1407 3
HIST 1408 9
HIST 1409 5
HIST 1410 4
HIST 1411 5
HIST 1412 2
HIST 1413 4
HIST 1414 4
HIST 1415 2
HIST 1416 7
HIST 1417 4
HIST 1418 2
HIST 1419 4
HIST 1420 1
HIST 1421 4
HIST 1422 3
HIST 1423 3
HIST 1424 4
HIST 1425 5
HIST 1426 24
HIST 1427 6
HIST 1428 18
HIST 1429 47
HIST 1430 207
HIST 1431 1
HIST 1432 100
HIST 1433 64
HIST 1434 7
HIST 1435 5
HIST 1436 6
HIST 1437 2
HIST 1438 2
HIST 1439 2
HIST 1440 7
HIST 1441 3
HIST 1442 3
HIST 1443 2
HIST 1444 2
HIST 1445 2
HIST 1446 3
HIST 1447 3
HIST 1448 2
HIST 1449 1
HIST 1450 1
HIST 1451 3
HIST 1452 2
HIST 1453 3
HIST 1454 4
HIST 1455 1
HIST 1456 2
HIST 1457 3
HIST 1458 14
HIST 1459 5
HIST 1460 3
HIST 1461 26194
HISTEND
