область 3 целиком затенена областью 2 — выброшена (в сцене симулятора она тоже недостижима)
SETUP correlatedGamma=0 twoJmax=10 vacuum=1 seed=0 killesc=0 killcarry=1
CUTS (production thresholds per material couple):
 Material : G4_Galactic
 Range cuts        :  gamma  1 mm     e-  1 mm     e+  1 mm  proton 1 mm 
 Energy thresholds :  gamma  990 eV     e-  990 eV     e+  990 eV  proton 100 keV
 Material : scene_mat_3
 Range cuts        :  gamma  1 mm     e-  1 mm     e+  1 mm  proton 1 mm 
 Energy thresholds :  gamma  6.91691 keV    e-  597.603 keV    e+  574.29 keV proton 100 keV
 Material : scene_mat_1
 Range cuts        :  gamma  1 mm     e-  1 mm     e+  1 mm  proton 1 mm 
 Energy thresholds :  gamma  4.39533 keV    e-  541.252 keV    e+  522.087 keV proton 100 keV
 Material : scene_mat_0
 Range cuts        :  gamma  1 mm     e-  1 mm     e+  1 mm  proton 1 mm 
 Energy thresholds :  gamma  38.4662 keV    e-  692.485 keV    e+  658.149 keV proton 100 keV
RESULT decays=20000000
RESULT any=706938 eps_total=3.534690e-02
RESULT window=1460.820 counts=60507 eps=3.025350e-03
HISTBEGIN bins=1462 bin_kev=1.000000 decays=20000000
HIST 0 173
HIST 1 531
HIST 2 570
HIST 3 549
HIST 4 568
HIST 5 660
HIST 6 711
HIST 7 708
HIST 8 729
HIST 9 688
HIST 10 718
HIST 11 708
HIST 12 749
HIST 13 790
HIST 14 688
HIST 15 741
HIST 16 749
HIST 17 763
HIST 18 728
HIST 19 717
HIST 20 685
HIST 21 747
HIST 22 753
HIST 23 743
HIST 24 713
HIST 25 766
HIST 26 768
HIST 27 718
HIST 28 701
HIST 29 715
HIST 30 725
HIST 31 716
HIST 32 703
HIST 33 709
HIST 34 737
HIST 35 698
HIST 36 716
HIST 37 632
HIST 38 734
HIST 39 737
HIST 40 645
HIST 41 698
HIST 42 626
HIST 43 646
HIST 44 683
HIST 45 613
HIST 46 641
HIST 47 666
HIST 48 653
HIST 49 701
HIST 50 686
HIST 51 658
HIST 52 632
HIST 53 631
HIST 54 658
HIST 55 624
HIST 56 646
HIST 57 610
HIST 58 630
HIST 59 673
HIST 60 618
HIST 61 636
HIST 62 609
HIST 63 629
HIST 64 654
HIST 65 645
HIST 66 619
HIST 67 625
HIST 68 620
HIST 69 664
HIST 70 664
HIST 71 632
HIST 72 650
HIST 73 603
HIST 74 623
HIST 75 654
HIST 76 608
HIST 77 607
HIST 78 608
HIST 79 561
HIST 80 647
HIST 81 601
HIST 82 610
HIST 83 622
HIST 84 573
HIST 85 617
HIST 86 648
HIST 87 631
HIST 88 560
HIST 89 555
HIST 90 564
HIST 91 631
HIST 92 599
HIST 93 621
HIST 94 622
HIST 95 573
HIST 96 593
HIST 97 655
HIST 98 567
HIST 99 608
HIST 100 563
HIST 101 582
HIST 102 610
HIST 103 572
HIST 104 544
HIST 105 564
HIST 106 593
HIST 107 557
HIST 108 574
HIST 109 600
HIST 110 576
HIST 111 593
HIST 112 589
HIST 113 576
HIST 114 600
HIST 115 530
HIST 116 562
HIST 117 567
HIST 118 590
HIST 119 586
HIST 120 602
HIST 121 589
HIST 122 611
HIST 123 585
HIST 124 562
HIST 125 581
HIST 126 571
HIST 127 599
HIST 128 548
HIST 129 601
HIST 130 603
HIST 131 613
HIST 132 541
HIST 133 576
HIST 134 580
HIST 135 578
HIST 136 597
HIST 137 606
HIST 138 607
HIST 139 561
HIST 140 580
HIST 141 573
HIST 142 574
HIST 143 552
HIST 144 583
HIST 145 566
HIST 146 547
HIST 147 545
HIST 148 560
HIST 149 540
HIST 150 600
HIST 151 593
HIST 152 611
HIST 153 555
HIST 154 555
HIST 155 635
HIST 156 559
HIST 157 556
HIST 158 557
HIST 159 574
HIST 160 541
HIST 161 542
HIST 162 529
HIST 163 564
HIST 164 589
HIST 165 587
HIST 166 573
HIST 167 578
HIST 168 511
HIST 169 558
HIST 170 553
HIST 171 530
HIST 172 575
HIST 173 549
HIST 174 594
HIST 175 568
HIST 176 521
HIST 177 544
HIST 178 578
HIST 179 562
HIST 180 557
HIST 181 539
HIST 182 548
HIST 183 571
HIST 184 519
HIST 185 521
HIST 186 535
HIST 187 535
HIST 188 577
HIST 189 521
HIST 190 557
HIST 191 553
HIST 192 545
HIST 193 553
HIST 194 546
HIST 195 574
HIST 196 528
HIST 197 528
HIST 198 525
HIST 199 532
HIST 200 544
HIST 201 504
HIST 202 577
HIST 203 551
HIST 204 510
HIST 205 522
HIST 206 534
HIST 207 509
HIST 208 548
HIST 209 543
HIST 210 553
HIST 211 526
HIST 212 531
HIST 213 585
HIST 214 535
HIST 215 539
HIST 216 552
HIST 217 574
HIST 218 679
HIST 219 635
HIST 220 670
HIST 221 680
HIST 222 693
HIST 223 718
HIST 224 727
HIST 225 680
HIST 226 737
HIST 227 688
HIST 228 662
HIST 229 700
HIST 230 686
HIST 231 689
HIST 232 662
HIST 233 690
HIST 234 727
HIST 235 687
HIST 236 688
HIST 237 701
HIST 238 674
HIST 239 721
HIST 240 661
HIST 241 697
HIST 242 656
HIST 243 663
HIST 244 640
HIST 245 697
HIST 246 695
HIST 247 657
HIST 248 653
HIST 249 627
HIST 250 664
HIST 251 651
HIST 252 674
HIST 253 643
HIST 254 644
HIST 255 606
HIST 256 671
HIST 257 618
HIST 258 692
HIST 259 642
HIST 260 656
HIST 261 648
HIST 262 674
HIST 263 635
HIST 264 636
HIST 265 652
HIST 266 639
HIST 267 648
HIST 268 620
HIST 269 584
HIST 270 608
HIST 271 603
HIST 272 599
HIST 273 608
HIST 274 613
HIST 275 593
HIST 276 625
HIST 277 594
HIST 278 586
HIST 279 606
HIST 280 615
HIST 281 584
HIST 282 617
HIST 283 613
HIST 284 629
HIST 285 572
HIST 286 566
HIST 287 530
HIST 288 582
HIST 289 587
HIST 290 576
HIST 291 582
HIST 292 558
HIST 293 574
HIST 294 588
HIST 295 583
HIST 296 570
HIST 297 540
HIST 298 559
HIST 299 541
HIST 300 566
HIST 301 533
HIST 302 561
HIST 303 568
HIST 304 541
HIST 305 518
HIST 306 542
HIST 307 533
HIST 308 547
HIST 309 537
HIST 310 539
HIST 311 554
HIST 312 517
HIST 313 555
HIST 314 517
HIST 315 574
HIST 316 544
HIST 317 535
HIST 318 533
HIST 319 514
HIST 320 544
HIST 321 537
HIST 322 525
HIST 323 520
HIST 324 498
HIST 325 517
HIST 326 527
HIST 327 524
HIST 328 541
HIST 329 509
HIST 330 463
HIST 331 551
HIST 332 536
HIST 333 508
HIST 334 526
HIST 335 525
HIST 336 527
HIST 337 496
HIST 338 519
HIST 339 528
HIST 340 480
HIST 341 512
HIST 342 534
HIST 343 494
HIST 344 498
HIST 345 500
HIST 346 493
HIST 347 519
HIST 348 531
HIST 349 489
HIST 350 487
HIST 351 504
HIST 352 504
HIST 353 502
HIST 354 497
HIST 355 496
HIST 356 475
HIST 357 516
HIST 358 524
HIST 359 504
HIST 360 472
HIST 361 506
HIST 362 462
HIST 363 500
HIST 364 523
HIST 365 470
HIST 366 499
HIST 367 474
HIST 368 474
HIST 369 480
HIST 370 476
HIST 371 502
HIST 372 463
HIST 373 463
HIST 374 483
HIST 375 469
HIST 376 514
HIST 377 501
HIST 378 472
HIST 379 490
HIST 380 478
HIST 381 484
HIST 382 494
HIST 383 479
HIST 384 500
HIST 385 496
HIST 386 495
HIST 387 468
HIST 388 491
HIST 389 442
HIST 390 451
HIST 391 449
HIST 392 506
HIST 393 496
HIST 394 456
HIST 395 483
HIST 396 511
HIST 397 470
HIST 398 475
HIST 399 479
HIST 400 498
HIST 401 455
HIST 402 463
HIST 403 483
HIST 404 471
HIST 405 429
HIST 406 440
HIST 407 486
HIST 408 444
HIST 409 449
HIST 410 489
HIST 411 432
HIST 412 481
HIST 413 484
HIST 414 469
HIST 415 466
HIST 416 443
HIST 417 457
HIST 418 429
HIST 419 469
HIST 420 429
HIST 421 431
HIST 422 426
HIST 423 482
HIST 424 471
HIST 425 446
HIST 426 462
HIST 427 477
HIST 428 423
HIST 429 487
HIST 430 453
HIST 431 417
HIST 432 481
HIST 433 434
HIST 434 467
HIST 435 426
HIST 436 427
HIST 437 442
HIST 438 448
HIST 439 8009
HIST 440 468
HIST 441 459
HIST 442 452
HIST 443 439
HIST 444 468
HIST 445 461
HIST 446 432
HIST 447 458
HIST 448 482
HIST 449 444
HIST 450 436
HIST 451 479
HIST 452 434
HIST 453 458
HIST 454 434
HIST 455 440
HIST 456 455
HIST 457 396
HIST 458 482
HIST 459 491
HIST 460 481
HIST 461 456
HIST 462 440
HIST 463 450
HIST 464 442
HIST 465 486
HIST 466 433
HIST 467 431
HIST 468 425
HIST 469 457
HIST 470 454
HIST 471 482
HIST 472 411
HIST 473 480
HIST 474 440
HIST 475 427
HIST 476 456
HIST 477 450
HIST 478 465
HIST 479 460
HIST 480 406
HIST 481 405
HIST 482 449
HIST 483 475
HIST 484 426
HIST 485 428
HIST 486 455
HIST 487 444
HIST 488 419
HIST 489 436
HIST 490 424
HIST 491 416
HIST 492 405
HIST 493 426
HIST 494 429
HIST 495 462
HIST 496 468
HIST 497 414
HIST 498 436
HIST 499 402
HIST 500 417
HIST 501 432
HIST 502 459
HIST 503 469
HIST 504 416
HIST 505 418
HIST 506 463
HIST 507 425
HIST 508 420
HIST 509 404
HIST 510 470
HIST 511 468
HIST 512 415
HIST 513 416
HIST 514 420
HIST 515 429
HIST 516 442
HIST 517 438
HIST 518 435
HIST 519 436
HIST 520 421
HIST 521 404
HIST 522 465
HIST 523 428
HIST 524 448
HIST 525 448
HIST 526 437
HIST 527 436
HIST 528 421
HIST 529 445
HIST 530 436
HIST 531 448
HIST 532 425
HIST 533 416
HIST 534 384
HIST 535 434
HIST 536 422
HIST 537 438
HIST 538 432
HIST 539 437
HIST 540 408
HIST 541 399
HIST 542 466
HIST 543 434
HIST 544 429
HIST 545 403
HIST 546 413
HIST 547 449
HIST 548 395
HIST 549 411
HIST 550 448
HIST 551 427
HIST 552 430
HIST 553 435
HIST 554 431
HIST 555 422
HIST 556 439
HIST 557 415
HIST 558 402
HIST 559 421
HIST 560 431
HIST 561 401
HIST 562 396
HIST 563 386
HIST 564 440
HIST 565 457
HIST 566 434
HIST 567 416
HIST 568 410
HIST 569 407
HIST 570 406
HIST 571 431
HIST 572 452
HIST 573 389
HIST 574 407
HIST 575 427
HIST 576 438
HIST 577 405
HIST 578 403
HIST 579 436
HIST 580 402
HIST 581 411
HIST 582 430
HIST 583 425
HIST 584 422
HIST 585 387
HIST 586 423
HIST 587 422
HIST 588 414
HIST 589 454
HIST 590 416
HIST 591 454
HIST 592 439
HIST 593 438
HIST 594 403
HIST 595 404
HIST 596 427
HIST 597 376
HIST 598 391
HIST 599 452
HIST 600 398
HIST 601 399
HIST 602 407
HIST 603 386
HIST 604 413
HIST 605 365
HIST 606 417
HIST 607 405
HIST 608 406
HIST 609 388
HIST 610 425
HIST 611 404
HIST 612 382
HIST 613 411
HIST 614 406
HIST 615 412
HIST 616 427
HIST 617 453
HIST 618 383
HIST 619 412
HIST 620 415
HIST 621 415
HIST 622 439
HIST 623 438
HIST 624 400
HIST 625 411
HIST 626 428
HIST 627 374
HIST 628 424
HIST 629 417
HIST 630 401
HIST 631 384
HIST 632 400
HIST 633 407
HIST 634 401
HIST 635 418
HIST 636 407
HIST 637 392
HIST 638 398
HIST 639 412
HIST 640 398
HIST 641 387
HIST 642 408
HIST 643 435
HIST 644 387
HIST 645 414
HIST 646 354
HIST 647 386
HIST 648 390
HIST 649 390
HIST 650 393
HIST 651 452
HIST 652 382
HIST 653 435
HIST 654 397
HIST 655 388
HIST 656 448
HIST 657 420
HIST 658 423
HIST 659 369
HIST 660 414
HIST 661 371
HIST 662 436
HIST 663 377
HIST 664 410
HIST 665 374
HIST 666 394
HIST 667 400
HIST 668 436
HIST 669 422
HIST 670 388
HIST 671 394
HIST 672 392
HIST 673 421
HIST 674 400
HIST 675 428
HIST 676 376
HIST 677 402
HIST 678 393
HIST 679 390
HIST 680 410
HIST 681 396
HIST 682 398
HIST 683 400
HIST 684 380
HIST 685 434
HIST 686 366
HIST 687 433
HIST 688 435
HIST 689 399
HIST 690 394
HIST 691 392
HIST 692 374
HIST 693 418
HIST 694 371
HIST 695 407
HIST 696 384
HIST 697 383
HIST 698 382
HIST 699 429
HIST 700 394
HIST 701 400
HIST 702 403
HIST 703 379
HIST 704 403
HIST 705 412
HIST 706 374
HIST 707 416
HIST 708 397
HIST 709 440
HIST 710 393
HIST 711 403
HIST 712 375
HIST 713 400
HIST 714 407
HIST 715 396
HIST 716 400
HIST 717 440
HIST 718 399
HIST 719 401
HIST 720 425
HIST 721 380
HIST 722 396
HIST 723 381
HIST 724 370
HIST 725 415
HIST 726 421
HIST 727 406
HIST 728 366
HIST 729 423
HIST 730 378
HIST 731 402
HIST 732 377
HIST 733 407
HIST 734 404
HIST 735 418
HIST 736 433
HIST 737 421
HIST 738 397
HIST 739 413
HIST 740 435
HIST 741 386
HIST 742 379
HIST 743 423
HIST 744 400
HIST 745 394
HIST 746 411
HIST 747 396
HIST 748 422
HIST 749 387
HIST 750 378
HIST 751 438
HIST 752 407
HIST 753 398
HIST 754 402
HIST 755 366
HIST 756 450
HIST 757 417
HIST 758 438
HIST 759 395
HIST 760 406
HIST 761 396
HIST 762 384
HIST 763 388
HIST 764 419
HIST 765 405
HIST 766 404
HIST 767 370
HIST 768 420
HIST 769 397
HIST 770 405
HIST 771 381
HIST 772 379
HIST 773 431
HIST 774 394
HIST 775 390
HIST 776 386
HIST 777 390
HIST 778 400
HIST 779 417
HIST 780 382
HIST 781 413
HIST 782 410
HIST 783 365
HIST 784 417
HIST 785 387
HIST 786 401
HIST 787 408
HIST 788 371
HIST 789 394
HIST 790 372
HIST 791 409
HIST 792 418
HIST 793 389
HIST 794 368
HIST 795 372
HIST 796 412
HIST 797 396
HIST 798 409
HIST 799 412
HIST 800 370
HIST 801 399
HIST 802 421
HIST 803 378
HIST 804 398
HIST 805 407
HIST 806 413
HIST 807 375
HIST 808 415
HIST 809 393
HIST 810 420
HIST 811 402
HIST 812 390
HIST 813 424
HIST 814 403
HIST 815 412
HIST 816 398
HIST 817 390
HIST 818 421
HIST 819 419
HIST 820 390
HIST 821 379
HIST 822 411
HIST 823 413
HIST 824 405
HIST 825 423
HIST 826 408
HIST 827 414
HIST 828 427
HIST 829 424
HIST 830 403
HIST 831 409
HIST 832 382
HIST 833 382
HIST 834 394
HIST 835 400
HIST 836 422
HIST 837 422
HIST 838 406
HIST 839 408
HIST 840 394
HIST 841 360
HIST 842 408
HIST 843 425
HIST 844 436
HIST 845 397
HIST 846 381
HIST 847 446
HIST 848 408
HIST 849 400
HIST 850 404
HIST 851 393
HIST 852 378
HIST 853 394
HIST 854 435
HIST 855 424
HIST 856 409
HIST 857 425
HIST 858 396
HIST 859 423
HIST 860 402
HIST 861 423
HIST 862 408
HIST 863 405
HIST 864 430
HIST 865 430
HIST 866 404
HIST 867 448
HIST 868 412
HIST 869 431
HIST 870 399
HIST 871 397
HIST 872 403
HIST 873 407
HIST 874 436
HIST 875 399
HIST 876 423
HIST 877 406
HIST 878 394
HIST 879 394
HIST 880 438
HIST 881 434
HIST 882 414
HIST 883 423
HIST 884 408
HIST 885 385
HIST 886 412
HIST 887 440
HIST 888 437
HIST 889 402
HIST 890 417
HIST 891 408
HIST 892 389
HIST 893 413
HIST 894 416
HIST 895 416
HIST 896 409
HIST 897 413
HIST 898 445
HIST 899 411
HIST 900 422
HIST 901 421
HIST 902 407
HIST 903 384
HIST 904 428
HIST 905 421
HIST 906 429
HIST 907 443
HIST 908 415
HIST 909 431
HIST 910 440
HIST 911 431
HIST 912 433
HIST 913 457
HIST 914 434
HIST 915 418
HIST 916 426
HIST 917 373
HIST 918 448
HIST 919 449
HIST 920 412
HIST 921 419
HIST 922 402
HIST 923 412
HIST 924 412
HIST 925 431
HIST 926 398
HIST 927 452
HIST 928 406
HIST 929 412
HIST 930 417
HIST 931 412
HIST 932 427
HIST 933 442
HIST 934 381
HIST 935 458
HIST 936 450
HIST 937 416
HIST 938 420
HIST 939 391
HIST 940 448
HIST 941 446
HIST 942 453
HIST 943 418
HIST 944 423
HIST 945 438
HIST 946 418
HIST 947 433
HIST 948 414
HIST 949 449
HIST 950 1514
HIST 951 427
HIST 952 426
HIST 953 428
HIST 954 434
HIST 955 429
HIST 956 440
HIST 957 437
HIST 958 435
HIST 959 423
HIST 960 428
HIST 961 448
HIST 962 395
HIST 963 430
HIST 964 420
HIST 965 399
HIST 966 421
HIST 967 412
HIST 968 478
HIST 969 444
HIST 970 455
HIST 971 426
HIST 972 440
HIST 973 462
HIST 974 461
HIST 975 456
HIST 976 429
HIST 977 430
HIST 978 459
HIST 979 439
HIST 980 449
HIST 981 453
HIST 982 457
HIST 983 391
HIST 984 432
HIST 985 417
HIST 986 400
HIST 987 495
HIST 988 457
HIST 989 441
HIST 990 466
HIST 991 449
HIST 992 434
HIST 993 435
HIST 994 411
HIST 995 467
HIST 996 475
HIST 997 458
HIST 998 479
HIST 999 443
HIST 1000 488
HIST 1001 414
HIST 1002 479
HIST 1003 496
HIST 1004 442
HIST 1005 475
HIST 1006 443
HIST 1007 464
HIST 1008 457
HIST 1009 476
HIST 1010 477
HIST 1011 449
HIST 1012 487
HIST 1013 446
HIST 1014 442
HIST 1015 453
HIST 1016 455
HIST 1017 450
HIST 1018 436
HIST 1019 477
HIST 1020 434
HIST 1021 448
HIST 1022 445
HIST 1023 472
HIST 1024 449
HIST 1025 454
HIST 1026 432
HIST 1027 457
HIST 1028 451
HIST 1029 472
HIST 1030 468
HIST 1031 476
HIST 1032 487
HIST 1033 465
HIST 1034 469
HIST 1035 442
HIST 1036 485
HIST 1037 468
HIST 1038 433
HIST 1039 465
HIST 1040 479
HIST 1041 468
HIST 1042 475
HIST 1043 475
HIST 1044 469
HIST 1045 470
HIST 1046 480
HIST 1047 517
HIST 1048 463
HIST 1049 465
HIST 1050 481
HIST 1051 534
HIST 1052 487
HIST 1053 465
HIST 1054 533
HIST 1055 497
HIST 1056 478
HIST 1057 508
HIST 1058 492
HIST 1059 469
HIST 1060 468
HIST 1061 469
HIST 1062 482
HIST 1063 433
HIST 1064 473
HIST 1065 541
HIST 1066 505
HIST 1067 470
HIST 1068 456
HIST 1069 497
HIST 1070 481
HIST 1071 484
HIST 1072 476
HIST 1073 507
HIST 1074 479
HIST 1075 510
HIST 1076 480
HIST 1077 506
HIST 1078 538
HIST 1079 511
HIST 1080 527
HIST 1081 488
HIST 1082 489
HIST 1083 529
HIST 1084 493
HIST 1085 528
HIST 1086 465
HIST 1087 503
HIST 1088 520
HIST 1089 527
HIST 1090 481
HIST 1091 498
HIST 1092 511
HIST 1093 541
HIST 1094 513
HIST 1095 493
HIST 1096 504
HIST 1097 515
HIST 1098 514
HIST 1099 570
HIST 1100 544
HIST 1101 520
HIST 1102 487
HIST 1103 506
HIST 1104 530
HIST 1105 520
HIST 1106 554
HIST 1107 487
HIST 1108 524
HIST 1109 513
HIST 1110 558
HIST 1111 518
HIST 1112 518
HIST 1113 541
HIST 1114 545
HIST 1115 550
HIST 1116 526
HIST 1117 547
HIST 1118 529
HIST 1119 517
HIST 1120 509
HIST 1121 535
HIST 1122 564
HIST 1123 554
HIST 1124 540
HIST 1125 564
HIST 1126 542
HIST 1127 567
HIST 1128 552
HIST 1129 565
HIST 1130 564
HIST 1131 566
HIST 1132 535
HIST 1133 523
HIST 1134 573
HIST 1135 560
HIST 1136 573
HIST 1137 580
HIST 1138 567
HIST 1139 600
HIST 1140 572
HIST 1141 592
HIST 1142 583
HIST 1143 595
HIST 1144 598
HIST 1145 583
HIST 1146 591
HIST 1147 550
HIST 1148 597
HIST 1149 572
HIST 1150 589
HIST 1151 589
HIST 1152 581
HIST 1153 566
HIST 1154 597
HIST 1155 599
HIST 1156 648
HIST 1157 603
HIST 1158 609
HIST 1159 569
HIST 1160 619
HIST 1161 610
HIST 1162 608
HIST 1163 600
HIST 1164 608
HIST 1165 601
HIST 1166 623
HIST 1167 564
HIST 1168 592
HIST 1169 569
HIST 1170 649
HIST 1171 614
HIST 1172 627
HIST 1173 590
HIST 1174 632
HIST 1175 656
HIST 1176 598
HIST 1177 619
HIST 1178 631
HIST 1179 594
HIST 1180 604
HIST 1181 559
HIST 1182 607
HIST 1183 607
HIST 1184 630
HIST 1185 688
HIST 1186 632
HIST 1187 630
HIST 1188 620
HIST 1189 624
HIST 1190 668
HIST 1191 614
HIST 1192 640
HIST 1193 642
HIST 1194 678
HIST 1195 613
HIST 1196 659
HIST 1197 646
HIST 1198 666
HIST 1199 686
HIST 1200 714
HIST 1201 659
HIST 1202 619
HIST 1203 700
HIST 1204 707
HIST 1205 716
HIST 1206 669
HIST 1207 685
HIST 1208 707
HIST 1209 706
HIST 1210 656
HIST 1211 700
HIST 1212 687
HIST 1213 661
HIST 1214 672
HIST 1215 680
HIST 1216 701
HIST 1217 652
HIST 1218 685
HIST 1219 735
HIST 1220 689
HIST 1221 692
HIST 1222 657
HIST 1223 725
HIST 1224 644
HIST 1225 694
HIST 1226 683
HIST 1227 735
HIST 1228 683
HIST 1229 696
HIST 1230 683
HIST 1231 670
HIST 1232 712
HIST 1233 705
HIST 1234 731
HIST 1235 711
HIST 1236 713
HIST 1237 658
HIST 1238 701
HIST 1239 630
HIST 1240 621
HIST 1241 604
HIST 1242 612
HIST 1243 545
HIST 1244 467
HIST 1245 372
HIST 1246 339
HIST 1247 318
HIST 1248 288
HIST 1249 278
HIST 1250 248
HIST 1251 227
HIST 1252 234
HIST 1253 241
HIST 1254 216
HIST 1255 190
HIST 1256 202
HIST 1257 186
HIST 1258 200
HIST 1259 222
HIST 1260 177
HIST 1261 162
HIST 1262 161
HIST 1263 157
HIST 1264 169
HIST 1265 176
HIST 1266 159
HIST 1267 172
HIST 1268 140
HIST 1269 159
HIST 1270 129
HIST 1271 135
HIST 1272 156
HIST 1273 137
HIST 1274 134
HIST 1275 153
HIST 1276 137
HIST 1277 110
HIST 1278 120
HIST 1279 128
HIST 1280 146
HIST 1281 118
HIST 1282 142
HIST 1283 117
HIST 1284 97
HIST 1285 123
HIST 1286 104
HIST 1287 117
HIST 1288 110
HIST 1289 97
HIST 1290 119
HIST 1291 101
HIST 1292 89
HIST 1293 100
HIST 1294 104
HIST 1295 101
HIST 1296 107
HIST 1297 108
HIST 1298 83
HIST 1299 110
HIST 1300 95
HIST 1301 100
HIST 1302 102
HIST 1303 94
HIST 1304 81
HIST 1305 68
HIST 1306 80
HIST 1307 81
HIST 1308 98
HIST 1309 77
HIST 1310 86
HIST 1311 88
HIST 1312 83
HIST 1313 83
HIST 1314 76
HIST 1315 69
HIST 1316 95
HIST 1317 59
HIST 1318 72
HIST 1319 67
HIST 1320 68
HIST 1321 69
HIST 1322 44
HIST 1323 66
HIST 1324 66
HIST 1325 42
HIST 1326 66
HIST 1327 62
HIST 1328 56
HIST 1329 51
HIST 1330 40
HIST 1331 65
HIST 1332 52
HIST 1333 43
HIST 1334 54
HIST 1335 38
HIST 1336 39
HIST 1337 40
HIST 1338 50
HIST 1339 50
HIST 1340 42
HIST 1341 36
HIST 1342 42
HIST 1343 26
HIST 1344 33
HIST 1345 39
HIST 1346 29
HIST 1347 36
HIST 1348 38
HIST 1349 45
HIST 1350 30
HIST 1351 23
HIST 1352 48
HIST 1353 38
HIST 1354 35
HIST 1355 30
HIST 1356 30
HIST 1357 33
HIST 1358 28
HIST 1359 32
HIST 1360 28
HIST 1361 22
HIST 1362 24
HIST 1363 31
HIST 1364 27
HIST 1365 29
HIST 1366 22
HIST 1367 28
HIST 1368 22
HIST 1369 22
HIST 1370 23
HIST 1371 20
HIST 1372 29
HIST 1373 21
HIST 1374 14
HIST 1375 30
HIST 1376 17
HIST 1377 18
HIST 1378 14
HIST 1379 20
HIST 1380 18
HIST 1381 16
HIST 1382 16
HIST 1383 20
HIST 1384 18
HIST 1385 14
HIST 1386 13
HIST 1387 15
HIST 1388 18
HIST 1389 9
HIST 1390 12
HIST 1391 18
HIST 1392 8
HIST 1393 11
HIST 1394 16
HIST 1395 12
HIST 1396 11
HIST 1397 6
HIST 1398 10
HIST 1399 9
HIST 1400 9
HIST 1401 14
HIST 1402 14
HIST 1403 6
HIST 1404 13
HIST 1405 10
HIST 1406 7
HIST 1407 8
HIST 1408 10
HIST 1409 8
HIST 1410 10
HIST 1411 4
HIST 1412 7
HIST 1413 6
HIST 1414 7
HIST 1415 6
HIST 1416 11
HIST 1417 6
HIST 1418 9
HIST 1419 6
HIST 1420 2
HIST 1421 1
HIST 1422 6
HIST 1423 1
HIST 1424 4
HIST 1425 11
HIST 1426 36
HIST 1427 4
HIST 1428 30
HIST 1429 114
HIST 1430 508
HIST 1431 5
HIST 1432 217
HIST 1433 137
HIST 1434 10
HIST 1435 4
HIST 1436 4
HIST 1437 2
HIST 1438 4
HIST 1439 3
HIST 1440 3
HIST 1441 3
HIST 1442 2
HIST 1443 5
HIST 1444 2
HIST 1445 1
HIST 1446 1
HIST 1447 2
HIST 1448 1
HIST 1449 2
HIST 1450 1
HIST 1451 2
HIST 1453 3
HIST 1454 2
HIST 1455 1
HIST 1456 2
HIST 1457 5
HIST 1458 19
HIST 1459 9
HIST 1460 3
HIST 1461 60507
HISTEND
