область 3 целиком затенена областью 2 — выброшена (в сцене симулятора она тоже недостижима)
SETUP correlatedGamma=0 twoJmax=10 vacuum=1 seed=0 killesc=0 killcarry=0 fullcarry=1
CUTS (production thresholds per material couple):
 Material : G4_Galactic
 Range cuts        :  gamma  1 mm     e-  1 mm     e+  1 mm  proton 1 mm 
 Energy thresholds :  gamma  990 eV     e-  990 eV     e+  990 eV  proton 100 keV
 Material : scene_mat_3
 Range cuts        :  gamma  1 mm     e-  1 mm     e+  1 mm  proton 1 mm 
 Energy thresholds :  gamma  6.91691 keV    e-  597.603 keV    e+  574.29 keV proton 100 keV
 Material : scene_mat_1
 Range cuts        :  gamma  1 mm     e-  1 mm     e+  1 mm  proton 1 mm 
 Energy thresholds :  gamma  4.39533 keV    e-  541.252 keV    e+  522.087 keV proton 100 keV
 Material : scene_mat_0
 Range cuts        :  gamma  1 mm     e-  1 mm     e+  1 mm  proton 1 mm 
 Energy thresholds :  gamma  38.4662 keV    e-  692.485 keV    e+  658.149 keV proton 100 keV
RESULT decays=20000000
RESULT any=1115361 eps_total=5.576805e-02
RESULT window=661.657 counts=247498 eps=1.237490e-02
HISTBEGIN bins=663 bin_kev=1.000000 decays=20000000
HIST 0 431
HIST 1 1529
HIST 2 1615
HIST 3 1695
HIST 4 1641
HIST 5 1772
HIST 6 1956
HIST 7 1967
HIST 8 2019
HIST 9 1906
HIST 10 1929
HIST 11 1967
HIST 12 2109
HIST 13 1944
HIST 14 1947
HIST 15 1931
HIST 16 2019
HIST 17 2010
HIST 18 1993
HIST 19 1892
HIST 20 1951
HIST 21 2012
HIST 22 2005
HIST 23 2004
HIST 24 1990
HIST 25 1847
HIST 26 2016
HIST 27 1948
HIST 28 2011
HIST 29 1904
HIST 30 2015
HIST 31 2002
HIST 32 1892
HIST 33 1999
HIST 34 1970
HIST 35 1921
HIST 36 1987
HIST 37 1916
HIST 38 1918
HIST 39 1983
HIST 40 2020
HIST 41 1938
HIST 42 2009
HIST 43 1959
HIST 44 1974
HIST 45 1903
HIST 46 1904
HIST 47 1880
HIST 48 1950
HIST 49 1945
HIST 50 1902
HIST 51 1986
HIST 52 2004
HIST 53 1901
HIST 54 1888
HIST 55 1965
HIST 56 2014
HIST 57 1953
HIST 58 1970
HIST 59 1909
HIST 60 1886
HIST 61 1935
HIST 62 1964
HIST 63 1855
HIST 64 1906
HIST 65 1930
HIST 66 1802
HIST 67 1937
HIST 68 1882
HIST 69 1866
HIST 70 1823
HIST 71 1799
HIST 72 1877
HIST 73 1926
HIST 74 1856
HIST 75 1863
HIST 76 1847
HIST 77 1880
HIST 78 1879
HIST 79 1872
HIST 80 1814
HIST 81 1856
HIST 82 1860
HIST 83 1849
HIST 84 1915
HIST 85 1858
HIST 86 1822
HIST 87 1849
HIST 88 1919
HIST 89 1854
HIST 90 1801
HIST 91 1839
HIST 92 1814
HIST 93 1825
HIST 94 1841
HIST 95 1904
HIST 96 1839
HIST 97 1793
HIST 98 1758
HIST 99 1808
HIST 100 1715
HIST 101 1749
HIST 102 1780
HIST 103 1828
HIST 104 1815
HIST 105 1727
HIST 106 1820
HIST 107 1789
HIST 108 1787
HIST 109 1738
HIST 110 1844
HIST 111 1708
HIST 112 1735
HIST 113 1726
HIST 114 1797
HIST 115 1764
HIST 116 1783
HIST 117 1847
HIST 118 1847
HIST 119 1809
HIST 120 1765
HIST 121 1814
HIST 122 1792
HIST 123 1767
HIST 124 1697
HIST 125 1723
HIST 126 1794
HIST 127 1815
HIST 128 1759
HIST 129 1759
HIST 130 1763
HIST 131 1785
HIST 132 1777
HIST 133 1753
HIST 134 1752
HIST 135 1677
HIST 136 1778
HIST 137 1681
HIST 138 1724
HIST 139 1764
HIST 140 1743
HIST 141 1759
HIST 142 1696
HIST 143 1756
HIST 144 1718
HIST 145 1741
HIST 146 1695
HIST 147 1635
HIST 148 1754
HIST 149 1691
HIST 150 1694
HIST 151 1742
HIST 152 1747
HIST 153 1686
HIST 154 1710
HIST 155 1713
HIST 156 1711
HIST 157 1740
HIST 158 1725
HIST 159 1757
HIST 160 1685
HIST 161 1704
HIST 162 1675
HIST 163 1689
HIST 164 1782
HIST 165 1699
HIST 166 1817
HIST 167 1700
HIST 168 1762
HIST 169 1742
HIST 170 1639
HIST 171 1656
HIST 172 1706
HIST 173 1654
HIST 174 1637
HIST 175 1699
HIST 176 1716
HIST 177 1764
HIST 178 1719
HIST 179 1737
HIST 180 1721
HIST 181 1702
HIST 182 1806
HIST 183 1850
HIST 184 1846
HIST 185 1998
HIST 186 2070
HIST 187 2084
HIST 188 2072
HIST 189 2198
HIST 190 2255
HIST 191 2213
HIST 192 2157
HIST 193 2199
HIST 194 2203
HIST 195 2202
HIST 196 2232
HIST 197 2094
HIST 198 2096
HIST 199 2211
HIST 200 2203
HIST 201 2251
HIST 202 2125
HIST 203 2102
HIST 204 2107
HIST 205 2176
HIST 206 1999
HIST 207 2068
HIST 208 2101
HIST 209 2021
HIST 210 2050
HIST 211 2045
HIST 212 2058
HIST 213 2054
HIST 214 2006
HIST 215 2113
HIST 216 1979
HIST 217 2033
HIST 218 1973
HIST 219 2001
HIST 220 1983
HIST 221 1963
HIST 222 2008
HIST 223 1901
HIST 224 1942
HIST 225 1994
HIST 226 1924
HIST 227 1978
HIST 228 1870
HIST 229 1929
HIST 230 1851
HIST 231 1837
HIST 232 1825
HIST 233 1898
HIST 234 1921
HIST 235 1833
HIST 236 1917
HIST 237 1934
HIST 238 1865
HIST 239 1836
HIST 240 1857
HIST 241 1892
HIST 242 1812
HIST 243 1822
HIST 244 1818
HIST 245 1819
HIST 246 1793
HIST 247 1844
HIST 248 1759
HIST 249 1772
HIST 250 1764
HIST 251 1683
HIST 252 1758
HIST 253 1723
HIST 254 1652
HIST 255 1714
HIST 256 1797
HIST 257 1693
HIST 258 1731
HIST 259 1678
HIST 260 1624
HIST 261 1657
HIST 262 1725
HIST 263 1692
HIST 264 1690
HIST 265 1640
HIST 266 1659
HIST 267 1622
HIST 268 1675
HIST 269 1564
HIST 270 1711
HIST 271 1621
HIST 272 1590
HIST 273 1649
HIST 274 1624
HIST 275 1627
HIST 276 1594
HIST 277 1580
HIST 278 1587
HIST 279 1596
HIST 280 1622
HIST 281 1604
HIST 282 1609
HIST 283 1569
HIST 284 1617
HIST 285 1563
HIST 286 1572
HIST 287 1587
HIST 288 1593
HIST 289 1610
HIST 290 1582
HIST 291 1551
HIST 292 1590
HIST 293 1531
HIST 294 1513
HIST 295 1577
HIST 296 1530
HIST 297 1591
HIST 298 1524
HIST 299 1569
HIST 300 1586
HIST 301 1473
HIST 302 1638
HIST 303 1537
HIST 304 1563
HIST 305 1496
HIST 306 1525
HIST 307 1603
HIST 308 1441
HIST 309 1548
HIST 310 1496
HIST 311 1557
HIST 312 1512
HIST 313 1576
HIST 314 1644
HIST 315 1462
HIST 316 1532
HIST 317 1563
HIST 318 1475
HIST 319 1556
HIST 320 1493
HIST 321 1526
HIST 322 1515
HIST 323 1439
HIST 324 1518
HIST 325 1589
HIST 326 1464
HIST 327 1521
HIST 328 1537
HIST 329 1526
HIST 330 1463
HIST 331 1483
HIST 332 1517
HIST 333 1497
HIST 334 1514
HIST 335 1512
HIST 336 1445
HIST 337 1522
HIST 338 1562
HIST 339 1452
HIST 340 1475
HIST 341 1505
HIST 342 1487
HIST 343 1512
HIST 344 1467
HIST 345 1522
HIST 346 1511
HIST 347 1551
HIST 348 1534
HIST 349 1487
HIST 350 1427
HIST 351 1482
HIST 352 1517
HIST 353 1439
HIST 354 1481
HIST 355 1464
HIST 356 1502
HIST 357 1532
HIST 358 1432
HIST 359 1527
HIST 360 1453
HIST 361 1482
HIST 362 1525
HIST 363 1493
HIST 364 1478
HIST 365 1446
HIST 366 1468
HIST 367 1423
HIST 368 1508
HIST 369 1555
HIST 370 1467
HIST 371 1495
HIST 372 1534
HIST 373 1521
HIST 374 1528
HIST 375 1522
HIST 376 1561
HIST 377 1499
HIST 378 1488
HIST 379 1491
HIST 380 1509
HIST 381 1542
HIST 382 1501
HIST 383 1514
HIST 384 1548
HIST 385 1568
HIST 386 1553
HIST 387 1536
HIST 388 1506
HIST 389 1538
HIST 390 1502
HIST 391 1475
HIST 392 1536
HIST 393 1586
HIST 394 1507
HIST 395 1557
HIST 396 1535
HIST 397 1578
HIST 398 1486
HIST 399 1608
HIST 400 1534
HIST 401 1575
HIST 402 1572
HIST 403 1524
HIST 404 1541
HIST 405 1593
HIST 406 1642
HIST 407 1499
HIST 408 1599
HIST 409 1511
HIST 410 1551
HIST 411 1511
HIST 412 1604
HIST 413 1565
HIST 414 1675
HIST 415 1559
HIST 416 1489
HIST 417 1568
HIST 418 1601
HIST 419 1673
HIST 420 1614
HIST 421 1645
HIST 422 1653
HIST 423 1579
HIST 424 1607
HIST 425 1703
HIST 426 1642
HIST 427 1592
HIST 428 1698
HIST 429 1750
HIST 430 1694
HIST 431 1755
HIST 432 1730
HIST 433 1701
HIST 434 1692
HIST 435 1721
HIST 436 1674
HIST 437 1614
HIST 438 1679
HIST 439 1646
HIST 440 1725
HIST 441 1696
HIST 442 1643
HIST 443 1699
HIST 444 1683
HIST 445 1662
HIST 446 1745
HIST 447 1660
HIST 448 1817
HIST 449 1767
HIST 450 1770
HIST 451 1710
HIST 452 1731
HIST 453 1731
HIST 454 1776
HIST 455 1746
HIST 456 1811
HIST 457 1790
HIST 458 1799
HIST 459 1862
HIST 460 1717
HIST 461 1814
HIST 462 1752
HIST 463 1796
HIST 464 1786
HIST 465 1840
HIST 466 1771
HIST 467 1716
HIST 468 1816
HIST 469 1764
HIST 470 1756
HIST 471 1781
HIST 472 1751
HIST 473 1699
HIST 474 1740
HIST 475 1629
HIST 476 1503
HIST 477 1265
HIST 478 1085
HIST 479 990
HIST 480 821
HIST 481 717
HIST 482 708
HIST 483 607
HIST 484 634
HIST 485 588
HIST 486 610
HIST 487 554
HIST 488 518
HIST 489 482
HIST 490 448
HIST 491 485
HIST 492 452
HIST 493 435
HIST 494 430
HIST 495 403
HIST 496 372
HIST 497 376
HIST 498 364
HIST 499 361
HIST 500 374
HIST 501 358
HIST 502 320
HIST 503 331
HIST 504 288
HIST 505 320
HIST 506 292
HIST 507 313
HIST 508 278
HIST 509 289
HIST 510 295
HIST 511 277
HIST 512 306
HIST 513 260
HIST 514 271
HIST 515 226
HIST 516 243
HIST 517 242
HIST 518 237
HIST 519 244
HIST 520 252
HIST 521 221
HIST 522 239
HIST 523 207
HIST 524 234
HIST 525 226
HIST 526 225
HIST 527 202
HIST 528 217
HIST 529 191
HIST 530 206
HIST 531 207
HIST 532 192
HIST 533 190
HIST 534 192
HIST 535 198
HIST 536 181
HIST 537 156
HIST 538 181
HIST 539 176
HIST 540 167
HIST 541 157
HIST 542 159
HIST 543 153
HIST 544 127
HIST 545 162
HIST 546 138
HIST 547 133
HIST 548 134
HIST 549 151
HIST 550 126
HIST 551 126
HIST 552 141
HIST 553 130
HIST 554 134
HIST 555 106
HIST 556 101
HIST 557 111
HIST 558 109
HIST 559 106
HIST 560 105
HIST 561 117
HIST 562 112
HIST 563 124
HIST 564 111
HIST 565 112
HIST 566 126
HIST 567 107
HIST 568 122
HIST 569 110
HIST 570 95
HIST 571 95
HIST 572 85
HIST 573 85
HIST 574 98
HIST 575 90
HIST 576 107
HIST 577 112
HIST 578 100
HIST 579 102
HIST 580 120
HIST 581 97
HIST 582 120
HIST 583 117
HIST 584 119
HIST 585 84
HIST 586 108
HIST 587 96
HIST 588 91
HIST 589 105
HIST 590 85
HIST 591 94
HIST 592 102
HIST 593 97
HIST 594 86
HIST 595 72
HIST 596 77
HIST 597 84
HIST 598 92
HIST 599 89
HIST 600 66
HIST 601 84
HIST 602 80
HIST 603 74
HIST 604 99
HIST 605 76
HIST 606 55
HIST 607 68
HIST 608 64
HIST 609 79
HIST 610 49
HIST 611 57
HIST 612 81
HIST 613 66
HIST 614 70
HIST 615 63
HIST 616 58
HIST 617 46
HIST 618 61
HIST 619 75
HIST 620 64
HIST 621 55
HIST 622 43
HIST 623 55
HIST 624 53
HIST 625 54
HIST 626 85
HIST 627 195
HIST 628 55
HIST 629 621
HIST 630 49
HIST 631 2306
HIST 632 53
HIST 633 1669
HIST 634 53
HIST 635 50
HIST 636 46
HIST 637 57
HIST 638 49
HIST 639 51
HIST 640 59
HIST 641 49
HIST 642 44
HIST 643 48
HIST 644 56
HIST 645 55
HIST 646 54
HIST 647 51
HIST 648 44
HIST 649 48
HIST 650 40
HIST 651 40
HIST 652 53
HIST 653 47
HIST 654 46
HIST 655 47
HIST 656 36
HIST 657 61
HIST 658 75
HIST 659 100
HIST 660 91
HIST 661 50
HIST 662 247490
HISTEND
