SETUP correlatedGamma=0 twoJmax=10 vacuum=1 seed=0 killesc=1 killcarry=0 fullcarry=0
CUTS (production thresholds per material couple):
 Material : G4_Galactic
 Range cuts        :  gamma  1 mm     e-  1 mm     e+  1 mm  proton 1 mm 
 Energy thresholds :  gamma  990 eV     e-  990 eV     e+  990 eV  proton 100 keV
 Material : scene_mat_3
 Range cuts        :  gamma  1 mm     e-  1 mm     e+  1 mm  proton 1 mm 
 Energy thresholds :  gamma  6.91691 keV    e-  597.603 keV    e+  574.29 keV proton 100 keV
 Material : scene_mat_2
 Range cuts        :  gamma  1 mm     e-  1 mm     e+  1 mm  proton 1 mm 
 Energy thresholds :  gamma  990 eV     e-  990 eV     e+  990 eV  proton 100 keV
 Material : scene_mat_1
 Range cuts        :  gamma  1 mm     e-  1 mm     e+  1 mm  proton 1 mm 
 Energy thresholds :  gamma  4.39533 keV    e-  541.252 keV    e+  522.087 keV proton 100 keV
 Material : scene_mat_0
 Range cuts        :  gamma  1 mm     e-  1 mm     e+  1 mm  proton 1 mm 
 Energy thresholds :  gamma  38.4662 keV    e-  692.485 keV    e+  658.149 keV proton 100 keV
RESULT decays=20000000
RESULT any=350265 eps_total=1.751325e-02
RESULT window=1460.820 counts=26195 eps=1.309750e-03
HISTBEGIN bins=1462 bin_kev=1.000000 decays=20000000
HIST 0 167
HIST 1 378
HIST 2 396
HIST 3 412
HIST 4 415
HIST 5 449
HIST 6 431
HIST 7 451
HIST 8 469
HIST 9 502
HIST 10 459
HIST 11 479
HIST 12 417
HIST 13 490
HIST 14 460
HIST 15 453
HIST 16 478
HIST 17 512
HIST 18 470
HIST 19 464
HIST 20 409
HIST 21 460
HIST 22 449
HIST 23 466
HIST 24 438
HIST 25 445
HIST 26 427
HIST 27 423
HIST 28 405
HIST 29 460
HIST 30 445
HIST 31 433
HIST 32 431
HIST 33 395
HIST 34 422
HIST 35 429
HIST 36 422
HIST 37 390
HIST 38 412
HIST 39 464
HIST 40 391
HIST 41 404
HIST 42 380
HIST 43 401
HIST 44 424
HIST 45 367
HIST 46 386
HIST 47 379
HIST 48 411
HIST 49 370
HIST 50 389
HIST 51 391
HIST 52 393
HIST 53 395
HIST 54 384
HIST 55 369
HIST 56 370
HIST 57 369
HIST 58 394
HIST 59 375
HIST 60 353
HIST 61 356
HIST 62 357
HIST 63 370
HIST 64 350
HIST 65 371
HIST 66 356
HIST 67 372
HIST 68 382
HIST 69 395
HIST 70 376
HIST 71 335
HIST 72 365
HIST 73 373
HIST 74 342
HIST 75 357
HIST 76 335
HIST 77 331
HIST 78 337
HIST 79 342
HIST 80 343
HIST 81 344
HIST 82 329
HIST 83 299
HIST 84 345
HIST 85 368
HIST 86 366
HIST 87 326
HIST 88 318
HIST 89 294
HIST 90 329
HIST 91 351
HIST 92 292
HIST 93 346
HIST 94 355
HIST 95 291
HIST 96 315
HIST 97 311
HIST 98 317
HIST 99 324
HIST 100 284
HIST 101 315
HIST 102 349
HIST 103 301
HIST 104 316
HIST 105 319
HIST 106 320
HIST 107 281
HIST 108 300
HIST 109 313
HIST 110 344
HIST 111 334
HIST 112 335
HIST 113 316
HIST 114 324
HIST 115 301
HIST 116 318
HIST 117 308
HIST 118 353
HIST 119 295
HIST 120 345
HIST 121 329
HIST 122 343
HIST 123 285
HIST 124 306
HIST 125 317
HIST 126 313
HIST 127 306
HIST 128 293
HIST 129 336
HIST 130 353
HIST 131 362
HIST 132 295
HIST 133 323
HIST 134 290
HIST 135 328
HIST 136 349
HIST 137 289
HIST 138 320
HIST 139 307
HIST 140 324
HIST 141 303
HIST 142 330
HIST 143 309
HIST 144 291
HIST 145 299
HIST 146 321
HIST 147 296
HIST 148 295
HIST 149 278
HIST 150 309
HIST 151 291
HIST 152 302
HIST 153 273
HIST 154 317
HIST 155 330
HIST 156 317
HIST 157 297
HIST 158 299
HIST 159 305
HIST 160 297
HIST 161 293
HIST 162 296
HIST 163 332
HIST 164 344
HIST 165 292
HIST 166 299
HIST 167 304
HIST 168 269
HIST 169 290
HIST 170 297
HIST 171 286
HIST 172 282
HIST 173 308
HIST 174 295
HIST 175 274
HIST 176 271
HIST 177 321
HIST 178 320
HIST 179 325
HIST 180 275
HIST 181 263
HIST 182 266
HIST 183 307
HIST 184 260
HIST 185 307
HIST 186 280
HIST 187 274
HIST 188 299
HIST 189 286
HIST 190 252
HIST 191 274
HIST 192 292
HIST 193 288
HIST 194 299
HIST 195 301
HIST 196 268
HIST 197 284
HIST 198 268
HIST 199 290
HIST 200 296
HIST 201 265
HIST 202 282
HIST 203 275
HIST 204 258
HIST 205 276
HIST 206 259
HIST 207 279
HIST 208 291
HIST 209 285
HIST 210 289
HIST 211 294
HIST 212 282
HIST 213 294
HIST 214 278
HIST 215 280
HIST 216 286
HIST 217 300
HIST 218 331
HIST 219 311
HIST 220 312
HIST 221 353
HIST 222 343
HIST 223 344
HIST 224 338
HIST 225 300
HIST 226 322
HIST 227 317
HIST 228 304
HIST 229 308
HIST 230 313
HIST 231 308
HIST 232 303
HIST 233 321
HIST 234 315
HIST 235 308
HIST 236 361
HIST 237 335
HIST 238 331
HIST 239 338
HIST 240 316
HIST 241 325
HIST 242 321
HIST 243 338
HIST 244 299
HIST 245 325
HIST 246 330
HIST 247 314
HIST 248 310
HIST 249 274
HIST 250 344
HIST 251 335
HIST 252 299
HIST 253 345
HIST 254 331
HIST 255 315
HIST 256 301
HIST 257 308
HIST 258 336
HIST 259 328
HIST 260 324
HIST 261 308
HIST 262 313
HIST 263 299
HIST 264 304
HIST 265 339
HIST 266 357
HIST 267 326
HIST 268 320
HIST 269 287
HIST 270 327
HIST 271 278
HIST 272 317
HIST 273 309
HIST 274 313
HIST 275 302
HIST 276 316
HIST 277 283
HIST 278 304
HIST 279 289
HIST 280 324
HIST 281 326
HIST 282 312
HIST 283 310
HIST 284 315
HIST 285 293
HIST 286 302
HIST 287 273
HIST 288 290
HIST 289 291
HIST 290 324
HIST 291 299
HIST 292 312
HIST 293 298
HIST 294 281
HIST 295 281
HIST 296 296
HIST 297 294
HIST 298 257
HIST 299 301
HIST 300 282
HIST 301 265
HIST 302 291
HIST 303 288
HIST 304 263
HIST 305 298
HIST 306 279
HIST 307 259
HIST 308 302
HIST 309 284
HIST 310 265
HIST 311 291
HIST 312 274
HIST 313 281
HIST 314 274
HIST 315 307
HIST 316 292
HIST 317 269
HIST 318 260
HIST 319 263
HIST 320 274
HIST 321 268
HIST 322 291
HIST 323 273
HIST 324 273
HIST 325 288
HIST 326 281
HIST 327 279
HIST 328 275
HIST 329 266
HIST 330 246
HIST 331 269
HIST 332 281
HIST 333 255
HIST 334 263
HIST 335 284
HIST 336 289
HIST 337 265
HIST 338 276
HIST 339 288
HIST 340 242
HIST 341 284
HIST 342 262
HIST 343 238
HIST 344 251
HIST 345 272
HIST 346 251
HIST 347 243
HIST 348 271
HIST 349 252
HIST 350 233
HIST 351 268
HIST 352 273
HIST 353 250
HIST 354 278
HIST 355 261
HIST 356 254
HIST 357 257
HIST 358 258
HIST 359 280
HIST 360 264
HIST 361 238
HIST 362 249
HIST 363 263
HIST 364 275
HIST 365 235
HIST 366 261
HIST 367 269
HIST 368 269
HIST 369 249
HIST 370 222
HIST 371 254
HIST 372 238
HIST 373 216
HIST 374 255
HIST 375 250
HIST 376 264
HIST 377 271
HIST 378 265
HIST 379 255
HIST 380 250
HIST 381 232
HIST 382 212
HIST 383 247
HIST 384 255
HIST 385 233
HIST 386 247
HIST 387 242
HIST 388 252
HIST 389 230
HIST 390 259
HIST 391 257
HIST 392 270
HIST 393 247
HIST 394 225
HIST 395 251
HIST 396 252
HIST 397 241
HIST 398 262
HIST 399 264
HIST 400 242
HIST 401 248
HIST 402 231
HIST 403 247
HIST 404 265
HIST 405 229
HIST 406 211
HIST 407 212
HIST 408 244
HIST 409 224
HIST 410 256
HIST 411 227
HIST 412 259
HIST 413 242
HIST 414 247
HIST 415 246
HIST 416 241
HIST 417 216
HIST 418 223
HIST 419 275
HIST 420 233
HIST 421 234
HIST 422 224
HIST 423 264
HIST 424 248
HIST 425 231
HIST 426 241
HIST 427 220
HIST 428 216
HIST 429 243
HIST 430 218
HIST 431 208
HIST 432 237
HIST 433 241
HIST 434 235
HIST 435 219
HIST 436 219
HIST 437 226
HIST 438 257
HIST 439 3611
HIST 440 231
HIST 441 230
HIST 442 250
HIST 443 239
HIST 444 221
HIST 445 209
HIST 446 254
HIST 447 222
HIST 448 228
HIST 449 207
HIST 450 234
HIST 451 214
HIST 452 235
HIST 453 230
HIST 454 231
HIST 455 246
HIST 456 222
HIST 457 224
HIST 458 232
HIST 459 232
HIST 460 238
HIST 461 226
HIST 462 233
HIST 463 239
HIST 464 216
HIST 465 245
HIST 466 235
HIST 467 229
HIST 468 219
HIST 469 250
HIST 470 229
HIST 471 228
HIST 472 222
HIST 473 236
HIST 474 198
HIST 475 249
HIST 476 253
HIST 477 236
HIST 478 235
HIST 479 229
HIST 480 197
HIST 481 205
HIST 482 240
HIST 483 230
HIST 484 228
HIST 485 201
HIST 486 218
HIST 487 224
HIST 488 232
HIST 489 220
HIST 490 201
HIST 491 217
HIST 492 221
HIST 493 214
HIST 494 232
HIST 495 240
HIST 496 253
HIST 497 220
HIST 498 242
HIST 499 208
HIST 500 218
HIST 501 230
HIST 502 230
HIST 503 247
HIST 504 234
HIST 505 209
HIST 506 233
HIST 507 221
HIST 508 196
HIST 509 202
HIST 510 236
HIST 511 258
HIST 512 239
HIST 513 190
HIST 514 209
HIST 515 240
HIST 516 225
HIST 517 221
HIST 518 208
HIST 519 225
HIST 520 225
HIST 521 198
HIST 522 211
HIST 523 226
HIST 524 214
HIST 525 220
HIST 526 236
HIST 527 197
HIST 528 212
HIST 529 208
HIST 530 196
HIST 531 229
HIST 532 220
HIST 533 201
HIST 534 213
HIST 535 196
HIST 536 187
HIST 537 235
HIST 538 206
HIST 539 206
HIST 540 218
HIST 541 192
HIST 542 237
HIST 543 211
HIST 544 222
HIST 545 190
HIST 546 210
HIST 547 228
HIST 548 208
HIST 549 220
HIST 550 221
HIST 551 224
HIST 552 206
HIST 553 222
HIST 554 218
HIST 555 200
HIST 556 220
HIST 557 211
HIST 558 229
HIST 559 172
HIST 560 217
HIST 561 191
HIST 562 202
HIST 563 200
HIST 564 228
HIST 565 216
HIST 566 219
HIST 567 186
HIST 568 204
HIST 569 228
HIST 570 199
HIST 571 223
HIST 572 214
HIST 573 186
HIST 574 204
HIST 575 215
HIST 576 227
HIST 577 198
HIST 578 218
HIST 579 207
HIST 580 200
HIST 581 206
HIST 582 223
HIST 583 219
HIST 584 216
HIST 585 215
HIST 586 208
HIST 587 241
HIST 588 191
HIST 589 230
HIST 590 181
HIST 591 223
HIST 592 217
HIST 593 222
HIST 594 210
HIST 595 195
HIST 596 227
HIST 597 174
HIST 598 200
HIST 599 209
HIST 600 189
HIST 601 171
HIST 602 218
HIST 603 180
HIST 604 205
HIST 605 171
HIST 606 191
HIST 607 212
HIST 608 195
HIST 609 211
HIST 610 215
HIST 611 205
HIST 612 188
HIST 613 196
HIST 614 213
HIST 615 194
HIST 616 225
HIST 617 221
HIST 618 188
HIST 619 185
HIST 620 227
HIST 621 209
HIST 622 220
HIST 623 210
HIST 624 193
HIST 625 184
HIST 626 216
HIST 627 182
HIST 628 235
HIST 629 220
HIST 630 215
HIST 631 199
HIST 632 205
HIST 633 208
HIST 634 219
HIST 635 195
HIST 636 210
HIST 637 181
HIST 638 199
HIST 639 198
HIST 640 182
HIST 641 184
HIST 642 197
HIST 643 214
HIST 644 179
HIST 645 209
HIST 646 186
HIST 647 202
HIST 648 199
HIST 649 200
HIST 650 195
HIST 651 223
HIST 652 189
HIST 653 222
HIST 654 207
HIST 655 190
HIST 656 214
HIST 657 208
HIST 658 229
HIST 659 199
HIST 660 181
HIST 661 178
HIST 662 218
HIST 663 202
HIST 664 181
HIST 665 176
HIST 666 203
HIST 667 201
HIST 668 213
HIST 669 216
HIST 670 197
HIST 671 174
HIST 672 192
HIST 673 190
HIST 674 191
HIST 675 226
HIST 676 191
HIST 677 197
HIST 678 177
HIST 679 207
HIST 680 224
HIST 681 213
HIST 682 175
HIST 683 208
HIST 684 181
HIST 685 209
HIST 686 197
HIST 687 233
HIST 688 207
HIST 689 205
HIST 690 207
HIST 691 192
HIST 692 193
HIST 693 208
HIST 694 186
HIST 695 218
HIST 696 200
HIST 697 187
HIST 698 193
HIST 699 210
HIST 700 193
HIST 701 214
HIST 702 193
HIST 703 207
HIST 704 193
HIST 705 203
HIST 706 194
HIST 707 197
HIST 708 202
HIST 709 223
HIST 710 185
HIST 711 202
HIST 712 185
HIST 713 195
HIST 714 184
HIST 715 182
HIST 716 196
HIST 717 221
HIST 718 205
HIST 719 168
HIST 720 215
HIST 721 180
HIST 722 218
HIST 723 174
HIST 724 179
HIST 725 182
HIST 726 223
HIST 727 196
HIST 728 204
HIST 729 193
HIST 730 181
HIST 731 216
HIST 732 200
HIST 733 194
HIST 734 182
HIST 735 204
HIST 736 202
HIST 737 185
HIST 738 201
HIST 739 204
HIST 740 205
HIST 741 163
HIST 742 199
HIST 743 208
HIST 744 213
HIST 745 181
HIST 746 190
HIST 747 203
HIST 748 189
HIST 749 198
HIST 750 196
HIST 751 222
HIST 752 215
HIST 753 191
HIST 754 206
HIST 755 180
HIST 756 202
HIST 757 202
HIST 758 198
HIST 759 194
HIST 760 198
HIST 761 221
HIST 762 194
HIST 763 175
HIST 764 217
HIST 765 198
HIST 766 206
HIST 767 191
HIST 768 195
HIST 769 187
HIST 770 205
HIST 771 204
HIST 772 194
HIST 773 206
HIST 774 181
HIST 775 185
HIST 776 189
HIST 777 192
HIST 778 197
HIST 779 216
HIST 780 212
HIST 781 179
HIST 782 200
HIST 783 179
HIST 784 194
HIST 785 191
HIST 786 198
HIST 787 174
HIST 788 209
HIST 789 187
HIST 790 166
HIST 791 184
HIST 792 196
HIST 793 198
HIST 794 203
HIST 795 175
HIST 796 196
HIST 797 198
HIST 798 192
HIST 799 195
HIST 800 203
HIST 801 187
HIST 802 203
HIST 803 198
HIST 804 206
HIST 805 201
HIST 806 209
HIST 807 179
HIST 808 191
HIST 809 201
HIST 810 199
HIST 811 214
HIST 812 182
HIST 813 206
HIST 814 178
HIST 815 182
HIST 816 197
HIST 817 185
HIST 818 191
HIST 819 215
HIST 820 219
HIST 821 188
HIST 822 194
HIST 823 219
HIST 824 214
HIST 825 196
HIST 826 210
HIST 827 200
HIST 828 201
HIST 829 226
HIST 830 194
HIST 831 178
HIST 832 180
HIST 833 175
HIST 834 203
HIST 835 202
HIST 836 197
HIST 837 173
HIST 838 207
HIST 839 212
HIST 840 193
HIST 841 175
HIST 842 190
HIST 843 193
HIST 844 228
HIST 845 186
HIST 846 190
HIST 847 197
HIST 848 225
HIST 849 202
HIST 850 191
HIST 851 187
HIST 852 176
HIST 853 200
HIST 854 200
HIST 855 198
HIST 856 166
HIST 857 208
HIST 858 199
HIST 859 205
HIST 860 187
HIST 861 193
HIST 862 191
HIST 863 204
HIST 864 206
HIST 865 203
HIST 866 202
HIST 867 206
HIST 868 221
HIST 869 209
HIST 870 182
HIST 871 193
HIST 872 191
HIST 873 183
HIST 874 225
HIST 875 205
HIST 876 195
HIST 877 201
HIST 878 175
HIST 879 163
HIST 880 210
HIST 881 196
HIST 882 196
HIST 883 207
HIST 884 218
HIST 885 175
HIST 886 182
HIST 887 226
HIST 888 207
HIST 889 199
HIST 890 197
HIST 891 202
HIST 892 206
HIST 893 204
HIST 894 195
HIST 895 196
HIST 896 167
HIST 897 201
HIST 898 198
HIST 899 197
HIST 900 197
HIST 901 196
HIST 902 202
HIST 903 205
HIST 904 210
HIST 905 187
HIST 906 200
HIST 907 196
HIST 908 181
HIST 909 206
HIST 910 188
HIST 911 214
HIST 912 211
HIST 913 201
HIST 914 209
HIST 915 217
HIST 916 210
HIST 917 183
HIST 918 245
HIST 919 204
HIST 920 200
HIST 921 197
HIST 922 203
HIST 923 202
HIST 924 194
HIST 925 198
HIST 926 208
HIST 927 222
HIST 928 180
HIST 929 197
HIST 930 230
HIST 931 201
HIST 932 207
HIST 933 199
HIST 934 184
HIST 935 200
HIST 936 220
HIST 937 208
HIST 938 203
HIST 939 184
HIST 940 233
HIST 941 209
HIST 942 214
HIST 943 204
HIST 944 198
HIST 945 205
HIST 946 196
HIST 947 205
HIST 948 200
HIST 949 205
HIST 950 709
HIST 951 201
HIST 952 207
HIST 953 203
HIST 954 212
HIST 955 196
HIST 956 225
HIST 957 209
HIST 958 216
HIST 959 217
HIST 960 201
HIST 961 190
HIST 962 224
HIST 963 180
HIST 964 195
HIST 965 198
HIST 966 194
HIST 967 220
HIST 968 203
HIST 969 188
HIST 970 217
HIST 971 210
HIST 972 207
HIST 973 207
HIST 974 236
HIST 975 213
HIST 976 211
HIST 977 200
HIST 978 204
HIST 979 204
HIST 980 196
HIST 981 217
HIST 982 230
HIST 983 183
HIST 984 227
HIST 985 212
HIST 986 200
HIST 987 221
HIST 988 208
HIST 989 216
HIST 990 235
HIST 991 213
HIST 992 211
HIST 993 204
HIST 994 218
HIST 995 226
HIST 996 215
HIST 997 222
HIST 998 201
HIST 999 205
HIST 1000 229
HIST 1001 210
HIST 1002 225
HIST 1003 214
HIST 1004 213
HIST 1005 214
HIST 1006 215
HIST 1007 224
HIST 1008 205
HIST 1009 225
HIST 1010 231
HIST 1011 219
HIST 1012 219
HIST 1013 195
HIST 1014 231
HIST 1015 204
HIST 1016 212
HIST 1017 187
HIST 1018 203
HIST 1019 223
HIST 1020 215
HIST 1021 221
HIST 1022 216
HIST 1023 206
HIST 1024 222
HIST 1025 214
HIST 1026 186
HIST 1027 230
HIST 1028 197
HIST 1029 210
HIST 1030 206
HIST 1031 225
HIST 1032 232
HIST 1033 222
HIST 1034 213
HIST 1035 207
HIST 1036 222
HIST 1037 223
HIST 1038 193
HIST 1039 224
HIST 1040 227
HIST 1041 214
HIST 1042 203
HIST 1043 216
HIST 1044 213
HIST 1045 213
HIST 1046 204
HIST 1047 237
HIST 1048 192
HIST 1049 222
HIST 1050 229
HIST 1051 245
HIST 1052 232
HIST 1053 208
HIST 1054 251
HIST 1055 248
HIST 1056 235
HIST 1057 229
HIST 1058 227
HIST 1059 214
HIST 1060 258
HIST 1061 228
HIST 1062 232
HIST 1063 210
HIST 1064 210
HIST 1065 247
HIST 1066 228
HIST 1067 230
HIST 1068 210
HIST 1069 221
HIST 1070 226
HIST 1071 222
HIST 1072 234
HIST 1073 234
HIST 1074 243
HIST 1075 243
HIST 1076 227
HIST 1077 242
HIST 1078 238
HIST 1079 231
HIST 1080 272
HIST 1081 234
HIST 1082 221
HIST 1083 237
HIST 1084 222
HIST 1085 241
HIST 1086 208
HIST 1087 232
HIST 1088 227
HIST 1089 259
HIST 1090 230
HIST 1091 237
HIST 1092 239
HIST 1093 247
HIST 1094 255
HIST 1095 218
HIST 1096 260
HIST 1097 243
HIST 1098 236
HIST 1099 261
HIST 1100 271
HIST 1101 227
HIST 1102 222
HIST 1103 247
HIST 1104 243
HIST 1105 224
HIST 1106 252
HIST 1107 194
HIST 1108 251
HIST 1109 246
HIST 1110 265
HIST 1111 238
HIST 1112 212
HIST 1113 229
HIST 1114 250
HIST 1115 245
HIST 1116 244
HIST 1117 273
HIST 1118 245
HIST 1119 248
HIST 1120 227
HIST 1121 239
HIST 1122 280
HIST 1123 250
HIST 1124 237
HIST 1125 261
HIST 1126 261
HIST 1127 275
HIST 1128 240
HIST 1129 269
HIST 1130 285
HIST 1131 261
HIST 1132 261
HIST 1133 234
HIST 1134 256
HIST 1135 250
HIST 1136 257
HIST 1137 282
HIST 1138 267
HIST 1139 291
HIST 1140 269
HIST 1141 278
HIST 1142 263
HIST 1143 273
HIST 1144 271
HIST 1145 275
HIST 1146 244
HIST 1147 269
HIST 1148 260
HIST 1149 269
HIST 1150 272
HIST 1151 281
HIST 1152 272
HIST 1153 249
HIST 1154 299
HIST 1155 254
HIST 1156 312
HIST 1157 265
HIST 1158 274
HIST 1159 245
HIST 1160 254
HIST 1161 275
HIST 1162 272
HIST 1163 267
HIST 1164 286
HIST 1165 277
HIST 1166 274
HIST 1167 254
HIST 1168 276
HIST 1169 253
HIST 1170 281
HIST 1171 282
HIST 1172 288
HIST 1173 274
HIST 1174 284
HIST 1175 314
HIST 1176 256
HIST 1177 283
HIST 1178 289
HIST 1179 289
HIST 1180 289
HIST 1181 234
HIST 1182 253
HIST 1183 247
HIST 1184 327
HIST 1185 338
HIST 1186 293
HIST 1187 285
HIST 1188 282
HIST 1189 302
HIST 1190 293
HIST 1191 298
HIST 1192 304
HIST 1193 329
HIST 1194 304
HIST 1195 282
HIST 1196 289
HIST 1197 285
HIST 1198 314
HIST 1199 317
HIST 1200 306
HIST 1201 302
HIST 1202 276
HIST 1203 325
HIST 1204 322
HIST 1205 335
HIST 1206 309
HIST 1207 318
HIST 1208 315
HIST 1209 322
HIST 1210 282
HIST 1211 316
HIST 1212 293
HIST 1213 300
HIST 1214 305
HIST 1215 306
HIST 1216 313
HIST 1217 294
HIST 1218 318
HIST 1219 325
HIST 1220 329
HIST 1221 315
HIST 1222 315
HIST 1223 328
HIST 1224 275
HIST 1225 347
HIST 1226 300
HIST 1227 325
HIST 1228 305
HIST 1229 315
HIST 1230 318
HIST 1231 304
HIST 1232 313
HIST 1233 320
HIST 1234 339
HIST 1235 313
HIST 1236 362
HIST 1237 286
HIST 1238 304
HIST 1239 290
HIST 1240 259
HIST 1241 269
HIST 1242 270
HIST 1243 238
HIST 1244 207
HIST 1245 180
HIST 1246 140
HIST 1247 150
HIST 1248 122
HIST 1249 118
HIST 1250 124
HIST 1251 108
HIST 1252 98
HIST 1253 100
HIST 1254 93
HIST 1255 75
HIST 1256 92
HIST 1257 92
HIST 1258 99
HIST 1259 105
HIST 1260 82
HIST 1261 68
HIST 1262 79
HIST 1263 68
HIST 1264 76
HIST 1265 85
HIST 1266 70
HIST 1267 66
HIST 1268 78
HIST 1269 61
HIST 1270 47
HIST 1271 57
HIST 1272 66
HIST 1273 52
HIST 1274 48
HIST 1275 71
HIST 1276 53
HIST 1277 47
HIST 1278 65
HIST 1279 56
HIST 1280 65
HIST 1281 47
HIST 1282 70
HIST 1283 55
HIST 1284 59
HIST 1285 53
HIST 1286 50
HIST 1287 53
HIST 1288 54
HIST 1289 40
HIST 1290 47
HIST 1291 51
HIST 1292 37
HIST 1293 44
HIST 1294 44
HIST 1295 44
HIST 1296 36
HIST 1297 46
HIST 1298 40
HIST 1299 46
HIST 1300 45
HIST 1301 51
HIST 1302 43
HIST 1303 41
HIST 1304 44
HIST 1305 36
HIST 1306 31
HIST 1307 31
HIST 1308 48
HIST 1309 35
HIST 1310 40
HIST 1311 38
HIST 1312 37
HIST 1313 43
HIST 1314 31
HIST 1315 30
HIST 1316 31
HIST 1317 21
HIST 1318 25
HIST 1319 32
HIST 1320 25
HIST 1321 44
HIST 1322 28
HIST 1323 35
HIST 1324 30
HIST 1325 20
HIST 1326 21
HIST 1327 24
HIST 1328 19
HIST 1329 25
HIST 1330 20
HIST 1331 27
HIST 1332 19
HIST 1333 20
HIST 1334 26
HIST 1335 16
HIST 1336 15
HIST 1337 19
HIST 1338 19
HIST 1339 14
HIST 1340 27
HIST 1341 24
HIST 1342 12
HIST 1343 12
HIST 1344 14
HIST 1345 14
HIST 1346 7
HIST 1347 16
HIST 1348 23
HIST 1349 19
HIST 1350 15
HIST 1351 7
HIST 1352 21
HIST 1353 17
HIST 1354 18
HIST 1355 9
HIST 1356 11
HIST 1357 15
HIST 1358 10
HIST 1359 14
HIST 1360 7
HIST 1361 11
HIST 1362 16
HIST 1363 14
HIST 1364 8
HIST 1365 15
HIST 1366 8
HIST 1367 11
HIST 1368 12
HIST 1369 3
HIST 1370 13
HIST 1371 2
HIST 1372 15
HIST 1373 13
HIST 1374 7
HIST 1375 8
HIST 1376 7
HIST 1377 4
HIST 1378 4
HIST 1379 8
HIST 1380 6
HIST 1381 5
HIST 1382 10
HIST 1383 4
HIST 1384 9
HIST 1385 6
HIST 1386 8
HIST 1387 6
HIST 1388 6
HIST 1389 10
HIST 1390 7
HIST 1391 4
HIST 1392 2
HIST 1393 7
HIST 1394 8
HIST 1395 5
HIST 1396 6
HIST 1397 3
HIST 1398 5
HIST 1399 4
HIST 1400 9
HIST 1401 7
HIST 1402 7
HIST 1403 5
HIST 1404 4
HIST 1405 4
HIST 1406 2
HIST 1407 3
HIST 1408 9
HIST 1409 4
HIST 1410 4
HIST 1411 4
HIST 1412 2
HIST 1413 4
HIST 1414 3
HIST 1415 1
HIST 1416 7
HIST 1417 3
HIST 1418 1
HIST 1419 3
HIST 1420 1
HIST 1421 4
HIST 1422 3
HIST 1423 3
HIST 1424 4
HIST 1425 4
HIST 1426 24
HIST 1427 4
HIST 1428 17
HIST 1429 46
HIST 1430 207
HIST 1431 1
HIST 1432 100
HIST 1433 64
HIST 1434 7
HIST 1435 5
HIST 1436 6
HIST 1437 2
HIST 1438 2
HIST 1439 1
HIST 1440 7
HIST 1441 3
HIST 1442 4
HIST 1443 1
HIST 1444 2
HIST 1445 1
HIST 1446 3
HIST 1447 2
HIST 1448 2
HIST 1449 1
HIST 1450 2
HIST 1451 1
HIST 1452 2
HIST 1453 3
HIST 1454 3
HIST 1455 1
HIST 1456 2
HIST 1457 3
HIST 1458 13
HIST 1459 5
HIST 1460 3
HIST 1461 26194
HISTEND
