матрица: AS80_point0.rmx
клеймо : phys=23;ba6c11c7e3790ff6768adb70f6c0db2ed75ce5958e122a1bc4851ad34148235a
узлов 140, каналов 7, бин 2.00 кэВ; PhysicsVersion кода = 23, FormatVersion кода = 10, ResponseChannelCount = 7
канал  : 6 (AnnihilationOutside)

выброс узла: перенос канала 6 (AnnihilationOutside) соседнего узла на энергию узла против его собственной строки
    с узла    на узел  дир     rms_cont     rms_line  c_line_tr c_line_own   rms_cont_n   rms_line_n Σtr/Σown
    1040.9     1090.0    ↑      1.21467      0.66646      509.5      509.8      1.81688      0.30641    0.455
    1090.0     1040.9    ↓      1.76164      1.92422      509.8      509.5      1.19774      0.40212    2.200
    1090.0     1141.3    ↑      1.12300      0.69626      509.8      509.3      1.90079      0.17293    0.344
    1141.3     1090.0    ↓      1.94398      2.25652      509.3      509.8      1.13107      0.19266    2.909
    1141.3     1195.1    ↑      1.49470      0.14779      509.3      510.3      1.46728      0.16406    1.032
    1195.1     1141.3    ↓      1.25932      0.16105      510.3      509.3      1.27609      0.18455    0.969
    1195.1     1251.3    ↑      1.22088      0.11835      510.3      510.4      1.41408      0.27394    0.705
    1251.3     1195.1    ↓      1.71019      0.13255      510.4      510.3      1.39557      0.21616    1.419
    1251.3     1310.3    ↑      1.09615      0.40720      510.4      510.2      1.31273      0.17499    0.667
    1310.3     1251.3    ↓      1.46313      0.66418      510.2      510.4      1.16815      0.19029    1.500
    1310.3     1372.0    ↑      1.04455      0.67254      510.2      511.3      1.37978      0.82155    0.520
    1372.0     1310.3    ↓      1.63205      1.05058      511.3      510.2      1.12035      0.66694    1.924
    1372.0     1436.6    ↑      1.01176      0.31736      511.3      510.8      1.16935      0.25760    0.726
    1436.6     1372.0    ↓      1.26193      0.41435      510.8      511.3      1.05844      0.24408    1.378
    1436.6     1504.3    ↑      0.94241      0.78267      510.8      511.7      1.20301      0.75476    0.632
    1504.3     1436.6    ↓      1.14562      1.75776      511.7      510.8      0.92391      1.07090    1.583
    1504.3     1575.1    ↑      0.77432      0.48832      511.7      512.7      0.85716      0.56490    0.718
    1575.1     1504.3    ↓      1.05982      0.58634      512.7      511.7      0.84190      0.48676    1.394
    1575.1     1649.3    ↑      0.90449      0.20165      512.7      512.9      0.97975      0.19805    0.821
    1649.3     1575.1    ↓      1.09320      0.22796      512.9      512.7      0.97252      0.18388    1.218
    1649.3     1727.0    ↑      0.87641      0.59156      512.9      512.1      0.96928      0.56263    0.822
    1727.0     1649.3    ↓      0.95652      0.92647      512.1      512.9      0.86923      0.72403    1.217
    1727.0     1808.3    ↑      0.77875      0.73729      512.1      513.0      0.82846      0.80854    0.890
    1808.3     1727.0    ↓      0.81071      0.67437      513.0      512.1      0.76723      0.65787    1.124
    1808.3     1893.5    ↑      0.77103      0.57802      513.0      513.7      0.83065      0.56465    0.783
    1893.5     1808.3    ↓      1.00570      0.83578      513.7      513.0      0.84856      0.63944    1.277
    1893.5     1982.6    ↑      0.65805      0.16958      513.7      513.6      0.68412      0.05666    0.786
    1982.6     1893.5    ↓      0.88961      0.20418      513.6      513.7      0.72730      0.05365    1.272
    1982.6     2076.0    ↑      0.64952      0.18248      513.6      513.8      0.66902      0.12109    0.890
    2076.0     1982.6    ↓      0.77642      0.21414      513.8      513.6      0.71179      0.12647    1.124
    2076.0     2173.8    ↑      0.63593      0.20351      513.8      514.3      0.71066      0.17949    0.854
    2173.8     2076.0    ↓      0.63284      0.23154      514.3      513.8      0.60375      0.17434    1.171
    2173.8     2276.2    ↑      0.60531      0.16044      514.3      514.1      0.62571      0.06931    0.883
    2276.2     2173.8    ↓      0.70996      0.18899      514.1      514.3      0.64805      0.07209    1.132
    2276.2     2383.3    ↑      0.57453      0.41133      514.1      514.7      0.59959      0.45754    0.927
    2383.3     2276.2    ↓      0.58361      0.36859      514.7      514.1      0.56478      0.38019    1.078
    2383.3     2495.6    ↑      0.61739      0.15410      514.7      514.8      0.64185      0.13937    0.880
    2495.6     2383.3    ↓      0.71615      0.16903      514.8      514.7      0.65513      0.13452    1.136
    2495.6     2613.1    ↑      0.60752      0.09119      514.8      514.8      0.63355      0.04584    0.900
    2613.1     2495.6    ↓      0.66775      0.09938      514.8      514.8      0.62640      0.04494    1.112
    2613.1     2736.2    ↑      0.49294      0.14920      514.8      514.8      0.51990      0.06624    0.891
    2736.2     2613.1    ↓      0.52736      0.17333      514.8      514.8      0.49564      0.06857    1.122
    2736.2     2865.1    ↑      0.49075      0.23802      514.8      515.0      0.50172      0.24528    0.939
    2865.1     2736.2    ↓      0.52626      0.24600      515.0      514.8      0.50511      0.23799    1.065
    2865.1     3000.0    ↑      0.45378      0.12903      515.0      515.0      0.45960      0.04352    0.854
    3000.0     2865.1    ↓      0.54064      0.14742      515.0      515.0      0.46751      0.04245    1.171
итог по 46 переносам: rms_cont 0.99889, rms_line 0.67154 (корень из среднего квадрата); с нормировкой амплитуды: rms_cont_n 0.97266, rms_line_n 0.40252
