матрица: AS80_point0.rmx
клеймо : phys=23;ba6c11c7e3790ff6768adb70f6c0db2ed75ce5958e122a1bc4851ad34148235a
узлов 140, каналов 6, бин 2.00 кэВ; PhysicsVersion кода = 23

      узел     лин+конт    континуум   лин/конт   лин/Σстр
     546.5 1.539908E-004 1.464771E-004      0.051    0.0055%
     572.3 1.593362E-004 1.636558E-004     -0.026   -0.0032%
     599.2 1.749893E-004 1.574039E-004      0.112    0.0132%
     627.4 1.518865E-004 1.748034E-004     -0.131   -0.0174%
     657.0 2.072579E-004 2.169323E-004     -0.045   -0.0075%
     687.9 3.356390E-004 4.254663E-004     -0.211   -0.0704%
     720.3 7.632989E-004 7.080913E-004      0.078    0.0439%
     754.3 6.646168E-004 6.680910E-004     -0.005   -0.0028%
     789.8 6.160181E-004 5.941119E-004      0.037    0.0180%
     827.0 5.684631E-004 5.818643E-004     -0.023   -0.0112%
     865.9 5.217016E-004 5.318218E-004     -0.019   -0.0085%
     906.7 5.096574E-004 5.088871E-004      0.002    0.0007%
     949.4 4.428144E-004 4.814035E-004     -0.080   -0.0336%
     994.1 4.486702E-004 4.494583E-004     -0.002   -0.0007%
    1040.9 4.630786E-004 4.367964E-004      0.060    0.0235%
    1090.0 4.218258E-004 4.103303E-004      0.028    0.0104%
    1141.3 3.896892E-004 3.838587E-004      0.015    0.0054%
    1195.1 3.709533E-004 3.693659E-004      0.004    0.0015%
    1251.3 3.657462E-004 3.364314E-004      0.087    0.0278%
    1310.3 3.629165E-004 3.300810E-004      0.099    0.0315%
    1372.0 3.305920E-004 3.038433E-004      0.088    0.0260%
    1436.6 3.396538E-004 2.960366E-004      0.147    0.0430%
    1504.3 3.434997E-004 2.717762E-004      0.264    0.0714%
    1575.1 3.534810E-004 2.593688E-004      0.363    0.0949%
    1649.3 3.114559E-004 2.428006E-004      0.283    0.0702%
    1727.0 3.525992E-004 2.365472E-004      0.491    0.1198%
    1808.3 3.510698E-004 2.225902E-004      0.577    0.1339%
    1893.5 3.325947E-004 2.200552E-004      0.511    0.1184%
    1982.6 3.744223E-004 2.018961E-004      0.855    0.1828%
    2076.0 3.718595E-004 1.908213E-004      0.949    0.1936%
    2173.8 3.748315E-004 1.852753E-004      1.023    0.2040%
    2276.2 4.088426E-004 1.781229E-004      1.295    0.2509%
    2383.3 3.290259E-004 1.593989E-004      1.064    0.1859%
    2495.6 3.168343E-004 1.516264E-004      1.090    0.1818%
    2613.1 3.636542E-004 1.510996E-004      1.407    0.2354%
    2736.2 3.556309E-004 1.332023E-004      1.670    0.2466%
    2865.1 3.165000E-004 1.359730E-004      1.328    0.2014%
    3000.0 3.391029E-004 1.258903E-004      1.694    0.2373%
