матрица: AS80_point0.rmx
клеймо : phys=23;ba6c11c7e3790ff6768adb70f6c0db2ed75ce5958e122a1bc4851ad34148235a
узлов 140, каналов 7, бин 2.00 кэВ; PhysicsVersion кода = 23, FormatVersion кода = 10, ResponseChannelCount = 7

сравнение: A = phys=23;ba6c11c7e3790ff6768adb70f6c0db2ed75ce5958e122a1bc4851ad34148235a (каналов 7), B = AS80_point0.rmx (каналов 6, формат файла 9)
      узел    Δc0    Δc1    Δc2    Δc3    Δc4    Δc5      maxΔΣ/Σ    nΔΣ        Σ(c6)   c6/Σстр
       5.0      0      0      0      0      0      0            0      0 0.000000E+000   0.0000%
       5.2      0      0      0      0      0      0            0      0 0.000000E+000   0.0000%
       5.5      0      0      0      0      0      0            0      0 0.000000E+000   0.0000%
       5.7      0      0      0      0      0      0            0      0 0.000000E+000   0.0000%
       6.0      0      0      0      0      0      0            0      0 0.000000E+000   0.0000%
       6.3      0      0      0      0      0      0            0      0 0.000000E+000   0.0000%
       6.6      0      0      0      0      0      0            0      0 0.000000E+000   0.0000%
       6.9      0      0      0      0      0      0            0      0 0.000000E+000   0.0000%
       7.2      0      0      0      0      0      0            0      0 0.000000E+000   0.0000%
       7.6      0      0      0      0      0      0            0      0 0.000000E+000   0.0000%
       7.9      0      0      0      0      0      0            0      0 0.000000E+000   0.0000%
       8.3      0      0      0      0      0      0            0      0 0.000000E+000   0.0000%
       8.7      0      0      0      0      0      0            0      0 0.000000E+000   0.0000%
       9.1      0      0      0      0      0      0            0      0 0.000000E+000   0.0000%
       9.5      0      0      0      0      0      0            0      0 0.000000E+000   0.0000%
      10.0      0      0      0      0      0      0            0      0 0.000000E+000   0.0000%
      10.4      0      0      0      0      0      0            0      0 0.000000E+000   0.0000%
      10.9      0      0      0      0      0      0            0      0 0.000000E+000   0.0000%
      11.4      0      0      0      0      0      0            0      0 0.000000E+000   0.0000%
      12.0      0      0      0      0      0      0            0      0 0.000000E+000   0.0000%
      12.6      0      0      0      0      0      0            0      0 0.000000E+000   0.0000%
      13.1      0      0      0      0      0      0            0      0 0.000000E+000   0.0000%
      13.8      0      0      0      0      0      0            0      0 0.000000E+000   0.0000%
      14.4      0      0      0      0      0      0            0      0 0.000000E+000   0.0000%
      15.1      0      0      0      0      0      0            0      0 0.000000E+000   0.0000%
      15.8      0      0      0      0      0      0            0      0 0.000000E+000   0.0000%
      16.5      0      0      0      0      0      0            0      0 0.000000E+000   0.0000%
      17.3      0      0      0      0      0      0            0      0 0.000000E+000   0.0000%
      18.1      0      0      0      0      0      0            0      0 0.000000E+000   0.0000%
      19.0      0      0      0      0      0      0            0      0 0.000000E+000   0.0000%
      19.9      0      0      0      0      0      0            0      0 0.000000E+000   0.0000%
      20.8      0      0      0      0      0      0            0      0 0.000000E+000   0.0000%
      21.8      0      0      0      0      0      0            0      0 0.000000E+000   0.0000%
      22.8      0      0      0      0      0      0            0      0 0.000000E+000   0.0000%
      23.9      0      0      0      0      0      0            0      0 0.000000E+000   0.0000%
      25.0      0      0      0      0      0      0            0      0 0.000000E+000   0.0000%
      26.2      0      0      0      0      0      0            0      0 0.000000E+000   0.0000%
      27.4      0      0      0      0      0      0            0      0 0.000000E+000   0.0000%
      28.7      0      0      0      0      0      0            0      0 0.000000E+000   0.0000%
      30.1      0      0      0      0      0      0            0      0 0.000000E+000   0.0000%
      31.5      0      0      0      0      0      0            0      0 0.000000E+000   0.0000%
      33.0      0      0      0      0      0      0            0      0 0.000000E+000   0.0000%
      34.5      0      0      0      0      0      0            0      0 0.000000E+000   0.0000%
      36.2      0      0      0      0      0      0            0      0 0.000000E+000   0.0000%
      37.9      0      0      0      0      0      0            0      0 0.000000E+000   0.0000%
      39.7      0      0      0      0      0      0            0      0 0.000000E+000   0.0000%
      41.5      0      0      0      0      0      0            0      0 0.000000E+000   0.0000%
      43.5      0      0      0      0      0      0            0      0 0.000000E+000   0.0000%
      45.5      0      0      0      0      0      0            0      0 0.000000E+000   0.0000%
      47.7      0      0      0      0      0      0            0      0 0.000000E+000   0.0000%
      49.9      0      0      0      0      0      0            0      0 0.000000E+000   0.0000%
      52.3      0      0      0      0      0      0            0      0 0.000000E+000   0.0000%
      54.7      0      0      0      0      0      0            0      0 0.000000E+000   0.0000%
      57.3      0      0      0      0      0      0            0      0 0.000000E+000   0.0000%
      60.0      0      0      0      0      0      0            0      0 0.000000E+000   0.0000%
      62.8      0      0      0      0      0      0            0      0 0.000000E+000   0.0000%
      65.8      0      0      0      0      0      0            0      0 0.000000E+000   0.0000%
      68.9      0      0      0      0      0      0            0      0 0.000000E+000   0.0000%
      72.1      0      0      0      0      0      0            0      0 0.000000E+000   0.0000%
      75.5      0      0      0      0      0      0            0      0 0.000000E+000   0.0000%
      79.1      0      0      0      0      0      0            0      0 0.000000E+000   0.0000%
      82.8      0      0      0      0      0      0            0      0 0.000000E+000   0.0000%
      86.7      0      0      0      0      0      0            0      0 0.000000E+000   0.0000%
      90.8      0      0      0      0      0      0            0      0 0.000000E+000   0.0000%
      95.1      0      0      0      0      0      0            0      0 0.000000E+000   0.0000%
      99.6      0      0      0      0      0      0            0      0 0.000000E+000   0.0000%
     104.3      0      0      0      0      0      0            0      0 0.000000E+000   0.0000%
     109.2      0      0      0      0      0      0            0      0 0.000000E+000   0.0000%
     114.3      0      0      0      0      0      0            0      0 0.000000E+000   0.0000%
     119.7      0      0      0      0      0      0            0      0 0.000000E+000   0.0000%
     125.3      0      0      0      0      0      0            0      0 0.000000E+000   0.0000%
     131.2      0      0      0      0      0      0            0      0 0.000000E+000   0.0000%
     137.4      0      0      0      0      0      0            0      0 0.000000E+000   0.0000%
     143.9      0      0      0      0      0      0            0      0 0.000000E+000   0.0000%
     150.7      0      0      0      0      0      0            0      0 0.000000E+000   0.0000%
     157.8      0      0      0      0      0      0            0      0 0.000000E+000   0.0000%
     165.2      0      0      0      0      0      0            0      0 0.000000E+000   0.0000%
     173.0      0      0      0      0      0      0            0      0 0.000000E+000   0.0000%
     181.1      0      0      0      0      0      0            0      0 0.000000E+000   0.0000%
     189.6      0      0      0      0      0      0            0      0 0.000000E+000   0.0000%
     198.6      0      0      0      0      0      0            0      0 0.000000E+000   0.0000%
     207.9      0      0      0      0      0      0            0      0 0.000000E+000   0.0000%
     217.7      0      0      0      0      0      0            0      0 0.000000E+000   0.0000%
     228.0      0      0      0      0      0      0            0      0 0.000000E+000   0.0000%
     238.7      0      0      0      0      0      0            0      0 0.000000E+000   0.0000%
     249.9      0      0      0      0      0      0            0      0 0.000000E+000   0.0000%
     261.7      0      0      0      0      0      0            0      0 0.000000E+000   0.0000%
     274.0      0      0      0      0      0      0            0      0 0.000000E+000   0.0000%
     286.9      0      0      0      0      0      0            0      0 0.000000E+000   0.0000%
     300.5      0      0      0      0      0      0            0      0 0.000000E+000   0.0000%
     314.6      0      0      0      0      0      0            0      0 0.000000E+000   0.0000%
     329.4      0      0      0      0      0      0            0      0 0.000000E+000   0.0000%
     344.9      0      0      0      0      0      0            0      0 0.000000E+000   0.0000%
     361.2      0      0      0      0      0      0            0      0 0.000000E+000   0.0000%
     378.2      0      0      0      0      0      0            0      0 0.000000E+000   0.0000%
     396.0      0      0      0      0      0      0            0      0 0.000000E+000   0.0000%
     414.7      0      0      0      0      0      0            0      0 0.000000E+000   0.0000%
     434.2      0      0      0      0      0      0            0      0 0.000000E+000   0.0000%
     454.6      0      0      0      0      0      0            0      0 0.000000E+000   0.0000%
     476.1      0      0      0      0      0      0            0      0 0.000000E+000   0.0000%
     498.5      0      0      0      0      0      0            0      0 0.000000E+000   0.0000%
     521.9      0      0      0      0      0      0            0      0 0.000000E+000   0.0000%
     546.5      0      0      0      0      0      0            0      0 0.000000E+000   0.0000%
     572.3      0      0      0      0      0      0            0      0 0.000000E+000   0.0000%
     599.2      0      0      0      0      0      0            0      0 0.000000E+000   0.0000%
     627.4      0      0      0      0      0      0            0      0 0.000000E+000   0.0000%
     657.0      0      0      0      0      0      0            0      0 0.000000E+000   0.0000%
     687.9      0      0      0      0      0      0            0      0 0.000000E+000   0.0000%
     720.3      0      0      0      0      0      0            0      0 0.000000E+000   0.0000%
     754.3      0      0      0      0      0      0            0      0 0.000000E+000   0.0000%
     789.8      0      0      0      0      0      0            0      0 0.000000E+000   0.0000%
     827.0      0      0      0      0      0      0            0      0 0.000000E+000   0.0000%
     865.9      0      0      0      0      0      0            0      0 0.000000E+000   0.0000%
     906.7      0      0      0      0      0      0            0      0 0.000000E+000   0.0000%
     949.4      0      0      0      0      0      0            0      0 0.000000E+000   0.0000%
     994.1      0      0      0      0      0      0            0      0 0.000000E+000   0.0000%
    1040.9      0      8      0      0      0      0    7.87E-008      8 1.666667E-006   0.0015%
    1090.0      0     14      0      0      0      0    7.00E-008     14 3.666667E-006   0.0033%
    1141.3      0     31      0      0      0      0    7.96E-008     31 1.066667E-005   0.0098%
    1195.1      0     26      0      0      0      0    9.02E-008     26 1.033333E-005   0.0096%
    1251.3      0     45      0      0      0      0    7.05E-008     45 1.466667E-005   0.0139%
    1310.3      0     64      0      0      0      0    1.07E-007     63 2.200000E-005   0.0211%
    1372.0      0     98      0      0      0      0    8.44E-008     98 4.233333E-005   0.0412%
    1436.6      0    125      0      0      0      0    8.70E-008    125 5.833333E-005   0.0575%
    1504.3      0    160      0      0      0      0    1.06E-007    160 9.233333E-005   0.0919%
    1575.1      0    181      0      0      0      0    8.83E-008    181 1.286667E-004   0.1298%
    1649.3      0    221      0      0      0      0    7.76E-008    219 1.566667E-004   0.1601%
    1727.0      0    237      0      0      0      0    9.04E-008    236 1.906667E-004   0.1968%
    1808.3      0    237      0      0      0      0    8.04E-008    235 2.143333E-004   0.2235%
    1893.5      0    261      0      0      0      0    1.00E-007    261 2.736667E-004   0.2878%
    1982.6      0    290      0      0      0      0    9.73E-008    289 3.480000E-004   0.3687%
    2076.0      0    318      0      0      0      0    9.53E-008    316 3.910000E-004   0.4181%
    2173.8      0    325      0      0      0      0    1.07E-007    321 4.580000E-004   0.4930%
    2276.2      0    354      0      0      0      0    9.56E-008    348 5.186667E-004   0.5640%
    2383.3      0    356      0      0      0      0    9.91E-008    352 5.593333E-004   0.6129%
    2495.6      0    376      0      0      0      0    9.69E-008    371 6.356667E-004   0.6996%
    2613.1      0    377      0      0      0      0    9.49E-008    370 7.066667E-004   0.7828%
    2736.2      0    419      0      0      0      0    1.02E-007    412 7.930000E-004   0.8793%
    2865.1      0    407      0      0      0      0    1.06E-007    394 8.446667E-004   0.9424%
    3000.0      0    423      0      0      0      0    1.02E-007    412 9.893333E-004   1.1013%

итог: узлов ниже 1022 кэВ 116, из них ПОБИТОВО по всем каналам и Σ — 116; узлов выше 24, из них каналы 0 и 2…5 побитово — 24
      наибольшее относительное расхождение Σ каналов по бину: 1.070E-007 (узел 1310.3)
      канал № 6 непуст с узла 1040.9 кэВ
