матрица: AS80_point0.rmx
клеймо : phys=23;ba6c11c7e3790ff6768adb70f6c0db2ed75ce5958e122a1bc4851ad34148235a
узлов 140, каналов 7, бин 2.00 кэВ; PhysicsVersion кода = 23, FormatVersion кода = 10, ResponseChannelCount = 7
канал  : 1 (Compton)

выброс узла: перенос канала 1 (Compton) соседнего узла на энергию узла против его собственной строки
    с узла    на узел  дир     rms_cont     rms_line  c_line_tr c_line_own   rms_cont_n   rms_line_n Σtr/Σown
    1310.3     1372.0    ↑      0.15361      0.18517      509.5      510.6      0.15366      0.18435    1.007
    1372.0     1310.3    ↓      0.14800      0.14856      501.1      509.2      0.14884      0.14932    0.993
    1372.0     1436.6    ↑      0.16857      0.21527      504.2      511.0      0.16855      0.21527    1.002
    1436.6     1372.0    ↓      0.15712      0.21589      503.2      510.6      0.15738      0.21625    0.998
    1436.6     1504.3    ↑      0.17400      0.27218      514.2      512.2      0.17395      0.27146    1.005
    1504.3     1436.6    ↓      0.16569      0.18645      503.3      511.0      0.16622      0.18624    0.995
    1504.3     1575.1    ↑      0.16778      0.31904      516.1      514.3      0.16756      0.31709    1.008
    1575.1     1504.3    ↓      0.16720      0.25154      508.1      512.2      0.16781      0.25233    0.992
    1575.1     1649.3    ↑      0.17202      0.28325      519.9      511.3      0.17156      0.28240    1.008
    1649.3     1575.1    ↓      0.16577      0.26990      507.3      514.3      0.16641      0.27050    0.992
    1649.3     1727.0    ↑      0.18234      0.28902      514.1      511.5      0.18239      0.28918    1.004
    1727.0     1649.3    ↓      0.17464      0.28556      501.1      511.3      0.17529      0.28649    0.996
    1727.0     1808.3    ↑      0.19340      0.28530      521.5      512.1      0.19314      0.28430    1.007
    1808.3     1727.0    ↓      0.18553      0.35338      503.0      511.5      0.18627      0.35410    0.993
    1808.3     1893.5    ↑      0.19484      0.27589      514.2      510.5      0.19422      0.27466    1.009
    1893.5     1808.3    ↓      0.18822      0.29586      503.9      512.1      0.18888      0.29631    0.991
    1893.5     1982.6    ↑      0.19936      0.33746      512.4      513.9      0.19922      0.33659    1.008
    1982.6     1893.5    ↓      0.18677      0.29235      504.5      510.5      0.18780      0.29349    0.992
    1982.6     2076.0    ↑      0.19654      0.33303      519.6      511.0      0.19589      0.33180    1.009
    2076.0     1982.6    ↓      0.19480      0.30935      507.6      513.9      0.19526      0.31012    0.992
    2076.0     2173.8    ↑      0.21277      0.41760      523.1      511.4      0.21239      0.41722    1.005
    2173.8     2076.0    ↓      0.20138      0.32561      507.3      511.0      0.20183      0.32681    0.995
    2173.8     2276.2    ↑      0.22416      0.31506      519.3      518.1      0.22343      0.31314    1.014
    2276.2     2173.8    ↓      0.21459      0.33490      504.9      511.4      0.21617      0.33478    0.986
    2276.2     2383.3    ↑      0.22802      0.39289      519.1      513.9      0.22729      0.39158    1.009
    2383.3     2276.2    ↓      0.21246      0.37010      506.6      518.1      0.21314      0.37140    0.991
    2383.3     2495.6    ↑      0.23541      0.34378      516.4      513.1      0.23448      0.34278    1.009
    2495.6     2383.3    ↓      0.23081      0.38254      505.8      513.9      0.23147      0.38400    0.991
    2495.6     2613.1    ↑      0.24652      0.27839      517.7      514.6      0.24574      0.27790    1.012
    2613.1     2495.6    ↓      0.23244      0.33057      503.0      513.1      0.23363      0.33138    0.989
    2613.1     2736.2    ↑      0.25564      0.36763      525.4      510.2      0.25531      0.36654    1.005
    2736.2     2613.1    ↓      0.24366      0.34898      510.3      514.6      0.24422      0.34923    0.995
    2736.2     2865.1    ↑      0.26055      0.26737      522.6      514.8      0.25893      0.26761    1.014
    2865.1     2736.2    ↓      0.24888      0.28621      505.4      510.2      0.24984      0.28984    0.986
    2865.1     3000.0    ↑      0.25822      0.35331      518.1      514.0      0.25784      0.35253    1.005
    3000.0     2865.1    ↓      0.25205      0.32175      505.8      514.8      0.25258      0.32211    0.995
итог по 36 переносам: rms_cont 0.20529, rms_line 0.30688 (корень из среднего квадрата); с нормировкой амплитуды: rms_cont_n 0.20539, rms_line_n 0.30686
