матрица: AS80_point0.rmx
клеймо : phys=23;ba6c11c7e3790ff6768adb70f6c0db2ed75ce5958e122a1bc4851ad34148235a
узлов 140, каналов 7, бин 2.00 кэВ; PhysicsVersion кода = 23, FormatVersion кода = 10, ResponseChannelCount = 7
канал  : 6 (AnnihilationOutside)

      узел     лин+конт    континуум   лин/конт   лин/Σстр
    1040.9 4.997474E-007 0.000000E+000        NaN    0.0004%
    1090.0 1.513500E-006 0.000000E+000        NaN    0.0014%
    1141.3 5.333333E-006 6.250000E-008     84.333    0.0049%
    1195.1 6.333333E-006 0.000000E+000        NaN    0.0059%
    1251.3 7.333333E-006 0.000000E+000        NaN    0.0069%
    1310.3 1.066667E-005 0.000000E+000        NaN    0.0102%
    1372.0 2.166667E-005 6.250000E-008    345.667    0.0210%
    1436.6 2.766667E-005 0.000000E+000        NaN    0.0273%
    1504.3 5.100000E-005 6.250000E-008    815.000    0.0507%
    1575.1 7.300000E-005 0.000000E+000        NaN    0.0736%
    1649.3 8.566667E-005 1.714303E-007    498.717    0.0874%
    1727.0 1.020000E-004 6.356155E-008   1603.744    0.1052%
    1808.3 1.236207E-004 1.797340E-007    686.798    0.1287%
    1893.5 1.479738E-004 1.250000E-007   1182.790    0.1555%
    1982.6 1.787178E-004 3.636249E-007    490.489    0.1890%
    2076.0 1.920000E-004 3.340294E-007    573.800    0.2050%
    2173.8 2.007044E-004 4.982230E-007    401.840    0.2155%
    2276.2 2.381866E-004 7.249245E-007    327.567    0.2582%
    2383.3 1.910204E-004 3.585628E-007    531.739    0.2089%
    2495.6 1.934868E-004 5.000000E-007    385.974    0.2124%
    2613.1 2.171290E-004 7.312730E-007    295.919    0.2397%
    2736.2 2.422087E-004 7.495892E-007    322.122    0.2677%
    2865.1 2.003300E-004 1.068149E-006    186.549    0.2223%
    3000.0 2.383439E-004 1.196834E-006    198.145    0.2640%
