матрица: AS80_point0.rmx
клеймо : phys=23;ba6c11c7e3790ff6768adb70f6c0db2ed75ce5958e122a1bc4851ad34148235a
узлов 140, каналов 7, бин 2.00 кэВ; PhysicsVersion кода = 23, FormatVersion кода = 10, ResponseChannelCount = 7
канал  : 6 (AnnihilationOutside)

      узел     лин+конт    континуум   лин/конт   лин/Σстр
    1090.0 0.000000E+000 0.000000E+000        NaN    0.0000%
    1141.3 0.000000E+000 0.000000E+000        NaN    0.0000%
    1195.1 0.000000E+000 0.000000E+000        NaN    0.0000%
    1251.3 0.000000E+000 0.000000E+000        NaN    0.0000%
    1310.3 0.000000E+000 0.000000E+000        NaN    0.0000%
    1372.0 0.000000E+000 0.000000E+000        NaN    0.0000%
    1436.6 0.000000E+000 0.000000E+000        NaN    0.0000%
    1504.3 0.000000E+000 0.000000E+000        NaN    0.0000%
    1575.1 0.000000E+000 6.250000E-008     -1.000   -0.0001%
    1649.3 0.000000E+000 0.000000E+000        NaN    0.0000%
    1727.0 0.000000E+000 0.000000E+000        NaN    0.0000%
    1808.3 0.000000E+000 0.000000E+000        NaN    0.0000%
    1893.5 0.000000E+000 0.000000E+000        NaN    0.0000%
    1982.6 0.000000E+000 6.250000E-008     -1.000   -0.0001%
    2076.0 0.000000E+000 0.000000E+000        NaN    0.0000%
    2173.8 0.000000E+000 3.809146E-008     -1.000    0.0000%
    2276.2 0.000000E+000 6.250000E-008     -1.000   -0.0001%
    2383.3 0.000000E+000 2.500000E-007     -1.000   -0.0003%
    2495.6 0.000000E+000 1.250000E-007     -1.000   -0.0001%
    2613.1 0.000000E+000 1.250000E-007     -1.000   -0.0001%
    2736.2 1.823180E-007 1.875000E-007     -0.028    0.0000%
    2865.1 0.000000E+000 4.490404E-009     -1.000    0.0000%
    3000.0 0.000000E+000 7.872171E-008     -1.000   -0.0001%
