матрица: AS80_point0.rmx
клеймо : phys=23;ba6c11c7e3790ff6768adb70f6c0db2ed75ce5958e122a1bc4851ad34148235a
узлов 140, каналов 7, бин 2.00 кэВ; PhysicsVersion кода = 23, FormatVersion кода = 10, ResponseChannelCount = 7
канал  : 6 (AnnihilationOutside)

выброс узла: перенос канала 6 (AnnihilationOutside) соседнего узла на энергию узла против его собственной строки
    с узла    на узел  дир     rms_cont     rms_line  c_line_tr c_line_own
    1040.9     1090.0    ↑      1.21467          NaN          —          —
    1090.0     1040.9    ↓      1.76164          NaN          —          —
    1090.0     1141.3    ↑      1.12300          NaN          —          —
    1141.3     1090.0    ↓      1.94398          NaN          —          —
    1141.3     1195.1    ↑      1.49470          NaN          —          —
    1195.1     1141.3    ↓      1.25932          NaN          —          —
    1195.1     1251.3    ↑      1.22088          NaN          —          —
    1251.3     1195.1    ↓      1.71019          NaN          —          —
    1251.3     1310.3    ↑      1.09615          NaN          —          —
    1310.3     1251.3    ↓      1.46313          NaN          —          —
    1310.3     1372.0    ↑      1.04455          NaN          —          —
    1372.0     1310.3    ↓      1.63205          NaN          —          —
    1372.0     1436.6    ↑      1.01176          NaN          —          —
    1436.6     1372.0    ↓      1.26193          NaN          —          —
    1436.6     1504.3    ↑      0.94241          NaN          —          —
    1504.3     1436.6    ↓      1.14562          NaN          —          —
    1504.3     1575.1    ↑      0.77432      1.00000          —     1006.9
    1575.1     1504.3    ↓      1.05982          NaN     1006.9          —
    1575.1     1649.3    ↑      0.90449          NaN     1006.9          —
    1649.3     1575.1    ↓      1.09320      1.00000          —     1006.9
    1649.3     1727.0    ↑      0.87641          NaN          —          —
    1727.0     1649.3    ↓      0.95652          NaN          —          —
    1727.0     1808.3    ↑      0.77875          NaN          —          —
    1808.3     1727.0    ↓      0.81071          NaN          —          —
    1808.3     1893.5    ↑      0.77103          NaN          —          —
    1893.5     1808.3    ↓      1.00570          NaN          —          —
    1893.5     1982.6    ↑      0.65805      1.00000          —     1012.5
    1982.6     1893.5    ↓      0.88961          NaN     1012.5          —
    1982.6     2076.0    ↑      0.64952          NaN     1012.5          —
    2076.0     1982.6    ↓      0.77642      1.00000          —     1012.5
    2076.0     2173.8    ↑      0.63593      1.00000          —     1016.7
    2173.8     2076.0    ↓      0.63284          NaN     1016.7          —
    2173.8     2276.2    ↑      0.60531      0.87137     1016.7     1015.1
    2276.2     2173.8    ↓      0.70996      0.85263     1015.1     1016.7
    2276.2     2383.3    ↑      0.57453      0.86993     1015.1     1009.0
    2383.3     2276.2    ↓      0.58361      1.77438     1009.0     1015.1
    2383.3     2495.6    ↑      0.61739      0.94360     1009.0     1006.1
    2495.6     2383.3    ↓      0.71615      0.85015     1006.1     1009.0
    2495.6     2613.1    ↑      0.60752      1.63014     1006.1     1013.0
    2613.1     2495.6    ↓      0.66775      1.26624     1013.0     1006.1
    2613.1     2736.2    ↑      0.49294      0.97863     1013.0     1010.1
    2736.2     2613.1    ↓      0.52736      1.58432     1010.1     1013.0
    2736.2     2865.1    ↑      0.49075     22.53292     1010.1          —
    2865.1     2736.2    ↓      0.52626      0.98907          —     1010.1
    2865.1     3000.0    ↑      0.45378      0.99274          —     1010.6
    3000.0     2865.1    ↓      0.54064     15.95432     1010.6          —
итог по 46 переносам: rms_cont 0.99889, rms_line NaN (корень из среднего квадрата)
