геометрия: AS80_point0: кристалл Sodium iodide цилиндр 80.00x80.00 мм, ро 3.667; источник — точка, 0.0 мм, Air, dry
400000 историй, бин 2.00 кэВ

=== 662 кэВ ===
ok   сумма каналов равна отклику: 332 бинов, худшее расхождение 1.36E-020
доли: пик 47.36 %, комптон 52.48 %, вылет SE 0.00 %, вылет DE 0.00 %, вылет рентгена 0.17 %
каналы вылета аннигиляции: одиночный 0.0000E+000, двойной 0.0000E+000, их сумма 0.0000E+000 (прежний общий канал)
ok   бин пика принадлежит каналу пика: чужого 0.00 %
ok   ниже порога пар канал SE пуст: 0.000E+000
ok   ниже порога пар канал DE пуст: 0.000E+000
ok   комптон в основном ниже края 478 кэВ: выше него 5.8 %
ok   вылет рентгена собран у 631 кэВ: 95.3 % канала
вылет рентгена: без ключа K 2.1250E-004 L 0.0000E+000; с ключом K 2.1250E-004 L 0.0000E+000 (доля L в статье 0.00 %)
ok   БЕЗ ключа канал L пуст РОВНО: 0.000E+000
ok   K+L с ключом равны прежнему каналу: 2.125000E-004 против 2.125000E-004
ok   прочие каналы ПОБИТОВО те же: разошлось бинов 0
--   выше K-края 33.17 кэВ обе серии открыты, правило пустоты не применяется

=== 2614 кэВ ===
ok   сумма каналов равна отклику: 1308 бинов, худшее расхождение 5.42E-020
доли: пик 20.90 %, комптон 68.63 %, вылет SE 6.29 %, вылет DE 3.40 %, вылет рентгена 0.05 %
каналы вылета аннигиляции: одиночный 5.6825E-003, двойной 3.0700E-003, их сумма 8.7525E-003 (прежний общий канал)
ok   бин пика принадлежит каналу пика: чужого 0.02 %
ok   выше порога пар канал SE не пуст: 6.29 % отклика
ok   выше порога пар канал DE не пуст: 3.40 % отклика
--   окно SE: по энергии 2103 кэВ (бин 1052), максимум в бине 1053 — сдвиг по свету +2.0 кэВ; историй по бинам: 0.0 0.0 0.0 1.0 1.0 0.0 0.7 0.9 0.3 0.0 0.6 |165.4 1288.0 2.5 |1.5 4.0 3.0 1.0 4.3 2.5 9.9 5.5 1.8 3.5 5.8
ok   пик SE выступает в своём канале: 1456 из 1503 событий окна в трёх бинах у максимума (96.9 %), P(≥ k | плато) = 0.00E+000 < 1.35E-003
ok   пика SE в ЧУЖОМ канале нет: 0 из 3 событий окна в трёх бинах у максимума (бин 1040), P(≥ k | плато) = 1.00E+000 (пик — ниже 1.35E-003)
--   окно DE: по энергии 1592 кэВ (бин 796), максимум в бине 795 — сдвиг по свету -2.0 кэВ; историй по бинам: 0.5 0.0 0.0 0.0 0.0 0.0 0.0 0.7 0.5 0.8 0.0 |0.0 357.9 144.4 |4.6 2.3 4.9 2.3 5.7 4.9 4.8 3.3 0.0 7.3 6.3
ok   пик DE выступает в своём канале: 502 из 551 событий окна в трёх бинах у максимума (91.1 %), P(≥ k | плато) = 0.00E+000 < 1.35E-003
ok   пика DE в ЧУЖОМ канале нет: 2 из 4 событий окна в трёх бинах у максимума (бин 797), P(≥ k | плато) = 3.44E-001 (пик — ниже 1.35E-003)
ok   комптон в основном ниже края 2381 кэВ: выше него 2.0 %
ok   вылет рентгена собран у 2583 кэВ: 94.7 % канала
вылет рентгена: без ключа K 4.7500E-005 L 0.0000E+000; с ключом K 4.7500E-005 L 0.0000E+000 (доля L в статье 0.00 %)
ok   БЕЗ ключа канал L пуст РОВНО: 0.000E+000
ok   K+L с ключом равны прежнему каналу: 4.750000E-005 против 4.750000E-005
ok   прочие каналы ПОБИТОВО те же: разошлось бинов 0
--   выше K-края 33.17 кэВ обе серии открыты, правило пустоты не применяется

ВСЕ СОШЛИСЬ
