15:31:09 MatrixRecomputeProbe: сборка физики 21, формат файла 9
  config : D:\BqMoni_Claude\p113\config
  кривых с геометрией: 11
  матрица: 5-3000 кэВ, узлов 100, бин 2 кэВ, историй на узел 1000000, потоков 8
  кривая : 5-3000 кэВ, точек 100 (log), историй на точку 1000000

15:31:09 == [1/11] 1.Atom Spectra Nano 16 Pro RadiaScan 701A / Точка ==  guid 7fbb8fc3-24b8-440a-b750-80fb11b5a0e6
    геометрия: geometry: crystal Cesium iodide box 15.0x18.0x60.0 mm, rho 4.510; source - point, 100.0 mm, Air, dry
    клеймо кривой было: phys=18; hist=200000; grid=40-3000 keV/34 std; kdip=1; lys=2; etr=1; e+tr=1; e+off=1; rayl2=1; ecomp=1; bpath=2
    15:31:48 матрица:  10.0 % узлов досчитано (100/100 узлов в работе, последний 312.6 кэВ), 39 с
    15:32:08 матрица:  20.0 % узлов досчитано (100/100 узлов в работе, последний 174.7 кэВ), 59 с
    15:32:27 матрица:  30.0 % узлов досчитано (100/100 узлов в работе, последний 2171.8 кэВ), 78 с
    15:32:45 матрица:  40.0 % узлов досчитано (100/100 узлов в работе, последний 1138.1 кэВ), 96 с
    15:33:14 матрица:  50.0 % узлов досчитано (100/100 узлов в работе, последний 18.2 кэВ), 125 с
    15:33:28 матрица:  60.0 % узлов досчитано (100/100 узлов в работе, последний 12.4 кэВ), 139 с
    15:33:40 матрица:  70.0 % узлов досчитано (100/100 узлов в работе, последний 7.9 кэВ), 151 с
    15:33:59 матрица:  80.0 % узлов досчитано (100/100 узлов в работе, последний 85.8 кэВ), 170 с
    15:34:26 матрица:  90.0 % узлов досчитано (100/100 узлов в работе, последний 30.5 кэВ), 196 с
    15:34:52 матрица: 100.0 % узлов досчитано (100/100 узлов в работе, последний 75.4 кэВ), 222 с
    матрица  : 224.7 с на часах, 1706.5 с ЦП (ядер 7.6), узлов 100, историй потрачено 838307102, шум конт. взвеш. 3.86 %
    записана : D:\BqMoni_Claude\p113\config\device\response\7fbb8fc3-24b8-440a-b750-80fb11b5a0e6.rmx (443613 байт), формат 9, обратно: читается, IsValidFor = годна
    клеймо   : phys=21;d4e05fa74f4f151f9fe69da3d4ea1a67ddd729f93ba45e55c32f95376eb361b6
      | geometry: crystal Cesium iodide box 15.0x18.0x60.0 mm, rho 4.510; source - point, 100.0 mm, Air, dry
      | cm: Cesium iodide 1.50x1.80 z[0.00..6.00] *; Polytetrafluoroethylene 1.50x1.80 z[-0.13..0.00]; Polytetrafluoroethylene 1.70x2.00 z[-0.13..6.00]; Air, dry 1.70x2.00 z[-0.13..6.00]; Aluminum 2.10x2.40 z[-0.31..-0.13]; Aluminum 2.10x2.40 z[-0.13..6.00]; Aluminum 2.10x2.40 z[6.00..6.20]
      | Cross sections: partial, per element; bremsstrahlung escape: CsI; 1000000 histories per point
      | grid: 100 points, 5-3000 keV (Logarithmic); threads: 8
      | spread per point: median 0.36 %, worst 14.66 % at 6.1 keV (effective sample 47 of 1000000 histories)
    кривая   : 21.3 с, точек 97 (6.1-3000 кэВ)
    клеймо   : phys=21; hist=1000000; grid=6.1-3000 keV/97 log; kdip=1; lys=2; etr=1; e+tr=1; e+off=1; rayl2=1; ecomp=1; bpath=2; eltr=1; elmix=1; lbrem=1
    XML      : D:\BqMoni_Claude\p113\config\device\1.Atom Spectra Nano 16 Pro RadiaScan 701A.xml записан (146369 байт)
15:35:15    итого по кривой 246 с; всего с начала 246 с

15:35:15 == [2/11] 1.Atom Spectra Nano 16 Pro RadiaScan 701A / Маринелли ==  guid 41dc6e6a-c186-474f-96d3-4cc500538ab7
    геометрия: geometry: crystal Cesium iodide box 15.0x18.0x60.0 mm, rho 4.510; source - Marinelli D=114.0 Dhole=61.0 H=85.0 at 1.0 mm, Air, dry
    клеймо кривой было: phys=18; hist=200000; grid=40-3000 keV/34 std; sample=air; kdip=1; lys=2; etr=1; e+tr=1; e+off=1; rayl2=1; ecomp=1; bpath=2
    15:37:13 матрица:  10.0 % узлов досчитано (100/100 узлов в работе, последний 17.1 кэВ), 118 с
    15:38:02 матрица:  20.0 % узлов досчитано (100/100 узлов в работе, последний 7.4 кэВ), 167 с
    15:38:44 матрица:  30.0 % узлов досчитано (100/100 узлов в работе, последний 5.7 кэВ), 209 с
    15:39:31 матрица:  40.0 % узлов досчитано (100/100 узлов в работе, последний 1789.1 кэВ), 256 с
    15:39:52 матрица:  50.0 % узлов досчитано (100/100 узлов в работе, последний 174.7 кэВ), 277 с
    15:40:07 матрица:  60.0 % узлов досчитано (100/100 узлов в работе, последний 186.4 кэВ), 292 с
    15:40:25 матрица:  70.0 % узлов досчитано (100/100 узлов в работе, последний 678.7 кэВ), 310 с
    15:40:34 матрица:  80.0 % узлов досчитано (100/100 узлов в работе, последний 257.5 кэВ), 319 с
    15:40:39 матрица:  90.0 % узлов досчитано (100/100 узлов в работе, последний 45.0 кэВ), 324 с
    15:40:58 матрица: 100.0 % узлов досчитано (100/100 узлов в работе, последний 118.6 кэВ), 343 с
    матрица  : 350.9 с на часах, 2669.2 с ЦП (ядер 7.6), узлов 100, историй потрачено 375606504, шум конт. взвеш. 2.90 %
    записана : D:\BqMoni_Claude\p113\config\device\response\41dc6e6a-c186-474f-96d3-4cc500538ab7.rmx (452369 байт), формат 9, обратно: читается, IsValidFor = годна
    клеймо   : phys=21;86b36062c4935de6fe8d950d5fe9a8737fa6c1ec4ac328b2645e7e99ce25febd
      | geometry: crystal Cesium iodide box 15.0x18.0x60.0 mm, rho 4.510; source - Marinelli D=114.0 Dhole=61.0 H=85.0 at 1.0 mm, Air, dry
      | WARNING: the sample material is still air ("Air, dry", 0.001205 g/cm3) while the sample is 85.0 mm high - self-absorption is NOT accounted for, and the curve can be off by a factor
      | cm: Cesium iodide 1.50x1.80 z[0.00..6.00] *; Polytetrafluoroethylene 1.50x1.80 z[-0.13..0.00]; Polytetrafluoroethylene 1.70x2.00 z[-0.13..6.00]; Air, dry 1.70x2.00 z[-0.13..6.00]; Aluminum 2.10x2.40 z[-0.31..-0.13]; Aluminum 2.10x2.40 z[-0.13..6.00]; Aluminum 2.10x2.40 z[6.00..6.20]; Polyethylene r[0.00..3.25] z[-0.61..-0.41]; Polyethylene r[3.05..3.25] z[-0.41..4.89]; Polyethylene r[5.50..5.70] z[-3.81..4.69]; Air, dry r[0.00..3.25] z[-3.81..-0.61]; Air, dry r[3.25..5.50] z[-3.81..4.69]
      | Cross sections: partial, per element; bremsstrahlung escape: CsI; 1000000 histories per point
      | grid: 100 points, 5-3000 keV (Logarithmic); threads: 8
      | spread per point: median 0.43 %, worst 71.02 % at 6.1 keV (effective sample 2 of 1000000 histories)
    кривая   : 78.8 с, точек 97 (6.1-3000 кэВ)
    клеймо   : phys=21; hist=1000000; grid=6.1-3000 keV/97 log; sample=air; kdip=1; lys=2; etr=1; e+tr=1; e+off=1; rayl2=1; ecomp=1; bpath=2; eltr=1; elmix=1; lbrem=1
    XML      : D:\BqMoni_Claude\p113\config\device\1.Atom Spectra Nano 16 Pro RadiaScan 701A.xml записан (160949 байт)
15:42:25    итого по кривой 430 с; всего с начала 676 с

15:42:25 == [3/11] 1.Atom Spectra Nano 16 Pro RadiaScan 701A / Цилиндр ==  guid 42333387-5295-4665-8c82-6e85c8498a18
    геометрия: geometry: crystal Cesium iodide box 15.0x18.0x60.0 mm, rho 4.510; source - cylinder D=40.0 H=20.0 at 0.0 mm, Water, liquid
    клеймо кривой было: phys=19; hist=1000000; grid=6.5-3000 keV/96 log; kdip=1; lys=2; etr=1; e+tr=1; e+off=1; rayl2=1; ecomp=1; bpath=2; eltr=1
    15:44:07 матрица:  10.0 % узлов досчитано (100/100 узлов в работе, последний 14.1 кэВ), 102 с
    15:44:51 матрица:  20.0 % узлов досчитано (100/100 узлов в работе, последний 7.9 кэВ), 146 с
    15:45:18 матрица:  30.0 % узлов досчитано (100/100 узлов в работе, последний 2471.4 кэВ), 173 с
    15:45:37 матрица:  40.0 % узлов досчитано (100/100 узлов в работе, последний 1295.1 кэВ), 192 с
    15:45:46 матрица:  50.0 % узлов досчитано (100/100 узлов в работе, последний 118.6 кэВ), 201 с
    15:45:52 матрица:  60.0 % узлов досчитано (100/100 узлов в работе, последний 678.7 кэВ), 207 с
    15:45:57 матрица:  70.0 % узлов досчитано (100/100 узлов в работе, последний 333.4 кэВ), 212 с
    15:46:01 матрица:  80.0 % узлов досчитано (100/100 узлов в работе, последний 226.3 кэВ), 216 с
    15:46:03 матрица:  90.0 % узлов досчитано (100/100 узлов в работе, последний 70.7 кэВ), 218 с
    15:46:37 матрица: 100.0 % узлов досчитано (100/100 узлов в работе, последний 32.6 кэВ), 252 с
    матрица  : 258.6 с на часах, 1842.7 с ЦП (ядер 7.1), узлов 100, историй потрачено 309315942, шум конт. взвеш. 2.89 %
    записана : D:\BqMoni_Claude\p113\config\device\response\42333387-5295-4665-8c82-6e85c8498a18.rmx (449437 байт), формат 9, обратно: читается, IsValidFor = годна
    клеймо   : phys=21;7b7ab5fe67ec1427d4065bfb12ecaf070d7e3c75e38b3056b0f4a92e0fe654f5
      | geometry: crystal Cesium iodide box 15.0x18.0x60.0 mm, rho 4.510; source - cylinder D=40.0 H=20.0 at 0.0 mm, Water, liquid
      | cm: Cesium iodide 1.50x1.80 z[0.00..6.00] *; Polytetrafluoroethylene 1.50x1.80 z[-0.13..0.00]; Polytetrafluoroethylene 1.70x2.00 z[-0.13..6.00]; Air, dry 1.70x2.00 z[-0.13..6.00]; Aluminum 2.10x2.40 z[-0.31..-0.13]; Aluminum 2.10x2.40 z[-0.13..6.00]; Aluminum 2.10x2.40 z[6.00..6.20]; Polyethylene r[0.00..2.00] z[-0.41..-0.31]; Polyethylene r[1.90..2.00] z[-2.41..-0.41]; Water, liquid r[0.00..1.90] z[-2.41..-0.41]
      | Cross sections: partial, per element; bremsstrahlung escape: CsI; 1000000 histories per point
      | grid: 100 points, 5-3000 keV (Logarithmic); threads: 8
      | spread per point: median 0.43 %, worst 6.50 % at 6.5 keV (effective sample 236 of 1000000 histories)
    кривая   : 59.1 с, точек 96 (6.5-3000 кэВ)
    клеймо   : phys=21; hist=1000000; grid=6.5-3000 keV/96 log; kdip=1; lys=2; etr=1; e+tr=1; e+off=1; rayl2=1; ecomp=1; bpath=2; eltr=1; elmix=1; lbrem=1
    XML      : D:\BqMoni_Claude\p113\config\device\1.Atom Spectra Nano 16 Pro RadiaScan 701A.xml записан (160948 байт)
15:47:43    итого по кривой 318 с; всего с начала 994 с

15:47:43 == [4/11] 1.Atom Spectra Nano 16 Pro RadiaScan 701A / Точка впритык ==  guid 3b84ce13-d635-47d0-b734-62caa283e3f3
    геометрия: geometry: crystal Cesium iodide box 15.0x18.0x60.0 mm, rho 4.510; source - point, 0.0 mm, Air, dry
    клеймо кривой было: phys=18; hist=1000000; grid=5-3000 keV/100 log; kdip=1; lys=2; etr=1; e+tr=1; e+off=1; rayl2=1; ecomp=1; bpath=2
    15:47:48 матрица:  10.0 % узлов досчитано (72/100 узлов в работе, последний 48.0 кэВ), 5 с
    15:48:17 матрица:  20.0 % узлов досчитано (100/100 узлов в работе, последний 19.4 кэВ), 35 с
    15:48:44 матрица:  30.0 % узлов досчитано (100/100 узлов в работе, последний 12.4 кэВ), 62 с
    15:49:10 матрица:  40.0 % узлов досчитано (100/100 узлов в работе, последний 3000.0 кэВ), 87 с
    15:49:14 матрица:  50.0 % узлов досчитано (100/100 узлов в работе, последний 126.5 кэВ), 91 с
    15:49:17 матрица:  60.0 % узлов досчитано (100/100 узлов в работе, последний 1381.6 кэВ), 94 с
    15:49:18 матрица:  70.0 % узлов досчитано (100/100 узлов в работе, последний 1000.1 кэВ), 95 с
    15:49:19 матрица:  80.0 % узлов досчитано (100/100 узлов в работе, последний 678.7 кэВ), 96 с
    15:49:20 матрица:  90.0 % узлов досчитано (100/100 узлов в работе, последний 524.1 кэВ), 97 с
    15:49:32 матрица: 100.0 % узлов досчитано (100/100 узлов в работе, последний 25.1 кэВ), 109 с
    матрица  : 112.8 с на часах, 811.7 с ЦП (ядер 7.2), узлов 100, историй потрачено 237899993, шум конт. взвеш. 2.69 %
    записана : D:\BqMoni_Claude\p113\config\device\response\3b84ce13-d635-47d0-b734-62caa283e3f3.rmx (447185 байт), формат 9, обратно: читается, IsValidFor = годна
    клеймо   : phys=21;f8e589c961a702d9819073974518796bb5c286ae13302912c4d47a7e22e79494
      | geometry: crystal Cesium iodide box 15.0x18.0x60.0 mm, rho 4.510; source - point, 0.0 mm, Air, dry
      | cm: Cesium iodide 1.50x1.80 z[0.00..6.00] *; Polytetrafluoroethylene 1.50x1.80 z[-0.13..0.00]; Polytetrafluoroethylene 1.70x2.00 z[-0.13..6.00]; Air, dry 1.70x2.00 z[-0.13..6.00]; Aluminum 2.10x2.40 z[-0.31..-0.13]; Aluminum 2.10x2.40 z[-0.13..6.00]; Aluminum 2.10x2.40 z[6.00..6.20]
      | Cross sections: partial, per element; bremsstrahlung escape: CsI; 1000000 histories per point
      | grid: 100 points, 5-3000 keV (Logarithmic); threads: 8
      | spread per point: median 0.35 %, worst 24.36 % at 5.0 keV (effective sample 17 of 1000000 histories)
    кривая   : 38.0 с, точек 100 (5-3000 кэВ)
    клеймо   : phys=21; hist=1000000; grid=5-3000 keV/100 log; kdip=1; lys=2; etr=1; e+tr=1; e+off=1; rayl2=1; ecomp=1; bpath=2; eltr=1; elmix=1; lbrem=1
    XML      : D:\BqMoni_Claude\p113\config\device\1.Atom Spectra Nano 16 Pro RadiaScan 701A.xml записан (160969 байт)
15:50:14    итого по кривой 151 с; всего с начала 1144 с

15:50:14 == [5/11] 1.Atom Spectra Nano 16 Pro RadiaScan 701A / Цилиндр с боку ==  guid aa8a6ecb-5866-4f9d-b359-3c68dba82e5a
    геометрия: geometry: crystal Cesium iodide box 15.0x18.0x60.0 mm, rho 4.510; source - cylinder D=40.0 H=20.0 at 0.0 mm, Water, liquid
    клеймо кривой было: phys=19; hist=200000; grid=6.5-3000 keV/96 log; kdip=1; lys=2; etr=1; e+tr=1; e+off=1; rayl2=1; ecomp=1; bpath=2; eltr=1
    15:50:19 матрица:  10.0 % узлов досчитано (74/100 узлов в работе, последний 48.0 кэВ), 5 с
    15:51:05 матрица:  20.0 % узлов досчитано (100/100 узлов в работе, последний 23.6 кэВ), 51 с
    15:51:50 матрица:  30.0 % узлов досчитано (100/100 узлов в работе, последний 6.9 кэВ), 97 с
    15:52:15 матрица:  40.0 % узлов досчитано (100/100 узлов в работе, последний 2636.3 кэВ), 121 с
    15:52:30 матрица:  50.0 % узлов досчитано (100/100 узлов в работе, последний 1572.2 кэВ), 137 с
    15:52:35 матрица:  60.0 % узлов досчитано (100/100 узлов в работе, последний 823.9 кэВ), 141 с
    15:52:37 матрица:  70.0 % узлов досчитано (100/100 узлов в работе, последний 678.7 кэВ), 144 с
    15:52:39 матрица:  80.0 % узлов досчитано (100/100 узлов в работе, последний 91.6 кэВ), 145 с
    15:52:41 матрица:  90.0 % узлов досчитано (100/100 узлов в работе, последний 431.8 кэВ), 147 с
    15:53:13 матрица: 100.0 % узлов досчитано (100/100 узлов в работе, последний 26.8 кэВ), 179 с
    матрица  : 184.0 с на часах, 1287.7 с ЦП (ядер 7.0), узлов 100, историй потрачено 287145735, шум конт. взвеш. 2.85 %
    записана : D:\BqMoni_Claude\p113\config\device\response\aa8a6ecb-5866-4f9d-b359-3c68dba82e5a.rmx (445861 байт), формат 9, обратно: читается, IsValidFor = годна
    клеймо   : phys=21;babd9c39ad090af86e5578d45794554fe19418c92803f5e736e0fef28f64374f
      | geometry: crystal Cesium iodide box 15.0x18.0x60.0 mm, rho 4.510; source - cylinder D=40.0 H=20.0 at 0.0 mm, Water, liquid
      | cm: Cesium iodide 1.80x6.00 z[0.00..1.50] *; Polytetrafluoroethylene 1.80x6.00 z[-0.10..0.00]; Polytetrafluoroethylene 2.06x6.26 z[-0.10..1.50]; Air, dry 2.06x6.26 z[-0.10..1.50]; Aluminum 2.42x6.62 z[-0.30..-0.10]; Aluminum 2.42x6.62 z[-0.10..1.50]; Aluminum 2.42x6.62 z[1.50..1.70]; Polyethylene r[0.00..2.00] z[-0.40..-0.30]; Polyethylene r[1.90..2.00] z[-2.40..-0.40]; Water, liquid r[0.00..1.90] z[-2.40..-0.40]
      | Cross sections: partial, per element; bremsstrahlung escape: CsI; 1000000 histories per point
      | grid: 100 points, 5-3000 keV (Logarithmic); threads: 8
      | spread per point: median 0.46 %, worst 19.12 % at 9.5 keV (effective sample 27 of 1000000 histories)
    кривая   : 46.0 с, точек 96 (6.5-3000 кэВ)
    клеймо   : phys=21; hist=1000000; grid=6.5-3000 keV/96 log; kdip=1; lys=2; etr=1; e+tr=1; e+off=1; rayl2=1; ecomp=1; bpath=2; eltr=1; elmix=1; lbrem=1
    XML      : D:\BqMoni_Claude\p113\config\device\1.Atom Spectra Nano 16 Pro RadiaScan 701A.xml записан (161001 байт)
15:54:04    итого по кривой 230 с; всего с начала 1375 с

15:54:04 == [6/11] 1.Atom Spectra Nano 16 Pro RadiaScan 701A / Точка в защите ==  guid c482e3bc-e2a8-491f-8759-5df93827eaef
    геометрия: geometry: crystal Cesium iodide box 15.0x18.0x60.0 mm, rho 4.510; source - point, 0.0 mm, Air, dry
    клеймо кривой было: phys=19; hist=1000000; grid=5-3000 keV/100 log; kdip=1; lys=2; etr=1; e+tr=1; e+off=1; rayl2=1; ecomp=1; bpath=2; eltr=1
    15:54:09 матрица:  10.0 % узлов досчитано (73/100 узлов в работе, последний 45.0 кэВ), 5 с
    15:54:39 матрица:  20.0 % узлов досчитано (100/100 узлов в работе, последний 18.2 кэВ), 36 с
    15:55:07 матрица:  30.0 % узлов досчитано (100/100 узлов в работе, последний 12.4 кэВ), 63 с
    15:55:32 матрица:  40.0 % узлов досчитано (100/100 узлов в работе, последний 3000.0 кэВ), 89 с
    15:55:37 матрица:  50.0 % узлов досчитано (100/100 узлов в работе, последний 1908.5 кэВ), 93 с
    15:55:39 матрица:  60.0 % узлов досчитано (100/100 узлов в работе, последний 1381.6 кэВ), 95 с
    15:55:41 матрица:  70.0 % узлов досчитано (100/100 узлов в работе, последний 1000.1 кэВ), 97 с
    15:55:42 матрица:  80.0 % узлов досчитано (100/100 узлов в работе, последний 636.3 кэВ), 99 с
    15:55:44 матрица:  90.0 % узлов досчитано (100/100 узлов в работе, последний 559.1 кэВ), 100 с
    15:56:04 матрица: 100.0 % узлов досчитано (100/100 узлов в работе, последний 25.1 кэВ), 121 с
    матрица  : 129.0 с на часах, 863.6 с ЦП (ядер 6.7), узлов 100, историй потрачено 236013597, шум конт. взвеш. 2.67 %
    записана : D:\BqMoni_Claude\p113\config\device\response\c482e3bc-e2a8-491f-8759-5df93827eaef.rmx (445533 байт), формат 9, обратно: читается, IsValidFor = годна
    клеймо   : phys=21;e81d249fd0c43761e84841cf1b72e94c4ead4ae142835c064962796c4aefe10c
      | geometry: crystal Cesium iodide box 15.0x18.0x60.0 mm, rho 4.510; source - point, 0.0 mm, Air, dry
      | cm: Cesium iodide 1.50x1.80 z[0.00..6.00] *; Polytetrafluoroethylene 1.50x1.80 z[-0.13..0.00]; Polytetrafluoroethylene 1.70x2.00 z[-0.13..6.00]; Air, dry 1.70x2.00 z[-0.13..6.00]; Aluminum 2.10x2.40 z[-0.31..-0.13]; Aluminum 2.10x2.40 z[-0.13..6.00]; Aluminum 2.10x2.40 z[6.00..6.20]
      | Cross sections: partial, per element; bremsstrahlung escape: CsI; 1000000 histories per point
      | grid: 100 points, 5-3000 keV (Logarithmic); threads: 8
      | spread per point: median 0.35 %, worst 24.36 % at 5.0 keV (effective sample 17 of 1000000 histories)
    кривая   : 76.9 с, точек 100 (5-3000 кэВ)
    клеймо   : phys=21; hist=1000000; grid=5-3000 keV/100 log; kdip=1; lys=2; etr=1; e+tr=1; e+off=1; rayl2=1; ecomp=1; bpath=2; eltr=1; elmix=1; lbrem=1
    XML      : D:\BqMoni_Claude\p113\config\device\1.Atom Spectra Nano 16 Pro RadiaScan 701A.xml записан (161010 байт)
15:57:30    итого по кривой 206 с; всего с начала 1580 с

15:57:30 == [7/11] Atom Spectra 80x80 / Точка ==  guid 4c5aa26d-d776-481f-96d8-c01022590f39
    геометрия: geometry: crystal Sodium iodide cylinder 80.00x80.00 mm, rho 3.667; source - point, 0.0 mm, Water, liquid
    клеймо кривой было: phys=18; hist=1000000; grid=6.5-3000 keV/96 log; kdip=1; lys=2; etr=1; e+tr=1; e+off=1; rayl2=1; ecomp=1; bpath=2
    15:57:39 матрица:  10.0 % узлов досчитано (73/100 узлов в работе, последний 45.0 кэВ), 10 с
    15:58:37 матрица:  20.0 % узлов досчитано (100/100 узлов в работе, последний 23.6 кэВ), 67 с
    15:59:20 матрица:  30.0 % узлов досчитано (100/100 узлов в работе, последний 10.2 кэВ), 110 с
    16:00:01 матрица:  40.0 % узлов досчитано (100/100 узлов в работе, последний 2812.3 кэВ), 151 с
    16:00:13 матрица:  50.0 % узлов досчитано (100/100 узлов в работе, последний 2471.4 кэВ), 163 с
    16:00:18 матрица:  60.0 % узлов досчитано (100/100 узлов в работе, последний 1789.1 кэВ), 168 с
    16:00:20 матрица:  70.0 % узлов досчитано (100/100 узлов в работе, последний 91.6 кэВ), 171 с
    16:00:22 матрица:  80.0 % узлов досчитано (100/100 узлов в работе, последний 226.3 кэВ), 173 с
    16:00:23 матрица:  90.0 % узлов досчитано (100/100 узлов в работе, последний 85.8 кэВ), 173 с
    16:00:46 матрица: 100.0 % узлов досчитано (100/100 узлов в работе, последний 28.6 кэВ), 197 с
    матрица  : 204.2 с на часах, 1237.2 с ЦП (ядер 6.1), узлов 100, историй потрачено 250056441, шум конт. взвеш. 2.73 %
    записана : D:\BqMoni_Claude\p113\config\device\response\4c5aa26d-d776-481f-96d8-c01022590f39.rmx (445421 байт), формат 9, обратно: читается, IsValidFor = годна
    клеймо   : phys=21;1d1abf4378a3212a556d949f00f676878d1f0113eab5f496fe29626075c10d7c
      | geometry: crystal Sodium iodide cylinder 80.00x80.00 mm, rho 3.667; source - point, 0.0 mm, Water, liquid
      | cm: Sodium iodide r[0.00..4.00] z[0.00..8.00] *; Magnesium oxide r[0.00..4.00] z[-0.20..0.00]; Magnesium oxide r[4.00..4.20] z[-0.20..8.00]; Air, dry r[0.00..4.20] z[-2.37..-0.20]; Aluminum r[0.00..4.50] z[-2.67..-2.37]; Aluminum r[4.20..4.50] z[-2.37..8.00]; Aluminum r[0.00..4.50] z[8.00..8.20]
      | Cross sections: partial, per element; bremsstrahlung escape: NaI; 1000000 histories per point
      | grid: 100 points, 5-3000 keV (Logarithmic); threads: 8
      | spread per point: median 0.32 %, worst 25.85 % at 5.0 keV (effective sample 15 of 1000000 histories)
    кривая   : 70.6 с, точек 100 (5-3000 кэВ)
    клеймо   : phys=21; hist=1000000; grid=5-3000 keV/100 log; kdip=1; lys=2; etr=1; e+tr=1; e+off=1; rayl2=1; ecomp=1; bpath=2; eltr=1; elmix=1; lbrem=1
    XML      : D:\BqMoni_Claude\p113\config\device\Atom Spectra 80x80.xml записан (106991 байт)
16:02:04    итого по кривой 275 с; всего с начала 1855 с

16:02:04 == [8/11] Atom Spectra 80x80 / Точка 10 см ==  guid 5cb11287-beed-4fa3-bf52-21453effbdc8
    геометрия: geometry: crystal Sodium iodide cylinder 80.00x80.00 mm, rho 3.667; source - point, 100.0 mm, Water, liquid
    клеймо кривой было: phys=18; hist=1000000; grid=8.4-3000 keV/92 log; kdip=1; lys=2; etr=1; e+tr=1; e+off=1; rayl2=1; ecomp=1; bpath=2
    16:04:05 матрица:  10.0 % узлов досчитано (100/100 узлов в работе, последний 17.1 кэВ), 121 с
    16:04:57 матрица:  20.0 % узлов досчитано (100/100 узлов в работе, последний 6.5 кэВ), 172 с
    16:05:34 матрица:  30.0 % узлов досчитано (100/100 узлов в работе, последний 126.5 кэВ), 209 с
    16:05:54 матрица:  40.0 % узлов досчитано (100/100 узлов в работе, последний 2636.3 кэВ), 229 с
    16:06:16 матрица:  50.0 % узлов досчитано (100/100 узлов в работе, последний 226.3 кэВ), 251 с
    16:06:26 матрица:  60.0 % узлов досчитано (100/100 узлов в работе, последний 1295.1 кэВ), 262 с
    16:06:36 матрица:  70.0 % узлов досчитано (100/100 узлов в работе, последний 431.8 кэВ), 271 с
    16:06:43 матрица:  80.0 % узлов досчитано (100/100 узлов в работе, последний 636.3 кэВ), 279 с
    16:06:51 матрица:  90.0 % узлов досчитано (100/100 узлов в работе, последний 42.2 кэВ), 287 с
    16:07:13 матрица: 100.0 % узлов досчитано (100/100 узлов в работе, последний 111.2 кэВ), 308 с
    матрица  : 314.2 с на часах, 2157.7 с ЦП (ядер 6.9), узлов 100, историй потрачено 412154954, шум конт. взвеш. 2.88 %
    записана : D:\BqMoni_Claude\p113\config\device\response\5cb11287-beed-4fa3-bf52-21453effbdc8.rmx (445233 байт), формат 9, обратно: читается, IsValidFor = годна
    клеймо   : phys=21;669634b98027df5c89625f11b00c275fdba4bf39f9dc42e9e2861c60602338e5
      | geometry: crystal Sodium iodide cylinder 80.00x80.00 mm, rho 3.667; source - point, 100.0 mm, Water, liquid
      | cm: Sodium iodide r[0.00..4.00] z[0.00..8.00] *; Magnesium oxide r[0.00..4.00] z[-0.20..0.00]; Magnesium oxide r[4.00..4.20] z[-0.20..8.00]; Air, dry r[0.00..4.20] z[-2.37..-0.20]; Aluminum r[0.00..4.50] z[-2.67..-2.37]; Aluminum r[4.20..4.50] z[-2.37..8.00]; Aluminum r[0.00..4.50] z[8.00..8.20]
      | Cross sections: partial, per element; bremsstrahlung escape: NaI; 1000000 histories per point
      | grid: 100 points, 5-3000 keV (Logarithmic); threads: 8
      | spread per point: median 0.18 %, worst 25.51 % at 10.2 keV (effective sample 15 of 1000000 histories)
    кривая   : 54.2 с, точек 94 (7.4-3000 кэВ)
    клеймо   : phys=21; hist=1000000; grid=7.4-3000 keV/94 log; kdip=1; lys=2; etr=1; e+tr=1; e+off=1; rayl2=1; ecomp=1; bpath=2; eltr=1; elmix=1; lbrem=1
    XML      : D:\BqMoni_Claude\p113\config\device\Atom Spectra 80x80.xml записан (107450 байт)
16:08:13    итого по кривой 368 с; всего с начала 2224 с

16:08:13 == [9/11] Atom Spectra 80x80 / Th медальон ==  guid 04cb27d4-6b6e-4c6c-b665-b6175d78bdcb
    геометрия: geometry: crystal Sodium iodide cylinder 80.00x80.00 mm, rho 3.667; source - cylinder D=40.0 H=5.0 at 0.0 mm, Glass, plate
    клеймо кривой было: phys=19; hist=1000000; grid=7.4-3000 keV/94 log; kdip=1; lys=2; etr=1; e+tr=1; e+off=1; rayl2=1; ecomp=1; bpath=2; eltr=1
    16:08:19 матрица:  10.0 % узлов досчитано (73/100 узлов в работе, последний 39.5 кэВ), 7 с
    16:09:10 матрица:  20.0 % узлов досчитано (100/100 узлов в работе, последний 28.6 кэВ), 57 с
    16:10:12 матрица:  30.0 % узлов досчитано (100/100 узлов в работе, последний 7.9 кэВ), 119 с
    16:10:24 матрица:  40.0 % узлов досчитано (100/100 узлов в работе, последний 2636.3 кэВ), 131 с
    16:10:34 матрица:  50.0 % узлов досчитано (100/100 узлов в работе, последний 1214.1 кэВ), 141 с
    16:10:39 матрица:  60.0 % узлов досчитано (100/100 узлов в работе, последний 937.6 кэВ), 146 с
    16:10:41 матрица:  70.0 % узлов досчитано (100/100 узлов в работе, последний 355.7 кэВ), 148 с
    16:10:43 матрица:  80.0 % узлов досчитано (100/100 узлов в работе, последний 404.8 кэВ), 150 с
    16:10:45 матрица:  90.0 % узлов досчитано (100/100 узлов в работе, последний 198.8 кэВ), 152 с
    16:11:13 матрица: 100.0 % узлов досчитано (100/100 узлов в работе, последний 32.6 кэВ), 181 с
    матрица  : 186.3 с на часах, 1262.2 с ЦП (ядер 6.8), узлов 100, историй потрачено 261415507, шум конт. взвеш. 2.78 %
    записана : D:\BqMoni_Claude\p113\config\device\response\04cb27d4-6b6e-4c6c-b665-b6175d78bdcb.rmx (452481 байт), формат 9, обратно: читается, IsValidFor = годна
    клеймо   : phys=21;8cc9552566a9bad8c160f83dd640a6df90c59813df89bd55c690d0dcba73055c
      | geometry: crystal Sodium iodide cylinder 80.00x80.00 mm, rho 3.667; source - cylinder D=40.0 H=5.0 at 0.0 mm, Glass, plate
      | cm: Sodium iodide r[0.00..4.00] z[0.00..8.00] *; Magnesium oxide r[0.00..4.00] z[-0.20..0.00]; Magnesium oxide r[4.00..4.20] z[-0.20..8.00]; Air, dry r[0.00..4.20] z[-2.37..-0.20]; Aluminum r[0.00..4.50] z[-2.67..-2.37]; Aluminum r[4.20..4.50] z[-2.37..8.00]; Aluminum r[0.00..4.50] z[8.00..8.20]; Glass, plate r[0.00..2.00] z[-3.17..-2.67]
      | Cross sections: partial, per element; bremsstrahlung escape: NaI; 1000000 histories per point
      | grid: 100 points, 5-3000 keV (Logarithmic); threads: 8
      | spread per point: median 0.34 %, worst 6.15 % at 7.4 keV (effective sample 265 of 1000000 histories)
    кривая   : 55.4 с, точек 94 (7.4-3000 кэВ)
    клеймо   : phys=21; hist=1000000; grid=7.4-3000 keV/94 log; kdip=1; lys=2; etr=1; e+tr=1; e+off=1; rayl2=1; ecomp=1; bpath=2; eltr=1; elmix=1; lbrem=1
    XML      : D:\BqMoni_Claude\p113\config\device\Atom Spectra 80x80.xml записан (107456 байт)
16:12:14    итого по кривой 242 с; всего с начала 2465 с

16:12:14 == [10/11] Atom Spectra 80x80 / Цилиндр ==  guid 50a57c5a-3237-4154-b269-b9fd1a2c7d88
    геометрия: geometry: crystal Sodium iodide cylinder 80.00x80.00 mm, rho 3.667; source - cylinder D=40.0 H=20.0 at 0.0 mm, Air, dry
    клеймо кривой было: phys=18; hist=200000; grid=7.4-3000 keV/94 log; sample=air; kdip=1; lys=2; etr=1; e+tr=1; e+off=1; rayl2=1; ecomp=1; bpath=2
    16:12:22 матрица:  10.0 % узлов досчитано (75/100 узлов в работе, последний 37.1 кэВ), 7 с
    16:13:36 матрица:  20.0 % узлов досчитано (100/100 узлов в работе, последний 16.0 кэВ), 82 с
    16:14:25 матрица:  30.0 % узлов досчитано (100/100 узлов в работе, последний 6.5 кэВ), 130 с
    16:14:44 матрица:  40.0 % узлов досчитано (100/100 узлов в работе, последний 118.6 кэВ), 150 с
    16:14:58 матрица:  50.0 % узлов досчитано (100/100 узлов в работе, последний 2316.7 кэВ), 163 с
    16:15:05 матрица:  60.0 % узлов досчитано (100/100 узлов в работе, последний 1572.2 кэВ), 170 с
    16:15:09 матрица:  70.0 % узлов досчитано (100/100 узлов в работе, последний 1066.9 кэВ), 175 с
    16:15:11 матрица:  80.0 % узлов досчитано (100/100 узлов в работе, последний 355.7 кэВ), 177 с
    16:15:14 матрица:  90.0 % узлов досчитано (100/100 узлов в работе, последний 524.1 кэВ), 179 с
    16:15:39 матрица: 100.0 % узлов досчитано (100/100 узлов в работе, последний 25.1 кэВ), 205 с
    матрица  : 211.2 с на часах, 1496.2 с ЦП (ядер 7.1), узлов 100, историй потрачено 264377069, шум конт. взвеш. 2.86 %
    записана : D:\BqMoni_Claude\p113\config\device\response\50a57c5a-3237-4154-b269-b9fd1a2c7d88.rmx (445217 байт), формат 9, обратно: читается, IsValidFor = годна
    клеймо   : phys=21;0e46cb53dfd7de7a04da021f7cf5c7444deaee8e2af7cc57977dbc18e86bb8a6
      | geometry: crystal Sodium iodide cylinder 80.00x80.00 mm, rho 3.667; source - cylinder D=40.0 H=20.0 at 0.0 mm, Air, dry
      | WARNING: the sample material is still air ("Air, dry", 0.001205 g/cm3) while the sample is 20.0 mm high - self-absorption is NOT accounted for, and the curve can be off by a factor
      | cm: Sodium iodide r[0.00..4.00] z[0.00..8.00] *; Magnesium oxide r[0.00..4.00] z[-0.20..0.00]; Magnesium oxide r[4.00..4.20] z[-0.20..8.00]; Air, dry r[0.00..4.20] z[-2.37..-0.20]; Aluminum r[0.00..4.50] z[-2.67..-2.37]; Aluminum r[4.20..4.50] z[-2.37..8.00]; Aluminum r[0.00..4.50] z[8.00..8.20]; Polyethylene r[0.00..2.00] z[-2.77..-2.67]; Polyethylene r[1.90..2.00] z[-4.77..-2.77]; Air, dry r[0.00..1.90] z[-4.77..-2.77]
      | Cross sections: partial, per element; bremsstrahlung escape: NaI; 1000000 histories per point
      | grid: 100 points, 5-3000 keV (Logarithmic); threads: 8
      | spread per point: median 0.30 %, worst 100.00 % at 8.4 keV (effective sample 1 of 1000000 histories)
    кривая   : 62.1 с, точек 94 (7.4-3000 кэВ)
    клеймо   : phys=21; hist=1000000; grid=7.4-3000 keV/94 log; sample=air; kdip=1; lys=2; etr=1; e+tr=1; e+off=1; rayl2=1; ecomp=1; bpath=2; eltr=1; elmix=1; lbrem=1
    XML      : D:\BqMoni_Claude\p113\config\device\Atom Spectra 80x80.xml записан (107500 байт)
16:16:48    итого по кривой 273 с; всего с начала 2739 с

16:16:48 == [11/11] RC-103 / Цилиндр ==  guid 755bbe16-49f5-465c-8407-0e2520d106fd
    геометрия: geometry: crystal Cesium iodide box 10.0x10.0x10.0 mm, rho 4.510; source - cylinder D=40.0 H=10.0 at 0.0 mm, Water, liquid
    клеймо кривой было: phys=18; hist=1000000; grid=5.3-3000 keV/99 log; kdip=1; lys=2; etr=1; e+tr=1; e+off=1; rayl2=1; ecomp=1; bpath=2
    16:18:07 матрица:  10.0 % узлов досчитано (100/100 узлов в работе, последний 6.9 кэВ), 79 с
    16:18:33 матрица:  20.0 % узлов досчитано (100/100 узлов в работе, последний 6.1 кэВ), 105 с
    16:19:16 матрица:  30.0 % узлов досчитано (100/100 узлов в работе, последний 2171.8 кэВ), 148 с
    16:19:38 матрица:  40.0 % узлов досчитано (100/100 узлов в работе, последний 937.6 кэВ), 170 с
    16:19:44 матрица:  50.0 % узлов досчитано (100/100 узлов в работе, последний 678.7 кэВ), 177 с
    16:19:51 матрица:  60.0 % узлов досчитано (100/100 узлов в работе, последний 118.6 кэВ), 183 с
    16:19:56 матрица:  70.0 % узлов досчитано (100/100 узлов в работе, последний 355.7 кэВ), 188 с
    16:20:02 матрица:  80.0 % узлов досчитано (100/100 узлов в работе, последний 75.4 кэВ), 194 с
    16:20:03 матрица:  90.0 % узлов досчитано (100/100 узлов в работе, последний 97.7 кэВ), 195 с
    16:20:32 матрица: 100.0 % узлов досчитано (100/100 узлов в работе, последний 19.4 кэВ), 225 с
    матрица  : 229.7 с на часах, 1677.1 с ЦП (ядер 7.3), узлов 100, историй потрачено 339270182, шум конт. взвеш. 2.86 %
    записана : D:\BqMoni_Claude\p113\config\device\response\755bbe16-49f5-465c-8407-0e2520d106fd.rmx (445697 байт), формат 9, обратно: читается, IsValidFor = годна
    клеймо   : phys=21;9f8d5547fe5bd6f24cbf8ccf0e03dac9117c70df5f75af4d1404cbc60f3cfdb2
      | geometry: crystal Cesium iodide box 10.0x10.0x10.0 mm, rho 4.510; source - cylinder D=40.0 H=10.0 at 0.0 mm, Water, liquid
      | cm: Cesium iodide 1.00x1.00 z[0.00..1.00] *; Polytetrafluoroethylene 1.00x1.00 z[-0.10..0.00]; Polytetrafluoroethylene 1.20x1.20 z[-0.10..1.00]; Air, dry 1.20x1.20 z[-0.10..1.00]; Aluminum 1.40x1.40 z[-0.20..-0.10]; Aluminum 1.40x1.40 z[-0.10..1.00]; Aluminum 1.40x1.40 z[1.00..1.10]; Water, liquid r[0.00..2.00] z[-1.20..-0.20]
      | Cross sections: partial, per element; bremsstrahlung escape: CsI; 1000000 histories per point
      | grid: 100 points, 5-3000 keV (Logarithmic); threads: 8
      | spread per point: median 0.67 %, worst 100.00 % at 6.1 keV (effective sample 1 of 1000000 histories)
    кривая   : 50.0 с, точек 99 (5.3-3000 кэВ)
    клеймо   : phys=21; hist=1000000; grid=5.3-3000 keV/99 log; kdip=1; lys=2; etr=1; e+tr=1; e+off=1; rayl2=1; ecomp=1; bpath=2; eltr=1; elmix=1; lbrem=1
    XML      : D:\BqMoni_Claude\p113\config\device\RC-103.xml записан (30103 байт)
16:21:27    итого по кривой 280 с; всего с начала 3018 с

16:21:27 ГОТОВО: кривых 11, отказов 0, всего 3018 с
