
Втягивает в matdb.sqlite данные из поставки Geant4 G4EMLOW (проверено на 8.8).

Что берём и зачем (нумерация дыр — database/scheme.md, §9а):

  fluor/binding.dat          → eadl_binding        энергии связи ВСЕХ подоболочек
                               H 13.6 эВ … Fm, включая края ниже 1 кэВ (A-3)
  fluor/fl-tr-pr-Z.dat       → eadl_radiative      радиационные переходы EADL:
                               вероятности и энергии линий; сумма по вакансии
                               K = ω_K, по L1..L3 = ω_L1..ω_L3 (A-4)
  auger/au-tr-pr-Z.dat       → eadl_auger          оже- и Костера–Кронига переходы:
                               выходы и энергии электронов (A-5)
  epics2017/phot/pe-ss-cs-Z  → epics_photo_subshell пооболочечный фотоэффект,
                               табличная часть у краёв (A-2)
  epics2017/phot/pe-high/low → epics_photo_fit     6-параметрические фиты фотоэффекта
                               выше табличной части; строки КУМУЛЯТИВНЫ (A-2)
  livermore/rayl/re-ff-Z.dat → epdl_form_factor    атомный форм-фактор F(x,Z) (A-1)
  comp/ce-sf-Z.dat           → epdl_scattering_function  функция инкогерентного
                               рассеяния S(x,Z) (A-1)
  doppler/*                  → compton_profile*    профили Комптона Биггса по
                               оболочкам — доплеровское размытие края (A-1)
  brem_SB/brZ                → seltzer_berger*     дифференциальные сечения
                               тормозного Зельцера–Бергера (B-3)

Форматы прочитаны не на глаз, а из читателей самого Geant4
(geant4-v11.4.2/source/processes/electromagnetic/lowenergy/src):

  * G4LivermorePhotoElectricModel.cc::ReadData / ComputeCrossSectionPerAtom /
    SampleSecondaries — главные три факта о фотоэффекте:
      1) в табличных файлах (pe-cs, pe-le-cs, pe-ss-cs) хранится НЕ сечение,
         а σ·E³ в барн·МэВ³ — код делит на E³ (`cs = x3 * Value(energy)`).
         Проверка: иод у K-края 0.2697/0.033176³ = 7385 б против 7393 б XCOM;
      2) строки pe-high/pe-low — кумулятивные суммы фитов по оболочкам:
         выбор оболочки идёт обходом «пока cs < rand·total», и полное сечение
         берётся из ПОСЛЕДНЕЙ строки (idx = 7·n−5). Сечение отдельной оболочки
         i — разность строк i и i−1;
      3) формула фита: σ(E) = (1/E)·(a1 + a2/E + a3/E² + a4/E³ + a5/E⁴ + a6/E⁵),
         E в МэВ, aᵢ в барн·МэВⁱ, σ в барнах. Фит «low» действует от
         low_from_ev (K-край) до high_from_ev, «high» — выше high_from_ev.
         Ниже K-края — табличные pe-le-cs/pe-ss-cs.
  * G4LivermorePolarizedRayleighModel.cc::GenerateCosTheta — аргумент
    форм-фактора x = (E/hc)·sin(θ/2) в СМ⁻¹ (`xxfact = cm/(h_Planck·c_light)`);
    сетка EPDL доходит до 1e17 см⁻¹ = 1e9 Å⁻¹. У S(x,Z) аргумент тот же.
  * doppler/README — профили Биггса: 31 значение J(p) на оболочку, импульсная
    сетка p-biggs.dat в атомных единицах, заселённости и потенциалы оболочек —
    shell-doppler.dat.
  * brem_SB: формат Зельцера–Бергера, как в G4SeltzerBergerModel: заголовок
    «? nk ne», сетка κ = k/T (nk значений), сетка ln(E/МэВ) (ne значений),
    затем ne строк по nk значений χ(Z,E,κ) = (β²/Z²)·k·dσ/dk в МИЛЛИбарнах.

Нумерация оболочек. В eadl_* — обозначения EADL: 1=K, 3=L1, 5=L2, 6=L3,
9=M1, 10=M2, 11=M3, 13=M4, 14=M5, дальше N (17…22) и O (28…). Составные
обозначения (2=L, 7=M, 8=M12, 12=M45, …) в файлах поставки не встречаются.
Проверка на иоде: Kα1 = переход 6→1 с вероятностью 0.472 и энергией
28.61 кэВ — сошлось со справочником.
В epics_photo_* — ПОРЯДКОВЫЙ номер 0..n−1 по убыванию энергии связи (0=K,
1=L1, …), как в самих файлах pe-ss-cs (четвёртое поле заголовка блока) и в
порядке строк pe-high/pe-low. Сопоставлять с EADL — по энергии края.

После импорта скрипт ЗАМЕНЯЕТ xray_fluorescence.omega_k (аппроксимация
Bambynek 1972 из import_xcom_star.py) на суммы радиационных вероятностей EADL.
Поэтому порядок пересборки базы: сначала import_xcom_star.py, потом этот
скрипт — иначе ω_K останется аппроксимацией.

    python import_geant4.py <matdb.sqlite> <каталог G4EMLOW>

