
Втягивает в matdb.sqlite непропорциональность светового выхода сцинтилляторов
(TODO F11): параметры механистической модели Пейна и посчитанные из них кривые
относительного выхода L(E)/E для электронов.

Модель (Payne III, ур. 3; форма сверена с Breitenmoser 2023, Nature Comm. 14,
7790, ур. 1 и алгоритм S1 — экспонента ловушек ВЛОЖЕНА в онсагеровскую):

    l(S) = [1 − η · exp(−(S/S_Ons) · exp(−S_Trap/S))] / [1 + S/S_Birks]

где S — коллизионная тормозная способность в МэВ/см, η — доля свободных
e-/h пар после термализации, S_Ons = 36.4 МэВ/см (зафиксирован у Пейна для
всех веществ), S_Trap — экранировка ловушками, S_Birks — тушение
экситон-экситонной аннигиляцией. Свет электрона начальной энергии E:

    L(E) = ∫_0^E l(S(E')) dE'          (Breitenmoser, ур. S30)

и в таблицу пишется относительный выход yield_rel = (L(E)/E) / (L(662)/662),
то есть 1.0 на 662 кэВ — привязка та же, что у фотонных кривых Ходюка.

Умолчания — строки `*_eta_fit_photon`: η ОТКАЛИБРОВАН по измеренной ФОТОННОЙ
непропорциональности сквозь наш же перенос (проба LightScaleProbe, геометрия
Nano16Pro, 1e6 историй, 07.08.2026). Причина: параметры Пейна подогнаны под
электронные данные SLYNCI, а те систематически круче фотонных измерений
(известное расхождение SLYNCI ↔ K-dip-спектроскопия); чистый Payne III через
наш перенос даёт фотонный горб 1.209 у CsI:Tl против измеренных 1.12
(Khodyuk 2012, таблица I). Прибор меряет фотонную кривую — по ней и калибр:

    CsI:Tl  η 0.438 → 0.375: фотонная 10/662 = 1.120 (цель 1.12) ✓
    NaI:Tl  η 0.3725 → 0.33: фотонная 10/662 ≈ 1.141 (цель 1.14) ✓
    CsI:Na  η 0.465 → 0.398: тот же относительный сдвиг, что у CsI:Tl
            (сквозь перенос не проверить — симулятор ставит CsI:Tl по
            веществу кристалла; строка лежит на будущее)

Остаток (в TODO): середина шкалы всё ещё круче измеренной (NaI 60 кэВ:
1.069 у нас против ~1.10 у Ходюка) — одним η форму не выправить; провал у
K-края в переносе выходит ступенькой ВВЕРХ, а не вниз — не хватает
подкэвного обвала кривой (ESTAR кончается на 1 кэВ, кривая зажата) и
раздельного каскада (оже-электроны слиплись с фотоэлектроном). Это вторая
половина F11 — пофит по своим спектрам.

Откуда параметры моделей (все при комнатной температуре +20 °C):

  * CsI:Tl, CsI:Na, NaI:Tl — Payne et al., «Nonproportionality of Scintillator
    Detectors. III. Temperature Dependence» (IEEE TNS 61 (2014) 2771,
    LLNL-JRNL-648819, свободный PDF osti.gov/servlets/purl/1762905), таблица I:
    колонки +40/0/−40 °C, значения растут к холоду; +20 °C — линейная
    интерполяция колонок 0 и +40. LaBr3:Ce, CeBr3 — там же, таблица II
    (колонки +40/0/−35 °C).
  * NaI:Tl (второй источник) — Breitenmoser et al. 2023 (Nature Comm. 14,
    7790, arXiv:2302.05641), байесовский MAP по комптоновскому краю, sum mode:
    η = 0.596, S_Trap = 14.6, S_Birks = 322 МэВ/см. Умолчанием НЕ взят:
    их данные — комптоновские края 477–1612 кэВ, ниже модель чистая
    экстраполяция, и кривая из MAP выходит на 1.72 к 5 кэВ (сходится с их же
    рис. S27b, ось до 1.8) — это противоречит измеренному ФОТОННОМУ отклику
    NaI:Tl (114 % на 10 кэВ, Khodyuk 2012, таблица I). Параметры Пейна
    ограничены электронными измерениями по всей шкале — они и умолчание.
    Строка Breitenmoser оставлена как заготовка под будущий пофит по своим
    спектрам (вторая половина F11).

Тормозная способность S(E): NIST ESTAR для готовых соединений — CESIUM IODIDE
(matno=141) и SODIUM IODIDE (matno=252), с эффектом плотности и штатными I.
Сырые ответы сервера лежат в data/estar/ (получены 07.08.2026 POST-запросом
  curl --data "matno=141&ShowDefault=on&Energies=0.00100%0D%0A..."
       https://physics.nist.gov/cgi-bin/Star/e_table-t.pl
с добавкой сетки 1–9 кэВ; штатная сетка начинается с 10 кэВ). Они же
складываются в таблицу estar_collision_stopping — коллизионной тормозной
для СОЕДИНЕНИЙ в базе до сих пор не было (была только радиационная по
элементам). Ниже 1 кэВ интеграл доводится членом l(S(1 кэВ))·1 кэВ — перенос
электроны ниже 1 кэВ всё равно не различает.

Кривые LaBr3:Ce и CeBr3 не считаются: у NIST ESTAR нет этих соединений в
списке готовых, а мешать элементные тормозные аддитивностью Брэгга без
проверки не стал — параметры лежат в таблице, кривая появится вместе с
тормозной (строка в TODO).

    python import_light_yield.py <matdb.sqlite>

