точки модели разрешения пишутся в D:BqMoni_Claudep103artres_points_rc103_before.csv
запасная ветвь правила родителя (T93): родителей в базе 1 — 123CSm2; спектров на ней 0 из 8
девятка: скопировано 7
RC103_Th232WT20      RC103     ch=1024   live=225339    R662= 7.87% lines= 9 rms= 16.68 кэВ =  0.18 FWHM  affine/robust
RC103_K40            RC103     ch=1024   live=314904    R662=13.73% lines= 1 rms=  0.08 кэВ =  0.00 FWHM  gain
RC103_Cs137_0cm      RC103     ch=1024   live=872       R662= 8.02% lines= 3 rms=  0.60 кэВ =  0.02 FWHM  affine/recal/xlow
RC103_Cs137_50mm     RC103     ch=1024   live=3561      R662= 8.01% lines= 2 rms= 11.13 кэВ =  0.67 FWHM  stored/xlow
RC103_K40Village     RC103     ch=1024   live=277612    R662= 9.41% lines= 2 rms= 20.74 кэВ =  0.24 FWHM  affine
RC103_Th232Village   RC103     ch=1024   live=15848     R662= 7.51% lines= 4 rms=  2.69 кэВ =  0.06 FWHM  affine
RC103_Charoite       RC103     ch=1024   live=76364     R662= 7.25% lines= 4 rms=  3.89 кэВ =  0.11 FWHM  affine/robust
RC103_Lu176          RC103     ch=1024   live=2834      R662= 7.07% lines= 3 rms=  3.40 кэВ =  0.08 FWHM  affine
  проход 1: пересчитано по модели группы 6, оставлено прежних 2
     прежняя лучше: RC103_K40 (0.044 -> 0.045 FWHM, 1 -> 2 линий)
     прежняя лучше: RC103_Th232Village (0.055 -> 0.060 FWHM, 4 -> 4 линий)
  проход 2: пересчитано по модели группы 4, оставлено прежних 4
     прежняя лучше: RC103_Th232WT20 (0.082 -> 0.083 FWHM, 6 -> 6 линий)
     прежняя лучше: RC103_K40Village (0.283 -> 0.384 FWHM, 2 -> 2 линий)
     прежняя лучше: RC103_Charoite (0.228 -> 0.324 FWHM, 5 -> 4 линий)
     прежняя лучше: RC103_Lu176 (0.144 -> 0.144 FWHM, 4 -> 4 линий)
семья RC103_Charoite [RC103], 3 спектров, опор 14 (после отбраковки 12), 187.4…2614.5 кэВ, разрешение 1.9790, общий фит: poly2/robust
семья RC103_Th232WT20 [RC103], 2 спектров, опор 9 (после отбраковки 8), 33.4…2614.5 кэВ, разрешение 1.9790, общий фит: gain/robust
  RC103      FWHM: 60:28.5%  300:12.8%  662:8.7%  1461:5.9%  2615:4.5%
устройства: 1
   RC103      RC-103.xml                                    Ch_Concat=1024  30..2800 кэВ
клеймо генератора (T244) при --only НЕ обновляется: корпус теперь смесь двух
  поколений, и check_corpus.py будет красен, пока не пройдёт полная пересборка

записано новых копий: 8

⚠ УЗЕЛ <Efficiency> ПРОПАЛ: 4 из 94 копий
   RC103_Cs137_0cm, RC103_Cs137_50mm, RC103_K40, RC103_Lu176
   Это кривая и матрица понятной части: без узла разбор идёт БЕЗ
   них — молча, без единой ошибки. Вернуть ТЕ ЖЕ узлы из git:
       python tools/CORPUS/scripts/restore_eff_nodes.py --apply
   и затем сверить: python tools/CORPUS/scripts/check_corpus.py
