BecqMoni: main config: D:\BqMoni_Claude\p103\wt\tools\effmaker\probes\build_p103\config\BecquerelMonitor.xml
Матрицы отклика понятной части корпуса (B1)
сетка: 2 узлов 30-31 кэВ, бин 2 кэВ, 400000 историй на узел
останов по шуму ВЫКЛЮЧЕН — плоский счёт (T35)

== ASN16_point10_house ==
   клеймо   : phys=20;59f68cf961cc5e71b89753ac4a74457676ffe3cf87b80b528bb674aa1b9f2ef4
   время    : 2.2 с на часах, ядер 1.7 из 10  — МАШИНУ ДЕЛИМ
   счёт     : 3.6 с ЦП, 4.47 мкс на историю  <- сравнивать надо ЭТО
   обход    : на историю 4.8 шага границ, 4.9 поиска области, 1.3 интерполяции μ, 2.22 сбора пересечений
   шум конт.: взвешенная 25.85 %  ВЫШЕ ПОРОГА 5.0 %
   Q_k      : узлов 2; у 31.0 кэВ Q2 0.9935 ± 0.0000, Q4 0.9783 ± 0.0001, Q2T 0.9933, Q4T 0.9779; худший шум Q_k 0.0001
   раскладка: D:\BqMoni_Claude\p103\art\dumps\a77-ASN16_point10_house.csv
   файл     : D:\BqMoni_Claude\p103\store_check\ASN16_point10_house.rmx (0.0 МБ)

== RC103_point0 ==
   клеймо   : phys=20;6c76c539d5eb682726a2f2457df75d9e3c28e948de23e25a76023908aee66764
   время    : 2.5 с на часах, ядер 2.0 из 10  — МАШИНУ ДЕЛИМ
   счёт     : 5.0 с ЦП, 6.23 мкс на историю  <- сравнивать надо ЭТО
   обход    : на историю 8.7 шага границ, 9.0 поиска области, 4.3 интерполяции μ, 3.02 сбора пересечений
   шум конт.: взвешенная 5.92 %  ВЫШЕ ПОРОГА 5.0 %
   Q_k      : узлов 2; у 31.0 кэВ Q2 0.5995 ± 0.0009, Q4 0.0958 ± 0.0017, Q2T 0.5780, Q4T 0.0914; худший шум Q_k 0.0017
   раскладка: D:\BqMoni_Claude\p103\art\dumps\a77-RC103_point0.csv
   файл     : D:\BqMoni_Claude\p103\store_check\RC103_point0.rmx (0.0 МБ)

матриц: 2 — посчитано 2, пропущено 0 (клеймо сошлось); всего 0.1 мин
пересчитаны ВСЕ — значит изменилась картина целиком (версия физики или параметры расчёта)
ЕСТЬ ШУМНЫЕ
