Матрицы отклика понятной части корпуса (B1)
сетка: 140 узлов 5-3000 кэВ, бин 2 кэВ, 6000000 историй на узел
останов по шуму ВЫКЛЮЧЕН — плоский счёт (T35)

== ASN16_point10_house ==
   клеймо   : phys=20;244adb1e863cd73823474557cb8e031ceab949a2db5f4256c68572a10b1d2948
   время    : 431.0 с на часах, ядер 6.1 из 10
   счёт     : 2642.7 с ЦП, 3.15 мкс на историю  <- сравнивать надо ЭТО
   сетка κ  : 200000 точек по 2 истории — в «мкс на историю» НЕ входят (замер узлов — с --jnodes=0)
   обход    : на историю 4.8 шага границ, 4.9 поиска области, 1.3 интерполяции μ, 2.24 сбора пересечений
   шум конт.: взвешенная 4.34 %  тихо
   Q_k      : узлов 140; у 657.0 кэВ Q2 0.9956 ± 0.0000, Q4 0.9853 ± 0.0000, Q2T 0.9945, Q4T 0.9816; худший шум Q_k 0.0054
   раскладка: D:\BqMoni_Claude\p103\art\dumps\store_far-ASN16_point10_house.csv
   файл     : D:\BqMoni_Claude\p103\store\ASN16_point10_house.rmx (0.6 МБ)

== G1S_point25 ==
   клеймо   : phys=20;e8634b2741fc2ce606b625c82f3d16a0da73171ac8c008af91d255b4f66b357c
   время    : 1272.0 с на часах, ядер 5.9 из 10
   счёт     : 7511.9 с ЦП, 8.94 мкс на историю  <- сравнивать надо ЭТО
   сетка κ  : 200000 точек по 2 истории — в «мкс на историю» НЕ входят (замер узлов — с --jnodes=0)
   обход    : на историю 7.2 шага границ, 7.9 поиска области, 3.4 интерполяции μ, 2.73 сбора пересечений
   шум конт.: взвешенная 3.84 %  тихо
   Q_k      : узлов 140; у 657.0 кэВ Q2 0.9915 ± 0.0000, Q4 0.9717 ± 0.0000, Q2T 0.9904, Q4T 0.9681; худший шум Q_k 0.0080
   раскладка: D:\BqMoni_Claude\p103\art\dumps\store_far-G1S_point25.csv
   файл     : D:\BqMoni_Claude\p103\store\G1S_point25.rmx (0.6 МБ)

== RC103_point50 ==
   клеймо   : phys=20;c8d538037df35a7f9f58b3e157eee3eba58df7db2ea59dd613957c6fced449ff
   время    : 371.2 с на часах, ядер 8.6 из 10
   счёт     : 3187.1 с ЦП, 3.79 мкс на историю  <- сравнивать надо ЭТО
   сетка κ  : 200000 точек по 2 истории — в «мкс на историю» НЕ входят (замер узлов — с --jnodes=0)
   обход    : на историю 7.8 шага границ, 8.0 поиска области, 3.7 интерполяции μ, 2.47 сбора пересечений
   шум конт.: взвешенная 3.87 %  тихо
   Q_k      : узлов 140; у 657.0 кэВ Q2 0.9937 ± 0.0000, Q4 0.9792 ± 0.0001, Q2T 0.9924, Q4T 0.9747; худший шум Q_k 0.0046
   раскладка: D:\BqMoni_Claude\p103\art\dumps\store_far-RC103_point50.csv
   файл     : D:\BqMoni_Claude\p103\store\RC103_point50.rmx (0.6 МБ)

матриц: 3 — посчитано 3, пропущено 0 (клеймо сошлось); всего 34.6 мин
пересчитаны ВСЕ — значит изменилась картина целиком (версия физики или параметры расчёта)
ВСЕ СОШЛИСЬ
Матрицы отклика понятной части корпуса (B1)
сетка: 140 узлов 5-3000 кэВ, бин 2 кэВ, 3000000 историй на узел
останов по шуму ВЫКЛЮЧЕН — плоский счёт (T35)

== AS80_lu_front ==
   клеймо   : phys=20;ab9f2003842b630fb13e105e65c42dba981b7a15da04bf5916d09216d48bbb59
   время    : 495.6 с на часах, ядер 9.5 из 10
   счёт     : 4696.5 с ЦП, 11.02 мкс на историю  <- сравнивать надо ЭТО
   сетка κ  : 200000 точек по 2 истории — в «мкс на историю» НЕ входят (замер узлов — с --jnodes=0)
   обход    : на историю 15.7 шага границ, 15.5 поиска области, 8.8 интерполяции μ, 4.92 сбора пересечений
   шум конт.: взвешенная 0.82 %  тихо
   Q_k      : узлов 142; у 657.0 кэВ Q2 0.7220 ± 0.0005, Q4 0.2978 ± 0.0010, Q2T 0.6012, Q4T 0.1869; худший шум Q_k 0.2092
   раскладка: D:\BqMoni_Claude\p103\art\dumps\store-AS80_lu_front.csv
   файл     : D:\BqMoni_Claude\p103\store\AS80_lu_front.rmx (0.6 МБ)

== AS80_point0 ==
   клеймо   : phys=20;1dfb1277c770d54741150e7d7e6d37d2507b165edfbd48ba54e0ceaf3c0d333e
   время    : 285.5 с на часах, ядер 9.7 из 10
   счёт     : 2775.6 с ЦП, 6.61 мкс на историю  <- сравнивать надо ЭТО
   сетка κ  : 200000 точек по 2 истории — в «мкс на историю» НЕ входят (замер узлов — с --jnodes=0)
   обход    : на историю 8.4 шага границ, 8.7 поиска области, 3.8 интерполяции μ, 3.16 сбора пересечений
   шум конт.: взвешенная 0.59 %  тихо
   Q_k      : узлов 140; у 657.0 кэВ Q2 0.6352 ± 0.0005, Q4 0.1618 ± 0.0010, Q2T 0.5068, Q4T 0.0835; худший шум Q_k 0.0567
   раскладка: D:\BqMoni_Claude\p103\art\dumps\store-AS80_point0.csv
   файл     : D:\BqMoni_Claude\p103\store\AS80_point0.rmx (0.6 МБ)

== AS80_th_disk ==
   клеймо   : phys=20;52b9c524a247b485d85393e6166a3df08e7380f9eed20f5157643e3e9747d6a6
   время    : 619.6 с на часах, ядер 8.4 из 10
   счёт     : 5194.0 с ЦП, 11.86 мкс на историю  <- сравнивать надо ЭТО
   сетка κ  : 200000 точек по 2 истории — в «мкс на историю» НЕ входят (замер узлов — с --jnodes=0)
   обход    : на историю 13.1 шага границ, 13.0 поиска области, 6.7 интерполяции μ, 4.89 сбора пересечений
   шум конт.: взвешенная 0.76 %  тихо
   Q_k      : узлов 146; у 657.0 кэВ Q2 0.6783 ± 0.0005, Q4 0.2237 ± 0.0010, Q2T 0.5084, Q4T 0.1229; худший шум Q_k 0.1649
   раскладка: D:\BqMoni_Claude\p103\art\dumps\store-AS80_th_disk.csv
   файл     : D:\BqMoni_Claude\p103\store\AS80_th_disk.rmx (0.6 МБ)

== ASN16_lu_side ==
   клеймо   : phys=20;c86d856d0065b8702074382b0ba06c795754d016bdcce7d14dcd3b77784c51d7
   время    : 387.0 с на часах, ядер 9.7 из 10
   счёт     : 3740.8 с ЦП, 8.78 мкс на историю  <- сравнивать надо ЭТО
   сетка κ  : 200000 точек по 2 истории — в «мкс на историю» НЕ входят (замер узлов — с --jnodes=0)
   обход    : на историю 13.0 шага границ, 12.7 поиска области, 6.6 интерполяции μ, 4.82 сбора пересечений
   шум конт.: взвешенная 0.98 %  тихо
   Q_k      : узлов 142; у 657.0 кэВ Q2 0.4842 ± 0.0017, Q4 0.1418 ± 0.0018, Q2T 0.4194, Q4T 0.1026; худший шум Q_k 0.0988
   раскладка: D:\BqMoni_Claude\p103\art\dumps\store-ASN16_lu_side.csv
   файл     : D:\BqMoni_Claude\p103\store\ASN16_lu_side.rmx (0.6 МБ)

== ASN16_point0_house ==
   клеймо   : phys=20;7b95a5a563202b6e6e0eab03563730c5367b07886aca024b60de83ed7dda0dce
   время    : 301.9 с на часах, ядер 9.8 из 10
   счёт     : 2944.8 с ЦП, 7.01 мкс на историю  <- сравнивать надо ЭТО
   сетка κ  : 200000 точек по 2 истории — в «мкс на историю» НЕ входят (замер узлов — с --jnodes=0)
   обход    : на историю 7.2 шага границ, 7.6 поиска области, 2.9 интерполяции μ, 3.15 сбора пересечений
   шум конт.: взвешенная 0.57 %  тихо
   Q_k      : узлов 140; у 657.0 кэВ Q2 0.5390 ± 0.0011, Q4 0.1210 ± 0.0015, Q2T 0.4258, Q4T 0.0573; худший шум Q_k 0.0629
   раскладка: D:\BqMoni_Claude\p103\art\dumps\store-ASN16_point0_house.csv
   файл     : D:\BqMoni_Claude\p103\store\ASN16_point0_house.rmx (0.6 МБ)

== ASN16_point10_house ==
   пропущена: посчитана ГУЩЕ штатной (6000000 историй против 3000000), понижать без --force не буду (T36)

== G1S_denta100_oisn10_100_p16 ==
   клеймо   : phys=20;2113f1ddc3766ff1c6c29b163c87815ffb191c2cbdba674b0a8d4c5e3343a8de
   время    : 529.7 с на часах, ядер 9.7 из 10
   счёт     : 5130.4 с ЦП, 12.04 мкс на историю  <- сравнивать надо ЭТО
   сетка κ  : 200000 точек по 2 истории — в «мкс на историю» НЕ входят (замер узлов — с --jnodes=0)
   обход    : на историю 12.9 шага границ, 13.5 поиска области, 8.0 интерполяции μ, 4.00 сбора пересечений
   шум конт.: взвешенная 0.72 %  тихо
   Q_k      : узлов 142; у 657.0 кэВ Q2 0.6239 ± 0.0006, Q4 0.1878 ± 0.0009, Q2T 0.5232, Q4T 0.0995; худший шум Q_k 0.0393
   раскладка: D:\BqMoni_Claude\p103\art\dumps\store-G1S_denta100_oisn10_100_p16.csv
   файл     : D:\BqMoni_Claude\p103\store\G1S_denta100_oisn10_100_p16.rmx (0.6 МБ)

== G1S_denta100_risn379_100_p16 ==
   клеймо   : phys=20;cb5cdc68517e46d55b3f33f5ec2b2fa6c809be42e2cc1495210b184f801fc646
   время    : 514.4 с на часах, ядер 9.8 из 10
   счёт     : 5032.7 с ЦП, 11.98 мкс на историю  <- сравнивать надо ЭТО
   сетка κ  : 200000 точек по 2 истории — в «мкс на историю» НЕ входят (замер узлов — с --jnodes=0)
   обход    : на историю 13.4 шага границ, 14.0 поиска области, 8.3 интерполяции μ, 3.92 сбора пересечений
   шум конт.: взвешенная 0.63 %  тихо
   Q_k      : узлов 140; у 657.0 кэВ Q2 0.6256 ± 0.0006, Q4 0.1893 ± 0.0009, Q2T 0.5226, Q4T 0.0996; худший шум Q_k 0.0264
   раскладка: D:\BqMoni_Claude\p103\art\dumps\store-G1S_denta100_risn379_100_p16.csv
   файл     : D:\BqMoni_Claude\p103\store\G1S_denta100_risn379_100_p16.rmx (0.6 МБ)

== G1S_denta120_oisn06_057_p24 ==
   клеймо   : phys=20;08341a7061982a7fc8d88a71fde508dbc97a3e1d16ce22d1187bca54eabf9783
   время    : 519.2 с на часах, ядер 9.7 из 10
   счёт     : 5059.4 с ЦП, 11.88 мкс на историю  <- сравнивать надо ЭТО
   сетка κ  : 200000 точек по 2 истории — в «мкс на историю» НЕ входят (замер узлов — с --jnodes=0)
   обход    : на историю 13.7 шага границ, 14.3 поиска области, 8.7 интерполяции μ, 3.80 сбора пересечений
   шум конт.: взвешенная 0.70 %  тихо
   Q_k      : узлов 142; у 657.0 кэВ Q2 0.6432 ± 0.0006, Q4 0.2169 ± 0.0009, Q2T 0.5582, Q4T 0.1316; худший шум Q_k 0.0515
   раскладка: D:\BqMoni_Claude\p103\art\dumps\store-G1S_denta120_oisn06_057_p24.csv
   файл     : D:\BqMoni_Claude\p103\store\G1S_denta120_oisn06_057_p24.rmx (0.6 МБ)

== G1S_denta120_oisn06_062_p24 ==
   клеймо   : phys=20;600cfc32584338c68029a7ef8ec0bd5e4a9d0d503fdcf7006d1e01b31108b31d
   время    : 491.0 с на часах, ядер 9.8 из 10
   счёт     : 4793.0 с ЦП, 11.25 мкс на историю  <- сравнивать надо ЭТО
   сетка κ  : 200000 точек по 2 истории — в «мкс на историю» НЕ входят (замер узлов — с --jnodes=0)
   обход    : на историю 13.6 шага границ, 14.3 поиска области, 8.6 интерполяции μ, 3.82 сбора пересечений
   шум конт.: взвешенная 0.70 %  тихо
   Q_k      : узлов 142; у 657.0 кэВ Q2 0.6423 ± 0.0006, Q4 0.2155 ± 0.0009, Q2T 0.5561, Q4T 0.1300; худший шум Q_k 0.0533
   раскладка: D:\BqMoni_Claude\p103\art\dumps\store-G1S_denta120_oisn06_062_p24.csv
   файл     : D:\BqMoni_Claude\p103\store\G1S_denta120_oisn06_062_p24.rmx (0.6 МБ)

== G1S_denta120_oisn06_064_p24 ==
   клеймо   : phys=20;c2c5e4dd1c16b6adce1807ad920d764072438f5b5b9663a06a3f22a359547084
   время    : 490.2 с на часах, ядер 9.8 из 10
   счёт     : 4781.0 с ЦП, 11.22 мкс на историю  <- сравнивать надо ЭТО
   сетка κ  : 200000 точек по 2 истории — в «мкс на историю» НЕ входят (замер узлов — с --jnodes=0)
   обход    : на историю 13.6 шага границ, 14.2 поиска области, 8.6 интерполяции μ, 3.83 сбора пересечений
   шум конт.: взвешенная 0.70 %  тихо
   Q_k      : узлов 142; у 657.0 кэВ Q2 0.6427 ± 0.0006, Q4 0.2163 ± 0.0009, Q2T 0.5553, Q4T 0.1299; худший шум Q_k 0.0544
   раскладка: D:\BqMoni_Claude\p103\art\dumps\store-G1S_denta120_oisn06_064_p24.csv
   файл     : D:\BqMoni_Claude\p103\store\G1S_denta120_oisn06_064_p24.rmx (0.6 МБ)

== G1S_denta120_oisn06_066_p24 ==
   клеймо   : phys=20;99381ed6f36712f17e125924f30ec588cf5e5f5e85b9b55c3a01994545d9aa91
   время    : 485.1 с на часах, ядер 9.8 из 10
   счёт     : 4742.2 с ЦП, 11.13 мкс на историю  <- сравнивать надо ЭТО
   сетка κ  : 200000 точек по 2 истории — в «мкс на историю» НЕ входят (замер узлов — с --jnodes=0)
   обход    : на историю 13.6 шага границ, 14.2 поиска области, 8.6 интерполяции μ, 3.83 сбора пересечений
   шум конт.: взвешенная 0.69 %  тихо
   Q_k      : узлов 142; у 657.0 кэВ Q2 0.6427 ± 0.0006, Q4 0.2162 ± 0.0009, Q2T 0.5549, Q4T 0.1298; худший шум Q_k 0.0548
   раскладка: D:\BqMoni_Claude\p103\art\dumps\store-G1S_denta120_oisn06_066_p24.csv
   файл     : D:\BqMoni_Claude\p103\store\G1S_denta120_oisn06_066_p24.rmx (0.6 МБ)

== G1S_denta120_oisn16_155_p24 ==
   клеймо   : phys=20;9920873184da7180b88f9463d97154d4a740d7875e9ac370e7289f6faf13db36
   время    : 487.8 с на часах, ядер 9.8 из 10
   счёт     : 4762.3 с ЦП, 11.18 мкс на историю  <- сравнивать надо ЭТО
   сетка κ  : 200000 точек по 2 истории — в «мкс на историю» НЕ входят (замер узлов — с --jnodes=0)
   обход    : на историю 12.5 шага границ, 13.0 поиска области, 7.7 интерполяции μ, 4.18 сбора пересечений
   шум конт.: взвешенная 0.78 %  тихо
   Q_k      : узлов 142; у 657.0 кэВ Q2 0.6368 ± 0.0007, Q4 0.2099 ± 0.0009, Q2T 0.5293, Q4T 0.1168; худший шум Q_k 0.0383
   раскладка: D:\BqMoni_Claude\p103\art\dumps\store-G1S_denta120_oisn16_155_p24.csv
   файл     : D:\BqMoni_Claude\p103\store\G1S_denta120_oisn16_155_p24.rmx (0.6 МБ)

== G1S_denta120_oisn16_160_p24 ==
   клеймо   : phys=20;c74942e9a6edba871a10d7932395cd5da912e707720d8c31f256d3e324325bde
   время    : 484.8 с на часах, ядер 9.8 из 10
   счёт     : 4735.4 с ЦП, 11.12 мкс на историю  <- сравнивать надо ЭТО
   сетка κ  : 200000 точек по 2 истории — в «мкс на историю» НЕ входят (замер узлов — с --jnodes=0)
   обход    : на историю 12.5 шага границ, 13.0 поиска области, 7.7 интерполяции μ, 4.19 сбора пересечений
   шум конт.: взвешенная 0.77 %  тихо
   Q_k      : узлов 142; у 657.0 кэВ Q2 0.6363 ± 0.0007, Q4 0.2091 ± 0.0009, Q2T 0.5279, Q4T 0.1161; худший шум Q_k 0.0387
   раскладка: D:\BqMoni_Claude\p103\art\dumps\store-G1S_denta120_oisn16_160_p24.csv
   файл     : D:\BqMoni_Claude\p103\store\G1S_denta120_oisn16_160_p24.rmx (0.6 МБ)

== G1S_denta120_oisn16_166_p24 ==
   клеймо   : phys=20;4649fc40dcbab116ca9c29f490dcd9e21f9b69bf9f8d3dde791652fd33f06eca
   время    : 485.6 с на часах, ядер 9.8 из 10
   счёт     : 4741.7 с ЦП, 11.13 мкс на историю  <- сравнивать надо ЭТО
   сетка κ  : 200000 точек по 2 истории — в «мкс на историю» НЕ входят (замер узлов — с --jnodes=0)
   обход    : на историю 12.4 шага границ, 13.0 поиска области, 7.6 интерполяции μ, 4.20 сбора пересечений
   шум конт.: взвешенная 0.77 %  тихо
   Q_k      : узлов 142; у 657.0 кэВ Q2 0.6370 ± 0.0007, Q4 0.2103 ± 0.0009, Q2T 0.5270, Q4T 0.1159; худший шум Q_k 0.0394
   раскладка: D:\BqMoni_Claude\p103\art\dumps\store-G1S_denta120_oisn16_166_p24.csv
   файл     : D:\BqMoni_Claude\p103\store\G1S_denta120_oisn16_166_p24.rmx (0.6 МБ)

== G1S_denta120_oisn16_167_p24 ==
   клеймо   : phys=20;2d79251aec26ed4432271658f7e63739760353e3147cba7d7d00d3ee376ee303
   время    : 488.2 с на часах, ядер 9.8 из 10
   счёт     : 4762.8 с ЦП, 11.18 мкс на историю  <- сравнивать надо ЭТО
   сетка κ  : 200000 точек по 2 истории — в «мкс на историю» НЕ входят (замер узлов — с --jnodes=0)
   обход    : на историю 12.4 шага границ, 13.0 поиска области, 7.6 интерполяции μ, 4.21 сбора пересечений
   шум конт.: взвешенная 0.77 %  тихо
   Q_k      : узлов 142; у 657.0 кэВ Q2 0.6367 ± 0.0007, Q4 0.2098 ± 0.0009, Q2T 0.5266, Q4T 0.1155; худший шум Q_k 0.0395
   раскладка: D:\BqMoni_Claude\p103\art\dumps\store-G1S_denta120_oisn16_167_p24.csv
   файл     : D:\BqMoni_Claude\p103\store\G1S_denta120_oisn16_167_p24.rmx (0.6 МБ)

== G1S_mar1l_coal_046_p24 ==
   клеймо   : phys=20;7c968e7c779a3b21a79bba39b6365e9d26680a4d5bb205306ec1d2bf2ff05f64
   время    : 490.2 с на часах, ядер 9.9 из 10
   счёт     : 4828.8 с ЦП, 11.50 мкс на историю  <- сравнивать надо ЭТО
   сетка κ  : 200000 точек по 2 истории — в «мкс на историю» НЕ входят (замер узлов — с --jnodes=0)
   обход    : на историю 19.4 шага границ, 19.9 поиска области, 11.3 интерполяции μ, 3.80 сбора пересечений
   шум конт.: взвешенная 0.81 %  тихо
   Q_k      : узлов 140; у 657.0 кэВ Q2 0.7752 ± 0.0004, Q4 0.4155 ± 0.0007, Q2T 0.7252, Q4T 0.3293; худший шум Q_k 0.0578
   раскладка: D:\BqMoni_Claude\p103\art\dumps\store-G1S_mar1l_coal_046_p24.csv
   файл     : D:\BqMoni_Claude\p103\store\G1S_mar1l_coal_046_p24.rmx (0.6 МБ)

== G1S_mar1l_oisn06_055_p16 ==
   клеймо   : phys=20;32523a36a709e3903da00fc28de07bed15eb4ab6d05a3bc232e72992b4c3b355
   время    : 513.5 с на часах, ядер 9.9 из 10
   счёт     : 5060.1 с ЦП, 12.05 мкс на историю  <- сравнивать надо ЭТО
   сетка κ  : 200000 точек по 2 истории — в «мкс на историю» НЕ входят (замер узлов — с --jnodes=0)
   обход    : на историю 19.3 шага границ, 19.8 поиска области, 11.2 интерполяции μ, 3.87 сбора пересечений
   шум конт.: взвешенная 0.79 %  тихо
   Q_k      : узлов 140; у 657.0 кэВ Q2 0.7745 ± 0.0004, Q4 0.4145 ± 0.0007, Q2T 0.7234, Q4T 0.3268; худший шум Q_k 0.0347
   раскладка: D:\BqMoni_Claude\p103\art\dumps\store-G1S_mar1l_oisn06_055_p16.csv
   файл     : D:\BqMoni_Claude\p103\store\G1S_mar1l_oisn06_055_p16.rmx (0.6 МБ)

== G1S_mar1l_oisn06_057_p16 ==
   клеймо   : phys=20;576c6b343a353b0d3d532ba3a81a9063df065dd58c23ad5a59126a1d03ef642d
   время    : 517.1 с на часах, ядер 9.9 из 10
   счёт     : 5099.9 с ЦП, 12.14 мкс на историю  <- сравнивать надо ЭТО
   сетка κ  : 200000 точек по 2 истории — в «мкс на историю» НЕ входят (замер узлов — с --jnodes=0)
   обход    : на историю 19.3 шага границ, 19.8 поиска области, 11.2 интерполяции μ, 3.88 сбора пересечений
   шум конт.: взвешенная 0.78 %  тихо
   Q_k      : узлов 140; у 657.0 кэВ Q2 0.7745 ± 0.0004, Q4 0.4145 ± 0.0007, Q2T 0.7228, Q4T 0.3260; худший шум Q_k 0.0359
   раскладка: D:\BqMoni_Claude\p103\art\dumps\store-G1S_mar1l_oisn06_057_p16.csv
   файл     : D:\BqMoni_Claude\p103\store\G1S_mar1l_oisn06_057_p16.rmx (0.6 МБ)

== G1S_mar1l_oisn06_057_p24 ==
   клеймо   : phys=20;2a2d81fc16ee7e3e45c64a0bcc6576d370e3ef7c769011c1c9b24f4520453b5d
   время    : 537.8 с на часах, ядер 9.8 из 10
   счёт     : 5246.3 с ЦП, 12.32 мкс на историю  <- сравнивать надо ЭТО
   сетка κ  : 200000 точек по 2 истории — в «мкс на историю» НЕ входят (замер узлов — с --jnodes=0)
   обход    : на историю 18.4 шага границ, 18.8 поиска области, 10.8 интерполяции μ, 3.97 сбора пересечений
   шум конт.: взвешенная 0.85 %  тихо
   Q_k      : узлов 142; у 657.0 кэВ Q2 0.7749 ± 0.0004, Q4 0.4148 ± 0.0007, Q2T 0.7227, Q4T 0.3258; худший шум Q_k 0.0456
   раскладка: D:\BqMoni_Claude\p103\art\dumps\store-G1S_mar1l_oisn06_057_p24.csv
   файл     : D:\BqMoni_Claude\p103\store\G1S_mar1l_oisn06_057_p24.rmx (0.6 МБ)

== G1S_mar1l_oisn06_062_p16 ==
   клеймо   : phys=20;5939728a09e518341add6ea484b7b2d95c2dce588da551e3f6e7b38b3cdaedfa
   время    : 515.6 с на часах, ядер 9.8 из 10
   счёт     : 5075.5 с ЦП, 12.08 мкс на историю  <- сравнивать надо ЭТО
   сетка κ  : 200000 точек по 2 истории — в «мкс на историю» НЕ входят (замер узлов — с --jnodes=0)
   обход    : на историю 19.3 шага границ, 19.8 поиска области, 11.2 интерполяции μ, 3.91 сбора пересечений
   шум конт.: взвешенная 0.77 %  тихо
   Q_k      : узлов 140; у 657.0 кэВ Q2 0.7746 ± 0.0004, Q4 0.4145 ± 0.0007, Q2T 0.7219, Q4T 0.3250; худший шум Q_k 0.0382
   раскладка: D:\BqMoni_Claude\p103\art\dumps\store-G1S_mar1l_oisn06_062_p16.csv
   файл     : D:\BqMoni_Claude\p103\store\G1S_mar1l_oisn06_062_p16.rmx (0.6 МБ)

== G1S_mar1l_oisn06_062_p24 ==
   клеймо   : phys=20;c6810d99befc80cb29ff243f9d631201740aaea9bb532bc44612202a72a04e20
   время    : 526.4 с на часах, ядер 9.8 из 10
   счёт     : 5144.3 с ЦП, 12.08 мкс на историю  <- сравнивать надо ЭТО
   сетка κ  : 200000 точек по 2 истории — в «мкс на историю» НЕ входят (замер узлов — с --jnodes=0)
   обход    : на историю 18.3 шага границ, 18.8 поиска области, 10.7 интерполяции μ, 4.00 сбора пересечений
   шум конт.: взвешенная 0.84 %  тихо
   Q_k      : узлов 142; у 657.0 кэВ Q2 0.7746 ± 0.0004, Q4 0.4138 ± 0.0007, Q2T 0.7219, Q4T 0.3246; худший шум Q_k 0.0464
   раскладка: D:\BqMoni_Claude\p103\art\dumps\store-G1S_mar1l_oisn06_062_p24.csv
   файл     : D:\BqMoni_Claude\p103\store\G1S_mar1l_oisn06_062_p24.rmx (0.6 МБ)

== G1S_mar1l_oisn06_064_p24 ==
   клеймо   : phys=20;7bd4beee82211813c95312c32ce63dcbaf77a93b099af0473d09d685d384d3f4
   время    : 528.2 с на часах, ядер 9.8 из 10
   счёт     : 5160.4 с ЦП, 12.11 мкс на историю  <- сравнивать надо ЭТО
   сетка κ  : 200000 точек по 2 истории — в «мкс на историю» НЕ входят (замер узлов — с --jnodes=0)
   обход    : на историю 18.3 шага границ, 18.7 поиска области, 10.7 интерполяции μ, 4.01 сбора пересечений
   шум конт.: взвешенная 0.84 %  тихо
   Q_k      : узлов 142; у 657.0 кэВ Q2 0.7749 ± 0.0004, Q4 0.4147 ± 0.0007, Q2T 0.7214, Q4T 0.3241; худший шум Q_k 0.0465
   раскладка: D:\BqMoni_Claude\p103\art\dumps\store-G1S_mar1l_oisn06_064_p24.csv
   файл     : D:\BqMoni_Claude\p103\store\G1S_mar1l_oisn06_064_p24.rmx (0.6 МБ)

== G1S_mar1l_oisn06_066_p16 ==
   клеймо   : phys=20;adc298e50ac3e98554905f6896b54f866eb7f6178e35f7ce14345dbd2da4a896
   время    : 515.8 с на часах, ядер 9.9 из 10
   счёт     : 5088.5 с ЦП, 12.12 мкс на историю  <- сравнивать надо ЭТО
   сетка κ  : 200000 точек по 2 истории — в «мкс на историю» НЕ входят (замер узлов — с --jnodes=0)
   обход    : на историю 19.2 шага границ, 19.7 поиска области, 11.1 интерполяции μ, 3.93 сбора пересечений
   шум конт.: взвешенная 0.77 %  тихо
   Q_k      : узлов 140; у 657.0 кэВ Q2 0.7740 ± 0.0004, Q4 0.4137 ± 0.0007, Q2T 0.7208, Q4T 0.3237; худший шум Q_k 0.0655
   раскладка: D:\BqMoni_Claude\p103\art\dumps\store-G1S_mar1l_oisn06_066_p16.csv
   файл     : D:\BqMoni_Claude\p103\store\G1S_mar1l_oisn06_066_p16.rmx (0.6 МБ)

== G1S_mar1l_oisn06_066_p24 ==
   клеймо   : phys=20;2b4b8925043619e2f5cbd5646d45cebf435e1864a6e4aaf47c200a345949e94b
   время    : 525.8 с на часах, ядер 9.8 из 10
   счёт     : 5134.0 с ЦП, 12.05 мкс на историю  <- сравнивать надо ЭТО
   сетка κ  : 200000 точек по 2 истории — в «мкс на историю» НЕ входят (замер узлов — с --jnodes=0)
   обход    : на историю 18.3 шага границ, 18.7 поиска области, 10.7 интерполяции μ, 4.02 сбора пересечений
   шум конт.: взвешенная 0.84 %  тихо
   Q_k      : узлов 142; у 657.0 кэВ Q2 0.7744 ± 0.0004, Q4 0.4139 ± 0.0007, Q2T 0.7210, Q4T 0.3239; худший шум Q_k 0.0465
   раскладка: D:\BqMoni_Claude\p103\art\dumps\store-G1S_mar1l_oisn06_066_p24.csv
   файл     : D:\BqMoni_Claude\p103\store\G1S_mar1l_oisn06_066_p24.rmx (0.6 МБ)

== G1S_mar1l_oisn16_155_p16 ==
   клеймо   : phys=20;cbd6d62112e8ac9bbba322030a8b2b0f8ab7d9a36a721e16ef8cbe43968f9cc5
   время    : 540.4 с на часах, ядер 9.8 из 10
   счёт     : 5276.4 с ЦП, 12.39 мкс на историю  <- сравнивать надо ЭТО
   сетка κ  : 200000 точек по 2 истории — в «мкс на историю» НЕ входят (замер узлов — с --jnodes=0)
   обход    : на историю 16.5 шага границ, 16.9 поиска области, 9.5 интерполяции μ, 4.47 сбора пересечений
   шум конт.: взвешенная 0.91 %  тихо
   Q_k      : узлов 142; у 657.0 кэВ Q2 0.7724 ± 0.0004, Q4 0.4105 ± 0.0007, Q2T 0.7080, Q4T 0.3076; худший шум Q_k 0.0996
   раскладка: D:\BqMoni_Claude\p103\art\dumps\store-G1S_mar1l_oisn16_155_p16.csv
   файл     : D:\BqMoni_Claude\p103\store\G1S_mar1l_oisn16_155_p16.rmx (0.6 МБ)

== G1S_mar1l_oisn16_155_p24 ==
   клеймо   : phys=20;4cb43b8ca8071e5d15484c482f3c379089fd8f3485e2b07ed81bbeef782b8d29
   время    : 538.9 с на часах, ядер 9.8 из 10
   счёт     : 5257.9 с ЦП, 12.34 мкс на историю  <- сравнивать надо ЭТО
   сетка κ  : 200000 точек по 2 истории — в «мкс на историю» НЕ входят (замер узлов — с --jnodes=0)
   обход    : на историю 16.5 шага границ, 16.8 поиска области, 9.4 интерполяции μ, 4.48 сбора пересечений
   шум конт.: взвешенная 0.92 %  тихо
   Q_k      : узлов 142; у 657.0 кэВ Q2 0.7723 ± 0.0004, Q4 0.4104 ± 0.0007, Q2T 0.7080, Q4T 0.3076; худший шум Q_k 0.1136
   раскладка: D:\BqMoni_Claude\p103\art\dumps\store-G1S_mar1l_oisn16_155_p24.csv
   файл     : D:\BqMoni_Claude\p103\store\G1S_mar1l_oisn16_155_p24.rmx (0.6 МБ)

== G1S_mar1l_oisn16_160_p16 ==
   клеймо   : phys=20;a7d7275d879c11216a1645f9d1068d092f9886c5d3c03e67f12a543e1c8d62ac
   время    : 540.7 с на часах, ядер 9.8 из 10
   счёт     : 5280.5 с ЦП, 12.40 мкс на историю  <- сравнивать надо ЭТО
   сетка κ  : 200000 точек по 2 истории — в «мкс на историю» НЕ входят (замер узлов — с --jnodes=0)
   обход    : на историю 16.5 шага границ, 16.9 поиска области, 9.4 интерполяции μ, 4.48 сбора пересечений
   шум конт.: взвешенная 0.91 %  тихо
   Q_k      : узлов 142; у 657.0 кэВ Q2 0.7721 ± 0.0004, Q4 0.4100 ± 0.0007, Q2T 0.7075, Q4T 0.3067; худший шум Q_k 0.1022
   раскладка: D:\BqMoni_Claude\p103\art\dumps\store-G1S_mar1l_oisn16_160_p16.csv
   файл     : D:\BqMoni_Claude\p103\store\G1S_mar1l_oisn16_160_p16.rmx (0.6 МБ)

== G1S_mar1l_oisn16_160_p24 ==
   клеймо   : phys=20;d6d1f78377b5ce5f01914d8d064819e6b9df8517d9c0bceb536b3cf7eac67791
   время    : 539.8 с на часах, ядер 9.8 из 10
   счёт     : 5264.2 с ЦП, 12.36 мкс на историю  <- сравнивать надо ЭТО
   сетка κ  : 200000 точек по 2 истории — в «мкс на историю» НЕ входят (замер узлов — с --jnodes=0)
   обход    : на историю 16.5 шага границ, 16.8 поиска области, 9.4 интерполяции μ, 4.50 сбора пересечений
   шум конт.: взвешенная 0.92 %  тихо
   Q_k      : узлов 142; у 657.0 кэВ Q2 0.7725 ± 0.0004, Q4 0.4106 ± 0.0007, Q2T 0.7078, Q4T 0.3072; худший шум Q_k 0.1163
   раскладка: D:\BqMoni_Claude\p103\art\dumps\store-G1S_mar1l_oisn16_160_p24.csv
   файл     : D:\BqMoni_Claude\p103\store\G1S_mar1l_oisn16_160_p24.rmx (0.6 МБ)

== G1S_mar1l_oisn16_166_p16 ==
   клеймо   : phys=20;a334e741f257cae31cbccb0a44052c6e5b596e86cc4ca2e9089d08bd808e4a72
   время    : 542.1 с на часах, ядер 9.8 из 10
   счёт     : 5292.2 с ЦП, 12.42 мкс на историю  <- сравнивать надо ЭТО
   сетка κ  : 200000 точек по 2 истории — в «мкс на историю» НЕ входят (замер узлов — с --jnodes=0)
   обход    : на историю 16.5 шага границ, 16.8 поиска области, 9.4 интерполяции μ, 4.50 сбора пересечений
   шум конт.: взвешенная 0.90 %  тихо
   Q_k      : узлов 142; у 657.0 кэВ Q2 0.7719 ± 0.0004, Q4 0.4096 ± 0.0007, Q2T 0.7072, Q4T 0.3062; худший шум Q_k 0.1064
   раскладка: D:\BqMoni_Claude\p103\art\dumps\store-G1S_mar1l_oisn16_166_p16.csv
   файл     : D:\BqMoni_Claude\p103\store\G1S_mar1l_oisn16_166_p16.rmx (0.6 МБ)

== G1S_mar1l_oisn16_166_p24 ==
   клеймо   : phys=20;279197251af88c381be95c95e7cc18379f89371755dfa16f04e1cf574e8ee28f
   время    : 538.5 с на часах, ядер 9.8 из 10
   счёт     : 5259.5 с ЦП, 12.35 мкс на историю  <- сравнивать надо ЭТО
   сетка κ  : 200000 точек по 2 истории — в «мкс на историю» НЕ входят (замер узлов — с --jnodes=0)
   обход    : на историю 16.5 шага границ, 16.8 поиска области, 9.4 интерполяции μ, 4.51 сбора пересечений
   шум конт.: взвешенная 0.91 %  тихо
   Q_k      : узлов 142; у 657.0 кэВ Q2 0.7722 ± 0.0004, Q4 0.4098 ± 0.0007, Q2T 0.7075, Q4T 0.3065; худший шум Q_k 0.1183
   раскладка: D:\BqMoni_Claude\p103\art\dumps\store-G1S_mar1l_oisn16_166_p24.csv
   файл     : D:\BqMoni_Claude\p103\store\G1S_mar1l_oisn16_166_p24.rmx (0.6 МБ)

== G1S_mar1l_oisn16_167_p16 ==
   клеймо   : phys=20;a033f91c340dfa374ad7554220e0f8513376ded375177ffdbc11c66e79e9242c
   время    : 541.6 с на часах, ядер 9.8 из 10
   счёт     : 5291.0 с ЦП, 12.42 мкс на историю  <- сравнивать надо ЭТО
   сетка κ  : 200000 точек по 2 истории — в «мкс на историю» НЕ входят (замер узлов — с --jnodes=0)
   обход    : на историю 16.5 шага границ, 16.8 поиска области, 9.4 интерполяции μ, 4.51 сбора пересечений
   шум конт.: взвешенная 0.90 %  тихо
   Q_k      : узлов 142; у 657.0 кэВ Q2 0.7722 ± 0.0004, Q4 0.4101 ± 0.0007, Q2T 0.7071, Q4T 0.3062; худший шум Q_k 0.1067
   раскладка: D:\BqMoni_Claude\p103\art\dumps\store-G1S_mar1l_oisn16_167_p16.csv
   файл     : D:\BqMoni_Claude\p103\store\G1S_mar1l_oisn16_167_p16.rmx (0.6 МБ)

== G1S_mar1l_oisn16_167_p24 ==
   клеймо   : phys=20;f8d3a882f398d4121703c7efdcd6d64850bce4b4aa71ae6207690dd380adfdad
   время    : 537.6 с на часах, ядер 9.8 из 10
   счёт     : 5250.8 с ЦП, 12.33 мкс на историю  <- сравнивать надо ЭТО
   сетка κ  : 200000 точек по 2 истории — в «мкс на историю» НЕ входят (замер узлов — с --jnodes=0)
   обход    : на историю 16.5 шага границ, 16.8 поиска области, 9.4 интерполяции μ, 4.52 сбора пересечений
   шум конт.: взвешенная 0.91 %  тихо
   Q_k      : узлов 142; у 657.0 кэВ Q2 0.7720 ± 0.0004, Q4 0.4096 ± 0.0007, Q2T 0.7073, Q4T 0.3062; худший шум Q_k 0.1186
   раскладка: D:\BqMoni_Claude\p103\art\dumps\store-G1S_mar1l_oisn16_167_p24.csv
   файл     : D:\BqMoni_Claude\p103\store\G1S_mar1l_oisn16_167_p24.rmx (0.6 МБ)

== G1S_mar1l_risn379_100_p16 ==
   клеймо   : phys=20;f8ca61af902835a100194b058669cc66766ec1a575b8c43562c1e0846951c47f
   время    : 550.1 с на часах, ядер 9.8 из 10
   счёт     : 5384.4 с ЦП, 12.82 мкс на историю  <- сравнивать надо ЭТО
   сетка κ  : 200000 точек по 2 истории — в «мкс на историю» НЕ входят (замер узлов — с --jnodes=0)
   обход    : на историю 17.9 шага границ, 18.4 поиска области, 10.3 интерполяции μ, 4.15 сбора пересечений
   шум конт.: взвешенная 0.78 %  тихо
   Q_k      : узлов 140; у 657.0 кэВ Q2 0.7733 ± 0.0004, Q4 0.4122 ± 0.0007, Q2T 0.7151, Q4T 0.3165; худший шум Q_k 0.1101
   раскладка: D:\BqMoni_Claude\p103\art\dumps\store-G1S_mar1l_risn379_100_p16.csv
   файл     : D:\BqMoni_Claude\p103\store\G1S_mar1l_risn379_100_p16.rmx (0.6 МБ)

== G1S_petri60_oisn06_057_p24 ==
   клеймо   : phys=20;92df39d8b5eb38d58cd2367cb0ce0d89c057db1533da81c6a08ea6b689eef543
   время    : 452.3 с на часах, ядер 9.8 из 10
   счёт     : 4420.6 с ЦП, 10.38 мкс на историю  <- сравнивать надо ЭТО
   сетка κ  : 200000 точек по 2 истории — в «мкс на историю» НЕ входят (замер узлов — с --jnodes=0)
   обход    : на историю 13.8 шага границ, 14.3 поиска области, 8.2 интерполяции μ, 3.81 сбора пересечений
   шум конт.: взвешенная 0.63 %  тихо
   Q_k      : узлов 142; у 657.0 кэВ Q2 0.5911 ± 0.0007, Q4 0.1490 ± 0.0009, Q2T 0.4965, Q4T 0.0704; худший шум Q_k 0.0413
   раскладка: D:\BqMoni_Claude\p103\art\dumps\store-G1S_petri60_oisn06_057_p24.csv
   файл     : D:\BqMoni_Claude\p103\store\G1S_petri60_oisn06_057_p24.rmx (0.6 МБ)

== G1S_petri60_oisn06_062_p24 ==
   клеймо   : phys=20;f43c302229d2a0071bc0c7a655c79f8ff42b2e09a7831fb0f515f561ae968261
   время    : 455.4 с на часах, ядер 9.8 из 10
   счёт     : 4451.1 с ЦП, 10.45 мкс на историю  <- сравнивать надо ЭТО
   сетка κ  : 200000 точек по 2 истории — в «мкс на историю» НЕ входят (замер узлов — с --jnodes=0)
   обход    : на историю 13.8 шага границ, 14.3 поиска области, 8.2 интерполяции μ, 3.83 сбора пересечений
   шум конт.: взвешенная 0.63 %  тихо
   Q_k      : узлов 142; у 657.0 кэВ Q2 0.5915 ± 0.0007, Q4 0.1493 ± 0.0009, Q2T 0.4948, Q4T 0.0702; худший шум Q_k 0.0422
   раскладка: D:\BqMoni_Claude\p103\art\dumps\store-G1S_petri60_oisn06_062_p24.csv
   файл     : D:\BqMoni_Claude\p103\store\G1S_petri60_oisn06_062_p24.rmx (0.6 МБ)

== G1S_petri60_oisn06_064_p24 ==
   клеймо   : phys=20;efb186d2cae16ebafd804fc3ad55adb80888d9ce1bdbe0e679500d24fbbc33ed
   время    : 455.3 с на часах, ядер 9.8 из 10
   счёт     : 4443.0 с ЦП, 10.43 мкс на историю  <- сравнивать надо ЭТО
   сетка κ  : 200000 точек по 2 истории — в «мкс на историю» НЕ входят (замер узлов — с --jnodes=0)
   обход    : на историю 13.8 шага границ, 14.3 поиска области, 8.2 интерполяции μ, 3.83 сбора пересечений
   шум конт.: взвешенная 0.63 %  тихо
   Q_k      : узлов 142; у 657.0 кэВ Q2 0.5914 ± 0.0007, Q4 0.1491 ± 0.0009, Q2T 0.4942, Q4T 0.0701; худший шум Q_k 0.0427
   раскладка: D:\BqMoni_Claude\p103\art\dumps\store-G1S_petri60_oisn06_064_p24.csv
   файл     : D:\BqMoni_Claude\p103\store\G1S_petri60_oisn06_064_p24.rmx (0.6 МБ)

== G1S_petri60_oisn06_067_p24 ==
   клеймо   : phys=20;4e244dcf2400f31618a7145a7922641215a4c3ed8cc0c1f92ae8b9402c7c0047
   время    : 463.8 с на часах, ядер 9.8 из 10
   счёт     : 4528.0 с ЦП, 10.63 мкс на историю  <- сравнивать надо ЭТО
   сетка κ  : 200000 точек по 2 истории — в «мкс на историю» НЕ входят (замер узлов — с --jnodes=0)
   обход    : на историю 13.8 шага границ, 14.2 поиска области, 8.2 интерполяции μ, 3.84 сбора пересечений
   шум конт.: взвешенная 0.63 %  тихо
   Q_k      : узлов 142; у 657.0 кэВ Q2 0.5912 ± 0.0007, Q4 0.1494 ± 0.0009, Q2T 0.4933, Q4T 0.0699; худший шум Q_k 0.0228
   раскладка: D:\BqMoni_Claude\p103\art\dumps\store-G1S_petri60_oisn06_067_p24.csv
   файл     : D:\BqMoni_Claude\p103\store\G1S_petri60_oisn06_067_p24.rmx (0.6 МБ)

== G1S_petri60_oisn10_100_p16 ==
   клеймо   : phys=20;0258e689888cf4883845d95c2309d75073e9c928c8c50525f15c9cae7bc661d4
   время    : 454.7 с на часах, ядер 9.8 из 10
   счёт     : 4440.1 с ЦП, 10.42 мкс на историю  <- сравнивать надо ЭТО
   сетка κ  : 200000 точек по 2 истории — в «мкс на историю» НЕ входят (замер узлов — с --jnodes=0)
   обход    : на историю 13.3 шага границ, 13.6 поиска области, 7.8 интерполяции μ, 3.99 сбора пересечений
   шум конт.: взвешенная 0.67 %  тихо
   Q_k      : узлов 142; у 657.0 кэВ Q2 0.5911 ± 0.0007, Q4 0.1494 ± 0.0009, Q2T 0.4856, Q4T 0.0685; худший шум Q_k 0.0346
   раскладка: D:\BqMoni_Claude\p103\art\dumps\store-G1S_petri60_oisn10_100_p16.csv
   файл     : D:\BqMoni_Claude\p103\store\G1S_petri60_oisn10_100_p16.rmx (0.6 МБ)

== G1S_petri60_oisn16_155_p24 ==
   клеймо   : phys=20;6aba750b0b96118675630266df70cec1d9ed00d9ff3a752213a0f31c199662fb
   время    : 455.4 с на часах, ядер 9.8 из 10
   счёт     : 4441.1 с ЦП, 10.43 мкс на историю  <- сравнивать надо ЭТО
   сетка κ  : 200000 точек по 2 истории — в «мкс на историю» НЕ входят (замер узлов — с --jnodes=0)
   обход    : на историю 12.9 шага границ, 13.2 поиска области, 7.4 интерполяции μ, 4.14 сбора пересечений
   шум конт.: взвешенная 0.69 %  тихо
   Q_k      : узлов 142; у 657.0 кэВ Q2 0.5912 ± 0.0007, Q4 0.1500 ± 0.0009, Q2T 0.4732, Q4T 0.0657; худший шум Q_k 0.0280
   раскладка: D:\BqMoni_Claude\p103\art\dumps\store-G1S_petri60_oisn16_155_p24.csv
   файл     : D:\BqMoni_Claude\p103\store\G1S_petri60_oisn16_155_p24.rmx (0.6 МБ)

== G1S_petri60_oisn16_160_p24 ==
   клеймо   : phys=20;36c7768bb12630a38736c183ee65d9a40a09a51c2a1885001b71761aa995d9f4
   время    : 462.0 с на часах, ядер 9.7 из 10
   счёт     : 4498.3 с ЦП, 10.56 мкс на историю  <- сравнивать надо ЭТО
   сетка κ  : 200000 точек по 2 истории — в «мкс на историю» НЕ входят (замер узлов — с --jnodes=0)
   обход    : на историю 12.8 шага границ, 13.2 поиска области, 7.4 интерполяции μ, 4.15 сбора пересечений
   шум конт.: взвешенная 0.69 %  тихо
   Q_k      : узлов 142; у 657.0 кэВ Q2 0.5917 ± 0.0007, Q4 0.1507 ± 0.0009, Q2T 0.4723, Q4T 0.0656; худший шум Q_k 0.0282
   раскладка: D:\BqMoni_Claude\p103\art\dumps\store-G1S_petri60_oisn16_160_p24.csv
   файл     : D:\BqMoni_Claude\p103\store\G1S_petri60_oisn16_160_p24.rmx (0.6 МБ)

== G1S_petri60_oisn16_167_p24 ==
   клеймо   : phys=20;617a02765126a3c53b60cb0b927d6367a29190938eb81fbabc11fb8dba05055b
   время    : 458.0 с на часах, ядер 9.8 из 10
   счёт     : 4471.8 с ЦП, 10.50 мкс на историю  <- сравнивать надо ЭТО
   сетка κ  : 200000 точек по 2 истории — в «мкс на историю» НЕ входят (замер узлов — с --jnodes=0)
   обход    : на историю 12.8 шага границ, 13.2 поиска области, 7.4 интерполяции μ, 4.16 сбора пересечений
   шум конт.: взвешенная 0.69 %  тихо
   Q_k      : узлов 142; у 657.0 кэВ Q2 0.5919 ± 0.0007, Q4 0.1508 ± 0.0009, Q2T 0.4709, Q4T 0.0658; худший шум Q_k 0.0286
   раскладка: D:\BqMoni_Claude\p103\art\dumps\store-G1S_petri60_oisn16_167_p24.csv
   файл     : D:\BqMoni_Claude\p103\store\G1S_petri60_oisn16_167_p24.rmx (0.6 МБ)

== G1S_petri60_risn379_100_p16 ==
   клеймо   : phys=20;3eb99c690d39433b7044060b3edf23ed0b6121c57d6cdfd1514ac3519d920165
   время    : 462.2 с на часах, ядер 9.8 из 10
   счёт     : 4544.3 с ЦП, 10.82 мкс на историю  <- сравнивать надо ЭТО
   сетка κ  : 200000 точек по 2 истории — в «мкс на историю» НЕ входят (замер узлов — с --jnodes=0)
   обход    : на историю 13.6 шага границ, 14.1 поиска области, 8.0 интерполяции μ, 3.89 сбора пересечений
   шум конт.: взвешенная 0.61 %  тихо
   Q_k      : узлов 140; у 657.0 кэВ Q2 0.5905 ± 0.0007, Q4 0.1488 ± 0.0009, Q2T 0.4838, Q4T 0.0673; худший шум Q_k 0.0364
   раскладка: D:\BqMoni_Claude\p103\art\dumps\store-G1S_petri60_risn379_100_p16.csv
   файл     : D:\BqMoni_Claude\p103\store\G1S_petri60_risn379_100_p16.rmx (0.6 МБ)

== G1S_point25 ==
   пропущена: посчитана ГУЩЕ штатной (6000000 историй против 3000000), понижать без --force не буду (T36)

== G1S_point5 ==
   клеймо   : phys=20;61a143a526247b52cc6c842009f5af9f2b24ae6c8888b8b64eab19813cee09f3
   время    : 383.5 с на часах, ядер 9.8 из 10
   счёт     : 3753.8 с ЦП, 8.94 мкс на историю  <- сравнивать надо ЭТО
   сетка κ  : 200000 точек по 2 истории — в «мкс на историю» НЕ входят (замер узлов — с --jnodes=0)
   обход    : на историю 9.6 шага границ, 10.7 поиска области, 5.1 интерполяции μ, 3.12 сбора пересечений
   шум конт.: взвешенная 1.48 %  тихо
   Q_k      : узлов 140; у 657.0 кэВ Q2 0.8959 ± 0.0001, Q4 0.6840 ± 0.0003, Q2T 0.8803, Q4T 0.6409; худший шум Q_k 0.0656
   раскладка: D:\BqMoni_Claude\p103\art\dumps\store-G1S_point5.csv
   файл     : D:\BqMoni_Claude\p103\store\G1S_point5.rmx (0.6 МБ)

== RC103_lu_front ==
   клеймо   : phys=20;3be0ec00fc31801c042ebb74cad2cf5e1f2406f7adc19dc79164a5102f09d5e4
   время    : 336.6 с на часах, ядер 9.7 из 10
   счёт     : 3272.5 с ЦП, 7.68 мкс на историю  <- сравнивать надо ЭТО
   сетка κ  : 200000 точек по 2 истории — в «мкс на историю» НЕ входят (замер узлов — с --jnodes=0)
   обход    : на историю 14.8 шага границ, 14.6 поиска области, 8.7 интерполяции μ, 4.66 сбора пересечений
   шум конт.: взвешенная 2.28 %  тихо
   Q_k      : узлов 142; у 657.0 кэВ Q2 0.9410 ± 0.0006, Q4 0.8162 ± 0.0018, Q2T 0.9137, Q4T 0.7586; худший шум Q_k 0.0678
   раскладка: D:\BqMoni_Claude\p103\art\dumps\store-RC103_lu_front.csv
   файл     : D:\BqMoni_Claude\p103\store\RC103_lu_front.rmx (0.6 МБ)

== RC103_marinelli05_kcl ==
   клеймо   : phys=20;4bf8c35f8f2c1e09a7c40446f719ebae06bfb175e91e33a89ca29841826df1e5
   время    : 388.2 с на часах, ядер 9.8 из 10
   счёт     : 3809.2 с ЦП, 9.07 мкс на историю  <- сравнивать надо ЭТО
   сетка κ  : 200000 точек по 2 истории — в «мкс на историю» НЕ входят (замер узлов — с --jnodes=0)
   обход    : на историю 21.2 шага границ, 21.2 поиска области, 13.0 интерполяции μ, 4.10 сбора пересечений
   шум конт.: взвешенная 3.18 %  тихо
   Q_k      : узлов 140; у 657.0 кэВ Q2 0.9788 ± 0.0009, Q4 0.9331 ± 0.0023, Q2T 0.9716, Q4T 0.9132; худший шум Q_k 0.2202
   раскладка: D:\BqMoni_Claude\p103\art\dumps\store-RC103_marinelli05_kcl.csv
   файл     : D:\BqMoni_Claude\p103\store\RC103_marinelli05_kcl.rmx (0.6 МБ)

== RC103_point0 ==
   клеймо   : phys=20;4cc05f916471e3240acea518b042f8000f6bcf9c3b60648a2fdaf787724aa4f8
   время    : 185.4 с на часах, ядер 9.8 из 10
   счёт     : 1823.9 с ЦП, 4.34 мкс на историю  <- сравнивать надо ЭТО
   сетка κ  : 200000 точек по 2 истории — в «мкс на историю» НЕ входят (замер узлов — с --jnodes=0)
   обход    : на историю 9.0 шага границ, 9.1 поиска области, 4.3 интерполяции μ, 2.89 сбора пересечений
   шум конт.: взвешенная 0.76 %  тихо
   Q_k      : узлов 140; у 657.0 кэВ Q2 0.7636 ± 0.0013, Q4 0.3763 ± 0.0028, Q2T 0.6848, Q4T 0.3012; худший шум Q_k 0.0565
   раскладка: D:\BqMoni_Claude\p103\art\dumps\store-RC103_point0.csv
   файл     : D:\BqMoni_Claude\p103\store\RC103_point0.rmx (0.6 МБ)

== RC103_point50 ==
   пропущена: посчитана ГУЩЕ штатной (6000000 историй против 3000000), понижать без --force не буду (T36)

матриц: 49 — посчитано 46, пропущено 3 (клеймо сошлось); всего 367.0 мин
ВСЕ СОШЛИСЬ
