Расхождение двух матриц (T43)
  A: RC103_point0.rmx  (формат 9)
  B: RC103_point0.rmx  (формат 9)
  клейма РАЗНЫЕ — считались не из одного
     A: phys=19;5ddea4b59ab723a205ddc23090478b8679043af959046dea1dcac7869e850279
     B: phys=20;4cc05f916471e3240acea518b042f8000f6bcf9c3b60648a2fdaf787724aa4f8
  настройки, которыми матрицы считались:
     A: узлов 140, 5–3000 кэВ, бин 2 кэВ, историй 3000000, зерно 0
     B: узлов 140, 5–3000 кэВ, бин 2 кэВ, историй 3000000, зерно 0
  отпечаток тела (SHA-256 сетки и строк):
     A: 4e2b8fb97fcea742…  сходится с записанным
     B: 300cee70c3a4c5ba…  сходится с записанным
  ТЕЛА РАЗЛИЧНЫ (по отпечатку)
  блок Q_k угловой корреляции (формат 9):
     есть у обеих, узлов 140: побитово 1; наибольшее |Δ| 0.03160, худший узел в σ 0.41 (узел 7, 6.9 кэВ)

расхождение по 140 узлам, % (медиана / худший):
   пик       : 0.045 / 8.008   (узел 8, 7 кэВ)
   сумма     : 0.055 / 8.008   (узел 8, 7 кэВ)
   форма, L1 : 0.53  / 26.83    (узел 139, 3000 кэВ)

ФОРМА БЕЗ МАСШТАБА (строки приведены к единичной сумме):
   L1        : 0.24  / 26.70    (узел 139, 3000 кэВ)
   доля пика : A 0.7777, B 0.7776  (медиана по узлам; отношение B/A 1.0000)

СМЕЩЕНИЕ B относительно A, % (среднее по узлам ± ошибка среднего):
   пик       :   0.078 ± 0.088   — ноль в пределах ошибки
   сумма     :   0.151 ± 0.087   — ноль в пределах ошибки

⚠ сравнивать ЭТИ числа надо с такими же для двух зёрен одного кода
