модель разрешения в спектрах корпуса, режим power-node (V2)

группа     точек  низ        a      p  СКО низ    → низ СКО верх   → верх  решение
AS1PRO        13    2   0.3007  0.789    0.470    0.109    0.169    0.202  верх портится
AS80x80       87    5   0.5581  0.673    0.550    0.242    0.320    0.282  ПЕРЕКЛЮЧАЕМ
ASN16        109   15   1.1364  0.549    0.269    0.210    0.270    0.244  ПЕРЕКЛЮЧАЕМ
ASN3          10    1        —      —        —        —        —        —  мало точек
ASN8_1024     11    0        —      —        —        —        —        —  мало точек
ASN8_2048     10    0        —      —        —        —        —        —  мало точек
ASN8_3000     10    0        —      —        —        —        —        —  мало точек
ASN8_4096     10    0        —      —        —        —        —        —  мало точек
ASN8_8192     19    3   4.0780  0.367    0.284    0.071    0.287    0.303  ПЕРЕКЛЮЧАЕМ
G1S16        216   22   0.7216  0.628    0.351    0.218    0.282    0.273  ПЕРЕКЛЮЧАЕМ
G1S24        284   20   0.8266  0.621    0.324    0.197    0.266    0.236  ПЕРЕКЛЮЧАЕМ
GS4000        37    7   0.4489  0.704    0.494    0.207    0.321    0.338  ПЕРЕКЛЮЧАЕМ
HPGE          11    4   0.1615  0.332    0.362    0.040    0.314    0.123  ПЕРЕКЛЮЧАЕМ
HPGE_GEM      31    1        —      —        —        —        —        —  мало точек
HPGE_GMX      42    1        —      —        —        —        —        —  мало точек
LABR_BRIL     24    1        —      —        —        —        —        —  мало точек
OBS            2    1        —      —        —        —        —        —  мало точек
RC101          2    0        —      —        —        —        —        —  мало точек
RC103         29    3   1.0697  0.604    0.576    0.369    0.342    0.317  ПЕРЕКЛЮЧАЕМ

форму меняем у групп: 8
⚠ пишу В САМ КОРПУС: D:\BqMoni_Claude\p103\wt\tools\CORPUS\corpus
   OBS_UGlass               вне предела (36 % на 2698 кэВ), но квадратичная по той же модели хуже (36 % на 2698 кэВ) — пишем
   AS80_K40                 вне предела (36 % на 1773 кэВ), но квадратичная по той же модели хуже (47 % на 2698 кэВ) — пишем
записано спектров: 136
худшее отклонение записанной кривой от модели группы: 36 % (OBS_UGlass, 2698 кэВ)
