модель разрешения в спектрах корпуса, режим power-node (V2)

группа     точек  низ        a      p  СКО низ    → низ СКО верх   → верх  решение
AS1PRO        13    2   0.3007  0.789    0.470    0.109    0.169    0.202  верх портится
AS80x80      101    5   0.4928  0.690    0.507    0.239    0.362    0.342  ПЕРЕКЛЮЧАЕМ
ASN16        109   15   1.1800  0.543    0.227    0.226    0.240    0.235  ПЕРЕКЛЮЧАЕМ
ASN3          10    1        —      —        —        —        —        —  мало точек
ASN8_1024     11    0        —      —        —        —        —        —  мало точек
ASN8_2048     10    0        —      —        —        —        —        —  мало точек
ASN8_3000     10    0        —      —        —        —        —        —  мало точек
ASN8_4096     10    0        —      —        —        —        —        —  мало точек
ASN8_8192     19    3   4.1000  0.365    0.302    0.059    0.351    0.393  ПЕРЕКЛЮЧАЕМ
G1S16        217   22   0.7277  0.627    0.359    0.220    0.279    0.271  ПЕРЕКЛЮЧАЕМ
G1S24        291   20   0.8535  0.615    0.319    0.198    0.264    0.232  ПЕРЕКЛЮЧАЕМ
GS4000        37    7   0.4489  0.704    0.494    0.207    0.321    0.338  ПЕРЕКЛЮЧАЕМ
HPGE          11    4   0.1615  0.332    0.362    0.040    0.314    0.123  ПЕРЕКЛЮЧАЕМ
HPGE_GEM      31    1        —      —        —        —        —        —  мало точек
HPGE_GMX      42    1        —      —        —        —        —        —  мало точек
LABR_BRIL     24    1        —      —        —        —        —        —  мало точек
OBS            2    1        —      —        —        —        —        —  мало точек
RC101          2    0        —      —        —        —        —        —  мало точек
RC103         29    3   1.0697  0.604    0.576    0.369    0.342    0.317  ПЕРЕКЛЮЧАЕМ

форму меняем у групп: 8
⚠ пишу В САМ КОРПУС: D:\BqMoni_Claude\p103\wt\tools\CORPUS\corpus
   OBS_UGlass               вне предела (36 % на 2698 кэВ), но квадратичная по той же модели хуже (36 % на 2698 кэВ) — пишем
   AS80_K40                 вне предела (36 % на 1773 кэВ), но квадратичная по той же модели хуже (47 % на 2698 кэВ) — пишем
записано спектров: 136
худшее отклонение записанной кривой от модели группы: 36 % (OBS_UGlass, 2698 кэВ)
