склад витрины: C:\Users\moroz\source\repos\BQ Eng res .NET 4.8\tools\fsa_showcase\store; сцен 2: ASN16_point_house, ASN16_rn_side; пробы: C:\Users\moroz\source\repos\BQ Eng res .NET 4.8\tools\effmaker\probes\build; физика 20
приложение у проб: 18.09 23:26:23 sha256 FFAC5276EF60562A
контроль на 2 узлах (A77): код 1 (1 = «есть шумные», ожидаемо на 400 k), сцен с клеймом phys=20: 2 из 2, 9 с
      клеймо   : phys=20;1ab457ca708c1325ecad0e1837b9bd90c24ebadc4b576117105ac8145835c03a
      счёт     : 8.2 с ЦП, 10.27 мкс на историю  <- сравнивать надо ЭТО
      клеймо   : phys=20;ce6abb595094886d7e00fda2d246f0005dd6e0139cf43fa1ab408909c7fdfa0c
      счёт     : 7.9 с ЦП, 9.84 мкс на историю  <- сравнивать надо ЭТО
   матриц: 2 — посчитано 2, пропущено 0 (клеймо сошлось); всего 0.1 мин
матрицы: код 0, 1562 с
      сетка κ  : 200000 точек по 2 истории — в «мкс на историю» НЕ входят (замер узлов — с --jnodes=0)
      клеймо   : phys=20;4bf7d69c151653ba6432467caadba8b27cdb5a6c349af6840b87a9e4e8129e7f
      счёт     : 7535.3 с ЦП, 17.94 мкс на историю  <- сравнивать надо ЭТО
      сетка κ  : 200000 точек по 2 истории — в «мкс на историю» НЕ входят (замер узлов — с --jnodes=0)
   матриц: 2 — посчитано 2, пропущено 0 (клеймо сошлось); всего 25.9 мин
   ВСЕ СОШЛИСЬ
кривые: код 0, 1572 с
   Привязка кривой и матрицы к спектрам понятной части (B1)
   кривая: 5-3000 кэВ, 200000 историй на узел; розыгрыш точки вылета: автоматика (полевая сцена — важностный, клеймо imp=1; прочие — равномерный); порог шумной кри
      разброс  : медиана 1.48 %, худший узел 4.87 % на 10.0 кэВ (ESS 421 из 200000 историй), узлов выше 5 %: 0 из 37
      guid     : b8a158da-14a3-b2e3-2511-9b3315c75da2
      спектр   : ASN16_Radon_filter2 (1 записей ResultData)
   геометрий в описи: 1 — посчитано 1, пропущено 0 (клеймо и геометрия сошлись); записей проставлено: 1
   ВСЕ СОШЛИСЬ
   ASN16_rn_side.rmx                          9     20    3000000   140    6    1.20%    1.62%   нет
   
     версия физики: 20 — 2
     историй на узел: 3000000 — 2
     каналов у матрицы: 6 — 2 (код знает 6)
     с конусом: 0 из 2
     шумных (худший СУДИМЫЙ узел выше 1.00 %): 2
     континуума нет (шум ≥ 99 %): 43 узлов по складу, судятся узлы от 50 кэВ
   
   НАХОДОК: 2
     ASN16_point_house.rmx: шум худшего узла 1.16 % при пороге 1.00 %
     ASN16_rn_side.rmx: шум худшего узла 1.62 % при пороге 1.00 %
  ASN16_point_house.rmx  648480 байт  sha256 2B6BF21EC30F92A8
  ASN16_rn_side.rmx  640708 байт  sha256 478139AEB8844706
готово за 1572 с
