→ python C:\Users\moroz\source\repos\BQ Eng res .NET 4.8\tools\check_fsa_showcase.py --snapshot
каталог проб: C:\Users\moroz\source\repos\BQ Eng res .NET 4.8\tools\effmaker\probes\build (заверен 2026-09-18 23:27:23 из C:\Users\moroz\source\repos\BQ Eng res .NET 4.8\BecquerelMonitor\bin\Debug_Codex)
  ⚠ сверено: набор приложения 2664b0b779ea (550 файлов), набор FsaStackShot 13494ce22634 (6 файлов), sha двух exe
свежесть каталога проб: сошлась с деревом (T226, 0.7 с)
рабочий каталог: C:\Users\moroz\source\repos\BQ Eng res .NET 4.8\tools\fsa_showcase\wd (скопировано 0, снято 0; приборов 3, матриц 4)
прогон FsaStackShot (5 спектров, 9 пар):
  ASN16_Cs137_house / infer_eq: 1.9 с
  ASN16_Cs137_house / infer_eq_peak: 1.8 с
  ASN16_Cs137_house / infer_eq_compton: 1.7 с
  AS80_Th232_disk / infer_eq: 3.4 с
  ASN16_Radon_filter2 / chain_eq: 3.3 с
  ASN16_Radon_filter2 / chain_noeq: 5.0 с
  G1S24_Rn222Coal_eq01 / sample_eq: 2.1 с
  G1S24_Rn222Coal_eq01 / sample_noeq: 2.0 с
  ASN16_Cs137_10cm / sample_nomatrix: 1.2 с

ПЕРЕОБЪЯВЛЕНИЕ ASN16_Cs137_house / infer_eq: 113 расхождений с прежним эталоном (2026-09-18 15:12):
  спектр                 режим          полоса           компонент                                  было              стало              Δ
  ASN16_Cs137_house      infer_eq       0-30 кэВ         Backscatter                         1528382.274        1494854.494 -33527.780 (-2.19 %)
  ASN16_Cs137_house      infer_eq       0-30 кэВ         Cs-137                             17937084.690       17957193.116 20108.426 (+0.11 %)
  ASN16_Cs137_house      infer_eq       0-30 кэВ         Xray-Pb                               96990.489          99659.715 2669.226 (+2.75 %)
  ASN16_Cs137_house      infer_eq       0-30 кэВ         Xray-Pb-L                           1131991.725        1104369.376 -27622.349 (-2.44 %)
  ASN16_Cs137_house      infer_eq       0-30 кэВ         continuum_raw                         10901.292          20664.044 9762.752 (+89.56 %)
  ASN16_Cs137_house      infer_eq       0-30 кэВ         excess_fit                          2778981.625        2750610.286 -28371.339 (-1.02 %)
  ASN16_Cs137_house      infer_eq       0-30 кэВ         excess_net                          2778981.625        2750610.286 -28371.339 (-1.02 %)
  ASN16_Cs137_house      infer_eq       0-30 кэВ         missing_fit                          909059.184         919081.061 10021.877 (+1.10 %)
  ASN16_Cs137_house      infer_eq       0-30 кэВ         missing_net                          909059.184         919081.061 10021.877 (+1.10 %)
  ASN16_Cs137_house      infer_eq       0-30 кэВ         model                              20652030.874       20613637.658 -38393.216 (-0.19 %)
  ASN16_Cs137_house      infer_eq       0-30 кэВ         pile-up                                  15.854             30.076 14.222 (+89.71 %)
  ASN16_Cs137_house      infer_eq       0-30 кэВ         tail                                1945528.139        1986330.124 40801.985 (+2.10 %)
  ASN16_Cs137_house      infer_eq       30-100 кэВ       Backscatter                          248871.264         248798.593 -72.671 (-0.03 %)
  ASN16_Cs137_house      infer_eq       30-100 кэВ       Cs-137                             37143974.261       37028213.656 -115760.605 (-0.31 %)
  ASN16_Cs137_house      infer_eq       30-100 кэВ       Xray-Pb                             2191216.297        2298019.474 106803.177 (+4.87 %)
  ASN16_Cs137_house      infer_eq       30-100 кэВ       continuum_raw                       1058446.297        1223962.002 165515.705 (+15.64 %)
  ASN16_Cs137_house      infer_eq       30-100 кэВ       excess_fit                           280202.487         298571.437 18368.950 (+6.56 %)
  ASN16_Cs137_house      infer_eq       30-100 кэВ       excess_net                           280202.487         298571.437 18368.950 (+6.56 %)
  ASN16_Cs137_house      infer_eq       30-100 кэВ       missing_fit                          678688.903         705866.097 27177.194 (+4.00 %)
  ASN16_Cs137_house      infer_eq       30-100 кэВ       missing_net                          678688.903         705866.097 27177.194 (+4.00 %)
  ASN16_Cs137_house      infer_eq       30-100 кэВ       model                              39510228.255       39501420.011 -8808.244 (-0.02 %)
  ASN16_Cs137_house      infer_eq       30-100 кэВ       pile-up                                1871.815           2156.055 284.240 (+15.19 %)
  ASN16_Cs137_house      infer_eq       30-100 кэВ       tail                               12671105.814       12482396.721 -188709.093 (-1.49 %)
  ASN16_Cs137_house      infer_eq       100-300 кэВ      Backscatter                         6644135.715        6497512.658 -146623.057 (-2.21 %)
  ASN16_Cs137_house      infer_eq       100-300 кэВ      Cs-137                             65591592.755       65756471.751 164878.996 (+0.25 %)
  ASN16_Cs137_house      infer_eq       100-300 кэВ      Xray-Pb                                3364.026           3560.765 196.739 (+5.85 %)
  ASN16_Cs137_house      infer_eq       100-300 кэВ      continuum_raw                       6107428.628        6108002.055 573.427 (+0.01 %)
  ASN16_Cs137_house      infer_eq       100-300 кэВ      excess_fit                           618980.586         652184.566 33203.980 (+5.36 %)
  ASN16_Cs137_house      infer_eq       100-300 кэВ      excess_net                           618980.586         652184.566 33203.980 (+5.36 %)
  ASN16_Cs137_house      infer_eq       100-300 кэВ      missing_fit                         1473941.883        1488790.775 14848.892 (+1.01 %)
  ASN16_Cs137_house      infer_eq       100-300 кэВ      missing_net                         1473941.883        1488790.775 14848.892 (+1.01 %)
  ASN16_Cs137_house      infer_eq       100-300 кэВ      model                              72159277.601       72177632.689 18355.088 (+0.03 %)
  ASN16_Cs137_house      infer_eq       100-300 кэВ      pile-up                               13127.535          13106.513 -21.022 (-0.16 %)
  ASN16_Cs137_house      infer_eq       100-300 кэВ      tail                                 210778.425         208173.658 -2604.767 (-1.24 %)
  ASN16_Cs137_house      infer_eq       300-700 кэВ      Cs-137                            113143578.540      113298596.647 155018.107 (+0.14 %)
  ASN16_Cs137_house      infer_eq       300-700 кэВ      continuum_raw                        429442.471         396514.036 -32928.435 (-7.67 %)
  ASN16_Cs137_house      infer_eq       300-700 кэВ      excess_fit                          1733864.574        1766419.086 32554.512 (+1.88 %)
  ASN16_Cs137_house      infer_eq       300-700 кэВ      excess_net                          1733864.574        1766419.086 32554.512 (+1.88 %)
  ASN16_Cs137_house      infer_eq       300-700 кэВ      missing_fit                         4916008.333        4793930.752 -122077.581 (-2.48 %)
  ASN16_Cs137_house      infer_eq       300-700 кэВ      missing_net                         4916008.333        4793930.752 -122077.581 (-2.48 %)
  ASN16_Cs137_house      infer_eq       300-700 кэВ      model                             113099454.897      113254086.990 154632.093 (+0.14 %)
  ASN16_Cs137_house      infer_eq       300-700 кэВ      pile-up                               72995.654          72706.178 -289.476 (-0.40 %)
  ASN16_Cs137_house      infer_eq       700-1500 кэВ     Cs-137                               397571.932         399176.094 1604.162 (+0.40 %)
  ASN16_Cs137_house      infer_eq       700-1500 кэВ     continuum_raw                        491883.164         490503.564 -1379.600 (-0.28 %)
  ASN16_Cs137_house      infer_eq       700-1500 кэВ     excess_fit                            47302.143          46745.329 -556.814 (-1.18 %)
  ASN16_Cs137_house      infer_eq       700-1500 кэВ     excess_net                            46242.348          45685.534 -556.814 (-1.20 %)
  ASN16_Cs137_house      infer_eq       700-1500 кэВ     missing_fit                          134550.947         133478.658 -1072.289 (-0.80 %)
  ASN16_Cs137_house      infer_eq       700-1500 кэВ     missing_net                          134550.947         133478.658 -1072.289 (-0.80 %)
  ASN16_Cs137_house      infer_eq       700-1500 кэВ     model                               1143191.158        1143706.633 515.475 (+0.05 %)
  ASN16_Cs137_house      infer_eq       700-1500 кэВ     pile-up                              745619.216         744530.530 -1088.686 (-0.15 %)
  ASN16_Cs137_house      infer_eq       1500-3000 кэВ    continuum_raw                          3804.993           3804.540 -0.453 (-0.01 %)
  ASN16_Cs137_house      infer_eq       1500-3000 кэВ    excess_fit                             7132.696           7132.824 0.128 (+0.00 %)
  ASN16_Cs137_house      infer_eq       1500-3000 кэВ    excess_net                             2493.112           2493.240 0.128 (+0.01 %)
  ASN16_Cs137_house      infer_eq       1500-3000 кэВ    missing_fit                            4603.050           4602.770 -0.280 (-0.01 %)
  ASN16_Cs137_house      infer_eq       1500-3000 кэВ    missing_net                            4603.050           4602.770 -0.280 (-0.01 %)
  ASN16_Cs137_house      infer_eq       1500-3000 кэВ    model                                  4832.481           4832.889 0.408 (+0.01 %)
  ASN16_Cs137_house      infer_eq       1500-3000 кэВ    pile-up                                4832.481           4832.889 0.408 (+0.01 %)
  ASN16_Cs137_house      infer_eq       rates component  Backscatter.count_rate                    2.007              1.963 -0.044 (-2.21 %)
  ASN16_Cs137_house      infer_eq       rates component  Backscatter.peak_counts             8213107.625        8031374.788 -181732.837 (-2.21 %)
  ASN16_Cs137_house      infer_eq       rates component  Backscatter.share_pct                     3.411              3.336 -0.075 (-2.19 %)
  … и ещё 53 строк

ПЕРЕОБЪЯВЛЕНИЕ ASN16_Cs137_house / infer_eq_peak: 103 расхождений с прежним эталоном (2026-09-18 16:29):
  спектр                 режим          полоса           компонент                                  было              стало              Δ
  ASN16_Cs137_house      infer_eq_peak  0-30 кэВ         Cs-137                             10085442.795       10095347.769 9904.974 (+0.10 %)
  ASN16_Cs137_house      infer_eq_peak  0-30 кэВ         Xray-Pb                                   0.924              0.977 0.053 (+5.74 %)
  ASN16_Cs137_house      infer_eq_peak  0-30 кэВ         Xray-Pb-L                           1108496.659        1080954.656 -27542.003 (-2.48 %)
  ASN16_Cs137_house      infer_eq_peak  0-30 кэВ         continuum_raw                         10901.292          20664.044 9762.752 (+89.56 %)
  ASN16_Cs137_house      infer_eq_peak  0-30 кэВ         excess_fit                          2778981.625        2750610.286 -28371.339 (-1.02 %)
  ASN16_Cs137_house      infer_eq_peak  0-30 кэВ         excess_net                          2778981.625        2750610.286 -28371.339 (-1.02 %)
  ASN16_Cs137_house      infer_eq_peak  0-30 кэВ         missing_fit                          909059.184         919081.061 10021.877 (+1.10 %)
  ASN16_Cs137_house      infer_eq_peak  0-30 кэВ         missing_net                          909059.184         919081.061 10021.877 (+1.10 %)
  ASN16_Cs137_house      infer_eq_peak  0-30 кэВ         model                              20652030.874       20613637.658 -38393.216 (-0.19 %)
  ASN16_Cs137_house      infer_eq_peak  0-30 кэВ         tail                                1945528.139        1986330.124 40801.985 (+2.10 %)
  ASN16_Cs137_house      infer_eq_peak  30-100 кэВ       Cs-137                             14683267.058       14699195.873 15928.815 (+0.11 %)
  ASN16_Cs137_house      infer_eq_peak  30-100 кэВ       Xray-Pb                             1281273.014        1355717.561 74444.547 (+5.81 %)
  ASN16_Cs137_house      infer_eq_peak  30-100 кэВ       continuum_raw                       1058446.297        1223962.002 165515.705 (+15.64 %)
  ASN16_Cs137_house      infer_eq_peak  30-100 кэВ       excess_fit                           280202.487         298571.437 18368.950 (+6.56 %)
  ASN16_Cs137_house      infer_eq_peak  30-100 кэВ       excess_net                           280202.487         298571.437 18368.950 (+6.56 %)
  ASN16_Cs137_house      infer_eq_peak  30-100 кэВ       missing_fit                          678688.903         705866.097 27177.194 (+4.00 %)
  ASN16_Cs137_house      infer_eq_peak  30-100 кэВ       missing_net                          678688.903         705866.097 27177.194 (+4.00 %)
  ASN16_Cs137_house      infer_eq_peak  30-100 кэВ       model                              39510228.255       39501420.011 -8808.244 (-0.02 %)
  ASN16_Cs137_house      infer_eq_peak  30-100 кэВ       tail                               12671105.814       12482396.721 -188709.093 (-1.49 %)
  ASN16_Cs137_house      infer_eq_peak  100-300 кэВ      Xray-Pb                                3343.299           3538.682 195.383 (+5.84 %)
  ASN16_Cs137_house      infer_eq_peak  100-300 кэВ      continuum_raw                       6107428.628        6108002.055 573.427 (+0.01 %)
  ASN16_Cs137_house      infer_eq_peak  100-300 кэВ      excess_fit                           618980.586         652184.566 33203.980 (+5.36 %)
  ASN16_Cs137_house      infer_eq_peak  100-300 кэВ      excess_net                           618980.586         652184.566 33203.980 (+5.36 %)
  ASN16_Cs137_house      infer_eq_peak  100-300 кэВ      missing_fit                         1473941.883        1488790.775 14848.892 (+1.01 %)
  ASN16_Cs137_house      infer_eq_peak  100-300 кэВ      missing_net                         1473941.883        1488790.775 14848.892 (+1.01 %)
  ASN16_Cs137_house      infer_eq_peak  100-300 кэВ      model                              72159277.601       72177632.689 18355.088 (+0.03 %)
  ASN16_Cs137_house      infer_eq_peak  100-300 кэВ      tail                                 210778.425         208173.658 -2604.767 (-1.24 %)
  ASN16_Cs137_house      infer_eq_peak  300-700 кэВ      Cs-137                             60674534.229       60818760.082 144225.853 (+0.24 %)
  ASN16_Cs137_house      infer_eq_peak  300-700 кэВ      continuum_raw                        429442.471         396514.036 -32928.435 (-7.67 %)
  ASN16_Cs137_house      infer_eq_peak  300-700 кэВ      excess_fit                          1733864.574        1766419.086 32554.512 (+1.88 %)
  ASN16_Cs137_house      infer_eq_peak  300-700 кэВ      excess_net                          1733864.574        1766419.086 32554.512 (+1.88 %)
  ASN16_Cs137_house      infer_eq_peak  300-700 кэВ      missing_fit                         4916008.333        4793930.752 -122077.581 (-2.48 %)
  ASN16_Cs137_house      infer_eq_peak  300-700 кэВ      missing_net                         4916008.333        4793930.752 -122077.581 (-2.48 %)
  ASN16_Cs137_house      infer_eq_peak  300-700 кэВ      model                             113099454.897      113254086.990 154632.093 (+0.14 %)
  ASN16_Cs137_house      infer_eq_peak  700-1500 кэВ     Cs-137                               382127.004         383748.572 1621.568 (+0.42 %)
  ASN16_Cs137_house      infer_eq_peak  700-1500 кэВ     continuum_raw                        491883.164         490503.564 -1379.600 (-0.28 %)
  ASN16_Cs137_house      infer_eq_peak  700-1500 кэВ     excess_fit                            47302.143          46745.329 -556.814 (-1.18 %)
  ASN16_Cs137_house      infer_eq_peak  700-1500 кэВ     excess_net                            46242.348          45685.534 -556.814 (-1.20 %)
  ASN16_Cs137_house      infer_eq_peak  700-1500 кэВ     missing_fit                          134550.947         133478.658 -1072.289 (-0.80 %)
  ASN16_Cs137_house      infer_eq_peak  700-1500 кэВ     missing_net                          134550.947         133478.658 -1072.289 (-0.80 %)
  ASN16_Cs137_house      infer_eq_peak  700-1500 кэВ     model                               1143191.158        1143706.633 515.475 (+0.05 %)
  ASN16_Cs137_house      infer_eq_peak  1500-3000 кэВ    continuum_raw                          3804.993           3804.540 -0.453 (-0.01 %)
  ASN16_Cs137_house      infer_eq_peak  1500-3000 кэВ    excess_fit                             7132.696           7132.824 0.128 (+0.00 %)
  ASN16_Cs137_house      infer_eq_peak  1500-3000 кэВ    excess_net                             2493.112           2493.240 0.128 (+0.01 %)
  ASN16_Cs137_house      infer_eq_peak  1500-3000 кэВ    missing_fit                            4603.050           4602.770 -0.280 (-0.01 %)
  ASN16_Cs137_house      infer_eq_peak  1500-3000 кэВ    missing_net                            4603.050           4602.770 -0.280 (-0.01 %)
  ASN16_Cs137_house      infer_eq_peak  1500-3000 кэВ    model                                  4832.481           4832.889 0.408 (+0.01 %)
  ASN16_Cs137_house      infer_eq_peak  rates component  Backscatter.count_rate                    2.007              1.963 -0.044 (-2.21 %)
  ASN16_Cs137_house      infer_eq_peak  rates component  Backscatter.peak_counts             8213107.625        8031374.788 -181732.837 (-2.21 %)
  ASN16_Cs137_house      infer_eq_peak  rates component  Backscatter.share_pct                     3.411              3.336 -0.075 (-2.19 %)
  ASN16_Cs137_house      infer_eq_peak  rates component  Backscatter.z                           103.179            102.050 -1.129 (-1.09 %)
  ASN16_Cs137_house      infer_eq_peak  rates component  Cs-137.count_rate                      6756.286           6763.395 7.108 (+0.11 %)
  ASN16_Cs137_house      infer_eq_peak  rates component  Cs-137.decision_threshold_ra              0.727              0.715 -0.012 (-1.71 %)
  ASN16_Cs137_house      infer_eq_peak  rates component  Cs-137.detection_limit_rate               1.458              1.433 -0.025 (-1.71 %)
  ASN16_Cs137_house      infer_eq_peak  rates component  Cs-137.peak_counts                100572400.685      100657905.798 85505.113 (+0.09 %)
  ASN16_Cs137_house      infer_eq_peak  rates component  Cs-137.share_pct                         94.863             94.906 0.043 (+0.05 %)
  ASN16_Cs137_house      infer_eq_peak  rates component  Cs-137.z                               1773.390           1789.975 16.585 (+0.94 %)
  ASN16_Cs137_house      infer_eq_peak  rates component  Xray-Pb.count_rate                       15.315             16.201 0.886 (+5.78 %)
  ASN16_Cs137_house      infer_eq_peak  rates component  Xray-Pb.peak_counts                 1487985.874        1574504.487 86518.613 (+5.81 %)
  ASN16_Cs137_house      infer_eq_peak  rates component  Xray-Pb.share_pct                         0.928              0.972 0.044 (+4.73 %)
  … и ещё 43 строк

ПЕРЕОБЪЯВЛЕНИЕ ASN16_Cs137_house / infer_eq_compton: 104 расхождений с прежним эталоном (2026-09-18 16:29):
  спектр                 режим          полоса           компонент                                  было              стало              Δ
  ASN16_Cs137_house      infer_eq_compt 0-30 кэВ         Cs-137                              5951838.212        5914588.744 -37249.468 (-0.63 %)
  ASN16_Cs137_house      infer_eq_compt 0-30 кэВ         Xray-Pb                                   5.365              5.722 0.357 (+6.65 %)
  ASN16_Cs137_house      infer_eq_compt 0-30 кэВ         Xray-Pb-L                             21246.817          21172.921 -73.896 (-0.35 %)
  ASN16_Cs137_house      infer_eq_compt 0-30 кэВ         continuum_raw                         10901.292          20664.044 9762.752 (+89.56 %)
  ASN16_Cs137_house      infer_eq_compt 0-30 кэВ         excess_fit                          2778981.625        2750610.286 -28371.339 (-1.02 %)
  ASN16_Cs137_house      infer_eq_compt 0-30 кэВ         excess_net                          2778981.625        2750610.286 -28371.339 (-1.02 %)
  ASN16_Cs137_house      infer_eq_compt 0-30 кэВ         missing_fit                          909059.184         919081.061 10021.877 (+1.10 %)
  ASN16_Cs137_house      infer_eq_compt 0-30 кэВ         missing_net                          909059.184         919081.061 10021.877 (+1.10 %)
  ASN16_Cs137_house      infer_eq_compt 0-30 кэВ         model                              20652030.874       20613637.658 -38393.216 (-0.19 %)
  ASN16_Cs137_house      infer_eq_compt 0-30 кэВ         tail                                1945528.139        1986330.124 40801.985 (+2.10 %)
  ASN16_Cs137_house      infer_eq_compt 30-100 кэВ       Cs-137                              9423942.952        9340722.920 -83220.032 (-0.88 %)
  ASN16_Cs137_house      infer_eq_compt 30-100 кэВ       Xray-Pb                              170698.833         180703.465 10004.632 (+5.86 %)
  ASN16_Cs137_house      infer_eq_compt 30-100 кэВ       continuum_raw                       1058446.297        1223962.002 165515.705 (+15.64 %)
  ASN16_Cs137_house      infer_eq_compt 30-100 кэВ       excess_fit                           280202.487         298571.437 18368.950 (+6.56 %)
  ASN16_Cs137_house      infer_eq_compt 30-100 кэВ       excess_net                           280202.487         298571.437 18368.950 (+6.56 %)
  ASN16_Cs137_house      infer_eq_compt 30-100 кэВ       missing_fit                          678688.903         705866.097 27177.194 (+4.00 %)
  ASN16_Cs137_house      infer_eq_compt 30-100 кэВ       missing_net                          678688.903         705866.097 27177.194 (+4.00 %)
  ASN16_Cs137_house      infer_eq_compt 30-100 кэВ       model                              39510228.255       39501420.011 -8808.244 (-0.02 %)
  ASN16_Cs137_house      infer_eq_compt 30-100 кэВ       tail                               12671105.814       12482396.721 -188709.093 (-1.49 %)
  ASN16_Cs137_house      infer_eq_compt 100-300 кэВ      Cs-137                             59457410.091       59620911.120 163501.029 (+0.27 %)
  ASN16_Cs137_house      infer_eq_compt 100-300 кэВ      Xray-Pb                                  17.443             18.534 1.091 (+6.25 %)
  ASN16_Cs137_house      infer_eq_compt 100-300 кэВ      continuum_raw                       6107428.628        6108002.055 573.427 (+0.01 %)
  ASN16_Cs137_house      infer_eq_compt 100-300 кэВ      excess_fit                           618980.586         652184.566 33203.980 (+5.36 %)
  ASN16_Cs137_house      infer_eq_compt 100-300 кэВ      excess_net                           618980.586         652184.566 33203.980 (+5.36 %)
  ASN16_Cs137_house      infer_eq_compt 100-300 кэВ      missing_fit                         1473941.883        1488790.775 14848.892 (+1.01 %)
  ASN16_Cs137_house      infer_eq_compt 100-300 кэВ      missing_net                         1473941.883        1488790.775 14848.892 (+1.01 %)
  ASN16_Cs137_house      infer_eq_compt 100-300 кэВ      model                              72159277.601       72177632.689 18355.088 (+0.03 %)
  ASN16_Cs137_house      infer_eq_compt 100-300 кэВ      tail                                 210778.425         208173.658 -2604.767 (-1.24 %)
  ASN16_Cs137_house      infer_eq_compt 300-700 кэВ      Cs-137                             51407867.121       51457154.173 49287.052 (+0.10 %)
  ASN16_Cs137_house      infer_eq_compt 300-700 кэВ      continuum_raw                        429442.471         396514.036 -32928.435 (-7.67 %)
  ASN16_Cs137_house      infer_eq_compt 300-700 кэВ      excess_fit                          1733864.574        1766419.086 32554.512 (+1.88 %)
  ASN16_Cs137_house      infer_eq_compt 300-700 кэВ      excess_net                          1733864.574        1766419.086 32554.512 (+1.88 %)
  ASN16_Cs137_house      infer_eq_compt 300-700 кэВ      missing_fit                         4916008.333        4793930.752 -122077.581 (-2.48 %)
  ASN16_Cs137_house      infer_eq_compt 300-700 кэВ      missing_net                         4916008.333        4793930.752 -122077.581 (-2.48 %)
  ASN16_Cs137_house      infer_eq_compt 300-700 кэВ      model                             113099454.897      113254086.990 154632.093 (+0.14 %)
  ASN16_Cs137_house      infer_eq_compt 700-1500 кэВ     Cs-137                                  430.509            501.002 70.493 (+16.37 %)
  ASN16_Cs137_house      infer_eq_compt 700-1500 кэВ     continuum_raw                        491883.164         490503.564 -1379.600 (-0.28 %)
  ASN16_Cs137_house      infer_eq_compt 700-1500 кэВ     excess_fit                            47302.143          46745.329 -556.814 (-1.18 %)
  ASN16_Cs137_house      infer_eq_compt 700-1500 кэВ     excess_net                            46242.348          45685.534 -556.814 (-1.20 %)
  ASN16_Cs137_house      infer_eq_compt 700-1500 кэВ     missing_fit                          134550.947         133478.658 -1072.289 (-0.80 %)
  ASN16_Cs137_house      infer_eq_compt 700-1500 кэВ     missing_net                          134550.947         133478.658 -1072.289 (-0.80 %)
  ASN16_Cs137_house      infer_eq_compt 700-1500 кэВ     model                               1143191.158        1143706.633 515.475 (+0.05 %)
  ASN16_Cs137_house      infer_eq_compt 1500-3000 кэВ    continuum_raw                          3804.993           3804.540 -0.453 (-0.01 %)
  ASN16_Cs137_house      infer_eq_compt 1500-3000 кэВ    excess_fit                             7132.696           7132.824 0.128 (+0.00 %)
  ASN16_Cs137_house      infer_eq_compt 1500-3000 кэВ    excess_net                             2493.112           2493.240 0.128 (+0.01 %)
  ASN16_Cs137_house      infer_eq_compt 1500-3000 кэВ    missing_fit                            4603.050           4602.770 -0.280 (-0.01 %)
  ASN16_Cs137_house      infer_eq_compt 1500-3000 кэВ    missing_net                            4603.050           4602.770 -0.280 (-0.01 %)
  ASN16_Cs137_house      infer_eq_compt 1500-3000 кэВ    model                                  4832.481           4832.889 0.408 (+0.01 %)
  ASN16_Cs137_house      infer_eq_compt rates component  Backscatter.count_rate                    2.007              1.963 -0.044 (-2.21 %)
  ASN16_Cs137_house      infer_eq_compt rates component  Backscatter.peak_counts             8213107.625        8031374.788 -181732.837 (-2.21 %)
  ASN16_Cs137_house      infer_eq_compt rates component  Backscatter.share_pct                     3.411              3.336 -0.075 (-2.19 %)
  ASN16_Cs137_house      infer_eq_compt rates component  Backscatter.z                           103.179            102.050 -1.129 (-1.09 %)
  ASN16_Cs137_house      infer_eq_compt rates component  Cs-137.count_rate                      6756.286           6763.395 7.108 (+0.11 %)
  ASN16_Cs137_house      infer_eq_compt rates component  Cs-137.decision_threshold_ra              0.727              0.715 -0.012 (-1.71 %)
  ASN16_Cs137_house      infer_eq_compt rates component  Cs-137.detection_limit_rate               1.458              1.433 -0.025 (-1.71 %)
  ASN16_Cs137_house      infer_eq_compt rates component  Cs-137.peak_counts                100572400.685      100657905.798 85505.113 (+0.09 %)
  ASN16_Cs137_house      infer_eq_compt rates component  Cs-137.share_pct                         94.863             94.906 0.043 (+0.05 %)
  ASN16_Cs137_house      infer_eq_compt rates component  Cs-137.z                               1773.390           1789.975 16.585 (+0.94 %)
  ASN16_Cs137_house      infer_eq_compt rates component  Xray-Pb.count_rate                       15.315             16.201 0.886 (+5.78 %)
  ASN16_Cs137_house      infer_eq_compt rates component  Xray-Pb.peak_counts                 1487985.874        1574504.487 86518.613 (+5.81 %)
  … и ещё 44 строк

ПЕРЕОБЪЯВЛЕНИЕ AS80_Th232_disk / infer_eq: 172 расхождений с прежним эталоном (2026-09-18 15:12):
  спектр                 режим          полоса           компонент                                  было              стало              Δ
  AS80_Th232_disk        infer_eq       0-30 кэВ         Ac-228                                10573.439          10616.417 42.978 (+0.41 %)
  AS80_Th232_disk        infer_eq       0-30 кэВ         Bi-212                                 3811.201           3816.579 5.378 (+0.14 %)
  AS80_Th232_disk        infer_eq       0-30 кэВ         Pb-212                                 2253.235           2248.130 -5.105 (-0.23 %)
  AS80_Th232_disk        infer_eq       0-30 кэВ         Ra-224                                  168.222            167.544 -0.678 (-0.40 %)
  AS80_Th232_disk        infer_eq       0-30 кэВ         Rn-220                                    5.022              5.023 0.001 (+0.02 %)
  AS80_Th232_disk        infer_eq       0-30 кэВ         Th-228                                   30.148             29.799 -0.349 (-1.16 %)
  AS80_Th232_disk        infer_eq       0-30 кэВ         Th-232                                    4.425              4.417 -0.008 (-0.18 %)
  AS80_Th232_disk        infer_eq       0-30 кэВ         Tl-208                                 2763.161           2744.660 -18.501 (-0.67 %)
  AS80_Th232_disk        infer_eq       0-30 кэВ         Xray-Pb                                2127.812           2107.745 -20.067 (-0.94 %)
  AS80_Th232_disk        infer_eq       0-30 кэВ         Xray-Th                                  65.668             61.339 -4.329 (-6.59 %)
  AS80_Th232_disk        infer_eq       0-30 кэВ         continuum_raw                          5996.783           5808.355 -188.428 (-3.14 %)
  AS80_Th232_disk        infer_eq       0-30 кэВ         excess_fit                              678.688            667.469 -11.219 (-1.65 %)
  AS80_Th232_disk        infer_eq       0-30 кэВ         excess_net                              677.208            665.989 -11.219 (-1.66 %)
  AS80_Th232_disk        infer_eq       0-30 кэВ         missing_fit                            3861.496           3850.953 -10.543 (-0.27 %)
  AS80_Th232_disk        infer_eq       0-30 кэВ         missing_net                            3861.496           3850.953 -10.543 (-0.27 %)
  AS80_Th232_disk        infer_eq       0-30 кэВ         model                                 21802.482          21801.806 -0.676 (-0.00 %)
  AS80_Th232_disk        infer_eq       0-30 кэВ         tail                                   5425.218           5506.152 80.934 (+1.49 %)
  AS80_Th232_disk        infer_eq       30-100 кэВ       Ac-228                                70536.072          70788.103 252.031 (+0.36 %)
  AS80_Th232_disk        infer_eq       30-100 кэВ       Bi-212                                16527.827          16560.353 32.526 (+0.20 %)
  AS80_Th232_disk        infer_eq       30-100 кэВ       Pb-212                                60321.410          60550.851 229.441 (+0.38 %)
  AS80_Th232_disk        infer_eq       30-100 кэВ       Ra-224                                 2966.046           2977.750 11.704 (+0.39 %)
  AS80_Th232_disk        infer_eq       30-100 кэВ       Rn-220                                   37.876             37.974 0.098 (+0.26 %)
  AS80_Th232_disk        infer_eq       30-100 кэВ       Th-228                                 1551.630           1557.867 6.237 (+0.40 %)
  AS80_Th232_disk        infer_eq       30-100 кэВ       Th-232                                  136.462            136.876 0.414 (+0.30 %)
  AS80_Th232_disk        infer_eq       30-100 кэВ       Tl-208                                37306.697          37318.880 12.183 (+0.03 %)
  AS80_Th232_disk        infer_eq       30-100 кэВ       Xray-Pb                              161815.912         161617.553 -198.359 (-0.12 %)
  AS80_Th232_disk        infer_eq       30-100 кэВ       Xray-Th                                9594.938           9270.196 -324.742 (-3.38 %)
  AS80_Th232_disk        infer_eq       30-100 кэВ       continuum_raw                         84424.081          84458.732 34.651 (+0.04 %)
  AS80_Th232_disk        infer_eq       30-100 кэВ       excess_fit                            13865.982          13860.883 -5.099 (-0.04 %)
  AS80_Th232_disk        infer_eq       30-100 кэВ       excess_net                            13865.982          13860.883 -5.099 (-0.04 %)
  AS80_Th232_disk        infer_eq       30-100 кэВ       missing_fit                           15791.621          15764.998 -26.623 (-0.17 %)
  AS80_Th232_disk        infer_eq       30-100 кэВ       missing_net                           15791.621          15764.998 -26.623 (-0.17 %)
  AS80_Th232_disk        infer_eq       30-100 кэВ       model                                360795.772         360817.296 21.524 (+0.01 %)
  AS80_Th232_disk        infer_eq       30-100 кэВ       tail                                   8657.517           8695.467 37.950 (+0.44 %)
  AS80_Th232_disk        infer_eq       100-300 кэВ      Ac-228                               209209.396         209159.101 -50.295 (-0.02 %)
  AS80_Th232_disk        infer_eq       100-300 кэВ      Bi-212                                20925.099          20952.227 27.128 (+0.13 %)
  AS80_Th232_disk        infer_eq       100-300 кэВ      Pb-212                               220521.101         221051.190 530.089 (+0.24 %)
  AS80_Th232_disk        infer_eq       100-300 кэВ      Ra-224                                19677.170          19725.944 48.774 (+0.25 %)
  AS80_Th232_disk        infer_eq       100-300 кэВ      Rn-220                                  239.082            239.143 0.061 (+0.03 %)
  AS80_Th232_disk        infer_eq       100-300 кэВ      Th-228                                 1832.482           1837.959 5.477 (+0.30 %)
  AS80_Th232_disk        infer_eq       100-300 кэВ      Th-232                                   54.512             54.673 0.161 (+0.30 %)
  AS80_Th232_disk        infer_eq       100-300 кэВ      Tl-208                               134838.487         134761.830 -76.657 (-0.06 %)
  AS80_Th232_disk        infer_eq       100-300 кэВ      Xray-Pb                                 217.501            217.390 -0.111 (-0.05 %)
  AS80_Th232_disk        infer_eq       100-300 кэВ      Xray-Th                                4188.317           4049.609 -138.708 (-3.31 %)
  AS80_Th232_disk        infer_eq       100-300 кэВ      continuum_raw                        203165.920         202357.519 -808.401 (-0.40 %)
  AS80_Th232_disk        infer_eq       100-300 кэВ      excess_fit                            17447.328          17449.825 2.497 (+0.01 %)
  AS80_Th232_disk        infer_eq       100-300 кэВ      excess_net                            17447.328          17449.825 2.497 (+0.01 %)
  AS80_Th232_disk        infer_eq       100-300 кэВ      missing_fit                           32415.790          32072.381 -343.409 (-1.06 %)
  AS80_Th232_disk        infer_eq       100-300 кэВ      missing_net                           32415.790          32072.381 -343.409 (-1.06 %)
  AS80_Th232_disk        infer_eq       100-300 кэВ      model                                611706.533         612052.439 345.906 (+0.06 %)
  AS80_Th232_disk        infer_eq       300-700 кэВ      Ac-228                               176202.273         176290.400 88.127 (+0.05 %)
  AS80_Th232_disk        infer_eq       300-700 кэВ      Bi-212                                18492.692          18481.482 -11.210 (-0.06 %)
  AS80_Th232_disk        infer_eq       300-700 кэВ      Pb-212                                 5292.809           5312.291 19.482 (+0.37 %)
  AS80_Th232_disk        infer_eq       300-700 кэВ      Rn-220                                  341.502            341.649 0.147 (+0.04 %)
  AS80_Th232_disk        infer_eq       300-700 кэВ      Tl-208                               148190.413         148093.598 -96.815 (-0.07 %)
  AS80_Th232_disk        infer_eq       300-700 кэВ      continuum_raw                         73709.195          72877.042 -832.153 (-1.13 %)
  AS80_Th232_disk        infer_eq       300-700 кэВ      excess_fit                            13747.893          13732.343 -15.550 (-0.11 %)
  AS80_Th232_disk        infer_eq       300-700 кэВ      excess_net                            13747.893          13732.343 -15.550 (-0.11 %)
  AS80_Th232_disk        infer_eq       300-700 кэВ      missing_fit                           20700.140          20684.840 -15.300 (-0.07 %)
  AS80_Th232_disk        infer_eq       300-700 кэВ      missing_net                           20700.140          20684.840 -15.300 (-0.07 %)
  … и ещё 112 строк

ПЕРЕОБЪЯВЛЕНИЕ ASN16_Radon_filter2 / chain_eq: 130 расхождений с прежним эталоном (2026-09-18 15:12):
  спектр                 режим          полоса           компонент                                  было              стало              Δ
  ASN16_Radon_filter2    chain_eq       0-30 кэВ         Ac-228                                 3977.565           3978.969 1.404 (+0.04 %)
  ASN16_Radon_filter2    chain_eq       0-30 кэВ         Bi-212                                  481.196            481.075 -0.121 (-0.03 %)
  ASN16_Radon_filter2    chain_eq       0-30 кэВ         Pb-212                                 4757.614           4757.882 0.268 (+0.01 %)
  ASN16_Radon_filter2    chain_eq       0-30 кэВ         Ra-224                                  247.313            247.367 0.054 (+0.02 %)
  ASN16_Radon_filter2    chain_eq       0-30 кэВ         Rn-220                                    3.057              3.050 -0.007 (-0.23 %)
  ASN16_Radon_filter2    chain_eq       0-30 кэВ         Th-228                                  108.123            108.116 -0.007 (-0.01 %)
  ASN16_Radon_filter2    chain_eq       0-30 кэВ         Th-232                                   19.893             19.886 -0.007 (-0.04 %)
  ASN16_Radon_filter2    chain_eq       0-30 кэВ         Tl-208                                 2145.752           2144.164 -1.588 (-0.07 %)
  ASN16_Radon_filter2    chain_eq       0-30 кэВ         continuum_raw                         11666.323          11666.035 -0.288 (-0.00 %)
  ASN16_Radon_filter2    chain_eq       0-30 кэВ         excess_fit                             3542.845           3542.793 -0.052 (-0.00 %)
  ASN16_Radon_filter2    chain_eq       0-30 кэВ         excess_net                             3542.845           3542.793 -0.052 (-0.00 %)
  ASN16_Radon_filter2    chain_eq       0-30 кэВ         missing_fit                            6601.862           6601.814 -0.048 (-0.00 %)
  ASN16_Radon_filter2    chain_eq       0-30 кэВ         missing_net                            6601.862           6601.814 -0.048 (-0.00 %)
  ASN16_Radon_filter2    chain_eq       0-30 кэВ         model                                 11741.331          11741.327 -0.004 (-0.00 %)
  ASN16_Radon_filter2    chain_eq       30-100 кэВ       Ac-228                                 9444.162           9445.116 0.954 (+0.01 %)
  ASN16_Radon_filter2    chain_eq       30-100 кэВ       Bi-212                                  880.344            880.821 0.477 (+0.05 %)
  ASN16_Radon_filter2    chain_eq       30-100 кэВ       Pb-212                                10948.335          10950.249 1.914 (+0.02 %)
  ASN16_Radon_filter2    chain_eq       30-100 кэВ       Ra-224                                  617.603            617.727 0.124 (+0.02 %)
  ASN16_Radon_filter2    chain_eq       30-100 кэВ       Rn-220                                    8.015              7.998 -0.017 (-0.21 %)
  ASN16_Radon_filter2    chain_eq       30-100 кэВ       Th-228                                  254.903            254.940 0.037 (+0.01 %)
  ASN16_Radon_filter2    chain_eq       30-100 кэВ       Th-232                                   27.638             27.640 0.002 (+0.01 %)
  ASN16_Radon_filter2    chain_eq       30-100 кэВ       Tl-208                                 5264.418           5260.851 -3.567 (-0.07 %)
  ASN16_Radon_filter2    chain_eq       30-100 кэВ       continuum_raw                         26498.271          26496.266 -2.005 (-0.01 %)
  ASN16_Radon_filter2    chain_eq       30-100 кэВ       excess_fit                             5487.397           5487.463 0.066 (+0.00 %)
  ASN16_Radon_filter2    chain_eq       30-100 кэВ       excess_net                             5447.570           5447.636 0.066 (+0.00 %)
  ASN16_Radon_filter2    chain_eq       30-100 кэВ       missing_fit                            7415.787           7415.944 0.157 (+0.00 %)
  ASN16_Radon_filter2    chain_eq       30-100 кэВ       missing_net                            7415.787           7415.944 0.157 (+0.00 %)
  ASN16_Radon_filter2    chain_eq       30-100 кэВ       model                                 27445.560          27445.469 -0.091 (-0.00 %)
  ASN16_Radon_filter2    chain_eq       100-300 кэВ      Ac-228                                 2930.699           2930.424 -0.275 (-0.01 %)
  ASN16_Radon_filter2    chain_eq       100-300 кэВ      Bi-212                                  267.788            268.140 0.352 (+0.13 %)
  ASN16_Radon_filter2    chain_eq       100-300 кэВ      Pb-212                                 2383.122           2384.609 1.487 (+0.06 %)
  ASN16_Radon_filter2    chain_eq       100-300 кэВ      Ra-224                                  208.285            208.394 0.109 (+0.05 %)
  ASN16_Radon_filter2    chain_eq       100-300 кэВ      Rn-220                                    3.059              3.051 -0.008 (-0.26 %)
  ASN16_Radon_filter2    chain_eq       100-300 кэВ      Th-228                                   27.321             27.332 0.011 (+0.04 %)
  ASN16_Radon_filter2    chain_eq       100-300 кэВ      Tl-208                                 1788.685           1787.168 -1.517 (-0.08 %)
  ASN16_Radon_filter2    chain_eq       100-300 кэВ      continuum_raw                          6400.235           6398.410 -1.825 (-0.03 %)
  ASN16_Radon_filter2    chain_eq       100-300 кэВ      excess_fit                            14776.338          14776.209 -0.129 (-0.00 %)
  ASN16_Radon_filter2    chain_eq       100-300 кэВ      excess_net                             5241.206           5241.077 -0.129 (-0.00 %)
  ASN16_Radon_filter2    chain_eq       100-300 кэВ      missing_fit                            2739.183           2738.883 -0.300 (-0.01 %)
  ASN16_Radon_filter2    chain_eq       100-300 кэВ      missing_net                            2739.183           2738.883 -0.300 (-0.01 %)
  ASN16_Radon_filter2    chain_eq       100-300 кэВ      model                                  7610.182           7610.353 0.171 (+0.00 %)
  ASN16_Radon_filter2    chain_eq       300-700 кэВ      Ac-228                                  627.424            627.370 -0.054 (-0.01 %)
  ASN16_Radon_filter2    chain_eq       300-700 кэВ      Bi-212                                   72.066             72.234 0.168 (+0.23 %)
  ASN16_Radon_filter2    chain_eq       300-700 кэВ      Pb-212                                   20.129             20.145 0.016 (+0.08 %)
  ASN16_Radon_filter2    chain_eq       300-700 кэВ      Rn-220                                    0.643              0.640 -0.003 (-0.47 %)
  ASN16_Radon_filter2    chain_eq       300-700 кэВ      Tl-208                                  525.058            525.129 0.071 (+0.01 %)
  ASN16_Radon_filter2    chain_eq       300-700 кэВ      continuum_raw                           701.986            702.201 0.215 (+0.03 %)
  ASN16_Radon_filter2    chain_eq       300-700 кэВ      excess_fit                             4389.729           4389.955 0.226 (+0.01 %)
  ASN16_Radon_filter2    chain_eq       300-700 кэВ      excess_net                              634.917            635.143 0.226 (+0.04 %)
  ASN16_Radon_filter2    chain_eq       300-700 кэВ      missing_fit                            1610.014           1610.037 0.023 (+0.00 %)
  ASN16_Radon_filter2    chain_eq       300-700 кэВ      missing_net                            1610.014           1610.037 0.023 (+0.00 %)
  ASN16_Radon_filter2    chain_eq       300-700 кэВ      model                                  1245.401           1245.604 0.203 (+0.02 %)
  ASN16_Radon_filter2    chain_eq       700-1500 кэВ     Ac-228                                  135.851            136.021 0.170 (+0.13 %)
  ASN16_Radon_filter2    chain_eq       700-1500 кэВ     Bi-212                                   23.324             23.451 0.127 (+0.54 %)
  ASN16_Radon_filter2    chain_eq       700-1500 кэВ     Tl-208                                  108.091            107.926 -0.165 (-0.15 %)
  ASN16_Radon_filter2    chain_eq       700-1500 кэВ     continuum_raw                            65.087             64.919 -0.168 (-0.26 %)
  ASN16_Radon_filter2    chain_eq       700-1500 кэВ     excess_fit                             2774.642           2774.744 0.102 (+0.00 %)
  ASN16_Radon_filter2    chain_eq       700-1500 кэВ     excess_net                              158.328            158.430 0.102 (+0.06 %)
  ASN16_Radon_filter2    chain_eq       700-1500 кэВ     missing_fit                            1760.402           1760.360 -0.042 (-0.00 %)
  ASN16_Radon_filter2    chain_eq       700-1500 кэВ     missing_net                            1760.402           1760.360 -0.042 (-0.00 %)
  … и ещё 70 строк

ПЕРЕОБЪЯВЛЕНИЕ ASN16_Radon_filter2 / chain_noeq: 124 расхождений с прежним эталоном (2026-09-18 15:12):
  спектр                 режим          полоса           компонент                                  было              стало              Δ
  ASN16_Radon_filter2    chain_noeq     0-30 кэВ         Pb-212                                11122.624          11122.755 0.131 (+0.00 %)
  ASN16_Radon_filter2    chain_noeq     0-30 кэВ         Ra-224                                  583.495            583.664 0.169 (+0.03 %)
  ASN16_Radon_filter2    chain_noeq     0-30 кэВ         continuum_raw                         11514.499          11515.019 0.520 (+0.00 %)
  ASN16_Radon_filter2    chain_noeq     0-30 кэВ         excess_fit                             3518.245           3518.369 0.124 (+0.00 %)
  ASN16_Radon_filter2    chain_noeq     0-30 кэВ         excess_net                             3518.245           3518.369 0.124 (+0.00 %)
  ASN16_Radon_filter2    chain_noeq     0-30 кэВ         missing_fit                            6612.472           6612.304 -0.168 (-0.00 %)
  ASN16_Radon_filter2    chain_noeq     0-30 кэВ         missing_net                            6612.472           6612.304 -0.168 (-0.00 %)
  ASN16_Radon_filter2    chain_noeq     0-30 кэВ         model                                 11706.121          11706.413 0.292 (+0.00 %)
  ASN16_Radon_filter2    chain_noeq     30-100 кэВ       Pb-212                                26720.226          26720.068 -0.158 (-0.00 %)
  ASN16_Radon_filter2    chain_noeq     30-100 кэВ       Ra-224                                 1434.145           1434.419 0.274 (+0.02 %)
  ASN16_Radon_filter2    chain_noeq     30-100 кэВ       continuum_raw                         23595.765          23597.458 1.693 (+0.01 %)
  ASN16_Radon_filter2    chain_noeq     30-100 кэВ       excess_fit                             4980.287           4980.596 0.309 (+0.01 %)
  ASN16_Radon_filter2    chain_noeq     30-100 кэВ       excess_net                             4940.460           4940.769 0.309 (+0.01 %)
  ASN16_Radon_filter2    chain_noeq     30-100 кэВ       missing_fit                            6199.876           6200.066 0.190 (+0.00 %)
  ASN16_Radon_filter2    chain_noeq     30-100 кэВ       missing_net                            6199.876           6200.066 0.190 (+0.00 %)
  ASN16_Radon_filter2    chain_noeq     30-100 кэВ       model                                 28154.361          28154.480 0.119 (+0.00 %)
  ASN16_Radon_filter2    chain_noeq     100-300 кэВ      Pb-212                                 8155.855           8156.649 0.794 (+0.01 %)
  ASN16_Radon_filter2    chain_noeq     100-300 кэВ      Ra-224                                  720.884            720.840 -0.044 (-0.01 %)
  ASN16_Radon_filter2    chain_noeq     100-300 кэВ      continuum_raw                          3958.518           3959.118 0.600 (+0.02 %)
  ASN16_Radon_filter2    chain_noeq     100-300 кэВ      excess_fit                            14487.547          14488.217 0.670 (+0.00 %)
  ASN16_Radon_filter2    chain_noeq     100-300 кэВ      excess_net                             4952.415           4953.085 0.670 (+0.01 %)
  ASN16_Radon_filter2    chain_noeq     100-300 кэВ      missing_fit                            1183.842           1183.746 -0.096 (-0.01 %)
  ASN16_Radon_filter2    chain_noeq     100-300 кэВ      missing_net                            1183.842           1183.746 -0.096 (-0.01 %)
  ASN16_Radon_filter2    chain_noeq     100-300 кэВ      model                                  8876.732           8877.498 0.766 (+0.01 %)
  ASN16_Radon_filter2    chain_noeq     300-700 кэВ      Pb-212                                  417.680            417.475 -0.205 (-0.05 %)
  ASN16_Radon_filter2    chain_noeq     300-700 кэВ      excess_fit                             4216.778           4216.670 -0.108 (-0.00 %)
  ASN16_Radon_filter2    chain_noeq     300-700 кэВ      excess_net                              461.966            461.858 -0.108 (-0.02 %)
  ASN16_Radon_filter2    chain_noeq     300-700 кэВ      missing_fit                            1683.547           1683.644 0.097 (+0.01 %)
  ASN16_Radon_filter2    chain_noeq     300-700 кэВ      missing_net                            1683.547           1683.644 0.097 (+0.01 %)
  ASN16_Radon_filter2    chain_noeq     300-700 кэВ      model                                   998.917            998.712 -0.205 (-0.02 %)
  ASN16_Radon_filter2    chain_noeq     rates component  Pb-212.count_rate                        15.083             15.078 -0.005 (-0.03 %)
  ASN16_Radon_filter2    chain_noeq     rates component  Pb-212.decision_threshold_ra              0.966              0.966 -0.000181248 (-0.02 %)
  ASN16_Radon_filter2    chain_noeq     rates component  Pb-212.detection_limit_rate               1.944              1.943 -0.000366066 (-0.02 %)
  ASN16_Radon_filter2    chain_noeq     rates component  Pb-212.peak_counts                     9147.339           9146.133 -1.207 (-0.01 %)
  ASN16_Radon_filter2    chain_noeq     rates component  Pb-212.share_pct                         91.236             91.236 -0.000631174 (-0.00 %)
  ASN16_Radon_filter2    chain_noeq     rates component  Pb-212.z                                 23.439             23.436 -0.003 (-0.01 %)
  ASN16_Radon_filter2    chain_noeq     rates component  Ra-224.count_rate                        15.083             15.078 -0.005 (-0.03 %)
  ASN16_Radon_filter2    chain_noeq     rates component  Ra-224.decision_threshold_ra              0.966              0.966 -0.000181248 (-0.02 %)
  ASN16_Radon_filter2    chain_noeq     rates component  Ra-224.detection_limit_rate               1.944              1.943 -0.000366066 (-0.02 %)
  ASN16_Radon_filter2    chain_noeq     rates component  Ra-224.peak_counts                      442.230            442.175 -0.056 (-0.01 %)
  ASN16_Radon_filter2    chain_noeq     rates component  Ra-224.share_pct                          5.383              5.384 0.000696694 (+0.01 %)
  ASN16_Radon_filter2    chain_noeq     rates component  Ra-224.z                                 23.439             23.436 -0.003 (-0.01 %)
  ASN16_Radon_filter2    chain_noeq     rates grey       above_lines.peak_counts                1719.976           1719.976 8.73691e-05 (+0.00 %)
  ASN16_Radon_filter2    chain_noeq     rates grey       above_lines.share_pct                     3.381              3.381 -6.55202e-05 (-0.00 %)
  ASN16_Radon_filter2    chain_noeq     rates grey       residual_excess.count_rate                0.889              0.889 2.8419e-05 (+0.00 %)
  ASN16_Radon_filter2    chain_noeq     rates limit      Ac-228.collinearity                       0.111              0.111 -4.45466e-05 (-0.04 %)
  ASN16_Radon_filter2    chain_noeq     rates limit      Ac-228.decision_threshold_ra              1.625              1.625 -3.26832e-05 (-0.00 %)
  ASN16_Radon_filter2    chain_noeq     rates limit      Ac-228.detection_limit_rate               3.274              3.274 -6.37874e-05 (-0.00 %)
  ASN16_Radon_filter2    chain_noeq     rates limit      Ac-228.limit_peak_counts               1608.923           1609.184 0.262 (+0.02 %)
  ASN16_Radon_filter2    chain_noeq     rates limit      Bi-212.collinearity                       0.069              0.069 -0.000510717 (-0.74 %)
  ASN16_Radon_filter2    chain_noeq     rates limit      Bi-212.decision_threshold_ra              9.575              9.540 -0.035 (-0.36 %)
  ASN16_Radon_filter2    chain_noeq     rates limit      Bi-212.detection_limit_rate              19.521             19.451 -0.070 (-0.36 %)
  ASN16_Radon_filter2    chain_noeq     rates limit      Bi-212.limit_peak_counts                750.315            748.134 -2.181 (-0.29 %)
  ASN16_Radon_filter2    chain_noeq     rates limit      Bi-214.collinearity                       0.320              0.321 0.00040193 (+0.13 %)
  ASN16_Radon_filter2    chain_noeq     rates limit      Bi-214.decision_threshold_ra              1.528              1.527 -0.000495335 (-0.03 %)
  ASN16_Radon_filter2    chain_noeq     rates limit      Bi-214.detection_limit_rate               3.088              3.087 -0.000961641 (-0.03 %)
  ASN16_Radon_filter2    chain_noeq     rates limit      Bi-214.limit_peak_counts                689.284            689.477 0.193 (+0.03 %)
  ASN16_Radon_filter2    chain_noeq     rates limit      Pb-210.collinearity                       0.625              0.625 -2.01492e-05 (-0.00 %)
  ASN16_Radon_filter2    chain_noeq     rates limit      Pb-210.decision_threshold_ra             14.718             14.721 0.003 (+0.02 %)
  ASN16_Radon_filter2    chain_noeq     rates limit      Pb-210.detection_limit_rate              29.658             29.664 0.006 (+0.02 %)
  … и ещё 64 строк

ПЕРЕОБЪЯВЛЕНИЕ G1S24_Rn222Coal_eq01 / sample_eq: 172 расхождений с прежним эталоном (2026-09-18 15:12):
  спектр                 режим          полоса           компонент                                  было              стало              Δ
  G1S24_Rn222Coal_eq01   sample_eq      0-30 кэВ         Bi-212                                  115.065            114.821 -0.244 (-0.21 %)
  G1S24_Rn222Coal_eq01   sample_eq      0-30 кэВ         Bi-214                                  871.285            871.795 0.510 (+0.06 %)
  G1S24_Rn222Coal_eq01   sample_eq      0-30 кэВ         Pb-210                                  163.787            163.779 -0.008 (-0.00 %)
  G1S24_Rn222Coal_eq01   sample_eq      0-30 кэВ         Pb-212                                  121.903            122.051 0.148 (+0.12 %)
  G1S24_Rn222Coal_eq01   sample_eq      0-30 кэВ         Pb-214                                 1073.735           1073.572 -0.163 (-0.02 %)
  G1S24_Rn222Coal_eq01   sample_eq      0-30 кэВ         Ra-224                                    6.651              6.661 0.010 (+0.15 %)
  G1S24_Rn222Coal_eq01   sample_eq      0-30 кэВ         Ra-226                                   51.359             51.379 0.020 (+0.04 %)
  G1S24_Rn222Coal_eq01   sample_eq      0-30 кэВ         Th-228                                    2.484              2.486 0.002 (+0.08 %)
  G1S24_Rn222Coal_eq01   sample_eq      0-30 кэВ         Tl-208                                   78.986             79.075 0.089 (+0.11 %)
  G1S24_Rn222Coal_eq01   sample_eq      0-30 кэВ         continuum_raw                          2097.397           2098.170 0.773 (+0.04 %)
  G1S24_Rn222Coal_eq01   sample_eq      0-30 кэВ         excess_fit                               61.198             61.056 -0.142 (-0.23 %)
  G1S24_Rn222Coal_eq01   sample_eq      0-30 кэВ         excess_net                               56.712             56.570 -0.142 (-0.25 %)
  G1S24_Rn222Coal_eq01   sample_eq      0-30 кэВ         missing_fit                             543.031            542.529 -0.502 (-0.09 %)
  G1S24_Rn222Coal_eq01   sample_eq      0-30 кэВ         missing_net                             543.031            542.529 -0.502 (-0.09 %)
  G1S24_Rn222Coal_eq01   sample_eq      0-30 кэВ         model                                  2486.142           2486.502 0.360 (+0.01 %)
  G1S24_Rn222Coal_eq01   sample_eq      0-30 кэВ         tail                                      8.827              8.864 0.037 (+0.42 %)
  G1S24_Rn222Coal_eq01   sample_eq      30-100 кэВ       Bi-212                                  465.946            465.522 -0.424 (-0.09 %)
  G1S24_Rn222Coal_eq01   sample_eq      30-100 кэВ       Bi-214                                 8013.719           8015.827 2.108 (+0.03 %)
  G1S24_Rn222Coal_eq01   sample_eq      30-100 кэВ       Pb-210                                 2711.452           2710.302 -1.150 (-0.04 %)
  G1S24_Rn222Coal_eq01   sample_eq      30-100 кэВ       Pb-212                                 3990.780           3992.935 2.155 (+0.05 %)
  G1S24_Rn222Coal_eq01   sample_eq      30-100 кэВ       Pb-214                                21759.088          21755.558 -3.530 (-0.02 %)
  G1S24_Rn222Coal_eq01   sample_eq      30-100 кэВ       Ra-224                                   91.143             91.269 0.126 (+0.14 %)
  G1S24_Rn222Coal_eq01   sample_eq      30-100 кэВ       Ra-226                                  850.437            850.308 -0.129 (-0.02 %)
  G1S24_Rn222Coal_eq01   sample_eq      30-100 кэВ       Th-228                                  119.593            119.635 0.042 (+0.04 %)
  G1S24_Rn222Coal_eq01   sample_eq      30-100 кэВ       Tl-208                                  887.168            888.351 1.183 (+0.13 %)
  G1S24_Rn222Coal_eq01   sample_eq      30-100 кэВ       continuum_raw                         11151.865          11166.126 14.261 (+0.13 %)
  G1S24_Rn222Coal_eq01   sample_eq      30-100 кэВ       excess_fit                             4032.000           4033.117 1.117 (+0.03 %)
  G1S24_Rn222Coal_eq01   sample_eq      30-100 кэВ       excess_net                             4032.000           4033.117 1.117 (+0.03 %)
  G1S24_Rn222Coal_eq01   sample_eq      30-100 кэВ       missing_fit                            4752.542           4753.266 0.724 (+0.02 %)
  G1S24_Rn222Coal_eq01   sample_eq      30-100 кэВ       missing_net                            4752.542           4753.266 0.724 (+0.02 %)
  G1S24_Rn222Coal_eq01   sample_eq      30-100 кэВ       model                                 38897.762          38898.155 0.393 (+0.00 %)
  G1S24_Rn222Coal_eq01   sample_eq      30-100 кэВ       other                                     8.436              8.449 0.013 (+0.15 %)
  G1S24_Rn222Coal_eq01   sample_eq      30-100 кэВ       tail                                      0.182              0.184 0.002 (+1.10 %)
  G1S24_Rn222Coal_eq01   sample_eq      100-300 кэВ      Bi-212                                  362.146            362.143 -0.003 (-0.00 %)
  G1S24_Rn222Coal_eq01   sample_eq      100-300 кэВ      Bi-214                                25015.177          25029.075 13.898 (+0.06 %)
  G1S24_Rn222Coal_eq01   sample_eq      100-300 кэВ      Pb-212                                 4693.301           4697.627 4.326 (+0.09 %)
  G1S24_Rn222Coal_eq01   sample_eq      100-300 кэВ      Pb-214                                29321.111          29306.298 -14.813 (-0.05 %)
  G1S24_Rn222Coal_eq01   sample_eq      100-300 кэВ      Ra-224                                  415.328            415.793 0.465 (+0.11 %)
  G1S24_Rn222Coal_eq01   sample_eq      100-300 кэВ      Ra-226                                 2849.478           2849.374 -0.104 (-0.00 %)
  G1S24_Rn222Coal_eq01   sample_eq      100-300 кэВ      Th-228                                   48.898             48.944 0.046 (+0.09 %)
  G1S24_Rn222Coal_eq01   sample_eq      100-300 кэВ      Tl-208                                 2329.932           2330.860 0.928 (+0.04 %)
  G1S24_Rn222Coal_eq01   sample_eq      100-300 кэВ      continuum_raw                         24407.776          24430.757 22.981 (+0.09 %)
  G1S24_Rn222Coal_eq01   sample_eq      100-300 кэВ      excess_fit                             1849.403           1863.709 14.306 (+0.77 %)
  G1S24_Rn222Coal_eq01   sample_eq      100-300 кэВ      excess_net                             1849.403           1863.709 14.306 (+0.77 %)
  G1S24_Rn222Coal_eq01   sample_eq      100-300 кэВ      missing_fit                            2031.105           2040.664 9.559 (+0.47 %)
  G1S24_Rn222Coal_eq01   sample_eq      100-300 кэВ      missing_net                            2031.105           2040.664 9.559 (+0.47 %)
  G1S24_Rn222Coal_eq01   sample_eq      100-300 кэВ      model                                 65064.755          65069.502 4.747 (+0.01 %)
  G1S24_Rn222Coal_eq01   sample_eq      100-300 кэВ      other                                    29.377             29.381 0.004 (+0.01 %)
  G1S24_Rn222Coal_eq01   sample_eq      300-700 кэВ      Bi-212                                  356.273            356.485 0.212 (+0.06 %)
  G1S24_Rn222Coal_eq01   sample_eq      300-700 кэВ      Bi-214                                32507.841          32516.582 8.741 (+0.03 %)
  G1S24_Rn222Coal_eq01   sample_eq      300-700 кэВ      Pb-212                                   90.044             90.067 0.023 (+0.03 %)
  G1S24_Rn222Coal_eq01   sample_eq      300-700 кэВ      Pb-214                                18186.180          18175.517 -10.663 (-0.06 %)
  G1S24_Rn222Coal_eq01   sample_eq      300-700 кэВ      Tl-208                                 2721.451           2722.718 1.267 (+0.05 %)
  G1S24_Rn222Coal_eq01   sample_eq      300-700 кэВ      continuum_raw                         13082.578          13107.326 24.748 (+0.19 %)
  G1S24_Rn222Coal_eq01   sample_eq      300-700 кэВ      excess_fit                             1661.590           1658.954 -2.636 (-0.16 %)
  G1S24_Rn222Coal_eq01   sample_eq      300-700 кэВ      excess_net                             1661.590           1658.954 -2.636 (-0.16 %)
  G1S24_Rn222Coal_eq01   sample_eq      300-700 кэВ      missing_fit                            1895.948           1893.748 -2.200 (-0.12 %)
  G1S24_Rn222Coal_eq01   sample_eq      300-700 кэВ      missing_net                            1895.948           1893.748 -2.200 (-0.12 %)
  G1S24_Rn222Coal_eq01   sample_eq      300-700 кэВ      model                                 53899.819          53899.383 -0.436 (-0.00 %)
  G1S24_Rn222Coal_eq01   sample_eq      300-700 кэВ      other                                    38.025             38.028 0.003 (+0.01 %)
  … и ещё 112 строк

ПЕРЕОБЪЯВЛЕНИЕ G1S24_Rn222Coal_eq01 / sample_noeq: 173 расхождений с прежним эталоном (2026-09-18 15:12):
  спектр                 режим          полоса           компонент                                  было              стало              Δ
  G1S24_Rn222Coal_eq01   sample_noeq    0-30 кэВ         Bi-214                                 1284.563           1285.541 0.978 (+0.08 %)
  G1S24_Rn222Coal_eq01   sample_noeq    0-30 кэВ         Pb-212                                  174.327            174.720 0.393 (+0.23 %)
  G1S24_Rn222Coal_eq01   sample_noeq    0-30 кэВ         Pb-214                                 1360.404           1359.217 -1.187 (-0.09 %)
  G1S24_Rn222Coal_eq01   sample_noeq    0-30 кэВ         Ra-224                                    9.676              9.700 0.024 (+0.25 %)
  G1S24_Rn222Coal_eq01   sample_noeq    0-30 кэВ         Tl-208                                   84.972             84.574 -0.398 (-0.47 %)
  G1S24_Rn222Coal_eq01   sample_noeq    0-30 кэВ         continuum_raw                          2877.067           2877.031 -0.036 (-0.00 %)
  G1S24_Rn222Coal_eq01   sample_noeq    0-30 кэВ         excess_fit                               92.754             92.633 -0.121 (-0.13 %)
  G1S24_Rn222Coal_eq01   sample_noeq    0-30 кэВ         excess_net                               88.268             88.147 -0.121 (-0.14 %)
  G1S24_Rn222Coal_eq01   sample_noeq    0-30 кэВ         missing_fit                             146.785            146.855 0.070 (+0.05 %)
  G1S24_Rn222Coal_eq01   sample_noeq    0-30 кэВ         missing_net                             146.785            146.855 0.070 (+0.05 %)
  G1S24_Rn222Coal_eq01   sample_noeq    0-30 кэВ         model                                  2913.944           2913.753 -0.191 (-0.01 %)
  G1S24_Rn222Coal_eq01   sample_noeq    30-100 кэВ       Bi-214                                 9751.577           9760.208 8.631 (+0.09 %)
  G1S24_Rn222Coal_eq01   sample_noeq    30-100 кэВ       Pb-212                                 4144.172           4153.382 9.210 (+0.22 %)
  G1S24_Rn222Coal_eq01   sample_noeq    30-100 кэВ       Pb-214                                23410.746          23399.239 -11.507 (-0.05 %)
  G1S24_Rn222Coal_eq01   sample_noeq    30-100 кэВ       Ra-224                                  104.408            104.707 0.299 (+0.29 %)
  G1S24_Rn222Coal_eq01   sample_noeq    30-100 кэВ       Tl-208                                  737.940            734.762 -3.178 (-0.43 %)
  G1S24_Rn222Coal_eq01   sample_noeq    30-100 кэВ       continuum_raw                         13934.201          13949.188 14.987 (+0.11 %)
  G1S24_Rn222Coal_eq01   sample_noeq    30-100 кэВ       excess_fit                             1457.318           1461.349 4.031 (+0.28 %)
  G1S24_Rn222Coal_eq01   sample_noeq    30-100 кэВ       excess_net                             1457.318           1461.349 4.031 (+0.28 %)
  G1S24_Rn222Coal_eq01   sample_noeq    30-100 кэВ       missing_fit                            2926.770           2927.359 0.589 (+0.02 %)
  G1S24_Rn222Coal_eq01   sample_noeq    30-100 кэВ       missing_net                            2926.770           2927.359 0.589 (+0.02 %)
  G1S24_Rn222Coal_eq01   sample_noeq    30-100 кэВ       model                                 38148.852          38152.294 3.442 (+0.01 %)
  G1S24_Rn222Coal_eq01   sample_noeq    30-100 кэВ       tail                                      0.293              0.295 0.002 (+0.68 %)
  G1S24_Rn222Coal_eq01   sample_noeq    100-300 кэВ      Bi-214                                26605.417          26630.831 25.414 (+0.10 %)
  G1S24_Rn222Coal_eq01   sample_noeq    100-300 кэВ      Pb-212                                 4859.154           4869.991 10.837 (+0.22 %)
  G1S24_Rn222Coal_eq01   sample_noeq    100-300 кэВ      Pb-214                                31374.751          31344.528 -30.223 (-0.10 %)
  G1S24_Rn222Coal_eq01   sample_noeq    100-300 кэВ      Ra-224                                  430.038            431.086 1.048 (+0.24 %)
  G1S24_Rn222Coal_eq01   sample_noeq    100-300 кэВ      Tl-208                                 1815.481           1806.227 -9.254 (-0.51 %)
  G1S24_Rn222Coal_eq01   sample_noeq    100-300 кэВ      continuum_raw                         25653.743          25666.330 12.587 (+0.05 %)
  G1S24_Rn222Coal_eq01   sample_noeq    100-300 кэВ      excess_fit                             1026.145           1024.861 -1.284 (-0.13 %)
  G1S24_Rn222Coal_eq01   sample_noeq    100-300 кэВ      excess_net                             1026.145           1024.861 -1.284 (-0.13 %)
  G1S24_Rn222Coal_eq01   sample_noeq    100-300 кэВ      missing_fit                            1187.757           1188.648 0.891 (+0.08 %)
  G1S24_Rn222Coal_eq01   sample_noeq    100-300 кэВ      missing_net                            1187.757           1188.648 0.891 (+0.08 %)
  G1S24_Rn222Coal_eq01   sample_noeq    100-300 кэВ      model                                 65084.845          65082.670 -2.175 (-0.00 %)
  G1S24_Rn222Coal_eq01   sample_noeq    300-700 кэВ      Bi-214                                33198.181          33226.672 28.491 (+0.09 %)
  G1S24_Rn222Coal_eq01   sample_noeq    300-700 кэВ      Pb-212                                   86.329             86.473 0.144 (+0.17 %)
  G1S24_Rn222Coal_eq01   sample_noeq    300-700 кэВ      Pb-214                                18678.707          18663.428 -15.279 (-0.08 %)
  G1S24_Rn222Coal_eq01   sample_noeq    300-700 кэВ      Tl-208                                 2038.595           2028.475 -10.120 (-0.50 %)
  G1S24_Rn222Coal_eq01   sample_noeq    300-700 кэВ      continuum_raw                         12350.053          12375.084 25.031 (+0.20 %)
  G1S24_Rn222Coal_eq01   sample_noeq    300-700 кэВ      excess_fit                             1773.523           1774.234 0.711 (+0.04 %)
  G1S24_Rn222Coal_eq01   sample_noeq    300-700 кэВ      excess_net                             1773.523           1774.234 0.711 (+0.04 %)
  G1S24_Rn222Coal_eq01   sample_noeq    300-700 кэВ      missing_fit                            1905.878           1903.358 -2.520 (-0.13 %)
  G1S24_Rn222Coal_eq01   sample_noeq    300-700 кэВ      missing_net                            1905.878           1903.358 -2.520 (-0.13 %)
  G1S24_Rn222Coal_eq01   sample_noeq    300-700 кэВ      model                                 54001.822          54005.053 3.231 (+0.01 %)
  G1S24_Rn222Coal_eq01   sample_noeq    700-1500 кэВ     Bi-214                                20330.982          20332.949 1.967 (+0.01 %)
  G1S24_Rn222Coal_eq01   sample_noeq    700-1500 кэВ     Pb-214                                  337.423            336.897 -0.526 (-0.16 %)
  G1S24_Rn222Coal_eq01   sample_noeq    700-1500 кэВ     Tl-208                                  939.031            936.458 -2.573 (-0.27 %)
  G1S24_Rn222Coal_eq01   sample_noeq    700-1500 кэВ     continuum_raw                          7730.246           7711.384 -18.862 (-0.24 %)
  G1S24_Rn222Coal_eq01   sample_noeq    700-1500 кэВ     excess_fit                             1335.977           1335.723 -0.254 (-0.02 %)
  G1S24_Rn222Coal_eq01   sample_noeq    700-1500 кэВ     excess_net                             1335.977           1335.723 -0.254 (-0.02 %)
  G1S24_Rn222Coal_eq01   sample_noeq    700-1500 кэВ     missing_fit                            1540.362           1541.250 0.888 (+0.06 %)
  G1S24_Rn222Coal_eq01   sample_noeq    700-1500 кэВ     missing_net                            1540.362           1541.250 0.888 (+0.06 %)
  G1S24_Rn222Coal_eq01   sample_noeq    700-1500 кэВ     model                                 21607.441          21606.299 -1.142 (-0.01 %)
  G1S24_Rn222Coal_eq01   sample_noeq    1500-3000 кэВ    Bi-214                                 4919.452           4923.888 4.436 (+0.09 %)
  G1S24_Rn222Coal_eq01   sample_noeq    1500-3000 кэВ    Tl-208                                 1231.412           1228.593 -2.819 (-0.23 %)
  G1S24_Rn222Coal_eq01   sample_noeq    1500-3000 кэВ    continuum_raw                          1648.028           1648.941 0.913 (+0.06 %)
  G1S24_Rn222Coal_eq01   sample_noeq    1500-3000 кэВ    excess_fit                              964.313            965.122 0.809 (+0.08 %)
  G1S24_Rn222Coal_eq01   sample_noeq    1500-3000 кэВ    excess_net                              864.241            865.050 0.809 (+0.09 %)
  G1S24_Rn222Coal_eq01   sample_noeq    1500-3000 кэВ    missing_fit                             895.668            894.853 -0.815 (-0.09 %)
  G1S24_Rn222Coal_eq01   sample_noeq    1500-3000 кэВ    missing_net                             895.668            894.853 -0.815 (-0.09 %)
  … и ещё 113 строк
  ASN16_Cs137_10cm / sample_nomatrix: числа те же, что в эталоне 2026-09-18 15:12 (переписано клеймо)

ЭТАЛОН ОБЪЯВЛЕН 2026-09-18 23:58 (HEAD d5ba8495): 9 пар, из них с изменившимися числами 8 — C:\Users\moroz\source\repos\BQ Eng res .NET 4.8\tools\fsa_showcase\reference
эталон переобъявлен — diff выше в отчёт полосы; файлы reference\*.json — в коммит
