Матрицы отклика понятной части корпуса (B1)
сетка: 140 узлов 5-3000 кэВ, бин 2 кэВ, 3000000 историй на узел
останов по шуму ВЫКЛЮЧЕН — плоский счёт (T35)

== AS80_lu_front ==
   клеймо   : phys=19;dbe8088d71efa8cce427d81d524c92db7d62701ab9f38e9b0f6f7cf102ffdbd1
   время    : 350.0 с на часах, ядер 9.7 из 10
   счёт     : 3395.5 с ЦП, 7.97 мкс на историю  <- сравнивать надо ЭТО
   сетка κ  : 200000 точек по 2 истории — в «мкс на историю» НЕ входят (замер узлов — с --jnodes=0)
   обход    : на историю 15.2 шага границ, 15.3 поиска области, 8.8 интерполяции μ, 4.27 сбора пересечений
   шум конт.: взвешенная 0.82 %  тихо
   Q_k      : узлов 142; у 657.0 кэВ Q2 0.7221 ± 0.0005, Q4 0.2980 ± 0.0010, Q2T 0.6013, Q4T 0.1871; худший шум Q_k 0.2092
   раскладка: D:\BqMoni_Claude\p97\art\dumps\store-AS80_lu_front.csv
   файл     : D:\BqMoni_Claude\p97\store\AS80_lu_front.rmx (0.6 МБ)

== AS80_point0 ==
   клеймо   : phys=19;3a98cd7b7dc1d679eaec8c6c87473211e9b5e1e7b310e98d8917b2ffc45d9ab8
   время    : 216.2 с на часах, ядер 9.8 из 10
   счёт     : 2124.0 с ЦП, 5.06 мкс на историю  <- сравнивать надо ЭТО
   сетка κ  : 200000 точек по 2 истории — в «мкс на историю» НЕ входят (замер узлов — с --jnodes=0)
   обход    : на историю 8.3 шага границ, 8.6 поиска области, 3.8 интерполяции μ, 3.03 сбора пересечений
   шум конт.: взвешенная 0.59 %  тихо
   Q_k      : узлов 140; у 657.0 кэВ Q2 0.6352 ± 0.0005, Q4 0.1616 ± 0.0010, Q2T 0.5068, Q4T 0.0835; худший шум Q_k 0.0560
   раскладка: D:\BqMoni_Claude\p97\art\dumps\store-AS80_point0.csv
   файл     : D:\BqMoni_Claude\p97\store\AS80_point0.rmx (0.6 МБ)

== AS80_th_disk ==
   клеймо   : phys=19;77b910474a164e8c7fa8360f43bc25a28caafdbe1919943a1e22ac9f05e61f44
   время    : 394.4 с на часах, ядер 9.8 из 10
   счёт     : 3848.8 с ЦП, 8.79 мкс на историю  <- сравнивать надо ЭТО
   сетка κ  : 200000 точек по 2 истории — в «мкс на историю» НЕ входят (замер узлов — с --jnodes=0)
   обход    : на историю 12.8 шага границ, 12.8 поиска области, 6.7 интерполяции μ, 4.50 сбора пересечений
   шум конт.: взвешенная 0.76 %  тихо
   Q_k      : узлов 146; у 657.0 кэВ Q2 0.6784 ± 0.0005, Q4 0.2240 ± 0.0010, Q2T 0.5085, Q4T 0.1230; худший шум Q_k 0.1649
   раскладка: D:\BqMoni_Claude\p97\art\dumps\store-AS80_th_disk.csv
   файл     : D:\BqMoni_Claude\p97\store\AS80_th_disk.rmx (0.6 МБ)

== ASN16_lu_side ==
   клеймо   : phys=19;468681dfdea4d4a1fd43fac2506b08f5b06ed32ed5d30d2e1f837430cca9d343
   время    : 299.0 с на часах, ядер 9.7 из 10
   счёт     : 2900.8 с ЦП, 6.81 мкс на историю  <- сравнивать надо ЭТО
   сетка κ  : 200000 точек по 2 истории — в «мкс на историю» НЕ входят (замер узлов — с --jnodes=0)
   обход    : на историю 12.5 шага границ, 12.5 поиска области, 6.6 интерполяции μ, 4.19 сбора пересечений
   шум конт.: взвешенная 0.98 %  тихо
   Q_k      : узлов 142; у 657.0 кэВ Q2 0.4840 ± 0.0017, Q4 0.1417 ± 0.0018, Q2T 0.4194, Q4T 0.1026; худший шум Q_k 0.0993
   раскладка: D:\BqMoni_Claude\p97\art\dumps\store-ASN16_lu_side.csv
   файл     : D:\BqMoni_Claude\p97\store\ASN16_lu_side.rmx (0.6 МБ)

== G1S_denta100_oisn10_100_p16 ==
   клеймо   : phys=19;67063c0f0c402daecaafe3572e933d98ee538621885b9d9fa5f1aaedefb1c6aa
   время    : 433.7 с на часах, ядер 9.7 из 10
   счёт     : 4216.7 с ЦП, 9.90 мкс на историю  <- сравнивать надо ЭТО
   сетка κ  : 200000 точек по 2 истории — в «мкс на историю» НЕ входят (замер узлов — с --jnodes=0)
   обход    : на историю 12.8 шага границ, 13.4 поиска области, 8.0 интерполяции μ, 3.87 сбора пересечений
   шум конт.: взвешенная 0.72 %  тихо
   Q_k      : узлов 142; у 657.0 кэВ Q2 0.6243 ± 0.0006, Q4 0.1882 ± 0.0009, Q2T 0.5235, Q4T 0.0999; худший шум Q_k 0.0396
   раскладка: D:\BqMoni_Claude\p97\art\dumps\store-G1S_denta100_oisn10_100_p16.csv
   файл     : D:\BqMoni_Claude\p97\store\G1S_denta100_oisn10_100_p16.rmx (0.6 МБ)

== G1S_denta100_risn379_100_p16 ==
   клеймо   : phys=19;a4592d6e109faa620cb9095d11746f981cb2eb43ad49eb98127b2846f0278ea4
   время    : 478.5 с на часах, ядер 9.8 из 10
   счёт     : 4669.3 с ЦП, 11.12 мкс на историю  <- сравнивать надо ЭТО
   сетка κ  : 200000 точек по 2 истории — в «мкс на историю» НЕ входят (замер узлов — с --jnodes=0)
   обход    : на историю 13.3 шага границ, 14.0 поиска области, 8.3 интерполяции μ, 3.80 сбора пересечений
   шум конт.: взвешенная 0.63 %  тихо
   Q_k      : узлов 140; у 657.0 кэВ Q2 0.6256 ± 0.0006, Q4 0.1894 ± 0.0009, Q2T 0.5228, Q4T 0.0999; худший шум Q_k 0.0264
   раскладка: D:\BqMoni_Claude\p97\art\dumps\store-G1S_denta100_risn379_100_p16.csv
   файл     : D:\BqMoni_Claude\p97\store\G1S_denta100_risn379_100_p16.rmx (0.6 МБ)

== G1S_denta120_oisn06_057_p24 ==
   клеймо   : phys=19;c4459cdd753f2ab8ab79f62d752c8390e791537c6f71a3bd7b12ddf4b36a81d6
   время    : 441.0 с на часах, ядер 9.7 из 10
   счёт     : 4299.1 с ЦП, 10.09 мкс на историю  <- сравнивать надо ЭТО
   сетка κ  : 200000 точек по 2 истории — в «мкс на историю» НЕ входят (замер узлов — с --jnodes=0)
   обход    : на историю 13.6 шага границ, 14.3 поиска области, 8.7 интерполяции μ, 3.70 сбора пересечений
   шум конт.: взвешенная 0.70 %  тихо
   Q_k      : узлов 142; у 657.0 кэВ Q2 0.6433 ± 0.0006, Q4 0.2168 ± 0.0009, Q2T 0.5582, Q4T 0.1315; худший шум Q_k 0.0513
   раскладка: D:\BqMoni_Claude\p97\art\dumps\store-G1S_denta120_oisn06_057_p24.csv
   файл     : D:\BqMoni_Claude\p97\store\G1S_denta120_oisn06_057_p24.rmx (0.6 МБ)

== G1S_denta120_oisn06_062_p24 ==
   клеймо   : phys=19;e73e6b5d8c54f7b5240c7ef854d71193c78ce474738db19f790be7c7325e195c
   время    : 441.1 с на часах, ядер 9.7 из 10
   счёт     : 4300.4 с ЦП, 10.09 мкс на историю  <- сравнивать надо ЭТО
   сетка κ  : 200000 точек по 2 истории — в «мкс на историю» НЕ входят (замер узлов — с --jnodes=0)
   обход    : на историю 13.5 шага границ, 14.2 поиска области, 8.6 интерполяции μ, 3.72 сбора пересечений
   шум конт.: взвешенная 0.70 %  тихо
   Q_k      : узлов 142; у 657.0 кэВ Q2 0.6424 ± 0.0006, Q4 0.2157 ± 0.0009, Q2T 0.5560, Q4T 0.1299; худший шум Q_k 0.0534
   раскладка: D:\BqMoni_Claude\p97\art\dumps\store-G1S_denta120_oisn06_062_p24.csv
   файл     : D:\BqMoni_Claude\p97\store\G1S_denta120_oisn06_062_p24.rmx (0.6 МБ)

== G1S_denta120_oisn06_064_p24 ==
   клеймо   : phys=19;b9aa2596233b0e17cbd9758fbfb31e5fb809ac855d8abfaddb1decfd3a3199b0
   время    : 430.6 с на часах, ядер 9.7 из 10
   счёт     : 4194.9 с ЦП, 9.85 мкс на историю  <- сравнивать надо ЭТО
   сетка κ  : 200000 точек по 2 истории — в «мкс на историю» НЕ входят (замер узлов — с --jnodes=0)
   обход    : на историю 13.5 шага границ, 14.2 поиска области, 8.6 интерполяции μ, 3.73 сбора пересечений
   шум конт.: взвешенная 0.70 %  тихо
   Q_k      : узлов 142; у 657.0 кэВ Q2 0.6424 ± 0.0006, Q4 0.2159 ± 0.0009, Q2T 0.5550, Q4T 0.1296; худший шум Q_k 0.0543
   раскладка: D:\BqMoni_Claude\p97\art\dumps\store-G1S_denta120_oisn06_064_p24.csv
   файл     : D:\BqMoni_Claude\p97\store\G1S_denta120_oisn06_064_p24.rmx (0.6 МБ)

== G1S_denta120_oisn06_066_p24 ==
   клеймо   : phys=19;6f77fea07624732dfcedf9ce1ddebdb6c6d41a337a9a18301c0c079355754ba5
   время    : 441.9 с на часах, ядер 9.8 из 10
   счёт     : 4312.4 с ЦП, 10.12 мкс на историю  <- сравнивать надо ЭТО
   сетка κ  : 200000 точек по 2 истории — в «мкс на историю» НЕ входят (замер узлов — с --jnodes=0)
   обход    : на историю 13.5 шага границ, 14.2 поиска области, 8.6 интерполяции μ, 3.73 сбора пересечений
   шум конт.: взвешенная 0.69 %  тихо
   Q_k      : узлов 142; у 657.0 кэВ Q2 0.6424 ± 0.0006, Q4 0.2158 ± 0.0009, Q2T 0.5546, Q4T 0.1294; худший шум Q_k 0.0549
   раскладка: D:\BqMoni_Claude\p97\art\dumps\store-G1S_denta120_oisn06_066_p24.csv
   файл     : D:\BqMoni_Claude\p97\store\G1S_denta120_oisn06_066_p24.rmx (0.6 МБ)

== G1S_denta120_oisn16_155_p24 ==
   клеймо   : phys=19;e3ed12fadc23b39e53b0a3fff35fc7c7995b21ae44489588b1f47d559cf719fb
   время    : 431.5 с на часах, ядер 9.7 из 10
   счёт     : 4191.7 с ЦП, 9.84 мкс на историю  <- сравнивать надо ЭТО
   сетка κ  : 200000 точек по 2 истории — в «мкс на историю» НЕ входят (замер узлов — с --jnodes=0)
   обход    : на историю 12.4 шага границ, 12.9 поиска области, 7.7 интерполяции μ, 4.04 сбора пересечений
   шум конт.: взвешенная 0.78 %  тихо
   Q_k      : узлов 142; у 657.0 кэВ Q2 0.6366 ± 0.0007, Q4 0.2097 ± 0.0009, Q2T 0.5294, Q4T 0.1167; худший шум Q_k 0.0383
   раскладка: D:\BqMoni_Claude\p97\art\dumps\store-G1S_denta120_oisn16_155_p24.csv
   файл     : D:\BqMoni_Claude\p97\store\G1S_denta120_oisn16_155_p24.rmx (0.6 МБ)

== G1S_denta120_oisn16_160_p24 ==
   клеймо   : phys=19;99af57a2653d281eaf96455b2c983b7884728d7d9de0309c38edc746326cb7a0
   время    : 433.9 с на часах, ядер 9.7 из 10
   счёт     : 4224.7 с ЦП, 9.92 мкс на историю  <- сравнивать надо ЭТО
   сетка κ  : 200000 точек по 2 истории — в «мкс на историю» НЕ входят (замер узлов — с --jnodes=0)
   обход    : на историю 12.4 шага границ, 12.9 поиска области, 7.7 интерполяции μ, 4.05 сбора пересечений
   шум конт.: взвешенная 0.77 %  тихо
   Q_k      : узлов 142; у 657.0 кэВ Q2 0.6361 ± 0.0007, Q4 0.2091 ± 0.0009, Q2T 0.5278, Q4T 0.1160; худший шум Q_k 0.0387
   раскладка: D:\BqMoni_Claude\p97\art\dumps\store-G1S_denta120_oisn16_160_p24.csv
   файл     : D:\BqMoni_Claude\p97\store\G1S_denta120_oisn16_160_p24.rmx (0.6 МБ)

== G1S_denta120_oisn16_166_p24 ==
   клеймо   : phys=19;4b4ed2329b5510546439fa18270607e39693eab73305a5f6ff6b5fa7f1ff5d61
   время    : 433.6 с на часах, ядер 9.7 из 10
   счёт     : 4223.0 с ЦП, 9.91 мкс на историю  <- сравнивать надо ЭТО
   сетка κ  : 200000 точек по 2 истории — в «мкс на историю» НЕ входят (замер узлов — с --jnodes=0)
   обход    : на историю 12.3 шага границ, 12.9 поиска области, 7.6 интерполяции μ, 4.06 сбора пересечений
   шум конт.: взвешенная 0.77 %  тихо
   Q_k      : узлов 142; у 657.0 кэВ Q2 0.6367 ± 0.0007, Q4 0.2102 ± 0.0009, Q2T 0.5270, Q4T 0.1157; худший шум Q_k 0.0394
   раскладка: D:\BqMoni_Claude\p97\art\dumps\store-G1S_denta120_oisn16_166_p24.csv
   файл     : D:\BqMoni_Claude\p97\store\G1S_denta120_oisn16_166_p24.rmx (0.6 МБ)

== G1S_denta120_oisn16_167_p24 ==
   клеймо   : phys=19;a0207783d58cff260b9c431a49d959960511e599dca01de91061a5a15d861cd0
   время    : 433.0 с на часах, ядер 9.7 из 10
   счёт     : 4219.3 с ЦП, 9.90 мкс на историю  <- сравнивать надо ЭТО
   сетка κ  : 200000 точек по 2 истории — в «мкс на историю» НЕ входят (замер узлов — с --jnodes=0)
   обход    : на историю 12.3 шага границ, 12.9 поиска области, 7.6 интерполяции μ, 4.06 сбора пересечений
   шум конт.: взвешенная 0.77 %  тихо
   Q_k      : узлов 142; у 657.0 кэВ Q2 0.6365 ± 0.0007, Q4 0.2098 ± 0.0009, Q2T 0.5266, Q4T 0.1152; худший шум Q_k 0.0395
   раскладка: D:\BqMoni_Claude\p97\art\dumps\store-G1S_denta120_oisn16_167_p24.csv
   файл     : D:\BqMoni_Claude\p97\store\G1S_denta120_oisn16_167_p24.rmx (0.6 МБ)

== G1S_mar1l_coal_046_p24 ==
   клеймо   : phys=19;9dd0c852563a803d9cf7dfa520c4d46a00b65b6156423a0850e8d1155f21797b
   время    : 433.1 с на часах, ядер 9.8 из 10
   счёт     : 4264.9 с ЦП, 10.15 мкс на историю  <- сравнивать надо ЭТО
   сетка κ  : 200000 точек по 2 истории — в «мкс на историю» НЕ входят (замер узлов — с --jnodes=0)
   обход    : на историю 19.3 шага границ, 19.9 поиска области, 11.3 интерполяции μ, 3.70 сбора пересечений
   шум конт.: взвешенная 0.81 %  тихо
   Q_k      : узлов 140; у 657.0 кэВ Q2 0.7751 ± 0.0004, Q4 0.4154 ± 0.0007, Q2T 0.7252, Q4T 0.3292; худший шум Q_k 0.0575
   раскладка: D:\BqMoni_Claude\p97\art\dumps\store-G1S_mar1l_coal_046_p24.csv
   файл     : D:\BqMoni_Claude\p97\store\G1S_mar1l_coal_046_p24.rmx (0.6 МБ)

== G1S_mar1l_oisn06_055_p16 ==
   клеймо   : phys=19;80e6cf8e6c76be9df66c3c8b1716d3f216fd96965ea1a494ca6ccab3011aa0cf
   время    : 464.7 с на часах, ядер 9.8 из 10
   счёт     : 4563.0 с ЦП, 10.86 мкс на историю  <- сравнивать надо ЭТО
   сетка κ  : 200000 точек по 2 истории — в «мкс на историю» НЕ входят (замер узлов — с --jnodes=0)
   обход    : на историю 19.2 шага границ, 19.8 поиска области, 11.2 интерполяции μ, 3.77 сбора пересечений
   шум конт.: взвешенная 0.79 %  тихо
   Q_k      : узлов 140; у 657.0 кэВ Q2 0.7743 ± 0.0004, Q4 0.4142 ± 0.0007, Q2T 0.7232, Q4T 0.3265; худший шум Q_k 0.0348
   раскладка: D:\BqMoni_Claude\p97\art\dumps\store-G1S_mar1l_oisn06_055_p16.csv
   файл     : D:\BqMoni_Claude\p97\store\G1S_mar1l_oisn06_055_p16.rmx (0.6 МБ)

== G1S_mar1l_oisn06_057_p16 ==
   клеймо   : phys=19;0a5693713003451159bb12f4c6c0d463c83f74d36272fd4185e1736171aa58c1
   время    : 453.2 с на часах, ядер 9.8 из 10
   счёт     : 4458.9 с ЦП, 10.62 мкс на историю  <- сравнивать надо ЭТО
   сетка κ  : 200000 точек по 2 истории — в «мкс на историю» НЕ входят (замер узлов — с --jnodes=0)
   обход    : на историю 19.2 шага границ, 19.7 поиска области, 11.2 интерполяции μ, 3.78 сбора пересечений
   шум конт.: взвешенная 0.78 %  тихо
   Q_k      : узлов 140; у 657.0 кэВ Q2 0.7746 ± 0.0004, Q4 0.4147 ± 0.0007, Q2T 0.7228, Q4T 0.3261; худший шум Q_k 0.0359
   раскладка: D:\BqMoni_Claude\p97\art\dumps\store-G1S_mar1l_oisn06_057_p16.csv
   файл     : D:\BqMoni_Claude\p97\store\G1S_mar1l_oisn06_057_p16.rmx (0.6 МБ)

== G1S_mar1l_oisn06_057_p24 ==
   клеймо   : phys=19;34a4cf0513bd88b6693239801e711bf6085f1307f53dde41fcaca1f4e0a94b35
   время    : 490.3 с на часах, ядер 9.7 из 10
   счёт     : 4767.1 с ЦП, 11.19 мкс на историю  <- сравнивать надо ЭТО
   сетка κ  : 200000 точек по 2 истории — в «мкс на историю» НЕ входят (замер узлов — с --jnodes=0)
   обход    : на историю 18.3 шага границ, 18.8 поиска области, 10.8 интерполяции μ, 3.86 сбора пересечений
   шум конт.: взвешенная 0.85 %  тихо
   Q_k      : узлов 142; у 657.0 кэВ Q2 0.7751 ± 0.0004, Q4 0.4152 ± 0.0007, Q2T 0.7229, Q4T 0.3262; худший шум Q_k 0.0399
   раскладка: D:\BqMoni_Claude\p97\art\dumps\store-G1S_mar1l_oisn06_057_p24.csv
   файл     : D:\BqMoni_Claude\p97\store\G1S_mar1l_oisn06_057_p24.rmx (0.6 МБ)

== G1S_mar1l_oisn06_062_p16 ==
   клеймо   : phys=19;2ae3e7825a7ee6bc96d8d0a7b7f578cc849e92a23120a2046df9caa022e66acb
   время    : 496.2 с на часах, ядер 9.8 из 10
   счёт     : 4866.5 с ЦП, 11.59 мкс на историю  <- сравнивать надо ЭТО
   сетка κ  : 200000 точек по 2 истории — в «мкс на историю» НЕ входят (замер узлов — с --jnodes=0)
   обход    : на историю 19.2 шага границ, 19.7 поиска области, 11.2 интерполяции μ, 3.80 сбора пересечений
   шум конт.: взвешенная 0.77 %  тихо
   Q_k      : узлов 140; у 657.0 кэВ Q2 0.7748 ± 0.0004, Q4 0.4147 ± 0.0007, Q2T 0.7219, Q4T 0.3250; худший шум Q_k 0.0383
   раскладка: D:\BqMoni_Claude\p97\art\dumps\store-G1S_mar1l_oisn06_062_p16.csv
   файл     : D:\BqMoni_Claude\p97\store\G1S_mar1l_oisn06_062_p16.rmx (0.6 МБ)

== G1S_mar1l_oisn06_062_p24 ==
   клеймо   : phys=19;2c6ca564b14301be879a3c154a01817e18cfa5e3adfa7124906133688d1a1d7d
   время    : 490.3 с на часах, ядер 9.7 из 10
   счёт     : 4768.9 с ЦП, 11.19 мкс на историю  <- сравнивать надо ЭТО
   сетка κ  : 200000 точек по 2 истории — в «мкс на историю» НЕ входят (замер узлов — с --jnodes=0)
   обход    : на историю 18.2 шага границ, 18.7 поиска области, 10.7 интерполяции μ, 3.88 сбора пересечений
   шум конт.: взвешенная 0.84 %  тихо
   Q_k      : узлов 142; у 657.0 кэВ Q2 0.7746 ± 0.0004, Q4 0.4140 ± 0.0007, Q2T 0.7221, Q4T 0.3248; худший шум Q_k 0.0419
   раскладка: D:\BqMoni_Claude\p97\art\dumps\store-G1S_mar1l_oisn06_062_p24.csv
   файл     : D:\BqMoni_Claude\p97\store\G1S_mar1l_oisn06_062_p24.rmx (0.6 МБ)

== G1S_mar1l_oisn06_064_p24 ==
   клеймо   : phys=19;bd97528469aaef8175a06faafb450e4c28dc168b533b656e221108ba31c50800
   время    : 491.2 с на часах, ядер 9.7 из 10
   счёт     : 4785.6 с ЦП, 11.23 мкс на историю  <- сравнивать надо ЭТО
   сетка κ  : 200000 точек по 2 истории — в «мкс на историю» НЕ входят (замер узлов — с --jnodes=0)
   обход    : на историю 18.2 шага границ, 18.7 поиска области, 10.7 интерполяции μ, 3.89 сбора пересечений
   шум конт.: взвешенная 0.84 %  тихо
   Q_k      : узлов 142; у 657.0 кэВ Q2 0.7750 ± 0.0004, Q4 0.4148 ± 0.0007, Q2T 0.7216, Q4T 0.3244; худший шум Q_k 0.0431
   раскладка: D:\BqMoni_Claude\p97\art\dumps\store-G1S_mar1l_oisn06_064_p24.csv
   файл     : D:\BqMoni_Claude\p97\store\G1S_mar1l_oisn06_064_p24.rmx (0.6 МБ)

== G1S_mar1l_oisn06_066_p16 ==
   клеймо   : phys=19;fc447fb131c7de529b194c12e4a8cf5b1685ef6277e26bfda3a2fb901d8f6ff2
   время    : 464.0 с на часах, ядер 9.8 из 10
   счёт     : 4567.8 с ЦП, 10.88 мкс на историю  <- сравнивать надо ЭТО
   сетка κ  : 200000 точек по 2 истории — в «мкс на историю» НЕ входят (замер узлов — с --jnodes=0)
   обход    : на историю 19.2 шага границ, 19.7 поиска области, 11.1 интерполяции μ, 3.83 сбора пересечений
   шум конт.: взвешенная 0.77 %  тихо
   Q_k      : узлов 140; у 657.0 кэВ Q2 0.7743 ± 0.0004, Q4 0.4140 ± 0.0007, Q2T 0.7210, Q4T 0.3236; худший шум Q_k 0.0395
   раскладка: D:\BqMoni_Claude\p97\art\dumps\store-G1S_mar1l_oisn06_066_p16.csv
   файл     : D:\BqMoni_Claude\p97\store\G1S_mar1l_oisn06_066_p16.rmx (0.6 МБ)

== G1S_mar1l_oisn06_066_p24 ==
   клеймо   : phys=19;0eb09ea5b703aee0a4f6ff443087a02bc26ecfaee40134f19c69452816c3f5ce
   время    : 544.3 с на часах, ядер 9.6 из 10
   счёт     : 5251.0 с ЦП, 12.33 мкс на историю  <- сравнивать надо ЭТО
   сетка κ  : 200000 точек по 2 истории — в «мкс на историю» НЕ входят (замер узлов — с --jnodes=0)
   обход    : на историю 18.2 шага границ, 18.7 поиска области, 10.7 интерполяции μ, 3.90 сбора пересечений
   шум конт.: взвешенная 0.84 %  тихо
   Q_k      : узлов 142; у 657.0 кэВ Q2 0.7745 ± 0.0004, Q4 0.4143 ± 0.0007, Q2T 0.7212, Q4T 0.3240; худший шум Q_k 0.0465
   раскладка: D:\BqMoni_Claude\p97\art\dumps\store-G1S_mar1l_oisn06_066_p24.csv
   файл     : D:\BqMoni_Claude\p97\store\G1S_mar1l_oisn06_066_p24.rmx (0.6 МБ)

== G1S_mar1l_oisn16_155_p16 ==
   клеймо   : phys=19;a48236a35ac16650df6cd9037d230146ab2529cdf2254859d6adee97a9091473
   время    : 516.3 с на часах, ядер 9.7 из 10
   счёт     : 5021.0 с ЦП, 11.79 мкс на историю  <- сравнивать надо ЭТО
   сетка κ  : 200000 точек по 2 истории — в «мкс на историю» НЕ входят (замер узлов — с --jnodes=0)
   обход    : на историю 16.4 шага границ, 16.8 поиска области, 9.5 интерполяции μ, 4.29 сбора пересечений
   шум конт.: взвешенная 0.91 %  тихо
   Q_k      : узлов 142; у 657.0 кэВ Q2 0.7723 ± 0.0004, Q4 0.4102 ± 0.0007, Q2T 0.7081, Q4T 0.3075; худший шум Q_k 0.0996
   раскладка: D:\BqMoni_Claude\p97\art\dumps\store-G1S_mar1l_oisn16_155_p16.csv
   файл     : D:\BqMoni_Claude\p97\store\G1S_mar1l_oisn16_155_p16.rmx (0.6 МБ)

== G1S_mar1l_oisn16_155_p24 ==
   клеймо   : phys=19;7ffcce1cc2dee08327cd4fd39bddc4b0151fc5601765ad3fff5f8c956dd72a54
   время    : 541.4 с на часах, ядер 9.7 из 10
   счёт     : 5250.8 с ЦП, 12.33 мкс на историю  <- сравнивать надо ЭТО
   сетка κ  : 200000 точек по 2 истории — в «мкс на историю» НЕ входят (замер узлов — с --jnodes=0)
   обход    : на историю 16.4 шага границ, 16.7 поиска области, 9.4 интерполяции μ, 4.29 сбора пересечений
   шум конт.: взвешенная 0.92 %  тихо
   Q_k      : узлов 142; у 657.0 кэВ Q2 0.7721 ± 0.0004, Q4 0.4098 ± 0.0007, Q2T 0.7080, Q4T 0.3073; худший шум Q_k 0.1136
   раскладка: D:\BqMoni_Claude\p97\art\dumps\store-G1S_mar1l_oisn16_155_p24.csv
   файл     : D:\BqMoni_Claude\p97\store\G1S_mar1l_oisn16_155_p24.rmx (0.6 МБ)

== G1S_mar1l_oisn16_160_p16 ==
   клеймо   : phys=19;abe0dee9d57b41ef50c734b71806cfe774b6ac097d94a2b6bb32615c177c9d78
   время    : 514.2 с на часах, ядер 9.7 из 10
   счёт     : 4982.2 с ЦП, 11.70 мкс на историю  <- сравнивать надо ЭТО
   сетка κ  : 200000 точек по 2 истории — в «мкс на историю» НЕ входят (замер узлов — с --jnodes=0)
   обход    : на историю 16.4 шага границ, 16.8 поиска области, 9.4 интерполяции μ, 4.31 сбора пересечений
   шум конт.: взвешенная 0.91 %  тихо
   Q_k      : узлов 142; у 657.0 кэВ Q2 0.7722 ± 0.0004, Q4 0.4100 ± 0.0007, Q2T 0.7076, Q4T 0.3067; худший шум Q_k 0.1024
   раскладка: D:\BqMoni_Claude\p97\art\dumps\store-G1S_mar1l_oisn16_160_p16.csv
   файл     : D:\BqMoni_Claude\p97\store\G1S_mar1l_oisn16_160_p16.rmx (0.6 МБ)

== G1S_mar1l_oisn16_160_p24 ==
   клеймо   : phys=19;80a710cdf4bdc83e7217bb8581566b2b1cd029ad25907aa2d41ca14db478f6da
   время    : 484.4 с на часах, ядер 9.7 из 10
   счёт     : 4713.2 с ЦП, 11.06 мкс на историю  <- сравнивать надо ЭТО
   сетка κ  : 200000 точек по 2 истории — в «мкс на историю» НЕ входят (замер узлов — с --jnodes=0)
   обход    : на историю 16.3 шага границ, 16.7 поиска области, 9.4 интерполяции μ, 4.31 сбора пересечений
   шум конт.: взвешенная 0.92 %  тихо
   Q_k      : узлов 142; у 657.0 кэВ Q2 0.7723 ± 0.0004, Q4 0.4101 ± 0.0007, Q2T 0.7077, Q4T 0.3069; худший шум Q_k 0.1163
   раскладка: D:\BqMoni_Claude\p97\art\dumps\store-G1S_mar1l_oisn16_160_p24.csv
   файл     : D:\BqMoni_Claude\p97\store\G1S_mar1l_oisn16_160_p24.rmx (0.6 МБ)

== G1S_mar1l_oisn16_166_p16 ==
   клеймо   : phys=19;2218950b2308b610a192eef337eb57dacf1f9d24ade1a0b88edd5d1ef647ca7c
   время    : 487.0 с на часах, ядер 9.8 из 10
   счёт     : 4749.2 с ЦП, 11.15 мкс на историю  <- сравнивать надо ЭТО
   сетка κ  : 200000 точек по 2 истории — в «мкс на историю» НЕ входят (замер узлов — с --jnodes=0)
   обход    : на историю 16.4 шага границ, 16.8 поиска области, 9.4 интерполяции μ, 4.33 сбора пересечений
   шум конт.: взвешенная 0.90 %  тихо
   Q_k      : узлов 142; у 657.0 кэВ Q2 0.7720 ± 0.0004, Q4 0.4096 ± 0.0007, Q2T 0.7071, Q4T 0.3062; худший шум Q_k 0.1066
   раскладка: D:\BqMoni_Claude\p97\art\dumps\store-G1S_mar1l_oisn16_166_p16.csv
   файл     : D:\BqMoni_Claude\p97\store\G1S_mar1l_oisn16_166_p16.rmx (0.6 МБ)

== G1S_mar1l_oisn16_166_p24 ==
   клеймо   : phys=19;6d00f833f1302392e1c272d3317af15ccd791c4fb97a7d15e4fcfb4842646fe7
   время    : 484.1 с на часах, ядер 9.7 из 10
   счёт     : 4712.5 с ЦП, 11.06 мкс на историю  <- сравнивать надо ЭТО
   сетка κ  : 200000 точек по 2 истории — в «мкс на историю» НЕ входят (замер узлов — с --jnodes=0)
   обход    : на историю 16.3 шага границ, 16.7 поиска области, 9.4 интерполяции μ, 4.33 сбора пересечений
   шум конт.: взвешенная 0.91 %  тихо
   Q_k      : узлов 142; у 657.0 кэВ Q2 0.7720 ± 0.0004, Q4 0.4094 ± 0.0007, Q2T 0.7073, Q4T 0.3061; худший шум Q_k 0.1183
   раскладка: D:\BqMoni_Claude\p97\art\dumps\store-G1S_mar1l_oisn16_166_p24.csv
   файл     : D:\BqMoni_Claude\p97\store\G1S_mar1l_oisn16_166_p24.rmx (0.6 МБ)

== G1S_mar1l_oisn16_167_p16 ==
   клеймо   : phys=19;dbe2de94f28e2ea5ecf97094085f3b43722bf1a289ebe6d138c5d2bd1566be96
   время    : 494.3 с на часах, ядер 9.8 из 10
   счёт     : 4820.1 с ЦП, 11.31 мкс на историю  <- сравнивать надо ЭТО
   сетка κ  : 200000 точек по 2 истории — в «мкс на историю» НЕ входят (замер узлов — с --jnodes=0)
   обход    : на историю 16.4 шага границ, 16.8 поиска области, 9.4 интерполяции μ, 4.33 сбора пересечений
   шум конт.: взвешенная 0.90 %  тихо
   Q_k      : узлов 142; у 657.0 кэВ Q2 0.7721 ± 0.0004, Q4 0.4098 ± 0.0007, Q2T 0.7070, Q4T 0.3061; худший шум Q_k 0.1067
   раскладка: D:\BqMoni_Claude\p97\art\dumps\store-G1S_mar1l_oisn16_167_p16.csv
   файл     : D:\BqMoni_Claude\p97\store\G1S_mar1l_oisn16_167_p16.rmx (0.6 МБ)

== G1S_mar1l_oisn16_167_p24 ==
   клеймо   : phys=19;d62cf41253d09df8b93354d60f0fbe7873ad142a66005779b2e81c83a3ec1702
   время    : 486.1 с на часах, ядер 9.7 из 10
   счёт     : 4730.1 с ЦП, 11.10 мкс на историю  <- сравнивать надо ЭТО
   сетка κ  : 200000 точек по 2 истории — в «мкс на историю» НЕ входят (замер узлов — с --jnodes=0)
   обход    : на историю 16.3 шага границ, 16.7 поиска области, 9.4 интерполяции μ, 4.33 сбора пересечений
   шум конт.: взвешенная 0.91 %  тихо
   Q_k      : узлов 142; у 657.0 кэВ Q2 0.7720 ± 0.0004, Q4 0.4095 ± 0.0007, Q2T 0.7072, Q4T 0.3061; худший шум Q_k 0.1186
   раскладка: D:\BqMoni_Claude\p97\art\dumps\store-G1S_mar1l_oisn16_167_p24.csv
   файл     : D:\BqMoni_Claude\p97\store\G1S_mar1l_oisn16_167_p24.rmx (0.6 МБ)

== G1S_mar1l_risn379_100_p16 ==
   клеймо   : phys=19;a7f5f3011d4e6be43cc5791c82ff7052523a73b0053031152c1fb46dfa9566ee
   время    : 494.2 с на часах, ядер 9.8 из 10
   счёт     : 4849.0 с ЦП, 11.55 мкс на историю  <- сравнивать надо ЭТО
   сетка κ  : 200000 точек по 2 истории — в «мкс на историю» НЕ входят (замер узлов — с --jnodes=0)
   обход    : на историю 17.8 шага границ, 18.3 поиска области, 10.3 интерполяции μ, 4.03 сбора пересечений
   шум конт.: взвешенная 0.78 %  тихо
   Q_k      : узлов 140; у 657.0 кэВ Q2 0.7736 ± 0.0004, Q4 0.4126 ± 0.0007, Q2T 0.7151, Q4T 0.3166; худший шум Q_k 0.1101
   раскладка: D:\BqMoni_Claude\p97\art\dumps\store-G1S_mar1l_risn379_100_p16.csv
   файл     : D:\BqMoni_Claude\p97\store\G1S_mar1l_risn379_100_p16.rmx (0.6 МБ)

== G1S_petri60_oisn06_057_p24 ==
   клеймо   : phys=19;57b8427265b5a3307a748bfa01db3063025b6872e1a7868afe3bc86ac015ce8d
   время    : 403.2 с на часах, ядер 9.7 из 10
   счёт     : 3930.2 с ЦП, 9.23 мкс на историю  <- сравнивать надо ЭТО
   сетка κ  : 200000 точек по 2 истории — в «мкс на историю» НЕ входят (замер узлов — с --jnodes=0)
   обход    : на историю 13.7 шага границ, 14.3 поиска области, 8.2 интерполяции μ, 3.68 сбора пересечений
   шум конт.: взвешенная 0.63 %  тихо
   Q_k      : узлов 142; у 657.0 кэВ Q2 0.5915 ± 0.0007, Q4 0.1492 ± 0.0009, Q2T 0.4965, Q4T 0.0703; худший шум Q_k 0.0414
   раскладка: D:\BqMoni_Claude\p97\art\dumps\store-G1S_petri60_oisn06_057_p24.csv
   файл     : D:\BqMoni_Claude\p97\store\G1S_petri60_oisn06_057_p24.rmx (0.6 МБ)

== G1S_petri60_oisn06_062_p24 ==
   клеймо   : phys=19;0f0fb030f30e8105d34c055215f2b09f8c536aa60a7e5137d2e28a732ce6c6f4
   время    : 405.3 с на часах, ядер 9.8 из 10
   счёт     : 3955.9 с ЦП, 9.29 мкс на историю  <- сравнивать надо ЭТО
   сетка κ  : 200000 точек по 2 истории — в «мкс на историю» НЕ входят (замер узлов — с --jnodes=0)
   обход    : на историю 13.7 шага границ, 14.2 поиска области, 8.2 интерполяции μ, 3.70 сбора пересечений
   шум конт.: взвешенная 0.63 %  тихо
   Q_k      : узлов 142; у 657.0 кэВ Q2 0.5914 ± 0.0007, Q4 0.1492 ± 0.0009, Q2T 0.4948, Q4T 0.0702; худший шум Q_k 0.0422
   раскладка: D:\BqMoni_Claude\p97\art\dumps\store-G1S_petri60_oisn06_062_p24.csv
   файл     : D:\BqMoni_Claude\p97\store\G1S_petri60_oisn06_062_p24.rmx (0.6 МБ)

== G1S_petri60_oisn06_064_p24 ==
   клеймо   : phys=19;0b25278b74b229f150246efb635a5cc972df11c8c76fe6c77c82d2a7a4d509ba
   время    : 402.2 с на часах, ядер 9.7 из 10
   счёт     : 3916.8 с ЦП, 9.19 мкс на историю  <- сравнивать надо ЭТО
   сетка κ  : 200000 точек по 2 истории — в «мкс на историю» НЕ входят (замер узлов — с --jnodes=0)
   обход    : на историю 13.7 шага границ, 14.2 поиска области, 8.2 интерполяции μ, 3.70 сбора пересечений
   шум конт.: взвешенная 0.63 %  тихо
   Q_k      : узлов 142; у 657.0 кэВ Q2 0.5913 ± 0.0007, Q4 0.1491 ± 0.0009, Q2T 0.4941, Q4T 0.0701; худший шум Q_k 0.0427
   раскладка: D:\BqMoni_Claude\p97\art\dumps\store-G1S_petri60_oisn06_064_p24.csv
   файл     : D:\BqMoni_Claude\p97\store\G1S_petri60_oisn06_064_p24.rmx (0.6 МБ)

== G1S_petri60_oisn06_067_p24 ==
   клеймо   : phys=19;f730b2ea9390392d13c76fd9e7cacbd8798146593f43649dadc38d2f393c2812
   время    : 404.4 с на часах, ядер 9.8 из 10
   счёт     : 3945.9 с ЦП, 9.26 мкс на историю  <- сравнивать надо ЭТО
   сетка κ  : 200000 точек по 2 истории — в «мкс на историю» НЕ входят (замер узлов — с --jnodes=0)
   обход    : на историю 13.7 шага границ, 14.2 поиска области, 8.2 интерполяции μ, 3.71 сбора пересечений
   шум конт.: взвешенная 0.63 %  тихо
   Q_k      : узлов 142; у 657.0 кэВ Q2 0.5911 ± 0.0007, Q4 0.1492 ± 0.0009, Q2T 0.4931, Q4T 0.0696; худший шум Q_k 0.0227
   раскладка: D:\BqMoni_Claude\p97\art\dumps\store-G1S_petri60_oisn06_067_p24.csv
   файл     : D:\BqMoni_Claude\p97\store\G1S_petri60_oisn06_067_p24.rmx (0.6 МБ)

== G1S_petri60_oisn10_100_p16 ==
   клеймо   : phys=19;3d1ac22841a1cd4b9537c3059ef0f9b1df7724065f6d607857d8a5b583b8d802
   время    : 403.4 с на часах, ядер 9.7 из 10
   счёт     : 3932.0 с ЦП, 9.23 мкс на историю  <- сравнивать надо ЭТО
   сетка κ  : 200000 точек по 2 истории — в «мкс на историю» НЕ входят (замер узлов — с --jnodes=0)
   обход    : на историю 13.1 шага границ, 13.6 поиска области, 7.8 интерполяции μ, 3.83 сбора пересечений
   шум конт.: взвешенная 0.67 %  тихо
   Q_k      : узлов 142; у 657.0 кэВ Q2 0.5910 ± 0.0007, Q4 0.1491 ± 0.0009, Q2T 0.4856, Q4T 0.0686; худший шум Q_k 0.0346
   раскладка: D:\BqMoni_Claude\p97\art\dumps\store-G1S_petri60_oisn10_100_p16.csv
   файл     : D:\BqMoni_Claude\p97\store\G1S_petri60_oisn10_100_p16.rmx (0.6 МБ)

== G1S_petri60_oisn16_155_p24 ==
   клеймо   : phys=19;c90046f13e2df44d73f0bfb87000025d4a02ee2bfb525ad472837470062643a0
   время    : 407.7 с на часах, ядер 9.7 из 10
   счёт     : 3965.7 с ЦП, 9.31 мкс на историю  <- сравнивать надо ЭТО
   сетка κ  : 200000 точек по 2 истории — в «мкс на историю» НЕ входят (замер узлов — с --jnodes=0)
   обход    : на историю 12.7 шага границ, 13.1 поиска области, 7.4 интерполяции μ, 3.95 сбора пересечений
   шум конт.: взвешенная 0.69 %  тихо
   Q_k      : узлов 142; у 657.0 кэВ Q2 0.5913 ± 0.0007, Q4 0.1502 ± 0.0009, Q2T 0.4731, Q4T 0.0660; худший шум Q_k 0.0280
   раскладка: D:\BqMoni_Claude\p97\art\dumps\store-G1S_petri60_oisn16_155_p24.csv
   файл     : D:\BqMoni_Claude\p97\store\G1S_petri60_oisn16_155_p24.rmx (0.6 МБ)

== G1S_petri60_oisn16_160_p24 ==
   клеймо   : phys=19;8d24c1fd90bbef2714a2e3521dc6445c6560d40830a65112a18efc3341b97b6e
   время    : 410.7 с на часах, ядер 9.7 из 10
   счёт     : 3986.9 с ЦП, 9.36 мкс на историю  <- сравнивать надо ЭТО
   сетка κ  : 200000 точек по 2 истории — в «мкс на историю» НЕ входят (замер узлов — с --jnodes=0)
   обход    : на историю 12.7 шага границ, 13.1 поиска области, 7.4 интерполяции μ, 3.96 сбора пересечений
   шум конт.: взвешенная 0.69 %  тихо
   Q_k      : узлов 142; у 657.0 кэВ Q2 0.5913 ± 0.0007, Q4 0.1500 ± 0.0009, Q2T 0.4721, Q4T 0.0655; худший шум Q_k 0.0282
   раскладка: D:\BqMoni_Claude\p97\art\dumps\store-G1S_petri60_oisn16_160_p24.csv
   файл     : D:\BqMoni_Claude\p97\store\G1S_petri60_oisn16_160_p24.rmx (0.6 МБ)

== G1S_petri60_oisn16_167_p24 ==
   клеймо   : phys=19;d0a3210683942c67c7c3478320210dd4e0601f703a16c4446989c2a704cac134
   время    : 404.8 с на часах, ядер 9.7 из 10
   счёт     : 3941.1 с ЦП, 9.25 мкс на историю  <- сравнивать надо ЭТО
   сетка κ  : 200000 точек по 2 истории — в «мкс на историю» НЕ входят (замер узлов — с --jnodes=0)
   обход    : на историю 12.7 шага границ, 13.1 поиска области, 7.4 интерполяции μ, 3.97 сбора пересечений
   шум конт.: взвешенная 0.69 %  тихо
   Q_k      : узлов 142; у 657.0 кэВ Q2 0.5913 ± 0.0007, Q4 0.1500 ± 0.0009, Q2T 0.4707, Q4T 0.0655; худший шум Q_k 0.0286
   раскладка: D:\BqMoni_Claude\p97\art\dumps\store-G1S_petri60_oisn16_167_p24.csv
   файл     : D:\BqMoni_Claude\p97\store\G1S_petri60_oisn16_167_p24.rmx (0.6 МБ)

== G1S_petri60_risn379_100_p16 ==
   клеймо   : phys=19;8ebdb8c16f6edfdad14c397cc03a604e2c389974f08f2cbd3d134b6bba8c6150
   время    : 412.1 с на часах, ядер 9.8 из 10
   счёт     : 4043.9 с ЦП, 9.63 мкс на историю  <- сравнивать надо ЭТО
   сетка κ  : 200000 точек по 2 истории — в «мкс на историю» НЕ входят (замер узлов — с --jnodes=0)
   обход    : на историю 13.5 шага границ, 14.0 поиска области, 8.0 интерполяции μ, 3.76 сбора пересечений
   шум конт.: взвешенная 0.61 %  тихо
   Q_k      : узлов 140; у 657.0 кэВ Q2 0.5906 ± 0.0007, Q4 0.1491 ± 0.0009, Q2T 0.4837, Q4T 0.0676; худший шум Q_k 0.0364
   раскладка: D:\BqMoni_Claude\p97\art\dumps\store-G1S_petri60_risn379_100_p16.csv
   файл     : D:\BqMoni_Claude\p97\store\G1S_petri60_risn379_100_p16.rmx (0.6 МБ)

== G1S_point25 ==
   клеймо   : phys=19;835b6700cdaa35654ba96ad370b5678c03df538d68db9f0b3a6fa02724f35464
   время    : 253.2 с на часах, ядер 9.8 из 10
   счёт     : 2472.8 с ЦП, 5.89 мкс на историю  <- сравнивать надо ЭТО
   сетка κ  : 200000 точек по 2 истории — в «мкс на историю» НЕ входят (замер узлов — с --jnodes=0)
   обход    : на историю 7.2 шага границ, 8.0 поиска области, 3.4 интерполяции μ, 2.70 сбора пересечений
   шум конт.: взвешенная 5.30 %  ВЫШЕ ПОРОГА 5.0 %
   Q_k      : узлов 140; у 657.0 кэВ Q2 0.9910 ± 0.0000, Q4 0.9703 ± 0.0000, Q2T 0.9899, Q4T 0.9665; худший шум Q_k 0.0069
   раскладка: D:\BqMoni_Claude\p97\art\dumps\store-G1S_point25.csv
   файл     : D:\BqMoni_Claude\p97\store\G1S_point25.rmx (0.6 МБ)

== G1S_point5 ==
   клеймо   : phys=19;ff25f22d4fe5ee31116a90d171844040022154c8d3cb92c551c25c8564482ed7
   время    : 348.2 с на часах, ядер 9.8 из 10
   счёт     : 3405.7 с ЦП, 8.11 мкс на историю  <- сравнивать надо ЭТО
   сетка κ  : 200000 точек по 2 истории — в «мкс на историю» НЕ входят (замер узлов — с --jnodes=0)
   обход    : на историю 9.8 шага границ, 10.9 поиска области, 5.2 интерполяции μ, 3.11 сбора пересечений
   шум конт.: взвешенная 1.35 %  тихо
   Q_k      : узлов 140; у 657.0 кэВ Q2 0.8754 ± 0.0001, Q4 0.6292 ± 0.0003, Q2T 0.8563, Q4T 0.5787; худший шум Q_k 0.0741
   раскладка: D:\BqMoni_Claude\p97\art\dumps\store-G1S_point5.csv
   файл     : D:\BqMoni_Claude\p97\store\G1S_point5.rmx (0.6 МБ)

== RC103_lu_front ==
   клеймо   : phys=19;8772e589a69d259ed2853cf2d4a0d343c906b086b61ee1f9aac9cbae77635157
   время    : 284.7 с на часах, ядер 9.7 из 10
   счёт     : 2757.6 с ЦП, 6.47 мкс на историю  <- сравнивать надо ЭТО
   сетка κ  : 200000 точек по 2 истории — в «мкс на историю» НЕ входят (замер узлов — с --jnodes=0)
   обход    : на историю 14.4 шага границ, 14.4 поиска области, 8.7 интерполяции μ, 4.08 сбора пересечений
   шум конт.: взвешенная 2.28 %  тихо
   Q_k      : узлов 142; у 657.0 кэВ Q2 0.9410 ± 0.0006, Q4 0.8162 ± 0.0018, Q2T 0.9138, Q4T 0.7588; худший шум Q_k 0.0678
   раскладка: D:\BqMoni_Claude\p97\art\dumps\store-RC103_lu_front.csv
   файл     : D:\BqMoni_Claude\p97\store\RC103_lu_front.rmx (0.6 МБ)

== RC103_marinelli05_kcl ==
   клеймо   : phys=19;06956b7aeb9aac4ebfa929310cd2e5fa0d6cf6233353a3d691c1cfb35b20790d
   время    : 343.8 с на часах, ядер 9.8 из 10
   счёт     : 3364.5 с ЦП, 8.01 мкс на историю  <- сравнивать надо ЭТО
   сетка κ  : 200000 точек по 2 истории — в «мкс на историю» НЕ входят (замер узлов — с --jnodes=0)
   обход    : на историю 21.1 шага границ, 21.1 поиска области, 13.0 интерполяции μ, 3.95 сбора пересечений
   шум конт.: взвешенная 3.18 %  тихо
   Q_k      : узлов 140; у 657.0 кэВ Q2 0.9788 ± 0.0009, Q4 0.9330 ± 0.0023, Q2T 0.9715, Q4T 0.9130; худший шум Q_k 0.2202
   раскладка: D:\BqMoni_Claude\p97\art\dumps\store-RC103_marinelli05_kcl.csv
   файл     : D:\BqMoni_Claude\p97\store\RC103_marinelli05_kcl.rmx (0.6 МБ)

== RC103_point0 ==
   клеймо   : phys=19;5ddea4b59ab723a205ddc23090478b8679043af959046dea1dcac7869e850279
   время    : 162.2 с на часах, ядер 9.8 из 10
   счёт     : 1590.7 с ЦП, 3.79 мкс на историю  <- сравнивать надо ЭТО
   сетка κ  : 200000 точек по 2 истории — в «мкс на историю» НЕ входят (замер узлов — с --jnodes=0)
   обход    : на историю 8.9 шага границ, 9.1 поиска области, 4.3 интерполяции μ, 2.80 сбора пересечений
   шум конт.: взвешенная 0.76 %  тихо
   Q_k      : узлов 140; у 657.0 кэВ Q2 0.7635 ± 0.0013, Q4 0.3760 ± 0.0028, Q2T 0.6847, Q4T 0.3010; худший шум Q_k 0.0566
   раскладка: D:\BqMoni_Claude\p97\art\dumps\store-RC103_point0.csv
   файл     : D:\BqMoni_Claude\p97\store\RC103_point0.rmx (0.6 МБ)

матриц: 46 — посчитано 46, пропущено 0 (клеймо сошлось); всего 325.6 мин
пересчитаны ВСЕ — значит изменилась картина целиком (версия физики или параметры расчёта)
ЕСТЬ ШУМНЫЕ
