Расхождение двух матриц (T43)
  A: RC103_point0.rmx  (формат 9)
  B: RC103_point0.rmx  (формат 9)
  клейма РАЗНЫЕ — считались не из одного
     A: phys=18;3ecd6580980b9e8d3125acd11056a334a40a77c948e5653cb0d4d49c03b72202
     B: phys=19;9f57f1954cca0b8233e81fba971d3b08b743597eae580de474615a40b8826d68
  настройки, которыми матрицы считались:
     A: узлов 140, 5–3000 кэВ, бин 2 кэВ, историй 3000000, зерно 0
     B: узлов 140, 5–3000 кэВ, бин 2 кэВ, историй 3000000, зерно 0
  отпечаток тела (SHA-256 сетки и строк):
     A: e866960b90b981f7…  сходится с записанным
     B: e866960b90b981f7…  сходится с записанным
  ТЕЛА ТОЖДЕСТВЕННЫ (побайтно, по отпечатку)
  блок Q_k угловой корреляции (формат 9):
     есть у обеих, узлов 140: побитово 140; наибольшее |Δ| 0.00000, худший узел в σ 0.00 (узел 0, 5.0 кэВ)

расхождение по 140 узлам, % (медиана / худший):
   пик       : 0.000 / 0.000   (узел 0, 5 кэВ)
   сумма     : 0.000 / 0.000   (узел 0, 5 кэВ)
   форма, L1 : 0.00  / 0.00    (узел 0, 5 кэВ)

ФОРМА БЕЗ МАСШТАБА (строки приведены к единичной сумме):
   L1        : 0.00  / 0.00    (узел 0, 5 кэВ)
   доля пика : A 0.7775, B 0.7775  (медиана по узлам; отношение B/A 1.0000)

СМЕЩЕНИЕ B относительно A, % (среднее по узлам ± ошибка среднего):
   пик       :   0.000 ± 0.000   — ноль в пределах ошибки
   сумма     :   0.000 ± 0.000   — ноль в пределах ошибки

⚠ сравнивать ЭТИ числа надо с такими же для двух зёрен одного кода
