Расхождение двух матриц (T43)
  A: AS80_point0.rmx  (формат 9)
  B: AS80_point0.rmx  (формат 9)
  клейма РАЗНЫЕ — считались не из одного
     A: phys=18;1f5aeaf1eeae43b63d6a7b0817f68eaccc4167c12243909b95293aeb63a1d205
     B: phys=19;620e5ed3bbb49f83bbdd30bda09b5bdf9ae4a29cf8071b815771aeffcd93c5df
  настройки, которыми матрицы считались:
     A: узлов 140, 5–3000 кэВ, бин 2 кэВ, историй 3000000, зерно 0
     B: узлов 140, 5–3000 кэВ, бин 2 кэВ, историй 3000000, зерно 0
  отпечаток тела (SHA-256 сетки и строк):
     A: 92738a9112108a3c…  сходится с записанным
     B: 92738a9112108a3c…  сходится с записанным
  ТЕЛА ТОЖДЕСТВЕННЫ (побайтно, по отпечатку)
  блок Q_k угловой корреляции (формат 9):
     есть у обеих, узлов 140: побитово 140; наибольшее |Δ| 0.00000, худший узел в σ 0.00 (узел 0, 5.0 кэВ)

расхождение по 140 узлам, % (медиана / худший):
   пик       : 0.000 / 0.000   (узел 0, 5 кэВ)
   сумма     : 0.000 / 0.000   (узел 0, 5 кэВ)
   форма, L1 : 0.00  / 0.00    (узел 0, 5 кэВ)

ФОРМА БЕЗ МАСШТАБА (строки приведены к единичной сумме):
   L1        : 0.00  / 0.00    (узел 0, 5 кэВ)
   доля пика : A 0.7529, B 0.7529  (медиана по узлам; отношение B/A 1.0000)

СМЕЩЕНИЕ B относительно A, % (среднее по узлам ± ошибка среднего):
   пик       :   0.000 ± 0.000   — ноль в пределах ошибки
   сумма     :   0.000 ± 0.000   — ноль в пределах ошибки

⚠ сравнивать ЭТИ числа надо с такими же для двух зёрен одного кода
