Расхождение двух матриц (T43)
  A: RC103_point0.rmx  (формат 9)
  B: RC103_point0.rmx  (формат 9)
  клейма РАЗНЫЕ — считались не из одного
     A: phys=18;3ecd6580980b9e8d3125acd11056a334a40a77c948e5653cb0d4d49c03b72202
     B: phys=19;5ddea4b59ab723a205ddc23090478b8679043af959046dea1dcac7869e850279
  настройки, которыми матрицы считались:
     A: узлов 140, 5–3000 кэВ, бин 2 кэВ, историй 3000000, зерно 0
     B: узлов 140, 5–3000 кэВ, бин 2 кэВ, историй 3000000, зерно 0
  отпечаток тела (SHA-256 сетки и строк):
     A: e866960b90b981f7…  сходится с записанным
     B: 4e2b8fb97fcea742…  сходится с записанным
  ТЕЛА РАЗЛИЧНЫ (по отпечатку)
  блок Q_k угловой корреляции (формат 9):
     есть у обеих, узлов 140: побитово 2; наибольшее |Δ| 0.03134, худший узел в σ 0.85 (узел 137, 2736.2 кэВ)

расхождение по 140 узлам, % (медиана / худший):
   пик       : 0.051 / 9.697   (узел 4, 6 кэВ)
   сумма     : 0.094 / 9.697   (узел 4, 6 кэВ)
   форма, L1 : 0.93  / 29.14    (узел 138, 2865 кэВ)

ФОРМА БЕЗ МАСШТАБА (строки приведены к единичной сумме):
   L1        : 0.44  / 28.41    (узел 138, 2865 кэВ)
   доля пика : A 0.7775, B 0.7777  (медиана по узлам; отношение B/A 1.0002)

СМЕЩЕНИЕ B относительно A, % (среднее по узлам ± ошибка среднего):
   пик       :  -0.019 ± 0.106   — ноль в пределах ошибки
   сумма     :   0.312 ± 0.143   — на грани, мерить гуще

⚠ сравнивать ЭТИ числа надо с такими же для двух зёрен одного кода
