склад витрины: C:\Users\moroz\source\repos\BQ Eng res .NET 4.8\tools\fsa_showcase\store; сцен 2: ASN16_point_house, ASN16_rn_side; пробы: C:\Users\moroz\source\repos\BQ Eng res .NET 4.8\tools\effmaker\probes\build; физика 19
приложение у проб: 18.09 02:40:42 sha256 F2AF8E4B6D449842
контроль на 2 узлах (A77): код 1 (1 = «есть шумные», ожидаемо на 400 k), сцен с клеймом phys=19: 2 из 2, 8 с
      клеймо   : phys=19;62595b49882ef933867e88728ab9aea51c3aeb70b99e03171b2898974099e819
      счёт     : 7.2 с ЦП, 8.96 мкс на историю  <- сравнивать надо ЭТО
      клеймо   : phys=19;481f08e1c0a3d9c8ddf286a398876e834a9066d85fb22acac0e64d6a03276490
      счёт     : 7.0 с ЦП, 8.77 мкс на историю  <- сравнивать надо ЭТО
   матриц: 2 — посчитано 2, пропущено 0 (клеймо сошлось); всего 0.1 мин
матрицы: код 0, 1398 с
      сетка κ  : 200000 точек по 2 истории — в «мкс на историю» НЕ входят (замер узлов — с --jnodes=0)
      клеймо   : phys=19;1aa26de80d0eff271db3e403ea9370ebc333a89ce1a321dccdec716551d16f47
      счёт     : 6722.9 с ЦП, 16.01 мкс на историю  <- сравнивать надо ЭТО
      сетка κ  : 200000 точек по 2 истории — в «мкс на историю» НЕ входят (замер узлов — с --jnodes=0)
   матриц: 2 — посчитано 2, пропущено 0 (клеймо сошлось); всего 23.2 мин
   ВСЕ СОШЛИСЬ
кривые: код 0, 1407 с
   Привязка кривой и матрицы к спектрам понятной части (B1)
   кривая: 5-3000 кэВ, 200000 историй на узел; розыгрыш точки вылета: автоматика (полевая сцена — важностный, клеймо imp=1; прочие — равномерный); порог шумной кри
      разброс  : медиана 1.48 %, худший узел 4.85 % на 10.0 кэВ (ESS 425 из 200000 историй), узлов выше 5 %: 0 из 37
      guid     : b8a158da-14a3-b2e3-2511-9b3315c75da2
      спектр   : ASN16_Radon_filter2 (1 записей ResultData)
   геометрий в описи: 1 — посчитано 1, пропущено 0 (клеймо и геометрия сошлись); записей проставлено: 1
   ВСЕ СОШЛИСЬ
   ASN16_rn_side.rmx                          9     19    3000000   140    6    1.20%    1.62%   нет
   
     версия физики: 19 — 2
     историй на узел: 3000000 — 2
     каналов у матрицы: 6 — 2 (код знает 6)
     с конусом: 0 из 2
     шумных (худший СУДИМЫЙ узел выше 1.00 %): 2
     континуума нет (шум ≥ 99 %): 43 узлов по складу, судятся узлы от 50 кэВ
   
   НАХОДОК: 2
     ASN16_point_house.rmx: шум худшего узла 1.15 % при пороге 1.00 %
     ASN16_rn_side.rmx: шум худшего узла 1.62 % при пороге 1.00 %
  ASN16_point_house.rmx  646123 байт  sha256 CF80A1BE78EEC557
  ASN16_rn_side.rmx  643707 байт  sha256 6DE84DD22543ABCA
готово за 1407 с
