RESULT decays=4000000
RESULT any=752451 eps_total=1.881127e-01
RESULT window=2614.511 counts=182529 eps=4.563225e-02
HISTBEGIN bins=2616 bin_kev=1.000000 decays=4000000
HIST 0 45
HIST 1 103
HIST 2 111
HIST 3 122
HIST 4 137
HIST 5 160
HIST 6 138
HIST 7 162
HIST 8 139
HIST 9 165
HIST 10 147
HIST 11 150
HIST 12 145
HIST 13 142
HIST 14 140
HIST 15 160
HIST 16 151
HIST 17 136
HIST 18 149
HIST 19 171
HIST 20 164
HIST 21 157
HIST 22 138
HIST 23 145
HIST 24 149
HIST 25 136
HIST 26 151
HIST 27 145
HIST 28 157
HIST 29 131
HIST 30 142
HIST 31 129
HIST 32 153
HIST 33 147
HIST 34 138
HIST 35 134
HIST 36 151
HIST 37 159
HIST 38 156
HIST 39 157
HIST 40 155
HIST 41 175
HIST 42 151
HIST 43 152
HIST 44 142
HIST 45 149
HIST 46 159
HIST 47 156
HIST 48 168
HIST 49 163
HIST 50 148
HIST 51 179
HIST 52 167
HIST 53 137
HIST 54 147
HIST 55 138
HIST 56 136
HIST 57 161
HIST 58 153
HIST 59 153
HIST 60 151
HIST 61 155
HIST 62 162
HIST 63 134
HIST 64 127
HIST 65 148
HIST 66 142
HIST 67 160
HIST 68 167
HIST 69 148
HIST 70 140
HIST 71 164
HIST 72 143
HIST 73 172
HIST 74 150
HIST 75 152
HIST 76 155
HIST 77 150
HIST 78 124
HIST 79 134
HIST 80 158
HIST 81 155
HIST 82 137
HIST 83 155
HIST 84 146
HIST 85 150
HIST 86 150
HIST 87 157
HIST 88 148
HIST 89 139
HIST 90 152
HIST 91 149
HIST 92 149
HIST 93 129
HIST 94 148
HIST 95 145
HIST 96 160
HIST 97 148
HIST 98 138
HIST 99 157
HIST 100 172
HIST 101 156
HIST 102 161
HIST 103 148
HIST 104 152
HIST 105 166
HIST 106 133
HIST 107 155
HIST 108 153
HIST 109 129
HIST 110 153
HIST 111 154
HIST 112 141
HIST 113 160
HIST 114 172
HIST 115 145
HIST 116 144
HIST 117 151
HIST 118 118
HIST 119 137
HIST 120 153
HIST 121 152
HIST 122 157
HIST 123 170
HIST 124 169
HIST 125 150
HIST 126 139
HIST 127 135
HIST 128 149
HIST 129 171
HIST 130 129
HIST 131 162
HIST 132 141
HIST 133 126
HIST 134 157
HIST 135 134
HIST 136 137
HIST 137 169
HIST 138 157
HIST 139 155
HIST 140 144
HIST 141 148
HIST 142 141
HIST 143 157
HIST 144 139
HIST 145 169
HIST 146 163
HIST 147 152
HIST 148 148
HIST 149 147
HIST 150 136
HIST 151 157
HIST 152 160
HIST 153 130
HIST 154 156
HIST 155 138
HIST 156 145
HIST 157 129
HIST 158 149
HIST 159 159
HIST 160 179
HIST 161 157
HIST 162 147
HIST 163 145
HIST 164 132
HIST 165 143
HIST 166 171
HIST 167 147
HIST 168 157
HIST 169 145
HIST 170 160
HIST 171 142
HIST 172 134
HIST 173 146
HIST 174 145
HIST 175 167
HIST 176 120
HIST 177 147
HIST 178 137
HIST 179 155
HIST 180 145
HIST 181 136
HIST 182 145
HIST 183 135
HIST 184 155
HIST 185 148
HIST 186 149
HIST 187 145
HIST 188 139
HIST 189 151
HIST 190 161
HIST 191 143
HIST 192 173
HIST 193 139
HIST 194 148
HIST 195 132
HIST 196 146
HIST 197 142
HIST 198 151
HIST 199 145
HIST 200 119
HIST 201 135
HIST 202 168
HIST 203 149
HIST 204 140
HIST 205 152
HIST 206 137
HIST 207 149
HIST 208 139
HIST 209 143
HIST 210 162
HIST 211 138
HIST 212 170
HIST 213 150
HIST 214 139
HIST 215 143
HIST 216 140
HIST 217 142
HIST 218 151
HIST 219 161
HIST 220 163
HIST 221 160
HIST 222 140
HIST 223 137
HIST 224 149
HIST 225 156
HIST 226 150
HIST 227 148
HIST 228 158
HIST 229 156
HIST 230 148
HIST 231 147
HIST 232 140
HIST 233 158
HIST 234 167
HIST 235 154
HIST 236 158
HIST 237 122
HIST 238 142
HIST 239 135
HIST 240 133
HIST 241 165
HIST 242 165
HIST 243 140
HIST 244 169
HIST 245 147
HIST 246 146
HIST 247 149
HIST 248 135
HIST 249 138
HIST 250 161
HIST 251 167
HIST 252 149
HIST 253 137
HIST 254 178
HIST 255 137
HIST 256 133
HIST 257 158
HIST 258 135
HIST 259 138
HIST 260 155
HIST 261 145
HIST 262 165
HIST 263 150
HIST 264 151
HIST 265 134
HIST 266 168
HIST 267 174
HIST 268 146
HIST 269 173
HIST 270 166
HIST 271 163
HIST 272 141
HIST 273 147
HIST 274 139
HIST 275 139
HIST 276 160
HIST 277 180
HIST 278 160
HIST 279 165
HIST 280 153
HIST 281 145
HIST 282 148
HIST 283 137
HIST 284 156
HIST 285 132
HIST 286 142
HIST 287 151
HIST 288 154
HIST 289 139
HIST 290 146
HIST 291 163
HIST 292 140
HIST 293 132
HIST 294 154
HIST 295 149
HIST 296 163
HIST 297 156
HIST 298 172
HIST 299 170
HIST 300 145
HIST 301 151
HIST 302 152
HIST 303 158
HIST 304 138
HIST 305 171
HIST 306 146
HIST 307 135
HIST 308 148
HIST 309 136
HIST 310 155
HIST 311 155
HIST 312 157
HIST 313 156
HIST 314 156
HIST 315 170
HIST 316 159
HIST 317 160
HIST 318 160
HIST 319 163
HIST 320 136
HIST 321 148
HIST 322 138
HIST 323 154
HIST 324 155
HIST 325 148
HIST 326 163
HIST 327 156
HIST 328 144
HIST 329 153
HIST 330 165
HIST 331 148
HIST 332 157
HIST 333 149
HIST 334 162
HIST 335 143
HIST 336 173
HIST 337 147
HIST 338 151
HIST 339 141
HIST 340 126
HIST 341 159
HIST 342 138
HIST 343 127
HIST 344 177
HIST 345 138
HIST 346 152
HIST 347 143
HIST 348 170
HIST 349 170
HIST 350 179
HIST 351 150
HIST 352 164
HIST 353 164
HIST 354 144
HIST 355 139
HIST 356 193
HIST 357 151
HIST 358 151
HIST 359 156
HIST 360 171
HIST 361 145
HIST 362 131
HIST 363 153
HIST 364 144
HIST 365 150
HIST 366 172
HIST 367 171
HIST 368 159
HIST 369 150
HIST 370 145
HIST 371 162
HIST 372 128
HIST 373 154
HIST 374 146
HIST 375 139
HIST 376 145
HIST 377 159
HIST 378 123
HIST 379 140
HIST 380 147
HIST 381 178
HIST 382 137
HIST 383 139
HIST 384 156
HIST 385 139
HIST 386 132
HIST 387 151
HIST 388 159
HIST 389 150
HIST 390 155
HIST 391 167
HIST 392 126
HIST 393 144
HIST 394 154
HIST 395 143
HIST 396 146
HIST 397 154
HIST 398 151
HIST 399 124
HIST 400 167
HIST 401 158
HIST 402 149
HIST 403 135
HIST 404 159
HIST 405 136
HIST 406 128
HIST 407 158
HIST 408 141
HIST 409 152
HIST 410 159
HIST 411 163
HIST 412 163
HIST 413 136
HIST 414 144
HIST 415 141
HIST 416 155
HIST 417 159
HIST 418 145
HIST 419 143
HIST 420 149
HIST 421 161
HIST 422 154
HIST 423 137
HIST 424 127
HIST 425 151
HIST 426 159
HIST 427 122
HIST 428 149
HIST 429 120
HIST 430 138
HIST 431 145
HIST 432 154
HIST 433 146
HIST 434 168
HIST 435 141
HIST 436 143
HIST 437 148
HIST 438 137
HIST 439 171
HIST 440 158
HIST 441 139
HIST 442 161
HIST 443 176
HIST 444 153
HIST 445 128
HIST 446 147
HIST 447 147
HIST 448 149
HIST 449 159
HIST 450 159
HIST 451 138
HIST 452 148
HIST 453 143
HIST 454 147
HIST 455 142
HIST 456 136
HIST 457 153
HIST 458 141
HIST 459 162
HIST 460 151
HIST 461 154
HIST 462 162
HIST 463 166
HIST 464 158
HIST 465 139
HIST 466 149
HIST 467 164
HIST 468 141
HIST 469 147
HIST 470 147
HIST 471 158
HIST 472 134
HIST 473 159
HIST 474 153
HIST 475 155
HIST 476 152
HIST 477 165
HIST 478 152
HIST 479 139
HIST 480 156
HIST 481 145
HIST 482 112
HIST 483 153
HIST 484 129
HIST 485 152
HIST 486 147
HIST 487 142
HIST 488 157
HIST 489 157
HIST 490 154
HIST 491 154
HIST 492 149
HIST 493 142
HIST 494 168
HIST 495 152
HIST 496 137
HIST 497 155
HIST 498 156
HIST 499 160
HIST 500 139
HIST 501 150
HIST 502 144
HIST 503 170
HIST 504 167
HIST 505 166
HIST 506 156
HIST 507 148
HIST 508 139
HIST 509 153
HIST 510 171
HIST 511 142
HIST 512 143
HIST 513 151
HIST 514 140
HIST 515 140
HIST 516 164
HIST 517 154
HIST 518 183
HIST 519 161
HIST 520 146
HIST 521 174
HIST 522 163
HIST 523 152
HIST 524 154
HIST 525 163
HIST 526 151
HIST 527 147
HIST 528 157
HIST 529 170
HIST 530 161
HIST 531 152
HIST 532 143
HIST 533 161
HIST 534 135
HIST 535 175
HIST 536 154
HIST 537 154
HIST 538 160
HIST 539 144
HIST 540 169
HIST 541 153
HIST 542 149
HIST 543 150
HIST 544 147
HIST 545 162
HIST 546 142
HIST 547 178
HIST 548 146
HIST 549 135
HIST 550 157
HIST 551 149
HIST 552 141
HIST 553 148
HIST 554 134
HIST 555 148
HIST 556 146
HIST 557 166
HIST 558 138
HIST 559 138
HIST 560 134
HIST 561 162
HIST 562 141
HIST 563 125
HIST 564 160
HIST 565 146
HIST 566 153
HIST 567 155
HIST 568 157
HIST 569 154
HIST 570 149
HIST 571 139
HIST 572 145
HIST 573 138
HIST 574 160
HIST 575 147
HIST 576 155
HIST 577 169
HIST 578 143
HIST 579 182
HIST 580 142
HIST 581 154
HIST 582 168
HIST 583 128
HIST 584 141
HIST 585 152
HIST 586 137
HIST 587 150
HIST 588 158
HIST 589 167
HIST 590 147
HIST 591 148
HIST 592 159
HIST 593 158
HIST 594 163
HIST 595 172
HIST 596 146
HIST 597 159
HIST 598 157
HIST 599 168
HIST 600 146
HIST 601 151
HIST 602 142
HIST 603 154
HIST 604 129
HIST 605 144
HIST 606 154
HIST 607 136
HIST 608 144
HIST 609 168
HIST 610 131
HIST 611 130
HIST 612 134
HIST 613 152
HIST 614 154
HIST 615 158
HIST 616 164
HIST 617 152
HIST 618 155
HIST 619 148
HIST 620 148
HIST 621 133
HIST 622 156
HIST 623 143
HIST 624 171
HIST 625 143
HIST 626 147
HIST 627 161
HIST 628 126
HIST 629 150
HIST 630 119
HIST 631 158
HIST 632 130
HIST 633 138
HIST 634 149
HIST 635 175
HIST 636 165
HIST 637 142
HIST 638 159
HIST 639 150
HIST 640 151
HIST 641 141
HIST 642 136
HIST 643 138
HIST 644 157
HIST 645 155
HIST 646 153
HIST 647 145
HIST 648 165
HIST 649 142
HIST 650 147
HIST 651 147
HIST 652 167
HIST 653 153
HIST 654 147
HIST 655 163
HIST 656 184
HIST 657 146
HIST 658 166
HIST 659 132
HIST 660 159
HIST 661 162
HIST 662 149
HIST 663 157
HIST 664 123
HIST 665 152
HIST 666 141
HIST 667 150
HIST 668 161
HIST 669 150
HIST 670 171
HIST 671 164
HIST 672 167
HIST 673 179
HIST 674 140
HIST 675 151
HIST 676 160
HIST 677 156
HIST 678 125
HIST 679 161
HIST 680 150
HIST 681 146
HIST 682 183
HIST 683 167
HIST 684 171
HIST 685 148
HIST 686 149
HIST 687 168
HIST 688 150
HIST 689 161
HIST 690 144
HIST 691 150
HIST 692 153
HIST 693 141
HIST 694 171
HIST 695 162
HIST 696 159
HIST 697 148
HIST 698 148
HIST 699 157
HIST 700 168
HIST 701 155
HIST 702 143
HIST 703 165
HIST 704 138
HIST 705 148
HIST 706 135
HIST 707 139
HIST 708 145
HIST 709 159
HIST 710 152
HIST 711 151
HIST 712 146
HIST 713 148
HIST 714 151
HIST 715 147
HIST 716 155
HIST 717 154
HIST 718 153
HIST 719 143
HIST 720 134
HIST 721 168
HIST 722 157
HIST 723 150
HIST 724 151
HIST 725 174
HIST 726 159
HIST 727 150
HIST 728 152
HIST 729 140
HIST 730 155
HIST 731 145
HIST 732 152
HIST 733 167
HIST 734 164
HIST 735 153
HIST 736 155
HIST 737 138
HIST 738 151
HIST 739 150
HIST 740 162
HIST 741 146
HIST 742 154
HIST 743 139
HIST 744 124
HIST 745 140
HIST 746 126
HIST 747 127
HIST 748 154
HIST 749 173
HIST 750 139
HIST 751 143
HIST 752 159
HIST 753 176
HIST 754 163
HIST 755 175
HIST 756 160
HIST 757 150
HIST 758 173
HIST 759 146
HIST 760 140
HIST 761 145
HIST 762 150
HIST 763 138
HIST 764 166
HIST 765 141
HIST 766 153
HIST 767 158
HIST 768 173
HIST 769 190
HIST 770 158
HIST 771 179
HIST 772 161
HIST 773 143
HIST 774 140
HIST 775 130
HIST 776 163
HIST 777 150
HIST 778 160
HIST 779 162
HIST 780 144
HIST 781 128
HIST 782 129
HIST 783 154
HIST 784 155
HIST 785 140
HIST 786 163
HIST 787 156
HIST 788 169
HIST 789 138
HIST 790 120
HIST 791 158
HIST 792 164
HIST 793 154
HIST 794 159
HIST 795 160
HIST 796 165
HIST 797 152
HIST 798 151
HIST 799 153
HIST 800 158
HIST 801 151
HIST 802 153
HIST 803 158
HIST 804 145
HIST 805 127
HIST 806 168
HIST 807 156
HIST 808 166
HIST 809 166
HIST 810 162
HIST 811 163
HIST 812 139
HIST 813 136
HIST 814 181
HIST 815 148
HIST 816 149
HIST 817 178
HIST 818 139
HIST 819 160
HIST 820 164
HIST 821 176
HIST 822 150
HIST 823 142
HIST 824 153
HIST 825 129
HIST 826 164
HIST 827 138
HIST 828 151
HIST 829 156
HIST 830 154
HIST 831 152
HIST 832 151
HIST 833 141
HIST 834 151
HIST 835 173
HIST 836 163
HIST 837 168
HIST 838 153
HIST 839 161
HIST 840 174
HIST 841 155
HIST 842 154
HIST 843 135
HIST 844 137
HIST 845 161
HIST 846 153
HIST 847 166
HIST 848 156
HIST 849 144
HIST 850 159
HIST 851 170
HIST 852 127
HIST 853 148
HIST 854 134
HIST 855 159
HIST 856 165
HIST 857 158
HIST 858 142
HIST 859 145
HIST 860 180
HIST 861 153
HIST 862 157
HIST 863 164
HIST 864 164
HIST 865 160
HIST 866 157
HIST 867 146
HIST 868 150
HIST 869 135
HIST 870 164
HIST 871 168
HIST 872 160
HIST 873 155
HIST 874 144
HIST 875 144
HIST 876 170
HIST 877 163
HIST 878 157
HIST 879 172
HIST 880 151
HIST 881 151
HIST 882 144
HIST 883 175
HIST 884 165
HIST 885 133
HIST 886 136
HIST 887 159
HIST 888 147
HIST 889 159
HIST 890 155
HIST 891 163
HIST 892 150
HIST 893 162
HIST 894 149
HIST 895 165
HIST 896 172
HIST 897 179
HIST 898 145
HIST 899 140
HIST 900 166
HIST 901 154
HIST 902 139
HIST 903 169
HIST 904 162
HIST 905 149
HIST 906 141
HIST 907 181
HIST 908 146
HIST 909 148
HIST 910 165
HIST 911 134
HIST 912 149
HIST 913 166
HIST 914 167
HIST 915 163
HIST 916 156
HIST 917 157
HIST 918 180
HIST 919 155
HIST 920 162
HIST 921 153
HIST 922 162
HIST 923 132
HIST 924 172
HIST 925 152
HIST 926 151
HIST 927 168
HIST 928 162
HIST 929 132
HIST 930 144
HIST 931 173
HIST 932 140
HIST 933 174
HIST 934 160
HIST 935 132
HIST 936 151
HIST 937 137
HIST 938 181
HIST 939 166
HIST 940 153
HIST 941 153
HIST 942 168
HIST 943 142
HIST 944 178
HIST 945 167
HIST 946 157
HIST 947 166
HIST 948 129
HIST 949 133
HIST 950 149
HIST 951 155
HIST 952 149
HIST 953 164
HIST 954 149
HIST 955 144
HIST 956 151
HIST 957 168
HIST 958 170
HIST 959 146
HIST 960 163
HIST 961 166
HIST 962 152
HIST 963 150
HIST 964 152
HIST 965 140
HIST 966 181
HIST 967 142
HIST 968 166
HIST 969 172
HIST 970 173
HIST 971 150
HIST 972 159
HIST 973 179
HIST 974 157
HIST 975 181
HIST 976 154
HIST 977 166
HIST 978 154
HIST 979 152
HIST 980 151
HIST 981 181
HIST 982 146
HIST 983 145
HIST 984 156
HIST 985 146
HIST 986 137
HIST 987 140
HIST 988 166
HIST 989 171
HIST 990 179
HIST 991 158
HIST 992 154
HIST 993 163
HIST 994 143
HIST 995 164
HIST 996 162
HIST 997 174
HIST 998 138
HIST 999 149
HIST 1000 150
HIST 1001 140
HIST 1002 126
HIST 1003 163
HIST 1004 146
HIST 1005 180
HIST 1006 165
HIST 1007 149
HIST 1008 163
HIST 1009 179
HIST 1010 170
HIST 1011 148
HIST 1012 170
HIST 1013 155
HIST 1014 142
HIST 1015 141
HIST 1016 163
HIST 1017 144
HIST 1018 145
HIST 1019 158
HIST 1020 144
HIST 1021 151
HIST 1022 152
HIST 1023 147
HIST 1024 167
HIST 1025 144
HIST 1026 164
HIST 1027 163
HIST 1028 153
HIST 1029 173
HIST 1030 155
HIST 1031 171
HIST 1032 161
HIST 1033 169
HIST 1034 178
HIST 1035 157
HIST 1036 144
HIST 1037 169
HIST 1038 168
HIST 1039 158
HIST 1040 144
HIST 1041 160
HIST 1042 171
HIST 1043 150
HIST 1044 180
HIST 1045 146
HIST 1046 174
HIST 1047 170
HIST 1048 161
HIST 1049 145
HIST 1050 179
HIST 1051 166
HIST 1052 167
HIST 1053 166
HIST 1054 142
HIST 1055 156
HIST 1056 143
HIST 1057 161
HIST 1058 158
HIST 1059 137
HIST 1060 163
HIST 1061 181
HIST 1062 179
HIST 1063 170
HIST 1064 164
HIST 1065 145
HIST 1066 157
HIST 1067 153
HIST 1068 169
HIST 1069 163
HIST 1070 167
HIST 1071 169
HIST 1072 168
HIST 1073 164
HIST 1074 173
HIST 1075 153
HIST 1076 179
HIST 1077 157
HIST 1078 151
HIST 1079 185
HIST 1080 149
HIST 1081 191
HIST 1082 141
HIST 1083 171
HIST 1084 164
HIST 1085 160
HIST 1086 168
HIST 1087 171
HIST 1088 161
HIST 1089 157
HIST 1090 175
HIST 1091 157
HIST 1092 164
HIST 1093 168
HIST 1094 172
HIST 1095 172
HIST 1096 180
HIST 1097 174
HIST 1098 164
HIST 1099 172
HIST 1100 167
HIST 1101 154
HIST 1102 163
HIST 1103 155
HIST 1104 175
HIST 1105 162
HIST 1106 161
HIST 1107 167
HIST 1108 162
HIST 1109 157
HIST 1110 163
HIST 1111 161
HIST 1112 184
HIST 1113 142
HIST 1114 169
HIST 1115 153
HIST 1116 139
HIST 1117 161
HIST 1118 195
HIST 1119 156
HIST 1120 171
HIST 1121 146
HIST 1122 138
HIST 1123 153
HIST 1124 170
HIST 1125 159
HIST 1126 138
HIST 1127 142
HIST 1128 165
HIST 1129 141
HIST 1130 156
HIST 1131 165
HIST 1132 156
HIST 1133 163
HIST 1134 137
HIST 1135 143
HIST 1136 185
HIST 1137 164
HIST 1138 162
HIST 1139 167
HIST 1140 152
HIST 1141 169
HIST 1142 165
HIST 1143 166
HIST 1144 181
HIST 1145 162
HIST 1146 148
HIST 1147 172
HIST 1148 152
HIST 1149 163
HIST 1150 168
HIST 1151 170
HIST 1152 154
HIST 1153 184
HIST 1154 165
HIST 1155 152
HIST 1156 167
HIST 1157 168
HIST 1158 181
HIST 1159 183
HIST 1160 182
HIST 1161 170
HIST 1162 163
HIST 1163 171
HIST 1164 195
HIST 1165 179
HIST 1166 169
HIST 1167 171
HIST 1168 161
HIST 1169 172
HIST 1170 187
HIST 1171 143
HIST 1172 155
HIST 1173 164
HIST 1174 160
HIST 1175 177
HIST 1176 186
HIST 1177 191
HIST 1178 153
HIST 1179 179
HIST 1180 161
HIST 1181 134
HIST 1182 176
HIST 1183 166
HIST 1184 178
HIST 1185 170
HIST 1186 155
HIST 1187 178
HIST 1188 159
HIST 1189 163
HIST 1190 170
HIST 1191 156
HIST 1192 135
HIST 1193 166
HIST 1194 162
HIST 1195 138
HIST 1196 181
HIST 1197 190
HIST 1198 156
HIST 1199 160
HIST 1200 171
HIST 1201 175
HIST 1202 173
HIST 1203 155
HIST 1204 141
HIST 1205 160
HIST 1206 175
HIST 1207 165
HIST 1208 165
HIST 1209 170
HIST 1210 156
HIST 1211 157
HIST 1212 167
HIST 1213 150
HIST 1214 123
HIST 1215 148
HIST 1216 166
HIST 1217 150
HIST 1218 154
HIST 1219 155
HIST 1220 167
HIST 1221 150
HIST 1222 160
HIST 1223 155
HIST 1224 154
HIST 1225 157
HIST 1226 162
HIST 1227 193
HIST 1228 155
HIST 1229 163
HIST 1230 188
HIST 1231 186
HIST 1232 165
HIST 1233 171
HIST 1234 151
HIST 1235 170
HIST 1236 155
HIST 1237 177
HIST 1238 157
HIST 1239 170
HIST 1240 140
HIST 1241 155
HIST 1242 145
HIST 1243 164
HIST 1244 166
HIST 1245 182
HIST 1246 176
HIST 1247 154
HIST 1248 173
HIST 1249 172
HIST 1250 186
HIST 1251 169
HIST 1252 143
HIST 1253 163
HIST 1254 161
HIST 1255 169
HIST 1256 189
HIST 1257 199
HIST 1258 153
HIST 1259 180
HIST 1260 175
HIST 1261 167
HIST 1262 163
HIST 1263 168
HIST 1264 183
HIST 1265 180
HIST 1266 159
HIST 1267 174
HIST 1268 186
HIST 1269 164
HIST 1270 171
HIST 1271 182
HIST 1272 177
HIST 1273 175
HIST 1274 173
HIST 1275 162
HIST 1276 186
HIST 1277 169
HIST 1278 196
HIST 1279 185
HIST 1280 160
HIST 1281 167
HIST 1282 165
HIST 1283 156
HIST 1284 169
HIST 1285 142
HIST 1286 164
HIST 1287 157
HIST 1288 165
HIST 1289 160
HIST 1290 163
HIST 1291 168
HIST 1292 194
HIST 1293 150
HIST 1294 176
HIST 1295 158
HIST 1296 170
HIST 1297 172
HIST 1298 170
HIST 1299 179
HIST 1300 174
HIST 1301 163
HIST 1302 178
HIST 1303 171
HIST 1304 167
HIST 1305 156
HIST 1306 177
HIST 1307 176
HIST 1308 180
HIST 1309 192
HIST 1310 185
HIST 1311 179
HIST 1312 194
HIST 1313 163
HIST 1314 170
HIST 1315 172
HIST 1316 165
HIST 1317 177
HIST 1318 162
HIST 1319 190
HIST 1320 198
HIST 1321 164
HIST 1322 180
HIST 1323 174
HIST 1324 159
HIST 1325 158
HIST 1326 164
HIST 1327 219
HIST 1328 166
HIST 1329 144
HIST 1330 188
HIST 1331 169
HIST 1332 187
HIST 1333 167
HIST 1334 171
HIST 1335 173
HIST 1336 178
HIST 1337 179
HIST 1338 197
HIST 1339 173
HIST 1340 172
HIST 1341 183
HIST 1342 158
HIST 1343 162
HIST 1344 173
HIST 1345 169
HIST 1346 193
HIST 1347 162
HIST 1348 162
HIST 1349 153
HIST 1350 185
HIST 1351 168
HIST 1352 184
HIST 1353 165
HIST 1354 193
HIST 1355 171
HIST 1356 192
HIST 1357 188
HIST 1358 161
HIST 1359 164
HIST 1360 170
HIST 1361 162
HIST 1362 186
HIST 1363 193
HIST 1364 184
HIST 1365 168
HIST 1366 179
HIST 1367 192
HIST 1368 187
HIST 1369 174
HIST 1370 167
HIST 1371 173
HIST 1372 184
HIST 1373 186
HIST 1374 193
HIST 1375 193
HIST 1376 192
HIST 1377 181
HIST 1378 171
HIST 1379 167
HIST 1380 176
HIST 1381 169
HIST 1382 161
HIST 1383 161
HIST 1384 197
HIST 1385 172
HIST 1386 168
HIST 1387 165
HIST 1388 211
HIST 1389 193
HIST 1390 180
HIST 1391 182
HIST 1392 163
HIST 1393 192
HIST 1394 165
HIST 1395 164
HIST 1396 185
HIST 1397 181
HIST 1398 175
HIST 1399 167
HIST 1400 184
HIST 1401 163
HIST 1402 164
HIST 1403 169
HIST 1404 203
HIST 1405 163
HIST 1406 167
HIST 1407 182
HIST 1408 196
HIST 1409 172
HIST 1410 181
HIST 1411 181
HIST 1412 165
HIST 1413 166
HIST 1414 167
HIST 1415 162
HIST 1416 168
HIST 1417 163
HIST 1418 174
HIST 1419 177
HIST 1420 173
HIST 1421 151
HIST 1422 182
HIST 1423 203
HIST 1424 181
HIST 1425 167
HIST 1426 198
HIST 1427 163
HIST 1428 168
HIST 1429 187
HIST 1430 186
HIST 1431 180
HIST 1432 178
HIST 1433 187
HIST 1434 197
HIST 1435 179
HIST 1436 197
HIST 1437 153
HIST 1438 175
HIST 1439 191
HIST 1440 192
HIST 1441 171
HIST 1442 171
HIST 1443 181
HIST 1444 167
HIST 1445 196
HIST 1446 179
HIST 1447 175
HIST 1448 167
HIST 1449 202
HIST 1450 176
HIST 1451 161
HIST 1452 182
HIST 1453 171
HIST 1454 158
HIST 1455 193
HIST 1456 197
HIST 1457 186
HIST 1458 175
HIST 1459 199
HIST 1460 162
HIST 1461 161
HIST 1462 180
HIST 1463 181
HIST 1464 179
HIST 1465 198
HIST 1466 202
HIST 1467 187
HIST 1468 167
HIST 1469 181
HIST 1470 204
HIST 1471 165
HIST 1472 180
HIST 1473 186
HIST 1474 194
HIST 1475 173
HIST 1476 158
HIST 1477 193
HIST 1478 159
HIST 1479 188
HIST 1480 165
HIST 1481 175
HIST 1482 196
HIST 1483 188
HIST 1484 191
HIST 1485 178
HIST 1486 178
HIST 1487 167
HIST 1488 193
HIST 1489 184
HIST 1490 179
HIST 1491 191
HIST 1492 175
HIST 1493 193
HIST 1494 190
HIST 1495 156
HIST 1496 163
HIST 1497 184
HIST 1498 179
HIST 1499 174
HIST 1500 165
HIST 1501 183
HIST 1502 201
HIST 1503 178
HIST 1504 200
HIST 1505 194
HIST 1506 206
HIST 1507 179
HIST 1508 174
HIST 1509 190
HIST 1510 189
HIST 1511 192
HIST 1512 166
HIST 1513 174
HIST 1514 204
HIST 1515 163
HIST 1516 199
HIST 1517 211
HIST 1518 173
HIST 1519 199
HIST 1520 183
HIST 1521 163
HIST 1522 194
HIST 1523 197
HIST 1524 182
HIST 1525 167
HIST 1526 213
HIST 1527 180
HIST 1528 192
HIST 1529 212
HIST 1530 177
HIST 1531 196
HIST 1532 192
HIST 1533 188
HIST 1534 182
HIST 1535 154
HIST 1536 157
HIST 1537 202
HIST 1538 179
HIST 1539 196
HIST 1540 194
HIST 1541 173
HIST 1542 188
HIST 1543 196
HIST 1544 175
HIST 1545 199
HIST 1546 190
HIST 1547 190
HIST 1548 186
HIST 1549 207
HIST 1550 163
HIST 1551 172
HIST 1552 185
HIST 1553 175
HIST 1554 191
HIST 1555 181
HIST 1556 188
HIST 1557 191
HIST 1558 191
HIST 1559 178
HIST 1560 192
HIST 1561 159
HIST 1562 178
HIST 1563 216
HIST 1564 199
HIST 1565 195
HIST 1566 203
HIST 1567 174
HIST 1568 177
HIST 1569 215
HIST 1570 177
HIST 1571 193
HIST 1572 166
HIST 1573 190
HIST 1574 193
HIST 1575 181
HIST 1576 199
HIST 1577 179
HIST 1578 204
HIST 1579 201
HIST 1580 197
HIST 1581 212
HIST 1582 198
HIST 1583 176
HIST 1584 183
HIST 1585 217
HIST 1586 181
HIST 1587 195
HIST 1588 180
HIST 1589 203
HIST 1590 193
HIST 1591 212
HIST 1592 169
HIST 1593 13857
HIST 1594 261
HIST 1595 233
HIST 1596 240
HIST 1597 216
HIST 1598 259
HIST 1599 248
HIST 1600 255
HIST 1601 263
HIST 1602 289
HIST 1603 254
HIST 1604 231
HIST 1605 285
HIST 1606 260
HIST 1607 247
HIST 1608 240
HIST 1609 275
HIST 1610 259
HIST 1611 265
HIST 1612 251
HIST 1613 287
HIST 1614 246
HIST 1615 263
HIST 1616 241
HIST 1617 293
HIST 1618 240
HIST 1619 273
HIST 1620 239
HIST 1621 265
HIST 1622 283
HIST 1623 263
HIST 1624 280
HIST 1625 220
HIST 1626 300
HIST 1627 234
HIST 1628 262
HIST 1629 260
HIST 1630 235
HIST 1631 281
HIST 1632 281
HIST 1633 290
HIST 1634 271
HIST 1635 271
HIST 1636 258
HIST 1637 262
HIST 1638 270
HIST 1639 259
HIST 1640 274
HIST 1641 285
HIST 1642 273
HIST 1643 261
HIST 1644 265
HIST 1645 282
HIST 1646 241
HIST 1647 257
HIST 1648 254
HIST 1649 255
HIST 1650 277
HIST 1651 240
HIST 1652 240
HIST 1653 255
HIST 1654 278
HIST 1655 267
HIST 1656 264
HIST 1657 287
HIST 1658 270
HIST 1659 270
HIST 1660 292
HIST 1661 233
HIST 1662 290
HIST 1663 254
HIST 1664 268
HIST 1665 265
HIST 1666 267
HIST 1667 249
HIST 1668 244
HIST 1669 285
HIST 1670 288
HIST 1671 274
HIST 1672 255
HIST 1673 249
HIST 1674 269
HIST 1675 237
HIST 1676 249
HIST 1677 282
HIST 1678 250
HIST 1679 238
HIST 1680 258
HIST 1681 238
HIST 1682 282
HIST 1683 271
HIST 1684 260
HIST 1685 273
HIST 1686 247
HIST 1687 270
HIST 1688 256
HIST 1689 269
HIST 1690 264
HIST 1691 257
HIST 1692 271
HIST 1693 263
HIST 1694 301
HIST 1695 257
HIST 1696 251
HIST 1697 281
HIST 1698 260
HIST 1699 241
HIST 1700 268
HIST 1701 254
HIST 1702 268
HIST 1703 264
HIST 1704 281
HIST 1705 272
HIST 1706 256
HIST 1707 278
HIST 1708 268
HIST 1709 277
HIST 1710 278
HIST 1711 270
HIST 1712 256
HIST 1713 256
HIST 1714 261
HIST 1715 266
HIST 1716 308
HIST 1717 279
HIST 1718 282
HIST 1719 264
HIST 1720 263
HIST 1721 273
HIST 1722 256
HIST 1723 257
HIST 1724 288
HIST 1725 278
HIST 1726 249
HIST 1727 270
HIST 1728 273
HIST 1729 261
HIST 1730 274
HIST 1731 269
HIST 1732 272
HIST 1733 291
HIST 1734 249
HIST 1735 242
HIST 1736 273
HIST 1737 249
HIST 1738 267
HIST 1739 247
HIST 1740 279
HIST 1741 290
HIST 1742 272
HIST 1743 282
HIST 1744 250
HIST 1745 271
HIST 1746 270
HIST 1747 249
HIST 1748 265
HIST 1749 257
HIST 1750 278
HIST 1751 284
HIST 1752 276
HIST 1753 273
HIST 1754 272
HIST 1755 244
HIST 1756 275
HIST 1757 272
HIST 1758 270
HIST 1759 278
HIST 1760 247
HIST 1761 261
HIST 1762 251
HIST 1763 265
HIST 1764 273
HIST 1765 289
HIST 1766 278
HIST 1767 257
HIST 1768 274
HIST 1769 295
HIST 1770 253
HIST 1771 285
HIST 1772 274
HIST 1773 263
HIST 1774 282
HIST 1775 286
HIST 1776 255
HIST 1777 251
HIST 1778 284
HIST 1779 255
HIST 1780 250
HIST 1781 288
HIST 1782 270
HIST 1783 277
HIST 1784 252
HIST 1785 295
HIST 1786 248
HIST 1787 267
HIST 1788 246
HIST 1789 254
HIST 1790 302
HIST 1791 290
HIST 1792 262
HIST 1793 287
HIST 1794 214
HIST 1795 288
HIST 1796 277
HIST 1797 265
HIST 1798 300
HIST 1799 264
HIST 1800 273
HIST 1801 275
HIST 1802 286
HIST 1803 243
HIST 1804 270
HIST 1805 292
HIST 1806 280
HIST 1807 279
HIST 1808 267
HIST 1809 251
HIST 1810 277
HIST 1811 299
HIST 1812 287
HIST 1813 270
HIST 1814 304
HIST 1815 293
HIST 1816 266
HIST 1817 282
HIST 1818 262
HIST 1819 286
HIST 1820 265
HIST 1821 238
HIST 1822 262
HIST 1823 280
HIST 1824 268
HIST 1825 284
HIST 1826 285
HIST 1827 281
HIST 1828 288
HIST 1829 275
HIST 1830 293
HIST 1831 289
HIST 1832 278
HIST 1833 274
HIST 1834 296
HIST 1835 271
HIST 1836 265
HIST 1837 275
HIST 1838 306
HIST 1839 328
HIST 1840 268
HIST 1841 255
HIST 1842 298
HIST 1843 245
HIST 1844 301
HIST 1845 296
HIST 1846 264
HIST 1847 255
HIST 1848 258
HIST 1849 263
HIST 1850 286
HIST 1851 289
HIST 1852 239
HIST 1853 315
HIST 1854 272
HIST 1855 278
HIST 1856 307
HIST 1857 300
HIST 1858 278
HIST 1859 303
HIST 1860 294
HIST 1861 289
HIST 1862 276
HIST 1863 290
HIST 1864 277
HIST 1865 286
HIST 1866 298
HIST 1867 287
HIST 1868 311
HIST 1869 284
HIST 1870 271
HIST 1871 257
HIST 1872 264
HIST 1873 281
HIST 1874 268
HIST 1875 274
HIST 1876 283
HIST 1877 283
HIST 1878 301
HIST 1879 281
HIST 1880 307
HIST 1881 279
HIST 1882 278
HIST 1883 316
HIST 1884 286
HIST 1885 248
HIST 1886 290
HIST 1887 304
HIST 1888 288
HIST 1889 262
HIST 1890 293
HIST 1891 298
HIST 1892 289
HIST 1893 269
HIST 1894 263
HIST 1895 267
HIST 1896 299
HIST 1897 285
HIST 1898 281
HIST 1899 261
HIST 1900 294
HIST 1901 263
HIST 1902 262
HIST 1903 306
HIST 1904 287
HIST 1905 286
HIST 1906 238
HIST 1907 280
HIST 1908 308
HIST 1909 305
HIST 1910 277
HIST 1911 245
HIST 1912 250
HIST 1913 303
HIST 1914 288
HIST 1915 300
HIST 1916 314
HIST 1917 263
HIST 1918 302
HIST 1919 273
HIST 1920 281
HIST 1921 344
HIST 1922 279
HIST 1923 252
HIST 1924 256
HIST 1925 241
HIST 1926 254
HIST 1927 283
HIST 1928 277
HIST 1929 284
HIST 1930 272
HIST 1931 260
HIST 1932 274
HIST 1933 271
HIST 1934 259
HIST 1935 290
HIST 1936 264
HIST 1937 248
HIST 1938 309
HIST 1939 238
HIST 1940 268
HIST 1941 244
HIST 1942 276
HIST 1943 240
HIST 1944 259
HIST 1945 289
HIST 1946 260
HIST 1947 247
HIST 1948 269
HIST 1949 248
HIST 1950 238
HIST 1951 265
HIST 1952 276
HIST 1953 263
HIST 1954 270
HIST 1955 252
HIST 1956 254
HIST 1957 259
HIST 1958 266
HIST 1959 281
HIST 1960 265
HIST 1961 270
HIST 1962 238
HIST 1963 272
HIST 1964 259
HIST 1965 249
HIST 1966 274
HIST 1967 248
HIST 1968 246
HIST 1969 260
HIST 1970 284
HIST 1971 250
HIST 1972 271
HIST 1973 271
HIST 1974 282
HIST 1975 269
HIST 1976 270
HIST 1977 264
HIST 1978 262
HIST 1979 253
HIST 1980 291
HIST 1981 259
HIST 1982 280
HIST 1983 275
HIST 1984 258
HIST 1985 261
HIST 1986 266
HIST 1987 251
HIST 1988 270
HIST 1989 274
HIST 1990 265
HIST 1991 280
HIST 1992 229
HIST 1993 263
HIST 1994 291
HIST 1995 254
HIST 1996 264
HIST 1997 250
HIST 1998 294
HIST 1999 270
HIST 2000 279
HIST 2001 288
HIST 2002 264
HIST 2003 300
HIST 2004 290
HIST 2005 277
HIST 2006 264
HIST 2007 274
HIST 2008 280
HIST 2009 275
HIST 2010 252
HIST 2011 241
HIST 2012 266
HIST 2013 265
HIST 2014 272
HIST 2015 292
HIST 2016 269
HIST 2017 279
HIST 2018 275
HIST 2019 258
HIST 2020 262
HIST 2021 236
HIST 2022 272
HIST 2023 292
HIST 2024 271
HIST 2025 289
HIST 2026 280
HIST 2027 283
HIST 2028 260
HIST 2029 263
HIST 2030 254
HIST 2031 307
HIST 2032 285
HIST 2033 259
HIST 2034 263
HIST 2035 247
HIST 2036 295
HIST 2037 280
HIST 2038 266
HIST 2039 286
HIST 2040 266
HIST 2041 259
HIST 2042 280
HIST 2043 299
HIST 2044 253
HIST 2045 300
HIST 2046 272
HIST 2047 290
HIST 2048 263
HIST 2049 280
HIST 2050 241
HIST 2051 253
HIST 2052 289
HIST 2053 292
HIST 2054 267
HIST 2055 307
HIST 2056 273
HIST 2057 261
HIST 2058 298
HIST 2059 308
HIST 2060 284
HIST 2061 276
HIST 2062 284
HIST 2063 311
HIST 2064 256
HIST 2065 280
HIST 2066 305
HIST 2067 278
HIST 2068 277
HIST 2069 285
HIST 2070 284
HIST 2071 296
HIST 2072 261
HIST 2073 298
HIST 2074 292
HIST 2075 404
HIST 2076 294
HIST 2077 276
HIST 2078 273
HIST 2079 288
HIST 2080 280
HIST 2081 273
HIST 2082 265
HIST 2083 280
HIST 2084 282
HIST 2085 286
HIST 2086 282
HIST 2087 344
HIST 2088 322
HIST 2089 275
HIST 2090 305
HIST 2091 265
HIST 2092 321
HIST 2093 291
HIST 2094 324
HIST 2095 311
HIST 2096 276
HIST 2097 288
HIST 2098 309
HIST 2099 294
HIST 2100 313
HIST 2101 306
HIST 2102 326
HIST 2103 285
HIST 2104 38327
HIST 2105 347
HIST 2106 326
HIST 2107 339
HIST 2108 359
HIST 2109 357
HIST 2110 351
HIST 2111 369
HIST 2112 379
HIST 2113 362
HIST 2114 360
HIST 2115 398
HIST 2116 371
HIST 2117 334
HIST 2118 341
HIST 2119 362
HIST 2120 360
HIST 2121 363
HIST 2122 365
HIST 2123 365
HIST 2124 401
HIST 2125 350
HIST 2126 362
HIST 2127 350
HIST 2128 330
HIST 2129 341
HIST 2130 378
HIST 2131 361
HIST 2132 396
HIST 2133 317
HIST 2134 353
HIST 2135 372
HIST 2136 379
HIST 2137 343
HIST 2138 354
HIST 2139 364
HIST 2140 366
HIST 2141 352
HIST 2142 386
HIST 2143 378
HIST 2144 346
HIST 2145 375
HIST 2146 370
HIST 2147 353
HIST 2148 344
HIST 2149 378
HIST 2150 369
HIST 2151 330
HIST 2152 365
HIST 2153 376
HIST 2154 388
HIST 2155 395
HIST 2156 349
HIST 2157 368
HIST 2158 342
HIST 2159 379
HIST 2160 362
HIST 2161 390
HIST 2162 362
HIST 2163 365
HIST 2164 350
HIST 2165 367
HIST 2166 355
HIST 2167 370
HIST 2168 372
HIST 2169 356
HIST 2170 385
HIST 2171 372
HIST 2172 362
HIST 2173 376
HIST 2174 387
HIST 2175 390
HIST 2176 372
HIST 2177 387
HIST 2178 359
HIST 2179 382
HIST 2180 374
HIST 2181 357
HIST 2182 350
HIST 2183 367
HIST 2184 357
HIST 2185 388
HIST 2186 378
HIST 2187 385
HIST 2188 380
HIST 2189 409
HIST 2190 394
HIST 2191 407
HIST 2192 398
HIST 2193 373
HIST 2194 417
HIST 2195 367
HIST 2196 426
HIST 2197 418
HIST 2198 383
HIST 2199 416
HIST 2200 370
HIST 2201 344
HIST 2202 373
HIST 2203 355
HIST 2204 371
HIST 2205 382
HIST 2206 433
HIST 2207 389
HIST 2208 400
HIST 2209 394
HIST 2210 367
HIST 2211 395
HIST 2212 391
HIST 2213 421
HIST 2214 387
HIST 2215 416
HIST 2216 378
HIST 2217 348
HIST 2218 388
HIST 2219 396
HIST 2220 400
HIST 2221 415
HIST 2222 398
HIST 2223 395
HIST 2224 398
HIST 2225 386
HIST 2226 397
HIST 2227 395
HIST 2228 370
HIST 2229 388
HIST 2230 382
HIST 2231 401
HIST 2232 398
HIST 2233 427
HIST 2234 389
HIST 2235 397
HIST 2236 377
HIST 2237 395
HIST 2238 376
HIST 2239 405
HIST 2240 399
HIST 2241 413
HIST 2242 402
HIST 2243 409
HIST 2244 412
HIST 2245 374
HIST 2246 395
HIST 2247 408
HIST 2248 387
HIST 2249 397
HIST 2250 388
HIST 2251 431
HIST 2252 414
HIST 2253 408
HIST 2254 408
HIST 2255 378
HIST 2256 447
HIST 2257 395
HIST 2258 433
HIST 2259 413
HIST 2260 410
HIST 2261 432
HIST 2262 418
HIST 2263 402
HIST 2264 378
HIST 2265 423
HIST 2266 392
HIST 2267 397
HIST 2268 374
HIST 2269 408
HIST 2270 404
HIST 2271 394
HIST 2272 450
HIST 2273 447
HIST 2274 438
HIST 2275 426
HIST 2276 423
HIST 2277 406
HIST 2278 384
HIST 2279 438
HIST 2280 426
HIST 2281 415
HIST 2282 423
HIST 2283 389
HIST 2284 410
HIST 2285 436
HIST 2286 431
HIST 2287 425
HIST 2288 420
HIST 2289 420
HIST 2290 397
HIST 2291 404
HIST 2292 428
HIST 2293 419
HIST 2294 403
HIST 2295 436
HIST 2296 412
HIST 2297 420
HIST 2298 410
HIST 2299 424
HIST 2300 399
HIST 2301 441
HIST 2302 428
HIST 2303 389
HIST 2304 465
HIST 2305 413
HIST 2306 452
HIST 2307 441
HIST 2308 400
HIST 2309 435
HIST 2310 456
HIST 2311 409
HIST 2312 388
HIST 2313 396
HIST 2314 422
HIST 2315 395
HIST 2316 422
HIST 2317 431
HIST 2318 422
HIST 2319 424
HIST 2320 365
HIST 2321 404
HIST 2322 431
HIST 2323 433
HIST 2324 422
HIST 2325 440
HIST 2326 429
HIST 2327 439
HIST 2328 433
HIST 2329 411
HIST 2330 441
HIST 2331 417
HIST 2332 463
HIST 2333 426
HIST 2334 439
HIST 2335 419
HIST 2336 418
HIST 2337 438
HIST 2338 451
HIST 2339 443
HIST 2340 437
HIST 2341 436
HIST 2342 466
HIST 2343 414
HIST 2344 395
HIST 2345 447
HIST 2346 421
HIST 2347 425
HIST 2348 463
HIST 2349 414
HIST 2350 421
HIST 2351 390
HIST 2352 446
HIST 2353 396
HIST 2354 429
HIST 2355 419
HIST 2356 467
HIST 2357 454
HIST 2358 444
HIST 2359 431
HIST 2360 438
HIST 2361 468
HIST 2362 431
HIST 2363 431
HIST 2364 433
HIST 2365 452
HIST 2366 430
HIST 2367 438
HIST 2368 453
HIST 2369 441
HIST 2370 467
HIST 2371 447
HIST 2372 434
HIST 2373 468
HIST 2374 453
HIST 2375 437
HIST 2376 418
HIST 2377 416
HIST 2378 402
HIST 2379 412
HIST 2380 418
HIST 2381 398
HIST 2382 316
HIST 2383 317
HIST 2384 307
HIST 2385 255
HIST 2386 246
HIST 2387 257
HIST 2388 259
HIST 2389 244
HIST 2390 261
HIST 2391 243
HIST 2392 201
HIST 2393 210
HIST 2394 230
HIST 2395 199
HIST 2396 250
HIST 2397 218
HIST 2398 207
HIST 2399 189
HIST 2400 188
HIST 2401 226
HIST 2402 194
HIST 2403 186
HIST 2404 216
HIST 2405 178
HIST 2406 172
HIST 2407 175
HIST 2408 185
HIST 2409 169
HIST 2410 181
HIST 2411 160
HIST 2412 177
HIST 2413 193
HIST 2414 145
HIST 2415 169
HIST 2416 158
HIST 2417 160
HIST 2418 163
HIST 2419 144
HIST 2420 163
HIST 2421 119
HIST 2422 167
HIST 2423 130
HIST 2424 153
HIST 2425 146
HIST 2426 144
HIST 2427 134
HIST 2428 122
HIST 2429 124
HIST 2430 135
HIST 2431 119
HIST 2432 117
HIST 2433 122
HIST 2434 109
HIST 2435 118
HIST 2436 109
HIST 2437 115
HIST 2438 105
HIST 2439 94
HIST 2440 114
HIST 2441 83
HIST 2442 77
HIST 2443 96
HIST 2444 108
HIST 2445 104
HIST 2446 85
HIST 2447 92
HIST 2448 76
HIST 2449 75
HIST 2450 115
HIST 2451 96
HIST 2452 92
HIST 2453 66
HIST 2454 72
HIST 2455 72
HIST 2456 72
HIST 2457 72
HIST 2458 61
HIST 2459 69
HIST 2460 73
HIST 2461 71
HIST 2462 54
HIST 2463 59
HIST 2464 47
HIST 2465 52
HIST 2466 61
HIST 2467 51
HIST 2468 65
HIST 2469 54
HIST 2470 42
HIST 2471 44
HIST 2472 46
HIST 2473 46
HIST 2474 46
HIST 2475 51
HIST 2476 36
HIST 2477 47
HIST 2478 36
HIST 2479 28
HIST 2480 36
HIST 2481 49
HIST 2482 27
HIST 2483 26
HIST 2484 35
HIST 2485 24
HIST 2486 29
HIST 2487 15
HIST 2488 25
HIST 2489 30
HIST 2490 27
HIST 2491 22
HIST 2492 23
HIST 2493 14
HIST 2494 27
HIST 2495 26
HIST 2496 18
HIST 2497 21
HIST 2498 21
HIST 2499 15
HIST 2500 20
HIST 2501 19
HIST 2502 19
HIST 2503 20
HIST 2504 7
HIST 2505 13
HIST 2506 11
HIST 2507 18
HIST 2508 14
HIST 2509 12
HIST 2510 12
HIST 2511 16
HIST 2512 9
HIST 2513 8
HIST 2514 13
HIST 2515 6
HIST 2516 11
HIST 2517 11
HIST 2518 6
HIST 2519 15
HIST 2520 8
HIST 2521 3
HIST 2522 3
HIST 2523 9
HIST 2524 8
HIST 2525 5
HIST 2526 11
HIST 2527 4
HIST 2528 5
HIST 2529 8
HIST 2530 4
HIST 2531 5
HIST 2532 3
HIST 2533 5
HIST 2534 3
HIST 2535 9
HIST 2536 1
HIST 2537 8
HIST 2538 5
HIST 2539 5
HIST 2540 7
HIST 2541 5
HIST 2542 2
HIST 2543 1
HIST 2544 3
HIST 2545 4
HIST 2546 3
HIST 2548 2
HIST 2549 2
HIST 2550 6
HIST 2551 4
HIST 2552 5
HIST 2553 2
HIST 2554 2
HIST 2555 1
HIST 2556 1
HIST 2557 1
HIST 2558 3
HIST 2561 1
HIST 2562 3
HIST 2563 2
HIST 2565 2
HIST 2566 3
HIST 2567 3
HIST 2572 1
HIST 2573 1
HIST 2574 2
HIST 2575 1
HIST 2577 2
HIST 2580 2
HIST 2581 36
HIST 2582 126
HIST 2583 4
HIST 2584 5
HIST 2585 1
HIST 2586 427
HIST 2587 1
HIST 2588 1
HIST 2590 1
HIST 2591 1
HIST 2595 2
HIST 2610 2
HIST 2615 182529
HISTEND
