== полоса П25, `AMBER23`: OverflowException в DrawFWHM ==
плечо: ПОСЛЕ правки (ожидаю тишину)

сборка приложения: C:\Users\moroz\source\repos\BQ Eng res .NET 4.8\tools\effmaker\probes\build_p25\BecquerelMonitor.exe
собрана:           12.09.2026 20:20:47
sha256 сборки:     48083fff06aebe707b87c8a348902ebc9dd216de529c48db54909f467f2c8657
рабочий каталог:   C:\Users\moroz\source\repos\BQ Eng res .NET 4.8\tools\effmaker\probes\build_p25
процесс пробы:     целевая платформа входной сборки=.NETFramework,Version=v4.8, NoAsyncCurrentCulture=по умолчанию платформы
холст:             800×600
клип координат:    GdiCoordinateLimit = 536870912

§1 механизм — DrawLine(int…) на Bitmap 800×600
  y = −(2³⁰+2¹⁶): OverflowException: Overflow error.
  ✔ положительный контроль механизма: за пределом GDI+ бросает OverflowException
  отрезки на пределе клипа ±536870912: диагональ тишина; антидиагональ тишина; одна координата тишина
  ✔ предел клипа приложения GDI+ принимает (обе диагонали и одна координата)
  GdiCoordinate: NaN→536870912 Infinity→536870912 -Infinity→-536870912 1E+300→536870912 -1E+300→-536870912 12.7→12 -12.7→-12 0→0
  ✔ GdiCoordinate держит NaN/±∞/±1e300 в пределе и не трогает обычные числа

§2 сцена 1 — пик 4000000 отсчётов/канал в канале 1000, выделение 950…1050, линейная шкала, MinMax, окно на нулях (×8, каналы 0…92, выделение правее окна), полный OnPaint
  вид: height=564 width=742 verticalScale=4000200.000 scrollBaseY=-2256112236 scrollY=-2147483648 scrollX=0 окно подгонки: каналы 0…87 max=1.05 min=0.00 vScroll(вкл max=-2147483648 value=-2147483648)
  исключения нет; жёлтых точек в кадре: 0
  ✔ плечо ПОСЛЕ: сцена 1 без исключения

§3 развёртка по M (та же сцена 1) — порог падения при двух положениях вертикальной прокрутки и состояние `RecalcScrollBar`
  M            | прокрутка | исход                | verticalScale  | scrollY      | vScroll: вкл  Maximum      Value
  250000       | подгонка  | тишина               | 250200.0       | 141112236    | да   141112800    141112236
  250000       | верх      | тишина               | 250200.0       | 0            | да   141112800    0
  500000       | подгонка  | тишина               | 500200.0       | 282112235    | да   282112800    282112235
  500000       | верх      | тишина               | 500200.0       | 0            | да   282112800    0
  1000000      | подгонка  | тишина               | 1000200.0      | 564112236    | да   564112800    564112236
  1000000      | верх      | тишина               | 1000200.0      | 0            | да   564112800    0
  2000000      | подгонка  | тишина               | 2000200.0      | 1128112236   | да   1128112800   1128112236
  2000000      | верх      | тишина               | 2000200.0      | 0            | да   1128112800   0
  4000000      | подгонка  | тишина               | 4000200.0      | -2147483648  | да   -2147483648  -2147483648
  4000000      | верх      | тишина               | 4000200.0      | -2147483648  | да   -2147483648  -2147483648
  8000000      | подгонка  | тишина               | 8000200.0      | -2147483648  | да   -2147483648  -2147483648
  8000000      | верх      | тишина               | 8000200.0      | -2147483648  | да   -2147483648  -2147483648
  (факт для строки, не приёмка: при height·verticalScale > int.MaxValue `RecalcScrollBar` считает в int с переносом —
   Maximum и Value полосы становятся int.MinValue; «верх» = человек увёл вертикальную прокрутку в начало)

§4 сцена 2 — тот же спектр, весь на экране (FitHorizontalScale), выделение в окне, полный OnPaint
  вид: height=564 width=742 verticalScale=1.000 scrollBaseY=0 scrollY=0 scrollX=0 окно подгонки: каналы 0…4091 max=4200210.00 min=0.00 vScroll(ВЫКЛ max=0 value=0)
  ✔ scene2: без исключения (оба плеча)
  жёлтых точек в кадре: 542; полуширина по выделению: 28.26 кан.
  ✔ scene2: ломаная полуширины нарисована (жёлтых точек > 0)
  ✔ scene2: verticalScale ≈ 1 (подгонка по видимому окну со всем спектром)
  кадр: C:\Users\moroz\source\repos\BQ Eng res .NET 4.8\handover\p25-amber23\scene2_after.png  sha256 fb43d48313c8ce761e4efe2efac984ea66e54660e23c6d2ed77492e5884bea61
  сравнение с C:\Users\moroz\source\repos\BQ Eng res .NET 4.8\handover\p25-amber23\scene2_before.png: размер тот же, отличающихся точек 0
  ✔ scene2: кадр попиксельно совпадает с кадром ДО-плеча

§4 сцена 3 — увеличение ×8, окно на пике (каналы ≈957…1049), выделение 950…1050 видно частично, полный OnPaint
  вид: height=564 width=742 verticalScale=1.000 scrollBaseY=0 scrollY=0 scrollX=-7656 окно подгонки: каналы 952…1044 max=4200210.00 min=1511.16 vScroll(ВЫКЛ max=0 value=0)
  ✔ scene3: без исключения (оба плеча)
  жёлтых точек в кадре: 764; полуширина по выделению: 28.26 кан.
  ✔ scene3: ломаная полуширины нарисована (жёлтых точек > 0)
  кадр: C:\Users\moroz\source\repos\BQ Eng res .NET 4.8\handover\p25-amber23\scene3_after.png  sha256 d0fced2493c36dc31e55357a23d37d37f70c36d516c4cd074c11d287a16735eb
  сравнение с C:\Users\moroz\source\repos\BQ Eng res .NET 4.8\handover\p25-amber23\scene3_before.png: размер тот же, отличающихся точек 0
  ✔ scene3: кадр попиксельно совпадает с кадром ДО-плеча


РАСХОЖДЕНИЙ НЕТ
