склад витрины: D:\BqMoni_Claude\p183\wt\tools\fsa_showcase\store; сцен 2: ASN16_point_house, ASN16_rn_side; пробы: D:\BqMoni_Claude\p188\build_p188_rel; физика 26
приложение у проб: 30.09 09:44:17 sha256 FE6AF18EC2473D66
контроль на 2 узлах (A77): код 1 (1 = «есть шумные», ожидаемо на 400 k), сцен с клеймом phys=26: 2 из 2, 14 с
      клеймо   : phys=26;e04de41f9e491191c363da6454169cc4859347ddba572685f4495244936e5ecb
      счёт     : 11.1 с ЦП, 13.85 мкс на историю  <- сравнивать надо ЭТО
      клеймо   : phys=26;eab11250114fad18004b3e4c346df86da6e213a67d38394e54624d425db47d60
      счёт     : 7.1 с ЦП, 8.93 мкс на историю  <- сравнивать надо ЭТО
   матриц: 2 — посчитано 2, пропущено 0 (клеймо сошлось); всего 0.2 мин
матрицы: код 0, 1362 с
      сетка κ  : 200000 точек по 2 истории — в «мкс на историю» НЕ входят (замер узлов — с --jnodes=0)
      клеймо   : phys=26;37712a71961888bca533ec79669c3174feefccb482e9533ca4eedefd5d018978
      счёт     : 4031.8 с ЦП, 9.33 мкс на историю  <- сравнивать надо ЭТО
      сетка κ  : 200000 точек по 2 истории — в «мкс на историю» НЕ входят (замер узлов — с --jnodes=0)
   матриц: 2 — посчитано 2, пропущено 0 (клеймо сошлось); всего 22.5 мин
   ВСЕ СОШЛИСЬ
кривые: код 0, 1382 с
   Привязка кривой и матрицы к спектрам понятной части (B1)
   кривая: 5-3000 кэВ, 200000 историй на узел; розыгрыш точки вылета: автоматика (полевая сцена — важностный, клеймо imp=1; прочие — равномерный); порог шумной кри
      разброс  : медиана 1.47 % (узлы от 40 кэВ), худший узел 56.40 % на 6.2 кэВ (ESS 3 из 200000 историй), узлов выше 5 %: 0 из 34; ниже 40 кэВ — медиана 0.82 % (
      guid     : b8a158da-14a3-b2e3-2511-9b3315c75da2
      спектр   : ASN16_Radon_filter2 (1 записей ResultData)
   геометрий в описи: 1 — посчитано 1, пропущено 0 (клеймо и геометрия сошлись); записей проставлено: 1
   ВСЕ СОШЛИСЬ
   ASN16_rn_side.rmx                         10     26    3000000   144    7    1.21%    1.61%   нет
   
     версия физики: 26 — 2
     историй на узел: 3000000 — 2
     каналов у матрицы: 7 — 2 (код знает 7)
     с конусом: 0 из 2
     шумных (худший СУДИМЫЙ узел выше 1.00 %): 2
     континуума нет (шум ≥ 99 %): 43 узлов по складу, судятся узлы от 50 кэВ
   
   НАХОДОК: 2
     ASN16_point_house.rmx: шум худшего узла 1.10 % при пороге 1.00 %
     ASN16_rn_side.rmx: шум худшего узла 1.61 % при пороге 1.00 %
  ASN16_point_house.rmx  734342 байт  sha256 29F4CBAC3B51EAEC
  ASN16_rn_side.rmx  728554 байт  sha256 3AE2D7B935130C6A
готово за 1382 с
