→ python D:\BqMoni_Claude\p183\wt\tools\check_fsa_showcase.py --snapshot
каталог проб: D:\BqMoni_Claude\p183\wt\tools\effmaker\probes\build (заверен 2026-09-30 09:47:55 из D:\BqMoni_Claude\p183\wt\BecquerelMonitor\bin\Debug_p188)
  ⚠ сверено: набор приложения 5310100074c2 (551 файлов), набор FsaStackShot 754d7f2b4b58 (6 файлов), sha двух exe
свежесть каталога проб: сошлась с деревом (T226, 0.7 с)
рабочий каталог: D:\BqMoni_Claude\p183\wt\tools\fsa_showcase\wd (скопировано 0, снято 0; приборов 3, матриц 4)
прогон FsaStackShot (5 спектров, 9 пар):
  ASN16_Cs137_house / infer_eq: 3.0 с
  ASN16_Cs137_house / infer_eq_peak: 2.9 с
  ASN16_Cs137_house / infer_eq_compton: 2.9 с
  AS80_Th232_disk / infer_eq: 6.2 с
  ASN16_Radon_filter2 / chain_eq: 7.2 с
  ASN16_Radon_filter2 / chain_noeq: 7.5 с
  G1S24_Rn222Coal_eq01 / sample_eq: 5.1 с
  G1S24_Rn222Coal_eq01 / sample_noeq: 4.5 с
  ASN16_Cs137_10cm / sample_nomatrix: 1.1 с

ПЕРЕОБЪЯВЛЕНИЕ ASN16_Cs137_house / infer_eq: 110 расхождений с прежним эталоном (2026-09-30 01:35):
  спектр                 режим          полоса           компонент                                  было              стало              Δ
  ASN16_Cs137_house      infer_eq       0-30 кэВ         Backscatter                         1439101.275        1437430.789 -1670.486 (-0.12 %)
  ASN16_Cs137_house      infer_eq       0-30 кэВ         Cs-137                             17927339.979       17927098.741 -241.238 (-0.00 %)
  ASN16_Cs137_house      infer_eq       0-30 кэВ         Xray-Pb                               71248.226          74094.109 2845.883 (+3.99 %)
  ASN16_Cs137_house      infer_eq       0-30 кэВ         Xray-Pb-L                           1168891.301        1164702.128 -4189.173 (-0.36 %)
  ASN16_Cs137_house      infer_eq       0-30 кэВ         continuum_raw                         47281.868          45760.453 -1521.415 (-3.22 %)
  ASN16_Cs137_house      infer_eq       0-30 кэВ         excess_fit                          2636001.710        2630187.191 -5814.519 (-0.22 %)
  ASN16_Cs137_house      infer_eq       0-30 кэВ         excess_net                          2636001.710        2630187.191 -5814.519 (-0.22 %)
  ASN16_Cs137_house      infer_eq       0-30 кэВ         missing_fit                          811460.410         808903.153 -2557.257 (-0.32 %)
  ASN16_Cs137_house      infer_eq       0-30 кэВ         missing_net                          811460.410         808903.153 -2557.257 (-0.32 %)
  ASN16_Cs137_house      infer_eq       0-30 кэВ         model                              20606649.733       20603392.471 -3257.262 (-0.02 %)
  ASN16_Cs137_house      infer_eq       0-30 кэВ         pile-up                                  68.955             66.705 -2.250 (-3.26 %)
  ASN16_Cs137_house      infer_eq       0-30 кэВ         tail                                2089970.332        2096953.879 6983.547 (+0.33 %)
  ASN16_Cs137_house      infer_eq       30-100 кэВ       Backscatter                          302500.057         301841.139 -658.918 (-0.22 %)
  ASN16_Cs137_house      infer_eq       30-100 кэВ       Cs-137                             37414147.105       37351369.800 -62777.305 (-0.17 %)
  ASN16_Cs137_house      infer_eq       30-100 кэВ       Xray-Pb                             2004595.960        2052742.283 48146.323 (+2.40 %)
  ASN16_Cs137_house      infer_eq       30-100 кэВ       continuum_raw                       1434721.102        1421471.871 -13249.231 (-0.92 %)
  ASN16_Cs137_house      infer_eq       30-100 кэВ       excess_fit                           302602.786         298137.384 -4465.402 (-1.48 %)
  ASN16_Cs137_house      infer_eq       30-100 кэВ       excess_net                           302602.786         298137.384 -4465.402 (-1.48 %)
  ASN16_Cs137_house      infer_eq       30-100 кэВ       missing_fit                          487557.640         498405.211 10847.571 (+2.22 %)
  ASN16_Cs137_house      infer_eq       30-100 кэВ       missing_net                          487557.640         498405.211 10847.571 (+2.22 %)
  ASN16_Cs137_house      infer_eq       30-100 кэВ       model                              39723759.817       39708446.844 -15312.973 (-0.04 %)
  ASN16_Cs137_house      infer_eq       30-100 кэВ       pile-up                                2516.699           2493.629 -23.070 (-0.92 %)
  ASN16_Cs137_house      infer_eq       30-100 кэВ       tail                               12295543.846       12290674.575 -4869.271 (-0.04 %)
  ASN16_Cs137_house      infer_eq       100-300 кэВ      Backscatter                         6494561.127        6489376.574 -5184.553 (-0.08 %)
  ASN16_Cs137_house      infer_eq       100-300 кэВ      Cs-137                             65831674.616       65854985.708 23311.092 (+0.04 %)
  ASN16_Cs137_house      infer_eq       100-300 кэВ      Xray-Pb                                2692.654           2744.812 52.158 (+1.94 %)
  ASN16_Cs137_house      infer_eq       100-300 кэВ      continuum_raw                       7290258.777        7361189.084 70930.307 (+0.97 %)
  ASN16_Cs137_house      infer_eq       100-300 кэВ      excess_fit                           778662.845         788583.219 9920.374 (+1.27 %)
  ASN16_Cs137_house      infer_eq       100-300 кэВ      excess_net                           778662.845         788583.219 9920.374 (+1.27 %)
  ASN16_Cs137_house      infer_eq       100-300 кэВ      missing_fit                         1448164.856        1439756.130 -8408.726 (-0.58 %)
  ASN16_Cs137_house      infer_eq       100-300 кэВ      missing_net                         1448164.856        1439756.130 -8408.726 (-0.58 %)
  ASN16_Cs137_house      infer_eq       100-300 кэВ      model                              72344736.887       72363065.987 18329.100 (+0.03 %)
  ASN16_Cs137_house      infer_eq       100-300 кэВ      pile-up                               15808.517          15958.893 150.376 (+0.95 %)
  ASN16_Cs137_house      infer_eq       100-300 кэВ      tail                                 236455.575         235911.750 -543.825 (-0.23 %)
  ASN16_Cs137_house      infer_eq       300-700 кэВ      Cs-137                            112388684.432      112342576.874 -46107.558 (-0.04 %)
  ASN16_Cs137_house      infer_eq       300-700 кэВ      continuum_raw                        426630.257         426027.198 -603.059 (-0.14 %)
  ASN16_Cs137_house      infer_eq       300-700 кэВ      excess_fit                          1764144.221        1786984.827 22840.606 (+1.29 %)
  ASN16_Cs137_house      infer_eq       300-700 кэВ      excess_net                          1764144.221        1786984.827 22840.606 (+1.29 %)
  ASN16_Cs137_house      infer_eq       300-700 кэВ      missing_fit                         5584069.551        5653065.100 68995.549 (+1.24 %)
  ASN16_Cs137_house      infer_eq       300-700 кэВ      missing_net                         5584069.551        5653065.100 68995.549 (+1.24 %)
  ASN16_Cs137_house      infer_eq       300-700 кэВ      model                             112461673.326      112415518.383 -46154.943 (-0.04 %)
  ASN16_Cs137_house      infer_eq       300-700 кэВ      pile-up                               72988.885          72941.494 -47.391 (-0.06 %)
  ASN16_Cs137_house      infer_eq       700-1500 кэВ     Cs-137                               392529.845         392060.073 -469.772 (-0.12 %)
  ASN16_Cs137_house      infer_eq       700-1500 кэВ     continuum_raw                        495289.527         495813.256 523.729 (+0.11 %)
  ASN16_Cs137_house      infer_eq       700-1500 кэВ     excess_fit                            48785.113          48937.596 152.483 (+0.31 %)
  ASN16_Cs137_house      infer_eq       700-1500 кэВ     excess_net                            47725.318          47877.801 152.483 (+0.32 %)
  ASN16_Cs137_house      infer_eq       700-1500 кэВ     missing_fit                          138606.003         138966.404 360.401 (+0.26 %)
  ASN16_Cs137_house      infer_eq       700-1500 кэВ     missing_net                          138606.003         138966.404 360.401 (+0.26 %)
  ASN16_Cs137_house      infer_eq       700-1500 кэВ     model                               1140619.072        1140411.154 -207.918 (-0.02 %)
  ASN16_Cs137_house      infer_eq       700-1500 кэВ     pile-up                              748089.226         748351.080 261.854 (+0.04 %)
  ASN16_Cs137_house      infer_eq       1500-3000 кэВ    continuum_raw                          3803.263           3803.662 0.399 (+0.01 %)
  ASN16_Cs137_house      infer_eq       1500-3000 кэВ    excess_fit                             7131.202           7131.050 -0.152 (-0.00 %)
  ASN16_Cs137_house      infer_eq       1500-3000 кэВ    excess_net                             2491.618           2491.466 -0.152 (-0.01 %)
  ASN16_Cs137_house      infer_eq       1500-3000 кэВ    missing_fit                            4604.182           4604.561 0.379 (+0.01 %)
  ASN16_Cs137_house      infer_eq       1500-3000 кэВ    missing_net                            4604.182           4604.561 0.379 (+0.01 %)
  ASN16_Cs137_house      infer_eq       1500-3000 кэВ    model                                  4829.855           4829.324 -0.531 (-0.01 %)
  ASN16_Cs137_house      infer_eq       1500-3000 кэВ    pile-up                                4829.855           4829.324 -0.531 (-0.01 %)
  ASN16_Cs137_house      infer_eq       rates component  Backscatter.count_rate                    1.956              1.954 -0.002 (-0.11 %)
  ASN16_Cs137_house      infer_eq       rates component  Backscatter.peak_counts             8002941.814        7994276.492 -8665.322 (-0.11 %)
  ASN16_Cs137_house      infer_eq       rates component  Backscatter.share_pct                     3.344              3.342 -0.002 (-0.07 %)
  … и ещё 50 строк

ПЕРЕОБЪЯВЛЕНИЕ ASN16_Cs137_house / infer_eq_peak: 100 расхождений с прежним эталоном (2026-09-30 01:35):
  спектр                 режим          полоса           компонент                                  было              стало              Δ
  ASN16_Cs137_house      infer_eq_peak  0-30 кэВ         Cs-137                              9979401.968        9968846.577 -10555.391 (-0.11 %)
  ASN16_Cs137_house      infer_eq_peak  0-30 кэВ         Xray-Pb                                   0.637              0.650 0.013 (+2.04 %)
  ASN16_Cs137_house      infer_eq_peak  0-30 кэВ         Xray-Pb-L                           1145263.395        1141167.974 -4095.421 (-0.36 %)
  ASN16_Cs137_house      infer_eq_peak  0-30 кэВ         continuum_raw                         47281.868          45760.453 -1521.415 (-3.22 %)
  ASN16_Cs137_house      infer_eq_peak  0-30 кэВ         excess_fit                          2636001.710        2630187.191 -5814.519 (-0.22 %)
  ASN16_Cs137_house      infer_eq_peak  0-30 кэВ         excess_net                          2636001.710        2630187.191 -5814.519 (-0.22 %)
  ASN16_Cs137_house      infer_eq_peak  0-30 кэВ         missing_fit                          811460.410         808903.153 -2557.257 (-0.32 %)
  ASN16_Cs137_house      infer_eq_peak  0-30 кэВ         missing_net                          811460.410         808903.153 -2557.257 (-0.32 %)
  ASN16_Cs137_house      infer_eq_peak  0-30 кэВ         model                              20606649.733       20603392.471 -3257.262 (-0.02 %)
  ASN16_Cs137_house      infer_eq_peak  0-30 кэВ         tail                                2089970.332        2096953.879 6983.547 (+0.33 %)
  ASN16_Cs137_house      infer_eq_peak  30-100 кэВ       Cs-137                             14704990.711       14693049.485 -11941.226 (-0.08 %)
  ASN16_Cs137_house      infer_eq_peak  30-100 кэВ       Xray-Pb                             1289905.763        1314609.072 24703.309 (+1.92 %)
  ASN16_Cs137_house      infer_eq_peak  30-100 кэВ       continuum_raw                       1434721.102        1421471.871 -13249.231 (-0.92 %)
  ASN16_Cs137_house      infer_eq_peak  30-100 кэВ       excess_fit                           302602.786         298137.384 -4465.402 (-1.48 %)
  ASN16_Cs137_house      infer_eq_peak  30-100 кэВ       excess_net                           302602.786         298137.384 -4465.402 (-1.48 %)
  ASN16_Cs137_house      infer_eq_peak  30-100 кэВ       missing_fit                          487557.640         498405.211 10847.571 (+2.22 %)
  ASN16_Cs137_house      infer_eq_peak  30-100 кэВ       missing_net                          487557.640         498405.211 10847.571 (+2.22 %)
  ASN16_Cs137_house      infer_eq_peak  30-100 кэВ       model                              39723759.817       39708446.844 -15312.973 (-0.04 %)
  ASN16_Cs137_house      infer_eq_peak  30-100 кэВ       tail                               12295543.846       12290674.575 -4869.271 (-0.04 %)
  ASN16_Cs137_house      infer_eq_peak  100-300 кэВ      Xray-Pb                                2660.494           2712.035 51.541 (+1.94 %)
  ASN16_Cs137_house      infer_eq_peak  100-300 кэВ      continuum_raw                       7290258.777        7361189.084 70930.307 (+0.97 %)
  ASN16_Cs137_house      infer_eq_peak  100-300 кэВ      excess_fit                           778662.845         788583.219 9920.374 (+1.27 %)
  ASN16_Cs137_house      infer_eq_peak  100-300 кэВ      excess_net                           778662.845         788583.219 9920.374 (+1.27 %)
  ASN16_Cs137_house      infer_eq_peak  100-300 кэВ      missing_fit                         1448164.856        1439756.130 -8408.726 (-0.58 %)
  ASN16_Cs137_house      infer_eq_peak  100-300 кэВ      missing_net                         1448164.856        1439756.130 -8408.726 (-0.58 %)
  ASN16_Cs137_house      infer_eq_peak  100-300 кэВ      model                              72344736.887       72363065.987 18329.100 (+0.03 %)
  ASN16_Cs137_house      infer_eq_peak  100-300 кэВ      tail                                 236455.575         235911.750 -543.825 (-0.23 %)
  ASN16_Cs137_house      infer_eq_peak  300-700 кэВ      Cs-137                             59841377.443       59772668.680 -68708.763 (-0.11 %)
  ASN16_Cs137_house      infer_eq_peak  300-700 кэВ      continuum_raw                        426630.257         426027.198 -603.059 (-0.14 %)
  ASN16_Cs137_house      infer_eq_peak  300-700 кэВ      excess_fit                          1764144.221        1786984.827 22840.606 (+1.29 %)
  ASN16_Cs137_house      infer_eq_peak  300-700 кэВ      excess_net                          1764144.221        1786984.827 22840.606 (+1.29 %)
  ASN16_Cs137_house      infer_eq_peak  300-700 кэВ      missing_fit                         5584069.551        5653065.100 68995.549 (+1.24 %)
  ASN16_Cs137_house      infer_eq_peak  300-700 кэВ      missing_net                         5584069.551        5653065.100 68995.549 (+1.24 %)
  ASN16_Cs137_house      infer_eq_peak  300-700 кэВ      model                             112461673.326      112415518.383 -46154.943 (-0.04 %)
  ASN16_Cs137_house      infer_eq_peak  700-1500 кэВ     Cs-137                               376768.778         376275.564 -493.214 (-0.13 %)
  ASN16_Cs137_house      infer_eq_peak  700-1500 кэВ     continuum_raw                        495289.527         495813.256 523.729 (+0.11 %)
  ASN16_Cs137_house      infer_eq_peak  700-1500 кэВ     excess_fit                            48785.113          48937.596 152.483 (+0.31 %)
  ASN16_Cs137_house      infer_eq_peak  700-1500 кэВ     excess_net                            47725.318          47877.801 152.483 (+0.32 %)
  ASN16_Cs137_house      infer_eq_peak  700-1500 кэВ     missing_fit                          138606.003         138966.404 360.401 (+0.26 %)
  ASN16_Cs137_house      infer_eq_peak  700-1500 кэВ     missing_net                          138606.003         138966.404 360.401 (+0.26 %)
  ASN16_Cs137_house      infer_eq_peak  700-1500 кэВ     model                               1140619.072        1140411.154 -207.918 (-0.02 %)
  ASN16_Cs137_house      infer_eq_peak  1500-3000 кэВ    continuum_raw                          3803.263           3803.662 0.399 (+0.01 %)
  ASN16_Cs137_house      infer_eq_peak  1500-3000 кэВ    excess_fit                             7131.202           7131.050 -0.152 (-0.00 %)
  ASN16_Cs137_house      infer_eq_peak  1500-3000 кэВ    excess_net                             2491.618           2491.466 -0.152 (-0.01 %)
  ASN16_Cs137_house      infer_eq_peak  1500-3000 кэВ    missing_fit                            4604.182           4604.561 0.379 (+0.01 %)
  ASN16_Cs137_house      infer_eq_peak  1500-3000 кэВ    missing_net                            4604.182           4604.561 0.379 (+0.01 %)
  ASN16_Cs137_house      infer_eq_peak  1500-3000 кэВ    model                                  4829.855           4829.324 -0.531 (-0.01 %)
  ASN16_Cs137_house      infer_eq_peak  rates component  Backscatter.count_rate                    1.956              1.954 -0.002 (-0.11 %)
  ASN16_Cs137_house      infer_eq_peak  rates component  Backscatter.peak_counts             8002941.814        7994276.492 -8665.322 (-0.11 %)
  ASN16_Cs137_house      infer_eq_peak  rates component  Backscatter.share_pct                     3.344              3.342 -0.002 (-0.07 %)
  ASN16_Cs137_house      infer_eq_peak  rates component  Backscatter.z                            99.004             98.708 -0.296 (-0.30 %)
  ASN16_Cs137_house      infer_eq_peak  rates component  Cs-137.count_rate                      6684.391           6678.163 -6.229 (-0.09 %)
  ASN16_Cs137_house      infer_eq_peak  rates component  Cs-137.decision_threshold_ra              0.742              0.762 0.020 (+2.72 %)
  ASN16_Cs137_house      infer_eq_peak  rates component  Cs-137.detection_limit_rate               1.487              1.528 0.040 (+2.71 %)
  ASN16_Cs137_house      infer_eq_peak  rates component  Cs-137.peak_counts                100259062.364      100162593.383 -96468.980 (-0.10 %)
  ASN16_Cs137_house      infer_eq_peak  rates component  Cs-137.share_pct                         94.994             94.977 -0.017 (-0.02 %)
  ASN16_Cs137_house      infer_eq_peak  rates component  Cs-137.z                               1799.568           1768.545 -31.024 (-1.72 %)
  ASN16_Cs137_house      infer_eq_peak  rates component  Xray-Pb.count_rate                       15.371             15.666 0.295 (+1.92 %)
  ASN16_Cs137_house      infer_eq_peak  rates component  Xray-Pb.peak_counts                 1507059.115        1535927.613 28868.499 (+1.92 %)
  ASN16_Cs137_house      infer_eq_peak  rates component  Xray-Pb.share_pct                         0.844              0.865 0.021 (+2.48 %)
  … и ещё 40 строк

ПЕРЕОБЪЯВЛЕНИЕ ASN16_Cs137_house / infer_eq_compton: 101 расхождений с прежним эталоном (2026-09-30 01:35):
  спектр                 режим          полоса           компонент                                  было              стало              Δ
  ASN16_Cs137_house      infer_eq_compt 0-30 кэВ         Cs-137                              7862435.705        7874224.625 11788.920 (+0.15 %)
  ASN16_Cs137_house      infer_eq_compt 0-30 кэВ         Xray-Pb                               70797.925          73646.822 2848.897 (+4.02 %)
  ASN16_Cs137_house      infer_eq_compt 0-30 кэВ         Xray-Pb-L                             21374.844          21280.455 -94.389 (-0.44 %)
  ASN16_Cs137_house      infer_eq_compt 0-30 кэВ         continuum_raw                         47281.868          45760.453 -1521.415 (-3.22 %)
  ASN16_Cs137_house      infer_eq_compt 0-30 кэВ         excess_fit                          2636001.710        2630187.191 -5814.519 (-0.22 %)
  ASN16_Cs137_house      infer_eq_compt 0-30 кэВ         excess_net                          2636001.710        2630187.191 -5814.519 (-0.22 %)
  ASN16_Cs137_house      infer_eq_compt 0-30 кэВ         missing_fit                          811460.410         808903.153 -2557.257 (-0.32 %)
  ASN16_Cs137_house      infer_eq_compt 0-30 кэВ         missing_net                          811460.410         808903.153 -2557.257 (-0.32 %)
  ASN16_Cs137_house      infer_eq_compt 0-30 кэВ         model                              20606649.733       20603392.471 -3257.262 (-0.02 %)
  ASN16_Cs137_house      infer_eq_compt 0-30 кэВ         tail                                2089970.332        2096953.879 6983.547 (+0.33 %)
  ASN16_Cs137_house      infer_eq_compt 30-100 кэВ       Cs-137                             21281113.417       21243064.495 -38048.922 (-0.18 %)
  ASN16_Cs137_house      infer_eq_compt 30-100 кэВ       Xray-Pb                              663373.341         685955.912 22582.571 (+3.40 %)
  ASN16_Cs137_house      infer_eq_compt 30-100 кэВ       continuum_raw                       1434721.102        1421471.871 -13249.231 (-0.92 %)
  ASN16_Cs137_house      infer_eq_compt 30-100 кэВ       excess_fit                           302602.786         298137.384 -4465.402 (-1.48 %)
  ASN16_Cs137_house      infer_eq_compt 30-100 кэВ       excess_net                           302602.786         298137.384 -4465.402 (-1.48 %)
  ASN16_Cs137_house      infer_eq_compt 30-100 кэВ       missing_fit                          487557.640         498405.211 10847.571 (+2.22 %)
  ASN16_Cs137_house      infer_eq_compt 30-100 кэВ       missing_net                          487557.640         498405.211 10847.571 (+2.22 %)
  ASN16_Cs137_house      infer_eq_compt 30-100 кэВ       model                              39723759.817       39708446.844 -15312.973 (-0.04 %)
  ASN16_Cs137_house      infer_eq_compt 30-100 кэВ       tail                               12295543.846       12290674.575 -4869.271 (-0.04 %)
  ASN16_Cs137_house      infer_eq_compt 100-300 кэВ      Cs-137                             58763636.429       58717872.335 -45764.094 (-0.08 %)
  ASN16_Cs137_house      infer_eq_compt 100-300 кэВ      Xray-Pb                                  27.982             28.510 0.528 (+1.89 %)
  ASN16_Cs137_house      infer_eq_compt 100-300 кэВ      continuum_raw                       7290258.777        7361189.084 70930.307 (+0.97 %)
  ASN16_Cs137_house      infer_eq_compt 100-300 кэВ      excess_fit                           778662.845         788583.219 9920.374 (+1.27 %)
  ASN16_Cs137_house      infer_eq_compt 100-300 кэВ      excess_net                           778662.845         788583.219 9920.374 (+1.27 %)
  ASN16_Cs137_house      infer_eq_compt 100-300 кэВ      missing_fit                         1448164.856        1439756.130 -8408.726 (-0.58 %)
  ASN16_Cs137_house      infer_eq_compt 100-300 кэВ      missing_net                         1448164.856        1439756.130 -8408.726 (-0.58 %)
  ASN16_Cs137_house      infer_eq_compt 100-300 кэВ      model                              72344736.887       72363065.987 18329.100 (+0.03 %)
  ASN16_Cs137_house      infer_eq_compt 100-300 кэВ      tail                                 236455.575         235911.750 -543.825 (-0.23 %)
  ASN16_Cs137_house      infer_eq_compt 300-700 кэВ      Cs-137                             51457543.792       51479267.404 21723.612 (+0.04 %)
  ASN16_Cs137_house      infer_eq_compt 300-700 кэВ      continuum_raw                        426630.257         426027.198 -603.059 (-0.14 %)
  ASN16_Cs137_house      infer_eq_compt 300-700 кэВ      excess_fit                          1764144.221        1786984.827 22840.606 (+1.29 %)
  ASN16_Cs137_house      infer_eq_compt 300-700 кэВ      excess_net                          1764144.221        1786984.827 22840.606 (+1.29 %)
  ASN16_Cs137_house      infer_eq_compt 300-700 кэВ      missing_fit                         5584069.551        5653065.100 68995.549 (+1.24 %)
  ASN16_Cs137_house      infer_eq_compt 300-700 кэВ      missing_net                         5584069.551        5653065.100 68995.549 (+1.24 %)
  ASN16_Cs137_house      infer_eq_compt 300-700 кэВ      model                             112461673.326      112415518.383 -46154.943 (-0.04 %)
  ASN16_Cs137_house      infer_eq_compt 700-1500 кэВ     Cs-137                                  662.598            665.380 2.782 (+0.42 %)
  ASN16_Cs137_house      infer_eq_compt 700-1500 кэВ     continuum_raw                        495289.527         495813.256 523.729 (+0.11 %)
  ASN16_Cs137_house      infer_eq_compt 700-1500 кэВ     excess_fit                            48785.113          48937.596 152.483 (+0.31 %)
  ASN16_Cs137_house      infer_eq_compt 700-1500 кэВ     excess_net                            47725.318          47877.801 152.483 (+0.32 %)
  ASN16_Cs137_house      infer_eq_compt 700-1500 кэВ     missing_fit                          138606.003         138966.404 360.401 (+0.26 %)
  ASN16_Cs137_house      infer_eq_compt 700-1500 кэВ     missing_net                          138606.003         138966.404 360.401 (+0.26 %)
  ASN16_Cs137_house      infer_eq_compt 700-1500 кэВ     model                               1140619.072        1140411.154 -207.918 (-0.02 %)
  ASN16_Cs137_house      infer_eq_compt 1500-3000 кэВ    continuum_raw                          3803.263           3803.662 0.399 (+0.01 %)
  ASN16_Cs137_house      infer_eq_compt 1500-3000 кэВ    excess_fit                             7131.202           7131.050 -0.152 (-0.00 %)
  ASN16_Cs137_house      infer_eq_compt 1500-3000 кэВ    excess_net                             2491.618           2491.466 -0.152 (-0.01 %)
  ASN16_Cs137_house      infer_eq_compt 1500-3000 кэВ    missing_fit                            4604.182           4604.561 0.379 (+0.01 %)
  ASN16_Cs137_house      infer_eq_compt 1500-3000 кэВ    missing_net                            4604.182           4604.561 0.379 (+0.01 %)
  ASN16_Cs137_house      infer_eq_compt 1500-3000 кэВ    model                                  4829.855           4829.324 -0.531 (-0.01 %)
  ASN16_Cs137_house      infer_eq_compt rates component  Backscatter.count_rate                    1.956              1.954 -0.002 (-0.11 %)
  ASN16_Cs137_house      infer_eq_compt rates component  Backscatter.peak_counts             8002941.814        7994276.492 -8665.322 (-0.11 %)
  ASN16_Cs137_house      infer_eq_compt rates component  Backscatter.share_pct                     3.344              3.342 -0.002 (-0.07 %)
  ASN16_Cs137_house      infer_eq_compt rates component  Backscatter.z                            99.004             98.708 -0.296 (-0.30 %)
  ASN16_Cs137_house      infer_eq_compt rates component  Cs-137.count_rate                      6684.391           6678.163 -6.229 (-0.09 %)
  ASN16_Cs137_house      infer_eq_compt rates component  Cs-137.decision_threshold_ra              0.742              0.762 0.020 (+2.72 %)
  ASN16_Cs137_house      infer_eq_compt rates component  Cs-137.detection_limit_rate               1.487              1.528 0.040 (+2.71 %)
  ASN16_Cs137_house      infer_eq_compt rates component  Cs-137.peak_counts                100259062.364      100162593.383 -96468.980 (-0.10 %)
  ASN16_Cs137_house      infer_eq_compt rates component  Cs-137.share_pct                         94.994             94.977 -0.017 (-0.02 %)
  ASN16_Cs137_house      infer_eq_compt rates component  Cs-137.z                               1799.568           1768.545 -31.024 (-1.72 %)
  ASN16_Cs137_house      infer_eq_compt rates component  Xray-Pb.count_rate                       15.371             15.666 0.295 (+1.92 %)
  ASN16_Cs137_house      infer_eq_compt rates component  Xray-Pb.peak_counts                 1507059.115        1535927.613 28868.499 (+1.92 %)
  … и ещё 41 строк

ПЕРЕОБЪЯВЛЕНИЕ AS80_Th232_disk / infer_eq: 165 расхождений с прежним эталоном (2026-09-30 01:35):
  спектр                 режим          полоса           компонент                                  было              стало              Δ
  AS80_Th232_disk        infer_eq       0-30 кэВ         Ac-228                                 9367.278           9372.651 5.373 (+0.06 %)
  AS80_Th232_disk        infer_eq       0-30 кэВ         Bi-212                                 3462.453           3470.370 7.917 (+0.23 %)
  AS80_Th232_disk        infer_eq       0-30 кэВ         Pb-212                                 2744.719           2743.653 -1.066 (-0.04 %)
  AS80_Th232_disk        infer_eq       0-30 кэВ         Ra-224                                  206.768            206.592 -0.176 (-0.09 %)
  AS80_Th232_disk        infer_eq       0-30 кэВ         Rn-220                                    6.153              6.154 0.001 (+0.02 %)
  AS80_Th232_disk        infer_eq       0-30 кэВ         Th-228                                   34.084             34.111 0.027 (+0.08 %)
  AS80_Th232_disk        infer_eq       0-30 кэВ         Th-232                                    4.309              4.323 0.014 (+0.32 %)
  AS80_Th232_disk        infer_eq       0-30 кэВ         Tl-208                                 3114.306           3106.350 -7.956 (-0.26 %)
  AS80_Th232_disk        infer_eq       0-30 кэВ         Xray-Pb                                2250.847           2247.252 -3.595 (-0.16 %)
  AS80_Th232_disk        infer_eq       0-30 кэВ         Xray-Th                                 162.701            161.841 -0.860 (-0.53 %)
  AS80_Th232_disk        infer_eq       0-30 кэВ         continuum_raw                          7301.097           7283.842 -17.255 (-0.24 %)
  AS80_Th232_disk        infer_eq       0-30 кэВ         excess_fit                              673.044            672.420 -0.624 (-0.09 %)
  AS80_Th232_disk        infer_eq       0-30 кэВ         excess_net                              671.564            670.940 -0.624 (-0.09 %)
  AS80_Th232_disk        infer_eq       0-30 кэВ         missing_fit                            4304.558           4304.252 -0.306 (-0.01 %)
  AS80_Th232_disk        infer_eq       0-30 кэВ         missing_net                            4304.558           4304.252 -0.306 (-0.01 %)
  AS80_Th232_disk        infer_eq       0-30 кэВ         model                                 21353.776          21353.458 -0.318 (-0.00 %)
  AS80_Th232_disk        infer_eq       0-30 кэВ         tail                                   5753.828           5759.565 5.737 (+0.10 %)
  AS80_Th232_disk        infer_eq       30-100 кэВ       Ac-228                                70326.549          70416.047 89.498 (+0.13 %)
  AS80_Th232_disk        infer_eq       30-100 кэВ       Bi-212                                14218.905          14240.886 21.981 (+0.15 %)
  AS80_Th232_disk        infer_eq       30-100 кэВ       Pb-212                                60591.215          60672.969 81.754 (+0.13 %)
  AS80_Th232_disk        infer_eq       30-100 кэВ       Ra-224                                 2998.624           3002.036 3.412 (+0.11 %)
  AS80_Th232_disk        infer_eq       30-100 кэВ       Rn-220                                   38.728             38.691 -0.037 (-0.10 %)
  AS80_Th232_disk        infer_eq       30-100 кэВ       Th-228                                 1564.813           1568.199 3.386 (+0.22 %)
  AS80_Th232_disk        infer_eq       30-100 кэВ       Th-232                                  137.188            137.508 0.320 (+0.23 %)
  AS80_Th232_disk        infer_eq       30-100 кэВ       Tl-208                                34862.706          34806.796 -55.910 (-0.16 %)
  AS80_Th232_disk        infer_eq       30-100 кэВ       Xray-Pb                              156625.071         156519.200 -105.871 (-0.07 %)
  AS80_Th232_disk        infer_eq       30-100 кэВ       Xray-Th                               20048.671          20017.839 -30.832 (-0.15 %)
  AS80_Th232_disk        infer_eq       30-100 кэВ       continuum_raw                         86879.546          86711.223 -168.323 (-0.19 %)
  AS80_Th232_disk        infer_eq       30-100 кэВ       excess_fit                            12765.150          12767.497 2.347 (+0.02 %)
  AS80_Th232_disk        infer_eq       30-100 кэВ       excess_net                            12765.150          12767.497 2.347 (+0.02 %)
  AS80_Th232_disk        infer_eq       30-100 кэВ       missing_fit                           14073.176          14067.796 -5.380 (-0.04 %)
  AS80_Th232_disk        infer_eq       30-100 кэВ       missing_net                           14073.176          14067.796 -5.380 (-0.04 %)
  AS80_Th232_disk        infer_eq       30-100 кэВ       model                                361413.385         361421.112 7.727 (+0.00 %)
  AS80_Th232_disk        infer_eq       30-100 кэВ       tail                                   7659.586           7668.883 9.297 (+0.12 %)
  AS80_Th232_disk        infer_eq       100-300 кэВ      Ac-228                               208983.066         209022.734 39.668 (+0.02 %)
  AS80_Th232_disk        infer_eq       100-300 кэВ      Bi-212                                21037.287          21024.387 -12.900 (-0.06 %)
  AS80_Th232_disk        infer_eq       100-300 кэВ      Pb-212                               222614.575         223051.283 436.708 (+0.20 %)
  AS80_Th232_disk        infer_eq       100-300 кэВ      Ra-224                                19864.360          19902.902 38.542 (+0.19 %)
  AS80_Th232_disk        infer_eq       100-300 кэВ      Rn-220                                  244.216            244.357 0.141 (+0.06 %)
  AS80_Th232_disk        infer_eq       100-300 кэВ      Th-228                                 1829.510           1833.876 4.366 (+0.24 %)
  AS80_Th232_disk        infer_eq       100-300 кэВ      Th-232                                   54.120             54.250 0.130 (+0.24 %)
  AS80_Th232_disk        infer_eq       100-300 кэВ      Tl-208                               128678.426         128454.416 -224.010 (-0.17 %)
  AS80_Th232_disk        infer_eq       100-300 кэВ      Xray-Pb                                 117.674            117.651 -0.023 (-0.02 %)
  AS80_Th232_disk        infer_eq       100-300 кэВ      Xray-Th                                7706.204           7697.624 -8.580 (-0.11 %)
  AS80_Th232_disk        infer_eq       100-300 кэВ      continuum_raw                        215484.430         214827.316 -657.114 (-0.30 %)
  AS80_Th232_disk        infer_eq       100-300 кэВ      excess_fit                            17484.177          17469.490 -14.687 (-0.08 %)
  AS80_Th232_disk        infer_eq       100-300 кэВ      excess_net                            17484.177          17469.490 -14.687 (-0.08 %)
  AS80_Th232_disk        infer_eq       100-300 кэВ      missing_fit                           33026.293          32737.562 -288.731 (-0.87 %)
  AS80_Th232_disk        infer_eq       100-300 кэВ      missing_net                           33026.293          32737.562 -288.731 (-0.87 %)
  AS80_Th232_disk        infer_eq       100-300 кэВ      model                                611132.879         611406.923 274.044 (+0.04 %)
  AS80_Th232_disk        infer_eq       300-700 кэВ      Ac-228                               177442.551         177602.282 159.731 (+0.09 %)
  AS80_Th232_disk        infer_eq       300-700 кэВ      Bi-212                                18384.889          18389.254 4.365 (+0.02 %)
  AS80_Th232_disk        infer_eq       300-700 кэВ      Pb-212                                 5332.213           5347.929 15.716 (+0.29 %)
  AS80_Th232_disk        infer_eq       300-700 кэВ      Rn-220                                  341.821            342.242 0.421 (+0.12 %)
  AS80_Th232_disk        infer_eq       300-700 кэВ      Tl-208                               146346.223         146207.072 -139.151 (-0.10 %)
  AS80_Th232_disk        infer_eq       300-700 кэВ      continuum_raw                         79842.592          79399.196 -443.396 (-0.56 %)
  AS80_Th232_disk        infer_eq       300-700 кэВ      excess_fit                            13550.623          13535.156 -15.467 (-0.11 %)
  AS80_Th232_disk        infer_eq       300-700 кэВ      excess_net                            13550.623          13535.156 -15.467 (-0.11 %)
  AS80_Th232_disk        infer_eq       300-700 кэВ      missing_fit                           21174.875          21118.326 -56.549 (-0.27 %)
  AS80_Th232_disk        infer_eq       300-700 кэВ      missing_net                           21174.875          21118.326 -56.549 (-0.27 %)
  … и ещё 105 строк

ПЕРЕОБЪЯВЛЕНИЕ ASN16_Radon_filter2 / chain_eq: 139 расхождений с прежним эталоном (2026-09-30 01:35):
  спектр                 режим          полоса           компонент                                  было              стало              Δ
  ASN16_Radon_filter2    chain_eq       0-30 кэВ         Ac-228                                 3971.791           3960.935 -10.856 (-0.27 %)
  ASN16_Radon_filter2    chain_eq       0-30 кэВ         Bi-212                                  518.869            515.994 -2.875 (-0.55 %)
  ASN16_Radon_filter2    chain_eq       0-30 кэВ         Pb-212                                 4773.493           4763.073 -10.420 (-0.22 %)
  ASN16_Radon_filter2    chain_eq       0-30 кэВ         Ra-224                                  248.350            247.854 -0.496 (-0.20 %)
  ASN16_Radon_filter2    chain_eq       0-30 кэВ         Rn-220                                    3.063              3.054 -0.009 (-0.29 %)
  ASN16_Radon_filter2    chain_eq       0-30 кэВ         Th-228                                  109.621            109.360 -0.261 (-0.24 %)
  ASN16_Radon_filter2    chain_eq       0-30 кэВ         Th-232                                   20.417             20.374 -0.043 (-0.21 %)
  ASN16_Radon_filter2    chain_eq       0-30 кэВ         Tl-208                                 2075.470           2100.512 25.042 (+1.21 %)
  ASN16_Radon_filter2    chain_eq       0-30 кэВ         continuum_raw                         11548.629          11548.732 0.103 (+0.00 %)
  ASN16_Radon_filter2    chain_eq       0-30 кэВ         excess_fit                             3526.917           3526.971 0.054 (+0.00 %)
  ASN16_Radon_filter2    chain_eq       0-30 кэВ         excess_net                             3526.917           3526.971 0.054 (+0.00 %)
  ASN16_Radon_filter2    chain_eq       0-30 кэВ         missing_fit                            6605.438           6605.402 -0.036 (-0.00 %)
  ASN16_Radon_filter2    chain_eq       0-30 кэВ         missing_net                            6605.438           6605.402 -0.036 (-0.00 %)
  ASN16_Radon_filter2    chain_eq       0-30 кэВ         model                                 11721.827          11721.917 0.090 (+0.00 %)
  ASN16_Radon_filter2    chain_eq       30-100 кэВ       Ac-228                                 9520.891           9491.943 -28.948 (-0.30 %)
  ASN16_Radon_filter2    chain_eq       30-100 кэВ       Bi-212                                  918.905            912.178 -6.727 (-0.73 %)
  ASN16_Radon_filter2    chain_eq       30-100 кэВ       Pb-212                                11114.391          11089.136 -25.255 (-0.23 %)
  ASN16_Radon_filter2    chain_eq       30-100 кэВ       Ra-224                                  623.839            622.484 -1.355 (-0.22 %)
  ASN16_Radon_filter2    chain_eq       30-100 кэВ       Rn-220                                    8.070              8.046 -0.024 (-0.30 %)
  ASN16_Radon_filter2    chain_eq       30-100 кэВ       Th-228                                  262.941            262.296 -0.645 (-0.25 %)
  ASN16_Radon_filter2    chain_eq       30-100 кэВ       Th-232                                   29.120             29.056 -0.064 (-0.22 %)
  ASN16_Radon_filter2    chain_eq       30-100 кэВ       Tl-208                                 5157.343           5219.767 62.424 (+1.21 %)
  ASN16_Radon_filter2    chain_eq       30-100 кэВ       continuum_raw                         25734.105          25736.536 2.431 (+0.01 %)
  ASN16_Radon_filter2    chain_eq       30-100 кэВ       excess_fit                             5418.621           5418.738 0.117 (+0.00 %)
  ASN16_Radon_filter2    chain_eq       30-100 кэВ       excess_net                             5378.794           5378.911 0.117 (+0.00 %)
  ASN16_Radon_filter2    chain_eq       30-100 кэВ       missing_fit                            7156.933           7157.656 0.723 (+0.01 %)
  ASN16_Radon_filter2    chain_eq       30-100 кэВ       missing_net                            7156.933           7157.656 0.723 (+0.01 %)
  ASN16_Radon_filter2    chain_eq       30-100 кэВ       model                                 27635.638          27635.032 -0.606 (-0.00 %)
  ASN16_Radon_filter2    chain_eq       100-300 кэВ      Ac-228                                 2848.149           2838.377 -9.772 (-0.34 %)
  ASN16_Radon_filter2    chain_eq       100-300 кэВ      Bi-212                                  251.671            249.417 -2.254 (-0.90 %)
  ASN16_Radon_filter2    chain_eq       100-300 кэВ      Pb-212                                 2777.176           2770.790 -6.386 (-0.23 %)
  ASN16_Radon_filter2    chain_eq       100-300 кэВ      Ra-224                                  244.132            243.570 -0.562 (-0.23 %)
  ASN16_Radon_filter2    chain_eq       100-300 кэВ      Rn-220                                    2.853              2.838 -0.015 (-0.53 %)
  ASN16_Radon_filter2    chain_eq       100-300 кэВ      Th-228                                   33.392             33.313 -0.079 (-0.24 %)
  ASN16_Radon_filter2    chain_eq       100-300 кэВ      Th-232                                    1.559              1.555 -0.004 (-0.26 %)
  ASN16_Radon_filter2    chain_eq       100-300 кэВ      Tl-208                                 1623.030           1642.880 19.850 (+1.22 %)
  ASN16_Radon_filter2    chain_eq       100-300 кэВ      continuum_raw                          5527.958           5529.902 1.944 (+0.04 %)
  ASN16_Radon_filter2    chain_eq       100-300 кэВ      excess_fit                            14761.785          14763.146 1.361 (+0.01 %)
  ASN16_Radon_filter2    chain_eq       100-300 кэВ      excess_net                             5226.653           5228.014 1.361 (+0.03 %)
  ASN16_Radon_filter2    chain_eq       100-300 кэВ      missing_fit                            2552.774           2553.397 0.623 (+0.02 %)
  ASN16_Radon_filter2    chain_eq       100-300 кэВ      missing_net                            2552.774           2553.397 0.623 (+0.02 %)
  ASN16_Radon_filter2    chain_eq       100-300 кэВ      model                                  7782.038           7782.776 0.738 (+0.01 %)
  ASN16_Radon_filter2    chain_eq       300-700 кэВ      Ac-228                                  812.787            807.689 -5.098 (-0.63 %)
  ASN16_Radon_filter2    chain_eq       300-700 кэВ      Bi-212                                   80.730             79.684 -1.046 (-1.30 %)
  ASN16_Radon_filter2    chain_eq       300-700 кэВ      Pb-212                                   31.789             31.715 -0.074 (-0.23 %)
  ASN16_Radon_filter2    chain_eq       300-700 кэВ      Rn-220                                    1.033              1.030 -0.003 (-0.29 %)
  ASN16_Radon_filter2    chain_eq       300-700 кэВ      Tl-208                                  602.844            608.643 5.799 (+0.96 %)
  ASN16_Radon_filter2    chain_eq       300-700 кэВ      continuum_raw                           490.653            487.867 -2.786 (-0.57 %)
  ASN16_Radon_filter2    chain_eq       300-700 кэВ      excess_fit                             4595.813           4595.230 -0.583 (-0.01 %)
  ASN16_Radon_filter2    chain_eq       300-700 кэВ      excess_net                              841.001            840.418 -0.583 (-0.07 %)
  ASN16_Radon_filter2    chain_eq       300-700 кэВ      missing_fit                            1532.239           1532.081 -0.158 (-0.01 %)
  ASN16_Radon_filter2    chain_eq       300-700 кэВ      missing_net                            1532.239           1532.081 -0.158 (-0.01 %)
  ASN16_Radon_filter2    chain_eq       300-700 кэВ      model                                  1529.260           1528.835 -0.425 (-0.03 %)
  ASN16_Radon_filter2    chain_eq       700-1500 кэВ     Ac-228                                  264.769            263.619 -1.150 (-0.43 %)
  ASN16_Radon_filter2    chain_eq       700-1500 кэВ     Bi-212                                   45.042             44.665 -0.377 (-0.84 %)
  ASN16_Radon_filter2    chain_eq       700-1500 кэВ     Tl-208                                  146.735            148.204 1.469 (+1.00 %)
  ASN16_Radon_filter2    chain_eq       700-1500 кэВ     continuum_raw                            56.220             55.982 -0.238 (-0.42 %)
  ASN16_Radon_filter2    chain_eq       700-1500 кэВ     excess_fit                             2890.186           2890.089 -0.097 (-0.00 %)
  ASN16_Radon_filter2    chain_eq       700-1500 кэВ     excess_net                              273.872            273.775 -0.097 (-0.04 %)
  ASN16_Radon_filter2    chain_eq       700-1500 кэВ     missing_fit                            1686.590           1686.631 0.041 (+0.00 %)
  … и ещё 79 строк

ПЕРЕОБЪЯВЛЕНИЕ ASN16_Radon_filter2 / chain_noeq: 123 расхождений с прежним эталоном (2026-09-30 01:35):
  спектр                 режим          полоса           компонент                                  было              стало              Δ
  ASN16_Radon_filter2    chain_noeq     0-30 кэВ         Pb-212                                11125.211          11125.204 -0.007 (-0.00 %)
  ASN16_Radon_filter2    chain_noeq     0-30 кэВ         Ra-224                                  583.075            583.186 0.111 (+0.02 %)
  ASN16_Radon_filter2    chain_noeq     0-30 кэВ         continuum_raw                         11510.215          11510.446 0.231 (+0.00 %)
  ASN16_Radon_filter2    chain_noeq     0-30 кэВ         excess_fit                             3518.614           3518.595 -0.019 (-0.00 %)
  ASN16_Radon_filter2    chain_noeq     0-30 кэВ         excess_net                             3518.614           3518.595 -0.019 (-0.00 %)
  ASN16_Radon_filter2    chain_noeq     0-30 кэВ         missing_fit                            6610.671           6610.559 -0.112 (-0.00 %)
  ASN16_Radon_filter2    chain_noeq     0-30 кэВ         missing_net                            6610.671           6610.559 -0.112 (-0.00 %)
  ASN16_Radon_filter2    chain_noeq     0-30 кэВ         model                                 11708.291          11708.384 0.093 (+0.00 %)
  ASN16_Radon_filter2    chain_noeq     30-100 кэВ       Pb-212                                26729.703          26729.061 -0.642 (-0.00 %)
  ASN16_Radon_filter2    chain_noeq     30-100 кэВ       Ra-224                                 1437.908           1438.195 0.287 (+0.02 %)
  ASN16_Radon_filter2    chain_noeq     30-100 кэВ       continuum_raw                         23545.941          23548.083 2.142 (+0.01 %)
  ASN16_Radon_filter2    chain_noeq     30-100 кэВ       excess_fit                             4894.213           4894.596 0.383 (+0.01 %)
  ASN16_Radon_filter2    chain_noeq     30-100 кэВ       excess_net                             4854.386           4854.769 0.383 (+0.01 %)
  ASN16_Radon_filter2    chain_noeq     30-100 кэВ       missing_fit                            6100.558           6101.285 0.727 (+0.01 %)
  ASN16_Radon_filter2    chain_noeq     30-100 кэВ       missing_net                            6100.558           6101.285 0.727 (+0.01 %)
  ASN16_Radon_filter2    chain_noeq     30-100 кэВ       model                                 28167.605          28167.261 -0.344 (-0.00 %)
  ASN16_Radon_filter2    chain_noeq     100-300 кэВ      Pb-212                                 8198.905           8199.124 0.219 (+0.00 %)
  ASN16_Radon_filter2    chain_noeq     100-300 кэВ      Ra-224                                  724.267            724.268 0.001 (+0.00 %)
  ASN16_Radon_filter2    chain_noeq     100-300 кэВ      continuum_raw                          3957.352           3957.996 0.644 (+0.02 %)
  ASN16_Radon_filter2    chain_noeq     100-300 кэВ      excess_fit                            14519.406          14519.676 0.270 (+0.00 %)
  ASN16_Radon_filter2    chain_noeq     100-300 кэВ      excess_net                             4984.274           4984.544 0.270 (+0.01 %)
  ASN16_Radon_filter2    chain_noeq     100-300 кэВ      missing_fit                            1169.250           1169.294 0.044 (+0.00 %)
  ASN16_Radon_filter2    chain_noeq     100-300 кэВ      missing_net                            1169.250           1169.294 0.044 (+0.00 %)
  ASN16_Radon_filter2    chain_noeq     100-300 кэВ      model                                  8923.183           8923.409 0.226 (+0.00 %)
  ASN16_Radon_filter2    chain_noeq     300-700 кэВ      Pb-212                                  394.937            394.830 -0.107 (-0.03 %)
  ASN16_Radon_filter2    chain_noeq     300-700 кэВ      excess_fit                             4215.985           4215.884 -0.101 (-0.00 %)
  ASN16_Radon_filter2    chain_noeq     300-700 кэВ      excess_net                              461.173            461.072 -0.101 (-0.02 %)
  ASN16_Radon_filter2    chain_noeq     300-700 кэВ      missing_fit                            1683.260           1683.266 0.006 (+0.00 %)
  ASN16_Radon_filter2    chain_noeq     300-700 кэВ      missing_net                            1683.260           1683.266 0.006 (+0.00 %)
  ASN16_Radon_filter2    chain_noeq     300-700 кэВ      model                                   998.411            998.304 -0.107 (-0.01 %)
  ASN16_Radon_filter2    chain_noeq     rates component  Pb-212.count_rate                        15.216             15.208 -0.008 (-0.05 %)
  ASN16_Radon_filter2    chain_noeq     rates component  Pb-212.decision_threshold_ra              0.958              0.958 -0.000446765 (-0.05 %)
  ASN16_Radon_filter2    chain_noeq     rates component  Pb-212.detection_limit_rate               1.927              1.926 -0.000896133 (-0.05 %)
  ASN16_Radon_filter2    chain_noeq     rates component  Pb-212.peak_counts                     9083.330           9080.405 -2.925 (-0.03 %)
  ASN16_Radon_filter2    chain_noeq     rates component  Pb-212.share_pct                         91.190             91.189 -0.00082517 (-0.00 %)
  ASN16_Radon_filter2    chain_noeq     rates component  Pb-212.z                                 23.840             23.839 -0.002 (-0.01 %)
  ASN16_Radon_filter2    chain_noeq     rates component  Ra-224.count_rate                        15.216             15.208 -0.008 (-0.05 %)
  ASN16_Radon_filter2    chain_noeq     rates component  Ra-224.decision_threshold_ra              0.958              0.958 -0.000446765 (-0.05 %)
  ASN16_Radon_filter2    chain_noeq     rates component  Ra-224.detection_limit_rate               1.927              1.926 -0.000896133 (-0.05 %)
  ASN16_Radon_filter2    chain_noeq     rates component  Ra-224.peak_counts                      431.454            431.412 -0.042 (-0.01 %)
  ASN16_Radon_filter2    chain_noeq     rates component  Ra-224.share_pct                          5.390              5.390 0.000816747 (+0.02 %)
  ASN16_Radon_filter2    chain_noeq     rates component  Ra-224.z                                 23.840             23.839 -0.002 (-0.01 %)
  ASN16_Radon_filter2    chain_noeq     rates grey       above_lines.peak_counts                1742.214           1742.214 -1.65807e-05 (-0.00 %)
  ASN16_Radon_filter2    chain_noeq     rates grey       above_lines.share_pct                     3.420              3.420 8.42324e-06 (+0.00 %)
  ASN16_Radon_filter2    chain_noeq     rates grey       residual_excess.count_rate                0.888              0.888 1.61908e-05 (+0.00 %)
  ASN16_Radon_filter2    chain_noeq     rates grey       residual_missing.count_rate               0.517              0.517 1.84822e-05 (+0.00 %)
  ASN16_Radon_filter2    chain_noeq     rates limit      Ac-228.collinearity                       0.110              0.110 0.000137459 (+0.12 %)
  ASN16_Radon_filter2    chain_noeq     rates limit      Ac-228.decision_threshold_ra              1.624              1.626 0.002 (+0.12 %)
  ASN16_Radon_filter2    chain_noeq     rates limit      Ac-228.detection_limit_rate               3.271              3.275 0.004 (+0.12 %)
  ASN16_Radon_filter2    chain_noeq     rates limit      Ac-228.limit_peak_counts               1594.616           1595.685 1.069 (+0.07 %)
  ASN16_Radon_filter2    chain_noeq     rates limit      Bi-212.collinearity                       0.066              0.067 0.000443241 (+0.67 %)
  ASN16_Radon_filter2    chain_noeq     rates limit      Bi-212.decision_threshold_ra              9.500              9.553 0.054 (+0.56 %)
  ASN16_Radon_filter2    chain_noeq     rates limit      Bi-212.detection_limit_rate              19.366             19.476 0.110 (+0.57 %)
  ASN16_Radon_filter2    chain_noeq     rates limit      Bi-212.limit_peak_counts                702.036            702.598 0.562 (+0.08 %)
  ASN16_Radon_filter2    chain_noeq     rates limit      Bi-214.collinearity                       0.329              0.329 0.00044574 (+0.14 %)
  ASN16_Radon_filter2    chain_noeq     rates limit      Bi-214.decision_threshold_ra              1.535              1.546 0.012 (+0.76 %)
  ASN16_Radon_filter2    chain_noeq     rates limit      Bi-214.detection_limit_rate               3.101              3.124 0.024 (+0.76 %)
  ASN16_Radon_filter2    chain_noeq     rates limit      Bi-214.limit_peak_counts                674.155            675.046 0.891 (+0.13 %)
  ASN16_Radon_filter2    chain_noeq     rates limit      Pb-210.collinearity                       0.633              0.633 9.14491e-06 (+0.00 %)
  ASN16_Radon_filter2    chain_noeq     rates limit      Pb-210.decision_threshold_ra             14.663             14.663 0.000149823 (+0.00 %)
  … и ещё 63 строк

ПЕРЕОБЪЯВЛЕНИЕ G1S24_Rn222Coal_eq01 / sample_eq: 146 расхождений с прежним эталоном (2026-09-30 01:35):
  спектр                 режим          полоса           компонент                                  было              стало              Δ
  G1S24_Rn222Coal_eq01   sample_eq      0-30 кэВ         Bi-212                                  111.871            111.833 -0.038 (-0.03 %)
  G1S24_Rn222Coal_eq01   sample_eq      0-30 кэВ         Bi-214                                 1055.691           1055.615 -0.076 (-0.01 %)
  G1S24_Rn222Coal_eq01   sample_eq      0-30 кэВ         Pb-212                                  120.043            119.992 -0.051 (-0.04 %)
  G1S24_Rn222Coal_eq01   sample_eq      0-30 кэВ         Pb-214                                 1280.335           1280.583 0.248 (+0.02 %)
  G1S24_Rn222Coal_eq01   sample_eq      0-30 кэВ         Ra-224                                    6.565              6.564 -0.001 (-0.02 %)
  G1S24_Rn222Coal_eq01   sample_eq      0-30 кэВ         Th-228                                    2.458              2.456 -0.002 (-0.08 %)
  G1S24_Rn222Coal_eq01   sample_eq      0-30 кэВ         Tl-208                                   76.163             76.144 -0.019 (-0.02 %)
  G1S24_Rn222Coal_eq01   sample_eq      0-30 кэВ         continuum_raw                          2429.356           2429.568 0.212 (+0.01 %)
  G1S24_Rn222Coal_eq01   sample_eq      0-30 кэВ         excess_fit                               45.688             45.656 -0.032 (-0.07 %)
  G1S24_Rn222Coal_eq01   sample_eq      0-30 кэВ         excess_net                               41.202             41.170 -0.032 (-0.08 %)
  G1S24_Rn222Coal_eq01   sample_eq      0-30 кэВ         missing_fit                             359.497            359.404 -0.093 (-0.03 %)
  G1S24_Rn222Coal_eq01   sample_eq      0-30 кэВ         missing_net                             359.497            359.404 -0.093 (-0.03 %)
  G1S24_Rn222Coal_eq01   sample_eq      0-30 кэВ         model                                  2654.166           2654.227 0.061 (+0.00 %)
  G1S24_Rn222Coal_eq01   sample_eq      0-30 кэВ         tail                                      8.132              8.142 0.010 (+0.12 %)
  G1S24_Rn222Coal_eq01   sample_eq      30-100 кэВ       Bi-212                                  359.007            358.897 -0.110 (-0.03 %)
  G1S24_Rn222Coal_eq01   sample_eq      30-100 кэВ       Bi-214                                 8461.355           8458.567 -2.788 (-0.03 %)
  G1S24_Rn222Coal_eq01   sample_eq      30-100 кэВ       Pb-212                                 3349.352           3347.612 -1.740 (-0.05 %)
  G1S24_Rn222Coal_eq01   sample_eq      30-100 кэВ       Pb-214                                25651.831          25657.832 6.001 (+0.02 %)
  G1S24_Rn222Coal_eq01   sample_eq      30-100 кэВ       Ra-224                                   79.066             79.015 -0.051 (-0.06 %)
  G1S24_Rn222Coal_eq01   sample_eq      30-100 кэВ       Rn-222                                    7.669              7.672 0.003 (+0.04 %)
  G1S24_Rn222Coal_eq01   sample_eq      30-100 кэВ       Th-228                                  101.053            101.010 -0.043 (-0.04 %)
  G1S24_Rn222Coal_eq01   sample_eq      30-100 кэВ       Tl-208                                  750.151            749.642 -0.509 (-0.07 %)
  G1S24_Rn222Coal_eq01   sample_eq      30-100 кэВ       continuum_raw                         11682.564          11676.908 -5.656 (-0.05 %)
  G1S24_Rn222Coal_eq01   sample_eq      30-100 кэВ       excess_fit                             2081.845           2083.869 2.024 (+0.10 %)
  G1S24_Rn222Coal_eq01   sample_eq      30-100 кэВ       excess_net                             2081.845           2083.869 2.024 (+0.10 %)
  G1S24_Rn222Coal_eq01   sample_eq      30-100 кэВ       missing_fit                            2939.493           2940.750 1.257 (+0.04 %)
  G1S24_Rn222Coal_eq01   sample_eq      30-100 кэВ       missing_net                            2939.493           2940.750 1.257 (+0.04 %)
  G1S24_Rn222Coal_eq01   sample_eq      30-100 кэВ       model                                 38760.656          38761.423 0.767 (+0.00 %)
  G1S24_Rn222Coal_eq01   sample_eq      100-300 кэВ      Bi-212                                  314.463            314.770 0.307 (+0.10 %)
  G1S24_Rn222Coal_eq01   sample_eq      100-300 кэВ      Bi-214                                26823.805          26820.300 -3.505 (-0.01 %)
  G1S24_Rn222Coal_eq01   sample_eq      100-300 кэВ      Pb-212                                 3990.741           3989.004 -1.737 (-0.04 %)
  G1S24_Rn222Coal_eq01   sample_eq      100-300 кэВ      Pb-214                                31634.647          31641.378 6.731 (+0.02 %)
  G1S24_Rn222Coal_eq01   sample_eq      100-300 кэВ      Ra-224                                  353.146            352.994 -0.152 (-0.04 %)
  G1S24_Rn222Coal_eq01   sample_eq      100-300 кэВ      Rn-222                                   24.309             24.312 0.003 (+0.01 %)
  G1S24_Rn222Coal_eq01   sample_eq      100-300 кэВ      Th-228                                   40.691             40.670 -0.021 (-0.05 %)
  G1S24_Rn222Coal_eq01   sample_eq      100-300 кэВ      Tl-208                                 1959.638           1958.717 -0.921 (-0.05 %)
  G1S24_Rn222Coal_eq01   sample_eq      100-300 кэВ      continuum_raw                         27571.174          27559.112 -12.062 (-0.04 %)
  G1S24_Rn222Coal_eq01   sample_eq      100-300 кэВ      excess_fit                             1269.798           1270.924 1.126 (+0.09 %)
  G1S24_Rn222Coal_eq01   sample_eq      100-300 кэВ      excess_net                             1269.798           1270.924 1.126 (+0.09 %)
  G1S24_Rn222Coal_eq01   sample_eq      100-300 кэВ      missing_fit                            1368.464           1368.876 0.412 (+0.03 %)
  G1S24_Rn222Coal_eq01   sample_eq      100-300 кэВ      missing_net                            1368.464           1368.876 0.412 (+0.03 %)
  G1S24_Rn222Coal_eq01   sample_eq      100-300 кэВ      model                                 65147.791          65148.505 0.714 (+0.00 %)
  G1S24_Rn222Coal_eq01   sample_eq      300-700 кэВ      Bi-212                                  287.944            288.335 0.391 (+0.14 %)
  G1S24_Rn222Coal_eq01   sample_eq      300-700 кэВ      Bi-214                                32817.001          32811.121 -5.880 (-0.02 %)
  G1S24_Rn222Coal_eq01   sample_eq      300-700 кэВ      Pb-212                                   77.495             77.472 -0.023 (-0.03 %)
  G1S24_Rn222Coal_eq01   sample_eq      300-700 кэВ      Pb-214                                18286.434          18291.850 5.416 (+0.03 %)
  G1S24_Rn222Coal_eq01   sample_eq      300-700 кэВ      Rn-222                                   29.931             29.948 0.017 (+0.06 %)
  G1S24_Rn222Coal_eq01   sample_eq      300-700 кэВ      Tl-208                                 2211.074           2210.722 -0.352 (-0.02 %)
  G1S24_Rn222Coal_eq01   sample_eq      300-700 кэВ      continuum_raw                         12912.317          12908.661 -3.656 (-0.03 %)
  G1S24_Rn222Coal_eq01   sample_eq      300-700 кэВ      excess_fit                             1644.676           1643.327 -1.349 (-0.08 %)
  G1S24_Rn222Coal_eq01   sample_eq      300-700 кэВ      excess_net                             1644.676           1643.327 -1.349 (-0.08 %)
  G1S24_Rn222Coal_eq01   sample_eq      300-700 кэВ      missing_fit                            2061.593           2060.683 -0.910 (-0.04 %)
  G1S24_Rn222Coal_eq01   sample_eq      300-700 кэВ      missing_net                            2061.593           2060.683 -0.910 (-0.04 %)
  G1S24_Rn222Coal_eq01   sample_eq      300-700 кэВ      model                                 53717.260          53716.821 -0.439 (-0.00 %)
  G1S24_Rn222Coal_eq01   sample_eq      700-1500 кэВ     Bi-212                                  226.319            226.510 0.191 (+0.08 %)
  G1S24_Rn222Coal_eq01   sample_eq      700-1500 кэВ     Bi-214                                20102.244          20101.147 -1.097 (-0.01 %)
  G1S24_Rn222Coal_eq01   sample_eq      700-1500 кэВ     Pb-214                                  330.119            330.266 0.147 (+0.04 %)
  G1S24_Rn222Coal_eq01   sample_eq      700-1500 кэВ     Tl-208                                  956.804            957.675 0.871 (+0.09 %)
  G1S24_Rn222Coal_eq01   sample_eq      700-1500 кэВ     continuum_raw                          7054.623           7055.816 1.193 (+0.02 %)
  G1S24_Rn222Coal_eq01   sample_eq      700-1500 кэВ     excess_fit                             1341.565           1341.597 0.032 (+0.00 %)
  … и ещё 86 строк

ПЕРЕОБЪЯВЛЕНИЕ G1S24_Rn222Coal_eq01 / sample_noeq: 154 расхождений с прежним эталоном (2026-09-30 01:35):
  спектр                 режим          полоса           компонент                                  было              стало              Δ
  G1S24_Rn222Coal_eq01   sample_noeq    0-30 кэВ         Bi-214                                 1263.189           1263.627 0.438 (+0.03 %)
  G1S24_Rn222Coal_eq01   sample_noeq    0-30 кэВ         Pb-212                                  158.174            158.161 -0.013 (-0.01 %)
  G1S24_Rn222Coal_eq01   sample_noeq    0-30 кэВ         Pb-214                                 1404.571           1404.197 -0.374 (-0.03 %)
  G1S24_Rn222Coal_eq01   sample_noeq    0-30 кэВ         Tl-208                                   64.954             64.949 -0.005 (-0.01 %)
  G1S24_Rn222Coal_eq01   sample_noeq    0-30 кэВ         continuum_raw                          2832.735           2832.893 0.158 (+0.01 %)
  G1S24_Rn222Coal_eq01   sample_noeq    0-30 кэВ         excess_fit                               99.996             99.972 -0.024 (-0.02 %)
  G1S24_Rn222Coal_eq01   sample_noeq    0-30 кэВ         excess_net                               95.510             95.486 -0.024 (-0.03 %)
  G1S24_Rn222Coal_eq01   sample_noeq    0-30 кэВ         missing_fit                             168.302            168.230 -0.072 (-0.04 %)
  G1S24_Rn222Coal_eq01   sample_noeq    0-30 кэВ         missing_net                             168.302            168.230 -0.072 (-0.04 %)
  G1S24_Rn222Coal_eq01   sample_noeq    0-30 кэВ         model                                  2899.669           2899.717 0.048 (+0.00 %)
  G1S24_Rn222Coal_eq01   sample_noeq    0-30 кэВ         tail                                      0.696              0.697 0.001 (+0.14 %)
  G1S24_Rn222Coal_eq01   sample_noeq    30-100 кэВ       Bi-214                                 9363.436           9366.265 2.829 (+0.03 %)
  G1S24_Rn222Coal_eq01   sample_noeq    30-100 кэВ       Pb-212                                 3745.826           3745.606 -0.220 (-0.01 %)
  G1S24_Rn222Coal_eq01   sample_noeq    30-100 кэВ       Pb-214                                25319.153          25314.884 -4.269 (-0.02 %)
  G1S24_Rn222Coal_eq01   sample_noeq    30-100 кэВ       Ra-224                                   94.192             94.175 -0.017 (-0.02 %)
  G1S24_Rn222Coal_eq01   sample_noeq    30-100 кэВ       Tl-208                                  553.533            553.334 -0.199 (-0.04 %)
  G1S24_Rn222Coal_eq01   sample_noeq    30-100 кэВ       continuum_raw                         13436.846          13434.749 -2.097 (-0.02 %)
  G1S24_Rn222Coal_eq01   sample_noeq    30-100 кэВ       excess_fit                             2007.946           2007.839 -0.107 (-0.01 %)
  G1S24_Rn222Coal_eq01   sample_noeq    30-100 кэВ       excess_net                             2007.946           2007.839 -0.107 (-0.01 %)
  G1S24_Rn222Coal_eq01   sample_noeq    30-100 кэВ       missing_fit                            2550.113           2551.874 1.761 (+0.07 %)
  G1S24_Rn222Coal_eq01   sample_noeq    30-100 кэВ       missing_net                            2550.113           2551.874 1.761 (+0.07 %)
  G1S24_Rn222Coal_eq01   sample_noeq    30-100 кэВ       model                                 39076.137          39074.269 -1.868 (-0.00 %)
  G1S24_Rn222Coal_eq01   sample_noeq    100-300 кэВ      Bi-214                                27313.250          27321.617 8.367 (+0.03 %)
  G1S24_Rn222Coal_eq01   sample_noeq    100-300 кэВ      Pb-212                                 4498.478           4498.328 -0.150 (-0.00 %)
  G1S24_Rn222Coal_eq01   sample_noeq    100-300 кэВ      Pb-214                                31428.562          31420.909 -7.653 (-0.02 %)
  G1S24_Rn222Coal_eq01   sample_noeq    100-300 кэВ      Ra-224                                  397.973            397.966 -0.007 (-0.00 %)
  G1S24_Rn222Coal_eq01   sample_noeq    100-300 кэВ      Tl-208                                 1432.500           1432.117 -0.383 (-0.03 %)
  G1S24_Rn222Coal_eq01   sample_noeq    100-300 кэВ      continuum_raw                         27686.650          27675.924 -10.726 (-0.04 %)
  G1S24_Rn222Coal_eq01   sample_noeq    100-300 кэВ      excess_fit                             1176.190           1176.869 0.679 (+0.06 %)
  G1S24_Rn222Coal_eq01   sample_noeq    100-300 кэВ      excess_net                             1176.190           1176.869 0.679 (+0.06 %)
  G1S24_Rn222Coal_eq01   sample_noeq    100-300 кэВ      missing_fit                            1351.886           1352.399 0.513 (+0.04 %)
  G1S24_Rn222Coal_eq01   sample_noeq    100-300 кэВ      missing_net                            1351.886           1352.399 0.513 (+0.04 %)
  G1S24_Rn222Coal_eq01   sample_noeq    100-300 кэВ      model                                 65070.761          65070.927 0.166 (+0.00 %)
  G1S24_Rn222Coal_eq01   sample_noeq    300-700 кэВ      Bi-214                                33911.955          33914.487 2.532 (+0.01 %)
  G1S24_Rn222Coal_eq01   sample_noeq    300-700 кэВ      Pb-212                                   87.536             87.549 0.013 (+0.01 %)
  G1S24_Rn222Coal_eq01   sample_noeq    300-700 кэВ      Pb-214                                18165.456          18163.355 -2.101 (-0.01 %)
  G1S24_Rn222Coal_eq01   sample_noeq    300-700 кэВ      Tl-208                                 1638.824           1638.618 -0.206 (-0.01 %)
  G1S24_Rn222Coal_eq01   sample_noeq    300-700 кэВ      continuum_raw                         13639.032          13632.597 -6.435 (-0.05 %)
  G1S24_Rn222Coal_eq01   sample_noeq    300-700 кэВ      excess_fit                             1724.476           1724.455 -0.021 (-0.00 %)
  G1S24_Rn222Coal_eq01   sample_noeq    300-700 кэВ      excess_net                             1724.476           1724.455 -0.021 (-0.00 %)
  G1S24_Rn222Coal_eq01   sample_noeq    300-700 кэВ      missing_fit                            2054.882           2054.635 -0.247 (-0.01 %)
  G1S24_Rn222Coal_eq01   sample_noeq    300-700 кэВ      missing_net                            2054.882           2054.635 -0.247 (-0.01 %)
  G1S24_Rn222Coal_eq01   sample_noeq    300-700 кэВ      model                                 53803.771          53803.997 0.226 (+0.00 %)
  G1S24_Rn222Coal_eq01   sample_noeq    700-1500 кэВ     Bi-214                                20561.571          20561.892 0.321 (+0.00 %)
  G1S24_Rn222Coal_eq01   sample_noeq    700-1500 кэВ     Pb-214                                  327.547            327.530 -0.017 (-0.01 %)
  G1S24_Rn222Coal_eq01   sample_noeq    700-1500 кэВ     Tl-208                                  712.922            713.086 0.164 (+0.02 %)
  G1S24_Rn222Coal_eq01   sample_noeq    700-1500 кэВ     continuum_raw                          7244.140           7239.572 -4.568 (-0.06 %)
  G1S24_Rn222Coal_eq01   sample_noeq    700-1500 кэВ     excess_fit                             1328.372           1328.634 0.262 (+0.02 %)
  G1S24_Rn222Coal_eq01   sample_noeq    700-1500 кэВ     excess_net                             1328.372           1328.634 0.262 (+0.02 %)
  G1S24_Rn222Coal_eq01   sample_noeq    700-1500 кэВ     missing_fit                            1538.155           1537.943 -0.212 (-0.01 %)
  G1S24_Rn222Coal_eq01   sample_noeq    700-1500 кэВ     missing_net                            1538.155           1537.943 -0.212 (-0.01 %)
  G1S24_Rn222Coal_eq01   sample_noeq    700-1500 кэВ     model                                 21602.043          21602.517 0.474 (+0.00 %)
  G1S24_Rn222Coal_eq01   sample_noeq    1500-3000 кэВ    Bi-214                                 5066.403           5065.999 -0.404 (-0.01 %)
  G1S24_Rn222Coal_eq01   sample_noeq    1500-3000 кэВ    Tl-208                                 1070.845           1070.852 0.007 (+0.00 %)
  G1S24_Rn222Coal_eq01   sample_noeq    1500-3000 кэВ    continuum_raw                          1641.700           1642.828 1.128 (+0.07 %)
  G1S24_Rn222Coal_eq01   sample_noeq    1500-3000 кэВ    excess_fit                              955.591            955.348 -0.243 (-0.03 %)
  G1S24_Rn222Coal_eq01   sample_noeq    1500-3000 кэВ    excess_net                              855.519            855.276 -0.243 (-0.03 %)
  G1S24_Rn222Coal_eq01   sample_noeq    1500-3000 кэВ    missing_fit                             900.556            900.711 0.155 (+0.02 %)
  G1S24_Rn222Coal_eq01   sample_noeq    1500-3000 кэВ    missing_net                             900.556            900.711 0.155 (+0.02 %)
  G1S24_Rn222Coal_eq01   sample_noeq    1500-3000 кэВ    model                                  6137.245           6136.847 -0.398 (-0.01 %)
  … и ещё 94 строк
  ASN16_Cs137_10cm / sample_nomatrix: числа те же, что в эталоне 2026-09-30 01:35 (переписано клеймо)

ЭТАЛОН ОБЪЯВЛЕН 2026-09-30 10:29 (HEAD fdd104ff): 9 пар, из них с изменившимися числами 8 — D:\BqMoni_Claude\p183\wt\tools\fsa_showcase\reference
эталон переобъявлен — diff выше в отчёт полосы; файлы reference\*.json — в коммит
