каталог проб: D:\BqMoni_Claude\p90\wt\tools\effmaker\probes\build_p90 (заверен 2026-09-17 15:00:47 из D:\BqMoni_Claude\p90\wt\BecquerelMonitor\bin\Release_p90)
  ⚠ сверено: набор приложения c9c55e6dfdbe (549 файлов), набор FsaStackShot df91d565a344 (6 файлов), sha двух exe
свежесть каталога проб: сошлась с деревом (T226, 0.8 с)
рабочий каталог: D:\BqMoni_Claude\p90\wt\tools\fsa_showcase\wd (скопировано 420, снято 0; приборов 3, матриц 4)
прогон FsaStackShot (5 спектров, 7 пар):
  ASN16_Cs137_house / infer_eq: 2.4 с
  AS80_Th232_disk / infer_eq: 2.8 с
  ASN16_Radon_filter2 / chain_eq: 2.9 с
  ASN16_Radon_filter2 / chain_noeq: 3.7 с
  G1S24_Rn222Coal_eq01 / sample_eq: 2.6 с
  G1S24_Rn222Coal_eq01 / sample_noeq: 2.0 с
  ASN16_Cs137_10cm / sample_nomatrix: 1.2 с
  ✅ ASN16_Cs137_house / infer_eq: совпало с эталоном (2026-09-17 13:44)

⛔ КАРТИНКА ИЗМЕНИЛАСЬ: AS80_Th232_disk / infer_eq — 167 расхождений (допуск rel 1e-09, abs 1e-06; эталон объявлен 2026-09-17 13:44)
  спектр                 режим          полоса           компонент                                  было              стало              Δ
  AS80_Th232_disk        infer_eq       0-30 кэВ         Ac-228                                10538.952          10539.519 0.567 (+0.01 %)
  AS80_Th232_disk        infer_eq       0-30 кэВ         Bi-212                                 3784.388           3786.210 1.822 (+0.05 %)
  AS80_Th232_disk        infer_eq       0-30 кэВ         Pb-212                                 2303.381           2301.056 -2.325 (-0.10 %)
  AS80_Th232_disk        infer_eq       0-30 кэВ         Ra-224                                  171.937            171.875 -0.062 (-0.04 %)
  AS80_Th232_disk        infer_eq       0-30 кэВ         Rn-220                                    5.138              5.136 -0.002 (-0.04 %)
  AS80_Th232_disk        infer_eq       0-30 кэВ         Th-228                                   30.954             30.945 -0.009 (-0.03 %)
  AS80_Th232_disk        infer_eq       0-30 кэВ         Th-232                                    4.432              4.429 -0.003 (-0.07 %)
  AS80_Th232_disk        infer_eq       0-30 кэВ         Tl-208                                 2800.796           2798.827 -1.969 (-0.07 %)
  AS80_Th232_disk        infer_eq       0-30 кэВ         Xray-Pb                                2093.285           2095.165 1.880 (+0.09 %)
  AS80_Th232_disk        infer_eq       0-30 кэВ         Xray-Th                                  70.240             69.648 -0.592 (-0.84 %)
  AS80_Th232_disk        infer_eq       0-30 кэВ         continuum_raw                          6261.232           6261.420 0.188 (+0.00 %)
  AS80_Th232_disk        infer_eq       0-30 кэВ         excess_fit                              676.687            677.178 0.491 (+0.07 %)
  AS80_Th232_disk        infer_eq       0-30 кэВ         excess_net                              675.207            675.698 0.491 (+0.07 %)
  AS80_Th232_disk        infer_eq       0-30 кэВ         missing_fit                            3858.312           3859.494 1.182 (+0.03 %)
  AS80_Th232_disk        infer_eq       0-30 кэВ         missing_net                            3858.312           3859.494 1.182 (+0.03 %)
  AS80_Th232_disk        infer_eq       0-30 кэВ         model                                 21803.665          21802.974 -0.691 (-0.00 %)
  AS80_Th232_disk        infer_eq       0-30 кэВ         tail                                   5297.643           5294.693 -2.950 (-0.06 %)
  AS80_Th232_disk        infer_eq       30-100 кэВ       Ac-228                                70727.547          70800.320 72.773 (+0.10 %)
  AS80_Th232_disk        infer_eq       30-100 кэВ       Bi-212                                16474.008          16476.861 2.853 (+0.02 %)
  AS80_Th232_disk        infer_eq       30-100 кэВ       Pb-212                                60678.043          60515.630 -162.413 (-0.27 %)
  AS80_Th232_disk        infer_eq       30-100 кэВ       Ra-224                                 2978.328           2980.091 1.763 (+0.06 %)
  AS80_Th232_disk        infer_eq       30-100 кэВ       Rn-220                                   38.126             38.171 0.045 (+0.12 %)
  AS80_Th232_disk        infer_eq       30-100 кэВ       Th-228                                 1553.423           1553.792 0.369 (+0.02 %)
  AS80_Th232_disk        infer_eq       30-100 кэВ       Th-232                                  136.833            136.861 0.028 (+0.02 %)
  AS80_Th232_disk        infer_eq       30-100 кэВ       Tl-208                                37256.229          37264.614 8.385 (+0.02 %)
  AS80_Th232_disk        infer_eq       30-100 кэВ       Xray-Pb                              161097.275         161254.344 157.069 (+0.10 %)
  AS80_Th232_disk        infer_eq       30-100 кэВ       Xray-Th                                9830.281           9747.924 -82.357 (-0.84 %)
  AS80_Th232_disk        infer_eq       30-100 кэВ       continuum_raw                         85088.228          85154.378 66.150 (+0.08 %)
  AS80_Th232_disk        infer_eq       30-100 кэВ       excess_fit                            13835.229          13862.811 27.582 (+0.20 %)
  AS80_Th232_disk        infer_eq       30-100 кэВ       excess_net                            13835.229          13862.811 27.582 (+0.20 %)
  AS80_Th232_disk        infer_eq       30-100 кэВ       missing_fit                           15785.604          15814.666 29.062 (+0.18 %)
  AS80_Th232_disk        infer_eq       30-100 кэВ       missing_net                           15785.604          15814.666 29.062 (+0.18 %)
  AS80_Th232_disk        infer_eq       30-100 кэВ       model                                360771.036         360769.556 -1.480 (-0.00 %)
  AS80_Th232_disk        infer_eq       30-100 кэВ       tail                                   8067.611           8068.949 1.338 (+0.02 %)
  AS80_Th232_disk        infer_eq       100-300 кэВ      Ac-228                               209102.835         209339.345 236.510 (+0.11 %)
  AS80_Th232_disk        infer_eq       100-300 кэВ      Bi-212                                20967.557          20977.394 9.837 (+0.05 %)
  AS80_Th232_disk        infer_eq       100-300 кэВ      Pb-212                               220814.076         220690.606 -123.470 (-0.06 %)
  AS80_Th232_disk        infer_eq       100-300 кэВ      Ra-224                                19687.817          19690.898 3.081 (+0.02 %)
  AS80_Th232_disk        infer_eq       100-300 кэВ      Rn-220                                  239.221            239.363 0.142 (+0.06 %)
  AS80_Th232_disk        infer_eq       100-300 кэВ      Th-228                                 1835.897           1836.236 0.339 (+0.02 %)
  AS80_Th232_disk        infer_eq       100-300 кэВ      Th-232                                   54.558             54.572 0.014 (+0.03 %)
  AS80_Th232_disk        infer_eq       100-300 кэВ      Tl-208                               134656.363         134671.060 14.697 (+0.01 %)
  AS80_Th232_disk        infer_eq       100-300 кэВ      Xray-Pb                                 216.622            216.678 0.056 (+0.03 %)
  AS80_Th232_disk        infer_eq       100-300 кэВ      Xray-Th                                4288.462           4251.533 -36.929 (-0.86 %)
  AS80_Th232_disk        infer_eq       100-300 кэВ      continuum_raw                        202943.208         203120.358 177.150 (+0.09 %)
  AS80_Th232_disk        infer_eq       100-300 кэВ      excess_fit                            17366.089          17442.671 76.582 (+0.44 %)
  AS80_Th232_disk        infer_eq       100-300 кэВ      excess_net                            17366.089          17442.671 76.582 (+0.44 %)
  AS80_Th232_disk        infer_eq       100-300 кэВ      missing_fit                           32174.288          32146.609 -27.679 (-0.09 %)
  AS80_Th232_disk        infer_eq       100-300 кэВ      missing_net                           32174.288          32146.609 -27.679 (-0.09 %)
  AS80_Th232_disk        infer_eq       100-300 кэВ      model                                611866.796         611971.057 104.261 (+0.02 %)
  AS80_Th232_disk        infer_eq       300-700 кэВ      Ac-228                               176214.945         176351.039 136.094 (+0.08 %)
  AS80_Th232_disk        infer_eq       300-700 кэВ      Bi-212                                18517.558          18504.312 -13.246 (-0.07 %)
  AS80_Th232_disk        infer_eq       300-700 кэВ      Pb-212                                 5264.839           5296.943 32.104 (+0.61 %)
  AS80_Th232_disk        infer_eq       300-700 кэВ      Rn-220                                  341.378            341.434 0.056 (+0.02 %)
  AS80_Th232_disk        infer_eq       300-700 кэВ      Tl-208                               148011.251         147821.295 -189.956 (-0.13 %)
  AS80_Th232_disk        infer_eq       300-700 кэВ      continuum_raw                         73748.392          73504.357 -244.035 (-0.33 %)
  AS80_Th232_disk        infer_eq       300-700 кэВ      excess_fit                            13627.122          13648.162 21.040 (+0.15 %)
  AS80_Th232_disk        infer_eq       300-700 кэВ      excess_net                            13627.122          13648.162 21.040 (+0.15 %)
  AS80_Th232_disk        infer_eq       300-700 кэВ      missing_fit                           20749.088          20805.076 55.988 (+0.27 %)
  AS80_Th232_disk        infer_eq       300-700 кэВ      missing_net                           20749.088          20805.076 55.988 (+0.27 %)
  … и ещё 107 строк

⛔ КАРТИНКА ИЗМЕНИЛАСЬ: ASN16_Radon_filter2 / chain_eq — 131 расхождений (допуск rel 1e-09, abs 1e-06; эталон объявлен 2026-09-17 13:44)
  спектр                 режим          полоса           компонент                                  было              стало              Δ
  ASN16_Radon_filter2    chain_eq       0-30 кэВ         Ac-228                                 3965.979           3971.117 5.138 (+0.13 %)
  ASN16_Radon_filter2    chain_eq       0-30 кэВ         Bi-212                                  481.900            482.281 0.381 (+0.08 %)
  ASN16_Radon_filter2    chain_eq       0-30 кэВ         Pb-212                                 4772.625           4765.701 -6.924 (-0.15 %)
  ASN16_Radon_filter2    chain_eq       0-30 кэВ         Ra-224                                  247.459            247.671 0.212 (+0.09 %)
  ASN16_Radon_filter2    chain_eq       0-30 кэВ         Rn-220                                    3.050              3.054 0.004 (+0.13 %)
  ASN16_Radon_filter2    chain_eq       0-30 кэВ         Th-228                                  108.286            108.387 0.101 (+0.09 %)
  ASN16_Radon_filter2    chain_eq       0-30 кэВ         Th-232                                   19.934             19.947 0.013 (+0.07 %)
  ASN16_Radon_filter2    chain_eq       0-30 кэВ         Tl-208                                 2141.233           2142.321 1.088 (+0.05 %)
  ASN16_Radon_filter2    chain_eq       0-30 кэВ         continuum_raw                         11665.939          11666.093 0.154 (+0.00 %)
  ASN16_Radon_filter2    chain_eq       0-30 кэВ         excess_fit                             3542.702           3542.709 0.007 (+0.00 %)
  ASN16_Radon_filter2    chain_eq       0-30 кэВ         excess_net                             3542.702           3542.709 0.007 (+0.00 %)
  ASN16_Radon_filter2    chain_eq       0-30 кэВ         missing_fit                            6601.776           6601.761 -0.015 (-0.00 %)
  ASN16_Radon_filter2    chain_eq       0-30 кэВ         missing_net                            6601.776           6601.761 -0.015 (-0.00 %)
  ASN16_Radon_filter2    chain_eq       0-30 кэВ         model                                 11741.274          11741.296 0.022 (+0.00 %)
  ASN16_Radon_filter2    chain_eq       30-100 кэВ       Ac-228                                 9416.195           9428.615 12.420 (+0.13 %)
  ASN16_Radon_filter2    chain_eq       30-100 кэВ       Bi-212                                  882.402            882.960 0.558 (+0.06 %)
  ASN16_Radon_filter2    chain_eq       30-100 кэВ       Pb-212                                10982.282          10965.617 -16.665 (-0.15 %)
  ASN16_Radon_filter2    chain_eq       30-100 кэВ       Ra-224                                  617.353            617.872 0.519 (+0.08 %)
  ASN16_Radon_filter2    chain_eq       30-100 кэВ       Rn-220                                    7.993              8.000 0.007 (+0.09 %)
  ASN16_Radon_filter2    chain_eq       30-100 кэВ       Th-228                                  255.359            255.552 0.193 (+0.08 %)
  ASN16_Radon_filter2    chain_eq       30-100 кэВ       Th-232                                   27.743             27.762 0.019 (+0.07 %)
  ASN16_Radon_filter2    chain_eq       30-100 кэВ       Tl-208                                 5257.185           5259.774 2.589 (+0.05 %)
  ASN16_Radon_filter2    chain_eq       30-100 кэВ       continuum_raw                         26477.744          26481.210 3.466 (+0.01 %)
  ASN16_Radon_filter2    chain_eq       30-100 кэВ       excess_fit                             5487.910           5487.834 -0.076 (-0.00 %)
  ASN16_Radon_filter2    chain_eq       30-100 кэВ       excess_net                             5448.083           5448.007 -0.076 (-0.00 %)
  ASN16_Radon_filter2    chain_eq       30-100 кэВ       missing_fit                            7415.246           7415.495 0.249 (+0.00 %)
  ASN16_Radon_filter2    chain_eq       30-100 кэВ       missing_net                            7415.246           7415.495 0.249 (+0.00 %)
  ASN16_Radon_filter2    chain_eq       30-100 кэВ       model                                 27446.614          27446.289 -0.325 (-0.00 %)
  ASN16_Radon_filter2    chain_eq       100-300 кэВ      Ac-228                                 2922.853           2925.640 2.787 (+0.10 %)
  ASN16_Radon_filter2    chain_eq       100-300 кэВ      Bi-212                                  267.879            268.016 0.137 (+0.05 %)
  ASN16_Radon_filter2    chain_eq       100-300 кэВ      Pb-212                                 2394.233           2391.087 -3.146 (-0.13 %)
  ASN16_Radon_filter2    chain_eq       100-300 кэВ      Ra-224                                  209.010            209.019 0.009 (+0.00 %)
  ASN16_Radon_filter2    chain_eq       100-300 кэВ      Th-228                                   27.469             27.470 0.001 (+0.00 %)
  ASN16_Radon_filter2    chain_eq       100-300 кэВ      Tl-208                                 1785.342           1785.838 0.496 (+0.03 %)
  ASN16_Radon_filter2    chain_eq       100-300 кэВ      continuum_raw                          6375.845           6379.047 3.202 (+0.05 %)
  ASN16_Radon_filter2    chain_eq       100-300 кэВ      excess_fit                            14773.793          14774.199 0.406 (+0.00 %)
  ASN16_Radon_filter2    chain_eq       100-300 кэВ      excess_net                             5238.661           5239.067 0.406 (+0.01 %)
  ASN16_Radon_filter2    chain_eq       100-300 кэВ      missing_fit                            2735.732           2735.894 0.162 (+0.01 %)
  ASN16_Radon_filter2    chain_eq       100-300 кэВ      missing_net                            2735.732           2735.894 0.162 (+0.01 %)
  ASN16_Radon_filter2    chain_eq       100-300 кэВ      model                                  7611.088           7611.332 0.244 (+0.00 %)
  ASN16_Radon_filter2    chain_eq       300-700 кэВ      Ac-228                                  628.327            628.283 -0.044 (-0.01 %)
  ASN16_Radon_filter2    chain_eq       300-700 кэВ      Bi-212                                   72.427             72.355 -0.072 (-0.10 %)
  ASN16_Radon_filter2    chain_eq       300-700 кэВ      Pb-212                                   20.362             20.472 0.110 (+0.54 %)
  ASN16_Radon_filter2    chain_eq       300-700 кэВ      Rn-220                                    0.699              0.697 -0.002 (-0.29 %)
  ASN16_Radon_filter2    chain_eq       300-700 кэВ      Tl-208                                  528.379            527.980 -0.399 (-0.08 %)
  ASN16_Radon_filter2    chain_eq       300-700 кэВ      continuum_raw                           697.133            697.677 0.544 (+0.08 %)
  ASN16_Radon_filter2    chain_eq       300-700 кэВ      excess_fit                             4393.417           4393.090 -0.327 (-0.01 %)
  ASN16_Radon_filter2    chain_eq       300-700 кэВ      excess_net                              638.605            638.278 -0.327 (-0.05 %)
  ASN16_Radon_filter2    chain_eq       300-700 кэВ      missing_fit                            1608.912           1608.917 0.005 (+0.00 %)
  ASN16_Radon_filter2    chain_eq       300-700 кэВ      missing_net                            1608.912           1608.917 0.005 (+0.00 %)
  ASN16_Radon_filter2    chain_eq       300-700 кэВ      model                                  1250.191           1249.859 -0.332 (-0.03 %)
  ASN16_Radon_filter2    chain_eq       700-1500 кэВ     Ac-228                                  137.739            137.541 -0.198 (-0.14 %)
  ASN16_Radon_filter2    chain_eq       700-1500 кэВ     Bi-212                                   23.862             23.833 -0.029 (-0.12 %)
  ASN16_Radon_filter2    chain_eq       700-1500 кэВ     Tl-208                                  109.302            109.257 -0.045 (-0.04 %)
  ASN16_Radon_filter2    chain_eq       700-1500 кэВ     continuum_raw                            64.703             64.721 0.018 (+0.03 %)
  ASN16_Radon_filter2    chain_eq       700-1500 кэВ     excess_fit                             2776.714           2776.536 -0.178 (-0.01 %)
  ASN16_Radon_filter2    chain_eq       700-1500 кэВ     excess_net                              160.400            160.222 -0.178 (-0.11 %)
  ASN16_Radon_filter2    chain_eq       700-1500 кэВ     missing_fit                            1758.913           1759.056 0.143 (+0.01 %)
  ASN16_Radon_filter2    chain_eq       700-1500 кэВ     missing_net                            1758.913           1759.056 0.143 (+0.01 %)
  ASN16_Radon_filter2    chain_eq       700-1500 кэВ     model                                   270.773            270.452 -0.321 (-0.12 %)
  … и ещё 71 строк

⛔ КАРТИНКА ИЗМЕНИЛАСЬ: ASN16_Radon_filter2 / chain_noeq — 127 расхождений (допуск rel 1e-09, abs 1e-06; эталон объявлен 2026-09-17 13:44)
  спектр                 режим          полоса           компонент                                  было              стало              Δ
  ASN16_Radon_filter2    chain_noeq     0-30 кэВ         Pb-212                                11123.850          11122.584 -1.266 (-0.01 %)
  ASN16_Radon_filter2    chain_noeq     0-30 кэВ         Ra-224                                  582.237            583.535 1.298 (+0.22 %)
  ASN16_Radon_filter2    chain_noeq     0-30 кэВ         continuum_raw                         11514.264          11514.154 -0.110 (-0.00 %)
  ASN16_Radon_filter2    chain_noeq     0-30 кэВ         excess_fit                             3517.867           3517.814 -0.053 (-0.00 %)
  ASN16_Radon_filter2    chain_noeq     0-30 кэВ         excess_net                             3517.867           3517.814 -0.053 (-0.00 %)
  ASN16_Radon_filter2    chain_noeq     0-30 кэВ         missing_fit                            6612.127           6612.048 -0.079 (-0.00 %)
  ASN16_Radon_filter2    chain_noeq     0-30 кэВ         missing_net                            6612.127           6612.048 -0.079 (-0.00 %)
  ASN16_Radon_filter2    chain_noeq     0-30 кэВ         model                                 11706.088          11706.114 0.026 (+0.00 %)
  ASN16_Radon_filter2    chain_noeq     30-100 кэВ       Pb-212                                26725.668          26721.312 -4.356 (-0.02 %)
  ASN16_Radon_filter2    chain_noeq     30-100 кэВ       Ra-224                                 1430.306           1433.846 3.540 (+0.25 %)
  ASN16_Radon_filter2    chain_noeq     30-100 кэВ       continuum_raw                         23577.366          23589.302 11.936 (+0.05 %)
  ASN16_Radon_filter2    chain_noeq     30-100 кэВ       excess_fit                             4978.462           4979.965 1.503 (+0.03 %)
  ASN16_Radon_filter2    chain_noeq     30-100 кэВ       excess_net                             4938.635           4940.138 1.503 (+0.03 %)
  ASN16_Radon_filter2    chain_noeq     30-100 кэВ       missing_fit                            6196.431           6198.760 2.329 (+0.04 %)
  ASN16_Radon_filter2    chain_noeq     30-100 кэВ       missing_net                            6196.431           6198.760 2.329 (+0.04 %)
  ASN16_Radon_filter2    chain_noeq     30-100 кэВ       model                                 28155.981          28155.155 -0.826 (-0.00 %)
  ASN16_Radon_filter2    chain_noeq     100-300 кэВ      Pb-212                                 8154.566           8153.051 -1.515 (-0.02 %)
  ASN16_Radon_filter2    chain_noeq     100-300 кэВ      Ra-224                                  719.696            720.642 0.946 (+0.13 %)
  ASN16_Radon_filter2    chain_noeq     100-300 кэВ      continuum_raw                          3952.353           3956.595 4.242 (+0.11 %)
  ASN16_Radon_filter2    chain_noeq     100-300 кэВ      excess_fit                            14483.514          14483.256 -0.258 (-0.00 %)
  ASN16_Radon_filter2    chain_noeq     100-300 кэВ      excess_net                             4948.382           4948.124 -0.258 (-0.01 %)
  ASN16_Radon_filter2    chain_noeq     100-300 кэВ      missing_fit                            1182.283           1182.598 0.315 (+0.03 %)
  ASN16_Radon_filter2    chain_noeq     100-300 кэВ      missing_net                            1182.283           1182.598 0.315 (+0.03 %)
  ASN16_Radon_filter2    chain_noeq     100-300 кэВ      model                                  8874.258           8873.685 -0.573 (-0.01 %)
  ASN16_Radon_filter2    chain_noeq     300-700 кэВ      Pb-212                                  333.832            746.033 412.201 (+123.48 %)
  ASN16_Radon_filter2    chain_noeq     300-700 кэВ      continuum                               662.388            252.618 -409.770 (-61.86 %)
  ASN16_Radon_filter2    chain_noeq     300-700 кэВ      continuum_raw                           866.949            866.853 -0.096 (-0.01 %)
  ASN16_Radon_filter2    chain_noeq     300-700 кэВ      excess_fit                             4216.094           4216.602 0.508 (+0.01 %)
  ASN16_Radon_filter2    chain_noeq     300-700 кэВ      excess_net                              461.282            461.790 0.508 (+0.11 %)
  ASN16_Radon_filter2    chain_noeq     300-700 кэВ      missing_fit                            1685.560           1683.637 -1.923 (-0.11 %)
  ASN16_Radon_filter2    chain_noeq     300-700 кэВ      missing_net                            1685.560           1683.637 -1.923 (-0.11 %)
  ASN16_Radon_filter2    chain_noeq     300-700 кэВ      model                                   996.220            998.651 2.431 (+0.24 %)
  ASN16_Radon_filter2    chain_noeq     rates component  Pb-212.count_rate                        15.085             15.096 0.011 (+0.07 %)
  ASN16_Radon_filter2    chain_noeq     rates component  Pb-212.decision_threshold_ra              0.965              0.966 0.000614303 (+0.06 %)
  ASN16_Radon_filter2    chain_noeq     rates component  Pb-212.detection_limit_rate               1.942              1.943 0.001 (+0.06 %)
  ASN16_Radon_filter2    chain_noeq     rates component  Pb-212.peak_counts                     9156.467           9153.581 -2.886 (-0.03 %)
  ASN16_Radon_filter2    chain_noeq     rates component  Pb-212.share_pct                         91.089             91.883 0.794 (+0.87 %)
  ASN16_Radon_filter2    chain_noeq     rates component  Pb-212.z                                 23.463             23.462 -0.002 (-0.01 %)
  ASN16_Radon_filter2    chain_noeq     rates component  Ra-224.count_rate                        15.085             15.096 0.011 (+0.07 %)
  ASN16_Radon_filter2    chain_noeq     rates component  Ra-224.decision_threshold_ra              0.965              0.966 0.000614303 (+0.06 %)
  ASN16_Radon_filter2    chain_noeq     rates component  Ra-224.detection_limit_rate               1.942              1.943 0.001 (+0.06 %)
  ASN16_Radon_filter2    chain_noeq     rates component  Ra-224.peak_counts                      442.480            442.801 0.321 (+0.07 %)
  ASN16_Radon_filter2    chain_noeq     rates component  Ra-224.share_pct                          5.371              5.382 0.011 (+0.21 %)
  ASN16_Radon_filter2    chain_noeq     rates component  Ra-224.z                                 23.463             23.462 -0.002 (-0.01 %)
  ASN16_Radon_filter2    chain_noeq     rates grey       above_lines.peak_counts                1801.129           1391.358 -409.771 (-22.75 %)
  ASN16_Radon_filter2    chain_noeq     rates grey       above_lines.share_pct                     3.541              2.735 -0.806 (-22.75 %)
  ASN16_Radon_filter2    chain_noeq     rates grey       residual_excess.count_rate                0.889              0.889 4.55792e-05 (+0.01 %)
  ASN16_Radon_filter2    chain_noeq     rates grey       residual_missing.count_rate               0.520              0.520 1.80946e-05 (+0.00 %)
  ASN16_Radon_filter2    chain_noeq     rates limit      Ac-228.collinearity                       0.111              0.111 -9.80123e-05 (-0.09 %)
  ASN16_Radon_filter2    chain_noeq     rates limit      Ac-228.decision_threshold_ra              1.629              1.628 -0.000791348 (-0.05 %)
  ASN16_Radon_filter2    chain_noeq     rates limit      Ac-228.detection_limit_rate               3.281              3.279 -0.002 (-0.05 %)
  ASN16_Radon_filter2    chain_noeq     rates limit      Ac-228.limit_peak_counts               1606.892           1606.830 -0.062 (-0.00 %)
  ASN16_Radon_filter2    chain_noeq     rates limit      Bi-212.collinearity                       0.068              0.068 7.02839e-06 (+0.01 %)
  ASN16_Radon_filter2    chain_noeq     rates limit      Bi-212.decision_threshold_ra              9.547              9.547 5.46944e-05 (+0.00 %)
  ASN16_Radon_filter2    chain_noeq     rates limit      Bi-212.detection_limit_rate              19.463             19.463 0.000115211 (+0.00 %)
  ASN16_Radon_filter2    chain_noeq     rates limit      Bi-212.limit_peak_counts                773.063            773.067 0.004 (+0.00 %)
  ASN16_Radon_filter2    chain_noeq     rates limit      Bi-214.collinearity                       0.321              0.321 6.04512e-05 (+0.02 %)
  ASN16_Radon_filter2    chain_noeq     rates limit      Bi-214.decision_threshold_ra              1.526              1.526 8.07937e-06 (+0.00 %)
  ASN16_Radon_filter2    chain_noeq     rates limit      Bi-214.detection_limit_rate               3.085              3.085 2.61115e-05 (+0.00 %)
  ASN16_Radon_filter2    chain_noeq     rates limit      Bi-214.limit_peak_counts                688.419            688.373 -0.046 (-0.01 %)
  … и ещё 67 строк

⛔ КАРТИНКА ИЗМЕНИЛАСЬ: G1S24_Rn222Coal_eq01 / sample_eq — 167 расхождений (допуск rel 1e-09, abs 1e-06; эталон объявлен 2026-09-17 13:44)
  спектр                 режим          полоса           компонент                                  было              стало              Δ
  G1S24_Rn222Coal_eq01   sample_eq      0-30 кэВ         Bi-212                                  115.924            115.985 0.061 (+0.05 %)
  G1S24_Rn222Coal_eq01   sample_eq      0-30 кэВ         Bi-214                                  874.831            874.642 -0.189 (-0.02 %)
  G1S24_Rn222Coal_eq01   sample_eq      0-30 кэВ         Pb-210                                  162.541            162.628 0.087 (+0.05 %)
  G1S24_Rn222Coal_eq01   sample_eq      0-30 кэВ         Pb-212                                  122.532            122.297 -0.235 (-0.19 %)
  G1S24_Rn222Coal_eq01   sample_eq      0-30 кэВ         Pb-214                                 1075.421           1075.366 -0.055 (-0.01 %)
  G1S24_Rn222Coal_eq01   sample_eq      0-30 кэВ         Ra-224                                    6.677              6.678 0.001 (+0.01 %)
  G1S24_Rn222Coal_eq01   sample_eq      0-30 кэВ         Ra-226                                   51.647             51.640 -0.007 (-0.01 %)
  G1S24_Rn222Coal_eq01   sample_eq      0-30 кэВ         Tl-208                                   78.765             78.736 -0.029 (-0.04 %)
  G1S24_Rn222Coal_eq01   sample_eq      0-30 кэВ         continuum_raw                          2105.284           2104.570 -0.714 (-0.03 %)
  G1S24_Rn222Coal_eq01   sample_eq      0-30 кэВ         excess_fit                               60.806             60.777 -0.029 (-0.05 %)
  G1S24_Rn222Coal_eq01   sample_eq      0-30 кэВ         excess_net                               56.320             56.291 -0.029 (-0.05 %)
  G1S24_Rn222Coal_eq01   sample_eq      0-30 кэВ         missing_fit                             537.063            537.399 0.336 (+0.06 %)
  G1S24_Rn222Coal_eq01   sample_eq      0-30 кэВ         missing_net                             537.063            537.399 0.336 (+0.06 %)
  G1S24_Rn222Coal_eq01   sample_eq      0-30 кэВ         model                                  2491.718           2491.353 -0.365 (-0.01 %)
  G1S24_Rn222Coal_eq01   sample_eq      0-30 кэВ         tail                                      9.577              9.619 0.042 (+0.44 %)
  G1S24_Rn222Coal_eq01   sample_eq      30-100 кэВ       Bi-212                                  462.968            463.094 0.126 (+0.03 %)
  G1S24_Rn222Coal_eq01   sample_eq      30-100 кэВ       Bi-214                                 8005.076           8010.006 4.930 (+0.06 %)
  G1S24_Rn222Coal_eq01   sample_eq      30-100 кэВ       Pb-210                                 2697.823           2698.078 0.255 (+0.01 %)
  G1S24_Rn222Coal_eq01   sample_eq      30-100 кэВ       Pb-212                                 3995.631           3987.253 -8.378 (-0.21 %)
  G1S24_Rn222Coal_eq01   sample_eq      30-100 кэВ       Pb-214                                21761.736          21764.760 3.024 (+0.01 %)
  G1S24_Rn222Coal_eq01   sample_eq      30-100 кэВ       Ra-224                                   91.487             91.549 0.062 (+0.07 %)
  G1S24_Rn222Coal_eq01   sample_eq      30-100 кэВ       Ra-226                                  852.166            852.548 0.382 (+0.04 %)
  G1S24_Rn222Coal_eq01   sample_eq      30-100 кэВ       Th-228                                  119.245            119.288 0.043 (+0.04 %)
  G1S24_Rn222Coal_eq01   sample_eq      30-100 кэВ       Tl-208                                  881.719            882.059 0.340 (+0.04 %)
  G1S24_Rn222Coal_eq01   sample_eq      30-100 кэВ       continuum_raw                         11203.049          11212.931 9.882 (+0.09 %)
  G1S24_Rn222Coal_eq01   sample_eq      30-100 кэВ       excess_fit                             4017.107           4015.903 -1.204 (-0.03 %)
  G1S24_Rn222Coal_eq01   sample_eq      30-100 кэВ       excess_net                             4017.107           4015.903 -1.204 (-0.03 %)
  G1S24_Rn222Coal_eq01   sample_eq      30-100 кэВ       missing_fit                            4759.124           4757.128 -1.996 (-0.04 %)
  G1S24_Rn222Coal_eq01   sample_eq      30-100 кэВ       missing_net                            4759.124           4757.128 -1.996 (-0.04 %)
  G1S24_Rn222Coal_eq01   sample_eq      30-100 кэВ       model                                 38876.287          38877.079 0.792 (+0.00 %)
  G1S24_Rn222Coal_eq01   sample_eq      30-100 кэВ       other                                     8.435              8.446 0.011 (+0.13 %)
  G1S24_Rn222Coal_eq01   sample_eq      30-100 кэВ       tail                                      0.200              0.201 0.001 (+0.50 %)
  G1S24_Rn222Coal_eq01   sample_eq      100-300 кэВ      Bi-212                                  361.920            362.022 0.102 (+0.03 %)
  G1S24_Rn222Coal_eq01   sample_eq      100-300 кэВ      Bi-214                                25028.201          25030.978 2.777 (+0.01 %)
  G1S24_Rn222Coal_eq01   sample_eq      100-300 кэВ      Pb-212                                 4698.199           4691.535 -6.664 (-0.14 %)
  G1S24_Rn222Coal_eq01   sample_eq      100-300 кэВ      Pb-214                                29317.849          29320.697 2.848 (+0.01 %)
  G1S24_Rn222Coal_eq01   sample_eq      100-300 кэВ      Ra-224                                  414.974            415.086 0.112 (+0.03 %)
  G1S24_Rn222Coal_eq01   sample_eq      100-300 кэВ      Ra-226                                 2852.799           2853.060 0.261 (+0.01 %)
  G1S24_Rn222Coal_eq01   sample_eq      100-300 кэВ      Th-228                                   48.816             48.826 0.010 (+0.02 %)
  G1S24_Rn222Coal_eq01   sample_eq      100-300 кэВ      Tl-208                                 2312.315           2312.366 0.051 (+0.00 %)
  G1S24_Rn222Coal_eq01   sample_eq      100-300 кэВ      continuum_raw                         24472.744          24475.036 2.292 (+0.01 %)
  G1S24_Rn222Coal_eq01   sample_eq      100-300 кэВ      excess_fit                             1859.745           1858.712 -1.033 (-0.06 %)
  G1S24_Rn222Coal_eq01   sample_eq      100-300 кэВ      excess_net                             1859.745           1858.712 -1.033 (-0.06 %)
  G1S24_Rn222Coal_eq01   sample_eq      100-300 кэВ      missing_fit                            2041.823           2041.274 -0.549 (-0.03 %)
  G1S24_Rn222Coal_eq01   sample_eq      100-300 кэВ      missing_net                            2041.823           2041.274 -0.549 (-0.03 %)
  G1S24_Rn222Coal_eq01   sample_eq      100-300 кэВ      model                                 65064.379          65063.895 -0.484 (-0.00 %)
  G1S24_Rn222Coal_eq01   sample_eq      100-300 кэВ      other                                    29.310             29.312 0.002 (+0.01 %)
  G1S24_Rn222Coal_eq01   sample_eq      300-700 кэВ      Bi-212                                  355.204            355.259 0.055 (+0.02 %)
  G1S24_Rn222Coal_eq01   sample_eq      300-700 кэВ      Bi-214                                32509.996          32509.699 -0.297 (-0.00 %)
  G1S24_Rn222Coal_eq01   sample_eq      300-700 кэВ      Pb-212                                   87.437             89.794 2.357 (+2.70 %)
  G1S24_Rn222Coal_eq01   sample_eq      300-700 кэВ      Pb-214                                18204.791          18204.629 -0.162 (-0.00 %)
  G1S24_Rn222Coal_eq01   sample_eq      300-700 кэВ      Tl-208                                 2707.632           2706.524 -1.108 (-0.04 %)
  G1S24_Rn222Coal_eq01   sample_eq      300-700 кэВ      continuum_raw                         13137.354          13136.486 -0.868 (-0.01 %)
  G1S24_Rn222Coal_eq01   sample_eq      300-700 кэВ      excess_fit                             1659.304           1658.964 -0.340 (-0.02 %)
  G1S24_Rn222Coal_eq01   sample_eq      300-700 кэВ      excess_net                             1659.304           1658.964 -0.340 (-0.02 %)
  G1S24_Rn222Coal_eq01   sample_eq      300-700 кэВ      missing_fit                            1890.400           1889.208 -1.192 (-0.06 %)
  G1S24_Rn222Coal_eq01   sample_eq      300-700 кэВ      missing_net                            1890.400           1889.208 -1.192 (-0.06 %)
  G1S24_Rn222Coal_eq01   sample_eq      300-700 кэВ      model                                 53903.081          53903.933 0.852 (+0.00 %)
  G1S24_Rn222Coal_eq01   sample_eq      300-700 кэВ      other                                    38.027             38.025 -0.002 (-0.01 %)
  G1S24_Rn222Coal_eq01   sample_eq      700-1500 кэВ     Bi-212                                  272.499            272.547 0.048 (+0.02 %)
  … и ещё 107 строк

⛔ КАРТИНКА ИЗМЕНИЛАСЬ: G1S24_Rn222Coal_eq01 / sample_noeq — 172 расхождений (допуск rel 1e-09, abs 1e-06; эталон объявлен 2026-09-17 13:44)
  спектр                 режим          полоса           компонент                                  было              стало              Δ
  G1S24_Rn222Coal_eq01   sample_noeq    0-30 кэВ         Bi-214                                 1285.211           1284.746 -0.465 (-0.04 %)
  G1S24_Rn222Coal_eq01   sample_noeq    0-30 кэВ         Pb-212                                  173.989            173.690 -0.299 (-0.17 %)
  G1S24_Rn222Coal_eq01   sample_noeq    0-30 кэВ         Pb-214                                 1359.533           1360.007 0.474 (+0.03 %)
  G1S24_Rn222Coal_eq01   sample_noeq    0-30 кэВ         Ra-224                                    9.645              9.647 0.002 (+0.02 %)
  G1S24_Rn222Coal_eq01   sample_noeq    0-30 кэВ         Tl-208                                   84.483             84.434 -0.049 (-0.06 %)
  G1S24_Rn222Coal_eq01   sample_noeq    0-30 кэВ         continuum_raw                          2875.932           2875.543 -0.389 (-0.01 %)
  G1S24_Rn222Coal_eq01   sample_noeq    0-30 кэВ         excess_fit                               92.392             92.296 -0.096 (-0.10 %)
  G1S24_Rn222Coal_eq01   sample_noeq    0-30 кэВ         excess_net                               87.906             87.810 -0.096 (-0.11 %)
  G1S24_Rn222Coal_eq01   sample_noeq    0-30 кэВ         missing_fit                             147.509            147.751 0.242 (+0.16 %)
  G1S24_Rn222Coal_eq01   sample_noeq    0-30 кэВ         missing_net                             147.509            147.751 0.242 (+0.16 %)
  G1S24_Rn222Coal_eq01   sample_noeq    0-30 кэВ         model                                  2912.858           2912.520 -0.338 (-0.01 %)
  G1S24_Rn222Coal_eq01   sample_noeq    0-30 кэВ         tail                                      2.230              2.223 -0.007 (-0.31 %)
  G1S24_Rn222Coal_eq01   sample_noeq    30-100 кэВ       Bi-214                                 9746.169           9744.935 -1.234 (-0.01 %)
  G1S24_Rn222Coal_eq01   sample_noeq    30-100 кэВ       Pb-212                                 4137.896           4128.681 -9.215 (-0.22 %)
  G1S24_Rn222Coal_eq01   sample_noeq    30-100 кэВ       Pb-214                                23400.972          23410.162 9.190 (+0.04 %)
  G1S24_Rn222Coal_eq01   sample_noeq    30-100 кэВ       Ra-224                                  104.414            104.465 0.051 (+0.05 %)
  G1S24_Rn222Coal_eq01   sample_noeq    30-100 кэВ       Tl-208                                  733.988            733.703 -0.285 (-0.04 %)
  G1S24_Rn222Coal_eq01   sample_noeq    30-100 кэВ       continuum_raw                         13974.843          13977.496 2.653 (+0.02 %)
  G1S24_Rn222Coal_eq01   sample_noeq    30-100 кэВ       excess_fit                             1447.310           1444.221 -3.089 (-0.21 %)
  G1S24_Rn222Coal_eq01   sample_noeq    30-100 кэВ       excess_net                             1447.310           1444.221 -3.089 (-0.21 %)
  G1S24_Rn222Coal_eq01   sample_noeq    30-100 кэВ       missing_fit                            2942.177           2940.580 -1.597 (-0.05 %)
  G1S24_Rn222Coal_eq01   sample_noeq    30-100 кэВ       missing_net                            2942.177           2940.580 -1.597 (-0.05 %)
  G1S24_Rn222Coal_eq01   sample_noeq    30-100 кэВ       model                                 38123.437          38121.945 -1.492 (-0.00 %)
  G1S24_Rn222Coal_eq01   sample_noeq    30-100 кэВ       tail                                      0.296              0.295 -0.001 (-0.34 %)
  G1S24_Rn222Coal_eq01   sample_noeq    100-300 кэВ      Bi-214                                26651.335          26644.333 -7.002 (-0.03 %)
  G1S24_Rn222Coal_eq01   sample_noeq    100-300 кэВ      Pb-212                                 4850.535           4843.611 -6.924 (-0.14 %)
  G1S24_Rn222Coal_eq01   sample_noeq    100-300 кэВ      Pb-214                                31349.035          31363.221 14.186 (+0.05 %)
  G1S24_Rn222Coal_eq01   sample_noeq    100-300 кэВ      Ra-224                                  428.429            428.559 0.130 (+0.03 %)
  G1S24_Rn222Coal_eq01   sample_noeq    100-300 кэВ      Tl-208                                 1804.484           1803.688 -0.796 (-0.04 %)
  G1S24_Rn222Coal_eq01   sample_noeq    100-300 кэВ      continuum_raw                         25733.943          25732.682 -1.261 (-0.00 %)
  G1S24_Rn222Coal_eq01   sample_noeq    100-300 кэВ      excess_fit                             1032.426           1031.245 -1.181 (-0.11 %)
  G1S24_Rn222Coal_eq01   sample_noeq    100-300 кэВ      excess_net                             1032.426           1031.245 -1.181 (-0.11 %)
  G1S24_Rn222Coal_eq01   sample_noeq    100-300 кэВ      missing_fit                            1195.066           1194.294 -0.772 (-0.06 %)
  G1S24_Rn222Coal_eq01   sample_noeq    100-300 кэВ      missing_net                            1195.066           1194.294 -0.772 (-0.06 %)
  G1S24_Rn222Coal_eq01   sample_noeq    100-300 кэВ      model                                 65083.817          65083.408 -0.409 (-0.00 %)
  G1S24_Rn222Coal_eq01   sample_noeq    300-700 кэВ      Bi-214                                33209.851          33203.294 -6.557 (-0.02 %)
  G1S24_Rn222Coal_eq01   sample_noeq    300-700 кэВ      Pb-212                                   83.155             85.839 2.684 (+3.23 %)
  G1S24_Rn222Coal_eq01   sample_noeq    300-700 кэВ      Pb-214                                18681.978          18688.790 6.812 (+0.04 %)
  G1S24_Rn222Coal_eq01   sample_noeq    300-700 кэВ      Tl-208                                 2029.856           2028.623 -1.233 (-0.06 %)
  G1S24_Rn222Coal_eq01   sample_noeq    300-700 кэВ      continuum_raw                         12396.426          12396.545 0.119 (+0.00 %)
  G1S24_Rn222Coal_eq01   sample_noeq    300-700 кэВ      excess_fit                             1767.690           1770.010 2.320 (+0.13 %)
  G1S24_Rn222Coal_eq01   sample_noeq    300-700 кэВ      excess_net                             1767.690           1770.010 2.320 (+0.13 %)
  G1S24_Rn222Coal_eq01   sample_noeq    300-700 кэВ      missing_fit                            1897.025           1897.631 0.606 (+0.03 %)
  G1S24_Rn222Coal_eq01   sample_noeq    300-700 кэВ      missing_net                            1897.025           1897.631 0.606 (+0.03 %)
  G1S24_Rn222Coal_eq01   sample_noeq    300-700 кэВ      model                                 54004.842          54006.556 1.714 (+0.00 %)
  G1S24_Rn222Coal_eq01   sample_noeq    700-1500 кэВ     Bi-214                                20345.491          20344.676 -0.815 (-0.00 %)
  G1S24_Rn222Coal_eq01   sample_noeq    700-1500 кэВ     Pb-214                                  336.115            336.580 0.465 (+0.14 %)
  G1S24_Rn222Coal_eq01   sample_noeq    700-1500 кэВ     Tl-208                                  929.330            929.346 0.016 (+0.00 %)
  G1S24_Rn222Coal_eq01   sample_noeq    700-1500 кэВ     continuum_raw                          7680.484           7685.473 4.989 (+0.06 %)
  G1S24_Rn222Coal_eq01   sample_noeq    700-1500 кэВ     excess_fit                             1339.658           1338.969 -0.689 (-0.05 %)
  G1S24_Rn222Coal_eq01   sample_noeq    700-1500 кэВ     excess_net                             1339.658           1338.969 -0.689 (-0.05 %)
  G1S24_Rn222Coal_eq01   sample_noeq    700-1500 кэВ     missing_fit                            1540.553           1540.206 -0.347 (-0.02 %)
  G1S24_Rn222Coal_eq01   sample_noeq    700-1500 кэВ     missing_net                            1540.553           1540.206 -0.347 (-0.02 %)
  G1S24_Rn222Coal_eq01   sample_noeq    700-1500 кэВ     model                                 21610.931          21610.589 -0.342 (-0.00 %)
  G1S24_Rn222Coal_eq01   sample_noeq    1500-3000 кэВ    Bi-214                                 4923.834           4924.054 0.220 (+0.00 %)
  G1S24_Rn222Coal_eq01   sample_noeq    1500-3000 кэВ    Tl-208                                 1227.473           1227.338 -0.135 (-0.01 %)
  G1S24_Rn222Coal_eq01   sample_noeq    1500-3000 кэВ    continuum_raw                          1640.479           1640.599 0.120 (+0.01 %)
  G1S24_Rn222Coal_eq01   sample_noeq    1500-3000 кэВ    excess_fit                              964.618            964.841 0.223 (+0.02 %)
  G1S24_Rn222Coal_eq01   sample_noeq    1500-3000 кэВ    excess_net                              864.546            864.769 0.223 (+0.03 %)
  G1S24_Rn222Coal_eq01   sample_noeq    1500-3000 кэВ    missing_fit                             895.515            895.659 0.144 (+0.02 %)
  … и ещё 112 строк
  ✅ ASN16_Cs137_10cm / sample_nomatrix: совпало с эталоном (2026-09-17 13:44)

ОТКАЗ: картинка FSA на витрине разошлась с эталоном (764 строк). Это либо дефект отображения,
       либо правка, которую принимают ПЕРЕОБЪЯВЛЕНИЕМ эталона: tools\fsa_showcase\snapshot.ps1
       (таблица выше — в отчёт полосы). Снимки: tools\fsa_showcase\wd\out\*.png. 19 с.
