Enable correlated gamma emission                  1
Max 2J for sampling of angular correlations       10
SETUP correlatedGamma=1 twoJmax=10 vacuum=0
SETUP angcorr Z=63 A=152 E1=1408.0 E2=121.8
RESULT decays=5000000
ANGCORR pairs=484698 A22=0.21647 sigma=0.00330 A44=0.00421 sigma=0.00443 E1=1408.0 E2=121.8 corr=1
ANGHIST 0 -1.00 -0.90 28704
ANGHIST 1 -0.90 -0.80 27100
ANGHIST 2 -0.80 -0.70 25895
ANGHIST 3 -0.70 -0.60 24707
ANGHIST 4 -0.60 -0.50 23999
ANGHIST 5 -0.50 -0.40 23046
ANGHIST 6 -0.40 -0.30 22614
ANGHIST 7 -0.30 -0.20 22162
ANGHIST 8 -0.20 -0.10 21822
ANGHIST 9 -0.10 0.00 21674
ANGHIST 10 0.00 0.10 21720
ANGHIST 11 0.10 0.20 21739
ANGHIST 12 0.20 0.30 22064
ANGHIST 13 0.30 0.40 22527
ANGHIST 14 0.40 0.50 23502
ANGHIST 15 0.50 0.60 23969
ANGHIST 16 0.60 0.70 24948
ANGHIST 17 0.70 0.80 26168
ANGHIST 18 0.80 0.90 27323
ANGHIST 19 0.90 1.00 29015
RESULT any=0 eps_total=0.000000e+00
