Enable correlated gamma emission                  1
Max 2J for sampling of angular correlations       10
SETUP correlatedGamma=1 twoJmax=10 vacuum=0
SETUP angcorr Z=27 A=60 E1=1173.2 E2=1332.5
RESULT decays=5000000
ANGCORR pairs=4991847 A22=0.09949 sigma=0.00102 A44=0.01044 sigma=0.00136 E1=1173.2 E2=1332.5 corr=1
ANGHIST 0 -1.00 -0.90 273111
ANGHIST 1 -0.90 -0.80 263898
ANGHIST 2 -0.80 -0.70 257574
ANGHIST 3 -0.70 -0.60 252700
ANGHIST 4 -0.60 -0.50 247460
ANGHIST 5 -0.50 -0.40 243239
ANGHIST 6 -0.40 -0.30 242079
ANGHIST 7 -0.30 -0.20 240019
ANGHIST 8 -0.20 -0.10 238936
ANGHIST 9 -0.10 0.00 238113
ANGHIST 10 0.00 0.10 237539
ANGHIST 11 0.10 0.20 239424
ANGHIST 12 0.20 0.30 239614
ANGHIST 13 0.30 0.40 241996
ANGHIST 14 0.40 0.50 244453
ANGHIST 15 0.50 0.60 247666
ANGHIST 16 0.60 0.70 251824
ANGHIST 17 0.70 0.80 256804
ANGHIST 18 0.80 0.90 263165
ANGHIST 19 0.90 1.00 272233
RESULT any=0 eps_total=0.000000e+00
