Enable correlated gamma emission                  0
Max 2J for sampling of angular correlations       10
SETUP correlatedGamma=0 twoJmax=10 vacuum=0
SETUP angcorr Z=39 A=88 E1=898.0 E2=1836.1
RESULT decays=5000000
ANGCORR pairs=4687036 A22=0.00040 sigma=0.00103 A44=-0.00156 sigma=0.00139 E1=898.0 E2=1836.1 corr=0
ANGHIST 0 -1.00 -0.90 234291
ANGHIST 1 -0.90 -0.80 234076
ANGHIST 2 -0.80 -0.70 234386
ANGHIST 3 -0.70 -0.60 233387
ANGHIST 4 -0.60 -0.50 234470
ANGHIST 5 -0.50 -0.40 234108
ANGHIST 6 -0.40 -0.30 235245
ANGHIST 7 -0.30 -0.20 234440
ANGHIST 8 -0.20 -0.10 234333
ANGHIST 9 -0.10 0.00 233971
ANGHIST 10 0.00 0.10 234275
ANGHIST 11 0.10 0.20 233549
ANGHIST 12 0.20 0.30 233742
ANGHIST 13 0.30 0.40 234294
ANGHIST 14 0.40 0.50 234830
ANGHIST 15 0.50 0.60 235153
ANGHIST 16 0.60 0.70 234709
ANGHIST 17 0.70 0.80 234661
ANGHIST 18 0.80 0.90 234655
ANGHIST 19 0.90 1.00 234461
RESULT any=0 eps_total=0.000000e+00
