Enable correlated gamma emission                  1
Max 2J for sampling of angular correlations       10
SETUP correlatedGamma=1 twoJmax=10 vacuum=0
SETUP angcorr Z=55 A=134 E1=569.3 E2=795.9
RESULT decays=5000000
ANGCORR pairs=765402 A22=0.10288 sigma=0.00259 A44=0.00834 sigma=0.00348 E1=569.3 E2=795.9 corr=1
ANGHIST 0 -1.00 -0.90 41829
ANGHIST 1 -0.90 -0.80 40614
ANGHIST 2 -0.80 -0.70 39453
ANGHIST 3 -0.70 -0.60 38714
ANGHIST 4 -0.60 -0.50 37896
ANGHIST 5 -0.50 -0.40 37749
ANGHIST 6 -0.40 -0.30 36853
ANGHIST 7 -0.30 -0.20 36897
ANGHIST 8 -0.20 -0.10 36779
ANGHIST 9 -0.10 0.00 36797
ANGHIST 10 0.00 0.10 36440
ANGHIST 11 0.10 0.20 36136
ANGHIST 12 0.20 0.30 36331
ANGHIST 13 0.30 0.40 36931
ANGHIST 14 0.40 0.50 37384
ANGHIST 15 0.50 0.60 38095
ANGHIST 16 0.60 0.70 38755
ANGHIST 17 0.70 0.80 39348
ANGHIST 18 0.80 0.90 40603
ANGHIST 19 0.90 1.00 41798
RESULT any=0 eps_total=0.000000e+00
