Enable correlated gamma emission                  1
Max 2J for sampling of angular correlations       10
SETUP correlatedGamma=1 twoJmax=10 vacuum=0
SETUP angcorr Z=63 A=152 E1=1112.1 E2=121.8
RESULT decays=5000000
ANGCORR pairs=311553 A22=-0.29134 sigma=0.00375 A44=-0.08111 sigma=0.00513 E1=1112.1 E2=121.8 corr=1
ANGHIST 0 -1.00 -0.90 11038
ANGHIST 1 -0.90 -0.80 12977
ANGHIST 2 -0.80 -0.70 14554
ANGHIST 3 -0.70 -0.60 15464
ANGHIST 4 -0.60 -0.50 16491
ANGHIST 5 -0.50 -0.40 16675
ANGHIST 6 -0.40 -0.30 17118
ANGHIST 7 -0.30 -0.20 17349
ANGHIST 8 -0.20 -0.10 17241
ANGHIST 9 -0.10 0.00 17423
ANGHIST 10 0.00 0.10 17430
ANGHIST 11 0.10 0.20 17165
ANGHIST 12 0.20 0.30 17052
ANGHIST 13 0.30 0.40 17073
ANGHIST 14 0.40 0.50 16728
ANGHIST 15 0.50 0.60 16134
ANGHIST 16 0.60 0.70 15464
ANGHIST 17 0.70 0.80 14300
ANGHIST 18 0.80 0.90 12865
ANGHIST 19 0.90 1.00 11012
RESULT any=0 eps_total=0.000000e+00
