Enable correlated gamma emission                  1
Max 2J for sampling of angular correlations       10
SETUP correlatedGamma=1 twoJmax=10 vacuum=0
SETUP angcorr Z=55 A=134 E1=563.2 E2=604.7
RESULT decays=5000000
ANGCORR pairs=414713 A22=0.02552 sigma=0.00364 A44=0.32302 sigma=0.00476 E1=563.2 E2=604.7 corr=1
ANGHIST 0 -1.00 -0.90 25049
ANGHIST 1 -0.90 -0.80 20821
ANGHIST 2 -0.80 -0.70 18746
ANGHIST 3 -0.70 -0.60 17796
ANGHIST 4 -0.60 -0.50 18210
ANGHIST 5 -0.50 -0.40 19556
ANGHIST 6 -0.40 -0.30 20382
ANGHIST 7 -0.30 -0.20 21806
ANGHIST 8 -0.20 -0.10 22129
ANGHIST 9 -0.10 0.00 22855
ANGHIST 10 0.00 0.10 22711
ANGHIST 11 0.10 0.20 22624
ANGHIST 12 0.20 0.30 21738
ANGHIST 13 0.30 0.40 20296
ANGHIST 14 0.40 0.50 19206
ANGHIST 15 0.50 0.60 18420
ANGHIST 16 0.60 0.70 18049
ANGHIST 17 0.70 0.80 18544
ANGHIST 18 0.80 0.90 20806
ANGHIST 19 0.90 1.00 24969
RESULT any=0 eps_total=0.000000e+00
