Enable correlated gamma emission                  1
Max 2J for sampling of angular correlations       10
SETUP correlatedGamma=1 twoJmax=10 vacuum=0
SETUP angcorr Z=63 A=152 E1=964.1 E2=121.8
RESULT decays=5000000
ANGCORR pairs=335614 A22=0.32611 sigma=0.00400 A44=0.00145 sigma=0.00539 E1=964.1 E2=121.8 corr=1
ANGHIST 0 -1.00 -0.90 21439
ANGHIST 1 -0.90 -0.80 20041
ANGHIST 2 -0.80 -0.70 18846
ANGHIST 3 -0.70 -0.60 17332
ANGHIST 4 -0.60 -0.50 16708
ANGHIST 5 -0.50 -0.40 15492
ANGHIST 6 -0.40 -0.30 14902
ANGHIST 7 -0.30 -0.20 14450
ANGHIST 8 -0.20 -0.10 14355
ANGHIST 9 -0.10 0.00 14122
ANGHIST 10 0.00 0.10 14033
ANGHIST 11 0.10 0.20 14440
ANGHIST 12 0.20 0.30 14724
ANGHIST 13 0.30 0.40 14951
ANGHIST 14 0.40 0.50 15685
ANGHIST 15 0.50 0.60 16355
ANGHIST 16 0.60 0.70 17671
ANGHIST 17 0.70 0.80 18681
ANGHIST 18 0.80 0.90 20074
ANGHIST 19 0.90 1.00 21313
RESULT any=0 eps_total=0.000000e+00
