Enable correlated gamma emission                  0
Max 2J for sampling of angular correlations       10
SETUP correlatedGamma=0 twoJmax=10 vacuum=0
SETUP angcorr Z=27 A=60 E1=1173.2 E2=1332.5
RESULT decays=5000000
ANGCORR pairs=4991852 A22=0.00061 sigma=0.00100 A44=-0.00184 sigma=0.00134 E1=1173.2 E2=1332.5 corr=0
ANGHIST 0 -1.00 -0.90 249543
ANGHIST 1 -0.90 -0.80 249419
ANGHIST 2 -0.80 -0.70 249975
ANGHIST 3 -0.70 -0.60 249798
ANGHIST 4 -0.60 -0.50 249447
ANGHIST 5 -0.50 -0.40 250675
ANGHIST 6 -0.40 -0.30 249465
ANGHIST 7 -0.30 -0.20 249187
ANGHIST 8 -0.20 -0.10 249065
ANGHIST 9 -0.10 0.00 249002
ANGHIST 10 0.00 0.10 248380
ANGHIST 11 0.10 0.20 249818
ANGHIST 12 0.20 0.30 250605
ANGHIST 13 0.30 0.40 249738
ANGHIST 14 0.40 0.50 249842
ANGHIST 15 0.50 0.60 249375
ANGHIST 16 0.60 0.70 250260
ANGHIST 17 0.70 0.80 249206
ANGHIST 18 0.80 0.90 248767
ANGHIST 19 0.90 1.00 250285
RESULT any=0 eps_total=0.000000e+00
