Enable correlated gamma emission                  1
Max 2J for sampling of angular correlations       10
SETUP correlatedGamma=1 twoJmax=10 vacuum=0
SETUP angcorr Z=63 A=152 E1=778.9 E2=344.3
RESULT decays=5000000
ANGCORR pairs=620250 A22=-0.07483 sigma=0.00281 A44=-0.00195 sigma=0.00377 E1=778.9 E2=344.3 corr=1
ANGHIST 0 -1.00 -0.90 29295
ANGHIST 1 -0.90 -0.80 29332
ANGHIST 2 -0.80 -0.70 30247
ANGHIST 3 -0.70 -0.60 30646
ANGHIST 4 -0.60 -0.50 31256
ANGHIST 5 -0.50 -0.40 31634
ANGHIST 6 -0.40 -0.30 31856
ANGHIST 7 -0.30 -0.20 31725
ANGHIST 8 -0.20 -0.10 32153
ANGHIST 9 -0.10 0.00 32206
ANGHIST 10 0.00 0.10 32112
ANGHIST 11 0.10 0.20 32153
ANGHIST 12 0.20 0.30 31645
ANGHIST 13 0.30 0.40 31679
ANGHIST 14 0.40 0.50 31575
ANGHIST 15 0.50 0.60 31179
ANGHIST 16 0.60 0.70 30708
ANGHIST 17 0.70 0.80 30290
ANGHIST 18 0.80 0.90 29763
ANGHIST 19 0.90 1.00 28796
RESULT any=0 eps_total=0.000000e+00
