=== (а) живой корпус против scratch, посчитанного путём кривой БЕЗ ключа ===
клеймо живое  : phys=17; hist=200000; grid=10-3000 keV/39 std; kdip=1; lys=2; etr=1; e+tr=1; e+off=1; rayl2=1
клеймо scratch: phys=17; hist=200000; grid=10-3000 keV/39 std; kdip=1; lys=2; etr=1; e+tr=1; e+off=1; rayl2=1
узлов живых 39, scratch 39
узлов тождественных по строкам XML: 39 из 39
ТОЖДЕСТВЕННО
code=0

=== положительный контроль читателя 1: порча последней цифры узла 662 кэВ (обязан РАЗОЙТИСЬ, код 1) ===
клеймо живое  : phys=17; hist=200000; grid=10-3000 keV/39 std; kdip=1; lys=2; etr=1; e+tr=1; e+off=1; rayl2=1
клеймо scratch: phys=17; hist=200000; grid=10-3000 keV/39 std; kdip=1; lys=2; etr=1; e+tr=1; e+off=1; rayl2=1
узлов живых 39, scratch 39
узел 23: живой ('662', '0.017195795819474315', '1.5391838530758433'), scratch ('662', '0.017195795819474316', '1.5391838530758433')
узлов тождественных по строкам XML: 38 из 39
РАЗОШЛОСЬ
code=1

=== положительный контроль читателя 2: порча клейма «; imp=1» (обязан РАЗОЙТИСЬ, код 1) ===
клеймо живое  : phys=17; hist=200000; grid=10-3000 keV/39 std; kdip=1; lys=2; etr=1; e+tr=1; e+off=1; rayl2=1
клеймо scratch: phys=17; hist=200000; grid=10-3000 keV/39 std; kdip=1; lys=2; etr=1; e+tr=1; e+off=1; rayl2=1; imp=1
узлов живых 39, scratch 39
КЛЕЙМО РАЗОШЛОСЬ
узлов тождественных по строкам XML: 39 из 39
РАЗОШЛОСЬ
code=1
