склад витрины: C:\Users\moroz\source\repos\BQ Eng res .NET 4.8\tools\fsa_showcase\store; сцен 2: ASN16_point_house, ASN16_rn_side; пробы: C:\Users\moroz\source\repos\BQ Eng res .NET 4.8\tools\effmaker\probes\build_p142; физика 23
приложение у проб: 23.09 15:01:26 sha256 D88B4C1219F84EFD
контроль на 2 узлах (A77): код 1 (1 = «есть шумные», ожидаемо на 400 k), сцен с клеймом phys=23: 2 из 2, 3 с
      клеймо   : phys=23;74b33375d0efca5cbd14e755d74eeea0bba132b23559de5f3c96e7b0d0295f20
      счёт     : 2.8 с ЦП, 3.55 мкс на историю  <- сравнивать надо ЭТО
      клеймо   : phys=23;d0ca2d9e1f708e996d9ca4732c400777610133adeecf1bebc0fdd780400984f5
      счёт     : 2.4 с ЦП, 3.03 мкс на историю  <- сравнивать надо ЭТО
   матриц: 2 — посчитано 2, пропущено 0 (клеймо сошлось); всего 0.0 мин
матрицы: код 0, 277 с
      клеймо   : phys=23;9f7a09c47ab1b7cd172d63196b7f4a557fe0768a676853f3c097ed28a695c964
      счёт     : 2680.0 с ЦП, 6.38 мкс на историю  <- сравнивать надо ЭТО
      сетка κ  : 200000 точек по 2 истории — в «мкс на историю» НЕ входят (замер узлов — с --jnodes=0)
      пропущена: клеймо сошлось, пересчитывать нечего
   матриц: 2 — посчитано 1, пропущено 1 (клеймо сошлось); всего 4.6 мин
   ВСЕ СОШЛИСЬ
кривые: код 0, 277 с
   Привязка кривой и матрицы к спектрам понятной части (B1)
   кривая: 5-3000 кэВ, 200000 историй на узел; розыгрыш точки вылета: автоматика (полевая сцена — важностный, клеймо imp=1; прочие — равномерный); порог шумной кри
      пропущена: клеймо и геометрия сошлись у всех её спектров
   геометрий в описи: 1 — посчитано 0, пропущено 1 (клеймо и геометрия сошлись); записей проставлено: 0
   ВСЕ СОШЛИСЬ
   ASN16_rn_side.rmx                         10     23    3000000   140    7    1.20%    1.62%   нет
   
     версия физики: 23 — 2
     историй на узел: 3000000 — 2
     каналов у матрицы: 7 — 2 (код знает 7)
     с конусом: 0 из 2
     шумных (худший СУДИМЫЙ узел выше 1.00 %): 2
     континуума нет (шум ≥ 99 %): 43 узлов по складу, судятся узлы от 50 кэВ
   
   НАХОДОК: 2
     ASN16_point_house.rmx: шум худшего узла 1.16 % при пороге 1.00 %
     ASN16_rn_side.rmx: шум худшего узла 1.62 % при пороге 1.00 %
  ASN16_point_house.rmx  742574 байт  sha256 97FCE3B7B3CFE6C9
  ASN16_rn_side.rmx  727822 байт  sha256 CBFDDA4C4D335473
готово за 277 с
