склад витрины: C:\Users\moroz\source\repos\BQ Eng res .NET 4.8\tools\fsa_showcase\store; сцен 2: ASN16_point_house, ASN16_rn_side; пробы: C:\Users\moroz\source\repos\BQ Eng res .NET 4.8\tools\effmaker\probes\build_p142; физика 23
приложение у проб: 23.09 15:01:26 sha256 D88B4C1219F84EFD
контроль на 2 узлах (A77): код 1 (1 = «есть шумные», ожидаемо на 400 k), сцен с клеймом phys=23: 2 из 2, 3 с
      клеймо   : phys=23;4104203fe9fc2ad1e388957e1f690b13732386eb5d486941fff4c4bee9d9d6dd
      счёт     : 2.9 с ЦП, 3.57 мкс на историю  <- сравнивать надо ЭТО
      клеймо   : phys=23;d0ca2d9e1f708e996d9ca4732c400777610133adeecf1bebc0fdd780400984f5
      счёт     : 2.6 с ЦП, 3.24 мкс на историю  <- сравнивать надо ЭТО
   матриц: 2 — посчитано 2, пропущено 0 (клеймо сошлось); всего 0.0 мин
матрицы: код 0, 557 с
      сетка κ  : 200000 точек по 2 истории — в «мкс на историю» НЕ входят (замер узлов — с --jnodes=0)
      клеймо   : phys=23;e7ce919a717499d738722fdcedf2a23419fd43e015e317289b634b60830d3b43
      счёт     : 2770.6 с ЦП, 6.60 мкс на историю  <- сравнивать надо ЭТО
      сетка κ  : 200000 точек по 2 истории — в «мкс на историю» НЕ входят (замер узлов — с --jnodes=0)
   матриц: 2 — посчитано 2, пропущено 0 (клеймо сошлось); всего 9.2 мин
   ВСЕ СОШЛИСЬ
кривые: код 0, 561 с
   Привязка кривой и матрицы к спектрам понятной части (B1)
   кривая: 5-3000 кэВ, 200000 историй на узел; розыгрыш точки вылета: автоматика (полевая сцена — важностный, клеймо imp=1; прочие — равномерный); порог шумной кри
      разброс  : медиана 1.48 %, худший узел 4.86 % на 10.0 кэВ (ESS 423 из 200000 историй), узлов выше 5 %: 0 из 37
      guid     : b8a158da-14a3-b2e3-2511-9b3315c75da2
      спектр   : ASN16_Radon_filter2 (1 записей ResultData)
   геометрий в описи: 1 — посчитано 1, пропущено 0 (клеймо и геометрия сошлись); записей проставлено: 1
   ВСЕ СОШЛИСЬ
   ASN16_rn_side.rmx                         10     23    3000000   140    7    1.20%    1.62%   нет
   
     версия физики: 23 — 2
     историй на узел: 3000000 — 2
     каналов у матрицы: 7 — 2 (код знает 7)
     с конусом: 0 из 2
     шумных (худший СУДИМЫЙ узел выше 1.00 %): 2
     континуума нет (шум ≥ 99 %): 43 узлов по складу, судятся узлы от 50 кэВ
   
   НАХОДОК: 2
     ASN16_point_house.rmx: шум худшего узла 1.16 % при пороге 1.00 %
     ASN16_rn_side.rmx: шум худшего узла 1.62 % при пороге 1.00 %
  ASN16_point_house.rmx  742574 байт  sha256 3A352EE4AB12FE9E
  ASN16_rn_side.rmx  727822 байт  sha256 CBFDDA4C4D335473
готово за 561 с
