=== BoundProbeF59: A222 (граница эффективности), A183 (кодировка записи), A120 (умолчания OPTF) ===
дерево: C:\Users\moroz\source\repos\BQ Eng res .NET 4.8
⚠ ПОЛОЖИТЕЛЬНЫЙ КОНТРОЛЬ: --break=encode — проба ОБЯЗАНА отказать

-- A222.1: колонка `Efficiency` экспорта против поставочной кривой той же сцены --
   точек: экспорт 150, поставочная кривая 150
   ✅ поставочная кривая ЕСТЬ тот же экспорт: сошлось 150 точек из 150
   ⇒ колонка `Efficiency` и поле `ROIEfficiencyData.Efficiency` — одно число в одной шкале.
   ⇒ наибольшее значение среди ЗДОРОВЫХ точек всех восьми экспортов: 0.1124 — доля, не проценты.

-- A222.2: весь набор экспортов ЛСРМ — что отвергает граница ε ≤ 1 --
   ✅ экспортов в наборе: 8 (ждали 8)
   Nano 16 - cilinder - 5cm dist.txt      сырых 151, ε>1 0, ввезено 150, ε>1 после ввоза 0
   Nano 16 - cilinder.txt                 сырых 151, ε>1 0, ввезено 150, ε>1 после ввоза 0
   Nano 16 - marinelli.txt                сырых  60, ε>1 0, ввезено  59, ε>1 после ввоза 0
   Obsidian - marinelli 0.5.txt           сырых 150, ε>1 1, ввезено 149, ε>1 после ввоза 0
   RadiaCode - author marinelli 0.2.txt   сырых 150, ε>1 0, ввезено 149, ε>1 после ввоза 0
   RadiaCode - author marinelli 0.5.txt   сырых 150, ε>1 0, ввезено 149, ε>1 после ввоза 0
   RadiaCode - cilinder.txt               сырых 151, ε>1 0, ввезено 150, ε>1 после ввоза 0
   RadiaCode - marinelli 0.5.txt          сырых 150, ε>1 0, ввезено 149, ε>1 после ввоза 0
   ИТОГО сырых точек 1113, из них ε>1: 1 в 1 файле(ах)
   ИТОГО ввезено точек 1105, из них ε>1: 0
   ✅ на сырых данных граница отвергает РОВНО одну точку в одном файле из восьми
   ✅ после ввоза граница не отвергает НИ ОДНОЙ точки — здоровые кривые не задеты
   ✅ без правила по погрешности отказывает ровно один экспорт из восьми

-- A222.3: поставочная кривая, попадающая в дозиметр напрямую --
   ✅ кривая с точкой 1471.85 на 20 кэВ ОТВЕРГНУТА, и отказ называет точку: Мощность дозы: кривая эффективности даёт 1471.85 на 20.0 кэВ. Эффективность — это доля зарегистрированных из испущенных квантов, больше единицы быть не может.
   ✅ та же кривая без единственной невозможной точки строится: узлов 149 из 149

-- A222.4: где проходит граница --
   ✅ ε = 0.9 проходит
   ✅ ε = 1.0 проходит (граница ВКЛЮЧИТЕЛЬНАЯ)
   ✅ ε = 1.0000001 отвергается
   ✅ ε = 1471.85 отвергается
   ✅ кривая из ДВУХ точек строится и считается: узлов 2, на 150 кэВ 0.7

-- A183: знак вне кодовой страницы 1251 --
   U+00C5 (знак с латинским двойником): снятая запись дала «M_DS_Crystal.MName = NaIATl»
   ✅ ДО правки U+00C5 молча становился «A»
   ⛔ ПОСЛЕ правки запись ОТКАЗЫВАЕТ и называет знак: 
   ⛔ испорченного файла на диске не осталось
   U+4E2D (знак без соответствия): снятая запись дала «M_DS_Crystal.MName = NaI?Tl»
   ✅ ДО правки U+4E2D молча становился «?»
   ⛔ ПОСЛЕ правки запись ОТКАЗЫВАЕТ и называет знак: 
   ⛔ испорченного файла на диске не осталось

-- A183: здоровые геометрии дерева — байт в байт --
   геометрий 138, прочиталось 138, не прочиталось 0; байт в байт 138, отказов 0
   ✅ новая запись даёт ТЕ ЖЕ байты у всех здоровых геометрий: 138 из 138
   ✅ ни одна геометрия дерева новой записью не отвергнута (отказов 0)

-- A120: умолчания семи ключей хвоста `OPTF` --
   XcomPairThreshold    = false
   PositronTransport    = true
   PositronOffset       = true
   RayleighToCrystal    = true
   AnalogConeSampling   = false
   LXrayEscape          = true
   KLCascade            = true
   ✅ включённых умолчанием: 5 (ждали 5) — `LXrayEscape`, `KLCascade`, `PositronTransport`, `PositronOffset`, `RayleighToCrystal`
   ✅ умолчание `KLCascade` — ВКЛЮЧЕНО; прежний комментарий `Load` говорил «умолчание false»
   ✅ `XcomPairThreshold` и `AnalogConeSampling` умолчанием ВЫКЛЮЧЕНЫ (абляции, не физика склада)

-- A120: умолчания физики 17 и 18 (склад = кривая = симулятор) --
   PhysicsVersion       = 18
   LightBinUnified      = True
   PeakChannelByTolerance = True
   LYieldSupply         = 2
   ElectronTransport    = True
   ElectronAnyMaterial  = True
   BremAlongPath        = 2
   ✅ версия физики склада — 18 (есть 18)
   ✅ семь ключей физики 17 умолчанием ВКЛ: lbin=1 pkch=1 lys=2 etr=1 e+tr=1 e+off=1 rayl2=1
   ✅ два ключа физики 18 умолчанием ВКЛ: ecomp=1 bpath=2

-- A120: старый файл без байта каскада --
   ✅ выключенный каскад доезжает через файл выключенным
   ✅ целый файл сходится сам с собой по клейму
   ✅ метка `OPTF` в файле найдена
   ✅ обрезанный файл всё равно читается — хвост на данные не влияет
   ✅ у файла БЕЗ байта каскад остаётся ВКЛЮЧЁННЫМ (умолчание поля), а не выключенным
   ✅ байт, который в обрезке ЕСТЬ, читается своим значением (контроль обрезки)
   ✅ обрезанный файл ВЫКЛЮЧЕННОГО каскада перестал сходиться с клеймом — обрезка действует
   ✅ файл, посчитанный умолчаниями и без байта каскада, СХОДИТСЯ со своим клеймом

-- A120: клеймо и умолчание --
   клеймо умолчания: phys=18;76ccc26b56a3fa344d5b6248689bbfcd722ca888b7ca6a07761dfb3cd3e67d21
   клеймо ВЫКЛ:      phys=18;7ad773f5c0a4b55de17d1c4130b74e60857c36c54a7a03491f0aa9c71a5f8aa6
   ✅ клеймо умолчания РАВНО клейму с явно включённым каскадом — умолчание и есть `true`
   ✅ клеймо с выключенным каскадом ОТЛИЧАЕТСЯ — ключ до клейма доходит
   ✅ `PositronTransport` умолчанием ВКЛ (физика 17, `e+tr=1`)
   ✅ при переносе позитрона ВКЛ `PositronOffset` клеймо ДВИГАЕТ (`e+off=1` / `e+off=0`) — половины S126 различимы
   ✅ при переносе позитрона ВЫКЛ `PositronOffset` клеймо НЕ двигает — его пишет только `PositronTransport`

=== проверок 39, отказов 4 ===
