=== переключатели окна отчёта FSA: род против группы (A265) ===
  поле                     группа             род
  atomicXrayCheckBox       extrasGroupBox     РАСЧЁТНЫЙ
  backscatterCheckBox      extrasGroupBox     РАСЧЁТНЫЙ
  cascadeSummingCheckBox   extrasGroupBox     РАСЧЁТНЫЙ
  daughtersRadio           displayGroupBox    отрисовочный
  equilibriumCheckBox      chainGroupBox      РАСЧЁТНЫЙ
  escapeCheckBox           extrasGroupBox     РАСЧЁТНЫЙ
  parentsRadio             displayGroupBox    отрисовочный
  pileUpCheckBox           extrasGroupBox     РАСЧЁТНЫЙ
  residualBandCheckBox     displayGroupBox    отрисовочный
  sourceNucBaseRadio       sourceGroupBox     РАСЧЁТНЫЙ
  sourcePeaksRadio         sourceGroupBox     РАСЧЁТНЫЙ
  всего 11: расчётных 8, отрисовочных 3

=== подписи группы показа ===
  английская   displayGroupBox.Text: есть
  русская      displayGroupBox.Text: есть

=== САМОПРОВЕРКА: порченая копия обязана быть названа ===
  подставлено: residualBandCheckBox → extrasFlow; названо поимённо, лишнего нет

СОШЛОСЬ: каждый переключатель в группе своего рода
