start 12.09.2026  0:32:42,20
Матрицы отклика понятной части корпуса (B1)
сетка: 140 узлов 5-3000 кэВ, бин 2 кэВ, 3000000 историй на узел
останов по шуму ВЫКЛЮЧЕН — плоский счёт (T35)

== AS80_lu_front ==
   клеймо   : phys=16;92301c2f75cbc54ef70a3aa4dfa0a9c782d0a5d0e46fa77f233888cef20ff78c
   время    : 560.6 с на часах, ядер 9.7 из 10
   счёт     : 5413.2 с ЦП, 12.71 мкс на историю  <- сравнивать надо ЭТО
   обход    : на историю 14.4 шага границ, 14.8 поиска области, 8.7 интерполяции μ, 3.35 сбора пересечений
   шум конт.: взвешенная 0.83 %  тихо
   файл     : C:\Users\moroz\store_a17\AS80_lu_front.rmx (0.6 МБ)

== AS80_point0 ==
   клеймо   : phys=16;98c0b4a54c4d021c31959812acbefad47ced875ebb8ff8eabcc4138672f01c15
   время    : 326.2 с на часах, ядер 9.7 из 10
   счёт     : 3175.1 с ЦП, 7.56 мкс на историю  <- сравнивать надо ЭТО
   обход    : на историю 7.9 шага границ, 8.3 поиска области, 3.7 интерполяции μ, 2.66 сбора пересечений
   шум конт.: взвешенная 0.60 %  тихо
   файл     : C:\Users\moroz\store_a17\AS80_point0.rmx (0.6 МБ)

== ASN16_lu_side ==
   клеймо   : phys=16;d8a50ee0835b60b5d990d77916a480c05b0b551b69a5aa4ec2872264dbbcdcb2
   время    : 467.1 с на часах, ядер 9.7 из 10
   счёт     : 4532.0 с ЦП, 10.64 мкс на историю  <- сравнивать надо ЭТО
   обход    : на историю 11.7 шага границ, 12.1 поиска области, 6.6 интерполяции μ, 3.33 сбора пересечений
   шум конт.: взвешенная 0.98 %  тихо
   файл     : C:\Users\moroz\store_a17\ASN16_lu_side.rmx (0.6 МБ)

== G1S_denta100_oisn10_100_p16 ==
   клеймо   : phys=16;74ea8dc807c750f747517446727a97ac3c557f1d8bc1a96b7b8965248def1e78
   время    : 711.9 с на часах, ядер 9.7 из 10
   счёт     : 6890.1 с ЦП, 16.17 мкс на историю  <- сравнивать надо ЭТО
   обход    : на историю 12.2 шага границ, 13.1 поиска области, 7.9 интерполяции μ, 3.32 сбора пересечений
   шум конт.: взвешенная 0.72 %  тихо
   файл     : C:\Users\moroz\store_a17\G1S_denta100_oisn10_100_p16.rmx (0.6 МБ)

== G1S_denta100_risn379_100_p16 ==
   клеймо   : phys=16;f015577c4f5830e3419e61d4d872fdca96e3b4e70edace2424ae3044f388098d
   время    : 726.3 с на часах, ядер 9.8 из 10
   счёт     : 7095.8 с ЦП, 16.89 мкс на историю  <- сравнивать надо ЭТО
   обход    : на историю 12.8 шага границ, 13.7 поиска области, 8.3 интерполяции μ, 3.29 сбора пересечений
   шум конт.: взвешенная 0.63 %  тихо
   файл     : C:\Users\moroz\store_a17\G1S_denta100_risn379_100_p16.rmx (0.6 МБ)

== G1S_denta120_oisn06_057_p24 ==
   клеймо   : phys=16;5b73f7f5b1b45d96e52658a4ba73bd5b6a679aeb269abacda1c5bfffe567c587
   время    : 685.5 с на часах, ядер 9.7 из 10
   счёт     : 6650.0 с ЦП, 15.61 мкс на историю  <- сравнивать надо ЭТО
   обход    : на историю 13.0 шага границ, 14.0 поиска области, 8.6 интерполяции μ, 3.26 сбора пересечений
   шум конт.: взвешенная 0.70 %  тихо
   файл     : C:\Users\moroz\store_a17\G1S_denta120_oisn06_057_p24.rmx (0.6 МБ)

== G1S_denta120_oisn06_062_p24 ==
   клеймо   : phys=16;75b127d615ec6a34e12b4858e372887253854d52964c5053b51af5696335adf9
   время    : 683.0 с на часах, ядер 9.7 из 10
   счёт     : 6636.0 с ЦП, 15.58 мкс на историю  <- сравнивать надо ЭТО
   обход    : на историю 13.0 шага границ, 13.9 поиска области, 8.6 интерполяции μ, 3.27 сбора пересечений
   шум конт.: взвешенная 0.69 %  тихо
   файл     : C:\Users\moroz\store_a17\G1S_denta120_oisn06_062_p24.rmx (0.6 МБ)

== G1S_denta120_oisn06_064_p24 ==
   клеймо   : phys=16;cd553957d831884a2b847b61931358e2ba3cd952462e3dd6b139b97b19e4735c
   время    : 672.3 с на часах, ядер 9.7 из 10
   счёт     : 6525.0 с ЦП, 15.32 мкс на историю  <- сравнивать надо ЭТО
   обход    : на историю 13.0 шага границ, 13.9 поиска области, 8.6 интерполяции μ, 3.27 сбора пересечений
   шум конт.: взвешенная 0.69 %  тихо
   файл     : C:\Users\moroz\store_a17\G1S_denta120_oisn06_064_p24.rmx (0.6 МБ)

== G1S_denta120_oisn06_066_p24 ==
   клеймо   : phys=16;449b8b610eb887c784c8a0b73a14916b79382b82d5c79eabb06139e29cec0af9
   время    : 682.3 с на часах, ядер 9.7 из 10
   счёт     : 6633.9 с ЦП, 15.57 мкс на историю  <- сравнивать надо ЭТО
   обход    : на историю 12.9 шага границ, 13.9 поиска области, 8.5 интерполяции μ, 3.27 сбора пересечений
   шум конт.: взвешенная 0.69 %  тихо
   файл     : C:\Users\moroz\store_a17\G1S_denta120_oisn06_066_p24.rmx (0.6 МБ)

== G1S_denta120_oisn16_155_p24 ==
   клеймо   : phys=16;4a5fb9474d8d528646a6116f83bc3edb925cf94a8192352b1e75f512ebb22d6a
   время    : 698.1 с на часах, ядер 9.7 из 10
   счёт     : 6771.1 с ЦП, 15.89 мкс на историю  <- сравнивать надо ЭТО
   обход    : на историю 11.8 шага границ, 12.6 поиска области, 7.6 интерполяции μ, 3.39 сбора пересечений
   шум конт.: взвешенная 0.78 %  тихо
   файл     : C:\Users\moroz\store_a17\G1S_denta120_oisn16_155_p24.rmx (0.6 МБ)

== G1S_denta120_oisn16_160_p24 ==
   клеймо   : phys=16;76b388e7168ccdbfb55775f999986de1be48629f473cd06453d1044350156c92
   время    : 704.9 с на часах, ядер 9.7 из 10
   счёт     : 6844.7 с ЦП, 16.07 мкс на историю  <- сравнивать надо ЭТО
   обход    : на историю 11.8 шага границ, 12.6 поиска области, 7.6 интерполяции μ, 3.40 сбора пересечений
   шум конт.: взвешенная 0.78 %  тихо
   файл     : C:\Users\moroz\store_a17\G1S_denta120_oisn16_160_p24.rmx (0.6 МБ)

== G1S_denta120_oisn16_166_p24 ==
   клеймо   : phys=16;b57b3d05c3a058464034d2b31be9353c12305231b20af32ba0f422a980af5d76
   время    : 699.4 с на часах, ядер 9.7 из 10
   счёт     : 6799.0 с ЦП, 15.96 мкс на историю  <- сравнивать надо ЭТО
   обход    : на историю 11.8 шага границ, 12.6 поиска области, 7.6 интерполяции μ, 3.41 сбора пересечений
   шум конт.: взвешенная 0.77 %  тихо
   файл     : C:\Users\moroz\store_a17\G1S_denta120_oisn16_166_p24.rmx (0.6 МБ)

== G1S_denta120_oisn16_167_p24 ==
   клеймо   : phys=16;0f7e3819565b34b30c6b11733b3a883abc8c29d3c3f61fee2d6554d18d88303d
   время    : 684.4 с на часах, ядер 9.7 из 10
   счёт     : 6642.2 с ЦП, 15.59 мкс на историю  <- сравнивать надо ЭТО
   обход    : на историю 11.8 шага границ, 12.6 поиска области, 7.6 интерполяции μ, 3.41 сбора пересечений
   шум конт.: взвешенная 0.77 %  тихо
   файл     : C:\Users\moroz\store_a17\G1S_denta120_oisn16_167_p24.rmx (0.6 МБ)

== G1S_mar1l_oisn06_055_p16 ==
   клеймо   : phys=16;97a81d526fb26e94f8935319e9287e7b8cdc68e7ea186c46fc852fb08fa6af53
   время    : 655.8 с на часах, ядер 9.9 из 10
   счёт     : 6461.8 с ЦП, 15.39 мкс на историю  <- сравнивать надо ЭТО
   обход    : на историю 17.4 шага границ, 18.2 поиска области, 10.3 интерполяции μ, 3.31 сбора пересечений
   шум конт.: взвешенная 0.70 %  тихо
   файл     : C:\Users\moroz\store_a17\G1S_mar1l_oisn06_055_p16.rmx (0.6 МБ)

== G1S_mar1l_oisn06_057_p16 ==
   клеймо   : phys=16;637f225ab3a3716784ea19929fc1e61dfde9203c74eb3995ab37b8cef54073ec
   время    : 644.2 с на часах, ядер 9.9 из 10
   счёт     : 6349.3 с ЦП, 15.12 мкс на историю  <- сравнивать надо ЭТО
   обход    : на историю 17.4 шага границ, 18.2 поиска области, 10.3 интерполяции μ, 3.32 сбора пересечений
   шум конт.: взвешенная 0.70 %  тихо
   файл     : C:\Users\moroz\store_a17\G1S_mar1l_oisn06_057_p16.rmx (0.6 МБ)

== G1S_mar1l_oisn06_057_p24 ==
   клеймо   : phys=16;2576a299773b0a390fa8506368aaac3d9ac976c86243144632efd0c3913af0a6
   время    : 712.4 с на часах, ядер 9.7 из 10
   счёт     : 6922.7 с ЦП, 16.25 мкс на историю  <- сравнивать надо ЭТО
   обход    : на историю 16.4 шага границ, 17.1 поиска области, 9.8 интерполяции μ, 3.32 сбора пересечений
   шум конт.: взвешенная 0.76 %  тихо
   файл     : C:\Users\moroz\store_a17\G1S_mar1l_oisn06_057_p24.rmx (0.6 МБ)

== G1S_mar1l_oisn06_062_p16 ==
   клеймо   : phys=16;5d1af5170446961f303eec3cbdde923b2b2369c54942b6e8a24417426724794b
   время    : 658.0 с на часах, ядер 9.8 из 10
   счёт     : 6479.6 с ЦП, 15.43 мкс на историю  <- сравнивать надо ЭТО
   обход    : на историю 17.4 шага границ, 18.2 поиска области, 10.3 интерполяции μ, 3.34 сбора пересечений
   шум конт.: взвешенная 0.69 %  тихо
   файл     : C:\Users\moroz\store_a17\G1S_mar1l_oisn06_062_p16.rmx (0.6 МБ)

== G1S_mar1l_oisn06_062_p24 ==
   клеймо   : phys=16;4881067a935ba9bc28ec91c3e9701915e203d30f8fd1b57d28a07edc75f14768
   время    : 714.3 с на часах, ядер 9.7 из 10
   счёт     : 6944.6 с ЦП, 16.30 мкс на историю  <- сравнивать надо ЭТО
   обход    : на историю 16.3 шага границ, 17.1 поиска области, 9.8 интерполяции μ, 3.34 сбора пересечений
   шум конт.: взвешенная 0.76 %  тихо
   файл     : C:\Users\moroz\store_a17\G1S_mar1l_oisn06_062_p24.rmx (0.6 МБ)

== G1S_mar1l_oisn06_064_p24 ==
   клеймо   : phys=16;f2af98ba9167835c0b592414ca7cd345ba9386d9909c0abce001b9eef593fa34
   время    : 697.2 с на часах, ядер 9.7 из 10
   счёт     : 6780.3 с ЦП, 15.92 мкс на историю  <- сравнивать надо ЭТО
   обход    : на историю 16.3 шага границ, 17.0 поиска области, 9.8 интерполяции μ, 3.35 сбора пересечений
   шум конт.: взвешенная 0.75 %  тихо
   файл     : C:\Users\moroz\store_a17\G1S_mar1l_oisn06_064_p24.rmx (0.6 МБ)

== G1S_mar1l_oisn06_066_p16 ==
   клеймо   : phys=16;2fcc40b0edd0b448cf8a8bb4880ff3ab565b8a0e3ce0ef91a6a5f4c105f5174c
   время    : 661.8 с на часах, ядер 9.9 из 10
   счёт     : 6527.3 с ЦП, 15.54 мкс на историю  <- сравнивать надо ЭТО
   обход    : на историю 17.3 шага границ, 18.1 поиска области, 10.2 интерполяции μ, 3.35 сбора пересечений
   шум конт.: взвешенная 0.68 %  тихо
   файл     : C:\Users\moroz\store_a17\G1S_mar1l_oisn06_066_p16.rmx (0.6 МБ)

== G1S_mar1l_oisn06_066_p24 ==
   клеймо   : phys=16;3943344dac59deceda763a446e9a852f9dc8187a992133a5d1b91673f64aead1
   время    : 701.2 с на часах, ядер 9.7 из 10
   счёт     : 6805.5 с ЦП, 15.98 мкс на историю  <- сравнивать надо ЭТО
   обход    : на историю 16.3 шага границ, 17.0 поиска области, 9.7 интерполяции μ, 3.35 сбора пересечений
   шум конт.: взвешенная 0.75 %  тихо
   файл     : C:\Users\moroz\store_a17\G1S_mar1l_oisn06_066_p24.rmx (0.6 МБ)

== G1S_mar1l_oisn16_155_p16 ==
   клеймо   : phys=16;7e6bb16b73df139e14d5948c9c9f921788124fbda4b761b43f28af41fdd855c7
   время    : 764.5 с на часах, ядер 9.7 из 10
   счёт     : 7436.0 с ЦП, 17.46 мкс на историю  <- сравнивать надо ЭТО
   обход    : на историю 14.7 шага границ, 15.3 поиска области, 8.6 интерполяции μ, 3.52 сбора пересечений
   шум конт.: взвешенная 0.82 %  тихо
   файл     : C:\Users\moroz\store_a17\G1S_mar1l_oisn16_155_p16.rmx (0.6 МБ)

== G1S_mar1l_oisn16_155_p24 ==
   клеймо   : phys=16;9d5e589d360f3b4b7e263f934c641bc0283e0f4997f9a9d8ca64331847ce7247
   время    : 729.3 с на часах, ядер 9.7 из 10
   счёт     : 7087.7 с ЦП, 16.64 мкс на историю  <- сравнивать надо ЭТО
   обход    : на историю 14.6 шага границ, 15.3 поиска области, 8.6 интерполяции μ, 3.51 сбора пересечений
   шум конт.: взвешенная 0.83 %  тихо
   файл     : C:\Users\moroz\store_a17\G1S_mar1l_oisn16_155_p24.rmx (0.6 МБ)

== G1S_mar1l_oisn16_160_p16 ==
   клеймо   : phys=16;acf6a49db93550582374828dc86c769ddc597815bcb6a17dac8e8357d49171ce
   время    : 747.9 с на часах, ядер 9.7 из 10
   счёт     : 7271.4 с ЦП, 17.07 мкс на историю  <- сравнивать надо ЭТО
   обход    : на историю 14.7 шага границ, 15.3 поиска области, 8.6 интерполяции μ, 3.52 сбора пересечений
   шум конт.: взвешенная 0.82 %  тихо
   файл     : C:\Users\moroz\store_a17\G1S_mar1l_oisn16_160_p16.rmx (0.6 МБ)

== G1S_mar1l_oisn16_160_p24 ==
   клеймо   : phys=16;d9f3e4a8ba35881501094bd3ae80d4b33d214306221fb29a0d1c43d813de4932
   время    : 745.8 с на часах, ядер 9.7 из 10
   счёт     : 7252.9 с ЦП, 17.03 мкс на историю  <- сравнивать надо ЭТО
   обход    : на историю 14.6 шага границ, 15.3 поиска области, 8.6 интерполяции μ, 3.52 сбора пересечений
   шум конт.: взвешенная 0.83 %  тихо
   файл     : C:\Users\moroz\store_a17\G1S_mar1l_oisn16_160_p24.rmx (0.6 МБ)

== G1S_mar1l_oisn16_166_p16 ==
   клеймо   : phys=16;537f68750e3cd55815cc24bc5a0f8c59838b33f587d6a8ad2add6c6de62128d7
   время    : 741.8 с на часах, ядер 9.7 из 10
   счёт     : 7200.1 с ЦП, 16.90 мкс на историю  <- сравнивать надо ЭТО
   обход    : на историю 14.7 шага границ, 15.3 поиска области, 8.6 интерполяции μ, 3.54 сбора пересечений
   шум конт.: взвешенная 0.81 %  тихо
   файл     : C:\Users\moroz\store_a17\G1S_mar1l_oisn16_166_p16.rmx (0.6 МБ)

== G1S_mar1l_oisn16_166_p24 ==
   клеймо   : phys=16;163f453747580818954ee1362d0d455473fc14a47d0e86d158f82932f0c30771
   время    : 737.7 с на часах, ядер 9.7 из 10
   счёт     : 7169.9 с ЦП, 16.83 мкс на историю  <- сравнивать надо ЭТО
   обход    : на историю 14.6 шага границ, 15.2 поиска области, 8.6 интерполяции μ, 3.53 сбора пересечений
   шум конт.: взвешенная 0.82 %  тихо
   файл     : C:\Users\moroz\store_a17\G1S_mar1l_oisn16_166_p24.rmx (0.6 МБ)

== G1S_mar1l_oisn16_167_p16 ==
   клеймо   : phys=16;5820aaa5d4a4246db65b327e68dfdb6f50c637fa20add42ee335532e9d81054e
   время    : 749.4 с на часах, ядер 9.7 из 10
   счёт     : 7291.9 с ЦП, 17.12 мкс на историю  <- сравнивать надо ЭТО
   обход    : на историю 14.6 шага границ, 15.3 поиска области, 8.6 интерполяции μ, 3.54 сбора пересечений
   шум конт.: взвешенная 0.81 %  тихо
   файл     : C:\Users\moroz\store_a17\G1S_mar1l_oisn16_167_p16.rmx (0.6 МБ)

== G1S_mar1l_oisn16_167_p24 ==
   клеймо   : phys=16;8cefcac0511667be04b2bec3ce0231467c1f5f4e474d3972349fa93dea21b5c1
   время    : 740.7 с на часах, ядер 9.7 из 10
   счёт     : 7206.5 с ЦП, 16.92 мкс на историю  <- сравнивать надо ЭТО
   обход    : на историю 14.6 шага границ, 15.2 поиска области, 8.6 интерполяции μ, 3.53 сбора пересечений
   шум конт.: взвешенная 0.82 %  тихо
   файл     : C:\Users\moroz\store_a17\G1S_mar1l_oisn16_167_p24.rmx (0.6 МБ)

== G1S_mar1l_risn379_100_p16 ==
   клеймо   : phys=16;e064640b792f3e86a4ebe72f5196022585fea9f7487d40565b27a37ba3f58972
   время    : 773.6 с на часах, ядер 9.8 из 10
   счёт     : 7602.7 с ЦП, 18.10 мкс на историю  <- сравнивать надо ЭТО
   обход    : на историю 16.0 шага границ, 16.8 поиска области, 9.4 интерполяции μ, 3.41 сбора пересечений
   шум конт.: взвешенная 0.70 %  тихо
   файл     : C:\Users\moroz\store_a17\G1S_mar1l_risn379_100_p16.rmx (0.6 МБ)

== G1S_petri60_oisn06_057_p24 ==
   клеймо   : phys=16;511ce001c5d6cad9f59df4e2af42fdd43012e38154c0e82ffd3259787c381cc8
   время    : 636.5 с на часах, ядер 9.7 из 10
   счёт     : 6181.0 с ЦП, 14.51 мкс на историю  <- сравнивать надо ЭТО
   обход    : на историю 13.1 шага границ, 13.9 поиска области, 8.2 интерполяции μ, 3.22 сбора пересечений
   шум конт.: взвешенная 0.63 %  тихо
   файл     : C:\Users\moroz\store_a17\G1S_petri60_oisn06_057_p24.rmx (0.6 МБ)

== G1S_petri60_oisn06_062_p24 ==
   клеймо   : phys=16;157b8a5de75ff431d8d5861c4f42a403fb86b009a990071e6f9076d76d2227c5
   время    : 622.7 с на часах, ядер 9.7 из 10
   счёт     : 6041.3 с ЦП, 14.18 мкс на историю  <- сравнивать надо ЭТО
   обход    : на историю 13.1 шага границ, 13.9 поиска области, 8.1 интерполяции μ, 3.23 сбора пересечений
   шум конт.: взвешенная 0.63 %  тихо
   файл     : C:\Users\moroz\store_a17\G1S_petri60_oisn06_062_p24.rmx (0.6 МБ)

== G1S_petri60_oisn06_064_p24 ==
   клеймо   : phys=16;74dc473e4c47f3e15b72d0bc33bba5b03b884999d6076244ccccf734ac7b7fed
   время    : 631.1 с на часах, ядер 9.7 из 10
   счёт     : 6124.6 с ЦП, 14.38 мкс на историю  <- сравнивать надо ЭТО
   обход    : на историю 13.1 шага границ, 13.9 поиска области, 8.1 интерполяции μ, 3.23 сбора пересечений
   шум конт.: взвешенная 0.63 %  тихо
   файл     : C:\Users\moroz\store_a17\G1S_petri60_oisn06_064_p24.rmx (0.6 МБ)

== G1S_petri60_oisn06_067_p24 ==
   клеймо   : phys=16;b568ca4e996e16432924da61c1edbe06fc1bf65d0ec8ecab20a1f2350a623dfd
   время    : 631.4 с на часах, ядер 9.7 из 10
   счёт     : 6132.7 с ЦП, 14.40 мкс на историю  <- сравнивать надо ЭТО
   обход    : на историю 13.0 шага границ, 13.8 поиска области, 8.1 интерполяции μ, 3.23 сбора пересечений
   шум конт.: взвешенная 0.63 %  тихо
   файл     : C:\Users\moroz\store_a17\G1S_petri60_oisn06_067_p24.rmx (0.6 МБ)

== G1S_petri60_oisn10_100_p16 ==
   клеймо   : phys=16;b9b8d145f635632357affbf87e063122dd620e677886a19fa3e1ea0e1fbc26ee
   время    : 639.3 с на часах, ядер 9.7 из 10
   счёт     : 6203.9 с ЦП, 14.56 мкс на историю  <- сравнивать надо ЭТО
   обход    : на историю 12.5 шага границ, 13.2 поиска области, 7.7 интерполяции μ, 3.27 сбора пересечений
   шум конт.: взвешенная 0.67 %  тихо
   файл     : C:\Users\moroz\store_a17\G1S_petri60_oisn10_100_p16.rmx (0.6 МБ)

== G1S_petri60_oisn16_155_p24 ==
   клеймо   : phys=16;8848c13c7539287507230c2011fa5961080627c5865d25f20fa9dd0fe65dccd7
   время    : 650.7 с на часах, ядер 9.7 из 10
   счёт     : 6318.2 с ЦП, 14.83 мкс на историю  <- сравнивать надо ЭТО
   обход    : на историю 12.0 шага границ, 12.7 поиска области, 7.4 интерполяции μ, 3.31 сбора пересечений
   шум конт.: взвешенная 0.70 %  тихо
   файл     : C:\Users\moroz\store_a17\G1S_petri60_oisn16_155_p24.rmx (0.6 МБ)

== G1S_petri60_oisn16_160_p24 ==
   клеймо   : phys=16;5ef434d294a0524dfc145e5cca1a18d4dfe215461c95016a6d7cc7c1f0bbfe7b
   время    : 645.8 с на часах, ядер 9.7 из 10
   счёт     : 6254.4 с ЦП, 14.68 мкс на историю  <- сравнивать надо ЭТО
   обход    : на историю 12.0 шага границ, 12.7 поиска области, 7.4 интерполяции μ, 3.32 сбора пересечений
   шум конт.: взвешенная 0.70 %  тихо
   файл     : C:\Users\moroz\store_a17\G1S_petri60_oisn16_160_p24.rmx (0.6 МБ)

== G1S_petri60_oisn16_167_p24 ==
   клеймо   : phys=16;2fa9f021093fd45b5d26dd6f7cc84b6d567f63f4d256b909caa28590883735a7
   время    : 654.1 с на часах, ядер 9.7 из 10
   счёт     : 6347.9 с ЦП, 14.90 мкс на историю  <- сравнивать надо ЭТО
   обход    : на историю 12.0 шага границ, 12.7 поиска области, 7.3 интерполяции μ, 3.32 сбора пересечений
   шум конт.: взвешенная 0.69 %  тихо
   файл     : C:\Users\moroz\store_a17\G1S_petri60_oisn16_167_p24.rmx (0.6 МБ)

== G1S_petri60_risn379_100_p16 ==
   клеймо   : phys=16;4eaf5187777bf7e556e200be9fe7b0643a5c41d94c8147af4dd7e1a132bfe05d
   время    : 655.5 с на часах, ядер 9.8 из 10
   счёт     : 6448.1 с ЦП, 15.35 мкс на историю  <- сравнивать надо ЭТО
   обход    : на историю 12.8 шага границ, 13.6 поиска области, 7.9 интерполяции μ, 3.24 сбора пересечений
   шум конт.: взвешенная 0.61 %  тихо
   файл     : C:\Users\moroz\store_a17\G1S_petri60_risn379_100_p16.rmx (0.6 МБ)

== G1S_point25 ==
   клеймо   : phys=16;ce6ef9a1d5ec910d94b978a16669629aaadc44fa934a6ca5e63ac5be1688955b
   время    : 392.1 с на часах, ядер 9.7 из 10
   счёт     : 3820.6 с ЦП, 9.10 мкс на историю  <- сравнивать надо ЭТО
   обход    : на историю 7.1 шага границ, 7.8 поиска области, 3.4 интерполяции μ, 2.63 сбора пересечений
   шум конт.: взвешенная 5.32 %  ВЫШЕ ПОРОГА 5.0 %
   файл     : C:\Users\moroz\store_a17\G1S_point25.rmx (0.6 МБ)

== G1S_point5 ==
   клеймо   : phys=16;e56f18dad21ae02f6628f922fc910097fa0d69d6a80f50f7b17f41a89ab01975
   время    : 536.9 с на часах, ядер 9.7 из 10
   счёт     : 5220.0 с ЦП, 12.43 мкс на историю  <- сравнивать надо ЭТО
   обход    : на историю 9.5 шага границ, 10.7 поиска области, 5.1 интерполяции μ, 2.98 сбора пересечений
   шум конт.: взвешенная 1.35 %  тихо
   файл     : C:\Users\moroz\store_a17\G1S_point5.rmx (0.6 МБ)

== RC103_lu_front ==
   клеймо   : phys=16;751753960bf4e052b33e0f91088f2337614b3cc7f39c63b9db1fd1b6153aad35
   время    : 418.9 с на часах, ядер 9.8 из 10
   счёт     : 4084.4 с ЦП, 9.59 мкс на историю  <- сравнивать надо ЭТО
   обход    : на историю 12.8 шага границ, 13.2 поиска области, 7.9 интерполяции μ, 3.30 сбора пересечений
   шум конт.: взвешенная 1.99 %  тихо
   файл     : C:\Users\moroz\store_a17\RC103_lu_front.rmx (0.6 МБ)

== RC103_marinelli05_kcl ==
   клеймо   : phys=16;02ce79bda7f051d5c42dd3bdfb34f18ca1f1b172e9068b4219eaef0f7f84a01b
   время    : 463.5 с на часах, ядер 9.8 из 10
   счёт     : 4547.4 с ЦП, 10.83 мкс на историю  <- сравнивать надо ЭТО
   обход    : на историю 20.3 шага границ, 20.6 поиска области, 12.9 интерполяции μ, 3.33 сбора пересечений
   шум конт.: взвешенная 3.18 %  тихо
   файл     : C:\Users\moroz\store_a17\RC103_marinelli05_kcl.rmx (0.6 МБ)

== RC103_point0 ==
   клеймо   : phys=16;be20db154151d0ee35cf0c948d3eb4ec9499c03dab6e7fbc6fec7270de91df6b
   время    : 302.5 с на часах, ядер 9.8 из 10
   счёт     : 2963.7 с ЦП, 7.06 мкс на историю  <- сравнивать надо ЭТО
   обход    : на историю 6.7 шага границ, 7.5 поиска области, 3.0 интерполяции μ, 2.59 сбора пересечений
   шум конт.: взвешенная 0.51 %  тихо
   файл     : C:\Users\moroz\store_a17\RC103_point0.rmx (0.6 МБ)

матриц: 44 — посчитано 44, пропущено 0 (клеймо сошлось); всего 472.7 мин
пересчитаны ВСЕ — значит изменилась картина целиком (версия физики или параметры расчёта)
ЕСТЬ ШУМНЫЕ
exit code 1
end 12.09.2026  8:25:21,76
