start 12.09.2026  0:17:04,46
Матрицы отклика понятной части корпуса (B1)
сетка: 140 узлов 5-3000 кэВ, бин 2 кэВ, 3000000 историй на узел
останов по шуму ВЫКЛЮЧЕН — плоский счёт (T35)

== AS80_point0 ==
   клеймо   : phys=16;98c0b4a54c4d021c31959812acbefad47ced875ebb8ff8eabcc4138672f01c15
   время    : 315.2 с на часах, ядер 9.7 из 10
   счёт     : 3066.8 с ЦП, 7.30 мкс на историю  <- сравнивать надо ЭТО
   обход    : на историю 7.9 шага границ, 8.3 поиска области, 3.7 интерполяции μ, 2.66 сбора пересечений
   шум конт.: взвешенная 0.60 %  тихо
   файл     : C:\Users\moroz\store_a17_check\AS80_point0.rmx (0.6 МБ)

== G1S_point25 ==
   клеймо   : phys=16;ce6ef9a1d5ec910d94b978a16669629aaadc44fa934a6ca5e63ac5be1688955b
   время    : 433.3 с на часах, ядер 9.6 из 10
   счёт     : 4167.9 с ЦП, 9.92 мкс на историю  <- сравнивать надо ЭТО
   обход    : на историю 7.1 шага границ, 7.8 поиска области, 3.4 интерполяции μ, 2.63 сбора пересечений
   шум конт.: взвешенная 5.32 %  ВЫШЕ ПОРОГА 5.0 %
   файл     : C:\Users\moroz\store_a17_check\G1S_point25.rmx (0.6 МБ)

матриц: 2 — посчитано 2, пропущено 0 (клеймо сошлось); всего 12.5 мин
пересчитаны ВСЕ — значит изменилась картина целиком (версия физики или параметры расчёта)
ЕСТЬ ШУМНЫЕ
exit code 1
end 12.09.2026  0:29:33,20
