ПРИЁМКА AMBER18 (П1, 12.09.2026): мощность дозы от кривой панели
сборка под рукой: C:\Users\moroz\source\repos\BQ Eng res .NET 4.8\tools\effmaker\probes\build_p54\BecquerelMonitor.exe

──────────────────────────────────────────────────────────────
§1. ЕДИНИЦЫ: Ḣ*(10)/φ̇ против ICRP 74
──────────────────────────────────────────────────────────────
  662 кэВ: μ_en/ρ = 2.9395e-003 м²/кг, h*(10)/K_a = 1.2032, Factor = 2.3413
  Ḣ*(10)/φ̇ = 1.3504e-002 мкЗв/ч на квант/(см²·с) = 3.751 пЗв·см² на квант
  [ок]   опора ICRP 74 на 662 кэВ: 3.696 пЗв·см², у нас 3.751, расхождение +1.49 % (допуск 3 %)
  [ок]   множитель единиц собран из названных сомножителей: 5.767836e-003

──────────────────────────────────────────────────────────────
§2. ГЕОМЕТРИЧЕСКИЙ МНОЖИТЕЛЬ G = <1/(4πr²)> по объёму источника
──────────────────────────────────────────────────────────────
  point: R = 12.800 cm to crystal centre, G = 1/(4πR²)
  [ок]   точка: G = 4.857023e-004, 1/(4πR²) при R = 12.800 см = 4.857023e-004
  cylinder: r ≤ 1.000 cm, z -104.800…-102.800 cm from crystal centre, V = 6.283 cm³, G = <1/(4πr²)> = 7.3861e-006 1/cm²
  [ок]   далёкий сосуд: G = 7.386107e-006, точка в его центре 7.385764e-006, расхождение 4.64e-005
  box: ±1.000 × ±1.000 cm, z -104.800…-102.800 cm from crystal centre, V = 8.000 cm³, G = <1/(4πr²)> = 7.3860e-006 1/cm²
  [ок]   далёкая кювета: G = 7.385993e-006, расхождение с точкой 3.10e-005
  marinelli: ring 3.100…5.900 cm, height 11.000 cm, cap 3.000 cm, V = 961.422 cm³, G = <1/(4πr²)> = 2.8539e-003 1/cm²
  [ок]   маринелли: G = 2.853884e-003 < 1/(4π·3.1²) = 8.280694e-003
  [ок]   точечный источник в центре кристалла → «Мощность дозы: точечный источник стоит в центре кристалла — плотность потока не определена.»
  [ок]   сосуд без объёма → «Мощность дозы: у пробы в геометрии нет объёма — усреднять плотность потока не по чему.»

──────────────────────────────────────────────────────────────
§3. ТРИ ПЛЕЧА: кривая с матрицей / без матрицы (≈) / без геометрии (отказ) / без точек (пусто)
──────────────────────────────────────────────────────────────

  == AS80_Cs137_0cm (сцена AS80_point0) ==
  матрица AS80_point0.rmx: узлов 140, 5.0…3000.0 кэВ, историй 3000000, каналов 6
  геометрия: point: R = 6.670 cm to crystal centre, G = 1/(4πR²)
  (A) с матрицей: 0.145 ±0.000 (0.1%) мкЗв/ч
  [ок]   (A) число по ПОЛНОЙ эффективности, без пометки: 0.145 ±0.000 (0.1%) мкЗв/ч
     диапазон, кэВ     отсчётов  объяснено  приписано   ε(строка)  ε(свой)   φ̇, 1/(см²·с)  мкЗв/ч   наивно
        13.1…17.1         1042     32860          0  7.38e-005 7.30e-005    0.000e+000   0.0000   0.0076  (ниже пола, вне покрытия)
        17.1…22.4        35548     32109       3439  4.90e-003 4.87e-003    1.238e-001   0.0005   0.0048
        22.4…29.3        81960     67626      14334  3.71e-002 3.69e-002    6.814e-002   0.0002   0.0013
        29.3…38.3       177004     67739     109265  9.63e-002 8.29e-002    2.310e-001   0.0006   0.0009
        38.3…50.2       121431    107001      14430  1.55e-001 1.25e-001    2.031e-002   0.0000   0.0003
        50.2…65.6       189648    135012      54636  1.91e-001 1.61e-001    5.938e-002   0.0001   0.0003
        65.6…85.9       310396    180039     130357  2.08e-001 1.80e-001    1.271e-001   0.0002   0.0005
        85.9…112.4      439895    231003     208892  2.15e-001 1.87e-001    1.958e-001   0.0004   0.0008
       112.4…147.0      563964    328624     235340  2.13e-001 1.84e-001    2.238e-001   0.0006   0.0013
       147.0…192.4      684656    384775     299881  2.04e-001 1.71e-001    3.066e-001   0.0011   0.0022
       192.4…251.7      959948    576201     383747  1.90e-001 1.54e-001    4.378e-001   0.0021   0.0043
       251.7…329.3      885742    613430     272312  1.72e-001 1.28e-001    3.719e-001   0.0023   0.0057
       329.3…430.9      872691    653702     218989  1.56e-001 1.03e-001    3.724e-001   0.0030   0.0080
       430.9…563.8      605696    452611     153085  1.42e-001 8.10e-002    3.312e-001   0.0035   0.0079
       563.8…737.7     3196558     32070    3164488  1.30e-001 6.39e-002    8.685e+000   0.1155   0.0575
       737.7…965.2       72162     29835      42327  1.19e-001 5.05e-002    1.469e-001   0.0024   0.0018
       965.2…1262.9      56329     31987      24342  1.09e-001 4.03e-002    1.060e-001   0.0022   0.0019
      1262.9…1652.3      59095      8724      50371  1.00e-001 3.28e-002    2.690e-001   0.0067   0.0026
      1652.3…2161.9      14719      8520       6199  9.35e-002 2.85e-002    3.808e-002   0.0011   0.0008
      2161.9…2828.7      10786         0      10786  8.86e-002 2.61e-002    7.238e-002   0.0026   0.0008
     диапазонов 21, сумма 0.1454 мкЗв/ч (наивно, без развёртки и пола: 0.1110), покрытие 100.0 %
  (B) без матрицы: ≈ 0.195 ±0.000 (0.0%) мкЗв/ч
  [ок]   (B) число по ПИКОВОЙ со знаком «≈»: ≈ 0.195 ±0.000 (0.0%) мкЗв/ч
  A → B: 0.1454 → 0.1954 мкЗв/ч, пиковая выше полной на +34.3 % (пик/полное на 662 кэВ: 0.4843)
  [ок]   пиковая ε меньше полной, значит доза по пиковой ВЫШЕ: +34.3 %
  [ок]   (C) кривая без геометрии → отказ с причиной: «Мощность дозы: у кривой «ввоз ЛСРМ (без геометрии)» нет геометрии — без неё скорость испускания не перевест...»
  [ок]   (D) кривая без Curve → строка состояния ПУСТА (null)
  [ок]   (E) кривая не выбрана → строка состояния ПУСТА (null)

  == G1S16_Cs137_P5 (сцена G1S_point5) ==
  матрица G1S_point5.rmx: узлов 140, 5.0…3000.0 кэВ, историй 3000000, каналов 6
  геометрия: point: R = 8.460 cm to crystal centre, G = 1/(4πR²)
  (A) с матрицей: 0.952 ±0.001 (0.1%) мкЗв/ч
  [ок]   (A) число по ПОЛНОЙ эффективности, без пометки: 0.952 ±0.001 (0.1%) мкЗв/ч
     диапазон, кэВ     отсчётов  объяснено  приписано   ε(строка)  ε(свой)   φ̇, 1/(см²·с)  мкЗв/ч   наивно
        10.0…13.1         1678     15941          0  3.32e-006 3.15e-006    0.000e+000   0.0000   0.6108  (ниже пола, вне покрытия)
        13.1…17.2         4158     16354          0  7.76e-004 7.47e-004    0.000e+000   0.0000   0.0101
        17.2…22.6        29699     16442      13257  9.36e-003 9.25e-003    8.787e-001   0.0033   0.0074
        22.6…29.6       244375     34684     209691  2.75e-002 2.74e-002    4.694e+000   0.0155   0.0179
        29.6…38.9       129711     34954      94757  4.47e-002 3.66e-002    1.589e+000   0.0042   0.0047
        38.9…51.0        57918     59750          0  5.61e-002 4.64e-002    0.000e+000   0.0000   0.0013
        51.0…66.9        86098     61809      24289  6.14e-002 5.36e-002    2.776e-001   0.0005   0.0016
        66.9…87.8       106027     94967      11060  6.34e-002 5.80e-002    1.169e-001   0.0002   0.0019
        87.8…115.2      159535    123268      36267  6.35e-002 5.91e-002    3.763e-001   0.0008   0.0035
       115.2…151.2      230796    155837      74959  6.17e-002 5.74e-002    8.001e-001   0.0023   0.0066
       151.2…198.4      487862    194168     293694  5.83e-002 5.29e-002    3.402e+000   0.0128   0.0193
       198.4…260.3      647837    254511     393326  5.38e-002 4.67e-002    5.165e+000   0.0257   0.0368
       260.3…341.6      365679    313047      52632  4.86e-002 3.82e-002    8.453e-001   0.0055   0.0302
       341.6…448.1      461277    401042      60235  4.39e-002 2.97e-002    1.242e+000   0.0105   0.0546
       448.1…588.0      185554    290379          0  3.99e-002 2.26e-002    0.000e+000   0.0000   0.0310
       588.0…771.5     1762105      1194    1760911  3.63e-002 1.72e-002    6.266e+001   0.8659   0.4111
       771.5…1012.3       2705       875       1830  3.34e-002 1.33e-002    8.457e-002   0.0015   0.0009
      1012.3…1328.1       1626       689        937  3.06e-002 1.04e-002    5.552e-002   0.0012   0.0007
      1328.1…1742.6        970       157        813  2.82e-002 8.30e-003    6.001e-002   0.0016   0.0005
      1742.6…2286.5        235       139         96  2.65e-002 7.38e-003    7.942e-003   0.0002   0.0002
      2286.5…3000.0        145         0        145  2.49e-002 6.84e-003    1.300e-002   0.0005   0.0001
     диапазонов 21, сумма 0.9522 мкЗв/ч (наивно, без развёртки и пола: 1.2512), покрытие 100.0 %
  (B) без матрицы: ≈ 1.182 ±0.001 (0.1%) мкЗв/ч
  [ок]   (B) число по ПИКОВОЙ со знаком «≈»: ≈ 1.182 ±0.001 (0.1%) мкЗв/ч
  A → B: 0.9522 → 1.1817 мкЗв/ч, пиковая выше полной на +24.1 % (пик/полное на 662 кэВ: 0.4733)
  [ок]   пиковая ε меньше полной, значит доза по пиковой ВЫШЕ: +24.1 %
  [ок]   (C) кривая без геометрии → отказ с причиной: «Мощность дозы: у кривой «ввоз ЛСРМ (без геометрии)» нет геометрии — без неё скорость испускания не перевест...»
  [ок]   (D) кривая без Curve → строка состояния ПУСТА (null)
  [ок]   (E) кривая не выбрана → строка состояния ПУСТА (null)

──────────────────────────────────────────────────────────────
§4. ЖИВОЙ СПЕКТР (--live=, --store=): против прежних 2.566 мкЗв/ч при ручных точках
──────────────────────────────────────────────────────────────
  ключ --live= не задан — раздел только печатный, проверок не добавляет

──────────────────────────────────────────────────────────────
§5. ОТРАЖЕНИЕ ИЗ СБОРКИ: снятое снято
──────────────────────────────────────────────────────────────
  [ок]   тип DeviceConfigForm найден
  [ок]   у DeviceConfigForm нет поля tabPage7
  [ок]   у DeviceConfigForm нет поля comboDoseRateEfficiency
  [ок]   у DeviceConfigForm нет поля efficiencyCurve
  [ок]   у DeviceConfigForm нет метода LoadDoseRateTab
  [ок]   у DeviceConfigForm нет метода FillDoseRateEfficiencyCombo
  [ок]   у DeviceConfigForm нет метода comboDoseRateEfficiency_SelectedIndexChanged
  [ок]   у DeviceConfigInfo нет свойства DoseRateConfig
  [ок]   типа DoseRateConfig в сборке нет
  [ок]   типа DoseRateCalibrationPoint в сборке нет
  [ок]   типа DoseRateSpectrumChoice в сборке нет
  [ок]   у DoseRateEstimator нет Estimate
  [ок]   у DoseRateEstimator нет OfferedEfficiencies
  [ок]   у DoseRateManager есть Calculate(ResultData) — вход от кривой панели

──────────────────────────────────────────────────────────────
§6. СТАРЫЙ XML С <DoseRateConfig> ЧИТАЕТСЯ, ПРИ ПЕРЕСОХРАНЕНИИ ЭЛЕМЕНТА НЕТ
──────────────────────────────────────────────────────────────
  [ок]   поставочный RC-103.xml (36 точек в тексте) прочитан: RC-103, 1024 каналов, кривых 1
  [ок]   в тексте 36 точек — их просто перестали читать (файл не тронут)
  [ок]   при пересохранении элемента DoseRateConfig нет
  [ок]   подставной XML с <DoseRateConfig> посреди полей читается целиком: поля ДО и ПОСЛЕ элемента на месте

──────────────────────────────────────────────────────────────
§7. ПУТЬ ПРИЛОЖЕНИЯ: DoseRateManager.Calculate(ResultData) через ResponseMatrixStore
──────────────────────────────────────────────────────────────
  склад пробы: C:\Users\moroz\source\repos\BQ Eng res .NET 4.8\tools\effmaker\probes\build_p54\config\device\response
  без файла в складе: ≈ 0.195 ±0.000 (0.0%) мкЗв/ч  [NoFile]
  [ок]   нет матрицы в складе → число со знаком «≈», причина: NoFile
  с файлом в складе:  0.145 ±0.000 (0.1%) мкЗв/ч  []
  [ок]   матрица в складе → число по полной, без пометки
  [ок]   вход кэшируется по ссылке на кривую и отметке файла матрицы
  [ок]   смена отметки файла матрицы сбрасывает кэш
  [ок]   UseResponseMatrix = false → как у FSA, матрица не читается: «≈» [UseResponseMatrix = false]

──────────────────────────────────────────────────────────────
§8. СНИМОК СТРОКИ СОСТОЯНИЯ (без окна BecqMoni)
──────────────────────────────────────────────────────────────
  матрица AS80_point0.rmx: узлов 140, 5.0…3000.0 кэВ, историй 3000000, каналов 6
  «Мощность дозы: 0.145 ±0.000 (0.1%) мкЗв/ч»
  [ок]   снимок C:\Users\moroz\AppData\Local\Temp\doseratefromcurve-shots\status-matrix.png: не фон 12.8 % точек
  «Мощность дозы: ≈ 0.195 ±0.000 (0.0%) мкЗв/ч»
  [ок]   снимок C:\Users\moroz\AppData\Local\Temp\doseratefromcurve-shots\status-peak.png: не фон 13.1 % точек

──────────────────────────────────────────────────────────────
§9. СЦЕНА ПОЛЯ ISO: доза от отклика в см² (AMBER13 (б), П6)
──────────────────────────────────────────────────────────────
  ⚠ У ЧИСЛА НЕТ ФИЗИЧЕСКОГО СМЫСЛА: спектр снят от ТОЧЕЧНОГО Cs-137 на 5 см,
    а делится на отклик ИЗОТРОПНОГО ПОЛЯ. Проверяется МЕХАНИКА, не доза.

  == G1S16_Cs137_P5, сцена ISO той же геометрии, R = 50 см ==
  [ок]   геометрия поля: сцена Iso, R = 500 мм, нормировка PerUnitFluence
  матрица tools\effmaker\out\p6_iso\G1S_point5_iso50.rmx: NoFile (формат 0)
  [НЕТ]  нет годной матрицы сцены поля G1S_point5_iso50 — посчитать: corpusmatrixprobe --dir=tools\effmaker\out\p6_iso --force (файл .in лежит рядом)

  == G1S16_Cs137_P5, сцена ISO той же геометрии, R = 100 см ==
  [ок]   геометрия поля: сцена Iso, R = 1000 мм, нормировка PerUnitFluence
  матрица tools\effmaker\out\p6_iso\G1S_point5_iso100.rmx: NoFile (формат 0)
  [НЕТ]  нет годной матрицы сцены поля G1S_point5_iso100 — посчитать: corpusmatrixprobe --dir=tools\effmaker\out\p6_iso --force (файл .in лежит рядом)

проверок 49, непрошедших 2
ПРОВАЛОВ 2
