=== Символ элемента отличается от нуклида
    ок: «W» -> W
    ок: «w» -> W
    ок: «PB» -> Pb
    ок: «pb» -> Pb
    ок: «Cs-137» -> поиск нуклида
    ок: «137CS» -> поиск нуклида
    ок: «Th232» -> поиск нуклида
    ок: «Zz» -> поиск нуклида
    ок: «» -> поиск нуклида

=== Линии из базы
    ок: линий у вольфрама = 3
    ок: W Kα1 = 59.3182
    ок: W Kα2 = 57.981
    ок: W Kβ = 68.117
    ок: метка Kα1 = «KA1»
    ок: сумма долей K-серии, % = 100
    ок: Kα1 сильнее Kα2 (50.1 против 28.8 %)
    ок: линий у свинца = 3
    ок: Pb Kα1 = 74.9693
    ок: в окне 59-70 кэВ = 2
    ок: линий у железа (Z=26, `fluorescence_k`) = 3
    ок: Fe Kα1 = 6.4052

=== Подпись определения
    ок: подпись = «W x-ray»
    ок: подпись читается как элемент, а не нуклид
    ок: «Cs-137» — нуклид
    ок: «Cs137» — нуклид
    ок: «137CS» — нуклид
    ок: «Bi-214 (Ra-226)» — нуклид
    ок: «Pa-234m1» — нуклид
    ок: «X-ray» — рентген
    ок: период у рентгена, лет = 0
    ок: период 5.75(Y) = 5.75
    ок: мусор в ячейке = 0

=== В разложении — мешающий образ
    ок: линий вольфрама в образе = 3
    ок: вольфрам — мешающий образ со свободной амплитудой
    ок: нуклид рядом остался нуклидом
    ок: без выходов взят встроенный образ, тоже мешающий
    ок: «W x-ray» -> Xray-W
    ок: «Pb x-ray» -> Xray-Pb
    ок: «X-ray» не подставляет ничего
    ок: «x-rays» не подставляет ничего
    ок: «Low Bremsstrahlung x-rays» не подставляет ничего

ВСЕ СОШЛИСЬ
