Расхождение двух матриц (T43)
  A: G1S_point5.rmx
  B: G1S_point5.rmx
  клейма одинаковые
  отпечаток тела (SHA-256 сетки и строк):
     A: 63dbaa9b5b01aef0…  сходится с записанным
     B: 63dbaa9b5b01aef0…  сходится с записанным
  ТЕЛА ТОЖДЕСТВЕННЫ (побайтно, по отпечатку)

узлов пустых и пропущенных: 4 из 140 (у обеих матриц строка нулевой длины)
расхождение по 136 узлам, % (медиана / худший):
   пик       : 0.000 / 0.000   (узел 4, 6 кэВ)
   сумма     : 0.000 / 0.000   (узел 4, 6 кэВ)
   форма, L1 : 0.00  / 0.00    (узел 4, 6 кэВ)

ФОРМА БЕЗ МАСШТАБА (строки приведены к единичной сумме):
   L1        : 0.00  / 0.00    (узел 4, 6 кэВ)
   доля пика : A 0.8290, B 0.8290  (медиана по узлам; отношение B/A 1.0000)

СМЕЩЕНИЕ B относительно A, % (среднее по узлам ± ошибка среднего):
   пик       :   0.000 ± 0.000   — ноль в пределах ошибки
   сумма     :   0.000 ± 0.000   — ноль в пределах ошибки

⚠ сравнивать ЭТИ числа надо с такими же для двух зёрен одного кода
