=== СБОРКА ===
  C:\Users\moroz\source\repos\BQ Eng res .NET 4.8\tools\effmaker\probes\build_p170b\BecquerelMonitor.exe
  собрана 2026-09-28 18:39:06

=== ШКАЛА C:\Users\moroz\source\repos\BQ Eng res .NET 4.8\tools\CORPUS\n42\AS80_Th232_v2.n42@su ===
  каналов 8192, [-16.97436176062152, 0.3677058589249782, 4.839688472202397E-07]
  E(ch):  0=-16.97436176062152  2048=738.11714978950511  4096=1497.2684862831741  6144=2260.4796477203859  8191=3027.3749993805909

=== ШКАЛА C:\Users\moroz\source\repos\BQ Eng res .NET 4.8\tools\CORPUS\n42\AS80_Th232_v2.n42@n42 ===
  каналов 8192, [-16.97436257180442, 0.36770586086918733, 4.8396882124150659E-07]
  E(ch):  0=-16.97436257180442  2048=738.11715285109972  4096=1497.268492999621  6144=2260.4796578737592  8191=3027.3750127514472

=== ШКАЛА C:\Users\moroz\source\repos\BQ Eng res .NET 4.8\tools\CORPUS\n42\ASN16_Cs137.n42@su ===
  каналов 8192, [-6.5112766509052094, 0.38054551291666744, 5.2313836945158667E-06, 1.6120147277036596E-12, -2.5971869918378285E-14]
  E(ch):  0=-6.5112766509052094  2048=794.34489249141927  4096=1632.771543805706  6144=2492.4032890674721  8191=3345.4996193469574

=== ШКАЛА C:\Users\moroz\source\repos\BQ Eng res .NET 4.8\tools\CORPUS\n42\ASN16_Cs137.n42@n42 ===
  каналов 8192, [-6.5112764282237743, 0.38054550184190727, 5.2313838460535109E-06, 1.6120147132088457E-12, -2.59718690956661E-14]
  E(ch):  0=-6.5112764282237743  2048=794.34487068293549  4096=1632.7715014391267  6144=2492.4032281361574  8191=3345.4995427187068

=== ШКАЛА C:\Users\moroz\source\repos\BQ Eng res .NET 4.8\tools\CORPUS\n42\ASN3_Tile.n42@su ===
  каналов 2500, [-4.215809956232988, 1.1828899977990659, 5.5968601373024285E-05]
  E(ch):  0=-4.215809956232988  625=756.95317357952081  1250=1561.8476269379498  1875=2410.4675501190541  2499=3301.3502660867707

=== ШКАЛА C:\Users\moroz\source\repos\BQ Eng res .NET 4.8\tools\CORPUS\n42\ASN3_Tile.n42@n42 ===
  каналов 2500, [-4.2158099999999994, 1.18289, 5.59686E-05]
  E(ch):  0=-4.2158099999999994  625=756.95317437499989  1250=1561.8476275  1875=2410.4675493749996  2499=3301.3502629685995

=== ШКАЛА C:\Users\moroz\source\repos\BQ Eng res .NET 4.8\tools\CORPUS\n42\ASN8_Th232_2048.n42@su ===
  каналов 2048, [-9.1307699885428519, 1.4678700341937656, 5.6900000345194712E-05]
  E(ch):  0=-9.1307699885428519  512=757.33468120915586  1024=1553.632119787836  1536=2379.7615457474976  2047=3234.0220835525333

=== ШКАЛА C:\Users\moroz\source\repos\BQ Eng res .NET 4.8\tools\CORPUS\n42\ASN8_Th232_2048.n42@n42 ===
  каналов 2048, [-9.1307700000000018, 1.46787, 5.69E-05]
  E(ch):  0=-9.1307700000000018  512=757.3346636  1024=1553.6320844  1536=2379.7614924  2047=3234.0220120999998

=== ШКАЛА C:\Users\moroz\source\repos\BQ Eng res .NET 4.8\tools\CORPUS\n42\ASN8_Th232_4096.n42@su ===
  каналов 4096, [-9.0455198704703434, 0.73365898152042064, 1.3900000340072438E-05]
  E(ch):  0=-9.0455198704703434  1024=756.79648396303219  2048=1551.7889013097183  3072=2375.931732169588  4095=3228.3774626583354

=== ШКАЛА C:\Users\moroz\source\repos\BQ Eng res .NET 4.8\tools\CORPUS\n42\ASN8_Th232_4096.n42@n42 ===
  каналов 4096, [-9.04552, 0.733659, 1.39E-05]
  E(ch):  0=-9.04552  1024=756.79650239999989  2048=1551.7889376  3072=2375.9317856  4095=3228.3775324999997

=== ШКАЛА C:\Users\moroz\source\repos\BQ Eng res .NET 4.8\tools\CORPUS\n42\G1S16_Cs137_Mar_2.n42@su ===
  каналов 1024, [-21.39960765838623, 3.0051212310791016]
  E(ch):  0=-21.39960765838623  256=747.91142749786377  512=1517.2224626541138  768=2286.5334978103638  1023=3052.8394117355347

=== ШКАЛА C:\Users\moroz\source\repos\BQ Eng res .NET 4.8\tools\CORPUS\n42\G1S16_Cs137_Mar_2.n42@n42 ===
  каналов 1024, [-21.399607705342952, 3.0051211347290727]
  E(ch):  0=-21.399607705342952  256=747.91140278529963  512=1517.2224132759422  768=2286.5334237665847  1023=3052.8393131224984

=== ШКАЛА C:\Users\moroz\source\repos\BQ Eng res .NET 4.8\tools\CORPUS\n42\G1S16_Eu152_P25.n42@su ===
  каналов 1024, [-7.7154903017513305, 2.8419593200203224, 0.00043139227767596822, -3.0309126941574505E-07]
  E(ch):  0=-7.7154903017513305  256=743.01279223852134  512=1519.7743572301256  768=2292.0590385048486  1023=3026.584162481523

=== ШКАЛА C:\Users\moroz\source\repos\BQ Eng res .NET 4.8\tools\CORPUS\n42\G1S16_Eu152_P25.n42@n42 ===
  каналов 1024, [-7.7154904625375185, 2.8419593319679843, 0.000431392281178662, -3.0309127783622811E-07]
  E(ch):  0=-7.7154904625375185  256=743.01279522461687  512=1519.7743629745744  768=2292.0590457714884  1023=3026.5841691939027

=== ШКАЛА C:\Users\moroz\source\repos\BQ Eng res .NET 4.8\tools\CORPUS\n42\G1S24_Cs137_P5.n42@su ===
  каналов 1024, [-2.9511003405389746, 2.736064472839931, 0.000759650190483796, -9.4035202535813767E-07, 3.6533898128965347E-10]
  E(ch):  0=-2.9511003405389746  256=733.05846952115144  512=1495.9456405494107  768=2247.539761628761  1023=2984.4263505856238

=== ШКАЛА C:\Users\moroz\source\repos\BQ Eng res .NET 4.8\tools\CORPUS\n42\G1S24_Cs137_P5.n42@n42 ===
  каналов 1024, [-2.9511002957757673, 2.736064540559362, 0.00075965020677036727, -9.4035202499888114E-07, 3.6533896771468382E-10]
  E(ch):  0=-2.9511002957757673  256=733.058487917169  512=1495.9456786513031  768=2247.5398187283681  1023=2984.4264224687363

=== ШКАЛА C:\Users\moroz\source\repos\BQ Eng res .NET 4.8\tools\CORPUS\n42\GS4000_Th232.n42@su ===
  каналов 4000, [-11.840103720123807, 0.95285449625953333, 2.2035856090951711E-05]
  E(ch):  0=-11.840103720123807  1000=963.05024863036124  2000=1982.0123131627497  3000=3045.0460898770416  3999=4151.0224594641059

=== ШКАЛА C:\Users\moroz\source\repos\BQ Eng res .NET 4.8\tools\CORPUS\n42\GS4000_Th232.n42@n42 ===
  каналов 4000, [-11.840103850123015, 0.95285450415496575, 2.2035856169504791E-05]
  E(ch):  0=-11.840103850123015  1000=963.05025647434752  2000=1982.0123291378275  3000=3045.0461141403175  3999=4151.022492164162

=== ШКАЛА C:\Users\moroz\source\repos\BQ Eng res .NET 4.8\tools\CORPUS\n42\HPGE_Uranium.n42@su ===
  каналов 16384, [0.089977067181728765, 0.16567992319933078, -5.3142795693530975E-08, 2.6427922350524824E-12]
  E(ch):  0=0.089977067181728765  4096=678.00496562896114  8192=1355.2264456634407  12288=1355.2264456634407  16383=1355.2264456634407

=== ШКАЛА C:\Users\moroz\source\repos\BQ Eng res .NET 4.8\tools\CORPUS\n42\HPGE_Uranium.n42@n42 ===
  каналов 16384, [0.08997706997783432, 0.16567992877252352, -5.3142794422957838E-08, 2.6427923239389591E-12]
  E(ch):  0=0.08997706997783432  4096=678.00498848697964  8192=1355.2264914559642  12288=2032.84415381067  16383=2711.7815766584149

=== ШКАЛА C:\Users\moroz\source\repos\BQ Eng res .NET 4.8\tools\CORPUS\n42\OBS_UGlass.n42@su ===
  каналов 1024, [-27.010357114596125, 2.4665905354674944, -0.00063303851130797062, 9.4211224377360736E-08, 7.6125805659188472E-10]
  E(ch):  0=-27.010357114596125  256=567.80018860588541  512=1134.8948213345304  768=1801.4619778849917  1023=2768.4283516167593

=== ШКАЛА C:\Users\moroz\source\repos\BQ Eng res .NET 4.8\tools\CORPUS\n42\OBS_UGlass.n42@n42 ===
  каналов 1024, [-27.010357841455228, 2.4665904515956605, -0.00063303852267735782, 9.4211222007168328E-08, 7.6125808415750224E-10]
  E(ch):  0=-27.010357841455228  256=567.80016574136084  512=1134.8947762610487  768=1801.4619145548329  1023=2768.4282808435914

=== ШКАЛА C:\Users\moroz\source\repos\BQ Eng res .NET 4.8\tools\CORPUS\n42\RC103_K40.n42@su ===
  каналов 1024, [-11.623518892074152, 2.7283922601503168, -0.0014239129260950056, 3.5291179822927177E-06, -2.0769415076671294E-09]
  E(ch):  0=-11.623518892074152  256=643.81572100911853  512=1342.9869520157476  768=2120.0085715573987  1023=2792.9123641751994

=== ШКАЛА C:\Users\moroz\source\repos\BQ Eng res .NET 4.8\tools\CORPUS\n42\RC103_K40.n42@n42 ===
  каналов 1024, [-11.6235192079577, 2.72839232909273, -0.0014239129320670102, 3.52911793776824E-06, -2.07694161286248E-09]
  E(ch):  0=-11.6235192079577  256=643.81573675230413  512=1342.9869722279107  768=2120.0085639012859  1023=2792.9122652572978

=== ШКАЛА D:\BqMoni_Claude\p170\files\p170_16384.spe@su ===
  каналов 16384, [-3, 0.18000000715255737, 1.0000000116860974E-07]
  E(ch):  0=-3  4096=735.957750916481  8192=1478.2709450721741  12288=1478.2709450721741  16383=1478.2709450721741

=== ШКАЛА D:\BqMoni_Claude\p170\files\p170_16384_specutils.csv@su ===
  каналов 16384, [-3.0899099207194922, 0.17999976429204009, 1.0005472849041806E-07, -5.1266653749729375E-15, 1.4665935137170631E-19]
  E(ch):  0=-3.0899099207194922  4096=735.86745339035735  8192=1478.1805604073977  12288=1478.1805604073977  16383=1478.1805604073977

=== ШКАЛА D:\BqMoni_Claude\p170\files\p170_specutils_edges.csv@su ===
  каналов 1024, [-4.4902489319465531, 2.4643202767949135, 0.00034174167109019503, -4.8530256328112013E-12, 7.5383209037819045E-16]
  E(ch):  0=-4.4902489319465531  256=648.77204590154315  512=1346.8266618541898  768=2089.6732269610675  1023=2874.1475935026051

=== ШКАЛА D:\BqMoni_Claude\p170\files\p170_own_ecsv.csv@su ===
  каналов 1024, [-3.2580432690233465, 2.4646629067141528, 0.00034173639066552021, 2.64352939394513E-13, -2.4901377370816556E-16]
  E(ch):  0=-3.2580432690233465  256=650.09170031405563  512=1348.2335277319996  768=2091.1674270932303  1023=2875.7291637767885


ЗАМЕР СНЯТ.
