start 14.09.2026 13:00:40,50 cwd=C:\Users\moroz\source\repos\BQ Eng res .NET 4.8\tools\effmaker\probes\build_p59 
Матрицы отклика понятной части корпуса (B1)
сетка: 140 узлов 5-3000 кэВ, бин 2 кэВ, 3000000 историй на узел
останов по шуму ВЫКЛЮЧЕН — плоский счёт (T35)

== ASN16_rn_front ==
   клеймо   : phys=18;a620608457722cd7a6e216b80ea9b6ca1ec3c369cfc9b3048f3cc803f849c9b3
   время    : 249.1 с на часах, ядер 9.8 из 10
   счёт     : 2448.7 с ЦП, 5.83 мкс на историю  <- сравнивать надо ЭТО
   сетка κ  : 200000 точек по 2 истории — в «мкс на историю» НЕ входят (замер узлов — с --jnodes=0)
   обход    : на историю 11.2 шага границ, 11.7 поиска области, 6.5 интерполяции μ, 3.06 сбора пересечений
   шум конт.: взвешенная 1.20 %  тихо
   файл     : D:\BqMoni_Claude\p59\store\ASN16_rn_front.rmx (0.6 МБ)

== ASN16_rn_front_r010 ==
   клеймо   : phys=18;b17dc12c2b6f06b4942834f9aec57fc82fe4a57940305544f5f98c82960e893e
   время    : 243.6 с на часах, ядер 9.8 из 10
   счёт     : 2395.0 с ЦП, 5.70 мкс на историю  <- сравнивать надо ЭТО
   сетка κ  : 200000 точек по 2 истории — в «мкс на историю» НЕ входят (замер узлов — с --jnodes=0)
   обход    : на историю 11.2 шага границ, 11.7 поиска области, 6.5 интерполяции μ, 3.05 сбора пересечений
   шум конт.: взвешенная 1.22 %  тихо
   файл     : D:\BqMoni_Claude\p59\store\ASN16_rn_front_r010.rmx (0.6 МБ)

== ASN16_rn_front_r025 ==
   клеймо   : phys=18;4d4f6853e204f855c94a27b38d97ebec8c14cb24621e49117d5c795d97e54f78
   время    : 243.9 с на часах, ядер 9.8 из 10
   счёт     : 2398.0 с ЦП, 5.71 мкс на историю  <- сравнивать надо ЭТО
   сетка κ  : 200000 точек по 2 истории — в «мкс на историю» НЕ входят (замер узлов — с --jnodes=0)
   обход    : на историю 11.1 шага границ, 11.6 поиска области, 6.4 интерполяции μ, 3.07 сбора пересечений
   шум конт.: взвешенная 1.17 %  тихо
   файл     : D:\BqMoni_Claude\p59\store\ASN16_rn_front_r025.rmx (0.6 МБ)

== ASN16_rn_side ==
   клеймо   : phys=18;d3bf63dd6a6e7b57295847bda5526bda12c82bdd7d975e239f2227cc00515851
   время    : 224.3 с на часах, ядер 9.9 из 10
   счёт     : 2212.1 с ЦП, 5.27 мкс на историю  <- сравнивать надо ЭТО
   сетка κ  : 200000 точек по 2 истории — в «мкс на историю» НЕ входят (замер узлов — с --jnodes=0)
   обход    : на историю 10.3 шага границ, 10.7 поиска области, 5.2 интерполяции μ, 3.08 сбора пересечений
   шум конт.: взвешенная 0.83 %  тихо
   файл     : D:\BqMoni_Claude\p59\store\ASN16_rn_side.rmx (0.6 МБ)

== ASN16_rn_side_r010 ==
   клеймо   : phys=18;70205ae4666f22b44b2013e1ae85e9bcd54ccc953c8036d04c81c61053df7a38
   время    : 222.5 с на часах, ядер 9.9 из 10
   счёт     : 2194.8 с ЦП, 5.23 мкс на историю  <- сравнивать надо ЭТО
   сетка κ  : 200000 точек по 2 истории — в «мкс на историю» НЕ входят (замер узлов — с --jnodes=0)
   обход    : на историю 10.3 шага границ, 10.7 поиска области, 5.2 интерполяции μ, 3.07 сбора пересечений
   шум конт.: взвешенная 0.84 %  тихо
   файл     : D:\BqMoni_Claude\p59\store\ASN16_rn_side_r010.rmx (0.6 МБ)

== ASN16_rn_side_r025 ==
   клеймо   : phys=18;d1ac1227bb2abbb10232258f74410fb51e333db22aedbb20e967f390616c63b0
   время    : 224.8 с на часах, ядер 9.9 из 10
   счёт     : 2215.9 с ЦП, 5.28 мкс на историю  <- сравнивать надо ЭТО
   сетка κ  : 200000 точек по 2 истории — в «мкс на историю» НЕ входят (замер узлов — с --jnodes=0)
   обход    : на историю 10.3 шага границ, 10.7 поиска области, 5.2 интерполяции μ, 3.10 сбора пересечений
   шум конт.: взвешенная 0.81 %  тихо
   файл     : D:\BqMoni_Claude\p59\store\ASN16_rn_side_r025.rmx (0.6 МБ)

матриц: 6 — посчитано 6, пропущено 0 (клеймо сошлось); всего 23.5 мин
пересчитаны ВСЕ — значит изменилась картина целиком (версия физики или параметры расчёта)
ВСЕ СОШЛИСЬ
EXIT=0 end 14.09.2026 13:24:08,91 
