каталог проб: C:\Users\moroz\source\repos\BQ Eng res .NET 4.8\tools\effmaker\probes\build (заверен 2026-09-28 23:12:55 из C:\Users\moroz\source\repos\BQ Eng res .NET 4.8\BecquerelMonitor\bin\Debug_Codex)
  ⚠ сверено: набор приложения ba5cd656dd4b (551 файлов), набор FsaStackShot 754d7f2b4b58 (6 файлов), sha двух exe
свежесть каталога проб: сошлась с деревом (T226, 1.9 с)
рабочий каталог: C:\Users\moroz\source\repos\BQ Eng res .NET 4.8\tools\fsa_showcase\wd (скопировано 264, снято 0; приборов 3, матриц 4)
прогон FsaStackShot (5 спектров, 9 пар):
  ASN16_Cs137_house / infer_eq: 4.4 с
  ASN16_Cs137_house / infer_eq_peak: 4.5 с
  ASN16_Cs137_house / infer_eq_compton: 4.0 с
  AS80_Th232_disk / infer_eq: 6.2 с
  ASN16_Radon_filter2 / chain_eq: 6.9 с
  ASN16_Radon_filter2 / chain_noeq: 7.1 с
  G1S24_Rn222Coal_eq01 / sample_eq: 4.4 с
  G1S24_Rn222Coal_eq01 / sample_noeq: 3.8 с
  ASN16_Cs137_10cm / sample_nomatrix: 1.5 с

⛔ КАРТИНКА ИЗМЕНИЛАСЬ: ASN16_Cs137_house / infer_eq — 116 расхождений (допуск rel 1e-09, abs 1e-06; эталон объявлен 2026-09-28 21:25)
  спектр                 режим          полоса           компонент                                  было              стало              Δ
  ASN16_Cs137_house      infer_eq       0-30 кэВ         Backscatter                         1455439.684        1424106.846 -31332.838 (-2.15 %)
  ASN16_Cs137_house      infer_eq       0-30 кэВ         Cs-137                             17156000.648       17947291.238 791290.590 (+4.61 %)
  ASN16_Cs137_house      infer_eq       0-30 кэВ         Xray-Pb                               24067.354          98322.775 74255.421 (+308.53 %)
  ASN16_Cs137_house      infer_eq       0-30 кэВ         Xray-Pb-L                           1221463.384        1166338.018 -55125.366 (-4.51 %)
  ASN16_Cs137_house      infer_eq       0-30 кэВ         continuum_raw                         51182.201          20433.640 -30748.561 (-60.08 %)
  ASN16_Cs137_house      infer_eq       0-30 кэВ         excess_fit                          1891395.343        2663213.674 771818.331 (+40.81 %)
  ASN16_Cs137_house      infer_eq       0-30 кэВ         excess_net                          1891395.343        2663213.674 771818.331 (+40.81 %)
  ASN16_Cs137_house      infer_eq       0-30 кэВ         missing_fit                          816457.262         809233.581 -7223.681 (-0.88 %)
  ASN16_Cs137_house      infer_eq       0-30 кэВ         missing_net                          816457.262         809233.581 -7223.681 (-0.88 %)
  ASN16_Cs137_house      infer_eq       0-30 кэВ         model                              19857046.514       20636088.526 779042.012 (+3.92 %)
  ASN16_Cs137_house      infer_eq       0-30 кэВ         pile-up                                  75.456             29.647 -45.809 (-60.71 %)
  ASN16_Cs137_house      infer_eq       0-30 кэВ         tail                                1904537.812        2109759.438 205221.626 (+10.78 %)
  ASN16_Cs137_house      infer_eq       30-100 кэВ       Backscatter                          272881.653         286880.192 13998.539 (+5.13 %)
  ASN16_Cs137_house      infer_eq       30-100 кэВ       Cs-137                             38071688.416       37256051.890 -815636.526 (-2.14 %)
  ASN16_Cs137_house      infer_eq       30-100 кэВ       Xray-Pb                             1732463.313        2174910.657 442447.344 (+25.54 %)
  ASN16_Cs137_house      infer_eq       30-100 кэВ       continuum_raw                       1512885.623        1095698.228 -417187.395 (-27.58 %)
  ASN16_Cs137_house      infer_eq       30-100 кэВ       excess_fit                           640153.348         305344.382 -334808.966 (-52.30 %)
  ASN16_Cs137_house      infer_eq       30-100 кэВ       excess_net                           640153.348         305344.382 -334808.966 (-52.30 %)
  ASN16_Cs137_house      infer_eq       30-100 кэВ       missing_fit                          469154.004         494285.306 25131.302 (+5.36 %)
  ASN16_Cs137_house      infer_eq       30-100 кэВ       missing_net                          469154.004         494285.306 25131.302 (+5.36 %)
  ASN16_Cs137_house      infer_eq       30-100 кэВ       model                              40079714.015       39719773.747 -359940.268 (-0.90 %)
  ASN16_Cs137_house      infer_eq       30-100 кэВ       pile-up                                2680.647           1930.998 -749.649 (-27.97 %)
  ASN16_Cs137_house      infer_eq       30-100 кэВ       tail                               11905929.692       13274367.816 1368438.124 (+11.49 %)
  ASN16_Cs137_house      infer_eq       100-300 кэВ      Backscatter                         6437079.036        6425053.292 -12025.744 (-0.19 %)
  ASN16_Cs137_house      infer_eq       100-300 кэВ      Cs-137                             65943304.350       65857922.551 -85381.799 (-0.13 %)
  ASN16_Cs137_house      infer_eq       100-300 кэВ      Xray-Pb                                3916.487           3644.155 -272.332 (-6.95 %)
  ASN16_Cs137_house      infer_eq       100-300 кэВ      continuum_raw                       7462095.981        7345633.218 -116462.763 (-1.56 %)
  ASN16_Cs137_house      infer_eq       100-300 кэВ      excess_fit                           817677.435         769646.219 -48031.216 (-5.87 %)
  ASN16_Cs137_house      infer_eq       100-300 кэВ      excess_net                           817677.435         769646.219 -48031.216 (-5.87 %)
  ASN16_Cs137_house      infer_eq       100-300 кэВ      missing_fit                         1431213.973        1481364.644 50150.671 (+3.50 %)
  ASN16_Cs137_house      infer_eq       100-300 кэВ      missing_net                         1431213.973        1481364.644 50150.671 (+3.50 %)
  ASN16_Cs137_house      infer_eq       100-300 кэВ      model                              72400702.360       72302520.473 -98181.887 (-0.14 %)
  ASN16_Cs137_house      infer_eq       100-300 кэВ      pile-up                               16402.491          15900.455 -502.036 (-3.06 %)
  ASN16_Cs137_house      infer_eq       100-300 кэВ      tail                                 214171.667         237976.602 23804.935 (+11.11 %)
  ASN16_Cs137_house      infer_eq       300-700 кэВ      Cs-137                            112149624.710      112285661.799 136037.089 (+0.12 %)
  ASN16_Cs137_house      infer_eq       300-700 кэВ      continuum_raw                        427000.420         442747.814 15747.394 (+3.69 %)
  ASN16_Cs137_house      infer_eq       300-700 кэВ      excess_fit                          1669004.949        1761494.905 92489.956 (+5.54 %)
  ASN16_Cs137_house      infer_eq       300-700 кэВ      excess_net                          1669004.949        1761494.905 92489.956 (+5.54 %)
  ASN16_Cs137_house      infer_eq       300-700 кэВ      missing_fit                         5726974.580        5684653.740 -42320.840 (-0.74 %)
  ASN16_Cs137_house      infer_eq       300-700 кэВ      missing_net                         5726974.580        5684653.740 -42320.840 (-0.74 %)
  ASN16_Cs137_house      infer_eq       300-700 кэВ      model                             112223629.025      112358439.821 134810.796 (+0.12 %)
  ASN16_Cs137_house      infer_eq       300-700 кэВ      pile-up                               74004.315          72778.015 -1226.300 (-1.66 %)
  ASN16_Cs137_house      infer_eq       700-1500 кэВ     Cs-137                               370234.330         393234.754 23000.424 (+6.21 %)
  ASN16_Cs137_house      infer_eq       700-1500 кэВ     continuum_raw                        494400.176         496301.758 1901.582 (+0.38 %)
  ASN16_Cs137_house      infer_eq       700-1500 кэВ     excess_fit                            49358.382          48826.244 -532.138 (-1.08 %)
  ASN16_Cs137_house      infer_eq       700-1500 кэВ     excess_net                            48298.587          47766.449 -532.138 (-1.10 %)
  ASN16_Cs137_house      infer_eq       700-1500 кэВ     missing_fit                          159306.536         138204.455 -21102.081 (-13.25 %)
  ASN16_Cs137_house      infer_eq       700-1500 кэВ     missing_net                          159306.536         138204.455 -21102.081 (-13.25 %)
  ASN16_Cs137_house      infer_eq       700-1500 кэВ     model                               1120491.808        1141061.751 20569.943 (+1.84 %)
  ASN16_Cs137_house      infer_eq       700-1500 кэВ     pile-up                              750257.461         747826.974 -2430.487 (-0.32 %)
  ASN16_Cs137_house      infer_eq       1500-3000 кэВ    continuum_raw                          3802.202           3806.936 4.734 (+0.12 %)
  ASN16_Cs137_house      infer_eq       1500-3000 кэВ    excess_fit                             7133.353           7131.285 -2.068 (-0.03 %)
  ASN16_Cs137_house      infer_eq       1500-3000 кэВ    excess_net                             2493.769           2491.701 -2.068 (-0.08 %)
  ASN16_Cs137_house      infer_eq       1500-3000 кэВ    missing_fit                            4600.910           4605.170 4.260 (+0.09 %)
  ASN16_Cs137_house      infer_eq       1500-3000 кэВ    missing_net                            4600.910           4605.170 4.260 (+0.09 %)
  ASN16_Cs137_house      infer_eq       1500-3000 кэВ    model                                  4835.278           4828.950 -6.328 (-0.13 %)
  ASN16_Cs137_house      infer_eq       1500-3000 кэВ    pile-up                                4835.278           4828.950 -6.328 (-0.13 %)
  ASN16_Cs137_house      infer_eq       rates component  Backscatter.count_rate                    1.938              1.935 -0.003 (-0.17 %)
  ASN16_Cs137_house      infer_eq       rates component  Backscatter.peak_counts             7929682.190        7916396.654 -13285.535 (-0.17 %)
  ASN16_Cs137_house      infer_eq       rates component  Backscatter.share_pct                     3.323              3.305 -0.018 (-0.55 %)
  … и ещё 56 строк

⛔ КАРТИНКА ИЗМЕНИЛАСЬ: ASN16_Cs137_house / infer_eq_peak — 106 расхождений (допуск rel 1e-09, abs 1e-06; эталон объявлен 2026-09-28 21:25)
  спектр                 режим          полоса           компонент                                  было              стало              Δ
  ASN16_Cs137_house      infer_eq_peak  0-30 кэВ         Cs-137                              9313007.333       10024322.989 711315.656 (+7.64 %)
  ASN16_Cs137_house      infer_eq_peak  0-30 кэВ         Xray-Pb                                   0.643              0.631 -0.012 (-1.87 %)
  ASN16_Cs137_house      infer_eq_peak  0-30 кэВ         Xray-Pb-L                           1196916.979        1142811.278 -54105.701 (-4.52 %)
  ASN16_Cs137_house      infer_eq_peak  0-30 кэВ         continuum_raw                         51182.201          20433.640 -30748.561 (-60.08 %)
  ASN16_Cs137_house      infer_eq_peak  0-30 кэВ         excess_fit                          1891395.343        2663213.674 771818.331 (+40.81 %)
  ASN16_Cs137_house      infer_eq_peak  0-30 кэВ         excess_net                          1891395.343        2663213.674 771818.331 (+40.81 %)
  ASN16_Cs137_house      infer_eq_peak  0-30 кэВ         missing_fit                          816457.262         809233.581 -7223.681 (-0.88 %)
  ASN16_Cs137_house      infer_eq_peak  0-30 кэВ         missing_net                          816457.262         809233.581 -7223.681 (-0.88 %)
  ASN16_Cs137_house      infer_eq_peak  0-30 кэВ         model                              19857046.514       20636088.526 779042.012 (+3.92 %)
  ASN16_Cs137_house      infer_eq_peak  0-30 кэВ         tail                                1904537.812        2109759.438 205221.626 (+10.78 %)
  ASN16_Cs137_house      infer_eq_peak  30-100 кэВ       Cs-137                             15343633.994       14644762.344 -698871.650 (-4.55 %)
  ASN16_Cs137_house      infer_eq_peak  30-100 кэВ       Xray-Pb                             1333809.225        1281496.270 -52312.955 (-3.92 %)
  ASN16_Cs137_house      infer_eq_peak  30-100 кэВ       continuum_raw                       1512885.623        1095698.228 -417187.395 (-27.58 %)
  ASN16_Cs137_house      infer_eq_peak  30-100 кэВ       excess_fit                           640153.348         305344.382 -334808.966 (-52.30 %)
  ASN16_Cs137_house      infer_eq_peak  30-100 кэВ       excess_net                           640153.348         305344.382 -334808.966 (-52.30 %)
  ASN16_Cs137_house      infer_eq_peak  30-100 кэВ       missing_fit                          469154.004         494285.306 25131.302 (+5.36 %)
  ASN16_Cs137_house      infer_eq_peak  30-100 кэВ       missing_net                          469154.004         494285.306 25131.302 (+5.36 %)
  ASN16_Cs137_house      infer_eq_peak  30-100 кэВ       model                              40079714.015       39719773.747 -359940.268 (-0.90 %)
  ASN16_Cs137_house      infer_eq_peak  30-100 кэВ       tail                               11905929.692       13274367.816 1368438.124 (+11.49 %)
  ASN16_Cs137_house      infer_eq_peak  100-300 кэВ      Xray-Pb                                3862.817           3592.441 -270.376 (-7.00 %)
  ASN16_Cs137_house      infer_eq_peak  100-300 кэВ      continuum_raw                       7462095.981        7345633.218 -116462.763 (-1.56 %)
  ASN16_Cs137_house      infer_eq_peak  100-300 кэВ      excess_fit                           817677.435         769646.219 -48031.216 (-5.87 %)
  ASN16_Cs137_house      infer_eq_peak  100-300 кэВ      excess_net                           817677.435         769646.219 -48031.216 (-5.87 %)
  ASN16_Cs137_house      infer_eq_peak  100-300 кэВ      missing_fit                         1431213.973        1481364.644 50150.671 (+3.50 %)
  ASN16_Cs137_house      infer_eq_peak  100-300 кэВ      missing_net                         1431213.973        1481364.644 50150.671 (+3.50 %)
  ASN16_Cs137_house      infer_eq_peak  100-300 кэВ      model                              72400702.360       72302520.473 -98181.887 (-0.14 %)
  ASN16_Cs137_house      infer_eq_peak  100-300 кэВ      tail                                 214171.667         237976.602 23804.935 (+11.11 %)
  ASN16_Cs137_house      infer_eq_peak  300-700 кэВ      Cs-137                             59713626.788       59722638.928 9012.140 (+0.02 %)
  ASN16_Cs137_house      infer_eq_peak  300-700 кэВ      continuum_raw                        427000.420         442747.814 15747.394 (+3.69 %)
  ASN16_Cs137_house      infer_eq_peak  300-700 кэВ      excess_fit                          1669004.949        1761494.905 92489.956 (+5.54 %)
  ASN16_Cs137_house      infer_eq_peak  300-700 кэВ      excess_net                          1669004.949        1761494.905 92489.956 (+5.54 %)
  ASN16_Cs137_house      infer_eq_peak  300-700 кэВ      missing_fit                         5726974.580        5684653.740 -42320.840 (-0.74 %)
  ASN16_Cs137_house      infer_eq_peak  300-700 кэВ      missing_net                         5726974.580        5684653.740 -42320.840 (-0.74 %)
  ASN16_Cs137_house      infer_eq_peak  300-700 кэВ      model                             112223629.025      112358439.821 134810.796 (+0.12 %)
  ASN16_Cs137_house      infer_eq_peak  700-1500 кэВ     Cs-137                               355214.225         377366.629 22152.404 (+6.24 %)
  ASN16_Cs137_house      infer_eq_peak  700-1500 кэВ     continuum_raw                        494400.176         496301.758 1901.582 (+0.38 %)
  ASN16_Cs137_house      infer_eq_peak  700-1500 кэВ     excess_fit                            49358.382          48826.244 -532.138 (-1.08 %)
  ASN16_Cs137_house      infer_eq_peak  700-1500 кэВ     excess_net                            48298.587          47766.449 -532.138 (-1.10 %)
  ASN16_Cs137_house      infer_eq_peak  700-1500 кэВ     missing_fit                          159306.536         138204.455 -21102.081 (-13.25 %)
  ASN16_Cs137_house      infer_eq_peak  700-1500 кэВ     missing_net                          159306.536         138204.455 -21102.081 (-13.25 %)
  ASN16_Cs137_house      infer_eq_peak  700-1500 кэВ     model                               1120491.808        1141061.751 20569.943 (+1.84 %)
  ASN16_Cs137_house      infer_eq_peak  1500-3000 кэВ    continuum_raw                          3802.202           3806.936 4.734 (+0.12 %)
  ASN16_Cs137_house      infer_eq_peak  1500-3000 кэВ    excess_fit                             7133.353           7131.285 -2.068 (-0.03 %)
  ASN16_Cs137_house      infer_eq_peak  1500-3000 кэВ    excess_net                             2493.769           2491.701 -2.068 (-0.08 %)
  ASN16_Cs137_house      infer_eq_peak  1500-3000 кэВ    missing_fit                            4600.910           4605.170 4.260 (+0.09 %)
  ASN16_Cs137_house      infer_eq_peak  1500-3000 кэВ    missing_net                            4600.910           4605.170 4.260 (+0.09 %)
  ASN16_Cs137_house      infer_eq_peak  1500-3000 кэВ    model                                  4835.278           4828.950 -6.328 (-0.13 %)
  ASN16_Cs137_house      infer_eq_peak  rates component  Backscatter.count_rate                    1.938              1.935 -0.003 (-0.17 %)
  ASN16_Cs137_house      infer_eq_peak  rates component  Backscatter.peak_counts             7929682.190        7916396.654 -13285.535 (-0.17 %)
  ASN16_Cs137_house      infer_eq_peak  rates component  Backscatter.share_pct                     3.323              3.305 -0.018 (-0.55 %)
  ASN16_Cs137_house      infer_eq_peak  rates component  Backscatter.z                           101.225             97.495 -3.729 (-3.68 %)
  ASN16_Cs137_house      infer_eq_peak  rates component  Cs-137.count_rate                      6677.254           6680.520 3.266 (+0.05 %)
  ASN16_Cs137_house      infer_eq_peak  rates component  Cs-137.decision_threshold_ra              0.755              0.727 -0.027 (-3.63 %)
  ASN16_Cs137_house      infer_eq_peak  rates component  Cs-137.detection_limit_rate               1.513              1.458 -0.055 (-3.62 %)
  ASN16_Cs137_house      infer_eq_peak  rates component  Cs-137.peak_counts                100041261.019       99847762.444 -193498.576 (-0.19 %)
  ASN16_Cs137_house      infer_eq_peak  rates component  Cs-137.share_pct                         95.117             94.953 -0.164 (-0.17 %)
  ASN16_Cs137_house      infer_eq_peak  rates component  Cs-137.z                               1757.623           1779.751 22.128 (+1.26 %)
  ASN16_Cs137_house      infer_eq_peak  rates component  Xray-Pb.count_rate                       15.906             15.281 -0.625 (-3.93 %)
  ASN16_Cs137_house      infer_eq_peak  rates component  Xray-Pb.peak_counts                 1553063.627        1498161.808 -54901.819 (-3.54 %)
  ASN16_Cs137_house      infer_eq_peak  rates component  Xray-Pb.share_pct                         0.717              0.925 0.208 (+29.08 %)
  … и ещё 46 строк

⛔ КАРТИНКА ИЗМЕНИЛАСЬ: ASN16_Cs137_house / infer_eq_compton — 107 расхождений (допуск rel 1e-09, abs 1e-06; эталон объявлен 2026-09-28 21:25)
  спектр                 режим          полоса           компонент                                  было              стало              Δ
  ASN16_Cs137_house      infer_eq_compt 0-30 кэВ         Cs-137                              7754764.947        7862052.260 107287.313 (+1.38 %)
  ASN16_Cs137_house      infer_eq_compt 0-30 кэВ         Xray-Pb                               23665.199          98099.202 74434.003 (+314.53 %)
  ASN16_Cs137_house      infer_eq_compt 0-30 кэВ         Xray-Pb-L                             22328.441          21323.099 -1005.342 (-4.50 %)
  ASN16_Cs137_house      infer_eq_compt 0-30 кэВ         continuum_raw                         51182.201          20433.640 -30748.561 (-60.08 %)
  ASN16_Cs137_house      infer_eq_compt 0-30 кэВ         excess_fit                          1891395.343        2663213.674 771818.331 (+40.81 %)
  ASN16_Cs137_house      infer_eq_compt 0-30 кэВ         excess_net                          1891395.343        2663213.674 771818.331 (+40.81 %)
  ASN16_Cs137_house      infer_eq_compt 0-30 кэВ         missing_fit                          816457.262         809233.581 -7223.681 (-0.88 %)
  ASN16_Cs137_house      infer_eq_compt 0-30 кэВ         missing_net                          816457.262         809233.581 -7223.681 (-0.88 %)
  ASN16_Cs137_house      infer_eq_compt 0-30 кэВ         model                              19857046.514       20636088.526 779042.012 (+3.92 %)
  ASN16_Cs137_house      infer_eq_compt 0-30 кэВ         tail                                1904537.812        2109759.438 205221.626 (+10.78 %)
  ASN16_Cs137_house      infer_eq_compt 30-100 кэВ       Cs-137                             21223467.620       21508333.322 284865.702 (+1.34 %)
  ASN16_Cs137_house      infer_eq_compt 30-100 кэВ       Xray-Pb                              356477.391         845402.927 488925.536 (+137.15 %)
  ASN16_Cs137_house      infer_eq_compt 30-100 кэВ       continuum_raw                       1512885.623        1095698.228 -417187.395 (-27.58 %)
  ASN16_Cs137_house      infer_eq_compt 30-100 кэВ       excess_fit                           640153.348         305344.382 -334808.966 (-52.30 %)
  ASN16_Cs137_house      infer_eq_compt 30-100 кэВ       excess_net                           640153.348         305344.382 -334808.966 (-52.30 %)
  ASN16_Cs137_house      infer_eq_compt 30-100 кэВ       missing_fit                          469154.004         494285.306 25131.302 (+5.36 %)
  ASN16_Cs137_house      infer_eq_compt 30-100 кэВ       missing_net                          469154.004         494285.306 25131.302 (+5.36 %)
  ASN16_Cs137_house      infer_eq_compt 30-100 кэВ       model                              40079714.015       39719773.747 -359940.268 (-0.90 %)
  ASN16_Cs137_house      infer_eq_compt 30-100 кэВ       tail                               11905929.692       13274367.816 1368438.124 (+11.49 %)
  ASN16_Cs137_house      infer_eq_compt 100-300 кэВ      Cs-137                             58704531.342       58733196.170 28664.828 (+0.05 %)
  ASN16_Cs137_house      infer_eq_compt 100-300 кэВ      Xray-Pb                                  46.941             45.406 -1.535 (-3.27 %)
  ASN16_Cs137_house      infer_eq_compt 100-300 кэВ      continuum_raw                       7462095.981        7345633.218 -116462.763 (-1.56 %)
  ASN16_Cs137_house      infer_eq_compt 100-300 кэВ      excess_fit                           817677.435         769646.219 -48031.216 (-5.87 %)
  ASN16_Cs137_house      infer_eq_compt 100-300 кэВ      excess_net                           817677.435         769646.219 -48031.216 (-5.87 %)
  ASN16_Cs137_house      infer_eq_compt 100-300 кэВ      missing_fit                         1431213.973        1481364.644 50150.671 (+3.50 %)
  ASN16_Cs137_house      infer_eq_compt 100-300 кэВ      missing_net                         1431213.973        1481364.644 50150.671 (+3.50 %)
  ASN16_Cs137_house      infer_eq_compt 100-300 кэВ      model                              72400702.360       72302520.473 -98181.887 (-0.14 %)
  ASN16_Cs137_house      infer_eq_compt 100-300 кэВ      tail                                 214171.667         237976.602 23804.935 (+11.11 %)
  ASN16_Cs137_house      infer_eq_compt 300-700 кэВ      Cs-137                             51344072.470       51454597.930 110525.460 (+0.22 %)
  ASN16_Cs137_house      infer_eq_compt 300-700 кэВ      continuum_raw                        427000.420         442747.814 15747.394 (+3.69 %)
  ASN16_Cs137_house      infer_eq_compt 300-700 кэВ      excess_fit                          1669004.949        1761494.905 92489.956 (+5.54 %)
  ASN16_Cs137_house      infer_eq_compt 300-700 кэВ      excess_net                          1669004.949        1761494.905 92489.956 (+5.54 %)
  ASN16_Cs137_house      infer_eq_compt 300-700 кэВ      missing_fit                         5726974.580        5684653.740 -42320.840 (-0.74 %)
  ASN16_Cs137_house      infer_eq_compt 300-700 кэВ      missing_net                         5726974.580        5684653.740 -42320.840 (-0.74 %)
  ASN16_Cs137_house      infer_eq_compt 300-700 кэВ      model                             112223629.025      112358439.821 134810.796 (+0.12 %)
  ASN16_Cs137_house      infer_eq_compt 700-1500 кэВ     Cs-137                                  623.878            663.838 39.960 (+6.41 %)
  ASN16_Cs137_house      infer_eq_compt 700-1500 кэВ     continuum_raw                        494400.176         496301.758 1901.582 (+0.38 %)
  ASN16_Cs137_house      infer_eq_compt 700-1500 кэВ     excess_fit                            49358.382          48826.244 -532.138 (-1.08 %)
  ASN16_Cs137_house      infer_eq_compt 700-1500 кэВ     excess_net                            48298.587          47766.449 -532.138 (-1.10 %)
  ASN16_Cs137_house      infer_eq_compt 700-1500 кэВ     missing_fit                          159306.536         138204.455 -21102.081 (-13.25 %)
  ASN16_Cs137_house      infer_eq_compt 700-1500 кэВ     missing_net                          159306.536         138204.455 -21102.081 (-13.25 %)
  ASN16_Cs137_house      infer_eq_compt 700-1500 кэВ     model                               1120491.808        1141061.751 20569.943 (+1.84 %)
  ASN16_Cs137_house      infer_eq_compt 1500-3000 кэВ    continuum_raw                          3802.202           3806.936 4.734 (+0.12 %)
  ASN16_Cs137_house      infer_eq_compt 1500-3000 кэВ    excess_fit                             7133.353           7131.285 -2.068 (-0.03 %)
  ASN16_Cs137_house      infer_eq_compt 1500-3000 кэВ    excess_net                             2493.769           2491.701 -2.068 (-0.08 %)
  ASN16_Cs137_house      infer_eq_compt 1500-3000 кэВ    missing_fit                            4600.910           4605.170 4.260 (+0.09 %)
  ASN16_Cs137_house      infer_eq_compt 1500-3000 кэВ    missing_net                            4600.910           4605.170 4.260 (+0.09 %)
  ASN16_Cs137_house      infer_eq_compt 1500-3000 кэВ    model                                  4835.278           4828.950 -6.328 (-0.13 %)
  ASN16_Cs137_house      infer_eq_compt rates component  Backscatter.count_rate                    1.938              1.935 -0.003 (-0.17 %)
  ASN16_Cs137_house      infer_eq_compt rates component  Backscatter.peak_counts             7929682.190        7916396.654 -13285.535 (-0.17 %)
  ASN16_Cs137_house      infer_eq_compt rates component  Backscatter.share_pct                     3.323              3.305 -0.018 (-0.55 %)
  ASN16_Cs137_house      infer_eq_compt rates component  Backscatter.z                           101.225             97.495 -3.729 (-3.68 %)
  ASN16_Cs137_house      infer_eq_compt rates component  Cs-137.count_rate                      6677.254           6680.520 3.266 (+0.05 %)
  ASN16_Cs137_house      infer_eq_compt rates component  Cs-137.decision_threshold_ra              0.755              0.727 -0.027 (-3.63 %)
  ASN16_Cs137_house      infer_eq_compt rates component  Cs-137.detection_limit_rate               1.513              1.458 -0.055 (-3.62 %)
  ASN16_Cs137_house      infer_eq_compt rates component  Cs-137.peak_counts                100041261.019       99847762.444 -193498.576 (-0.19 %)
  ASN16_Cs137_house      infer_eq_compt rates component  Cs-137.share_pct                         95.117             94.953 -0.164 (-0.17 %)
  ASN16_Cs137_house      infer_eq_compt rates component  Cs-137.z                               1757.623           1779.751 22.128 (+1.26 %)
  ASN16_Cs137_house      infer_eq_compt rates component  Xray-Pb.count_rate                       15.906             15.281 -0.625 (-3.93 %)
  ASN16_Cs137_house      infer_eq_compt rates component  Xray-Pb.peak_counts                 1553063.627        1498161.808 -54901.819 (-3.54 %)
  … и ещё 47 строк

⛔ КАРТИНКА ИЗМЕНИЛАСЬ: AS80_Th232_disk / infer_eq — 168 расхождений (допуск rel 1e-09, abs 1e-06; эталон объявлен 2026-09-28 21:25)
  спектр                 режим          полоса           компонент                                  было              стало              Δ
  AS80_Th232_disk        infer_eq       0-30 кэВ         Ac-228                                 9778.794           9369.570 -409.224 (-4.18 %)
  AS80_Th232_disk        infer_eq       0-30 кэВ         Bi-212                                 3966.845           3401.073 -565.772 (-14.26 %)
  AS80_Th232_disk        infer_eq       0-30 кэВ         Pb-212                                 2366.321           2742.759 376.438 (+15.91 %)
  AS80_Th232_disk        infer_eq       0-30 кэВ         Ra-224                                  175.642            206.234 30.592 (+17.42 %)
  AS80_Th232_disk        infer_eq       0-30 кэВ         Rn-220                                    5.105              6.189 1.084 (+21.23 %)
  AS80_Th232_disk        infer_eq       0-30 кэВ         Th-228                                   30.616             34.046 3.430 (+11.20 %)
  AS80_Th232_disk        infer_eq       0-30 кэВ         Th-232                                    4.179              4.459 0.280 (+6.70 %)
  AS80_Th232_disk        infer_eq       0-30 кэВ         Tl-208                                 2604.197           3102.815 498.618 (+19.15 %)
  AS80_Th232_disk        infer_eq       0-30 кэВ         Xray-Pb                                2699.750           2394.121 -305.629 (-11.32 %)
  AS80_Th232_disk        infer_eq       0-30 кэВ         Xray-Th                                 113.467            121.172 7.705 (+6.79 %)
  AS80_Th232_disk        infer_eq       0-30 кэВ         continuum_raw                          6425.848           6973.730 547.882 (+8.53 %)
  AS80_Th232_disk        infer_eq       0-30 кэВ         excess_fit                              611.757            676.965 65.208 (+10.66 %)
  AS80_Th232_disk        infer_eq       0-30 кэВ         excess_net                              610.277            675.485 65.208 (+10.68 %)
  AS80_Th232_disk        infer_eq       0-30 кэВ         missing_fit                            3851.983           4279.663 427.680 (+11.10 %)
  AS80_Th232_disk        infer_eq       0-30 кэВ         missing_net                            3851.983           4279.663 427.680 (+11.10 %)
  AS80_Th232_disk        infer_eq       0-30 кэВ         model                                 21745.064          21382.592 -362.472 (-1.67 %)
  AS80_Th232_disk        infer_eq       0-30 кэВ         tail                                   5571.796           6114.282 542.486 (+9.74 %)
  AS80_Th232_disk        infer_eq       30-100 кэВ       Ac-228                                68627.862          70490.431 1862.569 (+2.71 %)
  AS80_Th232_disk        infer_eq       30-100 кэВ       Bi-212                                15455.851          14305.200 -1150.651 (-7.44 %)
  AS80_Th232_disk        infer_eq       30-100 кэВ       Pb-212                                60501.012          60629.349 128.337 (+0.21 %)
  AS80_Th232_disk        infer_eq       30-100 кэВ       Ra-224                                 2996.002           3004.907 8.905 (+0.30 %)
  AS80_Th232_disk        infer_eq       30-100 кэВ       Rn-220                                   38.626             38.998 0.372 (+0.96 %)
  AS80_Th232_disk        infer_eq       30-100 кэВ       Th-228                                 1562.346           1564.345 1.999 (+0.13 %)
  AS80_Th232_disk        infer_eq       30-100 кэВ       Th-232                                  136.800            136.927 0.127 (+0.09 %)
  AS80_Th232_disk        infer_eq       30-100 кэВ       Tl-208                                34825.146          35027.967 202.821 (+0.58 %)
  AS80_Th232_disk        infer_eq       30-100 кэВ       Xray-Pb                              161656.422         161211.584 -444.838 (-0.28 %)
  AS80_Th232_disk        infer_eq       30-100 кэВ       Xray-Th                               15683.300          15388.517 -294.783 (-1.88 %)
  AS80_Th232_disk        infer_eq       30-100 кэВ       continuum_raw                         85913.982          87273.192 1359.210 (+1.58 %)
  AS80_Th232_disk        infer_eq       30-100 кэВ       excess_fit                            12104.672          12014.847 -89.825 (-0.74 %)
  AS80_Th232_disk        infer_eq       30-100 кэВ       excess_net                            12104.672          12014.847 -89.825 (-0.74 %)
  AS80_Th232_disk        infer_eq       30-100 кэВ       missing_fit                           13341.792          12937.107 -404.685 (-3.03 %)
  AS80_Th232_disk        infer_eq       30-100 кэВ       missing_net                           13341.792          12937.107 -404.685 (-3.03 %)
  AS80_Th232_disk        infer_eq       30-100 кэВ       model                                361484.291         361799.151 314.860 (+0.09 %)
  AS80_Th232_disk        infer_eq       30-100 кэВ       tail                                  10214.032           8667.663 -1546.369 (-15.14 %)
  AS80_Th232_disk        infer_eq       100-300 кэВ      Ac-228                               209418.693         209438.658 19.965 (+0.01 %)
  AS80_Th232_disk        infer_eq       100-300 кэВ      Bi-212                                21092.735          21082.703 -10.032 (-0.05 %)
  AS80_Th232_disk        infer_eq       100-300 кэВ      Pb-212                               222920.952         223045.363 124.411 (+0.06 %)
  AS80_Th232_disk        infer_eq       100-300 кэВ      Ra-224                                19886.178          19901.285 15.107 (+0.08 %)
  AS80_Th232_disk        infer_eq       100-300 кэВ      Rn-220                                  244.976            244.893 -0.083 (-0.03 %)
  AS80_Th232_disk        infer_eq       100-300 кэВ      Th-228                                 1830.964           1832.605 1.641 (+0.09 %)
  AS80_Th232_disk        infer_eq       100-300 кэВ      Th-232                                   54.261             54.294 0.033 (+0.06 %)
  AS80_Th232_disk        infer_eq       100-300 кэВ      Tl-208                               129099.613         129062.776 -36.837 (-0.03 %)
  AS80_Th232_disk        infer_eq       100-300 кэВ      Xray-Pb                                 177.180            192.664 15.484 (+8.74 %)
  AS80_Th232_disk        infer_eq       100-300 кэВ      Xray-Th                                6308.312           6250.005 -58.307 (-0.92 %)
  AS80_Th232_disk        infer_eq       100-300 кэВ      continuum_raw                        216744.817         216601.160 -143.657 (-0.07 %)
  AS80_Th232_disk        infer_eq       100-300 кэВ      excess_fit                            16950.901          16983.764 32.863 (+0.19 %)
  AS80_Th232_disk        infer_eq       100-300 кэВ      excess_net                            16950.901          16983.764 32.863 (+0.19 %)
  AS80_Th232_disk        infer_eq       100-300 кэВ      missing_fit                           32588.551          32550.040 -38.511 (-0.12 %)
  AS80_Th232_disk        infer_eq       100-300 кэВ      missing_net                           32588.551          32550.040 -38.511 (-0.12 %)
  AS80_Th232_disk        infer_eq       100-300 кэВ      model                                611037.345         611108.719 71.374 (+0.01 %)
  AS80_Th232_disk        infer_eq       300-700 кэВ      Ac-228                               177395.094         177399.037 3.943 (+0.00 %)
  AS80_Th232_disk        infer_eq       300-700 кэВ      Bi-212                                18384.116          18381.367 -2.749 (-0.01 %)
  AS80_Th232_disk        infer_eq       300-700 кэВ      Pb-212                                 5303.390           5345.980 42.590 (+0.80 %)
  AS80_Th232_disk        infer_eq       300-700 кэВ      Rn-220                                  341.566            341.679 0.113 (+0.03 %)
  AS80_Th232_disk        infer_eq       300-700 кэВ      Tl-208                               146293.209         146287.988 -5.221 (-0.00 %)
  AS80_Th232_disk        infer_eq       300-700 кэВ      continuum_raw                         80208.380          80040.300 -168.080 (-0.21 %)
  AS80_Th232_disk        infer_eq       300-700 кэВ      excess_fit                            13592.143          13516.912 -75.231 (-0.55 %)
  AS80_Th232_disk        infer_eq       300-700 кэВ      excess_net                            13592.143          13516.912 -75.231 (-0.55 %)
  AS80_Th232_disk        infer_eq       300-700 кэВ      missing_fit                           21346.725          21232.773 -113.952 (-0.53 %)
  AS80_Th232_disk        infer_eq       300-700 кэВ      missing_net                           21346.725          21232.773 -113.952 (-0.53 %)
  … и ещё 108 строк

⛔ КАРТИНКА ИЗМЕНИЛАСЬ: ASN16_Radon_filter2 / chain_eq — 138 расхождений (допуск rel 1e-09, abs 1e-06; эталон объявлен 2026-09-28 21:25)
  спектр                 режим          полоса           компонент                                  было              стало              Δ
  ASN16_Radon_filter2    chain_eq       0-30 кэВ         Ac-228                                 3965.270           3967.244 1.974 (+0.05 %)
  ASN16_Radon_filter2    chain_eq       0-30 кэВ         Bi-212                                  518.957            518.473 -0.484 (-0.09 %)
  ASN16_Radon_filter2    chain_eq       0-30 кэВ         Pb-212                                 4767.574           4766.235 -1.339 (-0.03 %)
  ASN16_Radon_filter2    chain_eq       0-30 кэВ         Ra-224                                  248.009            247.994 -0.015 (-0.01 %)
  ASN16_Radon_filter2    chain_eq       0-30 кэВ         Rn-220                                    3.063              3.062 -0.001 (-0.03 %)
  ASN16_Radon_filter2    chain_eq       0-30 кэВ         Th-228                                  109.536            109.485 -0.051 (-0.05 %)
  ASN16_Radon_filter2    chain_eq       0-30 кэВ         Th-232                                   20.273             20.405 0.132 (+0.65 %)
  ASN16_Radon_filter2    chain_eq       0-30 кэВ         Tl-208                                 2088.467           2088.246 -0.221 (-0.01 %)
  ASN16_Radon_filter2    chain_eq       0-30 кэВ         continuum_raw                         11552.955          11550.437 -2.518 (-0.02 %)
  ASN16_Radon_filter2    chain_eq       0-30 кэВ         excess_fit                             3527.518           3527.146 -0.372 (-0.01 %)
  ASN16_Radon_filter2    chain_eq       0-30 кэВ         excess_net                             3527.518           3527.146 -0.372 (-0.01 %)
  ASN16_Radon_filter2    chain_eq       0-30 кэВ         missing_fit                            6605.965           6605.594 -0.371 (-0.01 %)
  ASN16_Radon_filter2    chain_eq       0-30 кэВ         missing_net                            6605.965           6605.594 -0.371 (-0.01 %)
  ASN16_Radon_filter2    chain_eq       0-30 кэВ         model                                 11721.901          11721.900 -0.001 (-0.00 %)
  ASN16_Radon_filter2    chain_eq       30-100 кэВ       Ac-228                                 9501.326           9509.951 8.625 (+0.09 %)
  ASN16_Radon_filter2    chain_eq       30-100 кэВ       Bi-212                                  915.980            916.087 0.107 (+0.01 %)
  ASN16_Radon_filter2    chain_eq       30-100 кэВ       Pb-212                                11096.374          11094.114 -2.260 (-0.02 %)
  ASN16_Radon_filter2    chain_eq       30-100 кэВ       Ra-224                                  623.031            623.067 0.036 (+0.01 %)
  ASN16_Radon_filter2    chain_eq       30-100 кэВ       Th-228                                  262.522            262.472 -0.050 (-0.02 %)
  ASN16_Radon_filter2    chain_eq       30-100 кэВ       Th-232                                   28.904             29.039 0.135 (+0.47 %)
  ASN16_Radon_filter2    chain_eq       30-100 кэВ       Tl-208                                 5190.674           5191.076 0.402 (+0.01 %)
  ASN16_Radon_filter2    chain_eq       30-100 кэВ       continuum_raw                         25768.801          25748.093 -20.708 (-0.08 %)
  ASN16_Radon_filter2    chain_eq       30-100 кэВ       excess_fit                             5424.361           5420.394 -3.967 (-0.07 %)
  ASN16_Radon_filter2    chain_eq       30-100 кэВ       excess_net                             5384.534           5380.567 -3.967 (-0.07 %)
  ASN16_Radon_filter2    chain_eq       30-100 кэВ       missing_fit                            7171.309           7160.348 -10.961 (-0.15 %)
  ASN16_Radon_filter2    chain_eq       30-100 кэВ       missing_net                            7171.309           7160.348 -10.961 (-0.15 %)
  ASN16_Radon_filter2    chain_eq       30-100 кэВ       model                                 27627.002          27633.996 6.994 (+0.03 %)
  ASN16_Radon_filter2    chain_eq       100-300 кэВ      Ac-228                                 2848.721           2845.883 -2.838 (-0.10 %)
  ASN16_Radon_filter2    chain_eq       100-300 кэВ      Bi-212                                  251.709            251.130 -0.579 (-0.23 %)
  ASN16_Radon_filter2    chain_eq       100-300 кэВ      Pb-212                                 2755.284           2766.831 11.547 (+0.42 %)
  ASN16_Radon_filter2    chain_eq       100-300 кэВ      Ra-224                                  242.220            243.246 1.026 (+0.42 %)
  ASN16_Radon_filter2    chain_eq       100-300 кэВ      Rn-220                                    2.865              2.856 -0.009 (-0.31 %)
  ASN16_Radon_filter2    chain_eq       100-300 кэВ      Th-228                                   33.087             33.247 0.160 (+0.48 %)
  ASN16_Radon_filter2    chain_eq       100-300 кэВ      Th-232                                    1.541              1.554 0.013 (+0.84 %)
  ASN16_Radon_filter2    chain_eq       100-300 кэВ      Tl-208                                 1640.442           1636.117 -4.325 (-0.26 %)
  ASN16_Radon_filter2    chain_eq       100-300 кэВ      continuum_raw                          5569.339           5543.583 -25.756 (-0.46 %)
  ASN16_Radon_filter2    chain_eq       100-300 кэВ      excess_fit                            14762.887          14763.650 0.763 (+0.01 %)
  ASN16_Radon_filter2    chain_eq       100-300 кэВ      excess_net                             5227.755           5228.518 0.763 (+0.01 %)
  ASN16_Radon_filter2    chain_eq       100-300 кэВ      missing_fit                            2559.980           2555.736 -4.244 (-0.17 %)
  ASN16_Radon_filter2    chain_eq       100-300 кэВ      missing_net                            2559.980           2555.736 -4.244 (-0.17 %)
  ASN16_Radon_filter2    chain_eq       100-300 кэВ      model                                  7775.934           7780.941 5.007 (+0.06 %)
  ASN16_Radon_filter2    chain_eq       300-700 кэВ      Ac-228                                  802.358            807.706 5.348 (+0.67 %)
  ASN16_Radon_filter2    chain_eq       300-700 кэВ      Bi-212                                   79.845             80.125 0.280 (+0.35 %)
  ASN16_Radon_filter2    chain_eq       300-700 кэВ      Pb-212                                   31.109             31.584 0.475 (+1.53 %)
  ASN16_Radon_filter2    chain_eq       300-700 кэВ      Rn-220                                    1.019              1.026 0.007 (+0.69 %)
  ASN16_Radon_filter2    chain_eq       300-700 кэВ      Tl-208                                  601.890            604.440 2.550 (+0.42 %)
  ASN16_Radon_filter2    chain_eq       300-700 кэВ      continuum_raw                           498.408            492.341 -6.067 (-1.22 %)
  ASN16_Radon_filter2    chain_eq       300-700 кэВ      excess_fit                             4585.886           4592.475 6.589 (+0.14 %)
  ASN16_Radon_filter2    chain_eq       300-700 кэВ      excess_net                              831.074            837.663 6.589 (+0.79 %)
  ASN16_Radon_filter2    chain_eq       300-700 кэВ      missing_fit                            1535.313           1533.221 -2.092 (-0.14 %)
  ASN16_Radon_filter2    chain_eq       300-700 кэВ      missing_net                            1535.313           1533.221 -2.092 (-0.14 %)
  ASN16_Radon_filter2    chain_eq       300-700 кэВ      model                                  1516.259           1524.940 8.681 (+0.57 %)
  ASN16_Radon_filter2    chain_eq       700-1500 кэВ     Ac-228                                  258.862            262.461 3.599 (+1.39 %)
  ASN16_Radon_filter2    chain_eq       700-1500 кэВ     Bi-212                                   43.966             44.576 0.610 (+1.39 %)
  ASN16_Radon_filter2    chain_eq       700-1500 кэВ     Tl-208                                  145.892            146.961 1.069 (+0.73 %)
  ASN16_Radon_filter2    chain_eq       700-1500 кэВ     continuum_raw                            56.511             56.229 -0.282 (-0.50 %)
  ASN16_Radon_filter2    chain_eq       700-1500 кэВ     excess_fit                             2885.334           2888.608 3.274 (+0.11 %)
  ASN16_Radon_filter2    chain_eq       700-1500 кэВ     excess_net                              269.020            272.294 3.274 (+1.22 %)
  ASN16_Radon_filter2    chain_eq       700-1500 кэВ     missing_fit                            1689.629           1687.598 -2.031 (-0.12 %)
  ASN16_Radon_filter2    chain_eq       700-1500 кэВ     missing_net                            1689.629           1687.598 -2.031 (-0.12 %)
  … и ещё 78 строк

⛔ КАРТИНКА ИЗМЕНИЛАСЬ: ASN16_Radon_filter2 / chain_noeq — 140 расхождений (допуск rel 1e-09, abs 1e-06; эталон объявлен 2026-09-28 21:25)
  спектр                 режим          полоса           компонент                                  было              стало              Δ
  ASN16_Radon_filter2    chain_noeq     0-30 кэВ         Pb-212                                11123.963          11125.544 1.581 (+0.01 %)
  ASN16_Radon_filter2    chain_noeq     0-30 кэВ         Ra-224                                  582.861            583.162 0.301 (+0.05 %)
  ASN16_Radon_filter2    chain_noeq     0-30 кэВ         continuum_raw                         11512.830          11511.103 -1.727 (-0.02 %)
  ASN16_Radon_filter2    chain_noeq     0-30 кэВ         excess_fit                             3517.031           3519.141 2.110 (+0.06 %)
  ASN16_Radon_filter2    chain_noeq     0-30 кэВ         excess_net                             3517.031           3519.141 2.110 (+0.06 %)
  ASN16_Radon_filter2    chain_noeq     0-30 кэВ         missing_fit                            6610.547           6610.779 0.232 (+0.00 %)
  ASN16_Radon_filter2    chain_noeq     0-30 кэВ         missing_net                            6610.547           6610.779 0.232 (+0.00 %)
  ASN16_Radon_filter2    chain_noeq     0-30 кэВ         model                                 11706.832          11708.710 1.878 (+0.02 %)
  ASN16_Radon_filter2    chain_noeq     30-100 кэВ       Pb-212                                26730.043          26730.318 0.275 (+0.00 %)
  ASN16_Radon_filter2    chain_noeq     30-100 кэВ       Ra-224                                 1436.914           1437.610 0.696 (+0.05 %)
  ASN16_Radon_filter2    chain_noeq     30-100 кэВ       continuum_raw                         23547.406          23550.908 3.502 (+0.01 %)
  ASN16_Radon_filter2    chain_noeq     30-100 кэВ       excess_fit                             4901.525           4899.590 -1.935 (-0.04 %)
  ASN16_Radon_filter2    chain_noeq     30-100 кэВ       excess_net                             4861.698           4859.763 -1.935 (-0.04 %)
  ASN16_Radon_filter2    chain_noeq     30-100 кэВ       missing_fit                            6108.526           6105.616 -2.910 (-0.05 %)
  ASN16_Radon_filter2    chain_noeq     30-100 кэВ       missing_net                            6108.526           6105.616 -2.910 (-0.05 %)
  ASN16_Radon_filter2    chain_noeq     30-100 кэВ       model                                 28166.949          28167.924 0.975 (+0.00 %)
  ASN16_Radon_filter2    chain_noeq     100-300 кэВ      Pb-212                                 8190.530           8195.473 4.943 (+0.06 %)
  ASN16_Radon_filter2    chain_noeq     100-300 кэВ      Ra-224                                  723.926            724.118 0.192 (+0.03 %)
  ASN16_Radon_filter2    chain_noeq     100-300 кэВ      continuum_raw                          3956.154           3956.829 0.675 (+0.02 %)
  ASN16_Radon_filter2    chain_noeq     100-300 кэВ      excess_fit                            14512.940          14517.422 4.482 (+0.03 %)
  ASN16_Radon_filter2    chain_noeq     100-300 кэВ      excess_net                             4977.808           4982.290 4.482 (+0.09 %)
  ASN16_Radon_filter2    chain_noeq     100-300 кэВ      missing_fit                            1171.511           1170.848 -0.663 (-0.06 %)
  ASN16_Radon_filter2    chain_noeq     100-300 кэВ      missing_net                            1171.511           1170.848 -0.663 (-0.06 %)
  ASN16_Radon_filter2    chain_noeq     100-300 кэВ      model                                  8914.456           8919.601 5.145 (+0.06 %)
  ASN16_Radon_filter2    chain_noeq     300-700 кэВ      Pb-212                                  408.290            394.942 -13.348 (-3.27 %)
  ASN16_Radon_filter2    chain_noeq     300-700 кэВ      continuum                               592.469            603.474 11.005 (+1.86 %)
  ASN16_Radon_filter2    chain_noeq     300-700 кэВ      excess_fit                             4217.864           4215.952 -1.912 (-0.05 %)
  ASN16_Radon_filter2    chain_noeq     300-700 кэВ      excess_net                              463.052            461.140 -1.912 (-0.41 %)
  ASN16_Radon_filter2    chain_noeq     300-700 кэВ      missing_fit                            1682.791           1683.222 0.431 (+0.03 %)
  ASN16_Radon_filter2    chain_noeq     300-700 кэВ      missing_net                            1682.791           1683.222 0.431 (+0.03 %)
  ASN16_Radon_filter2    chain_noeq     300-700 кэВ      model                                  1000.759            998.416 -2.343 (-0.23 %)
  ASN16_Radon_filter2    chain_noeq     rates component  Pb-212.count_rate                        15.213             15.215 0.002 (+0.02 %)
  ASN16_Radon_filter2    chain_noeq     rates component  Pb-212.decision_threshold_ra              0.959              0.959 0.000280985 (+0.03 %)
  ASN16_Radon_filter2    chain_noeq     rates component  Pb-212.detection_limit_rate               1.929              1.930 0.000551871 (+0.03 %)
  ASN16_Radon_filter2    chain_noeq     rates component  Pb-212.peak_counts                     9068.067           9071.859 3.791 (+0.04 %)
  ASN16_Radon_filter2    chain_noeq     rates component  Pb-212.share_pct                         91.213             91.190 -0.023 (-0.03 %)
  ASN16_Radon_filter2    chain_noeq     rates component  Pb-212.z                                 23.809             23.809 6.78317e-05 (+0.00 %)
  ASN16_Radon_filter2    chain_noeq     rates component  Ra-224.count_rate                        15.213             15.215 0.002 (+0.02 %)
  ASN16_Radon_filter2    chain_noeq     rates component  Ra-224.decision_threshold_ra              0.959              0.959 0.000280985 (+0.03 %)
  ASN16_Radon_filter2    chain_noeq     rates component  Ra-224.detection_limit_rate               1.929              1.930 0.000551871 (+0.03 %)
  ASN16_Radon_filter2    chain_noeq     rates component  Ra-224.peak_counts                      431.074            431.060 -0.014 (-0.00 %)
  ASN16_Radon_filter2    chain_noeq     rates component  Ra-224.share_pct                          5.387              5.389 0.002 (+0.03 %)
  ASN16_Radon_filter2    chain_noeq     rates component  Ra-224.z                                 23.809             23.809 6.78317e-05 (+0.00 %)
  ASN16_Radon_filter2    chain_noeq     rates grey       above_lines.peak_counts                1731.208           1742.214 11.006 (+0.64 %)
  ASN16_Radon_filter2    chain_noeq     rates grey       above_lines.share_pct                     3.399              3.421 0.021 (+0.62 %)
  ASN16_Radon_filter2    chain_noeq     rates grey       residual_excess.count_rate                0.888              0.888 8.63871e-05 (+0.01 %)
  ASN16_Radon_filter2    chain_noeq     rates grey       residual_missing.count_rate               0.518              0.517 -7.97408e-05 (-0.02 %)
  ASN16_Radon_filter2    chain_noeq     rates limit      Ac-228.collinearity                       0.109              0.110 0.000495488 (+0.45 %)
  ASN16_Radon_filter2    chain_noeq     rates limit      Ac-228.decision_threshold_ra              1.623              1.625 0.002 (+0.12 %)
  ASN16_Radon_filter2    chain_noeq     rates limit      Ac-228.detection_limit_rate               3.269              3.273 0.004 (+0.11 %)
  ASN16_Radon_filter2    chain_noeq     rates limit      Ac-228.limit_peak_counts               1592.255           1594.820 2.565 (+0.16 %)
  ASN16_Radon_filter2    chain_noeq     rates limit      Bi-212.collinearity                       0.067              0.067 -0.000645665 (-0.96 %)
  ASN16_Radon_filter2    chain_noeq     rates limit      Bi-212.decision_threshold_ra              9.524              9.524 -0.000330867 (-0.00 %)
  ASN16_Radon_filter2    chain_noeq     rates limit      Bi-212.detection_limit_rate              19.416             19.415 -0.000892397 (-0.00 %)
  ASN16_Radon_filter2    chain_noeq     rates limit      Bi-212.limit_peak_counts                703.106            702.534 -0.573 (-0.08 %)
  ASN16_Radon_filter2    chain_noeq     rates limit      Bi-214.collinearity                       0.327              0.330 0.003 (+0.84 %)
  ASN16_Radon_filter2    chain_noeq     rates limit      Bi-214.decision_threshold_ra              1.537              1.546 0.008 (+0.54 %)
  ASN16_Radon_filter2    chain_noeq     rates limit      Bi-214.detection_limit_rate               3.106              3.123 0.017 (+0.53 %)
  ASN16_Radon_filter2    chain_noeq     rates limit      Bi-214.limit_peak_counts                671.550            675.084 3.534 (+0.53 %)
  ASN16_Radon_filter2    chain_noeq     rates limit      Pb-210.collinearity                       0.630              0.633 0.004 (+0.56 %)
  … и ещё 80 строк

⛔ КАРТИНКА ИЗМЕНИЛАСЬ: G1S24_Rn222Coal_eq01 / sample_eq — 168 расхождений (допуск rel 1e-09, abs 1e-06; эталон объявлен 2026-09-28 21:25)
  спектр                 режим          полоса           компонент                                  было              стало              Δ
  G1S24_Rn222Coal_eq01   sample_eq      0-30 кэВ         Bi-212                                   88.144            111.579 23.435 (+26.59 %)
  G1S24_Rn222Coal_eq01   sample_eq      0-30 кэВ         Bi-214                                 1184.290           1056.935 -127.355 (-10.75 %)
  G1S24_Rn222Coal_eq01   sample_eq      0-30 кэВ         Pb-212                                  123.133            119.636 -3.497 (-2.84 %)
  G1S24_Rn222Coal_eq01   sample_eq      0-30 кэВ         Pb-214                                 1319.558           1280.619 -38.939 (-2.95 %)
  G1S24_Rn222Coal_eq01   sample_eq      0-30 кэВ         Ra-224                                    6.726              6.545 -0.181 (-2.69 %)
  G1S24_Rn222Coal_eq01   sample_eq      0-30 кэВ         Rn-222                                    0.930              0.828 -0.102 (-10.97 %)
  G1S24_Rn222Coal_eq01   sample_eq      0-30 кэВ         Th-228                                    2.520              2.449 -0.071 (-2.82 %)
  G1S24_Rn222Coal_eq01   sample_eq      0-30 кэВ         Tl-208                                   77.694             75.955 -1.739 (-2.24 %)
  G1S24_Rn222Coal_eq01   sample_eq      0-30 кэВ         continuum_raw                          2695.336           2430.680 -264.656 (-9.82 %)
  G1S24_Rn222Coal_eq01   sample_eq      0-30 кэВ         excess_fit                               55.322             45.344 -9.978 (-18.04 %)
  G1S24_Rn222Coal_eq01   sample_eq      0-30 кэВ         excess_net                               50.836             40.858 -9.978 (-19.63 %)
  G1S24_Rn222Coal_eq01   sample_eq      0-30 кэВ         missing_fit                             220.077            358.563 138.486 (+62.93 %)
  G1S24_Rn222Coal_eq01   sample_eq      0-30 кэВ         missing_net                             220.077            358.563 138.486 (+62.93 %)
  G1S24_Rn222Coal_eq01   sample_eq      0-30 кэВ         model                                  2803.220           2654.756 -148.464 (-5.30 %)
  G1S24_Rn222Coal_eq01   sample_eq      0-30 кэВ         tail                                     13.011              9.115 -3.896 (-29.94 %)
  G1S24_Rn222Coal_eq01   sample_eq      30-100 кэВ       Bi-212                                  356.743            358.945 2.202 (+0.62 %)
  G1S24_Rn222Coal_eq01   sample_eq      30-100 кэВ       Bi-214                                 8792.719           8468.389 -324.330 (-3.69 %)
  G1S24_Rn222Coal_eq01   sample_eq      30-100 кэВ       Pb-212                                 3093.208           3336.290 243.082 (+7.86 %)
  G1S24_Rn222Coal_eq01   sample_eq      30-100 кэВ       Pb-214                                25780.035          25667.863 -112.172 (-0.44 %)
  G1S24_Rn222Coal_eq01   sample_eq      30-100 кэВ       Ra-224                                   73.541             78.809 5.268 (+7.16 %)
  G1S24_Rn222Coal_eq01   sample_eq      30-100 кэВ       Rn-222                                    7.905              7.676 -0.229 (-2.90 %)
  G1S24_Rn222Coal_eq01   sample_eq      30-100 кэВ       Th-228                                   92.819            100.684 7.865 (+8.47 %)
  G1S24_Rn222Coal_eq01   sample_eq      30-100 кэВ       Tl-208                                  690.178            747.801 57.623 (+8.35 %)
  G1S24_Rn222Coal_eq01   sample_eq      30-100 кэВ       continuum_raw                         12543.686          11702.571 -841.115 (-6.71 %)
  G1S24_Rn222Coal_eq01   sample_eq      30-100 кэВ       excess_fit                             3241.041           2116.468 -1124.573 (-34.70 %)
  G1S24_Rn222Coal_eq01   sample_eq      30-100 кэВ       excess_net                             3241.041           2116.468 -1124.573 (-34.70 %)
  G1S24_Rn222Coal_eq01   sample_eq      30-100 кэВ       missing_fit                            3971.010           2967.140 -1003.870 (-25.28 %)
  G1S24_Rn222Coal_eq01   sample_eq      30-100 кэВ       missing_net                            3971.010           2967.140 -1003.870 (-25.28 %)
  G1S24_Rn222Coal_eq01   sample_eq      30-100 кэВ       model                                 38888.335          38767.632 -120.703 (-0.31 %)
  G1S24_Rn222Coal_eq01   sample_eq      30-100 кэВ       tail                                      2.325              0.641 -1.684 (-72.43 %)
  G1S24_Rn222Coal_eq01   sample_eq      100-300 кэВ      Bi-212                                  290.428            313.724 23.296 (+8.02 %)
  G1S24_Rn222Coal_eq01   sample_eq      100-300 кэВ      Bi-214                                27107.261          26833.722 -273.539 (-1.01 %)
  G1S24_Rn222Coal_eq01   sample_eq      100-300 кэВ      Pb-212                                 3661.764           3974.138 312.374 (+8.53 %)
  G1S24_Rn222Coal_eq01   sample_eq      100-300 кэВ      Pb-214                                31649.378          31644.869 -4.509 (-0.01 %)
  G1S24_Rn222Coal_eq01   sample_eq      100-300 кэВ      Ra-224                                  324.097            351.706 27.609 (+8.52 %)
  G1S24_Rn222Coal_eq01   sample_eq      100-300 кэВ      Rn-222                                   24.522             24.329 -0.193 (-0.79 %)
  G1S24_Rn222Coal_eq01   sample_eq      100-300 кэВ      Th-228                                   37.595             40.537 2.942 (+7.83 %)
  G1S24_Rn222Coal_eq01   sample_eq      100-300 кэВ      Tl-208                                 1810.546           1953.098 142.552 (+7.87 %)
  G1S24_Rn222Coal_eq01   sample_eq      100-300 кэВ      continuum_raw                         27957.236          27574.848 -382.388 (-1.37 %)
  G1S24_Rn222Coal_eq01   sample_eq      100-300 кэВ      excess_fit                             1347.222           1273.249 -73.973 (-5.49 %)
  G1S24_Rn222Coal_eq01   sample_eq      100-300 кэВ      excess_net                             1347.222           1273.249 -73.973 (-5.49 %)
  G1S24_Rn222Coal_eq01   sample_eq      100-300 кэВ      missing_fit                            1682.008           1377.248 -304.760 (-18.12 %)
  G1S24_Rn222Coal_eq01   sample_eq      100-300 кэВ      missing_net                            1682.008           1377.248 -304.760 (-18.12 %)
  G1S24_Rn222Coal_eq01   sample_eq      100-300 кэВ      model                                 64911.671          65142.458 230.787 (+0.36 %)
  G1S24_Rn222Coal_eq01   sample_eq      300-700 кэВ      Bi-212                                  265.478            287.448 21.970 (+8.28 %)
  G1S24_Rn222Coal_eq01   sample_eq      300-700 кэВ      Bi-214                                32924.876          32818.367 -106.509 (-0.32 %)
  G1S24_Rn222Coal_eq01   sample_eq      300-700 кэВ      Pb-212                                   74.605             77.286 2.681 (+3.59 %)
  G1S24_Rn222Coal_eq01   sample_eq      300-700 кэВ      Pb-214                                18473.938          18290.252 -183.686 (-0.99 %)
  G1S24_Rn222Coal_eq01   sample_eq      300-700 кэВ      Rn-222                                   29.900             29.949 0.049 (+0.16 %)
  G1S24_Rn222Coal_eq01   sample_eq      300-700 кэВ      Tl-208                                 2028.857           2203.886 175.029 (+8.63 %)
  G1S24_Rn222Coal_eq01   sample_eq      300-700 кэВ      continuum_raw                         13025.290          12921.193 -104.097 (-0.80 %)
  G1S24_Rn222Coal_eq01   sample_eq      300-700 кэВ      excess_fit                             1593.251           1641.964 48.713 (+3.06 %)
  G1S24_Rn222Coal_eq01   sample_eq      300-700 кэВ      excess_net                             1593.251           1641.964 48.713 (+3.06 %)
  G1S24_Rn222Coal_eq01   sample_eq      300-700 кэВ      missing_fit                            1922.782           2061.588 138.806 (+7.22 %)
  G1S24_Rn222Coal_eq01   sample_eq      300-700 кэВ      missing_net                            1922.782           2061.588 138.806 (+7.22 %)
  G1S24_Rn222Coal_eq01   sample_eq      300-700 кэВ      model                                 53804.646          53714.553 -90.093 (-0.17 %)
  G1S24_Rn222Coal_eq01   sample_eq      700-1500 кэВ     Bi-212                                  206.954            225.785 18.831 (+9.10 %)
  G1S24_Rn222Coal_eq01   sample_eq      700-1500 кэВ     Bi-214                                20174.306          20105.789 -68.517 (-0.34 %)
  G1S24_Rn222Coal_eq01   sample_eq      700-1500 кэВ     Pb-214                                  329.261            330.410 1.149 (+0.35 %)
  G1S24_Rn222Coal_eq01   sample_eq      700-1500 кэВ     Tl-208                                  886.415            954.543 68.128 (+7.69 %)
  … и ещё 108 строк

⛔ КАРТИНКА ИЗМЕНИЛАСЬ: G1S24_Rn222Coal_eq01 / sample_noeq — 169 расхождений (допуск rel 1e-09, abs 1e-06; эталон объявлен 2026-09-28 21:25)
  спектр                 режим          полоса           компонент                                  было              стало              Δ
  G1S24_Rn222Coal_eq01   sample_noeq    0-30 кэВ         Bi-214                                 1296.101           1263.248 -32.853 (-2.53 %)
  G1S24_Rn222Coal_eq01   sample_noeq    0-30 кэВ         Pb-212                                  161.122            157.985 -3.137 (-1.95 %)
  G1S24_Rn222Coal_eq01   sample_noeq    0-30 кэВ         Pb-214                                 1401.348           1404.130 2.782 (+0.20 %)
  G1S24_Rn222Coal_eq01   sample_noeq    0-30 кэВ         Ra-224                                    8.948              8.774 -0.174 (-1.94 %)
  G1S24_Rn222Coal_eq01   sample_noeq    0-30 кэВ         Tl-208                                   65.435             64.469 -0.966 (-1.48 %)
  G1S24_Rn222Coal_eq01   sample_noeq    0-30 кэВ         continuum_raw                          2903.825           2831.296 -72.529 (-2.50 %)
  G1S24_Rn222Coal_eq01   sample_noeq    0-30 кэВ         excess_fit                               97.563             99.309 1.746 (+1.79 %)
  G1S24_Rn222Coal_eq01   sample_noeq    0-30 кэВ         excess_net                               93.077             94.823 1.746 (+1.88 %)
  G1S24_Rn222Coal_eq01   sample_noeq    0-30 кэВ         missing_fit                             132.582            168.681 36.099 (+27.23 %)
  G1S24_Rn222Coal_eq01   sample_noeq    0-30 кэВ         missing_net                             132.582            168.681 36.099 (+27.23 %)
  G1S24_Rn222Coal_eq01   sample_noeq    0-30 кэВ         model                                  2932.956           2898.603 -34.353 (-1.17 %)
  G1S24_Rn222Coal_eq01   sample_noeq    0-30 кэВ         tail                                      0.000              1.937          1.937
  G1S24_Rn222Coal_eq01   sample_noeq    30-100 кэВ       Bi-214                                 9408.001           9376.238 -31.763 (-0.34 %)
  G1S24_Rn222Coal_eq01   sample_noeq    30-100 кэВ       Pb-212                                 3729.789           3744.419 14.630 (+0.39 %)
  G1S24_Rn222Coal_eq01   sample_noeq    30-100 кэВ       Pb-214                                25346.091          25326.303 -19.788 (-0.08 %)
  G1S24_Rn222Coal_eq01   sample_noeq    30-100 кэВ       Ra-224                                   93.849             94.206 0.357 (+0.38 %)
  G1S24_Rn222Coal_eq01   sample_noeq    30-100 кэВ       Tl-208                                  541.881            549.961 8.080 (+1.49 %)
  G1S24_Rn222Coal_eq01   sample_noeq    30-100 кэВ       continuum_raw                         13530.721          13461.157 -69.564 (-0.51 %)
  G1S24_Rn222Coal_eq01   sample_noeq    30-100 кэВ       excess_fit                             2204.246           2048.023 -156.223 (-7.09 %)
  G1S24_Rn222Coal_eq01   sample_noeq    30-100 кэВ       excess_net                             2204.246           2048.023 -156.223 (-7.09 %)
  G1S24_Rn222Coal_eq01   sample_noeq    30-100 кэВ       missing_fit                            2702.938           2575.192 -127.746 (-4.73 %)
  G1S24_Rn222Coal_eq01   sample_noeq    30-100 кэВ       missing_net                            2702.938           2575.192 -127.746 (-4.73 %)
  G1S24_Rn222Coal_eq01   sample_noeq    30-100 кэВ       model                                 39119.612          39091.135 -28.477 (-0.07 %)
  G1S24_Rn222Coal_eq01   sample_noeq    30-100 кэВ       tail                                      0.000              0.161          0.161
  G1S24_Rn222Coal_eq01   sample_noeq    100-300 кэВ      Bi-214                                27290.998          27329.429 38.431 (+0.14 %)
  G1S24_Rn222Coal_eq01   sample_noeq    100-300 кэВ      Pb-212                                 4469.187           4494.934 25.747 (+0.58 %)
  G1S24_Rn222Coal_eq01   sample_noeq    100-300 кэВ      Pb-214                                31506.889          31422.104 -84.785 (-0.27 %)
  G1S24_Rn222Coal_eq01   sample_noeq    100-300 кэВ      Ra-224                                  395.456            397.692 2.236 (+0.57 %)
  G1S24_Rn222Coal_eq01   sample_noeq    100-300 кэВ      Tl-208                                 1407.613           1422.302 14.689 (+1.04 %)
  G1S24_Rn222Coal_eq01   sample_noeq    100-300 кэВ      continuum_raw                         27609.650          27681.351 71.701 (+0.26 %)
  G1S24_Rn222Coal_eq01   sample_noeq    100-300 кэВ      excess_fit                             1184.099           1178.493 -5.606 (-0.47 %)
  G1S24_Rn222Coal_eq01   sample_noeq    100-300 кэВ      excess_net                             1184.099           1178.493 -5.606 (-0.47 %)
  G1S24_Rn222Coal_eq01   sample_noeq    100-300 кэВ      missing_fit                            1360.410           1358.490 -1.920 (-0.14 %)
  G1S24_Rn222Coal_eq01   sample_noeq    100-300 кэВ      missing_net                            1360.410           1358.490 -1.920 (-0.14 %)
  G1S24_Rn222Coal_eq01   sample_noeq    100-300 кэВ      model                                 65070.146          65066.460 -3.686 (-0.01 %)
  G1S24_Rn222Coal_eq01   sample_noeq    300-700 кэВ      Bi-214                                33877.913          33924.653 46.740 (+0.14 %)
  G1S24_Rn222Coal_eq01   sample_noeq    300-700 кэВ      Pb-212                                   87.203             87.624 0.421 (+0.48 %)
  G1S24_Rn222Coal_eq01   sample_noeq    300-700 кэВ      Pb-214                                18217.125          18164.047 -53.078 (-0.29 %)
  G1S24_Rn222Coal_eq01   sample_noeq    300-700 кэВ      Tl-208                                 1610.556           1627.469 16.913 (+1.05 %)
  G1S24_Rn222Coal_eq01   sample_noeq    300-700 кэВ      continuum_raw                         13559.817          13645.024 85.207 (+0.63 %)
  G1S24_Rn222Coal_eq01   sample_noeq    300-700 кэВ      excess_fit                             1710.895           1722.905 12.010 (+0.70 %)
  G1S24_Rn222Coal_eq01   sample_noeq    300-700 кэВ      excess_net                             1710.895           1722.905 12.010 (+0.70 %)
  G1S24_Rn222Coal_eq01   sample_noeq    300-700 кэВ      missing_fit                            2052.273           2053.283 1.010 (+0.05 %)
  G1S24_Rn222Coal_eq01   sample_noeq    300-700 кэВ      missing_net                            2052.273           2053.283 1.010 (+0.05 %)
  G1S24_Rn222Coal_eq01   sample_noeq    300-700 кэВ      model                                 53792.799          53803.799 11.000 (+0.02 %)
  G1S24_Rn222Coal_eq01   sample_noeq    700-1500 кэВ     Bi-214                                20573.043          20567.374 -5.669 (-0.03 %)
  G1S24_Rn222Coal_eq01   sample_noeq    700-1500 кэВ     Pb-214                                  329.116            327.692 -1.424 (-0.43 %)
  G1S24_Rn222Coal_eq01   sample_noeq    700-1500 кэВ     Tl-208                                  701.588            708.145 6.557 (+0.93 %)
  G1S24_Rn222Coal_eq01   sample_noeq    700-1500 кэВ     continuum_raw                          7227.977           7240.563 12.586 (+0.17 %)
  G1S24_Rn222Coal_eq01   sample_noeq    700-1500 кэВ     excess_fit                             1328.678           1328.374 -0.304 (-0.02 %)
  G1S24_Rn222Coal_eq01   sample_noeq    700-1500 кэВ     excess_net                             1328.678           1328.374 -0.304 (-0.02 %)
  G1S24_Rn222Coal_eq01   sample_noeq    700-1500 кэВ     missing_fit                            1536.760           1536.970 0.210 (+0.01 %)
  G1S24_Rn222Coal_eq01   sample_noeq    700-1500 кэВ     missing_net                            1536.760           1536.970 0.210 (+0.01 %)
  G1S24_Rn222Coal_eq01   sample_noeq    700-1500 кэВ     model                                 21603.744          21603.230 -0.514 (-0.00 %)
  G1S24_Rn222Coal_eq01   sample_noeq    1500-3000 кэВ    Bi-214                                 5078.769           5072.164 -6.605 (-0.13 %)
  G1S24_Rn222Coal_eq01   sample_noeq    1500-3000 кэВ    Tl-208                                 1059.841           1064.934 5.093 (+0.48 %)
  G1S24_Rn222Coal_eq01   sample_noeq    1500-3000 кэВ    continuum_raw                          1640.167           1637.366 -2.801 (-0.17 %)
  G1S24_Rn222Coal_eq01   sample_noeq    1500-3000 кэВ    excess_fit                              956.280            955.572 -0.708 (-0.07 %)
  G1S24_Rn222Coal_eq01   sample_noeq    1500-3000 кэВ    excess_net                              856.208            855.500 -0.708 (-0.08 %)
  G1S24_Rn222Coal_eq01   sample_noeq    1500-3000 кэВ    missing_fit                             899.865            900.665 0.800 (+0.09 %)
  … и ещё 109 строк
  ✅ ASN16_Cs137_10cm / sample_nomatrix: совпало с эталоном (2026-09-28 21:25)

ОТКАЗ: картинка FSA на витрине разошлась с эталоном (1112 строк). Это либо дефект отображения,
       либо правка, которую принимают ПЕРЕОБЪЯВЛЕНИЕМ эталона: tools\fsa_showcase\snapshot.ps1
       (таблица выше — в отчёт полосы). Снимки: tools\fsa_showcase\wd\out\*.png. 46 с.
