матрица: G1S_mar1l_oisn16_155_p24.rmx
клеймо : phys=22;a841ebb71b5cbfb1b83a31a917ff5b2969ad3d05df25573d506552bb7bce3b80
узлов 142, каналов 6, бин 2.00 кэВ; PhysicsVersion кода = 22

выброс узла: перенос канала compton соседнего узла на энергию узла против его собственной строки
    с узла    на узел  дир     rms_cont     rms_line  c_line_tr c_line_own
    1040.9     1090.0    ↑      0.16040      0.16975      511.6      509.0
    1090.0     1040.9    ↓      0.15342      0.16904      510.2      514.2
    1090.0     1141.3    ↑      0.15815      0.19218      510.4      506.9
    1141.3     1090.0    ↓      0.15547      0.14679      507.0      509.0
    1141.3     1195.1    ↑      0.16995      0.19439      514.5      512.6
    1195.1     1141.3    ↓      0.14984      0.22932      504.3      506.9
    1195.1     1251.3    ↑      0.18910      0.19544      502.4      507.4
    1251.3     1195.1    ↓      0.18616      0.18465      504.5      512.6
    1251.3     1310.3    ↑      0.19027      0.25654      506.6      511.5
    1310.3     1251.3    ↓      0.17969      0.24637      505.4      507.4
    1310.3     1372.0    ↑      0.20596      0.34781      506.3      510.8
    1372.0     1310.3    ↓      0.20447      0.36230      499.0      511.5
    1372.0     1436.6    ↑      0.20238      0.38780      521.5      514.1
    1436.6     1372.0    ↓      0.19817      0.36849      500.5      510.8
    1436.6     1504.3    ↑      0.21093      0.47632      517.2      511.4
    1504.3     1436.6    ↓      0.19721      0.49512      498.3      514.1
    1504.3     1575.1    ↑      0.22779      0.51229      521.9      510.8
    1575.1     1504.3    ↓      0.20500      0.52161      498.7      511.4
    1575.1     1649.3    ↑      0.26796      0.60755      509.9      515.0
    1649.3     1575.1    ↓      0.23358      0.60345      499.2      510.8
    1649.3     1727.0    ↑      0.28919      0.53645      518.1      511.7
    1727.0     1649.3    ↓      0.22780      0.76684      496.6      515.0
    1727.0     1808.3    ↑      0.25877      0.70652      526.5      512.8
    1808.3     1727.0    ↓      0.25145      0.90654      498.1      511.7
    1808.3     1893.5    ↑      0.24804      0.79455      531.4      512.2
    1893.5     1808.3    ↓      0.24048      0.91949      498.2      512.8
    1893.5     1982.6    ↑      0.26751      0.84883      529.5      513.7
    1982.6     1893.5    ↓      0.24951      0.92711      499.5      512.2
    1982.6     2076.0    ↑      0.26773      0.98408      532.0      514.4
    2076.0     1982.6    ↓      0.26297      1.01632      498.9      513.7
    2076.0     2173.8    ↑      0.26985      1.09044      529.5      514.1
    2173.8     2076.0    ↓      0.26020      1.01711      499.3      514.4
    2173.8     2276.2    ↑      0.28059      0.97754      531.8      514.3
    2276.2     2173.8    ↓      0.25848      1.10934      498.6      514.1
    2276.2     2383.3    ↑      0.30813      1.05433      531.6      514.7
    2383.3     2276.2    ↓      0.29170      1.14914      499.0      514.3
    2383.3     2495.6    ↑      0.29580      1.00632      531.5      514.7
    2495.6     2383.3    ↓      0.28939      1.24271      499.4      514.7
    2495.6     2613.1    ↑      0.32570      1.04290      531.4      515.3
    2613.1     2495.6    ↓      0.30654      1.26123      499.9      514.7
    2613.1     2736.2    ↑      0.33196      1.09211      531.4      514.8
    2736.2     2613.1    ↓      0.32388      1.30322      499.4      515.3
    2736.2     2865.1    ↑      0.35042      1.13094      531.2      515.3
    2865.1     2736.2    ↓      0.33414      1.36116      499.8      514.8
    2865.1     3000.0    ↑      0.34351      1.17412      531.2      515.0
    3000.0     2865.1    ↓      0.32477      1.27816      499.7      515.3
итог по 46 переносам: rms_cont 0.25225, rms_line 0.82159 (корень из среднего квадрата)
