=== e=661.657 ===

линия 661.657 кэВ между узлами 656.9921 (№ 106, вес 0.8492) и 687.9341 (№ 107, вес 0.1508)
  образ 661.657: канал compton в окне [471, 551] кэВ — над подложкой площадь 3.016180E-005 (0.045 % Σ канала), центр 472.00 кэВ, ср.-кв. ширина 0.00 кэВ; максимум бин 236 (472 кэВ) = 2.599627E-004
контроль: образ на узле 656.9921 (тождество) — fnv f5797038b86f8324
образ 661.657 всеми каналами: Σ 1.291164E-001, fnv 60aafbf51c9b1b1f
=== e=900 ===
линия 900.000 кэВ между узлами 865.9252 (№ 112, вес 0.1645) и 906.7072 (№ 113, вес 0.8355)
  образ 900.000: канал compton в окне [471, 551] кэВ — над подложкой площадь 1.480355E-004 (0.212 % Σ канала), центр 509.98 кэВ, ср.-кв. ширина 23.61 кэВ; максимум бин 247 (494 кэВ) = 1.926576E-004
контроль: образ на узле 865.9252 (тождество) — fnv 7bbefa4394422a92
образ 900.000 всеми каналами: Σ 1.168490E-001, fnv cf9722ac50da6eed
=== e=1120.29 ===
линия 1120.290 кэВ между узлами 1089.9683 (№ 117, вес 0.4093) и 1141.3020 (№ 118, вес 0.5907)
  образ 1120.290: канал compton в окне [471, 551] кэВ — над подложкой площадь 6.968696E-005 (0.099 % Σ канала), центр 514.95 кэВ, ср.-кв. ширина 24.75 кэВ; максимум бин 269 (538 кэВ) = 1.441734E-004
контроль: образ на узле 1089.9683 (тождество) — fnv 7e86bcd9b59ece95
образ 1120.290 всеми каналами: Σ 1.093044E-001, fnv 5150309a4f813859
=== e=2204.1 ===
линия 2204.100 кэВ между узлами 2173.7738 (№ 132, вес 0.7038) и 2276.1509 (№ 133, вес 0.2962)
  образ 2204.100: канал compton в окне [471, 551] кэВ — над подложкой площадь 3.935080E-004 (0.604 % Σ канала), центр 514.73 кэВ, ср.-кв. ширина 14.42 кэВ; максимум бин 260 (520 кэВ) = 1.910204E-004
контроль: образ на узле 2173.7738 (тождество) — fnv 3b05c352de9480e7
образ 2204.100 всеми каналами: Σ 9.262915E-002, fnv a099d0ec31ce985e

