матрица: G1S_mar1l_oisn16_155_p24.rmx
клеймо : phys=22;a841ebb71b5cbfb1b83a31a917ff5b2969ad3d05df25573d506552bb7bce3b80
узлов 142, каналов 6, бин 2.00 кэВ; PhysicsVersion кода = 23

выброс узла: перенос канала compton соседнего узла на энергию узла против его собственной строки
    с узла    на узел  дир     rms_cont     rms_line  c_line_tr c_line_own
    1040.9     1090.0    ↑      0.16040      0.16975      511.6      509.0
    1090.0     1040.9    ↓      0.15342      0.16904      510.2      514.2
    1090.0     1141.3    ↑      0.15815      0.19218      510.4      506.9
    1141.3     1090.0    ↓      0.15547      0.14679      507.0      509.0
    1141.3     1195.1    ↑      0.16995      0.19439      514.5      512.6
    1195.1     1141.3    ↓      0.14984      0.22932      504.3      506.9
    1195.1     1251.3    ↑      0.18910      0.19544      502.4      507.4
    1251.3     1195.1    ↓      0.18616      0.18465      504.5      512.6
    1251.3     1310.3    ↑      0.19027      0.25654      506.6      511.5
    1310.3     1251.3    ↓      0.17969      0.24637      505.4      507.4
    1310.3     1372.0    ↑      0.21204      0.25056      509.3      510.8
    1372.0     1310.3    ↓      0.20209      0.22932      511.9      511.5
    1372.0     1436.6    ↑      0.20378      0.18937      508.7      514.1
    1436.6     1372.0    ↓      0.20378      0.19370      516.0      510.8
    1436.6     1504.3    ↑      0.20554      0.32926      510.6      511.4
    1504.3     1436.6    ↓      0.19303      0.29039      512.2      514.1
    1504.3     1575.1    ↑      0.22575      0.30482      509.1      510.8
    1575.1     1504.3    ↓      0.21360      0.25518      511.5      511.4
    1575.1     1649.3    ↑      0.22697      0.31372      509.7      515.0
    1649.3     1575.1    ↓      0.21621      0.21855      515.7      510.8
    1649.3     1727.0    ↑      0.24878      0.27999      513.2      511.7
    1727.0     1649.3    ↓      0.23784      0.35903      511.5      515.0
    1727.0     1808.3    ↑      0.25222      0.38085      509.9      512.8
    1808.3     1727.0    ↓      0.24076      0.30665      513.1      511.7
    1808.3     1893.5    ↑      0.25178      0.22699      512.1      512.2
    1893.5     1808.3    ↓      0.24421      0.22088      512.9      512.8
    1893.5     1982.6    ↑      0.27517      0.24524      511.8      513.7
    1982.6     1893.5    ↓      0.25865      0.22574      514.0      512.2
    1982.6     2076.0    ↑      0.28089      0.23261      513.2      514.4
    2076.0     1982.6    ↓      0.28285      0.20254      514.2      513.7
    2076.0     2173.8    ↑      0.27547      0.21121      513.7      514.1
    2173.8     2076.0    ↓      0.26291      0.19596      513.9      514.4
    2173.8     2276.2    ↑      0.28419      0.25085      513.8      514.3
    2276.2     2173.8    ↓      0.26568      0.25209      514.1      514.1
    2276.2     2383.3    ↑      0.30421      0.22156      513.9      514.7
    2383.3     2276.2    ↓      0.28740      0.15364      514.6      514.3
    2383.3     2495.6    ↑      0.32950      0.22646      514.7      514.7
    2495.6     2383.3    ↓      0.31799      0.15646      514.5      514.7
    2495.6     2613.1    ↑      0.33382      0.25843      514.7      515.3
    2613.1     2495.6    ↓      0.30834      0.11315      515.1      514.7
    2613.1     2736.2    ↑      0.34163      0.24373      515.0      514.8
    2736.2     2613.1    ↓      0.32838      0.29123      514.7      515.3
    2736.2     2865.1    ↑      0.34892      0.32006      514.8      515.3
    2865.1     2736.2    ↓      0.33448      0.15437      515.2      514.8
    2865.1     3000.0    ↑      0.35171      0.26021      515.5      515.0
    3000.0     2865.1    ↓      0.33194      0.31467      514.9      515.3
итог по 46 переносам: rms_cont 0.25436, rms_line 0.24310 (корень из среднего квадрата)
