матрица: AS80_point0.rmx
клеймо : phys=22;72f2f366f4aeb53eb8244868325fcd31c5f9ef08186691cf0a2fab9407e17003
узлов 140, каналов 6, бин 2.00 кэВ; PhysicsVersion кода = 22

выброс узла: перенос канала compton соседнего узла на энергию узла против его собственной строки
    с узла    на узел  дир     rms_cont     rms_line  c_line_tr c_line_own
    1040.9     1090.0    ↑      0.12002      0.11127      506.4      516.8
    1090.0     1040.9    ↓      0.11304      0.13321      508.6      516.4
    1090.0     1141.3    ↑      0.14170      0.10970      512.1      510.2
    1141.3     1090.0    ↓      0.13109      0.11428      510.3      516.8
    1141.3     1195.1    ↑      0.14287      0.11271      509.9      510.1
    1195.1     1141.3    ↓      0.13865      0.09548      514.7      510.2
    1195.1     1251.3    ↑      0.14966      0.09298      516.3      517.0
    1251.3     1195.1    ↓      0.14543      0.10117      507.0      510.1
    1251.3     1310.3    ↑      0.13782      0.11834      505.5      509.2
    1310.3     1251.3    ↓      0.13780      0.12219      506.5      517.0
    1310.3     1372.0    ↑      0.15364      0.18929      512.2      510.7
    1372.0     1310.3    ↓      0.14744      0.16676      499.9      509.2
    1372.0     1436.6    ↑      0.16895      0.20475      508.2      511.1
    1436.6     1372.0    ↓      0.15665      0.22257      501.4      510.7
    1436.6     1504.3    ↑      0.17404      0.32434      515.9      512.2
    1504.3     1436.6    ↓      0.16545      0.22136      500.1      511.1
    1504.3     1575.1    ↑      0.16788      0.40368      519.5      513.7
    1575.1     1504.3    ↓      0.16723      0.33389      504.3      512.2
    1575.1     1649.3    ↑      0.17434      0.38366      526.1      512.1
    1649.3     1575.1    ↓      0.16580      0.37909      501.7      513.7
    1649.3     1727.0    ↑      0.18376      0.45139      525.6      511.8
    1727.0     1649.3    ↓      0.17465      0.45752      497.9      512.1
    1727.0     1808.3    ↑      0.19340      0.46124      527.2      512.6
    1808.3     1727.0    ↓      0.18548      0.55598      498.6      511.8
    1808.3     1893.5    ↑      0.19503      0.49837      525.0      512.2
    1893.5     1808.3    ↓      0.18844      0.52847      499.2      512.6
    1893.5     1982.6    ↑      0.19942      0.61708      523.8      513.7
    1982.6     1893.5    ↓      0.18679      0.61500      499.4      512.2
    1982.6     2076.0    ↑      0.19652      0.73338      528.2      513.0
    2076.0     1982.6    ↓      0.19481      0.67750      500.3      513.7
    2076.0     2173.8    ↑      0.21281      0.83214      529.1      513.0
    2173.8     2076.0    ↓      0.20143      0.74259      501.1      513.0
    2173.8     2276.2    ↑      0.22416      0.82415      527.8      515.5
    2276.2     2173.8    ↓      0.21463      0.77337      499.7      513.0
    2276.2     2383.3    ↑      0.22797      0.89571      529.2      514.4
    2383.3     2276.2    ↓      0.21240      0.88015      500.7      515.5
    2383.3     2495.6    ↑      0.23540      0.82039      528.8      514.4
    2495.6     2383.3    ↓      0.23092      0.89664      500.4      514.4
    2495.6     2613.1    ↑      0.24622      0.84978      530.5      514.7
    2613.1     2495.6    ↓      0.23204      0.96958      499.5      514.4
    2613.1     2736.2    ↑      0.25550      0.94500      530.8      514.1
    2736.2     2613.1    ↓      0.24359      1.07479      500.8      514.7
    2736.2     2865.1    ↑      0.26061      0.96539      530.3      515.0
    2865.1     2736.2    ↓      0.24888      1.03667      500.2      514.1
    2865.1     3000.0    ↑      0.25833      1.01548      530.1      514.9
    3000.0     2865.1    ↓      0.25224      1.09757      500.2      515.0
итог по 46 переносам: rms_cont 0.19246, rms_line 0.62112 (корень из среднего квадрата)
