матрица: AS80_point0.rmx
клеймо : phys=22;72f2f366f4aeb53eb8244868325fcd31c5f9ef08186691cf0a2fab9407e17003
узлов 140, каналов 6, бин 2.00 кэВ; PhysicsVersion кода = 23

выброс узла: перенос канала compton соседнего узла на энергию узла против его собственной строки
    с узла    на узел  дир     rms_cont     rms_line  c_line_tr c_line_own
    1040.9     1090.0    ↑      0.12002      0.11127      506.4      516.8
    1090.0     1040.9    ↓      0.11304      0.13321      508.6      516.4
    1090.0     1141.3    ↑      0.14170      0.10970      512.1      510.2
    1141.3     1090.0    ↓      0.13109      0.11428      510.3      516.8
    1141.3     1195.1    ↑      0.14287      0.11271      509.9      510.1
    1195.1     1141.3    ↓      0.13865      0.09548      514.7      510.2
    1195.1     1251.3    ↑      0.14966      0.09298      516.3      517.0
    1251.3     1195.1    ↓      0.14543      0.10117      507.0      510.1
    1251.3     1310.3    ↑      0.13782      0.11834      505.5      509.2
    1310.3     1251.3    ↓      0.13780      0.12219      506.5      517.0
    1310.3     1372.0    ↑      0.15058      0.20271      504.6      510.7
    1372.0     1310.3    ↓      0.14225      0.18399      516.3      509.2
    1372.0     1436.6    ↑      0.16698      0.15188      506.9      511.1
    1436.6     1372.0    ↓      0.16269      0.14716      514.1      510.7
    1436.6     1504.3    ↑      0.17396      0.23762      506.9      512.2
    1504.3     1436.6    ↓      0.16802      0.22634      515.2      511.1
    1504.3     1575.1    ↑      0.17768      0.20487      509.1      513.7
    1575.1     1504.3    ↓      0.17376      0.18337      514.4      512.2
    1575.1     1649.3    ↑      0.17408      0.13931      510.3      512.1
    1649.3     1575.1    ↓      0.17068      0.13488      513.1      513.7
    1649.3     1727.0    ↑      0.18184      0.31655      510.2      511.8
    1727.0     1649.3    ↓      0.17142      0.33164      513.5      512.1
    1727.0     1808.3    ↑      0.19138      0.27807      510.4      512.6
    1808.3     1727.0    ↓      0.18385      0.25224      513.2      511.8
    1808.3     1893.5    ↑      0.19056      0.30214      511.1      512.2
    1893.5     1808.3    ↓      0.18722      0.24342      513.2      512.6
    1893.5     1982.6    ↑      0.20222      0.21612      510.9      513.7
    1982.6     1893.5    ↓      0.19059      0.20049      514.6      512.2
    1982.6     2076.0    ↑      0.20796      0.21507      512.7      513.0
    2076.0     1982.6    ↓      0.20522      0.11924      513.3      513.7
    2076.0     2173.8    ↑      0.20501      0.20629      512.3      513.0
    2173.8     2076.0    ↓      0.19246      0.15351      512.9      513.0
    2173.8     2276.2    ↑      0.22903      0.23154      511.4      515.5
    2276.2     2173.8    ↓      0.21717      0.21357      515.6      513.0
    2276.2     2383.3    ↑      0.23824      0.25315      514.4      514.4
    2383.3     2276.2    ↓      0.22510      0.26318      514.3      515.5
    2383.3     2495.6    ↑      0.23968      0.16314      513.8      514.4
    2495.6     2383.3    ↓      0.23647      0.16397      514.4      514.4
    2495.6     2613.1    ↑      0.23931      0.22207      513.6      514.7
    2613.1     2495.6    ↓      0.22638      0.21146      514.6      514.4
    2613.1     2736.2    ↑      0.25792      0.17760      513.9      514.1
    2736.2     2613.1    ↓      0.24667      0.14155      514.1      514.7
    2736.2     2865.1    ↑      0.25736      0.19544      514.0      515.0
    2865.1     2736.2    ↓      0.25103      0.15221      515.1      514.1
    2865.1     3000.0    ↑      0.25824      0.19962      514.9      514.9
    3000.0     2865.1    ↓      0.24837      0.17063      514.5      515.0
итог по 46 переносам: rms_cont 0.19350, rms_line 0.19463 (корень из среднего квадрата)
