Preparing worktree (detached HEAD fb86bb45)
Updating files:  12% (687/5379)
Updating files:  13% (700/5379)
Updating files:  14% (754/5379)
Updating files:  15% (807/5379)
Updating files:  16% (861/5379)
Updating files:  17% (915/5379)
Updating files:  18% (969/5379)
Updating files:  19% (1023/5379)
Updating files:  20% (1076/5379)
Updating files:  21% (1130/5379)
Updating files:  22% (1184/5379)
Updating files:  23% (1238/5379)
Updating files:  24% (1291/5379)
Updating files:  25% (1345/5379)
Updating files:  26% (1399/5379)
Updating files:  27% (1453/5379)
Updating files:  28% (1507/5379)
Updating files:  29% (1560/5379)
Updating files:  30% (1614/5379)
Updating files:  31% (1668/5379)
Updating files:  32% (1722/5379)
Updating files:  33% (1776/5379)
Updating files:  34% (1829/5379)
Updating files:  35% (1883/5379)
Updating files:  36% (1937/5379)
Updating files:  37% (1991/5379)
Updating files:  38% (2045/5379)
Updating files:  39% (2098/5379)
Updating files:  40% (2152/5379)
Updating files:  41% (2206/5379)
Updating files:  42% (2260/5379)
Updating files:  42% (2268/5379)
Updating files:  43% (2313/5379)
Updating files:  44% (2367/5379)
Updating files:  45% (2421/5379)
Updating files:  46% (2475/5379)
Updating files:  47% (2529/5379)
Updating files:  48% (2582/5379)
Updating files:  49% (2636/5379)
Updating files:  50% (2690/5379)
Updating files:  51% (2744/5379)
Updating files:  52% (2798/5379)
Updating files:  53% (2851/5379)
Updating files:  54% (2905/5379)
Updating files:  55% (2959/5379)
Updating files:  56% (3013/5379)
Updating files:  57% (3067/5379)
Updating files:  58% (3120/5379)
Updating files:  59% (3174/5379)
Updating files:  60% (3228/5379)
Updating files:  61% (3282/5379)
Updating files:  62% (3335/5379)
Updating files:  63% (3389/5379)
Updating files:  64% (3443/5379)
Updating files:  65% (3497/5379)
Updating files:  66% (3551/5379)
Updating files:  67% (3604/5379)
Updating files:  68% (3658/5379)
Updating files:  69% (3712/5379)
Updating files:  69% (3736/5379)
Updating files:  70% (3766/5379)
Updating files:  71% (3820/5379)
Updating files:  72% (3873/5379)
Updating files:  73% (3927/5379)
Updating files:  74% (3981/5379)
Updating files:  75% (4035/5379)
Updating files:  76% (4089/5379)
Updating files:  77% (4142/5379)
Updating files:  77% (4145/5379)
Updating files:  78% (4196/5379)
Updating files:  79% (4250/5379)
Updating files:  80% (4304/5379)
Updating files:  81% (4357/5379)
Updating files:  82% (4411/5379)
Updating files:  83% (4465/5379)
Updating files:  84% (4519/5379)
Updating files:  85% (4573/5379)
Updating files:  86% (4626/5379)
Updating files:  87% (4680/5379)
Updating files:  87% (4732/5379)
Updating files:  88% (4734/5379)
Updating files:  89% (4788/5379)
Updating files:  90% (4842/5379)
Updating files:  91% (4895/5379)
Updating files:  92% (4949/5379)
Updating files:  93% (5003/5379)
Updating files:  94% (5057/5379)
Updating files:  95% (5111/5379)
Updating files:  96% (5164/5379)
Updating files:  97% (5218/5379)
Updating files:  98% (5272/5379)
Updating files:  99% (5326/5379)
Updating files: 100% (5379/5379)
Updating files: 100% (5379/5379), done.
HEAD is now at fb86bb45 П21: A30 закрыта — заслон сведения рентгена кристалла снят: FsaSampleLibrary.AddAtomic строит образы «кристалл → проба → защита», кристалл сводится всегда; прежний порядок ключом FsaSampleSpec.CrystalShield / --crystal-shield=1 (ВЫКЛ)
