== `A244` П9 «ГРАФИКИ КАЛИБРОВОК»: ЧИСЛА, КОТОРЫЕ РИСУЮТ ТРИ ВИДА ==

сборка приложения: C:\Users\moroz\source\repos\BQ Eng res .NET 4.8\tools\effmaker\probes\build_f35\BecquerelMonitor.exe
собрана:           05.09.2026 21:16:40
процесс пробы:     целевая платформа входной сборки=.NETFramework,Version=v4.8
культура ОС:       ru-RU

[полож. контроль СНЯТИЯ] метафайл отдаёт обратно то, что нарисовано:
  снято 3 строк: «1,234.50» | «хвост 1234.50» | «простая» — снятие работает

── ПОКАЗ БЕЗ СУДА, культура ru-RU ──
  [полож. контроль] `(1.5).ToString()` = «1,5», разделитель культуры = «,»
  калибровка энергии, оси:        «500» | «1000» | «1500» | «2000» | «2500» | «3000» | «3500» | «500» | «1000» | «1500» | «2000» | «2500» | «3000» | «Энергия[кэВ]:» | «Канал:»
  калибровка энергии, подпись:    «Канал: 1234\nЭнергия[кэВ]: 1234,5\nΔКанал: 34»
  калибровка энергии, подпись+вес:«Канал: 1234\nЭнергия[кэВ]: 1234,5\nВес: 100\nΔКанал: 34»
  калибровка энергии, СКО:        «y = 1*x+35.1234\nСреднеквадратичная ошибка:\n\tИзначальное: 141806,5055\n\tТекущее: 141806,5055»
  калибровка энергии, ВСКО:       «y = 1*x+35.1234\nСреднеквадратичная ошибка:\n\tИзначальное: 165930,9773\n\tТекущее: 165930,9773»
  ПШПВ, оси:                      «682» | «1364» | «2046» | «2728» | «3410» | «10» | «20» | «30» | «40» | «50» | «ПШПВ:» | «Канал:»
  ПШПВ, подпись точки:            «Канал: 1234\nЭнергия[кэВ]: 1234,57\nПШПВ: 2614,5432 ch\nΔПШПВ: 2589,5»
  ПШПВ, панель под курсором:      «Канал: 2022\nЭнергия[кэВ]: 2057,12\nПШПВ: 32 ch\n»
  ПШПВ, СКО:                      «FWHM = √(0 * ch² + 0.5 * ch + 12.3456)\nСреднеквадратичная ошибка:\n\tИзначальное: 3353144,5252\n\tТекущее: 3353144,5252»
  форма пика, сетка:              «-5σ» | «-4σ» | «-3σ» | «-2σ» | «-1σ» | «0» | «1σ» | «2σ» | «3σ» | «4σ» | «5σ» | «1,0» | «0,8» | «0,6» | «0,4» | «0,2» | «0,0»
  форма пика, легенда гауссианы:  «Гауссиана» | «G(x) = exp(» | «-» | «x» | «2» | «2» | «σ» | «2» | «g» | «)» | «σ» | «g» | « = » | «1234,568» | «Гауссиана» | «G(x) = exp(» | «-» | «x» | «2» | «2» | «σ» | «2» | «g» | «)» | «σ» | «g» | « = » | «0,5»
  форма пика, легенда ЭГЭ:        «Гауссиана» | «G(x) = exp(» | «-» | «x» | «2» | «2» | «σ» | «2» | «g» | «)» | «σ» | «g» | « = » | «1234,568» | «Эксп-Гаусс-Эксп (1234,6, 0,5)» | «E(t) = exp(» | «R» | «2» | «2» | « - Rt),  t > R» | «E(t) = exp(» | «-» | «t» | «2» | «2» | «),  -L ≤ t ≤ R» | «E(t) = exp(» | «L» | «2» | «2» | « + Lt),  t < -L» | «t = » | «x» | «σ» | «,  σ = » | «2614,543» | «,  L = » | «1234,568» | «,  R = » | «0,5»
  форма пика, легенда Фойгта:     «Гауссиана» | «G(x) = exp(» | «-» | «x» | «2» | «2» | «σ» | «2» | «g» | «)» | «σ» | «g» | « = » | «1234,568» | «Фойгт (1234,6, 0,5)» | «V(x) = » | «ηL(x,γ) + (1 - η)» | «G» | «V» | «(x,σ)» | «V(0)» | «G» | «V» | «(x,σ) = » | «exp(» | «-» | «x» | «2» | «2» | «σ» | «2» | «)» | «σ» | «√(2π)» | «L(x,γ) = » | «γ» | «π(» | «x» | «2» | « + » | «γ» | «2» | «)» | «k = » | «2614,5432» | «σ = » | «σ» | «rel» | «·k = » | «1234,568» | «·» | «2614,5432» | « = » | «1234,568» | «γ = » | «γ» | «rel» | «·k = » | «0,5» | «·» | «2614,5432» | « = » | «2614,543» | «η = » | «0,5»

модальных окон за прогон: 0
СОШЛОСЬ, расхождений нет
