склад: D:\BqMoni_Claude\p109\deliver\config\device\response
матриц: 11

файл                                    форм   phys    историй   узл  кан  шум мед шум худш конус
---------------------------------------------------------------------------------------------------------
04cb27d4-6b6e-4c6c-b665-b6175d78bdcb.r     9     22    1000000   100    6    2.80%    2.89%   нет
3b84ce13-d635-47d0-b734-62caa283e3f3.r     9     22    1000000   100    6    2.80%    2.91%   нет
41dc6e6a-c186-474f-96d3-4cc500538ab7.r     9     22    1000000   100    6    2.85%    3.00%   нет
42333387-5295-4665-8c82-6e85c8498a18.r     9     22    1000000   100    6    2.81%    2.97%   нет
4c5aa26d-d776-481f-96d8-c01022590f39.r     9     22    1000000   100    6    2.81%    2.94%   нет
50a57c5a-3237-4154-b269-b9fd1a2c7d88.r     9     22    1000000   100    6    2.83%    2.94%   нет
5cb11287-beed-4fa3-bf52-21453effbdc8.r     9     22    1000000   100    6    2.85%    2.99%   нет
755bbe16-49f5-465c-8407-0e2520d106fd.r     9     22    1000000   100    6    2.82%    2.93%   нет
7fbb8fc3-24b8-440a-b750-80fb11b5a0e6.r     9     22    1000000   100    6    4.85%    7.16%   нет
aa8a6ecb-5866-4f9d-b359-3c68dba82e5a.r     9     22    1000000   100    6    2.83%    2.94%   нет
c482e3bc-e2a8-491f-8759-5df93827eaef.r     9     22    1000000   100    6    2.80%    2.92%   нет

  версия физики: 22 — 11
  историй на узел: 1000000 — 11
  каналов у матрицы: 6 — 11 (код знает 6)
  с конусом: 0 из 11
  шумных (худший СУДИМЫЙ узел выше 3.00 %): 1
  континуума нет (шум ≥ 99 %): 179 узлов по складу, судятся узлы от 50 кэВ
  таблица: D:\BqMoni_Claude\p115\matrix_audit_deliver.csv

НАХОДОК: 1
  7fbb8fc3-24b8-440a-b750-80fb11b5a0e6.rmx: шум худшего узла 7.16 % при пороге 3.00 %
