16:52:53 MatrixRecomputeProbe: сборка физики 22, формат файла 9
  config : D:\BqMoni_Claude\p115\config
  кривых с геометрией: 11
  матрица: 5-3000 кэВ, узлов 100, бин 2 кэВ, историй на узел 1000000, потоков 15
  кривая : 5-3000 кэВ, точек 100 (log), историй на точку 1000000

16:52:53 == [1/11] 1.Atom Spectra Nano 16 Pro RadiaScan 701A / Точка ==  guid 7fbb8fc3-24b8-440a-b750-80fb11b5a0e6
    геометрия: geometry: crystal Cesium iodide box 15.0x18.0x60.0 mm, rho 4.510; source - point, 100.0 mm, Air, dry
    клеймо кривой было: phys=18; hist=200000; grid=40-3000 keV/34 std; kdip=1; lys=2; etr=1; e+tr=1; e+off=1; rayl2=1; ecomp=1; bpath=2
    16:53:23 матрица:  10.0 % узлов досчитано (100/100 узлов в работе, последний 333.4 кэВ), 30 с
    16:53:50 матрица:  20.0 % узлов досчитано (100/100 узлов в работе, последний 198.8 кэВ), 56 с
    16:53:52 матрица:  30.0 % узлов досчитано (100/100 узлов в работе, последний 2636.3 кэВ), 59 с
    16:54:16 матрица:  40.0 % узлов досчитано (100/100 узлов в работе, последний 1295.1 кэВ), 83 с
    16:54:38 матрица:  50.0 % узлов досчитано (100/100 узлов в работе, последний 18.2 кэВ), 104 с
    16:54:44 матрица:  60.0 % узлов досчитано (100/100 узлов в работе, последний 118.6 кэВ), 111 с
    16:54:59 матрица:  70.0 % узлов досчитано (100/100 узлов в работе, последний 7.9 кэВ), 126 с
    16:55:25 матрица:  80.0 % узлов досчитано (100/100 узлов в работе, последний 70.7 кэВ), 152 с
    16:55:31 матрица:  90.0 % узлов досчитано (100/100 узлов в работе, последний 34.7 кэВ), 158 с
    16:55:55 матрица: 100.0 % узлов досчитано (100/100 узлов в работе, последний 75.4 кэВ), 182 с
    матрица  : 183.8 с на часах, 2433.3 с ЦП (ядер 13.2), узлов 100, историй потрачено 838314294, шум конт. взвеш. 3.86 %
    записана : D:\BqMoni_Claude\p115\config\device\response\7fbb8fc3-24b8-440a-b750-80fb11b5a0e6.rmx (443618 байт), формат 9, обратно: читается, IsValidFor = годна
    клеймо   : phys=22;71302f5e2429a5af99e6220aa83cf3cd81e7c839b47f6398f07af7d205620c0b
      | geometry: crystal Cesium iodide box 15.0x18.0x60.0 mm, rho 4.510; source - point, 100.0 mm, Air, dry
      | cm: Cesium iodide 1.50x1.80 z[0.00..6.00] *; Polytetrafluoroethylene 1.50x1.80 z[-0.13..0.00]; Polytetrafluoroethylene 1.70x2.00 z[-0.13..6.00]; Air, dry 1.70x2.00 z[-0.13..6.00]; Aluminum 2.10x2.40 z[-0.31..-0.13]; Aluminum 2.10x2.40 z[-0.13..6.00]; Aluminum 2.10x2.40 z[6.00..6.20]
      | Cross sections: partial, per element; bremsstrahlung escape: CsI; 1000000 histories per point
      | grid: 100 points, 5-3000 keV (Logarithmic); threads: 15
      | spread per point: median 0.36 %, worst 14.66 % at 6.1 keV (effective sample 47 of 1000000 histories)
    кривая   : 17.7 с, точек 97 (6.1-3000 кэВ)
    клеймо   : phys=22; hist=1000000; grid=6.1-3000 keV/97 log; kdip=1; lys=2; etr=1; e+tr=1; e+off=1; rayl2=1; ecomp=1; bpath=2; eltr=1; elmix=1; lbrem=1; lbang=1
    XML      : D:\BqMoni_Claude\p115\config\device\1.Atom Spectra Nano 16 Pro RadiaScan 701A.xml записан (146359 байт)
16:56:15    итого по кривой 202 с; всего с начала 202 с

16:56:15 == [2/11] 1.Atom Spectra Nano 16 Pro RadiaScan 701A / Маринелли ==  guid 41dc6e6a-c186-474f-96d3-4cc500538ab7
    геометрия: geometry: crystal Cesium iodide box 15.0x18.0x60.0 mm, rho 4.510; source - Marinelli D=114.0 Dhole=61.0 H=85.0 at 1.0 mm, Air, dry
    клеймо кривой было: phys=18; hist=200000; grid=40-3000 keV/34 std; sample=air; kdip=1; lys=2; etr=1; e+tr=1; e+off=1; rayl2=1; ecomp=1; bpath=2
    16:57:45 матрица:  10.0 % узлов досчитано (100/100 узлов в работе, последний 22.1 кэВ), 91 с
    16:58:44 матрица:  20.0 % узлов досчитано (100/100 узлов в работе, последний 6.5 кэВ), 149 с
    16:59:14 матрица:  30.0 % узлов досчитано (100/100 узлов в работе, последний 30.5 кэВ), 179 с
    16:59:32 матрица:  40.0 % узлов досчитано (100/100 узлов в работе, последний 126.5 кэВ), 197 с
    16:59:52 матрица:  50.0 % узлов досчитано (100/100 узлов в работе, последний 97.7 кэВ), 217 с
    17:00:07 матрица:  60.0 % узлов досчитано (100/100 узлов в работе, последний 91.6 кэВ), 232 с
    17:00:09 матрица:  70.0 % узлов досчитано (100/100 узлов в работе, последний 312.6 кэВ), 234 с
    17:00:20 матрица:  80.0 % узлов досчитано (100/100 узлов в работе, последний 404.8 кэВ), 245 с
    17:00:24 матрица:  90.0 % узлов досчитано (100/100 узлов в работе, последний 42.2 кэВ), 249 с
    17:00:38 матрица: 100.0 % узлов досчитано (100/100 узлов в работе, последний 118.6 кэВ), 263 с
    матрица  : 270.0 с на часах, 3723.0 с ЦП (ядер 13.8), узлов 100, историй потрачено 374858103, шум конт. взвеш. 2.90 %
    записана : D:\BqMoni_Claude\p115\config\device\response\41dc6e6a-c186-474f-96d3-4cc500538ab7.rmx (452374 байт), формат 9, обратно: читается, IsValidFor = годна
    клеймо   : phys=22;5ed02d5b185e552124c81e86bf4e2326711650240db528e0ffce2d22fde2a766
      | geometry: crystal Cesium iodide box 15.0x18.0x60.0 mm, rho 4.510; source - Marinelli D=114.0 Dhole=61.0 H=85.0 at 1.0 mm, Air, dry
      | WARNING: the sample material is still air ("Air, dry", 0.001205 g/cm3) while the sample is 85.0 mm high - self-absorption is NOT accounted for, and the curve can be off by a factor
      | cm: Cesium iodide 1.50x1.80 z[0.00..6.00] *; Polytetrafluoroethylene 1.50x1.80 z[-0.13..0.00]; Polytetrafluoroethylene 1.70x2.00 z[-0.13..6.00]; Air, dry 1.70x2.00 z[-0.13..6.00]; Aluminum 2.10x2.40 z[-0.31..-0.13]; Aluminum 2.10x2.40 z[-0.13..6.00]; Aluminum 2.10x2.40 z[6.00..6.20]; Polyethylene r[0.00..3.25] z[-0.61..-0.41]; Polyethylene r[3.05..3.25] z[-0.41..4.89]; Polyethylene r[5.50..5.70] z[-3.81..4.69]; Air, dry r[0.00..3.25] z[-3.81..-0.61]; Air, dry r[3.25..5.50] z[-3.81..4.69]
      | Cross sections: partial, per element; bremsstrahlung escape: CsI; 1000000 histories per point
      | grid: 100 points, 5-3000 keV (Logarithmic); threads: 15
      | spread per point: median 0.43 %, worst 71.02 % at 6.1 keV (effective sample 2 of 1000000 histories)
    кривая   : 59.1 с, точек 97 (6.1-3000 кэВ)
    клеймо   : phys=22; hist=1000000; grid=6.1-3000 keV/97 log; sample=air; kdip=1; lys=2; etr=1; e+tr=1; e+off=1; rayl2=1; ecomp=1; bpath=2; eltr=1; elmix=1; lbrem=1; lbang=1
    XML      : D:\BqMoni_Claude\p115\config\device\1.Atom Spectra Nano 16 Pro RadiaScan 701A.xml записан (160955 байт)
17:01:44    итого по кривой 329 с; всего с начала 531 с

17:01:44 == [3/11] 1.Atom Spectra Nano 16 Pro RadiaScan 701A / Цилиндр ==  guid 42333387-5295-4665-8c82-6e85c8498a18
    геометрия: geometry: crystal Cesium iodide box 15.0x18.0x60.0 mm, rho 4.510; source - cylinder D=40.0 H=20.0 at 0.0 mm, Water, liquid
    клеймо кривой было: phys=19; hist=1000000; grid=6.5-3000 keV/96 log; kdip=1; lys=2; etr=1; e+tr=1; e+off=1; rayl2=1; ecomp=1; bpath=2; eltr=1
    17:03:03 матрица:  10.0 % узлов досчитано (100/100 узлов в работе, последний 19.4 кэВ), 79 с
    17:03:44 матрица:  20.0 % узлов досчитано (100/100 узлов в работе, последний 5.7 кэВ), 120 с
    17:04:02 матрица:  30.0 % узлов досчитано (100/100 узлов в работе, последний 2035.9 кэВ), 138 с
    17:04:12 матрица:  40.0 % узлов досчитано (100/100 узлов в работе, последний 1381.6 кэВ), 148 с
    17:04:18 матрица:  50.0 % узлов досчитано (100/100 узлов в работе, последний 118.6 кэВ), 153 с
    17:04:23 матрица:  60.0 % узлов досчитано (100/100 узлов в работе, последний 163.8 кэВ), 159 с
    17:04:27 матрица:  70.0 % узлов досчитано (100/100 узлов в работе, последний 333.4 кэВ), 163 с
    17:04:31 матрица:  80.0 % узлов досчитано (100/100 узлов в работе, последний 198.8 кэВ), 167 с
    17:04:32 матрица:  90.0 % узлов досчитано (100/100 узлов в работе, последний 80.5 кэВ), 167 с
    17:05:02 матрица: 100.0 % узлов досчитано (100/100 узлов в работе, последний 25.1 кэВ), 197 с
    матрица  : 203.2 с на часах, 2558.0 с ЦП (ядер 12.6), узлов 100, историй потрачено 309791713, шум конт. взвеш. 2.88 %
    записана : D:\BqMoni_Claude\p115\config\device\response\42333387-5295-4665-8c82-6e85c8498a18.rmx (456370 байт), формат 9, обратно: читается, IsValidFor = годна
    клеймо   : phys=22;9ac11aea63de81cc95ebea238d4bad8705741b8c0eac04498c8453a63b2ac37c
      | geometry: crystal Cesium iodide box 15.0x18.0x60.0 mm, rho 4.510; source - cylinder D=40.0 H=20.0 at 0.0 mm, Water, liquid
      | cm: Cesium iodide 1.50x1.80 z[0.00..6.00] *; Polytetrafluoroethylene 1.50x1.80 z[-0.13..0.00]; Polytetrafluoroethylene 1.70x2.00 z[-0.13..6.00]; Air, dry 1.70x2.00 z[-0.13..6.00]; Aluminum 2.10x2.40 z[-0.31..-0.13]; Aluminum 2.10x2.40 z[-0.13..6.00]; Aluminum 2.10x2.40 z[6.00..6.20]; Polyethylene r[0.00..2.00] z[-0.41..-0.31]; Polyethylene r[1.90..2.00] z[-2.41..-0.41]; Water, liquid r[0.00..1.90] z[-2.41..-0.41]
      | Cross sections: partial, per element; bremsstrahlung escape: CsI; 1000000 histories per point
      | grid: 100 points, 5-3000 keV (Logarithmic); threads: 15
      | spread per point: median 0.43 %, worst 6.50 % at 6.5 keV (effective sample 236 of 1000000 histories)
    кривая   : 50.1 с, точек 96 (6.5-3000 кэВ)
    клеймо   : phys=22; hist=1000000; grid=6.5-3000 keV/96 log; kdip=1; lys=2; etr=1; e+tr=1; e+off=1; rayl2=1; ecomp=1; bpath=2; eltr=1; elmix=1; lbrem=1; lbang=1
    XML      : D:\BqMoni_Claude\p115\config\device\1.Atom Spectra Nano 16 Pro RadiaScan 701A.xml записан (160958 байт)
17:05:57    итого по кривой 253 с; всего с начала 784 с

17:05:57 == [4/11] 1.Atom Spectra Nano 16 Pro RadiaScan 701A / Точка впритык ==  guid 3b84ce13-d635-47d0-b734-62caa283e3f3
    геометрия: geometry: crystal Cesium iodide box 15.0x18.0x60.0 mm, rho 4.510; source - point, 0.0 mm, Air, dry
    клеймо кривой было: phys=18; hist=1000000; grid=5-3000 keV/100 log; kdip=1; lys=2; etr=1; e+tr=1; e+off=1; rayl2=1; ecomp=1; bpath=2
    17:06:02 матрица:  10.0 % узлов досчитано (85/100 узлов в работе, последний 58.3 кэВ), 5 с
    17:06:53 матрица:  20.0 % узлов досчитано (100/100 узлов в работе, последний 13.2 кэВ), 55 с
    17:07:04 матрица:  30.0 % узлов досчитано (100/100 узлов в работе, последний 22.1 кэВ), 67 с
    17:07:19 матрица:  40.0 % узлов досчитано (100/100 узлов в работе, последний 26.8 кэВ), 81 с
    17:07:23 матрица:  50.0 % узлов досчитано (100/100 узлов в работе, последний 126.5 кэВ), 86 с
    17:07:26 матрица:  60.0 % узлов досчитано (100/100 узлов в работе, последний 1138.1 кэВ), 88 с
    17:07:27 матрица:  70.0 % узлов досчитано (100/100 узлов в работе, последний 772.4 кэВ), 90 с
    17:07:29 матрица:  80.0 % узлов досчитано (100/100 узлов в работе, последний 596.4 кэВ), 91 с
    17:07:30 матрица:  90.0 % узлов досчитано (100/100 узлов в работе, последний 491.3 кэВ), 92 с
    17:07:44 матрица: 100.0 % узлов досчитано (100/100 узлов в работе, последний 25.1 кэВ), 107 с
    матрица  : 110.8 с на часах, 1368.3 с ЦП (ядер 12.3), узлов 100, историй потрачено 238166327, шум конт. взвеш. 2.68 %
    записана : D:\BqMoni_Claude\p115\config\device\response\3b84ce13-d635-47d0-b734-62caa283e3f3.rmx (447190 байт), формат 9, обратно: читается, IsValidFor = годна
    клеймо   : phys=22;a5cf00bc68ca7c4eb38fd14987a4c04e4c2ebdc7b49d078389a73613d4ae2e6c
      | geometry: crystal Cesium iodide box 15.0x18.0x60.0 mm, rho 4.510; source - point, 0.0 mm, Air, dry
      | cm: Cesium iodide 1.50x1.80 z[0.00..6.00] *; Polytetrafluoroethylene 1.50x1.80 z[-0.13..0.00]; Polytetrafluoroethylene 1.70x2.00 z[-0.13..6.00]; Air, dry 1.70x2.00 z[-0.13..6.00]; Aluminum 2.10x2.40 z[-0.31..-0.13]; Aluminum 2.10x2.40 z[-0.13..6.00]; Aluminum 2.10x2.40 z[6.00..6.20]
      | Cross sections: partial, per element; bremsstrahlung escape: CsI; 1000000 histories per point
      | grid: 100 points, 5-3000 keV (Logarithmic); threads: 15
      | spread per point: median 0.35 %, worst 24.36 % at 5.0 keV (effective sample 17 of 1000000 histories)
    кривая   : 34.7 с, точек 100 (5-3000 кэВ)
    клеймо   : phys=22; hist=1000000; grid=5-3000 keV/100 log; kdip=1; lys=2; etr=1; e+tr=1; e+off=1; rayl2=1; ecomp=1; bpath=2; eltr=1; elmix=1; lbrem=1; lbang=1
    XML      : D:\BqMoni_Claude\p115\config\device\1.Atom Spectra Nano 16 Pro RadiaScan 701A.xml записан (160986 байт)
17:08:23    итого по кривой 145 с; всего с начала 930 с

17:08:23 == [5/11] 1.Atom Spectra Nano 16 Pro RadiaScan 701A / Цилиндр с боку ==  guid aa8a6ecb-5866-4f9d-b359-3c68dba82e5a
    геометрия: geometry: crystal Cesium iodide box 15.0x18.0x60.0 mm, rho 4.510; source - cylinder D=40.0 H=20.0 at 0.0 mm, Water, liquid
    клеймо кривой было: phys=19; hist=200000; grid=6.5-3000 keV/96 log; kdip=1; lys=2; etr=1; e+tr=1; e+off=1; rayl2=1; ecomp=1; bpath=2; eltr=1
    17:08:28 матрица:  10.0 % узлов досчитано (87/100 узлов в работе, последний 48.0 кэВ), 5 с
    17:09:33 матрица:  20.0 % узлов досчитано (100/100 узлов в работе, последний 16.0 кэВ), 70 с
    17:09:58 матрица:  30.0 % узлов досчитано (100/100 узлов в работе, последний 2636.3 кэВ), 95 с
    17:10:21 матрица:  40.0 % узлов досчитано (100/100 узлов в работе, последний 7.4 кэВ), 118 с
    17:10:29 матрица:  50.0 % узлов досчитано (100/100 узлов в работе, последний 8.9 кэВ), 126 с
    17:10:32 матрица:  60.0 % узлов досчитано (100/100 узлов в работе, последний 772.4 кэВ), 129 с
    17:10:35 матрица:  70.0 % узлов досчитано (100/100 узлов в работе, последний 153.6 кэВ), 132 с
    17:10:37 матрица:  80.0 % узлов досчитано (100/100 узлов в работе, последний 91.6 кэВ), 134 с
    17:10:39 матрица:  90.0 % узлов досчитано (100/100 узлов в работе, последний 226.3 кэВ), 136 с
    17:11:13 матрица: 100.0 % узлов досчитано (100/100 узлов в работе, последний 26.8 кэВ), 170 с
    матрица  : 174.7 с на часах, 2105.6 с ЦП (ядер 12.1), узлов 100, историй потрачено 287307909, шум конт. взвеш. 2.85 %
    записана : D:\BqMoni_Claude\p115\config\device\response\aa8a6ecb-5866-4f9d-b359-3c68dba82e5a.rmx (445866 байт), формат 9, обратно: читается, IsValidFor = годна
    клеймо   : phys=22;922169005e4b79c0480a0e3aa1db4a6957b79b02b3fd1660e7330006278e2bbe
      | geometry: crystal Cesium iodide box 15.0x18.0x60.0 mm, rho 4.510; source - cylinder D=40.0 H=20.0 at 0.0 mm, Water, liquid
      | cm: Cesium iodide 1.80x6.00 z[0.00..1.50] *; Polytetrafluoroethylene 1.80x6.00 z[-0.10..0.00]; Polytetrafluoroethylene 2.06x6.26 z[-0.10..1.50]; Air, dry 2.06x6.26 z[-0.10..1.50]; Aluminum 2.42x6.62 z[-0.30..-0.10]; Aluminum 2.42x6.62 z[-0.10..1.50]; Aluminum 2.42x6.62 z[1.50..1.70]; Polyethylene r[0.00..2.00] z[-0.40..-0.30]; Polyethylene r[1.90..2.00] z[-2.40..-0.40]; Water, liquid r[0.00..1.90] z[-2.40..-0.40]
      | Cross sections: partial, per element; bremsstrahlung escape: CsI; 1000000 histories per point
      | grid: 100 points, 5-3000 keV (Logarithmic); threads: 15
      | spread per point: median 0.46 %, worst 19.12 % at 9.5 keV (effective sample 27 of 1000000 histories)
    кривая   : 42.6 с, точек 96 (6.5-3000 кэВ)
    клеймо   : phys=22; hist=1000000; grid=6.5-3000 keV/96 log; kdip=1; lys=2; etr=1; e+tr=1; e+off=1; rayl2=1; ecomp=1; bpath=2; eltr=1; elmix=1; lbrem=1; lbang=1
    XML      : D:\BqMoni_Claude\p115\config\device\1.Atom Spectra Nano 16 Pro RadiaScan 701A.xml записан (161035 байт)
17:12:00    итого по кривой 217 с; всего с начала 1147 с

17:12:00 == [6/11] 1.Atom Spectra Nano 16 Pro RadiaScan 701A / Точка в защите ==  guid c482e3bc-e2a8-491f-8759-5df93827eaef
    геометрия: geometry: crystal Cesium iodide box 15.0x18.0x60.0 mm, rho 4.510; source - point, 0.0 mm, Air, dry
    клеймо кривой было: phys=19; hist=1000000; grid=5-3000 keV/100 log; kdip=1; lys=2; etr=1; e+tr=1; e+off=1; rayl2=1; ecomp=1; bpath=2; eltr=1
    17:12:05 матрица:  10.0 % узлов досчитано (85/100 узлов в работе, последний 45.0 кэВ), 5 с
    17:12:56 матрица:  20.0 % узлов досчитано (100/100 узлов в работе, последний 13.2 кэВ), 55 с
    17:13:07 матрица:  30.0 % узлов досчитано (100/100 узлов в работе, последний 22.1 кэВ), 67 с
    17:13:22 матрица:  40.0 % узлов досчитано (100/100 узлов в работе, последний 30.5 кэВ), 81 с
    17:13:26 матрица:  50.0 % узлов досчитано (100/100 узлов в работе, последний 1677.1 кэВ), 86 с
    17:13:28 матрица:  60.0 % узлов досчитано (100/100 узлов в работе, последний 1214.1 кэВ), 88 с
    17:13:30 матрица:  70.0 % узлов досчитано (100/100 узлов в работе, последний 186.4 кэВ), 90 с
    17:13:31 матрица:  80.0 % узлов досчитано (100/100 узлов в работе, последний 257.5 кэВ), 91 с
    17:13:32 матрица:  90.0 % узлов досчитано (100/100 узлов в работе, последний 355.7 кэВ), 92 с
    17:13:46 матрица: 100.0 % узлов досчитано (100/100 узлов в работе, последний 25.1 кэВ), 106 с
    матрица  : 109.6 с на часах, 1364.0 с ЦП (ядер 12.4), узлов 100, историй потрачено 236352736, шум конт. взвеш. 2.66 %
    записана : D:\BqMoni_Claude\p115\config\device\response\c482e3bc-e2a8-491f-8759-5df93827eaef.rmx (445538 байт), формат 9, обратно: читается, IsValidFor = годна
    клеймо   : phys=22;e246a40e1a76fe4cb48f4296a86147082f39c517389e5172825734230e0002be
      | geometry: crystal Cesium iodide box 15.0x18.0x60.0 mm, rho 4.510; source - point, 0.0 mm, Air, dry
      | cm: Cesium iodide 1.50x1.80 z[0.00..6.00] *; Polytetrafluoroethylene 1.50x1.80 z[-0.13..0.00]; Polytetrafluoroethylene 1.70x2.00 z[-0.13..6.00]; Air, dry 1.70x2.00 z[-0.13..6.00]; Aluminum 2.10x2.40 z[-0.31..-0.13]; Aluminum 2.10x2.40 z[-0.13..6.00]; Aluminum 2.10x2.40 z[6.00..6.20]
      | Cross sections: partial, per element; bremsstrahlung escape: CsI; 1000000 histories per point
      | grid: 100 points, 5-3000 keV (Logarithmic); threads: 15
      | spread per point: median 0.35 %, worst 24.36 % at 5.0 keV (effective sample 17 of 1000000 histories)
    кривая   : 35.3 с, точек 100 (5-3000 кэВ)
    клеймо   : phys=22; hist=1000000; grid=5-3000 keV/100 log; kdip=1; lys=2; etr=1; e+tr=1; e+off=1; rayl2=1; ecomp=1; bpath=2; eltr=1; elmix=1; lbrem=1; lbang=1
    XML      : D:\BqMoni_Claude\p115\config\device\1.Atom Spectra Nano 16 Pro RadiaScan 701A.xml записан (161049 байт)
17:14:25    итого по кривой 145 с; всего с начала 1292 с

17:14:25 == [7/11] Atom Spectra 80x80 / Точка ==  guid 4c5aa26d-d776-481f-96d8-c01022590f39
    геометрия: geometry: crystal Sodium iodide cylinder 80.00x80.00 mm, rho 3.667; source - point, 0.0 mm, Water, liquid
    клеймо кривой было: phys=18; hist=1000000; grid=6.5-3000 keV/96 log; kdip=1; lys=2; etr=1; e+tr=1; e+off=1; rayl2=1; ecomp=1; bpath=2
    17:14:30 матрица:  10.0 % узлов досчитано (85/100 узлов в работе, последний 37.1 кэВ), 5 с
    17:15:12 матрица:  20.0 % узлов досчитано (100/100 узлов в работе, последний 14.1 кэВ), 47 с
    17:15:22 матрица:  30.0 % узлов досчитано (100/100 узлов в работе, последний 22.1 кэВ), 57 с
    17:15:35 матрица:  40.0 % узлов досчитано (100/100 узлов в работе, последний 126.5 кэВ), 70 с
    17:15:41 матрица:  50.0 % узлов досчитано (100/100 узлов в работе, последний 7.9 кэВ), 76 с
    17:15:44 матрица:  60.0 % узлов досчитано (100/100 узлов в работе, последний 1295.1 кэВ), 78 с
    17:15:46 матрица:  70.0 % узлов досчитано (100/100 узлов в работе, последний 333.4 кэВ), 81 с
    17:15:47 матрица:  80.0 % узлов досчитано (100/100 узлов в работе, последний 274.7 кэВ), 82 с
    17:15:48 матрица:  90.0 % узлов досчитано (100/100 узлов в работе, последний 678.7 кэВ), 83 с
    17:16:02 матрица: 100.0 % узлов досчитано (100/100 узлов в работе, последний 28.6 кэВ), 97 с
    матрица  : 100.2 с на часах, 1230.5 с ЦП (ядер 12.3), узлов 100, историй потрачено 249989124, шум конт. взвеш. 2.73 %
    записана : D:\BqMoni_Claude\p115\config\device\response\4c5aa26d-d776-481f-96d8-c01022590f39.rmx (445426 байт), формат 9, обратно: читается, IsValidFor = годна
    клеймо   : phys=22;7e28ad9a9694ae5c1727d23937bbdee999bf63a380ac676ae6ce5b0dd6a298e5
      | geometry: crystal Sodium iodide cylinder 80.00x80.00 mm, rho 3.667; source - point, 0.0 mm, Water, liquid
      | cm: Sodium iodide r[0.00..4.00] z[0.00..8.00] *; Magnesium oxide r[0.00..4.00] z[-0.20..0.00]; Magnesium oxide r[4.00..4.20] z[-0.20..8.00]; Air, dry r[0.00..4.20] z[-2.37..-0.20]; Aluminum r[0.00..4.50] z[-2.67..-2.37]; Aluminum r[4.20..4.50] z[-2.37..8.00]; Aluminum r[0.00..4.50] z[8.00..8.20]
      | Cross sections: partial, per element; bremsstrahlung escape: NaI; 1000000 histories per point
      | grid: 100 points, 5-3000 keV (Logarithmic); threads: 15
      | spread per point: median 0.32 %, worst 25.85 % at 5.0 keV (effective sample 15 of 1000000 histories)
    кривая   : 30.8 с, точек 100 (5-3000 кэВ)
    клеймо   : phys=22; hist=1000000; grid=5-3000 keV/100 log; kdip=1; lys=2; etr=1; e+tr=1; e+off=1; rayl2=1; ecomp=1; bpath=2; eltr=1; elmix=1; lbrem=1; lbang=1
    XML      : D:\BqMoni_Claude\p115\config\device\Atom Spectra 80x80.xml записан (106997 байт)
17:16:36    итого по кривой 131 с; всего с начала 1423 с

17:16:36 == [8/11] Atom Spectra 80x80 / Точка 10 см ==  guid 5cb11287-beed-4fa3-bf52-21453effbdc8
    геометрия: geometry: crystal Sodium iodide cylinder 80.00x80.00 mm, rho 3.667; source - point, 100.0 mm, Water, liquid
    клеймо кривой было: phys=18; hist=1000000; grid=8.4-3000 keV/92 log; kdip=1; lys=2; etr=1; e+tr=1; e+off=1; rayl2=1; ecomp=1; bpath=2
    17:17:30 матрица:  10.0 % узлов досчитано (100/100 узлов в работе, последний 20.7 кэВ), 54 с
    17:17:53 матрица:  20.0 % узлов досчитано (100/100 узлов в работе, последний 5.7 кэВ), 77 с
    17:18:26 матрица:  30.0 % узлов досчитано (100/100 узлов в работе, последний 30.5 кэВ), 110 с
    17:18:46 матрица:  40.0 % узлов досчитано (100/100 узлов в работе, последний 3000.0 кэВ), 130 с
    17:19:02 матрица:  50.0 % узлов досчитано (100/100 узлов в работе, последний 226.3 кэВ), 146 с
    17:19:10 матрица:  60.0 % узлов досчитано (100/100 узлов в работе, последний 1473.8 кэВ), 154 с
    17:19:21 матрица:  70.0 % узлов досчитано (100/100 узлов в работе, последний 460.6 кэВ), 164 с
    17:19:28 матрица:  80.0 % узлов досчитано (100/100 узлов в работе, последний 678.7 кэВ), 172 с
    17:19:29 матрица:  90.0 % узлов досчитано (100/100 узлов в работе, последний 75.4 кэВ), 173 с
    17:19:50 матрица: 100.0 % узлов досчитано (100/100 узлов в работе, последний 111.2 кэВ), 194 с
    матрица  : 199.4 с на часах, 2636.0 с ЦП (ядер 13.2), узлов 100, историй потрачено 411351805, шум конт. взвеш. 2.89 %
    записана : D:\BqMoni_Claude\p115\config\device\response\5cb11287-beed-4fa3-bf52-21453effbdc8.rmx (446050 байт), формат 9, обратно: читается, IsValidFor = годна
    клеймо   : phys=22;a9bd28e36f0c13701ad4416b3d2a6d1fbcea62d24e1636cabf68cc5cce49d510
      | geometry: crystal Sodium iodide cylinder 80.00x80.00 mm, rho 3.667; source - point, 100.0 mm, Water, liquid
      | cm: Sodium iodide r[0.00..4.00] z[0.00..8.00] *; Magnesium oxide r[0.00..4.00] z[-0.20..0.00]; Magnesium oxide r[4.00..4.20] z[-0.20..8.00]; Air, dry r[0.00..4.20] z[-2.37..-0.20]; Aluminum r[0.00..4.50] z[-2.67..-2.37]; Aluminum r[4.20..4.50] z[-2.37..8.00]; Aluminum r[0.00..4.50] z[8.00..8.20]
      | Cross sections: partial, per element; bremsstrahlung escape: NaI; 1000000 histories per point
      | grid: 100 points, 5-3000 keV (Logarithmic); threads: 15
      | spread per point: median 0.18 %, worst 25.51 % at 10.2 keV (effective sample 15 of 1000000 histories)
    кривая   : 47.5 с, точек 94 (7.4-3000 кэВ)
    клеймо   : phys=22; hist=1000000; grid=7.4-3000 keV/94 log; kdip=1; lys=2; etr=1; e+tr=1; e+off=1; rayl2=1; ecomp=1; bpath=2; eltr=1; elmix=1; lbrem=1; lbang=1
    XML      : D:\BqMoni_Claude\p115\config\device\Atom Spectra 80x80.xml записан (107472 байт)
17:20:43    итого по кривой 247 с; всего с начала 1670 с

17:20:43 == [9/11] Atom Spectra 80x80 / Th медальон ==  guid 04cb27d4-6b6e-4c6c-b665-b6175d78bdcb
    геометрия: geometry: crystal Sodium iodide cylinder 80.00x80.00 mm, rho 3.667; source - cylinder D=40.0 H=5.0 at 0.0 mm, Glass, plate
    клеймо кривой было: phys=19; hist=1000000; grid=7.4-3000 keV/94 log; kdip=1; lys=2; etr=1; e+tr=1; e+off=1; rayl2=1; ecomp=1; bpath=2; eltr=1
    17:20:50 матрица:  10.0 % узлов досчитано (87/100 узлов в работе, последний 39.5 кэВ), 6 с
    17:22:00 матрица:  20.0 % узлов досчитано (100/100 узлов в работе, последний 19.4 кэВ), 76 с
    17:22:44 матрица:  30.0 % узлов досчитано (100/100 узлов в работе, последний 6.9 кэВ), 121 с
    17:22:51 матрица:  40.0 % узлов досчитано (100/100 узлов в работе, последний 2171.8 кэВ), 128 с
    17:22:55 матрица:  50.0 % узлов досчитано (100/100 узлов в работе, последний 10.2 кэВ), 132 с
    17:22:58 матрица:  60.0 % узлов досчитано (100/100 узлов в работе, последний 5.7 кэВ), 134 с
    17:22:59 матрица:  70.0 % узлов досчитано (100/100 узлов в работе, последний 878.9 кэВ), 136 с
    17:23:01 матрица:  80.0 % узлов досчитано (100/100 узлов в работе, последний 404.8 кэВ), 138 с
    17:23:02 матрица:  90.0 % узлов досчитано (100/100 узлов в работе, последний 274.7 кэВ), 139 с
    17:23:35 матрица: 100.0 % узлов досчитано (100/100 узлов в работе, последний 30.5 кэВ), 172 с
    матрица  : 177.1 с на часах, 2099.3 с ЦП (ядер 11.9), узлов 100, историй потрачено 267852720, шум конт. взвеш. 2.78 %
    записана : D:\BqMoni_Claude\p115\config\device\response\04cb27d4-6b6e-4c6c-b665-b6175d78bdcb.rmx (453078 байт), формат 9, обратно: читается, IsValidFor = годна
    клеймо   : phys=22;12f33d20d0adce7434c8cf6e3802216881cdc665462988767ad7b084e4f282e3
      | geometry: crystal Sodium iodide cylinder 80.00x80.00 mm, rho 3.667; source - cylinder D=40.0 H=5.0 at 0.0 mm, Glass, plate
      | cm: Sodium iodide r[0.00..4.00] z[0.00..8.00] *; Magnesium oxide r[0.00..4.00] z[-0.20..0.00]; Magnesium oxide r[4.00..4.20] z[-0.20..8.00]; Air, dry r[0.00..4.20] z[-2.37..-0.20]; Aluminum r[0.00..4.50] z[-2.67..-2.37]; Aluminum r[4.20..4.50] z[-2.37..8.00]; Aluminum r[0.00..4.50] z[8.00..8.20]; Glass, plate r[0.00..2.00] z[-3.17..-2.67]
      | Cross sections: partial, per element; bremsstrahlung escape: NaI; 1000000 histories per point
      | grid: 100 points, 5-3000 keV (Logarithmic); threads: 15
      | spread per point: median 0.34 %, worst 6.15 % at 7.4 keV (effective sample 265 of 1000000 histories)
    кривая   : 46.6 с, точек 94 (7.4-3000 кэВ)
    клеймо   : phys=22; hist=1000000; grid=7.4-3000 keV/94 log; kdip=1; lys=2; etr=1; e+tr=1; e+off=1; rayl2=1; ecomp=1; bpath=2; eltr=1; elmix=1; lbrem=1; lbang=1
    XML      : D:\BqMoni_Claude\p115\config\device\Atom Spectra 80x80.xml записан (107498 байт)
17:24:27    итого по кривой 224 с; всего с начала 1894 с

17:24:27 == [10/11] Atom Spectra 80x80 / Цилиндр ==  guid 50a57c5a-3237-4154-b269-b9fd1a2c7d88
    геометрия: geometry: crystal Sodium iodide cylinder 80.00x80.00 mm, rho 3.667; source - cylinder D=40.0 H=20.0 at 0.0 mm, Air, dry
    клеймо кривой было: phys=18; hist=200000; grid=7.4-3000 keV/94 log; sample=air; kdip=1; lys=2; etr=1; e+tr=1; e+off=1; rayl2=1; ecomp=1; bpath=2
    17:24:33 матрица:  10.0 % узлов досчитано (88/100 узлов в работе, последний 39.5 кэВ), 6 с
    17:25:46 матрица:  20.0 % узлов досчитано (100/100 узлов в работе, последний 12.4 кэВ), 79 с
    17:26:32 матрица:  30.0 % узлов досчитано (100/100 узлов в работе, последний 5.7 кэВ), 125 с
    17:26:40 матрица:  40.0 % узлов досчитано (100/100 узлов в работе, последний 143.9 кэВ), 133 с
    17:26:45 матрица:  50.0 % узлов досчитано (100/100 узлов в работе, последний 97.7 кэВ), 138 с
    17:26:49 матрица:  60.0 % узлов досчитано (100/100 узлов в работе, последний 1214.1 кэВ), 142 с
    17:26:52 матрица:  70.0 % узлов досчитано (100/100 узлов в работе, последний 937.6 кэВ), 145 с
    17:26:54 матрица:  80.0 % узлов досчитано (100/100 узлов в работе, последний 379.4 кэВ), 147 с
    17:26:55 матрица:  90.0 % узлов досчитано (100/100 узлов в работе, последний 724.0 кэВ), 148 с
    17:27:21 матрица: 100.0 % узлов досчитано (100/100 узлов в работе, последний 25.1 кэВ), 174 с
    матрица  : 179.9 с на часах, 2235.9 с ЦП (ядер 12.4), узлов 100, историй потрачено 264425380, шум конт. взвеш. 2.86 %
    записана : D:\BqMoni_Claude\p115\config\device\response\50a57c5a-3237-4154-b269-b9fd1a2c7d88.rmx (445222 байт), формат 9, обратно: читается, IsValidFor = годна
    клеймо   : phys=22;3d896b60b03420d19feb273b97134fbef41c00053889596ff499bc8781282e33
      | geometry: crystal Sodium iodide cylinder 80.00x80.00 mm, rho 3.667; source - cylinder D=40.0 H=20.0 at 0.0 mm, Air, dry
      | WARNING: the sample material is still air ("Air, dry", 0.001205 g/cm3) while the sample is 20.0 mm high - self-absorption is NOT accounted for, and the curve can be off by a factor
      | cm: Sodium iodide r[0.00..4.00] z[0.00..8.00] *; Magnesium oxide r[0.00..4.00] z[-0.20..0.00]; Magnesium oxide r[4.00..4.20] z[-0.20..8.00]; Air, dry r[0.00..4.20] z[-2.37..-0.20]; Aluminum r[0.00..4.50] z[-2.67..-2.37]; Aluminum r[4.20..4.50] z[-2.37..8.00]; Aluminum r[0.00..4.50] z[8.00..8.20]; Polyethylene r[0.00..2.00] z[-2.77..-2.67]; Polyethylene r[1.90..2.00] z[-4.77..-2.77]; Air, dry r[0.00..1.90] z[-4.77..-2.77]
      | Cross sections: partial, per element; bremsstrahlung escape: NaI; 1000000 histories per point
      | grid: 100 points, 5-3000 keV (Logarithmic); threads: 15
      | spread per point: median 0.30 %, worst 100.00 % at 8.4 keV (effective sample 1 of 1000000 histories)
    кривая   : 54.1 с, точек 94 (7.4-3000 кэВ)
    клеймо   : phys=22; hist=1000000; grid=7.4-3000 keV/94 log; sample=air; kdip=1; lys=2; etr=1; e+tr=1; e+off=1; rayl2=1; ecomp=1; bpath=2; eltr=1; elmix=1; lbrem=1; lbang=1
    XML      : D:\BqMoni_Claude\p115\config\device\Atom Spectra 80x80.xml записан (107554 байт)
17:28:21    итого по кривой 234 с; всего с начала 2127 с

17:28:21 == [11/11] RC-103 / Цилиндр ==  guid 755bbe16-49f5-465c-8407-0e2520d106fd
    геометрия: geometry: crystal Cesium iodide box 10.0x10.0x10.0 mm, rho 4.510; source - cylinder D=40.0 H=10.0 at 0.0 mm, Water, liquid
    клеймо кривой было: phys=18; hist=1000000; grid=5.3-3000 keV/99 log; kdip=1; lys=2; etr=1; e+tr=1; e+off=1; rayl2=1; ecomp=1; bpath=2
    17:29:27 матрица:  10.0 % узлов досчитано (100/100 узлов в работе, последний 13.2 кэВ), 66 с
    17:30:03 матрица:  20.0 % узлов досчитано (100/100 узлов в работе, последний 6.1 кэВ), 102 с
    17:30:28 матрица:  30.0 % узлов досчитано (100/100 узлов в работе, последний 32.6 кэВ), 127 с
    17:30:40 матрица:  40.0 % узлов досчитано (100/100 узлов в работе, последний 823.9 кэВ), 139 с
    17:30:46 матрица:  50.0 % узлов досчитано (100/100 узлов в работе, последний 772.4 кэВ), 145 с
    17:30:51 матрица:  60.0 % узлов досчитано (100/100 узлов в работе, последний 163.8 кэВ), 150 с
    17:30:55 матрица:  70.0 % узлов досчитано (100/100 узлов в работе, последний 293.0 кэВ), 154 с
    17:30:58 матрица:  80.0 % узлов досчитано (100/100 узлов в работе, последний 75.4 кэВ), 157 с
    17:30:59 матрица:  90.0 % узлов досчитано (100/100 узлов в работе, последний 97.7 кэВ), 158 с
    17:31:26 матрица: 100.0 % узлов досчитано (100/100 узлов в работе, последний 19.4 кэВ), 185 с
    матрица  : 189.6 с на часах, 2414.8 с ЦП (ядер 12.7), узлов 100, историй потрачено 338704065, шум конт. взвеш. 2.85 %
    записана : D:\BqMoni_Claude\p115\config\device\response\755bbe16-49f5-465c-8407-0e2520d106fd.rmx (445634 байт), формат 9, обратно: читается, IsValidFor = годна
    клеймо   : phys=22;b29cea0ba4720466533325b6e6ae281977a2f20b1dc52764f76c51f55bf0cedc
      | geometry: crystal Cesium iodide box 10.0x10.0x10.0 mm, rho 4.510; source - cylinder D=40.0 H=10.0 at 0.0 mm, Water, liquid
      | cm: Cesium iodide 1.00x1.00 z[0.00..1.00] *; Polytetrafluoroethylene 1.00x1.00 z[-0.10..0.00]; Polytetrafluoroethylene 1.20x1.20 z[-0.10..1.00]; Air, dry 1.20x1.20 z[-0.10..1.00]; Aluminum 1.40x1.40 z[-0.20..-0.10]; Aluminum 1.40x1.40 z[-0.10..1.00]; Aluminum 1.40x1.40 z[1.00..1.10]; Water, liquid r[0.00..2.00] z[-1.20..-0.20]
      | Cross sections: partial, per element; bremsstrahlung escape: CsI; 1000000 histories per point
      | grid: 100 points, 5-3000 keV (Logarithmic); threads: 15
      | spread per point: median 0.67 %, worst 100.00 % at 6.1 keV (effective sample 1 of 1000000 histories)
    кривая   : 43.2 с, точек 99 (5.3-3000 кэВ)
    клеймо   : phys=22; hist=1000000; grid=5.3-3000 keV/99 log; kdip=1; lys=2; etr=1; e+tr=1; e+off=1; rayl2=1; ecomp=1; bpath=2; eltr=1; elmix=1; lbrem=1; lbang=1
    XML      : D:\BqMoni_Claude\p115\config\device\RC-103.xml записан (30123 байт)
17:32:14    итого по кривой 233 с; всего с начала 2360 с

17:32:14 ГОТОВО: кривых 11, отказов 0, всего 2360 с
