=== СБОРКА ===
  C:\Users\moroz\source\repos\BQ Eng res .NET 4.8\tools\effmaker\probes\build_p146_before\BecquerelMonitor.exe
  собрана 2026-09-24 14:00:45

=== ФАЙЛ ПОСЛЕ GetN42Type: th_nos12_poly.N42 ===
  тип RadInstrumentData; ⛔ удалить нельзя — IOException: Процесс не может получить доступ к файлу "D:\BqMoni_Claude\p146\in\lock-d07a0b7d75304c058744d0be9473e617.n42", так как этот файл используется другим процессом.

=== ШКАЛА rc103_cs137.xml@xml ===
  каналов 1024, [1.59250128269196, 2.37407755851746, 0.000391400011721998]
  E(ch):  0=1.59250128269196  256=635.00714743137462  512=1319.7233759164828  768=2055.7411867380169  1023=2839.8853065134645

=== ШКАЛА rc103_cs137.xml@su ===
  каналов 1024, [2.7796379119536141, 2.3744689585291781, 0.00039140001172199845]
  E(ch):  0=2.7796379119536141  256=636.29448246363609  512=1321.1109093517443  768=2057.2289185762784  1023=2841.4728453547141

=== ШКАЛА rc103_cs137_ecsv.csv@su ===
  каналов 1024, [2.7796432540480165, 2.3744688515515975, 0.00039140065605740743, -1.2901017141842529E-12, 7.5720463496951586E-16]
  E(ch):  0=2.7796432540480165  256=636.29448425448925  512=1321.1109077101644  768=2057.2289008332718  1023=2841.4728637005064

=== ШКАЛА rc103_cs137_ecsv.csv@csve ===
  ОТКАЗ — InvalidOperationException: BecqMoni: ввоз CSV с энергиями не состоялся (D:\BqMoni_Claude\p146\in\rc103_cs137_ecsv.csv): Wrong count format: 1.59250128269196 at line 1. Ожидается шапка «Energy,Count #0d6h13m30s». Документ остался с ПРЕЖНИМ спектром и ПРЕЖНЕЙ калибровкой, и молчание здесь неотличимо от удачного ввоза.

=== ШКАЛА g1s_coal.spe@su ===
  каналов 1024, [-11.463180564327558, 3.0166350901781698, 6.3330000557471067E-05]
  E(ch):  0=-11.463180564327558  256=764.94579743781833  512=1549.6555652730331  768=2342.6661229413166  1023=3140.8311988413498

=== ШКАЛА th_nos12.txt@atom ===
  каналов 8192, [-4.04443, 0.361012, 1.1108E-05, -1.51336E-09, 9.33382E-14]
  E(ch):  0=-4.04443  2048=770.54083439730175  4096=1583.2970976860217  6144=2415.3392066414972  8191=3286.74699230977

=== ШКАЛА th_nos12_poly.N42@n42 ===
  каналов 8192, [-3.8639212231891644, 0.36102310686502664, 1.11057301000073E-05, -1.5131733236E-09, 9.33382E-14]
  E(ch):  0=-3.8639212231891644  2048=770.73617292113408  4096=1583.4978458840326  6144=2415.5455656692393  8191=3286.9687730537617

=== ШКАЛА th_nos12_poly.N42@su ===
  каналов 8192, [-3.8639209963587184, 0.3610231186313137, 1.110572995328392E-05, -1.5131733164787603E-09, 9.3338199311492759E-14]
  E(ch):  0=-3.8639209963587184  2048=770.73619667897663  4096=1583.4978921395352  6144=2415.5456333200323  8191=3286.9688606284762

=== ШКАЛА th_nos12_edges.N42@n42 ===
  каналов 8192, [-3.8639212239922096, 0.36102310686030031, 1.1105730103999579E-05, -1.5131733243807038E-09, 9.3338200044532869E-14]
  E(ch):  0=-3.8639212239922096  2048=770.73617292147367  4096=1583.4978458897351  6144=2415.5455656724921  8191=3286.9687730535184

=== ШКАЛА th_nos12_edges.N42@su ===
  каналов 8192, [-3.8639179927309155, 0.36102309974174807, 1.1105734825178709E-05, -1.5131742832391004E-09, 9.3338263329167662E-14]
  E(ch):  0=-3.8639179927309155  2048=770.73617425278462  4096=1583.4978510924423  6144=2415.5455711780992  8191=3286.9687926568995

=== ОДНА ШКАЛА: rc103_cs137.xml@xml  vs  rc103_cs137.xml@su ===
  каналов 1024; E_b − E_a: наибольшее 1.587538841249625 кэВ (канал 1023), среднее 1.387337735255584, у 662 кэВ (канал 266) 1.2912490323786869 при h/2 = 1.2911511823767796
  ⛔ НЕ СОШЛОСЬ: ждали |наибольшее| ≤ 0.001 кэВ

=== ОДНА ШКАЛА: rc103_th232.xml@xml  vs  rc103_th232.xml@su ===
  каналов 1024; E_b − E_a: наибольшее 1.587538841249625 кэВ (канал 1023), среднее 1.387337735255584, у 662 кэВ (канал 266) 1.2912490323786869 при h/2 = 1.2911511823767796
  ⛔ НЕ СОШЛОСЬ: ждали |наибольшее| ≤ 0.001 кэВ

=== ОДНА ШКАЛА: rc103_cs137.xml@xml  vs  rc103_cs137_ecsv.csv@su ===
  каналов 1024; E_b − E_a: наибольшее 1.5875571870419662 кэВ (канал 1023), среднее 1.3873337118901516, у 662 кэВ (канал 266) 1.2912510187825319 при h/2 = 1.2911511823767796
  ⛔ НЕ СОШЛОСЬ: ждали |наибольшее| ≤ 0.001 кэВ

=== ОДНА ШКАЛА: th_nos12_poly.N42@n42  vs  th_nos12_poly.N42@su ===
  каналов 8192; E_b − E_a: наибольшее 8.7574714598304126E-05 кэВ (канал 8191), среднее 4.5492647547468342E-05, у 662 кэВ (канал 1769) 2.0614921481865167E-05 при h/2 = 0.1940881017845868
  СОШЛОСЬ: ждали |наибольшее| ≤ 0.001 кэВ

=== ОДНА ШКАЛА: th_nos12_edges.N42@n42  vs  th_nos12_edges.N42@su ===
  каналов 8192; E_b − E_a: наибольшее 1.9603381133492803E-05 кэВ (канал 8191), среднее 4.90089768887458E-06, у 662 кэВ (канал 1769) 7.2447005550202448E-07 при h/2 = 0.19408810178609315
  СОШЛОСЬ: ждали |наибольшее| ≤ 0.001 кэВ

=== ОДНА ШКАЛА: th_nos12_edges.N42@n42  vs  th_nos12_poly.N42@n42 ===
  каналов 8192; E_b − E_a: наибольшее -5.8919340517604724E-09 кэВ (канал 4506), среднее -1.956162563366854E-09, у 662 кэВ (канал 1769) 5.5626969697186723E-10 при h/2 = 0.19408810178609315
  СОШЛОСЬ: ждали |наибольшее| ≤ 0.001 кэВ

=== ШКАЛЫ РАЗНЫЕ: th_nos12.txt@atom  vs  th_nos12_poly.N42@n42 ===
  каналов 8192; E_b − E_a: наибольшее 0.22178074399153047 кэВ (канал 8191), среднее 0.20087978197386153, у 662 кэВ (канал 1769) 0.19408689514102662 при h/2 = 0.19408568753829059
  СОШЛОСЬ: ждали |у 662| ≥ 0.15 кэВ


ОТКАЗ: не сошлось ожиданий — 4
