start 20:52:58
=== 0. база: check_appwd на wd_p28t (код = число находок; T41 от правок соседей) ===
   1. СБОРКА СТАРШЕ ИСХОДНИКОВ (T41): файлов новее exe — 6
   2. ПРОБЫ СТАРШЕ СВОИХ ИСХОДНИКОВ — не гоняли build_all.ps1: 2 шт.
код = 2
=== 1. чужой config\chuzhoy_p28.xml: ждём тот же код 2, строку «ПОСТОРОННЕЕ ЗАГРУЖАЕМОЕ», файл на месте ===
  ⚠ ПОСТОРОННЕЕ ЗАГРУЖАЕМОЕ (не отказ — решение Amber 27.08.2026, T88; никто не удаляет — T117): config\chuzhoy_p28.xml  12.09 20:53 — файлы этого рода приложение и пробы ЗАГРУЖАЮТ — прогон возьмёт и этот
код = 2 (было 2)
xml на месте: True
=== 2. чужой Chuzhoy_p28.dll: ждём код 3, строку «ИСПОЛНЯЕМОЕ ВНЕ ПЛАНА», файл на месте ===
  ⚠ ПОСТОРОННЕЕ ЗАГРУЖАЕМОЕ (не отказ — решение Amber 27.08.2026, T88; никто не удаляет — T117): config\chuzhoy_p28.xml  12.09 20:53 — файлы этого рода приложение и пробы ЗАГРУЖАЮТ — прогон возьмёт и этот
   3. ИСПОЛНЯЕМОЕ ВНЕ ПЛАНА В ОСНАСТКЕ: Chuzhoy_p28.dll  12.09 20:53
           Сторож не удаляет (T88/T117): свой файл уберите сами, на чужой — разрешение вопросником у Amber.
код = 3 (было 2)
dll на месте: True
=== 3. mk_appwd -Force при чужом xml: ждём код 0, xml НЕ вынесен, назван, отметка есть ===
  постороннее загружаемое в оснастке — 1 шт., НЕ вынесено (T117):
    config\chuzhoy_p28.xml  12.09 20:53  ⚠ предупреждение
  ⚠ ПОСТОРОННЕЕ ЗАГРУЖАЕМОЕ (не отказ — решение Amber 27.08.2026, T88; никто не удаляет — T117): config\chuzhoy_p28.xml  12.09 20:53 — файлы этого рода приложение и пробы ЗАГРУЖАЮТ — прогон возьмёт и этот
⚠⚠ ПРОЩЕНО ключом -Force: 2 находок, все — про протухшую сборку (T41). Числа такого прогона в журнал НЕ ГОДЯТСЯ.
код = 0
xml на месте: True
отметка есть: True
=== 4. mk_appwd -Force при чужом dll: ждём код 4, dll НЕ вынесен, назван, отметки НЕТ ===
  постороннее загружаемое в оснастке — 2 шт., НЕ вынесено (T117):
    Chuzhoy_p28.dll  12.09 20:53  ⛔ исполняемое — отказ самопроверки
    config\chuzhoy_p28.xml  12.09 20:53  ⚠ предупреждение
  ⚠ ПОСТОРОННЕЕ ЗАГРУЖАЕМОЕ (не отказ — решение Amber 27.08.2026, T88; никто не удаляет — T117): config\chuzhoy_p28.xml  12.09 20:53 — файлы этого рода приложение и пробы ЗАГРУЖАЮТ — прогон возьмёт и этот
   3. ИСПОЛНЯЕМОЕ ВНЕ ПЛАНА В ОСНАСТКЕ: Chuzhoy_p28.dll  12.09 20:53
⛔ САМОПРОВЕРКА ОСНАСТКИ НЕ ПРОШЛА — прогонять НЕЛЬЗЯ.
   ⛔ -Force прощает ПРОТУХШУЮ СБОРКУ и только её: находок 3, из них про сборку 2.
код = 4
dll на месте: True
отметка есть: False
=== 5. уборка своих подкладок и пересборка оснастки ===
код = 0
отметка есть: True
done 20:54:11
