start 21:04:19
=== 1. ДО (HEAD appwd_plan.ps1): план -ProbeCatalog на живом дереве ===
спор: C:\Users\moroz\source\repos\BQ Eng res .NET 4.8\tools\effmaker\probes\build_p28t\config\device\RC-103.xml
     <- [поставочный конфиг\device] C:\Users\moroz\source\repos\BQ Eng res .NET 4.8\BecquerelMonitor\config\device\RC-103.xml  sha ABA03220E1E3
     <- [прибор корпуса] C:\Users\moroz\source\repos\BQ Eng res .NET 4.8\tools\CORPUS\corpus\devices\RC-103.xml  sha 03EBCCE89D71
споров (Dst с разными sha источников): 1
пар всего: 479; по родам: матрица отклика=45, поставочный конфиг=2, поставочный конфиг\device=10, поставочный конфиг\ROI=12, прибор корпуса=24, проба=180, сборка=22, сборка\ru=1, сборка\runtimes=3, exe.config пробы=180
=== 2. ПОСЛЕ (живой appwd_plan.ps1): план -ProbeCatalog — ждём 0 споров и ни одной пары корпуса ===
споров (Dst с разными sha источников): 0
пар всего: 410; по родам: поставочный конфиг=2, поставочный конфиг\device=10, поставочный конфиг\ROI=12, проба=180, сборка=22, сборка\ru=1, сборка\runtimes=3, exe.config пробы=180
=== 3. ПОСЛЕ: план оснастки КОРПУСА (wd_p28t) — ждём 0 споров, приборы и матрицы на месте ===
споров (Dst с разными sha источников): 0
пар всего: 468; по родам: матрица отклика=45, поставочный конфиг=1, поставочный конфиг\ROI=12, прибор корпуса=24, проба=180, сборка=22, сборка\ru=1, сборка\runtimes=3, exe.config пробы=180
=== 4. Test-AppWdPairClash на подложенных парах ===
a->X, b->X (разное содержимое): 1 (ждём 1)
a->X, c->X (одинаковое содержимое): 0 (ждём 0)
a->X, a->X (тот же файл дважды): 0 (ждём 0)
a->X, нет файла->X: 0 (ждём 0: о пропавшем кричит Test-AppWdPlan)
a->X, b->Y (разные места): 0 (ждём 0)
текст находки:
X:\wd\config\x.xml
      <- [один] C:\Users\moroz\AppData\Local\Temp\p28_t225_4dc7907d\a.txt  sha 27a7e66599c2
      <- [другой] C:\Users\moroz\AppData\Local\Temp\p28_t225_4dc7907d\b.txt  sha c97641de36c5
=== 5. проводка: подложенный спор -> New-AppWdPlanOrDie обязан выйти кодом 6 ===
?? ОТКАЗ: ПЛАН ОСНАСТКИ НЕ СТРОИТСЯ - НИЧЕГО НЕ ТРОНУТО
   ПЛАН ПРОТИВОРЕЧИВ (T225): 1 мест(а) с РАЗНЫМИ источниками - копирование положило бы последний поверх первого МОЛЧА:
      X:\wd\config\x.xml  <- подложенный спор
код = 6 (ждём 6)
=== 6. живая проводка: mk_appwd -Force собирает оснастку по плану с проверкой спора (ждём: отметка, код 0) ===
  положено файлов: 468
⚠⚠ ПРОЩЕНО ключом -Force: 2 находок, все — про протухшую сборку (T41). Числа такого прогона в журнал НЕ ГОДЯТСЯ.
код = 0; отметка: True
done 21:04:33
