BecqMoni: main config: D:\BqMoni_Claude\p76\wt\tools\effmaker\probes\build_p76\config\BecquerelMonitor.xml
Матрицы отклика понятной части корпуса (B1)
сетка: 2 узлов 30-31 кэВ, бин 2 кэВ, 400000 историй на узел
останов по шуму ВЫКЛЮЧЕН — плоский счёт (T35)

== RC103_lu_front ==
   клеймо   : phys=18;9db55ff565c64181a855700c25a31c41996d4cf122318fa4ccaf4c04b60b5b77
   время    : 1.6 с на часах, ядер 1.8 из 10  — МАШИНУ ДЕЛИМ
   счёт     : 2.9 с ЦП, 3.67 мкс на историю  <- сравнивать надо ЭТО
   обход    : на историю 14.7 шага границ, 15.0 поиска области, 9.5 интерполяции μ, 3.26 сбора пересечений
   шум конт.: взвешенная 25.27 %  ВЫШЕ ПОРОГА 5.0 %
   файл     : D:\BqMoni_Claude\p76\store_check\RC103_lu_front.rmx (0.0 МБ)

== RC103_point0 ==
   клеймо   : phys=18;b78d91811e1d8fd2a3a0ce1c7f4240aa0a355a454881464921f559c40d1d393f
   время    : 0.8 с на часах, ядер 2.0 из 10  — МАШИНУ ДЕЛИМ
   счёт     : 1.7 с ЦП, 2.09 мкс на историю  <- сравнивать надо ЭТО
   обход    : на историю 8.5 шага границ, 8.9 поиска области, 4.3 интерполяции μ, 2.60 сбора пересечений
   шум конт.: взвешенная 5.92 %  ВЫШЕ ПОРОГА 5.0 %
   файл     : D:\BqMoni_Claude\p76\store_check\RC103_point0.rmx (0.0 МБ)

матриц: 2 — посчитано 2, пропущено 0 (клеймо сошлось); всего 0.0 мин
пересчитаны ВСЕ — значит изменилась картина целиком (версия физики или параметры расчёта)
ЕСТЬ ШУМНЫЕ
