BecqMoni: main config: D:\BqMoni_Claude\p76\wt\tools\effmaker\probes\build_p76\config\BecquerelMonitor.xml
Матрицы отклика понятной части корпуса (B1)
сетка: 140 узлов 5-3000 кэВ, бин 2 кэВ, 3000000 историй на узел
останов по шуму ВЫКЛЮЧЕН — плоский счёт (T35)

== RC103_lu_front ==
   клеймо   : phys=18;2d63fa4914edf0d8384374cd686cbb2ef6252640850bbf8a7b905d006b6cc54b
   время    : 284.5 с на часах, ядер 9.6 из 10
   счёт     : 2721.5 с ЦП, 6.39 мкс на историю  <- сравнивать надо ЭТО
   сетка κ  : 200000 точек по 2 истории — в «мкс на историю» НЕ входят (замер узлов — с --jnodes=0)
   обход    : на историю 13.8 шага границ, 14.1 поиска области, 8.7 интерполяции μ, 3.34 сбора пересечений
   шум конт.: взвешенная 2.28 %  тихо
   файл     : D:\BqMoni_Claude\p76\store\RC103_lu_front.rmx (0.6 МБ)

== RC103_point0 ==
   клеймо   : phys=18;3ecd6580980b9e8d3125acd11056a334a40a77c948e5653cb0d4d49c03b72202
   время    : 189.3 с на часах, ядер 9.7 из 10
   счёт     : 1839.3 с ЦП, 4.38 мкс на историю  <- сравнивать надо ЭТО
   сетка κ  : 200000 точек по 2 истории — в «мкс на историю» НЕ входят (замер узлов — с --jnodes=0)
   обход    : на историю 8.6 шага границ, 8.9 поиска области, 4.3 интерполяции μ, 2.57 сбора пересечений
   шум конт.: взвешенная 0.76 %  тихо
   файл     : D:\BqMoni_Claude\p76\store\RC103_point0.rmx (0.6 МБ)

матриц: 2 — посчитано 2, пропущено 0 (клеймо сошлось); всего 7.9 мин
пересчитаны ВСЕ — значит изменилась картина целиком (версия физики или параметры расчёта)
ВСЕ СОШЛИСЬ
