
=== Пресеты: у кого зазор и чем он налит ===
прибор                     торец / бок, мм ; наполнитель
Atom Spectra Nano 16           0.00     0.00   Air, dry (0.001205 г/см3)
RadiaCode-101                  0.00     0.00   Air, dry (0.001205 г/см3)
RadiaCode-103                  3.50     0.00   Air, dry (0.001205 г/см3)
Obsidian                       0.00     0.00   Air, dry (0.001205 г/см3)
Atom Spectra Pro 80x80        21.70     0.00   Air, dry (0.001205 г/см3)
Gamma-1S UDS-GC 63x63          0.00     0.00   Air, dry (0.001205 г/см3)
Atom Spectra Pro 40x40         0.00     0.00   Air, dry (0.001205 г/см3)
заготовка редактора            0.00     0.00   Air, dry

=== Сцена переноса: слои сверху вниз, см ===
--- с зазором 21.7 мм ---
  кольцо r=[ 0.0000, 4.0000] z=[  0.0000,  8.0000] Sodium iodide
  кольцо r=[ 0.0000, 4.0000] z=[ -0.2000,  0.0000] Magnesium oxide
  кольцо r=[ 4.0000, 4.2000] z=[ -0.2000,  8.0000] Magnesium oxide
  кольцо r=[ 0.0000, 4.2000] z=[ -2.3700, -0.2000] Air, dry
  кольцо r=[ 0.0000, 4.5000] z=[ -2.6700, -2.3700] Aluminum
  кольцо r=[ 4.2000, 4.5000] z=[ -2.3700,  8.0000] Aluminum
  кольцо r=[ 0.0000, 4.5000] z=[  8.0000,  8.2000] Aluminum
--- без зазора (контроль) ---
  кольцо r=[ 0.0000, 4.0000] z=[  0.0000,  8.0000] Sodium iodide
  кольцо r=[ 0.0000, 4.0000] z=[ -0.2000,  0.0000] Magnesium oxide
  кольцо r=[ 4.0000, 4.2000] z=[ -0.2000,  8.0000] Magnesium oxide
  кольцо r=[ 0.0000, 4.5000] z=[ -0.5000, -0.2000] Aluminum
  кольцо r=[ 4.2000, 4.5000] z=[ -0.2000,  8.0000] Aluminum
  кольцо r=[ 0.0000, 4.5000] z=[  8.0000,  8.2000] Aluminum

=== Вынос кристалла и цена зазора ===
глубина кристалла под торцом: 5.00 мм -> 26.70 мм
вынос детектора над пробой (GeometryScenes): 45.00 мм -> 66.70 мм
поперечник детектора: 90.00 мм -> 98.00 мм (боковой зазор 4 мм)

--- проба в 100 мм от торца ---
геометрический фактор диска: 0.0328 -> 0.0232 (глубина 105.0 -> 126.7 мм)
    E, кэВ     без зазора      с зазором       отн.
        60    2.2648E-002    1.6065E-002      0.709
       662    1.1035E-002    8.2108E-003      0.744
      1461    5.7788E-003    4.3710E-003      0.756

--- проба НА ТОРЦЕ (как в корпусе) ---
геометрический фактор диска: 0.4380 -> 0.2224 (глубина 5.0 -> 26.7 мм)
    E, кэВ     без зазора      с зазором       отн.
        60    2.2397E-001    1.4089E-001      0.629
       662    1.3920E-001    6.0332E-002      0.433
      1461    7.0850E-002    3.0681E-002      0.433

=== Файл .in: запись, чтение, старый файл ===
прочитано: торец 21.7000 мм, бок 3.0000 мм, наполнитель Air, dry (0.001205)
старый файл (ключи вырезаны): торец 0.0000, бок 0.0000, наполнитель ""

=== Клеймо матрицы ===
без зазора: phys=18;b6be0c224742134e8dd1d1b5a47a0b2fe83973354a6ce39cdabcd0046e7358dd
с зазором : phys=18;eb0d663a88b67847abcd4b456140401cbe63b258b81f0432df2fb4014c5f648a
зазор 0, вещество снято: phys=18;b6be0c224742134e8dd1d1b5a47a0b2fe83973354a6ce39cdabcd0046e7358dd

=== Чертёж: слой зазора виден ===
цвет зазора: #E8EEF6
точек цвета зазора: с зазором 15155, без зазора 0

=== Брусок: зазор с двух сторон и разворот ===
--- торцом к пробе ---
  брус  a=( 1.0000, 1.0000) z=[  0.0000,  2.0000] Cesium iodide
  брус  a=( 1.0000, 1.0000) z=[ -0.1000,  0.0000] Polytetrafluoroethylene
  брус  a=( 1.1000, 1.1000) z=[ -0.1000,  2.0000] Polytetrafluoroethylene
  брус  a=( 1.1000, 1.1000) z=[ -0.4000, -0.1000] Air, dry
  брус  a=( 1.6000, 1.6000) z=[ -0.4000,  2.0000] Air, dry
  брус  a=( 1.6500, 1.6500) z=[ -0.4500, -0.4000] Aluminum
  брус  a=( 1.6500, 1.6500) z=[ -0.4000,  2.0000] Aluminum
  брус  a=( 1.6500, 1.6500) z=[  2.0000,  2.1000] Aluminum
--- боком к пробе ---
  брус  a=( 1.0000, 1.0000) z=[  0.0000,  2.0000] Cesium iodide
  брус  a=( 1.0000, 1.0000) z=[ -0.1000,  0.0000] Polytetrafluoroethylene
  брус  a=( 1.1000, 1.1000) z=[ -0.1000,  2.0000] Polytetrafluoroethylene
  брус  a=( 1.1000, 1.1000) z=[ -0.6000, -0.1000] Air, dry
  брус  a=( 1.4000, 1.4000) z=[ -0.6000,  2.0000] Air, dry
  брус  a=( 1.4500, 1.4500) z=[ -0.6500, -0.6000] Aluminum
  брус  a=( 1.4500, 1.4500) z=[ -0.6000,  2.0000] Aluminum
  брус  a=( 1.4500, 1.4500) z=[  2.0000,  2.1000] Aluminum

=== Корпусные геометрии AS80 ===
AS80_lu_front.in     торец   21.70 бок    0.00  наполнитель "Air, dry"
AS80_point0.in       торец   21.70 бок    0.00  наполнитель "Air, dry"
AS80_th_disk.in      торец   21.70 бок    0.00  наполнитель "Air, dry"

=== Корпусные геометрии RC103 ===
RC103_point0.in          торец    0.00 бок    0.00  наполнитель ""
  ⛔ RC103_point0.in: торец 3.5: ожидалось 3.5, вышло 0
  ⛔ RC103_point0.in: наполнитель воздух: ожидалось Air, dry, вышло 
RC103_lu_front.in        торец    0.00 бок    0.00  наполнитель ""
  ⛔ RC103_lu_front.in: торец 3.5: ожидалось 3.5, вышло 0
  ⛔ RC103_lu_front.in: наполнитель воздух: ожидалось Air, dry, вышло 
RC103_marinelli05_kcl.in торец    0.00 бок    0.00  наполнитель ""

РАСХОЖДЕНИЙ: 4
