каталог проб: D:\BqMoni_Claude\p104\wt\tools\effmaker\probes\build_p104 (заверен 2026-09-18 16:39:39 из D:\BqMoni_Claude\p104\wt\BecquerelMonitor\bin\Debug_p104)
  ⚠ сверено: набор приложения 386a57f54b09 (550 файлов), набор FsaStackShot 13494ce22634 (6 файлов), sha двух exe
свежесть каталога проб: сошлась с деревом (T226, 3.6 с)
рабочий каталог: D:\BqMoni_Claude\p104\wt\tools\fsa_showcase\wd (скопировано 196, снято 0; приборов 3, матриц 4)
прогон FsaStackShot (5 спектров, 9 пар):
  ASN16_Cs137_house / infer_eq: 6.9 с
  ASN16_Cs137_house / infer_eq_peak: 8.0 с
  ASN16_Cs137_house / infer_eq_compton: 8.2 с
  AS80_Th232_disk / infer_eq: 15.1 с
  ASN16_Radon_filter2 / chain_eq: 13.8 с
  ASN16_Radon_filter2 / chain_noeq: 19.1 с
  G1S24_Rn222Coal_eq01 / sample_eq: 7.2 с
  G1S24_Rn222Coal_eq01 / sample_noeq: 7.5 с
  ASN16_Cs137_10cm / sample_nomatrix: 4.4 с
  ✅ ASN16_Cs137_house / infer_eq: совпало с эталоном (2026-09-18 14:31)
  ✅ ASN16_Cs137_house / infer_eq_peak: совпало с эталоном (2026-09-18 16:29)
  ✅ ASN16_Cs137_house / infer_eq_compton: совпало с эталоном (2026-09-18 16:29)
  ✅ AS80_Th232_disk / infer_eq: совпало с эталоном (2026-09-18 14:31)
  ✅ ASN16_Radon_filter2 / chain_eq: совпало с эталоном (2026-09-18 14:31)
  ✅ ASN16_Radon_filter2 / chain_noeq: совпало с эталоном (2026-09-18 14:31)
  ✅ G1S24_Rn222Coal_eq01 / sample_eq: совпало с эталоном (2026-09-18 14:31)
  ✅ G1S24_Rn222Coal_eq01 / sample_noeq: совпало с эталоном (2026-09-18 14:31)
  ✅ ASN16_Cs137_10cm / sample_nomatrix: совпало с эталоном (2026-09-18 14:31)

ВИТРИНА СОШЛАСЬ С ЭТАЛОНОМ: 9 пар, 96 с.
