1. Учебные каскады: A22 и A44 чистых переходов

   каскад              мультиполи      A22 (справка)      A44 (справка)
   4 → 2 → 0            4+4         0.10204 ( 0.10200)    0.00907 ( 0.00910)  ok
   0 → 2 → 0            4+4         0.35714 ( 0.35710)    1.14286 ( 1.14290)  ok
   1 → 1 → 0            2+2        -0.25000 (-0.25000)    0.00000 ( 0.00000)  ok
   1 → 2 → 0            2+4        -0.25000 (-0.25000)    0.00000 ( 0.00000)  ok
   2 → 2 → 0            2+4         0.25000 ( 0.25000)    0.00000 ( 0.00000)  ok
   3 → 2 → 0            2+4        -0.07143 (-0.07140)    0.00000 ( 0.00000)  ok
   6 → 4 → 2            4+4         0.10204 ( 0.10200)    0.00907 ( 0.00910)  ok

   Проверка знака смешивания: 2(M1+E2)→2→0. При δ = 0 это чистый
   M1, при δ → ∞ — чистый E2, и коэффициент обязан перейти от
   одного предела к другому непрерывно и через ноль.
   (δ здесь — у ЗАСЕЛЯЮЩЕГО перехода: с П86 его интерференционный
   член несёт (−1)^(L+L'), знак хода по δ — обратный прежнему;
   числом это судит раздел 4.)

        δ        A22
        0.0     0.2500
        0.2     0.0967
        0.5    -0.1081
        1.0    -0.2792
        2.0    -0.3040
        5.0    -0.2047
      100.0    -0.0838

2. Символы Вигнера порознь (аргументы удвоены)

   (1 1 0; 0 0 0)            -0.5773502692  ждали  -0.5773502692  ok
   (1 1 2; 0 0 0)             0.3651483717  ждали   0.3651483717  ok
   (2 2 2; 1 -1 0)            0.1195228609  ждали   0.1195228609  ok
   {1 1 0; 1 1 1}            -0.3333333333  ждали  -0.3333333333  ok
   {1 1 1; 1 1 1}             0.1666666667  ждали   0.1666666667  ok
   {1/2 1/2 1; 1/2 1/2 1}     0.1666666667  ждали   0.1666666667  ok


2а. Ловушка самозванца: Hf-176, линия 306.780 кэВ

   выбран 306.640 кэВ, уровень 3 → 2; ждали 306.640, 3 → 2   ok
   переход 167 → 150 (интенсивность 0) в схеме: нет   ok
3. Схема из базы: Z = 62, A = 152, пара 964.1 + 121.8 кэВ

   уровней со спином 183, переходов 471
   первый   964.059 кэВ: уровень 10 → 1, спины 2.0 → 2.0, мультипольность 403, δ = -9.3000
   второй   121.782 кэВ: уровень 1 → 0, спины 2.0 → 0.0, мультипольность 4, δ = 0.0000
   A22 = 0.3241, A44 = 0.0037

      θ, °      W(θ)
         0     1.3278
        30     1.2026
        60     0.9584
        90     0.8394
       120     0.9584
       150     1.2026
       180     1.3278

4. Десять каскадов по схеме базы против прямой мерки Geant4 (П85; допуск 3σ + 0.003)

   каскад                               спины      δ₁       A22 прил. | δ₁ обр. | Geant4 ± σ          A44 прил. | δ₁ обр. | Geant4 ± σ       
   Co-60  1173(E2+M3, δ=−0.0025)+1332   4→2→0  -0.0025     0.1005 |  0.1035 |  0.0995 ± 0.0010 ok     0.0094 |  0.0087 |  0.0104 ± 0.0014 ok
   Y-88   898(E1)+1836                  3→2→0   0.0000    -0.0714 | -0.0714 | -0.0710 ± 0.0010 ok     0.0000 |  0.0000 |  0.0004 ± 0.0014 ok
   Cs-134 605(E2)+796                   4→2→0   0.0000     0.1020 |  0.1020 |  0.1008 ± 0.0011 ok     0.0091 |  0.0091 |  0.0097 ± 0.0015 ok
   Cs-134 569(M1+E2, δ=0.26)+796        4→4→2   0.2600     0.1034 |  0.2496 |  0.1029 ± 0.0026 ok     0.0096 |  0.0096 |  0.0083 ± 0.0035 ok
   Cs-134 563(M1+E2, δ=−7.4)+605        2→2→0  -7.4000     0.0265 | -0.1678 |  0.0255 ± 0.0036 ok     0.3207 |  0.3207 |  0.3230 ± 0.0048 ok
   Eu-152 1408(E1+M2, δ=0.043)+122      2→2→0   0.0430     0.2180 |  0.2808 |  0.2165 ± 0.0033 ok     0.0006 |  0.0006 |  0.0042 ± 0.0044 ok
   Eu-152 1112(M1+E2, δ=−8.7)+122       3→2→0  -8.7000    -0.2911 | -0.1136 | -0.2913 ± 0.0037 ok    -0.0806 | -0.0806 | -0.0811 ± 0.0051 ok
   Eu-152 964(E2+M1, δ=−9.3)+122        2→2→0  -9.3000     0.3241 |  0.1685 |  0.3261 ± 0.0040 ok     0.0037 |  0.0037 |  0.0014 ± 0.0054 ok
   Eu-152 779(E1)+344 (Gd)              3→2→0   0.0000    -0.0714 | -0.0714 | -0.0748 ± 0.0028 ok     0.0000 |  0.0000 | -0.0019 ± 0.0038 ok
   Eu-152 411(E2)+344 (Gd)              4→2→0   0.0000     0.1020 |  0.1020 |  0.1007 ± 0.0069 ok     0.0091 |  0.0091 |  0.0066 ± 0.0092 ok

   все двадцать чисел в допуске Geant4

все сверки сошлись
