матрица: G1S_point5.rmx (узлов 140, историй 3000000)
клеймо: phys=22;905f1bbc867a68d46a43c663b3aaee0204b08c0e85040dcf3090c3cc4e53602f
сетка узлов: 5.000 … 3000.0 кэВ; кристалл NaI:Tl; угловые корреляции ВЫКЛ

1. Выход ключа K-серии против суммы линий под ним (AMBER59)

   I-125: линий K-серии 4, ω_K 0.875, полный выход K 138.43 %
      K-линия    выход, %   ключ        выход ключа  Σ линий под ключом   CF линии   вынос
        27.202     39.431     27.202      112.859      112.859 ok           1.00130  0.00130
            партнёр    35.493 кэВ  P(партнёр|ключ) = 0.033803  кратность 1  ε_T = 0.038442
        27.473     73.428     27.202      112.859      112.859 ok           1.00130  0.00130
            партнёр    35.493 кэВ  P(партнёр|ключ) = 0.033803  кратность 1  ε_T = 0.038442
        31.093     21.014     31.093       21.014       21.014 ok           1.00130  0.00130
            партнёр    35.493 кэВ  P(партнёр|ключ) = 0.033803  кратность 1  ε_T = 0.038442
        31.698      4.560     31.698        4.560        4.560 ok           1.00130  0.00130
            партнёр    35.493 кэВ  P(партнёр|ключ) = 0.033803  кратность 1  ε_T = 0.038442

   I-123: линий K-серии 4, ω_K 0.875, полный выход K 86.45 %
      K-линия    выход, %   ключ        выход ключа  Σ линий под ключом   CF линии   вынос
        27.202     24.625     27.202       70.481       70.481 ok           1.03723  0.03589
            партнёр   158.970 кэВ  P(партнёр|ключ) = 0.719501  кратность 1  ε_T = 0.049244
            партнёр   528.960 кэВ  P(партнёр|ключ) = 0.013924  кратность 1  ε_T = 0.033130
        27.473     45.856     27.202       70.481       70.481 ok           1.03723  0.03589
            партнёр   158.970 кэВ  P(партнёр|ключ) = 0.719501  кратность 1  ε_T = 0.049244
            партнёр   528.960 кэВ  P(партнёр|ключ) = 0.013924  кратность 1  ε_T = 0.033130
        31.093     13.123     31.093       13.123       13.123 ok           1.03720  0.03587
            партнёр   158.970 кэВ  P(партнёр|ключ) = 0.719501  кратность 1  ε_T = 0.049244
            партнёр   528.960 кэВ  P(партнёр|ключ) = 0.013924  кратность 1  ε_T = 0.033130
        31.698      2.848     31.698        2.848        2.848 ok           1.03720  0.03586
            партнёр   158.970 кэВ  P(партнёр|ключ) = 0.719501  кратность 1  ε_T = 0.049244
            партнёр   528.960 кэВ  P(партнёр|ключ) = 0.013924  кратность 1  ε_T = 0.033130

   In-111: линий K-серии 4, ω_K 0.842, полный выход K 82.50 %
      K-линия    выход, %   ключ        выход ключа  Σ линий под ключом   CF линии   вынос
        22.983     23.568     22.983       67.893       67.893 ok           1.08382  0.07734
            партнёр   171.280 кэВ  P(партнёр|ключ) = 0.828787  кратность 1  ε_T = 0.048364
            партнёр   245.350 кэВ  P(партнёр|ключ) = 0.892154  кратность 1  ε_T = 0.043516
        23.173     44.325     22.983       67.893       67.893 ok           1.08382  0.07734
            партнёр   171.280 кэВ  P(партнёр|ключ) = 0.828787  кратность 1  ε_T = 0.048364
            партнёр   245.350 кэВ  P(партнёр|ключ) = 0.892154  кратность 1  ε_T = 0.043516
        26.184     12.355     26.184       12.355       12.355 ok           1.08381  0.07733
            партнёр   171.280 кэВ  P(партнёр|ключ) = 0.828787  кратность 1  ε_T = 0.048364
            партнёр   245.350 кэВ  P(партнёр|ключ) = 0.892154  кратность 1  ε_T = 0.043516
        26.641      2.249     26.641        2.249        2.249 ok           1.08381  0.07733
            партнёр   171.280 кэВ  P(партнёр|ключ) = 0.828787  кратность 1  ε_T = 0.048364
            партнёр   245.350 кэВ  P(партнёр|ключ) = 0.892154  кратность 1  ε_T = 0.043516

   Sr-85: линий K-серии 4, ω_K 0.674, полный выход K 59.13 %
      K-линия    выход, %   ключ        выход ключа  Σ линий под ключом   CF линии   вынос
        13.336     17.200     13.336       50.200       50.200 ok           1.01609  0.01583
            партнёр   514.005 кэВ  P(партнёр|ключ) = 0.470387  кратность 1  ε_T = 0.033442
        13.396     33.000     13.336       50.200       50.200 ok           1.01609  0.01583
            партнёр   514.005 кэВ  P(партнёр|ключ) = 0.470387  кратность 1  ε_T = 0.033442
        15.021      8.000     15.021        8.930        8.930 ok           1.01601  0.01576
            партнёр   514.005 кэВ  P(партнёр|ключ) = 0.470387  кратность 1  ε_T = 0.033442
        15.187      0.930     15.021        8.930        8.930 ok           1.01601  0.01576
            партнёр   514.005 кэВ  P(партнёр|ключ) = 0.470387  кратность 1  ε_T = 0.033442

   Ba-133: линий K-серии 4, ω_K 0.894, полный выход K 114.69 %
      K-линия    выход, %   ключ        выход ключа  Σ линий под ключом   CF линии   вынос
        30.625     32.600     30.625       32.600       32.600 ok           1.05178  0.04923
            партнёр    53.162 кэВ  P(партнёр|ключ) = 0.017848  кратность 1  ε_T = 0.048758
            партнёр    79.614 кэВ  P(партнёр|ключ) = 0.025240  кратность 1  ε_T = 0.052069
            партнёр    80.997 кэВ  P(партнёр|ключ) = 0.209258  кратность 1  ε_T = 0.051973
            партнёр   160.613 кэВ  P(партнёр|ключ) = 0.003544  кратность 1  ε_T = 0.049129
            партнёр   276.400 кэВ  P(партнёр|ключ) = 0.090650  кратность 1  ε_T = 0.041710
            партнёр   302.853 кэВ  P(партнёр|ключ) = 0.219820  кратность 1  ε_T = 0.040430
            партнёр   356.017 кэВ  P(партнёр|ключ) = 0.567119  кратность 1  ε_T = 0.038093
            партнёр   383.848 кэВ  P(партнёр|ключ) = 0.070320  кратность 1  ε_T = 0.037008
        30.973     60.200     30.973       60.200       60.200 ok           1.05178  0.04923
            партнёр    53.162 кэВ  P(партнёр|ключ) = 0.017848  кратность 1  ε_T = 0.048758
            партнёр    79.614 кэВ  P(партнёр|ключ) = 0.025240  кратность 1  ε_T = 0.052069
            партнёр    80.997 кэВ  P(партнёр|ключ) = 0.209258  кратность 1  ε_T = 0.051973
            партнёр   160.613 кэВ  P(партнёр|ключ) = 0.003544  кратность 1  ε_T = 0.049129
            партнёр   276.400 кэВ  P(партнёр|ключ) = 0.090650  кратность 1  ε_T = 0.041710
            партнёр   302.853 кэВ  P(партнёр|ключ) = 0.219820  кратность 1  ε_T = 0.040430
            партнёр   356.017 кэВ  P(партнёр|ключ) = 0.567119  кратность 1  ε_T = 0.038093
            партнёр   383.848 кэВ  P(партнёр|ключ) = 0.070320  кратность 1  ε_T = 0.037008
        35.089     17.600     35.089       17.600       17.600 ok           1.05179  0.04924
            партнёр    53.162 кэВ  P(партнёр|ключ) = 0.017848  кратность 1  ε_T = 0.048758
            партнёр    79.614 кэВ  P(партнёр|ключ) = 0.025240  кратность 1  ε_T = 0.052069
            партнёр    80.997 кэВ  P(партнёр|ключ) = 0.209258  кратность 1  ε_T = 0.051973
            партнёр   160.613 кэВ  P(партнёр|ключ) = 0.003544  кратность 1  ε_T = 0.049129
            партнёр   276.400 кэВ  P(партнёр|ключ) = 0.090650  кратность 1  ε_T = 0.041710
            партнёр   302.853 кэВ  P(партнёр|ключ) = 0.219820  кратность 1  ε_T = 0.040430
            партнёр   356.017 кэВ  P(партнёр|ключ) = 0.567119  кратность 1  ε_T = 0.038093
            партнёр   383.848 кэВ  P(партнёр|ключ) = 0.070320  кратность 1  ε_T = 0.037008
        35.818      4.290     35.818        4.290        4.290 ok           1.05178  0.04923
            партнёр    53.162 кэВ  P(партнёр|ключ) = 0.017848  кратность 1  ε_T = 0.048758
            партнёр    79.614 кэВ  P(партнёр|ключ) = 0.025240  кратность 1  ε_T = 0.052069
            партнёр    80.997 кэВ  P(партнёр|ключ) = 0.209258  кратность 1  ε_T = 0.051973
            партнёр   160.613 кэВ  P(партнёр|ключ) = 0.003544  кратность 1  ε_T = 0.049129
            партнёр   276.400 кэВ  P(партнёр|ключ) = 0.090650  кратность 1  ε_T = 0.041710
            партнёр   302.853 кэВ  P(партнёр|ключ) = 0.219820  кратность 1  ε_T = 0.040430
            партнёр   356.017 кэВ  P(партнёр|ключ) = 0.567119  кратность 1  ε_T = 0.038093
            партнёр   383.848 кэВ  P(партнёр|ключ) = 0.070320  кратность 1  ε_T = 0.037008

   Cs-137: линий K-серии 4, ω_K 0.900, полный выход K 7.01 %
      K-линия    выход, %   ключ        выход ключа  Σ линий под ключом   CF линии   вынос
        31.816      1.990     31.816        1.990        1.990 ok           1.00000  0.00000
            партнёр   661.657 кэВ  P(партнёр|ключ) = 0.000000  кратность 1  ε_T = 0.030736
        32.193      3.667     32.193        3.667        3.667 ok           1.00000  0.00000
            партнёр   661.657 кэВ  P(партнёр|ключ) = 0.000000  кратность 1  ε_T = 0.030736
        36.482      1.079     36.482        1.079        1.079 ok           1.00000  0.00000
            партнёр   661.657 кэВ  P(партнёр|ключ) = 0.000000  кратность 1  ε_T = 0.030736
        37.255      0.272     37.255        0.272        0.272 ok           1.00000  0.00000
            партнёр   661.657 кэВ  P(партнёр|ключ) = 0.000000  кратность 1  ε_T = 0.030736

2–3. Вынос из пика названных линий: партнёры, ε_T, три выживания (AMBER60, AMBER61)

   I-125 27.200 кэВ → ключ 27.202, выход 112.859 %; ε_p = 0.024530, ε_T = 0.025275
      счёт приложения: CF = 1.00130, вынос = 0.001299, влёт = 0.000000
      партнёр, кэВ      P(партнёр|ключ)  кратность    ε_T        p·ε (1−(1−ε)^m·p)   вид
          35.493          0.033803       1      0.038442     0.001299   гамма
      реплика без κ: выживание Π по всем = 0.998701 (вынос 0.001299); K-серия как исключающая = 0.998701 (вынос 0.001299); Σ pᵢεᵢ по K = 0.000000
      CF по репликам: Π → 1.00130; K исключающая → 1.00130

   Na-22 1274.537 кэВ → ключ 1274.537, выход 99.940 %; ε_p = 0.007735, ε_T = 0.024991
      счёт приложения: CF = 1.06439, вынос = 0.060491, влёт = 0.000000
      партнёр, кэВ      P(партнёр|ключ)  кратность    ε_T        p·ε (1−(1−ε)^m·p)   вид
         511.000          1.809960       2      0.033506     0.059629   аннигиляция
      реплика без κ: выживание Π по всем = 0.940371 (вынос 0.059629); K-серия как исключающая = 0.940371 (вынос 0.059629); Σ pᵢεᵢ по K = 0.000000
      CF по репликам: Π → 1.06341; K исключающая → 1.06341
      511: q = 0.90498 событий-пар, ε_T(511) = 0.033506; потеря независимо 0.059629 (CF 1.06341), спина к спине 0.060645 (CF 1.06456); κ_pT(ключ,511) = 0.99745

   Ba-133 356.013 кэВ → ключ 356.017, выход 62.050 %; ε_p = 0.026610, ε_T = 0.038093
      счёт приложения: CF = 1.05616, вынос = 0.053175, влёт = 0.000000
      партнёр, кэВ      P(партнёр|ключ)  кратность    ε_T        p·ε (1−(1−ε)^m·p)   вид
          30.625          0.297954       1      0.031886     0.009500   K-серия
          30.973          0.550210       1      0.032423     0.017839   K-серия
          35.089          0.160859       1      0.037923     0.006100   K-серия
          35.818          0.039209       1      0.038861     0.001524   K-серия
          80.997          0.369959       1      0.051973     0.019228   гамма
      реплика без κ: выживание Π по всем = 0.946859 (вынос 0.053141); K-серия как исключающая = 0.946480 (вынос 0.053520); Σ pᵢεᵢ по K = 0.034964
      CF по репликам: Π → 1.05612; K исключающая → 1.05655
      источники K-вакансии (·ω_K): захват:0.5748 81.0:0.4735; Σ = 1.0482 (Σ долей K в партнёрах 1.0482); ε̄_K = 0.033355
      реплика по источникам: выживание 0.946777 (CF 1.05621); с связкой γ_T↔K(T): 0.946480 (CF 1.05655)

   Ba-133 80.998 кэВ → ключ 80.997, выход 34.060 %; ε_p = 0.045077, ε_T = 0.051973
      счёт приложения: CF = 1.06515, вынос = 0.061162, влёт = 0.000000
      партнёр, кэВ      P(партнёр|ключ)  кратность    ε_T        p·ε (1−(1−ε)^m·p)   вид
          30.625          0.200288       1      0.031886     0.006386   K-серия
          30.973          0.369856       1      0.032423     0.011992   K-серия
          35.089          0.108131       1      0.037923     0.004101   K-серия
          35.818          0.026357       1      0.038861     0.001024   K-серия
          53.162          0.016262       1      0.048758     0.000793   гамма
          79.614          0.028458       1      0.052069     0.001482   гамма
         223.234          0.004394       1      0.044840     0.000197   гамма
         276.400          0.069950       1      0.041710     0.002918   гамма
         302.853          0.199100       1      0.040430     0.008050   гамма
         356.017          0.673986       1      0.038093     0.025674   гамма
      реплика без κ: выживание Π по всем = 0.938857 (вынос 0.061143); K-серия как исключающая = 0.938689 (вынос 0.061311); Σ pᵢεᵢ по K = 0.023503
      CF по репликам: Π → 1.06512; K исключающая → 1.06532
      источники K-вакансии (·ω_K): захват:0.5748 53.2:0.0696 302.9:0.0066 79.6:0.0381 356.0:0.0127 276.4:0.0029; Σ = 0.7046 (Σ долей K в партнёрах 0.7046); ε̄_K = 0.033355
      реплика по источникам: выживание 0.938775 (CF 1.06522); с связкой γ_T↔K(T): 0.938759 (CF 1.06524)

ПРИМЕЧАНИЕ БАЗЫ: 22NA: нет ω_K для Z=10; 

раздел 1: выход каждого ключа K равен сумме линий под ним — СОШЛОСЬ
