матрица: G1S_point5.rmx (узлов 140, историй 3000000)
клеймо: phys=22;905f1bbc867a68d46a43c663b3aaee0204b08c0e85040dcf3090c3cc4e53602f
сетка узлов: 5.000 … 3000.0 кэВ; кристалл NaI:Tl; угловые корреляции ВЫКЛ

1. Выход ключа K-серии против суммы линий под ним (AMBER59)

   Ba-133: линий K-серии 4, ω_K 0.894, полный выход K 114.69 %
      K-линия    выход, %   ключ        выход ключа  Σ линий под ключом   CF линии   вынос
        30.625     32.600     30.625       32.600       32.600 ok           1.05178  0.04923
            партнёр    53.162 кэВ  P(партнёр|ключ) = 0.017848  кратность 1  ε_T = 0.048758
            партнёр    79.614 кэВ  P(партнёр|ключ) = 0.025240  кратность 1  ε_T = 0.052069
            партнёр    80.997 кэВ  P(партнёр|ключ) = 0.209258  кратность 1  ε_T = 0.051973
            партнёр   160.613 кэВ  P(партнёр|ключ) = 0.003544  кратность 1  ε_T = 0.049129
            партнёр   276.400 кэВ  P(партнёр|ключ) = 0.090650  кратность 1  ε_T = 0.041710
            партнёр   302.853 кэВ  P(партнёр|ключ) = 0.219820  кратность 1  ε_T = 0.040430
            партнёр   356.017 кэВ  P(партнёр|ключ) = 0.567119  кратность 1  ε_T = 0.038093
            партнёр   383.848 кэВ  P(партнёр|ключ) = 0.070320  кратность 1  ε_T = 0.037008
        30.973     60.200     30.973       60.200       60.200 ok           1.05178  0.04923
            партнёр    53.162 кэВ  P(партнёр|ключ) = 0.017848  кратность 1  ε_T = 0.048758
            партнёр    79.614 кэВ  P(партнёр|ключ) = 0.025240  кратность 1  ε_T = 0.052069
            партнёр    80.997 кэВ  P(партнёр|ключ) = 0.209258  кратность 1  ε_T = 0.051973
            партнёр   160.613 кэВ  P(партнёр|ключ) = 0.003544  кратность 1  ε_T = 0.049129
            партнёр   276.400 кэВ  P(партнёр|ключ) = 0.090650  кратность 1  ε_T = 0.041710
            партнёр   302.853 кэВ  P(партнёр|ключ) = 0.219820  кратность 1  ε_T = 0.040430
            партнёр   356.017 кэВ  P(партнёр|ключ) = 0.567119  кратность 1  ε_T = 0.038093
            партнёр   383.848 кэВ  P(партнёр|ключ) = 0.070320  кратность 1  ε_T = 0.037008
        35.089     17.600     35.089       17.600       17.600 ok           1.05179  0.04924
            партнёр    53.162 кэВ  P(партнёр|ключ) = 0.017848  кратность 1  ε_T = 0.048758
            партнёр    79.614 кэВ  P(партнёр|ключ) = 0.025240  кратность 1  ε_T = 0.052069
            партнёр    80.997 кэВ  P(партнёр|ключ) = 0.209258  кратность 1  ε_T = 0.051973
            партнёр   160.613 кэВ  P(партнёр|ключ) = 0.003544  кратность 1  ε_T = 0.049129
            партнёр   276.400 кэВ  P(партнёр|ключ) = 0.090650  кратность 1  ε_T = 0.041710
            партнёр   302.853 кэВ  P(партнёр|ключ) = 0.219820  кратность 1  ε_T = 0.040430
            партнёр   356.017 кэВ  P(партнёр|ключ) = 0.567119  кратность 1  ε_T = 0.038093
            партнёр   383.848 кэВ  P(партнёр|ключ) = 0.070320  кратность 1  ε_T = 0.037008
        35.818      4.290     35.818        4.290        4.290 ok           1.05178  0.04923
            партнёр    53.162 кэВ  P(партнёр|ключ) = 0.017848  кратность 1  ε_T = 0.048758
            партнёр    79.614 кэВ  P(партнёр|ключ) = 0.025240  кратность 1  ε_T = 0.052069
            партнёр    80.997 кэВ  P(партнёр|ключ) = 0.209258  кратность 1  ε_T = 0.051973
            партнёр   160.613 кэВ  P(партнёр|ключ) = 0.003544  кратность 1  ε_T = 0.049129
            партнёр   276.400 кэВ  P(партнёр|ключ) = 0.090650  кратность 1  ε_T = 0.041710
            партнёр   302.853 кэВ  P(партнёр|ключ) = 0.219820  кратность 1  ε_T = 0.040430
            партнёр   356.017 кэВ  P(партнёр|ключ) = 0.567119  кратность 1  ε_T = 0.038093
            партнёр   383.848 кэВ  P(партнёр|ключ) = 0.070320  кратность 1  ε_T = 0.037008

2–3. Вынос из пика названных линий: партнёры, ε_T, три выживания (AMBER60, AMBER61)

   Ba-133 302.851 кэВ → ключ 302.853, выход 18.330 %; ε_p = 0.030581, ε_T = 0.040430
      счёт приложения: CF = 1.07236, вынос = 0.067473, влёт = 0.000000
      партнёр, кэВ      P(партнёр|ключ)  кратность    ε_T        p·ε (1−(1−ε)^m·p)   вид
          30.625          0.390951       1      0.031886     0.012466   K-серия
          30.973          0.721940       1      0.032423     0.023407   K-серия
          35.089          0.211065       1      0.037923     0.008004   K-серия
          35.818          0.051447       1      0.038861     0.001999   K-серия
          53.162          0.076492       1      0.048758     0.003730   гамма
          80.997          0.369959       1      0.051973     0.019228   гамма
      реплика без κ: выживание Π по всем = 0.932935 (вынос 0.067065); K-серия как исключающая = 0.932287 (вынос 0.067713); Σ pᵢεᵢ по K = 0.045877
      CF по репликам: Π → 1.07189; K исключающая → 1.07263
      источники K-вакансии (·ω_K): захват:0.5748 53.2:0.3272 81.0:0.4735; Σ = 1.3754 (Σ долей K в партнёрах 1.3754); ε̄_K = 0.033355
      реплика по источникам: выживание 0.932953 (CF 1.07187); с связкой γ_T↔K(T): 0.932621 (CF 1.07225)

   Ba-133 383.849 кэВ → ключ 383.848, выход 8.940 %; ε_p = 0.024827, ε_T = 0.037008
      счёт приложения: CF = 1.03470, вынос = 0.033533, влёт = 0.000000
      партнёр, кэВ      P(партнёр|ключ)  кратность    ε_T        p·ε (1−(1−ε)^m·p)   вид
          30.625          0.256423       1      0.031886     0.008176   K-серия
          30.973          0.473517       1      0.032423     0.015353   K-серия
          35.089          0.138437       1      0.037923     0.005250   K-серия
          35.818          0.033744       1      0.038861     0.001311   K-серия
          53.162          0.076535       1      0.048758     0.003732   гамма
      реплика без κ: выживание Π по всем = 0.966575 (вынос 0.033425); K-серия как исключающая = 0.966290 (вынос 0.033710); Σ pᵢεᵢ по K = 0.030090
      CF по репликам: Π → 1.03458; K исключающая → 1.03489
      источники K-вакансии (·ω_K): захват:0.5748 53.2:0.3274; Σ = 0.9021 (Σ долей K в партнёрах 0.9021); ε̄_K = 0.033355
      реплика по источникам: выживание 0.966499 (CF 1.03466); с связкой γ_T↔K(T): 0.966459 (CF 1.03471)

   Ba-133 276.399 кэВ → ключ 276.400, выход 7.164 %; ε_p = 0.032811, ε_T = 0.041710
      счёт приложения: CF = 1.09167, вынос = 0.083974, влёт = 0.000000
      партнёр, кэВ      P(партнёр|ключ)  кратность    ε_T        p·ε (1−(1−ε)^m·p)   вид
          30.625          0.412508       1      0.031886     0.013153   K-серия
          30.973          0.761748       1      0.032423     0.024698   K-серия
          35.089          0.222704       1      0.037923     0.008446   K-серия
          35.818          0.054284       1      0.038861     0.002110   K-серия
          79.614          0.324521       1      0.052069     0.016898   гамма
          80.997          0.332565       1      0.051973     0.017284   гамма
         160.613          0.078112       1      0.049129     0.003838   гамма
      реплика без κ: выживание Π по всем = 0.916527 (вынос 0.083473); K-серия как исключающая = 0.915816 (вынос 0.084184); Σ pᵢεᵢ по K = 0.048406
      CF по репликам: Π → 1.09108; K исключающая → 1.09192
      источники K-вакансии (·ω_K): захват:0.5748 160.6:0.0164 81.0:0.4256 79.6:0.4345; Σ = 1.4512 (Σ долей K в партнёрах 1.4512); ε̄_K = 0.033355
      реплика по источникам: выживание 0.916565 (CF 1.09103); с связкой γ_T↔K(T): 0.916099 (CF 1.09159)


раздел 1: выход каждого ключа K равен сумме линий под ним — СОШЛОСЬ
