матрица: G1S_contact_p121.rmx (узлов 140, историй 3000000)
клеймо: phys=22;48e45c2b74c685804896b3478e04de317ab929586dbb39ac6deb9d2f52434345
сетка узлов: 5.000 … 3000.0 кэВ; кристалл NaI:Tl; угловые корреляции ВЫКЛ

1. Выход ключа K-серии против суммы линий под ним (AMBER59)

   Ba-133: линий K-серии 4, ω_K 0.894, полный выход K 114.69 %
      K-линия    выход, %   ключ        выход ключа  Σ линий под ключом   CF линии   вынос
        30.625     32.600     30.625       32.600       32.600 ok           1.49056  0.32911
            партнёр    53.162 кэВ  P(партнёр|ключ) = 0.017848  кратность 1  ε_T = 0.314394
            партнёр    79.614 кэВ  P(партнёр|ключ) = 0.025240  кратность 1  ε_T = 0.362349
            партнёр    80.997 кэВ  P(партнёр|ключ) = 0.209258  кратность 1  ε_T = 0.362060
            партнёр   160.613 кэВ  P(партнёр|ключ) = 0.003544  кратность 1  ε_T = 0.373487
            партнёр   276.400 кэВ  P(партнёр|ключ) = 0.090650  кратность 1  ε_T = 0.326290
            партнёр   302.853 кэВ  P(партнёр|ключ) = 0.219820  кратность 1  ε_T = 0.314047
            партнёр   356.017 кэВ  P(партнёр|ключ) = 0.567119  кратность 1  ε_T = 0.294725
            партнёр   383.848 кэВ  P(партнёр|ключ) = 0.070320  кратность 1  ε_T = 0.285709
        30.973     60.200     30.973       60.200       60.200 ok           1.49062  0.32914
            партнёр    53.162 кэВ  P(партнёр|ключ) = 0.017848  кратность 1  ε_T = 0.314394
            партнёр    79.614 кэВ  P(партнёр|ключ) = 0.025240  кратность 1  ε_T = 0.362349
            партнёр    80.997 кэВ  P(партнёр|ключ) = 0.209258  кратность 1  ε_T = 0.362060
            партнёр   160.613 кэВ  P(партнёр|ключ) = 0.003544  кратность 1  ε_T = 0.373487
            партнёр   276.400 кэВ  P(партнёр|ключ) = 0.090650  кратность 1  ε_T = 0.326290
            партнёр   302.853 кэВ  P(партнёр|ключ) = 0.219820  кратность 1  ε_T = 0.314047
            партнёр   356.017 кэВ  P(партнёр|ключ) = 0.567119  кратность 1  ε_T = 0.294725
            партнёр   383.848 кэВ  P(партнёр|ключ) = 0.070320  кратность 1  ε_T = 0.285709
        35.089     17.600     35.089       17.600       17.600 ok           1.49134  0.32946
            партнёр    53.162 кэВ  P(партнёр|ключ) = 0.017848  кратность 1  ε_T = 0.314394
            партнёр    79.614 кэВ  P(партнёр|ключ) = 0.025240  кратность 1  ε_T = 0.362349
            партнёр    80.997 кэВ  P(партнёр|ключ) = 0.209258  кратность 1  ε_T = 0.362060
            партнёр   160.613 кэВ  P(партнёр|ключ) = 0.003544  кратность 1  ε_T = 0.373487
            партнёр   276.400 кэВ  P(партнёр|ключ) = 0.090650  кратность 1  ε_T = 0.326290
            партнёр   302.853 кэВ  P(партнёр|ключ) = 0.219820  кратность 1  ε_T = 0.314047
            партнёр   356.017 кэВ  P(партнёр|ключ) = 0.567119  кратность 1  ε_T = 0.294725
            партнёр   383.848 кэВ  P(партнёр|ключ) = 0.070320  кратность 1  ε_T = 0.285709
        35.818      4.290     35.818        4.290        4.290 ok           1.49143  0.32950
            партнёр    53.162 кэВ  P(партнёр|ключ) = 0.017848  кратность 1  ε_T = 0.314394
            партнёр    79.614 кэВ  P(партнёр|ключ) = 0.025240  кратность 1  ε_T = 0.362349
            партнёр    80.997 кэВ  P(партнёр|ключ) = 0.209258  кратность 1  ε_T = 0.362060
            партнёр   160.613 кэВ  P(партнёр|ключ) = 0.003544  кратность 1  ε_T = 0.373487
            партнёр   276.400 кэВ  P(партнёр|ключ) = 0.090650  кратность 1  ε_T = 0.326290
            партнёр   302.853 кэВ  P(партнёр|ключ) = 0.219820  кратность 1  ε_T = 0.314047
            партнёр   356.017 кэВ  P(партнёр|ключ) = 0.567119  кратность 1  ε_T = 0.294725
            партнёр   383.848 кэВ  P(партнёр|ключ) = 0.070320  кратность 1  ε_T = 0.285709

2–3. Вынос из пика названных линий: партнёры, ε_T, три выживания (AMBER60, AMBER61)

   Na-22 1274.537 кэВ → ключ 1274.537, выход 99.940 %; ε_p = 0.056157, ε_T = 0.188356
      счёт приложения: CF = 1.84878, вынос = 0.459101, влёт = 0.000000
      партнёр, кэВ      P(партнёр|ключ)  кратность    ε_T        p·ε (1−(1−ε)^m·p)   вид
         511.000          1.809960       2      0.256352     0.404515   аннигиляция
      реплика без κ: выживание Π по всем = 0.595485 (вынос 0.404515); K-серия как исключающая = 0.595485 (вынос 0.404515); Σ pᵢεᵢ по K = 0.000000
      CF по репликам: Π → 1.67930; K исключающая → 1.67930
      511: q = 0.90498 событий-пар, ε_T(511) = 0.256352; потеря независимо 0.404515 (CF 1.67930), спина к спине 0.463987 (CF 1.86563); κ_pT(ключ,511) = 0.98947

   Ba-133 356.013 кэВ → ключ 356.017, выход 62.050 %; ε_p = 0.197593, ε_T = 0.294725
      счёт приложения: CF = 1.40274, вынос = 0.287111, влёт = 0.000000
      партнёр, кэВ      P(партнёр|ключ)  кратность    ε_T        p·ε (1−(1−ε)^m·p)   вид
          30.625          0.297954       1      0.154007     0.045887   K-серия
          30.973          0.550210       1      0.158232     0.087061   K-серия
          35.089          0.160859       1      0.201337     0.032387   K-серия
          35.818          0.039209       1      0.209613     0.008219   K-серия
          80.997          0.369959       1      0.362060     0.133947   гамма
      реплика без κ: выживание Π по всем = 0.723942 (вынос 0.276058); K-серия как исключающая = 0.715746 (вынос 0.284254); Σ pᵢεᵢ по K = 0.173553
      CF по репликам: Π → 1.38133; K исключающая → 1.39714
      источники K-вакансии (·ω_K): захват:0.5748 81.0:0.4735; Σ = 1.0482 (Σ долей K в партнёрах 1.0482); ε̄_K = 0.165568
      реплика по источникам: выживание 0.722207 (CF 1.38464); с связкой γ_T↔K(T): 0.712706 (CF 1.40310)

   Ba-133 80.998 кэВ → ключ 80.997, выход 34.060 %; ε_p = 0.284994, ε_T = 0.362060
      счёт приложения: CF = 1.56449, вынос = 0.360813, влёт = 0.000000
      партнёр, кэВ      P(партнёр|ключ)  кратность    ε_T        p·ε (1−(1−ε)^m·p)   вид
          30.625          0.200288       1      0.154007     0.030846   K-серия
          30.973          0.369856       1      0.158232     0.058523   K-серия
          35.089          0.108131       1      0.201337     0.021771   K-серия
          35.818          0.026357       1      0.209613     0.005525   K-серия
          53.162          0.016262       1      0.314394     0.005113   гамма
          79.614          0.028458       1      0.362349     0.010312   гамма
         223.234          0.004394       1      0.350238     0.001539   гамма
         276.400          0.069950       1      0.326290     0.022824   гамма
         302.853          0.199100       1      0.314047     0.062527   гамма
         356.017          0.673986       1      0.294725     0.198640   гамма
      реплика без κ: выживание Π по всем = 0.640619 (вынос 0.359381); K-серия как исключающая = 0.637512 (вынос 0.362488); Σ pᵢεᵢ по K = 0.116664
      CF по репликам: Π → 1.56099; K исключающая → 1.56860
      источники K-вакансии (·ω_K): захват:0.5748 53.2:0.0696 302.9:0.0066 79.6:0.0381 356.0:0.0127 276.4:0.0029; Σ = 0.7046 (Σ долей K в партнёрах 0.7046); ε̄_K = 0.165568
      реплика по источникам: выживание 0.639081 (CF 1.56475); с связкой γ_T↔K(T): 0.638613 (CF 1.56589)

   Ba-133 302.851 кэВ → ключ 302.853, выход 18.330 %; ε_p = 0.227992, ε_T = 0.314047
      счёт приложения: CF = 1.52126, вынос = 0.342651, влёт = 0.000000
      партнёр, кэВ      P(партнёр|ключ)  кратность    ε_T        p·ε (1−(1−ε)^m·p)   вид
          30.625          0.390951       1      0.154007     0.060209   K-серия
          30.973          0.721940       1      0.158232     0.114234   K-серия
          35.089          0.211065       1      0.201337     0.042495   K-серия
          35.818          0.051447       1      0.209613     0.010784   K-серия
          53.162          0.076492       1      0.314394     0.024049   гамма
          80.997          0.369959       1      0.362060     0.133947   гамма
      реплика без κ: выживание Π по всем = 0.666431 (вынос 0.333569); K-серия как исключающая = 0.652749 (вынос 0.347251); Σ pᵢεᵢ по K = 0.227722
      CF по репликам: Π → 1.50053; K исключающая → 1.53198
      источники K-вакансии (·ω_K): захват:0.5748 53.2:0.3272 81.0:0.4735; Σ = 1.3754 (Σ долей K в партнёрах 1.3754); ε̄_K = 0.165568
      реплика по источникам: выживание 0.666659 (CF 1.50002); с связкой γ_T↔K(T): 0.656960 (CF 1.52216)

   Ba-133 383.849 кэВ → ключ 383.848, выход 8.940 %; ε_p = 0.183488, ε_T = 0.285709
      счёт приложения: CF = 1.19863, вынос = 0.165717, влёт = 0.000000
      партнёр, кэВ      P(партнёр|ключ)  кратность    ε_T        p·ε (1−(1−ε)^m·p)   вид
          30.625          0.256423       1      0.154007     0.039491   K-серия
          30.973          0.473517       1      0.158232     0.074925   K-серия
          35.089          0.138437       1      0.201337     0.027872   K-серия
          35.818          0.033744       1      0.209613     0.007073   K-серия
          53.162          0.076535       1      0.314394     0.024062   гамма
      реплика без κ: выживание Π по всем = 0.837030 (вынос 0.162970); K-серия как исключающая = 0.830170 (вынос 0.169830); Σ pᵢεᵢ по K = 0.149362
      CF по репликам: Π → 1.19470; K исключающая → 1.20457
      источники K-вакансии (·ω_K): захват:0.5748 53.2:0.3274; Σ = 0.9021 (Σ долей K в партнёрах 0.9021); ε̄_K = 0.165568
      реплика по источникам: выживание 0.835203 (CF 1.19731); с связкой γ_T↔K(T): 0.834023 (CF 1.19901)

ПРИМЕЧАНИЕ БАЗЫ: 22NA: нет ω_K для Z=10; 

раздел 1: выход каждого ключа K равен сумме линий под ним — СОШЛОСЬ
