каталог проб: C:\Users\moroz\source\repos\BQ Eng res .NET 4.8\tools\effmaker\probes\build_p121 (заверен 2026-09-22 12:39:08 из C:\Users\moroz\source\repos\BQ Eng res .NET 4.8\BecquerelMonitor\bin\Debug_p121)
⚠ --skip-freshness: свежесть каталога проб НЕ судилась — числа этого прогона в эталон не годятся
рабочий каталог: C:\Users\moroz\source\repos\BQ Eng res .NET 4.8\tools\fsa_showcase\wd (скопировано 403, снято 4; приборов 3, матриц 4)
прогон FsaStackShot (5 спектров, 9 пар):
  ASN16_Cs137_house / infer_eq: 1.6 с
  ASN16_Cs137_house / infer_eq_peak: 1.6 с
  ASN16_Cs137_house / infer_eq_compton: 1.5 с
  AS80_Th232_disk / infer_eq: 3.2 с
  ASN16_Radon_filter2 / chain_eq: 2.9 с
  ASN16_Radon_filter2 / chain_noeq: 4.2 с
  G1S24_Rn222Coal_eq01 / sample_eq: 1.8 с
  G1S24_Rn222Coal_eq01 / sample_noeq: 1.8 с
  ASN16_Cs137_10cm / sample_nomatrix: 1.1 с

⛔ КАРТИНКА ИЗМЕНИЛАСЬ: ASN16_Cs137_house / infer_eq — 111 расхождений (допуск rel 1e-09, abs 1e-06; эталон объявлен 2026-09-21 16:00)
  спектр                 режим          полоса           компонент                                  было              стало              Δ
  ASN16_Cs137_house      infer_eq       0-30 кэВ         Backscatter                         1485182.425        1488661.542 3479.117 (+0.23 %)
  ASN16_Cs137_house      infer_eq       0-30 кэВ         Cs-137                             17840298.038       17884840.058 44542.020 (+0.25 %)
  ASN16_Cs137_house      infer_eq       0-30 кэВ         Xray-Pb                               86040.972          86703.324 662.352 (+0.77 %)
  ASN16_Cs137_house      infer_eq       0-30 кэВ         Xray-Pb-L                           1183879.252        1186018.283 2139.031 (+0.18 %)
  ASN16_Cs137_house      infer_eq       0-30 кэВ         continuum_raw                         24264.667          24067.065 -197.602 (-0.81 %)
  ASN16_Cs137_house      infer_eq       0-30 кэВ         excess_fit                          2675140.852        2684993.871 9853.019 (+0.37 %)
  ASN16_Cs137_house      infer_eq       0-30 кэВ         excess_net                          2675140.852        2684993.871 9853.019 (+0.37 %)
  ASN16_Cs137_house      infer_eq       0-30 кэВ         missing_fit                          904115.390         904546.450 431.060 (+0.05 %)
  ASN16_Cs137_house      infer_eq       0-30 кэВ         missing_net                          904115.390         904546.450 431.060 (+0.05 %)
  ASN16_Cs137_house      infer_eq       0-30 кэВ         model                              20553133.895       20562555.854 9421.959 (+0.05 %)
  ASN16_Cs137_house      infer_eq       0-30 кэВ         pile-up                                  35.404             31.324 -4.080 (-11.52 %)
  ASN16_Cs137_house      infer_eq       0-30 кэВ         tail                                1894107.472        1898899.689 4792.217 (+0.25 %)
  ASN16_Cs137_house      infer_eq       30-100 кэВ       Backscatter                          255594.393         255976.838 382.445 (+0.15 %)
  ASN16_Cs137_house      infer_eq       30-100 кэВ       Cs-137                             37048134.878       37130817.578 82682.700 (+0.22 %)
  ASN16_Cs137_house      infer_eq       30-100 кэВ       Xray-Pb                             2212702.258        2220377.224 7674.966 (+0.35 %)
  ASN16_Cs137_house      infer_eq       30-100 кэВ       continuum_raw                       1463942.615        1464228.077 285.462 (+0.02 %)
  ASN16_Cs137_house      infer_eq       30-100 кэВ       excess_fit                           282415.027         282759.507 344.480 (+0.12 %)
  ASN16_Cs137_house      infer_eq       30-100 кэВ       excess_net                           282415.027         282759.507 344.480 (+0.12 %)
  ASN16_Cs137_house      infer_eq       30-100 кэВ       missing_fit                          747583.121         751315.221 3732.100 (+0.50 %)
  ASN16_Cs137_house      infer_eq       30-100 кэВ       missing_net                          747583.121         751315.221 3732.100 (+0.50 %)
  ASN16_Cs137_house      infer_eq       30-100 кэВ       model                              39443546.577       39440158.957 -3387.620 (-0.01 %)
  ASN16_Cs137_house      infer_eq       30-100 кэВ       pile-up                                2585.024           2306.485 -278.539 (-10.78 %)
  ASN16_Cs137_house      infer_eq       30-100 кэВ       tail                               12188886.689       12222711.335 33824.646 (+0.28 %)
  ASN16_Cs137_house      infer_eq       100-300 кэВ      Backscatter                         6467207.166        6481984.344 14777.178 (+0.23 %)
  ASN16_Cs137_house      infer_eq       100-300 кэВ      Cs-137                             65767610.818       65922746.531 155135.713 (+0.24 %)
  ASN16_Cs137_house      infer_eq       100-300 кэВ      Xray-Pb                                3587.874           3593.072 5.198 (+0.14 %)
  ASN16_Cs137_house      infer_eq       100-300 кэВ      continuum_raw                       6573187.725        6588957.274 15769.549 (+0.24 %)
  ASN16_Cs137_house      infer_eq       100-300 кэВ      excess_fit                           665627.043         666245.530 618.487 (+0.09 %)
  ASN16_Cs137_house      infer_eq       100-300 кэВ      excess_net                           665627.043         666245.530 618.487 (+0.09 %)
  ASN16_Cs137_house      infer_eq       100-300 кэВ      missing_fit                         1519955.614        1523847.599 3891.985 (+0.26 %)
  ASN16_Cs137_house      infer_eq       100-300 кэВ      missing_net                         1519955.614        1523847.599 3891.985 (+0.26 %)
  ASN16_Cs137_house      infer_eq       100-300 кэВ      model                              72159910.327       72156636.829 -3273.498 (-0.00 %)
  ASN16_Cs137_house      infer_eq       100-300 кэВ      pile-up                               14157.883          12659.720 -1498.163 (-10.58 %)
  ASN16_Cs137_house      infer_eq       100-300 кэВ      tail                                 204302.102         204761.241 459.139 (+0.22 %)
  ASN16_Cs137_house      infer_eq       300-700 кэВ      Cs-137                            112809639.340      113075241.914 265602.574 (+0.24 %)
  ASN16_Cs137_house      infer_eq       300-700 кэВ      continuum_raw                        540026.299         543465.121 3438.822 (+0.64 %)
  ASN16_Cs137_house      infer_eq       300-700 кэВ      excess_fit                          1624026.825        1625993.840 1967.015 (+0.12 %)
  ASN16_Cs137_house      infer_eq       300-700 кэВ      excess_net                          1624026.825        1625993.840 1967.015 (+0.12 %)
  ASN16_Cs137_house      infer_eq       300-700 кэВ      missing_fit                         5139000.214        5150001.309 11001.095 (+0.21 %)
  ASN16_Cs137_house      infer_eq       300-700 кэВ      missing_net                         5139000.214        5150001.309 11001.095 (+0.21 %)
  ASN16_Cs137_house      infer_eq       300-700 кэВ      model                             112766625.267      112757591.187 -9034.080 (-0.01 %)
  ASN16_Cs137_house      infer_eq       300-700 кэВ      pile-up                               73741.044          46048.909 -27692.135 (-37.55 %)
  ASN16_Cs137_house      infer_eq       700-1500 кэВ     Cs-137                               396787.314         398138.483 1351.169 (+0.34 %)
  ASN16_Cs137_house      infer_eq       700-1500 кэВ     continuum_raw                        493637.245         499726.675 6089.430 (+1.23 %)
  ASN16_Cs137_house      infer_eq       700-1500 кэВ     excess_fit                            47630.720          47678.805 48.085 (+0.10 %)
  ASN16_Cs137_house      infer_eq       700-1500 кэВ     excess_net                            46570.925          46619.010 48.085 (+0.10 %)
  ASN16_Cs137_house      infer_eq       700-1500 кэВ     missing_fit                          134946.475         135489.908 543.433 (+0.40 %)
  ASN16_Cs137_house      infer_eq       700-1500 кэВ     missing_net                          134946.475         135489.908 543.433 (+0.40 %)
  ASN16_Cs137_house      infer_eq       700-1500 кэВ     model                               1143124.207        1142628.859 -495.348 (-0.04 %)
  ASN16_Cs137_house      infer_eq       700-1500 кэВ     pile-up                              746336.895         744490.376 -1846.519 (-0.25 %)
  ASN16_Cs137_house      infer_eq       1500-3000 кэВ    continuum_raw                          3806.347           3900.584 94.237 (+2.48 %)
  ASN16_Cs137_house      infer_eq       1500-3000 кэВ    excess_fit                             7132.163           7130.161 -2.002 (-0.03 %)
  ASN16_Cs137_house      infer_eq       1500-3000 кэВ    excess_net                             2492.579           2490.577 -2.002 (-0.08 %)
  ASN16_Cs137_house      infer_eq       1500-3000 кэВ    missing_fit                            4604.329           4612.049 7.720 (+0.17 %)
  ASN16_Cs137_house      infer_eq       1500-3000 кэВ    missing_net                            4604.329           4612.049 7.720 (+0.17 %)
  ASN16_Cs137_house      infer_eq       1500-3000 кэВ    model                                  4830.669           4820.947 -9.722 (-0.20 %)
  ASN16_Cs137_house      infer_eq       1500-3000 кэВ    pile-up                                4830.669           4821.429 -9.240 (-0.19 %)
  ASN16_Cs137_house      infer_eq       rates component  Backscatter.count_rate                    1.950              1.955 0.004 (+0.23 %)
  ASN16_Cs137_house      infer_eq       rates component  Backscatter.peak_counts             7979088.431        7997247.915 18159.484 (+0.23 %)
  ASN16_Cs137_house      infer_eq       rates component  Backscatter.share_pct                     3.331              3.331 0.000167508 (+0.01 %)
  … и ещё 51 строк

⛔ КАРТИНКА ИЗМЕНИЛАСЬ: ASN16_Cs137_house / infer_eq_peak — 100 расхождений (допуск rel 1e-09, abs 1e-06; эталон объявлен 2026-09-21 16:00)
  спектр                 режим          полоса           компонент                                  было              стало              Δ
  ASN16_Cs137_house      infer_eq_peak  0-30 кэВ         Cs-137                             10038718.874       10064883.476 26164.602 (+0.26 %)
  ASN16_Cs137_house      infer_eq_peak  0-30 кэВ         Xray-Pb-L                           1159141.392        1161235.415 2094.023 (+0.18 %)
  ASN16_Cs137_house      infer_eq_peak  0-30 кэВ         continuum_raw                         24264.667          24067.065 -197.602 (-0.81 %)
  ASN16_Cs137_house      infer_eq_peak  0-30 кэВ         excess_fit                          2675140.852        2684993.871 9853.019 (+0.37 %)
  ASN16_Cs137_house      infer_eq_peak  0-30 кэВ         excess_net                          2675140.852        2684993.871 9853.019 (+0.37 %)
  ASN16_Cs137_house      infer_eq_peak  0-30 кэВ         missing_fit                          904115.390         904546.450 431.060 (+0.05 %)
  ASN16_Cs137_house      infer_eq_peak  0-30 кэВ         missing_net                          904115.390         904546.450 431.060 (+0.05 %)
  ASN16_Cs137_house      infer_eq_peak  0-30 кэВ         model                              20553133.895       20562555.854 9421.959 (+0.05 %)
  ASN16_Cs137_house      infer_eq_peak  0-30 кэВ         tail                                1894107.472        1898899.689 4792.217 (+0.25 %)
  ASN16_Cs137_house      infer_eq_peak  30-100 кэВ       Cs-137                             14620726.006       14652070.216 31344.210 (+0.21 %)
  ASN16_Cs137_house      infer_eq_peak  30-100 кэВ       Xray-Pb                             1365139.986        1367655.083 2515.097 (+0.18 %)
  ASN16_Cs137_house      infer_eq_peak  30-100 кэВ       continuum_raw                       1463942.615        1464228.077 285.462 (+0.02 %)
  ASN16_Cs137_house      infer_eq_peak  30-100 кэВ       excess_fit                           282415.027         282759.507 344.480 (+0.12 %)
  ASN16_Cs137_house      infer_eq_peak  30-100 кэВ       excess_net                           282415.027         282759.507 344.480 (+0.12 %)
  ASN16_Cs137_house      infer_eq_peak  30-100 кэВ       missing_fit                          747583.121         751315.221 3732.100 (+0.50 %)
  ASN16_Cs137_house      infer_eq_peak  30-100 кэВ       missing_net                          747583.121         751315.221 3732.100 (+0.50 %)
  ASN16_Cs137_house      infer_eq_peak  30-100 кэВ       model                              39443546.577       39440158.957 -3387.620 (-0.01 %)
  ASN16_Cs137_house      infer_eq_peak  30-100 кэВ       tail                               12188886.689       12222711.335 33824.646 (+0.28 %)
  ASN16_Cs137_house      infer_eq_peak  100-300 кэВ      Xray-Pb                                3565.329           3570.503 5.174 (+0.15 %)
  ASN16_Cs137_house      infer_eq_peak  100-300 кэВ      continuum_raw                       6573187.725        6588957.274 15769.549 (+0.24 %)
  ASN16_Cs137_house      infer_eq_peak  100-300 кэВ      excess_fit                           665627.043         666245.530 618.487 (+0.09 %)
  ASN16_Cs137_house      infer_eq_peak  100-300 кэВ      excess_net                           665627.043         666245.530 618.487 (+0.09 %)
  ASN16_Cs137_house      infer_eq_peak  100-300 кэВ      missing_fit                         1519955.614        1523847.599 3891.985 (+0.26 %)
  ASN16_Cs137_house      infer_eq_peak  100-300 кэВ      missing_net                         1519955.614        1523847.599 3891.985 (+0.26 %)
  ASN16_Cs137_house      infer_eq_peak  100-300 кэВ      model                              72159910.327       72156636.829 -3273.498 (-0.00 %)
  ASN16_Cs137_house      infer_eq_peak  100-300 кэВ      tail                                 204302.102         204761.241 459.139 (+0.22 %)
  ASN16_Cs137_house      infer_eq_peak  300-700 кэВ      Cs-137                             60401669.665       60542463.563 140793.898 (+0.23 %)
  ASN16_Cs137_house      infer_eq_peak  300-700 кэВ      continuum_raw                        540026.299         543465.121 3438.822 (+0.64 %)
  ASN16_Cs137_house      infer_eq_peak  300-700 кэВ      excess_fit                          1624026.825        1625993.840 1967.015 (+0.12 %)
  ASN16_Cs137_house      infer_eq_peak  300-700 кэВ      excess_net                          1624026.825        1625993.840 1967.015 (+0.12 %)
  ASN16_Cs137_house      infer_eq_peak  300-700 кэВ      missing_fit                         5139000.214        5150001.309 11001.095 (+0.21 %)
  ASN16_Cs137_house      infer_eq_peak  300-700 кэВ      missing_net                         5139000.214        5150001.309 11001.095 (+0.21 %)
  ASN16_Cs137_house      infer_eq_peak  300-700 кэВ      model                             112766625.267      112757591.187 -9034.080 (-0.01 %)
  ASN16_Cs137_house      infer_eq_peak  700-1500 кэВ     Cs-137                               381105.841         382064.974 959.133 (+0.25 %)
  ASN16_Cs137_house      infer_eq_peak  700-1500 кэВ     continuum_raw                        493637.245         499726.675 6089.430 (+1.23 %)
  ASN16_Cs137_house      infer_eq_peak  700-1500 кэВ     excess_fit                            47630.720          47678.805 48.085 (+0.10 %)
  ASN16_Cs137_house      infer_eq_peak  700-1500 кэВ     excess_net                            46570.925          46619.010 48.085 (+0.10 %)
  ASN16_Cs137_house      infer_eq_peak  700-1500 кэВ     missing_fit                          134946.475         135489.908 543.433 (+0.40 %)
  ASN16_Cs137_house      infer_eq_peak  700-1500 кэВ     missing_net                          134946.475         135489.908 543.433 (+0.40 %)
  ASN16_Cs137_house      infer_eq_peak  700-1500 кэВ     model                               1143124.207        1142628.859 -495.348 (-0.04 %)
  ASN16_Cs137_house      infer_eq_peak  1500-3000 кэВ    continuum_raw                          3806.347           3900.584 94.237 (+2.48 %)
  ASN16_Cs137_house      infer_eq_peak  1500-3000 кэВ    excess_fit                             7132.163           7130.161 -2.002 (-0.03 %)
  ASN16_Cs137_house      infer_eq_peak  1500-3000 кэВ    excess_net                             2492.579           2490.577 -2.002 (-0.08 %)
  ASN16_Cs137_house      infer_eq_peak  1500-3000 кэВ    missing_fit                            4604.329           4612.049 7.720 (+0.17 %)
  ASN16_Cs137_house      infer_eq_peak  1500-3000 кэВ    missing_net                            4604.329           4612.049 7.720 (+0.17 %)
  ASN16_Cs137_house      infer_eq_peak  1500-3000 кэВ    model                                  4830.669           4820.947 -9.722 (-0.20 %)
  ASN16_Cs137_house      infer_eq_peak  rates component  Backscatter.count_rate                    1.950              1.955 0.004 (+0.23 %)
  ASN16_Cs137_house      infer_eq_peak  rates component  Backscatter.peak_counts             7979088.431        7997247.915 18159.484 (+0.23 %)
  ASN16_Cs137_house      infer_eq_peak  rates component  Backscatter.share_pct                     3.331              3.331 0.000167508 (+0.01 %)
  ASN16_Cs137_house      infer_eq_peak  rates component  Backscatter.z                           102.280            102.328 0.048 (+0.05 %)
  ASN16_Cs137_house      infer_eq_peak  rates component  Cs-137.count_rate                      6727.526           6743.215 15.689 (+0.23 %)
  ASN16_Cs137_house      infer_eq_peak  rates component  Cs-137.decision_threshold_ra              0.699              1.085 0.386 (+55.26 %)
  ASN16_Cs137_house      infer_eq_peak  rates component  Cs-137.detection_limit_rate               1.401              2.173 0.772 (+55.10 %)
  ASN16_Cs137_house      infer_eq_peak  rates component  Cs-137.peak_counts                100141953.353      100375672.765 233719.412 (+0.23 %)
  ASN16_Cs137_house      infer_eq_peak  rates component  Cs-137.share_pct                         94.912             94.924 0.012 (+0.01 %)
  ASN16_Cs137_house      infer_eq_peak  rates component  Cs-137.z                               1807.022           1790.965 -16.057 (-0.89 %)
  ASN16_Cs137_house      infer_eq_peak  rates component  Xray-Pb.count_rate                       16.321             16.351 0.030 (+0.18 %)
  ASN16_Cs137_house      infer_eq_peak  rates component  Xray-Pb.peak_counts                 1585281.447        1588200.003 2918.556 (+0.18 %)
  ASN16_Cs137_house      infer_eq_peak  rates component  Xray-Pb.share_pct                         0.934              0.936 0.001 (+0.14 %)
  ASN16_Cs137_house      infer_eq_peak  rates component  Xray-Pb.z                                39.018             39.027 0.008 (+0.02 %)
  … и ещё 40 строк

⛔ КАРТИНКА ИЗМЕНИЛАСЬ: ASN16_Cs137_house / infer_eq_compton — 102 расхождений (допуск rel 1e-09, abs 1e-06; эталон объявлен 2026-09-21 16:00)
  спектр                 режим          полоса           компонент                                  было              стало              Δ
  ASN16_Cs137_house      infer_eq_compt 0-30 кэВ         Cs-137                              7737370.884        7755829.621 18458.737 (+0.24 %)
  ASN16_Cs137_house      infer_eq_compt 0-30 кэВ         Xray-Pb                               85791.547          86455.511 663.964 (+0.77 %)
  ASN16_Cs137_house      infer_eq_compt 0-30 кэВ         Xray-Pb-L                             22313.660          22354.949 41.289 (+0.19 %)
  ASN16_Cs137_house      infer_eq_compt 0-30 кэВ         continuum_raw                         24264.667          24067.065 -197.602 (-0.81 %)
  ASN16_Cs137_house      infer_eq_compt 0-30 кэВ         excess_fit                          2675140.852        2684993.871 9853.019 (+0.37 %)
  ASN16_Cs137_house      infer_eq_compt 0-30 кэВ         excess_net                          2675140.852        2684993.871 9853.019 (+0.37 %)
  ASN16_Cs137_house      infer_eq_compt 0-30 кэВ         missing_fit                          904115.390         904546.450 431.060 (+0.05 %)
  ASN16_Cs137_house      infer_eq_compt 0-30 кэВ         missing_net                          904115.390         904546.450 431.060 (+0.05 %)
  ASN16_Cs137_house      infer_eq_compt 0-30 кэВ         model                              20553133.895       20562555.854 9421.959 (+0.05 %)
  ASN16_Cs137_house      infer_eq_compt 0-30 кэВ         tail                                1894107.472        1898899.689 4792.217 (+0.25 %)
  ASN16_Cs137_house      infer_eq_compt 30-100 кэВ       Cs-137                             20970440.140       21021114.938 50674.798 (+0.24 %)
  ASN16_Cs137_house      infer_eq_compt 30-100 кэВ       Xray-Pb                              805974.623         811078.829 5104.206 (+0.63 %)
  ASN16_Cs137_house      infer_eq_compt 30-100 кэВ       continuum_raw                       1463942.615        1464228.077 285.462 (+0.02 %)
  ASN16_Cs137_house      infer_eq_compt 30-100 кэВ       excess_fit                           282415.027         282759.507 344.480 (+0.12 %)
  ASN16_Cs137_house      infer_eq_compt 30-100 кэВ       excess_net                           282415.027         282759.507 344.480 (+0.12 %)
  ASN16_Cs137_house      infer_eq_compt 30-100 кэВ       missing_fit                          747583.121         751315.221 3732.100 (+0.50 %)
  ASN16_Cs137_house      infer_eq_compt 30-100 кэВ       missing_net                          747583.121         751315.221 3732.100 (+0.50 %)
  ASN16_Cs137_house      infer_eq_compt 30-100 кэВ       model                              39443546.577       39440158.957 -3387.620 (-0.01 %)
  ASN16_Cs137_house      infer_eq_compt 30-100 кэВ       tail                               12188886.689       12222711.335 33824.646 (+0.28 %)
  ASN16_Cs137_house      infer_eq_compt 100-300 кэВ      Cs-137                             59386994.348       59525326.859 138332.511 (+0.23 %)
  ASN16_Cs137_house      infer_eq_compt 100-300 кэВ      Xray-Pb                                  18.718             18.739 0.021 (+0.11 %)
  ASN16_Cs137_house      infer_eq_compt 100-300 кэВ      continuum_raw                       6573187.725        6588957.274 15769.549 (+0.24 %)
  ASN16_Cs137_house      infer_eq_compt 100-300 кэВ      excess_fit                           665627.043         666245.530 618.487 (+0.09 %)
  ASN16_Cs137_house      infer_eq_compt 100-300 кэВ      excess_net                           665627.043         666245.530 618.487 (+0.09 %)
  ASN16_Cs137_house      infer_eq_compt 100-300 кэВ      missing_fit                         1519955.614        1523847.599 3891.985 (+0.26 %)
  ASN16_Cs137_house      infer_eq_compt 100-300 кэВ      missing_net                         1519955.614        1523847.599 3891.985 (+0.26 %)
  ASN16_Cs137_house      infer_eq_compt 100-300 кэВ      model                              72159910.327       72156636.829 -3273.498 (-0.00 %)
  ASN16_Cs137_house      infer_eq_compt 100-300 кэВ      tail                                 204302.102         204761.241 459.139 (+0.22 %)
  ASN16_Cs137_house      infer_eq_compt 300-700 кэВ      Cs-137                             51245093.586       51364559.916 119466.330 (+0.23 %)
  ASN16_Cs137_house      infer_eq_compt 300-700 кэВ      continuum_raw                        540026.299         543465.121 3438.822 (+0.64 %)
  ASN16_Cs137_house      infer_eq_compt 300-700 кэВ      excess_fit                          1624026.825        1625993.840 1967.015 (+0.12 %)
  ASN16_Cs137_house      infer_eq_compt 300-700 кэВ      excess_net                          1624026.825        1625993.840 1967.015 (+0.12 %)
  ASN16_Cs137_house      infer_eq_compt 300-700 кэВ      missing_fit                         5139000.214        5150001.309 11001.095 (+0.21 %)
  ASN16_Cs137_house      infer_eq_compt 300-700 кэВ      missing_net                         5139000.214        5150001.309 11001.095 (+0.21 %)
  ASN16_Cs137_house      infer_eq_compt 300-700 кэВ      model                             112766625.267      112757591.187 -9034.080 (-0.01 %)
  ASN16_Cs137_house      infer_eq_compt 700-1500 кэВ     Cs-137                                  484.444            485.664 1.220 (+0.25 %)
  ASN16_Cs137_house      infer_eq_compt 700-1500 кэВ     continuum_raw                        493637.245         499726.675 6089.430 (+1.23 %)
  ASN16_Cs137_house      infer_eq_compt 700-1500 кэВ     excess_fit                            47630.720          47678.805 48.085 (+0.10 %)
  ASN16_Cs137_house      infer_eq_compt 700-1500 кэВ     excess_net                            46570.925          46619.010 48.085 (+0.10 %)
  ASN16_Cs137_house      infer_eq_compt 700-1500 кэВ     missing_fit                          134946.475         135489.908 543.433 (+0.40 %)
  ASN16_Cs137_house      infer_eq_compt 700-1500 кэВ     missing_net                          134946.475         135489.908 543.433 (+0.40 %)
  ASN16_Cs137_house      infer_eq_compt 700-1500 кэВ     model                               1143124.207        1142628.859 -495.348 (-0.04 %)
  ASN16_Cs137_house      infer_eq_compt 1500-3000 кэВ    continuum_raw                          3806.347           3900.584 94.237 (+2.48 %)
  ASN16_Cs137_house      infer_eq_compt 1500-3000 кэВ    excess_fit                             7132.163           7130.161 -2.002 (-0.03 %)
  ASN16_Cs137_house      infer_eq_compt 1500-3000 кэВ    excess_net                             2492.579           2490.577 -2.002 (-0.08 %)
  ASN16_Cs137_house      infer_eq_compt 1500-3000 кэВ    missing_fit                            4604.329           4612.049 7.720 (+0.17 %)
  ASN16_Cs137_house      infer_eq_compt 1500-3000 кэВ    missing_net                            4604.329           4612.049 7.720 (+0.17 %)
  ASN16_Cs137_house      infer_eq_compt 1500-3000 кэВ    model                                  4830.669           4820.947 -9.722 (-0.20 %)
  ASN16_Cs137_house      infer_eq_compt rates component  Backscatter.count_rate                    1.950              1.955 0.004 (+0.23 %)
  ASN16_Cs137_house      infer_eq_compt rates component  Backscatter.peak_counts             7979088.431        7997247.915 18159.484 (+0.23 %)
  ASN16_Cs137_house      infer_eq_compt rates component  Backscatter.share_pct                     3.331              3.331 0.000167508 (+0.01 %)
  ASN16_Cs137_house      infer_eq_compt rates component  Backscatter.z                           102.280            102.328 0.048 (+0.05 %)
  ASN16_Cs137_house      infer_eq_compt rates component  Cs-137.count_rate                      6727.526           6743.215 15.689 (+0.23 %)
  ASN16_Cs137_house      infer_eq_compt rates component  Cs-137.decision_threshold_ra              0.699              1.085 0.386 (+55.26 %)
  ASN16_Cs137_house      infer_eq_compt rates component  Cs-137.detection_limit_rate               1.401              2.173 0.772 (+55.10 %)
  ASN16_Cs137_house      infer_eq_compt rates component  Cs-137.peak_counts                100141953.353      100375672.765 233719.412 (+0.23 %)
  ASN16_Cs137_house      infer_eq_compt rates component  Cs-137.share_pct                         94.912             94.924 0.012 (+0.01 %)
  ASN16_Cs137_house      infer_eq_compt rates component  Cs-137.z                               1807.022           1790.965 -16.057 (-0.89 %)
  ASN16_Cs137_house      infer_eq_compt rates component  Xray-Pb.count_rate                       16.321             16.351 0.030 (+0.18 %)
  ASN16_Cs137_house      infer_eq_compt rates component  Xray-Pb.peak_counts                 1585281.447        1588200.003 2918.556 (+0.18 %)
  … и ещё 42 строк

⛔ КАРТИНКА ИЗМЕНИЛАСЬ: AS80_Th232_disk / infer_eq — 156 расхождений (допуск rel 1e-09, abs 1e-06; эталон объявлен 2026-09-21 16:00)
  спектр                 режим          полоса           компонент                                  было              стало              Δ
  AS80_Th232_disk        infer_eq       0-30 кэВ         Ac-228                                10608.327          10608.450 0.123 (+0.00 %)
  AS80_Th232_disk        infer_eq       0-30 кэВ         Bi-212                                 3845.655           3846.822 1.167 (+0.03 %)
  AS80_Th232_disk        infer_eq       0-30 кэВ         Pb-212                                 2265.309           2264.926 -0.383 (-0.02 %)
  AS80_Th232_disk        infer_eq       0-30 кэВ         Ra-224                                  169.431            169.401 -0.030 (-0.02 %)
  AS80_Th232_disk        infer_eq       0-30 кэВ         Th-228                                   29.901             29.896 -0.005 (-0.02 %)
  AS80_Th232_disk        infer_eq       0-30 кэВ         Tl-208                                 2760.590           2760.124 -0.466 (-0.02 %)
  AS80_Th232_disk        infer_eq       0-30 кэВ         Xray-Pb                                2055.277           2054.830 -0.447 (-0.02 %)
  AS80_Th232_disk        infer_eq       0-30 кэВ         Xray-Th                                  66.200             66.156 -0.044 (-0.07 %)
  AS80_Th232_disk        infer_eq       0-30 кэВ         continuum_raw                          6106.634           6104.455 -2.179 (-0.04 %)
  AS80_Th232_disk        infer_eq       0-30 кэВ         excess_fit                              686.174            686.094 -0.080 (-0.01 %)
  AS80_Th232_disk        infer_eq       0-30 кэВ         excess_net                              684.694            684.614 -0.080 (-0.01 %)
  AS80_Th232_disk        infer_eq       0-30 кэВ         missing_fit                            3861.288           3861.300 0.012 (+0.00 %)
  AS80_Th232_disk        infer_eq       0-30 кэВ         missing_net                            3861.288           3861.300 0.012 (+0.00 %)
  AS80_Th232_disk        infer_eq       0-30 кэВ         model                                 21810.176          21810.084 -0.092 (-0.00 %)
  AS80_Th232_disk        infer_eq       0-30 кэВ         tail                                   5250.347           5250.007 -0.340 (-0.01 %)
  AS80_Th232_disk        infer_eq       30-100 кэВ       Ac-228                                70695.541          70696.899 1.358 (+0.00 %)
  AS80_Th232_disk        infer_eq       30-100 кэВ       Bi-212                                16541.731          16543.975 2.244 (+0.01 %)
  AS80_Th232_disk        infer_eq       30-100 кэВ       Pb-212                                60589.327          60597.986 8.659 (+0.01 %)
  AS80_Th232_disk        infer_eq       30-100 кэВ       Ra-224                                 2980.418           2980.752 0.334 (+0.01 %)
  AS80_Th232_disk        infer_eq       30-100 кэВ       Rn-220                                   37.937             37.939 0.002 (+0.01 %)
  AS80_Th232_disk        infer_eq       30-100 кэВ       Th-228                                 1554.468           1554.754 0.286 (+0.02 %)
  AS80_Th232_disk        infer_eq       30-100 кэВ       Th-232                                  136.740            136.769 0.029 (+0.02 %)
  AS80_Th232_disk        infer_eq       30-100 кэВ       Tl-208                                37286.055          37288.741 2.686 (+0.01 %)
  AS80_Th232_disk        infer_eq       30-100 кэВ       Xray-Pb                              161429.853         161414.632 -15.221 (-0.01 %)
  AS80_Th232_disk        infer_eq       30-100 кэВ       Xray-Th                                9510.982           9508.728 -2.254 (-0.02 %)
  AS80_Th232_disk        infer_eq       30-100 кэВ       continuum_raw                         84456.794          84445.151 -11.643 (-0.01 %)
  AS80_Th232_disk        infer_eq       30-100 кэВ       excess_fit                            13798.998          13800.247 1.249 (+0.01 %)
  AS80_Th232_disk        infer_eq       30-100 кэВ       excess_net                            13798.998          13800.247 1.249 (+0.01 %)
  AS80_Th232_disk        infer_eq       30-100 кэВ       missing_fit                           15756.419          15759.557 3.138 (+0.02 %)
  AS80_Th232_disk        infer_eq       30-100 кэВ       missing_net                           15756.419          15759.557 3.138 (+0.02 %)
  AS80_Th232_disk        infer_eq       30-100 кэВ       model                                360763.990         360762.101 -1.889 (-0.00 %)
  AS80_Th232_disk        infer_eq       30-100 кэВ       tail                                   8033.428           8031.945 -1.483 (-0.02 %)
  AS80_Th232_disk        infer_eq       100-300 кэВ      Ac-228                               209186.801         209179.506 -7.295 (-0.00 %)
  AS80_Th232_disk        infer_eq       100-300 кэВ      Bi-212                                20920.488          20922.899 2.411 (+0.01 %)
  AS80_Th232_disk        infer_eq       100-300 кэВ      Pb-212                               221151.838         221183.371 31.533 (+0.01 %)
  AS80_Th232_disk        infer_eq       100-300 кэВ      Ra-224                                19732.981          19736.167 3.186 (+0.02 %)
  AS80_Th232_disk        infer_eq       100-300 кэВ      Rn-220                                  239.333            239.364 0.031 (+0.01 %)
  AS80_Th232_disk        infer_eq       100-300 кэВ      Th-228                                 1839.202           1839.533 0.331 (+0.02 %)
  AS80_Th232_disk        infer_eq       100-300 кэВ      Th-232                                   54.738             54.748 0.010 (+0.02 %)
  AS80_Th232_disk        infer_eq       100-300 кэВ      Tl-208                               134674.389         134687.874 13.485 (+0.01 %)
  AS80_Th232_disk        infer_eq       100-300 кэВ      Xray-Pb                                 217.934            217.862 -0.072 (-0.03 %)
  AS80_Th232_disk        infer_eq       100-300 кэВ      Xray-Th                                4154.138           4152.940 -1.198 (-0.03 %)
  AS80_Th232_disk        infer_eq       100-300 кэВ      continuum_raw                        202469.145         202440.323 -28.822 (-0.01 %)
  AS80_Th232_disk        infer_eq       100-300 кэВ      excess_fit                            17428.649          17439.041 10.392 (+0.06 %)
  AS80_Th232_disk        infer_eq       100-300 кэВ      excess_net                            17428.649          17439.041 10.392 (+0.06 %)
  AS80_Th232_disk        infer_eq       100-300 кэВ      missing_fit                           31928.468          31896.393 -32.075 (-0.10 %)
  AS80_Th232_disk        infer_eq       100-300 кэВ      missing_net                           31928.468          31896.393 -32.075 (-0.10 %)
  AS80_Th232_disk        infer_eq       100-300 кэВ      model                                612175.176         612217.643 42.467 (+0.01 %)
  AS80_Th232_disk        infer_eq       300-700 кэВ      Ac-228                               176529.337         176483.889 -45.448 (-0.03 %)
  AS80_Th232_disk        infer_eq       300-700 кэВ      Bi-212                                18522.869          18524.942 2.073 (+0.01 %)
  AS80_Th232_disk        infer_eq       300-700 кэВ      Pb-212                                 5316.199           5315.097 -1.102 (-0.02 %)
  AS80_Th232_disk        infer_eq       300-700 кэВ      Rn-220                                  342.442            342.497 0.055 (+0.02 %)
  AS80_Th232_disk        infer_eq       300-700 кэВ      Tl-208                               147661.811         147678.032 16.221 (+0.01 %)
  AS80_Th232_disk        infer_eq       300-700 кэВ      continuum_raw                         73423.274          73407.608 -15.666 (-0.02 %)
  AS80_Th232_disk        infer_eq       300-700 кэВ      excess_fit                            13705.273          13696.891 -8.382 (-0.06 %)
  AS80_Th232_disk        infer_eq       300-700 кэВ      excess_net                            13705.273          13696.891 -8.382 (-0.06 %)
  AS80_Th232_disk        infer_eq       300-700 кэВ      missing_fit                           20804.555          20824.347 19.792 (+0.10 %)
  AS80_Th232_disk        infer_eq       300-700 кэВ      missing_net                           20804.555          20824.347 19.792 (+0.10 %)
  AS80_Th232_disk        infer_eq       300-700 кэВ      model                                348375.799         348347.625 -28.174 (-0.01 %)
  AS80_Th232_disk        infer_eq       700-1500 кэВ     Ac-228                               114205.329         114227.727 22.398 (+0.02 %)
  … и ещё 96 строк

⛔ КАРТИНКА ИЗМЕНИЛАСЬ: ASN16_Radon_filter2 / chain_eq — 125 расхождений (допуск rel 1e-09, abs 1e-06; эталон объявлен 2026-09-21 16:00)
  спектр                 режим          полоса           компонент                                  было              стало              Δ
  ASN16_Radon_filter2    chain_eq       0-30 кэВ         Ac-228                                 3980.101           3980.099 -0.002 (-0.00 %)
  ASN16_Radon_filter2    chain_eq       0-30 кэВ         Bi-212                                  481.232            481.281 0.049 (+0.01 %)
  ASN16_Radon_filter2    chain_eq       0-30 кэВ         Pb-212                                 4757.743           4757.514 -0.229 (-0.00 %)
  ASN16_Radon_filter2    chain_eq       0-30 кэВ         Ra-224                                  247.265            247.290 0.025 (+0.01 %)
  ASN16_Radon_filter2    chain_eq       0-30 кэВ         Th-228                                  108.139            108.143 0.004 (+0.00 %)
  ASN16_Radon_filter2    chain_eq       0-30 кэВ         Th-232                                   19.906             19.907 0.001 (+0.01 %)
  ASN16_Radon_filter2    chain_eq       0-30 кэВ         Tl-208                                 2142.993           2143.133 0.140 (+0.01 %)
  ASN16_Radon_filter2    chain_eq       0-30 кэВ         continuum_raw                         11666.072          11665.969 -0.103 (-0.00 %)
  ASN16_Radon_filter2    chain_eq       0-30 кэВ         excess_fit                             3542.675           3542.672 -0.003 (-0.00 %)
  ASN16_Radon_filter2    chain_eq       0-30 кэВ         excess_net                             3542.675           3542.672 -0.003 (-0.00 %)
  ASN16_Radon_filter2    chain_eq       0-30 кэВ         missing_fit                            6601.772           6601.769 -0.003 (-0.00 %)
  ASN16_Radon_filter2    chain_eq       0-30 кэВ         missing_net                            6601.772           6601.769 -0.003 (-0.00 %)
  ASN16_Radon_filter2    chain_eq       30-100 кэВ       Ac-228                                 9449.472           9449.328 -0.144 (-0.00 %)
  ASN16_Radon_filter2    chain_eq       30-100 кэВ       Bi-212                                  880.750            880.882 0.132 (+0.01 %)
  ASN16_Radon_filter2    chain_eq       30-100 кэВ       Pb-212                                10947.964          10947.681 -0.283 (-0.00 %)
  ASN16_Radon_filter2    chain_eq       30-100 кэВ       Ra-224                                  617.435            617.486 0.051 (+0.01 %)
  ASN16_Radon_filter2    chain_eq       30-100 кэВ       Rn-220                                    8.014              8.015 0.001 (+0.01 %)
  ASN16_Radon_filter2    chain_eq       30-100 кэВ       Th-228                                  254.911            254.949 0.038 (+0.01 %)
  ASN16_Radon_filter2    chain_eq       30-100 кэВ       Th-232                                   27.658             27.663 0.005 (+0.02 %)
  ASN16_Radon_filter2    chain_eq       30-100 кэВ       Tl-208                                 5259.157           5259.406 0.249 (+0.00 %)
  ASN16_Radon_filter2    chain_eq       30-100 кэВ       continuum_raw                         26497.476          26496.264 -1.212 (-0.00 %)
  ASN16_Radon_filter2    chain_eq       30-100 кэВ       excess_fit                             5487.355           5487.395 0.040 (+0.00 %)
  ASN16_Radon_filter2    chain_eq       30-100 кэВ       excess_net                             5447.528           5447.568 0.040 (+0.00 %)
  ASN16_Radon_filter2    chain_eq       30-100 кэВ       missing_fit                            7415.834           7415.810 -0.024 (-0.00 %)
  ASN16_Radon_filter2    chain_eq       30-100 кэВ       missing_net                            7415.834           7415.810 -0.024 (-0.00 %)
  ASN16_Radon_filter2    chain_eq       30-100 кэВ       model                                 27445.471          27445.535 0.064 (+0.00 %)
  ASN16_Radon_filter2    chain_eq       100-300 кэВ      Ac-228                                 2932.193           2932.162 -0.031 (-0.00 %)
  ASN16_Radon_filter2    chain_eq       100-300 кэВ      Bi-212                                  268.040            268.035 -0.005 (-0.00 %)
  ASN16_Radon_filter2    chain_eq       100-300 кэВ      Pb-212                                 2382.708           2382.823 0.115 (+0.00 %)
  ASN16_Radon_filter2    chain_eq       100-300 кэВ      Ra-224                                  208.232            208.298 0.066 (+0.03 %)
  ASN16_Radon_filter2    chain_eq       100-300 кэВ      Th-228                                   27.318             27.331 0.013 (+0.05 %)
  ASN16_Radon_filter2    chain_eq       100-300 кэВ      Tl-208                                 1787.349           1787.323 -0.026 (-0.00 %)
  ASN16_Radon_filter2    chain_eq       100-300 кэВ      continuum_raw                          6399.785           6398.389 -1.396 (-0.02 %)
  ASN16_Radon_filter2    chain_eq       100-300 кэВ      excess_fit                            14776.293          14776.189 -0.104 (-0.00 %)
  ASN16_Radon_filter2    chain_eq       100-300 кэВ      excess_net                             5241.161           5241.057 -0.104 (-0.00 %)
  ASN16_Radon_filter2    chain_eq       100-300 кэВ      missing_fit                            2739.201           2738.957 -0.244 (-0.01 %)
  ASN16_Radon_filter2    chain_eq       100-300 кэВ      missing_net                            2739.201           2738.957 -0.244 (-0.01 %)
  ASN16_Radon_filter2    chain_eq       100-300 кэВ      model                                  7610.119           7610.259 0.140 (+0.00 %)
  ASN16_Radon_filter2    chain_eq       300-700 кэВ      Ac-228                                  627.646            627.867 0.221 (+0.04 %)
  ASN16_Radon_filter2    chain_eq       300-700 кэВ      Bi-212                                   72.222             72.239 0.017 (+0.02 %)
  ASN16_Radon_filter2    chain_eq       300-700 кэВ      Pb-212                                   20.126             20.035 -0.091 (-0.45 %)
  ASN16_Radon_filter2    chain_eq       300-700 кэВ      Rn-220                                    0.645              0.649 0.004 (+0.62 %)
  ASN16_Radon_filter2    chain_eq       300-700 кэВ      Tl-208                                  524.636            524.781 0.145 (+0.03 %)
  ASN16_Radon_filter2    chain_eq       300-700 кэВ      continuum_raw                           702.041            701.754 -0.287 (-0.04 %)
  ASN16_Radon_filter2    chain_eq       300-700 кэВ      excess_fit                             4389.813           4390.015 0.202 (+0.00 %)
  ASN16_Radon_filter2    chain_eq       300-700 кэВ      excess_net                              635.001            635.203 0.202 (+0.03 %)
  ASN16_Radon_filter2    chain_eq       300-700 кэВ      missing_fit                            1610.087           1610.012 -0.075 (-0.00 %)
  ASN16_Radon_filter2    chain_eq       300-700 кэВ      missing_net                            1610.087           1610.012 -0.075 (-0.00 %)
  ASN16_Radon_filter2    chain_eq       300-700 кэВ      model                                  1245.412           1245.689 0.277 (+0.02 %)
  ASN16_Radon_filter2    chain_eq       700-1500 кэВ     Ac-228                                  135.888            136.051 0.163 (+0.12 %)
  ASN16_Radon_filter2    chain_eq       700-1500 кэВ     Bi-212                                   23.395             23.423 0.028 (+0.12 %)
  ASN16_Radon_filter2    chain_eq       700-1500 кэВ     Tl-208                                  107.630            107.680 0.050 (+0.05 %)
  ASN16_Radon_filter2    chain_eq       700-1500 кэВ     continuum_raw                            64.939             64.927 -0.012 (-0.02 %)
  ASN16_Radon_filter2    chain_eq       700-1500 кэВ     excess_fit                             2774.574           2774.745 0.171 (+0.01 %)
  ASN16_Radon_filter2    chain_eq       700-1500 кэВ     excess_net                              158.260            158.431 0.171 (+0.11 %)
  ASN16_Radon_filter2    chain_eq       700-1500 кэВ     missing_fit                            1760.527           1760.422 -0.105 (-0.01 %)
  ASN16_Radon_filter2    chain_eq       700-1500 кэВ     missing_net                            1760.527           1760.422 -0.105 (-0.01 %)
  ASN16_Radon_filter2    chain_eq       700-1500 кэВ     model                                   267.019            267.295 0.276 (+0.10 %)
  ASN16_Radon_filter2    chain_eq       1500-3000 кэВ    Ac-228                                   10.052             10.056 0.004 (+0.04 %)
  ASN16_Radon_filter2    chain_eq       1500-3000 кэВ    Bi-212                                    3.206              3.208 0.002 (+0.06 %)
  … и ещё 65 строк

⛔ КАРТИНКА ИЗМЕНИЛАСЬ: ASN16_Radon_filter2 / chain_noeq — 127 расхождений (допуск rel 1e-09, abs 1e-06; эталон объявлен 2026-09-21 16:00)
  спектр                 режим          полоса           компонент                                  было              стало              Δ
  ASN16_Radon_filter2    chain_noeq     0-30 кэВ         Pb-212                                11122.894          11122.804 -0.090 (-0.00 %)
  ASN16_Radon_filter2    chain_noeq     0-30 кэВ         Ra-224                                  583.399            583.483 0.084 (+0.01 %)
  ASN16_Radon_filter2    chain_noeq     0-30 кэВ         continuum_raw                         11514.797          11514.721 -0.076 (-0.00 %)
  ASN16_Radon_filter2    chain_noeq     0-30 кэВ         excess_fit                             3518.236           3518.203 -0.033 (-0.00 %)
  ASN16_Radon_filter2    chain_noeq     0-30 кэВ         excess_net                             3518.236           3518.203 -0.033 (-0.00 %)
  ASN16_Radon_filter2    chain_noeq     0-30 кэВ         missing_fit                            6612.294           6612.255 -0.039 (-0.00 %)
  ASN16_Radon_filter2    chain_noeq     0-30 кэВ         missing_net                            6612.294           6612.255 -0.039 (-0.00 %)
  ASN16_Radon_filter2    chain_noeq     0-30 кэВ         model                                 11706.290          11706.296 0.006 (+0.00 %)
  ASN16_Radon_filter2    chain_noeq     30-100 кэВ       Pb-212                                26720.563          26720.524 -0.039 (-0.00 %)
  ASN16_Radon_filter2    chain_noeq     30-100 кэВ       Ra-224                                 1433.810           1434.059 0.249 (+0.02 %)
  ASN16_Radon_filter2    chain_noeq     30-100 кэВ       continuum_raw                         23592.676          23591.044 -1.632 (-0.01 %)
  ASN16_Radon_filter2    chain_noeq     30-100 кэВ       excess_fit                             4979.841           4979.070 -0.771 (-0.02 %)
  ASN16_Radon_filter2    chain_noeq     30-100 кэВ       excess_net                             4940.014           4939.243 -0.771 (-0.02 %)
  ASN16_Radon_filter2    chain_noeq     30-100 кэВ       missing_fit                            6199.408           6198.441 -0.967 (-0.02 %)
  ASN16_Radon_filter2    chain_noeq     30-100 кэВ       missing_net                            6199.408           6198.441 -0.967 (-0.02 %)
  ASN16_Radon_filter2    chain_noeq     30-100 кэВ       model                                 28154.383          28154.579 0.196 (+0.00 %)
  ASN16_Radon_filter2    chain_noeq     100-300 кэВ      Pb-212                                 8155.730           8156.518 0.788 (+0.01 %)
  ASN16_Radon_filter2    chain_noeq     100-300 кэВ      Ra-224                                  720.770            720.967 0.197 (+0.03 %)
  ASN16_Radon_filter2    chain_noeq     100-300 кэВ      continuum_raw                          3957.732           3957.396 -0.336 (-0.01 %)
  ASN16_Radon_filter2    chain_noeq     100-300 кэВ      excess_fit                            14487.497          14487.951 0.454 (+0.00 %)
  ASN16_Radon_filter2    chain_noeq     100-300 кэВ      excess_net                             4952.365           4952.819 0.454 (+0.01 %)
  ASN16_Radon_filter2    chain_noeq     100-300 кэВ      missing_fit                            1184.023           1183.482 -0.541 (-0.05 %)
  ASN16_Radon_filter2    chain_noeq     100-300 кэВ      missing_net                            1184.023           1183.482 -0.541 (-0.05 %)
  ASN16_Radon_filter2    chain_noeq     100-300 кэВ      model                                  8876.501           8877.496 0.995 (+0.01 %)
  ASN16_Radon_filter2    chain_noeq     300-700 кэВ      Pb-212                                  417.547            416.698 -0.849 (-0.20 %)
  ASN16_Radon_filter2    chain_noeq     300-700 кэВ      excess_fit                             4216.738           4216.058 -0.680 (-0.02 %)
  ASN16_Radon_filter2    chain_noeq     300-700 кэВ      excess_net                              461.926            461.246 -0.680 (-0.15 %)
  ASN16_Radon_filter2    chain_noeq     300-700 кэВ      missing_fit                            1683.640           1683.809 0.169 (+0.01 %)
  ASN16_Radon_filter2    chain_noeq     300-700 кэВ      missing_net                            1683.640           1683.809 0.169 (+0.01 %)
  ASN16_Radon_filter2    chain_noeq     300-700 кэВ      model                                   998.784            997.935 -0.849 (-0.09 %)
  ASN16_Radon_filter2    chain_noeq     rates component  Pb-212.count_rate                        15.087             15.093 0.006 (+0.04 %)
  ASN16_Radon_filter2    chain_noeq     rates component  Pb-212.decision_threshold_ra              0.966              0.966 5.25021e-05 (+0.01 %)
  ASN16_Radon_filter2    chain_noeq     rates component  Pb-212.detection_limit_rate               1.944              1.944 0.000104443 (+0.01 %)
  ASN16_Radon_filter2    chain_noeq     rates component  Pb-212.peak_counts                     9150.972           9153.092 2.120 (+0.02 %)
  ASN16_Radon_filter2    chain_noeq     rates component  Pb-212.share_pct                         91.237             91.236 -0.000990388 (-0.00 %)
  ASN16_Radon_filter2    chain_noeq     rates component  Pb-212.z                                 23.442             23.449 0.007 (+0.03 %)
  ASN16_Radon_filter2    chain_noeq     rates component  Ra-224.count_rate                        15.087             15.093 0.006 (+0.04 %)
  ASN16_Radon_filter2    chain_noeq     rates component  Ra-224.decision_threshold_ra              0.966              0.966 5.25021e-05 (+0.01 %)
  ASN16_Radon_filter2    chain_noeq     rates component  Ra-224.detection_limit_rate               1.944              1.944 0.000104443 (+0.01 %)
  ASN16_Radon_filter2    chain_noeq     rates component  Ra-224.peak_counts                      442.282            442.443 0.161 (+0.04 %)
  ASN16_Radon_filter2    chain_noeq     rates component  Ra-224.share_pct                          5.382              5.383 0.001 (+0.02 %)
  ASN16_Radon_filter2    chain_noeq     rates component  Ra-224.z                                 23.442             23.449 0.007 (+0.03 %)
  ASN16_Radon_filter2    chain_noeq     rates grey       above_lines.peak_counts                1719.976           1719.976 1.68219e-05 (+0.00 %)
  ASN16_Radon_filter2    chain_noeq     rates grey       above_lines.share_pct                     3.381              3.381 -2.22044e-05 (-0.00 %)
  ASN16_Radon_filter2    chain_noeq     rates grey       residual_excess.count_rate                0.889              0.889 -2.86497e-05 (-0.00 %)
  ASN16_Radon_filter2    chain_noeq     rates grey       residual_missing.count_rate               0.520              0.520 -3.75343e-05 (-0.01 %)
  ASN16_Radon_filter2    chain_noeq     rates limit      Ac-228.collinearity                       0.111              0.111 6.18123e-05 (+0.06 %)
  ASN16_Radon_filter2    chain_noeq     rates limit      Ac-228.decision_threshold_ra              1.624              1.624 0.000439652 (+0.03 %)
  ASN16_Radon_filter2    chain_noeq     rates limit      Ac-228.detection_limit_rate               3.270              3.271 0.000883587 (+0.03 %)
  ASN16_Radon_filter2    chain_noeq     rates limit      Ac-228.limit_peak_counts               1607.900           1608.166 0.266 (+0.02 %)
  ASN16_Radon_filter2    chain_noeq     rates limit      Bi-212.collinearity                       0.068              0.068 -2.39567e-05 (-0.04 %)
  ASN16_Radon_filter2    chain_noeq     rates limit      Bi-212.decision_threshold_ra              9.536              9.536 0.000176142 (+0.00 %)
  ASN16_Radon_filter2    chain_noeq     rates limit      Bi-212.detection_limit_rate              19.441             19.441 0.000307137 (+0.00 %)
  ASN16_Radon_filter2    chain_noeq     rates limit      Bi-212.limit_peak_counts                748.036            748.040 0.004 (+0.00 %)
  ASN16_Radon_filter2    chain_noeq     rates limit      Bi-214.collinearity                       0.321              0.321 0.00014284 (+0.04 %)
  ASN16_Radon_filter2    chain_noeq     rates limit      Bi-214.decision_threshold_ra              1.526              1.526 0.000440014 (+0.03 %)
  ASN16_Radon_filter2    chain_noeq     rates limit      Bi-214.detection_limit_rate               3.084              3.085 0.000869733 (+0.03 %)
  ASN16_Radon_filter2    chain_noeq     rates limit      Bi-214.limit_peak_counts                689.064            689.237 0.174 (+0.03 %)
  ASN16_Radon_filter2    chain_noeq     rates limit      Pb-210.collinearity                       0.625              0.625 -3.58766e-05 (-0.01 %)
  ASN16_Radon_filter2    chain_noeq     rates limit      Pb-210.decision_threshold_ra             14.709             14.503 -0.205 (-1.40 %)
  … и ещё 67 строк

⛔ КАРТИНКА ИЗМЕНИЛАСЬ: G1S24_Rn222Coal_eq01 / sample_eq — 175 расхождений (допуск rel 1e-09, abs 1e-06; эталон объявлен 2026-09-21 16:00)
  спектр                 режим          полоса           компонент                                  было              стало              Δ
  G1S24_Rn222Coal_eq01   sample_eq      0-30 кэВ         Bi-212                                  115.092            115.132 0.040 (+0.03 %)
  G1S24_Rn222Coal_eq01   sample_eq      0-30 кэВ         Bi-214                                  870.904            870.223 -0.681 (-0.08 %)
  G1S24_Rn222Coal_eq01   sample_eq      0-30 кэВ         Pb-210                                  164.309            165.799 1.490 (+0.91 %)
  G1S24_Rn222Coal_eq01   sample_eq      0-30 кэВ         Pb-212                                  122.399            122.392 -0.007 (-0.01 %)
  G1S24_Rn222Coal_eq01   sample_eq      0-30 кэВ         Pb-214                                 1073.681           1071.933 -1.748 (-0.16 %)
  G1S24_Rn222Coal_eq01   sample_eq      0-30 кэВ         Ra-224                                    6.682              6.677 -0.005 (-0.07 %)
  G1S24_Rn222Coal_eq01   sample_eq      0-30 кэВ         Ra-226                                   51.389             51.349 -0.040 (-0.08 %)
  G1S24_Rn222Coal_eq01   sample_eq      0-30 кэВ         Th-228                                    2.492              2.479 -0.013 (-0.52 %)
  G1S24_Rn222Coal_eq01   sample_eq      0-30 кэВ         Tl-208                                   79.349             79.355 0.006 (+0.01 %)
  G1S24_Rn222Coal_eq01   sample_eq      0-30 кэВ         continuum_raw                          2098.050           2096.991 -1.059 (-0.05 %)
  G1S24_Rn222Coal_eq01   sample_eq      0-30 кэВ         excess_fit                               61.403             61.169 -0.234 (-0.38 %)
  G1S24_Rn222Coal_eq01   sample_eq      0-30 кэВ         excess_net                               56.917             56.683 -0.234 (-0.41 %)
  G1S24_Rn222Coal_eq01   sample_eq      0-30 кэВ         missing_fit                             542.192            542.918 0.726 (+0.13 %)
  G1S24_Rn222Coal_eq01   sample_eq      0-30 кэВ         missing_net                             542.192            542.918 0.726 (+0.13 %)
  G1S24_Rn222Coal_eq01   sample_eq      0-30 кэВ         model                                  2487.186           2486.226 -0.960 (-0.04 %)
  G1S24_Rn222Coal_eq01   sample_eq      0-30 кэВ         tail                                      8.543              8.648 0.105 (+1.23 %)
  G1S24_Rn222Coal_eq01   sample_eq      30-100 кэВ       Bi-212                                  466.339            466.557 0.218 (+0.05 %)
  G1S24_Rn222Coal_eq01   sample_eq      30-100 кэВ       Bi-214                                 8001.877           7994.156 -7.721 (-0.10 %)
  G1S24_Rn222Coal_eq01   sample_eq      30-100 кэВ       Pb-210                                 2718.202           2752.416 34.214 (+1.26 %)
  G1S24_Rn222Coal_eq01   sample_eq      30-100 кэВ       Pb-212                                 4005.603           4007.219 1.616 (+0.04 %)
  G1S24_Rn222Coal_eq01   sample_eq      30-100 кэВ       Pb-214                                21746.722          21731.076 -15.646 (-0.07 %)
  G1S24_Rn222Coal_eq01   sample_eq      30-100 кэВ       Ra-224                                   91.570             91.524 -0.046 (-0.05 %)
  G1S24_Rn222Coal_eq01   sample_eq      30-100 кэВ       Ra-226                                  850.128            849.584 -0.544 (-0.06 %)
  G1S24_Rn222Coal_eq01   sample_eq      30-100 кэВ       Th-228                                  119.987            119.344 -0.643 (-0.54 %)
  G1S24_Rn222Coal_eq01   sample_eq      30-100 кэВ       Tl-208                                  887.614            887.674 0.060 (+0.01 %)
  G1S24_Rn222Coal_eq01   sample_eq      30-100 кэВ       continuum_raw                         11135.641          11121.658 -13.983 (-0.13 %)
  G1S24_Rn222Coal_eq01   sample_eq      30-100 кэВ       excess_fit                             4025.934           4045.794 19.860 (+0.49 %)
  G1S24_Rn222Coal_eq01   sample_eq      30-100 кэВ       excess_net                             4025.934           4045.794 19.860 (+0.49 %)
  G1S24_Rn222Coal_eq01   sample_eq      30-100 кэВ       missing_fit                            4747.763           4756.119 8.356 (+0.18 %)
  G1S24_Rn222Coal_eq01   sample_eq      30-100 кэВ       missing_net                            4747.763           4756.119 8.356 (+0.18 %)
  G1S24_Rn222Coal_eq01   sample_eq      30-100 кэВ       model                                 38896.475          38907.979 11.504 (+0.03 %)
  G1S24_Rn222Coal_eq01   sample_eq      30-100 кэВ       other                                     8.430              8.425 -0.005 (-0.06 %)
  G1S24_Rn222Coal_eq01   sample_eq      30-100 кэВ       tail                                      0.175              0.176 0.001 (+0.57 %)
  G1S24_Rn222Coal_eq01   sample_eq      100-300 кэВ      Bi-212                                  363.671            363.983 0.312 (+0.09 %)
  G1S24_Rn222Coal_eq01   sample_eq      100-300 кэВ      Bi-214                                24996.116          24995.085 -1.031 (-0.00 %)
  G1S24_Rn222Coal_eq01   sample_eq      100-300 кэВ      Pb-212                                 4711.157           4713.765 2.608 (+0.06 %)
  G1S24_Rn222Coal_eq01   sample_eq      100-300 кэВ      Pb-214                                29309.346          29305.634 -3.712 (-0.01 %)
  G1S24_Rn222Coal_eq01   sample_eq      100-300 кэВ      Ra-224                                  417.026            417.040 0.014 (+0.00 %)
  G1S24_Rn222Coal_eq01   sample_eq      100-300 кэВ      Ra-226                                 2851.198           2850.638 -0.560 (-0.02 %)
  G1S24_Rn222Coal_eq01   sample_eq      100-300 кэВ      Th-228                                   49.129             48.869 -0.260 (-0.53 %)
  G1S24_Rn222Coal_eq01   sample_eq      100-300 кэВ      Tl-208                                 2342.986           2344.943 1.957 (+0.08 %)
  G1S24_Rn222Coal_eq01   sample_eq      100-300 кэВ      continuum_raw                         24414.308          24418.973 4.665 (+0.02 %)
  G1S24_Rn222Coal_eq01   sample_eq      100-300 кэВ      excess_fit                             1855.494           1855.321 -0.173 (-0.01 %)
  G1S24_Rn222Coal_eq01   sample_eq      100-300 кэВ      excess_net                             1855.494           1855.321 -0.173 (-0.01 %)
  G1S24_Rn222Coal_eq01   sample_eq      100-300 кэВ      missing_fit                            2031.917           2032.399 0.482 (+0.02 %)
  G1S24_Rn222Coal_eq01   sample_eq      100-300 кэВ      missing_net                            2031.917           2032.399 0.482 (+0.02 %)
  G1S24_Rn222Coal_eq01   sample_eq      100-300 кэВ      model                                 65070.034          65069.379 -0.655 (-0.00 %)
  G1S24_Rn222Coal_eq01   sample_eq      100-300 кэВ      other                                    29.415             29.417 0.002 (+0.01 %)
  G1S24_Rn222Coal_eq01   sample_eq      300-700 кэВ      Bi-212                                  358.611            358.952 0.341 (+0.10 %)
  G1S24_Rn222Coal_eq01   sample_eq      300-700 кэВ      Bi-214                                32495.688          32495.646 -0.042 (-0.00 %)
  G1S24_Rn222Coal_eq01   sample_eq      300-700 кэВ      Pb-212                                   90.379             90.155 -0.224 (-0.25 %)
  G1S24_Rn222Coal_eq01   sample_eq      300-700 кэВ      Pb-214                                18179.278          18176.115 -3.163 (-0.02 %)
  G1S24_Rn222Coal_eq01   sample_eq      300-700 кэВ      Tl-208                                 2732.542           2734.888 2.346 (+0.09 %)
  G1S24_Rn222Coal_eq01   sample_eq      300-700 кэВ      continuum_raw                         13102.548          13109.599 7.051 (+0.05 %)
  G1S24_Rn222Coal_eq01   sample_eq      300-700 кэВ      excess_fit                             1656.239           1656.211 -0.028 (-0.00 %)
  G1S24_Rn222Coal_eq01   sample_eq      300-700 кэВ      excess_net                             1656.239           1656.211 -0.028 (-0.00 %)
  G1S24_Rn222Coal_eq01   sample_eq      300-700 кэВ      missing_fit                            1895.880           1896.593 0.713 (+0.04 %)
  G1S24_Rn222Coal_eq01   sample_eq      300-700 кэВ      missing_net                            1895.880           1896.593 0.713 (+0.04 %)
  G1S24_Rn222Coal_eq01   sample_eq      300-700 кэВ      model                                 53894.536          53893.795 -0.741 (-0.00 %)
  G1S24_Rn222Coal_eq01   sample_eq      300-700 кэВ      other                                    38.038             38.041 0.003 (+0.01 %)
  … и ещё 115 строк

⛔ КАРТИНКА ИЗМЕНИЛАСЬ: G1S24_Rn222Coal_eq01 / sample_noeq — 160 расхождений (допуск rel 1e-09, abs 1e-06; эталон объявлен 2026-09-21 16:00)
  спектр                 режим          полоса           компонент                                  было              стало              Δ
  G1S24_Rn222Coal_eq01   sample_noeq    0-30 кэВ         Bi-214                                 1286.196           1286.182 -0.014 (-0.00 %)
  G1S24_Rn222Coal_eq01   sample_noeq    0-30 кэВ         Pb-212                                  175.463            175.439 -0.024 (-0.01 %)
  G1S24_Rn222Coal_eq01   sample_noeq    0-30 кэВ         Pb-214                                 1360.520           1360.485 -0.035 (-0.00 %)
  G1S24_Rn222Coal_eq01   sample_noeq    0-30 кэВ         Ra-224                                    9.742              9.736 -0.006 (-0.06 %)
  G1S24_Rn222Coal_eq01   sample_noeq    0-30 кэВ         Tl-208                                   84.471             84.487 0.016 (+0.02 %)
  G1S24_Rn222Coal_eq01   sample_noeq    0-30 кэВ         continuum_raw                          2879.783           2879.715 -0.068 (-0.00 %)
  G1S24_Rn222Coal_eq01   sample_noeq    0-30 кэВ         excess_fit                               93.535             93.513 -0.022 (-0.02 %)
  G1S24_Rn222Coal_eq01   sample_noeq    0-30 кэВ         excess_net                               89.049             89.027 -0.022 (-0.02 %)
  G1S24_Rn222Coal_eq01   sample_noeq    0-30 кэВ         missing_fit                             145.117            145.160 0.043 (+0.03 %)
  G1S24_Rn222Coal_eq01   sample_noeq    0-30 кэВ         missing_net                             145.117            145.160 0.043 (+0.03 %)
  G1S24_Rn222Coal_eq01   sample_noeq    0-30 кэВ         model                                  2916.393           2916.328 -0.065 (-0.00 %)
  G1S24_Rn222Coal_eq01   sample_noeq    0-30 кэВ         tail                                      2.151              2.152 0.001 (+0.05 %)
  G1S24_Rn222Coal_eq01   sample_noeq    30-100 кэВ       Bi-214                                 9758.566           9759.521 0.955 (+0.01 %)
  G1S24_Rn222Coal_eq01   sample_noeq    30-100 кэВ       Pb-212                                 4167.542           4167.429 -0.113 (-0.00 %)
  G1S24_Rn222Coal_eq01   sample_noeq    30-100 кэВ       Pb-214                                23395.589          23395.497 -0.092 (-0.00 %)
  G1S24_Rn222Coal_eq01   sample_noeq    30-100 кэВ       Ra-224                                  105.140            105.075 -0.065 (-0.06 %)
  G1S24_Rn222Coal_eq01   sample_noeq    30-100 кэВ       Tl-208                                  731.273            731.476 0.203 (+0.03 %)
  G1S24_Rn222Coal_eq01   sample_noeq    30-100 кэВ       continuum_raw                         13949.143          13950.929 1.786 (+0.01 %)
  G1S24_Rn222Coal_eq01   sample_noeq    30-100 кэВ       excess_fit                             1461.617           1461.866 0.249 (+0.02 %)
  G1S24_Rn222Coal_eq01   sample_noeq    30-100 кэВ       excess_net                             1461.617           1461.866 0.249 (+0.02 %)
  G1S24_Rn222Coal_eq01   sample_noeq    30-100 кэВ       missing_fit                            2921.810           2921.168 -0.642 (-0.02 %)
  G1S24_Rn222Coal_eq01   sample_noeq    30-100 кэВ       missing_net                            2921.810           2921.168 -0.642 (-0.02 %)
  G1S24_Rn222Coal_eq01   sample_noeq    30-100 кэВ       model                                 38158.111          38159.002 0.891 (+0.00 %)
  G1S24_Rn222Coal_eq01   sample_noeq    100-300 кэВ      Bi-214                                26612.018          26612.373 0.355 (+0.00 %)
  G1S24_Rn222Coal_eq01   sample_noeq    100-300 кэВ      Pb-212                                 4884.269           4883.483 -0.786 (-0.02 %)
  G1S24_Rn222Coal_eq01   sample_noeq    100-300 кэВ      Pb-214                                31353.581          31353.802 0.221 (+0.00 %)
  G1S24_Rn222Coal_eq01   sample_noeq    100-300 кэВ      Ra-224                                  432.373            432.086 -0.287 (-0.07 %)
  G1S24_Rn222Coal_eq01   sample_noeq    100-300 кэВ      Tl-208                                 1805.393           1805.745 0.352 (+0.02 %)
  G1S24_Rn222Coal_eq01   sample_noeq    100-300 кэВ      continuum_raw                         25672.394          25672.530 0.136 (+0.00 %)
  G1S24_Rn222Coal_eq01   sample_noeq    100-300 кэВ      excess_fit                             1029.979           1029.893 -0.086 (-0.01 %)
  G1S24_Rn222Coal_eq01   sample_noeq    100-300 кэВ      excess_net                             1029.979           1029.893 -0.086 (-0.01 %)
  G1S24_Rn222Coal_eq01   sample_noeq    100-300 кэВ      missing_fit                            1188.793           1188.850 0.057 (+0.00 %)
  G1S24_Rn222Coal_eq01   sample_noeq    100-300 кэВ      missing_net                            1188.793           1188.850 0.057 (+0.00 %)
  G1S24_Rn222Coal_eq01   sample_noeq    100-300 кэВ      model                                 65087.643          65087.500 -0.143 (-0.00 %)
  G1S24_Rn222Coal_eq01   sample_noeq    300-700 кэВ      Bi-214                                33221.132          33221.450 0.318 (+0.00 %)
  G1S24_Rn222Coal_eq01   sample_noeq    300-700 кэВ      Pb-212                                   86.797             86.521 -0.276 (-0.32 %)
  G1S24_Rn222Coal_eq01   sample_noeq    300-700 кэВ      Pb-214                                18666.556          18666.242 -0.314 (-0.00 %)
  G1S24_Rn222Coal_eq01   sample_noeq    300-700 кэВ      Tl-208                                 2024.234           2024.575 0.341 (+0.02 %)
  G1S24_Rn222Coal_eq01   sample_noeq    300-700 кэВ      continuum_raw                         12387.433          12387.624 0.191 (+0.00 %)
  G1S24_Rn222Coal_eq01   sample_noeq    300-700 кэВ      excess_fit                             1765.515           1765.629 0.114 (+0.01 %)
  G1S24_Rn222Coal_eq01   sample_noeq    300-700 кэВ      excess_net                             1765.515           1765.629 0.114 (+0.01 %)
  G1S24_Rn222Coal_eq01   sample_noeq    300-700 кэВ      missing_fit                            1900.973           1901.019 0.046 (+0.00 %)
  G1S24_Rn222Coal_eq01   sample_noeq    300-700 кэВ      missing_net                            1900.973           1901.019 0.046 (+0.00 %)
  G1S24_Rn222Coal_eq01   sample_noeq    300-700 кэВ      model                                 53998.719          53998.787 0.068 (+0.00 %)
  G1S24_Rn222Coal_eq01   sample_noeq    700-1500 кэВ     Bi-214                                20337.626          20337.363 -0.263 (-0.00 %)
  G1S24_Rn222Coal_eq01   sample_noeq    700-1500 кэВ     Pb-214                                  337.145            337.147 0.002 (+0.00 %)
  G1S24_Rn222Coal_eq01   sample_noeq    700-1500 кэВ     Tl-208                                  933.332            933.532 0.200 (+0.02 %)
  G1S24_Rn222Coal_eq01   sample_noeq    700-1500 кэВ     continuum_raw                          7711.966           7712.281 0.315 (+0.00 %)
  G1S24_Rn222Coal_eq01   sample_noeq    700-1500 кэВ     excess_fit                             1337.485           1337.475 -0.010 (-0.00 %)
  G1S24_Rn222Coal_eq01   sample_noeq    700-1500 кэВ     excess_net                             1337.485           1337.475 -0.010 (-0.00 %)
  G1S24_Rn222Coal_eq01   sample_noeq    700-1500 кэВ     missing_fit                            1541.209           1541.259 0.050 (+0.00 %)
  G1S24_Rn222Coal_eq01   sample_noeq    700-1500 кэВ     missing_net                            1541.209           1541.259 0.050 (+0.00 %)
  G1S24_Rn222Coal_eq01   sample_noeq    700-1500 кэВ     model                                 21608.102          21608.042 -0.060 (-0.00 %)
  G1S24_Rn222Coal_eq01   sample_noeq    1500-3000 кэВ    Bi-214                                 4922.547           4922.466 -0.081 (-0.00 %)
  G1S24_Rn222Coal_eq01   sample_noeq    1500-3000 кэВ    Tl-208                                 1228.303           1228.400 0.097 (+0.01 %)
  G1S24_Rn222Coal_eq01   sample_noeq    1500-3000 кэВ    continuum_raw                          1646.559           1646.410 -0.149 (-0.01 %)
  G1S24_Rn222Coal_eq01   sample_noeq    1500-3000 кэВ    excess_fit                              963.767            963.773 0.006 (+0.00 %)
  G1S24_Rn222Coal_eq01   sample_noeq    1500-3000 кэВ    excess_net                              863.695            863.701 0.006 (+0.00 %)
  G1S24_Rn222Coal_eq01   sample_noeq    1500-3000 кэВ    missing_fit                             895.124            895.115 -0.009 (-0.00 %)
  G1S24_Rn222Coal_eq01   sample_noeq    1500-3000 кэВ    missing_net                             895.124            895.115 -0.009 (-0.00 %)
  … и ещё 100 строк
  ✅ ASN16_Cs137_10cm / sample_nomatrix: совпало с эталоном (2026-09-21 16:00)

ОТКАЗ: картинка FSA на витрине разошлась с эталоном (1056 строк). Это либо дефект отображения,
       либо правка, которую принимают ПЕРЕОБЪЯВЛЕНИЕМ эталона: tools\fsa_showcase\snapshot.ps1
       (таблица выше — в отчёт полосы). Снимки: tools\fsa_showcase\wd\out\*.png. 20 с.
