каталог проб: D:\BqMoni_Claude\p121\wt\tools\effmaker\probes\build_p121 (заверен 2026-09-22 12:43:10 из D:\BqMoni_Claude\p121\wt\BecquerelMonitor\bin\Debug_p121)
⚠ --skip-freshness: свежесть каталога проб НЕ судилась — числа этого прогона в эталон не годятся
рабочий каталог: C:\Users\moroz\source\repos\BQ Eng res .NET 4.8\tools\fsa_showcase\wd (скопировано 434, снято 4; приборов 3, матриц 4)
прогон FsaStackShot (5 спектров, 9 пар):
  ASN16_Cs137_house / infer_eq: 1.6 с
  ASN16_Cs137_house / infer_eq_peak: 1.6 с
  ASN16_Cs137_house / infer_eq_compton: 1.6 с
  AS80_Th232_disk / infer_eq: 3.1 с
  ASN16_Radon_filter2 / chain_eq: 3.0 с
  ASN16_Radon_filter2 / chain_noeq: 4.1 с
  G1S24_Rn222Coal_eq01 / sample_eq: 1.8 с
  G1S24_Rn222Coal_eq01 / sample_noeq: 1.7 с
  ASN16_Cs137_10cm / sample_nomatrix: 1.0 с
  ✅ ASN16_Cs137_house / infer_eq: совпало с эталоном (2026-09-21 16:00)
  ✅ ASN16_Cs137_house / infer_eq_peak: совпало с эталоном (2026-09-21 16:00)
  ✅ ASN16_Cs137_house / infer_eq_compton: совпало с эталоном (2026-09-21 16:00)

⛔ КАРТИНКА ИЗМЕНИЛАСЬ: AS80_Th232_disk / infer_eq — 156 расхождений (допуск rel 1e-09, abs 1e-06; эталон объявлен 2026-09-21 16:00)
  спектр                 режим          полоса           компонент                                  было              стало              Δ
  AS80_Th232_disk        infer_eq       0-30 кэВ         Ac-228                                10608.327          10608.450 0.123 (+0.00 %)
  AS80_Th232_disk        infer_eq       0-30 кэВ         Bi-212                                 3845.655           3846.822 1.167 (+0.03 %)
  AS80_Th232_disk        infer_eq       0-30 кэВ         Pb-212                                 2265.309           2264.926 -0.383 (-0.02 %)
  AS80_Th232_disk        infer_eq       0-30 кэВ         Ra-224                                  169.431            169.401 -0.030 (-0.02 %)
  AS80_Th232_disk        infer_eq       0-30 кэВ         Th-228                                   29.901             29.896 -0.005 (-0.02 %)
  AS80_Th232_disk        infer_eq       0-30 кэВ         Tl-208                                 2760.590           2760.124 -0.466 (-0.02 %)
  AS80_Th232_disk        infer_eq       0-30 кэВ         Xray-Pb                                2055.277           2054.830 -0.447 (-0.02 %)
  AS80_Th232_disk        infer_eq       0-30 кэВ         Xray-Th                                  66.200             66.156 -0.044 (-0.07 %)
  AS80_Th232_disk        infer_eq       0-30 кэВ         continuum_raw                          6106.634           6104.455 -2.179 (-0.04 %)
  AS80_Th232_disk        infer_eq       0-30 кэВ         excess_fit                              686.174            686.094 -0.080 (-0.01 %)
  AS80_Th232_disk        infer_eq       0-30 кэВ         excess_net                              684.694            684.614 -0.080 (-0.01 %)
  AS80_Th232_disk        infer_eq       0-30 кэВ         missing_fit                            3861.288           3861.300 0.012 (+0.00 %)
  AS80_Th232_disk        infer_eq       0-30 кэВ         missing_net                            3861.288           3861.300 0.012 (+0.00 %)
  AS80_Th232_disk        infer_eq       0-30 кэВ         model                                 21810.176          21810.084 -0.092 (-0.00 %)
  AS80_Th232_disk        infer_eq       0-30 кэВ         tail                                   5250.347           5250.007 -0.340 (-0.01 %)
  AS80_Th232_disk        infer_eq       30-100 кэВ       Ac-228                                70695.541          70696.899 1.358 (+0.00 %)
  AS80_Th232_disk        infer_eq       30-100 кэВ       Bi-212                                16541.731          16543.975 2.244 (+0.01 %)
  AS80_Th232_disk        infer_eq       30-100 кэВ       Pb-212                                60589.327          60597.986 8.659 (+0.01 %)
  AS80_Th232_disk        infer_eq       30-100 кэВ       Ra-224                                 2980.418           2980.752 0.334 (+0.01 %)
  AS80_Th232_disk        infer_eq       30-100 кэВ       Rn-220                                   37.937             37.939 0.002 (+0.01 %)
  AS80_Th232_disk        infer_eq       30-100 кэВ       Th-228                                 1554.468           1554.754 0.286 (+0.02 %)
  AS80_Th232_disk        infer_eq       30-100 кэВ       Th-232                                  136.740            136.769 0.029 (+0.02 %)
  AS80_Th232_disk        infer_eq       30-100 кэВ       Tl-208                                37286.055          37288.741 2.686 (+0.01 %)
  AS80_Th232_disk        infer_eq       30-100 кэВ       Xray-Pb                              161429.853         161414.632 -15.221 (-0.01 %)
  AS80_Th232_disk        infer_eq       30-100 кэВ       Xray-Th                                9510.982           9508.728 -2.254 (-0.02 %)
  AS80_Th232_disk        infer_eq       30-100 кэВ       continuum_raw                         84456.794          84445.151 -11.643 (-0.01 %)
  AS80_Th232_disk        infer_eq       30-100 кэВ       excess_fit                            13798.998          13800.247 1.249 (+0.01 %)
  AS80_Th232_disk        infer_eq       30-100 кэВ       excess_net                            13798.998          13800.247 1.249 (+0.01 %)
  AS80_Th232_disk        infer_eq       30-100 кэВ       missing_fit                           15756.419          15759.557 3.138 (+0.02 %)
  AS80_Th232_disk        infer_eq       30-100 кэВ       missing_net                           15756.419          15759.557 3.138 (+0.02 %)
  AS80_Th232_disk        infer_eq       30-100 кэВ       model                                360763.990         360762.101 -1.889 (-0.00 %)
  AS80_Th232_disk        infer_eq       30-100 кэВ       tail                                   8033.428           8031.945 -1.483 (-0.02 %)
  AS80_Th232_disk        infer_eq       100-300 кэВ      Ac-228                               209186.801         209179.506 -7.295 (-0.00 %)
  AS80_Th232_disk        infer_eq       100-300 кэВ      Bi-212                                20920.488          20922.899 2.411 (+0.01 %)
  AS80_Th232_disk        infer_eq       100-300 кэВ      Pb-212                               221151.838         221183.371 31.533 (+0.01 %)
  AS80_Th232_disk        infer_eq       100-300 кэВ      Ra-224                                19732.981          19736.167 3.186 (+0.02 %)
  AS80_Th232_disk        infer_eq       100-300 кэВ      Rn-220                                  239.333            239.364 0.031 (+0.01 %)
  AS80_Th232_disk        infer_eq       100-300 кэВ      Th-228                                 1839.202           1839.533 0.331 (+0.02 %)
  AS80_Th232_disk        infer_eq       100-300 кэВ      Th-232                                   54.738             54.748 0.010 (+0.02 %)
  AS80_Th232_disk        infer_eq       100-300 кэВ      Tl-208                               134674.389         134687.874 13.485 (+0.01 %)
  AS80_Th232_disk        infer_eq       100-300 кэВ      Xray-Pb                                 217.934            217.862 -0.072 (-0.03 %)
  AS80_Th232_disk        infer_eq       100-300 кэВ      Xray-Th                                4154.138           4152.940 -1.198 (-0.03 %)
  AS80_Th232_disk        infer_eq       100-300 кэВ      continuum_raw                        202469.145         202440.323 -28.822 (-0.01 %)
  AS80_Th232_disk        infer_eq       100-300 кэВ      excess_fit                            17428.649          17439.041 10.392 (+0.06 %)
  AS80_Th232_disk        infer_eq       100-300 кэВ      excess_net                            17428.649          17439.041 10.392 (+0.06 %)
  AS80_Th232_disk        infer_eq       100-300 кэВ      missing_fit                           31928.468          31896.393 -32.075 (-0.10 %)
  AS80_Th232_disk        infer_eq       100-300 кэВ      missing_net                           31928.468          31896.393 -32.075 (-0.10 %)
  AS80_Th232_disk        infer_eq       100-300 кэВ      model                                612175.176         612217.643 42.467 (+0.01 %)
  AS80_Th232_disk        infer_eq       300-700 кэВ      Ac-228                               176529.337         176483.889 -45.448 (-0.03 %)
  AS80_Th232_disk        infer_eq       300-700 кэВ      Bi-212                                18522.869          18524.942 2.073 (+0.01 %)
  AS80_Th232_disk        infer_eq       300-700 кэВ      Pb-212                                 5316.199           5315.097 -1.102 (-0.02 %)
  AS80_Th232_disk        infer_eq       300-700 кэВ      Rn-220                                  342.442            342.497 0.055 (+0.02 %)
  AS80_Th232_disk        infer_eq       300-700 кэВ      Tl-208                               147661.811         147678.032 16.221 (+0.01 %)
  AS80_Th232_disk        infer_eq       300-700 кэВ      continuum_raw                         73423.274          73407.608 -15.666 (-0.02 %)
  AS80_Th232_disk        infer_eq       300-700 кэВ      excess_fit                            13705.273          13696.891 -8.382 (-0.06 %)
  AS80_Th232_disk        infer_eq       300-700 кэВ      excess_net                            13705.273          13696.891 -8.382 (-0.06 %)
  AS80_Th232_disk        infer_eq       300-700 кэВ      missing_fit                           20804.555          20824.347 19.792 (+0.10 %)
  AS80_Th232_disk        infer_eq       300-700 кэВ      missing_net                           20804.555          20824.347 19.792 (+0.10 %)
  AS80_Th232_disk        infer_eq       300-700 кэВ      model                                348375.799         348347.625 -28.174 (-0.01 %)
  AS80_Th232_disk        infer_eq       700-1500 кэВ     Ac-228                               114205.329         114227.727 22.398 (+0.02 %)
  … и ещё 96 строк

⛔ КАРТИНКА ИЗМЕНИЛАСЬ: ASN16_Radon_filter2 / chain_eq — 124 расхождений (допуск rel 1e-09, abs 1e-06; эталон объявлен 2026-09-21 16:00)
  спектр                 режим          полоса           компонент                                  было              стало              Δ
  ASN16_Radon_filter2    chain_eq       0-30 кэВ         Ac-228                                 3980.101           3980.099 -0.002 (-0.00 %)
  ASN16_Radon_filter2    chain_eq       0-30 кэВ         Bi-212                                  481.232            481.281 0.049 (+0.01 %)
  ASN16_Radon_filter2    chain_eq       0-30 кэВ         Pb-212                                 4757.743           4757.514 -0.229 (-0.00 %)
  ASN16_Radon_filter2    chain_eq       0-30 кэВ         Ra-224                                  247.265            247.290 0.025 (+0.01 %)
  ASN16_Radon_filter2    chain_eq       0-30 кэВ         Th-228                                  108.139            108.143 0.004 (+0.00 %)
  ASN16_Radon_filter2    chain_eq       0-30 кэВ         Th-232                                   19.906             19.907 0.001 (+0.01 %)
  ASN16_Radon_filter2    chain_eq       0-30 кэВ         Tl-208                                 2142.993           2143.133 0.140 (+0.01 %)
  ASN16_Radon_filter2    chain_eq       0-30 кэВ         continuum_raw                         11666.072          11665.969 -0.103 (-0.00 %)
  ASN16_Radon_filter2    chain_eq       0-30 кэВ         excess_fit                             3542.675           3542.672 -0.003 (-0.00 %)
  ASN16_Radon_filter2    chain_eq       0-30 кэВ         excess_net                             3542.675           3542.672 -0.003 (-0.00 %)
  ASN16_Radon_filter2    chain_eq       0-30 кэВ         missing_fit                            6601.772           6601.769 -0.003 (-0.00 %)
  ASN16_Radon_filter2    chain_eq       0-30 кэВ         missing_net                            6601.772           6601.769 -0.003 (-0.00 %)
  ASN16_Radon_filter2    chain_eq       30-100 кэВ       Ac-228                                 9449.472           9449.328 -0.144 (-0.00 %)
  ASN16_Radon_filter2    chain_eq       30-100 кэВ       Bi-212                                  880.750            880.882 0.132 (+0.01 %)
  ASN16_Radon_filter2    chain_eq       30-100 кэВ       Pb-212                                10947.964          10947.681 -0.283 (-0.00 %)
  ASN16_Radon_filter2    chain_eq       30-100 кэВ       Ra-224                                  617.435            617.486 0.051 (+0.01 %)
  ASN16_Radon_filter2    chain_eq       30-100 кэВ       Rn-220                                    8.014              8.015 0.001 (+0.01 %)
  ASN16_Radon_filter2    chain_eq       30-100 кэВ       Th-228                                  254.911            254.949 0.038 (+0.01 %)
  ASN16_Radon_filter2    chain_eq       30-100 кэВ       Th-232                                   27.658             27.663 0.005 (+0.02 %)
  ASN16_Radon_filter2    chain_eq       30-100 кэВ       Tl-208                                 5259.157           5259.406 0.249 (+0.00 %)
  ASN16_Radon_filter2    chain_eq       30-100 кэВ       continuum_raw                         26497.476          26496.264 -1.212 (-0.00 %)
  ASN16_Radon_filter2    chain_eq       30-100 кэВ       excess_fit                             5487.355           5487.395 0.040 (+0.00 %)
  ASN16_Radon_filter2    chain_eq       30-100 кэВ       excess_net                             5447.528           5447.568 0.040 (+0.00 %)
  ASN16_Radon_filter2    chain_eq       30-100 кэВ       missing_fit                            7415.834           7415.810 -0.024 (-0.00 %)
  ASN16_Radon_filter2    chain_eq       30-100 кэВ       missing_net                            7415.834           7415.810 -0.024 (-0.00 %)
  ASN16_Radon_filter2    chain_eq       30-100 кэВ       model                                 27445.471          27445.535 0.064 (+0.00 %)
  ASN16_Radon_filter2    chain_eq       100-300 кэВ      Ac-228                                 2932.193           2932.162 -0.031 (-0.00 %)
  ASN16_Radon_filter2    chain_eq       100-300 кэВ      Bi-212                                  268.040            268.035 -0.005 (-0.00 %)
  ASN16_Radon_filter2    chain_eq       100-300 кэВ      Pb-212                                 2382.708           2382.823 0.115 (+0.00 %)
  ASN16_Radon_filter2    chain_eq       100-300 кэВ      Ra-224                                  208.232            208.298 0.066 (+0.03 %)
  ASN16_Radon_filter2    chain_eq       100-300 кэВ      Th-228                                   27.318             27.331 0.013 (+0.05 %)
  ASN16_Radon_filter2    chain_eq       100-300 кэВ      Tl-208                                 1787.349           1787.323 -0.026 (-0.00 %)
  ASN16_Radon_filter2    chain_eq       100-300 кэВ      continuum_raw                          6399.785           6398.389 -1.396 (-0.02 %)
  ASN16_Radon_filter2    chain_eq       100-300 кэВ      excess_fit                            14776.293          14776.189 -0.104 (-0.00 %)
  ASN16_Radon_filter2    chain_eq       100-300 кэВ      excess_net                             5241.161           5241.057 -0.104 (-0.00 %)
  ASN16_Radon_filter2    chain_eq       100-300 кэВ      missing_fit                            2739.201           2738.957 -0.244 (-0.01 %)
  ASN16_Radon_filter2    chain_eq       100-300 кэВ      missing_net                            2739.201           2738.957 -0.244 (-0.01 %)
  ASN16_Radon_filter2    chain_eq       100-300 кэВ      model                                  7610.119           7610.259 0.140 (+0.00 %)
  ASN16_Radon_filter2    chain_eq       300-700 кэВ      Ac-228                                  627.646            627.867 0.221 (+0.04 %)
  ASN16_Radon_filter2    chain_eq       300-700 кэВ      Bi-212                                   72.222             72.239 0.017 (+0.02 %)
  ASN16_Radon_filter2    chain_eq       300-700 кэВ      Pb-212                                   20.126             20.035 -0.091 (-0.45 %)
  ASN16_Radon_filter2    chain_eq       300-700 кэВ      Rn-220                                    0.645              0.649 0.004 (+0.62 %)
  ASN16_Radon_filter2    chain_eq       300-700 кэВ      Tl-208                                  524.636            524.781 0.145 (+0.03 %)
  ASN16_Radon_filter2    chain_eq       300-700 кэВ      continuum_raw                           702.041            701.754 -0.287 (-0.04 %)
  ASN16_Radon_filter2    chain_eq       300-700 кэВ      excess_fit                             4389.813           4390.015 0.202 (+0.00 %)
  ASN16_Radon_filter2    chain_eq       300-700 кэВ      excess_net                              635.001            635.203 0.202 (+0.03 %)
  ASN16_Radon_filter2    chain_eq       300-700 кэВ      missing_fit                            1610.087           1610.012 -0.075 (-0.00 %)
  ASN16_Radon_filter2    chain_eq       300-700 кэВ      missing_net                            1610.087           1610.012 -0.075 (-0.00 %)
  ASN16_Radon_filter2    chain_eq       300-700 кэВ      model                                  1245.412           1245.689 0.277 (+0.02 %)
  ASN16_Radon_filter2    chain_eq       700-1500 кэВ     Ac-228                                  135.888            136.051 0.163 (+0.12 %)
  ASN16_Radon_filter2    chain_eq       700-1500 кэВ     Bi-212                                   23.395             23.423 0.028 (+0.12 %)
  ASN16_Radon_filter2    chain_eq       700-1500 кэВ     Tl-208                                  107.630            107.680 0.050 (+0.05 %)
  ASN16_Radon_filter2    chain_eq       700-1500 кэВ     continuum_raw                            64.939             64.927 -0.012 (-0.02 %)
  ASN16_Radon_filter2    chain_eq       700-1500 кэВ     excess_fit                             2774.574           2774.745 0.171 (+0.01 %)
  ASN16_Radon_filter2    chain_eq       700-1500 кэВ     excess_net                              158.260            158.431 0.171 (+0.11 %)
  ASN16_Radon_filter2    chain_eq       700-1500 кэВ     missing_fit                            1760.527           1760.422 -0.105 (-0.01 %)
  ASN16_Radon_filter2    chain_eq       700-1500 кэВ     missing_net                            1760.527           1760.422 -0.105 (-0.01 %)
  ASN16_Radon_filter2    chain_eq       700-1500 кэВ     model                                   267.019            267.295 0.276 (+0.10 %)
  ASN16_Radon_filter2    chain_eq       1500-3000 кэВ    Ac-228                                   10.052             10.056 0.004 (+0.04 %)
  ASN16_Radon_filter2    chain_eq       1500-3000 кэВ    Bi-212                                    3.206              3.208 0.002 (+0.06 %)
  … и ещё 64 строк

⛔ КАРТИНКА ИЗМЕНИЛАСЬ: ASN16_Radon_filter2 / chain_noeq — 117 расхождений (допуск rel 1e-09, abs 1e-06; эталон объявлен 2026-09-21 16:00)
  спектр                 режим          полоса           компонент                                  было              стало              Δ
  ASN16_Radon_filter2    chain_noeq     0-30 кэВ         Pb-212                                11122.894          11122.799 -0.095 (-0.00 %)
  ASN16_Radon_filter2    chain_noeq     0-30 кэВ         Ra-224                                  583.399            583.481 0.082 (+0.01 %)
  ASN16_Radon_filter2    chain_noeq     0-30 кэВ         continuum_raw                         11514.797          11514.756 -0.041 (-0.00 %)
  ASN16_Radon_filter2    chain_noeq     0-30 кэВ         excess_fit                             3518.236           3518.230 -0.006 (-0.00 %)
  ASN16_Radon_filter2    chain_noeq     0-30 кэВ         excess_net                             3518.236           3518.230 -0.006 (-0.00 %)
  ASN16_Radon_filter2    chain_noeq     0-30 кэВ         missing_fit                            6612.294           6612.293 -0.001 (-0.00 %)
  ASN16_Radon_filter2    chain_noeq     0-30 кэВ         missing_net                            6612.294           6612.293 -0.001 (-0.00 %)
  ASN16_Radon_filter2    chain_noeq     0-30 кэВ         model                                 11706.290          11706.285 -0.005 (-0.00 %)
  ASN16_Radon_filter2    chain_noeq     30-100 кэВ       Pb-212                                26720.563          26720.505 -0.058 (-0.00 %)
  ASN16_Radon_filter2    chain_noeq     30-100 кэВ       Ra-224                                 1433.810           1434.030 0.220 (+0.02 %)
  ASN16_Radon_filter2    chain_noeq     30-100 кэВ       continuum_raw                         23592.676          23592.025 -0.651 (-0.00 %)
  ASN16_Radon_filter2    chain_noeq     30-100 кэВ       excess_fit                             4979.841           4979.770 -0.071 (-0.00 %)
  ASN16_Radon_filter2    chain_noeq     30-100 кэВ       excess_net                             4940.014           4939.943 -0.071 (-0.00 %)
  ASN16_Radon_filter2    chain_noeq     30-100 кэВ       missing_fit                            6199.408           6199.180 -0.228 (-0.00 %)
  ASN16_Radon_filter2    chain_noeq     30-100 кэВ       missing_net                            6199.408           6199.180 -0.228 (-0.00 %)
  ASN16_Radon_filter2    chain_noeq     30-100 кэВ       model                                 28154.383          28154.540 0.157 (+0.00 %)
  ASN16_Radon_filter2    chain_noeq     100-300 кэВ      Pb-212                                 8155.730           8155.628 -0.102 (-0.00 %)
  ASN16_Radon_filter2    chain_noeq     100-300 кэВ      Ra-224                                  720.770            720.911 0.141 (+0.02 %)
  ASN16_Radon_filter2    chain_noeq     100-300 кэВ      continuum_raw                          3957.732           3957.531 -0.201 (-0.01 %)
  ASN16_Radon_filter2    chain_noeq     100-300 кэВ      excess_fit                            14487.497          14487.396 -0.101 (-0.00 %)
  ASN16_Radon_filter2    chain_noeq     100-300 кэВ      excess_net                             4952.365           4952.264 -0.101 (-0.00 %)
  ASN16_Radon_filter2    chain_noeq     100-300 кэВ      missing_fit                            1184.023           1183.882 -0.141 (-0.01 %)
  ASN16_Radon_filter2    chain_noeq     100-300 кэВ      missing_net                            1184.023           1183.882 -0.141 (-0.01 %)
  ASN16_Radon_filter2    chain_noeq     100-300 кэВ      model                                  8876.501           8876.541 0.040 (+0.00 %)
  ASN16_Radon_filter2    chain_noeq     300-700 кэВ      Pb-212                                  417.547            416.859 -0.688 (-0.16 %)
  ASN16_Radon_filter2    chain_noeq     300-700 кэВ      excess_fit                             4216.738           4216.190 -0.548 (-0.01 %)
  ASN16_Radon_filter2    chain_noeq     300-700 кэВ      excess_net                              461.926            461.378 -0.548 (-0.12 %)
  ASN16_Radon_filter2    chain_noeq     300-700 кэВ      missing_fit                            1683.640           1683.780 0.140 (+0.01 %)
  ASN16_Radon_filter2    chain_noeq     300-700 кэВ      missing_net                            1683.640           1683.780 0.140 (+0.01 %)
  ASN16_Radon_filter2    chain_noeq     300-700 кэВ      model                                   998.784            998.096 -0.688 (-0.07 %)
  ASN16_Radon_filter2    chain_noeq     rates component  Pb-212.count_rate                        15.087             15.090 0.003 (+0.02 %)
  ASN16_Radon_filter2    chain_noeq     rates component  Pb-212.decision_threshold_ra              0.966              0.966 1.33566e-05 (+0.00 %)
  ASN16_Radon_filter2    chain_noeq     rates component  Pb-212.detection_limit_rate               1.944              1.944 2.738e-05 (+0.00 %)
  ASN16_Radon_filter2    chain_noeq     rates component  Pb-212.peak_counts                     9150.972           9151.254 0.281 (+0.00 %)
  ASN16_Radon_filter2    chain_noeq     rates component  Pb-212.share_pct                         91.237             91.236 -0.000950116 (-0.00 %)
  ASN16_Radon_filter2    chain_noeq     rates component  Pb-212.z                                 23.442             23.445 0.003 (+0.01 %)
  ASN16_Radon_filter2    chain_noeq     rates component  Ra-224.count_rate                        15.087             15.090 0.003 (+0.02 %)
  ASN16_Radon_filter2    chain_noeq     rates component  Ra-224.decision_threshold_ra              0.966              0.966 1.33566e-05 (+0.00 %)
  ASN16_Radon_filter2    chain_noeq     rates component  Ra-224.detection_limit_rate               1.944              1.944 2.738e-05 (+0.00 %)
  ASN16_Radon_filter2    chain_noeq     rates component  Ra-224.peak_counts                      442.282            442.361 0.079 (+0.02 %)
  ASN16_Radon_filter2    chain_noeq     rates component  Ra-224.share_pct                          5.382              5.383 0.0009172 (+0.02 %)
  ASN16_Radon_filter2    chain_noeq     rates component  Ra-224.z                                 23.442             23.445 0.003 (+0.01 %)
  ASN16_Radon_filter2    chain_noeq     rates grey       above_lines.share_pct                     3.381              3.381 3.29154e-05 (+0.00 %)
  ASN16_Radon_filter2    chain_noeq     rates grey       residual_excess.count_rate                0.889              0.889 -2.00476e-05 (-0.00 %)
  ASN16_Radon_filter2    chain_noeq     rates grey       residual_missing.count_rate               0.520              0.520 -6.44142e-06 (-0.00 %)
  ASN16_Radon_filter2    chain_noeq     rates limit      Ac-228.collinearity                       0.111              0.111 3.01311e-05 (+0.03 %)
  ASN16_Radon_filter2    chain_noeq     rates limit      Ac-228.decision_threshold_ra              1.624              1.624 0.000311036 (+0.02 %)
  ASN16_Radon_filter2    chain_noeq     rates limit      Ac-228.detection_limit_rate               3.270              3.271 0.000628812 (+0.02 %)
  ASN16_Radon_filter2    chain_noeq     rates limit      Ac-228.limit_peak_counts               1607.900           1608.039 0.139 (+0.01 %)
  ASN16_Radon_filter2    chain_noeq     rates limit      Bi-212.collinearity                       0.068              0.068 -4.76673e-06 (-0.01 %)
  ASN16_Radon_filter2    chain_noeq     rates limit      Bi-212.decision_threshold_ra              9.536              9.536 -0.00010507 (-0.00 %)
  ASN16_Radon_filter2    chain_noeq     rates limit      Bi-212.detection_limit_rate              19.441             19.441 -0.000220594 (-0.00 %)
  ASN16_Radon_filter2    chain_noeq     rates limit      Bi-212.limit_peak_counts                748.036            748.028 -0.009 (-0.00 %)
  ASN16_Radon_filter2    chain_noeq     rates limit      Bi-214.collinearity                       0.321              0.321 1.53226e-06 (+0.00 %)
  ASN16_Radon_filter2    chain_noeq     rates limit      Bi-214.decision_threshold_ra              1.526              1.526 1.708e-05 (+0.00 %)
  ASN16_Radon_filter2    chain_noeq     rates limit      Bi-214.detection_limit_rate               3.084              3.084 3.42687e-05 (+0.00 %)
  ASN16_Radon_filter2    chain_noeq     rates limit      Bi-214.limit_peak_counts                689.064            689.058 -0.006 (-0.00 %)
  ASN16_Radon_filter2    chain_noeq     rates limit      Pb-210.decision_threshold_ra             14.709             14.708 -0.000126228 (-0.00 %)
  ASN16_Radon_filter2    chain_noeq     rates limit      Pb-210.detection_limit_rate              29.639             29.639 -0.000256051 (-0.00 %)
  ASN16_Radon_filter2    chain_noeq     rates limit      Pb-210.limit_peak_counts                972.857            972.848 -0.008 (-0.00 %)
  … и ещё 57 строк

⛔ КАРТИНКА ИЗМЕНИЛАСЬ: G1S24_Rn222Coal_eq01 / sample_eq — 151 расхождений (допуск rel 1e-09, abs 1e-06; эталон объявлен 2026-09-21 16:00)
  спектр                 режим          полоса           компонент                                  было              стало              Δ
  G1S24_Rn222Coal_eq01   sample_eq      0-30 кэВ         Bi-212                                  115.092            115.089 -0.003 (-0.00 %)
  G1S24_Rn222Coal_eq01   sample_eq      0-30 кэВ         Bi-214                                  870.904            870.887 -0.017 (-0.00 %)
  G1S24_Rn222Coal_eq01   sample_eq      0-30 кэВ         Pb-210                                  164.309            164.314 0.005 (+0.00 %)
  G1S24_Rn222Coal_eq01   sample_eq      0-30 кэВ         Pb-212                                  122.399            122.384 -0.015 (-0.01 %)
  G1S24_Rn222Coal_eq01   sample_eq      0-30 кэВ         Pb-214                                 1073.681           1073.665 -0.016 (-0.00 %)
  G1S24_Rn222Coal_eq01   sample_eq      0-30 кэВ         Ra-224                                    6.682              6.681 -0.001 (-0.01 %)
  G1S24_Rn222Coal_eq01   sample_eq      0-30 кэВ         Tl-208                                   79.349             79.342 -0.007 (-0.01 %)
  G1S24_Rn222Coal_eq01   sample_eq      0-30 кэВ         continuum_raw                          2098.050           2097.987 -0.063 (-0.00 %)
  G1S24_Rn222Coal_eq01   sample_eq      0-30 кэВ         excess_fit                               61.403             61.393 -0.010 (-0.02 %)
  G1S24_Rn222Coal_eq01   sample_eq      0-30 кэВ         excess_net                               56.917             56.907 -0.010 (-0.02 %)
  G1S24_Rn222Coal_eq01   sample_eq      0-30 кэВ         missing_fit                             542.192            542.232 0.040 (+0.01 %)
  G1S24_Rn222Coal_eq01   sample_eq      0-30 кэВ         missing_net                             542.192            542.232 0.040 (+0.01 %)
  G1S24_Rn222Coal_eq01   sample_eq      0-30 кэВ         model                                  2487.186           2487.136 -0.050 (-0.00 %)
  G1S24_Rn222Coal_eq01   sample_eq      0-30 кэВ         tail                                      8.543              8.545 0.002 (+0.02 %)
  G1S24_Rn222Coal_eq01   sample_eq      30-100 кэВ       Bi-212                                  466.339            466.337 -0.002 (-0.00 %)
  G1S24_Rn222Coal_eq01   sample_eq      30-100 кэВ       Bi-214                                 8001.877           8002.996 1.119 (+0.01 %)
  G1S24_Rn222Coal_eq01   sample_eq      30-100 кэВ       Pb-210                                 2718.202           2718.245 0.043 (+0.00 %)
  G1S24_Rn222Coal_eq01   sample_eq      30-100 кэВ       Pb-212                                 4005.603           4005.552 -0.051 (-0.00 %)
  G1S24_Rn222Coal_eq01   sample_eq      30-100 кэВ       Pb-214                                21746.722          21746.898 0.176 (+0.00 %)
  G1S24_Rn222Coal_eq01   sample_eq      30-100 кэВ       Ra-224                                   91.570             91.576 0.006 (+0.01 %)
  G1S24_Rn222Coal_eq01   sample_eq      30-100 кэВ       Ra-226                                  850.128            850.203 0.075 (+0.01 %)
  G1S24_Rn222Coal_eq01   sample_eq      30-100 кэВ       Th-228                                  119.987            119.984 -0.003 (-0.00 %)
  G1S24_Rn222Coal_eq01   sample_eq      30-100 кэВ       Tl-208                                  887.614            887.669 0.055 (+0.01 %)
  G1S24_Rn222Coal_eq01   sample_eq      30-100 кэВ       continuum_raw                         11135.641          11137.968 2.327 (+0.02 %)
  G1S24_Rn222Coal_eq01   sample_eq      30-100 кэВ       excess_fit                             4025.934           4026.557 0.623 (+0.02 %)
  G1S24_Rn222Coal_eq01   sample_eq      30-100 кэВ       excess_net                             4025.934           4026.557 0.623 (+0.02 %)
  G1S24_Rn222Coal_eq01   sample_eq      30-100 кэВ       missing_fit                            4747.763           4746.968 -0.795 (-0.02 %)
  G1S24_Rn222Coal_eq01   sample_eq      30-100 кэВ       missing_net                            4747.763           4746.968 -0.795 (-0.02 %)
  G1S24_Rn222Coal_eq01   sample_eq      30-100 кэВ       model                                 38896.475          38897.893 1.418 (+0.00 %)
  G1S24_Rn222Coal_eq01   sample_eq      30-100 кэВ       other                                     8.430              8.431 0.001 (+0.01 %)
  G1S24_Rn222Coal_eq01   sample_eq      100-300 кэВ      Bi-212                                  363.671            363.665 -0.006 (-0.00 %)
  G1S24_Rn222Coal_eq01   sample_eq      100-300 кэВ      Bi-214                                24996.116          24996.459 0.343 (+0.00 %)
  G1S24_Rn222Coal_eq01   sample_eq      100-300 кэВ      Pb-212                                 4711.157           4710.434 -0.723 (-0.02 %)
  G1S24_Rn222Coal_eq01   sample_eq      100-300 кэВ      Pb-214                                29309.346          29309.745 0.399 (+0.00 %)
  G1S24_Rn222Coal_eq01   sample_eq      100-300 кэВ      Ra-224                                  417.026            417.012 -0.014 (-0.00 %)
  G1S24_Rn222Coal_eq01   sample_eq      100-300 кэВ      Ra-226                                 2851.198           2851.215 0.017 (+0.00 %)
  G1S24_Rn222Coal_eq01   sample_eq      100-300 кэВ      Th-228                                   49.129             49.127 -0.002 (-0.00 %)
  G1S24_Rn222Coal_eq01   sample_eq      100-300 кэВ      Tl-208                                 2342.986           2342.876 -0.110 (-0.00 %)
  G1S24_Rn222Coal_eq01   sample_eq      100-300 кэВ      continuum_raw                         24414.308          24414.557 0.249 (+0.00 %)
  G1S24_Rn222Coal_eq01   sample_eq      100-300 кэВ      excess_fit                             1855.494           1855.476 -0.018 (-0.00 %)
  G1S24_Rn222Coal_eq01   sample_eq      100-300 кэВ      excess_net                             1855.494           1855.476 -0.018 (-0.00 %)
  G1S24_Rn222Coal_eq01   sample_eq      100-300 кэВ      missing_fit                            2031.917           2031.988 0.071 (+0.00 %)
  G1S24_Rn222Coal_eq01   sample_eq      100-300 кэВ      missing_net                            2031.917           2031.988 0.071 (+0.00 %)
  G1S24_Rn222Coal_eq01   sample_eq      100-300 кэВ      model                                 65070.034          65069.945 -0.089 (-0.00 %)
  G1S24_Rn222Coal_eq01   sample_eq      300-700 кэВ      Bi-212                                  358.611            358.608 -0.003 (-0.00 %)
  G1S24_Rn222Coal_eq01   sample_eq      300-700 кэВ      Bi-214                                32495.688          32496.414 0.726 (+0.00 %)
  G1S24_Rn222Coal_eq01   sample_eq      300-700 кэВ      Pb-212                                   90.379             90.090 -0.289 (-0.32 %)
  G1S24_Rn222Coal_eq01   sample_eq      300-700 кэВ      Pb-214                                18179.278          18179.032 -0.246 (-0.00 %)
  G1S24_Rn222Coal_eq01   sample_eq      300-700 кэВ      Tl-208                                 2732.542           2732.358 -0.184 (-0.01 %)
  G1S24_Rn222Coal_eq01   sample_eq      300-700 кэВ      continuum_raw                         13102.548          13103.286 0.738 (+0.01 %)
  G1S24_Rn222Coal_eq01   sample_eq      300-700 кэВ      excess_fit                             1656.239           1656.143 -0.096 (-0.01 %)
  G1S24_Rn222Coal_eq01   sample_eq      300-700 кэВ      excess_net                             1656.239           1656.143 -0.096 (-0.01 %)
  G1S24_Rn222Coal_eq01   sample_eq      300-700 кэВ      missing_fit                            1895.880           1895.768 -0.112 (-0.01 %)
  G1S24_Rn222Coal_eq01   sample_eq      300-700 кэВ      missing_net                            1895.880           1895.768 -0.112 (-0.01 %)
  G1S24_Rn222Coal_eq01   sample_eq      300-700 кэВ      model                                 53894.536          53894.552 0.016 (+0.00 %)
  G1S24_Rn222Coal_eq01   sample_eq      700-1500 кэВ     Bi-212                                  274.474            274.466 -0.008 (-0.00 %)
  G1S24_Rn222Coal_eq01   sample_eq      700-1500 кэВ     Bi-214                                19710.177          19710.102 -0.075 (-0.00 %)
  G1S24_Rn222Coal_eq01   sample_eq      700-1500 кэВ     Pb-214                                  320.447            320.453 0.006 (+0.00 %)
  G1S24_Rn222Coal_eq01   sample_eq      700-1500 кэВ     Tl-208                                 1264.564           1264.569 0.005 (+0.00 %)
  G1S24_Rn222Coal_eq01   sample_eq      700-1500 кэВ     continuum_raw                          7915.465           7915.957 0.492 (+0.01 %)
  … и ещё 91 строк

⛔ КАРТИНКА ИЗМЕНИЛАСЬ: G1S24_Rn222Coal_eq01 / sample_noeq — 159 расхождений (допуск rel 1e-09, abs 1e-06; эталон объявлен 2026-09-21 16:00)
  спектр                 режим          полоса           компонент                                  было              стало              Δ
  G1S24_Rn222Coal_eq01   sample_noeq    0-30 кэВ         Bi-214                                 1286.196           1286.182 -0.014 (-0.00 %)
  G1S24_Rn222Coal_eq01   sample_noeq    0-30 кэВ         Pb-212                                  175.463            175.430 -0.033 (-0.02 %)
  G1S24_Rn222Coal_eq01   sample_noeq    0-30 кэВ         Pb-214                                 1360.520           1360.486 -0.034 (-0.00 %)
  G1S24_Rn222Coal_eq01   sample_noeq    0-30 кэВ         Tl-208                                   84.471             84.488 0.017 (+0.02 %)
  G1S24_Rn222Coal_eq01   sample_noeq    0-30 кэВ         continuum_raw                          2879.783           2879.715 -0.068 (-0.00 %)
  G1S24_Rn222Coal_eq01   sample_noeq    0-30 кэВ         excess_fit                               93.535             93.512 -0.023 (-0.02 %)
  G1S24_Rn222Coal_eq01   sample_noeq    0-30 кэВ         excess_net                               89.049             89.026 -0.023 (-0.03 %)
  G1S24_Rn222Coal_eq01   sample_noeq    0-30 кэВ         missing_fit                             145.117            145.161 0.044 (+0.03 %)
  G1S24_Rn222Coal_eq01   sample_noeq    0-30 кэВ         missing_net                             145.117            145.161 0.044 (+0.03 %)
  G1S24_Rn222Coal_eq01   sample_noeq    0-30 кэВ         model                                  2916.393           2916.326 -0.067 (-0.00 %)
  G1S24_Rn222Coal_eq01   sample_noeq    0-30 кэВ         tail                                      2.151              2.152 0.001 (+0.05 %)
  G1S24_Rn222Coal_eq01   sample_noeq    30-100 кэВ       Bi-214                                 9758.566           9759.544 0.978 (+0.01 %)
  G1S24_Rn222Coal_eq01   sample_noeq    30-100 кэВ       Pb-212                                 4167.542           4167.233 -0.309 (-0.01 %)
  G1S24_Rn222Coal_eq01   sample_noeq    30-100 кэВ       Pb-214                                23395.589          23395.545 -0.044 (-0.00 %)
  G1S24_Rn222Coal_eq01   sample_noeq    30-100 кэВ       Ra-224                                  105.140            105.137 -0.003 (-0.00 %)
  G1S24_Rn222Coal_eq01   sample_noeq    30-100 кэВ       Tl-208                                  731.273            731.484 0.211 (+0.03 %)
  G1S24_Rn222Coal_eq01   sample_noeq    30-100 кэВ       continuum_raw                         13949.143          13950.976 1.833 (+0.01 %)
  G1S24_Rn222Coal_eq01   sample_noeq    30-100 кэВ       excess_fit                             1461.617           1461.845 0.228 (+0.02 %)
  G1S24_Rn222Coal_eq01   sample_noeq    30-100 кэВ       excess_net                             1461.617           1461.845 0.228 (+0.02 %)
  G1S24_Rn222Coal_eq01   sample_noeq    30-100 кэВ       missing_fit                            2921.810           2921.209 -0.601 (-0.02 %)
  G1S24_Rn222Coal_eq01   sample_noeq    30-100 кэВ       missing_net                            2921.810           2921.209 -0.601 (-0.02 %)
  G1S24_Rn222Coal_eq01   sample_noeq    30-100 кэВ       model                                 38158.111          38158.940 0.829 (+0.00 %)
  G1S24_Rn222Coal_eq01   sample_noeq    100-300 кэВ      Bi-214                                26612.018          26612.344 0.326 (+0.00 %)
  G1S24_Rn222Coal_eq01   sample_noeq    100-300 кэВ      Pb-212                                 4884.269           4883.246 -1.023 (-0.02 %)
  G1S24_Rn222Coal_eq01   sample_noeq    100-300 кэВ      Pb-214                                31353.581          31353.813 0.232 (+0.00 %)
  G1S24_Rn222Coal_eq01   sample_noeq    100-300 кэВ      Ra-224                                  432.373            432.339 -0.034 (-0.01 %)
  G1S24_Rn222Coal_eq01   sample_noeq    100-300 кэВ      Tl-208                                 1805.393           1805.754 0.361 (+0.02 %)
  G1S24_Rn222Coal_eq01   sample_noeq    100-300 кэВ      continuum_raw                         25672.394          25672.492 0.098 (+0.00 %)
  G1S24_Rn222Coal_eq01   sample_noeq    100-300 кэВ      excess_fit                             1029.979           1029.894 -0.085 (-0.01 %)
  G1S24_Rn222Coal_eq01   sample_noeq    100-300 кэВ      excess_net                             1029.979           1029.894 -0.085 (-0.01 %)
  G1S24_Rn222Coal_eq01   sample_noeq    100-300 кэВ      missing_fit                            1188.793           1188.847 0.054 (+0.00 %)
  G1S24_Rn222Coal_eq01   sample_noeq    100-300 кэВ      missing_net                            1188.793           1188.847 0.054 (+0.00 %)
  G1S24_Rn222Coal_eq01   sample_noeq    100-300 кэВ      model                                 65087.643          65087.504 -0.139 (-0.00 %)
  G1S24_Rn222Coal_eq01   sample_noeq    300-700 кэВ      Bi-214                                33221.132          33221.429 0.297 (+0.00 %)
  G1S24_Rn222Coal_eq01   sample_noeq    300-700 кэВ      Pb-212                                   86.797             86.519 -0.278 (-0.32 %)
  G1S24_Rn222Coal_eq01   sample_noeq    300-700 кэВ      Pb-214                                18666.556          18666.262 -0.294 (-0.00 %)
  G1S24_Rn222Coal_eq01   sample_noeq    300-700 кэВ      Tl-208                                 2024.234           2024.584 0.350 (+0.02 %)
  G1S24_Rn222Coal_eq01   sample_noeq    300-700 кэВ      continuum_raw                         12387.433          12387.598 0.165 (+0.00 %)
  G1S24_Rn222Coal_eq01   sample_noeq    300-700 кэВ      excess_fit                             1765.515           1765.631 0.116 (+0.01 %)
  G1S24_Rn222Coal_eq01   sample_noeq    300-700 кэВ      excess_net                             1765.515           1765.631 0.116 (+0.01 %)
  G1S24_Rn222Coal_eq01   sample_noeq    300-700 кэВ      missing_fit                            1900.973           1901.013 0.040 (+0.00 %)
  G1S24_Rn222Coal_eq01   sample_noeq    300-700 кэВ      missing_net                            1900.973           1901.013 0.040 (+0.00 %)
  G1S24_Rn222Coal_eq01   sample_noeq    300-700 кэВ      model                                 53998.719          53998.795 0.076 (+0.00 %)
  G1S24_Rn222Coal_eq01   sample_noeq    700-1500 кэВ     Bi-214                                20337.626          20337.360 -0.266 (-0.00 %)
  G1S24_Rn222Coal_eq01   sample_noeq    700-1500 кэВ     Pb-214                                  337.145            337.147 0.002 (+0.00 %)
  G1S24_Rn222Coal_eq01   sample_noeq    700-1500 кэВ     Tl-208                                  933.332            933.535 0.203 (+0.02 %)
  G1S24_Rn222Coal_eq01   sample_noeq    700-1500 кэВ     continuum_raw                          7711.966           7712.276 0.310 (+0.00 %)
  G1S24_Rn222Coal_eq01   sample_noeq    700-1500 кэВ     excess_fit                             1337.485           1337.475 -0.010 (-0.00 %)
  G1S24_Rn222Coal_eq01   sample_noeq    700-1500 кэВ     excess_net                             1337.485           1337.475 -0.010 (-0.00 %)
  G1S24_Rn222Coal_eq01   sample_noeq    700-1500 кэВ     missing_fit                            1541.209           1541.259 0.050 (+0.00 %)
  G1S24_Rn222Coal_eq01   sample_noeq    700-1500 кэВ     missing_net                            1541.209           1541.259 0.050 (+0.00 %)
  G1S24_Rn222Coal_eq01   sample_noeq    700-1500 кэВ     model                                 21608.102          21608.042 -0.060 (-0.00 %)
  G1S24_Rn222Coal_eq01   sample_noeq    1500-3000 кэВ    Bi-214                                 4922.547           4922.464 -0.083 (-0.00 %)
  G1S24_Rn222Coal_eq01   sample_noeq    1500-3000 кэВ    Tl-208                                 1228.303           1228.402 0.099 (+0.01 %)
  G1S24_Rn222Coal_eq01   sample_noeq    1500-3000 кэВ    continuum_raw                          1646.559           1646.399 -0.160 (-0.01 %)
  G1S24_Rn222Coal_eq01   sample_noeq    1500-3000 кэВ    excess_fit                              963.767            963.773 0.006 (+0.00 %)
  G1S24_Rn222Coal_eq01   sample_noeq    1500-3000 кэВ    excess_net                              863.695            863.701 0.006 (+0.00 %)
  G1S24_Rn222Coal_eq01   sample_noeq    1500-3000 кэВ    missing_fit                             895.124            895.115 -0.009 (-0.00 %)
  G1S24_Rn222Coal_eq01   sample_noeq    1500-3000 кэВ    missing_net                             895.124            895.115 -0.009 (-0.00 %)
  G1S24_Rn222Coal_eq01   sample_noeq    1500-3000 кэВ    model                                  6150.853           6150.868 0.015 (+0.00 %)
  … и ещё 99 строк
  ✅ ASN16_Cs137_10cm / sample_nomatrix: совпало с эталоном (2026-09-21 16:00)

ОТКАЗ: картинка FSA на витрине разошлась с эталоном (707 строк). Это либо дефект отображения,
       либо правка, которую принимают ПЕРЕОБЪЯВЛЕНИЕМ эталона: tools\fsa_showcase\snapshot.ps1
       (таблица выше — в отчёт полосы). Снимки: tools\fsa_showcase\wd\out\*.png. 20 с.
