ПОДСАДКА: эталон пары 152EU:1408.006:121.781 испорчен (0.464037 → 0.928074); проба обязана покраснеть

=== Eu-152 (ключ 152EU): пар 71 ===
       1408.006        121.781    0.464037123  РАСХОЖДЕНИЕ: эталон 0.92807424594 (Δ 5.00E-001)

=== Lu-176 (ключ 176LU): пар 6 ===

=== Ba-133 (ключ 133BA): пар 15 ===

=== Co-60 (ключ 60CO): пар 1 ===

=== Cs-134 (ключ 134CS): пар 12 ===

=== Y-88 (ключ 88Y): пар 1 ===

=== Bi-207 (ключ 207BI): пар 3 ===

=== Pb-212 (ключ 212PB): пар 1 ===

=== Bi-212 (ключ 212BI): пар 6 ===

=== Tl-208 (ключ 208TL): пар 33 ===

=== Ac-228 (ключ 228AC): пар 245 ===

=== Pb-214 (ключ 214PB): пар 9 ===

=== Bi-214 (ключ 214BI): пар 129 ===

=== U-235 (ключ 235U): пар 9 ===

=== Sc-44 (ключ 44SC): пар 1 ===

=== Co-57 (ключ 57CO): пар 2 ===

замена долей по схеме (S176): пар по схеме 528, осталось с долей поставки 16, носителей без перехода 0; худшее отношение схема/поставка 0.008499 на паре 304.200+934.061
ПРИМЕЧАНИЕ БАЗЫ: 152EU: доли по схеме уровней у 69 пар из 71 (S176), у 2 осталась доля поставки, носителей без перехода в схеме 0 | 228AC: доли по схеме уровней у 238 пар из 245 (S176), у 7 осталась доля поставки, носителей без перехода в схеме 0 | 214BI: доли по схеме уровней у 122 пар из 129 (S176), у 7 осталась доля поставки, носителей без перехода в схеме 0
сверка с эталоном: пар 544, проверено 544, расхождений 1, худшее Δ 5.00E-001 (152EU:1408.006:121.781)
ПОДСАДКА ПОЙМАНА: проба покраснела, как обязана
