каталог проб: D:\BqMoni_Claude\p101\wt\tools\effmaker\probes\build_p101 (заверен 2026-09-18 14:44:46 из D:\BqMoni_Claude\p101\wt\BecquerelMonitor\bin\Release_p101)
  ⚠ сверено: набор приложения bc9dff13aa70 (550 файлов), набор FsaStackShot df91d565a344 (6 файлов), sha двух exe
свежесть каталога проб: сошлась с деревом (T226, 2.6 с)
рабочий каталог: D:\BqMoni_Claude\p101\wt\tools\fsa_showcase\wd (скопировано 393, снято 0; приборов 3, матриц 4)
прогон FsaStackShot (5 спектров, 7 пар):
  ASN16_Cs137_house / infer_eq: 3.4 с
  AS80_Th232_disk / infer_eq: 3.5 с
  ASN16_Radon_filter2 / chain_eq: 3.3 с
  ASN16_Radon_filter2 / chain_noeq: 4.0 с
  G1S24_Rn222Coal_eq01 / sample_eq: 2.2 с
  G1S24_Rn222Coal_eq01 / sample_noeq: 2.1 с
  ASN16_Cs137_10cm / sample_nomatrix: 1.5 с
  ✅ ASN16_Cs137_house / infer_eq: совпало с эталоном (2026-09-18 14:31)
  ✅ AS80_Th232_disk / infer_eq: совпало с эталоном (2026-09-18 14:31)
  ✅ ASN16_Radon_filter2 / chain_eq: совпало с эталоном (2026-09-18 14:31)
  ✅ ASN16_Radon_filter2 / chain_noeq: совпало с эталоном (2026-09-18 14:31)
  ✅ G1S24_Rn222Coal_eq01 / sample_eq: совпало с эталоном (2026-09-18 14:31)
  ✅ G1S24_Rn222Coal_eq01 / sample_noeq: совпало с эталоном (2026-09-18 14:31)
  ✅ ASN16_Cs137_10cm / sample_nomatrix: совпало с эталоном (2026-09-18 14:31)

ВИТРИНА СОШЛАСЬ С ЭТАЛОНОМ: 7 пар, 23 с.
