RESULT decays=2000000
RESULT any=560429 eps_total=2.802145e-01
RESULT window=661.657 counts=314605 eps=1.573025e-01
HISTBEGIN bins=663 bin_kev=1.000000 decays=2000000
HIST 0 137
HIST 1 439
HIST 2 449
HIST 3 453
HIST 4 474
HIST 5 531
HIST 6 535
HIST 7 549
HIST 8 459
HIST 9 503
HIST 10 550
HIST 11 587
HIST 12 539
HIST 13 553
HIST 14 538
HIST 15 558
HIST 16 541
HIST 17 515
HIST 18 524
HIST 19 532
HIST 20 527
HIST 21 572
HIST 22 541
HIST 23 541
HIST 24 567
HIST 25 527
HIST 26 518
HIST 27 593
HIST 28 529
HIST 29 566
HIST 30 559
HIST 31 552
HIST 32 503
HIST 33 563
HIST 34 531
HIST 35 564
HIST 36 533
HIST 37 550
HIST 38 545
HIST 39 555
HIST 40 543
HIST 41 530
HIST 42 533
HIST 43 527
HIST 44 529
HIST 45 542
HIST 46 563
HIST 47 550
HIST 48 559
HIST 49 554
HIST 50 543
HIST 51 551
HIST 52 559
HIST 53 516
HIST 54 540
HIST 55 520
HIST 56 548
HIST 57 525
HIST 58 526
HIST 59 516
HIST 60 588
HIST 61 512
HIST 62 519
HIST 63 542
HIST 64 551
HIST 65 514
HIST 66 497
HIST 67 553
HIST 68 524
HIST 69 512
HIST 70 557
HIST 71 511
HIST 72 545
HIST 73 553
HIST 74 476
HIST 75 525
HIST 76 523
HIST 77 520
HIST 78 534
HIST 79 555
HIST 80 543
HIST 81 513
HIST 82 491
HIST 83 546
HIST 84 542
HIST 85 505
HIST 86 493
HIST 87 538
HIST 88 515
HIST 89 529
HIST 90 542
HIST 91 540
HIST 92 475
HIST 93 565
HIST 94 561
HIST 95 589
HIST 96 512
HIST 97 538
HIST 98 527
HIST 99 510
HIST 100 536
HIST 101 521
HIST 102 527
HIST 103 563
HIST 104 496
HIST 105 535
HIST 106 489
HIST 107 511
HIST 108 537
HIST 109 487
HIST 110 516
HIST 111 474
HIST 112 560
HIST 113 559
HIST 114 526
HIST 115 554
HIST 116 525
HIST 117 517
HIST 118 504
HIST 119 487
HIST 120 537
HIST 121 550
HIST 122 519
HIST 123 507
HIST 124 529
HIST 125 507
HIST 126 540
HIST 127 525
HIST 128 537
HIST 129 511
HIST 130 553
HIST 131 539
HIST 132 486
HIST 133 511
HIST 134 488
HIST 135 499
HIST 136 488
HIST 137 503
HIST 138 511
HIST 139 522
HIST 140 510
HIST 141 523
HIST 142 508
HIST 143 506
HIST 144 492
HIST 145 478
HIST 146 492
HIST 147 484
HIST 148 479
HIST 149 522
HIST 150 473
HIST 151 530
HIST 152 523
HIST 153 504
HIST 154 496
HIST 155 472
HIST 156 528
HIST 157 525
HIST 158 515
HIST 159 488
HIST 160 500
HIST 161 488
HIST 162 488
HIST 163 518
HIST 164 497
HIST 165 479
HIST 166 506
HIST 167 515
HIST 168 499
HIST 169 477
HIST 170 463
HIST 171 504
HIST 172 529
HIST 173 506
HIST 174 472
HIST 175 490
HIST 176 509
HIST 177 517
HIST 178 517
HIST 179 479
HIST 180 498
HIST 181 502
HIST 182 449
HIST 183 514
HIST 184 520
HIST 185 484
HIST 186 447
HIST 187 456
HIST 188 475
HIST 189 495
HIST 190 530
HIST 191 444
HIST 192 487
HIST 193 484
HIST 194 495
HIST 195 457
HIST 196 489
HIST 197 475
HIST 198 464
HIST 199 487
HIST 200 464
HIST 201 477
HIST 202 466
HIST 203 499
HIST 204 485
HIST 205 452
HIST 206 497
HIST 207 509
HIST 208 524
HIST 209 496
HIST 210 487
HIST 211 493
HIST 212 473
HIST 213 500
HIST 214 489
HIST 215 501
HIST 216 470
HIST 217 466
HIST 218 424
HIST 219 488
HIST 220 499
HIST 221 497
HIST 222 492
HIST 223 464
HIST 224 448
HIST 225 515
HIST 226 453
HIST 227 490
HIST 228 509
HIST 229 505
HIST 230 491
HIST 231 459
HIST 232 465
HIST 233 474
HIST 234 453
HIST 235 494
HIST 236 486
HIST 237 458
HIST 238 500
HIST 239 485
HIST 240 471
HIST 241 503
HIST 242 460
HIST 243 454
HIST 244 498
HIST 245 463
HIST 246 469
HIST 247 475
HIST 248 508
HIST 249 504
HIST 250 454
HIST 251 454
HIST 252 479
HIST 253 477
HIST 254 463
HIST 255 516
HIST 256 469
HIST 257 485
HIST 258 486
HIST 259 448
HIST 260 470
HIST 261 474
HIST 262 481
HIST 263 489
HIST 264 449
HIST 265 476
HIST 266 464
HIST 267 494
HIST 268 517
HIST 269 444
HIST 270 418
HIST 271 482
HIST 272 469
HIST 273 445
HIST 274 491
HIST 275 446
HIST 276 500
HIST 277 445
HIST 278 492
HIST 279 434
HIST 280 476
HIST 281 458
HIST 282 480
HIST 283 470
HIST 284 468
HIST 285 469
HIST 286 450
HIST 287 465
HIST 288 467
HIST 289 441
HIST 290 509
HIST 291 482
HIST 292 476
HIST 293 495
HIST 294 447
HIST 295 432
HIST 296 469
HIST 297 515
HIST 298 464
HIST 299 442
HIST 300 488
HIST 301 446
HIST 302 471
HIST 303 468
HIST 304 470
HIST 305 461
HIST 306 491
HIST 307 503
HIST 308 439
HIST 309 448
HIST 310 465
HIST 311 462
HIST 312 464
HIST 313 448
HIST 314 459
HIST 315 488
HIST 316 463
HIST 317 463
HIST 318 456
HIST 319 481
HIST 320 472
HIST 321 458
HIST 322 473
HIST 323 434
HIST 324 496
HIST 325 439
HIST 326 450
HIST 327 460
HIST 328 433
HIST 329 487
HIST 330 453
HIST 331 452
HIST 332 398
HIST 333 463
HIST 334 466
HIST 335 453
HIST 336 473
HIST 337 446
HIST 338 437
HIST 339 459
HIST 340 470
HIST 341 447
HIST 342 473
HIST 343 467
HIST 344 454
HIST 345 458
HIST 346 438
HIST 347 458
HIST 348 457
HIST 349 471
HIST 350 429
HIST 351 452
HIST 352 465
HIST 353 468
HIST 354 435
HIST 355 460
HIST 356 466
HIST 357 441
HIST 358 487
HIST 359 443
HIST 360 455
HIST 361 490
HIST 362 451
HIST 363 421
HIST 364 473
HIST 365 481
HIST 366 454
HIST 367 512
HIST 368 440
HIST 369 453
HIST 370 456
HIST 371 495
HIST 372 458
HIST 373 421
HIST 374 454
HIST 375 520
HIST 376 428
HIST 377 479
HIST 378 474
HIST 379 502
HIST 380 470
HIST 381 476
HIST 382 509
HIST 383 474
HIST 384 452
HIST 385 475
HIST 386 443
HIST 387 474
HIST 388 471
HIST 389 444
HIST 390 475
HIST 391 417
HIST 392 471
HIST 393 442
HIST 394 481
HIST 395 458
HIST 396 484
HIST 397 437
HIST 398 487
HIST 399 418
HIST 400 473
HIST 401 498
HIST 402 468
HIST 403 485
HIST 404 482
HIST 405 473
HIST 406 457
HIST 407 468
HIST 408 521
HIST 409 463
HIST 410 470
HIST 411 474
HIST 412 463
HIST 413 504
HIST 414 502
HIST 415 508
HIST 416 495
HIST 417 457
HIST 418 475
HIST 419 475
HIST 420 521
HIST 421 454
HIST 422 501
HIST 423 489
HIST 424 509
HIST 425 515
HIST 426 465
HIST 427 498
HIST 428 481
HIST 429 515
HIST 430 498
HIST 431 488
HIST 432 508
HIST 433 507
HIST 434 508
HIST 435 479
HIST 436 525
HIST 437 527
HIST 438 542
HIST 439 531
HIST 440 493
HIST 441 524
HIST 442 506
HIST 443 503
HIST 444 494
HIST 445 542
HIST 446 498
HIST 447 529
HIST 448 480
HIST 449 494
HIST 450 526
HIST 451 524
HIST 452 558
HIST 453 521
HIST 454 530
HIST 455 543
HIST 456 528
HIST 457 565
HIST 458 521
HIST 459 518
HIST 460 570
HIST 461 579
HIST 462 567
HIST 463 591
HIST 464 585
HIST 465 586
HIST 466 544
HIST 467 568
HIST 468 563
HIST 469 542
HIST 470 589
HIST 471 557
HIST 472 539
HIST 473 580
HIST 474 545
HIST 475 500
HIST 476 485
HIST 477 416
HIST 478 357
HIST 479 314
HIST 480 282
HIST 481 273
HIST 482 229
HIST 483 229
HIST 484 224
HIST 485 199
HIST 486 213
HIST 487 174
HIST 488 178
HIST 489 191
HIST 490 182
HIST 491 140
HIST 492 168
HIST 493 139
HIST 494 143
HIST 495 136
HIST 496 132
HIST 497 121
HIST 498 150
HIST 499 103
HIST 500 132
HIST 501 121
HIST 502 111
HIST 503 96
HIST 504 108
HIST 505 105
HIST 506 108
HIST 507 86
HIST 508 82
HIST 509 79
HIST 510 90
HIST 511 88
HIST 512 76
HIST 513 64
HIST 514 78
HIST 515 73
HIST 516 61
HIST 517 58
HIST 518 73
HIST 519 67
HIST 520 55
HIST 521 66
HIST 522 50
HIST 523 61
HIST 524 57
HIST 525 53
HIST 526 54
HIST 527 55
HIST 528 42
HIST 529 44
HIST 530 33
HIST 531 38
HIST 532 46
HIST 533 41
HIST 534 44
HIST 535 35
HIST 536 34
HIST 537 32
HIST 538 36
HIST 539 20
HIST 540 29
HIST 541 28
HIST 542 27
HIST 543 32
HIST 544 17
HIST 545 22
HIST 546 20
HIST 547 22
HIST 548 22
HIST 549 18
HIST 550 22
HIST 551 16
HIST 552 7
HIST 553 7
HIST 554 12
HIST 555 15
HIST 556 18
HIST 557 10
HIST 558 15
HIST 559 11
HIST 560 11
HIST 561 8
HIST 562 15
HIST 563 11
HIST 564 9
HIST 565 7
HIST 566 10
HIST 567 6
HIST 568 7
HIST 569 8
HIST 570 5
HIST 571 5
HIST 572 9
HIST 573 4
HIST 574 3
HIST 575 1
HIST 576 11
HIST 577 9
HIST 578 5
HIST 579 3
HIST 580 3
HIST 581 6
HIST 582 6
HIST 583 8
HIST 584 4
HIST 585 5
HIST 586 3
HIST 587 6
HIST 588 1
HIST 589 5
HIST 590 3
HIST 591 5
HIST 592 5
HIST 593 3
HIST 594 3
HIST 595 1
HIST 596 1
HIST 597 2
HIST 598 3
HIST 599 3
HIST 600 4
HIST 601 6
HIST 602 2
HIST 603 6
HIST 605 3
HIST 606 4
HIST 607 1
HIST 608 3
HIST 610 1
HIST 611 4
HIST 612 4
HIST 613 1
HIST 614 1
HIST 615 1
HIST 616 2
HIST 617 2
HIST 618 2
HIST 619 2
HIST 620 1
HIST 622 2
HIST 623 3
HIST 624 5
HIST 625 3
HIST 627 1
HIST 628 1
HIST 629 306
HIST 630 5
HIST 631 4
HIST 632 5
HIST 633 885
HIST 634 6
HIST 635 4
HIST 636 1
HIST 638 1
HIST 641 1
HIST 650 1
HIST 652 1
HIST 657 2
HIST 658 2
HIST 662 314605
HISTEND
