exe: 14.09.2026 14:58:38  sha256 777B7DB42B3F8193
as80_tie0        код 0  chi2/ndf 11.911, невязка модели 17.9 %, суммирование да  | гейт не судил
as80_col0.1      код 0  chi2/ndf 11.940, невязка модели 17.5 %, суммирование да  | привязка (порог 0.1, по колонкам)
as80_lin0.1      код 0  chi2/ndf 13.091, невязка модели 19.3 %, суммирование да  | привязка (порог 0.1, по линиям)
as80_col0.3      код 0  chi2/ndf 11.940, невязка модели 17.5 %, суммирование да  | привязка (порог 0.3, по колонкам)
as80_lin0.3      код 0  chi2/ndf 13.091, невязка модели 19.3 %, суммирование да  | привязка (порог 0.3, по линиям)
as80_col0.5      код 0  chi2/ndf 11.940, невязка модели 17.5 %, суммирование да  | привязка (порог 0.5, по колонкам)
as80_lin0.5      код 0  chi2/ndf 12.688, невязка модели 18.7 %, суммирование да  | привязка (порог 0.5, по линиям)
as80_col0.7      код 0  chi2/ndf 11.940, невязка модели 17.5 %, суммирование да  | привязка (порог 0.7, по колонкам)
as80_lin0.7      код 0  chi2/ndf 12.688, невязка модели 18.7 %, суммирование да  | привязка (порог 0.7, по линиям)
as80_col0.8      код 0  chi2/ndf 11.940, невязка модели 17.5 %, суммирование да  | привязка (порог 0.8, по колонкам)
as80_lin0.8      код 0  chi2/ndf 12.688, невязка модели 18.7 %, суммирование да  | привязка (порог 0.8, по линиям)
as80_col0.9      код 0  chi2/ndf 11.940, невязка модели 17.5 %, суммирование да  | привязка (порог 0.9, по колонкам)
as80_lin0.9      код 0  chi2/ndf 12.688, невязка модели 18.7 %, суммирование да  | привязка (порог 0.9, по линиям)
as80_col0.95     код 0  chi2/ndf 11.911, невязка модели 17.9 %, суммирование да  | привязка (порог 0.95, по колонкам)
as80_lin0.95     код 0  chi2/ndf 12.688, невязка модели 18.7 %, суммирование да  | привязка (порог 0.95, по линиям)
radon1_tie0      код 0  chi2/ndf 1.080, невязка модели 59.4 %, суммирование да  | гейт не судил
radon1_col0.1    код 0  chi2/ndf 1.138, невязка модели 59.0 %, суммирование да  | привязка (порог 0.1, по колонкам)
radon1_lin0.1    код 0  chi2/ndf 1.210, невязка модели 57.1 %, суммирование да  | привязка (порог 0.1, по линиям)
radon1_col0.3    код 0  chi2/ndf 1.114, невязка модели 59.2 %, суммирование да  | привязка (порог 0.3, по колонкам)
radon1_lin0.3    код 0  chi2/ndf 1.210, невязка модели 57.1 %, суммирование да  | привязка (порог 0.3, по линиям)
radon1_col0.5    код 0  chi2/ndf 1.080, невязка модели 59.4 %, суммирование да  | привязка (порог 0.5, по колонкам)
radon1_lin0.5    код 0  chi2/ndf 1.161, невязка модели 59.8 %, суммирование да  | привязка (порог 0.5, по линиям)
radon1_col0.7    код 0  chi2/ndf 1.080, невязка модели 59.4 %, суммирование да  | привязка (порог 0.7, по колонкам)
radon1_lin0.7    код 0  chi2/ndf 1.161, невязка модели 59.8 %, суммирование да  | привязка (порог 0.7, по линиям)
radon1_col0.8    код 0  chi2/ndf 1.080, невязка модели 59.4 %, суммирование да  | привязка (порог 0.8, по колонкам)
radon1_lin0.8    код 0  chi2/ndf 1.161, невязка модели 59.8 %, суммирование да  | привязка (порог 0.8, по линиям)
radon1_col0.9    код 0  chi2/ndf 1.080, невязка модели 59.4 %, суммирование да  | привязка (порог 0.9, по колонкам)
radon1_lin0.9    код 0  chi2/ndf 1.161, невязка модели 59.8 %, суммирование да  | привязка (порог 0.9, по линиям)
radon1_col0.95   код 0  chi2/ndf 1.080, невязка модели 59.4 %, суммирование да  | привязка (порог 0.95, по колонкам)
radon1_lin0.95   код 0  chi2/ndf 1.161, невязка модели 59.8 %, суммирование да  | привязка (порог 0.95, по линиям)
radon2_tie0      код 0  chi2/ndf 1.085, невязка модели 74.6 %, суммирование да  | гейт не судил
radon2_col0.1    код 0  chi2/ndf 1.285, невязка модели 80.6 %, суммирование да  | привязка (порог 0.1, по колонкам)
radon2_lin0.1    код 0  chi2/ndf 1.304, невязка модели 81.0 %, суммирование да  | привязка (порог 0.1, по линиям)
radon2_col0.3    код 0  chi2/ndf 1.073, невязка модели 74.2 %, суммирование да  | привязка (порог 0.3, по колонкам)
radon2_lin0.3    код 0  chi2/ndf 1.304, невязка модели 81.0 %, суммирование да  | привязка (порог 0.3, по линиям)
radon2_col0.5    код 0  chi2/ndf 1.073, невязка модели 74.2 %, суммирование да  | привязка (порог 0.5, по колонкам)
radon2_lin0.5    код 0  chi2/ndf 1.304, невязка модели 81.0 %, суммирование да  | привязка (порог 0.5, по линиям)
radon2_col0.7    код 0  chi2/ndf 1.073, невязка модели 74.2 %, суммирование да  | привязка (порог 0.7, по колонкам)
radon2_lin0.7    код 0  chi2/ndf 1.304, невязка модели 81.0 %, суммирование да  | привязка (порог 0.7, по линиям)
radon2_col0.8    код 0  chi2/ndf 1.085, невязка модели 74.6 %, суммирование да  | привязка (порог 0.8, по колонкам)
radon2_lin0.8    код 0  chi2/ndf 1.304, невязка модели 81.0 %, суммирование да  | привязка (порог 0.8, по линиям)
radon2_col0.9    код 0  chi2/ndf 1.085, невязка модели 74.6 %, суммирование да  | привязка (порог 0.9, по колонкам)
radon2_lin0.9    код 0  chi2/ndf 1.304, невязка модели 81.0 %, суммирование да  | привязка (порог 0.9, по линиям)
radon2_col0.95   код 0  chi2/ndf 1.085, невязка модели 74.6 %, суммирование да  | привязка (порог 0.95, по колонкам)
radon2_lin0.95   код 0  chi2/ndf 1.304, невязка модели 81.0 %, суммирование да  | привязка (порог 0.95, по линиям)
коды: as80_tie0=0 as80_col0.1=0 as80_lin0.1=0 as80_col0.3=0 as80_lin0.3=0 as80_col0.5=0 as80_lin0.5=0 as80_col0.7=0 as80_lin0.7=0 as80_col0.8=0 as80_lin0.8=0 as80_col0.9=0 as80_lin0.9=0 as80_col0.95=0 as80_lin0.95=0 radon1_tie0=0 radon1_col0.1=0 radon1_lin0.1=0 radon1_col0.3=0 radon1_lin0.3=0 radon1_col0.5=0 radon1_lin0.5=0 radon1_col0.7=0 radon1_lin0.7=0 radon1_col0.8=0 radon1_lin0.8=0 radon1_col0.9=0 radon1_lin0.9=0 radon1_col0.95=0 radon1_lin0.95=0 radon2_tie0=0 radon2_col0.1=0 radon2_lin0.1=0 radon2_col0.3=0 radon2_lin0.3=0 radon2_col0.5=0 radon2_lin0.5=0 radon2_col0.7=0 radon2_lin0.7=0 radon2_col0.8=0 radon2_lin0.8=0 radon2_col0.9=0 radon2_lin0.9=0 radon2_col0.95=0 radon2_lin0.95=0
