каталог проб: C:\Users\moroz\source\repos\BQ Eng res .NET 4.8\tools\effmaker\probes\build (заверен 2026-09-28 20:50:28 из C:\Users\moroz\source\repos\BQ Eng res .NET 4.8\BecquerelMonitor\bin\Debug_Codex)
  ⚠ сверено: набор приложения 34f37e9004e7 (551 файлов), набор FsaStackShot 754d7f2b4b58 (6 файлов), sha двух exe
свежесть каталога проб: сошлась с деревом (T226, 0.9 с)
рабочий каталог: C:\Users\moroz\source\repos\BQ Eng res .NET 4.8\tools\fsa_showcase\wd (скопировано 273, снято 0; приборов 3, матриц 4)
прогон FsaStackShot (5 спектров, 9 пар):
  ASN16_Cs137_house / infer_eq: 2.3 с
  ASN16_Cs137_house / infer_eq_peak: 2.5 с
  ASN16_Cs137_house / infer_eq_compton: 2.2 с
  AS80_Th232_disk / infer_eq: 9.9 с
  ASN16_Radon_filter2 / chain_eq: 15.4 с
  ASN16_Radon_filter2 / chain_noeq: 15.3 с
  G1S24_Rn222Coal_eq01 / sample_eq: 9.0 с
  G1S24_Rn222Coal_eq01 / sample_noeq: 7.5 с
  ASN16_Cs137_10cm / sample_nomatrix: 2.4 с

⛔ КАРТИНКА ИЗМЕНИЛАСЬ: ASN16_Cs137_house / infer_eq — 117 расхождений (допуск rel 1e-09, abs 1e-06; эталон объявлен 2026-09-28 19:21)
  ⚠ вход изменился: матрица c482e3bc-e2a8-491f-8759-5df93827eaef.rmx (tools/fsa_showcase/store/ASN16_point_house.rmx): 97fce3b7b3cfe6c9 → c9faa3beea0aacc4
  спектр                 режим          полоса           компонент                                  было              стало              Δ
  ASN16_Cs137_house      infer_eq       0-30 кэВ         Backscatter                         1486313.535        1455439.684 -30873.851 (-2.08 %)
  ASN16_Cs137_house      infer_eq       0-30 кэВ         Cs-137                             17192234.257       17156000.648 -36233.609 (-0.21 %)
  ASN16_Cs137_house      infer_eq       0-30 кэВ         Xray-Pb                               23516.568          24067.354 550.786 (+2.34 %)
  ASN16_Cs137_house      infer_eq       0-30 кэВ         Xray-Pb-L                           1210140.898        1221463.384 11322.486 (+0.94 %)
  ASN16_Cs137_house      infer_eq       0-30 кэВ         continuum_raw                         41833.664          51182.201 9348.537 (+22.35 %)
  ASN16_Cs137_house      infer_eq       0-30 кэВ         excess_fit                          1949719.515        1891395.343 -58324.172 (-2.99 %)
  ASN16_Cs137_house      infer_eq       0-30 кэВ         excess_net                          1949719.515        1891395.343 -58324.172 (-2.99 %)
  ASN16_Cs137_house      infer_eq       0-30 кэВ         missing_fit                          819560.876         816457.262 -3103.614 (-0.38 %)
  ASN16_Cs137_house      infer_eq       0-30 кэВ         missing_net                          819560.876         816457.262 -3103.614 (-0.38 %)
  ASN16_Cs137_house      infer_eq       0-30 кэВ         model                              19912267.072       19857046.514 -55220.558 (-0.28 %)
  ASN16_Cs137_house      infer_eq       0-30 кэВ         pile-up                                  61.803             75.456 13.653 (+22.09 %)
  ASN16_Cs137_house      infer_eq       0-30 кэВ         tail                                1901207.547        1904537.812 3330.265 (+0.18 %)
  ASN16_Cs137_house      infer_eq       30-100 кэВ       Backscatter                          284748.752         272881.653 -11867.099 (-4.17 %)
  ASN16_Cs137_house      infer_eq       30-100 кэВ       Cs-137                             37961336.094       38071688.416 110352.322 (+0.29 %)
  ASN16_Cs137_house      infer_eq       30-100 кэВ       Xray-Pb                             1950206.611        1732463.313 -217743.298 (-11.17 %)
  ASN16_Cs137_house      infer_eq       30-100 кэВ       continuum_raw                       1569826.938        1512885.623 -56941.315 (-3.63 %)
  ASN16_Cs137_house      infer_eq       30-100 кэВ       excess_fit                           671441.031         640153.348 -31287.683 (-4.66 %)
  ASN16_Cs137_house      infer_eq       30-100 кэВ       excess_net                           671441.031         640153.348 -31287.683 (-4.66 %)
  ASN16_Cs137_house      infer_eq       30-100 кэВ       missing_fit                          381066.864         469154.004 88087.140 (+23.12 %)
  ASN16_Cs137_house      infer_eq       30-100 кэВ       missing_net                          381066.864         469154.004 88087.140 (+23.12 %)
  ASN16_Cs137_house      infer_eq       30-100 кэВ       model                              40199088.838       40079714.015 -119374.823 (-0.30 %)
  ASN16_Cs137_house      infer_eq       30-100 кэВ       pile-up                                2797.394           2680.647 -116.747 (-4.17 %)
  ASN16_Cs137_house      infer_eq       30-100 кэВ       tail                               11567838.637       11905929.692 338091.055 (+2.92 %)
  ASN16_Cs137_house      infer_eq       100-300 кэВ      Backscatter                         6574105.979        6437079.036 -137026.943 (-2.08 %)
  ASN16_Cs137_house      infer_eq       100-300 кэВ      Cs-137                             65666911.938       65943304.350 276392.412 (+0.42 %)
  ASN16_Cs137_house      infer_eq       100-300 кэВ      Xray-Pb                                4561.086           3916.487 -644.599 (-14.13 %)
  ASN16_Cs137_house      infer_eq       100-300 кэВ      continuum_raw                       6730859.933        7462095.981 731236.048 (+10.86 %)
  ASN16_Cs137_house      infer_eq       100-300 кэВ      excess_fit                           696358.258         817677.435 121319.177 (+17.42 %)
  ASN16_Cs137_house      infer_eq       100-300 кэВ      excess_net                           696358.258         817677.435 121319.177 (+17.42 %)
  ASN16_Cs137_house      infer_eq       100-300 кэВ      missing_fit                         1450274.390        1431213.973 -19060.417 (-1.31 %)
  ASN16_Cs137_house      infer_eq       100-300 кэВ      missing_net                         1450274.390        1431213.973 -19060.417 (-1.31 %)
  ASN16_Cs137_house      infer_eq       100-300 кэВ      model                              72260322.766       72400702.360 140379.594 (+0.19 %)
  ASN16_Cs137_house      infer_eq       100-300 кэВ      pile-up                               14743.772          16402.491 1658.719 (+11.25 %)
  ASN16_Cs137_house      infer_eq       100-300 кэВ      tail                                 217752.161         214171.667 -3580.494 (-1.64 %)
  ASN16_Cs137_house      infer_eq       300-700 кэВ      Cs-137                            112398529.829      112149624.710 -248905.119 (-0.22 %)
  ASN16_Cs137_house      infer_eq       300-700 кэВ      continuum_raw                        496955.159         427000.420 -69954.739 (-14.08 %)
  ASN16_Cs137_house      infer_eq       300-700 кэВ      excess_fit                          1501926.388        1669004.949 167078.561 (+11.12 %)
  ASN16_Cs137_house      infer_eq       300-700 кэВ      excess_net                          1501926.388        1669004.949 167078.561 (+11.12 %)
  ASN16_Cs137_house      infer_eq       300-700 кэВ      missing_fit                         5310052.856        5726974.580 416921.724 (+7.85 %)
  ASN16_Cs137_house      infer_eq       300-700 кэВ      missing_net                         5310052.856        5726974.580 416921.724 (+7.85 %)
  ASN16_Cs137_house      infer_eq       300-700 кэВ      model                             112473472.188      112223629.025 -249843.163 (-0.22 %)
  ASN16_Cs137_house      infer_eq       300-700 кэВ      pile-up                               74942.349          74004.315 -938.034 (-1.25 %)
  ASN16_Cs137_house      infer_eq       700-1500 кэВ     Cs-137                               372131.134         370234.330 -1896.804 (-0.51 %)
  ASN16_Cs137_house      infer_eq       700-1500 кэВ     continuum_raw                        491902.742         494400.176 2497.434 (+0.51 %)
  ASN16_Cs137_house      infer_eq       700-1500 кэВ     excess_fit                            48753.305          49358.382 605.077 (+1.24 %)
  ASN16_Cs137_house      infer_eq       700-1500 кэВ     excess_net                            47693.510          48298.587 605.077 (+1.27 %)
  ASN16_Cs137_house      infer_eq       700-1500 кэВ     missing_fit                          157666.221         159306.536 1640.315 (+1.04 %)
  ASN16_Cs137_house      infer_eq       700-1500 кэВ     missing_net                          157666.221         159306.536 1640.315 (+1.04 %)
  ASN16_Cs137_house      infer_eq       700-1500 кэВ     model                               1121527.046        1120491.808 -1035.238 (-0.09 %)
  ASN16_Cs137_house      infer_eq       700-1500 кэВ     pile-up                              749395.909         750257.461 861.552 (+0.11 %)
  ASN16_Cs137_house      infer_eq       1500-3000 кэВ    continuum_raw                          3798.998           3802.202 3.204 (+0.08 %)
  ASN16_Cs137_house      infer_eq       1500-3000 кэВ    excess_fit                             7134.330           7133.353 -0.977 (-0.01 %)
  ASN16_Cs137_house      infer_eq       1500-3000 кэВ    excess_net                             2494.746           2493.769 -0.977 (-0.04 %)
  ASN16_Cs137_house      infer_eq       1500-3000 кэВ    missing_fit                            4598.794           4600.910 2.116 (+0.05 %)
  ASN16_Cs137_house      infer_eq       1500-3000 кэВ    missing_net                            4598.794           4600.910 2.116 (+0.05 %)
  ASN16_Cs137_house      infer_eq       1500-3000 кэВ    model                                  4838.371           4835.278 -3.093 (-0.06 %)
  ASN16_Cs137_house      infer_eq       1500-3000 кэВ    pile-up                                4838.371           4835.278 -3.093 (-0.06 %)
  ASN16_Cs137_house      infer_eq       rates component  Backscatter.count_rate                    1.984              1.938 -0.046 (-2.32 %)
  ASN16_Cs137_house      infer_eq       rates component  Backscatter.peak_counts             8118367.598        7929682.190 -188685.408 (-2.32 %)
  ASN16_Cs137_house      infer_eq       rates component  Backscatter.share_pct                     3.393              3.323 -0.069 (-2.04 %)
  … и ещё 57 строк

⛔ КАРТИНКА ИЗМЕНИЛАСЬ: ASN16_Cs137_house / infer_eq_peak — 107 расхождений (допуск rel 1e-09, abs 1e-06; эталон объявлен 2026-09-28 19:21)
  ⚠ вход изменился: матрица c482e3bc-e2a8-491f-8759-5df93827eaef.rmx (tools/fsa_showcase/store/ASN16_point_house.rmx): 97fce3b7b3cfe6c9 → c9faa3beea0aacc4
  спектр                 режим          полоса           компонент                                  было              стало              Δ
  ASN16_Cs137_house      infer_eq_peak  0-30 кэВ         Cs-137                              9281427.819        9313007.333 31579.514 (+0.34 %)
  ASN16_Cs137_house      infer_eq_peak  0-30 кэВ         Xray-Pb                                   0.719              0.643 -0.076 (-10.57 %)
  ASN16_Cs137_house      infer_eq_peak  0-30 кэВ         Xray-Pb-L                           1185116.045        1196916.979 11800.934 (+1.00 %)
  ASN16_Cs137_house      infer_eq_peak  0-30 кэВ         continuum_raw                         41833.664          51182.201 9348.537 (+22.35 %)
  ASN16_Cs137_house      infer_eq_peak  0-30 кэВ         excess_fit                          1949719.515        1891395.343 -58324.172 (-2.99 %)
  ASN16_Cs137_house      infer_eq_peak  0-30 кэВ         excess_net                          1949719.515        1891395.343 -58324.172 (-2.99 %)
  ASN16_Cs137_house      infer_eq_peak  0-30 кэВ         missing_fit                          819560.876         816457.262 -3103.614 (-0.38 %)
  ASN16_Cs137_house      infer_eq_peak  0-30 кэВ         missing_net                          819560.876         816457.262 -3103.614 (-0.38 %)
  ASN16_Cs137_house      infer_eq_peak  0-30 кэВ         model                              19912267.072       19857046.514 -55220.558 (-0.28 %)
  ASN16_Cs137_house      infer_eq_peak  0-30 кэВ         tail                                1901207.547        1904537.812 3330.265 (+0.18 %)
  ASN16_Cs137_house      infer_eq_peak  30-100 кэВ       Cs-137                             15497702.711       15343633.994 -154068.717 (-0.99 %)
  ASN16_Cs137_house      infer_eq_peak  30-100 кэВ       Xray-Pb                             1523817.802        1333809.225 -190008.577 (-12.47 %)
  ASN16_Cs137_house      infer_eq_peak  30-100 кэВ       continuum_raw                       1569826.938        1512885.623 -56941.315 (-3.63 %)
  ASN16_Cs137_house      infer_eq_peak  30-100 кэВ       excess_fit                           671441.031         640153.348 -31287.683 (-4.66 %)
  ASN16_Cs137_house      infer_eq_peak  30-100 кэВ       excess_net                           671441.031         640153.348 -31287.683 (-4.66 %)
  ASN16_Cs137_house      infer_eq_peak  30-100 кэВ       missing_fit                          381066.864         469154.004 88087.140 (+23.12 %)
  ASN16_Cs137_house      infer_eq_peak  30-100 кэВ       missing_net                          381066.864         469154.004 88087.140 (+23.12 %)
  ASN16_Cs137_house      infer_eq_peak  30-100 кэВ       model                              40199088.838       40079714.015 -119374.823 (-0.30 %)
  ASN16_Cs137_house      infer_eq_peak  30-100 кэВ       tail                               11567838.637       11905929.692 338091.055 (+2.92 %)
  ASN16_Cs137_house      infer_eq_peak  100-300 кэВ      Xray-Pb                                4520.318           3862.817 -657.501 (-14.55 %)
  ASN16_Cs137_house      infer_eq_peak  100-300 кэВ      continuum_raw                       6730859.933        7462095.981 731236.048 (+10.86 %)
  ASN16_Cs137_house      infer_eq_peak  100-300 кэВ      excess_fit                           696358.258         817677.435 121319.177 (+17.42 %)
  ASN16_Cs137_house      infer_eq_peak  100-300 кэВ      excess_net                           696358.258         817677.435 121319.177 (+17.42 %)
  ASN16_Cs137_house      infer_eq_peak  100-300 кэВ      missing_fit                         1450274.390        1431213.973 -19060.417 (-1.31 %)
  ASN16_Cs137_house      infer_eq_peak  100-300 кэВ      missing_net                         1450274.390        1431213.973 -19060.417 (-1.31 %)
  ASN16_Cs137_house      infer_eq_peak  100-300 кэВ      model                              72260322.766       72400702.360 140379.594 (+0.19 %)
  ASN16_Cs137_house      infer_eq_peak  100-300 кэВ      tail                                 217752.161         214171.667 -3580.494 (-1.64 %)
  ASN16_Cs137_house      infer_eq_peak  300-700 кэВ      Cs-137                             60152665.077       59713626.788 -439038.289 (-0.73 %)
  ASN16_Cs137_house      infer_eq_peak  300-700 кэВ      continuum_raw                        496955.159         427000.420 -69954.739 (-14.08 %)
  ASN16_Cs137_house      infer_eq_peak  300-700 кэВ      excess_fit                          1501926.388        1669004.949 167078.561 (+11.12 %)
  ASN16_Cs137_house      infer_eq_peak  300-700 кэВ      excess_net                          1501926.388        1669004.949 167078.561 (+11.12 %)
  ASN16_Cs137_house      infer_eq_peak  300-700 кэВ      missing_fit                         5310052.856        5726974.580 416921.724 (+7.85 %)
  ASN16_Cs137_house      infer_eq_peak  300-700 кэВ      missing_net                         5310052.856        5726974.580 416921.724 (+7.85 %)
  ASN16_Cs137_house      infer_eq_peak  300-700 кэВ      model                             112473472.188      112223629.025 -249843.163 (-0.22 %)
  ASN16_Cs137_house      infer_eq_peak  700-1500 кэВ     Cs-137                               357264.249         355214.225 -2050.024 (-0.57 %)
  ASN16_Cs137_house      infer_eq_peak  700-1500 кэВ     continuum_raw                        491902.742         494400.176 2497.434 (+0.51 %)
  ASN16_Cs137_house      infer_eq_peak  700-1500 кэВ     excess_fit                            48753.305          49358.382 605.077 (+1.24 %)
  ASN16_Cs137_house      infer_eq_peak  700-1500 кэВ     excess_net                            47693.510          48298.587 605.077 (+1.27 %)
  ASN16_Cs137_house      infer_eq_peak  700-1500 кэВ     missing_fit                          157666.221         159306.536 1640.315 (+1.04 %)
  ASN16_Cs137_house      infer_eq_peak  700-1500 кэВ     missing_net                          157666.221         159306.536 1640.315 (+1.04 %)
  ASN16_Cs137_house      infer_eq_peak  700-1500 кэВ     model                               1121527.046        1120491.808 -1035.238 (-0.09 %)
  ASN16_Cs137_house      infer_eq_peak  1500-3000 кэВ    continuum_raw                          3798.998           3802.202 3.204 (+0.08 %)
  ASN16_Cs137_house      infer_eq_peak  1500-3000 кэВ    excess_fit                             7134.330           7133.353 -0.977 (-0.01 %)
  ASN16_Cs137_house      infer_eq_peak  1500-3000 кэВ    excess_net                             2494.746           2493.769 -0.977 (-0.04 %)
  ASN16_Cs137_house      infer_eq_peak  1500-3000 кэВ    missing_fit                            4598.794           4600.910 2.116 (+0.05 %)
  ASN16_Cs137_house      infer_eq_peak  1500-3000 кэВ    missing_net                            4598.794           4600.910 2.116 (+0.05 %)
  ASN16_Cs137_house      infer_eq_peak  1500-3000 кэВ    model                                  4838.371           4835.278 -3.093 (-0.06 %)
  ASN16_Cs137_house      infer_eq_peak  rates component  Backscatter.count_rate                    1.984              1.938 -0.046 (-2.32 %)
  ASN16_Cs137_house      infer_eq_peak  rates component  Backscatter.peak_counts             8118367.598        7929682.190 -188685.408 (-2.32 %)
  ASN16_Cs137_house      infer_eq_peak  rates component  Backscatter.share_pct                     3.393              3.323 -0.069 (-2.04 %)
  ASN16_Cs137_house      infer_eq_peak  rates component  Backscatter.z                           107.319            101.225 -6.094 (-5.68 %)
  ASN16_Cs137_house      infer_eq_peak  rates component  Cs-137.count_rate                      6709.408           6677.254 -32.154 (-0.48 %)
  ASN16_Cs137_house      infer_eq_peak  rates component  Cs-137.decision_threshold_ra              0.706              0.755 0.049 (+6.91 %)
  ASN16_Cs137_house      infer_eq_peak  rates component  Cs-137.detection_limit_rate               1.415              1.513 0.098 (+6.91 %)
  ASN16_Cs137_house      infer_eq_peak  rates component  Cs-137.peak_counts                100696136.079      100041261.019 -654875.060 (-0.65 %)
  ASN16_Cs137_house      infer_eq_peak  rates component  Cs-137.share_pct                         94.967             95.117 0.151 (+0.16 %)
  ASN16_Cs137_house      infer_eq_peak  rates component  Cs-137.z                               1925.480           1757.623 -167.857 (-8.72 %)
  ASN16_Cs137_house      infer_eq_peak  rates component  Xray-Pb.count_rate                       18.208             15.906 -2.303 (-12.65 %)
  ASN16_Cs137_house      infer_eq_peak  rates component  Xray-Pb.peak_counts                 1773983.245        1553063.627 -220919.619 (-12.45 %)
  ASN16_Cs137_house      infer_eq_peak  rates component  Xray-Pb.share_pct                         0.804              0.717 -0.088 (-10.91 %)
  … и ещё 47 строк

⛔ КАРТИНКА ИЗМЕНИЛАСЬ: ASN16_Cs137_house / infer_eq_compton — 108 расхождений (допуск rel 1e-09, abs 1e-06; эталон объявлен 2026-09-28 19:21)
  ⚠ вход изменился: матрица c482e3bc-e2a8-491f-8759-5df93827eaef.rmx (tools/fsa_showcase/store/ASN16_point_house.rmx): 97fce3b7b3cfe6c9 → c9faa3beea0aacc4
  спектр                 режим          полоса           компонент                                  было              стало              Δ
  ASN16_Cs137_house      infer_eq_compt 0-30 кэВ         Cs-137                              7830990.652        7754764.947 -76225.705 (-0.97 %)
  ASN16_Cs137_house      infer_eq_compt 0-30 кэВ         Xray-Pb                               23145.601          23665.199 519.598 (+2.24 %)
  ASN16_Cs137_house      infer_eq_compt 0-30 кэВ         Xray-Pb-L                             22461.614          22328.441 -133.173 (-0.59 %)
  ASN16_Cs137_house      infer_eq_compt 0-30 кэВ         continuum_raw                         41833.664          51182.201 9348.537 (+22.35 %)
  ASN16_Cs137_house      infer_eq_compt 0-30 кэВ         excess_fit                          1949719.515        1891395.343 -58324.172 (-2.99 %)
  ASN16_Cs137_house      infer_eq_compt 0-30 кэВ         excess_net                          1949719.515        1891395.343 -58324.172 (-2.99 %)
  ASN16_Cs137_house      infer_eq_compt 0-30 кэВ         missing_fit                          819560.876         816457.262 -3103.614 (-0.38 %)
  ASN16_Cs137_house      infer_eq_compt 0-30 кэВ         missing_net                          819560.876         816457.262 -3103.614 (-0.38 %)
  ASN16_Cs137_house      infer_eq_compt 0-30 кэВ         model                              19912267.072       19857046.514 -55220.558 (-0.28 %)
  ASN16_Cs137_house      infer_eq_compt 0-30 кэВ         tail                                1901207.547        1904537.812 3330.265 (+0.18 %)
  ASN16_Cs137_house      infer_eq_compt 30-100 кэВ       Cs-137                             20905596.374       21223467.620 317871.246 (+1.52 %)
  ASN16_Cs137_house      infer_eq_compt 30-100 кэВ       Xray-Pb                              378269.581         356477.391 -21792.190 (-5.76 %)
  ASN16_Cs137_house      infer_eq_compt 30-100 кэВ       continuum_raw                       1569826.938        1512885.623 -56941.315 (-3.63 %)
  ASN16_Cs137_house      infer_eq_compt 30-100 кэВ       excess_fit                           671441.031         640153.348 -31287.683 (-4.66 %)
  ASN16_Cs137_house      infer_eq_compt 30-100 кэВ       excess_net                           671441.031         640153.348 -31287.683 (-4.66 %)
  ASN16_Cs137_house      infer_eq_compt 30-100 кэВ       missing_fit                          381066.864         469154.004 88087.140 (+23.12 %)
  ASN16_Cs137_house      infer_eq_compt 30-100 кэВ       missing_net                          381066.864         469154.004 88087.140 (+23.12 %)
  ASN16_Cs137_house      infer_eq_compt 30-100 кэВ       model                              40199088.838       40079714.015 -119374.823 (-0.30 %)
  ASN16_Cs137_house      infer_eq_compt 30-100 кэВ       tail                               11567838.637       11905929.692 338091.055 (+2.92 %)
  ASN16_Cs137_house      infer_eq_compt 100-300 кэВ      Cs-137                             59145407.937       58704531.342 -440876.595 (-0.75 %)
  ASN16_Cs137_house      infer_eq_compt 100-300 кэВ      Xray-Pb                                  34.834             46.941 12.107 (+34.76 %)
  ASN16_Cs137_house      infer_eq_compt 100-300 кэВ      continuum_raw                       6730859.933        7462095.981 731236.048 (+10.86 %)
  ASN16_Cs137_house      infer_eq_compt 100-300 кэВ      excess_fit                           696358.258         817677.435 121319.177 (+17.42 %)
  ASN16_Cs137_house      infer_eq_compt 100-300 кэВ      excess_net                           696358.258         817677.435 121319.177 (+17.42 %)
  ASN16_Cs137_house      infer_eq_compt 100-300 кэВ      missing_fit                         1450274.390        1431213.973 -19060.417 (-1.31 %)
  ASN16_Cs137_house      infer_eq_compt 100-300 кэВ      missing_net                         1450274.390        1431213.973 -19060.417 (-1.31 %)
  ASN16_Cs137_house      infer_eq_compt 100-300 кэВ      model                              72260322.766       72400702.360 140379.594 (+0.19 %)
  ASN16_Cs137_house      infer_eq_compt 100-300 кэВ      tail                                 217752.161         214171.667 -3580.494 (-1.64 %)
  ASN16_Cs137_house      infer_eq_compt 300-700 кэВ      Cs-137                             51126621.110       51344072.470 217451.360 (+0.43 %)
  ASN16_Cs137_house      infer_eq_compt 300-700 кэВ      continuum_raw                        496955.159         427000.420 -69954.739 (-14.08 %)
  ASN16_Cs137_house      infer_eq_compt 300-700 кэВ      excess_fit                          1501926.388        1669004.949 167078.561 (+11.12 %)
  ASN16_Cs137_house      infer_eq_compt 300-700 кэВ      excess_net                          1501926.388        1669004.949 167078.561 (+11.12 %)
  ASN16_Cs137_house      infer_eq_compt 300-700 кэВ      missing_fit                         5310052.856        5726974.580 416921.724 (+7.85 %)
  ASN16_Cs137_house      infer_eq_compt 300-700 кэВ      missing_net                         5310052.856        5726974.580 416921.724 (+7.85 %)
  ASN16_Cs137_house      infer_eq_compt 300-700 кэВ      model                             112473472.188      112223629.025 -249843.163 (-0.22 %)
  ASN16_Cs137_house      infer_eq_compt 700-1500 кэВ     Cs-137                                  498.531            623.878 125.347 (+25.14 %)
  ASN16_Cs137_house      infer_eq_compt 700-1500 кэВ     continuum_raw                        491902.742         494400.176 2497.434 (+0.51 %)
  ASN16_Cs137_house      infer_eq_compt 700-1500 кэВ     excess_fit                            48753.305          49358.382 605.077 (+1.24 %)
  ASN16_Cs137_house      infer_eq_compt 700-1500 кэВ     excess_net                            47693.510          48298.587 605.077 (+1.27 %)
  ASN16_Cs137_house      infer_eq_compt 700-1500 кэВ     missing_fit                          157666.221         159306.536 1640.315 (+1.04 %)
  ASN16_Cs137_house      infer_eq_compt 700-1500 кэВ     missing_net                          157666.221         159306.536 1640.315 (+1.04 %)
  ASN16_Cs137_house      infer_eq_compt 700-1500 кэВ     model                               1121527.046        1120491.808 -1035.238 (-0.09 %)
  ASN16_Cs137_house      infer_eq_compt 1500-3000 кэВ    continuum_raw                          3798.998           3802.202 3.204 (+0.08 %)
  ASN16_Cs137_house      infer_eq_compt 1500-3000 кэВ    excess_fit                             7134.330           7133.353 -0.977 (-0.01 %)
  ASN16_Cs137_house      infer_eq_compt 1500-3000 кэВ    excess_net                             2494.746           2493.769 -0.977 (-0.04 %)
  ASN16_Cs137_house      infer_eq_compt 1500-3000 кэВ    missing_fit                            4598.794           4600.910 2.116 (+0.05 %)
  ASN16_Cs137_house      infer_eq_compt 1500-3000 кэВ    missing_net                            4598.794           4600.910 2.116 (+0.05 %)
  ASN16_Cs137_house      infer_eq_compt 1500-3000 кэВ    model                                  4838.371           4835.278 -3.093 (-0.06 %)
  ASN16_Cs137_house      infer_eq_compt rates component  Backscatter.count_rate                    1.984              1.938 -0.046 (-2.32 %)
  ASN16_Cs137_house      infer_eq_compt rates component  Backscatter.peak_counts             8118367.598        7929682.190 -188685.408 (-2.32 %)
  ASN16_Cs137_house      infer_eq_compt rates component  Backscatter.share_pct                     3.393              3.323 -0.069 (-2.04 %)
  ASN16_Cs137_house      infer_eq_compt rates component  Backscatter.z                           107.319            101.225 -6.094 (-5.68 %)
  ASN16_Cs137_house      infer_eq_compt rates component  Cs-137.count_rate                      6709.408           6677.254 -32.154 (-0.48 %)
  ASN16_Cs137_house      infer_eq_compt rates component  Cs-137.decision_threshold_ra              0.706              0.755 0.049 (+6.91 %)
  ASN16_Cs137_house      infer_eq_compt rates component  Cs-137.detection_limit_rate               1.415              1.513 0.098 (+6.91 %)
  ASN16_Cs137_house      infer_eq_compt rates component  Cs-137.peak_counts                100696136.079      100041261.019 -654875.060 (-0.65 %)
  ASN16_Cs137_house      infer_eq_compt rates component  Cs-137.share_pct                         94.967             95.117 0.151 (+0.16 %)
  ASN16_Cs137_house      infer_eq_compt rates component  Cs-137.z                               1925.480           1757.623 -167.857 (-8.72 %)
  ASN16_Cs137_house      infer_eq_compt rates component  Xray-Pb.count_rate                       18.208             15.906 -2.303 (-12.65 %)
  ASN16_Cs137_house      infer_eq_compt rates component  Xray-Pb.peak_counts                 1773983.245        1553063.627 -220919.619 (-12.45 %)
  … и ещё 48 строк

⛔ КАРТИНКА ИЗМЕНИЛАСЬ: AS80_Th232_disk / infer_eq — 188 расхождений (допуск rel 1e-09, abs 1e-06; эталон объявлен 2026-09-28 19:21)
  ⚠ вход изменился: матрица c2b5212c-6b5a-50d8-7870-0b0c3104daa2.rmx (tools/CORPUS/corpus/geometries/AS80_th_disk.rmx): 000d1a4d2abd6b5b → fefb8753d71fb706
  спектр                 режим          полоса           компонент                                  было              стало              Δ
  AS80_Th232_disk        infer_eq       0-30 кэВ         Ac-228                                 9460.506           9778.794 318.288 (+3.36 %)
  AS80_Th232_disk        infer_eq       0-30 кэВ         Bi-212                                 3892.348           3966.845 74.497 (+1.91 %)
  AS80_Th232_disk        infer_eq       0-30 кэВ         Pb-212                                 2207.843           2366.321 158.478 (+7.18 %)
  AS80_Th232_disk        infer_eq       0-30 кэВ         Ra-224                                  163.680            175.642 11.962 (+7.31 %)
  AS80_Th232_disk        infer_eq       0-30 кэВ         Rn-220                                    4.955              5.105 0.150 (+3.03 %)
  AS80_Th232_disk        infer_eq       0-30 кэВ         Th-228                                   29.596             30.616 1.020 (+3.45 %)
  AS80_Th232_disk        infer_eq       0-30 кэВ         Th-232                                    4.891              4.179 -0.712 (-14.56 %)
  AS80_Th232_disk        infer_eq       0-30 кэВ         Tl-208                                 2389.218           2604.197 214.979 (+9.00 %)
  AS80_Th232_disk        infer_eq       0-30 кэВ         Xray-Pb                                2375.292           2699.750 324.458 (+13.66 %)
  AS80_Th232_disk        infer_eq       0-30 кэВ         Xray-Th                                  81.468            113.467 31.999 (+39.28 %)
  AS80_Th232_disk        infer_eq       0-30 кэВ         Xray-Th-L                              1123.888               None              ≠
  AS80_Th232_disk        infer_eq       0-30 кэВ         continuum_raw                          4691.057           6425.848 1734.791 (+36.98 %)
  AS80_Th232_disk        infer_eq       0-30 кэВ         excess_fit                              579.796            611.757 31.961 (+5.51 %)
  AS80_Th232_disk        infer_eq       0-30 кэВ         excess_net                              578.316            610.277 31.961 (+5.53 %)
  AS80_Th232_disk        infer_eq       0-30 кэВ         missing_fit                            3831.271           3851.983 20.712 (+0.54 %)
  AS80_Th232_disk        infer_eq       0-30 кэВ         missing_net                            3831.271           3851.983 20.712 (+0.54 %)
  AS80_Th232_disk        infer_eq       0-30 кэВ         model                                 21733.815          21745.064 11.249 (+0.05 %)
  AS80_Th232_disk        infer_eq       0-30 кэВ         tail                                   6192.213           5571.796 -620.417 (-10.02 %)
  AS80_Th232_disk        infer_eq       30-100 кэВ       Ac-228                                68921.201          68627.862 -293.339 (-0.43 %)
  AS80_Th232_disk        infer_eq       30-100 кэВ       Bi-212                                15452.147          15455.851 3.704 (+0.02 %)
  AS80_Th232_disk        infer_eq       30-100 кэВ       Pb-212                                60756.652          60501.012 -255.640 (-0.42 %)
  AS80_Th232_disk        infer_eq       30-100 кэВ       Ra-224                                 3015.846           2996.002 -19.844 (-0.66 %)
  AS80_Th232_disk        infer_eq       30-100 кэВ       Rn-220                                   39.002             38.626 -0.376 (-0.96 %)
  AS80_Th232_disk        infer_eq       30-100 кэВ       Th-228                                 1561.442           1562.346 0.904 (+0.06 %)
  AS80_Th232_disk        infer_eq       30-100 кэВ       Th-232                                  137.723            136.800 -0.923 (-0.67 %)
  AS80_Th232_disk        infer_eq       30-100 кэВ       Tl-208                                34917.646          34825.146 -92.500 (-0.26 %)
  AS80_Th232_disk        infer_eq       30-100 кэВ       Xray-Pb                              161320.094         161656.422 336.328 (+0.21 %)
  AS80_Th232_disk        infer_eq       30-100 кэВ       Xray-Th                               15412.768          15683.300 270.532 (+1.76 %)
  AS80_Th232_disk        infer_eq       30-100 кэВ       Xray-Th-L                                 0.003               None              ≠
  AS80_Th232_disk        infer_eq       30-100 кэВ       continuum_raw                         86319.575          85913.982 -405.593 (-0.47 %)
  AS80_Th232_disk        infer_eq       30-100 кэВ       excess_fit                            12278.765          12104.672 -174.093 (-1.42 %)
  AS80_Th232_disk        infer_eq       30-100 кэВ       excess_net                            12278.765          12104.672 -174.093 (-1.42 %)
  AS80_Th232_disk        infer_eq       30-100 кэВ       missing_fit                           13464.698          13341.792 -122.906 (-0.91 %)
  AS80_Th232_disk        infer_eq       30-100 кэВ       missing_net                           13464.698          13341.792 -122.906 (-0.91 %)
  AS80_Th232_disk        infer_eq       30-100 кэВ       model                                361535.478         361484.291 -51.187 (-0.01 %)
  AS80_Th232_disk        infer_eq       30-100 кэВ       tail                                   9937.372          10214.032 276.660 (+2.78 %)
  AS80_Th232_disk        infer_eq       100-300 кэВ      Ac-228                               209718.435         209418.693 -299.742 (-0.14 %)
  AS80_Th232_disk        infer_eq       100-300 кэВ      Bi-212                                21094.624          21092.735 -1.889 (-0.01 %)
  AS80_Th232_disk        infer_eq       100-300 кэВ      Pb-212                               222827.695         222920.952 93.257 (+0.04 %)
  AS80_Th232_disk        infer_eq       100-300 кэВ      Ra-224                                19880.165          19886.178 6.013 (+0.03 %)
  AS80_Th232_disk        infer_eq       100-300 кэВ      Rn-220                                  246.373            244.976 -1.397 (-0.57 %)
  AS80_Th232_disk        infer_eq       100-300 кэВ      Th-228                                 1837.204           1830.964 -6.240 (-0.34 %)
  AS80_Th232_disk        infer_eq       100-300 кэВ      Th-232                                   54.445             54.261 -0.184 (-0.34 %)
  AS80_Th232_disk        infer_eq       100-300 кэВ      Tl-208                               128841.643         129099.613 257.970 (+0.20 %)
  AS80_Th232_disk        infer_eq       100-300 кэВ      Xray-Pb                                 177.317            177.180 -0.137 (-0.08 %)
  AS80_Th232_disk        infer_eq       100-300 кэВ      Xray-Th                                6207.414           6308.312 100.898 (+1.63 %)
  AS80_Th232_disk        infer_eq       100-300 кэВ      Xray-Th-L                                 0.000               None              ≠
  AS80_Th232_disk        infer_eq       100-300 кэВ      continuum_raw                        216651.778         216744.817 93.039 (+0.04 %)
  AS80_Th232_disk        infer_eq       100-300 кэВ      excess_fit                            16742.966          16950.901 207.935 (+1.24 %)
  AS80_Th232_disk        infer_eq       100-300 кэВ      excess_net                            16742.966          16950.901 207.935 (+1.24 %)
  AS80_Th232_disk        infer_eq       100-300 кэВ      missing_fit                           32529.147          32588.551 59.404 (+0.18 %)
  AS80_Th232_disk        infer_eq       100-300 кэВ      missing_net                           32529.147          32588.551 59.404 (+0.18 %)
  AS80_Th232_disk        infer_eq       100-300 кэВ      model                                610888.814         611037.345 148.531 (+0.02 %)
  AS80_Th232_disk        infer_eq       300-700 кэВ      Ac-228                               177676.329         177395.094 -281.235 (-0.16 %)
  AS80_Th232_disk        infer_eq       300-700 кэВ      Bi-212                                18393.277          18384.116 -9.161 (-0.05 %)
  AS80_Th232_disk        infer_eq       300-700 кэВ      Pb-212                                 5309.435           5303.390 -6.045 (-0.11 %)
  AS80_Th232_disk        infer_eq       300-700 кэВ      Rn-220                                  342.810            341.566 -1.244 (-0.36 %)
  AS80_Th232_disk        infer_eq       300-700 кэВ      Tl-208                               146189.696         146293.209 103.513 (+0.07 %)
  AS80_Th232_disk        infer_eq       300-700 кэВ      Xray-Th-L                                 0.000               None              ≠
  AS80_Th232_disk        infer_eq       300-700 кэВ      continuum_raw                         80109.184          80208.380 99.196 (+0.12 %)
  … и ещё 128 строк

⛔ КАРТИНКА ИЗМЕНИЛАСЬ: ASN16_Radon_filter2 / chain_eq — 139 расхождений (допуск rel 1e-09, abs 1e-06; эталон объявлен 2026-09-28 19:21)
  ⚠ вход изменился: матрица b8a158da-14a3-b2e3-2511-9b3315c75da2.rmx (tools/fsa_showcase/store/ASN16_rn_side.rmx): cbfdda4c4d335473 → 3a70de7faa65b0a7
  ⚠ вход изменился: спектр spectra/ASN16_Radon_filter2.xml: e1e06a7d0b2a5141 → 36198209a625afdb
  спектр                 режим          полоса           компонент                                  было              стало              Δ
  ASN16_Radon_filter2    chain_eq       0-30 кэВ         Ac-228                                 3968.287           3965.270 -3.017 (-0.08 %)
  ASN16_Radon_filter2    chain_eq       0-30 кэВ         Bi-212                                  516.431            518.957 2.526 (+0.49 %)
  ASN16_Radon_filter2    chain_eq       0-30 кэВ         Pb-212                                 4771.151           4767.574 -3.577 (-0.07 %)
  ASN16_Radon_filter2    chain_eq       0-30 кэВ         Ra-224                                  248.385            248.009 -0.376 (-0.15 %)
  ASN16_Radon_filter2    chain_eq       0-30 кэВ         Rn-220                                    3.077              3.063 -0.014 (-0.45 %)
  ASN16_Radon_filter2    chain_eq       0-30 кэВ         Th-228                                  109.580            109.536 -0.044 (-0.04 %)
  ASN16_Radon_filter2    chain_eq       0-30 кэВ         Th-232                                   20.482             20.273 -0.209 (-1.02 %)
  ASN16_Radon_filter2    chain_eq       0-30 кэВ         Tl-208                                 2084.897           2088.467 3.570 (+0.17 %)
  ASN16_Radon_filter2    chain_eq       0-30 кэВ         continuum_raw                         11554.640          11552.955 -1.685 (-0.01 %)
  ASN16_Radon_filter2    chain_eq       0-30 кэВ         excess_fit                             3528.083           3527.518 -0.565 (-0.02 %)
  ASN16_Radon_filter2    chain_eq       0-30 кэВ         excess_net                             3528.083           3527.518 -0.565 (-0.02 %)
  ASN16_Radon_filter2    chain_eq       0-30 кэВ         missing_fit                            6605.388           6605.965 0.577 (+0.01 %)
  ASN16_Radon_filter2    chain_eq       0-30 кэВ         missing_net                            6605.388           6605.965 0.577 (+0.01 %)
  ASN16_Radon_filter2    chain_eq       0-30 кэВ         model                                 11723.043          11721.901 -1.142 (-0.01 %)
  ASN16_Radon_filter2    chain_eq       30-100 кэВ       Ac-228                                 9508.282           9501.326 -6.956 (-0.07 %)
  ASN16_Radon_filter2    chain_eq       30-100 кэВ       Bi-212                                  913.632            915.980 2.348 (+0.26 %)
  ASN16_Radon_filter2    chain_eq       30-100 кэВ       Pb-212                                11104.045          11096.374 -7.671 (-0.07 %)
  ASN16_Radon_filter2    chain_eq       30-100 кэВ       Ra-224                                  623.658            623.031 -0.627 (-0.10 %)
  ASN16_Radon_filter2    chain_eq       30-100 кэВ       Rn-220                                    8.102              8.069 -0.033 (-0.41 %)
  ASN16_Radon_filter2    chain_eq       30-100 кэВ       Th-228                                  262.277            262.522 0.245 (+0.09 %)
  ASN16_Radon_filter2    chain_eq       30-100 кэВ       Th-232                                   29.089             28.904 -0.185 (-0.64 %)
  ASN16_Radon_filter2    chain_eq       30-100 кэВ       Tl-208                                 5177.468           5190.674 13.206 (+0.26 %)
  ASN16_Radon_filter2    chain_eq       30-100 кэВ       continuum_raw                         25766.490          25768.801 2.311 (+0.01 %)
  ASN16_Radon_filter2    chain_eq       30-100 кэВ       excess_fit                             5422.140           5424.361 2.221 (+0.04 %)
  ASN16_Radon_filter2    chain_eq       30-100 кэВ       excess_net                             5382.313           5384.534 2.221 (+0.04 %)
  ASN16_Radon_filter2    chain_eq       30-100 кэВ       missing_fit                            7169.402           7171.309 1.907 (+0.03 %)
  ASN16_Radon_filter2    chain_eq       30-100 кэВ       missing_net                            7169.402           7171.309 1.907 (+0.03 %)
  ASN16_Radon_filter2    chain_eq       30-100 кэВ       model                                 27626.688          27627.002 0.314 (+0.00 %)
  ASN16_Radon_filter2    chain_eq       100-300 кэВ      Ac-228                                 2851.399           2848.721 -2.678 (-0.09 %)
  ASN16_Radon_filter2    chain_eq       100-300 кэВ      Bi-212                                  251.402            251.709 0.307 (+0.12 %)
  ASN16_Radon_filter2    chain_eq       100-300 кэВ      Pb-212                                 2759.327           2755.284 -4.043 (-0.15 %)
  ASN16_Radon_filter2    chain_eq       100-300 кэВ      Ra-224                                  242.458            242.220 -0.238 (-0.10 %)
  ASN16_Radon_filter2    chain_eq       100-300 кэВ      Rn-220                                    2.880              2.865 -0.015 (-0.52 %)
  ASN16_Radon_filter2    chain_eq       100-300 кэВ      Th-228                                   33.146             33.087 -0.059 (-0.18 %)
  ASN16_Radon_filter2    chain_eq       100-300 кэВ      Tl-208                                 1636.320           1640.442 4.122 (+0.25 %)
  ASN16_Radon_filter2    chain_eq       100-300 кэВ      continuum_raw                          5565.474           5569.339 3.865 (+0.07 %)
  ASN16_Radon_filter2    chain_eq       100-300 кэВ      excess_fit                            14764.734          14762.887 -1.847 (-0.01 %)
  ASN16_Radon_filter2    chain_eq       100-300 кэВ      excess_net                             5229.602           5227.755 -1.847 (-0.04 %)
  ASN16_Radon_filter2    chain_eq       100-300 кэВ      missing_fit                            2559.232           2559.980 0.748 (+0.03 %)
  ASN16_Radon_filter2    chain_eq       100-300 кэВ      missing_net                            2559.232           2559.980 0.748 (+0.03 %)
  ASN16_Radon_filter2    chain_eq       100-300 кэВ      model                                  7778.529           7775.934 -2.595 (-0.03 %)
  ASN16_Radon_filter2    chain_eq       300-700 кэВ      Ac-228                                  803.996            802.358 -1.638 (-0.20 %)
  ASN16_Radon_filter2    chain_eq       300-700 кэВ      Bi-212                                   80.076             79.845 -0.231 (-0.29 %)
  ASN16_Radon_filter2    chain_eq       300-700 кэВ      Pb-212                                   31.155             31.109 -0.046 (-0.15 %)
  ASN16_Radon_filter2    chain_eq       300-700 кэВ      Rn-220                                    1.023              1.019 -0.004 (-0.39 %)
  ASN16_Radon_filter2    chain_eq       300-700 кэВ      Tl-208                                  600.089            601.890 1.801 (+0.30 %)
  ASN16_Radon_filter2    chain_eq       300-700 кэВ      continuum_raw                           498.022            498.408 0.386 (+0.08 %)
  ASN16_Radon_filter2    chain_eq       300-700 кэВ      excess_fit                             4586.132           4585.886 -0.246 (-0.01 %)
  ASN16_Radon_filter2    chain_eq       300-700 кэВ      excess_net                              831.320            831.074 -0.246 (-0.03 %)
  ASN16_Radon_filter2    chain_eq       300-700 кэВ      missing_fit                            1535.443           1535.313 -0.130 (-0.01 %)
  ASN16_Radon_filter2    chain_eq       300-700 кэВ      missing_net                            1535.443           1535.313 -0.130 (-0.01 %)
  ASN16_Radon_filter2    chain_eq       300-700 кэВ      model                                  1516.375           1516.259 -0.116 (-0.01 %)
  ASN16_Radon_filter2    chain_eq       700-1500 кэВ     Ac-228                                  259.671            258.862 -0.809 (-0.31 %)
  ASN16_Radon_filter2    chain_eq       700-1500 кэВ     Bi-212                                   43.927             43.966 0.039 (+0.09 %)
  ASN16_Radon_filter2    chain_eq       700-1500 кэВ     Tl-208                                  146.251            145.892 -0.359 (-0.25 %)
  ASN16_Radon_filter2    chain_eq       700-1500 кэВ     continuum_raw                            56.867             56.511 -0.356 (-0.63 %)
  ASN16_Radon_filter2    chain_eq       700-1500 кэВ     excess_fit                             2886.169           2885.334 -0.835 (-0.03 %)
  ASN16_Radon_filter2    chain_eq       700-1500 кэВ     excess_net                              269.855            269.020 -0.835 (-0.31 %)
  ASN16_Radon_filter2    chain_eq       700-1500 кэВ     missing_fit                            1689.288           1689.629 0.341 (+0.02 %)
  ASN16_Radon_filter2    chain_eq       700-1500 кэВ     missing_net                            1689.288           1689.629 0.341 (+0.02 %)
  … и ещё 79 строк

⛔ КАРТИНКА ИЗМЕНИЛАСЬ: ASN16_Radon_filter2 / chain_noeq — 132 расхождений (допуск rel 1e-09, abs 1e-06; эталон объявлен 2026-09-28 19:21)
  ⚠ вход изменился: матрица b8a158da-14a3-b2e3-2511-9b3315c75da2.rmx (tools/fsa_showcase/store/ASN16_rn_side.rmx): cbfdda4c4d335473 → 3a70de7faa65b0a7
  ⚠ вход изменился: спектр spectra/ASN16_Radon_filter2.xml: e1e06a7d0b2a5141 → 36198209a625afdb
  спектр                 режим          полоса           компонент                                  было              стало              Δ
  ASN16_Radon_filter2    chain_noeq     0-30 кэВ         Pb-212                                11124.087          11123.963 -0.124 (-0.00 %)
  ASN16_Radon_filter2    chain_noeq     0-30 кэВ         Ra-224                                  583.420            582.861 -0.559 (-0.10 %)
  ASN16_Radon_filter2    chain_noeq     0-30 кэВ         continuum_raw                         11515.029          11512.830 -2.199 (-0.02 %)
  ASN16_Radon_filter2    chain_noeq     0-30 кэВ         excess_fit                             3517.860           3517.031 -0.829 (-0.02 %)
  ASN16_Radon_filter2    chain_noeq     0-30 кэВ         excess_net                             3517.860           3517.031 -0.829 (-0.02 %)
  ASN16_Radon_filter2    chain_noeq     0-30 кэВ         missing_fit                            6610.707           6610.547 -0.160 (-0.00 %)
  ASN16_Radon_filter2    chain_noeq     0-30 кэВ         missing_net                            6610.707           6610.547 -0.160 (-0.00 %)
  ASN16_Radon_filter2    chain_noeq     0-30 кэВ         model                                 11707.501          11706.832 -0.669 (-0.01 %)
  ASN16_Radon_filter2    chain_noeq     30-100 кэВ       Pb-212                                26728.189          26730.043 1.854 (+0.01 %)
  ASN16_Radon_filter2    chain_noeq     30-100 кэВ       Ra-224                                 1438.337           1436.914 -1.423 (-0.10 %)
  ASN16_Radon_filter2    chain_noeq     30-100 кэВ       continuum_raw                         23560.776          23547.406 -13.370 (-0.06 %)
  ASN16_Radon_filter2    chain_noeq     30-100 кэВ       excess_fit                             4901.325           4901.525 0.200 (+0.00 %)
  ASN16_Radon_filter2    chain_noeq     30-100 кэВ       excess_net                             4861.498           4861.698 0.200 (+0.00 %)
  ASN16_Radon_filter2    chain_noeq     30-100 кэВ       missing_fit                            6108.753           6108.526 -0.227 (-0.00 %)
  ASN16_Radon_filter2    chain_noeq     30-100 кэВ       missing_net                            6108.753           6108.526 -0.227 (-0.00 %)
  ASN16_Radon_filter2    chain_noeq     30-100 кэВ       model                                 28166.522          28166.949 0.427 (+0.00 %)
  ASN16_Radon_filter2    chain_noeq     100-300 кэВ      Pb-212                                 8188.972           8190.530 1.558 (+0.02 %)
  ASN16_Radon_filter2    chain_noeq     100-300 кэВ      Ra-224                                  723.406            723.926 0.520 (+0.07 %)
  ASN16_Radon_filter2    chain_noeq     100-300 кэВ      continuum_raw                          3958.544           3956.154 -2.390 (-0.06 %)
  ASN16_Radon_filter2    chain_noeq     100-300 кэВ      excess_fit                            14513.086          14512.940 -0.146 (-0.00 %)
  ASN16_Radon_filter2    chain_noeq     100-300 кэВ      excess_net                             4977.954           4977.808 -0.146 (-0.00 %)
  ASN16_Radon_filter2    chain_noeq     100-300 кэВ      missing_fit                            1173.719           1171.511 -2.208 (-0.19 %)
  ASN16_Radon_filter2    chain_noeq     100-300 кэВ      missing_net                            1173.719           1171.511 -2.208 (-0.19 %)
  ASN16_Radon_filter2    chain_noeq     100-300 кэВ      model                                  8912.394           8914.456 2.062 (+0.02 %)
  ASN16_Radon_filter2    chain_noeq     300-700 кэВ      Pb-212                                  407.950            408.290 0.340 (+0.08 %)
  ASN16_Radon_filter2    chain_noeq     300-700 кэВ      excess_fit                             4217.603           4217.864 0.261 (+0.01 %)
  ASN16_Radon_filter2    chain_noeq     300-700 кэВ      excess_net                              462.791            463.052 0.261 (+0.06 %)
  ASN16_Radon_filter2    chain_noeq     300-700 кэВ      missing_fit                            1682.870           1682.791 -0.079 (-0.00 %)
  ASN16_Radon_filter2    chain_noeq     300-700 кэВ      missing_net                            1682.870           1682.791 -0.079 (-0.00 %)
  ASN16_Radon_filter2    chain_noeq     300-700 кэВ      model                                  1000.419           1000.759 0.340 (+0.03 %)
  ASN16_Radon_filter2    chain_noeq     rates component  Pb-212.count_rate                        15.179             15.213 0.034 (+0.22 %)
  ASN16_Radon_filter2    chain_noeq     rates component  Pb-212.decision_threshold_ra              0.958              0.959 0.001 (+0.14 %)
  ASN16_Radon_filter2    chain_noeq     rates component  Pb-212.detection_limit_rate               1.927              1.929 0.003 (+0.14 %)
  ASN16_Radon_filter2    chain_noeq     rates component  Pb-212.peak_counts                     9052.918           9068.067 15.149 (+0.17 %)
  ASN16_Radon_filter2    chain_noeq     rates component  Pb-212.share_pct                         91.210             91.213 0.003 (+0.00 %)
  ASN16_Radon_filter2    chain_noeq     rates component  Pb-212.z                                 23.793             23.809 0.016 (+0.07 %)
  ASN16_Radon_filter2    chain_noeq     rates component  Ra-224.count_rate                        15.179             15.213 0.034 (+0.22 %)
  ASN16_Radon_filter2    chain_noeq     rates component  Ra-224.decision_threshold_ra              0.958              0.959 0.001 (+0.14 %)
  ASN16_Radon_filter2    chain_noeq     rates component  Ra-224.detection_limit_rate               1.927              1.929 0.003 (+0.14 %)
  ASN16_Radon_filter2    chain_noeq     rates component  Ra-224.peak_counts                      430.719            431.074 0.355 (+0.08 %)
  ASN16_Radon_filter2    chain_noeq     rates component  Ra-224.share_pct                          5.391              5.387 -0.003 (-0.06 %)
  ASN16_Radon_filter2    chain_noeq     rates component  Ra-224.z                                 23.793             23.809 0.016 (+0.07 %)
  ASN16_Radon_filter2    chain_noeq     rates grey       above_lines.share_pct                     3.399              3.399 -0.000144388 (-0.00 %)
  ASN16_Radon_filter2    chain_noeq     rates grey       residual_excess.count_rate                0.888              0.888 -2.79404e-05 (-0.00 %)
  ASN16_Radon_filter2    chain_noeq     rates grey       residual_missing.count_rate               0.518              0.518 -7.28988e-05 (-0.01 %)
  ASN16_Radon_filter2    chain_noeq     rates limit      Ac-228.collinearity                       0.110              0.109 -0.000488602 (-0.44 %)
  ASN16_Radon_filter2    chain_noeq     rates limit      Ac-228.decision_threshold_ra              1.623              1.623 0.000137745 (+0.01 %)
  ASN16_Radon_filter2    chain_noeq     rates limit      Ac-228.detection_limit_rate               3.269              3.269 0.000222194 (+0.01 %)
  ASN16_Radon_filter2    chain_noeq     rates limit      Ac-228.limit_peak_counts               1592.289           1592.255 -0.034 (-0.00 %)
  ASN16_Radon_filter2    chain_noeq     rates limit      Bi-212.collinearity                       0.067              0.067 2.12882e-05 (+0.03 %)
  ASN16_Radon_filter2    chain_noeq     rates limit      Bi-212.decision_threshold_ra              9.555              9.524 -0.032 (-0.33 %)
  ASN16_Radon_filter2    chain_noeq     rates limit      Bi-212.detection_limit_rate              19.479             19.416 -0.063 (-0.33 %)
  ASN16_Radon_filter2    chain_noeq     rates limit      Bi-212.limit_peak_counts                704.336            703.106 -1.229 (-0.17 %)
  ASN16_Radon_filter2    chain_noeq     rates limit      Bi-214.collinearity                       0.327              0.327 -1.87769e-05 (-0.01 %)
  ASN16_Radon_filter2    chain_noeq     rates limit      Bi-214.decision_threshold_ra              1.539              1.537 -0.002 (-0.12 %)
  ASN16_Radon_filter2    chain_noeq     rates limit      Bi-214.detection_limit_rate               3.110              3.106 -0.004 (-0.12 %)
  ASN16_Radon_filter2    chain_noeq     rates limit      Bi-214.limit_peak_counts                671.467            671.550 0.083 (+0.01 %)
  ASN16_Radon_filter2    chain_noeq     rates limit      Pb-210.collinearity                       0.629              0.630 0.001 (+0.17 %)
  ASN16_Radon_filter2    chain_noeq     rates limit      Pb-210.decision_threshold_ra             14.519             14.576 0.058 (+0.40 %)
  ASN16_Radon_filter2    chain_noeq     rates limit      Pb-210.detection_limit_rate              29.255             29.371 0.116 (+0.40 %)
  … и ещё 72 строк

⛔ КАРТИНКА ИЗМЕНИЛАСЬ: G1S24_Rn222Coal_eq01 / sample_eq — 167 расхождений (допуск rel 1e-09, abs 1e-06; эталон объявлен 2026-09-28 19:21)
  ⚠ вход изменился: матрица 966a4a49-d62e-0ee4-4a4d-e62692fe159d.rmx (tools/CORPUS/corpus/geometries/G1S_mar1l_coal_046_p24.rmx): 2503ca2eddd8de1e → a9e5395532095ee0
  ⚠ вход изменился: спектр ../CORPUS/corpus/spectra/G1S24_Rn222Coal_Mar_eq01.xml: e5de5a022cebbc11 → 4c041add1bc54ec7
  спектр                 режим          полоса           компонент                                  было              стало              Δ
  G1S24_Rn222Coal_eq01   sample_eq      0-30 кэВ         Bi-212                                   94.928             88.144 -6.784 (-7.15 %)
  G1S24_Rn222Coal_eq01   sample_eq      0-30 кэВ         Bi-214                                 1192.599           1184.290 -8.309 (-0.70 %)
  G1S24_Rn222Coal_eq01   sample_eq      0-30 кэВ         Pb-212                                  134.356            123.133 -11.223 (-8.35 %)
  G1S24_Rn222Coal_eq01   sample_eq      0-30 кэВ         Pb-214                                 1274.588           1319.558 44.970 (+3.53 %)
  G1S24_Rn222Coal_eq01   sample_eq      0-30 кэВ         Ra-224                                    7.326              6.726 -0.600 (-8.19 %)
  G1S24_Rn222Coal_eq01   sample_eq      0-30 кэВ         Rn-222                                    0.935              0.930 -0.005 (-0.53 %)
  G1S24_Rn222Coal_eq01   sample_eq      0-30 кэВ         Th-228                                    2.740              2.520 -0.220 (-8.03 %)
  G1S24_Rn222Coal_eq01   sample_eq      0-30 кэВ         Tl-208                                   84.650             77.694 -6.956 (-8.22 %)
  G1S24_Rn222Coal_eq01   sample_eq      0-30 кэВ         continuum_raw                          2679.667           2695.336 15.669 (+0.58 %)
  G1S24_Rn222Coal_eq01   sample_eq      0-30 кэВ         excess_fit                               51.427             55.322 3.895 (+7.57 %)
  G1S24_Rn222Coal_eq01   sample_eq      0-30 кэВ         excess_net                               46.941             50.836 3.895 (+8.30 %)
  G1S24_Rn222Coal_eq01   sample_eq      0-30 кэВ         missing_fit                             227.043            220.077 -6.966 (-3.07 %)
  G1S24_Rn222Coal_eq01   sample_eq      0-30 кэВ         missing_net                             227.043            220.077 -6.966 (-3.07 %)
  G1S24_Rn222Coal_eq01   sample_eq      0-30 кэВ         model                                  2792.359           2803.220 10.861 (+0.39 %)
  G1S24_Rn222Coal_eq01   sample_eq      0-30 кэВ         tail                                     13.236             13.011 -0.225 (-1.70 %)
  G1S24_Rn222Coal_eq01   sample_eq      30-100 кэВ       Bi-212                                  390.581            356.743 -33.838 (-8.66 %)
  G1S24_Rn222Coal_eq01   sample_eq      30-100 кэВ       Bi-214                                 9264.308           8792.719 -471.589 (-5.09 %)
  G1S24_Rn222Coal_eq01   sample_eq      30-100 кэВ       Pb-212                                 3427.309           3093.208 -334.101 (-9.75 %)
  G1S24_Rn222Coal_eq01   sample_eq      30-100 кэВ       Pb-214                                23689.239          25780.035 2090.796 (+8.83 %)
  G1S24_Rn222Coal_eq01   sample_eq      30-100 кэВ       Ra-224                                   82.626             73.541 -9.085 (-11.00 %)
  G1S24_Rn222Coal_eq01   sample_eq      30-100 кэВ       Rn-222                                    8.256              7.905 -0.351 (-4.25 %)
  G1S24_Rn222Coal_eq01   sample_eq      30-100 кэВ       Th-228                                  101.814             92.819 -8.995 (-8.83 %)
  G1S24_Rn222Coal_eq01   sample_eq      30-100 кэВ       Tl-208                                  777.861            690.178 -87.683 (-11.27 %)
  G1S24_Rn222Coal_eq01   sample_eq      30-100 кэВ       continuum_raw                         13376.111          12543.686 -832.425 (-6.22 %)
  G1S24_Rn222Coal_eq01   sample_eq      30-100 кэВ       excess_fit                             2449.490           3241.041 791.551 (+32.31 %)
  G1S24_Rn222Coal_eq01   sample_eq      30-100 кэВ       excess_net                             2449.490           3241.041 791.551 (+32.31 %)
  G1S24_Rn222Coal_eq01   sample_eq      30-100 кэВ       missing_fit                            4324.473           3971.010 -353.463 (-8.17 %)
  G1S24_Rn222Coal_eq01   sample_eq      30-100 кэВ       missing_net                            4324.473           3971.010 -353.463 (-8.17 %)
  G1S24_Rn222Coal_eq01   sample_eq      30-100 кэВ       model                                 37743.321          38888.335 1145.014 (+3.03 %)
  G1S24_Rn222Coal_eq01   sample_eq      30-100 кэВ       tail                                      2.292              2.325 0.033 (+1.44 %)
  G1S24_Rn222Coal_eq01   sample_eq      100-300 кэВ      Bi-212                                  310.973            290.428 -20.545 (-6.61 %)
  G1S24_Rn222Coal_eq01   sample_eq      100-300 кэВ      Bi-214                                26753.615          27107.261 353.646 (+1.32 %)
  G1S24_Rn222Coal_eq01   sample_eq      100-300 кэВ      Pb-212                                 3968.233           3661.764 -306.469 (-7.72 %)
  G1S24_Rn222Coal_eq01   sample_eq      100-300 кэВ      Pb-214                                31589.320          31649.378 60.058 (+0.19 %)
  G1S24_Rn222Coal_eq01   sample_eq      100-300 кэВ      Ra-224                                  351.430            324.097 -27.333 (-7.78 %)
  G1S24_Rn222Coal_eq01   sample_eq      100-300 кэВ      Rn-222                                   24.263             24.522 0.259 (+1.07 %)
  G1S24_Rn222Coal_eq01   sample_eq      100-300 кэВ      Th-228                                   40.952             37.595 -3.357 (-8.20 %)
  G1S24_Rn222Coal_eq01   sample_eq      100-300 кэВ      Tl-208                                 1940.014           1810.546 -129.468 (-6.67 %)
  G1S24_Rn222Coal_eq01   sample_eq      100-300 кэВ      continuum_raw                         27326.639          27957.236 630.597 (+2.31 %)
  G1S24_Rn222Coal_eq01   sample_eq      100-300 кэВ      excess_fit                             1317.948           1347.222 29.274 (+2.22 %)
  G1S24_Rn222Coal_eq01   sample_eq      100-300 кэВ      excess_net                             1317.948           1347.222 29.274 (+2.22 %)
  G1S24_Rn222Coal_eq01   sample_eq      100-300 кэВ      missing_fit                            1579.272           1682.008 102.736 (+6.51 %)
  G1S24_Rn222Coal_eq01   sample_eq      100-300 кэВ      missing_net                            1579.272           1682.008 102.736 (+6.51 %)
  G1S24_Rn222Coal_eq01   sample_eq      100-300 кэВ      model                                 64985.133          64911.671 -73.462 (-0.11 %)
  G1S24_Rn222Coal_eq01   sample_eq      300-700 кэВ      Bi-212                                  285.246            265.478 -19.768 (-6.93 %)
  G1S24_Rn222Coal_eq01   sample_eq      300-700 кэВ      Bi-214                                32724.149          32924.876 200.727 (+0.61 %)
  G1S24_Rn222Coal_eq01   sample_eq      300-700 кэВ      Pb-212                                   81.124             74.605 -6.519 (-8.04 %)
  G1S24_Rn222Coal_eq01   sample_eq      300-700 кэВ      Pb-214                                18572.324          18473.938 -98.386 (-0.53 %)
  G1S24_Rn222Coal_eq01   sample_eq      300-700 кэВ      Rn-222                                   29.972             29.900 -0.072 (-0.24 %)
  G1S24_Rn222Coal_eq01   sample_eq      300-700 кэВ      Tl-208                                 2184.086           2028.857 -155.229 (-7.11 %)
  G1S24_Rn222Coal_eq01   sample_eq      300-700 кэВ      continuum_raw                         12606.826          13025.290 418.464 (+3.32 %)
  G1S24_Rn222Coal_eq01   sample_eq      300-700 кэВ      excess_fit                             1624.999           1593.251 -31.748 (-1.95 %)
  G1S24_Rn222Coal_eq01   sample_eq      300-700 кэВ      excess_net                             1624.999           1593.251 -31.748 (-1.95 %)
  G1S24_Rn222Coal_eq01   sample_eq      300-700 кэВ      missing_fit                            1874.931           1922.782 47.851 (+2.55 %)
  G1S24_Rn222Coal_eq01   sample_eq      300-700 кэВ      missing_net                            1874.931           1922.782 47.851 (+2.55 %)
  G1S24_Rn222Coal_eq01   sample_eq      300-700 кэВ      model                                 53884.245          53804.646 -79.599 (-0.15 %)
  G1S24_Rn222Coal_eq01   sample_eq      700-1500 кэВ     Bi-212                                  224.848            206.954 -17.894 (-7.96 %)
  G1S24_Rn222Coal_eq01   sample_eq      700-1500 кэВ     Bi-214                                20108.278          20174.306 66.028 (+0.33 %)
  G1S24_Rn222Coal_eq01   sample_eq      700-1500 кэВ     Pb-214                                  331.760            329.261 -2.499 (-0.75 %)
  G1S24_Rn222Coal_eq01   sample_eq      700-1500 кэВ     Tl-208                                  947.314            886.415 -60.899 (-6.43 %)
  … и ещё 107 строк

⛔ КАРТИНКА ИЗМЕНИЛАСЬ: G1S24_Rn222Coal_eq01 / sample_noeq — 173 расхождений (допуск rel 1e-09, abs 1e-06; эталон объявлен 2026-09-28 19:21)
  ⚠ вход изменился: матрица 966a4a49-d62e-0ee4-4a4d-e62692fe159d.rmx (tools/CORPUS/corpus/geometries/G1S_mar1l_coal_046_p24.rmx): 2503ca2eddd8de1e → a9e5395532095ee0
  ⚠ вход изменился: спектр ../CORPUS/corpus/spectra/G1S24_Rn222Coal_Mar_eq01.xml: e5de5a022cebbc11 → 4c041add1bc54ec7
  спектр                 режим          полоса           компонент                                  было              стало              Δ
  G1S24_Rn222Coal_eq01   sample_noeq    0-30 кэВ         Bi-214                                 1300.176           1296.101 -4.075 (-0.31 %)
  G1S24_Rn222Coal_eq01   sample_noeq    0-30 кэВ         Pb-212                                  181.059            161.122 -19.937 (-11.01 %)
  G1S24_Rn222Coal_eq01   sample_noeq    0-30 кэВ         Pb-214                                 1363.129           1401.348 38.219 (+2.80 %)
  G1S24_Rn222Coal_eq01   sample_noeq    0-30 кэВ         Ra-224                                   10.043              8.948 -1.095 (-10.90 %)
  G1S24_Rn222Coal_eq01   sample_noeq    0-30 кэВ         Tl-208                                   67.391             65.435 -1.956 (-2.90 %)
  G1S24_Rn222Coal_eq01   sample_noeq    0-30 кэВ         continuum_raw                          2892.572           2903.825 11.253 (+0.39 %)
  G1S24_Rn222Coal_eq01   sample_noeq    0-30 кэВ         excess_fit                               93.328             97.563 4.235 (+4.54 %)
  G1S24_Rn222Coal_eq01   sample_noeq    0-30 кэВ         excess_net                               88.842             93.077 4.235 (+4.77 %)
  G1S24_Rn222Coal_eq01   sample_noeq    0-30 кэВ         missing_fit                             139.507            132.582 -6.925 (-4.96 %)
  G1S24_Rn222Coal_eq01   sample_noeq    0-30 кэВ         missing_net                             139.507            132.582 -6.925 (-4.96 %)
  G1S24_Rn222Coal_eq01   sample_noeq    0-30 кэВ         model                                  2921.796           2932.956 11.160 (+0.38 %)
  G1S24_Rn222Coal_eq01   sample_noeq    0-30 кэВ         tail                                      0.358              0.000 -0.358 (-100.00 %)
  G1S24_Rn222Coal_eq01   sample_noeq    30-100 кэВ       Bi-214                                 9850.407           9408.001 -442.406 (-4.49 %)
  G1S24_Rn222Coal_eq01   sample_noeq    30-100 кэВ       Pb-212                                 4252.704           3729.789 -522.915 (-12.30 %)
  G1S24_Rn222Coal_eq01   sample_noeq    30-100 кэВ       Pb-214                                23407.908          25346.091 1938.183 (+8.28 %)
  G1S24_Rn222Coal_eq01   sample_noeq    30-100 кэВ       Ra-224                                  108.537             93.849 -14.688 (-13.53 %)
  G1S24_Rn222Coal_eq01   sample_noeq    30-100 кэВ       Tl-208                                  577.562            541.881 -35.681 (-6.18 %)
  G1S24_Rn222Coal_eq01   sample_noeq    30-100 кэВ       continuum_raw                         14384.107          13530.721 -853.386 (-5.93 %)
  G1S24_Rn222Coal_eq01   sample_noeq    30-100 кэВ       excess_fit                             1582.066           2204.246 622.180 (+39.33 %)
  G1S24_Rn222Coal_eq01   sample_noeq    30-100 кэВ       excess_net                             1582.066           2204.246 622.180 (+39.33 %)
  G1S24_Rn222Coal_eq01   sample_noeq    30-100 кэВ       missing_fit                            3003.254           2702.938 -300.316 (-10.00 %)
  G1S24_Rn222Coal_eq01   sample_noeq    30-100 кэВ       missing_net                            3003.254           2702.938 -300.316 (-10.00 %)
  G1S24_Rn222Coal_eq01   sample_noeq    30-100 кэВ       model                                 38197.116          39119.612 922.496 (+2.42 %)
  G1S24_Rn222Coal_eq01   sample_noeq    30-100 кэВ       tail                                      0.047              0.000 -0.047 (-100.00 %)
  G1S24_Rn222Coal_eq01   sample_noeq    100-300 кэВ      Bi-214                                26720.858          27290.998 570.140 (+2.13 %)
  G1S24_Rn222Coal_eq01   sample_noeq    100-300 кэВ      Pb-212                                 4982.877           4469.187 -513.690 (-10.31 %)
  G1S24_Rn222Coal_eq01   sample_noeq    100-300 кэВ      Pb-214                                31623.402          31506.889 -116.513 (-0.37 %)
  G1S24_Rn222Coal_eq01   sample_noeq    100-300 кэВ      Ra-224                                  441.159            395.456 -45.703 (-10.36 %)
  G1S24_Rn222Coal_eq01   sample_noeq    100-300 кэВ      Tl-208                                 1419.728           1407.613 -12.115 (-0.85 %)
  G1S24_Rn222Coal_eq01   sample_noeq    100-300 кэВ      continuum_raw                         26785.307          27609.650 824.343 (+3.08 %)
  G1S24_Rn222Coal_eq01   sample_noeq    100-300 кэВ      excess_fit                             1172.931           1184.099 11.168 (+0.95 %)
  G1S24_Rn222Coal_eq01   sample_noeq    100-300 кэВ      excess_net                             1172.931           1184.099 11.168 (+0.95 %)
  G1S24_Rn222Coal_eq01   sample_noeq    100-300 кэВ      missing_fit                            1231.359           1360.410 129.051 (+10.48 %)
  G1S24_Rn222Coal_eq01   sample_noeq    100-300 кэВ      missing_net                            1231.359           1360.410 129.051 (+10.48 %)
  G1S24_Rn222Coal_eq01   sample_noeq    100-300 кэВ      model                                 65188.029          65070.146 -117.883 (-0.18 %)
  G1S24_Rn222Coal_eq01   sample_noeq    300-700 кэВ      Bi-214                                33718.896          33877.913 159.017 (+0.47 %)
  G1S24_Rn222Coal_eq01   sample_noeq    300-700 кэВ      Pb-212                                   97.236             87.203 -10.033 (-10.32 %)
  G1S24_Rn222Coal_eq01   sample_noeq    300-700 кэВ      Pb-214                                18419.208          18217.125 -202.083 (-1.10 %)
  G1S24_Rn222Coal_eq01   sample_noeq    300-700 кэВ      Tl-208                                 1646.196           1610.556 -35.640 (-2.16 %)
  G1S24_Rn222Coal_eq01   sample_noeq    300-700 кэВ      continuum_raw                         13260.731          13559.817 299.086 (+2.26 %)
  G1S24_Rn222Coal_eq01   sample_noeq    300-700 кэВ      excess_fit                             1743.642           1710.895 -32.747 (-1.88 %)
  G1S24_Rn222Coal_eq01   sample_noeq    300-700 кэВ      excess_net                             1743.642           1710.895 -32.747 (-1.88 %)
  G1S24_Rn222Coal_eq01   sample_noeq    300-700 кэВ      missing_fit                            1996.282           2052.273 55.991 (+2.80 %)
  G1S24_Rn222Coal_eq01   sample_noeq    300-700 кэВ      missing_net                            1996.282           2052.273 55.991 (+2.80 %)
  G1S24_Rn222Coal_eq01   sample_noeq    300-700 кэВ      model                                 53881.537          53792.799 -88.738 (-0.16 %)
  G1S24_Rn222Coal_eq01   sample_noeq    700-1500 кэВ     Bi-214                                20560.686          20573.043 12.357 (+0.06 %)
  G1S24_Rn222Coal_eq01   sample_noeq    700-1500 кэВ     Pb-214                                  334.500            329.116 -5.384 (-1.61 %)
  G1S24_Rn222Coal_eq01   sample_noeq    700-1500 кэВ     Tl-208                                  718.129            701.588 -16.541 (-2.30 %)
  G1S24_Rn222Coal_eq01   sample_noeq    700-1500 кэВ     continuum_raw                          7189.851           7227.977 38.126 (+0.53 %)
  G1S24_Rn222Coal_eq01   sample_noeq    700-1500 кэВ     excess_fit                             1334.795           1328.678 -6.117 (-0.46 %)
  G1S24_Rn222Coal_eq01   sample_noeq    700-1500 кэВ     excess_net                             1334.795           1328.678 -6.117 (-0.46 %)
  G1S24_Rn222Coal_eq01   sample_noeq    700-1500 кэВ     missing_fit                            1533.318           1536.760 3.442 (+0.22 %)
  G1S24_Rn222Coal_eq01   sample_noeq    700-1500 кэВ     missing_net                            1533.318           1536.760 3.442 (+0.22 %)
  G1S24_Rn222Coal_eq01   sample_noeq    700-1500 кэВ     model                                 21613.303          21603.744 -9.559 (-0.04 %)
  G1S24_Rn222Coal_eq01   sample_noeq    1500-3000 кэВ    Bi-214                                 5068.915           5078.769 9.854 (+0.19 %)
  G1S24_Rn222Coal_eq01   sample_noeq    1500-3000 кэВ    Tl-208                                 1071.128           1059.841 -11.287 (-1.05 %)
  G1S24_Rn222Coal_eq01   sample_noeq    1500-3000 кэВ    continuum_raw                          1623.778           1640.167 16.389 (+1.01 %)
  G1S24_Rn222Coal_eq01   sample_noeq    1500-3000 кэВ    excess_fit                              957.481            956.280 -1.201 (-0.13 %)
  G1S24_Rn222Coal_eq01   sample_noeq    1500-3000 кэВ    excess_net                              857.409            856.208 -1.201 (-0.14 %)
  G1S24_Rn222Coal_eq01   sample_noeq    1500-3000 кэВ    missing_fit                             899.669            899.865 0.196 (+0.02 %)
  … и ещё 113 строк

⛔ КАРТИНКА ИЗМЕНИЛАСЬ: ASN16_Cs137_10cm / sample_nomatrix — 73 расхождений (допуск rel 1e-09, abs 1e-06; эталон объявлен 2026-09-28 19:21)
  ⚠ вход изменился: спектр ../CORPUS/corpus/spectra/ASN16_Cs137_10cm.xml: a4378820856b2e49 → 820ec972c74dda8f
  спектр                 режим          полоса           компонент                                  было              стало              Δ
  ASN16_Cs137_10cm       sample_nomatri 0-30 кэВ         Backscatter                             816.055            815.630 -0.425 (-0.05 %)
  ASN16_Cs137_10cm       sample_nomatri 0-30 кэВ         Cs-137                                 1232.355           1232.471 0.116 (+0.01 %)
  ASN16_Cs137_10cm       sample_nomatri 0-30 кэВ         continuum_raw                          1235.346           1236.282 0.936 (+0.08 %)
  ASN16_Cs137_10cm       sample_nomatri 0-30 кэВ         excess_fit                              304.124            303.649 -0.475 (-0.16 %)
  ASN16_Cs137_10cm       sample_nomatri 0-30 кэВ         excess_net                              284.770            284.295 -0.475 (-0.17 %)
  ASN16_Cs137_10cm       sample_nomatri 0-30 кэВ         missing_fit                             470.497            470.327 -0.170 (-0.04 %)
  ASN16_Cs137_10cm       sample_nomatri 0-30 кэВ         missing_net                             470.497            470.327 -0.170 (-0.04 %)
  ASN16_Cs137_10cm       sample_nomatri 0-30 кэВ         model                                  2048.408           2048.103 -0.305 (-0.01 %)
  ASN16_Cs137_10cm       sample_nomatri 30-100 кэВ       Backscatter                            1498.938           1497.975 -0.963 (-0.06 %)
  ASN16_Cs137_10cm       sample_nomatri 30-100 кэВ       Cs-137                                 4073.423           4075.091 1.668 (+0.04 %)
  ASN16_Cs137_10cm       sample_nomatri 30-100 кэВ       continuum_raw                          3889.212           3890.260 1.048 (+0.03 %)
  ASN16_Cs137_10cm       sample_nomatri 30-100 кэВ       excess_fit                              774.776            775.063 0.287 (+0.04 %)
  ASN16_Cs137_10cm       sample_nomatri 30-100 кэВ       excess_net                              754.932            755.219 0.287 (+0.04 %)
  ASN16_Cs137_10cm       sample_nomatri 30-100 кэВ       missing_fit                             903.763            903.339 -0.424 (-0.05 %)
  ASN16_Cs137_10cm       sample_nomatri 30-100 кэВ       missing_net                             903.763            903.339 -0.424 (-0.05 %)
  ASN16_Cs137_10cm       sample_nomatri 30-100 кэВ       model                                  5572.355           5573.066 0.711 (+0.01 %)
  ASN16_Cs137_10cm       sample_nomatri 100-300 кэВ      Backscatter                            5799.787           5794.917 -4.870 (-0.08 %)
  ASN16_Cs137_10cm       sample_nomatri 100-300 кэВ      Cs-137                                12165.668          12170.771 5.103 (+0.04 %)
  ASN16_Cs137_10cm       sample_nomatri 100-300 кэВ      continuum_raw                         15036.931          15040.683 3.752 (+0.02 %)
  ASN16_Cs137_10cm       sample_nomatri 100-300 кэВ      excess_fit                             2235.546           2235.596 0.050 (+0.00 %)
  ASN16_Cs137_10cm       sample_nomatri 100-300 кэВ      excess_net                             2235.546           2235.596 0.050 (+0.00 %)
  ASN16_Cs137_10cm       sample_nomatri 100-300 кэВ      missing_fit                            2344.565           2344.402 -0.163 (-0.01 %)
  ASN16_Cs137_10cm       sample_nomatri 100-300 кэВ      missing_net                            2344.565           2344.402 -0.163 (-0.01 %)
  ASN16_Cs137_10cm       sample_nomatri 100-300 кэВ      model                                 17965.458          17965.671 0.213 (+0.00 %)
  ASN16_Cs137_10cm       sample_nomatri 300-700 кэВ      Cs-137                                15014.602          15013.690 -0.912 (-0.01 %)
  ASN16_Cs137_10cm       sample_nomatri 300-700 кэВ      continuum_raw                          7733.504           7734.553 1.049 (+0.01 %)
  ASN16_Cs137_10cm       sample_nomatri 300-700 кэВ      excess_fit                             2205.461           2206.214 0.753 (+0.03 %)
  ASN16_Cs137_10cm       sample_nomatri 300-700 кэВ      excess_net                             2083.919           2084.672 0.753 (+0.04 %)
  ASN16_Cs137_10cm       sample_nomatri 300-700 кэВ      missing_fit                            1947.978           1949.643 1.665 (+0.09 %)
  ASN16_Cs137_10cm       sample_nomatri 300-700 кэВ      missing_net                            1947.978           1949.643 1.665 (+0.09 %)
  ASN16_Cs137_10cm       sample_nomatri 300-700 кэВ      model                                 15014.602          15013.690 -0.912 (-0.01 %)
  ASN16_Cs137_10cm       sample_nomatri 700-1500 кэВ     Cs-137                                   97.882             97.862 -0.020 (-0.02 %)
  ASN16_Cs137_10cm       sample_nomatri 700-1500 кэВ     continuum                                 9.437              9.361 -0.076 (-0.81 %)
  ASN16_Cs137_10cm       sample_nomatri 700-1500 кэВ     continuum_raw                            24.759             25.123 0.364 (+1.47 %)
  ASN16_Cs137_10cm       sample_nomatri 700-1500 кэВ     excess_fit                             1035.441           1035.422 -0.019 (-0.00 %)
  ASN16_Cs137_10cm       sample_nomatri 700-1500 кэВ     excess_net                               38.746             38.727 -0.019 (-0.05 %)
  ASN16_Cs137_10cm       sample_nomatri 700-1500 кэВ     missing_fit                             863.462            863.539 0.077 (+0.01 %)
  ASN16_Cs137_10cm       sample_nomatri 700-1500 кэВ     missing_net                             863.462            863.539 0.077 (+0.01 %)
  ASN16_Cs137_10cm       sample_nomatri 700-1500 кэВ     model                                   107.319            107.223 -0.096 (-0.09 %)
  ASN16_Cs137_10cm       sample_nomatri 1500-3000 кэВ    continuum                                 5.954              5.997 0.043 (+0.72 %)
  ASN16_Cs137_10cm       sample_nomatri 1500-3000 кэВ    continuum_raw                             5.954              5.997 0.043 (+0.72 %)
  ASN16_Cs137_10cm       sample_nomatri 1500-3000 кэВ    excess_fit                              405.513            405.550 0.037 (+0.01 %)
  ASN16_Cs137_10cm       sample_nomatri 1500-3000 кэВ    excess_net                                5.647              5.684 0.037 (+0.66 %)
  ASN16_Cs137_10cm       sample_nomatri 1500-3000 кэВ    missing_fit                             360.330            360.324 -0.006 (-0.00 %)
  ASN16_Cs137_10cm       sample_nomatri 1500-3000 кэВ    missing_net                             360.330            360.324 -0.006 (-0.00 %)
  ASN16_Cs137_10cm       sample_nomatri 1500-3000 кэВ    model                                     5.954              5.997 0.043 (+0.72 %)
  ASN16_Cs137_10cm       sample_nomatri rates component  Backscatter.count_rate                    0.110              0.110 -0.000132662 (-0.12 %)
  ASN16_Cs137_10cm       sample_nomatri rates component  Backscatter.peak_counts                3778.307           3773.743 -4.564 (-0.12 %)
  ASN16_Cs137_10cm       sample_nomatri rates component  Backscatter.share_pct                    19.930             19.914 -0.015 (-0.08 %)
  ASN16_Cs137_10cm       sample_nomatri rates component  Backscatter.z                            13.724             13.719 -0.005 (-0.04 %)
  ASN16_Cs137_10cm       sample_nomatri rates component  Cs-137.count_rate                      5438.987           5437.204 -1.784 (-0.03 %)
  ASN16_Cs137_10cm       sample_nomatri rates component  Cs-137.decision_threshold_ra             49.226             49.102 -0.124 (-0.25 %)
  ASN16_Cs137_10cm       sample_nomatri rates component  Cs-137.detection_limit_rate             100.457            100.207 -0.250 (-0.25 %)
  ASN16_Cs137_10cm       sample_nomatri rates component  Cs-137.peak_counts                     9010.046           9007.091 -2.955 (-0.03 %)
  ASN16_Cs137_10cm       sample_nomatri rates component  Cs-137.share_pct                         80.025             80.040 0.015 (+0.02 %)
  ASN16_Cs137_10cm       sample_nomatri rates component  Cs-137.z                                 77.440             77.487 0.048 (+0.06 %)
  ASN16_Cs137_10cm       sample_nomatri rates grey       above_lines.peak_counts                  18.694             18.706 0.012 (+0.06 %)
  ASN16_Cs137_10cm       sample_nomatri rates grey       above_lines.share_pct                     0.046              0.046 2.98844e-05 (+0.07 %)
  ASN16_Cs137_10cm       sample_nomatri rates grey       residual_excess.count_rate                0.169              0.169 1.4812e-05 (+0.01 %)
  ASN16_Cs137_10cm       sample_nomatri rates grey       residual_missing.count_rate               0.170              0.170 2.37442e-05 (+0.01 %)
  … и ещё 13 строк

ОТКАЗ: картинка FSA на витрине разошлась с эталоном (1204 строк). Это либо дефект отображения,
       либо правка, которую принимают ПЕРЕОБЪЯВЛЕНИЕМ эталона: tools\fsa_showcase\snapshot.ps1
       (таблица выше — в отчёт полосы). Снимки: tools\fsa_showcase\wd\out\*.png. 68 с.
