BecqMoni: main config: C:\Users\moroz\source\repos\BQ Eng res .NET 4.8\tools\effmaker\probes\build_p41\config\BecquerelMonitor.xml
геометрия: ASN16_lu_side.in
энергия разбора 662.0 кэВ, верхняя энергия сцены 3000 кэВ
розыгрыш точки вылета: ВАЖНОСТНЫЙ (--imp=1, ключ ImportanceSampling)

== СЦЕНА МАЛАЯ (как в файле) ==
  источник Cylinder, объём 18.85 см3, вещество Lutetium oxide 1.061 г/см3

== СЦЕНА БОЛЬШАЯ (Детектор на земле, тот же прибор) ==
  проба Soil 1.500 г/см3; пробег 182.5 мм на 3000 кэВ, 85.9 мм на 662 кэВ
  радиус 1366 мм (7.49 пробега), глубина 639 мм, середина кристалла над грунтом 10.6 мм
  объём 3742 л, масса 5614 кг

== 1. ЦЕНА ИСТОРИИ (один поток; малая 200000, большая 4000000 историй) ==
  сцена                           eps  разброс,%   мкс/ист историй на 1%     секунд      ESS/n
  малая (сосуд)           1.7357E-002      1.545       4.5        477247        2.1  2.05E-002
  большая (земля)         1.6491E-006      0.439       4.4        771060        3.4  1.28E-002

  ε большой к малой: 9.5011E-005

== 2. ОТКУДА СИГНАЛ (квадратура 1200x300, нерассеянный поток) ==
       r/R     сигнала, %     историй, %   на историю
     0.050          46.81           0.25      187.229
     0.100          73.59           1.00       73.588
     0.200          92.15           4.00       23.037
     0.333          97.59          11.11        8.783
     0.500          99.10          25.00        3.964
     0.667          99.61          44.44        2.241
     0.800          99.82          64.00        1.560
     1.000         100.00         100.00        1.000

  98 % сигнала набирается к r/R = 0.361; историй туда попадает 13.05 %, остальные 86.95 % несут 2 % сигнала

== 3. ЧТО ДАЁТ ДРУГОЙ РОЗЫГРЫШ (ESS = действующее число историй) ==
  равномерный по объёму (как сейчас): ESS/n = 0.00045  → на тот же разброс историй в 2229.3 раза больше
  предложенный exp(−μd)/s²          : ESS/n = 0.47403  → выигрыш к нынешнему 1056.7x
  КОНТРОЛЬ идеальный p ∝ w          : ESS/n = 1.000000 (обязан быть 1.000000)
  КОНТРОЛЬ заведомо плохой p ∝ r    : ESS/n = 4.775E-006 (обязан быть ХУЖЕ равномерного в 94 раз: ХУЖЕ, сошлось)

  ⚠ ОЦЕНКА (не замер): на большой сцене 1 % стоит 771060 историй = 3 с; сняв геометрическую часть разброса (1057x), это 730 историй = 0.0 с
     действующая выборка прогона ESS/n = 1.28E-002; после снятия геометрии ожидается 1.35E+001 (у малой сцены того же прибора 2.05E-002)

== КОНТРОЛЬ ФОРМЫ: сцена радиусом 50 % против полной ==
  прогон: ε(усечённой) 6.5234E-006 ±0.39 %, ε(полной) 1.6491E-006 ±0.44 %, отношение 3.9557
  квадратура предсказывает 3.9640; расхождение 0.0083 при допуске 3σ = 0.0696 — СОШЛОСЬ
