BecqMoni: main config: C:\Users\moroz\source\repos\BQ Eng res .NET 4.8\tools\effmaker\probes\build_p41\config\BecquerelMonitor.xml
Привязка кривой и матрицы к спектрам понятной части (B1)
кривая: 5-3000 кэВ, 200000 историй на узел; розыгрыш точки вылета: равномерный; порог шумной кривой (медиана узлов) 5 %

== ASN16_lu_side ==
   | ASN16_lu_side: кристалл Cesium iodide брусок 15.0x18.0x60.0 мм, ро 4.510; источник — цилиндр D=42.0 H=15.0 на 0.0 мм, Lutetium oxide
   | cm: Cesium iodide 1.80x6.00 z[0.00..1.50] *; Polytetrafluoroethylene 1.80x6.00 z[-0.10..0.00]; Polytetrafluoroethylene 2.06x6.26 z[-0.10..1.50]; vacuum 2.06x6.26 z[-0.10..1.50]; Aluminum 2.42x6.62 z[-0.30..-0.10]; Aluminum 2.42x6.62 z[-0.10..1.50]; Aluminum 2.42x6.62 z[1.50..1.70]; Polyethylene r[0.00..2.10] z[-0.40..-0.30]; Polyethylene r[2.00..2.10] z[-1.90..-0.40]; Lutetium oxide r[0.00..2.00] z[-1.90..-0.40]
   | Сечения: парциальные, по элементам; вылет тормозного излучения: CsI; историй на точку: 200000
   | сетка: 40 точек, 5–3000 кэВ (Штатная); потоков: 15
   | K-край Z=71 на 63.31 кэВ разрешён парой узлов: ослабление «Lutetium oxide» скачет в 4.5 раза
   | 
   |          10.0 keV   eps = 7.9787E-012   +/- 16.32 %
   |          20.0 keV   eps = 1.1691E-004   +/- 4.80 %
   |          30.0 keV   eps = 2.3026E-003   +/- 2.23 %
   |          40.0 keV   eps = 6.1085E-003   +/- 1.63 %
   |          50.0 keV   eps = 1.3486E-002   +/- 1.17 %
   |          60.0 keV   eps = 2.4160E-002   +/- 0.91 %
   |          63.2 keV   eps = 2.7098E-002   +/- 0.86 %
   |          63.4 keV   eps = 6.2297E-003   +/- 1.82 %
   |          70.0 keV   eps = 8.1231E-003   +/- 1.62 %
   |          80.0 keV   eps = 1.1503E-002   +/- 1.36 %
   |          90.0 keV   eps = 1.5825E-002   +/- 1.17 %
   |         100.0 keV   eps = 2.1159E-002   +/- 1.01 %
   |         120.0 keV   eps = 3.1562E-002   +/- 0.83 %
   |         150.0 keV   eps = 4.7815E-002   +/- 0.70 %
   |         186.0 keV   eps = 5.8654E-002   +/- 0.66 %
   |         240.0 keV   eps = 5.8813E-002   +/- 0.71 %
   |         300.0 keV   eps = 4.9678E-002   +/- 0.81 %
   |         352.0 keV   eps = 4.1576E-002   +/- 0.92 %
   |         400.0 keV   eps = 3.4549E-002   +/- 1.03 %
   |         460.0 keV   eps = 2.8254E-002   +/- 1.16 %
   |         510.0 keV   eps = 2.4514E-002   +/- 1.26 %
   |         583.0 keV   eps = 1.9986E-002   +/- 1.41 %
   |         609.0 keV   eps = 1.8945E-002   +/- 1.46 %
   |         662.0 keV   eps = 1.7196E-002   +/- 1.54 %
   |         720.0 keV   eps = 1.5419E-002   +/- 1.64 %
   |         800.0 keV   eps = 1.3429E-002   +/- 1.77 %
   |         900.0 keV   eps = 1.1207E-002   +/- 1.95 %
   |        1000.0 keV   eps = 9.4276E-003   +/- 2.14 %
   |        1120.0 keV   eps = 8.2386E-003   +/- 2.30 %
   |        1250.0 keV   eps = 7.1902E-003   +/- 2.47 %
   |        1461.0 keV   eps = 6.2075E-003   +/- 2.67 %
   |        1600.0 keV   eps = 5.3039E-003   +/- 2.90 %
   |        1765.0 keV   eps = 4.5953E-003   +/- 3.13 %
   |        2000.0 keV   eps = 3.8029E-003   +/- 3.45 %
   |        2200.0 keV   eps = 3.4012E-003   +/- 3.65 %
   |        2450.0 keV   eps = 3.1566E-003   +/- 3.80 %
   |        2615.0 keV   eps = 2.7599E-003   +/- 4.07 %
   |        2800.0 keV   eps = 2.5216E-003   +/- 4.26 %
   |        3000.0 keV   eps = 2.2414E-003   +/- 4.53 %
   | разброс на точку: медиана 1.63 %, худшая 16.32 % на 10.0 кэВ (действующая выборка 38 из 200000 историй)
   разброс  : медиана 1.63 %, худший узел 16.32 % на 10.0 кэВ (ESS 38 из 200000 историй), узлов выше 5 %: 1 из 39
   guid     : bbc4db49-18f4-2299-4337-0f2f11b88c88
   кривая   : 39 точек, клеймо phys=17; hist=200000; grid=10-3000 keV/39 std; kdip=1; lys=2; etr=1; e+tr=1; e+off=1; rayl2=1
   матрица  : ASN16_lu_side.rmx -> response\bbc4db49-18f4-2299-4337-0f2f11b88c88.rmx
   спектр   : ASN16_Lu176 (1 записей ResultData)
   спектр   : ASN16_Lu176_P0 (1 записей ResultData)

геометрий в описи: 45, взято по --only=ASN16_lu_side: 1 — посчитано 1, пропущено 0 (клеймо и геометрия сошлись); записей проставлено: 2 (--dry, ничего не записано)
ВСЕ СОШЛИСЬ
