BecqMoni: main config: C:\Users\moroz\source\repos\BQ Eng res .NET 4.8\tools\effmaker\probes\build_p41\config\BecquerelMonitor.xml
геометрия: ASN16_lu_side.in
энергия разбора 662.0 кэВ, верхняя энергия сцены 3000 кэВ
розыгрыш точки вылета: равномерный (умолчание)

== СЦЕНА МАЛАЯ (как в файле) ==
  источник Cylinder, объём 18.85 см3, вещество Lutetium oxide 1.061 г/см3

== СЦЕНА БОЛЬШАЯ (Детектор в лунке, тот же прибор) ==
  проба Soil 1.500 г/см3; пробег 182.5 мм на 3000 кэВ, 85.9 мм на 662 кэВ
  лунка Ø90 мм глубиной 547 мм, грунт Ø1550 мм высотой 1095 мм, нос прибора над дном 20 мм
  объём 2062 л, масса 3093 кг

== 1. ЦЕНА ИСТОРИИ (один поток; малая 200000, большая 40000000 историй) ==
  сцена                           eps  разброс,%   мкс/ист историй на 1%     секунд      ESS/n
  малая (сосуд)           1.7588E-002      1.521       4.1        462500        1.9  2.12E-002
  большая (лунка)         5.9140E-006      1.118       4.6      49957495      230.7  2.00E-004

  ε большой к малой: 3.3626E-004

== 2-3 и КОНТРОЛЬ ФОРМЫ: пропущены — квадратура писана про цилиндр, у лунки её нет ==

== 4. A/B РОЗЫГРЫША ТОЧКИ ВЫЛЕТА (E29): ВКЛ против ВЫКЛ ==
  сцена            плечо             историй          eps  разброс,%      ESS/n    секунд к эталону (3 сигма)         
  малая (сосуд)    ВЫКЛ               200000  1.7588E-002      1.521  2.12E-002       0.9 сошлось (0.00 сигма)
  малая (сосуд)    ВКЛ               2000000  1.7047E-002      0.494  2.01E-002      10.1 сошлось (1.93 сигма)
                                  выигрыш ESS/n к эталону 0.9x; разброс на 200 000 историй: 1.56 % (эталон 1.52 %)
  большая (лунка)  ВЫКЛ             40000000  5.9140E-006      1.118  2.00E-004     206.3 сошлось (0.00 сигма)
  большая (лунка)  ВКЛ               2000000  6.0138E-006      0.399  3.04E-002      10.6 сошлось (1.42 сигма)
                                  выигрыш ESS/n к эталону 151.8x; разброс на 200 000 историй: 1.26 % (эталон 15.80 %)
  большая (лунка)  ВКЛ БЕЗ ВЕСА (порча)    2000000  8.8715E-004      0.764  8.48E-003       9.5 выпало (129.9 сигма) — как и должно

