склад: D:\BqMoni_Claude\p110\rmx
матриц: 19

файл                                    форм   phys    историй   узл  кан  шум мед шум худш конус
---------------------------------------------------------------------------------------------------------
04cb27d4-6b6e-4c6c-b665-b6175d78bdcb.r     9     19    1000000   100    6    2.80%    2.90%   нет
42333387-5295-4665-8c82-6e85c8498a18.r     9     19    1000000   100    6    2.84%    2.94%   нет
aa8a6ecb-5866-4f9d-b359-3c68dba82e5a.r     9     19    1000000   100    6    2.82%    2.95%   нет
c482e3bc-e2a8-491f-8759-5df93827eaef.r     9     19    1000000   100    6    2.80%    2.90%   нет

  версия физики: 19 — 4
  историй на узел: 1000000 — 4
  каналов у матрицы: 6 — 4 (код знает 6)
  с конусом: 0 из 19
  шумных (худший СУДИМЫЙ узел выше 1.00 %): 4
  континуума нет (шум ≥ 99 %): 52 узлов по складу, судятся узлы от 50 кэВ
  таблица: D:\BqMoni_Claude\p110\matrix_audit_p110.csv

НАХОДОК: 27
  04cb27d4-6b6e-4c6c-b665-b6175d78bdcb.rmx: физика 19, а ждали 21
  04cb27d4-6b6e-4c6c-b665-b6175d78bdcb.rmx: историй 1000000, а ждали 3000000
  04cb27d4-6b6e-4c6c-b665-b6175d78bdcb.rmx: шум худшего узла 2.90 % при пороге 1.00 %
  1b586b57-4250-470d-8faa-635a5a5e31fc.rmx: ОТВЕРГНУТА загрузчиком — прежний формат 6, эта сборка читает 9 — пересчитать
  3b84ce13-d635-47d0-b734-62caa283e3f3.rmx: ОТВЕРГНУТА загрузчиком — прежний формат 8, эта сборка читает 9 — пересчитать
  41dc6e6a-c186-474f-96d3-4cc500538ab7.rmx: ОТВЕРГНУТА загрузчиком — прежний формат 8, эта сборка читает 9 — пересчитать
  42333387-5295-4665-8c82-6e85c8498a18.rmx: физика 19, а ждали 21
  42333387-5295-4665-8c82-6e85c8498a18.rmx: историй 1000000, а ждали 3000000
  42333387-5295-4665-8c82-6e85c8498a18.rmx: шум худшего узла 2.94 % при пороге 1.00 %
  4c5aa26d-d776-481f-96d8-c01022590f39.rmx: ОТВЕРГНУТА загрузчиком — прежний формат 8, эта сборка читает 9 — пересчитать
  50a57c5a-3237-4154-b269-b9fd1a2c7d88.rmx: ОТВЕРГНУТА загрузчиком — прежний формат 8, эта сборка читает 9 — пересчитать
  57512f8b-1ef0-40af-9aae-aa26f7e51463.rmx: ОТВЕРГНУТА загрузчиком — прежний формат 7, эта сборка читает 9 — пересчитать
  5cb11287-beed-4fa3-bf52-21453effbdc8.rmx: ОТВЕРГНУТА загрузчиком — прежний формат 8, эта сборка читает 9 — пересчитать
  755bbe16-49f5-465c-8407-0e2520d106fd.rmx: ОТВЕРГНУТА загрузчиком — прежний формат 8, эта сборка читает 9 — пересчитать
  7fbb8fc3-24b8-440a-b750-80fb11b5a0e6.rmx: ОТВЕРГНУТА загрузчиком — прежний формат 8, эта сборка читает 9 — пересчитать
  9a30db50-ee7b-4b68-ade0-2411d63966c1.rmx: ОТВЕРГНУТА загрузчиком — прежний формат 7, эта сборка читает 9 — пересчитать
  a01fc126-1450-45f4-9240-f61eef4a1e55.rmx: ОТВЕРГНУТА загрузчиком — прежний формат 6, эта сборка читает 9 — пересчитать
  a05a2f61-99b5-4a3c-b72c-737fd82e20ac.rmx: ОТВЕРГНУТА загрузчиком — прежний формат 7, эта сборка читает 9 — пересчитать
  a6ac85bb-dbb4-4d04-ab69-6d355d246db7.rmx: ОТВЕРГНУТА загрузчиком — прежний формат 7, эта сборка читает 9 — пересчитать
  aa8a6ecb-5866-4f9d-b359-3c68dba82e5a.rmx: физика 19, а ждали 21
  aa8a6ecb-5866-4f9d-b359-3c68dba82e5a.rmx: историй 1000000, а ждали 3000000
  aa8a6ecb-5866-4f9d-b359-3c68dba82e5a.rmx: шум худшего узла 2.95 % при пороге 1.00 %
  c482e3bc-e2a8-491f-8759-5df93827eaef.rmx: физика 19, а ждали 21
  c482e3bc-e2a8-491f-8759-5df93827eaef.rmx: историй 1000000, а ждали 3000000
  c482e3bc-e2a8-491f-8759-5df93827eaef.rmx: шум худшего узла 2.90 % при пороге 1.00 %
  db2b0a22-5b35-454b-96fa-033045004d96.rmx: ОТВЕРГНУТА загрузчиком — прежний формат 7, эта сборка читает 9 — пересчитать
  dd45c6ae-9009-4148-872f-d866a3947ccb.rmx: ОТВЕРГНУТА загрузчиком — прежний формат 7, эта сборка читает 9 — пересчитать
