склад: D:\BqMoni_Claude\p107\store
матриц: 49

файл                                    форм   phys    историй   узл  кан  шум мед шум худш конус
---------------------------------------------------------------------------------------------------------
AS80_lu_front.rmx                          9     21    3000000   142    6    0.93%    1.29%   нет
AS80_point0.rmx                            9     21    3000000   140    6    0.78%    1.00%   нет
AS80_th_disk.rmx                           9     21    3000000   146    6    1.18%    1.51%   нет
ASN16_lu_side.rmx                          9     21    3000000   142    6    1.14%    1.52%   нет
ASN16_point0_house.rmx                     9     21    3000000   140    6    0.85%    1.16%   нет
ASN16_point10_house.rmx                    9     21    6000000   140    6    5.47%    8.29%   нет
G1S_denta100_oisn10_100_p16.rmx            9     21    3000000   142    6    0.88%    1.16%   нет
G1S_denta100_risn379_100_p16.rmx           9     21    3000000   140    6    0.74%    1.16%   нет
G1S_denta120_oisn06_057_p24.rmx            9     21    3000000   142    6    0.88%    1.24%   нет
G1S_denta120_oisn06_062_p24.rmx            9     21    3000000   142    6    0.88%    1.24%   нет
G1S_denta120_oisn06_064_p24.rmx            9     21    3000000   142    6    0.86%    1.24%   нет
G1S_denta120_oisn06_066_p24.rmx            9     21    3000000   142    6    0.86%    1.24%   нет
G1S_denta120_oisn16_155_p24.rmx            9     21    3000000   142    6    1.04%    1.18%   нет
G1S_denta120_oisn16_160_p24.rmx            9     21    3000000   142    6    1.05%    1.18%   нет
G1S_denta120_oisn16_166_p24.rmx            9     21    3000000   142    6    1.05%    1.19%   нет
G1S_denta120_oisn16_167_p24.rmx            9     21    3000000   142    6    1.04%    1.19%   нет
G1S_mar1l_coal_046_p24.rmx                 9     21    3000000   140    6    1.01%    1.58%   нет
G1S_mar1l_oisn06_055_p16.rmx               9     21    3000000   140    6    0.95%    1.56%   нет
G1S_mar1l_oisn06_057_p16.rmx               9     21    3000000   140    6    0.95%    1.56%   нет
G1S_mar1l_oisn06_057_p24.rmx               9     21    3000000   142    6    0.99%    1.55%   нет
G1S_mar1l_oisn06_062_p16.rmx               9     21    3000000   140    6    0.94%    1.54%   нет
G1S_mar1l_oisn06_062_p24.rmx               9     21    3000000   142    6    0.98%    1.54%   нет
G1S_mar1l_oisn06_064_p24.rmx               9     21    3000000   142    6    0.97%    1.54%   нет
G1S_mar1l_oisn06_066_p16.rmx               9     21    3000000   140    6    0.94%    1.55%   нет
G1S_mar1l_oisn06_066_p24.rmx               9     21    3000000   142    6    0.97%    1.55%   нет
G1S_mar1l_oisn16_155_p16.rmx               9     21    3000000   142    6    1.23%    1.44%   нет
G1S_mar1l_oisn16_155_p24.rmx               9     21    3000000   142    6    1.24%    1.44%   нет
G1S_mar1l_oisn16_160_p16.rmx               9     21    3000000   142    6    1.22%    1.45%   нет
G1S_mar1l_oisn16_160_p24.rmx               9     21    3000000   142    6    1.23%    1.44%   нет
G1S_mar1l_oisn16_166_p16.rmx               9     21    3000000   142    6    1.22%    1.44%   нет
G1S_mar1l_oisn16_166_p24.rmx               9     21    3000000   142    6    1.24%    1.45%   нет
G1S_mar1l_oisn16_167_p16.rmx               9     21    3000000   142    6    1.22%    1.44%   нет
G1S_mar1l_oisn16_167_p24.rmx               9     21    3000000   142    6    1.24%    1.45%   нет
G1S_mar1l_risn379_100_p16.rmx              9     21    3000000   140    6    0.94%    1.49%   нет
G1S_petri60_oisn06_057_p24.rmx             9     21    3000000   142    6    0.83%    1.12%   нет
G1S_petri60_oisn06_062_p24.rmx             9     21    3000000   142    6    0.82%    1.12%   нет
G1S_petri60_oisn06_064_p24.rmx             9     21    3000000   142    6    0.82%    1.12%   нет
G1S_petri60_oisn06_067_p24.rmx             9     21    3000000   142    6    0.81%    1.11%   нет
G1S_petri60_oisn10_100_p16.rmx             9     21    3000000   142    6    0.82%    1.09%   нет
G1S_petri60_oisn16_155_p24.rmx             9     21    3000000   142    6    0.85%    1.07%   нет
G1S_petri60_oisn16_160_p24.rmx             9     21    3000000   142    6    0.85%    1.06%   нет
G1S_petri60_oisn16_167_p24.rmx             9     21    3000000   142    6    0.86%    1.06%   нет
G1S_petri60_risn379_100_p16.rmx            9     21    3000000   140    6    0.76%    1.10%   нет
G1S_point25.rmx                            9     21    6000000   140    6    4.79%    8.01%   нет
G1S_point5.rmx                             9     21    3000000   140    6    1.89%    2.91%   нет
RC103_lu_front.rmx                         9     21    3000000   142    6    2.97%    4.37%   нет
RC103_marinelli05_kcl.rmx                  9     21    3000000   140    6    5.27%    8.80%   нет
RC103_point0.rmx                           9     21    3000000   140    6    1.29%    2.02%   нет
RC103_point50.rmx                          9     21    6000000   140    6    5.97%    8.65%   нет

  версия физики: 21 — 49
  историй на узел: 3000000 — 46, 6000000 — 3
  каналов у матрицы: 6 — 49 (код знает 6)
  с конусом: 0 из 49
  шумных (худший СУДИМЫЙ узел выше 6.00 %): 4
  континуума нет (шум ≥ 99 %): 1331 узлов по складу, судятся узлы от 50 кэВ
  таблица: D:\BqMoni_Claude\p107\art\audit_store21.csv

НАХОДОК: 4
  ASN16_point10_house.rmx: шум худшего узла 8.29 % при пороге 6.00 %
  G1S_point25.rmx: шум худшего узла 8.01 % при пороге 6.00 %
  RC103_marinelli05_kcl.rmx: шум худшего узла 8.80 % при пороге 6.00 %
  RC103_point50.rmx: шум худшего узла 8.65 % при пороге 6.00 %
