Расхождение двух матриц (T43)
  A: RC103_point0.rmx  (формат 9)
  B: RC103_point0.rmx  (формат 9)
  клейма РАЗНЫЕ — считались не из одного
     A: phys=20;4cc05f916471e3240acea518b042f8000f6bcf9c3b60648a2fdaf787724aa4f8
     B: phys=21;b00a665925648f898b007c701943f9dd105813557ccdf5d7843364f0d6f0afbb
  настройки, которыми матрицы считались:
     A: узлов 140, 5–3000 кэВ, бин 2 кэВ, историй 3000000, зерно 0
     B: узлов 140, 5–3000 кэВ, бин 2 кэВ, историй 3000000, зерно 0
  отпечаток тела (SHA-256 сетки и строк):
     A: 300cee70c3a4c5ba…  сходится с записанным
     B: ec888bc7a568c97a…  сходится с записанным
  ТЕЛА РАЗЛИЧНЫ (по отпечатку)
  блок Q_k угловой корреляции (формат 9):
     есть у обеих, узлов 140: побитово 6; наибольшее |Δ| 0.01357, худший узел в σ 0.65 (узел 136, 2613.1 кэВ)

расхождение по 140 узлам, % (медиана / худший):
   пик       : 0.043 / 1.957   (узел 11, 8 кэВ)
   сумма     : 0.068 / 2.011   (узел 139, 3000 кэВ)
   форма, L1 : 0.38  / 26.61    (узел 139, 3000 кэВ)

ФОРМА БЕЗ МАСШТАБА (строки приведены к единичной сумме):
   L1        : 0.33  / 26.93    (узел 139, 3000 кэВ)
   доля пика : A 0.7776, B 0.7780  (медиана по узлам; отношение B/A 1.0005)

СМЕЩЕНИЕ B относительно A, % (среднее по узлам ± ошибка среднего):
   пик       :   0.020 ± 0.030   — ноль в пределах ошибки
   сумма     :  -0.109 ± 0.043   — на грани, мерить гуще

⚠ сравнивать ЭТИ числа надо с такими же для двух зёрен одного кода
