Расхождение двух матриц (T43)
  A: AS80_point0.rmx  (формат 9)
  B: AS80_point0.rmx  (формат 9)
  клейма РАЗНЫЕ — считались не из одного
     A: phys=20;1dfb1277c770d54741150e7d7e6d37d2507b165edfbd48ba54e0ceaf3c0d333e
     B: phys=21;505bb34996110192861e41b562bd44c5473e6750151d1513563ba0741b152b55
  настройки, которыми матрицы считались:
     A: узлов 140, 5–3000 кэВ, бин 2 кэВ, историй 3000000, зерно 0
     B: узлов 140, 5–3000 кэВ, бин 2 кэВ, историй 3000000, зерно 0
  отпечаток тела (SHA-256 сетки и строк):
     A: 8bf531e0d7cb0752…  сходится с записанным
     B: 8bf531e0d7cb0752…  сходится с записанным
  ТЕЛА ТОЖДЕСТВЕННЫ (побайтно, по отпечатку)
  блок Q_k угловой корреляции (формат 9):
     есть у обеих, узлов 140: побитово 140; наибольшее |Δ| 0.00000, худший узел в σ 0.00 (узел 0, 5.0 кэВ)

расхождение по 140 узлам, % (медиана / худший):
   пик       : 0.000 / 0.000   (узел 0, 5 кэВ)
   сумма     : 0.000 / 0.000   (узел 0, 5 кэВ)
   форма, L1 : 0.00  / 0.00    (узел 0, 5 кэВ)

ФОРМА БЕЗ МАСШТАБА (строки приведены к единичной сумме):
   L1        : 0.00  / 0.00    (узел 0, 5 кэВ)
   доля пика : A 0.7531, B 0.7531  (медиана по узлам; отношение B/A 1.0000)

СМЕЩЕНИЕ B относительно A, % (среднее по узлам ± ошибка среднего):
   пик       :   0.000 ± 0.000   — ноль в пределах ошибки
   сумма     :   0.000 ± 0.000   — ноль в пределах ошибки

⚠ сравнивать ЭТИ числа надо с такими же для двух зёрен одного кода
