→ python C:\Users\moroz\source\repos\BQ Eng res .NET 4.8\tools\check_fsa_showcase.py --snapshot
каталог проб: C:\Users\moroz\source\repos\BQ Eng res .NET 4.8\tools\effmaker\probes\build (заверен 2026-09-19 11:51:25 из C:\Users\moroz\source\repos\BQ Eng res .NET 4.8\BecquerelMonitor\bin\Debug_Codex)
  ⚠ сверено: набор приложения df9670568cf8 (550 файлов), набор FsaStackShot 13494ce22634 (6 файлов), sha двух exe
свежесть каталога проб: сошлась с деревом (T226, 0.7 с)
рабочий каталог: C:\Users\moroz\source\repos\BQ Eng res .NET 4.8\tools\fsa_showcase\wd (скопировано 0, снято 0; приборов 3, матриц 4)
прогон FsaStackShot (5 спектров, 9 пар):
  ASN16_Cs137_house / infer_eq: 1.6 с
  ASN16_Cs137_house / infer_eq_peak: 1.8 с
  ASN16_Cs137_house / infer_eq_compton: 2.1 с
  AS80_Th232_disk / infer_eq: 3.3 с
  ASN16_Radon_filter2 / chain_eq: 3.1 с
  ASN16_Radon_filter2 / chain_noeq: 4.6 с
  G1S24_Rn222Coal_eq01 / sample_eq: 2.0 с
  G1S24_Rn222Coal_eq01 / sample_noeq: 1.8 с
  ASN16_Cs137_10cm / sample_nomatrix: 1.1 с

ПЕРЕОБЪЯВЛЕНИЕ ASN16_Cs137_house / infer_eq: 113 расхождений с прежним эталоном (2026-09-18 23:58):
  спектр                 режим          полоса           компонент                                  было              стало              Δ
  ASN16_Cs137_house      infer_eq       0-30 кэВ         Backscatter                         1494854.494        1478078.576 -16775.918 (-1.12 %)
  ASN16_Cs137_house      infer_eq       0-30 кэВ         Cs-137                             17957193.116       17846285.610 -110907.506 (-0.62 %)
  ASN16_Cs137_house      infer_eq       0-30 кэВ         Xray-Pb                               99659.715          88539.030 -11120.685 (-11.16 %)
  ASN16_Cs137_house      infer_eq       0-30 кэВ         Xray-Pb-L                           1104369.376        1177959.156 73589.780 (+6.66 %)
  ASN16_Cs137_house      infer_eq       0-30 кэВ         continuum_raw                         20664.044          21711.033 1046.989 (+5.07 %)
  ASN16_Cs137_house      infer_eq       0-30 кэВ         excess_fit                          2750610.286        2670362.180 -80248.106 (-2.92 %)
  ASN16_Cs137_house      infer_eq       0-30 кэВ         excess_net                          2750610.286        2670362.180 -80248.106 (-2.92 %)
  ASN16_Cs137_house      infer_eq       0-30 кэВ         missing_fit                          919081.061         903898.951 -15182.110 (-1.65 %)
  ASN16_Cs137_house      infer_eq       0-30 кэВ         missing_net                          919081.061         903898.951 -15182.110 (-1.65 %)
  ASN16_Cs137_house      infer_eq       0-30 кэВ         model                              20613637.658       20548571.662 -65065.996 (-0.32 %)
  ASN16_Cs137_house      infer_eq       0-30 кэВ         pile-up                                  30.076             31.685 1.609 (+5.35 %)
  ASN16_Cs137_house      infer_eq       0-30 кэВ         tail                                1986330.124        1899994.230 -86335.894 (-4.35 %)
  ASN16_Cs137_house      infer_eq       30-100 кэВ       Backscatter                          248798.593         251205.394 2406.801 (+0.97 %)
  ASN16_Cs137_house      infer_eq       30-100 кэВ       Cs-137                             37028213.656       36978571.483 -49642.173 (-0.13 %)
  ASN16_Cs137_house      infer_eq       30-100 кэВ       Xray-Pb                             2298019.474        2277440.689 -20578.785 (-0.90 %)
  ASN16_Cs137_house      infer_eq       30-100 кэВ       continuum_raw                       1223962.002        1370574.979 146612.977 (+11.98 %)
  ASN16_Cs137_house      infer_eq       30-100 кэВ       excess_fit                           298571.437         290989.381 -7582.056 (-2.54 %)
  ASN16_Cs137_house      infer_eq       30-100 кэВ       excess_net                           298571.437         290989.381 -7582.056 (-2.54 %)
  ASN16_Cs137_house      infer_eq       30-100 кэВ       missing_fit                          705866.097         765570.131 59704.034 (+8.46 %)
  ASN16_Cs137_house      infer_eq       30-100 кэВ       missing_net                          705866.097         765570.131 59704.034 (+8.46 %)
  ASN16_Cs137_house      infer_eq       30-100 кэВ       model                              39501420.011       39434133.921 -67286.090 (-0.17 %)
  ASN16_Cs137_house      infer_eq       30-100 кэВ       pile-up                                2156.055           2422.325 266.270 (+12.35 %)
  ASN16_Cs137_house      infer_eq       30-100 кэВ       tail                               12482396.721       12232588.067 -249808.654 (-2.00 %)
  ASN16_Cs137_house      infer_eq       100-300 кэВ      Backscatter                         6497512.658        6436704.742 -60807.916 (-0.94 %)
  ASN16_Cs137_house      infer_eq       100-300 кэВ      Cs-137                             65756471.751       65809228.957 52757.206 (+0.08 %)
  ASN16_Cs137_house      infer_eq       100-300 кэВ      Xray-Pb                                3560.765           3693.020 132.255 (+3.71 %)
  ASN16_Cs137_house      infer_eq       100-300 кэВ      continuum_raw                       6108002.055        6600269.339 492267.284 (+8.06 %)
  ASN16_Cs137_house      infer_eq       100-300 кэВ      excess_fit                           652184.566         668872.907 16688.341 (+2.56 %)
  ASN16_Cs137_house      infer_eq       100-300 кэВ      excess_net                           652184.566         668872.907 16688.341 (+2.56 %)
  ASN16_Cs137_house      infer_eq       100-300 кэВ      missing_fit                         1488790.775        1511947.240 23156.465 (+1.56 %)
  ASN16_Cs137_house      infer_eq       100-300 кэВ      missing_net                         1488790.775        1511947.240 23156.465 (+1.56 %)
  ASN16_Cs137_house      infer_eq       100-300 кэВ      model                              72177632.689       72171164.565 -6468.124 (-0.01 %)
  ASN16_Cs137_house      infer_eq       100-300 кэВ      pile-up                               13106.513          14235.464 1128.951 (+8.61 %)
  ASN16_Cs137_house      infer_eq       100-300 кэВ      tail                                 208173.658         205320.508 -2853.150 (-1.37 %)
  ASN16_Cs137_house      infer_eq       300-700 кэВ      Cs-137                            113298596.647      112813462.165 -485134.482 (-0.43 %)
  ASN16_Cs137_house      infer_eq       300-700 кэВ      continuum_raw                        396514.036         533267.709 136753.673 (+34.49 %)
  ASN16_Cs137_house      infer_eq       300-700 кэВ      excess_fit                          1766419.086        1613843.817 -152575.269 (-8.64 %)
  ASN16_Cs137_house      infer_eq       300-700 кэВ      excess_net                          1766419.086        1613843.817 -152575.269 (-8.64 %)
  ASN16_Cs137_house      infer_eq       300-700 кэВ      missing_fit                         4793930.752        5125079.304 331148.552 (+6.91 %)
  ASN16_Cs137_house      infer_eq       300-700 кэВ      missing_net                         4793930.752        5125079.304 331148.552 (+6.91 %)
  ASN16_Cs137_house      infer_eq       300-700 кэВ      model                             113254086.990      112770363.169 -483723.821 (-0.43 %)
  ASN16_Cs137_house      infer_eq       300-700 кэВ      pile-up                               72706.178          73711.874 1005.696 (+1.38 %)
  ASN16_Cs137_house      infer_eq       700-1500 кэВ     Cs-137                               399176.094         396622.414 -2553.680 (-0.64 %)
  ASN16_Cs137_house      infer_eq       700-1500 кэВ     continuum_raw                        490503.564         493315.101 2811.537 (+0.57 %)
  ASN16_Cs137_house      infer_eq       700-1500 кэВ     excess_fit                            46745.329          47537.036 791.707 (+1.69 %)
  ASN16_Cs137_house      infer_eq       700-1500 кэВ     excess_net                            45685.534          46477.241 791.707 (+1.73 %)
  ASN16_Cs137_house      infer_eq       700-1500 кэВ     missing_fit                          133478.658         135181.715 1703.057 (+1.28 %)
  ASN16_Cs137_house      infer_eq       700-1500 кэВ     missing_net                          133478.658         135181.715 1703.057 (+1.28 %)
  ASN16_Cs137_house      infer_eq       700-1500 кэВ     model                               1143706.633        1142795.283 -911.350 (-0.08 %)
  ASN16_Cs137_house      infer_eq       700-1500 кэВ     pile-up                              744530.530         746172.864 1642.334 (+0.22 %)
  ASN16_Cs137_house      infer_eq       1500-3000 кэВ    continuum_raw                          3804.540           3806.159 1.619 (+0.04 %)
  ASN16_Cs137_house      infer_eq       1500-3000 кэВ    excess_fit                             7132.824           7132.252 -0.572 (-0.01 %)
  ASN16_Cs137_house      infer_eq       1500-3000 кэВ    excess_net                             2493.240           2492.668 -0.572 (-0.02 %)
  ASN16_Cs137_house      infer_eq       1500-3000 кэВ    missing_fit                            4602.770           4604.106 1.336 (+0.03 %)
  ASN16_Cs137_house      infer_eq       1500-3000 кэВ    missing_net                            4602.770           4604.106 1.336 (+0.03 %)
  ASN16_Cs137_house      infer_eq       1500-3000 кэВ    model                                  4832.889           4830.981 -1.908 (-0.04 %)
  ASN16_Cs137_house      infer_eq       1500-3000 кэВ    pile-up                                4832.889           4830.981 -1.908 (-0.04 %)
  ASN16_Cs137_house      infer_eq       rates component  Backscatter.count_rate                    1.963              1.941 -0.022 (-1.12 %)
  ASN16_Cs137_house      infer_eq       rates component  Backscatter.peak_counts             8031374.788        7941059.795 -90314.994 (-1.12 %)
  ASN16_Cs137_house      infer_eq       rates component  Backscatter.share_pct                     3.336              3.314 -0.022 (-0.66 %)
  … и ещё 53 строк

ПЕРЕОБЪЯВЛЕНИЕ ASN16_Cs137_house / infer_eq_peak: 103 расхождений с прежним эталоном (2026-09-18 23:58):
  спектр                 режим          полоса           компонент                                  было              стало              Δ
  ASN16_Cs137_house      infer_eq_peak  0-30 кэВ         Cs-137                             10095347.769       10044904.623 -50443.146 (-0.50 %)
  ASN16_Cs137_house      infer_eq_peak  0-30 кэВ         Xray-Pb                                   0.977              1.014 0.037 (+3.79 %)
  ASN16_Cs137_house      infer_eq_peak  0-30 кэВ         Xray-Pb-L                           1080954.656        1153344.875 72390.219 (+6.70 %)
  ASN16_Cs137_house      infer_eq_peak  0-30 кэВ         continuum_raw                         20664.044          21711.033 1046.989 (+5.07 %)
  ASN16_Cs137_house      infer_eq_peak  0-30 кэВ         excess_fit                          2750610.286        2670362.180 -80248.106 (-2.92 %)
  ASN16_Cs137_house      infer_eq_peak  0-30 кэВ         excess_net                          2750610.286        2670362.180 -80248.106 (-2.92 %)
  ASN16_Cs137_house      infer_eq_peak  0-30 кэВ         missing_fit                          919081.061         903898.951 -15182.110 (-1.65 %)
  ASN16_Cs137_house      infer_eq_peak  0-30 кэВ         missing_net                          919081.061         903898.951 -15182.110 (-1.65 %)
  ASN16_Cs137_house      infer_eq_peak  0-30 кэВ         model                              20613637.658       20548571.662 -65065.996 (-0.32 %)
  ASN16_Cs137_house      infer_eq_peak  0-30 кэВ         tail                                1986330.124        1899994.230 -86335.894 (-4.35 %)
  ASN16_Cs137_house      infer_eq_peak  30-100 кэВ       Cs-137                             14699195.873       14626078.512 -73117.361 (-0.50 %)
  ASN16_Cs137_house      infer_eq_peak  30-100 кэВ       Xray-Pb                             1355717.561        1405763.081 50045.520 (+3.69 %)
  ASN16_Cs137_house      infer_eq_peak  30-100 кэВ       continuum_raw                       1223962.002        1370574.979 146612.977 (+11.98 %)
  ASN16_Cs137_house      infer_eq_peak  30-100 кэВ       excess_fit                           298571.437         290989.381 -7582.056 (-2.54 %)
  ASN16_Cs137_house      infer_eq_peak  30-100 кэВ       excess_net                           298571.437         290989.381 -7582.056 (-2.54 %)
  ASN16_Cs137_house      infer_eq_peak  30-100 кэВ       missing_fit                          705866.097         765570.131 59704.034 (+8.46 %)
  ASN16_Cs137_house      infer_eq_peak  30-100 кэВ       missing_net                          705866.097         765570.131 59704.034 (+8.46 %)
  ASN16_Cs137_house      infer_eq_peak  30-100 кэВ       model                              39501420.011       39434133.921 -67286.090 (-0.17 %)
  ASN16_Cs137_house      infer_eq_peak  30-100 кэВ       tail                               12482396.721       12232588.067 -249808.654 (-2.00 %)
  ASN16_Cs137_house      infer_eq_peak  100-300 кэВ      Xray-Pb                                3538.682           3669.906 131.224 (+3.71 %)
  ASN16_Cs137_house      infer_eq_peak  100-300 кэВ      continuum_raw                       6108002.055        6600269.339 492267.284 (+8.06 %)
  ASN16_Cs137_house      infer_eq_peak  100-300 кэВ      excess_fit                           652184.566         668872.907 16688.341 (+2.56 %)
  ASN16_Cs137_house      infer_eq_peak  100-300 кэВ      excess_net                           652184.566         668872.907 16688.341 (+2.56 %)
  ASN16_Cs137_house      infer_eq_peak  100-300 кэВ      missing_fit                         1488790.775        1511947.240 23156.465 (+1.56 %)
  ASN16_Cs137_house      infer_eq_peak  100-300 кэВ      missing_net                         1488790.775        1511947.240 23156.465 (+1.56 %)
  ASN16_Cs137_house      infer_eq_peak  100-300 кэВ      model                              72177632.689       72171164.565 -6468.124 (-0.01 %)
  ASN16_Cs137_house      infer_eq_peak  100-300 кэВ      tail                                 208173.658         205320.508 -2853.150 (-1.37 %)
  ASN16_Cs137_house      infer_eq_peak  300-700 кэВ      Cs-137                             60818760.082       60424109.806 -394650.276 (-0.65 %)
  ASN16_Cs137_house      infer_eq_peak  300-700 кэВ      continuum_raw                        396514.036         533267.709 136753.673 (+34.49 %)
  ASN16_Cs137_house      infer_eq_peak  300-700 кэВ      excess_fit                          1766419.086        1613843.817 -152575.269 (-8.64 %)
  ASN16_Cs137_house      infer_eq_peak  300-700 кэВ      excess_net                          1766419.086        1613843.817 -152575.269 (-8.64 %)
  ASN16_Cs137_house      infer_eq_peak  300-700 кэВ      missing_fit                         4793930.752        5125079.304 331148.552 (+6.91 %)
  ASN16_Cs137_house      infer_eq_peak  300-700 кэВ      missing_net                         4793930.752        5125079.304 331148.552 (+6.91 %)
  ASN16_Cs137_house      infer_eq_peak  300-700 кэВ      model                             113254086.990      112770363.169 -483723.821 (-0.43 %)
  ASN16_Cs137_house      infer_eq_peak  700-1500 кэВ     Cs-137                               383748.572         380972.513 -2776.059 (-0.72 %)
  ASN16_Cs137_house      infer_eq_peak  700-1500 кэВ     continuum_raw                        490503.564         493315.101 2811.537 (+0.57 %)
  ASN16_Cs137_house      infer_eq_peak  700-1500 кэВ     excess_fit                            46745.329          47537.036 791.707 (+1.69 %)
  ASN16_Cs137_house      infer_eq_peak  700-1500 кэВ     excess_net                            45685.534          46477.241 791.707 (+1.73 %)
  ASN16_Cs137_house      infer_eq_peak  700-1500 кэВ     missing_fit                          133478.658         135181.715 1703.057 (+1.28 %)
  ASN16_Cs137_house      infer_eq_peak  700-1500 кэВ     missing_net                          133478.658         135181.715 1703.057 (+1.28 %)
  ASN16_Cs137_house      infer_eq_peak  700-1500 кэВ     model                               1143706.633        1142795.283 -911.350 (-0.08 %)
  ASN16_Cs137_house      infer_eq_peak  1500-3000 кэВ    continuum_raw                          3804.540           3806.159 1.619 (+0.04 %)
  ASN16_Cs137_house      infer_eq_peak  1500-3000 кэВ    excess_fit                             7132.824           7132.252 -0.572 (-0.01 %)
  ASN16_Cs137_house      infer_eq_peak  1500-3000 кэВ    excess_net                             2493.240           2492.668 -0.572 (-0.02 %)
  ASN16_Cs137_house      infer_eq_peak  1500-3000 кэВ    missing_fit                            4602.770           4604.106 1.336 (+0.03 %)
  ASN16_Cs137_house      infer_eq_peak  1500-3000 кэВ    missing_net                            4602.770           4604.106 1.336 (+0.03 %)
  ASN16_Cs137_house      infer_eq_peak  1500-3000 кэВ    model                                  4832.889           4830.981 -1.908 (-0.04 %)
  ASN16_Cs137_house      infer_eq_peak  rates component  Backscatter.count_rate                    1.963              1.941 -0.022 (-1.12 %)
  ASN16_Cs137_house      infer_eq_peak  rates component  Backscatter.peak_counts             8031374.788        7941059.795 -90314.994 (-1.12 %)
  ASN16_Cs137_house      infer_eq_peak  rates component  Backscatter.share_pct                     3.336              3.314 -0.022 (-0.66 %)
  ASN16_Cs137_house      infer_eq_peak  rates component  Backscatter.z                           102.050            101.208 -0.842 (-0.83 %)
  ASN16_Cs137_house      infer_eq_peak  rates component  Cs-137.count_rate                      6763.395           6730.664 -32.731 (-0.48 %)
  ASN16_Cs137_house      infer_eq_peak  rates component  Cs-137.decision_threshold_ra              0.715              0.705 -0.010 (-1.40 %)
  ASN16_Cs137_house      infer_eq_peak  rates component  Cs-137.detection_limit_rate               1.433              1.413 -0.020 (-1.39 %)
  ASN16_Cs137_house      infer_eq_peak  rates component  Cs-137.peak_counts                100657905.798      100158677.569 -499228.229 (-0.50 %)
  ASN16_Cs137_house      infer_eq_peak  rates component  Cs-137.share_pct                         94.906             94.904 -0.001 (-0.00 %)
  ASN16_Cs137_house      infer_eq_peak  rates component  Cs-137.z                               1789.975           1803.865 13.890 (+0.78 %)
  ASN16_Cs137_house      infer_eq_peak  rates component  Xray-Pb.count_rate                       16.201             16.807 0.606 (+3.74 %)
  ASN16_Cs137_house      infer_eq_peak  rates component  Xray-Pb.peak_counts                 1574504.487        1632507.935 58003.448 (+3.68 %)
  ASN16_Cs137_house      infer_eq_peak  rates component  Xray-Pb.share_pct                         0.972              0.962 -0.010 (-1.06 %)
  … и ещё 43 строк

ПЕРЕОБЪЯВЛЕНИЕ ASN16_Cs137_house / infer_eq_compton: 104 расхождений с прежним эталоном (2026-09-18 23:58):
  спектр                 режим          полоса           компонент                                  было              стало              Δ
  ASN16_Cs137_house      infer_eq_compt 0-30 кэВ         Cs-137                              5914588.744        5927948.118 13359.374 (+0.23 %)
  ASN16_Cs137_house      infer_eq_compt 0-30 кэВ         Xray-Pb                                   5.722              5.887 0.165 (+2.88 %)
  ASN16_Cs137_house      infer_eq_compt 0-30 кэВ         Xray-Pb-L                             21172.921          22202.452 1029.531 (+4.86 %)
  ASN16_Cs137_house      infer_eq_compt 0-30 кэВ         continuum_raw                         20664.044          21711.033 1046.989 (+5.07 %)
  ASN16_Cs137_house      infer_eq_compt 0-30 кэВ         excess_fit                          2750610.286        2670362.180 -80248.106 (-2.92 %)
  ASN16_Cs137_house      infer_eq_compt 0-30 кэВ         excess_net                          2750610.286        2670362.180 -80248.106 (-2.92 %)
  ASN16_Cs137_house      infer_eq_compt 0-30 кэВ         missing_fit                          919081.061         903898.951 -15182.110 (-1.65 %)
  ASN16_Cs137_house      infer_eq_compt 0-30 кэВ         missing_net                          919081.061         903898.951 -15182.110 (-1.65 %)
  ASN16_Cs137_house      infer_eq_compt 0-30 кэВ         model                              20613637.658       20548571.662 -65065.996 (-0.32 %)
  ASN16_Cs137_house      infer_eq_compt 0-30 кэВ         tail                                1986330.124        1899994.230 -86335.894 (-4.35 %)
  ASN16_Cs137_house      infer_eq_compt 30-100 кэВ       Cs-137                              9340722.920        9394461.726 53738.806 (+0.58 %)
  ASN16_Cs137_house      infer_eq_compt 30-100 кэВ       Xray-Pb                              180703.465         187294.757 6591.292 (+3.65 %)
  ASN16_Cs137_house      infer_eq_compt 30-100 кэВ       continuum_raw                       1223962.002        1370574.979 146612.977 (+11.98 %)
  ASN16_Cs137_house      infer_eq_compt 30-100 кэВ       excess_fit                           298571.437         290989.381 -7582.056 (-2.54 %)
  ASN16_Cs137_house      infer_eq_compt 30-100 кэВ       excess_net                           298571.437         290989.381 -7582.056 (-2.54 %)
  ASN16_Cs137_house      infer_eq_compt 30-100 кэВ       missing_fit                          705866.097         765570.131 59704.034 (+8.46 %)
  ASN16_Cs137_house      infer_eq_compt 30-100 кэВ       missing_net                          705866.097         765570.131 59704.034 (+8.46 %)
  ASN16_Cs137_house      infer_eq_compt 30-100 кэВ       model                              39501420.011       39434133.921 -67286.090 (-0.17 %)
  ASN16_Cs137_house      infer_eq_compt 30-100 кэВ       tail                               12482396.721       12232588.067 -249808.654 (-2.00 %)
  ASN16_Cs137_house      infer_eq_compt 100-300 кэВ      Cs-137                             59620911.120       59195758.076 -425153.044 (-0.71 %)
  ASN16_Cs137_house      infer_eq_compt 100-300 кэВ      Xray-Pb                                  18.534             19.244 0.710 (+3.83 %)
  ASN16_Cs137_house      infer_eq_compt 100-300 кэВ      continuum_raw                       6108002.055        6600269.339 492267.284 (+8.06 %)
  ASN16_Cs137_house      infer_eq_compt 100-300 кэВ      excess_fit                           652184.566         668872.907 16688.341 (+2.56 %)
  ASN16_Cs137_house      infer_eq_compt 100-300 кэВ      excess_net                           652184.566         668872.907 16688.341 (+2.56 %)
  ASN16_Cs137_house      infer_eq_compt 100-300 кэВ      missing_fit                         1488790.775        1511947.240 23156.465 (+1.56 %)
  ASN16_Cs137_house      infer_eq_compt 100-300 кэВ      missing_net                         1488790.775        1511947.240 23156.465 (+1.56 %)
  ASN16_Cs137_house      infer_eq_compt 100-300 кэВ      model                              72177632.689       72171164.565 -6468.124 (-0.01 %)
  ASN16_Cs137_house      infer_eq_compt 100-300 кэВ      tail                                 208173.658         205320.508 -2853.150 (-1.37 %)
  ASN16_Cs137_house      infer_eq_compt 300-700 кэВ      Cs-137                             51457154.173       51240497.275 -216656.898 (-0.42 %)
  ASN16_Cs137_house      infer_eq_compt 300-700 кэВ      continuum_raw                        396514.036         533267.709 136753.673 (+34.49 %)
  ASN16_Cs137_house      infer_eq_compt 300-700 кэВ      excess_fit                          1766419.086        1613843.817 -152575.269 (-8.64 %)
  ASN16_Cs137_house      infer_eq_compt 300-700 кэВ      excess_net                          1766419.086        1613843.817 -152575.269 (-8.64 %)
  ASN16_Cs137_house      infer_eq_compt 300-700 кэВ      missing_fit                         4793930.752        5125079.304 331148.552 (+6.91 %)
  ASN16_Cs137_house      infer_eq_compt 300-700 кэВ      missing_net                         4793930.752        5125079.304 331148.552 (+6.91 %)
  ASN16_Cs137_house      infer_eq_compt 300-700 кэВ      model                             113254086.990      112770363.169 -483723.821 (-0.43 %)
  ASN16_Cs137_house      infer_eq_compt 700-1500 кэВ     Cs-137                                  501.002            482.901 -18.101 (-3.61 %)
  ASN16_Cs137_house      infer_eq_compt 700-1500 кэВ     continuum_raw                        490503.564         493315.101 2811.537 (+0.57 %)
  ASN16_Cs137_house      infer_eq_compt 700-1500 кэВ     excess_fit                            46745.329          47537.036 791.707 (+1.69 %)
  ASN16_Cs137_house      infer_eq_compt 700-1500 кэВ     excess_net                            45685.534          46477.241 791.707 (+1.73 %)
  ASN16_Cs137_house      infer_eq_compt 700-1500 кэВ     missing_fit                          133478.658         135181.715 1703.057 (+1.28 %)
  ASN16_Cs137_house      infer_eq_compt 700-1500 кэВ     missing_net                          133478.658         135181.715 1703.057 (+1.28 %)
  ASN16_Cs137_house      infer_eq_compt 700-1500 кэВ     model                               1143706.633        1142795.283 -911.350 (-0.08 %)
  ASN16_Cs137_house      infer_eq_compt 1500-3000 кэВ    continuum_raw                          3804.540           3806.159 1.619 (+0.04 %)
  ASN16_Cs137_house      infer_eq_compt 1500-3000 кэВ    excess_fit                             7132.824           7132.252 -0.572 (-0.01 %)
  ASN16_Cs137_house      infer_eq_compt 1500-3000 кэВ    excess_net                             2493.240           2492.668 -0.572 (-0.02 %)
  ASN16_Cs137_house      infer_eq_compt 1500-3000 кэВ    missing_fit                            4602.770           4604.106 1.336 (+0.03 %)
  ASN16_Cs137_house      infer_eq_compt 1500-3000 кэВ    missing_net                            4602.770           4604.106 1.336 (+0.03 %)
  ASN16_Cs137_house      infer_eq_compt 1500-3000 кэВ    model                                  4832.889           4830.981 -1.908 (-0.04 %)
  ASN16_Cs137_house      infer_eq_compt rates component  Backscatter.count_rate                    1.963              1.941 -0.022 (-1.12 %)
  ASN16_Cs137_house      infer_eq_compt rates component  Backscatter.peak_counts             8031374.788        7941059.795 -90314.994 (-1.12 %)
  ASN16_Cs137_house      infer_eq_compt rates component  Backscatter.share_pct                     3.336              3.314 -0.022 (-0.66 %)
  ASN16_Cs137_house      infer_eq_compt rates component  Backscatter.z                           102.050            101.208 -0.842 (-0.83 %)
  ASN16_Cs137_house      infer_eq_compt rates component  Cs-137.count_rate                      6763.395           6730.664 -32.731 (-0.48 %)
  ASN16_Cs137_house      infer_eq_compt rates component  Cs-137.decision_threshold_ra              0.715              0.705 -0.010 (-1.40 %)
  ASN16_Cs137_house      infer_eq_compt rates component  Cs-137.detection_limit_rate               1.433              1.413 -0.020 (-1.39 %)
  ASN16_Cs137_house      infer_eq_compt rates component  Cs-137.peak_counts                100657905.798      100158677.569 -499228.229 (-0.50 %)
  ASN16_Cs137_house      infer_eq_compt rates component  Cs-137.share_pct                         94.906             94.904 -0.001 (-0.00 %)
  ASN16_Cs137_house      infer_eq_compt rates component  Cs-137.z                               1789.975           1803.865 13.890 (+0.78 %)
  ASN16_Cs137_house      infer_eq_compt rates component  Xray-Pb.count_rate                       16.201             16.807 0.606 (+3.74 %)
  ASN16_Cs137_house      infer_eq_compt rates component  Xray-Pb.peak_counts                 1574504.487        1632507.935 58003.448 (+3.68 %)
  … и ещё 44 строк

ПЕРЕОБЪЯВЛЕНИЕ AS80_Th232_disk / infer_eq: 167 расхождений с прежним эталоном (2026-09-18 23:58):
  спектр                 режим          полоса           компонент                                  было              стало              Δ
  AS80_Th232_disk        infer_eq       0-30 кэВ         Ac-228                                10616.417          10582.152 -34.265 (-0.32 %)
  AS80_Th232_disk        infer_eq       0-30 кэВ         Bi-212                                 3816.579           3823.065 6.486 (+0.17 %)
  AS80_Th232_disk        infer_eq       0-30 кэВ         Pb-212                                 2248.130           2283.029 34.899 (+1.55 %)
  AS80_Th232_disk        infer_eq       0-30 кэВ         Ra-224                                  167.544            170.499 2.955 (+1.76 %)
  AS80_Th232_disk        infer_eq       0-30 кэВ         Rn-220                                    5.023              5.033 0.010 (+0.20 %)
  AS80_Th232_disk        infer_eq       0-30 кэВ         Th-228                                   29.799             30.160 0.361 (+1.21 %)
  AS80_Th232_disk        infer_eq       0-30 кэВ         Th-232                                    4.417              4.400 -0.017 (-0.38 %)
  AS80_Th232_disk        infer_eq       0-30 кэВ         Tl-208                                 2744.660           2753.728 9.068 (+0.33 %)
  AS80_Th232_disk        infer_eq       0-30 кэВ         Xray-Pb                                2107.745           2083.306 -24.439 (-1.16 %)
  AS80_Th232_disk        infer_eq       0-30 кэВ         Xray-Th                                  61.339             66.350 5.011 (+8.17 %)
  AS80_Th232_disk        infer_eq       0-30 кэВ         continuum_raw                          5808.355           6074.255 265.900 (+4.58 %)
  AS80_Th232_disk        infer_eq       0-30 кэВ         excess_fit                              667.469            676.933 9.464 (+1.42 %)
  AS80_Th232_disk        infer_eq       0-30 кэВ         excess_net                              665.989            675.453 9.464 (+1.42 %)
  AS80_Th232_disk        infer_eq       0-30 кэВ         missing_fit                            3850.953           3860.346 9.393 (+0.24 %)
  AS80_Th232_disk        infer_eq       0-30 кэВ         missing_net                            3850.953           3860.346 9.393 (+0.24 %)
  AS80_Th232_disk        infer_eq       0-30 кэВ         model                                 21801.806          21801.877 0.071 (+0.00 %)
  AS80_Th232_disk        infer_eq       0-30 кэВ         tail                                   5506.152           5334.689 -171.463 (-3.11 %)
  AS80_Th232_disk        infer_eq       30-100 кэВ       Ac-228                                70788.103          70674.659 -113.444 (-0.16 %)
  AS80_Th232_disk        infer_eq       30-100 кэВ       Bi-212                                16560.353          16557.941 -2.412 (-0.01 %)
  AS80_Th232_disk        infer_eq       30-100 кэВ       Pb-212                                60550.851          60530.818 -20.033 (-0.03 %)
  AS80_Th232_disk        infer_eq       30-100 кэВ       Ra-224                                 2977.750           2974.570 -3.180 (-0.11 %)
  AS80_Th232_disk        infer_eq       30-100 кэВ       Rn-220                                   37.974             38.004 0.030 (+0.08 %)
  AS80_Th232_disk        infer_eq       30-100 кэВ       Th-228                                 1557.867           1553.212 -4.655 (-0.30 %)
  AS80_Th232_disk        infer_eq       30-100 кэВ       Th-232                                  136.876            136.614 -0.262 (-0.19 %)
  AS80_Th232_disk        infer_eq       30-100 кэВ       Tl-208                                37318.880          37152.362 -166.518 (-0.45 %)
  AS80_Th232_disk        infer_eq       30-100 кэВ       Xray-Pb                              161617.553         161549.130 -68.423 (-0.04 %)
  AS80_Th232_disk        infer_eq       30-100 кэВ       Xray-Th                                9270.196           9587.689 317.493 (+3.42 %)
  AS80_Th232_disk        infer_eq       30-100 кэВ       continuum_raw                         84458.732          84301.089 -157.643 (-0.19 %)
  AS80_Th232_disk        infer_eq       30-100 кэВ       excess_fit                            13860.883          13835.164 -25.719 (-0.19 %)
  AS80_Th232_disk        infer_eq       30-100 кэВ       excess_net                            13860.883          13835.164 -25.719 (-0.19 %)
  AS80_Th232_disk        infer_eq       30-100 кэВ       missing_fit                           15764.998          15800.654 35.656 (+0.23 %)
  AS80_Th232_disk        infer_eq       30-100 кэВ       missing_net                           15764.998          15800.654 35.656 (+0.23 %)
  AS80_Th232_disk        infer_eq       30-100 кэВ       model                                360817.296         360755.921 -61.375 (-0.02 %)
  AS80_Th232_disk        infer_eq       30-100 кэВ       tail                                   8695.467           8225.591 -469.876 (-5.40 %)
  AS80_Th232_disk        infer_eq       100-300 кэВ      Ac-228                               209159.101         209098.955 -60.146 (-0.03 %)
  AS80_Th232_disk        infer_eq       100-300 кэВ      Bi-212                                20952.227          20918.635 -33.592 (-0.16 %)
  AS80_Th232_disk        infer_eq       100-300 кэВ      Pb-212                               221051.190         221241.334 190.144 (+0.09 %)
  AS80_Th232_disk        infer_eq       100-300 кэВ      Ra-224                                19725.944          19739.745 13.801 (+0.07 %)
  AS80_Th232_disk        infer_eq       100-300 кэВ      Rn-220                                  239.143            239.772 0.629 (+0.26 %)
  AS80_Th232_disk        infer_eq       100-300 кэВ      Th-228                                 1837.959           1839.493 1.534 (+0.08 %)
  AS80_Th232_disk        infer_eq       100-300 кэВ      Th-232                                   54.673             54.676 0.003 (+0.01 %)
  AS80_Th232_disk        infer_eq       100-300 кэВ      Tl-208                               134761.830         134472.288 -289.542 (-0.21 %)
  AS80_Th232_disk        infer_eq       100-300 кэВ      Xray-Pb                                 217.390            216.987 -0.403 (-0.19 %)
  AS80_Th232_disk        infer_eq       100-300 кэВ      Xray-Th                                4049.609           4181.654 132.045 (+3.26 %)
  AS80_Th232_disk        infer_eq       100-300 кэВ      continuum_raw                        202357.519         202266.139 -91.380 (-0.05 %)
  AS80_Th232_disk        infer_eq       100-300 кэВ      excess_fit                            17449.825          17378.597 -71.228 (-0.41 %)
  AS80_Th232_disk        infer_eq       100-300 кэВ      excess_net                            17449.825          17378.597 -71.228 (-0.41 %)
  AS80_Th232_disk        infer_eq       100-300 кэВ      missing_fit                           32072.381          32046.706 -25.675 (-0.08 %)
  AS80_Th232_disk        infer_eq       100-300 кэВ      missing_net                           32072.381          32046.706 -25.675 (-0.08 %)
  AS80_Th232_disk        infer_eq       100-300 кэВ      model                                612052.439         612006.886 -45.553 (-0.01 %)
  AS80_Th232_disk        infer_eq       300-700 кэВ      Ac-228                               176290.400         176400.320 109.920 (+0.06 %)
  AS80_Th232_disk        infer_eq       300-700 кэВ      Bi-212                                18481.482          18534.261 52.779 (+0.29 %)
  AS80_Th232_disk        infer_eq       300-700 кэВ      Pb-212                                 5312.291           5310.873 -1.418 (-0.03 %)
  AS80_Th232_disk        infer_eq       300-700 кэВ      Rn-220                                  341.649            342.434 0.785 (+0.23 %)
  AS80_Th232_disk        infer_eq       300-700 кэВ      Tl-208                               148093.598         147800.949 -292.649 (-0.20 %)
  AS80_Th232_disk        infer_eq       300-700 кэВ      continuum_raw                         72877.042          73260.955 383.913 (+0.53 %)
  AS80_Th232_disk        infer_eq       300-700 кэВ      excess_fit                            13732.343          13754.447 22.104 (+0.16 %)
  AS80_Th232_disk        infer_eq       300-700 кэВ      excess_net                            13732.343          13754.447 22.104 (+0.16 %)
  AS80_Th232_disk        infer_eq       300-700 кэВ      missing_fit                           20684.840          20837.513 152.673 (+0.74 %)
  AS80_Th232_disk        infer_eq       300-700 кэВ      missing_net                           20684.840          20837.513 152.673 (+0.74 %)
  … и ещё 107 строк

ПЕРЕОБЪЯВЛЕНИЕ ASN16_Radon_filter2 / chain_eq: 129 расхождений с прежним эталоном (2026-09-18 23:58):
  спектр                 режим          полоса           компонент                                  было              стало              Δ
  ASN16_Radon_filter2    chain_eq       0-30 кэВ         Ac-228                                 3978.969           3981.453 2.484 (+0.06 %)
  ASN16_Radon_filter2    chain_eq       0-30 кэВ         Bi-212                                  481.075            481.394 0.319 (+0.07 %)
  ASN16_Radon_filter2    chain_eq       0-30 кэВ         Pb-212                                 4757.882           4758.784 0.902 (+0.02 %)
  ASN16_Radon_filter2    chain_eq       0-30 кэВ         Ra-224                                  247.367            247.334 -0.033 (-0.01 %)
  ASN16_Radon_filter2    chain_eq       0-30 кэВ         Rn-220                                    3.050              3.058 0.008 (+0.26 %)
  ASN16_Radon_filter2    chain_eq       0-30 кэВ         Th-228                                  108.116            108.160 0.044 (+0.04 %)
  ASN16_Radon_filter2    chain_eq       0-30 кэВ         Th-232                                   19.886             19.909 0.023 (+0.12 %)
  ASN16_Radon_filter2    chain_eq       0-30 кэВ         Tl-208                                 2144.164           2140.336 -3.828 (-0.18 %)
  ASN16_Radon_filter2    chain_eq       0-30 кэВ         continuum_raw                         11666.035          11666.259 0.224 (+0.00 %)
  ASN16_Radon_filter2    chain_eq       0-30 кэВ         excess_fit                             3542.793           3542.694 -0.099 (-0.00 %)
  ASN16_Radon_filter2    chain_eq       0-30 кэВ         excess_net                             3542.793           3542.694 -0.099 (-0.00 %)
  ASN16_Radon_filter2    chain_eq       0-30 кэВ         missing_fit                            6601.814           6601.805 -0.009 (-0.00 %)
  ASN16_Radon_filter2    chain_eq       0-30 кэВ         missing_net                            6601.814           6601.805 -0.009 (-0.00 %)
  ASN16_Radon_filter2    chain_eq       0-30 кэВ         model                                 11741.327          11741.237 -0.090 (-0.00 %)
  ASN16_Radon_filter2    chain_eq       30-100 кэВ       Ac-228                                 9445.116           9454.102 8.986 (+0.10 %)
  ASN16_Radon_filter2    chain_eq       30-100 кэВ       Bi-212                                  880.821            880.847 0.026 (+0.00 %)
  ASN16_Radon_filter2    chain_eq       30-100 кэВ       Pb-212                                10950.249          10949.313 -0.936 (-0.01 %)
  ASN16_Radon_filter2    chain_eq       30-100 кэВ       Ra-224                                  617.727            617.651 -0.076 (-0.01 %)
  ASN16_Radon_filter2    chain_eq       30-100 кэВ       Rn-220                                    7.998              8.022 0.024 (+0.30 %)
  ASN16_Radon_filter2    chain_eq       30-100 кэВ       Th-228                                  254.940            254.943 0.003 (+0.00 %)
  ASN16_Radon_filter2    chain_eq       30-100 кэВ       Th-232                                   27.640             27.650 0.010 (+0.04 %)
  ASN16_Radon_filter2    chain_eq       30-100 кэВ       Tl-208                                 5260.851           5252.740 -8.111 (-0.15 %)
  ASN16_Radon_filter2    chain_eq       30-100 кэВ       continuum_raw                         26496.266          26500.545 4.279 (+0.02 %)
  ASN16_Radon_filter2    chain_eq       30-100 кэВ       excess_fit                             5487.463           5487.224 -0.239 (-0.00 %)
  ASN16_Radon_filter2    chain_eq       30-100 кэВ       excess_net                             5447.636           5447.397 -0.239 (-0.00 %)
  ASN16_Radon_filter2    chain_eq       30-100 кэВ       missing_fit                            7415.944           7415.780 -0.164 (-0.00 %)
  ASN16_Radon_filter2    chain_eq       30-100 кэВ       missing_net                            7415.944           7415.780 -0.164 (-0.00 %)
  ASN16_Radon_filter2    chain_eq       30-100 кэВ       model                                 27445.469          27445.394 -0.075 (-0.00 %)
  ASN16_Radon_filter2    chain_eq       100-300 кэВ      Ac-228                                 2930.424           2934.132 3.708 (+0.13 %)
  ASN16_Radon_filter2    chain_eq       100-300 кэВ      Bi-212                                  268.140            268.207 0.067 (+0.02 %)
  ASN16_Radon_filter2    chain_eq       100-300 кэВ      Pb-212                                 2384.609           2381.802 -2.807 (-0.12 %)
  ASN16_Radon_filter2    chain_eq       100-300 кэВ      Ra-224                                  208.394            208.157 -0.237 (-0.11 %)
  ASN16_Radon_filter2    chain_eq       100-300 кэВ      Rn-220                                    3.051              3.063 0.012 (+0.39 %)
  ASN16_Radon_filter2    chain_eq       100-300 кэВ      Th-228                                   27.332             27.312 -0.020 (-0.07 %)
  ASN16_Radon_filter2    chain_eq       100-300 кэВ      Tl-208                                 1787.168           1785.723 -1.445 (-0.08 %)
  ASN16_Radon_filter2    chain_eq       100-300 кэВ      continuum_raw                          6398.410           6403.577 5.167 (+0.08 %)
  ASN16_Radon_filter2    chain_eq       100-300 кэВ      excess_fit                            14776.209          14776.374 0.165 (+0.00 %)
  ASN16_Radon_filter2    chain_eq       100-300 кэВ      excess_net                             5241.077           5241.242 0.165 (+0.00 %)
  ASN16_Radon_filter2    chain_eq       100-300 кэВ      missing_fit                            2738.883           2739.796 0.913 (+0.03 %)
  ASN16_Radon_filter2    chain_eq       100-300 кэВ      missing_net                            2738.883           2739.796 0.913 (+0.03 %)
  ASN16_Radon_filter2    chain_eq       100-300 кэВ      model                                  7610.353           7609.605 -0.748 (-0.01 %)
  ASN16_Radon_filter2    chain_eq       300-700 кэВ      Ac-228                                  627.370            627.980 0.610 (+0.10 %)
  ASN16_Radon_filter2    chain_eq       300-700 кэВ      Bi-212                                   72.234             72.287 0.053 (+0.07 %)
  ASN16_Radon_filter2    chain_eq       300-700 кэВ      Pb-212                                   20.145             20.066 -0.079 (-0.39 %)
  ASN16_Radon_filter2    chain_eq       300-700 кэВ      Tl-208                                  525.129            523.586 -1.543 (-0.29 %)
  ASN16_Radon_filter2    chain_eq       300-700 кэВ      continuum_raw                           702.201            703.283 1.082 (+0.15 %)
  ASN16_Radon_filter2    chain_eq       300-700 кэВ      excess_fit                             4389.955           4389.316 -0.639 (-0.01 %)
  ASN16_Radon_filter2    chain_eq       300-700 кэВ      excess_net                              635.143            634.504 -0.639 (-0.10 %)
  ASN16_Radon_filter2    chain_eq       300-700 кэВ      missing_fit                            1610.037           1610.342 0.305 (+0.02 %)
  ASN16_Radon_filter2    chain_eq       300-700 кэВ      missing_net                            1610.037           1610.342 0.305 (+0.02 %)
  ASN16_Radon_filter2    chain_eq       300-700 кэВ      model                                  1245.604           1244.660 -0.944 (-0.08 %)
  ASN16_Radon_filter2    chain_eq       700-1500 кэВ     Ac-228                                  136.021            135.483 -0.538 (-0.40 %)
  ASN16_Radon_filter2    chain_eq       700-1500 кэВ     Bi-212                                   23.451             23.325 -0.126 (-0.54 %)
  ASN16_Radon_filter2    chain_eq       700-1500 кэВ     Tl-208                                  107.926            107.593 -0.333 (-0.31 %)
  ASN16_Radon_filter2    chain_eq       700-1500 кэВ     continuum_raw                            64.919             65.037 0.118 (+0.18 %)
  ASN16_Radon_filter2    chain_eq       700-1500 кэВ     excess_fit                             2774.744           2774.202 -0.542 (-0.02 %)
  ASN16_Radon_filter2    chain_eq       700-1500 кэВ     excess_net                              158.430            157.888 -0.542 (-0.34 %)
  ASN16_Radon_filter2    chain_eq       700-1500 кэВ     missing_fit                            1760.360           1760.787 0.427 (+0.02 %)
  ASN16_Radon_filter2    chain_eq       700-1500 кэВ     missing_net                            1760.360           1760.787 0.427 (+0.02 %)
  ASN16_Radon_filter2    chain_eq       700-1500 кэВ     model                                   267.356            266.387 -0.969 (-0.36 %)
  … и ещё 69 строк

ПЕРЕОБЪЯВЛЕНИЕ ASN16_Radon_filter2 / chain_noeq: 128 расхождений с прежним эталоном (2026-09-18 23:58):
  спектр                 режим          полоса           компонент                                  было              стало              Δ
  ASN16_Radon_filter2    chain_noeq     0-30 кэВ         Pb-212                                11122.755          11122.854 0.099 (+0.00 %)
  ASN16_Radon_filter2    chain_noeq     0-30 кэВ         Ra-224                                  583.664            583.427 -0.237 (-0.04 %)
  ASN16_Radon_filter2    chain_noeq     0-30 кэВ         continuum_raw                         11515.019          11514.438 -0.581 (-0.01 %)
  ASN16_Radon_filter2    chain_noeq     0-30 кэВ         excess_fit                             3518.369           3518.073 -0.296 (-0.01 %)
  ASN16_Radon_filter2    chain_noeq     0-30 кэВ         excess_net                             3518.369           3518.073 -0.296 (-0.01 %)
  ASN16_Radon_filter2    chain_noeq     0-30 кэВ         missing_fit                            6612.304           6612.138 -0.166 (-0.00 %)
  ASN16_Radon_filter2    chain_noeq     0-30 кэВ         missing_net                            6612.304           6612.138 -0.166 (-0.00 %)
  ASN16_Radon_filter2    chain_noeq     0-30 кэВ         model                                 11706.413          11706.283 -0.130 (-0.00 %)
  ASN16_Radon_filter2    chain_noeq     30-100 кэВ       Pb-212                                26720.068          26720.593 0.525 (+0.00 %)
  ASN16_Radon_filter2    chain_noeq     30-100 кэВ       Ra-224                                 1434.419           1433.847 -0.572 (-0.04 %)
  ASN16_Radon_filter2    chain_noeq     30-100 кэВ       continuum_raw                         23597.458          23591.744 -5.714 (-0.02 %)
  ASN16_Radon_filter2    chain_noeq     30-100 кэВ       excess_fit                             4980.596           4979.582 -1.014 (-0.02 %)
  ASN16_Radon_filter2    chain_noeq     30-100 кэВ       excess_net                             4940.769           4939.755 -1.014 (-0.02 %)
  ASN16_Radon_filter2    chain_noeq     30-100 кэВ       missing_fit                            6200.066           6199.108 -0.958 (-0.02 %)
  ASN16_Radon_filter2    chain_noeq     30-100 кэВ       missing_net                            6200.066           6199.108 -0.958 (-0.02 %)
  ASN16_Radon_filter2    chain_noeq     30-100 кэВ       model                                 28154.480          28154.424 -0.056 (-0.00 %)
  ASN16_Radon_filter2    chain_noeq     100-300 кэВ      Pb-212                                 8156.649           8155.729 -0.920 (-0.01 %)
  ASN16_Radon_filter2    chain_noeq     100-300 кэВ      Ra-224                                  720.840            720.835 -0.005 (-0.00 %)
  ASN16_Radon_filter2    chain_noeq     100-300 кэВ      continuum_raw                          3959.118           3957.482 -1.636 (-0.04 %)
  ASN16_Radon_filter2    chain_noeq     100-300 кэВ      excess_fit                            14488.217          14487.302 -0.915 (-0.01 %)
  ASN16_Radon_filter2    chain_noeq     100-300 кэВ      excess_net                             4953.085           4952.170 -0.915 (-0.02 %)
  ASN16_Radon_filter2    chain_noeq     100-300 кэВ      missing_fit                            1183.746           1183.767 0.021 (+0.00 %)
  ASN16_Radon_filter2    chain_noeq     100-300 кэВ      missing_net                            1183.746           1183.767 0.021 (+0.00 %)
  ASN16_Radon_filter2    chain_noeq     100-300 кэВ      model                                  8877.498           8876.562 -0.936 (-0.01 %)
  ASN16_Radon_filter2    chain_noeq     300-700 кэВ      Pb-212                                  417.475            417.663 0.188 (+0.05 %)
  ASN16_Radon_filter2    chain_noeq     300-700 кэВ      excess_fit                             4216.670           4216.787 0.117 (+0.00 %)
  ASN16_Radon_filter2    chain_noeq     300-700 кэВ      excess_net                              461.858            461.975 0.117 (+0.03 %)
  ASN16_Radon_filter2    chain_noeq     300-700 кэВ      missing_fit                            1683.644           1683.573 -0.071 (-0.00 %)
  ASN16_Radon_filter2    chain_noeq     300-700 кэВ      missing_net                            1683.644           1683.573 -0.071 (-0.00 %)
  ASN16_Radon_filter2    chain_noeq     300-700 кэВ      model                                   998.712            998.900 0.188 (+0.02 %)
  ASN16_Radon_filter2    chain_noeq     rates component  Pb-212.count_rate                        15.078             15.092 0.014 (+0.09 %)
  ASN16_Radon_filter2    chain_noeq     rates component  Pb-212.decision_threshold_ra              0.966              0.966 0.000395729 (+0.04 %)
  ASN16_Radon_filter2    chain_noeq     rates component  Pb-212.detection_limit_rate               1.943              1.944 0.000798287 (+0.04 %)
  ASN16_Radon_filter2    chain_noeq     rates component  Pb-212.peak_counts                     9146.133           9152.903 6.771 (+0.07 %)
  ASN16_Radon_filter2    chain_noeq     rates component  Pb-212.share_pct                         91.236             91.237 0.001 (+0.00 %)
  ASN16_Radon_filter2    chain_noeq     rates component  Pb-212.z                                 23.436             23.446 0.010 (+0.04 %)
  ASN16_Radon_filter2    chain_noeq     rates component  Ra-224.count_rate                        15.078             15.092 0.014 (+0.09 %)
  ASN16_Radon_filter2    chain_noeq     rates component  Ra-224.decision_threshold_ra              0.966              0.966 0.000395729 (+0.04 %)
  ASN16_Radon_filter2    chain_noeq     rates component  Ra-224.detection_limit_rate               1.943              1.944 0.000798287 (+0.04 %)
  ASN16_Radon_filter2    chain_noeq     rates component  Ra-224.peak_counts                      442.175            442.410 0.235 (+0.05 %)
  ASN16_Radon_filter2    chain_noeq     rates component  Ra-224.share_pct                          5.384              5.382 -0.002 (-0.03 %)
  ASN16_Radon_filter2    chain_noeq     rates component  Ra-224.z                                 23.436             23.446 0.010 (+0.04 %)
  ASN16_Radon_filter2    chain_noeq     rates grey       above_lines.peak_counts                1719.976           1719.976 -3.88564e-05 (-0.00 %)
  ASN16_Radon_filter2    chain_noeq     rates grey       above_lines.share_pct                     3.381              3.381 6.20341e-05 (+0.00 %)
  ASN16_Radon_filter2    chain_noeq     rates grey       residual_excess.count_rate                0.889              0.889 -5.81487e-05 (-0.01 %)
  ASN16_Radon_filter2    chain_noeq     rates grey       residual_missing.count_rate               0.520              0.520 -3.18315e-05 (-0.01 %)
  ASN16_Radon_filter2    chain_noeq     rates limit      Ac-228.collinearity                       0.111              0.111 -5.78123e-05 (-0.05 %)
  ASN16_Radon_filter2    chain_noeq     rates limit      Ac-228.decision_threshold_ra              1.625              1.623 -0.002 (-0.14 %)
  ASN16_Radon_filter2    chain_noeq     rates limit      Ac-228.detection_limit_rate               3.274              3.269 -0.005 (-0.14 %)
  ASN16_Radon_filter2    chain_noeq     rates limit      Ac-228.limit_peak_counts               1609.184           1607.565 -1.619 (-0.10 %)
  ASN16_Radon_filter2    chain_noeq     rates limit      Bi-212.collinearity                       0.069              0.068 -0.000120671 (-0.18 %)
  ASN16_Radon_filter2    chain_noeq     rates limit      Bi-212.decision_threshold_ra              9.540              9.541 0.000390448 (+0.00 %)
  ASN16_Radon_filter2    chain_noeq     rates limit      Bi-212.detection_limit_rate              19.451             19.452 0.000695106 (+0.00 %)
  ASN16_Radon_filter2    chain_noeq     rates limit      Bi-212.limit_peak_counts                748.134            748.385 0.251 (+0.03 %)
  ASN16_Radon_filter2    chain_noeq     rates limit      Bi-214.collinearity                       0.321              0.321 0.00017005 (+0.05 %)
  ASN16_Radon_filter2    chain_noeq     rates limit      Bi-214.decision_threshold_ra              1.527              1.526 -0.001 (-0.09 %)
  ASN16_Radon_filter2    chain_noeq     rates limit      Bi-214.detection_limit_rate               3.087              3.085 -0.003 (-0.09 %)
  ASN16_Radon_filter2    chain_noeq     rates limit      Bi-214.limit_peak_counts                689.477            688.843 -0.635 (-0.09 %)
  ASN16_Radon_filter2    chain_noeq     rates limit      Pb-210.collinearity                       0.625              0.625 3.91738e-06 (+0.00 %)
  ASN16_Radon_filter2    chain_noeq     rates limit      Pb-210.decision_threshold_ra             14.721             14.708 -0.013 (-0.09 %)
  … и ещё 68 строк

ПЕРЕОБЪЯВЛЕНИЕ G1S24_Rn222Coal_eq01 / sample_eq: 179 расхождений с прежним эталоном (2026-09-18 23:58):
  спектр                 режим          полоса           компонент                                  было              стало              Δ
  G1S24_Rn222Coal_eq01   sample_eq      0-30 кэВ         Bi-212                                  114.821            115.419 0.598 (+0.52 %)
  G1S24_Rn222Coal_eq01   sample_eq      0-30 кэВ         Bi-214                                  871.795            870.706 -1.089 (-0.12 %)
  G1S24_Rn222Coal_eq01   sample_eq      0-30 кэВ         Pb-210                                  163.779            164.886 1.107 (+0.68 %)
  G1S24_Rn222Coal_eq01   sample_eq      0-30 кэВ         Pb-212                                  122.051            122.416 0.365 (+0.30 %)
  G1S24_Rn222Coal_eq01   sample_eq      0-30 кэВ         Pb-214                                 1073.572           1073.959 0.387 (+0.04 %)
  G1S24_Rn222Coal_eq01   sample_eq      0-30 кэВ         Ra-224                                    6.661              6.683 0.022 (+0.33 %)
  G1S24_Rn222Coal_eq01   sample_eq      0-30 кэВ         Ra-226                                   51.379             51.373 -0.006 (-0.01 %)
  G1S24_Rn222Coal_eq01   sample_eq      0-30 кэВ         Th-228                                    2.486              2.493 0.007 (+0.28 %)
  G1S24_Rn222Coal_eq01   sample_eq      0-30 кэВ         Tl-208                                   79.075             79.364 0.289 (+0.37 %)
  G1S24_Rn222Coal_eq01   sample_eq      0-30 кэВ         continuum_raw                          2098.170           2097.453 -0.717 (-0.03 %)
  G1S24_Rn222Coal_eq01   sample_eq      0-30 кэВ         excess_fit                               61.056             61.912 0.856 (+1.40 %)
  G1S24_Rn222Coal_eq01   sample_eq      0-30 кэВ         excess_net                               56.570             57.426 0.856 (+1.51 %)
  G1S24_Rn222Coal_eq01   sample_eq      0-30 кэВ         missing_fit                             542.529            541.703 -0.826 (-0.15 %)
  G1S24_Rn222Coal_eq01   sample_eq      0-30 кэВ         missing_net                             542.529            541.703 -0.826 (-0.15 %)
  G1S24_Rn222Coal_eq01   sample_eq      0-30 кэВ         model                                  2486.502           2488.184 1.682 (+0.07 %)
  G1S24_Rn222Coal_eq01   sample_eq      0-30 кэВ         tail                                      8.864              8.586 -0.278 (-3.14 %)
  G1S24_Rn222Coal_eq01   sample_eq      30-100 кэВ       Bi-212                                  465.522            465.742 0.220 (+0.05 %)
  G1S24_Rn222Coal_eq01   sample_eq      30-100 кэВ       Bi-214                                 8015.827           8005.660 -10.167 (-0.13 %)
  G1S24_Rn222Coal_eq01   sample_eq      30-100 кэВ       Pb-210                                 2710.302           2716.163 5.861 (+0.22 %)
  G1S24_Rn222Coal_eq01   sample_eq      30-100 кэВ       Pb-212                                 3992.935           4007.679 14.744 (+0.37 %)
  G1S24_Rn222Coal_eq01   sample_eq      30-100 кэВ       Pb-214                                21755.558          21744.307 -11.251 (-0.05 %)
  G1S24_Rn222Coal_eq01   sample_eq      30-100 кэВ       Ra-224                                   91.269             91.640 0.371 (+0.41 %)
  G1S24_Rn222Coal_eq01   sample_eq      30-100 кэВ       Ra-226                                  850.308            850.355 0.047 (+0.01 %)
  G1S24_Rn222Coal_eq01   sample_eq      30-100 кэВ       Th-228                                  119.635            120.062 0.427 (+0.36 %)
  G1S24_Rn222Coal_eq01   sample_eq      30-100 кэВ       Tl-208                                  888.351            888.367 0.016 (+0.00 %)
  G1S24_Rn222Coal_eq01   sample_eq      30-100 кэВ       continuum_raw                         11166.126          11139.169 -26.957 (-0.24 %)
  G1S24_Rn222Coal_eq01   sample_eq      30-100 кэВ       excess_fit                             4033.117           4016.815 -16.302 (-0.40 %)
  G1S24_Rn222Coal_eq01   sample_eq      30-100 кэВ       excess_net                             4033.117           4016.815 -16.302 (-0.40 %)
  G1S24_Rn222Coal_eq01   sample_eq      30-100 кэВ       missing_fit                            4753.266           4736.704 -16.562 (-0.35 %)
  G1S24_Rn222Coal_eq01   sample_eq      30-100 кэВ       missing_net                            4753.266           4736.704 -16.562 (-0.35 %)
  G1S24_Rn222Coal_eq01   sample_eq      30-100 кэВ       model                                 38898.155          38898.415 0.260 (+0.00 %)
  G1S24_Rn222Coal_eq01   sample_eq      30-100 кэВ       other                                     8.449              8.433 -0.016 (-0.19 %)
  G1S24_Rn222Coal_eq01   sample_eq      30-100 кэВ       tail                                      0.184              0.174 -0.010 (-5.43 %)
  G1S24_Rn222Coal_eq01   sample_eq      100-300 кэВ      Bi-212                                  362.143            363.807 1.664 (+0.46 %)
  G1S24_Rn222Coal_eq01   sample_eq      100-300 кэВ      Bi-214                                25029.075          24994.794 -34.281 (-0.14 %)
  G1S24_Rn222Coal_eq01   sample_eq      100-300 кэВ      Pb-212                                 4697.627           4713.154 15.527 (+0.33 %)
  G1S24_Rn222Coal_eq01   sample_eq      100-300 кэВ      Pb-214                                29306.298          29309.918 3.620 (+0.01 %)
  G1S24_Rn222Coal_eq01   sample_eq      100-300 кэВ      Ra-224                                  415.793            417.195 1.402 (+0.34 %)
  G1S24_Rn222Coal_eq01   sample_eq      100-300 кэВ      Ra-226                                 2849.374           2850.821 1.447 (+0.05 %)
  G1S24_Rn222Coal_eq01   sample_eq      100-300 кэВ      Th-228                                   48.944             49.138 0.194 (+0.40 %)
  G1S24_Rn222Coal_eq01   sample_eq      100-300 кэВ      Tl-208                                 2330.860           2344.313 13.453 (+0.58 %)
  G1S24_Rn222Coal_eq01   sample_eq      100-300 кэВ      continuum_raw                         24430.757          24407.075 -23.682 (-0.10 %)
  G1S24_Rn222Coal_eq01   sample_eq      100-300 кэВ      excess_fit                             1863.709           1850.580 -13.129 (-0.70 %)
  G1S24_Rn222Coal_eq01   sample_eq      100-300 кэВ      excess_net                             1863.709           1850.580 -13.129 (-0.70 %)
  G1S24_Rn222Coal_eq01   sample_eq      100-300 кэВ      missing_fit                            2040.664           2024.475 -16.189 (-0.79 %)
  G1S24_Rn222Coal_eq01   sample_eq      100-300 кэВ      missing_net                            2040.664           2024.475 -16.189 (-0.79 %)
  G1S24_Rn222Coal_eq01   sample_eq      100-300 кэВ      model                                 65069.502          65072.562 3.060 (+0.00 %)
  G1S24_Rn222Coal_eq01   sample_eq      100-300 кэВ      other                                    29.381             29.423 0.042 (+0.14 %)
  G1S24_Rn222Coal_eq01   sample_eq      300-700 кэВ      Bi-212                                  356.485            358.886 2.401 (+0.67 %)
  G1S24_Rn222Coal_eq01   sample_eq      300-700 кэВ      Bi-214                                32516.582          32497.729 -18.853 (-0.06 %)
  G1S24_Rn222Coal_eq01   sample_eq      300-700 кэВ      Pb-212                                   90.067             90.377 0.310 (+0.34 %)
  G1S24_Rn222Coal_eq01   sample_eq      300-700 кэВ      Pb-214                                18175.517          18176.469 0.952 (+0.01 %)
  G1S24_Rn222Coal_eq01   sample_eq      300-700 кэВ      Tl-208                                 2722.718           2733.384 10.666 (+0.39 %)
  G1S24_Rn222Coal_eq01   sample_eq      300-700 кэВ      continuum_raw                         13107.326          13105.119 -2.207 (-0.02 %)
  G1S24_Rn222Coal_eq01   sample_eq      300-700 кэВ      excess_fit                             1658.954           1656.641 -2.313 (-0.14 %)
  G1S24_Rn222Coal_eq01   sample_eq      300-700 кэВ      excess_net                             1658.954           1656.641 -2.313 (-0.14 %)
  G1S24_Rn222Coal_eq01   sample_eq      300-700 кэВ      missing_fit                            1893.748           1895.918 2.170 (+0.11 %)
  G1S24_Rn222Coal_eq01   sample_eq      300-700 кэВ      missing_net                            1893.748           1895.918 2.170 (+0.11 %)
  G1S24_Rn222Coal_eq01   sample_eq      300-700 кэВ      model                                 53899.383          53894.900 -4.483 (-0.01 %)
  G1S24_Rn222Coal_eq01   sample_eq      300-700 кэВ      other                                    38.028             38.046 0.018 (+0.05 %)
  … и ещё 119 строк

ПЕРЕОБЪЯВЛЕНИЕ G1S24_Rn222Coal_eq01 / sample_noeq: 178 расхождений с прежним эталоном (2026-09-18 23:58):
  спектр                 режим          полоса           компонент                                  было              стало              Δ
  G1S24_Rn222Coal_eq01   sample_noeq    0-30 кэВ         Bi-214                                 1285.541           1285.958 0.417 (+0.03 %)
  G1S24_Rn222Coal_eq01   sample_noeq    0-30 кэВ         Pb-212                                  174.720            175.572 0.852 (+0.49 %)
  G1S24_Rn222Coal_eq01   sample_noeq    0-30 кэВ         Pb-214                                 1359.217           1360.813 1.596 (+0.12 %)
  G1S24_Rn222Coal_eq01   sample_noeq    0-30 кэВ         Ra-224                                    9.700              9.747 0.047 (+0.48 %)
  G1S24_Rn222Coal_eq01   sample_noeq    0-30 кэВ         Tl-208                                   84.574             84.282 -0.292 (-0.35 %)
  G1S24_Rn222Coal_eq01   sample_noeq    0-30 кэВ         continuum_raw                          2877.031           2879.680 2.649 (+0.09 %)
  G1S24_Rn222Coal_eq01   sample_noeq    0-30 кэВ         excess_fit                               92.633             93.555 0.922 (+1.00 %)
  G1S24_Rn222Coal_eq01   sample_noeq    0-30 кэВ         excess_net                               88.147             89.069 0.922 (+1.05 %)
  G1S24_Rn222Coal_eq01   sample_noeq    0-30 кэВ         missing_fit                             146.855            145.157 -1.698 (-1.16 %)
  G1S24_Rn222Coal_eq01   sample_noeq    0-30 кэВ         missing_net                             146.855            145.157 -1.698 (-1.16 %)
  G1S24_Rn222Coal_eq01   sample_noeq    0-30 кэВ         model                                  2913.753           2916.373 2.620 (+0.09 %)
  G1S24_Rn222Coal_eq01   sample_noeq    0-30 кэВ         tail                                      2.217              2.145 -0.072 (-3.25 %)
  G1S24_Rn222Coal_eq01   sample_noeq    30-100 кэВ       Bi-214                                 9760.208           9754.507 -5.701 (-0.06 %)
  G1S24_Rn222Coal_eq01   sample_noeq    30-100 кэВ       Pb-212                                 4153.382           4169.689 16.307 (+0.39 %)
  G1S24_Rn222Coal_eq01   sample_noeq    30-100 кэВ       Pb-214                                23399.239          23394.828 -4.411 (-0.02 %)
  G1S24_Rn222Coal_eq01   sample_noeq    30-100 кэВ       Ra-224                                  104.707            105.185 0.478 (+0.46 %)
  G1S24_Rn222Coal_eq01   sample_noeq    30-100 кэВ       Tl-208                                  734.762            729.343 -5.419 (-0.74 %)
  G1S24_Rn222Coal_eq01   sample_noeq    30-100 кэВ       continuum_raw                         13949.188          13940.003 -9.185 (-0.07 %)
  G1S24_Rn222Coal_eq01   sample_noeq    30-100 кэВ       excess_fit                             1461.349           1452.380 -8.969 (-0.61 %)
  G1S24_Rn222Coal_eq01   sample_noeq    30-100 кэВ       excess_net                             1461.349           1452.380 -8.969 (-0.61 %)
  G1S24_Rn222Coal_eq01   sample_noeq    30-100 кэВ       missing_fit                            2927.359           2917.134 -10.225 (-0.35 %)
  G1S24_Rn222Coal_eq01   sample_noeq    30-100 кэВ       missing_net                            2927.359           2917.134 -10.225 (-0.35 %)
  G1S24_Rn222Coal_eq01   sample_noeq    30-100 кэВ       model                                 38152.294          38153.550 1.256 (+0.00 %)
  G1S24_Rn222Coal_eq01   sample_noeq    30-100 кэВ       tail                                      0.295              0.283 -0.012 (-4.07 %)
  G1S24_Rn222Coal_eq01   sample_noeq    100-300 кэВ      Bi-214                                26630.831          26606.100 -24.731 (-0.09 %)
  G1S24_Rn222Coal_eq01   sample_noeq    100-300 кэВ      Pb-212                                 4869.991           4887.317 17.326 (+0.36 %)
  G1S24_Rn222Coal_eq01   sample_noeq    100-300 кэВ      Pb-214                                31344.528          31361.972 17.444 (+0.06 %)
  G1S24_Rn222Coal_eq01   sample_noeq    100-300 кэВ      Ra-224                                  431.086            432.628 1.542 (+0.36 %)
  G1S24_Rn222Coal_eq01   sample_noeq    100-300 кэВ      Tl-208                                 1806.227           1801.621 -4.606 (-0.26 %)
  G1S24_Rn222Coal_eq01   sample_noeq    100-300 кэВ      continuum_raw                         25666.330          25665.512 -0.818 (-0.00 %)
  G1S24_Rn222Coal_eq01   sample_noeq    100-300 кэВ      excess_fit                             1024.861           1029.667 4.806 (+0.47 %)
  G1S24_Rn222Coal_eq01   sample_noeq    100-300 кэВ      excess_net                             1024.861           1029.667 4.806 (+0.47 %)
  G1S24_Rn222Coal_eq01   sample_noeq    100-300 кэВ      missing_fit                            1188.648           1186.484 -2.164 (-0.18 %)
  G1S24_Rn222Coal_eq01   sample_noeq    100-300 кэВ      missing_net                            1188.648           1186.484 -2.164 (-0.18 %)
  G1S24_Rn222Coal_eq01   sample_noeq    100-300 кэВ      model                                 65082.670          65089.640 6.970 (+0.01 %)
  G1S24_Rn222Coal_eq01   sample_noeq    300-700 кэВ      Bi-214                                33226.672          33225.001 -1.671 (-0.01 %)
  G1S24_Rn222Coal_eq01   sample_noeq    300-700 кэВ      Pb-212                                   86.473             86.815 0.342 (+0.40 %)
  G1S24_Rn222Coal_eq01   sample_noeq    300-700 кэВ      Pb-214                                18663.428          18667.722 4.294 (+0.02 %)
  G1S24_Rn222Coal_eq01   sample_noeq    300-700 кэВ      Tl-208                                 2028.475           2019.902 -8.573 (-0.42 %)
  G1S24_Rn222Coal_eq01   sample_noeq    300-700 кэВ      continuum_raw                         12375.084          12397.513 22.429 (+0.18 %)
  G1S24_Rn222Coal_eq01   sample_noeq    300-700 кэВ      excess_fit                             1774.234           1767.752 -6.482 (-0.37 %)
  G1S24_Rn222Coal_eq01   sample_noeq    300-700 кэВ      excess_net                             1774.234           1767.752 -6.482 (-0.37 %)
  G1S24_Rn222Coal_eq01   sample_noeq    300-700 кэВ      missing_fit                            1903.358           1902.484 -0.874 (-0.05 %)
  G1S24_Rn222Coal_eq01   sample_noeq    300-700 кэВ      missing_net                            1903.358           1902.484 -0.874 (-0.05 %)
  G1S24_Rn222Coal_eq01   sample_noeq    300-700 кэВ      model                                 54005.053          53999.445 -5.608 (-0.01 %)
  G1S24_Rn222Coal_eq01   sample_noeq    700-1500 кэВ     Bi-214                                20332.949          20339.944 6.995 (+0.03 %)
  G1S24_Rn222Coal_eq01   sample_noeq    700-1500 кэВ     Pb-214                                  336.897            337.310 0.413 (+0.12 %)
  G1S24_Rn222Coal_eq01   sample_noeq    700-1500 кэВ     Tl-208                                  936.458            931.736 -4.722 (-0.50 %)
  G1S24_Rn222Coal_eq01   sample_noeq    700-1500 кэВ     continuum_raw                          7711.384           7708.673 -2.711 (-0.04 %)
  G1S24_Rn222Coal_eq01   sample_noeq    700-1500 кэВ     excess_fit                             1335.723           1337.327 1.604 (+0.12 %)
  G1S24_Rn222Coal_eq01   sample_noeq    700-1500 кэВ     excess_net                             1335.723           1337.327 1.604 (+0.12 %)
  G1S24_Rn222Coal_eq01   sample_noeq    700-1500 кэВ     missing_fit                            1541.250           1540.159 -1.091 (-0.07 %)
  G1S24_Rn222Coal_eq01   sample_noeq    700-1500 кэВ     missing_net                            1541.250           1540.159 -1.091 (-0.07 %)
  G1S24_Rn222Coal_eq01   sample_noeq    700-1500 кэВ     model                                 21606.299          21608.994 2.695 (+0.01 %)
  G1S24_Rn222Coal_eq01   sample_noeq    1500-3000 кэВ    Bi-214                                 4923.888           4921.345 -2.543 (-0.05 %)
  G1S24_Rn222Coal_eq01   sample_noeq    1500-3000 кэВ    Tl-208                                 1228.593           1228.815 0.222 (+0.02 %)
  G1S24_Rn222Coal_eq01   sample_noeq    1500-3000 кэВ    continuum_raw                          1648.941           1655.532 6.591 (+0.40 %)
  G1S24_Rn222Coal_eq01   sample_noeq    1500-3000 кэВ    excess_fit                              965.122            963.180 -1.942 (-0.20 %)
  G1S24_Rn222Coal_eq01   sample_noeq    1500-3000 кэВ    excess_net                              865.050            863.108 -1.942 (-0.22 %)
  G1S24_Rn222Coal_eq01   sample_noeq    1500-3000 кэВ    missing_fit                             894.853            895.223 0.370 (+0.04 %)
  … и ещё 118 строк
  ASN16_Cs137_10cm / sample_nomatrix: числа те же, что в эталоне 2026-09-18 23:58 (переписано клеймо)

ЭТАЛОН ОБЪЯВЛЕН 2026-09-19 12:23 (HEAD 645d4870): 9 пар, из них с изменившимися числами 8 — C:\Users\moroz\source\repos\BQ Eng res .NET 4.8\tools\fsa_showcase\reference
эталон переобъявлен — diff выше в отчёт полосы; файлы reference\*.json — в коммит
