exe sha256: B02E749AAA43566CCD899365E0F479B53AFE91D4E0891F32A48F784A67E37E10
app sha256: ED4EF953E2F71D0DCD1BBF74935174AC56CEC61FD65AC42FC0F250C6105BD6A3
E10: самопоглощение маринелли, NaI 76.2x76.2, историй 4000000, потоков 14
заданий: 180
  [1/180] J E=1460.8 SiO2 rho=2.4: eps=2.9205E-002 ±0.22 %  (54 с)
  [2/180] J E=911.2 SiO2 rho=1.6: eps=4.4608E-002 ±0.17 %  (55 с)
  [20/180] J E=338.3 SiO2 rho=0.4: eps=1.1063E-001 ±0.11 %  (116 с)
  [40/180] C05 E=338.3 SiO2 rho=0.8: eps=1.0992E-001 ±0.11 %  (185 с)
  [60/180] C05 E=1460.8 Air rho=0.001205: eps=3.4613E-002 ±0.21 %  (279 с)
  [80/180] C05 E=238.6 SiO2 rho=1.2: eps=1.2844E-001 ±0.10 %  (346 с)
  [100/180] J E=911.2 H2O rho=1: eps=4.6307E-002 ±0.17 %  (431 с)
  [120/180] C05 E=911.2 SiO2 rho=0.02: eps=5.1534E-002 ±0.17 %  (500 с)
  [140/180] C1 E=238.6 SiO2 rho=2.8: eps=8.2333E-002 ±0.11 %  (585 с)
  [160/180] J E=338.3 H2O rho=1: eps=1.0203E-001 ±0.11 %  (660 с)
  [180/180] C1 E=2614.5 SiO2 rho=2.8: eps=1.4542E-002 ±0.29 %  (918 с)
счёт занял 918 с

=== сцена J: Jodłowski 710 мл, Al 1 мм, слой 19 мм
    объём пробы 710.0 мл; точечный детектор ДЕБ на 39.1 мм под нижней поверхностью пробы
    ДЕБ на 238.6 кэВ, ρ = 2.4: глубина 39.1 мм → Cs 1.3222; глубина 41.6 мм → Cs 1.3213 (разница -0.07 %)
      E,кэВ  вещ.     ρ |          ε     ±% |   Cs_МК  Cs_ДЕБ  ДЕБ_нк Cs_ФОРМ | МК−ДЕБ% МК−ФОРМ%
      238.6   H2O  1.00 | 1.234E-001   0.10 |  1.1526  1.1405  1.1393       - |    1.07       -
      контроль воды на 238.6: F = 0.8676 (ожидание ≤ 0.95) — ДА
      238.6  SiO2  0.02 | 1.419E-001   0.09 |  1.0020  1.0025  1.0024  1.0023 |   -0.05   -0.04
      контроль ρ→0: F = 0.9981 (ожидание 1.000 ± 0.5 %) — ДА
      238.6  SiO2  0.40 | 1.353E-001   0.09 |  1.0513  1.0499  1.0490  1.0479 |    0.13    0.33
      238.6  SiO2  0.80 | 1.284E-001   0.09 |  1.1077  1.1013  1.0996  1.0980 |    0.58    0.88
      238.6  SiO2  1.20 | 1.221E-001   0.10 |  1.1645  1.1543  1.1516  1.1505 |    0.89    1.21
      238.6  SiO2  1.60 | 1.163E-001   0.10 |  1.2224  1.2087  1.2051  1.2056 |    1.13    1.39
      238.6  SiO2  2.00 | 1.108E-001   0.10 |  1.2828  1.2647  1.2601  1.2633 |    1.43    1.54
      238.6  SiO2  2.40 | 1.059E-001   0.10 |  1.3429  1.3222  1.3165  1.3238 |    1.57    1.45
      238.6  SiO2  2.80 | 1.011E-001   0.10 |  1.4069  1.3812  1.3743  1.3871 |    1.86    1.43
      338.3   H2O  1.00 | 1.020E-001   0.11 |  1.1368  1.1230  1.1224       - |    1.23       -
      338.3  SiO2  0.02 | 1.157E-001   0.10 |  1.0027  1.0021  1.0021  1.0020 |    0.05    0.06
      контроль ρ→0: F = 0.9973 (ожидание 1.000 ± 0.5 %) — ДА
      338.3  SiO2  0.40 | 1.106E-001   0.11 |  1.0484  1.0435  1.0431  1.0418 |    0.47    0.63
      338.3  SiO2  0.80 | 1.056E-001   0.11 |  1.0988  1.0882  1.0873  1.0853 |    0.98    1.25
      338.3  SiO2  1.20 | 1.010E-001   0.11 |  1.1484  1.1340  1.1327  1.1307 |    1.27    1.57
      338.3  SiO2  1.60 | 9.652E-002   0.11 |  1.2017  1.1810  1.1792  1.1779 |    1.75    2.02
      338.3  SiO2  2.00 | 9.251E-002   0.11 |  1.2537  1.2292  1.2269  1.2272 |    1.99    2.16
      338.3  SiO2  2.40 | 8.864E-002   0.11 |  1.3084  1.2785  1.2757  1.2784 |    2.34    2.35
      338.3  SiO2  2.80 | 8.499E-002   0.12 |  1.3646  1.3289  1.3256  1.3319 |    2.68    2.46
      583.2   H2O  1.00 | 6.671E-002   0.14 |  1.1112  1.0977  1.0976       - |    1.23       -
      583.2  SiO2  0.02 | 7.396E-002   0.14 |  1.0023  1.0017  1.0017  1.0016 |    0.06    0.06
      контроль ρ→0: F = 0.9977 (ожидание 1.000 ± 0.5 %) — ДА
      583.2  SiO2  0.40 | 7.133E-002   0.14 |  1.0392  1.0346  1.0344  1.0333 |    0.45    0.58
      583.2  SiO2  0.80 | 6.853E-002   0.14 |  1.0817  1.0699  1.0696  1.0677 |    1.10    1.31
      583.2  SiO2  1.20 | 6.619E-002   0.14 |  1.1200  1.1060  1.1056  1.1032 |    1.27    1.52
      583.2  SiO2  1.60 | 6.387E-002   0.14 |  1.1606  1.1428  1.1422  1.1400 |    1.55    1.81
      583.2  SiO2  2.00 | 6.147E-002   0.14 |  1.2059  1.1804  1.1796  1.1779 |    2.16    2.38
      583.2  SiO2  2.40 | 5.937E-002   0.15 |  1.2486  1.2187  1.2178  1.2171 |    2.45    2.59
      583.2  SiO2  2.80 | 5.744E-002   0.15 |  1.2906  1.2577  1.2566  1.2576 |    2.62    2.62
      911.2   H2O  1.00 | 4.631E-002   0.17 |  1.0939  1.0793  1.0792       - |    1.35       -
      911.2  SiO2  0.02 | 5.059E-002   0.17 |  1.0013  1.0014  1.0014  1.0013 |   -0.01   -0.01
      контроль ρ→0: F = 0.9987 (ожидание 1.000 ± 0.5 %) — ДА
      911.2  SiO2  0.40 | 4.892E-002   0.17 |  1.0354  1.0281  1.0281  1.0272 |    0.71    0.79
      911.2  SiO2  0.80 | 4.746E-002   0.17 |  1.0672  1.0567  1.0566  1.0552 |    0.99    1.14
      911.2  SiO2  1.20 | 4.602E-002   0.17 |  1.1007  1.0858  1.0856  1.0839 |    1.37    1.55
      911.2  SiO2  1.60 | 4.461E-002   0.17 |  1.1355  1.1154  1.1152  1.1135 |    1.80    1.98
      911.2  SiO2  2.00 | 4.315E-002   0.18 |  1.1740  1.1455  1.1452  1.1438 |    2.49    2.64
      911.2  SiO2  2.40 | 4.187E-002   0.18 |  1.2097  1.1761  1.1757  1.1749 |    2.86    2.96
      911.2  SiO2  2.80 | 4.070E-002   0.18 |  1.2447  1.2072  1.2067  1.2069 |    3.11    3.12
     1460.8   H2O  1.00 | 3.148E-002   0.21 |  1.0746  1.0622  1.0622       - |    1.16       -
     1460.8  SiO2  0.02 | 3.390E-002   0.21 |  0.9981  1.0011  1.0011  1.0011 |   -0.30   -0.30
      контроль ρ→0: F = 1.0019 (ожидание 1.000 ± 0.5 %) — ДА
     1460.8  SiO2  0.40 | 3.315E-002   0.21 |  1.0207  1.0221  1.0221  1.0217 |   -0.15   -0.10
     1460.8  SiO2  0.80 | 3.227E-002   0.21 |  1.0484  1.0446  1.0446  1.0439 |    0.36    0.43
     1460.8  SiO2  1.20 | 3.130E-002   0.21 |  1.0807  1.0674  1.0673  1.0666 |    1.25    1.33
     1460.8  SiO2  1.60 | 3.065E-002   0.22 |  1.1040  1.0905  1.0904  1.0897 |    1.24    1.31
     1460.8  SiO2  2.00 | 2.999E-002   0.22 |  1.1281  1.1138  1.1137  1.1134 |    1.28    1.32
     1460.8  SiO2  2.40 | 2.920E-002   0.22 |  1.1584  1.1375  1.1374  1.1376 |    1.84    1.83
     1460.8  SiO2  2.80 | 2.852E-002   0.22 |  1.1862  1.1615  1.1614  1.1623 |    2.13    2.06
     2614.5   H2O  1.00 | 1.868E-002   0.28 |  1.0513  1.0454  1.0454       - |    0.57       -
     2614.5  SiO2  0.02 | 1.966E-002   0.28 |  0.9990  1.0008  1.0008  1.0008 |   -0.18   -0.18
      контроль ρ→0: F = 1.0010 (ожидание 1.000 ± 0.5 %) — ДА
     2614.5  SiO2  0.40 | 1.930E-002   0.28 |  1.0176  1.0164  1.0164  1.0161 |    0.12    0.15
     2614.5  SiO2  0.80 | 1.887E-002   0.28 |  1.0408  1.0330  1.0330  1.0325 |    0.75    0.80
     2614.5  SiO2  1.20 | 1.862E-002   0.29 |  1.0548  1.0497  1.0497  1.0491 |    0.48    0.54
     2614.5  SiO2  1.60 | 1.823E-002   0.29 |  1.0775  1.0666  1.0666  1.0660 |    1.02    1.08
     2614.5  SiO2  2.00 | 1.790E-002   0.29 |  1.0973  1.0837  1.0837  1.0831 |    1.26    1.31
     2614.5  SiO2  2.40 | 1.759E-002   0.29 |  1.1169  1.1010  1.1009  1.1006 |    1.44    1.48
     2614.5  SiO2  2.80 | 1.725E-002   0.29 |  1.1388  1.1184  1.1183  1.1183 |    1.83    1.84

=== сцена C05: маринелли 0.5 л (допущение): Ø 120, PP 1.5, колодец Ø 84×60, верх 19
    объём пробы 499.9 мл; точечный детектор ДЕБ на 42.1 мм под нижней поверхностью пробы
    ДЕБ на 238.6 кэВ, ρ = 2.4: глубина 39.1 мм → Cs 1.2728; глубина 42.1 мм → Cs 1.2716 (разница -0.10 %)
      E,кэВ  вещ.     ρ |          ε     ±% |   Cs_МК  Cs_ДЕБ  ДЕБ_нк Cs_ФОРМ | МК−ДЕБ% МК−ФОРМ%
      238.6   H2O  1.00 | 1.298E-001   0.10 |  1.1324  1.1194  1.1184       - |    1.16       -
      контроль воды на 238.6: F = 0.8831 (ожидание ≤ 0.95) — ДА
      238.6  SiO2  0.02 | 1.467E-001   0.09 |  1.0022  1.0021  1.0021       - |    0.01       -
      контроль ρ→0: F = 0.9978 (ожидание 1.000 ± 0.5 %) — ДА
      238.6  SiO2  0.40 | 1.405E-001   0.09 |  1.0462  1.0426  1.0419       - |    0.35       -
      238.6  SiO2  0.80 | 1.344E-001   0.10 |  1.0937  1.0863  1.0848       - |    0.69       -
      238.6  SiO2  1.20 | 1.284E-001   0.10 |  1.1448  1.1310  1.1288       - |    1.22       -
      238.6  SiO2  1.60 | 1.230E-001   0.10 |  1.1956  1.1768  1.1738       - |    1.59       -
      238.6  SiO2  2.00 | 1.180E-001   0.10 |  1.2462  1.2237  1.2198       - |    1.84       -
      238.6  SiO2  2.40 | 1.132E-001   0.10 |  1.2986  1.2716  1.2668       - |    2.13       -
      238.6  SiO2  2.80 | 1.086E-001   0.10 |  1.3543  1.3205  1.3148       - |    2.56       -
      338.3   H2O  1.00 | 1.066E-001   0.11 |  1.1218  1.1046  1.1042       - |    1.55       -
      338.3  SiO2  0.02 | 1.192E-001   0.11 |  1.0026  1.0018  1.0018       - |    0.08       -
      контроль ρ→0: F = 0.9974 (ожидание 1.000 ± 0.5 %) — ДА
      338.3  SiO2  0.40 | 1.147E-001   0.11 |  1.0421  1.0372  1.0368       - |    0.48       -
      338.3  SiO2  0.80 | 1.099E-001   0.11 |  1.0876  1.0751  1.0744       - |    1.16       -
      338.3  SiO2  1.20 | 1.057E-001   0.11 |  1.1315  1.1139  1.1128       - |    1.58       -
      338.3  SiO2  1.60 | 1.016E-001   0.11 |  1.1769  1.1535  1.1520       - |    2.02       -
      338.3  SiO2  2.00 | 9.776E-002   0.11 |  1.2229  1.1939  1.1920       - |    2.42       -
      338.3  SiO2  2.40 | 9.412E-002   0.11 |  1.2701  1.2352  1.2328       - |    2.83       -
      338.3  SiO2  2.80 | 9.068E-002   0.12 |  1.3183  1.2772  1.2743       - |    3.22       -
      583.2   H2O  1.00 | 6.930E-002   0.14 |  1.1008  1.0833  1.0831       - |    1.62       -
      583.2  SiO2  0.02 | 7.620E-002   0.14 |  1.0010  1.0015  1.0015       - |   -0.04       -
      контроль ρ→0: F = 0.9990 (ожидание 1.000 ± 0.5 %) — ДА
      583.2  SiO2  0.40 | 7.350E-002   0.14 |  1.0379  1.0296  1.0294       - |    0.81       -
      583.2  SiO2  0.80 | 7.110E-002   0.14 |  1.0728  1.0596  1.0594       - |    1.25       -
      583.2  SiO2  1.20 | 6.877E-002   0.14 |  1.1092  1.0902  1.0899       - |    1.73       -
      583.2  SiO2  1.60 | 6.642E-002   0.14 |  1.1485  1.1214  1.1209       - |    2.42       -
      583.2  SiO2  2.00 | 6.443E-002   0.14 |  1.1838  1.1530  1.1524       - |    2.67       -
      583.2  SiO2  2.40 | 6.237E-002   0.15 |  1.2230  1.1852  1.1844       - |    3.19       -
      583.2  SiO2  2.80 | 6.047E-002   0.15 |  1.2615  1.2178  1.2169       - |    3.59       -
      911.2   H2O  1.00 | 4.778E-002   0.18 |  1.0811  1.0676  1.0675       - |    1.26       -
      911.2  SiO2  0.02 | 5.153E-002   0.17 |  1.0023  1.0012  1.0012       - |    0.11       -
      контроль ρ→0: F = 0.9977 (ожидание 1.000 ± 0.5 %) — ДА
      911.2  SiO2  0.40 | 5.023E-002   0.17 |  1.0283  1.0240  1.0240       - |    0.42       -
      911.2  SiO2  0.80 | 4.877E-002   0.17 |  1.0591  1.0484  1.0483       - |    1.01       -
      911.2  SiO2  1.20 | 4.748E-002   0.18 |  1.0880  1.0731  1.0730       - |    1.38       -
      911.2  SiO2  1.60 | 4.625E-002   0.18 |  1.1167  1.0982  1.0980       - |    1.69       -
      911.2  SiO2  2.00 | 4.507E-002   0.18 |  1.1461  1.1236  1.1234       - |    2.00       -
      911.2  SiO2  2.40 | 4.387E-002   0.18 |  1.1773  1.1494  1.1491       - |    2.43       -
      911.2  SiO2  2.80 | 4.263E-002   0.18 |  1.2116  1.1755  1.1751       - |    3.07       -
     1460.8   H2O  1.00 | 3.252E-002   0.22 |  1.0644  1.0531  1.0531       - |    1.08       -
     1460.8  SiO2  0.02 | 3.467E-002   0.21 |  0.9985  1.0009  1.0009       - |   -0.25       -
      контроль ρ→0: F = 1.0016 (ожидание 1.000 ± 0.5 %) — ДА
     1460.8  SiO2  0.40 | 3.384E-002   0.22 |  1.0230  1.0189  1.0189       - |    0.39       -
     1460.8  SiO2  0.80 | 3.295E-002   0.22 |  1.0505  1.0381  1.0381       - |    1.19       -
     1460.8  SiO2  1.20 | 3.236E-002   0.22 |  1.0695  1.0575  1.0574       - |    1.14       -
     1460.8  SiO2  1.60 | 3.171E-002   0.22 |  1.0914  1.0771  1.0770       - |    1.33       -
     1460.8  SiO2  2.00 | 3.086E-002   0.22 |  1.1218  1.0969  1.0968       - |    2.27       -
     1460.8  SiO2  2.40 | 3.029E-002   0.22 |  1.1427  1.1169  1.1168       - |    2.31       -
     1460.8  SiO2  2.80 | 2.966E-002   0.22 |  1.1671  1.1372  1.1370       - |    2.64       -
     2614.5   H2O  1.00 | 1.907E-002   0.29 |  1.0535  1.0388  1.0387       - |    1.42       -
     2614.5  SiO2  0.02 | 1.998E-002   0.29 |  1.0055  1.0007  1.0007       - |    0.48       -
      контроль ρ→0: F = 0.9945 (ожидание 1.000 ± 0.5 %) — ДА
     2614.5  SiO2  0.40 | 1.965E-002   0.29 |  1.0226  1.0140  1.0140       - |    0.84       -
     2614.5  SiO2  0.80 | 1.932E-002   0.29 |  1.0398  1.0282  1.0282       - |    1.13       -
     2614.5  SiO2  1.20 | 1.899E-002   0.29 |  1.0581  1.0425  1.0424       - |    1.50       -
     2614.5  SiO2  1.60 | 1.881E-002   0.29 |  1.0681  1.0568  1.0568       - |    1.07       -
     2614.5  SiO2  2.00 | 1.850E-002   0.29 |  1.0862  1.0714  1.0713       - |    1.39       -
     2614.5  SiO2  2.40 | 1.812E-002   0.29 |  1.1092  1.0860  1.0859       - |    2.14       -
     2614.5  SiO2  2.80 | 1.777E-002   0.29 |  1.1309  1.1007  1.1007       - |    2.74       -

=== сцена C1: маринелли 1 л (допущение): Ø 140, PP 1.5, колодец Ø 84×75, верх 22
    объём пробы 997.2 мл; точечный детектор ДЕБ на 42.1 мм под нижней поверхностью пробы
    ДЕБ на 238.6 кэВ, ρ = 2.4: глубина 39.1 мм → Cs 1.4178; глубина 42.1 мм → Cs 1.4175 (разница -0.02 %)
      E,кэВ  вещ.     ρ |          ε     ±% |   Cs_МК  Cs_ДЕБ  ДЕБ_нк Cs_ФОРМ | МК−ДЕБ% МК−ФОРМ%
      238.6   H2O  1.00 | 1.052E-001   0.10 |  1.1894  1.1800  1.1785       - |    0.80       -
      контроль воды на 238.6: F = 0.8407 (ожидание ≤ 0.95) — ДА
      238.6  SiO2  0.02 | 1.246E-001   0.09 |  1.0043  1.0031  1.0031       - |    0.12       -
      контроль ρ→0: F = 0.9957 (ожидание 1.000 ± 0.5 %) — ДА
      238.6  SiO2  0.40 | 1.173E-001   0.09 |  1.0665  1.0635  1.0624       - |    0.29       -
      238.6  SiO2  0.80 | 1.100E-001   0.09 |  1.1374  1.1294  1.1272       - |    0.70       -
      238.6  SiO2  1.20 | 1.038E-001   0.10 |  1.2055  1.1979  1.1944       - |    0.64       -
      238.6  SiO2  1.60 | 9.779E-002   0.10 |  1.2794  1.2687  1.2639       - |    0.84       -
      238.6  SiO2  2.00 | 9.219E-002   0.10 |  1.3570  1.3419  1.3358       - |    1.13       -
      238.6  SiO2  2.40 | 8.706E-002   0.10 |  1.4370  1.4175  1.4099       - |    1.38       -
      238.6  SiO2  2.80 | 8.233E-002   0.11 |  1.5195  1.4953  1.4862       - |    1.62       -
      338.3   H2O  1.00 | 8.704E-002   0.11 |  1.1682  1.1574  1.1567       - |    0.93       -
      338.3  SiO2  0.02 | 1.015E-001   0.10 |  1.0015  1.0027  1.0027       - |   -0.12       -
      контроль ρ→0: F = 0.9985 (ожидание 1.000 ± 0.5 %) — ДА
      338.3  SiO2  0.40 | 9.601E-002   0.10 |  1.0590  1.0553  1.0548       - |    0.34       -
      338.3  SiO2  0.80 | 9.068E-002   0.11 |  1.1212  1.1125  1.1114       - |    0.78       -
      338.3  SiO2  1.20 | 8.575E-002   0.11 |  1.1857  1.1716  1.1699       - |    1.20       -
      338.3  SiO2  1.60 | 8.118E-002   0.11 |  1.2524  1.2326  1.2302       - |    1.61       -
      338.3  SiO2  2.00 | 7.693E-002   0.11 |  1.3216  1.2954  1.2924       - |    2.02       -
      338.3  SiO2  2.40 | 7.310E-002   0.12 |  1.3910  1.3600  1.3563       - |    2.28       -
      338.3  SiO2  2.80 | 6.945E-002   0.12 |  1.4640  1.4264  1.4219       - |    2.64       -
      583.2   H2O  1.00 | 5.710E-002   0.14 |  1.1378  1.1249  1.1246       - |    1.15       -
      583.2  SiO2  0.02 | 6.481E-002   0.13 |  1.0025  1.0022  1.0022       - |    0.03       -
      контроль ρ→0: F = 0.9975 (ожидание 1.000 ± 0.5 %) — ДА
      583.2  SiO2  0.40 | 6.192E-002   0.13 |  1.0493  1.0440  1.0438       - |    0.51       -
      583.2  SiO2  0.80 | 5.914E-002   0.14 |  1.0986  1.0891  1.0888       - |    0.87       -
      583.2  SiO2  1.20 | 5.639E-002   0.14 |  1.1521  1.1355  1.1349       - |    1.46       -
      583.2  SiO2  1.60 | 5.374E-002   0.14 |  1.2090  1.1830  1.1823       - |    2.19       -
      583.2  SiO2  2.00 | 5.151E-002   0.14 |  1.2612  1.2318  1.2308       - |    2.39       -
      583.2  SiO2  2.40 | 4.931E-002   0.15 |  1.3175  1.2817  1.2805       - |    2.79       -
      583.2  SiO2  2.80 | 4.722E-002   0.15 |  1.3760  1.3327  1.3313       - |    3.24       -
      911.2   H2O  1.00 | 3.957E-002   0.17 |  1.1144  1.1011  1.1010       - |    1.20       -
      911.2  SiO2  0.02 | 4.400E-002   0.17 |  1.0021  1.0018  1.0018       - |    0.03       -
      контроль ρ→0: F = 0.9979 (ожидание 1.000 ± 0.5 %) — ДА
      911.2  SiO2  0.40 | 4.245E-002   0.17 |  1.0387  1.0357  1.0356       - |    0.29       -
      911.2  SiO2  0.80 | 4.081E-002   0.17 |  1.0805  1.0722  1.0721       - |    0.77       -
      911.2  SiO2  1.20 | 3.924E-002   0.17 |  1.1235  1.1095  1.1093       - |    1.26       -
      911.2  SiO2  1.60 | 3.779E-002   0.17 |  1.1669  1.1476  1.1473       - |    1.68       -
      911.2  SiO2  2.00 | 3.633E-002   0.18 |  1.2137  1.1865  1.1861       - |    2.29       -
      911.2  SiO2  2.40 | 3.499E-002   0.18 |  1.2600  1.2262  1.2257       - |    2.76       -
      911.2  SiO2  2.80 | 3.375E-002   0.18 |  1.3064  1.2666  1.2661       - |    3.14       -
     1460.8   H2O  1.00 | 2.716E-002   0.21 |  1.0913  1.0793  1.0792       - |    1.11       -
     1460.8  SiO2  0.02 | 2.958E-002   0.21 |  1.0022  1.0014  1.0014       - |    0.08       -
      контроль ρ→0: F = 0.9978 (ожидание 1.000 ± 0.5 %) — ДА
     1460.8  SiO2  0.40 | 2.870E-002   0.21 |  1.0329  1.0281  1.0281       - |    0.46       -
     1460.8  SiO2  0.80 | 2.773E-002   0.21 |  1.0691  1.0568  1.0567       - |    1.17       -
     1460.8  SiO2  1.20 | 2.699E-002   0.21 |  1.0984  1.0859  1.0858       - |    1.15       -
     1460.8  SiO2  1.60 | 2.619E-002   0.21 |  1.1318  1.1155  1.1154       - |    1.46       -
     1460.8  SiO2  2.00 | 2.533E-002   0.22 |  1.1703  1.1456  1.1455       - |    2.15       -
     1460.8  SiO2  2.40 | 2.461E-002   0.22 |  1.2044  1.1762  1.1760       - |    2.40       -
     1460.8  SiO2  2.80 | 2.389E-002   0.22 |  1.2408  1.2073  1.2071       - |    2.77       -
     2614.5   H2O  1.00 | 1.606E-002   0.28 |  1.0731  1.0577  1.0577       - |    1.46       -
     2614.5  SiO2  0.02 | 1.718E-002   0.27 |  1.0032  1.0010  1.0010       - |    0.21       -
      контроль ρ→0: F = 0.9969 (ожидание 1.000 ± 0.5 %) — ДА
     2614.5  SiO2  0.40 | 1.668E-002   0.28 |  1.0332  1.0208  1.0208       - |    1.21       -
     2614.5  SiO2  0.80 | 1.635E-002   0.28 |  1.0542  1.0419  1.0419       - |    1.18       -
     2614.5  SiO2  1.20 | 1.601E-002   0.28 |  1.0770  1.0633  1.0632       - |    1.29       -
     2614.5  SiO2  1.60 | 1.557E-002   0.28 |  1.1072  1.0849  1.0849       - |    2.05       -
     2614.5  SiO2  2.00 | 1.526E-002   0.29 |  1.1300  1.1068  1.1068       - |    2.09       -
     2614.5  SiO2  2.40 | 1.488E-002   0.29 |  1.1583  1.1290  1.1290       - |    2.59       -
     2614.5  SiO2  2.80 | 1.454E-002   0.29 |  1.1854  1.1515  1.1514       - |    2.95       -

записано: C:\Users\moroz\source\repos\BQ Eng res .NET 4.8\handover\p36-e10\full\selfabs.csv
КОНТРОЛИ: ДА
EXIT=0  seconds=919  threads=14
