=== 4851f51f ===
Preparing worktree (detached HEAD 4851f51f)
Updating files:  13% (688/5120)
Updating files:  14% (717/5120)
Updating files:  15% (768/5120)
Updating files:  16% (820/5120)
Updating files:  17% (871/5120)
Updating files:  18% (922/5120)
Updating files:  19% (973/5120)
Updating files:  20% (1024/5120)
Updating files:  21% (1076/5120)
Updating files:  22% (1127/5120)
Updating files:  23% (1178/5120)
Updating files:  24% (1229/5120)
Updating files:  25% (1280/5120)
Updating files:  26% (1332/5120)
Updating files:  26% (1378/5120)
Updating files:  27% (1383/5120)
Updating files:  28% (1434/5120)
Updating files:  29% (1485/5120)
Updating files:  30% (1536/5120)
Updating files:  31% (1588/5120)
Updating files:  32% (1639/5120)
Updating files:  33% (1690/5120)
Updating files:  34% (1741/5120)
Updating files:  35% (1792/5120)
Updating files:  36% (1844/5120)
Updating files:  37% (1895/5120)
Updating files:  38% (1946/5120)
Updating files:  39% (1997/5120)
Updating files:  39% (2029/5120)
Updating files:  40% (2048/5120)
Updating files:  41% (2100/5120)
Updating files:  42% (2151/5120)
Updating files:  43% (2202/5120)
Updating files:  44% (2253/5120)
Updating files:  45% (2304/5120)
Updating files:  46% (2356/5120)
Updating files:  47% (2407/5120)
Updating files:  48% (2458/5120)
Updating files:  48% (2488/5120)
Updating files:  49% (2509/5120)
Updating files:  50% (2560/5120)
Updating files:  51% (2612/5120)
Updating files:  52% (2663/5120)
Updating files:  53% (2714/5120)
Updating files:  54% (2765/5120)
Updating files:  55% (2816/5120)
Updating files:  55% (2843/5120)
Updating files:  56% (2868/5120)
Updating files:  57% (2919/5120)
Updating files:  58% (2970/5120)
Updating files:  59% (3021/5120)
Updating files:  60% (3072/5120)
Updating files:  61% (3124/5120)
Updating files:  62% (3175/5120)
Updating files:  63% (3226/5120)
Updating files:  64% (3277/5120)
Updating files:  65% (3328/5120)
Updating files:  66% (3380/5120)
Updating files:  67% (3431/5120)
Updating files:  68% (3482/5120)
Updating files:  69% (3533/5120)
Updating files:  70% (3584/5120)
Updating files:  70% (3628/5120)
Updating files:  71% (3636/5120)
Updating files:  72% (3687/5120)
Updating files:  73% (3738/5120)
Updating files:  74% (3789/5120)
Updating files:  75% (3840/5120)
Updating files:  76% (3892/5120)
Updating files:  77% (3943/5120)
Updating files:  77% (3968/5120)
Updating files:  78% (3994/5120)
Updating files:  79% (4045/5120)
Updating files:  80% (4096/5120)
Updating files:  81% (4148/5120)
Updating files:  82% (4199/5120)
Updating files:  82% (4200/5120)
Updating files:  83% (4250/5120)
Updating files:  84% (4301/5120)
Updating files:  85% (4352/5120)
Updating files:  86% (4404/5120)
Updating files:  87% (4455/5120)
Updating files:  88% (4506/5120)
Updating files:  89% (4557/5120)
Updating files:  90% (4608/5120)
Updating files:  91% (4660/5120)
Updating files:  92% (4711/5120)
Updating files:  93% (4762/5120)
Updating files:  94% (4813/5120)
Updating files:  95% (4864/5120)
Updating files:  96% (4916/5120)
Updating files:  97% (4967/5120)
Updating files:  97% (4987/5120)
Updating files:  98% (5018/5120)
Updating files:  99% (5069/5120)
Updating files: 100% (5120/5120)
Updating files: 100% (5120/5120), done.
HEAD is now at 4851f51f П63 (S171 закрыта): FSA без связки — второе правило Amber «не измерим при активности сильнейшего — предел»: сильнейший член ряда по наименьшей σ амплитуды (ColumnSigma, Шур у зажатых), ожидаемый z = амплитуда сильнейшего / σ члена, порог тот же, что у отсева (RefitThreshold), один за круг с перефитом, после привязки П60; эталон AS80_Th232Medal: Th-232/Th-228/Rn-220 ×40/×14/×85 → пределы, фантомы на экране 7 % → 0 %; фильтр: «Th-228 11 %» → «< 1.2 %», Pb-212 5.9 → 10.8 Бк; контроль обеими сторонами (порог 1000 снимает и Ac-228/Tl-208), FsaTieProbe §5 с подсадкой; ВЫКЛ = HEAD побитово, связка и малая база побитово; check_all 38/38. Остаток — сток в Esc-CsI 45.7 % на фильтре 2, решение Amber

  Определение проектов для восстановления...
  Восстановлен D:\BqMoni_Claude\p70\wt_4851f51f\BecquerelMonitor\BecquerelMonitor.csproj (за 1,44 с).
restore код 0

  BecquerelMonitor -> D:\BqMoni_Claude\p70\wt_4851f51f\BecquerelMonitor\bin\Release_p70\BecquerelMonitor.exe
build код 0
exe sha256 FCDB866C72FCCF7E19448F37DBE2795757C78A475FF85B89D3C55081BA1DB1B4  20:18:42
csc FsaStackShot код 0 (довесков 5)
wd D:\BqMoni_Claude\p70\wd_4851f51f: матриц 19; за 32 с
