
**************************************************************
 Geant4 version Name: geant4-11-04-patch-02 [MT]   (12-June-2026)
                       Copyright : Geant4 Collaboration
                      References : NIM A 506 (2003), 250-303
                                 : IEEE-TNS 53 (2006), 270-278
                                 : NIM A 835 (2016), 186-225
                             WWW : http://geant4.org/
**************************************************************

Accumulable registered as "accumulable_0"
Accumulable registered as "accumulable_1"
Accumulable registered as "accumulable_2"
Accumulable registered as "accumulable_3"
Accumulable registered as "accumulable_4"
Accumulable registered as "accumulable_5"
Accumulable registered as "accumulable_6"
Accumulable registered as "accumulable_7"
Accumulable registered as "accumulable_8"
Accumulable registered as "accumulable_9"
Accumulable registered as "accumulable_10"
Accumulable registered as "accumulable_11"
Accumulable registered as "accumulable_12"
Accumulable registered as "accumulable_13"
Accumulable registered as "accumulable_14"
Accumulable registered as "accumulable_15"
Accumulable registered as "accumulable_16"
Accumulable registered as "accumulable_17"
Accumulable registered as "accumulable_18"
Accumulable registered as "accumulable_19"
Accumulable registered as "accumulable_20"
Accumulable registered as "accumulable_21"
Accumulable registered as "accumulable_22"
Accumulable registered as "accumulable_23"
Accumulable registered as "accumulable_24"
Accumulable registered as "accumulable_25"
Accumulable registered as "accumulable_26"
Accumulable registered as "accumulable_27"
Accumulable registered as "accumulable_28"
Accumulable registered as "accumulable_29"
Accumulable registered as "accumulable_30"
Accumulable registered as "accumulable_31"
Accumulable registered as "accumulable_32"
Accumulable registered as "accumulable_33"
Accumulable registered as "accumulable_34"
Accumulable registered as "accumulable_35"
Accumulable registered as "accumulable_36"
Accumulable registered as "accumulable_37"
Accumulable registered as "accumulable_38"
Accumulable registered as "accumulable_39"
Accumulable registered as "accumulable_40"
Accumulable registered as "accumulable_41"
Accumulable registered as "accumulable_42"
Accumulable registered as "accumulable_43"
Accumulable registered as "accumulable_44"
Accumulable registered as "accumulable_45"
Accumulable registered as "accumulable_46"
Accumulable registered as "accumulable_47"
Accumulable registered as "accumulable_48"
Accumulable registered as "accumulable_49"
Accumulable registered as "accumulable_50"
Accumulable registered as "accumulable_51"
Accumulable registered as "accumulable_52"
Accumulable registered as "accumulable_53"
Accumulable registered as "accumulable_54"
Accumulable registered as "accumulable_55"
Accumulable registered as "accumulable_56"
Accumulable registered as "accumulable_57"
SETUP material=G4_TEFLON layer2=- layer2_mm=0.0000 T=300.000 keV N=200000 cut_e=1.00000 mm cut_g=0.00100 mm kmin=5.00 keV slab_mm=0.0100 angle=0.0 seed=20260919 physics=G4EmStandardPhysics_option4
CUTS (production thresholds per material couple):

========= Table of registered couples ============================

==================================================================

BREM G4_TEFLON T=300.000 N=200000 angle=0.0 slab_mm=0.0100 kmin=5.00 brem_all=0.000340 +-0.000041 brem_prim=0.000340 brem_E=0.0144 brem_E_prim=0.0144 fwd=0.000295 back=0.000045 esc_fwd=0.000295 esc_back=0.000040 esc_E=0.0143 path_prim=0.002241 path_all=0.002241 eta=0.00111
HIST all 8.500000e-05 8.000000e-05 2.500000e-05 4.500000e-05 2.500000e-05 3.000000e-05 4.000000e-05 1.000000e-05 0.000000e+00 0.000000e+00 0.000000e+00 0.000000e+00 0.000000e+00 0.000000e+00 0.000000e+00
HIST prim 8.500000e-05 8.000000e-05 2.500000e-05 4.500000e-05 2.500000e-05 3.000000e-05 4.000000e-05 1.000000e-05 0.000000e+00 0.000000e+00 0.000000e+00 0.000000e+00 0.000000e+00 0.000000e+00 0.000000e+00
HIST esc 8.500000e-05 7.500000e-05 2.500000e-05 4.500000e-05 2.500000e-05 3.000000e-05 4.000000e-05 1.000000e-05 0.000000e+00 0.000000e+00 0.000000e+00 0.000000e+00 0.000000e+00 0.000000e+00 0.000000e+00
