
**************************************************************
 Geant4 version Name: geant4-11-04-patch-02 [MT]   (12-June-2026)
                       Copyright : Geant4 Collaboration
                      References : NIM A 506 (2003), 250-303
                                 : IEEE-TNS 53 (2006), 270-278
                                 : NIM A 835 (2016), 186-225
                             WWW : http://geant4.org/
**************************************************************

Accumulable registered as "accumulable_0"
Accumulable registered as "accumulable_1"
Accumulable registered as "accumulable_2"
Accumulable registered as "accumulable_3"
Accumulable registered as "accumulable_4"
Accumulable registered as "accumulable_5"
Accumulable registered as "accumulable_6"
Accumulable registered as "accumulable_7"
Accumulable registered as "accumulable_8"
Accumulable registered as "accumulable_9"
Accumulable registered as "accumulable_10"
Accumulable registered as "accumulable_11"
Accumulable registered as "accumulable_12"
Accumulable registered as "accumulable_13"
Accumulable registered as "accumulable_14"
Accumulable registered as "accumulable_15"
Accumulable registered as "accumulable_16"
Accumulable registered as "accumulable_17"
Accumulable registered as "accumulable_18"
Accumulable registered as "accumulable_19"
Accumulable registered as "accumulable_20"
Accumulable registered as "accumulable_21"
Accumulable registered as "accumulable_22"
Accumulable registered as "accumulable_23"
Accumulable registered as "accumulable_24"
Accumulable registered as "accumulable_25"
Accumulable registered as "accumulable_26"
Accumulable registered as "accumulable_27"
Accumulable registered as "accumulable_28"
Accumulable registered as "accumulable_29"
Accumulable registered as "accumulable_30"
Accumulable registered as "accumulable_31"
Accumulable registered as "accumulable_32"
Accumulable registered as "accumulable_33"
Accumulable registered as "accumulable_34"
Accumulable registered as "accumulable_35"
Accumulable registered as "accumulable_36"
Accumulable registered as "accumulable_37"
Accumulable registered as "accumulable_38"
Accumulable registered as "accumulable_39"
Accumulable registered as "accumulable_40"
Accumulable registered as "accumulable_41"
Accumulable registered as "accumulable_42"
Accumulable registered as "accumulable_43"
Accumulable registered as "accumulable_44"
Accumulable registered as "accumulable_45"
Accumulable registered as "accumulable_46"
Accumulable registered as "accumulable_47"
Accumulable registered as "accumulable_48"
Accumulable registered as "accumulable_49"
Accumulable registered as "accumulable_50"
Accumulable registered as "accumulable_51"
Accumulable registered as "accumulable_52"
Accumulable registered as "accumulable_53"
Accumulable registered as "accumulable_54"
Accumulable registered as "accumulable_55"
Accumulable registered as "accumulable_56"
Accumulable registered as "accumulable_57"
SETUP material=G4_TEFLON layer2=- layer2_mm=0.0000 T=2000.000 keV N=100000 cut_e=1.00000 mm cut_g=0.00100 mm kmin=5.00 keV slab_mm=0.3000 angle=0.0 seed=20260919 physics=G4EmStandardPhysics_option4
CUTS (production thresholds per material couple):

========= Table of registered couples ============================

==================================================================

BREM G4_TEFLON T=2000.000 N=100000 angle=0.0 slab_mm=0.3000 kmin=5.00 brem_all=0.011780 +-0.000343 brem_prim=0.011720 brem_E=1.9216 brem_E_prim=1.9172 fwd=0.011400 back=0.000380 esc_fwd=0.010250 esc_back=0.000350 esc_E=1.9113 path_prim=0.067924 path_all=0.068256 eta=0.00130
HIST all 1.870000e-03 1.680000e-03 1.010000e-03 1.290000e-03 7.600000e-04 8.000000e-04 1.070000e-03 6.600000e-04 7.300000e-04 8.900000e-04 4.300000e-04 2.500000e-04 2.200000e-04 1.200000e-04 0.000000e+00
HIST prim 1.850000e-03 1.680000e-03 1.010000e-03 1.290000e-03 7.500000e-04 7.900000e-04 1.060000e-03 6.500000e-04 7.300000e-04 8.900000e-04 4.300000e-04 2.500000e-04 2.200000e-04 1.200000e-04 0.000000e+00
HIST esc 8.600000e-04 1.520000e-03 1.000000e-03 1.290000e-03 7.600000e-04 8.100000e-04 1.060000e-03 6.600000e-04 7.400000e-04 8.800000e-04 4.300000e-04 2.500000e-04 2.200000e-04 1.200000e-04 0.000000e+00
