
**************************************************************
 Geant4 version Name: geant4-11-04-patch-02 [MT]   (12-June-2026)
                       Copyright : Geant4 Collaboration
                      References : NIM A 506 (2003), 250-303
                                 : IEEE-TNS 53 (2006), 270-278
                                 : NIM A 835 (2016), 186-225
                             WWW : http://geant4.org/
**************************************************************

Accumulable registered as "accumulable_0"
Accumulable registered as "accumulable_1"
Accumulable registered as "accumulable_2"
Accumulable registered as "accumulable_3"
Accumulable registered as "accumulable_4"
Accumulable registered as "accumulable_5"
Accumulable registered as "accumulable_6"
Accumulable registered as "accumulable_7"
Accumulable registered as "accumulable_8"
Accumulable registered as "accumulable_9"
Accumulable registered as "accumulable_10"
Accumulable registered as "accumulable_11"
Accumulable registered as "accumulable_12"
Accumulable registered as "accumulable_13"
Accumulable registered as "accumulable_14"
Accumulable registered as "accumulable_15"
Accumulable registered as "accumulable_16"
Accumulable registered as "accumulable_17"
Accumulable registered as "accumulable_18"
Accumulable registered as "accumulable_19"
Accumulable registered as "accumulable_20"
Accumulable registered as "accumulable_21"
Accumulable registered as "accumulable_22"
Accumulable registered as "accumulable_23"
Accumulable registered as "accumulable_24"
Accumulable registered as "accumulable_25"
Accumulable registered as "accumulable_26"
Accumulable registered as "accumulable_27"
Accumulable registered as "accumulable_28"
Accumulable registered as "accumulable_29"
Accumulable registered as "accumulable_30"
Accumulable registered as "accumulable_31"
Accumulable registered as "accumulable_32"
Accumulable registered as "accumulable_33"
Accumulable registered as "accumulable_34"
Accumulable registered as "accumulable_35"
Accumulable registered as "accumulable_36"
Accumulable registered as "accumulable_37"
Accumulable registered as "accumulable_38"
Accumulable registered as "accumulable_39"
Accumulable registered as "accumulable_40"
Accumulable registered as "accumulable_41"
Accumulable registered as "accumulable_42"
Accumulable registered as "accumulable_43"
Accumulable registered as "accumulable_44"
Accumulable registered as "accumulable_45"
Accumulable registered as "accumulable_46"
Accumulable registered as "accumulable_47"
Accumulable registered as "accumulable_48"
Accumulable registered as "accumulable_49"
Accumulable registered as "accumulable_50"
Accumulable registered as "accumulable_51"
Accumulable registered as "accumulable_52"
Accumulable registered as "accumulable_53"
Accumulable registered as "accumulable_54"
Accumulable registered as "accumulable_55"
Accumulable registered as "accumulable_56"
Accumulable registered as "accumulable_57"
SETUP material=G4_TEFLON layer2=- layer2_mm=0.0000 T=2000.000 keV N=100000 cut_e=1.00000 mm cut_g=0.00100 mm kmin=5.00 keV slab_mm=0.0000 angle=0.0 seed=20260919 physics=G4EmStandardPhysics_option4
CUTS (production thresholds per material couple):

========= Table of registered couples ============================

==================================================================

BREM G4_TEFLON T=2000.000 N=100000 angle=0.0 slab_mm=0.0000 kmin=5.00 brem_all=0.179980 +-0.001342 brem_prim=0.178400 brem_E=18.0484 brem_E_prim=17.9854 fwd=0.143300 back=0.036680 esc_fwd=0.051740 esc_back=0.033230 esc_E=14.4117 path_prim=1.166886 path_all=1.178187 eta=0.02662
HIST all 3.477000e-02 3.405000e-02 1.833000e-02 2.176000e-02 1.295000e-02 1.244000e-02 1.312000e-02 7.800000e-03 9.260000e-03 7.750000e-03 3.890000e-03 2.620000e-03 1.120000e-03 1.200000e-04 0.000000e+00
HIST prim 3.431000e-02 3.368000e-02 1.819000e-02 2.151000e-02 1.284000e-02 1.235000e-02 1.301000e-02 7.780000e-03 9.250000e-03 7.730000e-03 3.890000e-03 2.620000e-03 1.120000e-03 1.200000e-04 0.000000e+00
HIST esc 1.500000e-04 1.310000e-03 4.230000e-03 1.449000e-02 1.220000e-02 1.248000e-02 1.255000e-02 7.360000e-03 7.560000e-03 6.440000e-03 3.170000e-03 1.970000e-03 9.600000e-04 1.000000e-04 0.000000e+00
