
**************************************************************
 Geant4 version Name: geant4-11-04-patch-02 [MT]   (12-June-2026)
                       Copyright : Geant4 Collaboration
                      References : NIM A 506 (2003), 250-303
                                 : IEEE-TNS 53 (2006), 270-278
                                 : NIM A 835 (2016), 186-225
                             WWW : http://geant4.org/
**************************************************************

Accumulable registered as "accumulable_0"
Accumulable registered as "accumulable_1"
Accumulable registered as "accumulable_2"
Accumulable registered as "accumulable_3"
Accumulable registered as "accumulable_4"
Accumulable registered as "accumulable_5"
Accumulable registered as "accumulable_6"
Accumulable registered as "accumulable_7"
Accumulable registered as "accumulable_8"
Accumulable registered as "accumulable_9"
Accumulable registered as "accumulable_10"
Accumulable registered as "accumulable_11"
Accumulable registered as "accumulable_12"
Accumulable registered as "accumulable_13"
Accumulable registered as "accumulable_14"
Accumulable registered as "accumulable_15"
Accumulable registered as "accumulable_16"
Accumulable registered as "accumulable_17"
Accumulable registered as "accumulable_18"
Accumulable registered as "accumulable_19"
Accumulable registered as "accumulable_20"
Accumulable registered as "accumulable_21"
Accumulable registered as "accumulable_22"
Accumulable registered as "accumulable_23"
Accumulable registered as "accumulable_24"
Accumulable registered as "accumulable_25"
Accumulable registered as "accumulable_26"
Accumulable registered as "accumulable_27"
Accumulable registered as "accumulable_28"
Accumulable registered as "accumulable_29"
Accumulable registered as "accumulable_30"
Accumulable registered as "accumulable_31"
Accumulable registered as "accumulable_32"
Accumulable registered as "accumulable_33"
Accumulable registered as "accumulable_34"
Accumulable registered as "accumulable_35"
Accumulable registered as "accumulable_36"
Accumulable registered as "accumulable_37"
Accumulable registered as "accumulable_38"
Accumulable registered as "accumulable_39"
Accumulable registered as "accumulable_40"
Accumulable registered as "accumulable_41"
Accumulable registered as "accumulable_42"
Accumulable registered as "accumulable_43"
Accumulable registered as "accumulable_44"
Accumulable registered as "accumulable_45"
Accumulable registered as "accumulable_46"
Accumulable registered as "accumulable_47"
Accumulable registered as "accumulable_48"
Accumulable registered as "accumulable_49"
Accumulable registered as "accumulable_50"
Accumulable registered as "accumulable_51"
Accumulable registered as "accumulable_52"
Accumulable registered as "accumulable_53"
Accumulable registered as "accumulable_54"
Accumulable registered as "accumulable_55"
Accumulable registered as "accumulable_56"
Accumulable registered as "accumulable_57"
SETUP material=G4_TEFLON layer2=G4_Al layer2_mm=1.0000 T=1000.000 keV N=100000 cut_e=1.00000 mm cut_g=0.00100 mm kmin=5.00 keV slab_mm=1.0000 angle=70.0 seed=20260919 physics=G4EmStandardPhysics_option4
CUTS (production thresholds per material couple):

========= Table of registered couples ============================

==================================================================

BREM G4_TEFLON+G4_Al T=1000.000 N=100000 angle=70.0 slab_mm=1.0000 kmin=5.00 brem_all=0.061510 +-0.000784 brem_prim=0.061510 brem_E=3.8753 brem_E_prim=3.8753 fwd=0.040620 back=0.020890 esc_fwd=0.017270 esc_back=0.015480 esc_E=3.3808 path_prim=0.409949 path_all=0.409985 eta=0.38594
HIST all 1.355000e-02 1.352000e-02 6.740000e-03 7.680000e-03 4.790000e-03 4.210000e-03 4.030000e-03 2.260000e-03 2.490000e-03 1.650000e-03 4.200000e-04 1.700000e-04 0.000000e+00 0.000000e+00 0.000000e+00
HIST prim 1.355000e-02 1.352000e-02 6.740000e-03 7.680000e-03 4.790000e-03 4.210000e-03 4.030000e-03 2.260000e-03 2.490000e-03 1.650000e-03 4.200000e-04 1.700000e-04 0.000000e+00 0.000000e+00 0.000000e+00
HIST esc 8.900000e-04 2.840000e-03 3.500000e-03 6.220000e-03 4.520000e-03 4.030000e-03 4.010000e-03 2.280000e-03 2.350000e-03 1.530000e-03 4.200000e-04 1.600000e-04 0.000000e+00 0.000000e+00 0.000000e+00
