
**************************************************************
 Geant4 version Name: geant4-11-04-patch-02 [MT]   (12-June-2026)
                       Copyright : Geant4 Collaboration
                      References : NIM A 506 (2003), 250-303
                                 : IEEE-TNS 53 (2006), 270-278
                                 : NIM A 835 (2016), 186-225
                             WWW : http://geant4.org/
**************************************************************

Accumulable registered as "accumulable_0"
Accumulable registered as "accumulable_1"
Accumulable registered as "accumulable_2"
Accumulable registered as "accumulable_3"
Accumulable registered as "accumulable_4"
Accumulable registered as "accumulable_5"
Accumulable registered as "accumulable_6"
Accumulable registered as "accumulable_7"
Accumulable registered as "accumulable_8"
Accumulable registered as "accumulable_9"
Accumulable registered as "accumulable_10"
Accumulable registered as "accumulable_11"
Accumulable registered as "accumulable_12"
Accumulable registered as "accumulable_13"
Accumulable registered as "accumulable_14"
Accumulable registered as "accumulable_15"
Accumulable registered as "accumulable_16"
Accumulable registered as "accumulable_17"
Accumulable registered as "accumulable_18"
Accumulable registered as "accumulable_19"
Accumulable registered as "accumulable_20"
Accumulable registered as "accumulable_21"
Accumulable registered as "accumulable_22"
Accumulable registered as "accumulable_23"
Accumulable registered as "accumulable_24"
Accumulable registered as "accumulable_25"
Accumulable registered as "accumulable_26"
Accumulable registered as "accumulable_27"
Accumulable registered as "accumulable_28"
Accumulable registered as "accumulable_29"
Accumulable registered as "accumulable_30"
Accumulable registered as "accumulable_31"
Accumulable registered as "accumulable_32"
Accumulable registered as "accumulable_33"
Accumulable registered as "accumulable_34"
Accumulable registered as "accumulable_35"
Accumulable registered as "accumulable_36"
Accumulable registered as "accumulable_37"
Accumulable registered as "accumulable_38"
Accumulable registered as "accumulable_39"
Accumulable registered as "accumulable_40"
Accumulable registered as "accumulable_41"
Accumulable registered as "accumulable_42"
Accumulable registered as "accumulable_43"
Accumulable registered as "accumulable_44"
Accumulable registered as "accumulable_45"
Accumulable registered as "accumulable_46"
Accumulable registered as "accumulable_47"
Accumulable registered as "accumulable_48"
Accumulable registered as "accumulable_49"
Accumulable registered as "accumulable_50"
Accumulable registered as "accumulable_51"
Accumulable registered as "accumulable_52"
Accumulable registered as "accumulable_53"
Accumulable registered as "accumulable_54"
Accumulable registered as "accumulable_55"
Accumulable registered as "accumulable_56"
Accumulable registered as "accumulable_57"
SETUP material=G4_TEFLON layer2=G4_Al layer2_mm=1.0000 T=2000.000 keV N=100000 cut_e=1.00000 mm cut_g=0.00100 mm kmin=5.00 keV slab_mm=1.0000 angle=45.0 seed=20260919 physics=G4EmStandardPhysics_option4
CUTS (production thresholds per material couple):

========= Table of registered couples ============================

==================================================================

BREM G4_TEFLON+G4_Al T=2000.000 N=100000 angle=45.0 slab_mm=1.0000 kmin=5.00 brem_all=0.174870 +-0.001322 brem_prim=0.173450 brem_E=19.1476 brem_E_prim=19.0748 fwd=0.130860 back=0.044010 esc_fwd=0.077230 esc_back=0.027660 esc_E=17.7765 path_prim=0.901881 path_all=0.911454 eta=0.13569
HIST all 3.210000e-02 3.040000e-02 1.758000e-02 2.076000e-02 1.267000e-02 1.304000e-02 1.306000e-02 8.000000e-03 9.820000e-03 9.230000e-03 4.180000e-03 2.460000e-03 1.400000e-03 1.700000e-04 0.000000e+00
HIST prim 3.173000e-02 3.011000e-02 1.747000e-02 2.057000e-02 1.255000e-02 1.294000e-02 1.290000e-02 7.980000e-03 9.780000e-03 9.210000e-03 4.180000e-03 2.460000e-03 1.400000e-03 1.700000e-04 0.000000e+00
HIST esc 6.200000e-04 5.170000e-03 9.460000e-03 1.718000e-02 1.210000e-02 1.293000e-02 1.287000e-02 8.110000e-03 9.750000e-03 8.780000e-03 4.050000e-03 2.350000e-03 1.350000e-03 1.700000e-04 0.000000e+00
