SETUP correlatedGamma=0 twoJmax=10 vacuum=1 seed=0 killesc=0 killcarry=1 fullcarry=0 histbin=1.000 histbins=2616 iontag=0 escpop=1 killescown=1 killesccarry=0 killret=0 killretsame=0 killretother=0 killescbrem=0 killescdelta=0 killoutbrem=0
CUTS (production thresholds per material couple):
 Material : G4_Galactic
 Range cuts        :  gamma  1 mm     e-  1 mm     e+  1 mm  proton 1 mm 
 Energy thresholds :  gamma  990 eV     e-  990 eV     e+  990 eV  proton 100 keV
 Material : scene_mat_4
 Range cuts        :  gamma  1 mm     e-  1 mm     e+  1 mm  proton 1 mm 
 Energy thresholds :  gamma  38.9651 keV    e-  738.26 keV    e+  703.709 keV proton 100 keV
 Material : scene_mat_3
 Range cuts        :  gamma  1 mm     e-  1 mm     e+  1 mm  proton 1 mm 
 Energy thresholds :  gamma  6.91691 keV    e-  597.603 keV    e+  574.29 keV proton 100 keV
 Material : scene_mat_2
 Range cuts        :  gamma  1 mm     e-  1 mm     e+  1 mm  proton 1 mm 
 Energy thresholds :  gamma  990 eV     e-  990 eV     e+  990 eV  proton 100 keV
 Material : scene_mat_1
 Range cuts        :  gamma  1 mm     e-  1 mm     e+  1 mm  proton 1 mm 
 Energy thresholds :  gamma  3.38683 keV    e-  268.033 keV    e+  261.068 keV proton 100 keV
 Material : scene_mat_0
 Range cuts        :  gamma  1 mm     e-  1 mm     e+  1 mm  proton 1 mm 
 Energy thresholds :  gamma  29.856 keV    e-  620.515 keV    e+  592.153 keV proton 100 keV
RESULT decays=8000000
RESULT any=672314 eps_total=8.403925e-02
RESULT window=2614.511 counts=124243 eps=1.553038e-02
HISTBEGIN bins=2616 bin_kev=1.000000 decays=8000000
HIST 0 49
HIST 1 209
HIST 2 183
HIST 3 192
HIST 4 198
HIST 5 274
HIST 6 252
HIST 7 257
HIST 8 265
HIST 9 270
HIST 10 233
HIST 11 253
HIST 12 243
HIST 13 247
HIST 14 272
HIST 15 265
HIST 16 276
HIST 17 279
HIST 18 269
HIST 19 252
HIST 20 299
HIST 21 296
HIST 22 314
HIST 23 302
HIST 24 277
HIST 25 273
HIST 26 291
HIST 27 284
HIST 28 280
HIST 29 271
HIST 30 322
HIST 31 308
HIST 32 515
HIST 33 476
HIST 34 330
HIST 35 295
HIST 36 365
HIST 37 318
HIST 38 321
HIST 39 266
HIST 40 300
HIST 41 311
HIST 42 285
HIST 43 257
HIST 44 282
HIST 45 283
HIST 46 267
HIST 47 295
HIST 48 253
HIST 49 272
HIST 50 277
HIST 51 282
HIST 52 286
HIST 53 277
HIST 54 255
HIST 55 294
HIST 56 267
HIST 57 274
HIST 58 281
HIST 59 292
HIST 60 287
HIST 61 251
HIST 62 300
HIST 63 262
HIST 64 297
HIST 65 304
HIST 66 288
HIST 67 289
HIST 68 298
HIST 69 313
HIST 70 296
HIST 71 268
HIST 72 294
HIST 73 297
HIST 74 278
HIST 75 329
HIST 76 289
HIST 77 334
HIST 78 305
HIST 79 286
HIST 80 279
HIST 81 258
HIST 82 289
HIST 83 292
HIST 84 307
HIST 85 295
HIST 86 305
HIST 87 283
HIST 88 328
HIST 89 279
HIST 90 884
HIST 91 302
HIST 92 298
HIST 93 277
HIST 94 1319
HIST 95 290
HIST 96 300
HIST 97 308
HIST 98 285
HIST 99 287
HIST 100 289
HIST 101 279
HIST 102 267
HIST 103 281
HIST 104 275
HIST 105 461
HIST 106 575
HIST 107 296
HIST 108 278
HIST 109 418
HIST 110 291
HIST 111 276
HIST 112 254
HIST 113 296
HIST 114 269
HIST 115 277
HIST 116 269
HIST 117 259
HIST 118 287
HIST 119 263
HIST 120 279
HIST 121 284
HIST 122 272
HIST 123 267
HIST 124 263
HIST 125 282
HIST 126 329
HIST 127 294
HIST 128 316
HIST 129 309
HIST 130 287
HIST 131 274
HIST 132 317
HIST 133 316
HIST 134 289
HIST 135 268
HIST 136 309
HIST 137 283
HIST 138 281
HIST 139 326
HIST 140 348
HIST 141 309
HIST 142 316
HIST 143 301
HIST 144 312
HIST 145 325
HIST 146 325
HIST 147 295
HIST 148 269
HIST 149 310
HIST 150 268
HIST 151 314
HIST 152 308
HIST 153 329
HIST 154 335
HIST 155 319
HIST 156 324
HIST 157 287
HIST 158 302
HIST 159 295
HIST 160 311
HIST 161 333
HIST 162 355
HIST 163 299
HIST 164 346
HIST 165 301
HIST 166 311
HIST 167 301
HIST 168 308
HIST 169 304
HIST 170 300
HIST 171 316
HIST 172 313
HIST 173 305
HIST 174 291
HIST 175 309
HIST 176 351
HIST 177 315
HIST 178 323
HIST 179 337
HIST 180 334
HIST 181 289
HIST 182 318
HIST 183 259
HIST 184 335
HIST 185 328
HIST 186 321
HIST 187 327
HIST 188 351
HIST 189 304
HIST 190 293
HIST 191 311
HIST 192 303
HIST 193 293
HIST 194 345
HIST 195 302
HIST 196 333
HIST 197 333
HIST 198 331
HIST 199 322
HIST 200 305
HIST 201 304
HIST 202 310
HIST 203 304
HIST 204 304
HIST 205 325
HIST 206 322
HIST 207 357
HIST 208 325
HIST 209 386
HIST 210 339
HIST 211 334
HIST 212 335
HIST 213 340
HIST 214 324
HIST 215 304
HIST 216 336
HIST 217 314
HIST 218 288
HIST 219 325
HIST 220 313
HIST 221 294
HIST 222 310
HIST 223 315
HIST 224 290
HIST 225 309
HIST 226 292
HIST 227 315
HIST 228 322
HIST 229 323
HIST 230 346
HIST 231 332
HIST 232 332
HIST 233 368
HIST 234 392
HIST 235 363
HIST 236 387
HIST 237 367
HIST 238 359
HIST 239 1047
HIST 240 364
HIST 241 431
HIST 242 373
HIST 243 369
HIST 244 392
HIST 245 369
HIST 246 380
HIST 247 366
HIST 248 380
HIST 249 392
HIST 250 348
HIST 251 356
HIST 252 370
HIST 253 362
HIST 254 375
HIST 255 401
HIST 256 341
HIST 257 380
HIST 258 362
HIST 259 357
HIST 260 358
HIST 261 344
HIST 262 383
HIST 263 388
HIST 264 382
HIST 265 401
HIST 266 390
HIST 267 347
HIST 268 397
HIST 269 367
HIST 270 425
HIST 271 361
HIST 272 416
HIST 273 399
HIST 274 379
HIST 275 379
HIST 276 358
HIST 277 420
HIST 278 374
HIST 279 385
HIST 280 392
HIST 281 365
HIST 282 399
HIST 283 380
HIST 284 400
HIST 285 359
HIST 286 378
HIST 287 361
HIST 288 365
HIST 289 343
HIST 290 354
HIST 291 342
HIST 292 389
HIST 293 380
HIST 294 396
HIST 295 397
HIST 296 355
HIST 297 374
HIST 298 377
HIST 299 397
HIST 300 388
HIST 301 360
HIST 302 337
HIST 303 417
HIST 304 346
HIST 305 367
HIST 306 387
HIST 307 387
HIST 308 338
HIST 309 338
HIST 310 382
HIST 311 345
HIST 312 370
HIST 313 373
HIST 314 346
HIST 315 367
HIST 316 354
HIST 317 358
HIST 318 349
HIST 319 331
HIST 320 355
HIST 321 371
HIST 322 323
HIST 323 333
HIST 324 356
HIST 325 333
HIST 326 331
HIST 327 324
HIST 328 394
HIST 329 364
HIST 330 387
HIST 331 338
HIST 332 381
HIST 333 331
HIST 334 383
HIST 335 360
HIST 336 335
HIST 337 322
HIST 338 505
HIST 339 326
HIST 340 344
HIST 341 342
HIST 342 323
HIST 343 327
HIST 344 300
HIST 345 325
HIST 346 327
HIST 347 326
HIST 348 310
HIST 349 307
HIST 350 312
HIST 351 316
HIST 352 308
HIST 353 323
HIST 354 299
HIST 355 337
HIST 356 332
HIST 357 316
HIST 358 305
HIST 359 293
HIST 360 298
HIST 361 297
HIST 362 292
HIST 363 316
HIST 364 286
HIST 365 301
HIST 366 293
HIST 367 298
HIST 368 305
HIST 369 282
HIST 370 274
HIST 371 296
HIST 372 326
HIST 373 276
HIST 374 303
HIST 375 283
HIST 376 271
HIST 377 286
HIST 378 311
HIST 379 300
HIST 380 295
HIST 381 294
HIST 382 289
HIST 383 279
HIST 384 290
HIST 385 264
HIST 386 309
HIST 387 282
HIST 388 290
HIST 389 278
HIST 390 273
HIST 391 266
HIST 392 291
HIST 393 259
HIST 394 302
HIST 395 301
HIST 396 274
HIST 397 255
HIST 398 286
HIST 399 260
HIST 400 263
HIST 401 266
HIST 402 277
HIST 403 313
HIST 404 264
HIST 405 288
HIST 406 294
HIST 407 256
HIST 408 279
HIST 409 262
HIST 410 259
HIST 411 250
HIST 412 274
HIST 413 245
HIST 414 258
HIST 415 266
HIST 416 245
HIST 417 292
HIST 418 273
HIST 419 255
HIST 420 264
HIST 421 234
HIST 422 252
HIST 423 276
HIST 424 250
HIST 425 299
HIST 426 259
HIST 427 270
HIST 428 239
HIST 429 265
HIST 430 258
HIST 431 228
HIST 432 236
HIST 433 231
HIST 434 248
HIST 435 244
HIST 436 209
HIST 437 271
HIST 438 228
HIST 439 249
HIST 440 237
HIST 441 231
HIST 442 250
HIST 443 255
HIST 444 223
HIST 445 258
HIST 446 284
HIST 447 223
HIST 448 264
HIST 449 244
HIST 450 229
HIST 451 251
HIST 452 238
HIST 453 210
HIST 454 253
HIST 455 231
HIST 456 228
HIST 457 243
HIST 458 229
HIST 459 225
HIST 460 228
HIST 461 223
HIST 462 234
HIST 463 271
HIST 464 227
HIST 465 206
HIST 466 200
HIST 467 248
HIST 468 228
HIST 469 203
HIST 470 213
HIST 471 246
HIST 472 202
HIST 473 265
HIST 474 215
HIST 475 219
HIST 476 202
HIST 477 209
HIST 478 245
HIST 479 228
HIST 480 221
HIST 481 218
HIST 482 208
HIST 483 229
HIST 484 224
HIST 485 237
HIST 486 232
HIST 487 237
HIST 488 227
HIST 489 212
HIST 490 232
HIST 491 234
HIST 492 218
HIST 493 221
HIST 494 214
HIST 495 189
HIST 496 203
HIST 497 225
HIST 498 214
HIST 499 235
HIST 500 227
HIST 501 207
HIST 502 191
HIST 503 195
HIST 504 207
HIST 505 208
HIST 506 208
HIST 507 183
HIST 508 201
HIST 509 199
HIST 510 185
HIST 511 12236
HIST 512 199
HIST 513 220
HIST 514 183
HIST 515 199
HIST 516 181
HIST 517 189
HIST 518 193
HIST 519 185
HIST 520 199
HIST 521 189
HIST 522 201
HIST 523 182
HIST 524 151
HIST 525 190
HIST 526 194
HIST 527 210
HIST 528 220
HIST 529 175
HIST 530 214
HIST 531 212
HIST 532 202
HIST 533 182
HIST 534 186
HIST 535 181
HIST 536 181
HIST 537 166
HIST 538 199
HIST 539 207
HIST 540 193
HIST 541 203
HIST 542 207
HIST 543 191
HIST 544 180
HIST 545 216
HIST 546 178
HIST 547 183
HIST 548 205
HIST 549 171
HIST 550 195
HIST 551 196
HIST 552 188
HIST 553 175
HIST 554 173
HIST 555 180
HIST 556 170
HIST 557 188
HIST 558 184
HIST 559 189
HIST 560 194
HIST 561 179
HIST 562 185
HIST 563 181
HIST 564 161
HIST 565 159
HIST 566 180
HIST 567 171
HIST 568 191
HIST 569 168
HIST 570 164
HIST 571 192
HIST 572 170
HIST 573 178
HIST 574 182
HIST 575 172
HIST 576 197
HIST 577 204
HIST 578 173
HIST 579 193
HIST 580 175
HIST 581 181
HIST 582 183
HIST 583 441
HIST 584 172
HIST 585 184
HIST 586 183
HIST 587 179
HIST 588 178
HIST 589 171
HIST 590 184
HIST 591 173
HIST 592 177
HIST 593 177
HIST 594 178
HIST 595 169
HIST 596 180
HIST 597 167
HIST 598 186
HIST 599 173
HIST 600 195
HIST 601 179
HIST 602 178
HIST 603 177
HIST 604 163
HIST 605 189
HIST 606 184
HIST 607 172
HIST 608 149
HIST 609 140
HIST 610 175
HIST 611 172
HIST 612 179
HIST 613 173
HIST 614 168
HIST 615 150
HIST 616 161
HIST 617 174
HIST 618 140
HIST 619 157
HIST 620 174
HIST 621 199
HIST 622 180
HIST 623 167
HIST 624 165
HIST 625 202
HIST 626 161
HIST 627 181
HIST 628 166
HIST 629 195
HIST 630 165
HIST 631 159
HIST 632 165
HIST 633 149
HIST 634 156
HIST 635 149
HIST 636 196
HIST 637 136
HIST 638 149
HIST 639 151
HIST 640 167
HIST 641 175
HIST 642 166
HIST 643 152
HIST 644 148
HIST 645 156
HIST 646 164
HIST 647 162
HIST 648 131
HIST 649 171
HIST 650 164
HIST 651 177
HIST 652 174
HIST 653 167
HIST 654 156
HIST 655 166
HIST 656 156
HIST 657 171
HIST 658 168
HIST 659 173
HIST 660 167
HIST 661 139
HIST 662 159
HIST 663 162
HIST 664 169
HIST 665 153
HIST 666 156
HIST 667 172
HIST 668 141
HIST 669 180
HIST 670 173
HIST 671 152
HIST 672 151
HIST 673 166
HIST 674 153
HIST 675 182
HIST 676 171
HIST 677 171
HIST 678 186
HIST 679 151
HIST 680 171
HIST 681 172
HIST 682 153
HIST 683 140
HIST 684 140
HIST 685 160
HIST 686 159
HIST 687 147
HIST 688 154
HIST 689 154
HIST 690 142
HIST 691 146
HIST 692 156
HIST 693 177
HIST 694 153
HIST 695 155
HIST 696 141
HIST 697 144
HIST 698 146
HIST 699 161
HIST 700 159
HIST 701 137
HIST 702 137
HIST 703 164
HIST 704 145
HIST 705 142
HIST 706 145
HIST 707 150
HIST 708 141
HIST 709 136
HIST 710 176
HIST 711 166
HIST 712 153
HIST 713 159
HIST 714 161
HIST 715 150
HIST 716 171
HIST 717 161
HIST 718 131
HIST 719 127
HIST 720 166
HIST 721 186
HIST 722 151
HIST 723 147
HIST 724 186
HIST 725 151
HIST 726 150
HIST 727 202
HIST 728 129
HIST 729 145
HIST 730 146
HIST 731 152
HIST 732 133
HIST 733 151
HIST 734 173
HIST 735 162
HIST 736 172
HIST 737 139
HIST 738 160
HIST 739 154
HIST 740 143
HIST 741 171
HIST 742 149
HIST 743 142
HIST 744 150
HIST 745 131
HIST 746 148
HIST 747 157
HIST 748 152
HIST 749 137
HIST 750 211
HIST 751 150
HIST 752 148
HIST 753 156
HIST 754 152
HIST 755 148
HIST 756 163
HIST 757 140
HIST 758 123
HIST 759 165
HIST 760 161
HIST 761 144
HIST 762 133
HIST 763 164
HIST 764 140
HIST 765 158
HIST 766 150
HIST 767 151
HIST 768 147
HIST 769 144
HIST 770 156
HIST 771 158
HIST 772 163
HIST 773 125
HIST 774 145
HIST 775 121
HIST 776 123
HIST 777 145
HIST 778 154
HIST 779 155
HIST 780 157
HIST 781 161
HIST 782 151
HIST 783 150
HIST 784 151
HIST 785 141
HIST 786 145
HIST 787 155
HIST 788 149
HIST 789 145
HIST 790 140
HIST 791 134
HIST 792 141
HIST 793 115
HIST 794 120
HIST 795 171
HIST 796 127
HIST 797 131
HIST 798 136
HIST 799 147
HIST 800 132
HIST 801 125
HIST 802 138
HIST 803 134
HIST 804 148
HIST 805 134
HIST 806 143
HIST 807 149
HIST 808 158
HIST 809 173
HIST 810 145
HIST 811 140
HIST 812 151
HIST 813 165
HIST 814 151
HIST 815 138
HIST 816 140
HIST 817 136
HIST 818 167
HIST 819 150
HIST 820 136
HIST 821 147
HIST 822 162
HIST 823 138
HIST 824 158
HIST 825 136
HIST 826 130
HIST 827 161
HIST 828 124
HIST 829 142
HIST 830 148
HIST 831 148
HIST 832 159
HIST 833 138
HIST 834 144
HIST 835 126
HIST 836 183
HIST 837 169
HIST 838 140
HIST 839 158
HIST 840 142
HIST 841 131
HIST 842 144
HIST 843 131
HIST 844 144
HIST 845 122
HIST 846 124
HIST 847 130
HIST 848 153
HIST 849 153
HIST 850 130
HIST 851 139
HIST 852 142
HIST 853 146
HIST 854 125
HIST 855 129
HIST 856 129
HIST 857 132
HIST 858 155
HIST 859 112
HIST 860 144
HIST 861 148
HIST 862 150
HIST 863 117
HIST 864 132
HIST 865 132
HIST 866 130
HIST 867 134
HIST 868 135
HIST 869 145
HIST 870 136
HIST 871 139
HIST 872 135
HIST 873 150
HIST 874 161
HIST 875 138
HIST 876 133
HIST 877 123
HIST 878 155
HIST 879 136
HIST 880 134
HIST 881 140
HIST 882 146
HIST 883 136
HIST 884 124
HIST 885 137
HIST 886 154
HIST 887 132
HIST 888 132
HIST 889 138
HIST 890 140
HIST 891 140
HIST 892 119
HIST 893 124
HIST 894 138
HIST 895 126
HIST 896 131
HIST 897 130
HIST 898 143
HIST 899 138
HIST 900 136
HIST 901 133
HIST 902 133
HIST 903 138
HIST 904 154
HIST 905 143
HIST 906 151
HIST 907 145
HIST 908 125
HIST 909 138
HIST 910 140
HIST 911 330
HIST 912 128
HIST 913 129
HIST 914 156
HIST 915 141
HIST 916 140
HIST 917 123
HIST 918 134
HIST 919 134
HIST 920 129
HIST 921 155
HIST 922 168
HIST 923 144
HIST 924 127
HIST 925 134
HIST 926 142
HIST 927 127
HIST 928 134
HIST 929 138
HIST 930 119
HIST 931 132
HIST 932 126
HIST 933 137
HIST 934 137
HIST 935 133
HIST 936 139
HIST 937 113
HIST 938 133
HIST 939 129
HIST 940 132
HIST 941 138
HIST 942 133
HIST 943 136
HIST 944 130
HIST 945 142
HIST 946 131
HIST 947 120
HIST 948 149
HIST 949 134
HIST 950 157
HIST 951 134
HIST 952 135
HIST 953 144
HIST 954 139
HIST 955 146
HIST 956 135
HIST 957 112
HIST 958 148
HIST 959 154
HIST 960 134
HIST 961 110
HIST 962 130
HIST 963 112
HIST 964 127
HIST 965 161
HIST 966 150
HIST 967 132
HIST 968 129
HIST 969 250
HIST 970 121
HIST 971 142
HIST 972 133
HIST 973 137
HIST 974 138
HIST 975 141
HIST 976 140
HIST 977 149
HIST 978 148
HIST 979 136
HIST 980 144
HIST 981 137
HIST 982 109
HIST 983 123
HIST 984 141
HIST 985 113
HIST 986 135
HIST 987 133
HIST 988 126
HIST 989 141
HIST 990 136
HIST 991 137
HIST 992 121
HIST 993 136
HIST 994 144
HIST 995 124
HIST 996 134
HIST 997 114
HIST 998 127
HIST 999 127
HIST 1000 130
HIST 1001 126
HIST 1002 114
HIST 1003 115
HIST 1004 119
HIST 1005 126
HIST 1006 147
HIST 1007 143
HIST 1008 130
HIST 1009 133
HIST 1010 119
HIST 1011 123
HIST 1012 151
HIST 1013 119
HIST 1014 157
HIST 1015 131
HIST 1016 132
HIST 1017 158
HIST 1018 140
HIST 1019 131
HIST 1020 121
HIST 1021 126
HIST 1022 169
HIST 1023 149
HIST 1024 131
HIST 1025 150
HIST 1026 127
HIST 1027 137
HIST 1028 126
HIST 1029 118
HIST 1030 144
HIST 1031 118
HIST 1032 120
HIST 1033 130
HIST 1034 125
HIST 1035 151
HIST 1036 125
HIST 1037 119
HIST 1038 130
HIST 1039 122
HIST 1040 132
HIST 1041 113
HIST 1042 138
HIST 1043 127
HIST 1044 127
HIST 1045 135
HIST 1046 136
HIST 1047 136
HIST 1048 116
HIST 1049 120
HIST 1050 117
HIST 1051 124
HIST 1052 112
HIST 1053 138
HIST 1054 139
HIST 1055 141
HIST 1056 127
HIST 1057 131
HIST 1058 137
HIST 1059 125
HIST 1060 110
HIST 1061 126
HIST 1062 124
HIST 1063 133
HIST 1064 132
HIST 1065 120
HIST 1066 123
HIST 1067 120
HIST 1068 132
HIST 1069 149
HIST 1070 138
HIST 1071 123
HIST 1072 140
HIST 1073 127
HIST 1074 139
HIST 1075 115
HIST 1076 127
HIST 1077 126
HIST 1078 141
HIST 1079 154
HIST 1080 106
HIST 1081 136
HIST 1082 137
HIST 1083 114
HIST 1084 128
HIST 1085 146
HIST 1086 118
HIST 1087 132
HIST 1088 118
HIST 1089 131
HIST 1090 142
HIST 1091 144
HIST 1092 139
HIST 1093 127
HIST 1094 148
HIST 1095 128
HIST 1096 141
HIST 1097 123
HIST 1098 131
HIST 1099 102
HIST 1100 134
HIST 1101 116
HIST 1102 130
HIST 1103 121
HIST 1104 117
HIST 1105 135
HIST 1106 148
HIST 1107 123
HIST 1108 110
HIST 1109 136
HIST 1110 120
HIST 1111 133
HIST 1112 138
HIST 1113 113
HIST 1114 132
HIST 1115 123
HIST 1116 130
HIST 1117 138
HIST 1118 151
HIST 1119 109
HIST 1120 124
HIST 1121 125
HIST 1122 115
HIST 1123 119
HIST 1124 150
HIST 1125 118
HIST 1126 129
HIST 1127 122
HIST 1128 123
HIST 1129 142
HIST 1130 127
HIST 1131 130
HIST 1132 119
HIST 1133 110
HIST 1134 110
HIST 1135 119
HIST 1136 134
HIST 1137 131
HIST 1138 134
HIST 1139 133
HIST 1140 128
HIST 1141 119
HIST 1142 129
HIST 1143 125
HIST 1144 152
HIST 1145 119
HIST 1146 110
HIST 1147 132
HIST 1148 125
HIST 1149 134
HIST 1150 134
HIST 1151 129
HIST 1152 136
HIST 1153 138
HIST 1154 128
HIST 1155 130
HIST 1156 136
HIST 1157 120
HIST 1158 158
HIST 1159 142
HIST 1160 136
HIST 1161 110
HIST 1162 127
HIST 1163 125
HIST 1164 123
HIST 1165 145
HIST 1166 124
HIST 1167 142
HIST 1168 107
HIST 1169 130
HIST 1170 142
HIST 1171 124
HIST 1172 137
HIST 1173 132
HIST 1174 127
HIST 1175 113
HIST 1176 133
HIST 1177 133
HIST 1178 124
HIST 1179 156
HIST 1180 129
HIST 1181 140
HIST 1182 122
HIST 1183 147
HIST 1184 123
HIST 1185 122
HIST 1186 145
HIST 1187 125
HIST 1188 122
HIST 1189 129
HIST 1190 127
HIST 1191 132
HIST 1192 137
HIST 1193 115
HIST 1194 118
HIST 1195 140
HIST 1196 124
HIST 1197 129
HIST 1198 125
HIST 1199 106
HIST 1200 157
HIST 1201 138
HIST 1202 119
HIST 1203 153
HIST 1204 122
HIST 1205 139
HIST 1206 131
HIST 1207 156
HIST 1208 122
HIST 1209 140
HIST 1210 136
HIST 1211 124
HIST 1212 117
HIST 1213 140
HIST 1214 124
HIST 1215 118
HIST 1216 136
HIST 1217 132
HIST 1218 136
HIST 1219 123
HIST 1220 124
HIST 1221 115
HIST 1222 155
HIST 1223 121
HIST 1224 142
HIST 1225 143
HIST 1226 124
HIST 1227 137
HIST 1228 138
HIST 1229 133
HIST 1230 105
HIST 1231 127
HIST 1232 116
HIST 1233 112
HIST 1234 123
HIST 1235 134
HIST 1236 135
HIST 1237 118
HIST 1238 136
HIST 1239 135
HIST 1240 122
HIST 1241 121
HIST 1242 135
HIST 1243 140
HIST 1244 140
HIST 1245 132
HIST 1246 125
HIST 1247 141
HIST 1248 114
HIST 1249 134
HIST 1250 128
HIST 1251 114
HIST 1252 115
HIST 1253 122
HIST 1254 130
HIST 1255 128
HIST 1256 131
HIST 1257 144
HIST 1258 132
HIST 1259 144
HIST 1260 151
HIST 1261 161
HIST 1262 113
HIST 1263 113
HIST 1264 129
HIST 1265 111
HIST 1266 128
HIST 1267 132
HIST 1268 109
HIST 1269 128
HIST 1270 112
HIST 1271 128
HIST 1272 129
HIST 1273 136
HIST 1274 149
HIST 1275 127
HIST 1276 136
HIST 1277 115
HIST 1278 127
HIST 1279 124
HIST 1280 129
HIST 1281 108
HIST 1282 125
HIST 1283 145
HIST 1284 119
HIST 1285 120
HIST 1286 126
HIST 1287 127
HIST 1288 119
HIST 1289 141
HIST 1290 137
HIST 1291 125
HIST 1292 133
HIST 1293 130
HIST 1294 128
HIST 1295 145
HIST 1296 126
HIST 1297 120
HIST 1298 121
HIST 1299 154
HIST 1300 123
HIST 1301 136
HIST 1302 127
HIST 1303 123
HIST 1304 132
HIST 1305 144
HIST 1306 137
HIST 1307 133
HIST 1308 145
HIST 1309 135
HIST 1310 140
HIST 1311 130
HIST 1312 121
HIST 1313 112
HIST 1314 126
HIST 1315 128
HIST 1316 124
HIST 1317 129
HIST 1318 130
HIST 1319 137
HIST 1320 134
HIST 1321 144
HIST 1322 109
HIST 1323 122
HIST 1324 145
HIST 1325 118
HIST 1326 133
HIST 1327 128
HIST 1328 126
HIST 1329 105
HIST 1330 128
HIST 1331 138
HIST 1332 98
HIST 1333 127
HIST 1334 124
HIST 1335 123
HIST 1336 129
HIST 1337 146
HIST 1338 138
HIST 1339 130
HIST 1340 116
HIST 1341 136
HIST 1342 113
HIST 1343 118
HIST 1344 137
HIST 1345 124
HIST 1346 158
HIST 1347 148
HIST 1348 123
HIST 1349 136
HIST 1350 116
HIST 1351 124
HIST 1352 126
HIST 1353 146
HIST 1354 123
HIST 1355 119
HIST 1356 121
HIST 1357 130
HIST 1358 148
HIST 1359 148
HIST 1360 134
HIST 1361 117
HIST 1362 129
HIST 1363 138
HIST 1364 127
HIST 1365 115
HIST 1366 124
HIST 1367 137
HIST 1368 127
HIST 1369 127
HIST 1370 134
HIST 1371 115
HIST 1372 135
HIST 1373 139
HIST 1374 168
HIST 1375 141
HIST 1376 119
HIST 1377 118
HIST 1378 125
HIST 1379 124
HIST 1380 124
HIST 1381 123
HIST 1382 126
HIST 1383 128
HIST 1384 126
HIST 1385 147
HIST 1386 133
HIST 1387 127
HIST 1388 125
HIST 1389 132
HIST 1390 117
HIST 1391 126
HIST 1392 107
HIST 1393 141
HIST 1394 134
HIST 1395 147
HIST 1396 137
HIST 1397 130
HIST 1398 126
HIST 1399 150
HIST 1400 156
HIST 1401 129
HIST 1402 114
HIST 1403 125
HIST 1404 147
HIST 1405 123
HIST 1406 148
HIST 1407 154
HIST 1408 134
HIST 1409 155
HIST 1410 130
HIST 1411 134
HIST 1412 126
HIST 1413 133
HIST 1414 121
HIST 1415 149
HIST 1416 130
HIST 1417 138
HIST 1418 120
HIST 1419 132
HIST 1420 148
HIST 1421 114
HIST 1422 136
HIST 1423 158
HIST 1424 126
HIST 1425 129
HIST 1426 134
HIST 1427 125
HIST 1428 133
HIST 1429 144
HIST 1430 122
HIST 1431 118
HIST 1432 138
HIST 1433 141
HIST 1434 140
HIST 1435 136
HIST 1436 119
HIST 1437 127
HIST 1438 119
HIST 1439 133
HIST 1440 133
HIST 1441 118
HIST 1442 141
HIST 1443 130
HIST 1444 133
HIST 1445 134
HIST 1446 140
HIST 1447 126
HIST 1448 152
HIST 1449 122
HIST 1450 122
HIST 1451 142
HIST 1452 135
HIST 1453 122
HIST 1454 129
HIST 1455 124
HIST 1456 130
HIST 1457 155
HIST 1458 128
HIST 1459 129
HIST 1460 140
HIST 1461 125
HIST 1462 124
HIST 1463 143
HIST 1464 127
HIST 1465 130
HIST 1466 146
HIST 1467 106
HIST 1468 150
HIST 1469 132
HIST 1470 141
HIST 1471 135
HIST 1472 126
HIST 1473 136
HIST 1474 132
HIST 1475 141
HIST 1476 153
HIST 1477 120
HIST 1478 122
HIST 1479 135
HIST 1480 155
HIST 1481 133
HIST 1482 146
HIST 1483 126
HIST 1484 126
HIST 1485 141
HIST 1486 137
HIST 1487 118
HIST 1488 129
HIST 1489 122
HIST 1490 131
HIST 1491 121
HIST 1492 146
HIST 1493 140
HIST 1494 128
HIST 1495 126
HIST 1496 153
HIST 1497 125
HIST 1498 138
HIST 1499 152
HIST 1500 131
HIST 1501 131
HIST 1502 137
HIST 1503 120
HIST 1504 138
HIST 1505 138
HIST 1506 128
HIST 1507 127
HIST 1508 114
HIST 1509 160
HIST 1510 142
HIST 1511 144
HIST 1512 119
HIST 1513 144
HIST 1514 138
HIST 1515 130
HIST 1516 154
HIST 1517 147
HIST 1518 146
HIST 1519 134
HIST 1520 145
HIST 1521 129
HIST 1522 131
HIST 1523 121
HIST 1524 125
HIST 1525 136
HIST 1526 148
HIST 1527 142
HIST 1528 148
HIST 1529 129
HIST 1530 145
HIST 1531 125
HIST 1532 131
HIST 1533 140
HIST 1534 126
HIST 1535 136
HIST 1536 146
HIST 1537 145
HIST 1538 145
HIST 1539 145
HIST 1540 114
HIST 1541 142
HIST 1542 157
HIST 1543 143
HIST 1544 151
HIST 1545 135
HIST 1546 141
HIST 1547 146
HIST 1548 131
HIST 1549 127
HIST 1550 138
HIST 1551 143
HIST 1552 139
HIST 1553 153
HIST 1554 141
HIST 1555 130
HIST 1556 137
HIST 1557 149
HIST 1558 147
HIST 1559 146
HIST 1560 145
HIST 1561 140
HIST 1562 147
HIST 1563 155
HIST 1564 147
HIST 1565 133
HIST 1566 135
HIST 1567 119
HIST 1568 144
HIST 1569 137
HIST 1570 158
HIST 1571 142
HIST 1572 139
HIST 1573 122
HIST 1574 128
HIST 1575 146
HIST 1576 145
HIST 1577 145
HIST 1578 138
HIST 1579 131
HIST 1580 135
HIST 1581 130
HIST 1582 137
HIST 1583 154
HIST 1584 131
HIST 1585 150
HIST 1586 127
HIST 1587 138
HIST 1588 143
HIST 1589 136
HIST 1590 162
HIST 1591 150
HIST 1592 142
HIST 1593 9561
HIST 1594 164
HIST 1595 188
HIST 1596 192
HIST 1597 185
HIST 1598 187
HIST 1599 190
HIST 1600 195
HIST 1601 176
HIST 1602 195
HIST 1603 167
HIST 1604 199
HIST 1605 165
HIST 1606 187
HIST 1607 175
HIST 1608 206
HIST 1609 170
HIST 1610 199
HIST 1611 209
HIST 1612 154
HIST 1613 184
HIST 1614 185
HIST 1615 160
HIST 1616 204
HIST 1617 169
HIST 1618 172
HIST 1619 168
HIST 1620 178
HIST 1621 194
HIST 1622 209
HIST 1623 186
HIST 1624 165
HIST 1625 200
HIST 1626 169
HIST 1627 184
HIST 1628 173
HIST 1629 186
HIST 1630 184
HIST 1631 196
HIST 1632 188
HIST 1633 192
HIST 1634 193
HIST 1635 176
HIST 1636 184
HIST 1637 179
HIST 1638 194
HIST 1639 170
HIST 1640 190
HIST 1641 188
HIST 1642 196
HIST 1643 184
HIST 1644 174
HIST 1645 182
HIST 1646 182
HIST 1647 178
HIST 1648 179
HIST 1649 189
HIST 1650 192
HIST 1651 186
HIST 1652 196
HIST 1653 204
HIST 1654 173
HIST 1655 179
HIST 1656 188
HIST 1657 165
HIST 1658 224
HIST 1659 183
HIST 1660 184
HIST 1661 200
HIST 1662 201
HIST 1663 165
HIST 1664 204
HIST 1665 190
HIST 1666 199
HIST 1667 186
HIST 1668 210
HIST 1669 210
HIST 1670 175
HIST 1671 172
HIST 1672 187
HIST 1673 214
HIST 1674 179
HIST 1675 183
HIST 1676 208
HIST 1677 193
HIST 1678 182
HIST 1679 206
HIST 1680 198
HIST 1681 187
HIST 1682 200
HIST 1683 176
HIST 1684 178
HIST 1685 189
HIST 1686 185
HIST 1687 193
HIST 1688 172
HIST 1689 193
HIST 1690 164
HIST 1691 185
HIST 1692 194
HIST 1693 180
HIST 1694 184
HIST 1695 205
HIST 1696 208
HIST 1697 193
HIST 1698 183
HIST 1699 188
HIST 1700 177
HIST 1701 208
HIST 1702 167
HIST 1703 191
HIST 1704 182
HIST 1705 172
HIST 1706 169
HIST 1707 177
HIST 1708 177
HIST 1709 197
HIST 1710 200
HIST 1711 200
HIST 1712 224
HIST 1713 172
HIST 1714 198
HIST 1715 199
HIST 1716 175
HIST 1717 186
HIST 1718 202
HIST 1719 188
HIST 1720 189
HIST 1721 177
HIST 1722 179
HIST 1723 173
HIST 1724 175
HIST 1725 174
HIST 1726 194
HIST 1727 168
HIST 1728 177
HIST 1729 178
HIST 1730 183
HIST 1731 176
HIST 1732 180
HIST 1733 215
HIST 1734 183
HIST 1735 192
HIST 1736 159
HIST 1737 183
HIST 1738 189
HIST 1739 208
HIST 1740 187
HIST 1741 200
HIST 1742 198
HIST 1743 210
HIST 1744 189
HIST 1745 196
HIST 1746 201
HIST 1747 179
HIST 1748 203
HIST 1749 186
HIST 1750 179
HIST 1751 194
HIST 1752 152
HIST 1753 163
HIST 1754 182
HIST 1755 178
HIST 1756 192
HIST 1757 180
HIST 1758 200
HIST 1759 200
HIST 1760 176
HIST 1761 202
HIST 1762 185
HIST 1763 200
HIST 1764 175
HIST 1765 200
HIST 1766 178
HIST 1767 205
HIST 1768 196
HIST 1769 163
HIST 1770 202
HIST 1771 196
HIST 1772 200
HIST 1773 215
HIST 1774 196
HIST 1775 183
HIST 1776 210
HIST 1777 194
HIST 1778 212
HIST 1779 200
HIST 1780 189
HIST 1781 204
HIST 1782 234
HIST 1783 201
HIST 1784 200
HIST 1785 207
HIST 1786 178
HIST 1787 216
HIST 1788 205
HIST 1789 186
HIST 1790 195
HIST 1791 201
HIST 1792 184
HIST 1793 194
HIST 1794 186
HIST 1795 224
HIST 1796 200
HIST 1797 212
HIST 1798 188
HIST 1799 178
HIST 1800 186
HIST 1801 197
HIST 1802 182
HIST 1803 204
HIST 1804 231
HIST 1805 237
HIST 1806 210
HIST 1807 179
HIST 1808 191
HIST 1809 210
HIST 1810 187
HIST 1811 177
HIST 1812 211
HIST 1813 188
HIST 1814 189
HIST 1815 205
HIST 1816 189
HIST 1817 204
HIST 1818 219
HIST 1819 190
HIST 1820 186
HIST 1821 207
HIST 1822 179
HIST 1823 179
HIST 1824 172
HIST 1825 203
HIST 1826 205
HIST 1827 213
HIST 1828 218
HIST 1829 211
HIST 1830 201
HIST 1831 188
HIST 1832 199
HIST 1833 203
HIST 1834 177
HIST 1835 228
HIST 1836 206
HIST 1837 201
HIST 1838 232
HIST 1839 194
HIST 1840 206
HIST 1841 200
HIST 1842 212
HIST 1843 188
HIST 1844 178
HIST 1845 210
HIST 1846 216
HIST 1847 219
HIST 1848 191
HIST 1849 192
HIST 1850 180
HIST 1851 216
HIST 1852 206
HIST 1853 195
HIST 1854 181
HIST 1855 191
HIST 1856 198
HIST 1857 203
HIST 1858 190
HIST 1859 186
HIST 1860 193
HIST 1861 202
HIST 1862 207
HIST 1863 196
HIST 1864 191
HIST 1865 220
HIST 1866 212
HIST 1867 215
HIST 1868 217
HIST 1869 178
HIST 1870 205
HIST 1871 210
HIST 1872 202
HIST 1873 210
HIST 1874 225
HIST 1875 180
HIST 1876 209
HIST 1877 191
HIST 1878 193
HIST 1879 211
HIST 1880 202
HIST 1881 202
HIST 1882 219
HIST 1883 186
HIST 1884 211
HIST 1885 214
HIST 1886 203
HIST 1887 191
HIST 1888 203
HIST 1889 194
HIST 1890 181
HIST 1891 197
HIST 1892 199
HIST 1893 193
HIST 1894 235
HIST 1895 199
HIST 1896 192
HIST 1897 195
HIST 1898 223
HIST 1899 185
HIST 1900 195
HIST 1901 192
HIST 1902 225
HIST 1903 190
HIST 1904 202
HIST 1905 188
HIST 1906 207
HIST 1907 197
HIST 1908 171
HIST 1909 185
HIST 1910 204
HIST 1911 183
HIST 1912 190
HIST 1913 198
HIST 1914 198
HIST 1915 198
HIST 1916 225
HIST 1917 196
HIST 1918 204
HIST 1919 225
HIST 1920 187
HIST 1921 201
HIST 1922 214
HIST 1923 184
HIST 1924 204
HIST 1925 207
HIST 1926 190
HIST 1927 209
HIST 1928 190
HIST 1929 178
HIST 1930 202
HIST 1931 195
HIST 1932 183
HIST 1933 186
HIST 1934 207
HIST 1935 210
HIST 1936 195
HIST 1937 203
HIST 1938 189
HIST 1939 188
HIST 1940 196
HIST 1941 186
HIST 1942 184
HIST 1943 182
HIST 1944 199
HIST 1945 156
HIST 1946 184
HIST 1947 228
HIST 1948 176
HIST 1949 173
HIST 1950 173
HIST 1951 179
HIST 1952 184
HIST 1953 205
HIST 1954 191
HIST 1955 174
HIST 1956 203
HIST 1957 202
HIST 1958 162
HIST 1959 188
HIST 1960 193
HIST 1961 175
HIST 1962 194
HIST 1963 200
HIST 1964 161
HIST 1965 198
HIST 1966 194
HIST 1967 182
HIST 1968 187
HIST 1969 194
HIST 1970 194
HIST 1971 208
HIST 1972 194
HIST 1973 182
HIST 1974 206
HIST 1975 172
HIST 1976 198
HIST 1977 186
HIST 1978 199
HIST 1979 190
HIST 1980 198
HIST 1981 205
HIST 1982 166
HIST 1983 167
HIST 1984 190
HIST 1985 198
HIST 1986 165
HIST 1987 178
HIST 1988 213
HIST 1989 214
HIST 1990 201
HIST 1991 190
HIST 1992 190
HIST 1993 198
HIST 1994 170
HIST 1995 214
HIST 1996 189
HIST 1997 222
HIST 1998 204
HIST 1999 210
HIST 2000 190
HIST 2001 201
HIST 2002 207
HIST 2003 173
HIST 2004 178
HIST 2005 205
HIST 2006 175
HIST 2007 202
HIST 2008 172
HIST 2009 195
HIST 2010 178
HIST 2011 203
HIST 2012 183
HIST 2013 202
HIST 2014 199
HIST 2015 198
HIST 2016 206
HIST 2017 184
HIST 2018 199
HIST 2019 206
HIST 2020 202
HIST 2021 211
HIST 2022 185
HIST 2023 188
HIST 2024 175
HIST 2025 200
HIST 2026 202
HIST 2027 222
HIST 2028 220
HIST 2029 176
HIST 2030 211
HIST 2031 181
HIST 2032 204
HIST 2033 205
HIST 2034 222
HIST 2035 205
HIST 2036 198
HIST 2037 202
HIST 2038 206
HIST 2039 206
HIST 2040 180
HIST 2041 214
HIST 2042 189
HIST 2043 188
HIST 2044 197
HIST 2045 181
HIST 2046 223
HIST 2047 208
HIST 2048 210
HIST 2049 190
HIST 2050 211
HIST 2051 226
HIST 2052 191
HIST 2053 207
HIST 2054 225
HIST 2055 194
HIST 2056 172
HIST 2057 194
HIST 2058 215
HIST 2059 207
HIST 2060 224
HIST 2061 209
HIST 2062 196
HIST 2063 234
HIST 2064 201
HIST 2065 209
HIST 2066 212
HIST 2067 185
HIST 2068 190
HIST 2069 198
HIST 2070 198
HIST 2071 201
HIST 2072 209
HIST 2073 187
HIST 2074 172
HIST 2075 274
HIST 2076 223
HIST 2077 230
HIST 2078 218
HIST 2079 230
HIST 2080 236
HIST 2081 196
HIST 2082 214
HIST 2083 200
HIST 2084 204
HIST 2085 213
HIST 2086 209
HIST 2087 182
HIST 2088 206
HIST 2089 206
HIST 2090 210
HIST 2091 200
HIST 2092 223
HIST 2093 195
HIST 2094 220
HIST 2095 214
HIST 2096 240
HIST 2097 213
HIST 2098 252
HIST 2099 208
HIST 2100 174
HIST 2101 226
HIST 2102 221
HIST 2103 218
HIST 2104 25164
HIST 2105 229
HIST 2106 259
HIST 2107 253
HIST 2108 244
HIST 2109 236
HIST 2110 271
HIST 2111 274
HIST 2112 247
HIST 2113 227
HIST 2114 265
HIST 2115 248
HIST 2116 248
HIST 2117 285
HIST 2118 270
HIST 2119 229
HIST 2120 258
HIST 2121 283
HIST 2122 255
HIST 2123 260
HIST 2124 265
HIST 2125 249
HIST 2126 249
HIST 2127 256
HIST 2128 263
HIST 2129 251
HIST 2130 275
HIST 2131 238
HIST 2132 276
HIST 2133 264
HIST 2134 271
HIST 2135 280
HIST 2136 280
HIST 2137 238
HIST 2138 250
HIST 2139 286
HIST 2140 285
HIST 2141 252
HIST 2142 253
HIST 2143 238
HIST 2144 262
HIST 2145 266
HIST 2146 275
HIST 2147 247
HIST 2148 266
HIST 2149 258
HIST 2150 274
HIST 2151 245
HIST 2152 238
HIST 2153 233
HIST 2154 240
HIST 2155 277
HIST 2156 283
HIST 2157 237
HIST 2158 261
HIST 2159 257
HIST 2160 277
HIST 2161 267
HIST 2162 254
HIST 2163 258
HIST 2164 250
HIST 2165 229
HIST 2166 237
HIST 2167 259
HIST 2168 251
HIST 2169 222
HIST 2170 264
HIST 2171 271
HIST 2172 269
HIST 2173 245
HIST 2174 265
HIST 2175 260
HIST 2176 280
HIST 2177 276
HIST 2178 244
HIST 2179 274
HIST 2180 260
HIST 2181 261
HIST 2182 239
HIST 2183 280
HIST 2184 235
HIST 2185 264
HIST 2186 255
HIST 2187 240
HIST 2188 237
HIST 2189 262
HIST 2190 260
HIST 2191 270
HIST 2192 274
HIST 2193 278
HIST 2194 248
HIST 2195 276
HIST 2196 292
HIST 2197 267
HIST 2198 271
HIST 2199 258
HIST 2200 267
HIST 2201 289
HIST 2202 278
HIST 2203 244
HIST 2204 289
HIST 2205 258
HIST 2206 279
HIST 2207 277
HIST 2208 263
HIST 2209 262
HIST 2210 271
HIST 2211 271
HIST 2212 243
HIST 2213 321
HIST 2214 245
HIST 2215 293
HIST 2216 277
HIST 2217 259
HIST 2218 285
HIST 2219 267
HIST 2220 302
HIST 2221 290
HIST 2222 289
HIST 2223 283
HIST 2224 273
HIST 2225 280
HIST 2226 270
HIST 2227 266
HIST 2228 288
HIST 2229 294
HIST 2230 309
HIST 2231 266
HIST 2232 305
HIST 2233 286
HIST 2234 267
HIST 2235 269
HIST 2236 269
HIST 2237 277
HIST 2238 277
HIST 2239 257
HIST 2240 269
HIST 2241 281
HIST 2242 288
HIST 2243 282
HIST 2244 292
HIST 2245 285
HIST 2246 293
HIST 2247 269
HIST 2248 309
HIST 2249 277
HIST 2250 292
HIST 2251 274
HIST 2252 280
HIST 2253 285
HIST 2254 291
HIST 2255 295
HIST 2256 307
HIST 2257 281
HIST 2258 290
HIST 2259 264
HIST 2260 309
HIST 2261 301
HIST 2262 284
HIST 2263 286
HIST 2264 274
HIST 2265 281
HIST 2266 276
HIST 2267 278
HIST 2268 276
HIST 2269 288
HIST 2270 264
HIST 2271 301
HIST 2272 295
HIST 2273 259
HIST 2274 292
HIST 2275 306
HIST 2276 313
HIST 2277 321
HIST 2278 290
HIST 2279 342
HIST 2280 285
HIST 2281 312
HIST 2282 273
HIST 2283 328
HIST 2284 286
HIST 2285 283
HIST 2286 294
HIST 2287 308
HIST 2288 318
HIST 2289 298
HIST 2290 325
HIST 2291 320
HIST 2292 300
HIST 2293 292
HIST 2294 319
HIST 2295 303
HIST 2296 284
HIST 2297 317
HIST 2298 302
HIST 2299 308
HIST 2300 276
HIST 2301 321
HIST 2302 288
HIST 2303 314
HIST 2304 313
HIST 2305 297
HIST 2306 314
HIST 2307 335
HIST 2308 280
HIST 2309 302
HIST 2310 312
HIST 2311 294
HIST 2312 300
HIST 2313 310
HIST 2314 330
HIST 2315 280
HIST 2316 266
HIST 2317 312
HIST 2318 305
HIST 2319 303
HIST 2320 296
HIST 2321 302
HIST 2322 350
HIST 2323 337
HIST 2324 291
HIST 2325 318
HIST 2326 321
HIST 2327 328
HIST 2328 339
HIST 2329 328
HIST 2330 275
HIST 2331 286
HIST 2332 344
HIST 2333 337
HIST 2334 307
HIST 2335 291
HIST 2336 332
HIST 2337 322
HIST 2338 335
HIST 2339 317
HIST 2340 297
HIST 2341 318
HIST 2342 316
HIST 2343 295
HIST 2344 307
HIST 2345 339
HIST 2346 355
HIST 2347 329
HIST 2348 340
HIST 2349 318
HIST 2350 311
HIST 2351 337
HIST 2352 351
HIST 2353 322
HIST 2354 308
HIST 2355 340
HIST 2356 304
HIST 2357 315
HIST 2358 316
HIST 2359 297
HIST 2360 355
HIST 2361 318
HIST 2362 345
HIST 2363 312
HIST 2364 319
HIST 2365 302
HIST 2366 328
HIST 2367 314
HIST 2368 306
HIST 2369 289
HIST 2370 321
HIST 2371 325
HIST 2372 301
HIST 2373 316
HIST 2374 279
HIST 2375 295
HIST 2376 319
HIST 2377 300
HIST 2378 301
HIST 2379 308
HIST 2380 293
HIST 2381 276
HIST 2382 277
HIST 2383 240
HIST 2384 188
HIST 2385 206
HIST 2386 205
HIST 2387 197
HIST 2388 195
HIST 2389 181
HIST 2390 179
HIST 2391 171
HIST 2392 187
HIST 2393 173
HIST 2394 161
HIST 2395 165
HIST 2396 172
HIST 2397 153
HIST 2398 159
HIST 2399 164
HIST 2400 175
HIST 2401 151
HIST 2402 167
HIST 2403 143
HIST 2404 154
HIST 2405 118
HIST 2406 152
HIST 2407 147
HIST 2408 133
HIST 2409 142
HIST 2410 147
HIST 2411 126
HIST 2412 130
HIST 2413 107
HIST 2414 131
HIST 2415 122
HIST 2416 136
HIST 2417 109
HIST 2418 103
HIST 2419 107
HIST 2420 115
HIST 2421 109
HIST 2422 104
HIST 2423 106
HIST 2424 101
HIST 2425 118
HIST 2426 112
HIST 2427 100
HIST 2428 100
HIST 2429 104
HIST 2430 107
HIST 2431 96
HIST 2432 105
HIST 2433 103
HIST 2434 95
HIST 2435 94
HIST 2436 88
HIST 2437 65
HIST 2438 79
HIST 2439 91
HIST 2440 104
HIST 2441 94
HIST 2442 93
HIST 2443 73
HIST 2444 76
HIST 2445 91
HIST 2446 73
HIST 2447 69
HIST 2448 73
HIST 2449 71
HIST 2450 72
HIST 2451 70
HIST 2452 58
HIST 2453 51
HIST 2454 58
HIST 2455 68
HIST 2456 55
HIST 2457 54
HIST 2458 64
HIST 2459 49
HIST 2460 59
HIST 2461 43
HIST 2462 74
HIST 2463 62
HIST 2464 56
HIST 2465 51
HIST 2466 53
HIST 2467 43
HIST 2468 46
HIST 2469 39
HIST 2470 54
HIST 2471 38
HIST 2472 54
HIST 2473 47
HIST 2474 46
HIST 2475 54
HIST 2476 47
HIST 2477 40
HIST 2478 37
HIST 2479 44
HIST 2480 33
HIST 2481 26
HIST 2482 37
HIST 2483 41
HIST 2484 44
HIST 2485 36
HIST 2486 37
HIST 2487 32
HIST 2488 28
HIST 2489 27
HIST 2490 30
HIST 2491 23
HIST 2492 35
HIST 2493 29
HIST 2494 22
HIST 2495 37
HIST 2496 42
HIST 2497 41
HIST 2498 40
HIST 2499 30
HIST 2500 32
HIST 2501 26
HIST 2502 22
HIST 2503 30
HIST 2504 33
HIST 2505 26
HIST 2506 24
HIST 2507 24
HIST 2508 19
HIST 2509 22
HIST 2510 23
HIST 2511 16
HIST 2512 25
HIST 2513 22
HIST 2514 21
HIST 2515 25
HIST 2516 22
HIST 2517 20
HIST 2518 19
HIST 2519 19
HIST 2520 19
HIST 2521 13
HIST 2522 16
HIST 2523 21
HIST 2524 23
HIST 2525 22
HIST 2526 30
HIST 2527 25
HIST 2528 14
HIST 2529 24
HIST 2530 15
HIST 2531 14
HIST 2532 12
HIST 2533 17
HIST 2534 18
HIST 2535 15
HIST 2536 14
HIST 2537 18
HIST 2538 11
HIST 2539 15
HIST 2540 8
HIST 2541 15
HIST 2542 13
HIST 2543 21
HIST 2544 14
HIST 2545 18
HIST 2546 14
HIST 2547 12
HIST 2548 8
HIST 2549 12
HIST 2550 11
HIST 2551 12
HIST 2552 9
HIST 2553 8
HIST 2554 8
HIST 2555 5
HIST 2556 11
HIST 2557 14
HIST 2558 12
HIST 2559 7
HIST 2560 17
HIST 2561 8
HIST 2562 8
HIST 2563 13
HIST 2564 9
HIST 2565 7
HIST 2566 8
HIST 2567 6
HIST 2568 9
HIST 2569 7
HIST 2570 10
HIST 2571 9
HIST 2572 4
HIST 2573 6
HIST 2574 6
HIST 2575 11
HIST 2576 7
HIST 2577 9
HIST 2578 12
HIST 2579 5
HIST 2580 4
HIST 2581 26
HIST 2582 69
HIST 2583 8
HIST 2584 6
HIST 2585 6
HIST 2586 268
HIST 2587 1
HIST 2588 3
HIST 2589 6
HIST 2590 4
HIST 2591 6
HIST 2592 3
HIST 2593 9
HIST 2594 7
HIST 2595 4
HIST 2596 5
HIST 2597 4
HIST 2598 10
HIST 2599 11
HIST 2600 4
HIST 2601 5
HIST 2602 4
HIST 2603 3
HIST 2604 7
HIST 2605 6
HIST 2606 6
HIST 2607 3
HIST 2608 4
HIST 2609 5
HIST 2610 2
HIST 2611 11
HIST 2612 12
HIST 2613 6
HIST 2614 2
HIST 2615 124373
HISTEND
ESCPOP decays=8000000 own_exit=18164 carry_exit=0 own_return=0 same=0 other=0 noface=0 lineage_gamma_out=0 lineage_lepton_out=0 killed_gamma=0 killed_lepton=0 facemiss=0 lineage_inside=0 out_lepton=14338458 out_brem_gamma=499877 killed_out_brem=0
