SETUP correlatedGamma=0 twoJmax=10 vacuum=1 seed=0 killesc=0 killcarry=0 fullcarry=0 histbin=1.000 histbins=2616 iontag=0 escpop=1 killescown=0 killesccarry=0 killret=1 killretsame=0 killretother=0 killescbrem=0 killescdelta=0
CUTS (production thresholds per material couple):
 Material : G4_Galactic
 Range cuts        :  gamma  1 mm     e-  1 mm     e+  1 mm  proton 1 mm 
 Energy thresholds :  gamma  990 eV     e-  990 eV     e+  990 eV  proton 100 keV
 Material : scene_mat_4
 Range cuts        :  gamma  1 mm     e-  1 mm     e+  1 mm  proton 1 mm 
 Energy thresholds :  gamma  38.9651 keV    e-  738.26 keV    e+  703.709 keV proton 100 keV
 Material : scene_mat_3
 Range cuts        :  gamma  1 mm     e-  1 mm     e+  1 mm  proton 1 mm 
 Energy thresholds :  gamma  6.91691 keV    e-  597.603 keV    e+  574.29 keV proton 100 keV
 Material : scene_mat_2
 Range cuts        :  gamma  1 mm     e-  1 mm     e+  1 mm  proton 1 mm 
 Energy thresholds :  gamma  990 eV     e-  990 eV     e+  990 eV  proton 100 keV
 Material : scene_mat_1
 Range cuts        :  gamma  1 mm     e-  1 mm     e+  1 mm  proton 1 mm 
 Energy thresholds :  gamma  3.38683 keV    e-  268.033 keV    e+  261.068 keV proton 100 keV
 Material : scene_mat_0
 Range cuts        :  gamma  1 mm     e-  1 mm     e+  1 mm  proton 1 mm 
 Energy thresholds :  gamma  29.856 keV    e-  620.515 keV    e+  592.153 keV proton 100 keV
RESULT decays=8000000
RESULT any=702694 eps_total=8.783675e-02
RESULT window=2614.511 counts=124247 eps=1.553087e-02
HISTBEGIN bins=2616 bin_kev=1.000000 decays=8000000
HIST 0 69
HIST 1 238
HIST 2 223
HIST 3 225
HIST 4 218
HIST 5 295
HIST 6 271
HIST 7 261
HIST 8 270
HIST 9 299
HIST 10 257
HIST 11 262
HIST 12 255
HIST 13 259
HIST 14 287
HIST 15 268
HIST 16 287
HIST 17 287
HIST 18 290
HIST 19 261
HIST 20 313
HIST 21 313
HIST 22 324
HIST 23 315
HIST 24 282
HIST 25 290
HIST 26 304
HIST 27 302
HIST 28 295
HIST 29 292
HIST 30 339
HIST 31 320
HIST 32 527
HIST 33 485
HIST 34 349
HIST 35 319
HIST 36 384
HIST 37 348
HIST 38 337
HIST 39 282
HIST 40 323
HIST 41 325
HIST 42 300
HIST 43 275
HIST 44 308
HIST 45 295
HIST 46 285
HIST 47 315
HIST 48 266
HIST 49 292
HIST 50 294
HIST 51 296
HIST 52 312
HIST 53 292
HIST 54 272
HIST 55 315
HIST 56 286
HIST 57 296
HIST 58 310
HIST 59 308
HIST 60 304
HIST 61 273
HIST 62 313
HIST 63 279
HIST 64 311
HIST 65 326
HIST 66 309
HIST 67 308
HIST 68 325
HIST 69 334
HIST 70 309
HIST 71 295
HIST 72 321
HIST 73 316
HIST 74 300
HIST 75 367
HIST 76 298
HIST 77 363
HIST 78 322
HIST 79 312
HIST 80 294
HIST 81 284
HIST 82 313
HIST 83 313
HIST 84 321
HIST 85 309
HIST 86 318
HIST 87 316
HIST 88 341
HIST 89 294
HIST 90 887
HIST 91 324
HIST 92 311
HIST 93 291
HIST 94 1319
HIST 95 314
HIST 96 316
HIST 97 318
HIST 98 306
HIST 99 290
HIST 100 299
HIST 101 305
HIST 102 295
HIST 103 293
HIST 104 295
HIST 105 473
HIST 106 590
HIST 107 307
HIST 108 299
HIST 109 447
HIST 110 311
HIST 111 289
HIST 112 278
HIST 113 323
HIST 114 291
HIST 115 307
HIST 116 289
HIST 117 292
HIST 118 294
HIST 119 279
HIST 120 301
HIST 121 299
HIST 122 286
HIST 123 297
HIST 124 285
HIST 125 294
HIST 126 342
HIST 127 316
HIST 128 339
HIST 129 333
HIST 130 294
HIST 131 289
HIST 132 339
HIST 133 329
HIST 134 304
HIST 135 291
HIST 136 315
HIST 137 293
HIST 138 300
HIST 139 341
HIST 140 363
HIST 141 333
HIST 142 340
HIST 143 322
HIST 144 335
HIST 145 349
HIST 146 346
HIST 147 317
HIST 148 287
HIST 149 340
HIST 150 285
HIST 151 321
HIST 152 328
HIST 153 353
HIST 154 346
HIST 155 342
HIST 156 342
HIST 157 311
HIST 158 308
HIST 159 312
HIST 160 330
HIST 161 337
HIST 162 367
HIST 163 322
HIST 164 349
HIST 165 316
HIST 166 332
HIST 167 326
HIST 168 328
HIST 169 328
HIST 170 317
HIST 171 337
HIST 172 316
HIST 173 318
HIST 174 304
HIST 175 318
HIST 176 365
HIST 177 326
HIST 178 337
HIST 179 352
HIST 180 345
HIST 181 301
HIST 182 342
HIST 183 274
HIST 184 343
HIST 185 344
HIST 186 345
HIST 187 343
HIST 188 365
HIST 189 330
HIST 190 307
HIST 191 314
HIST 192 321
HIST 193 308
HIST 194 352
HIST 195 318
HIST 196 363
HIST 197 343
HIST 198 358
HIST 199 337
HIST 200 328
HIST 201 322
HIST 202 329
HIST 203 330
HIST 204 323
HIST 205 345
HIST 206 330
HIST 207 379
HIST 208 332
HIST 209 408
HIST 210 358
HIST 211 348
HIST 212 355
HIST 213 359
HIST 214 349
HIST 215 317
HIST 216 352
HIST 217 322
HIST 218 293
HIST 219 341
HIST 220 319
HIST 221 309
HIST 222 315
HIST 223 336
HIST 224 308
HIST 225 343
HIST 226 311
HIST 227 337
HIST 228 338
HIST 229 336
HIST 230 353
HIST 231 340
HIST 232 347
HIST 233 386
HIST 234 413
HIST 235 386
HIST 236 405
HIST 237 377
HIST 238 368
HIST 239 1059
HIST 240 367
HIST 241 441
HIST 242 394
HIST 243 388
HIST 244 408
HIST 245 385
HIST 246 400
HIST 247 382
HIST 248 392
HIST 249 400
HIST 250 360
HIST 251 384
HIST 252 392
HIST 253 365
HIST 254 390
HIST 255 415
HIST 256 354
HIST 257 393
HIST 258 378
HIST 259 373
HIST 260 375
HIST 261 359
HIST 262 398
HIST 263 403
HIST 264 399
HIST 265 411
HIST 266 402
HIST 267 361
HIST 268 409
HIST 269 383
HIST 270 441
HIST 271 386
HIST 272 430
HIST 273 406
HIST 274 393
HIST 275 387
HIST 276 374
HIST 277 430
HIST 278 381
HIST 279 398
HIST 280 407
HIST 281 383
HIST 282 408
HIST 283 396
HIST 284 420
HIST 285 381
HIST 286 389
HIST 287 375
HIST 288 373
HIST 289 365
HIST 290 363
HIST 291 363
HIST 292 406
HIST 293 412
HIST 294 414
HIST 295 421
HIST 296 373
HIST 297 394
HIST 298 378
HIST 299 407
HIST 300 404
HIST 301 370
HIST 302 365
HIST 303 433
HIST 304 374
HIST 305 380
HIST 306 390
HIST 307 405
HIST 308 354
HIST 309 350
HIST 310 396
HIST 311 364
HIST 312 376
HIST 313 399
HIST 314 372
HIST 315 382
HIST 316 365
HIST 317 361
HIST 318 370
HIST 319 339
HIST 320 358
HIST 321 389
HIST 322 337
HIST 323 348
HIST 324 375
HIST 325 344
HIST 326 344
HIST 327 345
HIST 328 403
HIST 329 380
HIST 330 393
HIST 331 353
HIST 332 393
HIST 333 347
HIST 334 390
HIST 335 379
HIST 336 356
HIST 337 335
HIST 338 517
HIST 339 343
HIST 340 360
HIST 341 350
HIST 342 337
HIST 343 329
HIST 344 308
HIST 345 336
HIST 346 344
HIST 347 339
HIST 348 324
HIST 349 321
HIST 350 327
HIST 351 337
HIST 352 324
HIST 353 330
HIST 354 324
HIST 355 352
HIST 356 345
HIST 357 335
HIST 358 324
HIST 359 310
HIST 360 315
HIST 361 305
HIST 362 298
HIST 363 339
HIST 364 299
HIST 365 315
HIST 366 313
HIST 367 318
HIST 368 316
HIST 369 306
HIST 370 286
HIST 371 310
HIST 372 335
HIST 373 295
HIST 374 316
HIST 375 290
HIST 376 282
HIST 377 296
HIST 378 327
HIST 379 319
HIST 380 316
HIST 381 309
HIST 382 309
HIST 383 293
HIST 384 296
HIST 385 281
HIST 386 324
HIST 387 302
HIST 388 311
HIST 389 288
HIST 390 282
HIST 391 276
HIST 392 302
HIST 393 275
HIST 394 316
HIST 395 310
HIST 396 300
HIST 397 258
HIST 398 298
HIST 399 280
HIST 400 283
HIST 401 275
HIST 402 294
HIST 403 329
HIST 404 284
HIST 405 299
HIST 406 318
HIST 407 263
HIST 408 297
HIST 409 267
HIST 410 277
HIST 411 271
HIST 412 297
HIST 413 261
HIST 414 277
HIST 415 279
HIST 416 259
HIST 417 301
HIST 418 289
HIST 419 274
HIST 420 280
HIST 421 253
HIST 422 259
HIST 423 289
HIST 424 265
HIST 425 322
HIST 426 274
HIST 427 294
HIST 428 247
HIST 429 283
HIST 430 269
HIST 431 236
HIST 432 249
HIST 433 259
HIST 434 269
HIST 435 249
HIST 436 224
HIST 437 288
HIST 438 239
HIST 439 265
HIST 440 249
HIST 441 252
HIST 442 265
HIST 443 263
HIST 444 237
HIST 445 273
HIST 446 305
HIST 447 237
HIST 448 278
HIST 449 256
HIST 450 245
HIST 451 265
HIST 452 249
HIST 453 228
HIST 454 276
HIST 455 242
HIST 456 239
HIST 457 256
HIST 458 241
HIST 459 237
HIST 460 243
HIST 461 238
HIST 462 255
HIST 463 288
HIST 464 246
HIST 465 220
HIST 466 214
HIST 467 257
HIST 468 239
HIST 469 222
HIST 470 222
HIST 471 263
HIST 472 224
HIST 473 290
HIST 474 221
HIST 475 228
HIST 476 225
HIST 477 225
HIST 478 259
HIST 479 240
HIST 480 235
HIST 481 235
HIST 482 225
HIST 483 244
HIST 484 242
HIST 485 250
HIST 486 238
HIST 487 246
HIST 488 240
HIST 489 236
HIST 490 243
HIST 491 243
HIST 492 233
HIST 493 236
HIST 494 229
HIST 495 203
HIST 496 220
HIST 497 240
HIST 498 236
HIST 499 251
HIST 500 236
HIST 501 211
HIST 502 204
HIST 503 208
HIST 504 216
HIST 505 229
HIST 506 219
HIST 507 199
HIST 508 218
HIST 509 221
HIST 510 209
HIST 511 12158
HIST 512 212
HIST 513 239
HIST 514 199
HIST 515 215
HIST 516 200
HIST 517 200
HIST 518 213
HIST 519 205
HIST 520 212
HIST 521 202
HIST 522 223
HIST 523 194
HIST 524 172
HIST 525 207
HIST 526 214
HIST 527 218
HIST 528 235
HIST 529 186
HIST 530 222
HIST 531 222
HIST 532 209
HIST 533 185
HIST 534 203
HIST 535 203
HIST 536 209
HIST 537 175
HIST 538 214
HIST 539 223
HIST 540 205
HIST 541 218
HIST 542 230
HIST 543 200
HIST 544 196
HIST 545 236
HIST 546 196
HIST 547 201
HIST 548 220
HIST 549 184
HIST 550 215
HIST 551 219
HIST 552 211
HIST 553 194
HIST 554 189
HIST 555 189
HIST 556 188
HIST 557 203
HIST 558 197
HIST 559 211
HIST 560 213
HIST 561 188
HIST 562 203
HIST 563 192
HIST 564 175
HIST 565 180
HIST 566 200
HIST 567 192
HIST 568 206
HIST 569 191
HIST 570 188
HIST 571 213
HIST 572 190
HIST 573 195
HIST 574 200
HIST 575 186
HIST 576 214
HIST 577 225
HIST 578 180
HIST 579 203
HIST 580 190
HIST 581 193
HIST 582 200
HIST 583 452
HIST 584 188
HIST 585 202
HIST 586 194
HIST 587 188
HIST 588 187
HIST 589 177
HIST 590 193
HIST 591 199
HIST 592 200
HIST 593 186
HIST 594 194
HIST 595 190
HIST 596 200
HIST 597 184
HIST 598 208
HIST 599 192
HIST 600 203
HIST 601 199
HIST 602 192
HIST 603 193
HIST 604 176
HIST 605 206
HIST 606 211
HIST 607 191
HIST 608 161
HIST 609 153
HIST 610 193
HIST 611 184
HIST 612 187
HIST 613 178
HIST 614 188
HIST 615 163
HIST 616 179
HIST 617 185
HIST 618 156
HIST 619 171
HIST 620 194
HIST 621 219
HIST 622 187
HIST 623 180
HIST 624 189
HIST 625 218
HIST 626 169
HIST 627 198
HIST 628 174
HIST 629 207
HIST 630 180
HIST 631 166
HIST 632 182
HIST 633 160
HIST 634 166
HIST 635 171
HIST 636 211
HIST 637 157
HIST 638 172
HIST 639 165
HIST 640 179
HIST 641 183
HIST 642 182
HIST 643 171
HIST 644 164
HIST 645 177
HIST 646 172
HIST 647 177
HIST 648 153
HIST 649 186
HIST 650 173
HIST 651 191
HIST 652 195
HIST 653 177
HIST 654 179
HIST 655 182
HIST 656 183
HIST 657 190
HIST 658 200
HIST 659 185
HIST 660 182
HIST 661 151
HIST 662 168
HIST 663 182
HIST 664 185
HIST 665 164
HIST 666 179
HIST 667 192
HIST 668 154
HIST 669 192
HIST 670 193
HIST 671 158
HIST 672 169
HIST 673 175
HIST 674 166
HIST 675 195
HIST 676 190
HIST 677 197
HIST 678 203
HIST 679 168
HIST 680 179
HIST 681 189
HIST 682 170
HIST 683 155
HIST 684 152
HIST 685 178
HIST 686 178
HIST 687 165
HIST 688 167
HIST 689 174
HIST 690 154
HIST 691 158
HIST 692 167
HIST 693 193
HIST 694 168
HIST 695 174
HIST 696 159
HIST 697 161
HIST 698 161
HIST 699 173
HIST 700 168
HIST 701 157
HIST 702 155
HIST 703 175
HIST 704 170
HIST 705 161
HIST 706 155
HIST 707 169
HIST 708 152
HIST 709 149
HIST 710 193
HIST 711 179
HIST 712 168
HIST 713 180
HIST 714 174
HIST 715 171
HIST 716 186
HIST 717 186
HIST 718 149
HIST 719 160
HIST 720 177
HIST 721 205
HIST 722 161
HIST 723 162
HIST 724 206
HIST 725 171
HIST 726 171
HIST 727 209
HIST 728 144
HIST 729 164
HIST 730 168
HIST 731 161
HIST 732 156
HIST 733 167
HIST 734 181
HIST 735 189
HIST 736 189
HIST 737 156
HIST 738 180
HIST 739 162
HIST 740 152
HIST 741 186
HIST 742 163
HIST 743 145
HIST 744 166
HIST 745 145
HIST 746 164
HIST 747 178
HIST 748 178
HIST 749 157
HIST 750 231
HIST 751 168
HIST 752 160
HIST 753 163
HIST 754 161
HIST 755 165
HIST 756 171
HIST 757 154
HIST 758 147
HIST 759 181
HIST 760 177
HIST 761 158
HIST 762 152
HIST 763 179
HIST 764 156
HIST 765 178
HIST 766 166
HIST 767 166
HIST 768 160
HIST 769 160
HIST 770 167
HIST 771 170
HIST 772 178
HIST 773 137
HIST 774 162
HIST 775 136
HIST 776 146
HIST 777 166
HIST 778 175
HIST 779 163
HIST 780 179
HIST 781 187
HIST 782 169
HIST 783 158
HIST 784 167
HIST 785 162
HIST 786 161
HIST 787 169
HIST 788 172
HIST 789 160
HIST 790 150
HIST 791 150
HIST 792 148
HIST 793 135
HIST 794 131
HIST 795 198
HIST 796 145
HIST 797 150
HIST 798 152
HIST 799 170
HIST 800 147
HIST 801 146
HIST 802 150
HIST 803 147
HIST 804 165
HIST 805 146
HIST 806 153
HIST 807 173
HIST 808 178
HIST 809 178
HIST 810 171
HIST 811 161
HIST 812 168
HIST 813 177
HIST 814 161
HIST 815 151
HIST 816 158
HIST 817 153
HIST 818 179
HIST 819 162
HIST 820 158
HIST 821 170
HIST 822 181
HIST 823 154
HIST 824 171
HIST 825 151
HIST 826 146
HIST 827 164
HIST 828 136
HIST 829 157
HIST 830 166
HIST 831 162
HIST 832 164
HIST 833 155
HIST 834 155
HIST 835 139
HIST 836 200
HIST 837 180
HIST 838 156
HIST 839 177
HIST 840 149
HIST 841 141
HIST 842 157
HIST 843 141
HIST 844 156
HIST 845 133
HIST 846 134
HIST 847 137
HIST 848 173
HIST 849 167
HIST 850 152
HIST 851 147
HIST 852 154
HIST 853 151
HIST 854 139
HIST 855 144
HIST 856 146
HIST 857 151
HIST 858 174
HIST 859 131
HIST 860 165
HIST 861 157
HIST 862 171
HIST 863 129
HIST 864 146
HIST 865 151
HIST 866 153
HIST 867 152
HIST 868 151
HIST 869 161
HIST 870 152
HIST 871 154
HIST 872 154
HIST 873 164
HIST 874 179
HIST 875 150
HIST 876 147
HIST 877 138
HIST 878 176
HIST 879 160
HIST 880 151
HIST 881 156
HIST 882 162
HIST 883 151
HIST 884 133
HIST 885 144
HIST 886 178
HIST 887 146
HIST 888 150
HIST 889 151
HIST 890 162
HIST 891 157
HIST 892 132
HIST 893 131
HIST 894 158
HIST 895 142
HIST 896 137
HIST 897 143
HIST 898 156
HIST 899 156
HIST 900 150
HIST 901 145
HIST 902 149
HIST 903 156
HIST 904 160
HIST 905 163
HIST 906 175
HIST 907 161
HIST 908 140
HIST 909 162
HIST 910 158
HIST 911 344
HIST 912 140
HIST 913 143
HIST 914 170
HIST 915 163
HIST 916 150
HIST 917 139
HIST 918 143
HIST 919 150
HIST 920 138
HIST 921 170
HIST 922 186
HIST 923 164
HIST 924 144
HIST 925 143
HIST 926 158
HIST 927 150
HIST 928 146
HIST 929 158
HIST 930 141
HIST 931 146
HIST 932 141
HIST 933 147
HIST 934 147
HIST 935 147
HIST 936 166
HIST 937 128
HIST 938 150
HIST 939 141
HIST 940 143
HIST 941 156
HIST 942 144
HIST 943 155
HIST 944 147
HIST 945 150
HIST 946 136
HIST 947 140
HIST 948 167
HIST 949 154
HIST 950 175
HIST 951 149
HIST 952 150
HIST 953 164
HIST 954 151
HIST 955 169
HIST 956 153
HIST 957 116
HIST 958 163
HIST 959 180
HIST 960 146
HIST 961 118
HIST 962 141
HIST 963 125
HIST 964 154
HIST 965 177
HIST 966 173
HIST 967 144
HIST 968 152
HIST 969 259
HIST 970 139
HIST 971 157
HIST 972 152
HIST 973 153
HIST 974 147
HIST 975 159
HIST 976 160
HIST 977 164
HIST 978 162
HIST 979 152
HIST 980 155
HIST 981 153
HIST 982 127
HIST 983 148
HIST 984 163
HIST 985 132
HIST 986 147
HIST 987 155
HIST 988 141
HIST 989 155
HIST 990 146
HIST 991 159
HIST 992 139
HIST 993 162
HIST 994 153
HIST 995 138
HIST 996 144
HIST 997 132
HIST 998 145
HIST 999 139
HIST 1000 141
HIST 1001 145
HIST 1002 138
HIST 1003 137
HIST 1004 133
HIST 1005 134
HIST 1006 163
HIST 1007 157
HIST 1008 146
HIST 1009 147
HIST 1010 142
HIST 1011 134
HIST 1012 165
HIST 1013 136
HIST 1014 171
HIST 1015 141
HIST 1016 140
HIST 1017 170
HIST 1018 145
HIST 1019 149
HIST 1020 142
HIST 1021 138
HIST 1022 178
HIST 1023 169
HIST 1024 142
HIST 1025 166
HIST 1026 140
HIST 1027 152
HIST 1028 140
HIST 1029 131
HIST 1030 162
HIST 1031 125
HIST 1032 136
HIST 1033 150
HIST 1034 137
HIST 1035 159
HIST 1036 136
HIST 1037 138
HIST 1038 143
HIST 1039 136
HIST 1040 148
HIST 1041 131
HIST 1042 153
HIST 1043 138
HIST 1044 132
HIST 1045 152
HIST 1046 144
HIST 1047 150
HIST 1048 128
HIST 1049 133
HIST 1050 135
HIST 1051 135
HIST 1052 120
HIST 1053 164
HIST 1054 154
HIST 1055 158
HIST 1056 136
HIST 1057 150
HIST 1058 152
HIST 1059 140
HIST 1060 130
HIST 1061 137
HIST 1062 137
HIST 1063 149
HIST 1064 158
HIST 1065 131
HIST 1066 134
HIST 1067 137
HIST 1068 143
HIST 1069 162
HIST 1070 163
HIST 1071 129
HIST 1072 152
HIST 1073 147
HIST 1074 154
HIST 1075 130
HIST 1076 134
HIST 1077 142
HIST 1078 150
HIST 1079 174
HIST 1080 121
HIST 1081 155
HIST 1082 147
HIST 1083 127
HIST 1084 143
HIST 1085 164
HIST 1086 135
HIST 1087 148
HIST 1088 132
HIST 1089 143
HIST 1090 146
HIST 1091 164
HIST 1092 158
HIST 1093 142
HIST 1094 166
HIST 1095 139
HIST 1096 164
HIST 1097 141
HIST 1098 143
HIST 1099 118
HIST 1100 151
HIST 1101 124
HIST 1102 136
HIST 1103 139
HIST 1104 144
HIST 1105 146
HIST 1106 169
HIST 1107 139
HIST 1108 121
HIST 1109 147
HIST 1110 139
HIST 1111 153
HIST 1112 158
HIST 1113 134
HIST 1114 145
HIST 1115 137
HIST 1116 139
HIST 1117 158
HIST 1118 165
HIST 1119 123
HIST 1120 132
HIST 1121 129
HIST 1122 141
HIST 1123 132
HIST 1124 164
HIST 1125 133
HIST 1126 142
HIST 1127 128
HIST 1128 138
HIST 1129 164
HIST 1130 142
HIST 1131 151
HIST 1132 130
HIST 1133 125
HIST 1134 128
HIST 1135 130
HIST 1136 147
HIST 1137 142
HIST 1138 142
HIST 1139 147
HIST 1140 142
HIST 1141 133
HIST 1142 143
HIST 1143 143
HIST 1144 158
HIST 1145 139
HIST 1146 128
HIST 1147 143
HIST 1148 132
HIST 1149 148
HIST 1150 156
HIST 1151 144
HIST 1152 159
HIST 1153 149
HIST 1154 147
HIST 1155 145
HIST 1156 149
HIST 1157 132
HIST 1158 172
HIST 1159 157
HIST 1160 145
HIST 1161 130
HIST 1162 146
HIST 1163 144
HIST 1164 146
HIST 1165 161
HIST 1166 134
HIST 1167 147
HIST 1168 117
HIST 1169 145
HIST 1170 156
HIST 1171 143
HIST 1172 158
HIST 1173 139
HIST 1174 142
HIST 1175 123
HIST 1176 143
HIST 1177 146
HIST 1178 134
HIST 1179 177
HIST 1180 139
HIST 1181 161
HIST 1182 134
HIST 1183 162
HIST 1184 131
HIST 1185 138
HIST 1186 164
HIST 1187 139
HIST 1188 136
HIST 1189 148
HIST 1190 146
HIST 1191 148
HIST 1192 153
HIST 1193 120
HIST 1194 148
HIST 1195 156
HIST 1196 135
HIST 1197 146
HIST 1198 136
HIST 1199 121
HIST 1200 173
HIST 1201 148
HIST 1202 141
HIST 1203 163
HIST 1204 131
HIST 1205 160
HIST 1206 149
HIST 1207 162
HIST 1208 129
HIST 1209 156
HIST 1210 150
HIST 1211 139
HIST 1212 141
HIST 1213 158
HIST 1214 139
HIST 1215 132
HIST 1216 145
HIST 1217 142
HIST 1218 158
HIST 1219 135
HIST 1220 137
HIST 1221 132
HIST 1222 172
HIST 1223 140
HIST 1224 159
HIST 1225 149
HIST 1226 148
HIST 1227 145
HIST 1228 151
HIST 1229 152
HIST 1230 115
HIST 1231 133
HIST 1232 132
HIST 1233 124
HIST 1234 144
HIST 1235 148
HIST 1236 143
HIST 1237 135
HIST 1238 148
HIST 1239 148
HIST 1240 130
HIST 1241 137
HIST 1242 149
HIST 1243 148
HIST 1244 159
HIST 1245 142
HIST 1246 143
HIST 1247 156
HIST 1248 122
HIST 1249 152
HIST 1250 137
HIST 1251 122
HIST 1252 125
HIST 1253 142
HIST 1254 145
HIST 1255 148
HIST 1256 142
HIST 1257 162
HIST 1258 143
HIST 1259 156
HIST 1260 165
HIST 1261 171
HIST 1262 130
HIST 1263 128
HIST 1264 145
HIST 1265 127
HIST 1266 144
HIST 1267 153
HIST 1268 123
HIST 1269 146
HIST 1270 128
HIST 1271 141
HIST 1272 142
HIST 1273 149
HIST 1274 170
HIST 1275 135
HIST 1276 146
HIST 1277 131
HIST 1278 139
HIST 1279 132
HIST 1280 145
HIST 1281 117
HIST 1282 146
HIST 1283 159
HIST 1284 131
HIST 1285 131
HIST 1286 130
HIST 1287 145
HIST 1288 138
HIST 1289 152
HIST 1290 148
HIST 1291 133
HIST 1292 153
HIST 1293 141
HIST 1294 143
HIST 1295 160
HIST 1296 142
HIST 1297 129
HIST 1298 140
HIST 1299 170
HIST 1300 138
HIST 1301 154
HIST 1302 136
HIST 1303 142
HIST 1304 144
HIST 1305 160
HIST 1306 150
HIST 1307 152
HIST 1308 158
HIST 1309 146
HIST 1310 147
HIST 1311 140
HIST 1312 138
HIST 1313 133
HIST 1314 145
HIST 1315 143
HIST 1316 138
HIST 1317 143
HIST 1318 146
HIST 1319 146
HIST 1320 149
HIST 1321 155
HIST 1322 121
HIST 1323 139
HIST 1324 157
HIST 1325 122
HIST 1326 142
HIST 1327 146
HIST 1328 143
HIST 1329 113
HIST 1330 142
HIST 1331 150
HIST 1332 107
HIST 1333 143
HIST 1334 129
HIST 1335 130
HIST 1336 145
HIST 1337 163
HIST 1338 149
HIST 1339 146
HIST 1340 136
HIST 1341 153
HIST 1342 120
HIST 1343 128
HIST 1344 145
HIST 1345 138
HIST 1346 166
HIST 1347 161
HIST 1348 130
HIST 1349 146
HIST 1350 133
HIST 1351 139
HIST 1352 142
HIST 1353 159
HIST 1354 131
HIST 1355 138
HIST 1356 131
HIST 1357 151
HIST 1358 160
HIST 1359 158
HIST 1360 147
HIST 1361 131
HIST 1362 142
HIST 1363 149
HIST 1364 143
HIST 1365 132
HIST 1366 146
HIST 1367 150
HIST 1368 137
HIST 1369 139
HIST 1370 156
HIST 1371 129
HIST 1372 149
HIST 1373 152
HIST 1374 180
HIST 1375 150
HIST 1376 133
HIST 1377 134
HIST 1378 140
HIST 1379 137
HIST 1380 136
HIST 1381 130
HIST 1382 131
HIST 1383 147
HIST 1384 139
HIST 1385 149
HIST 1386 142
HIST 1387 143
HIST 1388 147
HIST 1389 144
HIST 1390 121
HIST 1391 135
HIST 1392 115
HIST 1393 149
HIST 1394 150
HIST 1395 160
HIST 1396 155
HIST 1397 150
HIST 1398 139
HIST 1399 159
HIST 1400 172
HIST 1401 147
HIST 1402 119
HIST 1403 138
HIST 1404 162
HIST 1405 134
HIST 1406 163
HIST 1407 162
HIST 1408 147
HIST 1409 165
HIST 1410 141
HIST 1411 151
HIST 1412 139
HIST 1413 137
HIST 1414 133
HIST 1415 165
HIST 1416 141
HIST 1417 154
HIST 1418 125
HIST 1419 144
HIST 1420 159
HIST 1421 128
HIST 1422 149
HIST 1423 173
HIST 1424 133
HIST 1425 139
HIST 1426 145
HIST 1427 143
HIST 1428 144
HIST 1429 154
HIST 1430 133
HIST 1431 135
HIST 1432 148
HIST 1433 154
HIST 1434 157
HIST 1435 160
HIST 1436 130
HIST 1437 146
HIST 1438 137
HIST 1439 149
HIST 1440 144
HIST 1441 130
HIST 1442 152
HIST 1443 135
HIST 1444 148
HIST 1445 148
HIST 1446 148
HIST 1447 134
HIST 1448 161
HIST 1449 136
HIST 1450 137
HIST 1451 155
HIST 1452 144
HIST 1453 136
HIST 1454 134
HIST 1455 143
HIST 1456 135
HIST 1457 172
HIST 1458 138
HIST 1459 146
HIST 1460 145
HIST 1461 142
HIST 1462 136
HIST 1463 155
HIST 1464 140
HIST 1465 144
HIST 1466 161
HIST 1467 111
HIST 1468 156
HIST 1469 149
HIST 1470 152
HIST 1471 138
HIST 1472 136
HIST 1473 158
HIST 1474 141
HIST 1475 149
HIST 1476 168
HIST 1477 134
HIST 1478 135
HIST 1479 152
HIST 1480 167
HIST 1481 149
HIST 1482 165
HIST 1483 136
HIST 1484 134
HIST 1485 146
HIST 1486 147
HIST 1487 134
HIST 1488 140
HIST 1489 139
HIST 1490 144
HIST 1491 130
HIST 1492 161
HIST 1493 150
HIST 1494 141
HIST 1495 142
HIST 1496 168
HIST 1497 141
HIST 1498 147
HIST 1499 161
HIST 1500 149
HIST 1501 140
HIST 1502 150
HIST 1503 138
HIST 1504 151
HIST 1505 151
HIST 1506 140
HIST 1507 148
HIST 1508 122
HIST 1509 171
HIST 1510 151
HIST 1511 152
HIST 1512 137
HIST 1513 150
HIST 1514 147
HIST 1515 141
HIST 1516 169
HIST 1517 160
HIST 1518 159
HIST 1519 138
HIST 1520 157
HIST 1521 142
HIST 1522 140
HIST 1523 129
HIST 1524 133
HIST 1525 154
HIST 1526 154
HIST 1527 156
HIST 1528 159
HIST 1529 140
HIST 1530 157
HIST 1531 147
HIST 1532 139
HIST 1533 154
HIST 1534 144
HIST 1535 148
HIST 1536 156
HIST 1537 158
HIST 1538 160
HIST 1539 157
HIST 1540 123
HIST 1541 155
HIST 1542 166
HIST 1543 156
HIST 1544 166
HIST 1545 146
HIST 1546 150
HIST 1547 159
HIST 1548 144
HIST 1549 136
HIST 1550 148
HIST 1551 154
HIST 1552 157
HIST 1553 166
HIST 1554 154
HIST 1555 140
HIST 1556 144
HIST 1557 155
HIST 1558 154
HIST 1559 154
HIST 1560 157
HIST 1561 159
HIST 1562 155
HIST 1563 163
HIST 1564 156
HIST 1565 145
HIST 1566 150
HIST 1567 130
HIST 1568 160
HIST 1569 145
HIST 1570 169
HIST 1571 154
HIST 1572 155
HIST 1573 132
HIST 1574 146
HIST 1575 157
HIST 1576 155
HIST 1577 154
HIST 1578 152
HIST 1579 141
HIST 1580 145
HIST 1581 143
HIST 1582 151
HIST 1583 167
HIST 1584 145
HIST 1585 156
HIST 1586 140
HIST 1587 145
HIST 1588 157
HIST 1589 148
HIST 1590 170
HIST 1591 166
HIST 1592 157
HIST 1593 9561
HIST 1594 174
HIST 1595 200
HIST 1596 201
HIST 1597 195
HIST 1598 199
HIST 1599 201
HIST 1600 208
HIST 1601 187
HIST 1602 204
HIST 1603 179
HIST 1604 210
HIST 1605 188
HIST 1606 205
HIST 1607 192
HIST 1608 220
HIST 1609 183
HIST 1610 209
HIST 1611 217
HIST 1612 160
HIST 1613 192
HIST 1614 196
HIST 1615 170
HIST 1616 217
HIST 1617 181
HIST 1618 183
HIST 1619 179
HIST 1620 186
HIST 1621 207
HIST 1622 219
HIST 1623 193
HIST 1624 174
HIST 1625 208
HIST 1626 183
HIST 1627 194
HIST 1628 191
HIST 1629 199
HIST 1630 193
HIST 1631 210
HIST 1632 193
HIST 1633 199
HIST 1634 206
HIST 1635 186
HIST 1636 202
HIST 1637 192
HIST 1638 200
HIST 1639 183
HIST 1640 201
HIST 1641 197
HIST 1642 205
HIST 1643 196
HIST 1644 180
HIST 1645 194
HIST 1646 191
HIST 1647 187
HIST 1648 187
HIST 1649 201
HIST 1650 202
HIST 1651 193
HIST 1652 206
HIST 1653 219
HIST 1654 188
HIST 1655 189
HIST 1656 199
HIST 1657 179
HIST 1658 239
HIST 1659 197
HIST 1660 194
HIST 1661 205
HIST 1662 210
HIST 1663 173
HIST 1664 209
HIST 1665 203
HIST 1666 214
HIST 1667 200
HIST 1668 222
HIST 1669 227
HIST 1670 184
HIST 1671 187
HIST 1672 197
HIST 1673 221
HIST 1674 189
HIST 1675 198
HIST 1676 218
HIST 1677 201
HIST 1678 193
HIST 1679 219
HIST 1680 205
HIST 1681 193
HIST 1682 213
HIST 1683 183
HIST 1684 194
HIST 1685 196
HIST 1686 187
HIST 1687 206
HIST 1688 183
HIST 1689 212
HIST 1690 175
HIST 1691 200
HIST 1692 211
HIST 1693 191
HIST 1694 200
HIST 1695 215
HIST 1696 214
HIST 1697 202
HIST 1698 193
HIST 1699 200
HIST 1700 188
HIST 1701 223
HIST 1702 176
HIST 1703 202
HIST 1704 190
HIST 1705 183
HIST 1706 183
HIST 1707 185
HIST 1708 186
HIST 1709 209
HIST 1710 208
HIST 1711 211
HIST 1712 237
HIST 1713 186
HIST 1714 207
HIST 1715 207
HIST 1716 188
HIST 1717 199
HIST 1718 212
HIST 1719 196
HIST 1720 201
HIST 1721 185
HIST 1722 183
HIST 1723 179
HIST 1724 182
HIST 1725 190
HIST 1726 200
HIST 1727 178
HIST 1728 196
HIST 1729 191
HIST 1730 192
HIST 1731 192
HIST 1732 201
HIST 1733 227
HIST 1734 198
HIST 1735 208
HIST 1736 166
HIST 1737 196
HIST 1738 199
HIST 1739 217
HIST 1740 194
HIST 1741 208
HIST 1742 213
HIST 1743 215
HIST 1744 200
HIST 1745 200
HIST 1746 217
HIST 1747 186
HIST 1748 210
HIST 1749 193
HIST 1750 183
HIST 1751 198
HIST 1752 161
HIST 1753 174
HIST 1754 197
HIST 1755 191
HIST 1756 203
HIST 1757 187
HIST 1758 214
HIST 1759 209
HIST 1760 183
HIST 1761 213
HIST 1762 190
HIST 1763 211
HIST 1764 184
HIST 1765 208
HIST 1766 186
HIST 1767 213
HIST 1768 216
HIST 1769 176
HIST 1770 209
HIST 1771 209
HIST 1772 209
HIST 1773 226
HIST 1774 204
HIST 1775 189
HIST 1776 224
HIST 1777 208
HIST 1778 225
HIST 1779 209
HIST 1780 203
HIST 1781 213
HIST 1782 242
HIST 1783 209
HIST 1784 207
HIST 1785 215
HIST 1786 189
HIST 1787 225
HIST 1788 222
HIST 1789 194
HIST 1790 213
HIST 1791 206
HIST 1792 193
HIST 1793 206
HIST 1794 198
HIST 1795 233
HIST 1796 206
HIST 1797 226
HIST 1798 197
HIST 1799 194
HIST 1800 192
HIST 1801 206
HIST 1802 197
HIST 1803 215
HIST 1804 240
HIST 1805 249
HIST 1806 220
HIST 1807 197
HIST 1808 206
HIST 1809 223
HIST 1810 194
HIST 1811 186
HIST 1812 223
HIST 1813 202
HIST 1814 201
HIST 1815 214
HIST 1816 198
HIST 1817 211
HIST 1818 227
HIST 1819 201
HIST 1820 196
HIST 1821 218
HIST 1822 190
HIST 1823 188
HIST 1824 178
HIST 1825 214
HIST 1826 217
HIST 1827 224
HIST 1828 234
HIST 1829 218
HIST 1830 214
HIST 1831 197
HIST 1832 214
HIST 1833 215
HIST 1834 180
HIST 1835 239
HIST 1836 214
HIST 1837 214
HIST 1838 240
HIST 1839 200
HIST 1840 214
HIST 1841 212
HIST 1842 226
HIST 1843 195
HIST 1844 191
HIST 1845 218
HIST 1846 221
HIST 1847 231
HIST 1848 203
HIST 1849 204
HIST 1850 189
HIST 1851 228
HIST 1852 218
HIST 1853 205
HIST 1854 193
HIST 1855 199
HIST 1856 213
HIST 1857 220
HIST 1858 193
HIST 1859 195
HIST 1860 206
HIST 1861 214
HIST 1862 218
HIST 1863 203
HIST 1864 200
HIST 1865 229
HIST 1866 220
HIST 1867 224
HIST 1868 227
HIST 1869 183
HIST 1870 214
HIST 1871 224
HIST 1872 213
HIST 1873 222
HIST 1874 238
HIST 1875 186
HIST 1876 215
HIST 1877 203
HIST 1878 203
HIST 1879 219
HIST 1880 208
HIST 1881 207
HIST 1882 231
HIST 1883 197
HIST 1884 221
HIST 1885 219
HIST 1886 214
HIST 1887 200
HIST 1888 209
HIST 1889 201
HIST 1890 187
HIST 1891 204
HIST 1892 210
HIST 1893 203
HIST 1894 250
HIST 1895 215
HIST 1896 194
HIST 1897 207
HIST 1898 230
HIST 1899 194
HIST 1900 204
HIST 1901 197
HIST 1902 236
HIST 1903 195
HIST 1904 216
HIST 1905 197
HIST 1906 214
HIST 1907 205
HIST 1908 178
HIST 1909 190
HIST 1910 213
HIST 1911 191
HIST 1912 201
HIST 1913 206
HIST 1914 206
HIST 1915 207
HIST 1916 231
HIST 1917 205
HIST 1918 213
HIST 1919 232
HIST 1920 198
HIST 1921 208
HIST 1922 220
HIST 1923 197
HIST 1924 215
HIST 1925 214
HIST 1926 207
HIST 1927 217
HIST 1928 196
HIST 1929 187
HIST 1930 209
HIST 1931 204
HIST 1932 190
HIST 1933 191
HIST 1934 212
HIST 1935 217
HIST 1936 206
HIST 1937 210
HIST 1938 192
HIST 1939 202
HIST 1940 201
HIST 1941 188
HIST 1942 192
HIST 1943 195
HIST 1944 209
HIST 1945 160
HIST 1946 192
HIST 1947 242
HIST 1948 181
HIST 1949 177
HIST 1950 174
HIST 1951 190
HIST 1952 198
HIST 1953 217
HIST 1954 198
HIST 1955 181
HIST 1956 205
HIST 1957 206
HIST 1958 167
HIST 1959 196
HIST 1960 194
HIST 1961 179
HIST 1962 198
HIST 1963 211
HIST 1964 167
HIST 1965 200
HIST 1966 201
HIST 1967 190
HIST 1968 193
HIST 1969 204
HIST 1970 204
HIST 1971 215
HIST 1972 204
HIST 1973 197
HIST 1974 220
HIST 1975 179
HIST 1976 206
HIST 1977 194
HIST 1978 210
HIST 1979 197
HIST 1980 209
HIST 1981 209
HIST 1982 176
HIST 1983 175
HIST 1984 195
HIST 1985 212
HIST 1986 176
HIST 1987 186
HIST 1988 224
HIST 1989 226
HIST 1990 210
HIST 1991 202
HIST 1992 199
HIST 1993 206
HIST 1994 173
HIST 1995 227
HIST 1996 194
HIST 1997 228
HIST 1998 208
HIST 1999 217
HIST 2000 202
HIST 2001 204
HIST 2002 214
HIST 2003 181
HIST 2004 183
HIST 2005 213
HIST 2006 182
HIST 2007 209
HIST 2008 182
HIST 2009 202
HIST 2010 187
HIST 2011 210
HIST 2012 187
HIST 2013 213
HIST 2014 204
HIST 2015 210
HIST 2016 211
HIST 2017 189
HIST 2018 206
HIST 2019 215
HIST 2020 208
HIST 2021 220
HIST 2022 192
HIST 2023 199
HIST 2024 180
HIST 2025 210
HIST 2026 209
HIST 2027 233
HIST 2028 224
HIST 2029 185
HIST 2030 221
HIST 2031 192
HIST 2032 212
HIST 2033 210
HIST 2034 227
HIST 2035 208
HIST 2036 201
HIST 2037 214
HIST 2038 213
HIST 2039 216
HIST 2040 186
HIST 2041 220
HIST 2042 194
HIST 2043 198
HIST 2044 202
HIST 2045 187
HIST 2046 226
HIST 2047 213
HIST 2048 214
HIST 2049 200
HIST 2050 214
HIST 2051 234
HIST 2052 194
HIST 2053 214
HIST 2054 234
HIST 2055 200
HIST 2056 182
HIST 2057 205
HIST 2058 218
HIST 2059 213
HIST 2060 226
HIST 2061 213
HIST 2062 202
HIST 2063 243
HIST 2064 209
HIST 2065 216
HIST 2066 219
HIST 2067 191
HIST 2068 195
HIST 2069 204
HIST 2070 201
HIST 2071 211
HIST 2072 215
HIST 2073 190
HIST 2074 174
HIST 2075 281
HIST 2076 229
HIST 2077 235
HIST 2078 226
HIST 2079 238
HIST 2080 242
HIST 2081 198
HIST 2082 221
HIST 2083 213
HIST 2084 207
HIST 2085 222
HIST 2086 214
HIST 2087 187
HIST 2088 216
HIST 2089 216
HIST 2090 214
HIST 2091 216
HIST 2092 232
HIST 2093 201
HIST 2094 227
HIST 2095 222
HIST 2096 243
HIST 2097 219
HIST 2098 262
HIST 2099 211
HIST 2100 185
HIST 2101 237
HIST 2102 227
HIST 2103 223
HIST 2104 25159
HIST 2105 235
HIST 2106 267
HIST 2107 255
HIST 2108 252
HIST 2109 239
HIST 2110 273
HIST 2111 281
HIST 2112 254
HIST 2113 238
HIST 2114 267
HIST 2115 250
HIST 2116 255
HIST 2117 292
HIST 2118 279
HIST 2119 237
HIST 2120 263
HIST 2121 297
HIST 2122 263
HIST 2123 270
HIST 2124 275
HIST 2125 254
HIST 2126 255
HIST 2127 268
HIST 2128 273
HIST 2129 258
HIST 2130 282
HIST 2131 245
HIST 2132 282
HIST 2133 271
HIST 2134 277
HIST 2135 283
HIST 2136 285
HIST 2137 245
HIST 2138 255
HIST 2139 293
HIST 2140 292
HIST 2141 254
HIST 2142 259
HIST 2143 245
HIST 2144 266
HIST 2145 273
HIST 2146 279
HIST 2147 254
HIST 2148 274
HIST 2149 263
HIST 2150 277
HIST 2151 247
HIST 2152 246
HIST 2153 243
HIST 2154 245
HIST 2155 284
HIST 2156 290
HIST 2157 247
HIST 2158 265
HIST 2159 261
HIST 2160 284
HIST 2161 268
HIST 2162 262
HIST 2163 266
HIST 2164 256
HIST 2165 231
HIST 2166 243
HIST 2167 266
HIST 2168 257
HIST 2169 228
HIST 2170 274
HIST 2171 276
HIST 2172 275
HIST 2173 247
HIST 2174 271
HIST 2175 262
HIST 2176 283
HIST 2177 288
HIST 2178 248
HIST 2179 276
HIST 2180 268
HIST 2181 271
HIST 2182 247
HIST 2183 282
HIST 2184 242
HIST 2185 272
HIST 2186 258
HIST 2187 247
HIST 2188 246
HIST 2189 267
HIST 2190 265
HIST 2191 273
HIST 2192 282
HIST 2193 284
HIST 2194 258
HIST 2195 275
HIST 2196 300
HIST 2197 274
HIST 2198 280
HIST 2199 264
HIST 2200 272
HIST 2201 296
HIST 2202 289
HIST 2203 252
HIST 2204 299
HIST 2205 265
HIST 2206 284
HIST 2207 279
HIST 2208 270
HIST 2209 264
HIST 2210 273
HIST 2211 276
HIST 2212 245
HIST 2213 325
HIST 2214 248
HIST 2215 299
HIST 2216 282
HIST 2217 265
HIST 2218 288
HIST 2219 274
HIST 2220 303
HIST 2221 289
HIST 2222 291
HIST 2223 289
HIST 2224 279
HIST 2225 285
HIST 2226 277
HIST 2227 272
HIST 2228 295
HIST 2229 297
HIST 2230 318
HIST 2231 271
HIST 2232 306
HIST 2233 296
HIST 2234 270
HIST 2235 273
HIST 2236 276
HIST 2237 282
HIST 2238 285
HIST 2239 266
HIST 2240 278
HIST 2241 287
HIST 2242 292
HIST 2243 290
HIST 2244 295
HIST 2245 295
HIST 2246 299
HIST 2247 274
HIST 2248 314
HIST 2249 285
HIST 2250 297
HIST 2251 284
HIST 2252 285
HIST 2253 288
HIST 2254 298
HIST 2255 300
HIST 2256 308
HIST 2257 289
HIST 2258 294
HIST 2259 271
HIST 2260 317
HIST 2261 309
HIST 2262 292
HIST 2263 297
HIST 2264 280
HIST 2265 286
HIST 2266 278
HIST 2267 282
HIST 2268 284
HIST 2269 290
HIST 2270 269
HIST 2271 306
HIST 2272 303
HIST 2273 262
HIST 2274 298
HIST 2275 310
HIST 2276 316
HIST 2277 323
HIST 2278 294
HIST 2279 344
HIST 2280 290
HIST 2281 317
HIST 2282 279
HIST 2283 335
HIST 2284 288
HIST 2285 290
HIST 2286 300
HIST 2287 311
HIST 2288 322
HIST 2289 301
HIST 2290 328
HIST 2291 326
HIST 2292 304
HIST 2293 298
HIST 2294 327
HIST 2295 307
HIST 2296 288
HIST 2297 322
HIST 2298 306
HIST 2299 314
HIST 2300 280
HIST 2301 326
HIST 2302 291
HIST 2303 318
HIST 2304 315
HIST 2305 304
HIST 2306 320
HIST 2307 337
HIST 2308 284
HIST 2309 307
HIST 2310 313
HIST 2311 294
HIST 2312 305
HIST 2313 311
HIST 2314 335
HIST 2315 281
HIST 2316 268
HIST 2317 316
HIST 2318 308
HIST 2319 303
HIST 2320 297
HIST 2321 307
HIST 2322 356
HIST 2323 342
HIST 2324 293
HIST 2325 323
HIST 2326 323
HIST 2327 328
HIST 2328 345
HIST 2329 331
HIST 2330 280
HIST 2331 290
HIST 2332 347
HIST 2333 344
HIST 2334 312
HIST 2335 293
HIST 2336 340
HIST 2337 325
HIST 2338 343
HIST 2339 322
HIST 2340 303
HIST 2341 321
HIST 2342 319
HIST 2343 300
HIST 2344 311
HIST 2345 343
HIST 2346 358
HIST 2347 329
HIST 2348 346
HIST 2349 324
HIST 2350 312
HIST 2351 338
HIST 2352 355
HIST 2353 326
HIST 2354 311
HIST 2355 343
HIST 2356 307
HIST 2357 316
HIST 2358 316
HIST 2359 299
HIST 2360 358
HIST 2361 319
HIST 2362 344
HIST 2363 317
HIST 2364 320
HIST 2365 305
HIST 2366 329
HIST 2367 316
HIST 2368 306
HIST 2369 290
HIST 2370 325
HIST 2371 327
HIST 2372 303
HIST 2373 323
HIST 2374 282
HIST 2375 297
HIST 2376 320
HIST 2377 306
HIST 2378 302
HIST 2379 310
HIST 2380 292
HIST 2381 282
HIST 2382 279
HIST 2383 241
HIST 2384 190
HIST 2385 210
HIST 2386 208
HIST 2387 199
HIST 2388 195
HIST 2389 185
HIST 2390 181
HIST 2391 174
HIST 2392 191
HIST 2393 174
HIST 2394 164
HIST 2395 169
HIST 2396 174
HIST 2397 157
HIST 2398 163
HIST 2399 168
HIST 2400 178
HIST 2401 156
HIST 2402 173
HIST 2403 145
HIST 2404 156
HIST 2405 119
HIST 2406 152
HIST 2407 151
HIST 2408 134
HIST 2409 144
HIST 2410 149
HIST 2411 128
HIST 2412 131
HIST 2413 109
HIST 2414 134
HIST 2415 124
HIST 2416 140
HIST 2417 111
HIST 2418 106
HIST 2419 108
HIST 2420 118
HIST 2421 112
HIST 2422 108
HIST 2423 111
HIST 2424 102
HIST 2425 118
HIST 2426 116
HIST 2427 104
HIST 2428 102
HIST 2429 107
HIST 2430 107
HIST 2431 98
HIST 2432 106
HIST 2433 107
HIST 2434 95
HIST 2435 96
HIST 2436 90
HIST 2437 68
HIST 2438 81
HIST 2439 92
HIST 2440 106
HIST 2441 97
HIST 2442 95
HIST 2443 76
HIST 2444 80
HIST 2445 92
HIST 2446 74
HIST 2447 71
HIST 2448 75
HIST 2449 73
HIST 2450 74
HIST 2451 73
HIST 2452 61
HIST 2453 54
HIST 2454 59
HIST 2455 72
HIST 2456 61
HIST 2457 56
HIST 2458 63
HIST 2459 50
HIST 2460 59
HIST 2461 47
HIST 2462 77
HIST 2463 65
HIST 2464 58
HIST 2465 52
HIST 2466 58
HIST 2467 42
HIST 2468 50
HIST 2469 42
HIST 2470 56
HIST 2471 38
HIST 2472 57
HIST 2473 49
HIST 2474 47
HIST 2475 58
HIST 2476 51
HIST 2477 42
HIST 2478 39
HIST 2479 46
HIST 2480 35
HIST 2481 28
HIST 2482 38
HIST 2483 43
HIST 2484 45
HIST 2485 38
HIST 2486 40
HIST 2487 34
HIST 2488 31
HIST 2489 30
HIST 2490 31
HIST 2491 24
HIST 2492 36
HIST 2493 32
HIST 2494 24
HIST 2495 38
HIST 2496 43
HIST 2497 42
HIST 2498 41
HIST 2499 34
HIST 2500 34
HIST 2501 30
HIST 2502 26
HIST 2503 31
HIST 2504 34
HIST 2505 27
HIST 2506 24
HIST 2507 27
HIST 2508 24
HIST 2509 24
HIST 2510 28
HIST 2511 20
HIST 2512 27
HIST 2513 24
HIST 2514 25
HIST 2515 28
HIST 2516 23
HIST 2517 20
HIST 2518 19
HIST 2519 22
HIST 2520 22
HIST 2521 14
HIST 2522 17
HIST 2523 25
HIST 2524 25
HIST 2525 26
HIST 2526 31
HIST 2527 25
HIST 2528 16
HIST 2529 27
HIST 2530 20
HIST 2531 17
HIST 2532 13
HIST 2533 19
HIST 2534 20
HIST 2535 15
HIST 2536 17
HIST 2537 21
HIST 2538 11
HIST 2539 16
HIST 2540 10
HIST 2541 18
HIST 2542 14
HIST 2543 22
HIST 2544 16
HIST 2545 19
HIST 2546 14
HIST 2547 12
HIST 2548 12
HIST 2549 12
HIST 2550 16
HIST 2551 16
HIST 2552 11
HIST 2553 9
HIST 2554 11
HIST 2555 5
HIST 2556 13
HIST 2557 17
HIST 2558 13
HIST 2559 11
HIST 2560 19
HIST 2561 10
HIST 2562 9
HIST 2563 17
HIST 2564 11
HIST 2565 14
HIST 2566 9
HIST 2567 11
HIST 2568 10
HIST 2569 10
HIST 2570 13
HIST 2571 10
HIST 2572 8
HIST 2573 7
HIST 2574 8
HIST 2575 14
HIST 2576 13
HIST 2577 10
HIST 2578 14
HIST 2579 8
HIST 2580 7
HIST 2581 29
HIST 2582 73
HIST 2583 10
HIST 2584 8
HIST 2585 9
HIST 2586 272
HIST 2587 2
HIST 2588 7
HIST 2589 8
HIST 2590 10
HIST 2591 11
HIST 2592 6
HIST 2593 13
HIST 2594 11
HIST 2595 4
HIST 2596 4
HIST 2597 6
HIST 2598 14
HIST 2599 15
HIST 2600 4
HIST 2601 8
HIST 2602 8
HIST 2603 6
HIST 2604 10
HIST 2605 8
HIST 2606 11
HIST 2607 5
HIST 2608 9
HIST 2609 5
HIST 2610 6
HIST 2611 16
HIST 2612 15
HIST 2613 7
HIST 2614 6
HIST 2615 124376
HISTEND
ESCPOP decays=8000000 own_exit=18215 carry_exit=20384 own_return=3459 same=3451 other=8 noface=0 lineage_gamma_out=2241 lineage_lepton_out=7330 killed_gamma=0 killed_lepton=0 facemiss=0 lineage_inside=0
