SETUP correlatedGamma=0 twoJmax=10 vacuum=1 seed=0 killesc=0 killcarry=1 fullcarry=0 histbin=1.000 histbins=2616 iontag=0 escpop=1 killescown=1 killesccarry=0 killret=0 killretsame=0 killretother=0 killescbrem=0 killescdelta=0 killoutbrem=1
CUTS (production thresholds per material couple):
 Material : G4_Galactic
 Range cuts        :  gamma  1 mm     e-  1 mm     e+  1 mm  proton 1 mm 
 Energy thresholds :  gamma  990 eV     e-  990 eV     e+  990 eV  proton 100 keV
 Material : scene_mat_4
 Range cuts        :  gamma  1 mm     e-  1 mm     e+  1 mm  proton 1 mm 
 Energy thresholds :  gamma  38.9651 keV    e-  738.26 keV    e+  703.709 keV proton 100 keV
 Material : scene_mat_3
 Range cuts        :  gamma  1 mm     e-  1 mm     e+  1 mm  proton 1 mm 
 Energy thresholds :  gamma  6.91691 keV    e-  597.603 keV    e+  574.29 keV proton 100 keV
 Material : scene_mat_2
 Range cuts        :  gamma  1 mm     e-  1 mm     e+  1 mm  proton 1 mm 
 Energy thresholds :  gamma  990 eV     e-  990 eV     e+  990 eV  proton 100 keV
 Material : scene_mat_1
 Range cuts        :  gamma  1 mm     e-  1 mm     e+  1 mm  proton 1 mm 
 Energy thresholds :  gamma  3.38683 keV    e-  268.033 keV    e+  261.068 keV proton 100 keV
 Material : scene_mat_0
 Range cuts        :  gamma  1 mm     e-  1 mm     e+  1 mm  proton 1 mm 
 Energy thresholds :  gamma  29.856 keV    e-  620.515 keV    e+  592.153 keV proton 100 keV
RESULT decays=8000000
RESULT any=627086 eps_total=7.838575e-02
RESULT window=2614.511 counts=124265 eps=1.553313e-02
HISTBEGIN bins=2616 bin_kev=1.000000 decays=8000000
HIST 0 46
HIST 1 172
HIST 2 163
HIST 3 158
HIST 4 157
HIST 5 196
HIST 6 193
HIST 7 204
HIST 8 208
HIST 9 199
HIST 10 177
HIST 11 196
HIST 12 173
HIST 13 180
HIST 14 175
HIST 15 192
HIST 16 203
HIST 17 205
HIST 18 189
HIST 19 180
HIST 20 206
HIST 21 198
HIST 22 216
HIST 23 189
HIST 24 182
HIST 25 176
HIST 26 178
HIST 27 178
HIST 28 185
HIST 29 195
HIST 30 194
HIST 31 194
HIST 32 309
HIST 33 282
HIST 34 222
HIST 35 205
HIST 36 243
HIST 37 212
HIST 38 206
HIST 39 169
HIST 40 192
HIST 41 202
HIST 42 196
HIST 43 160
HIST 44 185
HIST 45 196
HIST 46 179
HIST 47 191
HIST 48 175
HIST 49 175
HIST 50 179
HIST 51 202
HIST 52 189
HIST 53 182
HIST 54 179
HIST 55 196
HIST 56 181
HIST 57 175
HIST 58 197
HIST 59 183
HIST 60 183
HIST 61 155
HIST 62 189
HIST 63 184
HIST 64 205
HIST 65 197
HIST 66 199
HIST 67 209
HIST 68 215
HIST 69 222
HIST 70 202
HIST 71 177
HIST 72 187
HIST 73 199
HIST 74 195
HIST 75 231
HIST 76 186
HIST 77 267
HIST 78 193
HIST 79 197
HIST 80 183
HIST 81 181
HIST 82 190
HIST 83 201
HIST 84 208
HIST 85 194
HIST 86 207
HIST 87 207
HIST 88 250
HIST 89 188
HIST 90 605
HIST 91 188
HIST 92 211
HIST 93 188
HIST 94 897
HIST 95 188
HIST 96 207
HIST 97 216
HIST 98 199
HIST 99 196
HIST 100 200
HIST 101 189
HIST 102 181
HIST 103 186
HIST 104 183
HIST 105 317
HIST 106 403
HIST 107 189
HIST 108 172
HIST 109 306
HIST 110 203
HIST 111 192
HIST 112 184
HIST 113 216
HIST 114 190
HIST 115 203
HIST 116 188
HIST 117 199
HIST 118 209
HIST 119 177
HIST 120 206
HIST 121 204
HIST 122 179
HIST 123 200
HIST 124 182
HIST 125 198
HIST 126 242
HIST 127 206
HIST 128 233
HIST 129 240
HIST 130 208
HIST 131 184
HIST 132 217
HIST 133 222
HIST 134 217
HIST 135 200
HIST 136 225
HIST 137 181
HIST 138 194
HIST 139 246
HIST 140 254
HIST 141 235
HIST 142 236
HIST 143 222
HIST 144 235
HIST 145 225
HIST 146 246
HIST 147 223
HIST 148 217
HIST 149 246
HIST 150 209
HIST 151 235
HIST 152 239
HIST 153 247
HIST 154 248
HIST 155 228
HIST 156 237
HIST 157 213
HIST 158 211
HIST 159 214
HIST 160 238
HIST 161 249
HIST 162 265
HIST 163 219
HIST 164 260
HIST 165 232
HIST 166 241
HIST 167 224
HIST 168 227
HIST 169 223
HIST 170 218
HIST 171 238
HIST 172 236
HIST 173 223
HIST 174 209
HIST 175 231
HIST 176 244
HIST 177 251
HIST 178 248
HIST 179 251
HIST 180 234
HIST 181 223
HIST 182 223
HIST 183 179
HIST 184 242
HIST 185 253
HIST 186 243
HIST 187 246
HIST 188 261
HIST 189 224
HIST 190 206
HIST 191 226
HIST 192 209
HIST 193 208
HIST 194 267
HIST 195 217
HIST 196 251
HIST 197 245
HIST 198 237
HIST 199 241
HIST 200 224
HIST 201 225
HIST 202 237
HIST 203 214
HIST 204 214
HIST 205 235
HIST 206 251
HIST 207 265
HIST 208 248
HIST 209 321
HIST 210 263
HIST 211 248
HIST 212 249
HIST 213 251
HIST 214 240
HIST 215 225
HIST 216 255
HIST 217 239
HIST 218 216
HIST 219 247
HIST 220 240
HIST 221 225
HIST 222 223
HIST 223 240
HIST 224 230
HIST 225 233
HIST 226 223
HIST 227 236
HIST 228 257
HIST 229 250
HIST 230 284
HIST 231 272
HIST 232 271
HIST 233 287
HIST 234 316
HIST 235 286
HIST 236 311
HIST 237 296
HIST 238 289
HIST 239 1184
HIST 240 284
HIST 241 367
HIST 242 306
HIST 243 312
HIST 244 336
HIST 245 304
HIST 246 301
HIST 247 301
HIST 248 320
HIST 249 324
HIST 250 285
HIST 251 298
HIST 252 312
HIST 253 296
HIST 254 311
HIST 255 331
HIST 256 293
HIST 257 303
HIST 258 300
HIST 259 304
HIST 260 296
HIST 261 290
HIST 262 323
HIST 263 326
HIST 264 324
HIST 265 351
HIST 266 332
HIST 267 291
HIST 268 331
HIST 269 319
HIST 270 394
HIST 271 298
HIST 272 353
HIST 273 336
HIST 274 327
HIST 275 328
HIST 276 313
HIST 277 365
HIST 278 320
HIST 279 328
HIST 280 335
HIST 281 315
HIST 282 346
HIST 283 322
HIST 284 345
HIST 285 303
HIST 286 316
HIST 287 312
HIST 288 316
HIST 289 292
HIST 290 301
HIST 291 296
HIST 292 331
HIST 293 326
HIST 294 338
HIST 295 334
HIST 296 302
HIST 297 317
HIST 298 328
HIST 299 342
HIST 300 344
HIST 301 317
HIST 302 293
HIST 303 355
HIST 304 310
HIST 305 310
HIST 306 336
HIST 307 324
HIST 308 298
HIST 309 279
HIST 310 332
HIST 311 294
HIST 312 335
HIST 313 327
HIST 314 296
HIST 315 312
HIST 316 296
HIST 317 306
HIST 318 296
HIST 319 279
HIST 320 314
HIST 321 322
HIST 322 271
HIST 323 287
HIST 324 298
HIST 325 290
HIST 326 293
HIST 327 279
HIST 328 353
HIST 329 313
HIST 330 335
HIST 331 303
HIST 332 327
HIST 333 282
HIST 334 349
HIST 335 307
HIST 336 280
HIST 337 281
HIST 338 526
HIST 339 297
HIST 340 289
HIST 341 310
HIST 342 276
HIST 343 281
HIST 344 251
HIST 345 283
HIST 346 298
HIST 347 287
HIST 348 284
HIST 349 268
HIST 350 279
HIST 351 281
HIST 352 269
HIST 353 287
HIST 354 265
HIST 355 304
HIST 356 315
HIST 357 284
HIST 358 276
HIST 359 265
HIST 360 275
HIST 361 270
HIST 362 263
HIST 363 285
HIST 364 251
HIST 365 272
HIST 366 268
HIST 367 275
HIST 368 277
HIST 369 255
HIST 370 264
HIST 371 259
HIST 372 301
HIST 373 249
HIST 374 281
HIST 375 258
HIST 376 246
HIST 377 265
HIST 378 294
HIST 379 278
HIST 380 277
HIST 381 262
HIST 382 269
HIST 383 265
HIST 384 260
HIST 385 253
HIST 386 290
HIST 387 269
HIST 388 264
HIST 389 251
HIST 390 250
HIST 391 245
HIST 392 259
HIST 393 246
HIST 394 274
HIST 395 276
HIST 396 259
HIST 397 227
HIST 398 259
HIST 399 233
HIST 400 244
HIST 401 248
HIST 402 253
HIST 403 293
HIST 404 248
HIST 405 251
HIST 406 267
HIST 407 232
HIST 408 265
HIST 409 255
HIST 410 239
HIST 411 227
HIST 412 250
HIST 413 220
HIST 414 233
HIST 415 246
HIST 416 223
HIST 417 256
HIST 418 243
HIST 419 238
HIST 420 238
HIST 421 217
HIST 422 236
HIST 423 250
HIST 424 233
HIST 425 276
HIST 426 235
HIST 427 244
HIST 428 216
HIST 429 246
HIST 430 225
HIST 431 211
HIST 432 221
HIST 433 214
HIST 434 235
HIST 435 220
HIST 436 188
HIST 437 248
HIST 438 207
HIST 439 230
HIST 440 221
HIST 441 201
HIST 442 229
HIST 443 231
HIST 444 201
HIST 445 238
HIST 446 257
HIST 447 205
HIST 448 246
HIST 449 230
HIST 450 202
HIST 451 229
HIST 452 219
HIST 453 185
HIST 454 238
HIST 455 213
HIST 456 206
HIST 457 219
HIST 458 207
HIST 459 209
HIST 460 205
HIST 461 204
HIST 462 219
HIST 463 262
HIST 464 213
HIST 465 189
HIST 466 178
HIST 467 227
HIST 468 227
HIST 469 183
HIST 470 199
HIST 471 235
HIST 472 184
HIST 473 241
HIST 474 204
HIST 475 201
HIST 476 201
HIST 477 199
HIST 478 227
HIST 479 204
HIST 480 211
HIST 481 204
HIST 482 181
HIST 483 203
HIST 484 205
HIST 485 213
HIST 486 216
HIST 487 223
HIST 488 214
HIST 489 188
HIST 490 211
HIST 491 212
HIST 492 201
HIST 493 200
HIST 494 200
HIST 495 175
HIST 496 196
HIST 497 207
HIST 498 204
HIST 499 224
HIST 500 211
HIST 501 187
HIST 502 176
HIST 503 184
HIST 504 192
HIST 505 195
HIST 506 190
HIST 507 172
HIST 508 188
HIST 509 193
HIST 510 170
HIST 511 284
HIST 512 186
HIST 513 213
HIST 514 173
HIST 515 189
HIST 516 183
HIST 517 176
HIST 518 177
HIST 519 177
HIST 520 189
HIST 521 178
HIST 522 198
HIST 523 165
HIST 524 149
HIST 525 172
HIST 526 190
HIST 527 199
HIST 528 209
HIST 529 170
HIST 530 206
HIST 531 200
HIST 532 193
HIST 533 170
HIST 534 176
HIST 535 168
HIST 536 171
HIST 537 155
HIST 538 191
HIST 539 201
HIST 540 185
HIST 541 193
HIST 542 200
HIST 543 173
HIST 544 165
HIST 545 208
HIST 546 165
HIST 547 172
HIST 548 198
HIST 549 164
HIST 550 181
HIST 551 187
HIST 552 177
HIST 553 164
HIST 554 166
HIST 555 170
HIST 556 165
HIST 557 174
HIST 558 173
HIST 559 174
HIST 560 188
HIST 561 175
HIST 562 178
HIST 563 177
HIST 564 155
HIST 565 156
HIST 566 178
HIST 567 166
HIST 568 186
HIST 569 159
HIST 570 158
HIST 571 177
HIST 572 164
HIST 573 173
HIST 574 171
HIST 575 170
HIST 576 186
HIST 577 194
HIST 578 174
HIST 579 177
HIST 580 172
HIST 581 170
HIST 582 177
HIST 583 479
HIST 584 161
HIST 585 171
HIST 586 173
HIST 587 170
HIST 588 159
HIST 589 162
HIST 590 178
HIST 591 169
HIST 592 161
HIST 593 161
HIST 594 162
HIST 595 161
HIST 596 170
HIST 597 160
HIST 598 182
HIST 599 162
HIST 600 181
HIST 601 164
HIST 602 167
HIST 603 157
HIST 604 151
HIST 605 171
HIST 606 172
HIST 607 165
HIST 608 137
HIST 609 136
HIST 610 168
HIST 611 164
HIST 612 170
HIST 613 162
HIST 614 165
HIST 615 147
HIST 616 157
HIST 617 161
HIST 618 134
HIST 619 149
HIST 620 161
HIST 621 188
HIST 622 173
HIST 623 155
HIST 624 159
HIST 625 192
HIST 626 158
HIST 627 171
HIST 628 158
HIST 629 186
HIST 630 151
HIST 631 148
HIST 632 151
HIST 633 140
HIST 634 148
HIST 635 143
HIST 636 188
HIST 637 133
HIST 638 140
HIST 639 144
HIST 640 158
HIST 641 172
HIST 642 158
HIST 643 151
HIST 644 143
HIST 645 147
HIST 646 153
HIST 647 160
HIST 648 126
HIST 649 169
HIST 650 158
HIST 651 172
HIST 652 172
HIST 653 158
HIST 654 147
HIST 655 160
HIST 656 151
HIST 657 162
HIST 658 156
HIST 659 163
HIST 660 159
HIST 661 138
HIST 662 153
HIST 663 159
HIST 664 161
HIST 665 140
HIST 666 147
HIST 667 164
HIST 668 135
HIST 669 177
HIST 670 165
HIST 671 147
HIST 672 147
HIST 673 162
HIST 674 144
HIST 675 166
HIST 676 161
HIST 677 172
HIST 678 180
HIST 679 146
HIST 680 167
HIST 681 164
HIST 682 150
HIST 683 136
HIST 684 134
HIST 685 157
HIST 686 153
HIST 687 138
HIST 688 143
HIST 689 146
HIST 690 137
HIST 691 136
HIST 692 143
HIST 693 166
HIST 694 148
HIST 695 145
HIST 696 130
HIST 697 138
HIST 698 137
HIST 699 154
HIST 700 152
HIST 701 132
HIST 702 131
HIST 703 154
HIST 704 141
HIST 705 137
HIST 706 139
HIST 707 148
HIST 708 135
HIST 709 135
HIST 710 169
HIST 711 160
HIST 712 146
HIST 713 148
HIST 714 146
HIST 715 143
HIST 716 164
HIST 717 153
HIST 718 129
HIST 719 122
HIST 720 146
HIST 721 179
HIST 722 147
HIST 723 142
HIST 724 174
HIST 725 144
HIST 726 144
HIST 727 211
HIST 728 133
HIST 729 133
HIST 730 139
HIST 731 149
HIST 732 128
HIST 733 142
HIST 734 168
HIST 735 156
HIST 736 165
HIST 737 135
HIST 738 153
HIST 739 154
HIST 740 136
HIST 741 168
HIST 742 143
HIST 743 135
HIST 744 145
HIST 745 125
HIST 746 147
HIST 747 154
HIST 748 154
HIST 749 138
HIST 750 122
HIST 751 143
HIST 752 140
HIST 753 154
HIST 754 148
HIST 755 148
HIST 756 160
HIST 757 133
HIST 758 121
HIST 759 161
HIST 760 157
HIST 761 142
HIST 762 132
HIST 763 159
HIST 764 137
HIST 765 157
HIST 766 143
HIST 767 144
HIST 768 140
HIST 769 136
HIST 770 149
HIST 771 154
HIST 772 163
HIST 773 121
HIST 774 138
HIST 775 119
HIST 776 123
HIST 777 142
HIST 778 143
HIST 779 152
HIST 780 147
HIST 781 138
HIST 782 145
HIST 783 144
HIST 784 149
HIST 785 135
HIST 786 139
HIST 787 146
HIST 788 142
HIST 789 139
HIST 790 139
HIST 791 132
HIST 792 140
HIST 793 112
HIST 794 121
HIST 795 175
HIST 796 121
HIST 797 127
HIST 798 133
HIST 799 137
HIST 800 130
HIST 801 123
HIST 802 132
HIST 803 134
HIST 804 143
HIST 805 128
HIST 806 140
HIST 807 140
HIST 808 149
HIST 809 172
HIST 810 145
HIST 811 132
HIST 812 143
HIST 813 160
HIST 814 145
HIST 815 134
HIST 816 138
HIST 817 132
HIST 818 160
HIST 819 147
HIST 820 132
HIST 821 145
HIST 822 161
HIST 823 132
HIST 824 152
HIST 825 134
HIST 826 132
HIST 827 156
HIST 828 119
HIST 829 140
HIST 830 150
HIST 831 147
HIST 832 153
HIST 833 137
HIST 834 141
HIST 835 123
HIST 836 181
HIST 837 164
HIST 838 135
HIST 839 151
HIST 840 139
HIST 841 132
HIST 842 140
HIST 843 127
HIST 844 140
HIST 845 120
HIST 846 124
HIST 847 126
HIST 848 152
HIST 849 122
HIST 850 128
HIST 851 139
HIST 852 140
HIST 853 145
HIST 854 119
HIST 855 126
HIST 856 125
HIST 857 126
HIST 858 153
HIST 859 106
HIST 860 139
HIST 861 157
HIST 862 147
HIST 863 114
HIST 864 130
HIST 865 128
HIST 866 127
HIST 867 133
HIST 868 137
HIST 869 142
HIST 870 133
HIST 871 136
HIST 872 136
HIST 873 145
HIST 874 159
HIST 875 133
HIST 876 131
HIST 877 121
HIST 878 150
HIST 879 132
HIST 880 133
HIST 881 134
HIST 882 144
HIST 883 137
HIST 884 121
HIST 885 134
HIST 886 146
HIST 887 130
HIST 888 123
HIST 889 132
HIST 890 138
HIST 891 140
HIST 892 121
HIST 893 123
HIST 894 139
HIST 895 121
HIST 896 125
HIST 897 126
HIST 898 141
HIST 899 133
HIST 900 133
HIST 901 127
HIST 902 134
HIST 903 138
HIST 904 153
HIST 905 141
HIST 906 150
HIST 907 142
HIST 908 124
HIST 909 134
HIST 910 140
HIST 911 378
HIST 912 127
HIST 913 128
HIST 914 154
HIST 915 145
HIST 916 132
HIST 917 120
HIST 918 133
HIST 919 133
HIST 920 124
HIST 921 150
HIST 922 163
HIST 923 143
HIST 924 126
HIST 925 130
HIST 926 137
HIST 927 125
HIST 928 133
HIST 929 138
HIST 930 117
HIST 931 126
HIST 932 123
HIST 933 134
HIST 934 132
HIST 935 131
HIST 936 136
HIST 937 116
HIST 938 129
HIST 939 122
HIST 940 131
HIST 941 133
HIST 942 131
HIST 943 135
HIST 944 128
HIST 945 138
HIST 946 130
HIST 947 119
HIST 948 150
HIST 949 130
HIST 950 153
HIST 951 128
HIST 952 130
HIST 953 144
HIST 954 133
HIST 955 144
HIST 956 130
HIST 957 110
HIST 958 147
HIST 959 152
HIST 960 134
HIST 961 110
HIST 962 127
HIST 963 113
HIST 964 122
HIST 965 161
HIST 966 153
HIST 967 131
HIST 968 126
HIST 969 282
HIST 970 119
HIST 971 136
HIST 972 128
HIST 973 135
HIST 974 128
HIST 975 141
HIST 976 136
HIST 977 146
HIST 978 144
HIST 979 135
HIST 980 139
HIST 981 136
HIST 982 108
HIST 983 115
HIST 984 138
HIST 985 113
HIST 986 133
HIST 987 130
HIST 988 122
HIST 989 139
HIST 990 133
HIST 991 133
HIST 992 117
HIST 993 134
HIST 994 140
HIST 995 124
HIST 996 134
HIST 997 114
HIST 998 126
HIST 999 126
HIST 1000 129
HIST 1001 125
HIST 1002 112
HIST 1003 112
HIST 1004 122
HIST 1005 125
HIST 1006 145
HIST 1007 140
HIST 1008 127
HIST 1009 129
HIST 1010 116
HIST 1011 118
HIST 1012 151
HIST 1013 115
HIST 1014 156
HIST 1015 130
HIST 1016 132
HIST 1017 155
HIST 1018 139
HIST 1019 130
HIST 1020 120
HIST 1021 125
HIST 1022 157
HIST 1023 145
HIST 1024 131
HIST 1025 148
HIST 1026 126
HIST 1027 133
HIST 1028 127
HIST 1029 110
HIST 1030 144
HIST 1031 117
HIST 1032 122
HIST 1033 127
HIST 1034 123
HIST 1035 150
HIST 1036 119
HIST 1037 117
HIST 1038 129
HIST 1039 119
HIST 1040 129
HIST 1041 112
HIST 1042 138
HIST 1043 127
HIST 1044 125
HIST 1045 136
HIST 1046 137
HIST 1047 135
HIST 1048 115
HIST 1049 117
HIST 1050 114
HIST 1051 123
HIST 1052 112
HIST 1053 138
HIST 1054 138
HIST 1055 139
HIST 1056 124
HIST 1057 126
HIST 1058 136
HIST 1059 119
HIST 1060 108
HIST 1061 125
HIST 1062 122
HIST 1063 133
HIST 1064 131
HIST 1065 120
HIST 1066 123
HIST 1067 119
HIST 1068 126
HIST 1069 147
HIST 1070 137
HIST 1071 120
HIST 1072 136
HIST 1073 125
HIST 1074 137
HIST 1075 113
HIST 1076 124
HIST 1077 124
HIST 1078 138
HIST 1079 153
HIST 1080 105
HIST 1081 134
HIST 1082 137
HIST 1083 113
HIST 1084 124
HIST 1085 142
HIST 1086 116
HIST 1087 131
HIST 1088 114
HIST 1089 132
HIST 1090 141
HIST 1091 141
HIST 1092 137
HIST 1093 123
HIST 1094 121
HIST 1095 126
HIST 1096 141
HIST 1097 119
HIST 1098 131
HIST 1099 101
HIST 1100 129
HIST 1101 116
HIST 1102 129
HIST 1103 119
HIST 1104 114
HIST 1105 135
HIST 1106 145
HIST 1107 116
HIST 1108 109
HIST 1109 136
HIST 1110 119
HIST 1111 136
HIST 1112 133
HIST 1113 111
HIST 1114 130
HIST 1115 121
HIST 1116 129
HIST 1117 136
HIST 1118 147
HIST 1119 106
HIST 1120 124
HIST 1121 123
HIST 1122 114
HIST 1123 117
HIST 1124 149
HIST 1125 116
HIST 1126 128
HIST 1127 120
HIST 1128 121
HIST 1129 143
HIST 1130 125
HIST 1131 132
HIST 1132 115
HIST 1133 109
HIST 1134 109
HIST 1135 117
HIST 1136 130
HIST 1137 128
HIST 1138 132
HIST 1139 132
HIST 1140 129
HIST 1141 117
HIST 1142 128
HIST 1143 125
HIST 1144 151
HIST 1145 117
HIST 1146 111
HIST 1147 131
HIST 1148 125
HIST 1149 132
HIST 1150 131
HIST 1151 128
HIST 1152 136
HIST 1153 138
HIST 1154 125
HIST 1155 129
HIST 1156 135
HIST 1157 117
HIST 1158 158
HIST 1159 142
HIST 1160 133
HIST 1161 108
HIST 1162 127
HIST 1163 124
HIST 1164 124
HIST 1165 140
HIST 1166 125
HIST 1167 142
HIST 1168 107
HIST 1169 131
HIST 1170 139
HIST 1171 122
HIST 1172 135
HIST 1173 131
HIST 1174 125
HIST 1175 110
HIST 1176 131
HIST 1177 132
HIST 1178 122
HIST 1179 154
HIST 1180 129
HIST 1181 137
HIST 1182 122
HIST 1183 146
HIST 1184 124
HIST 1185 122
HIST 1186 146
HIST 1187 124
HIST 1188 119
HIST 1189 128
HIST 1190 124
HIST 1191 131
HIST 1192 133
HIST 1193 115
HIST 1194 119
HIST 1195 137
HIST 1196 123
HIST 1197 127
HIST 1198 124
HIST 1199 106
HIST 1200 155
HIST 1201 135
HIST 1202 120
HIST 1203 151
HIST 1204 121
HIST 1205 136
HIST 1206 130
HIST 1207 153
HIST 1208 121
HIST 1209 140
HIST 1210 133
HIST 1211 124
HIST 1212 115
HIST 1213 141
HIST 1214 122
HIST 1215 117
HIST 1216 136
HIST 1217 132
HIST 1218 136
HIST 1219 122
HIST 1220 120
HIST 1221 115
HIST 1222 155
HIST 1223 115
HIST 1224 138
HIST 1225 142
HIST 1226 123
HIST 1227 137
HIST 1228 136
HIST 1229 130
HIST 1230 103
HIST 1231 129
HIST 1232 115
HIST 1233 111
HIST 1234 123
HIST 1235 132
HIST 1236 133
HIST 1237 117
HIST 1238 128
HIST 1239 132
HIST 1240 121
HIST 1241 121
HIST 1242 133
HIST 1243 141
HIST 1244 139
HIST 1245 132
HIST 1246 125
HIST 1247 144
HIST 1248 114
HIST 1249 134
HIST 1250 127
HIST 1251 114
HIST 1252 115
HIST 1253 121
HIST 1254 130
HIST 1255 128
HIST 1256 129
HIST 1257 142
HIST 1258 133
HIST 1259 141
HIST 1260 149
HIST 1261 158
HIST 1262 115
HIST 1263 113
HIST 1264 128
HIST 1265 110
HIST 1266 125
HIST 1267 132
HIST 1268 106
HIST 1269 128
HIST 1270 110
HIST 1271 128
HIST 1272 127
HIST 1273 134
HIST 1274 150
HIST 1275 125
HIST 1276 135
HIST 1277 113
HIST 1278 127
HIST 1279 124
HIST 1280 129
HIST 1281 107
HIST 1282 126
HIST 1283 140
HIST 1284 119
HIST 1285 120
HIST 1286 125
HIST 1287 127
HIST 1288 118
HIST 1289 140
HIST 1290 137
HIST 1291 124
HIST 1292 132
HIST 1293 128
HIST 1294 127
HIST 1295 145
HIST 1296 126
HIST 1297 118
HIST 1298 121
HIST 1299 152
HIST 1300 123
HIST 1301 136
HIST 1302 124
HIST 1303 123
HIST 1304 130
HIST 1305 143
HIST 1306 133
HIST 1307 133
HIST 1308 144
HIST 1309 134
HIST 1310 140
HIST 1311 128
HIST 1312 120
HIST 1313 109
HIST 1314 123
HIST 1315 130
HIST 1316 125
HIST 1317 130
HIST 1318 132
HIST 1319 135
HIST 1320 134
HIST 1321 144
HIST 1322 107
HIST 1323 120
HIST 1324 144
HIST 1325 115
HIST 1326 133
HIST 1327 124
HIST 1328 126
HIST 1329 105
HIST 1330 127
HIST 1331 138
HIST 1332 97
HIST 1333 124
HIST 1334 124
HIST 1335 123
HIST 1336 128
HIST 1337 145
HIST 1338 137
HIST 1339 130
HIST 1340 115
HIST 1341 132
HIST 1342 112
HIST 1343 118
HIST 1344 136
HIST 1345 126
HIST 1346 158
HIST 1347 147
HIST 1348 119
HIST 1349 137
HIST 1350 116
HIST 1351 122
HIST 1352 126
HIST 1353 146
HIST 1354 122
HIST 1355 118
HIST 1356 121
HIST 1357 128
HIST 1358 147
HIST 1359 147
HIST 1360 132
HIST 1361 116
HIST 1362 129
HIST 1363 137
HIST 1364 127
HIST 1365 113
HIST 1366 123
HIST 1367 137
HIST 1368 125
HIST 1369 126
HIST 1370 134
HIST 1371 115
HIST 1372 130
HIST 1373 140
HIST 1374 168
HIST 1375 142
HIST 1376 118
HIST 1377 116
HIST 1378 125
HIST 1379 122
HIST 1380 123
HIST 1381 123
HIST 1382 126
HIST 1383 130
HIST 1384 127
HIST 1385 148
HIST 1386 132
HIST 1387 124
HIST 1388 125
HIST 1389 131
HIST 1390 118
HIST 1391 127
HIST 1392 107
HIST 1393 140
HIST 1394 131
HIST 1395 146
HIST 1396 137
HIST 1397 128
HIST 1398 124
HIST 1399 148
HIST 1400 154
HIST 1401 128
HIST 1402 113
HIST 1403 125
HIST 1404 146
HIST 1405 122
HIST 1406 148
HIST 1407 154
HIST 1408 134
HIST 1409 154
HIST 1410 129
HIST 1411 133
HIST 1412 128
HIST 1413 133
HIST 1414 119
HIST 1415 149
HIST 1416 132
HIST 1417 137
HIST 1418 120
HIST 1419 131
HIST 1420 148
HIST 1421 114
HIST 1422 114
HIST 1423 156
HIST 1424 126
HIST 1425 128
HIST 1426 133
HIST 1427 126
HIST 1428 133
HIST 1429 143
HIST 1430 121
HIST 1431 119
HIST 1432 139
HIST 1433 142
HIST 1434 135
HIST 1435 136
HIST 1436 119
HIST 1437 128
HIST 1438 118
HIST 1439 133
HIST 1440 133
HIST 1441 118
HIST 1442 140
HIST 1443 131
HIST 1444 132
HIST 1445 134
HIST 1446 140
HIST 1447 125
HIST 1448 152
HIST 1449 122
HIST 1450 121
HIST 1451 141
HIST 1452 135
HIST 1453 121
HIST 1454 129
HIST 1455 124
HIST 1456 131
HIST 1457 155
HIST 1458 126
HIST 1459 129
HIST 1460 139
HIST 1461 123
HIST 1462 123
HIST 1463 143
HIST 1464 125
HIST 1465 130
HIST 1466 146
HIST 1467 105
HIST 1468 149
HIST 1469 131
HIST 1470 142
HIST 1471 134
HIST 1472 126
HIST 1473 134
HIST 1474 131
HIST 1475 141
HIST 1476 149
HIST 1477 118
HIST 1478 120
HIST 1479 136
HIST 1480 139
HIST 1481 133
HIST 1482 147
HIST 1483 126
HIST 1484 124
HIST 1485 142
HIST 1486 135
HIST 1487 119
HIST 1488 128
HIST 1489 122
HIST 1490 131
HIST 1491 121
HIST 1492 144
HIST 1493 140
HIST 1494 129
HIST 1495 125
HIST 1496 154
HIST 1497 124
HIST 1498 138
HIST 1499 150
HIST 1500 132
HIST 1501 131
HIST 1502 134
HIST 1503 120
HIST 1504 137
HIST 1505 137
HIST 1506 128
HIST 1507 128
HIST 1508 114
HIST 1509 160
HIST 1510 140
HIST 1511 144
HIST 1512 119
HIST 1513 145
HIST 1514 139
HIST 1515 130
HIST 1516 154
HIST 1517 147
HIST 1518 146
HIST 1519 135
HIST 1520 144
HIST 1521 127
HIST 1522 131
HIST 1523 121
HIST 1524 125
HIST 1525 135
HIST 1526 147
HIST 1527 140
HIST 1528 149
HIST 1529 127
HIST 1530 144
HIST 1531 125
HIST 1532 131
HIST 1533 139
HIST 1534 125
HIST 1535 137
HIST 1536 146
HIST 1537 144
HIST 1538 143
HIST 1539 145
HIST 1540 114
HIST 1541 143
HIST 1542 157
HIST 1543 142
HIST 1544 150
HIST 1545 132
HIST 1546 140
HIST 1547 145
HIST 1548 131
HIST 1549 127
HIST 1550 138
HIST 1551 143
HIST 1552 138
HIST 1553 153
HIST 1554 141
HIST 1555 130
HIST 1556 137
HIST 1557 148
HIST 1558 148
HIST 1559 145
HIST 1560 145
HIST 1561 140
HIST 1562 147
HIST 1563 154
HIST 1564 146
HIST 1565 133
HIST 1566 135
HIST 1567 119
HIST 1568 144
HIST 1569 136
HIST 1570 159
HIST 1571 142
HIST 1572 140
HIST 1573 121
HIST 1574 127
HIST 1575 146
HIST 1576 144
HIST 1577 145
HIST 1578 139
HIST 1579 129
HIST 1580 135
HIST 1581 131
HIST 1582 138
HIST 1583 153
HIST 1584 131
HIST 1585 152
HIST 1586 127
HIST 1587 138
HIST 1588 144
HIST 1589 136
HIST 1590 162
HIST 1591 150
HIST 1592 142
HIST 1593 9567
HIST 1594 162
HIST 1595 188
HIST 1596 193
HIST 1597 185
HIST 1598 187
HIST 1599 190
HIST 1600 195
HIST 1601 177
HIST 1602 194
HIST 1603 166
HIST 1604 199
HIST 1605 163
HIST 1606 187
HIST 1607 175
HIST 1608 205
HIST 1609 169
HIST 1610 198
HIST 1611 211
HIST 1612 154
HIST 1613 184
HIST 1614 185
HIST 1615 160
HIST 1616 204
HIST 1617 168
HIST 1618 172
HIST 1619 168
HIST 1620 177
HIST 1621 198
HIST 1622 208
HIST 1623 186
HIST 1624 164
HIST 1625 200
HIST 1626 170
HIST 1627 183
HIST 1628 173
HIST 1629 186
HIST 1630 185
HIST 1631 197
HIST 1632 188
HIST 1633 191
HIST 1634 192
HIST 1635 176
HIST 1636 183
HIST 1637 178
HIST 1638 195
HIST 1639 170
HIST 1640 189
HIST 1641 187
HIST 1642 195
HIST 1643 182
HIST 1644 173
HIST 1645 180
HIST 1646 182
HIST 1647 178
HIST 1648 180
HIST 1649 189
HIST 1650 192
HIST 1651 186
HIST 1652 195
HIST 1653 203
HIST 1654 173
HIST 1655 178
HIST 1656 189
HIST 1657 165
HIST 1658 222
HIST 1659 186
HIST 1660 184
HIST 1661 200
HIST 1662 200
HIST 1663 162
HIST 1664 204
HIST 1665 189
HIST 1666 198
HIST 1667 185
HIST 1668 208
HIST 1669 211
HIST 1670 174
HIST 1671 173
HIST 1672 186
HIST 1673 215
HIST 1674 176
HIST 1675 181
HIST 1676 208
HIST 1677 192
HIST 1678 183
HIST 1679 207
HIST 1680 198
HIST 1681 186
HIST 1682 199
HIST 1683 176
HIST 1684 180
HIST 1685 189
HIST 1686 186
HIST 1687 193
HIST 1688 173
HIST 1689 192
HIST 1690 164
HIST 1691 185
HIST 1692 194
HIST 1693 179
HIST 1694 185
HIST 1695 204
HIST 1696 208
HIST 1697 193
HIST 1698 182
HIST 1699 188
HIST 1700 177
HIST 1701 208
HIST 1702 165
HIST 1703 191
HIST 1704 183
HIST 1705 171
HIST 1706 169
HIST 1707 176
HIST 1708 175
HIST 1709 198
HIST 1710 199
HIST 1711 200
HIST 1712 225
HIST 1713 170
HIST 1714 198
HIST 1715 198
HIST 1716 176
HIST 1717 187
HIST 1718 202
HIST 1719 188
HIST 1720 189
HIST 1721 177
HIST 1722 179
HIST 1723 171
HIST 1724 174
HIST 1725 173
HIST 1726 193
HIST 1727 168
HIST 1728 178
HIST 1729 177
HIST 1730 183
HIST 1731 176
HIST 1732 179
HIST 1733 214
HIST 1734 183
HIST 1735 192
HIST 1736 159
HIST 1737 183
HIST 1738 189
HIST 1739 206
HIST 1740 187
HIST 1741 202
HIST 1742 198
HIST 1743 209
HIST 1744 189
HIST 1745 196
HIST 1746 201
HIST 1747 180
HIST 1748 203
HIST 1749 186
HIST 1750 179
HIST 1751 193
HIST 1752 152
HIST 1753 163
HIST 1754 182
HIST 1755 178
HIST 1756 192
HIST 1757 179
HIST 1758 197
HIST 1759 201
HIST 1760 176
HIST 1761 202
HIST 1762 185
HIST 1763 199
HIST 1764 174
HIST 1765 199
HIST 1766 179
HIST 1767 207
HIST 1768 195
HIST 1769 163
HIST 1770 200
HIST 1771 195
HIST 1772 200
HIST 1773 213
HIST 1774 195
HIST 1775 184
HIST 1776 209
HIST 1777 193
HIST 1778 211
HIST 1779 200
HIST 1780 189
HIST 1781 204
HIST 1782 232
HIST 1783 201
HIST 1784 200
HIST 1785 208
HIST 1786 178
HIST 1787 216
HIST 1788 205
HIST 1789 186
HIST 1790 195
HIST 1791 201
HIST 1792 184
HIST 1793 194
HIST 1794 186
HIST 1795 226
HIST 1796 200
HIST 1797 212
HIST 1798 188
HIST 1799 176
HIST 1800 187
HIST 1801 199
HIST 1802 182
HIST 1803 204
HIST 1804 231
HIST 1805 237
HIST 1806 209
HIST 1807 179
HIST 1808 191
HIST 1809 210
HIST 1810 187
HIST 1811 177
HIST 1812 212
HIST 1813 187
HIST 1814 189
HIST 1815 205
HIST 1816 189
HIST 1817 204
HIST 1818 218
HIST 1819 190
HIST 1820 186
HIST 1821 206
HIST 1822 179
HIST 1823 179
HIST 1824 172
HIST 1825 203
HIST 1826 205
HIST 1827 213
HIST 1828 216
HIST 1829 212
HIST 1830 204
HIST 1831 190
HIST 1832 199
HIST 1833 202
HIST 1834 177
HIST 1835 227
HIST 1836 205
HIST 1837 200
HIST 1838 232
HIST 1839 194
HIST 1840 205
HIST 1841 200
HIST 1842 211
HIST 1843 188
HIST 1844 176
HIST 1845 209
HIST 1846 216
HIST 1847 220
HIST 1848 190
HIST 1849 192
HIST 1850 180
HIST 1851 215
HIST 1852 206
HIST 1853 195
HIST 1854 181
HIST 1855 190
HIST 1856 199
HIST 1857 203
HIST 1858 192
HIST 1859 186
HIST 1860 193
HIST 1861 202
HIST 1862 206
HIST 1863 196
HIST 1864 190
HIST 1865 220
HIST 1866 212
HIST 1867 215
HIST 1868 217
HIST 1869 178
HIST 1870 205
HIST 1871 209
HIST 1872 201
HIST 1873 209
HIST 1874 224
HIST 1875 180
HIST 1876 209
HIST 1877 192
HIST 1878 195
HIST 1879 210
HIST 1880 202
HIST 1881 201
HIST 1882 219
HIST 1883 186
HIST 1884 211
HIST 1885 214
HIST 1886 204
HIST 1887 192
HIST 1888 203
HIST 1889 193
HIST 1890 182
HIST 1891 197
HIST 1892 199
HIST 1893 194
HIST 1894 232
HIST 1895 197
HIST 1896 192
HIST 1897 194
HIST 1898 223
HIST 1899 185
HIST 1900 195
HIST 1901 191
HIST 1902 226
HIST 1903 190
HIST 1904 202
HIST 1905 188
HIST 1906 207
HIST 1907 196
HIST 1908 171
HIST 1909 186
HIST 1910 204
HIST 1911 183
HIST 1912 189
HIST 1913 198
HIST 1914 198
HIST 1915 197
HIST 1916 225
HIST 1917 196
HIST 1918 205
HIST 1919 224
HIST 1920 186
HIST 1921 201
HIST 1922 214
HIST 1923 184
HIST 1924 205
HIST 1925 207
HIST 1926 190
HIST 1927 209
HIST 1928 190
HIST 1929 177
HIST 1930 202
HIST 1931 194
HIST 1932 183
HIST 1933 185
HIST 1934 207
HIST 1935 210
HIST 1936 194
HIST 1937 204
HIST 1938 189
HIST 1939 188
HIST 1940 196
HIST 1941 187
HIST 1942 184
HIST 1943 182
HIST 1944 200
HIST 1945 156
HIST 1946 184
HIST 1947 228
HIST 1948 176
HIST 1949 171
HIST 1950 172
HIST 1951 180
HIST 1952 184
HIST 1953 205
HIST 1954 191
HIST 1955 176
HIST 1956 204
HIST 1957 202
HIST 1958 163
HIST 1959 189
HIST 1960 192
HIST 1961 175
HIST 1962 195
HIST 1963 200
HIST 1964 161
HIST 1965 198
HIST 1966 194
HIST 1967 180
HIST 1968 187
HIST 1969 194
HIST 1970 194
HIST 1971 208
HIST 1972 194
HIST 1973 182
HIST 1974 208
HIST 1975 172
HIST 1976 198
HIST 1977 187
HIST 1978 198
HIST 1979 191
HIST 1980 198
HIST 1981 206
HIST 1982 166
HIST 1983 168
HIST 1984 191
HIST 1985 198
HIST 1986 167
HIST 1987 178
HIST 1988 214
HIST 1989 213
HIST 1990 201
HIST 1991 191
HIST 1992 190
HIST 1993 196
HIST 1994 169
HIST 1995 213
HIST 1996 189
HIST 1997 221
HIST 1998 203
HIST 1999 209
HIST 2000 190
HIST 2001 201
HIST 2002 207
HIST 2003 174
HIST 2004 177
HIST 2005 204
HIST 2006 176
HIST 2007 201
HIST 2008 172
HIST 2009 194
HIST 2010 179
HIST 2011 203
HIST 2012 183
HIST 2013 200
HIST 2014 199
HIST 2015 199
HIST 2016 206
HIST 2017 184
HIST 2018 199
HIST 2019 206
HIST 2020 202
HIST 2021 211
HIST 2022 184
HIST 2023 188
HIST 2024 175
HIST 2025 200
HIST 2026 202
HIST 2027 221
HIST 2028 219
HIST 2029 175
HIST 2030 211
HIST 2031 181
HIST 2032 204
HIST 2033 205
HIST 2034 222
HIST 2035 205
HIST 2036 198
HIST 2037 202
HIST 2038 206
HIST 2039 206
HIST 2040 180
HIST 2041 214
HIST 2042 189
HIST 2043 188
HIST 2044 199
HIST 2045 180
HIST 2046 222
HIST 2047 208
HIST 2048 210
HIST 2049 190
HIST 2050 211
HIST 2051 225
HIST 2052 191
HIST 2053 208
HIST 2054 225
HIST 2055 193
HIST 2056 172
HIST 2057 193
HIST 2058 215
HIST 2059 206
HIST 2060 223
HIST 2061 208
HIST 2062 196
HIST 2063 234
HIST 2064 201
HIST 2065 209
HIST 2066 212
HIST 2067 185
HIST 2068 191
HIST 2069 197
HIST 2070 198
HIST 2071 201
HIST 2072 210
HIST 2073 187
HIST 2074 172
HIST 2075 274
HIST 2076 223
HIST 2077 230
HIST 2078 218
HIST 2079 230
HIST 2080 236
HIST 2081 196
HIST 2082 215
HIST 2083 200
HIST 2084 204
HIST 2085 213
HIST 2086 209
HIST 2087 182
HIST 2088 206
HIST 2089 206
HIST 2090 210
HIST 2091 200
HIST 2092 223
HIST 2093 195
HIST 2094 220
HIST 2095 213
HIST 2096 239
HIST 2097 214
HIST 2098 251
HIST 2099 206
HIST 2100 175
HIST 2101 226
HIST 2102 221
HIST 2103 218
HIST 2104 25165
HIST 2105 229
HIST 2106 259
HIST 2107 252
HIST 2108 244
HIST 2109 236
HIST 2110 271
HIST 2111 275
HIST 2112 248
HIST 2113 227
HIST 2114 265
HIST 2115 248
HIST 2116 247
HIST 2117 285
HIST 2118 270
HIST 2119 228
HIST 2120 258
HIST 2121 281
HIST 2122 255
HIST 2123 260
HIST 2124 265
HIST 2125 249
HIST 2126 249
HIST 2127 256
HIST 2128 262
HIST 2129 253
HIST 2130 275
HIST 2131 238
HIST 2132 274
HIST 2133 264
HIST 2134 271
HIST 2135 279
HIST 2136 280
HIST 2137 238
HIST 2138 251
HIST 2139 286
HIST 2140 286
HIST 2141 250
HIST 2142 253
HIST 2143 237
HIST 2144 262
HIST 2145 265
HIST 2146 274
HIST 2147 247
HIST 2148 267
HIST 2149 257
HIST 2150 274
HIST 2151 245
HIST 2152 238
HIST 2153 233
HIST 2154 240
HIST 2155 276
HIST 2156 282
HIST 2157 237
HIST 2158 261
HIST 2159 257
HIST 2160 277
HIST 2161 265
HIST 2162 253
HIST 2163 258
HIST 2164 250
HIST 2165 229
HIST 2166 238
HIST 2167 259
HIST 2168 250
HIST 2169 224
HIST 2170 265
HIST 2171 272
HIST 2172 269
HIST 2173 245
HIST 2174 265
HIST 2175 260
HIST 2176 281
HIST 2177 276
HIST 2178 244
HIST 2179 274
HIST 2180 260
HIST 2181 261
HIST 2182 238
HIST 2183 280
HIST 2184 235
HIST 2185 265
HIST 2186 255
HIST 2187 241
HIST 2188 237
HIST 2189 261
HIST 2190 260
HIST 2191 270
HIST 2192 274
HIST 2193 278
HIST 2194 249
HIST 2195 276
HIST 2196 291
HIST 2197 265
HIST 2198 271
HIST 2199 258
HIST 2200 267
HIST 2201 290
HIST 2202 279
HIST 2203 244
HIST 2204 289
HIST 2205 259
HIST 2206 279
HIST 2207 277
HIST 2208 264
HIST 2209 262
HIST 2210 272
HIST 2211 271
HIST 2212 243
HIST 2213 321
HIST 2214 245
HIST 2215 294
HIST 2216 277
HIST 2217 261
HIST 2218 285
HIST 2219 266
HIST 2220 302
HIST 2221 290
HIST 2222 289
HIST 2223 283
HIST 2224 273
HIST 2225 280
HIST 2226 270
HIST 2227 266
HIST 2228 289
HIST 2229 294
HIST 2230 309
HIST 2231 265
HIST 2232 305
HIST 2233 286
HIST 2234 268
HIST 2235 269
HIST 2236 268
HIST 2237 277
HIST 2238 277
HIST 2239 257
HIST 2240 269
HIST 2241 281
HIST 2242 288
HIST 2243 282
HIST 2244 292
HIST 2245 286
HIST 2246 294
HIST 2247 269
HIST 2248 309
HIST 2249 277
HIST 2250 293
HIST 2251 274
HIST 2252 280
HIST 2253 284
HIST 2254 291
HIST 2255 295
HIST 2256 308
HIST 2257 281
HIST 2258 289
HIST 2259 263
HIST 2260 309
HIST 2261 300
HIST 2262 284
HIST 2263 287
HIST 2264 274
HIST 2265 281
HIST 2266 276
HIST 2267 278
HIST 2268 275
HIST 2269 288
HIST 2270 262
HIST 2271 301
HIST 2272 295
HIST 2273 259
HIST 2274 292
HIST 2275 306
HIST 2276 312
HIST 2277 321
HIST 2278 290
HIST 2279 342
HIST 2280 285
HIST 2281 312
HIST 2282 273
HIST 2283 329
HIST 2284 286
HIST 2285 282
HIST 2286 294
HIST 2287 307
HIST 2288 318
HIST 2289 298
HIST 2290 324
HIST 2291 319
HIST 2292 300
HIST 2293 293
HIST 2294 319
HIST 2295 304
HIST 2296 285
HIST 2297 318
HIST 2298 302
HIST 2299 308
HIST 2300 276
HIST 2301 320
HIST 2302 287
HIST 2303 314
HIST 2304 313
HIST 2305 296
HIST 2306 313
HIST 2307 335
HIST 2308 281
HIST 2309 303
HIST 2310 312
HIST 2311 294
HIST 2312 300
HIST 2313 310
HIST 2314 329
HIST 2315 280
HIST 2316 266
HIST 2317 312
HIST 2318 305
HIST 2319 302
HIST 2320 296
HIST 2321 302
HIST 2322 350
HIST 2323 337
HIST 2324 291
HIST 2325 317
HIST 2326 321
HIST 2327 328
HIST 2328 338
HIST 2329 328
HIST 2330 274
HIST 2331 286
HIST 2332 344
HIST 2333 337
HIST 2334 307
HIST 2335 292
HIST 2336 332
HIST 2337 322
HIST 2338 336
HIST 2339 318
HIST 2340 296
HIST 2341 316
HIST 2342 315
HIST 2343 295
HIST 2344 307
HIST 2345 339
HIST 2346 355
HIST 2347 330
HIST 2348 341
HIST 2349 318
HIST 2350 311
HIST 2351 337
HIST 2352 351
HIST 2353 321
HIST 2354 308
HIST 2355 340
HIST 2356 304
HIST 2357 314
HIST 2358 316
HIST 2359 296
HIST 2360 355
HIST 2361 319
HIST 2362 345
HIST 2363 312
HIST 2364 320
HIST 2365 302
HIST 2366 329
HIST 2367 314
HIST 2368 306
HIST 2369 290
HIST 2370 321
HIST 2371 325
HIST 2372 302
HIST 2373 315
HIST 2374 279
HIST 2375 296
HIST 2376 318
HIST 2377 301
HIST 2378 301
HIST 2379 308
HIST 2380 292
HIST 2381 277
HIST 2382 277
HIST 2383 240
HIST 2384 188
HIST 2385 205
HIST 2386 205
HIST 2387 197
HIST 2388 194
HIST 2389 182
HIST 2390 180
HIST 2391 171
HIST 2392 188
HIST 2393 174
HIST 2394 161
HIST 2395 164
HIST 2396 172
HIST 2397 153
HIST 2398 159
HIST 2399 164
HIST 2400 175
HIST 2401 150
HIST 2402 168
HIST 2403 143
HIST 2404 153
HIST 2405 118
HIST 2406 152
HIST 2407 147
HIST 2408 133
HIST 2409 142
HIST 2410 147
HIST 2411 126
HIST 2412 130
HIST 2413 107
HIST 2414 131
HIST 2415 122
HIST 2416 136
HIST 2417 110
HIST 2418 103
HIST 2419 107
HIST 2420 115
HIST 2421 109
HIST 2422 104
HIST 2423 106
HIST 2424 101
HIST 2425 118
HIST 2426 112
HIST 2427 99
HIST 2428 100
HIST 2429 103
HIST 2430 107
HIST 2431 96
HIST 2432 105
HIST 2433 103
HIST 2434 94
HIST 2435 93
HIST 2436 87
HIST 2437 65
HIST 2438 79
HIST 2439 91
HIST 2440 104
HIST 2441 93
HIST 2442 93
HIST 2443 73
HIST 2444 76
HIST 2445 91
HIST 2446 72
HIST 2447 69
HIST 2448 72
HIST 2449 72
HIST 2450 72
HIST 2451 70
HIST 2452 57
HIST 2453 51
HIST 2454 58
HIST 2455 68
HIST 2456 55
HIST 2457 54
HIST 2458 64
HIST 2459 49
HIST 2460 59
HIST 2461 43
HIST 2462 73
HIST 2463 63
HIST 2464 56
HIST 2465 51
HIST 2466 54
HIST 2467 43
HIST 2468 45
HIST 2469 39
HIST 2470 54
HIST 2471 38
HIST 2472 54
HIST 2473 46
HIST 2474 46
HIST 2475 55
HIST 2476 47
HIST 2477 39
HIST 2478 37
HIST 2479 44
HIST 2480 33
HIST 2481 26
HIST 2482 37
HIST 2483 41
HIST 2484 44
HIST 2485 36
HIST 2486 37
HIST 2487 32
HIST 2488 27
HIST 2489 27
HIST 2490 30
HIST 2491 23
HIST 2492 35
HIST 2493 29
HIST 2494 22
HIST 2495 37
HIST 2496 43
HIST 2497 41
HIST 2498 39
HIST 2499 30
HIST 2500 32
HIST 2501 26
HIST 2502 22
HIST 2503 30
HIST 2504 33
HIST 2505 26
HIST 2506 24
HIST 2507 24
HIST 2508 19
HIST 2509 22
HIST 2510 23
HIST 2511 16
HIST 2512 25
HIST 2513 22
HIST 2514 21
HIST 2515 25
HIST 2516 22
HIST 2517 20
HIST 2518 19
HIST 2519 19
HIST 2520 19
HIST 2521 13
HIST 2522 16
HIST 2523 21
HIST 2524 23
HIST 2525 22
HIST 2526 29
HIST 2527 25
HIST 2528 14
HIST 2529 24
HIST 2530 15
HIST 2531 13
HIST 2532 12
HIST 2533 17
HIST 2534 18
HIST 2535 15
HIST 2536 14
HIST 2537 18
HIST 2538 11
HIST 2539 15
HIST 2540 8
HIST 2541 15
HIST 2542 13
HIST 2543 21
HIST 2544 14
HIST 2545 18
HIST 2546 14
HIST 2547 12
HIST 2548 8
HIST 2549 12
HIST 2550 11
HIST 2551 12
HIST 2552 9
HIST 2553 8
HIST 2554 8
HIST 2555 5
HIST 2556 11
HIST 2557 14
HIST 2558 12
HIST 2559 7
HIST 2560 17
HIST 2561 9
HIST 2562 8
HIST 2563 13
HIST 2564 9
HIST 2565 6
HIST 2566 8
HIST 2567 6
HIST 2568 9
HIST 2569 7
HIST 2570 10
HIST 2571 9
HIST 2572 4
HIST 2573 6
HIST 2574 6
HIST 2575 11
HIST 2576 7
HIST 2577 9
HIST 2578 12
HIST 2579 5
HIST 2580 4
HIST 2581 27
HIST 2582 69
HIST 2583 8
HIST 2584 6
HIST 2585 6
HIST 2586 268
HIST 2587 2
HIST 2588 3
HIST 2589 6
HIST 2590 5
HIST 2591 6
HIST 2592 3
HIST 2593 9
HIST 2594 7
HIST 2595 4
HIST 2596 5
HIST 2597 4
HIST 2598 10
HIST 2599 11
HIST 2600 4
HIST 2601 6
HIST 2602 4
HIST 2603 3
HIST 2604 7
HIST 2605 6
HIST 2606 6
HIST 2607 3
HIST 2608 4
HIST 2609 4
HIST 2610 2
HIST 2611 10
HIST 2612 12
HIST 2613 6
HIST 2614 2
HIST 2615 124353
HISTEND
ESCPOP decays=8000000 own_exit=17963 carry_exit=0 own_return=0 same=0 other=0 noface=0 lineage_gamma_out=0 lineage_lepton_out=0 killed_gamma=0 killed_lepton=0 facemiss=0 lineage_inside=0 out_lepton=9731575 out_brem_gamma=497654 killed_out_brem=497654
