SETUP correlatedGamma=0 twoJmax=10 vacuum=1 seed=0 killesc=0 killcarry=0 fullcarry=0 histbin=1.000 histbins=2616 iontag=0 escpop=1 killescown=1 killesccarry=0 killret=0 killretsame=0 killretother=0 killescbrem=0 killescdelta=0
CUTS (production thresholds per material couple):
 Material : G4_Galactic
 Range cuts        :  gamma  1 mm     e-  1 mm     e+  1 mm  proton 1 mm 
 Energy thresholds :  gamma  990 eV     e-  990 eV     e+  990 eV  proton 100 keV
 Material : scene_mat_4
 Range cuts        :  gamma  1 mm     e-  1 mm     e+  1 mm  proton 1 mm 
 Energy thresholds :  gamma  38.9651 keV    e-  738.26 keV    e+  703.709 keV proton 100 keV
 Material : scene_mat_3
 Range cuts        :  gamma  1 mm     e-  1 mm     e+  1 mm  proton 1 mm 
 Energy thresholds :  gamma  6.91691 keV    e-  597.603 keV    e+  574.29 keV proton 100 keV
 Material : scene_mat_2
 Range cuts        :  gamma  1 mm     e-  1 mm     e+  1 mm  proton 1 mm 
 Energy thresholds :  gamma  990 eV     e-  990 eV     e+  990 eV  proton 100 keV
 Material : scene_mat_1
 Range cuts        :  gamma  1 mm     e-  1 mm     e+  1 mm  proton 1 mm 
 Energy thresholds :  gamma  3.38683 keV    e-  268.033 keV    e+  261.068 keV proton 100 keV
 Material : scene_mat_0
 Range cuts        :  gamma  1 mm     e-  1 mm     e+  1 mm  proton 1 mm 
 Energy thresholds :  gamma  29.856 keV    e-  620.515 keV    e+  592.153 keV proton 100 keV
RESULT decays=8000000
RESULT any=702694 eps_total=8.783675e-02
RESULT window=2614.511 counts=124247 eps=1.553087e-02
HISTBEGIN bins=2616 bin_kev=1.000000 decays=8000000
HIST 0 69
HIST 1 239
HIST 2 223
HIST 3 225
HIST 4 218
HIST 5 295
HIST 6 272
HIST 7 261
HIST 8 271
HIST 9 301
HIST 10 256
HIST 11 262
HIST 12 255
HIST 13 258
HIST 14 288
HIST 15 268
HIST 16 289
HIST 17 287
HIST 18 290
HIST 19 262
HIST 20 315
HIST 21 313
HIST 22 326
HIST 23 316
HIST 24 283
HIST 25 290
HIST 26 304
HIST 27 301
HIST 28 296
HIST 29 295
HIST 30 338
HIST 31 323
HIST 32 526
HIST 33 485
HIST 34 349
HIST 35 321
HIST 36 384
HIST 37 348
HIST 38 338
HIST 39 281
HIST 40 322
HIST 41 325
HIST 42 301
HIST 43 274
HIST 44 309
HIST 45 295
HIST 46 284
HIST 47 316
HIST 48 267
HIST 49 290
HIST 50 294
HIST 51 297
HIST 52 313
HIST 53 291
HIST 54 273
HIST 55 316
HIST 56 287
HIST 57 296
HIST 58 310
HIST 59 308
HIST 60 305
HIST 61 273
HIST 62 315
HIST 63 279
HIST 64 310
HIST 65 326
HIST 66 308
HIST 67 307
HIST 68 325
HIST 69 336
HIST 70 310
HIST 71 295
HIST 72 321
HIST 73 316
HIST 74 299
HIST 75 368
HIST 76 298
HIST 77 361
HIST 78 322
HIST 79 312
HIST 80 296
HIST 81 284
HIST 82 313
HIST 83 312
HIST 84 321
HIST 85 310
HIST 86 317
HIST 87 315
HIST 88 342
HIST 89 296
HIST 90 885
HIST 91 324
HIST 92 312
HIST 93 293
HIST 94 1318
HIST 95 315
HIST 96 316
HIST 97 320
HIST 98 306
HIST 99 291
HIST 100 300
HIST 101 308
HIST 102 296
HIST 103 293
HIST 104 294
HIST 105 474
HIST 106 587
HIST 107 307
HIST 108 300
HIST 109 445
HIST 110 309
HIST 111 289
HIST 112 278
HIST 113 323
HIST 114 292
HIST 115 306
HIST 116 289
HIST 117 294
HIST 118 295
HIST 119 280
HIST 120 300
HIST 121 299
HIST 122 286
HIST 123 297
HIST 124 285
HIST 125 294
HIST 126 344
HIST 127 316
HIST 128 340
HIST 129 333
HIST 130 293
HIST 131 290
HIST 132 340
HIST 133 329
HIST 134 303
HIST 135 292
HIST 136 315
HIST 137 295
HIST 138 302
HIST 139 344
HIST 140 364
HIST 141 333
HIST 142 341
HIST 143 322
HIST 144 334
HIST 145 349
HIST 146 346
HIST 147 318
HIST 148 286
HIST 149 340
HIST 150 285
HIST 151 322
HIST 152 326
HIST 153 354
HIST 154 345
HIST 155 340
HIST 156 341
HIST 157 311
HIST 158 307
HIST 159 312
HIST 160 330
HIST 161 336
HIST 162 367
HIST 163 322
HIST 164 351
HIST 165 316
HIST 166 331
HIST 167 325
HIST 168 328
HIST 169 327
HIST 170 319
HIST 171 337
HIST 172 318
HIST 173 319
HIST 174 305
HIST 175 319
HIST 176 364
HIST 177 326
HIST 178 338
HIST 179 350
HIST 180 345
HIST 181 300
HIST 182 343
HIST 183 273
HIST 184 342
HIST 185 344
HIST 186 345
HIST 187 344
HIST 188 364
HIST 189 330
HIST 190 307
HIST 191 315
HIST 192 322
HIST 193 307
HIST 194 353
HIST 195 317
HIST 196 362
HIST 197 343
HIST 198 359
HIST 199 339
HIST 200 327
HIST 201 324
HIST 202 328
HIST 203 330
HIST 204 323
HIST 205 345
HIST 206 329
HIST 207 378
HIST 208 332
HIST 209 409
HIST 210 358
HIST 211 349
HIST 212 357
HIST 213 359
HIST 214 349
HIST 215 316
HIST 216 351
HIST 217 322
HIST 218 293
HIST 219 339
HIST 220 319
HIST 221 309
HIST 222 316
HIST 223 335
HIST 224 308
HIST 225 342
HIST 226 308
HIST 227 334
HIST 228 340
HIST 229 337
HIST 230 352
HIST 231 341
HIST 232 348
HIST 233 387
HIST 234 412
HIST 235 385
HIST 236 405
HIST 237 375
HIST 238 369
HIST 239 1058
HIST 240 366
HIST 241 442
HIST 242 395
HIST 243 388
HIST 244 410
HIST 245 386
HIST 246 399
HIST 247 382
HIST 248 395
HIST 249 400
HIST 250 361
HIST 251 385
HIST 252 390
HIST 253 366
HIST 254 390
HIST 255 416
HIST 256 355
HIST 257 395
HIST 258 376
HIST 259 372
HIST 260 377
HIST 261 358
HIST 262 398
HIST 263 402
HIST 264 401
HIST 265 413
HIST 266 401
HIST 267 362
HIST 268 411
HIST 269 382
HIST 270 442
HIST 271 386
HIST 272 430
HIST 273 406
HIST 274 390
HIST 275 386
HIST 276 373
HIST 277 430
HIST 278 380
HIST 279 398
HIST 280 407
HIST 281 383
HIST 282 407
HIST 283 396
HIST 284 423
HIST 285 382
HIST 286 388
HIST 287 376
HIST 288 372
HIST 289 365
HIST 290 363
HIST 291 362
HIST 292 407
HIST 293 412
HIST 294 413
HIST 295 420
HIST 296 373
HIST 297 393
HIST 298 382
HIST 299 408
HIST 300 404
HIST 301 369
HIST 302 365
HIST 303 433
HIST 304 371
HIST 305 380
HIST 306 389
HIST 307 406
HIST 308 354
HIST 309 353
HIST 310 396
HIST 311 364
HIST 312 376
HIST 313 399
HIST 314 370
HIST 315 382
HIST 316 365
HIST 317 360
HIST 318 369
HIST 319 339
HIST 320 359
HIST 321 389
HIST 322 337
HIST 323 349
HIST 324 373
HIST 325 344
HIST 326 344
HIST 327 345
HIST 328 405
HIST 329 379
HIST 330 396
HIST 331 353
HIST 332 392
HIST 333 347
HIST 334 389
HIST 335 379
HIST 336 354
HIST 337 335
HIST 338 517
HIST 339 342
HIST 340 359
HIST 341 350
HIST 342 338
HIST 343 329
HIST 344 309
HIST 345 336
HIST 346 341
HIST 347 341
HIST 348 324
HIST 349 322
HIST 350 325
HIST 351 339
HIST 352 324
HIST 353 330
HIST 354 324
HIST 355 350
HIST 356 345
HIST 357 335
HIST 358 324
HIST 359 310
HIST 360 314
HIST 361 306
HIST 362 298
HIST 363 340
HIST 364 298
HIST 365 314
HIST 366 311
HIST 367 317
HIST 368 314
HIST 369 306
HIST 370 286
HIST 371 309
HIST 372 337
HIST 373 296
HIST 374 316
HIST 375 290
HIST 376 282
HIST 377 296
HIST 378 328
HIST 379 321
HIST 380 317
HIST 381 308
HIST 382 308
HIST 383 294
HIST 384 296
HIST 385 279
HIST 386 326
HIST 387 302
HIST 388 311
HIST 389 286
HIST 390 282
HIST 391 277
HIST 392 301
HIST 393 274
HIST 394 315
HIST 395 311
HIST 396 299
HIST 397 261
HIST 398 297
HIST 399 280
HIST 400 283
HIST 401 275
HIST 402 292
HIST 403 328
HIST 404 283
HIST 405 301
HIST 406 317
HIST 407 265
HIST 408 296
HIST 409 268
HIST 410 279
HIST 411 272
HIST 412 296
HIST 413 261
HIST 414 276
HIST 415 279
HIST 416 258
HIST 417 302
HIST 418 288
HIST 419 276
HIST 420 283
HIST 421 252
HIST 422 259
HIST 423 289
HIST 424 265
HIST 425 322
HIST 426 272
HIST 427 294
HIST 428 247
HIST 429 282
HIST 430 268
HIST 431 235
HIST 432 248
HIST 433 260
HIST 434 268
HIST 435 249
HIST 436 225
HIST 437 287
HIST 438 239
HIST 439 266
HIST 440 252
HIST 441 254
HIST 442 262
HIST 443 262
HIST 444 236
HIST 445 274
HIST 446 303
HIST 447 235
HIST 448 277
HIST 449 255
HIST 450 246
HIST 451 265
HIST 452 248
HIST 453 227
HIST 454 279
HIST 455 241
HIST 456 238
HIST 457 256
HIST 458 240
HIST 459 239
HIST 460 242
HIST 461 236
HIST 462 254
HIST 463 287
HIST 464 246
HIST 465 222
HIST 466 212
HIST 467 259
HIST 468 238
HIST 469 217
HIST 470 223
HIST 471 264
HIST 472 223
HIST 473 288
HIST 474 224
HIST 475 229
HIST 476 224
HIST 477 223
HIST 478 258
HIST 479 240
HIST 480 236
HIST 481 234
HIST 482 225
HIST 483 244
HIST 484 247
HIST 485 250
HIST 486 237
HIST 487 246
HIST 488 238
HIST 489 235
HIST 490 243
HIST 491 244
HIST 492 230
HIST 493 237
HIST 494 229
HIST 495 205
HIST 496 220
HIST 497 240
HIST 498 234
HIST 499 252
HIST 500 237
HIST 501 212
HIST 502 203
HIST 503 209
HIST 504 216
HIST 505 229
HIST 506 220
HIST 507 199
HIST 508 218
HIST 509 222
HIST 510 209
HIST 511 12159
HIST 512 213
HIST 513 240
HIST 514 198
HIST 515 213
HIST 516 202
HIST 517 200
HIST 518 213
HIST 519 207
HIST 520 212
HIST 521 201
HIST 522 219
HIST 523 194
HIST 524 171
HIST 525 206
HIST 526 213
HIST 527 217
HIST 528 234
HIST 529 187
HIST 530 222
HIST 531 224
HIST 532 209
HIST 533 187
HIST 534 202
HIST 535 202
HIST 536 209
HIST 537 174
HIST 538 213
HIST 539 223
HIST 540 207
HIST 541 219
HIST 542 228
HIST 543 201
HIST 544 196
HIST 545 237
HIST 546 195
HIST 547 200
HIST 548 222
HIST 549 184
HIST 550 214
HIST 551 219
HIST 552 212
HIST 553 193
HIST 554 188
HIST 555 189
HIST 556 188
HIST 557 203
HIST 558 199
HIST 559 211
HIST 560 214
HIST 561 189
HIST 562 203
HIST 563 193
HIST 564 177
HIST 565 178
HIST 566 201
HIST 567 190
HIST 568 209
HIST 569 192
HIST 570 188
HIST 571 213
HIST 572 190
HIST 573 195
HIST 574 198
HIST 575 184
HIST 576 214
HIST 577 224
HIST 578 181
HIST 579 203
HIST 580 192
HIST 581 194
HIST 582 201
HIST 583 453
HIST 584 186
HIST 585 202
HIST 586 193
HIST 587 188
HIST 588 186
HIST 589 178
HIST 590 193
HIST 591 197
HIST 592 201
HIST 593 186
HIST 594 194
HIST 595 187
HIST 596 196
HIST 597 184
HIST 598 205
HIST 599 194
HIST 600 205
HIST 601 199
HIST 602 192
HIST 603 193
HIST 604 176
HIST 605 206
HIST 606 211
HIST 607 190
HIST 608 161
HIST 609 154
HIST 610 192
HIST 611 185
HIST 612 190
HIST 613 178
HIST 614 187
HIST 615 163
HIST 616 179
HIST 617 186
HIST 618 155
HIST 619 170
HIST 620 195
HIST 621 220
HIST 622 190
HIST 623 181
HIST 624 189
HIST 625 218
HIST 626 170
HIST 627 193
HIST 628 175
HIST 629 207
HIST 630 179
HIST 631 168
HIST 632 182
HIST 633 159
HIST 634 167
HIST 635 171
HIST 636 213
HIST 637 155
HIST 638 171
HIST 639 164
HIST 640 179
HIST 641 185
HIST 642 183
HIST 643 171
HIST 644 164
HIST 645 175
HIST 646 173
HIST 647 177
HIST 648 153
HIST 649 184
HIST 650 173
HIST 651 192
HIST 652 194
HIST 653 175
HIST 654 177
HIST 655 182
HIST 656 182
HIST 657 189
HIST 658 201
HIST 659 186
HIST 660 182
HIST 661 153
HIST 662 169
HIST 663 182
HIST 664 185
HIST 665 163
HIST 666 178
HIST 667 192
HIST 668 156
HIST 669 190
HIST 670 193
HIST 671 158
HIST 672 168
HIST 673 176
HIST 674 168
HIST 675 195
HIST 676 188
HIST 677 198
HIST 678 205
HIST 679 167
HIST 680 178
HIST 681 188
HIST 682 170
HIST 683 155
HIST 684 152
HIST 685 176
HIST 686 178
HIST 687 163
HIST 688 166
HIST 689 174
HIST 690 153
HIST 691 157
HIST 692 168
HIST 693 195
HIST 694 168
HIST 695 172
HIST 696 159
HIST 697 161
HIST 698 160
HIST 699 173
HIST 700 168
HIST 701 158
HIST 702 155
HIST 703 176
HIST 704 166
HIST 705 162
HIST 706 154
HIST 707 168
HIST 708 152
HIST 709 151
HIST 710 193
HIST 711 179
HIST 712 169
HIST 713 181
HIST 714 175
HIST 715 171
HIST 716 187
HIST 717 189
HIST 718 149
HIST 719 159
HIST 720 177
HIST 721 205
HIST 722 158
HIST 723 162
HIST 724 206
HIST 725 172
HIST 726 172
HIST 727 209
HIST 728 143
HIST 729 161
HIST 730 170
HIST 731 162
HIST 732 156
HIST 733 167
HIST 734 180
HIST 735 188
HIST 736 190
HIST 737 154
HIST 738 179
HIST 739 163
HIST 740 151
HIST 741 186
HIST 742 164
HIST 743 145
HIST 744 167
HIST 745 145
HIST 746 163
HIST 747 177
HIST 748 178
HIST 749 157
HIST 750 230
HIST 751 168
HIST 752 161
HIST 753 164
HIST 754 163
HIST 755 165
HIST 756 172
HIST 757 154
HIST 758 147
HIST 759 182
HIST 760 176
HIST 761 158
HIST 762 152
HIST 763 180
HIST 764 155
HIST 765 179
HIST 766 166
HIST 767 167
HIST 768 160
HIST 769 162
HIST 770 167
HIST 771 170
HIST 772 176
HIST 773 135
HIST 774 162
HIST 775 136
HIST 776 145
HIST 777 166
HIST 778 176
HIST 779 164
HIST 780 177
HIST 781 185
HIST 782 169
HIST 783 160
HIST 784 167
HIST 785 163
HIST 786 160
HIST 787 169
HIST 788 172
HIST 789 159
HIST 790 150
HIST 791 150
HIST 792 147
HIST 793 134
HIST 794 133
HIST 795 197
HIST 796 145
HIST 797 151
HIST 798 149
HIST 799 170
HIST 800 149
HIST 801 144
HIST 802 150
HIST 803 148
HIST 804 165
HIST 805 146
HIST 806 154
HIST 807 173
HIST 808 176
HIST 809 178
HIST 810 170
HIST 811 162
HIST 812 169
HIST 813 178
HIST 814 161
HIST 815 150
HIST 816 158
HIST 817 152
HIST 818 179
HIST 819 162
HIST 820 156
HIST 821 171
HIST 822 180
HIST 823 154
HIST 824 171
HIST 825 152
HIST 826 146
HIST 827 164
HIST 828 138
HIST 829 158
HIST 830 166
HIST 831 162
HIST 832 164
HIST 833 156
HIST 834 156
HIST 835 139
HIST 836 201
HIST 837 181
HIST 838 158
HIST 839 178
HIST 840 151
HIST 841 140
HIST 842 158
HIST 843 140
HIST 844 156
HIST 845 135
HIST 846 134
HIST 847 138
HIST 848 174
HIST 849 166
HIST 850 152
HIST 851 148
HIST 852 155
HIST 853 153
HIST 854 138
HIST 855 141
HIST 856 147
HIST 857 152
HIST 858 173
HIST 859 131
HIST 860 165
HIST 861 158
HIST 862 171
HIST 863 129
HIST 864 146
HIST 865 150
HIST 866 152
HIST 867 151
HIST 868 153
HIST 869 161
HIST 870 153
HIST 871 152
HIST 872 152
HIST 873 164
HIST 874 178
HIST 875 149
HIST 876 146
HIST 877 138
HIST 878 177
HIST 879 160
HIST 880 154
HIST 881 154
HIST 882 163
HIST 883 150
HIST 884 134
HIST 885 145
HIST 886 179
HIST 887 147
HIST 888 150
HIST 889 151
HIST 890 161
HIST 891 157
HIST 892 129
HIST 893 130
HIST 894 157
HIST 895 143
HIST 896 138
HIST 897 140
HIST 898 156
HIST 899 154
HIST 900 147
HIST 901 146
HIST 902 149
HIST 903 154
HIST 904 161
HIST 905 162
HIST 906 173
HIST 907 159
HIST 908 142
HIST 909 161
HIST 910 156
HIST 911 340
HIST 912 140
HIST 913 140
HIST 914 170
HIST 915 162
HIST 916 149
HIST 917 138
HIST 918 145
HIST 919 149
HIST 920 138
HIST 921 171
HIST 922 186
HIST 923 164
HIST 924 144
HIST 925 144
HIST 926 156
HIST 927 150
HIST 928 145
HIST 929 157
HIST 930 140
HIST 931 145
HIST 932 144
HIST 933 147
HIST 934 148
HIST 935 148
HIST 936 166
HIST 937 128
HIST 938 149
HIST 939 141
HIST 940 142
HIST 941 158
HIST 942 145
HIST 943 152
HIST 944 148
HIST 945 154
HIST 946 133
HIST 947 141
HIST 948 167
HIST 949 154
HIST 950 175
HIST 951 149
HIST 952 149
HIST 953 163
HIST 954 154
HIST 955 170
HIST 956 153
HIST 957 118
HIST 958 166
HIST 959 180
HIST 960 147
HIST 961 118
HIST 962 141
HIST 963 125
HIST 964 151
HIST 965 177
HIST 966 172
HIST 967 144
HIST 968 153
HIST 969 260
HIST 970 140
HIST 971 157
HIST 972 154
HIST 973 154
HIST 974 146
HIST 975 159
HIST 976 158
HIST 977 165
HIST 978 161
HIST 979 152
HIST 980 155
HIST 981 151
HIST 982 125
HIST 983 148
HIST 984 162
HIST 985 131
HIST 986 148
HIST 987 156
HIST 988 142
HIST 989 155
HIST 990 145
HIST 991 158
HIST 992 139
HIST 993 161
HIST 994 153
HIST 995 139
HIST 996 143
HIST 997 130
HIST 998 146
HIST 999 141
HIST 1000 139
HIST 1001 143
HIST 1002 139
HIST 1003 136
HIST 1004 133
HIST 1005 136
HIST 1006 161
HIST 1007 158
HIST 1008 147
HIST 1009 147
HIST 1010 139
HIST 1011 135
HIST 1012 165
HIST 1013 136
HIST 1014 170
HIST 1015 140
HIST 1016 140
HIST 1017 170
HIST 1018 147
HIST 1019 148
HIST 1020 142
HIST 1021 139
HIST 1022 176
HIST 1023 165
HIST 1024 143
HIST 1025 164
HIST 1026 141
HIST 1027 152
HIST 1028 140
HIST 1029 130
HIST 1030 163
HIST 1031 127
HIST 1032 137
HIST 1033 149
HIST 1034 137
HIST 1035 159
HIST 1036 134
HIST 1037 137
HIST 1038 143
HIST 1039 136
HIST 1040 149
HIST 1041 132
HIST 1042 155
HIST 1043 137
HIST 1044 134
HIST 1045 151
HIST 1046 144
HIST 1047 149
HIST 1048 129
HIST 1049 134
HIST 1050 135
HIST 1051 135
HIST 1052 120
HIST 1053 162
HIST 1054 154
HIST 1055 160
HIST 1056 137
HIST 1057 149
HIST 1058 152
HIST 1059 138
HIST 1060 126
HIST 1061 137
HIST 1062 139
HIST 1063 149
HIST 1064 156
HIST 1065 131
HIST 1066 134
HIST 1067 137
HIST 1068 144
HIST 1069 162
HIST 1070 162
HIST 1071 128
HIST 1072 152
HIST 1073 149
HIST 1074 154
HIST 1075 130
HIST 1076 135
HIST 1077 142
HIST 1078 151
HIST 1079 175
HIST 1080 121
HIST 1081 155
HIST 1082 148
HIST 1083 127
HIST 1084 143
HIST 1085 163
HIST 1086 135
HIST 1087 148
HIST 1088 132
HIST 1089 143
HIST 1090 147
HIST 1091 165
HIST 1092 159
HIST 1093 142
HIST 1094 167
HIST 1095 140
HIST 1096 165
HIST 1097 139
HIST 1098 143
HIST 1099 118
HIST 1100 152
HIST 1101 123
HIST 1102 137
HIST 1103 137
HIST 1104 145
HIST 1105 147
HIST 1106 169
HIST 1107 139
HIST 1108 121
HIST 1109 146
HIST 1110 140
HIST 1111 153
HIST 1112 157
HIST 1113 134
HIST 1114 146
HIST 1115 137
HIST 1116 139
HIST 1117 158
HIST 1118 164
HIST 1119 123
HIST 1120 134
HIST 1121 131
HIST 1122 140
HIST 1123 132
HIST 1124 164
HIST 1125 134
HIST 1126 140
HIST 1127 128
HIST 1128 137
HIST 1129 165
HIST 1130 139
HIST 1131 152
HIST 1132 130
HIST 1133 121
HIST 1134 126
HIST 1135 131
HIST 1136 146
HIST 1137 143
HIST 1138 142
HIST 1139 149
HIST 1140 142
HIST 1141 132
HIST 1142 144
HIST 1143 143
HIST 1144 159
HIST 1145 139
HIST 1146 128
HIST 1147 144
HIST 1148 133
HIST 1149 147
HIST 1150 157
HIST 1151 144
HIST 1152 158
HIST 1153 147
HIST 1154 143
HIST 1155 144
HIST 1156 148
HIST 1157 131
HIST 1158 174
HIST 1159 157
HIST 1160 146
HIST 1161 131
HIST 1162 147
HIST 1163 142
HIST 1164 145
HIST 1165 162
HIST 1166 134
HIST 1167 149
HIST 1168 117
HIST 1169 146
HIST 1170 157
HIST 1171 143
HIST 1172 159
HIST 1173 139
HIST 1174 142
HIST 1175 124
HIST 1176 144
HIST 1177 144
HIST 1178 136
HIST 1179 177
HIST 1180 140
HIST 1181 161
HIST 1182 132
HIST 1183 164
HIST 1184 133
HIST 1185 137
HIST 1186 164
HIST 1187 141
HIST 1188 136
HIST 1189 150
HIST 1190 144
HIST 1191 149
HIST 1192 153
HIST 1193 120
HIST 1194 149
HIST 1195 156
HIST 1196 135
HIST 1197 146
HIST 1198 134
HIST 1199 121
HIST 1200 173
HIST 1201 147
HIST 1202 143
HIST 1203 164
HIST 1204 131
HIST 1205 160
HIST 1206 149
HIST 1207 162
HIST 1208 130
HIST 1209 157
HIST 1210 151
HIST 1211 139
HIST 1212 138
HIST 1213 158
HIST 1214 140
HIST 1215 131
HIST 1216 145
HIST 1217 143
HIST 1218 157
HIST 1219 136
HIST 1220 137
HIST 1221 133
HIST 1222 173
HIST 1223 139
HIST 1224 160
HIST 1225 151
HIST 1226 148
HIST 1227 147
HIST 1228 152
HIST 1229 150
HIST 1230 114
HIST 1231 133
HIST 1232 132
HIST 1233 124
HIST 1234 142
HIST 1235 147
HIST 1236 147
HIST 1237 136
HIST 1238 148
HIST 1239 148
HIST 1240 129
HIST 1241 137
HIST 1242 149
HIST 1243 148
HIST 1244 158
HIST 1245 140
HIST 1246 142
HIST 1247 157
HIST 1248 124
HIST 1249 152
HIST 1250 138
HIST 1251 123
HIST 1252 125
HIST 1253 141
HIST 1254 149
HIST 1255 148
HIST 1256 143
HIST 1257 162
HIST 1258 144
HIST 1259 157
HIST 1260 165
HIST 1261 171
HIST 1262 129
HIST 1263 125
HIST 1264 144
HIST 1265 127
HIST 1266 144
HIST 1267 152
HIST 1268 123
HIST 1269 147
HIST 1270 127
HIST 1271 141
HIST 1272 142
HIST 1273 148
HIST 1274 170
HIST 1275 136
HIST 1276 147
HIST 1277 131
HIST 1278 139
HIST 1279 131
HIST 1280 146
HIST 1281 117
HIST 1282 145
HIST 1283 159
HIST 1284 129
HIST 1285 131
HIST 1286 130
HIST 1287 146
HIST 1288 137
HIST 1289 149
HIST 1290 146
HIST 1291 135
HIST 1292 153
HIST 1293 141
HIST 1294 144
HIST 1295 159
HIST 1296 141
HIST 1297 130
HIST 1298 139
HIST 1299 169
HIST 1300 137
HIST 1301 153
HIST 1302 135
HIST 1303 143
HIST 1304 143
HIST 1305 161
HIST 1306 151
HIST 1307 152
HIST 1308 157
HIST 1309 146
HIST 1310 148
HIST 1311 140
HIST 1312 138
HIST 1313 132
HIST 1314 145
HIST 1315 143
HIST 1316 137
HIST 1317 142
HIST 1318 146
HIST 1319 145
HIST 1320 149
HIST 1321 156
HIST 1322 122
HIST 1323 138
HIST 1324 157
HIST 1325 123
HIST 1326 142
HIST 1327 145
HIST 1328 143
HIST 1329 112
HIST 1330 145
HIST 1331 151
HIST 1332 107
HIST 1333 143
HIST 1334 129
HIST 1335 131
HIST 1336 146
HIST 1337 162
HIST 1338 149
HIST 1339 146
HIST 1340 136
HIST 1341 153
HIST 1342 120
HIST 1343 128
HIST 1344 143
HIST 1345 137
HIST 1346 167
HIST 1347 161
HIST 1348 129
HIST 1349 145
HIST 1350 136
HIST 1351 139
HIST 1352 142
HIST 1353 159
HIST 1354 131
HIST 1355 138
HIST 1356 131
HIST 1357 151
HIST 1358 160
HIST 1359 158
HIST 1360 146
HIST 1361 130
HIST 1362 142
HIST 1363 150
HIST 1364 145
HIST 1365 132
HIST 1366 146
HIST 1367 149
HIST 1368 139
HIST 1369 139
HIST 1370 158
HIST 1371 129
HIST 1372 152
HIST 1373 151
HIST 1374 184
HIST 1375 148
HIST 1376 132
HIST 1377 133
HIST 1378 139
HIST 1379 137
HIST 1380 137
HIST 1381 132
HIST 1382 131
HIST 1383 145
HIST 1384 139
HIST 1385 149
HIST 1386 142
HIST 1387 142
HIST 1388 146
HIST 1389 144
HIST 1390 121
HIST 1391 135
HIST 1392 117
HIST 1393 148
HIST 1394 150
HIST 1395 161
HIST 1396 155
HIST 1397 151
HIST 1398 138
HIST 1399 160
HIST 1400 173
HIST 1401 146
HIST 1402 120
HIST 1403 139
HIST 1404 160
HIST 1405 131
HIST 1406 163
HIST 1407 162
HIST 1408 147
HIST 1409 165
HIST 1410 141
HIST 1411 151
HIST 1412 140
HIST 1413 137
HIST 1414 133
HIST 1415 164
HIST 1416 142
HIST 1417 154
HIST 1418 123
HIST 1419 145
HIST 1420 158
HIST 1421 128
HIST 1422 148
HIST 1423 173
HIST 1424 133
HIST 1425 138
HIST 1426 145
HIST 1427 142
HIST 1428 143
HIST 1429 153
HIST 1430 133
HIST 1431 134
HIST 1432 149
HIST 1433 154
HIST 1434 158
HIST 1435 159
HIST 1436 130
HIST 1437 146
HIST 1438 135
HIST 1439 148
HIST 1440 143
HIST 1441 130
HIST 1442 151
HIST 1443 135
HIST 1444 145
HIST 1445 148
HIST 1446 149
HIST 1447 134
HIST 1448 161
HIST 1449 135
HIST 1450 137
HIST 1451 154
HIST 1452 145
HIST 1453 136
HIST 1454 136
HIST 1455 142
HIST 1456 135
HIST 1457 172
HIST 1458 140
HIST 1459 146
HIST 1460 148
HIST 1461 142
HIST 1462 134
HIST 1463 156
HIST 1464 140
HIST 1465 144
HIST 1466 162
HIST 1467 112
HIST 1468 157
HIST 1469 147
HIST 1470 155
HIST 1471 139
HIST 1472 134
HIST 1473 158
HIST 1474 144
HIST 1475 146
HIST 1476 169
HIST 1477 134
HIST 1478 135
HIST 1479 152
HIST 1480 167
HIST 1481 148
HIST 1482 165
HIST 1483 137
HIST 1484 133
HIST 1485 146
HIST 1486 147
HIST 1487 133
HIST 1488 139
HIST 1489 139
HIST 1490 142
HIST 1491 132
HIST 1492 160
HIST 1493 151
HIST 1494 142
HIST 1495 139
HIST 1496 168
HIST 1497 141
HIST 1498 148
HIST 1499 162
HIST 1500 148
HIST 1501 138
HIST 1502 150
HIST 1503 138
HIST 1504 148
HIST 1505 152
HIST 1506 140
HIST 1507 147
HIST 1508 122
HIST 1509 171
HIST 1510 152
HIST 1511 151
HIST 1512 137
HIST 1513 150
HIST 1514 148
HIST 1515 140
HIST 1516 170
HIST 1517 161
HIST 1518 159
HIST 1519 138
HIST 1520 156
HIST 1521 142
HIST 1522 140
HIST 1523 129
HIST 1524 134
HIST 1525 154
HIST 1526 155
HIST 1527 155
HIST 1528 160
HIST 1529 139
HIST 1530 158
HIST 1531 146
HIST 1532 139
HIST 1533 154
HIST 1534 144
HIST 1535 148
HIST 1536 154
HIST 1537 159
HIST 1538 158
HIST 1539 157
HIST 1540 122
HIST 1541 155
HIST 1542 166
HIST 1543 156
HIST 1544 167
HIST 1545 147
HIST 1546 150
HIST 1547 160
HIST 1548 146
HIST 1549 136
HIST 1550 151
HIST 1551 155
HIST 1552 156
HIST 1553 165
HIST 1554 152
HIST 1555 141
HIST 1556 145
HIST 1557 155
HIST 1558 154
HIST 1559 154
HIST 1560 158
HIST 1561 159
HIST 1562 155
HIST 1563 164
HIST 1564 159
HIST 1565 145
HIST 1566 150
HIST 1567 130
HIST 1568 160
HIST 1569 146
HIST 1570 169
HIST 1571 153
HIST 1572 155
HIST 1573 133
HIST 1574 145
HIST 1575 157
HIST 1576 155
HIST 1577 153
HIST 1578 152
HIST 1579 142
HIST 1580 147
HIST 1581 144
HIST 1582 150
HIST 1583 167
HIST 1584 145
HIST 1585 158
HIST 1586 141
HIST 1587 146
HIST 1588 156
HIST 1589 147
HIST 1590 170
HIST 1591 166
HIST 1592 156
HIST 1593 9561
HIST 1594 175
HIST 1595 200
HIST 1596 199
HIST 1597 197
HIST 1598 198
HIST 1599 203
HIST 1600 207
HIST 1601 185
HIST 1602 205
HIST 1603 178
HIST 1604 210
HIST 1605 188
HIST 1606 205
HIST 1607 192
HIST 1608 218
HIST 1609 183
HIST 1610 209
HIST 1611 217
HIST 1612 160
HIST 1613 193
HIST 1614 195
HIST 1615 171
HIST 1616 216
HIST 1617 180
HIST 1618 183
HIST 1619 178
HIST 1620 188
HIST 1621 206
HIST 1622 220
HIST 1623 194
HIST 1624 174
HIST 1625 207
HIST 1626 185
HIST 1627 194
HIST 1628 190
HIST 1629 199
HIST 1630 193
HIST 1631 209
HIST 1632 196
HIST 1633 198
HIST 1634 203
HIST 1635 186
HIST 1636 202
HIST 1637 192
HIST 1638 200
HIST 1639 181
HIST 1640 202
HIST 1641 197
HIST 1642 206
HIST 1643 196
HIST 1644 180
HIST 1645 195
HIST 1646 191
HIST 1647 187
HIST 1648 187
HIST 1649 202
HIST 1650 203
HIST 1651 194
HIST 1652 204
HIST 1653 217
HIST 1654 185
HIST 1655 190
HIST 1656 199
HIST 1657 178
HIST 1658 239
HIST 1659 198
HIST 1660 195
HIST 1661 205
HIST 1662 210
HIST 1663 173
HIST 1664 210
HIST 1665 201
HIST 1666 213
HIST 1667 201
HIST 1668 221
HIST 1669 226
HIST 1670 183
HIST 1671 187
HIST 1672 197
HIST 1673 221
HIST 1674 189
HIST 1675 197
HIST 1676 219
HIST 1677 202
HIST 1678 194
HIST 1679 220
HIST 1680 205
HIST 1681 193
HIST 1682 212
HIST 1683 182
HIST 1684 193
HIST 1685 196
HIST 1686 189
HIST 1687 206
HIST 1688 183
HIST 1689 211
HIST 1690 175
HIST 1691 200
HIST 1692 211
HIST 1693 191
HIST 1694 200
HIST 1695 215
HIST 1696 215
HIST 1697 201
HIST 1698 193
HIST 1699 202
HIST 1700 189
HIST 1701 223
HIST 1702 176
HIST 1703 201
HIST 1704 191
HIST 1705 182
HIST 1706 183
HIST 1707 187
HIST 1708 187
HIST 1709 209
HIST 1710 210
HIST 1711 211
HIST 1712 236
HIST 1713 185
HIST 1714 207
HIST 1715 207
HIST 1716 189
HIST 1717 199
HIST 1718 212
HIST 1719 196
HIST 1720 200
HIST 1721 185
HIST 1722 184
HIST 1723 179
HIST 1724 184
HIST 1725 191
HIST 1726 201
HIST 1727 179
HIST 1728 194
HIST 1729 192
HIST 1730 192
HIST 1731 192
HIST 1732 200
HIST 1733 227
HIST 1734 197
HIST 1735 207
HIST 1736 166
HIST 1737 194
HIST 1738 199
HIST 1739 218
HIST 1740 194
HIST 1741 209
HIST 1742 212
HIST 1743 216
HIST 1744 199
HIST 1745 200
HIST 1746 217
HIST 1747 186
HIST 1748 210
HIST 1749 194
HIST 1750 183
HIST 1751 198
HIST 1752 162
HIST 1753 173
HIST 1754 196
HIST 1755 192
HIST 1756 204
HIST 1757 187
HIST 1758 212
HIST 1759 209
HIST 1760 185
HIST 1761 212
HIST 1762 191
HIST 1763 209
HIST 1764 183
HIST 1765 211
HIST 1766 186
HIST 1767 212
HIST 1768 214
HIST 1769 176
HIST 1770 209
HIST 1771 209
HIST 1772 210
HIST 1773 227
HIST 1774 204
HIST 1775 190
HIST 1776 223
HIST 1777 208
HIST 1778 226
HIST 1779 209
HIST 1780 201
HIST 1781 213
HIST 1782 243
HIST 1783 209
HIST 1784 207
HIST 1785 215
HIST 1786 189
HIST 1787 225
HIST 1788 221
HIST 1789 193
HIST 1790 213
HIST 1791 206
HIST 1792 194
HIST 1793 207
HIST 1794 199
HIST 1795 233
HIST 1796 207
HIST 1797 224
HIST 1798 198
HIST 1799 193
HIST 1800 192
HIST 1801 206
HIST 1802 197
HIST 1803 215
HIST 1804 241
HIST 1805 249
HIST 1806 219
HIST 1807 197
HIST 1808 207
HIST 1809 223
HIST 1810 194
HIST 1811 187
HIST 1812 223
HIST 1813 201
HIST 1814 201
HIST 1815 214
HIST 1816 196
HIST 1817 210
HIST 1818 227
HIST 1819 200
HIST 1820 196
HIST 1821 217
HIST 1822 190
HIST 1823 188
HIST 1824 176
HIST 1825 215
HIST 1826 216
HIST 1827 223
HIST 1828 233
HIST 1829 218
HIST 1830 213
HIST 1831 196
HIST 1832 212
HIST 1833 216
HIST 1834 180
HIST 1835 238
HIST 1836 216
HIST 1837 213
HIST 1838 240
HIST 1839 200
HIST 1840 214
HIST 1841 212
HIST 1842 225
HIST 1843 195
HIST 1844 192
HIST 1845 218
HIST 1846 221
HIST 1847 231
HIST 1848 202
HIST 1849 204
HIST 1850 189
HIST 1851 227
HIST 1852 221
HIST 1853 205
HIST 1854 193
HIST 1855 199
HIST 1856 212
HIST 1857 219
HIST 1858 195
HIST 1859 194
HIST 1860 206
HIST 1861 215
HIST 1862 218
HIST 1863 203
HIST 1864 200
HIST 1865 228
HIST 1866 220
HIST 1867 224
HIST 1868 227
HIST 1869 183
HIST 1870 214
HIST 1871 222
HIST 1872 214
HIST 1873 222
HIST 1874 239
HIST 1875 186
HIST 1876 216
HIST 1877 203
HIST 1878 202
HIST 1879 218
HIST 1880 208
HIST 1881 207
HIST 1882 231
HIST 1883 198
HIST 1884 221
HIST 1885 219
HIST 1886 214
HIST 1887 199
HIST 1888 209
HIST 1889 202
HIST 1890 187
HIST 1891 205
HIST 1892 210
HIST 1893 203
HIST 1894 250
HIST 1895 214
HIST 1896 194
HIST 1897 207
HIST 1898 230
HIST 1899 194
HIST 1900 202
HIST 1901 197
HIST 1902 236
HIST 1903 196
HIST 1904 216
HIST 1905 196
HIST 1906 215
HIST 1907 204
HIST 1908 177
HIST 1909 191
HIST 1910 212
HIST 1911 191
HIST 1912 202
HIST 1913 208
HIST 1914 206
HIST 1915 207
HIST 1916 231
HIST 1917 205
HIST 1918 212
HIST 1919 231
HIST 1920 197
HIST 1921 207
HIST 1922 220
HIST 1923 197
HIST 1924 215
HIST 1925 214
HIST 1926 206
HIST 1927 217
HIST 1928 196
HIST 1929 187
HIST 1930 210
HIST 1931 203
HIST 1932 189
HIST 1933 190
HIST 1934 212
HIST 1935 217
HIST 1936 205
HIST 1937 210
HIST 1938 192
HIST 1939 202
HIST 1940 202
HIST 1941 189
HIST 1942 191
HIST 1943 195
HIST 1944 208
HIST 1945 161
HIST 1946 192
HIST 1947 243
HIST 1948 181
HIST 1949 178
HIST 1950 173
HIST 1951 191
HIST 1952 195
HIST 1953 217
HIST 1954 198
HIST 1955 182
HIST 1956 206
HIST 1957 207
HIST 1958 167
HIST 1959 197
HIST 1960 195
HIST 1961 178
HIST 1962 199
HIST 1963 211
HIST 1964 166
HIST 1965 200
HIST 1966 201
HIST 1967 191
HIST 1968 194
HIST 1969 203
HIST 1970 204
HIST 1971 215
HIST 1972 203
HIST 1973 197
HIST 1974 219
HIST 1975 178
HIST 1976 205
HIST 1977 192
HIST 1978 209
HIST 1979 197
HIST 1980 208
HIST 1981 209
HIST 1982 176
HIST 1983 174
HIST 1984 194
HIST 1985 212
HIST 1986 177
HIST 1987 185
HIST 1988 224
HIST 1989 225
HIST 1990 210
HIST 1991 200
HIST 1992 200
HIST 1993 206
HIST 1994 173
HIST 1995 226
HIST 1996 195
HIST 1997 228
HIST 1998 210
HIST 1999 217
HIST 2000 202
HIST 2001 205
HIST 2002 214
HIST 2003 181
HIST 2004 183
HIST 2005 213
HIST 2006 182
HIST 2007 210
HIST 2008 183
HIST 2009 202
HIST 2010 186
HIST 2011 211
HIST 2012 187
HIST 2013 213
HIST 2014 205
HIST 2015 209
HIST 2016 211
HIST 2017 189
HIST 2018 206
HIST 2019 215
HIST 2020 207
HIST 2021 221
HIST 2022 193
HIST 2023 198
HIST 2024 180
HIST 2025 210
HIST 2026 212
HIST 2027 232
HIST 2028 224
HIST 2029 184
HIST 2030 220
HIST 2031 192
HIST 2032 212
HIST 2033 211
HIST 2034 227
HIST 2035 208
HIST 2036 201
HIST 2037 213
HIST 2038 214
HIST 2039 216
HIST 2040 186
HIST 2041 221
HIST 2042 193
HIST 2043 197
HIST 2044 202
HIST 2045 187
HIST 2046 226
HIST 2047 214
HIST 2048 215
HIST 2049 200
HIST 2050 214
HIST 2051 232
HIST 2052 194
HIST 2053 214
HIST 2054 235
HIST 2055 200
HIST 2056 182
HIST 2057 205
HIST 2058 219
HIST 2059 213
HIST 2060 224
HIST 2061 214
HIST 2062 202
HIST 2063 243
HIST 2064 209
HIST 2065 215
HIST 2066 219
HIST 2067 191
HIST 2068 195
HIST 2069 205
HIST 2070 202
HIST 2071 211
HIST 2072 215
HIST 2073 190
HIST 2074 174
HIST 2075 281
HIST 2076 229
HIST 2077 234
HIST 2078 225
HIST 2079 238
HIST 2080 242
HIST 2081 198
HIST 2082 221
HIST 2083 213
HIST 2084 207
HIST 2085 220
HIST 2086 214
HIST 2087 187
HIST 2088 216
HIST 2089 216
HIST 2090 215
HIST 2091 215
HIST 2092 231
HIST 2093 201
HIST 2094 228
HIST 2095 222
HIST 2096 243
HIST 2097 219
HIST 2098 263
HIST 2099 211
HIST 2100 185
HIST 2101 238
HIST 2102 228
HIST 2103 223
HIST 2104 25159
HIST 2105 236
HIST 2106 267
HIST 2107 255
HIST 2108 250
HIST 2109 240
HIST 2110 274
HIST 2111 281
HIST 2112 254
HIST 2113 238
HIST 2114 267
HIST 2115 250
HIST 2116 254
HIST 2117 292
HIST 2118 279
HIST 2119 237
HIST 2120 263
HIST 2121 296
HIST 2122 263
HIST 2123 268
HIST 2124 275
HIST 2125 255
HIST 2126 255
HIST 2127 267
HIST 2128 274
HIST 2129 258
HIST 2130 282
HIST 2131 245
HIST 2132 281
HIST 2133 271
HIST 2134 276
HIST 2135 283
HIST 2136 285
HIST 2137 245
HIST 2138 254
HIST 2139 293
HIST 2140 292
HIST 2141 256
HIST 2142 259
HIST 2143 244
HIST 2144 266
HIST 2145 272
HIST 2146 281
HIST 2147 253
HIST 2148 274
HIST 2149 263
HIST 2150 277
HIST 2151 247
HIST 2152 246
HIST 2153 242
HIST 2154 245
HIST 2155 284
HIST 2156 289
HIST 2157 247
HIST 2158 267
HIST 2159 263
HIST 2160 283
HIST 2161 268
HIST 2162 261
HIST 2163 266
HIST 2164 257
HIST 2165 232
HIST 2166 243
HIST 2167 266
HIST 2168 256
HIST 2169 227
HIST 2170 274
HIST 2171 276
HIST 2172 279
HIST 2173 248
HIST 2174 270
HIST 2175 262
HIST 2176 283
HIST 2177 288
HIST 2178 250
HIST 2179 276
HIST 2180 269
HIST 2181 271
HIST 2182 247
HIST 2183 283
HIST 2184 242
HIST 2185 272
HIST 2186 258
HIST 2187 247
HIST 2188 246
HIST 2189 267
HIST 2190 264
HIST 2191 272
HIST 2192 281
HIST 2193 284
HIST 2194 257
HIST 2195 275
HIST 2196 301
HIST 2197 274
HIST 2198 281
HIST 2199 265
HIST 2200 272
HIST 2201 296
HIST 2202 289
HIST 2203 251
HIST 2204 299
HIST 2205 265
HIST 2206 284
HIST 2207 279
HIST 2208 271
HIST 2209 264
HIST 2210 273
HIST 2211 276
HIST 2212 245
HIST 2213 326
HIST 2214 249
HIST 2215 300
HIST 2216 282
HIST 2217 265
HIST 2218 288
HIST 2219 275
HIST 2220 304
HIST 2221 290
HIST 2222 291
HIST 2223 289
HIST 2224 279
HIST 2225 285
HIST 2226 277
HIST 2227 271
HIST 2228 295
HIST 2229 297
HIST 2230 317
HIST 2231 271
HIST 2232 307
HIST 2233 295
HIST 2234 270
HIST 2235 273
HIST 2236 277
HIST 2237 282
HIST 2238 285
HIST 2239 266
HIST 2240 278
HIST 2241 287
HIST 2242 292
HIST 2243 289
HIST 2244 295
HIST 2245 295
HIST 2246 299
HIST 2247 274
HIST 2248 314
HIST 2249 285
HIST 2250 297
HIST 2251 284
HIST 2252 285
HIST 2253 288
HIST 2254 298
HIST 2255 301
HIST 2256 309
HIST 2257 289
HIST 2258 295
HIST 2259 271
HIST 2260 317
HIST 2261 310
HIST 2262 292
HIST 2263 297
HIST 2264 280
HIST 2265 286
HIST 2266 278
HIST 2267 283
HIST 2268 284
HIST 2269 291
HIST 2270 269
HIST 2271 306
HIST 2272 304
HIST 2273 262
HIST 2274 298
HIST 2275 310
HIST 2276 316
HIST 2277 323
HIST 2278 294
HIST 2279 344
HIST 2280 289
HIST 2281 317
HIST 2282 279
HIST 2283 334
HIST 2284 287
HIST 2285 290
HIST 2286 300
HIST 2287 311
HIST 2288 322
HIST 2289 301
HIST 2290 328
HIST 2291 325
HIST 2292 305
HIST 2293 296
HIST 2294 327
HIST 2295 307
HIST 2296 288
HIST 2297 323
HIST 2298 306
HIST 2299 314
HIST 2300 280
HIST 2301 326
HIST 2302 291
HIST 2303 318
HIST 2304 316
HIST 2305 303
HIST 2306 321
HIST 2307 336
HIST 2308 284
HIST 2309 307
HIST 2310 314
HIST 2311 294
HIST 2312 305
HIST 2313 311
HIST 2314 334
HIST 2315 282
HIST 2316 268
HIST 2317 315
HIST 2318 308
HIST 2319 304
HIST 2320 297
HIST 2321 307
HIST 2322 356
HIST 2323 341
HIST 2324 291
HIST 2325 323
HIST 2326 323
HIST 2327 329
HIST 2328 345
HIST 2329 331
HIST 2330 280
HIST 2331 289
HIST 2332 347
HIST 2333 342
HIST 2334 311
HIST 2335 293
HIST 2336 339
HIST 2337 326
HIST 2338 344
HIST 2339 322
HIST 2340 302
HIST 2341 323
HIST 2342 319
HIST 2343 300
HIST 2344 311
HIST 2345 343
HIST 2346 358
HIST 2347 329
HIST 2348 345
HIST 2349 325
HIST 2350 313
HIST 2351 340
HIST 2352 353
HIST 2353 325
HIST 2354 311
HIST 2355 343
HIST 2356 307
HIST 2357 317
HIST 2358 316
HIST 2359 299
HIST 2360 358
HIST 2361 319
HIST 2362 346
HIST 2363 317
HIST 2364 321
HIST 2365 305
HIST 2366 329
HIST 2367 316
HIST 2368 307
HIST 2369 289
HIST 2370 325
HIST 2371 327
HIST 2372 304
HIST 2373 322
HIST 2374 281
HIST 2375 297
HIST 2376 319
HIST 2377 304
HIST 2378 302
HIST 2379 310
HIST 2380 293
HIST 2381 281
HIST 2382 279
HIST 2383 241
HIST 2384 190
HIST 2385 210
HIST 2386 208
HIST 2387 199
HIST 2388 196
HIST 2389 186
HIST 2390 181
HIST 2391 173
HIST 2392 190
HIST 2393 174
HIST 2394 163
HIST 2395 169
HIST 2396 174
HIST 2397 157
HIST 2398 164
HIST 2399 169
HIST 2400 178
HIST 2401 155
HIST 2402 172
HIST 2403 146
HIST 2404 156
HIST 2405 120
HIST 2406 153
HIST 2407 151
HIST 2408 135
HIST 2409 143
HIST 2410 149
HIST 2411 128
HIST 2412 131
HIST 2413 110
HIST 2414 133
HIST 2415 124
HIST 2416 140
HIST 2417 111
HIST 2418 106
HIST 2419 108
HIST 2420 118
HIST 2421 113
HIST 2422 108
HIST 2423 109
HIST 2424 102
HIST 2425 118
HIST 2426 116
HIST 2427 104
HIST 2428 102
HIST 2429 106
HIST 2430 108
HIST 2431 97
HIST 2432 106
HIST 2433 107
HIST 2434 95
HIST 2435 97
HIST 2436 90
HIST 2437 68
HIST 2438 82
HIST 2439 92
HIST 2440 106
HIST 2441 97
HIST 2442 94
HIST 2443 76
HIST 2444 80
HIST 2445 92
HIST 2446 74
HIST 2447 71
HIST 2448 75
HIST 2449 72
HIST 2450 74
HIST 2451 74
HIST 2452 62
HIST 2453 54
HIST 2454 59
HIST 2455 72
HIST 2456 61
HIST 2457 57
HIST 2458 64
HIST 2459 50
HIST 2460 60
HIST 2461 47
HIST 2462 78
HIST 2463 65
HIST 2464 57
HIST 2465 52
HIST 2466 58
HIST 2467 43
HIST 2468 50
HIST 2469 42
HIST 2470 56
HIST 2471 38
HIST 2472 58
HIST 2473 49
HIST 2474 47
HIST 2475 58
HIST 2476 50
HIST 2477 42
HIST 2478 39
HIST 2479 46
HIST 2480 35
HIST 2481 30
HIST 2482 37
HIST 2483 43
HIST 2484 45
HIST 2485 38
HIST 2486 40
HIST 2487 34
HIST 2488 31
HIST 2489 30
HIST 2490 31
HIST 2491 24
HIST 2492 37
HIST 2493 32
HIST 2494 24
HIST 2495 38
HIST 2496 43
HIST 2497 42
HIST 2498 42
HIST 2499 34
HIST 2500 34
HIST 2501 30
HIST 2502 26
HIST 2503 32
HIST 2504 34
HIST 2505 27
HIST 2506 24
HIST 2507 28
HIST 2508 24
HIST 2509 24
HIST 2510 28
HIST 2511 20
HIST 2512 27
HIST 2513 23
HIST 2514 25
HIST 2515 28
HIST 2516 23
HIST 2517 20
HIST 2518 19
HIST 2519 22
HIST 2520 22
HIST 2521 14
HIST 2522 16
HIST 2523 25
HIST 2524 25
HIST 2525 25
HIST 2526 31
HIST 2527 25
HIST 2528 15
HIST 2529 27
HIST 2530 20
HIST 2531 17
HIST 2532 13
HIST 2533 19
HIST 2534 20
HIST 2535 15
HIST 2536 17
HIST 2537 21
HIST 2538 11
HIST 2539 16
HIST 2540 10
HIST 2541 18
HIST 2542 14
HIST 2543 22
HIST 2544 16
HIST 2545 19
HIST 2546 14
HIST 2547 12
HIST 2548 12
HIST 2549 12
HIST 2550 16
HIST 2551 16
HIST 2552 12
HIST 2553 9
HIST 2554 11
HIST 2555 5
HIST 2556 13
HIST 2557 16
HIST 2558 13
HIST 2559 11
HIST 2560 19
HIST 2561 9
HIST 2562 9
HIST 2563 17
HIST 2564 11
HIST 2565 14
HIST 2566 9
HIST 2567 11
HIST 2568 10
HIST 2569 10
HIST 2570 13
HIST 2571 10
HIST 2572 8
HIST 2573 7
HIST 2574 8
HIST 2575 14
HIST 2576 13
HIST 2577 10
HIST 2578 14
HIST 2579 8
HIST 2580 7
HIST 2581 29
HIST 2582 73
HIST 2583 10
HIST 2584 8
HIST 2585 9
HIST 2586 272
HIST 2587 2
HIST 2588 7
HIST 2589 8
HIST 2590 10
HIST 2591 11
HIST 2592 6
HIST 2593 13
HIST 2594 11
HIST 2595 4
HIST 2596 5
HIST 2597 6
HIST 2598 14
HIST 2599 15
HIST 2600 4
HIST 2601 8
HIST 2602 8
HIST 2603 6
HIST 2604 10
HIST 2605 8
HIST 2606 11
HIST 2607 5
HIST 2608 9
HIST 2609 5
HIST 2610 6
HIST 2611 16
HIST 2612 15
HIST 2613 7
HIST 2614 6
HIST 2615 124376
HISTEND
ESCPOP decays=8000000 own_exit=18209 carry_exit=20345 own_return=0 same=0 other=0 noface=0 lineage_gamma_out=0 lineage_lepton_out=0 killed_gamma=0 killed_lepton=0 facemiss=0 lineage_inside=0
