SETUP correlatedGamma=0 twoJmax=10 vacuum=1 seed=0 killesc=0 killcarry=0 fullcarry=0 histbin=1.000 histbins=2616 iontag=0 escpop=1 killescown=0 killesccarry=0 killret=0 killretsame=0 killretother=0 killescbrem=0 killescdelta=0 killoutbrem=1
CUTS (production thresholds per material couple):
 Material : G4_Galactic
 Range cuts        :  gamma  1 mm     e-  1 mm     e+  1 mm  proton 1 mm 
 Energy thresholds :  gamma  990 eV     e-  990 eV     e+  990 eV  proton 100 keV
 Material : scene_mat_4
 Range cuts        :  gamma  1 mm     e-  1 mm     e+  1 mm  proton 1 mm 
 Energy thresholds :  gamma  38.9651 keV    e-  738.26 keV    e+  703.709 keV proton 100 keV
 Material : scene_mat_3
 Range cuts        :  gamma  1 mm     e-  1 mm     e+  1 mm  proton 1 mm 
 Energy thresholds :  gamma  6.91691 keV    e-  597.603 keV    e+  574.29 keV proton 100 keV
 Material : scene_mat_2
 Range cuts        :  gamma  1 mm     e-  1 mm     e+  1 mm  proton 1 mm 
 Energy thresholds :  gamma  990 eV     e-  990 eV     e+  990 eV  proton 100 keV
 Material : scene_mat_1
 Range cuts        :  gamma  1 mm     e-  1 mm     e+  1 mm  proton 1 mm 
 Energy thresholds :  gamma  3.38683 keV    e-  268.033 keV    e+  261.068 keV proton 100 keV
 Material : scene_mat_0
 Range cuts        :  gamma  1 mm     e-  1 mm     e+  1 mm  proton 1 mm 
 Energy thresholds :  gamma  29.856 keV    e-  620.515 keV    e+  592.153 keV proton 100 keV
RESULT decays=8000000
RESULT any=658855 eps_total=8.235687e-02
RESULT window=2614.511 counts=124269 eps=1.553363e-02
HISTBEGIN bins=2616 bin_kev=1.000000 decays=8000000
HIST 0 67
HIST 1 203
HIST 2 199
HIST 3 192
HIST 4 183
HIST 5 224
HIST 6 222
HIST 7 213
HIST 8 223
HIST 9 237
HIST 10 202
HIST 11 217
HIST 12 201
HIST 13 203
HIST 14 209
HIST 15 212
HIST 16 239
HIST 17 229
HIST 18 223
HIST 19 207
HIST 20 237
HIST 21 225
HIST 22 246
HIST 23 218
HIST 24 197
HIST 25 202
HIST 26 203
HIST 27 210
HIST 28 210
HIST 29 223
HIST 30 225
HIST 31 220
HIST 32 324
HIST 33 305
HIST 34 249
HIST 35 240
HIST 36 275
HIST 37 244
HIST 38 242
HIST 39 197
HIST 40 226
HIST 41 229
HIST 42 217
HIST 43 180
HIST 44 219
HIST 45 218
HIST 46 202
HIST 47 217
HIST 48 202
HIST 49 206
HIST 50 206
HIST 51 228
HIST 52 216
HIST 53 203
HIST 54 205
HIST 55 220
HIST 56 203
HIST 57 200
HIST 58 229
HIST 59 206
HIST 60 209
HIST 61 179
HIST 62 208
HIST 63 206
HIST 64 225
HIST 65 225
HIST 66 227
HIST 67 227
HIST 68 245
HIST 69 238
HIST 70 216
HIST 71 200
HIST 72 220
HIST 73 223
HIST 74 214
HIST 75 274
HIST 76 203
HIST 77 296
HIST 78 216
HIST 79 223
HIST 80 205
HIST 81 207
HIST 82 216
HIST 83 220
HIST 84 228
HIST 85 221
HIST 86 223
HIST 87 238
HIST 88 267
HIST 89 201
HIST 90 610
HIST 91 215
HIST 92 227
HIST 93 211
HIST 94 898
HIST 95 218
HIST 96 228
HIST 97 242
HIST 98 226
HIST 99 206
HIST 100 212
HIST 101 219
HIST 102 207
HIST 103 199
HIST 104 205
HIST 105 327
HIST 106 416
HIST 107 206
HIST 108 192
HIST 109 330
HIST 110 222
HIST 111 210
HIST 112 207
HIST 113 241
HIST 114 217
HIST 115 233
HIST 116 213
HIST 117 229
HIST 118 216
HIST 119 199
HIST 120 232
HIST 121 224
HIST 122 205
HIST 123 230
HIST 124 202
HIST 125 211
HIST 126 251
HIST 127 231
HIST 128 256
HIST 129 265
HIST 130 223
HIST 131 198
HIST 132 243
HIST 133 245
HIST 134 234
HIST 135 222
HIST 136 235
HIST 137 200
HIST 138 216
HIST 139 260
HIST 140 267
HIST 141 264
HIST 142 264
HIST 143 246
HIST 144 255
HIST 145 246
HIST 146 267
HIST 147 241
HIST 148 235
HIST 149 278
HIST 150 233
HIST 151 242
HIST 152 256
HIST 153 269
HIST 154 255
HIST 155 252
HIST 156 258
HIST 157 239
HIST 158 220
HIST 159 227
HIST 160 262
HIST 161 250
HIST 162 280
HIST 163 246
HIST 164 263
HIST 165 253
HIST 166 258
HIST 167 250
HIST 168 244
HIST 169 247
HIST 170 230
HIST 171 257
HIST 172 237
HIST 173 238
HIST 174 221
HIST 175 247
HIST 176 257
HIST 177 261
HIST 178 260
HIST 179 269
HIST 180 250
HIST 181 235
HIST 182 249
HIST 183 196
HIST 184 250
HIST 185 273
HIST 186 269
HIST 187 257
HIST 188 270
HIST 189 249
HIST 190 224
HIST 191 226
HIST 192 226
HIST 193 228
HIST 194 271
HIST 195 233
HIST 196 276
HIST 197 255
HIST 198 264
HIST 199 256
HIST 200 248
HIST 201 241
HIST 202 254
HIST 203 241
HIST 204 230
HIST 205 259
HIST 206 256
HIST 207 287
HIST 208 255
HIST 209 337
HIST 210 291
HIST 211 259
HIST 212 273
HIST 213 274
HIST 214 263
HIST 215 244
HIST 216 272
HIST 217 249
HIST 218 220
HIST 219 264
HIST 220 248
HIST 221 243
HIST 222 229
HIST 223 256
HIST 224 246
HIST 225 265
HIST 226 239
HIST 227 259
HIST 228 277
HIST 229 266
HIST 230 289
HIST 231 276
HIST 232 285
HIST 233 305
HIST 234 342
HIST 235 304
HIST 236 327
HIST 237 304
HIST 238 300
HIST 239 1196
HIST 240 288
HIST 241 376
HIST 242 326
HIST 243 332
HIST 244 351
HIST 245 324
HIST 246 320
HIST 247 319
HIST 248 334
HIST 249 337
HIST 250 297
HIST 251 325
HIST 252 330
HIST 253 301
HIST 254 328
HIST 255 347
HIST 256 304
HIST 257 321
HIST 258 316
HIST 259 318
HIST 260 310
HIST 261 305
HIST 262 342
HIST 263 340
HIST 264 340
HIST 265 366
HIST 266 344
HIST 267 304
HIST 268 345
HIST 269 336
HIST 270 409
HIST 271 318
HIST 272 368
HIST 273 340
HIST 274 336
HIST 275 333
HIST 276 330
HIST 277 374
HIST 278 328
HIST 279 339
HIST 280 351
HIST 281 329
HIST 282 356
HIST 283 337
HIST 284 365
HIST 285 327
HIST 286 329
HIST 287 326
HIST 288 323
HIST 289 308
HIST 290 311
HIST 291 321
HIST 292 348
HIST 293 353
HIST 294 356
HIST 295 355
HIST 296 321
HIST 297 334
HIST 298 334
HIST 299 353
HIST 300 360
HIST 301 328
HIST 302 318
HIST 303 371
HIST 304 326
HIST 305 325
HIST 306 340
HIST 307 336
HIST 308 310
HIST 309 287
HIST 310 348
HIST 311 314
HIST 312 337
HIST 313 351
HIST 314 318
HIST 315 332
HIST 316 308
HIST 317 304
HIST 318 316
HIST 319 291
HIST 320 322
HIST 321 335
HIST 322 286
HIST 323 302
HIST 324 315
HIST 325 304
HIST 326 307
HIST 327 302
HIST 328 360
HIST 329 331
HIST 330 340
HIST 331 324
HIST 332 338
HIST 333 302
HIST 334 353
HIST 335 325
HIST 336 298
HIST 337 298
HIST 338 535
HIST 339 312
HIST 340 310
HIST 341 320
HIST 342 283
HIST 343 286
HIST 344 264
HIST 345 295
HIST 346 318
HIST 347 302
HIST 348 294
HIST 349 284
HIST 350 297
HIST 351 301
HIST 352 292
HIST 353 293
HIST 354 289
HIST 355 319
HIST 356 324
HIST 357 301
HIST 358 293
HIST 359 283
HIST 360 297
HIST 361 279
HIST 362 269
HIST 363 310
HIST 364 261
HIST 365 283
HIST 366 289
HIST 367 285
HIST 368 287
HIST 369 272
HIST 370 280
HIST 371 270
HIST 372 305
HIST 373 274
HIST 374 296
HIST 375 267
HIST 376 254
HIST 377 271
HIST 378 311
HIST 379 292
HIST 380 292
HIST 381 278
HIST 382 286
HIST 383 276
HIST 384 271
HIST 385 271
HIST 386 310
HIST 387 286
HIST 388 279
HIST 389 261
HIST 390 267
HIST 391 259
HIST 392 265
HIST 393 268
HIST 394 286
HIST 395 281
HIST 396 285
HIST 397 231
HIST 398 268
HIST 399 252
HIST 400 258
HIST 401 263
HIST 402 273
HIST 403 315
HIST 404 264
HIST 405 264
HIST 406 283
HIST 407 239
HIST 408 285
HIST 409 262
HIST 410 256
HIST 411 246
HIST 412 274
HIST 413 235
HIST 414 249
HIST 415 256
HIST 416 232
HIST 417 264
HIST 418 258
HIST 419 258
HIST 420 251
HIST 421 226
HIST 422 241
HIST 423 269
HIST 424 249
HIST 425 297
HIST 426 249
HIST 427 268
HIST 428 227
HIST 429 264
HIST 430 233
HIST 431 220
HIST 432 235
HIST 433 238
HIST 434 251
HIST 435 230
HIST 436 201
HIST 437 267
HIST 438 220
HIST 439 244
HIST 440 235
HIST 441 225
HIST 442 248
HIST 443 240
HIST 444 214
HIST 445 251
HIST 446 280
HIST 447 220
HIST 448 255
HIST 449 238
HIST 450 212
HIST 451 243
HIST 452 227
HIST 453 204
HIST 454 258
HIST 455 226
HIST 456 218
HIST 457 235
HIST 458 219
HIST 459 219
HIST 460 221
HIST 461 216
HIST 462 233
HIST 463 276
HIST 464 225
HIST 465 201
HIST 466 189
HIST 467 238
HIST 468 236
HIST 469 202
HIST 470 204
HIST 471 251
HIST 472 206
HIST 473 267
HIST 474 213
HIST 475 213
HIST 476 223
HIST 477 217
HIST 478 242
HIST 479 218
HIST 480 224
HIST 481 222
HIST 482 197
HIST 483 221
HIST 484 227
HIST 485 223
HIST 486 223
HIST 487 232
HIST 488 225
HIST 489 213
HIST 490 221
HIST 491 226
HIST 492 209
HIST 493 216
HIST 494 217
HIST 495 191
HIST 496 216
HIST 497 222
HIST 498 226
HIST 499 237
HIST 500 221
HIST 501 192
HIST 502 186
HIST 503 196
HIST 504 196
HIST 505 205
HIST 506 200
HIST 507 187
HIST 508 200
HIST 509 212
HIST 510 192
HIST 511 302
HIST 512 197
HIST 513 232
HIST 514 190
HIST 515 206
HIST 516 199
HIST 517 185
HIST 518 197
HIST 519 196
HIST 520 203
HIST 521 189
HIST 522 221
HIST 523 177
HIST 524 168
HIST 525 186
HIST 526 209
HIST 527 211
HIST 528 220
HIST 529 184
HIST 530 211
HIST 531 208
HIST 532 200
HIST 533 170
HIST 534 195
HIST 535 187
HIST 536 198
HIST 537 167
HIST 538 207
HIST 539 217
HIST 540 196
HIST 541 209
HIST 542 218
HIST 543 184
HIST 544 181
HIST 545 225
HIST 546 178
HIST 547 187
HIST 548 214
HIST 549 180
HIST 550 199
HIST 551 213
HIST 552 198
HIST 553 180
HIST 554 187
HIST 555 176
HIST 556 180
HIST 557 191
HIST 558 182
HIST 559 198
HIST 560 206
HIST 561 186
HIST 562 200
HIST 563 183
HIST 564 169
HIST 565 182
HIST 566 195
HIST 567 187
HIST 568 204
HIST 569 175
HIST 570 181
HIST 571 195
HIST 572 181
HIST 573 189
HIST 574 187
HIST 575 187
HIST 576 196
HIST 577 212
HIST 578 180
HIST 579 189
HIST 580 187
HIST 581 183
HIST 582 193
HIST 583 488
HIST 584 183
HIST 585 187
HIST 586 184
HIST 587 179
HIST 588 166
HIST 589 168
HIST 590 188
HIST 591 191
HIST 592 183
HIST 593 174
HIST 594 175
HIST 595 178
HIST 596 190
HIST 597 175
HIST 598 204
HIST 599 181
HIST 600 188
HIST 601 180
HIST 602 180
HIST 603 172
HIST 604 167
HIST 605 186
HIST 606 200
HIST 607 182
HIST 608 150
HIST 609 146
HIST 610 185
HIST 611 176
HIST 612 178
HIST 613 167
HIST 614 183
HIST 615 154
HIST 616 175
HIST 617 173
HIST 618 152
HIST 619 163
HIST 620 181
HIST 621 210
HIST 622 178
HIST 623 165
HIST 624 186
HIST 625 211
HIST 626 162
HIST 627 194
HIST 628 165
HIST 629 200
HIST 630 163
HIST 631 156
HIST 632 169
HIST 633 152
HIST 634 161
HIST 635 166
HIST 636 205
HIST 637 157
HIST 638 161
HIST 639 164
HIST 640 167
HIST 641 177
HIST 642 175
HIST 643 172
HIST 644 158
HIST 645 167
HIST 646 161
HIST 647 178
HIST 648 145
HIST 649 182
HIST 650 164
HIST 651 181
HIST 652 188
HIST 653 166
HIST 654 169
HIST 655 173
HIST 656 175
HIST 657 178
HIST 658 189
HIST 659 175
HIST 660 169
HIST 661 149
HIST 662 159
HIST 663 176
HIST 664 171
HIST 665 155
HIST 666 171
HIST 667 184
HIST 668 146
HIST 669 187
HIST 670 182
HIST 671 158
HIST 672 165
HIST 673 169
HIST 674 156
HIST 675 171
HIST 676 181
HIST 677 197
HIST 678 201
HIST 679 163
HIST 680 173
HIST 681 182
HIST 682 166
HIST 683 154
HIST 684 147
HIST 685 174
HIST 686 174
HIST 687 157
HIST 688 157
HIST 689 159
HIST 690 149
HIST 691 146
HIST 692 160
HIST 693 183
HIST 694 164
HIST 695 164
HIST 696 147
HIST 697 157
HIST 698 154
HIST 699 164
HIST 700 161
HIST 701 150
HIST 702 151
HIST 703 164
HIST 704 164
HIST 705 157
HIST 706 149
HIST 707 166
HIST 708 145
HIST 709 147
HIST 710 187
HIST 711 174
HIST 712 155
HIST 713 164
HIST 714 160
HIST 715 165
HIST 716 185
HIST 717 174
HIST 718 146
HIST 719 150
HIST 720 154
HIST 721 199
HIST 722 157
HIST 723 155
HIST 724 196
HIST 725 161
HIST 726 170
HIST 727 217
HIST 728 147
HIST 729 150
HIST 730 165
HIST 731 163
HIST 732 155
HIST 733 153
HIST 734 178
HIST 735 178
HIST 736 184
HIST 737 153
HIST 738 171
HIST 739 159
HIST 740 146
HIST 741 184
HIST 742 150
HIST 743 141
HIST 744 159
HIST 745 137
HIST 746 164
HIST 747 181
HIST 748 176
HIST 749 161
HIST 750 141
HIST 751 166
HIST 752 154
HIST 753 160
HIST 754 158
HIST 755 166
HIST 756 168
HIST 757 149
HIST 758 149
HIST 759 176
HIST 760 175
HIST 761 160
HIST 762 153
HIST 763 172
HIST 764 151
HIST 765 178
HIST 766 159
HIST 767 159
HIST 768 152
HIST 769 151
HIST 770 162
HIST 771 166
HIST 772 180
HIST 773 134
HIST 774 154
HIST 775 136
HIST 776 142
HIST 777 161
HIST 778 163
HIST 779 158
HIST 780 172
HIST 781 161
HIST 782 164
HIST 783 152
HIST 784 164
HIST 785 158
HIST 786 155
HIST 787 166
HIST 788 165
HIST 789 153
HIST 790 150
HIST 791 147
HIST 792 149
HIST 793 136
HIST 794 134
HIST 795 202
HIST 796 141
HIST 797 145
HIST 798 149
HIST 799 161
HIST 800 144
HIST 801 145
HIST 802 143
HIST 803 150
HIST 804 161
HIST 805 138
HIST 806 150
HIST 807 165
HIST 808 170
HIST 809 178
HIST 810 170
HIST 811 152
HIST 812 161
HIST 813 172
HIST 814 157
HIST 815 147
HIST 816 152
HIST 817 146
HIST 818 172
HIST 819 161
HIST 820 154
HIST 821 166
HIST 822 179
HIST 823 147
HIST 824 167
HIST 825 150
HIST 826 143
HIST 827 159
HIST 828 132
HIST 829 157
HIST 830 166
HIST 831 160
HIST 832 157
HIST 833 149
HIST 834 149
HIST 835 134
HIST 836 201
HIST 837 179
HIST 838 154
HIST 839 173
HIST 840 147
HIST 841 144
HIST 842 156
HIST 843 135
HIST 844 151
HIST 845 133
HIST 846 136
HIST 847 134
HIST 848 173
HIST 849 140
HIST 850 151
HIST 851 147
HIST 852 151
HIST 853 149
HIST 854 131
HIST 855 139
HIST 856 143
HIST 857 147
HIST 858 170
HIST 859 125
HIST 860 164
HIST 861 170
HIST 862 163
HIST 863 129
HIST 864 144
HIST 865 152
HIST 866 150
HIST 867 151
HIST 868 155
HIST 869 155
HIST 870 150
HIST 871 148
HIST 872 151
HIST 873 159
HIST 874 173
HIST 875 144
HIST 876 147
HIST 877 138
HIST 878 173
HIST 879 157
HIST 880 150
HIST 881 150
HIST 882 161
HIST 883 152
HIST 884 130
HIST 885 140
HIST 886 166
HIST 887 148
HIST 888 141
HIST 889 148
HIST 890 160
HIST 891 154
HIST 892 132
HIST 893 130
HIST 894 159
HIST 895 136
HIST 896 130
HIST 897 142
HIST 898 154
HIST 899 148
HIST 900 147
HIST 901 137
HIST 902 147
HIST 903 152
HIST 904 164
HIST 905 161
HIST 906 172
HIST 907 154
HIST 908 141
HIST 909 159
HIST 910 157
HIST 911 388
HIST 912 141
HIST 913 141
HIST 914 168
HIST 915 161
HIST 916 145
HIST 917 133
HIST 918 142
HIST 919 149
HIST 920 135
HIST 921 162
HIST 922 183
HIST 923 164
HIST 924 145
HIST 925 137
HIST 926 156
HIST 927 151
HIST 928 142
HIST 929 161
HIST 930 137
HIST 931 141
HIST 932 134
HIST 933 143
HIST 934 140
HIST 935 143
HIST 936 160
HIST 937 134
HIST 938 145
HIST 939 136
HIST 940 141
HIST 941 150
HIST 942 139
HIST 943 158
HIST 944 142
HIST 945 149
HIST 946 137
HIST 947 139
HIST 948 165
HIST 949 152
HIST 950 172
HIST 951 145
HIST 952 141
HIST 953 162
HIST 954 147
HIST 955 167
HIST 956 145
HIST 957 118
HIST 958 165
HIST 959 175
HIST 960 147
HIST 961 122
HIST 962 137
HIST 963 127
HIST 964 149
HIST 965 175
HIST 966 177
HIST 967 147
HIST 968 149
HIST 969 294
HIST 970 139
HIST 971 153
HIST 972 148
HIST 973 142
HIST 974 137
HIST 975 158
HIST 976 156
HIST 977 160
HIST 978 161
HIST 979 153
HIST 980 150
HIST 981 153
HIST 982 127
HIST 983 135
HIST 984 157
HIST 985 130
HIST 986 147
HIST 987 147
HIST 988 136
HIST 989 153
HIST 990 147
HIST 991 151
HIST 992 135
HIST 993 164
HIST 994 155
HIST 995 139
HIST 996 142
HIST 997 129
HIST 998 144
HIST 999 137
HIST 1000 143
HIST 1001 144
HIST 1002 139
HIST 1003 132
HIST 1004 136
HIST 1005 130
HIST 1006 165
HIST 1007 156
HIST 1008 143
HIST 1009 146
HIST 1010 140
HIST 1011 130
HIST 1012 164
HIST 1013 134
HIST 1014 175
HIST 1015 138
HIST 1016 138
HIST 1017 167
HIST 1018 147
HIST 1019 148
HIST 1020 141
HIST 1021 137
HIST 1022 163
HIST 1023 162
HIST 1024 142
HIST 1025 160
HIST 1026 141
HIST 1027 150
HIST 1028 142
HIST 1029 125
HIST 1030 161
HIST 1031 127
HIST 1032 137
HIST 1033 148
HIST 1034 139
HIST 1035 158
HIST 1036 130
HIST 1037 135
HIST 1038 138
HIST 1039 137
HIST 1040 142
HIST 1041 131
HIST 1042 155
HIST 1043 140
HIST 1044 132
HIST 1045 152
HIST 1046 146
HIST 1047 152
HIST 1048 128
HIST 1049 130
HIST 1050 134
HIST 1051 136
HIST 1052 120
HIST 1053 165
HIST 1054 151
HIST 1055 156
HIST 1056 137
HIST 1057 148
HIST 1058 152
HIST 1059 130
HIST 1060 125
HIST 1061 137
HIST 1062 133
HIST 1063 147
HIST 1064 157
HIST 1065 135
HIST 1066 135
HIST 1067 136
HIST 1068 136
HIST 1069 162
HIST 1070 160
HIST 1071 124
HIST 1072 148
HIST 1073 146
HIST 1074 152
HIST 1075 127
HIST 1076 129
HIST 1077 139
HIST 1078 149
HIST 1079 174
HIST 1080 123
HIST 1081 155
HIST 1082 144
HIST 1083 127
HIST 1084 141
HIST 1085 158
HIST 1086 134
HIST 1087 148
HIST 1088 126
HIST 1089 141
HIST 1090 148
HIST 1091 162
HIST 1092 157
HIST 1093 135
HIST 1094 135
HIST 1095 139
HIST 1096 164
HIST 1097 132
HIST 1098 143
HIST 1099 116
HIST 1100 148
HIST 1101 129
HIST 1102 134
HIST 1103 137
HIST 1104 139
HIST 1105 146
HIST 1106 168
HIST 1107 130
HIST 1108 118
HIST 1109 145
HIST 1110 142
HIST 1111 158
HIST 1112 153
HIST 1113 129
HIST 1114 143
HIST 1115 137
HIST 1116 142
HIST 1117 152
HIST 1118 161
HIST 1119 123
HIST 1120 132
HIST 1121 131
HIST 1122 138
HIST 1123 133
HIST 1124 166
HIST 1125 134
HIST 1126 143
HIST 1127 126
HIST 1128 133
HIST 1129 166
HIST 1130 141
HIST 1131 154
HIST 1132 129
HIST 1133 126
HIST 1134 127
HIST 1135 131
HIST 1136 145
HIST 1137 137
HIST 1138 139
HIST 1139 144
HIST 1140 143
HIST 1141 127
HIST 1142 143
HIST 1143 146
HIST 1144 154
HIST 1145 135
HIST 1146 128
HIST 1147 145
HIST 1148 135
HIST 1149 149
HIST 1150 152
HIST 1151 140
HIST 1152 157
HIST 1153 147
HIST 1154 142
HIST 1155 142
HIST 1156 149
HIST 1157 128
HIST 1158 169
HIST 1159 161
HIST 1160 142
HIST 1161 125
HIST 1162 146
HIST 1163 138
HIST 1164 147
HIST 1165 158
HIST 1166 134
HIST 1167 147
HIST 1168 121
HIST 1169 145
HIST 1170 154
HIST 1171 146
HIST 1172 156
HIST 1173 138
HIST 1174 141
HIST 1175 120
HIST 1176 142
HIST 1177 144
HIST 1178 135
HIST 1179 176
HIST 1180 139
HIST 1181 159
HIST 1182 136
HIST 1183 165
HIST 1184 132
HIST 1185 139
HIST 1186 161
HIST 1187 138
HIST 1188 136
HIST 1189 148
HIST 1190 141
HIST 1191 148
HIST 1192 147
HIST 1193 124
HIST 1194 150
HIST 1195 150
HIST 1196 138
HIST 1197 146
HIST 1198 133
HIST 1199 123
HIST 1200 171
HIST 1201 144
HIST 1202 142
HIST 1203 162
HIST 1204 132
HIST 1205 159
HIST 1206 150
HIST 1207 160
HIST 1208 126
HIST 1209 157
HIST 1210 144
HIST 1211 142
HIST 1212 139
HIST 1213 159
HIST 1214 136
HIST 1215 131
HIST 1216 143
HIST 1217 143
HIST 1218 157
HIST 1219 136
HIST 1220 134
HIST 1221 133
HIST 1222 174
HIST 1223 129
HIST 1224 156
HIST 1225 152
HIST 1226 145
HIST 1227 145
HIST 1228 157
HIST 1229 149
HIST 1230 113
HIST 1231 139
HIST 1232 132
HIST 1233 121
HIST 1234 149
HIST 1235 149
HIST 1236 143
HIST 1237 131
HIST 1238 137
HIST 1239 147
HIST 1240 129
HIST 1241 134
HIST 1242 148
HIST 1243 150
HIST 1244 159
HIST 1245 140
HIST 1246 143
HIST 1247 158
HIST 1248 121
HIST 1249 152
HIST 1250 132
HIST 1251 121
HIST 1252 125
HIST 1253 143
HIST 1254 145
HIST 1255 148
HIST 1256 140
HIST 1257 160
HIST 1258 144
HIST 1259 152
HIST 1260 169
HIST 1261 169
HIST 1262 133
HIST 1263 132
HIST 1264 137
HIST 1265 127
HIST 1266 139
HIST 1267 154
HIST 1268 122
HIST 1269 149
HIST 1270 129
HIST 1271 142
HIST 1272 140
HIST 1273 146
HIST 1274 173
HIST 1275 135
HIST 1276 144
HIST 1277 132
HIST 1278 136
HIST 1279 130
HIST 1280 143
HIST 1281 115
HIST 1282 142
HIST 1283 155
HIST 1284 127
HIST 1285 129
HIST 1286 128
HIST 1287 142
HIST 1288 136
HIST 1289 151
HIST 1290 150
HIST 1291 132
HIST 1292 153
HIST 1293 142
HIST 1294 145
HIST 1295 161
HIST 1296 144
HIST 1297 129
HIST 1298 137
HIST 1299 167
HIST 1300 138
HIST 1301 153
HIST 1302 135
HIST 1303 143
HIST 1304 138
HIST 1305 158
HIST 1306 148
HIST 1307 149
HIST 1308 155
HIST 1309 146
HIST 1310 150
HIST 1311 139
HIST 1312 137
HIST 1313 130
HIST 1314 143
HIST 1315 148
HIST 1316 139
HIST 1317 145
HIST 1318 147
HIST 1319 141
HIST 1320 152
HIST 1321 157
HIST 1322 120
HIST 1323 139
HIST 1324 155
HIST 1325 119
HIST 1326 146
HIST 1327 139
HIST 1328 143
HIST 1329 115
HIST 1330 140
HIST 1331 151
HIST 1332 108
HIST 1333 141
HIST 1334 131
HIST 1335 128
HIST 1336 143
HIST 1337 158
HIST 1338 148
HIST 1339 147
HIST 1340 136
HIST 1341 150
HIST 1342 117
HIST 1343 128
HIST 1344 144
HIST 1345 140
HIST 1346 165
HIST 1347 158
HIST 1348 127
HIST 1349 148
HIST 1350 135
HIST 1351 138
HIST 1352 143
HIST 1353 159
HIST 1354 131
HIST 1355 136
HIST 1356 132
HIST 1357 148
HIST 1358 158
HIST 1359 157
HIST 1360 146
HIST 1361 130
HIST 1362 145
HIST 1363 147
HIST 1364 145
HIST 1365 132
HIST 1366 146
HIST 1367 151
HIST 1368 137
HIST 1369 140
HIST 1370 156
HIST 1371 130
HIST 1372 144
HIST 1373 150
HIST 1374 179
HIST 1375 149
HIST 1376 136
HIST 1377 132
HIST 1378 140
HIST 1379 139
HIST 1380 138
HIST 1381 131
HIST 1382 130
HIST 1383 147
HIST 1384 139
HIST 1385 153
HIST 1386 140
HIST 1387 137
HIST 1388 147
HIST 1389 142
HIST 1390 120
HIST 1391 134
HIST 1392 114
HIST 1393 152
HIST 1394 146
HIST 1395 161
HIST 1396 157
HIST 1397 148
HIST 1398 139
HIST 1399 156
HIST 1400 170
HIST 1401 147
HIST 1402 118
HIST 1403 138
HIST 1404 164
HIST 1405 132
HIST 1406 165
HIST 1407 165
HIST 1408 149
HIST 1409 165
HIST 1410 142
HIST 1411 154
HIST 1412 140
HIST 1413 133
HIST 1414 133
HIST 1415 165
HIST 1416 147
HIST 1417 152
HIST 1418 130
HIST 1419 144
HIST 1420 161
HIST 1421 131
HIST 1422 126
HIST 1423 172
HIST 1424 133
HIST 1425 140
HIST 1426 144
HIST 1427 144
HIST 1428 146
HIST 1429 150
HIST 1430 132
HIST 1431 137
HIST 1432 148
HIST 1433 151
HIST 1434 151
HIST 1435 163
HIST 1436 133
HIST 1437 149
HIST 1438 136
HIST 1439 151
HIST 1440 146
HIST 1441 131
HIST 1442 149
HIST 1443 137
HIST 1444 148
HIST 1445 147
HIST 1446 148
HIST 1447 133
HIST 1448 162
HIST 1449 134
HIST 1450 137
HIST 1451 155
HIST 1452 146
HIST 1453 136
HIST 1454 135
HIST 1455 143
HIST 1456 135
HIST 1457 171
HIST 1458 140
HIST 1459 148
HIST 1460 144
HIST 1461 133
HIST 1462 135
HIST 1463 154
HIST 1464 135
HIST 1465 145
HIST 1466 163
HIST 1467 110
HIST 1468 158
HIST 1469 147
HIST 1470 153
HIST 1471 138
HIST 1472 135
HIST 1473 156
HIST 1474 140
HIST 1475 149
HIST 1476 166
HIST 1477 135
HIST 1478 134
HIST 1479 152
HIST 1480 154
HIST 1481 151
HIST 1482 166
HIST 1483 136
HIST 1484 134
HIST 1485 147
HIST 1486 146
HIST 1487 135
HIST 1488 143
HIST 1489 142
HIST 1490 145
HIST 1491 132
HIST 1492 156
HIST 1493 151
HIST 1494 144
HIST 1495 142
HIST 1496 168
HIST 1497 139
HIST 1498 150
HIST 1499 160
HIST 1500 150
HIST 1501 139
HIST 1502 144
HIST 1503 141
HIST 1504 149
HIST 1505 150
HIST 1506 137
HIST 1507 149
HIST 1508 123
HIST 1509 175
HIST 1510 149
HIST 1511 153
HIST 1512 137
HIST 1513 151
HIST 1514 149
HIST 1515 138
HIST 1516 170
HIST 1517 163
HIST 1518 159
HIST 1519 139
HIST 1520 155
HIST 1521 138
HIST 1522 140
HIST 1523 131
HIST 1524 134
HIST 1525 153
HIST 1526 155
HIST 1527 150
HIST 1528 161
HIST 1529 140
HIST 1530 154
HIST 1531 146
HIST 1532 139
HIST 1533 152
HIST 1534 145
HIST 1535 151
HIST 1536 158
HIST 1537 158
HIST 1538 156
HIST 1539 159
HIST 1540 124
HIST 1541 157
HIST 1542 167
HIST 1543 153
HIST 1544 167
HIST 1545 144
HIST 1546 151
HIST 1547 161
HIST 1548 144
HIST 1549 136
HIST 1550 147
HIST 1551 150
HIST 1552 157
HIST 1553 165
HIST 1554 152
HIST 1555 139
HIST 1556 145
HIST 1557 155
HIST 1558 153
HIST 1559 153
HIST 1560 154
HIST 1561 158
HIST 1562 155
HIST 1563 161
HIST 1564 155
HIST 1565 148
HIST 1566 148
HIST 1567 127
HIST 1568 161
HIST 1569 144
HIST 1570 169
HIST 1571 154
HIST 1572 160
HIST 1573 133
HIST 1574 143
HIST 1575 159
HIST 1576 154
HIST 1577 150
HIST 1578 153
HIST 1579 142
HIST 1580 146
HIST 1581 145
HIST 1582 149
HIST 1583 166
HIST 1584 147
HIST 1585 157
HIST 1586 138
HIST 1587 145
HIST 1588 157
HIST 1589 149
HIST 1590 173
HIST 1591 164
HIST 1592 156
HIST 1593 9567
HIST 1594 174
HIST 1595 203
HIST 1596 203
HIST 1597 197
HIST 1598 204
HIST 1599 202
HIST 1600 207
HIST 1601 188
HIST 1602 205
HIST 1603 181
HIST 1604 211
HIST 1605 184
HIST 1606 203
HIST 1607 191
HIST 1608 218
HIST 1609 183
HIST 1610 207
HIST 1611 221
HIST 1612 162
HIST 1613 192
HIST 1614 197
HIST 1615 169
HIST 1616 217
HIST 1617 177
HIST 1618 185
HIST 1619 183
HIST 1620 186
HIST 1621 214
HIST 1622 219
HIST 1623 198
HIST 1624 173
HIST 1625 206
HIST 1626 185
HIST 1627 191
HIST 1628 190
HIST 1629 199
HIST 1630 195
HIST 1631 208
HIST 1632 192
HIST 1633 195
HIST 1634 205
HIST 1635 188
HIST 1636 201
HIST 1637 190
HIST 1638 199
HIST 1639 182
HIST 1640 199
HIST 1641 197
HIST 1642 204
HIST 1643 196
HIST 1644 181
HIST 1645 196
HIST 1646 192
HIST 1647 188
HIST 1648 190
HIST 1649 202
HIST 1650 204
HIST 1651 192
HIST 1652 206
HIST 1653 218
HIST 1654 192
HIST 1655 191
HIST 1656 202
HIST 1657 178
HIST 1658 238
HIST 1659 203
HIST 1660 199
HIST 1661 202
HIST 1662 214
HIST 1663 167
HIST 1664 211
HIST 1665 201
HIST 1666 212
HIST 1667 199
HIST 1668 221
HIST 1669 230
HIST 1670 183
HIST 1671 187
HIST 1672 199
HIST 1673 223
HIST 1674 190
HIST 1675 194
HIST 1676 217
HIST 1677 203
HIST 1678 195
HIST 1679 220
HIST 1680 205
HIST 1681 192
HIST 1682 211
HIST 1683 187
HIST 1684 197
HIST 1685 196
HIST 1686 186
HIST 1687 210
HIST 1688 189
HIST 1689 209
HIST 1690 176
HIST 1691 201
HIST 1692 210
HIST 1693 195
HIST 1694 203
HIST 1695 211
HIST 1696 211
HIST 1697 206
HIST 1698 194
HIST 1699 200
HIST 1700 188
HIST 1701 224
HIST 1702 174
HIST 1703 207
HIST 1704 187
HIST 1705 183
HIST 1706 185
HIST 1707 184
HIST 1708 185
HIST 1709 212
HIST 1710 210
HIST 1711 212
HIST 1712 238
HIST 1713 186
HIST 1714 212
HIST 1715 209
HIST 1716 188
HIST 1717 200
HIST 1718 210
HIST 1719 199
HIST 1720 201
HIST 1721 184
HIST 1722 185
HIST 1723 176
HIST 1724 179
HIST 1725 189
HIST 1726 201
HIST 1727 179
HIST 1728 194
HIST 1729 188
HIST 1730 188
HIST 1731 191
HIST 1732 201
HIST 1733 224
HIST 1734 199
HIST 1735 211
HIST 1736 168
HIST 1737 198
HIST 1738 200
HIST 1739 215
HIST 1740 195
HIST 1741 210
HIST 1742 208
HIST 1743 215
HIST 1744 201
HIST 1745 199
HIST 1746 215
HIST 1747 188
HIST 1748 210
HIST 1749 194
HIST 1750 185
HIST 1751 198
HIST 1752 162
HIST 1753 173
HIST 1754 196
HIST 1755 192
HIST 1756 205
HIST 1757 185
HIST 1758 211
HIST 1759 209
HIST 1760 183
HIST 1761 215
HIST 1762 190
HIST 1763 209
HIST 1764 184
HIST 1765 208
HIST 1766 191
HIST 1767 215
HIST 1768 215
HIST 1769 179
HIST 1770 206
HIST 1771 209
HIST 1772 211
HIST 1773 223
HIST 1774 202
HIST 1775 190
HIST 1776 225
HIST 1777 209
HIST 1778 226
HIST 1779 211
HIST 1780 204
HIST 1781 214
HIST 1782 244
HIST 1783 210
HIST 1784 205
HIST 1785 217
HIST 1786 188
HIST 1787 228
HIST 1788 224
HIST 1789 197
HIST 1790 213
HIST 1791 206
HIST 1792 191
HIST 1793 205
HIST 1794 199
HIST 1795 235
HIST 1796 204
HIST 1797 225
HIST 1798 194
HIST 1799 190
HIST 1800 194
HIST 1801 208
HIST 1802 197
HIST 1803 214
HIST 1804 241
HIST 1805 250
HIST 1806 220
HIST 1807 197
HIST 1808 204
HIST 1809 224
HIST 1810 197
HIST 1811 188
HIST 1812 222
HIST 1813 202
HIST 1814 202
HIST 1815 216
HIST 1816 196
HIST 1817 209
HIST 1818 225
HIST 1819 201
HIST 1820 195
HIST 1821 217
HIST 1822 191
HIST 1823 188
HIST 1824 179
HIST 1825 214
HIST 1826 218
HIST 1827 222
HIST 1828 232
HIST 1829 220
HIST 1830 218
HIST 1831 196
HIST 1832 214
HIST 1833 214
HIST 1834 179
HIST 1835 236
HIST 1836 215
HIST 1837 212
HIST 1838 240
HIST 1839 201
HIST 1840 212
HIST 1841 210
HIST 1842 227
HIST 1843 193
HIST 1844 190
HIST 1845 217
HIST 1846 222
HIST 1847 231
HIST 1848 201
HIST 1849 209
HIST 1850 189
HIST 1851 229
HIST 1852 218
HIST 1853 205
HIST 1854 195
HIST 1855 198
HIST 1856 216
HIST 1857 220
HIST 1858 197
HIST 1859 197
HIST 1860 206
HIST 1861 215
HIST 1862 219
HIST 1863 202
HIST 1864 200
HIST 1865 230
HIST 1866 221
HIST 1867 223
HIST 1868 228
HIST 1869 184
HIST 1870 213
HIST 1871 220
HIST 1872 217
HIST 1873 223
HIST 1874 239
HIST 1875 186
HIST 1876 216
HIST 1877 203
HIST 1878 205
HIST 1879 217
HIST 1880 205
HIST 1881 205
HIST 1882 231
HIST 1883 199
HIST 1884 222
HIST 1885 218
HIST 1886 215
HIST 1887 201
HIST 1888 209
HIST 1889 204
HIST 1890 192
HIST 1891 203
HIST 1892 211
HIST 1893 204
HIST 1894 248
HIST 1895 213
HIST 1896 196
HIST 1897 208
HIST 1898 232
HIST 1899 195
HIST 1900 207
HIST 1901 197
HIST 1902 237
HIST 1903 197
HIST 1904 215
HIST 1905 199
HIST 1906 216
HIST 1907 206
HIST 1908 179
HIST 1909 192
HIST 1910 212
HIST 1911 192
HIST 1912 200
HIST 1913 206
HIST 1914 206
HIST 1915 207
HIST 1916 229
HIST 1917 207
HIST 1918 214
HIST 1919 230
HIST 1920 196
HIST 1921 210
HIST 1922 221
HIST 1923 198
HIST 1924 214
HIST 1925 213
HIST 1926 209
HIST 1927 218
HIST 1928 196
HIST 1929 190
HIST 1930 210
HIST 1931 205
HIST 1932 191
HIST 1933 190
HIST 1934 214
HIST 1935 218
HIST 1936 207
HIST 1937 212
HIST 1938 195
HIST 1939 202
HIST 1940 199
HIST 1941 191
HIST 1942 191
HIST 1943 197
HIST 1944 209
HIST 1945 163
HIST 1946 192
HIST 1947 242
HIST 1948 183
HIST 1949 174
HIST 1950 175
HIST 1951 193
HIST 1952 199
HIST 1953 216
HIST 1954 200
HIST 1955 184
HIST 1956 207
HIST 1957 206
HIST 1958 169
HIST 1959 199
HIST 1960 192
HIST 1961 182
HIST 1962 199
HIST 1963 211
HIST 1964 166
HIST 1965 201
HIST 1966 203
HIST 1967 189
HIST 1968 192
HIST 1969 205
HIST 1970 205
HIST 1971 215
HIST 1972 205
HIST 1973 199
HIST 1974 222
HIST 1975 176
HIST 1976 207
HIST 1977 194
HIST 1978 208
HIST 1979 198
HIST 1980 207
HIST 1981 211
HIST 1982 178
HIST 1983 175
HIST 1984 195
HIST 1985 212
HIST 1986 178
HIST 1987 188
HIST 1988 227
HIST 1989 224
HIST 1990 211
HIST 1991 206
HIST 1992 201
HIST 1993 206
HIST 1994 172
HIST 1995 227
HIST 1996 194
HIST 1997 226
HIST 1998 208
HIST 1999 216
HIST 2000 204
HIST 2001 206
HIST 2002 216
HIST 2003 182
HIST 2004 182
HIST 2005 214
HIST 2006 182
HIST 2007 209
HIST 2008 184
HIST 2009 204
HIST 2010 187
HIST 2011 210
HIST 2012 190
HIST 2013 214
HIST 2014 204
HIST 2015 212
HIST 2016 214
HIST 2017 189
HIST 2018 208
HIST 2019 215
HIST 2020 209
HIST 2021 220
HIST 2022 193
HIST 2023 199
HIST 2024 182
HIST 2025 211
HIST 2026 208
HIST 2027 231
HIST 2028 224
HIST 2029 184
HIST 2030 221
HIST 2031 193
HIST 2032 211
HIST 2033 210
HIST 2034 228
HIST 2035 210
HIST 2036 202
HIST 2037 212
HIST 2038 216
HIST 2039 216
HIST 2040 187
HIST 2041 220
HIST 2042 194
HIST 2043 199
HIST 2044 208
HIST 2045 188
HIST 2046 224
HIST 2047 214
HIST 2048 214
HIST 2049 201
HIST 2050 217
HIST 2051 234
HIST 2052 194
HIST 2053 216
HIST 2054 233
HIST 2055 199
HIST 2056 181
HIST 2057 204
HIST 2058 219
HIST 2059 211
HIST 2060 223
HIST 2061 211
HIST 2062 200
HIST 2063 242
HIST 2064 209
HIST 2065 217
HIST 2066 221
HIST 2067 191
HIST 2068 197
HIST 2069 203
HIST 2070 202
HIST 2071 211
HIST 2072 218
HIST 2073 189
HIST 2074 177
HIST 2075 281
HIST 2076 230
HIST 2077 238
HIST 2078 225
HIST 2079 242
HIST 2080 243
HIST 2081 199
HIST 2082 223
HIST 2083 213
HIST 2084 204
HIST 2085 223
HIST 2086 216
HIST 2087 187
HIST 2088 219
HIST 2089 217
HIST 2090 214
HIST 2091 215
HIST 2092 230
HIST 2093 204
HIST 2094 225
HIST 2095 222
HIST 2096 243
HIST 2097 220
HIST 2098 261
HIST 2099 212
HIST 2100 186
HIST 2101 237
HIST 2102 227
HIST 2103 224
HIST 2104 25161
HIST 2105 235
HIST 2106 267
HIST 2107 253
HIST 2108 253
HIST 2109 237
HIST 2110 273
HIST 2111 282
HIST 2112 255
HIST 2113 237
HIST 2114 266
HIST 2115 251
HIST 2116 256
HIST 2117 295
HIST 2118 279
HIST 2119 235
HIST 2120 265
HIST 2121 297
HIST 2122 263
HIST 2123 273
HIST 2124 275
HIST 2125 256
HIST 2126 256
HIST 2127 268
HIST 2128 272
HIST 2129 260
HIST 2130 283
HIST 2131 244
HIST 2132 280
HIST 2133 272
HIST 2134 279
HIST 2135 283
HIST 2136 285
HIST 2137 246
HIST 2138 256
HIST 2139 295
HIST 2140 292
HIST 2141 253
HIST 2142 260
HIST 2143 244
HIST 2144 265
HIST 2145 273
HIST 2146 279
HIST 2147 253
HIST 2148 275
HIST 2149 262
HIST 2150 278
HIST 2151 250
HIST 2152 245
HIST 2153 243
HIST 2154 246
HIST 2155 284
HIST 2156 289
HIST 2157 248
HIST 2158 265
HIST 2159 264
HIST 2160 285
HIST 2161 265
HIST 2162 259
HIST 2163 267
HIST 2164 258
HIST 2165 233
HIST 2166 242
HIST 2167 267
HIST 2168 257
HIST 2169 229
HIST 2170 273
HIST 2171 277
HIST 2172 277
HIST 2173 246
HIST 2174 274
HIST 2175 262
HIST 2176 285
HIST 2177 288
HIST 2178 250
HIST 2179 276
HIST 2180 270
HIST 2181 271
HIST 2182 248
HIST 2183 283
HIST 2184 240
HIST 2185 273
HIST 2186 260
HIST 2187 248
HIST 2188 248
HIST 2189 266
HIST 2190 265
HIST 2191 274
HIST 2192 284
HIST 2193 286
HIST 2194 259
HIST 2195 276
HIST 2196 300
HIST 2197 274
HIST 2198 280
HIST 2199 264
HIST 2200 272
HIST 2201 297
HIST 2202 291
HIST 2203 252
HIST 2204 299
HIST 2205 266
HIST 2206 284
HIST 2207 280
HIST 2208 271
HIST 2209 265
HIST 2210 275
HIST 2211 278
HIST 2212 245
HIST 2213 327
HIST 2214 250
HIST 2215 301
HIST 2216 282
HIST 2217 268
HIST 2218 288
HIST 2219 274
HIST 2220 304
HIST 2221 290
HIST 2222 292
HIST 2223 288
HIST 2224 279
HIST 2225 285
HIST 2226 277
HIST 2227 272
HIST 2228 296
HIST 2229 296
HIST 2230 317
HIST 2231 271
HIST 2232 309
HIST 2233 293
HIST 2234 274
HIST 2235 275
HIST 2236 276
HIST 2237 282
HIST 2238 283
HIST 2239 267
HIST 2240 278
HIST 2241 288
HIST 2242 293
HIST 2243 293
HIST 2244 296
HIST 2245 297
HIST 2246 300
HIST 2247 275
HIST 2248 314
HIST 2249 285
HIST 2250 299
HIST 2251 285
HIST 2252 285
HIST 2253 289
HIST 2254 297
HIST 2255 300
HIST 2256 309
HIST 2257 289
HIST 2258 294
HIST 2259 270
HIST 2260 317
HIST 2261 311
HIST 2262 292
HIST 2263 300
HIST 2264 280
HIST 2265 287
HIST 2266 279
HIST 2267 281
HIST 2268 283
HIST 2269 290
HIST 2270 268
HIST 2271 307
HIST 2272 303
HIST 2273 262
HIST 2274 299
HIST 2275 310
HIST 2276 315
HIST 2277 324
HIST 2278 296
HIST 2279 344
HIST 2280 290
HIST 2281 318
HIST 2282 279
HIST 2283 335
HIST 2284 288
HIST 2285 288
HIST 2286 301
HIST 2287 310
HIST 2288 322
HIST 2289 301
HIST 2290 328
HIST 2291 325
HIST 2292 304
HIST 2293 298
HIST 2294 327
HIST 2295 307
HIST 2296 290
HIST 2297 324
HIST 2298 305
HIST 2299 314
HIST 2300 280
HIST 2301 324
HIST 2302 290
HIST 2303 318
HIST 2304 315
HIST 2305 302
HIST 2306 320
HIST 2307 340
HIST 2308 285
HIST 2309 308
HIST 2310 313
HIST 2311 296
HIST 2312 305
HIST 2313 310
HIST 2314 336
HIST 2315 282
HIST 2316 269
HIST 2317 316
HIST 2318 307
HIST 2319 300
HIST 2320 298
HIST 2321 306
HIST 2322 355
HIST 2323 341
HIST 2324 293
HIST 2325 322
HIST 2326 322
HIST 2327 327
HIST 2328 343
HIST 2329 331
HIST 2330 280
HIST 2331 291
HIST 2332 347
HIST 2333 344
HIST 2334 311
HIST 2335 295
HIST 2336 339
HIST 2337 327
HIST 2338 343
HIST 2339 323
HIST 2340 302
HIST 2341 322
HIST 2342 317
HIST 2343 300
HIST 2344 312
HIST 2345 344
HIST 2346 359
HIST 2347 330
HIST 2348 346
HIST 2349 324
HIST 2350 314
HIST 2351 339
HIST 2352 353
HIST 2353 326
HIST 2354 312
HIST 2355 343
HIST 2356 309
HIST 2357 315
HIST 2358 316
HIST 2359 299
HIST 2360 360
HIST 2361 325
HIST 2362 345
HIST 2363 317
HIST 2364 321
HIST 2365 305
HIST 2366 329
HIST 2367 316
HIST 2368 306
HIST 2369 290
HIST 2370 325
HIST 2371 328
HIST 2372 304
HIST 2373 323
HIST 2374 282
HIST 2375 299
HIST 2376 320
HIST 2377 308
HIST 2378 302
HIST 2379 310
HIST 2380 291
HIST 2381 283
HIST 2382 279
HIST 2383 241
HIST 2384 191
HIST 2385 209
HIST 2386 208
HIST 2387 202
HIST 2388 194
HIST 2389 187
HIST 2390 183
HIST 2391 173
HIST 2392 194
HIST 2393 176
HIST 2394 164
HIST 2395 167
HIST 2396 174
HIST 2397 156
HIST 2398 164
HIST 2399 168
HIST 2400 178
HIST 2401 156
HIST 2402 173
HIST 2403 146
HIST 2404 154
HIST 2405 120
HIST 2406 154
HIST 2407 152
HIST 2408 135
HIST 2409 145
HIST 2410 148
HIST 2411 128
HIST 2412 132
HIST 2413 109
HIST 2414 133
HIST 2415 124
HIST 2416 140
HIST 2417 114
HIST 2418 104
HIST 2419 110
HIST 2420 119
HIST 2421 111
HIST 2422 108
HIST 2423 109
HIST 2424 102
HIST 2425 119
HIST 2426 119
HIST 2427 103
HIST 2428 102
HIST 2429 108
HIST 2430 106
HIST 2431 99
HIST 2432 106
HIST 2433 108
HIST 2434 94
HIST 2435 96
HIST 2436 89
HIST 2437 68
HIST 2438 81
HIST 2439 92
HIST 2440 108
HIST 2441 96
HIST 2442 95
HIST 2443 76
HIST 2444 80
HIST 2445 94
HIST 2446 72
HIST 2447 71
HIST 2448 76
HIST 2449 75
HIST 2450 74
HIST 2451 74
HIST 2452 60
HIST 2453 54
HIST 2454 59
HIST 2455 72
HIST 2456 63
HIST 2457 56
HIST 2458 64
HIST 2459 51
HIST 2460 59
HIST 2461 46
HIST 2462 76
HIST 2463 67
HIST 2464 57
HIST 2465 52
HIST 2466 59
HIST 2467 42
HIST 2468 49
HIST 2469 43
HIST 2470 56
HIST 2471 38
HIST 2472 59
HIST 2473 48
HIST 2474 47
HIST 2475 59
HIST 2476 51
HIST 2477 41
HIST 2478 40
HIST 2479 47
HIST 2480 34
HIST 2481 28
HIST 2482 39
HIST 2483 43
HIST 2484 48
HIST 2485 38
HIST 2486 40
HIST 2487 36
HIST 2488 30
HIST 2489 31
HIST 2490 29
HIST 2491 24
HIST 2492 37
HIST 2493 32
HIST 2494 25
HIST 2495 40
HIST 2496 43
HIST 2497 44
HIST 2498 40
HIST 2499 34
HIST 2500 33
HIST 2501 31
HIST 2502 27
HIST 2503 32
HIST 2504 34
HIST 2505 28
HIST 2506 27
HIST 2507 26
HIST 2508 24
HIST 2509 27
HIST 2510 29
HIST 2511 20
HIST 2512 28
HIST 2513 24
HIST 2514 26
HIST 2515 28
HIST 2516 23
HIST 2517 21
HIST 2518 19
HIST 2519 24
HIST 2520 22
HIST 2521 14
HIST 2522 17
HIST 2523 26
HIST 2524 25
HIST 2525 25
HIST 2526 29
HIST 2527 25
HIST 2528 17
HIST 2529 27
HIST 2530 19
HIST 2531 18
HIST 2532 13
HIST 2533 19
HIST 2534 21
HIST 2535 15
HIST 2536 17
HIST 2537 22
HIST 2538 12
HIST 2539 18
HIST 2540 12
HIST 2541 18
HIST 2542 14
HIST 2543 22
HIST 2544 17
HIST 2545 20
HIST 2546 15
HIST 2547 14
HIST 2548 12
HIST 2549 15
HIST 2550 16
HIST 2551 16
HIST 2552 12
HIST 2553 9
HIST 2554 12
HIST 2555 5
HIST 2556 14
HIST 2557 18
HIST 2558 13
HIST 2559 12
HIST 2560 19
HIST 2561 11
HIST 2562 9
HIST 2563 18
HIST 2564 12
HIST 2565 14
HIST 2566 9
HIST 2567 12
HIST 2568 11
HIST 2569 13
HIST 2570 13
HIST 2571 10
HIST 2572 8
HIST 2573 7
HIST 2574 8
HIST 2575 16
HIST 2576 13
HIST 2577 10
HIST 2578 14
HIST 2579 8
HIST 2580 7
HIST 2581 31
HIST 2582 73
HIST 2583 10
HIST 2584 10
HIST 2585 11
HIST 2586 273
HIST 2587 3
HIST 2588 7
HIST 2589 9
HIST 2590 11
HIST 2591 12
HIST 2592 7
HIST 2593 13
HIST 2594 11
HIST 2595 4
HIST 2596 4
HIST 2597 6
HIST 2598 14
HIST 2599 17
HIST 2600 4
HIST 2601 10
HIST 2602 9
HIST 2603 6
HIST 2604 10
HIST 2605 8
HIST 2606 11
HIST 2607 5
HIST 2608 9
HIST 2609 4
HIST 2610 6
HIST 2611 15
HIST 2612 15
HIST 2613 8
HIST 2614 6
HIST 2615 124354
HISTEND
ESCPOP decays=8000000 own_exit=20203 carry_exit=20332 own_return=4047 same=4039 other=8 noface=0 lineage_gamma_out=2314 lineage_lepton_out=7560 killed_gamma=0 killed_lepton=0 facemiss=0 lineage_inside=0 out_lepton=9742064 out_brem_gamma=498922 killed_out_brem=498922
