SETUP correlatedGamma=0 twoJmax=10 vacuum=1 seed=0 killesc=0 killcarry=0 fullcarry=0 histbin=1.000 histbins=2616 iontag=0 escpop=1 killescown=0 killesccarry=0 killret=0 killretsame=0 killretother=0 killescbrem=1 killescdelta=0
CUTS (production thresholds per material couple):
 Material : G4_Galactic
 Range cuts        :  gamma  1 mm     e-  1 mm     e+  1 mm  proton 1 mm 
 Energy thresholds :  gamma  990 eV     e-  990 eV     e+  990 eV  proton 100 keV
 Material : scene_mat_4
 Range cuts        :  gamma  1 mm     e-  1 mm     e+  1 mm  proton 1 mm 
 Energy thresholds :  gamma  38.9651 keV    e-  738.26 keV    e+  703.709 keV proton 100 keV
 Material : scene_mat_3
 Range cuts        :  gamma  1 mm     e-  1 mm     e+  1 mm  proton 1 mm 
 Energy thresholds :  gamma  6.91691 keV    e-  597.603 keV    e+  574.29 keV proton 100 keV
 Material : scene_mat_2
 Range cuts        :  gamma  1 mm     e-  1 mm     e+  1 mm  proton 1 mm 
 Energy thresholds :  gamma  990 eV     e-  990 eV     e+  990 eV  proton 100 keV
 Material : scene_mat_1
 Range cuts        :  gamma  1 mm     e-  1 mm     e+  1 mm  proton 1 mm 
 Energy thresholds :  gamma  3.38683 keV    e-  268.033 keV    e+  261.068 keV proton 100 keV
 Material : scene_mat_0
 Range cuts        :  gamma  1 mm     e-  1 mm     e+  1 mm  proton 1 mm 
 Energy thresholds :  gamma  29.856 keV    e-  620.515 keV    e+  592.153 keV proton 100 keV
RESULT decays=8000000
RESULT any=702694 eps_total=8.783675e-02
RESULT window=2614.511 counts=124247 eps=1.553087e-02
HISTBEGIN bins=2616 bin_kev=1.000000 decays=8000000
HIST 0 69
HIST 1 237
HIST 2 217
HIST 3 222
HIST 4 216
HIST 5 293
HIST 6 267
HIST 7 256
HIST 8 267
HIST 9 295
HIST 10 252
HIST 11 258
HIST 12 250
HIST 13 253
HIST 14 286
HIST 15 266
HIST 16 289
HIST 17 284
HIST 18 285
HIST 19 257
HIST 20 309
HIST 21 309
HIST 22 320
HIST 23 310
HIST 24 282
HIST 25 284
HIST 26 302
HIST 27 303
HIST 28 292
HIST 29 291
HIST 30 336
HIST 31 317
HIST 32 521
HIST 33 483
HIST 34 345
HIST 35 318
HIST 36 384
HIST 37 343
HIST 38 336
HIST 39 280
HIST 40 320
HIST 41 323
HIST 42 299
HIST 43 269
HIST 44 304
HIST 45 295
HIST 46 280
HIST 47 316
HIST 48 264
HIST 49 288
HIST 50 293
HIST 51 294
HIST 52 305
HIST 53 290
HIST 54 270
HIST 55 313
HIST 56 285
HIST 57 291
HIST 58 304
HIST 59 300
HIST 60 302
HIST 61 269
HIST 62 311
HIST 63 278
HIST 64 306
HIST 65 323
HIST 66 309
HIST 67 306
HIST 68 323
HIST 69 330
HIST 70 305
HIST 71 288
HIST 72 319
HIST 73 310
HIST 74 297
HIST 75 366
HIST 76 295
HIST 77 361
HIST 78 319
HIST 79 308
HIST 80 293
HIST 81 279
HIST 82 312
HIST 83 310
HIST 84 318
HIST 85 306
HIST 86 316
HIST 87 312
HIST 88 341
HIST 89 294
HIST 90 882
HIST 91 322
HIST 92 311
HIST 93 289
HIST 94 1317
HIST 95 313
HIST 96 312
HIST 97 317
HIST 98 305
HIST 99 287
HIST 100 298
HIST 101 304
HIST 102 291
HIST 103 292
HIST 104 295
HIST 105 470
HIST 106 582
HIST 107 302
HIST 108 298
HIST 109 443
HIST 110 310
HIST 111 287
HIST 112 277
HIST 113 320
HIST 114 289
HIST 115 303
HIST 116 290
HIST 117 294
HIST 118 291
HIST 119 276
HIST 120 301
HIST 121 300
HIST 122 287
HIST 123 295
HIST 124 283
HIST 125 292
HIST 126 339
HIST 127 316
HIST 128 338
HIST 129 331
HIST 130 295
HIST 131 287
HIST 132 340
HIST 133 329
HIST 134 302
HIST 135 288
HIST 136 315
HIST 137 293
HIST 138 297
HIST 139 340
HIST 140 361
HIST 141 334
HIST 142 339
HIST 143 320
HIST 144 332
HIST 145 349
HIST 146 343
HIST 147 315
HIST 148 287
HIST 149 340
HIST 150 286
HIST 151 320
HIST 152 324
HIST 153 354
HIST 154 341
HIST 155 341
HIST 156 341
HIST 157 311
HIST 158 307
HIST 159 309
HIST 160 331
HIST 161 335
HIST 162 366
HIST 163 323
HIST 164 344
HIST 165 315
HIST 166 327
HIST 167 325
HIST 168 327
HIST 169 325
HIST 170 314
HIST 171 336
HIST 172 313
HIST 173 317
HIST 174 303
HIST 175 319
HIST 176 362
HIST 177 326
HIST 178 335
HIST 179 353
HIST 180 343
HIST 181 296
HIST 182 345
HIST 183 276
HIST 184 342
HIST 185 344
HIST 186 346
HIST 187 341
HIST 188 362
HIST 189 331
HIST 190 307
HIST 191 309
HIST 192 320
HIST 193 309
HIST 194 350
HIST 195 317
HIST 196 361
HIST 197 343
HIST 198 357
HIST 199 337
HIST 200 326
HIST 201 322
HIST 202 327
HIST 203 328
HIST 204 319
HIST 205 347
HIST 206 328
HIST 207 378
HIST 208 331
HIST 209 404
HIST 210 359
HIST 211 346
HIST 212 354
HIST 213 359
HIST 214 346
HIST 215 317
HIST 216 354
HIST 217 319
HIST 218 292
HIST 219 340
HIST 220 320
HIST 221 310
HIST 222 309
HIST 223 333
HIST 224 305
HIST 225 343
HIST 226 307
HIST 227 337
HIST 228 338
HIST 229 336
HIST 230 347
HIST 231 338
HIST 232 348
HIST 233 385
HIST 234 415
HIST 235 385
HIST 236 403
HIST 237 372
HIST 238 369
HIST 239 1058
HIST 240 367
HIST 241 440
HIST 242 394
HIST 243 387
HIST 244 409
HIST 245 388
HIST 246 399
HIST 247 381
HIST 248 394
HIST 249 400
HIST 250 360
HIST 251 383
HIST 252 388
HIST 253 362
HIST 254 391
HIST 255 416
HIST 256 353
HIST 257 392
HIST 258 376
HIST 259 372
HIST 260 375
HIST 261 359
HIST 262 397
HIST 263 401
HIST 264 398
HIST 265 413
HIST 266 402
HIST 267 362
HIST 268 412
HIST 269 381
HIST 270 438
HIST 271 382
HIST 272 429
HIST 273 404
HIST 274 387
HIST 275 383
HIST 276 371
HIST 277 428
HIST 278 379
HIST 279 395
HIST 280 403
HIST 281 380
HIST 282 407
HIST 283 395
HIST 284 420
HIST 285 381
HIST 286 387
HIST 287 373
HIST 288 371
HIST 289 364
HIST 290 362
HIST 291 365
HIST 292 405
HIST 293 410
HIST 294 411
HIST 295 422
HIST 296 373
HIST 297 391
HIST 298 383
HIST 299 406
HIST 300 401
HIST 301 369
HIST 302 363
HIST 303 429
HIST 304 370
HIST 305 382
HIST 306 391
HIST 307 404
HIST 308 353
HIST 309 349
HIST 310 395
HIST 311 360
HIST 312 372
HIST 313 396
HIST 314 369
HIST 315 382
HIST 316 364
HIST 317 357
HIST 318 368
HIST 319 340
HIST 320 360
HIST 321 385
HIST 322 338
HIST 323 347
HIST 324 373
HIST 325 347
HIST 326 344
HIST 327 343
HIST 328 402
HIST 329 379
HIST 330 390
HIST 331 354
HIST 332 392
HIST 333 349
HIST 334 388
HIST 335 379
HIST 336 357
HIST 337 337
HIST 338 515
HIST 339 341
HIST 340 362
HIST 341 351
HIST 342 332
HIST 343 330
HIST 344 310
HIST 345 335
HIST 346 346
HIST 347 341
HIST 348 321
HIST 349 323
HIST 350 328
HIST 351 337
HIST 352 324
HIST 353 329
HIST 354 323
HIST 355 350
HIST 356 343
HIST 357 331
HIST 358 322
HIST 359 310
HIST 360 317
HIST 361 305
HIST 362 298
HIST 363 339
HIST 364 297
HIST 365 314
HIST 366 310
HIST 367 317
HIST 368 311
HIST 369 300
HIST 370 288
HIST 371 308
HIST 372 337
HIST 373 296
HIST 374 315
HIST 375 292
HIST 376 279
HIST 377 293
HIST 378 328
HIST 379 319
HIST 380 315
HIST 381 308
HIST 382 306
HIST 383 292
HIST 384 298
HIST 385 281
HIST 386 324
HIST 387 296
HIST 388 308
HIST 389 288
HIST 390 283
HIST 391 277
HIST 392 300
HIST 393 275
HIST 394 315
HIST 395 306
HIST 396 298
HIST 397 258
HIST 398 293
HIST 399 279
HIST 400 283
HIST 401 275
HIST 402 296
HIST 403 329
HIST 404 282
HIST 405 299
HIST 406 315
HIST 407 262
HIST 408 299
HIST 409 268
HIST 410 280
HIST 411 266
HIST 412 295
HIST 413 259
HIST 414 274
HIST 415 279
HIST 416 256
HIST 417 301
HIST 418 286
HIST 419 276
HIST 420 279
HIST 421 247
HIST 422 255
HIST 423 292
HIST 424 265
HIST 425 320
HIST 426 274
HIST 427 295
HIST 428 248
HIST 429 283
HIST 430 267
HIST 431 236
HIST 432 248
HIST 433 255
HIST 434 267
HIST 435 252
HIST 436 224
HIST 437 288
HIST 438 242
HIST 439 265
HIST 440 250
HIST 441 254
HIST 442 264
HIST 443 262
HIST 444 236
HIST 445 271
HIST 446 303
HIST 447 237
HIST 448 276
HIST 449 252
HIST 450 244
HIST 451 264
HIST 452 246
HIST 453 228
HIST 454 277
HIST 455 243
HIST 456 240
HIST 457 257
HIST 458 241
HIST 459 236
HIST 460 245
HIST 461 233
HIST 462 257
HIST 463 285
HIST 464 241
HIST 465 219
HIST 466 211
HIST 467 258
HIST 468 235
HIST 469 219
HIST 470 219
HIST 471 261
HIST 472 225
HIST 473 288
HIST 474 226
HIST 475 227
HIST 476 225
HIST 477 223
HIST 478 258
HIST 479 239
HIST 480 237
HIST 481 237
HIST 482 225
HIST 483 244
HIST 484 246
HIST 485 249
HIST 486 235
HIST 487 248
HIST 488 239
HIST 489 234
HIST 490 241
HIST 491 245
HIST 492 229
HIST 493 236
HIST 494 229
HIST 495 203
HIST 496 224
HIST 497 241
HIST 498 237
HIST 499 250
HIST 500 235
HIST 501 211
HIST 502 203
HIST 503 209
HIST 504 214
HIST 505 221
HIST 506 218
HIST 507 196
HIST 508 216
HIST 509 223
HIST 510 208
HIST 511 12159
HIST 512 212
HIST 513 238
HIST 514 198
HIST 515 215
HIST 516 202
HIST 517 199
HIST 518 214
HIST 519 205
HIST 520 210
HIST 521 201
HIST 522 222
HIST 523 192
HIST 524 168
HIST 525 204
HIST 526 214
HIST 527 218
HIST 528 232
HIST 529 187
HIST 530 221
HIST 531 221
HIST 532 209
HIST 533 180
HIST 534 206
HIST 535 200
HIST 536 210
HIST 537 175
HIST 538 212
HIST 539 223
HIST 540 203
HIST 541 220
HIST 542 226
HIST 543 202
HIST 544 197
HIST 545 232
HIST 546 195
HIST 547 199
HIST 548 220
HIST 549 187
HIST 550 212
HIST 551 221
HIST 552 212
HIST 553 192
HIST 554 192
HIST 555 187
HIST 556 182
HIST 557 203
HIST 558 196
HIST 559 212
HIST 560 212
HIST 561 187
HIST 562 204
HIST 563 191
HIST 564 174
HIST 565 185
HIST 566 198
HIST 567 191
HIST 568 210
HIST 569 191
HIST 570 189
HIST 571 213
HIST 572 185
HIST 573 193
HIST 574 198
HIST 575 187
HIST 576 208
HIST 577 221
HIST 578 177
HIST 579 206
HIST 580 191
HIST 581 192
HIST 582 200
HIST 583 448
HIST 584 191
HIST 585 201
HIST 586 192
HIST 587 190
HIST 588 187
HIST 589 176
HIST 590 195
HIST 591 199
HIST 592 200
HIST 593 187
HIST 594 191
HIST 595 187
HIST 596 200
HIST 597 183
HIST 598 206
HIST 599 191
HIST 600 203
HIST 601 200
HIST 602 191
HIST 603 189
HIST 604 176
HIST 605 205
HIST 606 213
HIST 607 189
HIST 608 161
HIST 609 150
HIST 610 195
HIST 611 183
HIST 612 191
HIST 613 177
HIST 614 189
HIST 615 158
HIST 616 180
HIST 617 184
HIST 618 156
HIST 619 170
HIST 620 194
HIST 621 222
HIST 622 186
HIST 623 180
HIST 624 190
HIST 625 218
HIST 626 166
HIST 627 200
HIST 628 173
HIST 629 206
HIST 630 178
HIST 631 167
HIST 632 180
HIST 633 160
HIST 634 166
HIST 635 171
HIST 636 215
HIST 637 160
HIST 638 173
HIST 639 166
HIST 640 180
HIST 641 180
HIST 642 181
HIST 643 170
HIST 644 166
HIST 645 174
HIST 646 173
HIST 647 178
HIST 648 155
HIST 649 184
HIST 650 172
HIST 651 189
HIST 652 194
HIST 653 179
HIST 654 180
HIST 655 179
HIST 656 182
HIST 657 187
HIST 658 203
HIST 659 186
HIST 660 180
HIST 661 154
HIST 662 168
HIST 663 180
HIST 664 184
HIST 665 166
HIST 666 180
HIST 667 192
HIST 668 155
HIST 669 193
HIST 670 192
HIST 671 159
HIST 672 168
HIST 673 177
HIST 674 167
HIST 675 187
HIST 676 191
HIST 677 197
HIST 678 203
HIST 679 169
HIST 680 176
HIST 681 184
HIST 682 168
HIST 683 154
HIST 684 153
HIST 685 177
HIST 686 179
HIST 687 166
HIST 688 168
HIST 689 170
HIST 690 153
HIST 691 154
HIST 692 167
HIST 693 193
HIST 694 168
HIST 695 173
HIST 696 159
HIST 697 163
HIST 698 162
HIST 699 172
HIST 700 168
HIST 701 159
HIST 702 157
HIST 703 174
HIST 704 168
HIST 705 162
HIST 706 154
HIST 707 167
HIST 708 150
HIST 709 149
HIST 710 195
HIST 711 181
HIST 712 163
HIST 713 179
HIST 714 173
HIST 715 170
HIST 716 189
HIST 717 186
HIST 718 148
HIST 719 157
HIST 720 175
HIST 721 207
HIST 722 160
HIST 723 160
HIST 724 206
HIST 725 170
HIST 726 174
HIST 727 207
HIST 728 144
HIST 729 163
HIST 730 173
HIST 731 163
HIST 732 159
HIST 733 164
HIST 734 181
HIST 735 187
HIST 736 191
HIST 737 157
HIST 738 178
HIST 739 159
HIST 740 154
HIST 741 186
HIST 742 157
HIST 743 146
HIST 744 166
HIST 745 142
HIST 746 163
HIST 747 183
HIST 748 176
HIST 749 157
HIST 750 230
HIST 751 169
HIST 752 165
HIST 753 163
HIST 754 162
HIST 755 167
HIST 756 172
HIST 757 153
HIST 758 148
HIST 759 178
HIST 760 181
HIST 761 160
HIST 762 153
HIST 763 179
HIST 764 154
HIST 765 177
HIST 766 168
HIST 767 164
HIST 768 158
HIST 769 160
HIST 770 166
HIST 771 171
HIST 772 178
HIST 773 137
HIST 774 162
HIST 775 139
HIST 776 146
HIST 777 165
HIST 778 175
HIST 779 163
HIST 780 181
HIST 781 187
HIST 782 171
HIST 783 158
HIST 784 165
HIST 785 162
HIST 786 161
HIST 787 171
HIST 788 173
HIST 789 160
HIST 790 150
HIST 791 150
HIST 792 148
HIST 793 138
HIST 794 133
HIST 795 195
HIST 796 143
HIST 797 150
HIST 798 151
HIST 799 170
HIST 800 147
HIST 801 146
HIST 802 148
HIST 803 148
HIST 804 166
HIST 805 146
HIST 806 155
HIST 807 176
HIST 808 176
HIST 809 179
HIST 810 170
HIST 811 163
HIST 812 170
HIST 813 177
HIST 814 164
HIST 815 150
HIST 816 158
HIST 817 151
HIST 818 179
HIST 819 165
HIST 820 158
HIST 821 170
HIST 822 179
HIST 823 154
HIST 824 170
HIST 825 153
HIST 826 144
HIST 827 164
HIST 828 137
HIST 829 159
HIST 830 166
HIST 831 161
HIST 832 163
HIST 833 153
HIST 834 157
HIST 835 138
HIST 836 202
HIST 837 180
HIST 838 158
HIST 839 179
HIST 840 150
HIST 841 141
HIST 842 160
HIST 843 135
HIST 844 152
HIST 845 135
HIST 846 133
HIST 847 137
HIST 848 175
HIST 849 166
HIST 850 152
HIST 851 146
HIST 852 152
HIST 853 151
HIST 854 137
HIST 855 143
HIST 856 148
HIST 857 152
HIST 858 170
HIST 859 129
HIST 860 167
HIST 861 161
HIST 862 168
HIST 863 130
HIST 864 146
HIST 865 154
HIST 866 153
HIST 867 152
HIST 868 154
HIST 869 159
HIST 870 152
HIST 871 152
HIST 872 151
HIST 873 164
HIST 874 177
HIST 875 150
HIST 876 148
HIST 877 139
HIST 878 177
HIST 879 160
HIST 880 151
HIST 881 155
HIST 882 163
HIST 883 149
HIST 884 134
HIST 885 144
HIST 886 176
HIST 887 148
HIST 888 150
HIST 889 154
HIST 890 160
HIST 891 157
HIST 892 128
HIST 893 131
HIST 894 159
HIST 895 141
HIST 896 135
HIST 897 148
HIST 898 155
HIST 899 153
HIST 900 150
HIST 901 143
HIST 902 148
HIST 903 155
HIST 904 163
HIST 905 163
HIST 906 173
HIST 907 159
HIST 908 143
HIST 909 163
HIST 910 157
HIST 911 340
HIST 912 140
HIST 913 140
HIST 914 169
HIST 915 161
HIST 916 151
HIST 917 136
HIST 918 141
HIST 919 150
HIST 920 140
HIST 921 166
HIST 922 187
HIST 923 162
HIST 924 146
HIST 925 143
HIST 926 160
HIST 927 152
HIST 928 141
HIST 929 160
HIST 930 142
HIST 931 147
HIST 932 138
HIST 933 144
HIST 934 147
HIST 935 145
HIST 936 163
HIST 937 130
HIST 938 149
HIST 939 141
HIST 940 143
HIST 941 157
HIST 942 141
HIST 943 156
HIST 944 145
HIST 945 151
HIST 946 138
HIST 947 139
HIST 948 165
HIST 949 153
HIST 950 176
HIST 951 153
HIST 952 147
HIST 953 162
HIST 954 152
HIST 955 172
HIST 956 153
HIST 957 116
HIST 958 163
HIST 959 180
HIST 960 147
HIST 961 120
HIST 962 142
HIST 963 126
HIST 964 151
HIST 965 174
HIST 966 171
HIST 967 147
HIST 968 153
HIST 969 261
HIST 970 139
HIST 971 158
HIST 972 154
HIST 973 148
HIST 974 146
HIST 975 159
HIST 976 163
HIST 977 165
HIST 978 163
HIST 979 151
HIST 980 155
HIST 981 153
HIST 982 125
HIST 983 144
HIST 984 162
HIST 985 132
HIST 986 148
HIST 987 152
HIST 988 141
HIST 989 156
HIST 990 149
HIST 991 157
HIST 992 140
HIST 993 161
HIST 994 157
HIST 995 140
HIST 996 143
HIST 997 129
HIST 998 145
HIST 999 139
HIST 1000 144
HIST 1001 147
HIST 1002 139
HIST 1003 137
HIST 1004 133
HIST 1005 133
HIST 1006 166
HIST 1007 159
HIST 1008 146
HIST 1009 151
HIST 1010 143
HIST 1011 136
HIST 1012 163
HIST 1013 139
HIST 1014 174
HIST 1015 140
HIST 1016 139
HIST 1017 169
HIST 1018 147
HIST 1019 147
HIST 1020 142
HIST 1021 141
HIST 1022 174
HIST 1023 165
HIST 1024 141
HIST 1025 163
HIST 1026 142
HIST 1027 154
HIST 1028 141
HIST 1029 133
HIST 1030 164
HIST 1031 125
HIST 1032 136
HIST 1033 152
HIST 1034 138
HIST 1035 160
HIST 1036 134
HIST 1037 139
HIST 1038 140
HIST 1039 138
HIST 1040 147
HIST 1041 132
HIST 1042 156
HIST 1043 142
HIST 1044 133
HIST 1045 151
HIST 1046 147
HIST 1047 152
HIST 1048 131
HIST 1049 132
HIST 1050 136
HIST 1051 136
HIST 1052 120
HIST 1053 164
HIST 1054 155
HIST 1055 158
HIST 1056 138
HIST 1057 151
HIST 1058 153
HIST 1059 135
HIST 1060 129
HIST 1061 136
HIST 1062 137
HIST 1063 148
HIST 1064 157
HIST 1065 132
HIST 1066 136
HIST 1067 138
HIST 1068 143
HIST 1069 163
HIST 1070 163
HIST 1071 128
HIST 1072 155
HIST 1073 148
HIST 1074 156
HIST 1075 128
HIST 1076 135
HIST 1077 142
HIST 1078 150
HIST 1079 176
HIST 1080 122
HIST 1081 156
HIST 1082 148
HIST 1083 128
HIST 1084 146
HIST 1085 163
HIST 1086 137
HIST 1087 149
HIST 1088 131
HIST 1089 141
HIST 1090 146
HIST 1091 165
HIST 1092 159
HIST 1093 141
HIST 1094 166
HIST 1095 139
HIST 1096 164
HIST 1097 136
HIST 1098 146
HIST 1099 119
HIST 1100 155
HIST 1101 127
HIST 1102 135
HIST 1103 139
HIST 1104 142
HIST 1105 148
HIST 1106 171
HIST 1107 139
HIST 1108 119
HIST 1109 145
HIST 1110 141
HIST 1111 155
HIST 1112 157
HIST 1113 133
HIST 1114 145
HIST 1115 139
HIST 1116 139
HIST 1117 157
HIST 1118 164
HIST 1119 126
HIST 1120 132
HIST 1121 132
HIST 1122 142
HIST 1123 133
HIST 1124 164
HIST 1125 135
HIST 1126 144
HIST 1127 128
HIST 1128 137
HIST 1129 165
HIST 1130 140
HIST 1131 152
HIST 1132 131
HIST 1133 125
HIST 1134 127
HIST 1135 131
HIST 1136 148
HIST 1137 141
HIST 1138 142
HIST 1139 148
HIST 1140 143
HIST 1141 131
HIST 1142 144
HIST 1143 147
HIST 1144 156
HIST 1145 139
HIST 1146 127
HIST 1147 147
HIST 1148 134
HIST 1149 149
HIST 1150 158
HIST 1151 142
HIST 1152 159
HIST 1153 145
HIST 1154 145
HIST 1155 146
HIST 1156 150
HIST 1157 131
HIST 1158 170
HIST 1159 159
HIST 1160 144
HIST 1161 128
HIST 1162 146
HIST 1163 142
HIST 1164 151
HIST 1165 161
HIST 1166 133
HIST 1167 146
HIST 1168 119
HIST 1169 146
HIST 1170 157
HIST 1171 148
HIST 1172 160
HIST 1173 138
HIST 1174 144
HIST 1175 123
HIST 1176 144
HIST 1177 146
HIST 1178 138
HIST 1179 178
HIST 1180 139
HIST 1181 162
HIST 1182 137
HIST 1183 167
HIST 1184 132
HIST 1185 141
HIST 1186 160
HIST 1187 139
HIST 1188 138
HIST 1189 147
HIST 1190 144
HIST 1191 149
HIST 1192 152
HIST 1193 121
HIST 1194 151
HIST 1195 154
HIST 1196 140
HIST 1197 148
HIST 1198 133
HIST 1199 120
HIST 1200 173
HIST 1201 146
HIST 1202 141
HIST 1203 164
HIST 1204 132
HIST 1205 161
HIST 1206 151
HIST 1207 163
HIST 1208 128
HIST 1209 156
HIST 1210 150
HIST 1211 143
HIST 1212 139
HIST 1213 157
HIST 1214 139
HIST 1215 130
HIST 1216 144
HIST 1217 144
HIST 1218 159
HIST 1219 135
HIST 1220 139
HIST 1221 134
HIST 1222 174
HIST 1223 137
HIST 1224 159
HIST 1225 153
HIST 1226 146
HIST 1227 145
HIST 1228 159
HIST 1229 151
HIST 1230 116
HIST 1231 136
HIST 1232 133
HIST 1233 121
HIST 1234 151
HIST 1235 151
HIST 1236 144
HIST 1237 134
HIST 1238 144
HIST 1239 150
HIST 1240 131
HIST 1241 135
HIST 1242 150
HIST 1243 147
HIST 1244 160
HIST 1245 140
HIST 1246 144
HIST 1247 155
HIST 1248 120
HIST 1249 153
HIST 1250 133
HIST 1251 121
HIST 1252 126
HIST 1253 144
HIST 1254 145
HIST 1255 147
HIST 1256 141
HIST 1257 162
HIST 1258 142
HIST 1259 156
HIST 1260 168
HIST 1261 172
HIST 1262 130
HIST 1263 131
HIST 1264 140
HIST 1265 128
HIST 1266 144
HIST 1267 154
HIST 1268 126
HIST 1269 149
HIST 1270 131
HIST 1271 143
HIST 1272 142
HIST 1273 149
HIST 1274 173
HIST 1275 137
HIST 1276 143
HIST 1277 134
HIST 1278 139
HIST 1279 131
HIST 1280 144
HIST 1281 117
HIST 1282 143
HIST 1283 161
HIST 1284 127
HIST 1285 129
HIST 1286 129
HIST 1287 142
HIST 1288 139
HIST 1289 153
HIST 1290 150
HIST 1291 133
HIST 1292 153
HIST 1293 143
HIST 1294 146
HIST 1295 161
HIST 1296 142
HIST 1297 129
HIST 1298 139
HIST 1299 170
HIST 1300 141
HIST 1301 156
HIST 1302 137
HIST 1303 143
HIST 1304 139
HIST 1305 160
HIST 1306 151
HIST 1307 149
HIST 1308 155
HIST 1309 147
HIST 1310 150
HIST 1311 141
HIST 1312 137
HIST 1313 132
HIST 1314 146
HIST 1315 146
HIST 1316 140
HIST 1317 143
HIST 1318 145
HIST 1319 143
HIST 1320 152
HIST 1321 157
HIST 1322 121
HIST 1323 139
HIST 1324 156
HIST 1325 122
HIST 1326 141
HIST 1327 147
HIST 1328 144
HIST 1329 114
HIST 1330 141
HIST 1331 151
HIST 1332 107
HIST 1333 144
HIST 1334 131
HIST 1335 128
HIST 1336 146
HIST 1337 162
HIST 1338 150
HIST 1339 148
HIST 1340 136
HIST 1341 153
HIST 1342 119
HIST 1343 128
HIST 1344 144
HIST 1345 139
HIST 1346 164
HIST 1347 159
HIST 1348 130
HIST 1349 144
HIST 1350 133
HIST 1351 140
HIST 1352 143
HIST 1353 159
HIST 1354 131
HIST 1355 137
HIST 1356 132
HIST 1357 153
HIST 1358 158
HIST 1359 158
HIST 1360 148
HIST 1361 131
HIST 1362 144
HIST 1363 149
HIST 1364 146
HIST 1365 133
HIST 1366 146
HIST 1367 153
HIST 1368 140
HIST 1369 143
HIST 1370 158
HIST 1371 130
HIST 1372 150
HIST 1373 151
HIST 1374 179
HIST 1375 149
HIST 1376 137
HIST 1377 135
HIST 1378 141
HIST 1379 140
HIST 1380 137
HIST 1381 132
HIST 1382 130
HIST 1383 146
HIST 1384 138
HIST 1385 150
HIST 1386 141
HIST 1387 140
HIST 1388 148
HIST 1389 144
HIST 1390 121
HIST 1391 135
HIST 1392 114
HIST 1393 152
HIST 1394 149
HIST 1395 160
HIST 1396 157
HIST 1397 148
HIST 1398 140
HIST 1399 157
HIST 1400 171
HIST 1401 149
HIST 1402 119
HIST 1403 138
HIST 1404 163
HIST 1405 132
HIST 1406 163
HIST 1407 165
HIST 1408 148
HIST 1409 165
HIST 1410 141
HIST 1411 154
HIST 1412 141
HIST 1413 134
HIST 1414 134
HIST 1415 164
HIST 1416 145
HIST 1417 154
HIST 1418 128
HIST 1419 146
HIST 1420 160
HIST 1421 131
HIST 1422 149
HIST 1423 174
HIST 1424 134
HIST 1425 140
HIST 1426 145
HIST 1427 143
HIST 1428 145
HIST 1429 156
HIST 1430 135
HIST 1431 137
HIST 1432 147
HIST 1433 152
HIST 1434 157
HIST 1435 164
HIST 1436 130
HIST 1437 149
HIST 1438 137
HIST 1439 150
HIST 1440 143
HIST 1441 132
HIST 1442 152
HIST 1443 136
HIST 1444 149
HIST 1445 147
HIST 1446 147
HIST 1447 136
HIST 1448 162
HIST 1449 136
HIST 1450 139
HIST 1451 156
HIST 1452 145
HIST 1453 137
HIST 1454 136
HIST 1455 144
HIST 1456 134
HIST 1457 172
HIST 1458 140
HIST 1459 146
HIST 1460 145
HIST 1461 137
HIST 1462 136
HIST 1463 154
HIST 1464 138
HIST 1465 146
HIST 1466 164
HIST 1467 113
HIST 1468 157
HIST 1469 148
HIST 1470 150
HIST 1471 139
HIST 1472 135
HIST 1473 160
HIST 1474 143
HIST 1475 148
HIST 1476 171
HIST 1477 136
HIST 1478 136
HIST 1479 152
HIST 1480 170
HIST 1481 151
HIST 1482 166
HIST 1483 136
HIST 1484 136
HIST 1485 146
HIST 1486 149
HIST 1487 135
HIST 1488 142
HIST 1489 140
HIST 1490 144
HIST 1491 130
HIST 1492 159
HIST 1493 150
HIST 1494 142
HIST 1495 141
HIST 1496 168
HIST 1497 141
HIST 1498 150
HIST 1499 163
HIST 1500 149
HIST 1501 138
HIST 1502 148
HIST 1503 141
HIST 1504 150
HIST 1505 150
HIST 1506 138
HIST 1507 147
HIST 1508 124
HIST 1509 173
HIST 1510 151
HIST 1511 153
HIST 1512 138
HIST 1513 150
HIST 1514 148
HIST 1515 137
HIST 1516 170
HIST 1517 164
HIST 1518 160
HIST 1519 139
HIST 1520 155
HIST 1521 141
HIST 1522 140
HIST 1523 130
HIST 1524 132
HIST 1525 153
HIST 1526 157
HIST 1527 153
HIST 1528 161
HIST 1529 141
HIST 1530 156
HIST 1531 146
HIST 1532 139
HIST 1533 153
HIST 1534 145
HIST 1535 150
HIST 1536 157
HIST 1537 160
HIST 1538 159
HIST 1539 158
HIST 1540 124
HIST 1541 156
HIST 1542 167
HIST 1543 155
HIST 1544 167
HIST 1545 148
HIST 1546 149
HIST 1547 163
HIST 1548 143
HIST 1549 134
HIST 1550 147
HIST 1551 154
HIST 1552 160
HIST 1553 167
HIST 1554 152
HIST 1555 140
HIST 1556 144
HIST 1557 155
HIST 1558 154
HIST 1559 154
HIST 1560 156
HIST 1561 159
HIST 1562 156
HIST 1563 164
HIST 1564 156
HIST 1565 147
HIST 1566 148
HIST 1567 129
HIST 1568 162
HIST 1569 148
HIST 1570 168
HIST 1571 153
HIST 1572 157
HIST 1573 134
HIST 1574 145
HIST 1575 159
HIST 1576 154
HIST 1577 151
HIST 1578 153
HIST 1579 143
HIST 1580 145
HIST 1581 144
HIST 1582 149
HIST 1583 167
HIST 1584 147
HIST 1585 154
HIST 1586 139
HIST 1587 145
HIST 1588 155
HIST 1589 149
HIST 1590 173
HIST 1591 166
HIST 1592 157
HIST 1593 9562
HIST 1594 176
HIST 1595 202
HIST 1596 202
HIST 1597 196
HIST 1598 204
HIST 1599 201
HIST 1600 208
HIST 1601 187
HIST 1602 206
HIST 1603 181
HIST 1604 211
HIST 1605 187
HIST 1606 204
HIST 1607 191
HIST 1608 220
HIST 1609 184
HIST 1610 209
HIST 1611 218
HIST 1612 161
HIST 1613 192
HIST 1614 195
HIST 1615 171
HIST 1616 217
HIST 1617 181
HIST 1618 184
HIST 1619 181
HIST 1620 188
HIST 1621 211
HIST 1622 221
HIST 1623 197
HIST 1624 174
HIST 1625 206
HIST 1626 184
HIST 1627 192
HIST 1628 190
HIST 1629 197
HIST 1630 194
HIST 1631 208
HIST 1632 192
HIST 1633 196
HIST 1634 206
HIST 1635 187
HIST 1636 202
HIST 1637 191
HIST 1638 199
HIST 1639 183
HIST 1640 200
HIST 1641 196
HIST 1642 205
HIST 1643 197
HIST 1644 182
HIST 1645 199
HIST 1646 191
HIST 1647 190
HIST 1648 189
HIST 1649 202
HIST 1650 203
HIST 1651 193
HIST 1652 206
HIST 1653 220
HIST 1654 192
HIST 1655 192
HIST 1656 201
HIST 1657 179
HIST 1658 240
HIST 1659 199
HIST 1660 197
HIST 1661 203
HIST 1662 213
HIST 1663 170
HIST 1664 210
HIST 1665 204
HIST 1666 213
HIST 1667 200
HIST 1668 223
HIST 1669 229
HIST 1670 184
HIST 1671 187
HIST 1672 199
HIST 1673 222
HIST 1674 192
HIST 1675 198
HIST 1676 218
HIST 1677 204
HIST 1678 194
HIST 1679 219
HIST 1680 205
HIST 1681 193
HIST 1682 214
HIST 1683 186
HIST 1684 195
HIST 1685 197
HIST 1686 187
HIST 1687 210
HIST 1688 187
HIST 1689 212
HIST 1690 176
HIST 1691 201
HIST 1692 211
HIST 1693 197
HIST 1694 201
HIST 1695 212
HIST 1696 212
HIST 1697 205
HIST 1698 195
HIST 1699 203
HIST 1700 187
HIST 1701 224
HIST 1702 176
HIST 1703 207
HIST 1704 187
HIST 1705 183
HIST 1706 186
HIST 1707 185
HIST 1708 188
HIST 1709 210
HIST 1710 209
HIST 1711 212
HIST 1712 237
HIST 1713 187
HIST 1714 212
HIST 1715 210
HIST 1716 187
HIST 1717 199
HIST 1718 211
HIST 1719 198
HIST 1720 200
HIST 1721 185
HIST 1722 184
HIST 1723 178
HIST 1724 181
HIST 1725 190
HIST 1726 202
HIST 1727 179
HIST 1728 195
HIST 1729 190
HIST 1730 191
HIST 1731 191
HIST 1732 203
HIST 1733 225
HIST 1734 199
HIST 1735 210
HIST 1736 167
HIST 1737 197
HIST 1738 200
HIST 1739 217
HIST 1740 195
HIST 1741 208
HIST 1742 211
HIST 1743 216
HIST 1744 201
HIST 1745 199
HIST 1746 217
HIST 1747 187
HIST 1748 210
HIST 1749 194
HIST 1750 184
HIST 1751 199
HIST 1752 162
HIST 1753 173
HIST 1754 196
HIST 1755 192
HIST 1756 205
HIST 1757 186
HIST 1758 214
HIST 1759 207
HIST 1760 183
HIST 1761 214
HIST 1762 191
HIST 1763 210
HIST 1764 185
HIST 1765 209
HIST 1766 189
HIST 1767 213
HIST 1768 216
HIST 1769 179
HIST 1770 210
HIST 1771 211
HIST 1772 211
HIST 1773 226
HIST 1774 205
HIST 1775 189
HIST 1776 225
HIST 1777 210
HIST 1778 227
HIST 1779 210
HIST 1780 204
HIST 1781 214
HIST 1782 246
HIST 1783 210
HIST 1784 207
HIST 1785 216
HIST 1786 190
HIST 1787 228
HIST 1788 224
HIST 1789 198
HIST 1790 214
HIST 1791 206
HIST 1792 192
HIST 1793 205
HIST 1794 199
HIST 1795 232
HIST 1796 206
HIST 1797 226
HIST 1798 196
HIST 1799 193
HIST 1800 193
HIST 1801 204
HIST 1802 196
HIST 1803 214
HIST 1804 241
HIST 1805 250
HIST 1806 220
HIST 1807 197
HIST 1808 208
HIST 1809 224
HIST 1810 195
HIST 1811 188
HIST 1812 220
HIST 1813 202
HIST 1814 202
HIST 1815 215
HIST 1816 196
HIST 1817 210
HIST 1818 226
HIST 1819 202
HIST 1820 196
HIST 1821 218
HIST 1822 192
HIST 1823 187
HIST 1824 179
HIST 1825 214
HIST 1826 218
HIST 1827 223
HIST 1828 234
HIST 1829 219
HIST 1830 215
HIST 1831 194
HIST 1832 215
HIST 1833 215
HIST 1834 179
HIST 1835 237
HIST 1836 217
HIST 1837 213
HIST 1838 240
HIST 1839 201
HIST 1840 213
HIST 1841 210
HIST 1842 228
HIST 1843 195
HIST 1844 192
HIST 1845 219
HIST 1846 221
HIST 1847 230
HIST 1848 203
HIST 1849 207
HIST 1850 189
HIST 1851 230
HIST 1852 219
HIST 1853 205
HIST 1854 193
HIST 1855 200
HIST 1856 214
HIST 1857 220
HIST 1858 194
HIST 1859 198
HIST 1860 206
HIST 1861 215
HIST 1862 219
HIST 1863 203
HIST 1864 202
HIST 1865 230
HIST 1866 221
HIST 1867 223
HIST 1868 228
HIST 1869 184
HIST 1870 213
HIST 1871 223
HIST 1872 218
HIST 1873 225
HIST 1874 241
HIST 1875 186
HIST 1876 217
HIST 1877 202
HIST 1878 203
HIST 1879 218
HIST 1880 205
HIST 1881 205
HIST 1882 232
HIST 1883 198
HIST 1884 222
HIST 1885 219
HIST 1886 214
HIST 1887 200
HIST 1888 210
HIST 1889 205
HIST 1890 191
HIST 1891 203
HIST 1892 211
HIST 1893 203
HIST 1894 251
HIST 1895 216
HIST 1896 196
HIST 1897 209
HIST 1898 232
HIST 1899 194
HIST 1900 206
HIST 1901 197
HIST 1902 237
HIST 1903 196
HIST 1904 214
HIST 1905 199
HIST 1906 217
HIST 1907 207
HIST 1908 179
HIST 1909 192
HIST 1910 213
HIST 1911 192
HIST 1912 201
HIST 1913 206
HIST 1914 206
HIST 1915 208
HIST 1916 229
HIST 1917 207
HIST 1918 213
HIST 1919 232
HIST 1920 198
HIST 1921 211
HIST 1922 221
HIST 1923 198
HIST 1924 215
HIST 1925 213
HIST 1926 209
HIST 1927 218
HIST 1928 197
HIST 1929 191
HIST 1930 210
HIST 1931 206
HIST 1932 190
HIST 1933 191
HIST 1934 213
HIST 1935 218
HIST 1936 208
HIST 1937 211
HIST 1938 195
HIST 1939 202
HIST 1940 199
HIST 1941 190
HIST 1942 191
HIST 1943 197
HIST 1944 206
HIST 1945 162
HIST 1946 192
HIST 1947 242
HIST 1948 183
HIST 1949 176
HIST 1950 175
HIST 1951 192
HIST 1952 199
HIST 1953 216
HIST 1954 200
HIST 1955 182
HIST 1956 206
HIST 1957 206
HIST 1958 168
HIST 1959 197
HIST 1960 194
HIST 1961 182
HIST 1962 198
HIST 1963 211
HIST 1964 166
HIST 1965 202
HIST 1966 203
HIST 1967 191
HIST 1968 193
HIST 1969 205
HIST 1970 205
HIST 1971 216
HIST 1972 205
HIST 1973 199
HIST 1974 219
HIST 1975 176
HIST 1976 206
HIST 1977 193
HIST 1978 209
HIST 1979 197
HIST 1980 208
HIST 1981 210
HIST 1982 178
HIST 1983 174
HIST 1984 194
HIST 1985 212
HIST 1986 176
HIST 1987 188
HIST 1988 226
HIST 1989 226
HIST 1990 210
HIST 1991 205
HIST 1992 201
HIST 1993 208
HIST 1994 173
HIST 1995 228
HIST 1996 195
HIST 1997 227
HIST 1998 209
HIST 1999 216
HIST 2000 204
HIST 2001 205
HIST 2002 217
HIST 2003 181
HIST 2004 183
HIST 2005 215
HIST 2006 181
HIST 2007 210
HIST 2008 184
HIST 2009 204
HIST 2010 185
HIST 2011 210
HIST 2012 190
HIST 2013 215
HIST 2014 204
HIST 2015 211
HIST 2016 214
HIST 2017 190
HIST 2018 207
HIST 2019 215
HIST 2020 210
HIST 2021 221
HIST 2022 194
HIST 2023 199
HIST 2024 182
HIST 2025 211
HIST 2026 208
HIST 2027 232
HIST 2028 225
HIST 2029 184
HIST 2030 222
HIST 2031 194
HIST 2032 211
HIST 2033 210
HIST 2034 228
HIST 2035 210
HIST 2036 201
HIST 2037 212
HIST 2038 217
HIST 2039 216
HIST 2040 187
HIST 2041 220
HIST 2042 194
HIST 2043 199
HIST 2044 206
HIST 2045 189
HIST 2046 225
HIST 2047 213
HIST 2048 214
HIST 2049 201
HIST 2050 216
HIST 2051 233
HIST 2052 194
HIST 2053 215
HIST 2054 233
HIST 2055 200
HIST 2056 181
HIST 2057 205
HIST 2058 219
HIST 2059 213
HIST 2060 224
HIST 2061 212
HIST 2062 200
HIST 2063 243
HIST 2064 209
HIST 2065 217
HIST 2066 221
HIST 2067 191
HIST 2068 196
HIST 2069 204
HIST 2070 203
HIST 2071 211
HIST 2072 217
HIST 2073 189
HIST 2074 177
HIST 2075 281
HIST 2076 230
HIST 2077 239
HIST 2078 225
HIST 2079 242
HIST 2080 243
HIST 2081 199
HIST 2082 222
HIST 2083 214
HIST 2084 205
HIST 2085 223
HIST 2086 216
HIST 2087 187
HIST 2088 219
HIST 2089 216
HIST 2090 214
HIST 2091 216
HIST 2092 230
HIST 2093 203
HIST 2094 225
HIST 2095 223
HIST 2096 244
HIST 2097 219
HIST 2098 262
HIST 2099 213
HIST 2100 185
HIST 2101 237
HIST 2102 227
HIST 2103 224
HIST 2104 25160
HIST 2105 235
HIST 2106 267
HIST 2107 254
HIST 2108 252
HIST 2109 237
HIST 2110 273
HIST 2111 281
HIST 2112 253
HIST 2113 238
HIST 2114 266
HIST 2115 251
HIST 2116 257
HIST 2117 294
HIST 2118 279
HIST 2119 237
HIST 2120 265
HIST 2121 297
HIST 2122 263
HIST 2123 273
HIST 2124 276
HIST 2125 256
HIST 2126 256
HIST 2127 268
HIST 2128 273
HIST 2129 259
HIST 2130 283
HIST 2131 244
HIST 2132 282
HIST 2133 271
HIST 2134 279
HIST 2135 284
HIST 2136 285
HIST 2137 246
HIST 2138 255
HIST 2139 295
HIST 2140 291
HIST 2141 254
HIST 2142 260
HIST 2143 245
HIST 2144 265
HIST 2145 274
HIST 2146 280
HIST 2147 253
HIST 2148 274
HIST 2149 263
HIST 2150 278
HIST 2151 250
HIST 2152 246
HIST 2153 244
HIST 2154 246
HIST 2155 285
HIST 2156 290
HIST 2157 247
HIST 2158 265
HIST 2159 264
HIST 2160 285
HIST 2161 268
HIST 2162 260
HIST 2163 267
HIST 2164 258
HIST 2165 233
HIST 2166 241
HIST 2167 267
HIST 2168 258
HIST 2169 228
HIST 2170 273
HIST 2171 277
HIST 2172 276
HIST 2173 246
HIST 2174 274
HIST 2175 262
HIST 2176 283
HIST 2177 288
HIST 2178 250
HIST 2179 276
HIST 2180 270
HIST 2181 270
HIST 2182 249
HIST 2183 283
HIST 2184 240
HIST 2185 272
HIST 2186 260
HIST 2187 247
HIST 2188 247
HIST 2189 267
HIST 2190 265
HIST 2191 274
HIST 2192 284
HIST 2193 286
HIST 2194 258
HIST 2195 276
HIST 2196 301
HIST 2197 276
HIST 2198 281
HIST 2199 264
HIST 2200 272
HIST 2201 296
HIST 2202 290
HIST 2203 252
HIST 2204 300
HIST 2205 265
HIST 2206 284
HIST 2207 280
HIST 2208 270
HIST 2209 265
HIST 2210 274
HIST 2211 278
HIST 2212 245
HIST 2213 327
HIST 2214 250
HIST 2215 300
HIST 2216 282
HIST 2217 266
HIST 2218 288
HIST 2219 275
HIST 2220 304
HIST 2221 290
HIST 2222 291
HIST 2223 288
HIST 2224 279
HIST 2225 285
HIST 2226 277
HIST 2227 272
HIST 2228 295
HIST 2229 296
HIST 2230 317
HIST 2231 272
HIST 2232 309
HIST 2233 294
HIST 2234 273
HIST 2235 275
HIST 2236 277
HIST 2237 282
HIST 2238 283
HIST 2239 267
HIST 2240 278
HIST 2241 288
HIST 2242 293
HIST 2243 293
HIST 2244 296
HIST 2245 296
HIST 2246 299
HIST 2247 275
HIST 2248 314
HIST 2249 285
HIST 2250 298
HIST 2251 284
HIST 2252 285
HIST 2253 290
HIST 2254 297
HIST 2255 300
HIST 2256 308
HIST 2257 289
HIST 2258 295
HIST 2259 271
HIST 2260 317
HIST 2261 311
HIST 2262 292
HIST 2263 299
HIST 2264 280
HIST 2265 287
HIST 2266 279
HIST 2267 281
HIST 2268 284
HIST 2269 290
HIST 2270 270
HIST 2271 307
HIST 2272 303
HIST 2273 262
HIST 2274 299
HIST 2275 310
HIST 2276 316
HIST 2277 324
HIST 2278 295
HIST 2279 344
HIST 2280 290
HIST 2281 318
HIST 2282 279
HIST 2283 334
HIST 2284 288
HIST 2285 290
HIST 2286 301
HIST 2287 311
HIST 2288 323
HIST 2289 302
HIST 2290 329
HIST 2291 326
HIST 2292 304
HIST 2293 297
HIST 2294 327
HIST 2295 306
HIST 2296 289
HIST 2297 323
HIST 2298 305
HIST 2299 314
HIST 2300 280
HIST 2301 325
HIST 2302 291
HIST 2303 318
HIST 2304 315
HIST 2305 304
HIST 2306 321
HIST 2307 340
HIST 2308 284
HIST 2309 307
HIST 2310 313
HIST 2311 296
HIST 2312 305
HIST 2313 310
HIST 2314 337
HIST 2315 282
HIST 2316 269
HIST 2317 316
HIST 2318 308
HIST 2319 301
HIST 2320 297
HIST 2321 306
HIST 2322 355
HIST 2323 341
HIST 2324 293
HIST 2325 324
HIST 2326 322
HIST 2327 328
HIST 2328 344
HIST 2329 331
HIST 2330 281
HIST 2331 291
HIST 2332 347
HIST 2333 344
HIST 2334 312
HIST 2335 294
HIST 2336 340
HIST 2337 327
HIST 2338 342
HIST 2339 322
HIST 2340 302
HIST 2341 324
HIST 2342 318
HIST 2343 300
HIST 2344 312
HIST 2345 344
HIST 2346 359
HIST 2347 328
HIST 2348 346
HIST 2349 324
HIST 2350 314
HIST 2351 339
HIST 2352 354
HIST 2353 327
HIST 2354 312
HIST 2355 343
HIST 2356 309
HIST 2357 316
HIST 2358 316
HIST 2359 300
HIST 2360 360
HIST 2361 324
HIST 2362 345
HIST 2363 317
HIST 2364 320
HIST 2365 305
HIST 2366 328
HIST 2367 316
HIST 2368 306
HIST 2369 289
HIST 2370 325
HIST 2371 328
HIST 2372 303
HIST 2373 324
HIST 2374 282
HIST 2375 298
HIST 2376 321
HIST 2377 305
HIST 2378 302
HIST 2379 310
HIST 2380 292
HIST 2381 282
HIST 2382 279
HIST 2383 241
HIST 2384 191
HIST 2385 210
HIST 2386 208
HIST 2387 201
HIST 2388 195
HIST 2389 186
HIST 2390 182
HIST 2391 172
HIST 2392 192
HIST 2393 175
HIST 2394 164
HIST 2395 168
HIST 2396 174
HIST 2397 156
HIST 2398 164
HIST 2399 168
HIST 2400 178
HIST 2401 157
HIST 2402 172
HIST 2403 146
HIST 2404 155
HIST 2405 120
HIST 2406 154
HIST 2407 152
HIST 2408 135
HIST 2409 145
HIST 2410 149
HIST 2411 128
HIST 2412 132
HIST 2413 109
HIST 2414 133
HIST 2415 124
HIST 2416 140
HIST 2417 114
HIST 2418 105
HIST 2419 110
HIST 2420 119
HIST 2421 111
HIST 2422 108
HIST 2423 110
HIST 2424 102
HIST 2425 119
HIST 2426 118
HIST 2427 104
HIST 2428 102
HIST 2429 109
HIST 2430 106
HIST 2431 99
HIST 2432 106
HIST 2433 108
HIST 2434 95
HIST 2435 97
HIST 2436 90
HIST 2437 68
HIST 2438 81
HIST 2439 92
HIST 2440 108
HIST 2441 97
HIST 2442 95
HIST 2443 76
HIST 2444 80
HIST 2445 94
HIST 2446 73
HIST 2447 71
HIST 2448 77
HIST 2449 74
HIST 2450 74
HIST 2451 74
HIST 2452 61
HIST 2453 54
HIST 2454 59
HIST 2455 72
HIST 2456 63
HIST 2457 56
HIST 2458 64
HIST 2459 51
HIST 2460 59
HIST 2461 47
HIST 2462 77
HIST 2463 66
HIST 2464 57
HIST 2465 52
HIST 2466 58
HIST 2467 42
HIST 2468 50
HIST 2469 43
HIST 2470 56
HIST 2471 38
HIST 2472 59
HIST 2473 49
HIST 2474 47
HIST 2475 58
HIST 2476 51
HIST 2477 42
HIST 2478 40
HIST 2479 47
HIST 2480 34
HIST 2481 28
HIST 2482 39
HIST 2483 43
HIST 2484 48
HIST 2485 38
HIST 2486 40
HIST 2487 36
HIST 2488 31
HIST 2489 31
HIST 2490 30
HIST 2491 24
HIST 2492 37
HIST 2493 32
HIST 2494 25
HIST 2495 40
HIST 2496 42
HIST 2497 44
HIST 2498 41
HIST 2499 34
HIST 2500 34
HIST 2501 31
HIST 2502 27
HIST 2503 32
HIST 2504 34
HIST 2505 28
HIST 2506 27
HIST 2507 26
HIST 2508 24
HIST 2509 27
HIST 2510 29
HIST 2511 20
HIST 2512 28
HIST 2513 24
HIST 2514 26
HIST 2515 28
HIST 2516 23
HIST 2517 21
HIST 2518 19
HIST 2519 23
HIST 2520 22
HIST 2521 14
HIST 2522 17
HIST 2523 26
HIST 2524 25
HIST 2525 25
HIST 2526 30
HIST 2527 25
HIST 2528 17
HIST 2529 27
HIST 2530 20
HIST 2531 19
HIST 2532 13
HIST 2533 19
HIST 2534 21
HIST 2535 15
HIST 2536 17
HIST 2537 22
HIST 2538 12
HIST 2539 18
HIST 2540 12
HIST 2541 18
HIST 2542 14
HIST 2543 22
HIST 2544 17
HIST 2545 20
HIST 2546 15
HIST 2547 14
HIST 2548 12
HIST 2549 15
HIST 2550 16
HIST 2551 16
HIST 2552 12
HIST 2553 9
HIST 2554 12
HIST 2555 5
HIST 2556 14
HIST 2557 18
HIST 2558 13
HIST 2559 12
HIST 2560 19
HIST 2561 10
HIST 2562 9
HIST 2563 18
HIST 2564 11
HIST 2565 15
HIST 2566 9
HIST 2567 12
HIST 2568 11
HIST 2569 13
HIST 2570 13
HIST 2571 10
HIST 2572 8
HIST 2573 7
HIST 2574 8
HIST 2575 16
HIST 2576 13
HIST 2577 10
HIST 2578 14
HIST 2579 8
HIST 2580 7
HIST 2581 30
HIST 2582 73
HIST 2583 10
HIST 2584 10
HIST 2585 11
HIST 2586 273
HIST 2587 2
HIST 2588 7
HIST 2589 9
HIST 2590 10
HIST 2591 12
HIST 2592 7
HIST 2593 13
HIST 2594 11
HIST 2595 4
HIST 2596 4
HIST 2597 6
HIST 2598 14
HIST 2599 17
HIST 2600 4
HIST 2601 9
HIST 2602 9
HIST 2603 6
HIST 2604 10
HIST 2605 8
HIST 2606 11
HIST 2607 5
HIST 2608 9
HIST 2609 5
HIST 2610 6
HIST 2611 16
HIST 2612 15
HIST 2613 8
HIST 2614 6
HIST 2615 124376
HISTEND
ESCPOP decays=8000000 own_exit=20422 carry_exit=20399 own_return=4098 same=4090 other=8 noface=0 lineage_gamma_out=2270 lineage_lepton_out=1724 killed_gamma=2270 killed_lepton=0 facemiss=0 lineage_inside=0
