SETUP correlatedGamma=0 twoJmax=10 vacuum=1 seed=0 killesc=0 killcarry=0 fullcarry=0 histbin=1.000 histbins=2616 iontag=0 escpop=1 killescown=0 killesccarry=0 killret=0 killretsame=0 killretother=0 killescbrem=0 killescdelta=0 killoutbrem=1
CUTS (production thresholds per material couple):
 Material : G4_Galactic
 Range cuts        :  gamma  1 mm     e-  1 mm     e+  1 mm  proton 1 mm 
 Energy thresholds :  gamma  990 eV     e-  990 eV     e+  990 eV  proton 100 keV
 Material : scene_mat_4
 Range cuts        :  gamma  1 mm     e-  1 mm     e+  1 mm  proton 1 mm 
 Energy thresholds :  gamma  38.9651 keV    e-  738.26 keV    e+  703.709 keV proton 100 keV
 Material : scene_mat_3
 Range cuts        :  gamma  1 mm     e-  1 mm     e+  1 mm  proton 1 mm 
 Energy thresholds :  gamma  6.91691 keV    e-  597.603 keV    e+  574.29 keV proton 100 keV
 Material : scene_mat_2
 Range cuts        :  gamma  1 mm     e-  1 mm     e+  1 mm  proton 1 mm 
 Energy thresholds :  gamma  990 eV     e-  990 eV     e+  990 eV  proton 100 keV
 Material : scene_mat_1
 Range cuts        :  gamma  1 mm     e-  1 mm     e+  1 mm  proton 1 mm 
 Energy thresholds :  gamma  3.38683 keV    e-  268.033 keV    e+  261.068 keV proton 100 keV
 Material : scene_mat_0
 Range cuts        :  gamma  1 mm     e-  1 mm     e+  1 mm  proton 1 mm 
 Energy thresholds :  gamma  29.856 keV    e-  620.515 keV    e+  592.153 keV proton 100 keV
RESULT decays=8000000
RESULT any=684790 eps_total=8.559875e-02
RESULT window=2614.511 counts=124251 eps=1.553138e-02
HISTBEGIN bins=2616 bin_kev=1.000000 decays=8000000
HIST 0 69
HIST 1 227
HIST 2 218
HIST 3 214
HIST 4 211
HIST 5 250
HIST 6 250
HIST 7 236
HIST 8 237
HIST 9 269
HIST 10 225
HIST 11 239
HIST 12 225
HIST 13 229
HIST 14 240
HIST 15 239
HIST 16 269
HIST 17 248
HIST 18 253
HIST 19 226
HIST 20 262
HIST 21 259
HIST 22 279
HIST 23 249
HIST 24 223
HIST 25 231
HIST 26 230
HIST 27 234
HIST 28 228
HIST 29 239
HIST 30 261
HIST 31 244
HIST 32 352
HIST 33 336
HIST 34 282
HIST 35 266
HIST 36 309
HIST 37 265
HIST 38 266
HIST 39 225
HIST 40 251
HIST 41 255
HIST 42 237
HIST 43 204
HIST 44 246
HIST 45 247
HIST 46 226
HIST 47 243
HIST 48 220
HIST 49 229
HIST 50 225
HIST 51 248
HIST 52 239
HIST 53 222
HIST 54 226
HIST 55 243
HIST 56 231
HIST 57 231
HIST 58 253
HIST 59 238
HIST 60 226
HIST 61 205
HIST 62 240
HIST 63 226
HIST 64 249
HIST 65 252
HIST 66 246
HIST 67 250
HIST 68 262
HIST 69 268
HIST 70 253
HIST 71 229
HIST 72 246
HIST 73 250
HIST 74 235
HIST 75 290
HIST 76 227
HIST 77 299
HIST 78 242
HIST 79 245
HIST 80 236
HIST 81 224
HIST 82 240
HIST 83 246
HIST 84 249
HIST 85 248
HIST 86 243
HIST 87 256
HIST 88 288
HIST 89 221
HIST 90 687
HIST 91 240
HIST 92 244
HIST 93 229
HIST 94 1039
HIST 95 241
HIST 96 253
HIST 97 252
HIST 98 245
HIST 99 228
HIST 100 236
HIST 101 245
HIST 102 232
HIST 103 228
HIST 104 228
HIST 105 366
HIST 106 459
HIST 107 241
HIST 108 217
HIST 109 358
HIST 110 246
HIST 111 241
HIST 112 237
HIST 113 261
HIST 114 248
HIST 115 254
HIST 116 229
HIST 117 244
HIST 118 239
HIST 119 219
HIST 120 255
HIST 121 259
HIST 122 237
HIST 123 248
HIST 124 228
HIST 125 238
HIST 126 275
HIST 127 262
HIST 128 282
HIST 129 279
HIST 130 249
HIST 131 227
HIST 132 274
HIST 133 274
HIST 134 259
HIST 135 246
HIST 136 258
HIST 137 237
HIST 138 244
HIST 139 281
HIST 140 292
HIST 141 282
HIST 142 290
HIST 143 275
HIST 144 287
HIST 145 286
HIST 146 298
HIST 147 266
HIST 148 247
HIST 149 300
HIST 150 253
HIST 151 269
HIST 152 277
HIST 153 292
HIST 154 272
HIST 155 279
HIST 156 298
HIST 157 261
HIST 158 255
HIST 159 255
HIST 160 285
HIST 161 289
HIST 162 309
HIST 163 273
HIST 164 295
HIST 165 270
HIST 166 281
HIST 167 270
HIST 168 275
HIST 169 282
HIST 170 264
HIST 171 293
HIST 172 266
HIST 173 275
HIST 174 255
HIST 175 281
HIST 176 303
HIST 177 284
HIST 178 298
HIST 179 308
HIST 180 294
HIST 181 262
HIST 182 290
HIST 183 245
HIST 184 291
HIST 185 310
HIST 186 303
HIST 187 296
HIST 188 310
HIST 189 297
HIST 190 264
HIST 191 262
HIST 192 270
HIST 193 259
HIST 194 311
HIST 195 275
HIST 196 322
HIST 197 295
HIST 198 302
HIST 199 291
HIST 200 292
HIST 201 274
HIST 202 296
HIST 203 291
HIST 204 267
HIST 205 309
HIST 206 283
HIST 207 336
HIST 208 297
HIST 209 360
HIST 210 329
HIST 211 300
HIST 212 315
HIST 213 317
HIST 214 309
HIST 215 285
HIST 216 309
HIST 217 282
HIST 218 256
HIST 219 309
HIST 220 276
HIST 221 275
HIST 222 264
HIST 223 293
HIST 224 283
HIST 225 311
HIST 226 276
HIST 227 303
HIST 228 306
HIST 229 309
HIST 230 313
HIST 231 305
HIST 232 316
HIST 233 356
HIST 234 380
HIST 235 347
HIST 236 367
HIST 237 339
HIST 238 337
HIST 239 1049
HIST 240 341
HIST 241 409
HIST 242 374
HIST 243 356
HIST 244 384
HIST 245 365
HIST 246 355
HIST 247 367
HIST 248 375
HIST 249 369
HIST 250 331
HIST 251 352
HIST 252 367
HIST 253 340
HIST 254 361
HIST 255 386
HIST 256 330
HIST 257 368
HIST 258 344
HIST 259 356
HIST 260 354
HIST 261 337
HIST 262 376
HIST 263 383
HIST 264 384
HIST 265 396
HIST 266 381
HIST 267 343
HIST 268 381
HIST 269 368
HIST 270 423
HIST 271 352
HIST 272 410
HIST 273 384
HIST 274 369
HIST 275 366
HIST 276 365
HIST 277 408
HIST 278 358
HIST 279 372
HIST 280 392
HIST 281 365
HIST 282 385
HIST 283 377
HIST 284 400
HIST 285 363
HIST 286 369
HIST 287 361
HIST 288 343
HIST 289 344
HIST 290 344
HIST 291 353
HIST 292 377
HIST 293 383
HIST 294 387
HIST 295 397
HIST 296 355
HIST 297 373
HIST 298 367
HIST 299 393
HIST 300 392
HIST 301 359
HIST 302 341
HIST 303 407
HIST 304 350
HIST 305 362
HIST 306 371
HIST 307 388
HIST 308 336
HIST 309 328
HIST 310 383
HIST 311 347
HIST 312 366
HIST 313 384
HIST 314 350
HIST 315 370
HIST 316 345
HIST 317 334
HIST 318 347
HIST 319 325
HIST 320 348
HIST 321 363
HIST 322 317
HIST 323 336
HIST 324 357
HIST 325 335
HIST 326 334
HIST 327 336
HIST 328 384
HIST 329 371
HIST 330 383
HIST 331 354
HIST 332 383
HIST 333 335
HIST 334 373
HIST 335 364
HIST 336 341
HIST 337 328
HIST 338 508
HIST 339 331
HIST 340 343
HIST 341 342
HIST 342 315
HIST 343 315
HIST 344 294
HIST 345 320
HIST 346 340
HIST 347 327
HIST 348 312
HIST 349 311
HIST 350 320
HIST 351 323
HIST 352 314
HIST 353 314
HIST 354 307
HIST 355 337
HIST 356 336
HIST 357 314
HIST 358 314
HIST 359 298
HIST 360 308
HIST 361 295
HIST 362 286
HIST 363 321
HIST 364 279
HIST 365 296
HIST 366 303
HIST 367 305
HIST 368 305
HIST 369 287
HIST 370 283
HIST 371 290
HIST 372 319
HIST 373 295
HIST 374 309
HIST 375 283
HIST 376 270
HIST 377 288
HIST 378 323
HIST 379 308
HIST 380 304
HIST 381 293
HIST 382 301
HIST 383 288
HIST 384 281
HIST 385 284
HIST 386 316
HIST 387 297
HIST 388 291
HIST 389 268
HIST 390 277
HIST 391 273
HIST 392 282
HIST 393 277
HIST 394 305
HIST 395 301
HIST 396 295
HIST 397 246
HIST 398 286
HIST 399 263
HIST 400 272
HIST 401 275
HIST 402 287
HIST 403 327
HIST 404 275
HIST 405 279
HIST 406 298
HIST 407 254
HIST 408 293
HIST 409 257
HIST 410 266
HIST 411 253
HIST 412 292
HIST 413 247
HIST 414 262
HIST 415 267
HIST 416 247
HIST 417 281
HIST 418 276
HIST 419 266
HIST 420 261
HIST 421 237
HIST 422 241
HIST 423 279
HIST 424 259
HIST 425 311
HIST 426 270
HIST 427 285
HIST 428 232
HIST 429 272
HIST 430 254
HIST 431 231
HIST 432 239
HIST 433 245
HIST 434 257
HIST 435 243
HIST 436 213
HIST 437 273
HIST 438 239
HIST 439 253
HIST 440 244
HIST 441 239
HIST 442 258
HIST 443 252
HIST 444 225
HIST 445 263
HIST 446 296
HIST 447 234
HIST 448 270
HIST 449 247
HIST 450 227
HIST 451 255
HIST 452 239
HIST 453 213
HIST 454 265
HIST 455 234
HIST 456 231
HIST 457 244
HIST 458 232
HIST 459 224
HIST 460 232
HIST 461 220
HIST 462 246
HIST 463 273
HIST 464 235
HIST 465 208
HIST 466 205
HIST 467 250
HIST 468 237
HIST 469 211
HIST 470 211
HIST 471 256
HIST 472 217
HIST 473 274
HIST 474 228
HIST 475 223
HIST 476 233
HIST 477 221
HIST 478 249
HIST 479 230
HIST 480 230
HIST 481 230
HIST 482 222
HIST 483 240
HIST 484 234
HIST 485 238
HIST 486 230
HIST 487 241
HIST 488 230
HIST 489 222
HIST 490 237
HIST 491 240
HIST 492 224
HIST 493 230
HIST 494 227
HIST 495 198
HIST 496 222
HIST 497 231
HIST 498 226
HIST 499 240
HIST 500 230
HIST 501 201
HIST 502 200
HIST 503 199
HIST 504 207
HIST 505 212
HIST 506 207
HIST 507 192
HIST 508 208
HIST 509 216
HIST 510 199
HIST 511 12403
HIST 512 203
HIST 513 233
HIST 514 192
HIST 515 206
HIST 516 202
HIST 517 186
HIST 518 200
HIST 519 196
HIST 520 207
HIST 521 193
HIST 522 225
HIST 523 181
HIST 524 170
HIST 525 193
HIST 526 212
HIST 527 214
HIST 528 226
HIST 529 186
HIST 530 215
HIST 531 214
HIST 532 203
HIST 533 175
HIST 534 197
HIST 535 193
HIST 536 202
HIST 537 169
HIST 538 206
HIST 539 219
HIST 540 200
HIST 541 211
HIST 542 221
HIST 543 191
HIST 544 189
HIST 545 224
HIST 546 182
HIST 547 191
HIST 548 217
HIST 549 184
HIST 550 201
HIST 551 213
HIST 552 201
HIST 553 185
HIST 554 189
HIST 555 177
HIST 556 183
HIST 557 188
HIST 558 184
HIST 559 201
HIST 560 207
HIST 561 189
HIST 562 199
HIST 563 182
HIST 564 172
HIST 565 182
HIST 566 198
HIST 567 188
HIST 568 205
HIST 569 178
HIST 570 180
HIST 571 202
HIST 572 183
HIST 573 189
HIST 574 191
HIST 575 188
HIST 576 202
HIST 577 211
HIST 578 181
HIST 579 194
HIST 580 188
HIST 581 189
HIST 582 196
HIST 583 432
HIST 584 186
HIST 585 191
HIST 586 192
HIST 587 181
HIST 588 177
HIST 589 171
HIST 590 193
HIST 591 192
HIST 592 185
HIST 593 180
HIST 594 179
HIST 595 182
HIST 596 192
HIST 597 178
HIST 598 202
HIST 599 188
HIST 600 189
HIST 601 188
HIST 602 183
HIST 603 180
HIST 604 165
HIST 605 197
HIST 606 200
HIST 607 187
HIST 608 153
HIST 609 145
HIST 610 189
HIST 611 180
HIST 612 182
HIST 613 169
HIST 614 186
HIST 615 155
HIST 616 176
HIST 617 178
HIST 618 153
HIST 619 165
HIST 620 186
HIST 621 216
HIST 622 183
HIST 623 168
HIST 624 186
HIST 625 213
HIST 626 163
HIST 627 200
HIST 628 167
HIST 629 203
HIST 630 164
HIST 631 157
HIST 632 172
HIST 633 153
HIST 634 166
HIST 635 170
HIST 636 206
HIST 637 160
HIST 638 162
HIST 639 161
HIST 640 173
HIST 641 178
HIST 642 175
HIST 643 173
HIST 644 161
HIST 645 172
HIST 646 165
HIST 647 181
HIST 648 146
HIST 649 185
HIST 650 165
HIST 651 181
HIST 652 188
HIST 653 169
HIST 654 174
HIST 655 178
HIST 656 177
HIST 657 184
HIST 658 191
HIST 659 181
HIST 660 175
HIST 661 151
HIST 662 165
HIST 663 180
HIST 664 175
HIST 665 159
HIST 666 176
HIST 667 185
HIST 668 148
HIST 669 185
HIST 670 184
HIST 671 158
HIST 672 167
HIST 673 175
HIST 674 162
HIST 675 175
HIST 676 187
HIST 677 199
HIST 678 205
HIST 679 162
HIST 680 174
HIST 681 182
HIST 682 169
HIST 683 158
HIST 684 151
HIST 685 177
HIST 686 174
HIST 687 164
HIST 688 163
HIST 689 162
HIST 690 154
HIST 691 150
HIST 692 169
HIST 693 191
HIST 694 169
HIST 695 166
HIST 696 151
HIST 697 158
HIST 698 161
HIST 699 166
HIST 700 167
HIST 701 154
HIST 702 153
HIST 703 168
HIST 704 166
HIST 705 157
HIST 706 154
HIST 707 170
HIST 708 150
HIST 709 148
HIST 710 188
HIST 711 175
HIST 712 161
HIST 713 171
HIST 714 170
HIST 715 171
HIST 716 187
HIST 717 178
HIST 718 149
HIST 719 150
HIST 720 171
HIST 721 201
HIST 722 158
HIST 723 159
HIST 724 201
HIST 725 163
HIST 726 169
HIST 727 206
HIST 728 147
HIST 729 157
HIST 730 171
HIST 731 166
HIST 732 156
HIST 733 158
HIST 734 180
HIST 735 179
HIST 736 186
HIST 737 157
HIST 738 172
HIST 739 160
HIST 740 150
HIST 741 188
HIST 742 151
HIST 743 144
HIST 744 162
HIST 745 141
HIST 746 163
HIST 747 182
HIST 748 172
HIST 749 161
HIST 750 229
HIST 751 168
HIST 752 163
HIST 753 159
HIST 754 160
HIST 755 168
HIST 756 169
HIST 757 151
HIST 758 148
HIST 759 178
HIST 760 178
HIST 761 158
HIST 762 151
HIST 763 174
HIST 764 153
HIST 765 178
HIST 766 160
HIST 767 160
HIST 768 157
HIST 769 156
HIST 770 162
HIST 771 167
HIST 772 178
HIST 773 136
HIST 774 158
HIST 775 137
HIST 776 143
HIST 777 161
HIST 778 168
HIST 779 159
HIST 780 172
HIST 781 174
HIST 782 164
HIST 783 156
HIST 784 165
HIST 785 159
HIST 786 155
HIST 787 167
HIST 788 169
HIST 789 153
HIST 790 149
HIST 791 148
HIST 792 146
HIST 793 138
HIST 794 135
HIST 795 194
HIST 796 142
HIST 797 147
HIST 798 152
HIST 799 161
HIST 800 145
HIST 801 148
HIST 802 146
HIST 803 149
HIST 804 161
HIST 805 138
HIST 806 153
HIST 807 165
HIST 808 172
HIST 809 180
HIST 810 171
HIST 811 158
HIST 812 164
HIST 813 174
HIST 814 159
HIST 815 149
HIST 816 153
HIST 817 148
HIST 818 176
HIST 819 164
HIST 820 155
HIST 821 168
HIST 822 172
HIST 823 153
HIST 824 170
HIST 825 151
HIST 826 146
HIST 827 160
HIST 828 134
HIST 829 158
HIST 830 163
HIST 831 160
HIST 832 160
HIST 833 148
HIST 834 150
HIST 835 135
HIST 836 198
HIST 837 178
HIST 838 157
HIST 839 180
HIST 840 151
HIST 841 142
HIST 842 158
HIST 843 138
HIST 844 152
HIST 845 133
HIST 846 133
HIST 847 134
HIST 848 173
HIST 849 170
HIST 850 150
HIST 851 147
HIST 852 152
HIST 853 149
HIST 854 134
HIST 855 142
HIST 856 144
HIST 857 148
HIST 858 170
HIST 859 125
HIST 860 168
HIST 861 162
HIST 862 163
HIST 863 129
HIST 864 144
HIST 865 154
HIST 866 151
HIST 867 153
HIST 868 153
HIST 869 158
HIST 870 150
HIST 871 150
HIST 872 152
HIST 873 160
HIST 874 175
HIST 875 147
HIST 876 148
HIST 877 138
HIST 878 173
HIST 879 157
HIST 880 150
HIST 881 155
HIST 882 162
HIST 883 148
HIST 884 129
HIST 885 141
HIST 886 168
HIST 887 149
HIST 888 142
HIST 889 152
HIST 890 160
HIST 891 156
HIST 892 132
HIST 893 129
HIST 894 160
HIST 895 138
HIST 896 132
HIST 897 142
HIST 898 155
HIST 899 149
HIST 900 149
HIST 901 138
HIST 902 147
HIST 903 154
HIST 904 164
HIST 905 164
HIST 906 173
HIST 907 154
HIST 908 142
HIST 909 161
HIST 910 157
HIST 911 340
HIST 912 139
HIST 913 142
HIST 914 168
HIST 915 160
HIST 916 149
HIST 917 133
HIST 918 143
HIST 919 151
HIST 920 142
HIST 921 164
HIST 922 186
HIST 923 163
HIST 924 147
HIST 925 139
HIST 926 158
HIST 927 151
HIST 928 144
HIST 929 161
HIST 930 138
HIST 931 142
HIST 932 136
HIST 933 144
HIST 934 144
HIST 935 143
HIST 936 161
HIST 937 134
HIST 938 146
HIST 939 137
HIST 940 140
HIST 941 153
HIST 942 141
HIST 943 159
HIST 944 145
HIST 945 151
HIST 946 138
HIST 947 139
HIST 948 164
HIST 949 154
HIST 950 173
HIST 951 148
HIST 952 143
HIST 953 163
HIST 954 150
HIST 955 168
HIST 956 147
HIST 957 118
HIST 958 164
HIST 959 175
HIST 960 146
HIST 961 120
HIST 962 137
HIST 963 127
HIST 964 153
HIST 965 165
HIST 966 175
HIST 967 147
HIST 968 151
HIST 969 257
HIST 970 139
HIST 971 155
HIST 972 148
HIST 973 142
HIST 974 147
HIST 975 158
HIST 976 158
HIST 977 163
HIST 978 162
HIST 979 155
HIST 980 151
HIST 981 154
HIST 982 127
HIST 983 137
HIST 984 155
HIST 985 132
HIST 986 147
HIST 987 148
HIST 988 139
HIST 989 155
HIST 990 148
HIST 991 155
HIST 992 136
HIST 993 164
HIST 994 154
HIST 995 139
HIST 996 142
HIST 997 128
HIST 998 146
HIST 999 138
HIST 1000 143
HIST 1001 143
HIST 1002 138
HIST 1003 135
HIST 1004 136
HIST 1005 130
HIST 1006 165
HIST 1007 157
HIST 1008 144
HIST 1009 150
HIST 1010 142
HIST 1011 130
HIST 1012 163
HIST 1013 135
HIST 1014 176
HIST 1015 139
HIST 1016 138
HIST 1017 168
HIST 1018 148
HIST 1019 149
HIST 1020 141
HIST 1021 138
HIST 1022 173
HIST 1023 163
HIST 1024 143
HIST 1025 161
HIST 1026 141
HIST 1027 153
HIST 1028 142
HIST 1029 129
HIST 1030 162
HIST 1031 126
HIST 1032 137
HIST 1033 150
HIST 1034 139
HIST 1035 161
HIST 1036 130
HIST 1037 135
HIST 1038 140
HIST 1039 138
HIST 1040 145
HIST 1041 132
HIST 1042 154
HIST 1043 140
HIST 1044 134
HIST 1045 153
HIST 1046 147
HIST 1047 153
HIST 1048 128
HIST 1049 130
HIST 1050 135
HIST 1051 136
HIST 1052 122
HIST 1053 163
HIST 1054 153
HIST 1055 157
HIST 1056 138
HIST 1057 150
HIST 1058 152
HIST 1059 132
HIST 1060 125
HIST 1061 137
HIST 1062 133
HIST 1063 146
HIST 1064 157
HIST 1065 136
HIST 1066 135
HIST 1067 137
HIST 1068 139
HIST 1069 163
HIST 1070 160
HIST 1071 125
HIST 1072 149
HIST 1073 148
HIST 1074 153
HIST 1075 127
HIST 1076 131
HIST 1077 142
HIST 1078 150
HIST 1079 174
HIST 1080 123
HIST 1081 157
HIST 1082 144
HIST 1083 128
HIST 1084 145
HIST 1085 159
HIST 1086 136
HIST 1087 149
HIST 1088 129
HIST 1089 140
HIST 1090 148
HIST 1091 164
HIST 1092 156
HIST 1093 135
HIST 1094 160
HIST 1095 139
HIST 1096 164
HIST 1097 134
HIST 1098 143
HIST 1099 119
HIST 1100 149
HIST 1101 129
HIST 1102 135
HIST 1103 140
HIST 1104 141
HIST 1105 147
HIST 1106 167
HIST 1107 132
HIST 1108 118
HIST 1109 146
HIST 1110 143
HIST 1111 158
HIST 1112 156
HIST 1113 129
HIST 1114 145
HIST 1115 139
HIST 1116 140
HIST 1117 152
HIST 1118 160
HIST 1119 123
HIST 1120 131
HIST 1121 131
HIST 1122 139
HIST 1123 133
HIST 1124 165
HIST 1125 136
HIST 1126 144
HIST 1127 127
HIST 1128 135
HIST 1129 166
HIST 1130 141
HIST 1131 153
HIST 1132 131
HIST 1133 127
HIST 1134 127
HIST 1135 131
HIST 1136 145
HIST 1137 138
HIST 1138 139
HIST 1139 144
HIST 1140 143
HIST 1141 126
HIST 1142 143
HIST 1143 146
HIST 1144 153
HIST 1145 135
HIST 1146 127
HIST 1147 145
HIST 1148 135
HIST 1149 148
HIST 1150 152
HIST 1151 140
HIST 1152 157
HIST 1153 146
HIST 1154 142
HIST 1155 143
HIST 1156 149
HIST 1157 127
HIST 1158 169
HIST 1159 161
HIST 1160 143
HIST 1161 125
HIST 1162 146
HIST 1163 142
HIST 1164 146
HIST 1165 160
HIST 1166 134
HIST 1167 147
HIST 1168 120
HIST 1169 146
HIST 1170 154
HIST 1171 148
HIST 1172 157
HIST 1173 140
HIST 1174 143
HIST 1175 121
HIST 1176 143
HIST 1177 144
HIST 1178 136
HIST 1179 176
HIST 1180 139
HIST 1181 158
HIST 1182 138
HIST 1183 165
HIST 1184 133
HIST 1185 139
HIST 1186 161
HIST 1187 138
HIST 1188 136
HIST 1189 148
HIST 1190 143
HIST 1191 147
HIST 1192 150
HIST 1193 123
HIST 1194 150
HIST 1195 152
HIST 1196 138
HIST 1197 147
HIST 1198 133
HIST 1199 123
HIST 1200 171
HIST 1201 146
HIST 1202 142
HIST 1203 162
HIST 1204 132
HIST 1205 160
HIST 1206 152
HIST 1207 160
HIST 1208 126
HIST 1209 157
HIST 1210 146
HIST 1211 142
HIST 1212 139
HIST 1213 159
HIST 1214 137
HIST 1215 132
HIST 1216 144
HIST 1217 144
HIST 1218 158
HIST 1219 135
HIST 1220 136
HIST 1221 133
HIST 1222 172
HIST 1223 132
HIST 1224 158
HIST 1225 152
HIST 1226 146
HIST 1227 145
HIST 1228 158
HIST 1229 149
HIST 1230 113
HIST 1231 139
HIST 1232 133
HIST 1233 121
HIST 1234 151
HIST 1235 149
HIST 1236 143
HIST 1237 133
HIST 1238 144
HIST 1239 148
HIST 1240 129
HIST 1241 136
HIST 1242 148
HIST 1243 149
HIST 1244 158
HIST 1245 141
HIST 1246 143
HIST 1247 155
HIST 1248 121
HIST 1249 154
HIST 1250 133
HIST 1251 122
HIST 1252 125
HIST 1253 143
HIST 1254 145
HIST 1255 148
HIST 1256 141
HIST 1257 161
HIST 1258 144
HIST 1259 155
HIST 1260 170
HIST 1261 170
HIST 1262 132
HIST 1263 132
HIST 1264 138
HIST 1265 127
HIST 1266 141
HIST 1267 155
HIST 1268 125
HIST 1269 149
HIST 1270 131
HIST 1271 142
HIST 1272 141
HIST 1273 147
HIST 1274 173
HIST 1275 136
HIST 1276 144
HIST 1277 131
HIST 1278 137
HIST 1279 130
HIST 1280 143
HIST 1281 116
HIST 1282 142
HIST 1283 159
HIST 1284 127
HIST 1285 128
HIST 1286 127
HIST 1287 142
HIST 1288 137
HIST 1289 151
HIST 1290 150
HIST 1291 132
HIST 1292 153
HIST 1293 143
HIST 1294 145
HIST 1295 162
HIST 1296 143
HIST 1297 130
HIST 1298 137
HIST 1299 168
HIST 1300 140
HIST 1301 153
HIST 1302 135
HIST 1303 142
HIST 1304 139
HIST 1305 159
HIST 1306 150
HIST 1307 149
HIST 1308 155
HIST 1309 146
HIST 1310 150
HIST 1311 139
HIST 1312 137
HIST 1313 130
HIST 1314 145
HIST 1315 149
HIST 1316 138
HIST 1317 145
HIST 1318 147
HIST 1319 142
HIST 1320 152
HIST 1321 157
HIST 1322 121
HIST 1323 140
HIST 1324 156
HIST 1325 120
HIST 1326 147
HIST 1327 140
HIST 1328 143
HIST 1329 115
HIST 1330 140
HIST 1331 150
HIST 1332 108
HIST 1333 145
HIST 1334 131
HIST 1335 128
HIST 1336 143
HIST 1337 159
HIST 1338 150
HIST 1339 147
HIST 1340 136
HIST 1341 153
HIST 1342 118
HIST 1343 129
HIST 1344 144
HIST 1345 140
HIST 1346 165
HIST 1347 159
HIST 1348 129
HIST 1349 148
HIST 1350 135
HIST 1351 139
HIST 1352 143
HIST 1353 159
HIST 1354 131
HIST 1355 136
HIST 1356 132
HIST 1357 149
HIST 1358 158
HIST 1359 158
HIST 1360 147
HIST 1361 130
HIST 1362 145
HIST 1363 149
HIST 1364 145
HIST 1365 133
HIST 1366 147
HIST 1367 151
HIST 1368 137
HIST 1369 142
HIST 1370 157
HIST 1371 130
HIST 1372 150
HIST 1373 151
HIST 1374 178
HIST 1375 149
HIST 1376 136
HIST 1377 133
HIST 1378 140
HIST 1379 141
HIST 1380 139
HIST 1381 131
HIST 1382 130
HIST 1383 145
HIST 1384 139
HIST 1385 153
HIST 1386 140
HIST 1387 138
HIST 1388 148
HIST 1389 143
HIST 1390 122
HIST 1391 134
HIST 1392 114
HIST 1393 153
HIST 1394 149
HIST 1395 163
HIST 1396 157
HIST 1397 149
HIST 1398 140
HIST 1399 156
HIST 1400 170
HIST 1401 148
HIST 1402 118
HIST 1403 139
HIST 1404 165
HIST 1405 132
HIST 1406 165
HIST 1407 165
HIST 1408 149
HIST 1409 165
HIST 1410 142
HIST 1411 154
HIST 1412 141
HIST 1413 134
HIST 1414 133
HIST 1415 165
HIST 1416 146
HIST 1417 153
HIST 1418 130
HIST 1419 145
HIST 1420 161
HIST 1421 131
HIST 1422 151
HIST 1423 172
HIST 1424 133
HIST 1425 140
HIST 1426 145
HIST 1427 144
HIST 1428 146
HIST 1429 150
HIST 1430 132
HIST 1431 137
HIST 1432 148
HIST 1433 151
HIST 1434 152
HIST 1435 163
HIST 1436 132
HIST 1437 149
HIST 1438 137
HIST 1439 151
HIST 1440 146
HIST 1441 131
HIST 1442 151
HIST 1443 137
HIST 1444 148
HIST 1445 148
HIST 1446 148
HIST 1447 133
HIST 1448 163
HIST 1449 135
HIST 1450 138
HIST 1451 155
HIST 1452 146
HIST 1453 136
HIST 1454 135
HIST 1455 143
HIST 1456 135
HIST 1457 172
HIST 1458 140
HIST 1459 149
HIST 1460 144
HIST 1461 133
HIST 1462 136
HIST 1463 154
HIST 1464 135
HIST 1465 146
HIST 1466 163
HIST 1467 112
HIST 1468 158
HIST 1469 147
HIST 1470 153
HIST 1471 138
HIST 1472 135
HIST 1473 158
HIST 1474 141
HIST 1475 149
HIST 1476 171
HIST 1477 136
HIST 1478 136
HIST 1479 153
HIST 1480 171
HIST 1481 151
HIST 1482 165
HIST 1483 136
HIST 1484 134
HIST 1485 147
HIST 1486 149
HIST 1487 135
HIST 1488 144
HIST 1489 142
HIST 1490 145
HIST 1491 132
HIST 1492 157
HIST 1493 151
HIST 1494 143
HIST 1495 143
HIST 1496 169
HIST 1497 140
HIST 1498 150
HIST 1499 160
HIST 1500 150
HIST 1501 139
HIST 1502 146
HIST 1503 141
HIST 1504 149
HIST 1505 151
HIST 1506 138
HIST 1507 149
HIST 1508 123
HIST 1509 175
HIST 1510 150
HIST 1511 153
HIST 1512 137
HIST 1513 151
HIST 1514 149
HIST 1515 138
HIST 1516 170
HIST 1517 163
HIST 1518 159
HIST 1519 139
HIST 1520 157
HIST 1521 139
HIST 1522 140
HIST 1523 131
HIST 1524 134
HIST 1525 153
HIST 1526 155
HIST 1527 152
HIST 1528 161
HIST 1529 140
HIST 1530 154
HIST 1531 146
HIST 1532 139
HIST 1533 152
HIST 1534 145
HIST 1535 150
HIST 1536 158
HIST 1537 158
HIST 1538 156
HIST 1539 159
HIST 1540 124
HIST 1541 157
HIST 1542 167
HIST 1543 154
HIST 1544 167
HIST 1545 144
HIST 1546 150
HIST 1547 161
HIST 1548 144
HIST 1549 136
HIST 1550 147
HIST 1551 150
HIST 1552 159
HIST 1553 165
HIST 1554 152
HIST 1555 139
HIST 1556 145
HIST 1557 155
HIST 1558 153
HIST 1559 154
HIST 1560 154
HIST 1561 158
HIST 1562 155
HIST 1563 161
HIST 1564 156
HIST 1565 148
HIST 1566 148
HIST 1567 127
HIST 1568 162
HIST 1569 146
HIST 1570 169
HIST 1571 154
HIST 1572 160
HIST 1573 133
HIST 1574 143
HIST 1575 159
HIST 1576 154
HIST 1577 150
HIST 1578 154
HIST 1579 142
HIST 1580 146
HIST 1581 145
HIST 1582 149
HIST 1583 167
HIST 1584 147
HIST 1585 155
HIST 1586 138
HIST 1587 145
HIST 1588 156
HIST 1589 149
HIST 1590 173
HIST 1591 164
HIST 1592 156
HIST 1593 9565
HIST 1594 174
HIST 1595 203
HIST 1596 203
HIST 1597 197
HIST 1598 204
HIST 1599 202
HIST 1600 207
HIST 1601 188
HIST 1602 205
HIST 1603 182
HIST 1604 212
HIST 1605 186
HIST 1606 203
HIST 1607 191
HIST 1608 219
HIST 1609 184
HIST 1610 207
HIST 1611 222
HIST 1612 162
HIST 1613 192
HIST 1614 197
HIST 1615 169
HIST 1616 217
HIST 1617 179
HIST 1618 185
HIST 1619 183
HIST 1620 187
HIST 1621 210
HIST 1622 220
HIST 1623 198
HIST 1624 172
HIST 1625 206
HIST 1626 184
HIST 1627 192
HIST 1628 190
HIST 1629 200
HIST 1630 194
HIST 1631 209
HIST 1632 192
HIST 1633 196
HIST 1634 206
HIST 1635 188
HIST 1636 202
HIST 1637 190
HIST 1638 197
HIST 1639 182
HIST 1640 199
HIST 1641 198
HIST 1642 205
HIST 1643 196
HIST 1644 181
HIST 1645 196
HIST 1646 192
HIST 1647 188
HIST 1648 190
HIST 1649 202
HIST 1650 203
HIST 1651 191
HIST 1652 207
HIST 1653 218
HIST 1654 192
HIST 1655 192
HIST 1656 202
HIST 1657 177
HIST 1658 239
HIST 1659 203
HIST 1660 199
HIST 1661 203
HIST 1662 214
HIST 1663 168
HIST 1664 211
HIST 1665 202
HIST 1666 214
HIST 1667 199
HIST 1668 222
HIST 1669 230
HIST 1670 183
HIST 1671 188
HIST 1672 200
HIST 1673 223
HIST 1674 191
HIST 1675 194
HIST 1676 217
HIST 1677 204
HIST 1678 195
HIST 1679 219
HIST 1680 205
HIST 1681 193
HIST 1682 211
HIST 1683 187
HIST 1684 197
HIST 1685 196
HIST 1686 186
HIST 1687 210
HIST 1688 189
HIST 1689 209
HIST 1690 176
HIST 1691 201
HIST 1692 212
HIST 1693 195
HIST 1694 203
HIST 1695 212
HIST 1696 211
HIST 1697 207
HIST 1698 194
HIST 1699 200
HIST 1700 188
HIST 1701 224
HIST 1702 176
HIST 1703 207
HIST 1704 187
HIST 1705 183
HIST 1706 185
HIST 1707 184
HIST 1708 185
HIST 1709 212
HIST 1710 210
HIST 1711 212
HIST 1712 238
HIST 1713 187
HIST 1714 212
HIST 1715 209
HIST 1716 187
HIST 1717 200
HIST 1718 210
HIST 1719 200
HIST 1720 201
HIST 1721 184
HIST 1722 185
HIST 1723 176
HIST 1724 180
HIST 1725 189
HIST 1726 201
HIST 1727 179
HIST 1728 194
HIST 1729 188
HIST 1730 188
HIST 1731 191
HIST 1732 201
HIST 1733 225
HIST 1734 199
HIST 1735 211
HIST 1736 168
HIST 1737 198
HIST 1738 200
HIST 1739 215
HIST 1740 195
HIST 1741 210
HIST 1742 208
HIST 1743 216
HIST 1744 201
HIST 1745 199
HIST 1746 215
HIST 1747 188
HIST 1748 210
HIST 1749 194
HIST 1750 184
HIST 1751 198
HIST 1752 162
HIST 1753 173
HIST 1754 196
HIST 1755 192
HIST 1756 205
HIST 1757 186
HIST 1758 214
HIST 1759 208
HIST 1760 183
HIST 1761 215
HIST 1762 190
HIST 1763 209
HIST 1764 184
HIST 1765 208
HIST 1766 191
HIST 1767 215
HIST 1768 215
HIST 1769 179
HIST 1770 207
HIST 1771 209
HIST 1772 211
HIST 1773 224
HIST 1774 204
HIST 1775 189
HIST 1776 225
HIST 1777 208
HIST 1778 226
HIST 1779 211
HIST 1780 204
HIST 1781 214
HIST 1782 244
HIST 1783 210
HIST 1784 205
HIST 1785 217
HIST 1786 187
HIST 1787 228
HIST 1788 224
HIST 1789 197
HIST 1790 214
HIST 1791 206
HIST 1792 191
HIST 1793 205
HIST 1794 199
HIST 1795 235
HIST 1796 205
HIST 1797 225
HIST 1798 195
HIST 1799 190
HIST 1800 194
HIST 1801 208
HIST 1802 197
HIST 1803 214
HIST 1804 241
HIST 1805 250
HIST 1806 220
HIST 1807 197
HIST 1808 204
HIST 1809 224
HIST 1810 197
HIST 1811 188
HIST 1812 222
HIST 1813 202
HIST 1814 202
HIST 1815 216
HIST 1816 196
HIST 1817 209
HIST 1818 225
HIST 1819 201
HIST 1820 195
HIST 1821 217
HIST 1822 191
HIST 1823 188
HIST 1824 179
HIST 1825 214
HIST 1826 218
HIST 1827 223
HIST 1828 232
HIST 1829 220
HIST 1830 215
HIST 1831 197
HIST 1832 214
HIST 1833 214
HIST 1834 179
HIST 1835 236
HIST 1836 215
HIST 1837 212
HIST 1838 240
HIST 1839 201
HIST 1840 212
HIST 1841 210
HIST 1842 229
HIST 1843 193
HIST 1844 190
HIST 1845 217
HIST 1846 222
HIST 1847 232
HIST 1848 201
HIST 1849 209
HIST 1850 189
HIST 1851 229
HIST 1852 218
HIST 1853 205
HIST 1854 195
HIST 1855 198
HIST 1856 216
HIST 1857 220
HIST 1858 197
HIST 1859 197
HIST 1860 207
HIST 1861 215
HIST 1862 219
HIST 1863 202
HIST 1864 200
HIST 1865 230
HIST 1866 221
HIST 1867 223
HIST 1868 228
HIST 1869 185
HIST 1870 213
HIST 1871 220
HIST 1872 217
HIST 1873 223
HIST 1874 239
HIST 1875 186
HIST 1876 216
HIST 1877 203
HIST 1878 205
HIST 1879 217
HIST 1880 205
HIST 1881 206
HIST 1882 231
HIST 1883 199
HIST 1884 223
HIST 1885 220
HIST 1886 215
HIST 1887 201
HIST 1888 209
HIST 1889 204
HIST 1890 192
HIST 1891 203
HIST 1892 211
HIST 1893 204
HIST 1894 249
HIST 1895 214
HIST 1896 196
HIST 1897 208
HIST 1898 232
HIST 1899 195
HIST 1900 207
HIST 1901 197
HIST 1902 237
HIST 1903 197
HIST 1904 215
HIST 1905 199
HIST 1906 216
HIST 1907 206
HIST 1908 179
HIST 1909 192
HIST 1910 212
HIST 1911 192
HIST 1912 200
HIST 1913 206
HIST 1914 206
HIST 1915 207
HIST 1916 229
HIST 1917 207
HIST 1918 214
HIST 1919 230
HIST 1920 197
HIST 1921 210
HIST 1922 221
HIST 1923 198
HIST 1924 213
HIST 1925 213
HIST 1926 209
HIST 1927 218
HIST 1928 196
HIST 1929 191
HIST 1930 210
HIST 1931 205
HIST 1932 191
HIST 1933 191
HIST 1934 214
HIST 1935 218
HIST 1936 208
HIST 1937 211
HIST 1938 195
HIST 1939 202
HIST 1940 199
HIST 1941 190
HIST 1942 191
HIST 1943 197
HIST 1944 209
HIST 1945 163
HIST 1946 192
HIST 1947 242
HIST 1948 183
HIST 1949 174
HIST 1950 175
HIST 1951 193
HIST 1952 199
HIST 1953 216
HIST 1954 201
HIST 1955 184
HIST 1956 206
HIST 1957 206
HIST 1958 169
HIST 1959 199
HIST 1960 193
HIST 1961 182
HIST 1962 199
HIST 1963 211
HIST 1964 166
HIST 1965 201
HIST 1966 203
HIST 1967 189
HIST 1968 192
HIST 1969 205
HIST 1970 205
HIST 1971 215
HIST 1972 205
HIST 1973 199
HIST 1974 222
HIST 1975 176
HIST 1976 207
HIST 1977 193
HIST 1978 209
HIST 1979 197
HIST 1980 207
HIST 1981 211
HIST 1982 177
HIST 1983 175
HIST 1984 195
HIST 1985 212
HIST 1986 178
HIST 1987 188
HIST 1988 227
HIST 1989 224
HIST 1990 211
HIST 1991 205
HIST 1992 201
HIST 1993 207
HIST 1994 172
HIST 1995 227
HIST 1996 194
HIST 1997 226
HIST 1998 209
HIST 1999 216
HIST 2000 204
HIST 2001 206
HIST 2002 216
HIST 2003 182
HIST 2004 182
HIST 2005 215
HIST 2006 182
HIST 2007 210
HIST 2008 184
HIST 2009 204
HIST 2010 187
HIST 2011 210
HIST 2012 190
HIST 2013 214
HIST 2014 204
HIST 2015 211
HIST 2016 214
HIST 2017 189
HIST 2018 208
HIST 2019 215
HIST 2020 209
HIST 2021 220
HIST 2022 194
HIST 2023 199
HIST 2024 182
HIST 2025 211
HIST 2026 208
HIST 2027 231
HIST 2028 224
HIST 2029 184
HIST 2030 221
HIST 2031 193
HIST 2032 211
HIST 2033 210
HIST 2034 228
HIST 2035 210
HIST 2036 202
HIST 2037 212
HIST 2038 216
HIST 2039 216
HIST 2040 186
HIST 2041 220
HIST 2042 194
HIST 2043 199
HIST 2044 208
HIST 2045 188
HIST 2046 224
HIST 2047 214
HIST 2048 214
HIST 2049 201
HIST 2050 217
HIST 2051 234
HIST 2052 194
HIST 2053 215
HIST 2054 233
HIST 2055 199
HIST 2056 181
HIST 2057 205
HIST 2058 219
HIST 2059 212
HIST 2060 223
HIST 2061 211
HIST 2062 200
HIST 2063 242
HIST 2064 209
HIST 2065 217
HIST 2066 221
HIST 2067 191
HIST 2068 197
HIST 2069 203
HIST 2070 202
HIST 2071 211
HIST 2072 218
HIST 2073 189
HIST 2074 177
HIST 2075 281
HIST 2076 230
HIST 2077 238
HIST 2078 225
HIST 2079 242
HIST 2080 243
HIST 2081 199
HIST 2082 223
HIST 2083 213
HIST 2084 204
HIST 2085 223
HIST 2086 216
HIST 2087 187
HIST 2088 219
HIST 2089 217
HIST 2090 214
HIST 2091 215
HIST 2092 231
HIST 2093 204
HIST 2094 225
HIST 2095 222
HIST 2096 243
HIST 2097 219
HIST 2098 261
HIST 2099 212
HIST 2100 186
HIST 2101 237
HIST 2102 227
HIST 2103 224
HIST 2104 25156
HIST 2105 235
HIST 2106 267
HIST 2107 253
HIST 2108 253
HIST 2109 237
HIST 2110 273
HIST 2111 281
HIST 2112 255
HIST 2113 237
HIST 2114 266
HIST 2115 251
HIST 2116 257
HIST 2117 295
HIST 2118 279
HIST 2119 235
HIST 2120 265
HIST 2121 297
HIST 2122 263
HIST 2123 273
HIST 2124 275
HIST 2125 256
HIST 2126 256
HIST 2127 268
HIST 2128 272
HIST 2129 260
HIST 2130 283
HIST 2131 244
HIST 2132 282
HIST 2133 272
HIST 2134 278
HIST 2135 284
HIST 2136 285
HIST 2137 246
HIST 2138 256
HIST 2139 294
HIST 2140 291
HIST 2141 254
HIST 2142 260
HIST 2143 244
HIST 2144 265
HIST 2145 273
HIST 2146 280
HIST 2147 254
HIST 2148 274
HIST 2149 263
HIST 2150 278
HIST 2151 250
HIST 2152 245
HIST 2153 243
HIST 2154 246
HIST 2155 284
HIST 2156 289
HIST 2157 248
HIST 2158 264
HIST 2159 264
HIST 2160 285
HIST 2161 266
HIST 2162 259
HIST 2163 267
HIST 2164 258
HIST 2165 233
HIST 2166 241
HIST 2167 267
HIST 2168 257
HIST 2169 228
HIST 2170 272
HIST 2171 276
HIST 2172 277
HIST 2173 246
HIST 2174 274
HIST 2175 262
HIST 2176 284
HIST 2177 288
HIST 2178 250
HIST 2179 276
HIST 2180 270
HIST 2181 271
HIST 2182 248
HIST 2183 283
HIST 2184 240
HIST 2185 273
HIST 2186 260
HIST 2187 248
HIST 2188 248
HIST 2189 266
HIST 2190 265
HIST 2191 274
HIST 2192 284
HIST 2193 286
HIST 2194 259
HIST 2195 276
HIST 2196 301
HIST 2197 274
HIST 2198 280
HIST 2199 264
HIST 2200 272
HIST 2201 296
HIST 2202 291
HIST 2203 252
HIST 2204 299
HIST 2205 266
HIST 2206 284
HIST 2207 280
HIST 2208 271
HIST 2209 265
HIST 2210 275
HIST 2211 278
HIST 2212 245
HIST 2213 327
HIST 2214 250
HIST 2215 300
HIST 2216 282
HIST 2217 267
HIST 2218 288
HIST 2219 274
HIST 2220 304
HIST 2221 290
HIST 2222 292
HIST 2223 288
HIST 2224 279
HIST 2225 285
HIST 2226 277
HIST 2227 272
HIST 2228 295
HIST 2229 296
HIST 2230 317
HIST 2231 271
HIST 2232 309
HIST 2233 293
HIST 2234 274
HIST 2235 275
HIST 2236 277
HIST 2237 282
HIST 2238 283
HIST 2239 267
HIST 2240 278
HIST 2241 288
HIST 2242 293
HIST 2243 293
HIST 2244 296
HIST 2245 296
HIST 2246 299
HIST 2247 276
HIST 2248 314
HIST 2249 285
HIST 2250 298
HIST 2251 285
HIST 2252 285
HIST 2253 290
HIST 2254 297
HIST 2255 300
HIST 2256 309
HIST 2257 289
HIST 2258 294
HIST 2259 269
HIST 2260 317
HIST 2261 312
HIST 2262 292
HIST 2263 299
HIST 2264 280
HIST 2265 287
HIST 2266 279
HIST 2267 281
HIST 2268 283
HIST 2269 290
HIST 2270 270
HIST 2271 307
HIST 2272 303
HIST 2273 262
HIST 2274 299
HIST 2275 310
HIST 2276 316
HIST 2277 324
HIST 2278 296
HIST 2279 344
HIST 2280 290
HIST 2281 318
HIST 2282 279
HIST 2283 335
HIST 2284 288
HIST 2285 288
HIST 2286 301
HIST 2287 310
HIST 2288 322
HIST 2289 301
HIST 2290 328
HIST 2291 326
HIST 2292 304
HIST 2293 298
HIST 2294 327
HIST 2295 307
HIST 2296 289
HIST 2297 324
HIST 2298 305
HIST 2299 314
HIST 2300 280
HIST 2301 324
HIST 2302 290
HIST 2303 318
HIST 2304 315
HIST 2305 303
HIST 2306 320
HIST 2307 340
HIST 2308 285
HIST 2309 308
HIST 2310 313
HIST 2311 296
HIST 2312 305
HIST 2313 310
HIST 2314 336
HIST 2315 282
HIST 2316 269
HIST 2317 316
HIST 2318 307
HIST 2319 300
HIST 2320 298
HIST 2321 306
HIST 2322 355
HIST 2323 341
HIST 2324 293
HIST 2325 322
HIST 2326 322
HIST 2327 327
HIST 2328 343
HIST 2329 331
HIST 2330 281
HIST 2331 291
HIST 2332 347
HIST 2333 344
HIST 2334 311
HIST 2335 295
HIST 2336 339
HIST 2337 327
HIST 2338 342
HIST 2339 323
HIST 2340 302
HIST 2341 324
HIST 2342 317
HIST 2343 301
HIST 2344 312
HIST 2345 344
HIST 2346 360
HIST 2347 330
HIST 2348 345
HIST 2349 324
HIST 2350 314
HIST 2351 339
HIST 2352 353
HIST 2353 326
HIST 2354 312
HIST 2355 343
HIST 2356 309
HIST 2357 315
HIST 2358 316
HIST 2359 300
HIST 2360 360
HIST 2361 324
HIST 2362 345
HIST 2363 317
HIST 2364 320
HIST 2365 305
HIST 2366 328
HIST 2367 316
HIST 2368 306
HIST 2369 290
HIST 2370 325
HIST 2371 328
HIST 2372 304
HIST 2373 324
HIST 2374 282
HIST 2375 298
HIST 2376 320
HIST 2377 308
HIST 2378 302
HIST 2379 310
HIST 2380 292
HIST 2381 283
HIST 2382 279
HIST 2383 241
HIST 2384 191
HIST 2385 209
HIST 2386 208
HIST 2387 202
HIST 2388 194
HIST 2389 187
HIST 2390 183
HIST 2391 173
HIST 2392 194
HIST 2393 176
HIST 2394 164
HIST 2395 167
HIST 2396 174
HIST 2397 156
HIST 2398 164
HIST 2399 168
HIST 2400 178
HIST 2401 157
HIST 2402 172
HIST 2403 146
HIST 2404 154
HIST 2405 119
HIST 2406 154
HIST 2407 152
HIST 2408 135
HIST 2409 145
HIST 2410 148
HIST 2411 128
HIST 2412 132
HIST 2413 109
HIST 2414 133
HIST 2415 124
HIST 2416 140
HIST 2417 113
HIST 2418 104
HIST 2419 110
HIST 2420 119
HIST 2421 111
HIST 2422 108
HIST 2423 109
HIST 2424 102
HIST 2425 119
HIST 2426 119
HIST 2427 104
HIST 2428 102
HIST 2429 108
HIST 2430 105
HIST 2431 99
HIST 2432 106
HIST 2433 108
HIST 2434 95
HIST 2435 96
HIST 2436 90
HIST 2437 68
HIST 2438 81
HIST 2439 92
HIST 2440 108
HIST 2441 96
HIST 2442 95
HIST 2443 76
HIST 2444 80
HIST 2445 94
HIST 2446 73
HIST 2447 71
HIST 2448 76
HIST 2449 75
HIST 2450 74
HIST 2451 74
HIST 2452 61
HIST 2453 54
HIST 2454 59
HIST 2455 72
HIST 2456 63
HIST 2457 56
HIST 2458 64
HIST 2459 51
HIST 2460 59
HIST 2461 46
HIST 2462 76
HIST 2463 66
HIST 2464 57
HIST 2465 52
HIST 2466 59
HIST 2467 42
HIST 2468 50
HIST 2469 43
HIST 2470 56
HIST 2471 38
HIST 2472 59
HIST 2473 49
HIST 2474 47
HIST 2475 59
HIST 2476 51
HIST 2477 41
HIST 2478 40
HIST 2479 47
HIST 2480 34
HIST 2481 28
HIST 2482 39
HIST 2483 43
HIST 2484 48
HIST 2485 38
HIST 2486 40
HIST 2487 36
HIST 2488 30
HIST 2489 31
HIST 2490 29
HIST 2491 24
HIST 2492 37
HIST 2493 32
HIST 2494 25
HIST 2495 40
HIST 2496 43
HIST 2497 44
HIST 2498 41
HIST 2499 34
HIST 2500 33
HIST 2501 31
HIST 2502 27
HIST 2503 32
HIST 2504 34
HIST 2505 28
HIST 2506 27
HIST 2507 26
HIST 2508 24
HIST 2509 27
HIST 2510 29
HIST 2511 20
HIST 2512 28
HIST 2513 24
HIST 2514 26
HIST 2515 28
HIST 2516 23
HIST 2517 21
HIST 2518 19
HIST 2519 24
HIST 2520 22
HIST 2521 14
HIST 2522 17
HIST 2523 26
HIST 2524 25
HIST 2525 25
HIST 2526 30
HIST 2527 25
HIST 2528 17
HIST 2529 27
HIST 2530 19
HIST 2531 18
HIST 2532 13
HIST 2533 19
HIST 2534 21
HIST 2535 15
HIST 2536 17
HIST 2537 22
HIST 2538 12
HIST 2539 18
HIST 2540 12
HIST 2541 18
HIST 2542 14
HIST 2543 22
HIST 2544 17
HIST 2545 20
HIST 2546 15
HIST 2547 14
HIST 2548 12
HIST 2549 15
HIST 2550 16
HIST 2551 16
HIST 2552 12
HIST 2553 9
HIST 2554 12
HIST 2555 5
HIST 2556 14
HIST 2557 18
HIST 2558 13
HIST 2559 12
HIST 2560 19
HIST 2561 10
HIST 2562 9
HIST 2563 18
HIST 2564 12
HIST 2565 14
HIST 2566 9
HIST 2567 12
HIST 2568 11
HIST 2569 13
HIST 2570 13
HIST 2571 10
HIST 2572 8
HIST 2573 7
HIST 2574 8
HIST 2575 16
HIST 2576 13
HIST 2577 10
HIST 2578 14
HIST 2579 8
HIST 2580 7
HIST 2581 30
HIST 2582 73
HIST 2583 10
HIST 2584 10
HIST 2585 11
HIST 2586 273
HIST 2587 2
HIST 2588 7
HIST 2589 9
HIST 2590 11
HIST 2591 12
HIST 2592 7
HIST 2593 13
HIST 2594 11
HIST 2595 4
HIST 2596 4
HIST 2597 6
HIST 2598 14
HIST 2599 17
HIST 2600 4
HIST 2601 9
HIST 2602 9
HIST 2603 6
HIST 2604 10
HIST 2605 8
HIST 2606 11
HIST 2607 5
HIST 2608 9
HIST 2609 5
HIST 2610 6
HIST 2611 16
HIST 2612 15
HIST 2613 8
HIST 2614 6
HIST 2615 124379
HISTEND
ESCPOP decays=8000000 own_exit=20322 carry_exit=20375 own_return=4076 same=4068 other=8 noface=0 lineage_gamma_out=2318 lineage_lepton_out=7585 killed_gamma=0 killed_lepton=0 facemiss=0 lineage_inside=0 out_lepton=10560400 out_brem_gamma=285301 killed_out_brem=285301 out_annih_gamma=214956 out_other_gamma=14
