SETUP correlatedGamma=0 twoJmax=10 vacuum=1 seed=0 killesc=0 killcarry=0 fullcarry=0 histbin=1.000 histbins=2616 iontag=0 escpop=1 killescown=0 killesccarry=1 killret=0 killretsame=0 killretother=0 killescbrem=0 killescdelta=0
CUTS (production thresholds per material couple):
 Material : G4_Galactic
 Range cuts        :  gamma  1 mm     e-  1 mm     e+  1 mm  proton 1 mm 
 Energy thresholds :  gamma  990 eV     e-  990 eV     e+  990 eV  proton 100 keV
 Material : scene_mat_4
 Range cuts        :  gamma  1 mm     e-  1 mm     e+  1 mm  proton 1 mm 
 Energy thresholds :  gamma  38.9651 keV    e-  738.26 keV    e+  703.709 keV proton 100 keV
 Material : scene_mat_3
 Range cuts        :  gamma  1 mm     e-  1 mm     e+  1 mm  proton 1 mm 
 Energy thresholds :  gamma  6.91691 keV    e-  597.603 keV    e+  574.29 keV proton 100 keV
 Material : scene_mat_2
 Range cuts        :  gamma  1 mm     e-  1 mm     e+  1 mm  proton 1 mm 
 Energy thresholds :  gamma  990 eV     e-  990 eV     e+  990 eV  proton 100 keV
 Material : scene_mat_1
 Range cuts        :  gamma  1 mm     e-  1 mm     e+  1 mm  proton 1 mm 
 Energy thresholds :  gamma  3.38683 keV    e-  268.033 keV    e+  261.068 keV proton 100 keV
 Material : scene_mat_0
 Range cuts        :  gamma  1 mm     e-  1 mm     e+  1 mm  proton 1 mm 
 Energy thresholds :  gamma  29.856 keV    e-  620.515 keV    e+  592.153 keV proton 100 keV
RESULT decays=8000000
RESULT any=702694 eps_total=8.783675e-02
RESULT window=2614.511 counts=124247 eps=1.553087e-02
HISTBEGIN bins=2616 bin_kev=1.000000 decays=8000000
HIST 0 79
HIST 1 255
HIST 2 234
HIST 3 247
HIST 4 242
HIST 5 313
HIST 6 281
HIST 7 281
HIST 8 283
HIST 9 310
HIST 10 276
HIST 11 278
HIST 12 270
HIST 13 265
HIST 14 298
HIST 15 290
HIST 16 305
HIST 17 303
HIST 18 298
HIST 19 271
HIST 20 316
HIST 21 320
HIST 22 326
HIST 23 319
HIST 24 300
HIST 25 291
HIST 26 311
HIST 27 311
HIST 28 304
HIST 29 291
HIST 30 340
HIST 31 323
HIST 32 528
HIST 33 497
HIST 34 350
HIST 35 319
HIST 36 394
HIST 37 350
HIST 38 344
HIST 39 287
HIST 40 326
HIST 41 330
HIST 42 308
HIST 43 276
HIST 44 314
HIST 45 309
HIST 46 287
HIST 47 323
HIST 48 276
HIST 49 290
HIST 50 311
HIST 51 305
HIST 52 305
HIST 53 300
HIST 54 280
HIST 55 321
HIST 56 289
HIST 57 303
HIST 58 308
HIST 59 301
HIST 60 315
HIST 61 268
HIST 62 316
HIST 63 283
HIST 64 313
HIST 65 334
HIST 66 319
HIST 67 315
HIST 68 326
HIST 69 338
HIST 70 315
HIST 71 290
HIST 72 319
HIST 73 313
HIST 74 301
HIST 75 364
HIST 76 300
HIST 77 362
HIST 78 325
HIST 79 307
HIST 80 296
HIST 81 287
HIST 82 324
HIST 83 319
HIST 84 320
HIST 85 308
HIST 86 327
HIST 87 316
HIST 88 353
HIST 89 292
HIST 90 882
HIST 91 315
HIST 92 316
HIST 93 294
HIST 94 1318
HIST 95 315
HIST 96 319
HIST 97 317
HIST 98 307
HIST 99 292
HIST 100 308
HIST 101 308
HIST 102 289
HIST 103 296
HIST 104 300
HIST 105 469
HIST 106 584
HIST 107 304
HIST 108 298
HIST 109 448
HIST 110 311
HIST 111 293
HIST 112 281
HIST 113 322
HIST 114 290
HIST 115 303
HIST 116 294
HIST 117 291
HIST 118 296
HIST 119 282
HIST 120 307
HIST 121 300
HIST 122 290
HIST 123 297
HIST 124 282
HIST 125 295
HIST 126 347
HIST 127 309
HIST 128 341
HIST 129 329
HIST 130 300
HIST 131 285
HIST 132 343
HIST 133 332
HIST 134 297
HIST 135 288
HIST 136 318
HIST 137 298
HIST 138 299
HIST 139 337
HIST 140 361
HIST 141 339
HIST 142 341
HIST 143 321
HIST 144 339
HIST 145 348
HIST 146 343
HIST 147 311
HIST 148 289
HIST 149 344
HIST 150 290
HIST 151 322
HIST 152 326
HIST 153 353
HIST 154 346
HIST 155 343
HIST 156 343
HIST 157 312
HIST 158 306
HIST 159 308
HIST 160 333
HIST 161 337
HIST 162 370
HIST 163 326
HIST 164 346
HIST 165 322
HIST 166 326
HIST 167 325
HIST 168 333
HIST 169 331
HIST 170 314
HIST 171 340
HIST 172 313
HIST 173 317
HIST 174 303
HIST 175 317
HIST 176 363
HIST 177 325
HIST 178 338
HIST 179 357
HIST 180 349
HIST 181 298
HIST 182 347
HIST 183 280
HIST 184 341
HIST 185 347
HIST 186 342
HIST 187 344
HIST 188 365
HIST 189 325
HIST 190 310
HIST 191 316
HIST 192 321
HIST 193 311
HIST 194 350
HIST 195 316
HIST 196 368
HIST 197 345
HIST 198 357
HIST 199 337
HIST 200 327
HIST 201 315
HIST 202 330
HIST 203 328
HIST 204 323
HIST 205 340
HIST 206 330
HIST 207 373
HIST 208 330
HIST 209 407
HIST 210 364
HIST 211 348
HIST 212 354
HIST 213 358
HIST 214 348
HIST 215 319
HIST 216 359
HIST 217 322
HIST 218 289
HIST 219 346
HIST 220 319
HIST 221 311
HIST 222 305
HIST 223 334
HIST 224 309
HIST 225 341
HIST 226 314
HIST 227 340
HIST 228 334
HIST 229 337
HIST 230 351
HIST 231 343
HIST 232 341
HIST 233 383
HIST 234 416
HIST 235 382
HIST 236 404
HIST 237 379
HIST 238 370
HIST 239 1060
HIST 240 370
HIST 241 440
HIST 242 395
HIST 243 391
HIST 244 408
HIST 245 392
HIST 246 396
HIST 247 382
HIST 248 392
HIST 249 406
HIST 250 363
HIST 251 380
HIST 252 385
HIST 253 366
HIST 254 391
HIST 255 423
HIST 256 348
HIST 257 394
HIST 258 381
HIST 259 375
HIST 260 374
HIST 261 359
HIST 262 400
HIST 263 397
HIST 264 399
HIST 265 414
HIST 266 404
HIST 267 363
HIST 268 411
HIST 269 381
HIST 270 433
HIST 271 384
HIST 272 430
HIST 273 407
HIST 274 391
HIST 275 386
HIST 276 370
HIST 277 428
HIST 278 383
HIST 279 401
HIST 280 404
HIST 281 377
HIST 282 413
HIST 283 391
HIST 284 413
HIST 285 381
HIST 286 388
HIST 287 376
HIST 288 368
HIST 289 364
HIST 290 363
HIST 291 365
HIST 292 406
HIST 293 411
HIST 294 411
HIST 295 419
HIST 296 375
HIST 297 391
HIST 298 384
HIST 299 406
HIST 300 404
HIST 301 372
HIST 302 366
HIST 303 430
HIST 304 368
HIST 305 380
HIST 306 389
HIST 307 405
HIST 308 354
HIST 309 352
HIST 310 394
HIST 311 360
HIST 312 376
HIST 313 400
HIST 314 371
HIST 315 374
HIST 316 359
HIST 317 361
HIST 318 368
HIST 319 339
HIST 320 362
HIST 321 389
HIST 322 337
HIST 323 344
HIST 324 372
HIST 325 346
HIST 326 341
HIST 327 346
HIST 328 397
HIST 329 378
HIST 330 388
HIST 331 351
HIST 332 393
HIST 333 349
HIST 334 387
HIST 335 375
HIST 336 357
HIST 337 342
HIST 338 512
HIST 339 336
HIST 340 362
HIST 341 353
HIST 342 333
HIST 343 335
HIST 344 312
HIST 345 333
HIST 346 347
HIST 347 338
HIST 348 320
HIST 349 326
HIST 350 329
HIST 351 333
HIST 352 326
HIST 353 327
HIST 354 323
HIST 355 352
HIST 356 345
HIST 357 332
HIST 358 321
HIST 359 308
HIST 360 314
HIST 361 306
HIST 362 297
HIST 363 332
HIST 364 296
HIST 365 312
HIST 366 306
HIST 367 317
HIST 368 313
HIST 369 297
HIST 370 287
HIST 371 312
HIST 372 337
HIST 373 291
HIST 374 316
HIST 375 291
HIST 376 278
HIST 377 300
HIST 378 326
HIST 379 318
HIST 380 315
HIST 381 309
HIST 382 306
HIST 383 289
HIST 384 297
HIST 385 281
HIST 386 327
HIST 387 297
HIST 388 304
HIST 389 285
HIST 390 285
HIST 391 280
HIST 392 298
HIST 393 276
HIST 394 315
HIST 395 303
HIST 396 300
HIST 397 252
HIST 398 291
HIST 399 277
HIST 400 278
HIST 401 279
HIST 402 297
HIST 403 330
HIST 404 279
HIST 405 294
HIST 406 310
HIST 407 259
HIST 408 297
HIST 409 268
HIST 410 276
HIST 411 268
HIST 412 301
HIST 413 256
HIST 414 271
HIST 415 276
HIST 416 255
HIST 417 300
HIST 418 287
HIST 419 274
HIST 420 274
HIST 421 245
HIST 422 261
HIST 423 292
HIST 424 263
HIST 425 321
HIST 426 274
HIST 427 295
HIST 428 250
HIST 429 283
HIST 430 268
HIST 431 238
HIST 432 250
HIST 433 248
HIST 434 260
HIST 435 249
HIST 436 229
HIST 437 290
HIST 438 244
HIST 439 266
HIST 440 251
HIST 441 256
HIST 442 264
HIST 443 263
HIST 444 234
HIST 445 268
HIST 446 305
HIST 447 240
HIST 448 277
HIST 449 256
HIST 450 238
HIST 451 262
HIST 452 247
HIST 453 226
HIST 454 275
HIST 455 243
HIST 456 237
HIST 457 255
HIST 458 241
HIST 459 235
HIST 460 245
HIST 461 234
HIST 462 255
HIST 463 284
HIST 464 239
HIST 465 218
HIST 466 210
HIST 467 256
HIST 468 242
HIST 469 220
HIST 470 219
HIST 471 261
HIST 472 223
HIST 473 285
HIST 474 224
HIST 475 222
HIST 476 221
HIST 477 224
HIST 478 263
HIST 479 242
HIST 480 236
HIST 481 232
HIST 482 222
HIST 483 242
HIST 484 239
HIST 485 251
HIST 486 236
HIST 487 246
HIST 488 235
HIST 489 231
HIST 490 242
HIST 491 248
HIST 492 226
HIST 493 235
HIST 494 234
HIST 495 202
HIST 496 224
HIST 497 236
HIST 498 234
HIST 499 250
HIST 500 232
HIST 501 211
HIST 502 200
HIST 503 206
HIST 504 214
HIST 505 223
HIST 506 216
HIST 507 196
HIST 508 212
HIST 509 218
HIST 510 202
HIST 511 12158
HIST 512 206
HIST 513 237
HIST 514 198
HIST 515 213
HIST 516 202
HIST 517 201
HIST 518 213
HIST 519 201
HIST 520 212
HIST 521 204
HIST 522 222
HIST 523 193
HIST 524 166
HIST 525 206
HIST 526 211
HIST 527 216
HIST 528 232
HIST 529 187
HIST 530 224
HIST 531 218
HIST 532 211
HIST 533 177
HIST 534 204
HIST 535 198
HIST 536 206
HIST 537 177
HIST 538 217
HIST 539 220
HIST 540 204
HIST 541 219
HIST 542 225
HIST 543 201
HIST 544 193
HIST 545 231
HIST 546 189
HIST 547 197
HIST 548 217
HIST 549 190
HIST 550 214
HIST 551 214
HIST 552 209
HIST 553 191
HIST 554 192
HIST 555 191
HIST 556 184
HIST 557 202
HIST 558 192
HIST 559 209
HIST 560 214
HIST 561 189
HIST 562 204
HIST 563 191
HIST 564 172
HIST 565 183
HIST 566 197
HIST 567 187
HIST 568 206
HIST 569 191
HIST 570 187
HIST 571 208
HIST 572 189
HIST 573 191
HIST 574 200
HIST 575 186
HIST 576 211
HIST 577 221
HIST 578 177
HIST 579 206
HIST 580 189
HIST 581 190
HIST 582 195
HIST 583 445
HIST 584 187
HIST 585 199
HIST 586 195
HIST 587 185
HIST 588 182
HIST 589 176
HIST 590 197
HIST 591 198
HIST 592 197
HIST 593 189
HIST 594 188
HIST 595 186
HIST 596 195
HIST 597 187
HIST 598 203
HIST 599 190
HIST 600 201
HIST 601 192
HIST 602 184
HIST 603 189
HIST 604 175
HIST 605 204
HIST 606 208
HIST 607 185
HIST 608 161
HIST 609 149
HIST 610 195
HIST 611 182
HIST 612 193
HIST 613 181
HIST 614 187
HIST 615 158
HIST 616 180
HIST 617 182
HIST 618 155
HIST 619 173
HIST 620 191
HIST 621 217
HIST 622 187
HIST 623 178
HIST 624 196
HIST 625 220
HIST 626 165
HIST 627 202
HIST 628 174
HIST 629 210
HIST 630 181
HIST 631 164
HIST 632 182
HIST 633 165
HIST 634 166
HIST 635 169
HIST 636 216
HIST 637 161
HIST 638 166
HIST 639 169
HIST 640 176
HIST 641 177
HIST 642 178
HIST 643 171
HIST 644 165
HIST 645 175
HIST 646 172
HIST 647 177
HIST 648 151
HIST 649 182
HIST 650 173
HIST 651 189
HIST 652 193
HIST 653 181
HIST 654 176
HIST 655 176
HIST 656 176
HIST 657 182
HIST 658 197
HIST 659 184
HIST 660 175
HIST 661 151
HIST 662 168
HIST 663 181
HIST 664 185
HIST 665 169
HIST 666 182
HIST 667 185
HIST 668 153
HIST 669 192
HIST 670 189
HIST 671 162
HIST 672 166
HIST 673 175
HIST 674 164
HIST 675 184
HIST 676 192
HIST 677 194
HIST 678 205
HIST 679 168
HIST 680 178
HIST 681 185
HIST 682 169
HIST 683 155
HIST 684 152
HIST 685 175
HIST 686 177
HIST 687 167
HIST 688 168
HIST 689 167
HIST 690 153
HIST 691 152
HIST 692 167
HIST 693 191
HIST 694 170
HIST 695 172
HIST 696 159
HIST 697 162
HIST 698 162
HIST 699 171
HIST 700 171
HIST 701 160
HIST 702 156
HIST 703 172
HIST 704 169
HIST 705 161
HIST 706 155
HIST 707 166
HIST 708 150
HIST 709 147
HIST 710 194
HIST 711 180
HIST 712 163
HIST 713 176
HIST 714 172
HIST 715 166
HIST 716 183
HIST 717 181
HIST 718 144
HIST 719 152
HIST 720 176
HIST 721 210
HIST 722 159
HIST 723 157
HIST 724 206
HIST 725 167
HIST 726 176
HIST 727 210
HIST 728 142
HIST 729 160
HIST 730 171
HIST 731 162
HIST 732 158
HIST 733 162
HIST 734 180
HIST 735 182
HIST 736 189
HIST 737 158
HIST 738 175
HIST 739 157
HIST 740 154
HIST 741 187
HIST 742 156
HIST 743 147
HIST 744 166
HIST 745 144
HIST 746 163
HIST 747 183
HIST 748 174
HIST 749 156
HIST 750 231
HIST 751 165
HIST 752 162
HIST 753 162
HIST 754 166
HIST 755 166
HIST 756 172
HIST 757 152
HIST 758 146
HIST 759 175
HIST 760 180
HIST 761 162
HIST 762 152
HIST 763 178
HIST 764 156
HIST 765 174
HIST 766 163
HIST 767 166
HIST 768 158
HIST 769 156
HIST 770 167
HIST 771 171
HIST 772 178
HIST 773 138
HIST 774 159
HIST 775 139
HIST 776 145
HIST 777 167
HIST 778 175
HIST 779 162
HIST 780 181
HIST 781 185
HIST 782 168
HIST 783 157
HIST 784 165
HIST 785 159
HIST 786 158
HIST 787 167
HIST 788 172
HIST 789 159
HIST 790 149
HIST 791 150
HIST 792 149
HIST 793 135
HIST 794 131
HIST 795 196
HIST 796 138
HIST 797 147
HIST 798 160
HIST 799 168
HIST 800 146
HIST 801 147
HIST 802 148
HIST 803 150
HIST 804 165
HIST 805 145
HIST 806 153
HIST 807 171
HIST 808 179
HIST 809 180
HIST 810 168
HIST 811 162
HIST 812 164
HIST 813 177
HIST 814 164
HIST 815 149
HIST 816 159
HIST 817 150
HIST 818 180
HIST 819 167
HIST 820 154
HIST 821 169
HIST 822 176
HIST 823 156
HIST 824 167
HIST 825 152
HIST 826 143
HIST 827 166
HIST 828 133
HIST 829 158
HIST 830 163
HIST 831 163
HIST 832 163
HIST 833 150
HIST 834 155
HIST 835 139
HIST 836 200
HIST 837 179
HIST 838 159
HIST 839 180
HIST 840 146
HIST 841 142
HIST 842 157
HIST 843 135
HIST 844 154
HIST 845 136
HIST 846 133
HIST 847 136
HIST 848 174
HIST 849 163
HIST 850 150
HIST 851 147
HIST 852 153
HIST 853 151
HIST 854 137
HIST 855 141
HIST 856 144
HIST 857 153
HIST 858 169
HIST 859 127
HIST 860 168
HIST 861 159
HIST 862 166
HIST 863 127
HIST 864 149
HIST 865 151
HIST 866 151
HIST 867 154
HIST 868 152
HIST 869 157
HIST 870 151
HIST 871 150
HIST 872 153
HIST 873 161
HIST 874 171
HIST 875 149
HIST 876 148
HIST 877 138
HIST 878 175
HIST 879 152
HIST 880 149
HIST 881 156
HIST 882 163
HIST 883 149
HIST 884 129
HIST 885 145
HIST 886 169
HIST 887 146
HIST 888 149
HIST 889 155
HIST 890 159
HIST 891 156
HIST 892 128
HIST 893 131
HIST 894 156
HIST 895 135
HIST 896 135
HIST 897 148
HIST 898 153
HIST 899 152
HIST 900 151
HIST 901 143
HIST 902 150
HIST 903 154
HIST 904 166
HIST 905 163
HIST 906 170
HIST 907 159
HIST 908 142
HIST 909 162
HIST 910 161
HIST 911 339
HIST 912 138
HIST 913 143
HIST 914 167
HIST 915 158
HIST 916 150
HIST 917 136
HIST 918 143
HIST 919 148
HIST 920 141
HIST 921 168
HIST 922 186
HIST 923 162
HIST 924 141
HIST 925 141
HIST 926 157
HIST 927 150
HIST 928 140
HIST 929 158
HIST 930 138
HIST 931 148
HIST 932 135
HIST 933 142
HIST 934 145
HIST 935 146
HIST 936 164
HIST 937 132
HIST 938 147
HIST 939 143
HIST 940 141
HIST 941 155
HIST 942 140
HIST 943 157
HIST 944 141
HIST 945 149
HIST 946 140
HIST 947 134
HIST 948 165
HIST 949 150
HIST 950 175
HIST 951 154
HIST 952 147
HIST 953 160
HIST 954 151
HIST 955 169
HIST 956 150
HIST 957 118
HIST 958 161
HIST 959 178
HIST 960 145
HIST 961 120
HIST 962 140
HIST 963 127
HIST 964 152
HIST 965 172
HIST 966 171
HIST 967 148
HIST 968 152
HIST 969 263
HIST 970 139
HIST 971 157
HIST 972 155
HIST 973 144
HIST 974 147
HIST 975 158
HIST 976 166
HIST 977 160
HIST 978 160
HIST 979 150
HIST 980 154
HIST 981 152
HIST 982 126
HIST 983 144
HIST 984 158
HIST 985 128
HIST 986 149
HIST 987 149
HIST 988 139
HIST 989 153
HIST 990 147
HIST 991 159
HIST 992 140
HIST 993 163
HIST 994 158
HIST 995 141
HIST 996 140
HIST 997 128
HIST 998 143
HIST 999 138
HIST 1000 142
HIST 1001 142
HIST 1002 134
HIST 1003 133
HIST 1004 132
HIST 1005 134
HIST 1006 166
HIST 1007 155
HIST 1008 142
HIST 1009 149
HIST 1010 141
HIST 1011 138
HIST 1012 162
HIST 1013 140
HIST 1014 172
HIST 1015 138
HIST 1016 139
HIST 1017 168
HIST 1018 147
HIST 1019 152
HIST 1020 141
HIST 1021 136
HIST 1022 173
HIST 1023 164
HIST 1024 138
HIST 1025 159
HIST 1026 138
HIST 1027 155
HIST 1028 143
HIST 1029 134
HIST 1030 162
HIST 1031 124
HIST 1032 136
HIST 1033 151
HIST 1034 138
HIST 1035 159
HIST 1036 138
HIST 1037 140
HIST 1038 140
HIST 1039 138
HIST 1040 147
HIST 1041 132
HIST 1042 151
HIST 1043 143
HIST 1044 133
HIST 1045 149
HIST 1046 147
HIST 1047 152
HIST 1048 128
HIST 1049 134
HIST 1050 135
HIST 1051 134
HIST 1052 121
HIST 1053 161
HIST 1054 153
HIST 1055 156
HIST 1056 139
HIST 1057 154
HIST 1058 151
HIST 1059 138
HIST 1060 129
HIST 1061 136
HIST 1062 138
HIST 1063 148
HIST 1064 153
HIST 1065 128
HIST 1066 136
HIST 1067 136
HIST 1068 143
HIST 1069 162
HIST 1070 162
HIST 1071 131
HIST 1072 154
HIST 1073 143
HIST 1074 153
HIST 1075 128
HIST 1076 136
HIST 1077 144
HIST 1078 148
HIST 1079 174
HIST 1080 122
HIST 1081 154
HIST 1082 145
HIST 1083 127
HIST 1084 146
HIST 1085 158
HIST 1086 133
HIST 1087 145
HIST 1088 129
HIST 1089 140
HIST 1090 147
HIST 1091 165
HIST 1092 156
HIST 1093 143
HIST 1094 165
HIST 1095 138
HIST 1096 163
HIST 1097 132
HIST 1098 146
HIST 1099 118
HIST 1100 153
HIST 1101 128
HIST 1102 135
HIST 1103 140
HIST 1104 137
HIST 1105 151
HIST 1106 169
HIST 1107 137
HIST 1108 118
HIST 1109 145
HIST 1110 140
HIST 1111 154
HIST 1112 159
HIST 1113 133
HIST 1114 143
HIST 1115 137
HIST 1116 136
HIST 1117 156
HIST 1118 163
HIST 1119 125
HIST 1120 135
HIST 1121 134
HIST 1122 139
HIST 1123 133
HIST 1124 165
HIST 1125 137
HIST 1126 142
HIST 1127 133
HIST 1128 136
HIST 1129 163
HIST 1130 142
HIST 1131 151
HIST 1132 130
HIST 1133 124
HIST 1134 127
HIST 1135 128
HIST 1136 150
HIST 1137 138
HIST 1138 142
HIST 1139 145
HIST 1140 142
HIST 1141 134
HIST 1142 144
HIST 1143 145
HIST 1144 153
HIST 1145 138
HIST 1146 127
HIST 1147 145
HIST 1148 134
HIST 1149 150
HIST 1150 156
HIST 1151 143
HIST 1152 161
HIST 1153 146
HIST 1154 144
HIST 1155 144
HIST 1156 151
HIST 1157 132
HIST 1158 169
HIST 1159 157
HIST 1160 146
HIST 1161 124
HIST 1162 145
HIST 1163 140
HIST 1164 150
HIST 1165 161
HIST 1166 134
HIST 1167 146
HIST 1168 120
HIST 1169 144
HIST 1170 158
HIST 1171 146
HIST 1172 158
HIST 1173 138
HIST 1174 145
HIST 1175 123
HIST 1176 144
HIST 1177 147
HIST 1178 136
HIST 1179 178
HIST 1180 138
HIST 1181 162
HIST 1182 136
HIST 1183 165
HIST 1184 131
HIST 1185 139
HIST 1186 160
HIST 1187 136
HIST 1188 139
HIST 1189 147
HIST 1190 143
HIST 1191 150
HIST 1192 152
HIST 1193 122
HIST 1194 148
HIST 1195 153
HIST 1196 139
HIST 1197 148
HIST 1198 132
HIST 1199 118
HIST 1200 171
HIST 1201 145
HIST 1202 139
HIST 1203 163
HIST 1204 132
HIST 1205 160
HIST 1206 150
HIST 1207 162
HIST 1208 128
HIST 1209 149
HIST 1210 148
HIST 1211 142
HIST 1212 143
HIST 1213 160
HIST 1214 137
HIST 1215 130
HIST 1216 140
HIST 1217 145
HIST 1218 157
HIST 1219 134
HIST 1220 137
HIST 1221 131
HIST 1222 172
HIST 1223 135
HIST 1224 158
HIST 1225 151
HIST 1226 144
HIST 1227 146
HIST 1228 158
HIST 1229 146
HIST 1230 114
HIST 1231 136
HIST 1232 135
HIST 1233 121
HIST 1234 150
HIST 1235 149
HIST 1236 145
HIST 1237 134
HIST 1238 148
HIST 1239 148
HIST 1240 130
HIST 1241 136
HIST 1242 148
HIST 1243 149
HIST 1244 161
HIST 1245 140
HIST 1246 142
HIST 1247 154
HIST 1248 121
HIST 1249 151
HIST 1250 133
HIST 1251 120
HIST 1252 125
HIST 1253 143
HIST 1254 147
HIST 1255 145
HIST 1256 138
HIST 1257 161
HIST 1258 144
HIST 1259 156
HIST 1260 166
HIST 1261 173
HIST 1262 131
HIST 1263 132
HIST 1264 139
HIST 1265 127
HIST 1266 142
HIST 1267 152
HIST 1268 124
HIST 1269 147
HIST 1270 130
HIST 1271 142
HIST 1272 140
HIST 1273 147
HIST 1274 171
HIST 1275 135
HIST 1276 143
HIST 1277 132
HIST 1278 138
HIST 1279 131
HIST 1280 143
HIST 1281 118
HIST 1282 144
HIST 1283 161
HIST 1284 127
HIST 1285 129
HIST 1286 129
HIST 1287 141
HIST 1288 137
HIST 1289 152
HIST 1290 148
HIST 1291 133
HIST 1292 152
HIST 1293 143
HIST 1294 144
HIST 1295 158
HIST 1296 142
HIST 1297 130
HIST 1298 137
HIST 1299 168
HIST 1300 137
HIST 1301 156
HIST 1302 140
HIST 1303 143
HIST 1304 138
HIST 1305 160
HIST 1306 152
HIST 1307 151
HIST 1308 155
HIST 1309 147
HIST 1310 151
HIST 1311 140
HIST 1312 136
HIST 1313 132
HIST 1314 143
HIST 1315 142
HIST 1316 136
HIST 1317 142
HIST 1318 144
HIST 1319 142
HIST 1320 150
HIST 1321 155
HIST 1322 121
HIST 1323 139
HIST 1324 156
HIST 1325 121
HIST 1326 144
HIST 1327 147
HIST 1328 144
HIST 1329 115
HIST 1330 140
HIST 1331 152
HIST 1332 106
HIST 1333 142
HIST 1334 130
HIST 1335 129
HIST 1336 145
HIST 1337 162
HIST 1338 147
HIST 1339 147
HIST 1340 135
HIST 1341 154
HIST 1342 118
HIST 1343 126
HIST 1344 144
HIST 1345 135
HIST 1346 162
HIST 1347 157
HIST 1348 130
HIST 1349 143
HIST 1350 133
HIST 1351 136
HIST 1352 144
HIST 1353 159
HIST 1354 130
HIST 1355 135
HIST 1356 130
HIST 1357 149
HIST 1358 160
HIST 1359 156
HIST 1360 145
HIST 1361 131
HIST 1362 144
HIST 1363 148
HIST 1364 142
HIST 1365 134
HIST 1366 146
HIST 1367 151
HIST 1368 139
HIST 1369 142
HIST 1370 159
HIST 1371 129
HIST 1372 148
HIST 1373 151
HIST 1374 178
HIST 1375 148
HIST 1376 135
HIST 1377 134
HIST 1378 140
HIST 1379 139
HIST 1380 139
HIST 1381 131
HIST 1382 132
HIST 1383 145
HIST 1384 139
HIST 1385 152
HIST 1386 140
HIST 1387 140
HIST 1388 149
HIST 1389 144
HIST 1390 121
HIST 1391 136
HIST 1392 113
HIST 1393 152
HIST 1394 148
HIST 1395 159
HIST 1396 157
HIST 1397 148
HIST 1398 140
HIST 1399 157
HIST 1400 172
HIST 1401 147
HIST 1402 119
HIST 1403 138
HIST 1404 163
HIST 1405 130
HIST 1406 160
HIST 1407 164
HIST 1408 148
HIST 1409 164
HIST 1410 139
HIST 1411 152
HIST 1412 140
HIST 1413 134
HIST 1414 135
HIST 1415 163
HIST 1416 147
HIST 1417 153
HIST 1418 128
HIST 1419 144
HIST 1420 159
HIST 1421 129
HIST 1422 148
HIST 1423 174
HIST 1424 133
HIST 1425 139
HIST 1426 145
HIST 1427 143
HIST 1428 144
HIST 1429 156
HIST 1430 134
HIST 1431 134
HIST 1432 146
HIST 1433 151
HIST 1434 157
HIST 1435 163
HIST 1436 131
HIST 1437 149
HIST 1438 139
HIST 1439 148
HIST 1440 143
HIST 1441 131
HIST 1442 151
HIST 1443 138
HIST 1444 147
HIST 1445 148
HIST 1446 147
HIST 1447 136
HIST 1448 162
HIST 1449 135
HIST 1450 137
HIST 1451 154
HIST 1452 145
HIST 1453 134
HIST 1454 135
HIST 1455 142
HIST 1456 133
HIST 1457 170
HIST 1458 141
HIST 1459 145
HIST 1460 144
HIST 1461 136
HIST 1462 136
HIST 1463 152
HIST 1464 136
HIST 1465 145
HIST 1466 164
HIST 1467 111
HIST 1468 158
HIST 1469 148
HIST 1470 150
HIST 1471 139
HIST 1472 137
HIST 1473 160
HIST 1474 141
HIST 1475 149
HIST 1476 171
HIST 1477 134
HIST 1478 133
HIST 1479 150
HIST 1480 169
HIST 1481 151
HIST 1482 164
HIST 1483 134
HIST 1484 137
HIST 1485 147
HIST 1486 148
HIST 1487 135
HIST 1488 142
HIST 1489 138
HIST 1490 148
HIST 1491 130
HIST 1492 159
HIST 1493 151
HIST 1494 142
HIST 1495 139
HIST 1496 170
HIST 1497 140
HIST 1498 150
HIST 1499 163
HIST 1500 147
HIST 1501 139
HIST 1502 148
HIST 1503 139
HIST 1504 150
HIST 1505 149
HIST 1506 137
HIST 1507 147
HIST 1508 124
HIST 1509 175
HIST 1510 150
HIST 1511 154
HIST 1512 136
HIST 1513 148
HIST 1514 147
HIST 1515 134
HIST 1516 169
HIST 1517 162
HIST 1518 159
HIST 1519 140
HIST 1520 157
HIST 1521 141
HIST 1522 140
HIST 1523 129
HIST 1524 131
HIST 1525 153
HIST 1526 156
HIST 1527 152
HIST 1528 160
HIST 1529 139
HIST 1530 155
HIST 1531 146
HIST 1532 139
HIST 1533 154
HIST 1534 145
HIST 1535 150
HIST 1536 157
HIST 1537 159
HIST 1538 159
HIST 1539 156
HIST 1540 124
HIST 1541 156
HIST 1542 166
HIST 1543 155
HIST 1544 167
HIST 1545 149
HIST 1546 148
HIST 1547 162
HIST 1548 143
HIST 1549 133
HIST 1550 147
HIST 1551 154
HIST 1552 159
HIST 1553 166
HIST 1554 152
HIST 1555 139
HIST 1556 144
HIST 1557 154
HIST 1558 155
HIST 1559 154
HIST 1560 153
HIST 1561 158
HIST 1562 156
HIST 1563 164
HIST 1564 156
HIST 1565 150
HIST 1566 149
HIST 1567 129
HIST 1568 161
HIST 1569 146
HIST 1570 167
HIST 1571 154
HIST 1572 157
HIST 1573 136
HIST 1574 145
HIST 1575 158
HIST 1576 152
HIST 1577 151
HIST 1578 152
HIST 1579 142
HIST 1580 144
HIST 1581 143
HIST 1582 148
HIST 1583 165
HIST 1584 146
HIST 1585 153
HIST 1586 138
HIST 1587 146
HIST 1588 153
HIST 1589 150
HIST 1590 173
HIST 1591 163
HIST 1592 156
HIST 1593 9560
HIST 1594 175
HIST 1595 203
HIST 1596 202
HIST 1597 197
HIST 1598 205
HIST 1599 203
HIST 1600 208
HIST 1601 187
HIST 1602 206
HIST 1603 182
HIST 1604 210
HIST 1605 184
HIST 1606 202
HIST 1607 190
HIST 1608 220
HIST 1609 182
HIST 1610 211
HIST 1611 220
HIST 1612 162
HIST 1613 192
HIST 1614 196
HIST 1615 171
HIST 1616 217
HIST 1617 179
HIST 1618 186
HIST 1619 181
HIST 1620 187
HIST 1621 209
HIST 1622 221
HIST 1623 197
HIST 1624 174
HIST 1625 206
HIST 1626 182
HIST 1627 191
HIST 1628 191
HIST 1629 198
HIST 1630 195
HIST 1631 208
HIST 1632 192
HIST 1633 196
HIST 1634 207
HIST 1635 188
HIST 1636 201
HIST 1637 191
HIST 1638 199
HIST 1639 181
HIST 1640 199
HIST 1641 196
HIST 1642 205
HIST 1643 196
HIST 1644 181
HIST 1645 201
HIST 1646 191
HIST 1647 188
HIST 1648 186
HIST 1649 202
HIST 1650 203
HIST 1651 192
HIST 1652 206
HIST 1653 220
HIST 1654 192
HIST 1655 191
HIST 1656 201
HIST 1657 179
HIST 1658 240
HIST 1659 199
HIST 1660 196
HIST 1661 204
HIST 1662 212
HIST 1663 169
HIST 1664 208
HIST 1665 204
HIST 1666 211
HIST 1667 200
HIST 1668 222
HIST 1669 227
HIST 1670 181
HIST 1671 186
HIST 1672 199
HIST 1673 222
HIST 1674 191
HIST 1675 197
HIST 1676 217
HIST 1677 204
HIST 1678 194
HIST 1679 218
HIST 1680 206
HIST 1681 193
HIST 1682 215
HIST 1683 187
HIST 1684 193
HIST 1685 196
HIST 1686 186
HIST 1687 209
HIST 1688 188
HIST 1689 212
HIST 1690 176
HIST 1691 201
HIST 1692 211
HIST 1693 197
HIST 1694 202
HIST 1695 212
HIST 1696 212
HIST 1697 204
HIST 1698 194
HIST 1699 201
HIST 1700 188
HIST 1701 223
HIST 1702 176
HIST 1703 208
HIST 1704 189
HIST 1705 182
HIST 1706 188
HIST 1707 185
HIST 1708 187
HIST 1709 210
HIST 1710 207
HIST 1711 211
HIST 1712 237
HIST 1713 186
HIST 1714 215
HIST 1715 209
HIST 1716 187
HIST 1717 199
HIST 1718 210
HIST 1719 198
HIST 1720 201
HIST 1721 185
HIST 1722 184
HIST 1723 178
HIST 1724 181
HIST 1725 190
HIST 1726 203
HIST 1727 179
HIST 1728 193
HIST 1729 189
HIST 1730 192
HIST 1731 191
HIST 1732 202
HIST 1733 225
HIST 1734 199
HIST 1735 212
HIST 1736 167
HIST 1737 197
HIST 1738 201
HIST 1739 216
HIST 1740 196
HIST 1741 209
HIST 1742 210
HIST 1743 216
HIST 1744 200
HIST 1745 199
HIST 1746 215
HIST 1747 187
HIST 1748 209
HIST 1749 193
HIST 1750 184
HIST 1751 199
HIST 1752 162
HIST 1753 173
HIST 1754 196
HIST 1755 190
HIST 1756 205
HIST 1757 186
HIST 1758 213
HIST 1759 207
HIST 1760 181
HIST 1761 214
HIST 1762 189
HIST 1763 210
HIST 1764 185
HIST 1765 209
HIST 1766 189
HIST 1767 214
HIST 1768 217
HIST 1769 179
HIST 1770 210
HIST 1771 211
HIST 1772 210
HIST 1773 226
HIST 1774 205
HIST 1775 189
HIST 1776 223
HIST 1777 210
HIST 1778 227
HIST 1779 211
HIST 1780 203
HIST 1781 214
HIST 1782 246
HIST 1783 210
HIST 1784 207
HIST 1785 215
HIST 1786 190
HIST 1787 228
HIST 1788 224
HIST 1789 198
HIST 1790 213
HIST 1791 204
HIST 1792 192
HIST 1793 206
HIST 1794 199
HIST 1795 234
HIST 1796 205
HIST 1797 224
HIST 1798 197
HIST 1799 193
HIST 1800 193
HIST 1801 203
HIST 1802 194
HIST 1803 214
HIST 1804 241
HIST 1805 251
HIST 1806 219
HIST 1807 196
HIST 1808 207
HIST 1809 223
HIST 1810 196
HIST 1811 190
HIST 1812 218
HIST 1813 202
HIST 1814 201
HIST 1815 216
HIST 1816 196
HIST 1817 210
HIST 1818 226
HIST 1819 201
HIST 1820 196
HIST 1821 218
HIST 1822 192
HIST 1823 188
HIST 1824 179
HIST 1825 214
HIST 1826 219
HIST 1827 222
HIST 1828 234
HIST 1829 219
HIST 1830 216
HIST 1831 195
HIST 1832 216
HIST 1833 214
HIST 1834 178
HIST 1835 237
HIST 1836 217
HIST 1837 213
HIST 1838 239
HIST 1839 200
HIST 1840 212
HIST 1841 211
HIST 1842 229
HIST 1843 196
HIST 1844 192
HIST 1845 217
HIST 1846 221
HIST 1847 229
HIST 1848 202
HIST 1849 207
HIST 1850 190
HIST 1851 230
HIST 1852 217
HIST 1853 205
HIST 1854 194
HIST 1855 200
HIST 1856 214
HIST 1857 218
HIST 1858 194
HIST 1859 198
HIST 1860 205
HIST 1861 215
HIST 1862 218
HIST 1863 203
HIST 1864 201
HIST 1865 230
HIST 1866 221
HIST 1867 223
HIST 1868 227
HIST 1869 184
HIST 1870 212
HIST 1871 222
HIST 1872 217
HIST 1873 225
HIST 1874 241
HIST 1875 186
HIST 1876 216
HIST 1877 201
HIST 1878 202
HIST 1879 219
HIST 1880 205
HIST 1881 206
HIST 1882 230
HIST 1883 198
HIST 1884 222
HIST 1885 217
HIST 1886 214
HIST 1887 200
HIST 1888 211
HIST 1889 204
HIST 1890 191
HIST 1891 203
HIST 1892 211
HIST 1893 203
HIST 1894 251
HIST 1895 216
HIST 1896 196
HIST 1897 209
HIST 1898 232
HIST 1899 192
HIST 1900 206
HIST 1901 197
HIST 1902 237
HIST 1903 196
HIST 1904 215
HIST 1905 198
HIST 1906 215
HIST 1907 207
HIST 1908 179
HIST 1909 192
HIST 1910 214
HIST 1911 192
HIST 1912 200
HIST 1913 206
HIST 1914 206
HIST 1915 208
HIST 1916 228
HIST 1917 207
HIST 1918 213
HIST 1919 230
HIST 1920 200
HIST 1921 210
HIST 1922 221
HIST 1923 199
HIST 1924 215
HIST 1925 212
HIST 1926 209
HIST 1927 217
HIST 1928 197
HIST 1929 192
HIST 1930 210
HIST 1931 205
HIST 1932 190
HIST 1933 192
HIST 1934 213
HIST 1935 218
HIST 1936 209
HIST 1937 210
HIST 1938 196
HIST 1939 201
HIST 1940 199
HIST 1941 189
HIST 1942 191
HIST 1943 197
HIST 1944 206
HIST 1945 162
HIST 1946 191
HIST 1947 242
HIST 1948 183
HIST 1949 175
HIST 1950 175
HIST 1951 192
HIST 1952 198
HIST 1953 216
HIST 1954 200
HIST 1955 182
HIST 1956 207
HIST 1957 206
HIST 1958 167
HIST 1959 197
HIST 1960 193
HIST 1961 182
HIST 1962 197
HIST 1963 212
HIST 1964 165
HIST 1965 201
HIST 1966 202
HIST 1967 191
HIST 1968 192
HIST 1969 206
HIST 1970 204
HIST 1971 216
HIST 1972 205
HIST 1973 197
HIST 1974 218
HIST 1975 177
HIST 1976 207
HIST 1977 193
HIST 1978 209
HIST 1979 197
HIST 1980 208
HIST 1981 210
HIST 1982 178
HIST 1983 174
HIST 1984 193
HIST 1985 212
HIST 1986 177
HIST 1987 188
HIST 1988 226
HIST 1989 225
HIST 1990 210
HIST 1991 205
HIST 1992 201
HIST 1993 208
HIST 1994 173
HIST 1995 228
HIST 1996 194
HIST 1997 228
HIST 1998 209
HIST 1999 216
HIST 2000 204
HIST 2001 206
HIST 2002 216
HIST 2003 181
HIST 2004 184
HIST 2005 214
HIST 2006 181
HIST 2007 210
HIST 2008 183
HIST 2009 204
HIST 2010 186
HIST 2011 210
HIST 2012 190
HIST 2013 214
HIST 2014 203
HIST 2015 211
HIST 2016 214
HIST 2017 190
HIST 2018 208
HIST 2019 215
HIST 2020 210
HIST 2021 219
HIST 2022 194
HIST 2023 199
HIST 2024 181
HIST 2025 211
HIST 2026 208
HIST 2027 232
HIST 2028 225
HIST 2029 185
HIST 2030 223
HIST 2031 195
HIST 2032 211
HIST 2033 210
HIST 2034 227
HIST 2035 210
HIST 2036 200
HIST 2037 211
HIST 2038 217
HIST 2039 217
HIST 2040 186
HIST 2041 220
HIST 2042 194
HIST 2043 199
HIST 2044 206
HIST 2045 189
HIST 2046 225
HIST 2047 213
HIST 2048 214
HIST 2049 201
HIST 2050 216
HIST 2051 234
HIST 2052 194
HIST 2053 215
HIST 2054 234
HIST 2055 201
HIST 2056 181
HIST 2057 205
HIST 2058 218
HIST 2059 213
HIST 2060 224
HIST 2061 212
HIST 2062 200
HIST 2063 243
HIST 2064 209
HIST 2065 217
HIST 2066 221
HIST 2067 191
HIST 2068 196
HIST 2069 204
HIST 2070 202
HIST 2071 211
HIST 2072 215
HIST 2073 189
HIST 2074 177
HIST 2075 281
HIST 2076 230
HIST 2077 239
HIST 2078 224
HIST 2079 242
HIST 2080 244
HIST 2081 200
HIST 2082 221
HIST 2083 212
HIST 2084 205
HIST 2085 223
HIST 2086 216
HIST 2087 187
HIST 2088 218
HIST 2089 216
HIST 2090 214
HIST 2091 217
HIST 2092 230
HIST 2093 205
HIST 2094 225
HIST 2095 223
HIST 2096 244
HIST 2097 219
HIST 2098 261
HIST 2099 215
HIST 2100 184
HIST 2101 237
HIST 2102 227
HIST 2103 224
HIST 2104 25161
HIST 2105 235
HIST 2106 267
HIST 2107 254
HIST 2108 252
HIST 2109 237
HIST 2110 273
HIST 2111 279
HIST 2112 253
HIST 2113 238
HIST 2114 266
HIST 2115 251
HIST 2116 256
HIST 2117 293
HIST 2118 278
HIST 2119 238
HIST 2120 266
HIST 2121 297
HIST 2122 263
HIST 2123 273
HIST 2124 275
HIST 2125 256
HIST 2126 256
HIST 2127 268
HIST 2128 272
HIST 2129 260
HIST 2130 283
HIST 2131 245
HIST 2132 282
HIST 2133 270
HIST 2134 279
HIST 2135 284
HIST 2136 285
HIST 2137 245
HIST 2138 255
HIST 2139 295
HIST 2140 290
HIST 2141 254
HIST 2142 260
HIST 2143 244
HIST 2144 265
HIST 2145 274
HIST 2146 280
HIST 2147 254
HIST 2148 274
HIST 2149 263
HIST 2150 278
HIST 2151 250
HIST 2152 246
HIST 2153 243
HIST 2154 246
HIST 2155 285
HIST 2156 290
HIST 2157 247
HIST 2158 265
HIST 2159 264
HIST 2160 285
HIST 2161 268
HIST 2162 260
HIST 2163 267
HIST 2164 258
HIST 2165 233
HIST 2166 240
HIST 2167 267
HIST 2168 258
HIST 2169 228
HIST 2170 272
HIST 2171 277
HIST 2172 276
HIST 2173 246
HIST 2174 274
HIST 2175 262
HIST 2176 283
HIST 2177 287
HIST 2178 250
HIST 2179 276
HIST 2180 269
HIST 2181 270
HIST 2182 249
HIST 2183 283
HIST 2184 240
HIST 2185 272
HIST 2186 260
HIST 2187 246
HIST 2188 246
HIST 2189 267
HIST 2190 265
HIST 2191 274
HIST 2192 284
HIST 2193 286
HIST 2194 258
HIST 2195 276
HIST 2196 300
HIST 2197 275
HIST 2198 280
HIST 2199 264
HIST 2200 272
HIST 2201 296
HIST 2202 290
HIST 2203 251
HIST 2204 300
HIST 2205 265
HIST 2206 284
HIST 2207 280
HIST 2208 269
HIST 2209 265
HIST 2210 274
HIST 2211 278
HIST 2212 245
HIST 2213 327
HIST 2214 250
HIST 2215 300
HIST 2216 282
HIST 2217 266
HIST 2218 288
HIST 2219 275
HIST 2220 304
HIST 2221 290
HIST 2222 292
HIST 2223 288
HIST 2224 279
HIST 2225 285
HIST 2226 277
HIST 2227 272
HIST 2228 295
HIST 2229 296
HIST 2230 317
HIST 2231 272
HIST 2232 309
HIST 2233 294
HIST 2234 272
HIST 2235 275
HIST 2236 277
HIST 2237 282
HIST 2238 283
HIST 2239 266
HIST 2240 278
HIST 2241 287
HIST 2242 293
HIST 2243 293
HIST 2244 296
HIST 2245 295
HIST 2246 299
HIST 2247 275
HIST 2248 314
HIST 2249 285
HIST 2250 299
HIST 2251 284
HIST 2252 286
HIST 2253 290
HIST 2254 297
HIST 2255 299
HIST 2256 308
HIST 2257 289
HIST 2258 295
HIST 2259 271
HIST 2260 317
HIST 2261 311
HIST 2262 292
HIST 2263 299
HIST 2264 280
HIST 2265 287
HIST 2266 279
HIST 2267 281
HIST 2268 283
HIST 2269 290
HIST 2270 270
HIST 2271 307
HIST 2272 303
HIST 2273 262
HIST 2274 298
HIST 2275 310
HIST 2276 316
HIST 2277 324
HIST 2278 295
HIST 2279 344
HIST 2280 289
HIST 2281 318
HIST 2282 278
HIST 2283 334
HIST 2284 288
HIST 2285 289
HIST 2286 301
HIST 2287 311
HIST 2288 323
HIST 2289 301
HIST 2290 329
HIST 2291 326
HIST 2292 304
HIST 2293 297
HIST 2294 327
HIST 2295 306
HIST 2296 289
HIST 2297 322
HIST 2298 305
HIST 2299 314
HIST 2300 279
HIST 2301 324
HIST 2302 291
HIST 2303 318
HIST 2304 315
HIST 2305 304
HIST 2306 321
HIST 2307 340
HIST 2308 283
HIST 2309 307
HIST 2310 313
HIST 2311 296
HIST 2312 305
HIST 2313 310
HIST 2314 337
HIST 2315 281
HIST 2316 269
HIST 2317 316
HIST 2318 308
HIST 2319 301
HIST 2320 297
HIST 2321 306
HIST 2322 355
HIST 2323 341
HIST 2324 293
HIST 2325 324
HIST 2326 322
HIST 2327 328
HIST 2328 344
HIST 2329 331
HIST 2330 281
HIST 2331 291
HIST 2332 347
HIST 2333 344
HIST 2334 311
HIST 2335 294
HIST 2336 340
HIST 2337 327
HIST 2338 342
HIST 2339 322
HIST 2340 303
HIST 2341 324
HIST 2342 318
HIST 2343 300
HIST 2344 312
HIST 2345 344
HIST 2346 359
HIST 2347 329
HIST 2348 346
HIST 2349 324
HIST 2350 313
HIST 2351 339
HIST 2352 354
HIST 2353 327
HIST 2354 312
HIST 2355 343
HIST 2356 308
HIST 2357 316
HIST 2358 316
HIST 2359 300
HIST 2360 360
HIST 2361 324
HIST 2362 345
HIST 2363 317
HIST 2364 320
HIST 2365 305
HIST 2366 328
HIST 2367 316
HIST 2368 306
HIST 2369 289
HIST 2370 325
HIST 2371 328
HIST 2372 303
HIST 2373 324
HIST 2374 282
HIST 2375 298
HIST 2376 321
HIST 2377 306
HIST 2378 302
HIST 2379 310
HIST 2380 292
HIST 2381 282
HIST 2382 279
HIST 2383 241
HIST 2384 191
HIST 2385 210
HIST 2386 207
HIST 2387 201
HIST 2388 195
HIST 2389 185
HIST 2390 182
HIST 2391 173
HIST 2392 192
HIST 2393 175
HIST 2394 164
HIST 2395 168
HIST 2396 174
HIST 2397 156
HIST 2398 164
HIST 2399 168
HIST 2400 178
HIST 2401 157
HIST 2402 172
HIST 2403 146
HIST 2404 155
HIST 2405 121
HIST 2406 154
HIST 2407 152
HIST 2408 135
HIST 2409 145
HIST 2410 149
HIST 2411 128
HIST 2412 132
HIST 2413 109
HIST 2414 133
HIST 2415 124
HIST 2416 140
HIST 2417 113
HIST 2418 105
HIST 2419 110
HIST 2420 119
HIST 2421 111
HIST 2422 108
HIST 2423 110
HIST 2424 102
HIST 2425 119
HIST 2426 118
HIST 2427 104
HIST 2428 102
HIST 2429 109
HIST 2430 106
HIST 2431 99
HIST 2432 106
HIST 2433 108
HIST 2434 95
HIST 2435 97
HIST 2436 90
HIST 2437 68
HIST 2438 80
HIST 2439 92
HIST 2440 108
HIST 2441 97
HIST 2442 95
HIST 2443 75
HIST 2444 80
HIST 2445 94
HIST 2446 73
HIST 2447 71
HIST 2448 77
HIST 2449 74
HIST 2450 74
HIST 2451 74
HIST 2452 61
HIST 2453 54
HIST 2454 59
HIST 2455 72
HIST 2456 63
HIST 2457 56
HIST 2458 64
HIST 2459 51
HIST 2460 59
HIST 2461 47
HIST 2462 77
HIST 2463 66
HIST 2464 57
HIST 2465 52
HIST 2466 58
HIST 2467 42
HIST 2468 50
HIST 2469 43
HIST 2470 55
HIST 2471 38
HIST 2472 59
HIST 2473 49
HIST 2474 47
HIST 2475 58
HIST 2476 51
HIST 2477 42
HIST 2478 40
HIST 2479 47
HIST 2480 34
HIST 2481 28
HIST 2482 39
HIST 2483 43
HIST 2484 48
HIST 2485 38
HIST 2486 40
HIST 2487 36
HIST 2488 31
HIST 2489 31
HIST 2490 30
HIST 2491 24
HIST 2492 37
HIST 2493 32
HIST 2494 25
HIST 2495 40
HIST 2496 42
HIST 2497 44
HIST 2498 41
HIST 2499 34
HIST 2500 34
HIST 2501 31
HIST 2502 27
HIST 2503 32
HIST 2504 34
HIST 2505 28
HIST 2506 27
HIST 2507 26
HIST 2508 24
HIST 2509 27
HIST 2510 29
HIST 2511 20
HIST 2512 28
HIST 2513 24
HIST 2514 26
HIST 2515 28
HIST 2516 23
HIST 2517 21
HIST 2518 19
HIST 2519 23
HIST 2520 22
HIST 2521 14
HIST 2522 17
HIST 2523 26
HIST 2524 25
HIST 2525 25
HIST 2526 30
HIST 2527 25
HIST 2528 17
HIST 2529 27
HIST 2530 20
HIST 2531 19
HIST 2532 13
HIST 2533 19
HIST 2534 21
HIST 2535 15
HIST 2536 17
HIST 2537 22
HIST 2538 12
HIST 2539 18
HIST 2540 12
HIST 2541 18
HIST 2542 14
HIST 2543 22
HIST 2544 17
HIST 2545 20
HIST 2546 15
HIST 2547 14
HIST 2548 12
HIST 2549 15
HIST 2550 16
HIST 2551 16
HIST 2552 12
HIST 2553 9
HIST 2554 12
HIST 2555 5
HIST 2556 14
HIST 2557 18
HIST 2558 13
HIST 2559 12
HIST 2560 19
HIST 2561 10
HIST 2562 9
HIST 2563 18
HIST 2564 11
HIST 2565 15
HIST 2566 9
HIST 2567 12
HIST 2568 11
HIST 2569 13
HIST 2570 13
HIST 2571 10
HIST 2572 8
HIST 2573 7
HIST 2574 8
HIST 2575 16
HIST 2576 13
HIST 2577 10
HIST 2578 14
HIST 2579 8
HIST 2580 7
HIST 2581 30
HIST 2582 73
HIST 2583 10
HIST 2584 10
HIST 2585 11
HIST 2586 273
HIST 2587 2
HIST 2588 7
HIST 2589 9
HIST 2590 10
HIST 2591 12
HIST 2592 7
HIST 2593 13
HIST 2594 11
HIST 2595 4
HIST 2596 4
HIST 2597 6
HIST 2598 14
HIST 2599 17
HIST 2600 4
HIST 2601 9
HIST 2602 9
HIST 2603 6
HIST 2604 10
HIST 2605 8
HIST 2606 11
HIST 2607 5
HIST 2608 9
HIST 2609 5
HIST 2610 6
HIST 2611 16
HIST 2612 15
HIST 2613 8
HIST 2614 6
HIST 2615 124376
HISTEND
ESCPOP decays=8000000 own_exit=20425 carry_exit=17610 own_return=4105 same=4097 other=8 noface=0 lineage_gamma_out=2317 lineage_lepton_out=7574 killed_gamma=0 killed_lepton=0 facemiss=0 lineage_inside=0
