SETUP correlatedGamma=0 twoJmax=10 vacuum=1 seed=0 killesc=0 killcarry=0 fullcarry=0 histbin=1.000 histbins=1462 iontag=0 escpop=1 killescown=1 killesccarry=0 killret=0 killretsame=0 killretother=0 killescbrem=0 killescdelta=0
CUTS (production thresholds per material couple):
 Material : G4_Galactic
 Range cuts        :  gamma  1 mm     e-  1 mm     e+  1 mm  proton 1 mm 
 Energy thresholds :  gamma  990 eV     e-  990 eV     e+  990 eV  proton 100 keV
 Material : scene_mat_3
 Range cuts        :  gamma  1 mm     e-  1 mm     e+  1 mm  proton 1 mm 
 Energy thresholds :  gamma  6.91691 keV    e-  597.603 keV    e+  574.29 keV proton 100 keV
 Material : scene_mat_1
 Range cuts        :  gamma  1 mm     e-  1 mm     e+  1 mm  proton 1 mm 
 Energy thresholds :  gamma  4.39533 keV    e-  541.252 keV    e+  522.087 keV proton 100 keV
 Material : scene_mat_0
 Range cuts        :  gamma  1 mm     e-  1 mm     e+  1 mm  proton 1 mm 
 Energy thresholds :  gamma  38.4662 keV    e-  692.485 keV    e+  658.149 keV proton 100 keV
RESULT decays=20000000
RESULT any=782216 eps_total=3.911080e-02
RESULT window=1460.820 counts=60509 eps=3.025450e-03
HISTBEGIN bins=1462 bin_kev=1.000000 decays=20000000
HIST 0 315
HIST 1 744
HIST 2 793
HIST 3 785
HIST 4 786
HIST 5 859
HIST 6 917
HIST 7 884
HIST 8 917
HIST 9 874
HIST 10 920
HIST 11 913
HIST 12 941
HIST 13 976
HIST 14 897
HIST 15 928
HIST 16 949
HIST 17 969
HIST 18 946
HIST 19 919
HIST 20 874
HIST 21 920
HIST 22 966
HIST 23 922
HIST 24 921
HIST 25 966
HIST 26 914
HIST 27 894
HIST 28 873
HIST 29 915
HIST 30 869
HIST 31 910
HIST 32 898
HIST 33 859
HIST 34 919
HIST 35 848
HIST 36 894
HIST 37 812
HIST 38 905
HIST 39 874
HIST 40 818
HIST 41 847
HIST 42 793
HIST 43 811
HIST 44 845
HIST 45 806
HIST 46 809
HIST 47 823
HIST 48 840
HIST 49 831
HIST 50 842
HIST 51 827
HIST 52 809
HIST 53 793
HIST 54 797
HIST 55 790
HIST 56 789
HIST 57 751
HIST 58 790
HIST 59 813
HIST 60 777
HIST 61 788
HIST 62 757
HIST 63 736
HIST 64 796
HIST 65 759
HIST 66 762
HIST 67 744
HIST 68 766
HIST 69 825
HIST 70 823
HIST 71 780
HIST 72 815
HIST 73 740
HIST 74 757
HIST 75 782
HIST 76 726
HIST 77 735
HIST 78 721
HIST 79 705
HIST 80 781
HIST 81 716
HIST 82 728
HIST 83 738
HIST 84 706
HIST 85 748
HIST 86 773
HIST 87 747
HIST 88 684
HIST 89 687
HIST 90 702
HIST 91 755
HIST 92 719
HIST 93 758
HIST 94 751
HIST 95 706
HIST 96 709
HIST 97 782
HIST 98 674
HIST 99 722
HIST 100 675
HIST 101 712
HIST 102 725
HIST 103 713
HIST 104 660
HIST 105 674
HIST 106 713
HIST 107 662
HIST 108 697
HIST 109 714
HIST 110 679
HIST 111 706
HIST 112 700
HIST 113 695
HIST 114 720
HIST 115 653
HIST 116 679
HIST 117 669
HIST 118 696
HIST 119 683
HIST 120 710
HIST 121 706
HIST 122 714
HIST 123 674
HIST 124 660
HIST 125 664
HIST 126 672
HIST 127 693
HIST 128 664
HIST 129 702
HIST 130 709
HIST 131 687
HIST 132 657
HIST 133 669
HIST 134 662
HIST 135 679
HIST 136 706
HIST 137 712
HIST 138 697
HIST 139 633
HIST 140 672
HIST 141 652
HIST 142 687
HIST 143 644
HIST 144 691
HIST 145 676
HIST 146 627
HIST 147 631
HIST 148 654
HIST 149 650
HIST 150 678
HIST 151 686
HIST 152 713
HIST 153 667
HIST 154 650
HIST 155 707
HIST 156 638
HIST 157 640
HIST 158 626
HIST 159 666
HIST 160 632
HIST 161 647
HIST 162 619
HIST 163 664
HIST 164 674
HIST 165 691
HIST 166 656
HIST 167 661
HIST 168 591
HIST 169 641
HIST 170 652
HIST 171 620
HIST 172 671
HIST 173 654
HIST 174 678
HIST 175 656
HIST 176 609
HIST 177 618
HIST 178 676
HIST 179 639
HIST 180 636
HIST 181 631
HIST 182 622
HIST 183 665
HIST 184 610
HIST 185 618
HIST 186 604
HIST 187 606
HIST 188 661
HIST 189 614
HIST 190 643
HIST 191 628
HIST 192 624
HIST 193 613
HIST 194 628
HIST 195 670
HIST 196 633
HIST 197 615
HIST 198 607
HIST 199 636
HIST 200 632
HIST 201 581
HIST 202 670
HIST 203 635
HIST 204 601
HIST 205 610
HIST 206 609
HIST 207 623
HIST 208 626
HIST 209 632
HIST 210 637
HIST 211 610
HIST 212 629
HIST 213 656
HIST 214 613
HIST 215 600
HIST 216 635
HIST 217 660
HIST 218 754
HIST 219 688
HIST 220 750
HIST 221 756
HIST 222 776
HIST 223 791
HIST 224 814
HIST 225 761
HIST 226 819
HIST 227 750
HIST 228 730
HIST 229 773
HIST 230 736
HIST 231 743
HIST 232 741
HIST 233 748
HIST 234 792
HIST 235 777
HIST 236 751
HIST 237 778
HIST 238 738
HIST 239 800
HIST 240 733
HIST 241 767
HIST 242 727
HIST 243 763
HIST 244 700
HIST 245 757
HIST 246 744
HIST 247 717
HIST 248 717
HIST 249 697
HIST 250 732
HIST 251 710
HIST 252 746
HIST 253 695
HIST 254 715
HIST 255 676
HIST 256 757
HIST 257 681
HIST 258 748
HIST 259 706
HIST 260 722
HIST 261 705
HIST 262 738
HIST 263 695
HIST 264 711
HIST 265 721
HIST 266 691
HIST 267 715
HIST 268 703
HIST 269 653
HIST 270 682
HIST 271 656
HIST 272 669
HIST 273 670
HIST 274 676
HIST 275 649
HIST 276 688
HIST 277 648
HIST 278 663
HIST 279 651
HIST 280 685
HIST 281 647
HIST 282 673
HIST 283 673
HIST 284 707
HIST 285 629
HIST 286 627
HIST 287 601
HIST 288 664
HIST 289 656
HIST 290 640
HIST 291 653
HIST 292 631
HIST 293 632
HIST 294 657
HIST 295 643
HIST 296 638
HIST 297 587
HIST 298 638
HIST 299 609
HIST 300 641
HIST 301 599
HIST 302 609
HIST 303 638
HIST 304 597
HIST 305 585
HIST 306 620
HIST 307 606
HIST 308 610
HIST 309 610
HIST 310 606
HIST 311 620
HIST 312 584
HIST 313 618
HIST 314 580
HIST 315 624
HIST 316 620
HIST 317 615
HIST 318 588
HIST 319 575
HIST 320 626
HIST 321 591
HIST 322 593
HIST 323 593
HIST 324 566
HIST 325 590
HIST 326 592
HIST 327 606
HIST 328 592
HIST 329 590
HIST 330 531
HIST 331 614
HIST 332 606
HIST 333 559
HIST 334 580
HIST 335 591
HIST 336 587
HIST 337 563
HIST 338 580
HIST 339 592
HIST 340 546
HIST 341 572
HIST 342 585
HIST 343 550
HIST 344 563
HIST 345 556
HIST 346 567
HIST 347 569
HIST 348 588
HIST 349 554
HIST 350 547
HIST 351 556
HIST 352 573
HIST 353 570
HIST 354 561
HIST 355 563
HIST 356 537
HIST 357 583
HIST 358 601
HIST 359 570
HIST 360 555
HIST 361 576
HIST 362 528
HIST 363 571
HIST 364 590
HIST 365 524
HIST 366 567
HIST 367 535
HIST 368 539
HIST 369 557
HIST 370 544
HIST 371 569
HIST 372 532
HIST 373 525
HIST 374 550
HIST 375 544
HIST 376 570
HIST 377 566
HIST 378 533
HIST 379 560
HIST 380 537
HIST 381 567
HIST 382 548
HIST 383 537
HIST 384 574
HIST 385 554
HIST 386 547
HIST 387 520
HIST 388 554
HIST 389 511
HIST 390 517
HIST 391 505
HIST 392 542
HIST 393 557
HIST 394 531
HIST 395 542
HIST 396 567
HIST 397 539
HIST 398 542
HIST 399 545
HIST 400 570
HIST 401 514
HIST 402 541
HIST 403 541
HIST 404 542
HIST 405 472
HIST 406 523
HIST 407 545
HIST 408 495
HIST 409 521
HIST 410 551
HIST 411 485
HIST 412 544
HIST 413 557
HIST 414 528
HIST 415 525
HIST 416 520
HIST 417 515
HIST 418 504
HIST 419 515
HIST 420 492
HIST 421 484
HIST 422 481
HIST 423 540
HIST 424 543
HIST 425 508
HIST 426 515
HIST 427 554
HIST 428 464
HIST 429 529
HIST 430 517
HIST 431 466
HIST 432 549
HIST 433 506
HIST 434 537
HIST 435 490
HIST 436 478
HIST 437 516
HIST 438 521
HIST 439 8069
HIST 440 536
HIST 441 526
HIST 442 519
HIST 443 500
HIST 444 532
HIST 445 521
HIST 446 503
HIST 447 521
HIST 448 544
HIST 449 509
HIST 450 486
HIST 451 536
HIST 452 505
HIST 453 528
HIST 454 499
HIST 455 522
HIST 456 509
HIST 457 459
HIST 458 541
HIST 459 551
HIST 460 546
HIST 461 519
HIST 462 515
HIST 463 508
HIST 464 499
HIST 465 550
HIST 466 499
HIST 467 497
HIST 468 500
HIST 469 536
HIST 470 506
HIST 471 554
HIST 472 454
HIST 473 546
HIST 474 515
HIST 475 471
HIST 476 522
HIST 477 506
HIST 478 523
HIST 479 519
HIST 480 478
HIST 481 466
HIST 482 504
HIST 483 529
HIST 484 479
HIST 485 489
HIST 486 514
HIST 487 502
HIST 488 492
HIST 489 492
HIST 490 483
HIST 491 472
HIST 492 474
HIST 493 479
HIST 494 501
HIST 495 550
HIST 496 533
HIST 497 482
HIST 498 490
HIST 499 470
HIST 500 483
HIST 501 486
HIST 502 522
HIST 503 557
HIST 504 479
HIST 505 481
HIST 506 519
HIST 507 471
HIST 508 487
HIST 509 473
HIST 510 524
HIST 511 528
HIST 512 473
HIST 513 477
HIST 514 488
HIST 515 484
HIST 516 495
HIST 517 510
HIST 518 489
HIST 519 503
HIST 520 482
HIST 521 452
HIST 522 526
HIST 523 483
HIST 524 506
HIST 525 508
HIST 526 494
HIST 527 511
HIST 528 484
HIST 529 497
HIST 530 499
HIST 531 506
HIST 532 491
HIST 533 488
HIST 534 453
HIST 535 495
HIST 536 476
HIST 537 492
HIST 538 479
HIST 539 486
HIST 540 466
HIST 541 451
HIST 542 527
HIST 543 500
HIST 544 490
HIST 545 445
HIST 546 474
HIST 547 513
HIST 548 456
HIST 549 469
HIST 550 491
HIST 551 493
HIST 552 484
HIST 553 497
HIST 554 475
HIST 555 476
HIST 556 503
HIST 557 484
HIST 558 469
HIST 559 486
HIST 560 504
HIST 561 455
HIST 562 467
HIST 563 441
HIST 564 499
HIST 565 525
HIST 566 493
HIST 567 468
HIST 568 456
HIST 569 473
HIST 570 455
HIST 571 482
HIST 572 497
HIST 573 447
HIST 574 461
HIST 575 492
HIST 576 496
HIST 577 466
HIST 578 461
HIST 579 484
HIST 580 458
HIST 581 463
HIST 582 484
HIST 583 479
HIST 584 493
HIST 585 442
HIST 586 491
HIST 587 494
HIST 588 466
HIST 589 507
HIST 590 469
HIST 591 502
HIST 592 490
HIST 593 494
HIST 594 463
HIST 595 454
HIST 596 492
HIST 597 443
HIST 598 446
HIST 599 508
HIST 600 452
HIST 601 459
HIST 602 446
HIST 603 447
HIST 604 467
HIST 605 411
HIST 606 483
HIST 607 469
HIST 608 462
HIST 609 447
HIST 610 486
HIST 611 462
HIST 612 429
HIST 613 467
HIST 614 456
HIST 615 471
HIST 616 492
HIST 617 517
HIST 618 426
HIST 619 466
HIST 620 474
HIST 621 464
HIST 622 497
HIST 623 487
HIST 624 456
HIST 625 460
HIST 626 491
HIST 627 428
HIST 628 484
HIST 629 476
HIST 630 460
HIST 631 444
HIST 632 459
HIST 633 462
HIST 634 445
HIST 635 465
HIST 636 454
HIST 637 453
HIST 638 442
HIST 639 474
HIST 640 450
HIST 641 449
HIST 642 455
HIST 643 484
HIST 644 443
HIST 645 470
HIST 646 427
HIST 647 446
HIST 648 451
HIST 649 451
HIST 650 453
HIST 651 513
HIST 652 435
HIST 653 479
HIST 654 451
HIST 655 438
HIST 656 505
HIST 657 473
HIST 658 471
HIST 659 419
HIST 660 462
HIST 661 414
HIST 662 498
HIST 663 425
HIST 664 468
HIST 665 428
HIST 666 443
HIST 667 443
HIST 668 490
HIST 669 487
HIST 670 450
HIST 671 453
HIST 672 444
HIST 673 478
HIST 674 446
HIST 675 477
HIST 676 433
HIST 677 453
HIST 678 453
HIST 679 442
HIST 680 461
HIST 681 448
HIST 682 456
HIST 683 457
HIST 684 434
HIST 685 501
HIST 686 413
HIST 687 478
HIST 688 486
HIST 689 451
HIST 690 444
HIST 691 433
HIST 692 411
HIST 693 469
HIST 694 428
HIST 695 461
HIST 696 448
HIST 697 439
HIST 698 427
HIST 699 485
HIST 700 446
HIST 701 441
HIST 702 451
HIST 703 427
HIST 704 462
HIST 705 469
HIST 706 444
HIST 707 468
HIST 708 448
HIST 709 488
HIST 710 450
HIST 711 463
HIST 712 429
HIST 713 456
HIST 714 470
HIST 715 447
HIST 716 445
HIST 717 489
HIST 718 449
HIST 719 457
HIST 720 472
HIST 721 428
HIST 722 439
HIST 723 428
HIST 724 420
HIST 725 473
HIST 726 467
HIST 727 455
HIST 728 414
HIST 729 478
HIST 730 414
HIST 731 449
HIST 732 427
HIST 733 454
HIST 734 445
HIST 735 467
HIST 736 484
HIST 737 461
HIST 738 442
HIST 739 467
HIST 740 480
HIST 741 430
HIST 742 414
HIST 743 466
HIST 744 449
HIST 745 433
HIST 746 457
HIST 747 440
HIST 748 465
HIST 749 444
HIST 750 429
HIST 751 467
HIST 752 447
HIST 753 451
HIST 754 455
HIST 755 413
HIST 756 501
HIST 757 462
HIST 758 492
HIST 759 445
HIST 760 466
HIST 761 431
HIST 762 435
HIST 763 447
HIST 764 470
HIST 765 454
HIST 766 452
HIST 767 406
HIST 768 466
HIST 769 461
HIST 770 463
HIST 771 422
HIST 772 430
HIST 773 484
HIST 774 444
HIST 775 433
HIST 776 437
HIST 777 438
HIST 778 452
HIST 779 468
HIST 780 430
HIST 781 461
HIST 782 451
HIST 783 408
HIST 784 459
HIST 785 437
HIST 786 461
HIST 787 458
HIST 788 422
HIST 789 445
HIST 790 416
HIST 791 459
HIST 792 463
HIST 793 430
HIST 794 416
HIST 795 407
HIST 796 457
HIST 797 438
HIST 798 459
HIST 799 472
HIST 800 428
HIST 801 440
HIST 802 453
HIST 803 420
HIST 804 440
HIST 805 441
HIST 806 472
HIST 807 425
HIST 808 469
HIST 809 436
HIST 810 463
HIST 811 452
HIST 812 435
HIST 813 464
HIST 814 446
HIST 815 457
HIST 816 427
HIST 817 440
HIST 818 472
HIST 819 460
HIST 820 441
HIST 821 413
HIST 822 463
HIST 823 453
HIST 824 451
HIST 825 470
HIST 826 443
HIST 827 462
HIST 828 475
HIST 829 463
HIST 830 447
HIST 831 461
HIST 832 430
HIST 833 420
HIST 834 434
HIST 835 447
HIST 836 472
HIST 837 462
HIST 838 453
HIST 839 457
HIST 840 442
HIST 841 410
HIST 842 454
HIST 843 476
HIST 844 483
HIST 845 438
HIST 846 434
HIST 847 473
HIST 848 454
HIST 849 446
HIST 850 440
HIST 851 425
HIST 852 407
HIST 853 444
HIST 854 473
HIST 855 472
HIST 856 463
HIST 857 461
HIST 858 439
HIST 859 457
HIST 860 451
HIST 861 456
HIST 862 449
HIST 863 457
HIST 864 474
HIST 865 469
HIST 866 447
HIST 867 493
HIST 868 454
HIST 869 481
HIST 870 448
HIST 871 439
HIST 872 436
HIST 873 438
HIST 874 479
HIST 875 445
HIST 876 461
HIST 877 450
HIST 878 442
HIST 879 430
HIST 880 472
HIST 881 464
HIST 882 460
HIST 883 467
HIST 884 451
HIST 885 430
HIST 886 457
HIST 887 470
HIST 888 473
HIST 889 434
HIST 890 458
HIST 891 447
HIST 892 430
HIST 893 453
HIST 894 477
HIST 895 459
HIST 896 446
HIST 897 455
HIST 898 490
HIST 899 445
HIST 900 464
HIST 901 455
HIST 902 440
HIST 903 432
HIST 904 474
HIST 905 450
HIST 906 480
HIST 907 478
HIST 908 454
HIST 909 471
HIST 910 477
HIST 911 484
HIST 912 473
HIST 913 501
HIST 914 465
HIST 915 455
HIST 916 462
HIST 917 401
HIST 918 479
HIST 919 489
HIST 920 445
HIST 921 461
HIST 922 440
HIST 923 445
HIST 924 451
HIST 925 470
HIST 926 437
HIST 927 484
HIST 928 449
HIST 929 450
HIST 930 462
HIST 931 451
HIST 932 474
HIST 933 482
HIST 934 414
HIST 935 507
HIST 936 488
HIST 937 443
HIST 938 462
HIST 939 430
HIST 940 488
HIST 941 483
HIST 942 497
HIST 943 463
HIST 944 453
HIST 945 477
HIST 946 452
HIST 947 472
HIST 948 455
HIST 949 486
HIST 950 1546
HIST 951 474
HIST 952 454
HIST 953 461
HIST 954 471
HIST 955 476
HIST 956 486
HIST 957 475
HIST 958 477
HIST 959 456
HIST 960 463
HIST 961 478
HIST 962 429
HIST 963 464
HIST 964 462
HIST 965 433
HIST 966 459
HIST 967 448
HIST 968 512
HIST 969 471
HIST 970 493
HIST 971 464
HIST 972 489
HIST 973 499
HIST 974 491
HIST 975 492
HIST 976 462
HIST 977 460
HIST 978 487
HIST 979 473
HIST 980 491
HIST 981 479
HIST 982 479
HIST 983 420
HIST 984 466
HIST 985 456
HIST 986 429
HIST 987 522
HIST 988 487
HIST 989 478
HIST 990 502
HIST 991 481
HIST 992 470
HIST 993 466
HIST 994 444
HIST 995 504
HIST 996 512
HIST 997 486
HIST 998 508
HIST 999 476
HIST 1000 517
HIST 1001 447
HIST 1002 513
HIST 1003 540
HIST 1004 472
HIST 1005 499
HIST 1006 463
HIST 1007 491
HIST 1008 501
HIST 1009 507
HIST 1010 502
HIST 1011 485
HIST 1012 523
HIST 1013 476
HIST 1014 466
HIST 1015 482
HIST 1016 495
HIST 1017 477
HIST 1018 468
HIST 1019 504
HIST 1020 466
HIST 1021 479
HIST 1022 477
HIST 1023 494
HIST 1024 479
HIST 1025 485
HIST 1026 455
HIST 1027 495
HIST 1028 490
HIST 1029 500
HIST 1030 500
HIST 1031 499
HIST 1032 510
HIST 1033 496
HIST 1034 504
HIST 1035 471
HIST 1036 515
HIST 1037 504
HIST 1038 461
HIST 1039 499
HIST 1040 512
HIST 1041 506
HIST 1042 494
HIST 1043 506
HIST 1044 503
HIST 1045 500
HIST 1046 511
HIST 1047 542
HIST 1048 483
HIST 1049 497
HIST 1050 510
HIST 1051 568
HIST 1052 518
HIST 1053 504
HIST 1054 568
HIST 1055 518
HIST 1056 514
HIST 1057 535
HIST 1058 530
HIST 1059 493
HIST 1060 489
HIST 1061 506
HIST 1062 497
HIST 1063 462
HIST 1064 496
HIST 1065 566
HIST 1066 534
HIST 1067 495
HIST 1068 482
HIST 1069 519
HIST 1070 502
HIST 1071 506
HIST 1072 510
HIST 1073 540
HIST 1074 513
HIST 1075 538
HIST 1076 508
HIST 1077 537
HIST 1078 558
HIST 1079 540
HIST 1080 554
HIST 1081 517
HIST 1082 516
HIST 1083 561
HIST 1084 519
HIST 1085 554
HIST 1086 489
HIST 1087 529
HIST 1088 547
HIST 1089 562
HIST 1090 510
HIST 1091 522
HIST 1092 537
HIST 1093 577
HIST 1094 540
HIST 1095 517
HIST 1096 531
HIST 1097 540
HIST 1098 549
HIST 1099 599
HIST 1100 567
HIST 1101 552
HIST 1102 516
HIST 1103 528
HIST 1104 551
HIST 1105 549
HIST 1106 574
HIST 1107 508
HIST 1108 547
HIST 1109 542
HIST 1110 587
HIST 1111 545
HIST 1112 535
HIST 1113 566
HIST 1114 567
HIST 1115 581
HIST 1116 546
HIST 1117 565
HIST 1118 550
HIST 1119 537
HIST 1120 535
HIST 1121 561
HIST 1122 579
HIST 1123 573
HIST 1124 558
HIST 1125 585
HIST 1126 564
HIST 1127 589
HIST 1128 580
HIST 1129 582
HIST 1130 579
HIST 1131 582
HIST 1132 553
HIST 1133 538
HIST 1134 585
HIST 1135 583
HIST 1136 598
HIST 1137 599
HIST 1138 588
HIST 1139 624
HIST 1140 594
HIST 1141 609
HIST 1142 605
HIST 1143 606
HIST 1144 613
HIST 1145 593
HIST 1146 613
HIST 1147 567
HIST 1148 616
HIST 1149 591
HIST 1150 612
HIST 1151 611
HIST 1152 610
HIST 1153 594
HIST 1154 617
HIST 1155 626
HIST 1156 662
HIST 1157 627
HIST 1158 627
HIST 1159 582
HIST 1160 644
HIST 1161 626
HIST 1162 625
HIST 1163 617
HIST 1164 627
HIST 1165 613
HIST 1166 642
HIST 1167 577
HIST 1168 614
HIST 1169 583
HIST 1170 665
HIST 1171 634
HIST 1172 645
HIST 1173 605
HIST 1174 651
HIST 1175 670
HIST 1176 612
HIST 1177 640
HIST 1178 652
HIST 1179 610
HIST 1180 616
HIST 1181 574
HIST 1182 624
HIST 1183 624
HIST 1184 652
HIST 1185 706
HIST 1186 642
HIST 1187 642
HIST 1188 632
HIST 1189 635
HIST 1190 683
HIST 1191 634
HIST 1192 659
HIST 1193 653
HIST 1194 692
HIST 1195 620
HIST 1196 674
HIST 1197 663
HIST 1198 676
HIST 1199 699
HIST 1200 724
HIST 1201 676
HIST 1202 635
HIST 1203 716
HIST 1204 721
HIST 1205 736
HIST 1206 685
HIST 1207 695
HIST 1208 716
HIST 1209 716
HIST 1210 669
HIST 1211 710
HIST 1212 696
HIST 1213 679
HIST 1214 683
HIST 1215 690
HIST 1216 709
HIST 1217 660
HIST 1218 693
HIST 1219 747
HIST 1220 693
HIST 1221 700
HIST 1222 663
HIST 1223 735
HIST 1224 649
HIST 1225 703
HIST 1226 687
HIST 1227 737
HIST 1228 690
HIST 1229 702
HIST 1230 689
HIST 1231 677
HIST 1232 719
HIST 1233 710
HIST 1234 733
HIST 1235 720
HIST 1236 719
HIST 1237 663
HIST 1238 708
HIST 1239 638
HIST 1240 626
HIST 1241 611
HIST 1242 615
HIST 1243 551
HIST 1244 467
HIST 1245 376
HIST 1246 343
HIST 1247 326
HIST 1248 294
HIST 1249 282
HIST 1250 250
HIST 1251 229
HIST 1252 240
HIST 1253 245
HIST 1254 219
HIST 1255 193
HIST 1256 207
HIST 1257 193
HIST 1258 201
HIST 1259 225
HIST 1260 179
HIST 1261 165
HIST 1262 161
HIST 1263 160
HIST 1264 173
HIST 1265 178
HIST 1266 159
HIST 1267 173
HIST 1268 147
HIST 1269 162
HIST 1270 131
HIST 1271 140
HIST 1272 155
HIST 1273 140
HIST 1274 134
HIST 1275 155
HIST 1276 141
HIST 1277 114
HIST 1278 121
HIST 1279 128
HIST 1280 146
HIST 1281 120
HIST 1282 142
HIST 1283 120
HIST 1284 97
HIST 1285 126
HIST 1286 106
HIST 1287 120
HIST 1288 113
HIST 1289 100
HIST 1290 120
HIST 1291 103
HIST 1292 90
HIST 1293 104
HIST 1294 107
HIST 1295 102
HIST 1296 109
HIST 1297 112
HIST 1298 87
HIST 1299 107
HIST 1300 96
HIST 1301 101
HIST 1302 103
HIST 1303 100
HIST 1304 84
HIST 1305 69
HIST 1306 82
HIST 1307 86
HIST 1308 101
HIST 1309 81
HIST 1310 90
HIST 1311 90
HIST 1312 88
HIST 1313 86
HIST 1314 77
HIST 1315 74
HIST 1316 98
HIST 1317 63
HIST 1318 72
HIST 1319 69
HIST 1320 72
HIST 1321 70
HIST 1322 48
HIST 1323 67
HIST 1324 66
HIST 1325 46
HIST 1326 67
HIST 1327 66
HIST 1328 58
HIST 1329 53
HIST 1330 39
HIST 1331 66
HIST 1332 53
HIST 1333 45
HIST 1334 54
HIST 1335 41
HIST 1336 41
HIST 1337 42
HIST 1338 50
HIST 1339 50
HIST 1340 45
HIST 1341 35
HIST 1342 45
HIST 1343 28
HIST 1344 34
HIST 1345 40
HIST 1346 29
HIST 1347 41
HIST 1348 41
HIST 1349 46
HIST 1350 31
HIST 1351 24
HIST 1352 48
HIST 1353 48
HIST 1354 40
HIST 1355 36
HIST 1356 32
HIST 1357 36
HIST 1358 32
HIST 1359 32
HIST 1360 29
HIST 1361 22
HIST 1362 24
HIST 1363 35
HIST 1364 26
HIST 1365 35
HIST 1366 25
HIST 1367 32
HIST 1368 24
HIST 1369 26
HIST 1370 28
HIST 1371 22
HIST 1372 29
HIST 1373 23
HIST 1374 18
HIST 1375 33
HIST 1376 21
HIST 1377 17
HIST 1378 15
HIST 1379 23
HIST 1380 23
HIST 1381 17
HIST 1382 19
HIST 1383 21
HIST 1384 20
HIST 1385 16
HIST 1386 18
HIST 1387 17
HIST 1388 19
HIST 1389 13
HIST 1390 14
HIST 1391 20
HIST 1392 9
HIST 1393 14
HIST 1394 19
HIST 1395 14
HIST 1396 11
HIST 1397 11
HIST 1398 10
HIST 1399 10
HIST 1400 11
HIST 1401 17
HIST 1402 18
HIST 1403 6
HIST 1404 15
HIST 1405 12
HIST 1406 9
HIST 1407 9
HIST 1408 13
HIST 1409 15
HIST 1410 10
HIST 1411 6
HIST 1412 9
HIST 1413 8
HIST 1414 7
HIST 1415 8
HIST 1416 12
HIST 1417 7
HIST 1418 9
HIST 1419 9
HIST 1420 6
HIST 1421 5
HIST 1422 10
HIST 1423 3
HIST 1424 10
HIST 1425 11
HIST 1426 39
HIST 1427 5
HIST 1428 32
HIST 1429 114
HIST 1430 514
HIST 1431 7
HIST 1432 219
HIST 1433 136
HIST 1434 13
HIST 1435 6
HIST 1436 9
HIST 1437 4
HIST 1438 9
HIST 1439 5
HIST 1440 9
HIST 1441 4
HIST 1442 7
HIST 1443 6
HIST 1444 5
HIST 1445 2
HIST 1446 2
HIST 1447 3
HIST 1448 2
HIST 1449 2
HIST 1450 5
HIST 1451 5
HIST 1452 3
HIST 1453 7
HIST 1454 4
HIST 1455 3
HIST 1456 4
HIST 1457 11
HIST 1458 21
HIST 1459 13
HIST 1460 4
HIST 1461 60509
HISTEND
ESCPOP decays=20000000 own_exit=54483 carry_exit=50429 own_return=0 same=0 other=0 noface=0 lineage_gamma_out=0 lineage_lepton_out=0 killed_gamma=0 killed_lepton=0 facemiss=0 lineage_inside=0
