SETUP correlatedGamma=0 twoJmax=10 vacuum=1 seed=0 killesc=0 killcarry=0 fullcarry=0 histbin=1.000 histbins=1462 iontag=0 escpop=1 killescown=0 killesccarry=0 killret=1 killretsame=0 killretother=0 killescbrem=0 killescdelta=0
CUTS (production thresholds per material couple):
 Material : G4_Galactic
 Range cuts        :  gamma  1 mm     e-  1 mm     e+  1 mm  proton 1 mm 
 Energy thresholds :  gamma  990 eV     e-  990 eV     e+  990 eV  proton 100 keV
 Material : scene_mat_3
 Range cuts        :  gamma  1 mm     e-  1 mm     e+  1 mm  proton 1 mm 
 Energy thresholds :  gamma  6.91691 keV    e-  597.603 keV    e+  574.29 keV proton 100 keV
 Material : scene_mat_1
 Range cuts        :  gamma  1 mm     e-  1 mm     e+  1 mm  proton 1 mm 
 Energy thresholds :  gamma  4.39533 keV    e-  541.252 keV    e+  522.087 keV proton 100 keV
 Material : scene_mat_0
 Range cuts        :  gamma  1 mm     e-  1 mm     e+  1 mm  proton 1 mm 
 Energy thresholds :  gamma  38.4662 keV    e-  692.485 keV    e+  658.149 keV proton 100 keV
RESULT decays=20000000
RESULT any=782216 eps_total=3.911080e-02
RESULT window=1460.820 counts=60509 eps=3.025450e-03
HISTBEGIN bins=1462 bin_kev=1.000000 decays=20000000
HIST 0 316
HIST 1 741
HIST 2 792
HIST 3 785
HIST 4 784
HIST 5 854
HIST 6 917
HIST 7 885
HIST 8 915
HIST 9 873
HIST 10 918
HIST 11 910
HIST 12 940
HIST 13 974
HIST 14 895
HIST 15 926
HIST 16 950
HIST 17 972
HIST 18 946
HIST 19 918
HIST 20 875
HIST 21 921
HIST 22 968
HIST 23 921
HIST 24 921
HIST 25 967
HIST 26 914
HIST 27 894
HIST 28 873
HIST 29 912
HIST 30 867
HIST 31 909
HIST 32 901
HIST 33 861
HIST 34 920
HIST 35 848
HIST 36 892
HIST 37 813
HIST 38 902
HIST 39 877
HIST 40 819
HIST 41 846
HIST 42 791
HIST 43 810
HIST 44 842
HIST 45 810
HIST 46 807
HIST 47 820
HIST 48 840
HIST 49 830
HIST 50 842
HIST 51 824
HIST 52 809
HIST 53 790
HIST 54 801
HIST 55 795
HIST 56 790
HIST 57 752
HIST 58 791
HIST 59 814
HIST 60 776
HIST 61 789
HIST 62 756
HIST 63 739
HIST 64 798
HIST 65 756
HIST 66 764
HIST 67 743
HIST 68 766
HIST 69 826
HIST 70 823
HIST 71 780
HIST 72 816
HIST 73 742
HIST 74 755
HIST 75 783
HIST 76 721
HIST 77 735
HIST 78 717
HIST 79 706
HIST 80 782
HIST 81 717
HIST 82 727
HIST 83 737
HIST 84 702
HIST 85 750
HIST 86 776
HIST 87 747
HIST 88 681
HIST 89 686
HIST 90 703
HIST 91 753
HIST 92 722
HIST 93 757
HIST 94 753
HIST 95 707
HIST 96 708
HIST 97 780
HIST 98 670
HIST 99 721
HIST 100 678
HIST 101 707
HIST 102 723
HIST 103 711
HIST 104 663
HIST 105 675
HIST 106 712
HIST 107 659
HIST 108 692
HIST 109 712
HIST 110 681
HIST 111 703
HIST 112 703
HIST 113 694
HIST 114 718
HIST 115 652
HIST 116 680
HIST 117 669
HIST 118 697
HIST 119 682
HIST 120 711
HIST 121 704
HIST 122 712
HIST 123 674
HIST 124 661
HIST 125 667
HIST 126 675
HIST 127 691
HIST 128 660
HIST 129 699
HIST 130 709
HIST 131 686
HIST 132 654
HIST 133 668
HIST 134 663
HIST 135 679
HIST 136 705
HIST 137 711
HIST 138 697
HIST 139 634
HIST 140 673
HIST 141 651
HIST 142 687
HIST 143 642
HIST 144 690
HIST 145 673
HIST 146 626
HIST 147 629
HIST 148 656
HIST 149 648
HIST 150 675
HIST 151 685
HIST 152 714
HIST 153 668
HIST 154 651
HIST 155 707
HIST 156 637
HIST 157 641
HIST 158 626
HIST 159 666
HIST 160 633
HIST 161 647
HIST 162 618
HIST 163 666
HIST 164 676
HIST 165 690
HIST 166 659
HIST 167 657
HIST 168 594
HIST 169 644
HIST 170 653
HIST 171 617
HIST 172 673
HIST 173 652
HIST 174 680
HIST 175 659
HIST 176 608
HIST 177 619
HIST 178 674
HIST 179 639
HIST 180 636
HIST 181 634
HIST 182 621
HIST 183 666
HIST 184 611
HIST 185 615
HIST 186 603
HIST 187 607
HIST 188 662
HIST 189 616
HIST 190 643
HIST 191 631
HIST 192 623
HIST 193 616
HIST 194 627
HIST 195 670
HIST 196 633
HIST 197 616
HIST 198 606
HIST 199 636
HIST 200 632
HIST 201 581
HIST 202 672
HIST 203 635
HIST 204 599
HIST 205 606
HIST 206 608
HIST 207 621
HIST 208 626
HIST 209 633
HIST 210 634
HIST 211 610
HIST 212 630
HIST 213 655
HIST 214 612
HIST 215 603
HIST 216 631
HIST 217 659
HIST 218 751
HIST 219 687
HIST 220 750
HIST 221 756
HIST 222 770
HIST 223 792
HIST 224 816
HIST 225 764
HIST 226 819
HIST 227 747
HIST 228 733
HIST 229 774
HIST 230 737
HIST 231 745
HIST 232 739
HIST 233 750
HIST 234 794
HIST 235 778
HIST 236 752
HIST 237 779
HIST 238 739
HIST 239 801
HIST 240 733
HIST 241 766
HIST 242 730
HIST 243 765
HIST 244 701
HIST 245 761
HIST 246 747
HIST 247 719
HIST 248 714
HIST 249 697
HIST 250 733
HIST 251 712
HIST 252 746
HIST 253 695
HIST 254 713
HIST 255 674
HIST 256 758
HIST 257 680
HIST 258 747
HIST 259 705
HIST 260 724
HIST 261 706
HIST 262 740
HIST 263 695
HIST 264 707
HIST 265 719
HIST 266 693
HIST 267 713
HIST 268 702
HIST 269 649
HIST 270 682
HIST 271 657
HIST 272 670
HIST 273 672
HIST 274 675
HIST 275 648
HIST 276 687
HIST 277 649
HIST 278 660
HIST 279 654
HIST 280 683
HIST 281 647
HIST 282 674
HIST 283 669
HIST 284 706
HIST 285 629
HIST 286 630
HIST 287 596
HIST 288 664
HIST 289 660
HIST 290 644
HIST 291 655
HIST 292 631
HIST 293 634
HIST 294 656
HIST 295 642
HIST 296 639
HIST 297 588
HIST 298 638
HIST 299 609
HIST 300 639
HIST 301 598
HIST 302 607
HIST 303 636
HIST 304 597
HIST 305 584
HIST 306 617
HIST 307 604
HIST 308 611
HIST 309 610
HIST 310 604
HIST 311 621
HIST 312 586
HIST 313 616
HIST 314 578
HIST 315 624
HIST 316 622
HIST 317 618
HIST 318 587
HIST 319 576
HIST 320 630
HIST 321 593
HIST 322 592
HIST 323 589
HIST 324 563
HIST 325 589
HIST 326 591
HIST 327 607
HIST 328 594
HIST 329 590
HIST 330 532
HIST 331 616
HIST 332 606
HIST 333 562
HIST 334 581
HIST 335 588
HIST 336 590
HIST 337 565
HIST 338 579
HIST 339 593
HIST 340 547
HIST 341 574
HIST 342 583
HIST 343 548
HIST 344 560
HIST 345 555
HIST 346 566
HIST 347 570
HIST 348 585
HIST 349 553
HIST 350 547
HIST 351 560
HIST 352 571
HIST 353 570
HIST 354 561
HIST 355 559
HIST 356 535
HIST 357 586
HIST 358 600
HIST 359 566
HIST 360 554
HIST 361 577
HIST 362 532
HIST 363 571
HIST 364 590
HIST 365 524
HIST 366 565
HIST 367 535
HIST 368 539
HIST 369 557
HIST 370 547
HIST 371 573
HIST 372 531
HIST 373 529
HIST 374 551
HIST 375 545
HIST 376 570
HIST 377 565
HIST 378 537
HIST 379 564
HIST 380 535
HIST 381 566
HIST 382 549
HIST 383 535
HIST 384 573
HIST 385 554
HIST 386 543
HIST 387 524
HIST 388 556
HIST 389 512
HIST 390 520
HIST 391 504
HIST 392 545
HIST 393 558
HIST 394 530
HIST 395 540
HIST 396 566
HIST 397 541
HIST 398 542
HIST 399 544
HIST 400 569
HIST 401 516
HIST 402 542
HIST 403 541
HIST 404 544
HIST 405 475
HIST 406 522
HIST 407 545
HIST 408 499
HIST 409 519
HIST 410 548
HIST 411 490
HIST 412 545
HIST 413 558
HIST 414 527
HIST 415 526
HIST 416 517
HIST 417 517
HIST 418 504
HIST 419 514
HIST 420 496
HIST 421 482
HIST 422 478
HIST 423 539
HIST 424 543
HIST 425 506
HIST 426 515
HIST 427 552
HIST 428 466
HIST 429 530
HIST 430 518
HIST 431 472
HIST 432 551
HIST 433 507
HIST 434 536
HIST 435 491
HIST 436 479
HIST 437 515
HIST 438 522
HIST 439 8069
HIST 440 535
HIST 441 526
HIST 442 519
HIST 443 502
HIST 444 533
HIST 445 521
HIST 446 500
HIST 447 521
HIST 448 545
HIST 449 507
HIST 450 490
HIST 451 535
HIST 452 507
HIST 453 528
HIST 454 500
HIST 455 519
HIST 456 511
HIST 457 461
HIST 458 541
HIST 459 553
HIST 460 547
HIST 461 522
HIST 462 511
HIST 463 508
HIST 464 500
HIST 465 553
HIST 466 502
HIST 467 498
HIST 468 499
HIST 469 536
HIST 470 507
HIST 471 553
HIST 472 454
HIST 473 545
HIST 474 517
HIST 475 473
HIST 476 519
HIST 477 505
HIST 478 520
HIST 479 524
HIST 480 474
HIST 481 466
HIST 482 504
HIST 483 530
HIST 484 481
HIST 485 489
HIST 486 513
HIST 487 507
HIST 488 491
HIST 489 495
HIST 490 478
HIST 491 469
HIST 492 471
HIST 493 479
HIST 494 498
HIST 495 544
HIST 496 531
HIST 497 481
HIST 498 490
HIST 499 467
HIST 500 481
HIST 501 489
HIST 502 524
HIST 503 555
HIST 504 475
HIST 505 481
HIST 506 518
HIST 507 470
HIST 508 484
HIST 509 473
HIST 510 528
HIST 511 528
HIST 512 475
HIST 513 477
HIST 514 489
HIST 515 484
HIST 516 494
HIST 517 508
HIST 518 490
HIST 519 500
HIST 520 480
HIST 521 453
HIST 522 531
HIST 523 483
HIST 524 505
HIST 525 507
HIST 526 496
HIST 527 513
HIST 528 485
HIST 529 498
HIST 530 501
HIST 531 505
HIST 532 491
HIST 533 487
HIST 534 453
HIST 535 493
HIST 536 481
HIST 537 491
HIST 538 483
HIST 539 487
HIST 540 463
HIST 541 448
HIST 542 527
HIST 543 500
HIST 544 491
HIST 545 448
HIST 546 474
HIST 547 510
HIST 548 457
HIST 549 470
HIST 550 493
HIST 551 492
HIST 552 484
HIST 553 495
HIST 554 473
HIST 555 477
HIST 556 501
HIST 557 483
HIST 558 464
HIST 559 488
HIST 560 502
HIST 561 453
HIST 562 467
HIST 563 442
HIST 564 498
HIST 565 523
HIST 566 493
HIST 567 467
HIST 568 459
HIST 569 472
HIST 570 458
HIST 571 483
HIST 572 497
HIST 573 444
HIST 574 461
HIST 575 490
HIST 576 498
HIST 577 465
HIST 578 461
HIST 579 485
HIST 580 458
HIST 581 463
HIST 582 484
HIST 583 480
HIST 584 495
HIST 585 443
HIST 586 492
HIST 587 493
HIST 588 468
HIST 589 508
HIST 590 470
HIST 591 501
HIST 592 489
HIST 593 496
HIST 594 465
HIST 595 454
HIST 596 493
HIST 597 444
HIST 598 446
HIST 599 508
HIST 600 452
HIST 601 460
HIST 602 446
HIST 603 446
HIST 604 464
HIST 605 411
HIST 606 485
HIST 607 471
HIST 608 462
HIST 609 446
HIST 610 486
HIST 611 462
HIST 612 432
HIST 613 467
HIST 614 456
HIST 615 470
HIST 616 494
HIST 617 520
HIST 618 428
HIST 619 469
HIST 620 471
HIST 621 465
HIST 622 498
HIST 623 489
HIST 624 455
HIST 625 461
HIST 626 492
HIST 627 429
HIST 628 482
HIST 629 475
HIST 630 462
HIST 631 440
HIST 632 460
HIST 633 462
HIST 634 447
HIST 635 464
HIST 636 454
HIST 637 450
HIST 638 444
HIST 639 474
HIST 640 451
HIST 641 448
HIST 642 453
HIST 643 484
HIST 644 443
HIST 645 471
HIST 646 427
HIST 647 445
HIST 648 449
HIST 649 449
HIST 650 454
HIST 651 513
HIST 652 438
HIST 653 478
HIST 654 451
HIST 655 440
HIST 656 507
HIST 657 474
HIST 658 469
HIST 659 417
HIST 660 462
HIST 661 415
HIST 662 498
HIST 663 424
HIST 664 468
HIST 665 426
HIST 666 445
HIST 667 439
HIST 668 487
HIST 669 488
HIST 670 449
HIST 671 449
HIST 672 446
HIST 673 476
HIST 674 444
HIST 675 476
HIST 676 434
HIST 677 456
HIST 678 451
HIST 679 442
HIST 680 464
HIST 681 448
HIST 682 457
HIST 683 457
HIST 684 434
HIST 685 501
HIST 686 414
HIST 687 477
HIST 688 487
HIST 689 448
HIST 690 447
HIST 691 434
HIST 692 413
HIST 693 469
HIST 694 428
HIST 695 462
HIST 696 449
HIST 697 439
HIST 698 429
HIST 699 487
HIST 700 448
HIST 701 442
HIST 702 452
HIST 703 427
HIST 704 462
HIST 705 468
HIST 706 442
HIST 707 470
HIST 708 451
HIST 709 484
HIST 710 449
HIST 711 463
HIST 712 428
HIST 713 456
HIST 714 471
HIST 715 445
HIST 716 445
HIST 717 487
HIST 718 449
HIST 719 457
HIST 720 473
HIST 721 429
HIST 722 441
HIST 723 429
HIST 724 419
HIST 725 476
HIST 726 465
HIST 727 454
HIST 728 415
HIST 729 479
HIST 730 414
HIST 731 448
HIST 732 427
HIST 733 455
HIST 734 443
HIST 735 470
HIST 736 484
HIST 737 460
HIST 738 440
HIST 739 469
HIST 740 482
HIST 741 429
HIST 742 413
HIST 743 468
HIST 744 451
HIST 745 434
HIST 746 459
HIST 747 440
HIST 748 467
HIST 749 445
HIST 750 427
HIST 751 467
HIST 752 452
HIST 753 449
HIST 754 455
HIST 755 414
HIST 756 500
HIST 757 464
HIST 758 491
HIST 759 445
HIST 760 465
HIST 761 432
HIST 762 436
HIST 763 445
HIST 764 467
HIST 765 456
HIST 766 451
HIST 767 407
HIST 768 464
HIST 769 459
HIST 770 462
HIST 771 423
HIST 772 429
HIST 773 482
HIST 774 443
HIST 775 433
HIST 776 434
HIST 777 435
HIST 778 449
HIST 779 468
HIST 780 430
HIST 781 463
HIST 782 454
HIST 783 407
HIST 784 462
HIST 785 437
HIST 786 459
HIST 787 458
HIST 788 418
HIST 789 445
HIST 790 417
HIST 791 460
HIST 792 463
HIST 793 432
HIST 794 414
HIST 795 407
HIST 796 457
HIST 797 439
HIST 798 460
HIST 799 470
HIST 800 427
HIST 801 439
HIST 802 455
HIST 803 421
HIST 804 441
HIST 805 443
HIST 806 469
HIST 807 426
HIST 808 472
HIST 809 439
HIST 810 461
HIST 811 453
HIST 812 433
HIST 813 463
HIST 814 446
HIST 815 456
HIST 816 429
HIST 817 438
HIST 818 471
HIST 819 458
HIST 820 441
HIST 821 413
HIST 822 462
HIST 823 452
HIST 824 450
HIST 825 470
HIST 826 443
HIST 827 461
HIST 828 474
HIST 829 462
HIST 830 444
HIST 831 458
HIST 832 432
HIST 833 419
HIST 834 435
HIST 835 446
HIST 836 471
HIST 837 461
HIST 838 455
HIST 839 456
HIST 840 442
HIST 841 412
HIST 842 453
HIST 843 479
HIST 844 481
HIST 845 438
HIST 846 433
HIST 847 475
HIST 848 453
HIST 849 445
HIST 850 438
HIST 851 427
HIST 852 409
HIST 853 446
HIST 854 472
HIST 855 471
HIST 856 463
HIST 857 458
HIST 858 439
HIST 859 455
HIST 860 452
HIST 861 455
HIST 862 450
HIST 863 454
HIST 864 473
HIST 865 469
HIST 866 446
HIST 867 494
HIST 868 455
HIST 869 482
HIST 870 449
HIST 871 440
HIST 872 436
HIST 873 438
HIST 874 480
HIST 875 446
HIST 876 459
HIST 877 451
HIST 878 442
HIST 879 434
HIST 880 473
HIST 881 465
HIST 882 458
HIST 883 466
HIST 884 449
HIST 885 430
HIST 886 458
HIST 887 470
HIST 888 474
HIST 889 435
HIST 890 456
HIST 891 446
HIST 892 432
HIST 893 451
HIST 894 476
HIST 895 461
HIST 896 443
HIST 897 457
HIST 898 489
HIST 899 445
HIST 900 465
HIST 901 454
HIST 902 443
HIST 903 431
HIST 904 475
HIST 905 449
HIST 906 483
HIST 907 478
HIST 908 454
HIST 909 470
HIST 910 476
HIST 911 482
HIST 912 473
HIST 913 501
HIST 914 465
HIST 915 455
HIST 916 460
HIST 917 401
HIST 918 478
HIST 919 489
HIST 920 448
HIST 921 459
HIST 922 440
HIST 923 445
HIST 924 453
HIST 925 469
HIST 926 439
HIST 927 484
HIST 928 448
HIST 929 449
HIST 930 462
HIST 931 452
HIST 932 474
HIST 933 481
HIST 934 414
HIST 935 507
HIST 936 488
HIST 937 445
HIST 938 464
HIST 939 430
HIST 940 489
HIST 941 483
HIST 942 496
HIST 943 464
HIST 944 453
HIST 945 477
HIST 946 450
HIST 947 469
HIST 948 455
HIST 949 486
HIST 950 1547
HIST 951 473
HIST 952 456
HIST 953 462
HIST 954 468
HIST 955 476
HIST 956 486
HIST 957 473
HIST 958 478
HIST 959 455
HIST 960 462
HIST 961 480
HIST 962 430
HIST 963 464
HIST 964 462
HIST 965 433
HIST 966 459
HIST 967 448
HIST 968 512
HIST 969 474
HIST 970 493
HIST 971 462
HIST 972 489
HIST 973 499
HIST 974 491
HIST 975 493
HIST 976 462
HIST 977 460
HIST 978 487
HIST 979 474
HIST 980 492
HIST 981 479
HIST 982 480
HIST 983 423
HIST 984 466
HIST 985 455
HIST 986 430
HIST 987 523
HIST 988 488
HIST 989 479
HIST 990 500
HIST 991 479
HIST 992 470
HIST 993 469
HIST 994 445
HIST 995 506
HIST 996 511
HIST 997 487
HIST 998 509
HIST 999 477
HIST 1000 517
HIST 1001 447
HIST 1002 514
HIST 1003 538
HIST 1004 471
HIST 1005 499
HIST 1006 463
HIST 1007 490
HIST 1008 498
HIST 1009 507
HIST 1010 504
HIST 1011 485
HIST 1012 523
HIST 1013 476
HIST 1014 467
HIST 1015 482
HIST 1016 497
HIST 1017 479
HIST 1018 470
HIST 1019 504
HIST 1020 468
HIST 1021 480
HIST 1022 477
HIST 1023 494
HIST 1024 479
HIST 1025 485
HIST 1026 454
HIST 1027 495
HIST 1028 489
HIST 1029 500
HIST 1030 500
HIST 1031 499
HIST 1032 509
HIST 1033 498
HIST 1034 501
HIST 1035 470
HIST 1036 515
HIST 1037 504
HIST 1038 461
HIST 1039 497
HIST 1040 512
HIST 1041 506
HIST 1042 493
HIST 1043 505
HIST 1044 504
HIST 1045 500
HIST 1046 512
HIST 1047 542
HIST 1048 483
HIST 1049 495
HIST 1050 510
HIST 1051 569
HIST 1052 515
HIST 1053 504
HIST 1054 567
HIST 1055 518
HIST 1056 513
HIST 1057 535
HIST 1058 530
HIST 1059 494
HIST 1060 489
HIST 1061 505
HIST 1062 496
HIST 1063 460
HIST 1064 496
HIST 1065 569
HIST 1066 534
HIST 1067 496
HIST 1068 481
HIST 1069 519
HIST 1070 504
HIST 1071 507
HIST 1072 508
HIST 1073 539
HIST 1074 515
HIST 1075 539
HIST 1076 508
HIST 1077 537
HIST 1078 559
HIST 1079 540
HIST 1080 557
HIST 1081 516
HIST 1082 516
HIST 1083 562
HIST 1084 518
HIST 1085 553
HIST 1086 490
HIST 1087 529
HIST 1088 547
HIST 1089 560
HIST 1090 510
HIST 1091 522
HIST 1092 539
HIST 1093 577
HIST 1094 540
HIST 1095 517
HIST 1096 532
HIST 1097 540
HIST 1098 548
HIST 1099 601
HIST 1100 567
HIST 1101 552
HIST 1102 515
HIST 1103 528
HIST 1104 552
HIST 1105 547
HIST 1106 573
HIST 1107 508
HIST 1108 547
HIST 1109 541
HIST 1110 588
HIST 1111 543
HIST 1112 534
HIST 1113 568
HIST 1114 567
HIST 1115 581
HIST 1116 546
HIST 1117 566
HIST 1118 551
HIST 1119 536
HIST 1120 533
HIST 1121 559
HIST 1122 579
HIST 1123 574
HIST 1124 558
HIST 1125 585
HIST 1126 563
HIST 1127 589
HIST 1128 581
HIST 1129 583
HIST 1130 577
HIST 1131 582
HIST 1132 553
HIST 1133 538
HIST 1134 586
HIST 1135 583
HIST 1136 597
HIST 1137 601
HIST 1138 588
HIST 1139 625
HIST 1140 593
HIST 1141 608
HIST 1142 606
HIST 1143 606
HIST 1144 613
HIST 1145 594
HIST 1146 614
HIST 1147 564
HIST 1148 615
HIST 1149 591
HIST 1150 611
HIST 1151 610
HIST 1152 609
HIST 1153 592
HIST 1154 617
HIST 1155 626
HIST 1156 663
HIST 1157 627
HIST 1158 626
HIST 1159 581
HIST 1160 642
HIST 1161 626
HIST 1162 626
HIST 1163 618
HIST 1164 628
HIST 1165 616
HIST 1166 643
HIST 1167 578
HIST 1168 614
HIST 1169 584
HIST 1170 666
HIST 1171 635
HIST 1172 646
HIST 1173 605
HIST 1174 651
HIST 1175 671
HIST 1176 612
HIST 1177 640
HIST 1178 652
HIST 1179 610
HIST 1180 616
HIST 1181 574
HIST 1182 623
HIST 1183 624
HIST 1184 652
HIST 1185 707
HIST 1186 642
HIST 1187 641
HIST 1188 632
HIST 1189 636
HIST 1190 683
HIST 1191 633
HIST 1192 657
HIST 1193 653
HIST 1194 694
HIST 1195 619
HIST 1196 674
HIST 1197 664
HIST 1198 676
HIST 1199 698
HIST 1200 725
HIST 1201 676
HIST 1202 634
HIST 1203 716
HIST 1204 721
HIST 1205 736
HIST 1206 682
HIST 1207 694
HIST 1208 718
HIST 1209 716
HIST 1210 669
HIST 1211 709
HIST 1212 696
HIST 1213 679
HIST 1214 683
HIST 1215 691
HIST 1216 709
HIST 1217 660
HIST 1218 693
HIST 1219 748
HIST 1220 692
HIST 1221 700
HIST 1222 664
HIST 1223 735
HIST 1224 651
HIST 1225 704
HIST 1226 689
HIST 1227 737
HIST 1228 690
HIST 1229 704
HIST 1230 689
HIST 1231 676
HIST 1232 718
HIST 1233 710
HIST 1234 733
HIST 1235 721
HIST 1236 719
HIST 1237 664
HIST 1238 708
HIST 1239 637
HIST 1240 625
HIST 1241 607
HIST 1242 615
HIST 1243 552
HIST 1244 467
HIST 1245 376
HIST 1246 343
HIST 1247 324
HIST 1248 293
HIST 1249 281
HIST 1250 251
HIST 1251 229
HIST 1252 239
HIST 1253 244
HIST 1254 220
HIST 1255 193
HIST 1256 206
HIST 1257 192
HIST 1258 201
HIST 1259 225
HIST 1260 180
HIST 1261 165
HIST 1262 164
HIST 1263 159
HIST 1264 170
HIST 1265 180
HIST 1266 160
HIST 1267 173
HIST 1268 146
HIST 1269 162
HIST 1270 133
HIST 1271 140
HIST 1272 155
HIST 1273 140
HIST 1274 135
HIST 1275 155
HIST 1276 138
HIST 1277 112
HIST 1278 120
HIST 1279 130
HIST 1280 147
HIST 1281 120
HIST 1282 143
HIST 1283 119
HIST 1284 97
HIST 1285 125
HIST 1286 106
HIST 1287 120
HIST 1288 113
HIST 1289 100
HIST 1290 120
HIST 1291 103
HIST 1292 90
HIST 1293 105
HIST 1294 107
HIST 1295 102
HIST 1296 109
HIST 1297 112
HIST 1298 85
HIST 1299 110
HIST 1300 96
HIST 1301 101
HIST 1302 103
HIST 1303 99
HIST 1304 84
HIST 1305 69
HIST 1306 83
HIST 1307 85
HIST 1308 101
HIST 1309 81
HIST 1310 89
HIST 1311 90
HIST 1312 88
HIST 1313 87
HIST 1314 77
HIST 1315 74
HIST 1316 97
HIST 1317 63
HIST 1318 72
HIST 1319 68
HIST 1320 71
HIST 1321 70
HIST 1322 49
HIST 1323 67
HIST 1324 67
HIST 1325 46
HIST 1326 68
HIST 1327 67
HIST 1328 58
HIST 1329 54
HIST 1330 40
HIST 1331 66
HIST 1332 54
HIST 1333 43
HIST 1334 55
HIST 1335 40
HIST 1336 41
HIST 1337 42
HIST 1338 50
HIST 1339 50
HIST 1340 45
HIST 1341 37
HIST 1342 45
HIST 1343 28
HIST 1344 34
HIST 1345 40
HIST 1346 31
HIST 1347 41
HIST 1348 41
HIST 1349 47
HIST 1350 31
HIST 1351 24
HIST 1352 49
HIST 1353 47
HIST 1354 40
HIST 1355 37
HIST 1356 32
HIST 1357 35
HIST 1358 32
HIST 1359 32
HIST 1360 29
HIST 1361 22
HIST 1362 24
HIST 1363 35
HIST 1364 27
HIST 1365 34
HIST 1366 25
HIST 1367 32
HIST 1368 24
HIST 1369 26
HIST 1370 27
HIST 1371 22
HIST 1372 30
HIST 1373 23
HIST 1374 18
HIST 1375 33
HIST 1376 20
HIST 1377 18
HIST 1378 15
HIST 1379 23
HIST 1380 22
HIST 1381 17
HIST 1382 19
HIST 1383 22
HIST 1384 20
HIST 1385 16
HIST 1386 18
HIST 1387 17
HIST 1388 19
HIST 1389 13
HIST 1390 14
HIST 1391 21
HIST 1392 9
HIST 1393 14
HIST 1394 17
HIST 1395 14
HIST 1396 11
HIST 1397 11
HIST 1398 11
HIST 1399 10
HIST 1400 11
HIST 1401 17
HIST 1402 18
HIST 1403 7
HIST 1404 14
HIST 1405 12
HIST 1406 9
HIST 1407 9
HIST 1408 13
HIST 1409 15
HIST 1410 10
HIST 1411 6
HIST 1412 9
HIST 1413 8
HIST 1414 7
HIST 1415 8
HIST 1416 12
HIST 1417 7
HIST 1418 9
HIST 1419 9
HIST 1420 6
HIST 1421 5
HIST 1422 10
HIST 1423 3
HIST 1424 10
HIST 1425 11
HIST 1426 39
HIST 1427 6
HIST 1428 32
HIST 1429 114
HIST 1430 514
HIST 1431 7
HIST 1432 219
HIST 1433 138
HIST 1434 14
HIST 1435 6
HIST 1436 10
HIST 1437 5
HIST 1438 9
HIST 1439 5
HIST 1440 9
HIST 1441 4
HIST 1442 8
HIST 1443 6
HIST 1444 5
HIST 1445 2
HIST 1446 2
HIST 1447 3
HIST 1448 2
HIST 1449 2
HIST 1450 5
HIST 1451 4
HIST 1452 3
HIST 1453 7
HIST 1454 4
HIST 1455 3
HIST 1456 4
HIST 1457 11
HIST 1458 21
HIST 1459 13
HIST 1460 4
HIST 1461 60509
HISTEND
ESCPOP decays=20000000 own_exit=54480 carry_exit=50409 own_return=9586 same=9516 other=70 noface=0 lineage_gamma_out=2749 lineage_lepton_out=4377 killed_gamma=0 killed_lepton=0 facemiss=0 lineage_inside=0
