SETUP correlatedGamma=0 twoJmax=10 vacuum=1 seed=0 killesc=0 killcarry=0 fullcarry=0 histbin=1.000 histbins=2616 iontag=0 escpop=1 killescown=0 killesccarry=1 killret=0 killretsame=0 killretother=0 killescbrem=0 killescdelta=0
CUTS (production thresholds per material couple):
 Material : G4_Galactic
 Range cuts        :  gamma  1 mm     e-  1 mm     e+  1 mm  proton 1 mm 
 Energy thresholds :  gamma  990 eV     e-  990 eV     e+  990 eV  proton 100 keV
 Material : scene_mat_3
 Range cuts        :  gamma  1 mm     e-  1 mm     e+  1 mm  proton 1 mm 
 Energy thresholds :  gamma  6.91691 keV    e-  597.603 keV    e+  574.29 keV proton 100 keV
 Material : scene_mat_1
 Range cuts        :  gamma  1 mm     e-  1 mm     e+  1 mm  proton 1 mm 
 Energy thresholds :  gamma  4.39533 keV    e-  541.252 keV    e+  522.087 keV proton 100 keV
 Material : scene_mat_0
 Range cuts        :  gamma  1 mm     e-  1 mm     e+  1 mm  proton 1 mm 
 Energy thresholds :  gamma  38.4662 keV    e-  692.485 keV    e+  658.149 keV proton 100 keV
RESULT decays=20000000
RESULT any=705861 eps_total=3.529305e-02
RESULT window=2614.511 counts=19987 eps=9.993500e-04
HISTBEGIN bins=2616 bin_kev=1.000000 decays=20000000
HIST 0 261
HIST 1 532
HIST 2 546
HIST 3 575
HIST 4 515
HIST 5 533
HIST 6 613
HIST 7 660
HIST 8 569
HIST 9 573
HIST 10 555
HIST 11 603
HIST 12 591
HIST 13 595
HIST 14 595
HIST 15 594
HIST 16 593
HIST 17 560
HIST 18 597
HIST 19 574
HIST 20 545
HIST 21 567
HIST 22 618
HIST 23 570
HIST 24 575
HIST 25 589
HIST 26 576
HIST 27 605
HIST 28 557
HIST 29 563
HIST 30 545
HIST 31 568
HIST 32 493
HIST 33 552
HIST 34 552
HIST 35 564
HIST 36 550
HIST 37 541
HIST 38 485
HIST 39 529
HIST 40 509
HIST 41 542
HIST 42 529
HIST 43 536
HIST 44 516
HIST 45 508
HIST 46 505
HIST 47 536
HIST 48 520
HIST 49 522
HIST 50 472
HIST 51 471
HIST 52 482
HIST 53 487
HIST 54 490
HIST 55 499
HIST 56 493
HIST 57 494
HIST 58 475
HIST 59 496
HIST 60 434
HIST 61 474
HIST 62 476
HIST 63 449
HIST 64 459
HIST 65 437
HIST 66 470
HIST 67 482
HIST 68 450
HIST 69 449
HIST 70 502
HIST 71 465
HIST 72 471
HIST 73 447
HIST 74 483
HIST 75 461
HIST 76 464
HIST 77 446
HIST 78 477
HIST 79 450
HIST 80 448
HIST 81 458
HIST 82 425
HIST 83 448
HIST 84 431
HIST 85 420
HIST 86 448
HIST 87 469
HIST 88 429
HIST 89 440
HIST 90 440
HIST 91 459
HIST 92 414
HIST 93 432
HIST 94 440
HIST 95 437
HIST 96 471
HIST 97 436
HIST 98 393
HIST 99 435
HIST 100 430
HIST 101 411
HIST 102 430
HIST 103 415
HIST 104 423
HIST 105 401
HIST 106 390
HIST 107 383
HIST 108 418
HIST 109 421
HIST 110 425
HIST 111 417
HIST 112 490
HIST 113 424
HIST 114 417
HIST 115 383
HIST 116 413
HIST 117 411
HIST 118 409
HIST 119 438
HIST 120 403
HIST 121 429
HIST 122 400
HIST 123 417
HIST 124 407
HIST 125 419
HIST 126 420
HIST 127 406
HIST 128 418
HIST 129 392
HIST 130 399
HIST 131 388
HIST 132 411
HIST 133 384
HIST 134 398
HIST 135 403
HIST 136 422
HIST 137 386
HIST 138 388
HIST 139 409
HIST 140 401
HIST 141 377
HIST 142 352
HIST 143 365
HIST 144 384
HIST 145 372
HIST 146 422
HIST 147 412
HIST 148 404
HIST 149 409
HIST 150 388
HIST 151 430
HIST 152 408
HIST 153 376
HIST 154 396
HIST 155 402
HIST 156 446
HIST 157 366
HIST 158 407
HIST 159 390
HIST 160 382
HIST 161 343
HIST 162 395
HIST 163 349
HIST 164 416
HIST 165 405
HIST 166 378
HIST 167 346
HIST 168 359
HIST 169 375
HIST 170 376
HIST 171 392
HIST 172 377
HIST 173 362
HIST 174 353
HIST 175 372
HIST 176 347
HIST 177 367
HIST 178 368
HIST 179 372
HIST 180 375
HIST 181 350
HIST 182 372
HIST 183 344
HIST 184 352
HIST 185 349
HIST 186 366
HIST 187 383
HIST 188 339
HIST 189 367
HIST 190 367
HIST 191 365
HIST 192 374
HIST 193 363
HIST 194 347
HIST 195 341
HIST 196 336
HIST 197 325
HIST 198 332
HIST 199 392
HIST 200 350
HIST 201 362
HIST 202 340
HIST 203 373
HIST 204 364
HIST 205 324
HIST 206 366
HIST 207 355
HIST 208 359
HIST 209 361
HIST 210 369
HIST 211 347
HIST 212 368
HIST 213 375
HIST 214 336
HIST 215 352
HIST 216 350
HIST 217 343
HIST 218 344
HIST 219 321
HIST 220 369
HIST 221 347
HIST 222 364
HIST 223 353
HIST 224 358
HIST 225 315
HIST 226 351
HIST 227 346
HIST 228 312
HIST 229 342
HIST 230 383
HIST 231 324
HIST 232 371
HIST 233 371
HIST 234 376
HIST 235 393
HIST 236 426
HIST 237 436
HIST 238 412
HIST 239 392
HIST 240 395
HIST 241 422
HIST 242 422
HIST 243 389
HIST 244 402
HIST 245 412
HIST 246 424
HIST 247 446
HIST 248 400
HIST 249 429
HIST 250 407
HIST 251 411
HIST 252 422
HIST 253 375
HIST 254 388
HIST 255 424
HIST 256 428
HIST 257 403
HIST 258 408
HIST 259 416
HIST 260 407
HIST 261 375
HIST 262 417
HIST 263 419
HIST 264 411
HIST 265 355
HIST 266 352
HIST 267 398
HIST 268 403
HIST 269 394
HIST 270 410
HIST 271 380
HIST 272 381
HIST 273 355
HIST 274 396
HIST 275 400
HIST 276 382
HIST 277 361
HIST 278 387
HIST 279 374
HIST 280 382
HIST 281 395
HIST 282 378
HIST 283 402
HIST 284 361
HIST 285 363
HIST 286 400
HIST 287 393
HIST 288 370
HIST 289 372
HIST 290 409
HIST 291 350
HIST 292 351
HIST 293 352
HIST 294 374
HIST 295 400
HIST 296 345
HIST 297 375
HIST 298 348
HIST 299 358
HIST 300 356
HIST 301 355
HIST 302 355
HIST 303 358
HIST 304 338
HIST 305 317
HIST 306 371
HIST 307 351
HIST 308 373
HIST 309 359
HIST 310 363
HIST 311 319
HIST 312 331
HIST 313 351
HIST 314 356
HIST 315 378
HIST 316 351
HIST 317 361
HIST 318 361
HIST 319 344
HIST 320 356
HIST 321 329
HIST 322 336
HIST 323 320
HIST 324 362
HIST 325 331
HIST 326 327
HIST 327 352
HIST 328 372
HIST 329 346
HIST 330 328
HIST 331 345
HIST 332 339
HIST 333 335
HIST 334 325
HIST 335 354
HIST 336 316
HIST 337 357
HIST 338 339
HIST 339 311
HIST 340 334
HIST 341 329
HIST 342 351
HIST 343 330
HIST 344 319
HIST 345 325
HIST 346 306
HIST 347 329
HIST 348 315
HIST 349 320
HIST 350 327
HIST 351 308
HIST 352 284
HIST 353 314
HIST 354 319
HIST 355 364
HIST 356 292
HIST 357 292
HIST 358 331
HIST 359 304
HIST 360 309
HIST 361 325
HIST 362 311
HIST 363 319
HIST 364 289
HIST 365 281
HIST 366 326
HIST 367 330
HIST 368 307
HIST 369 340
HIST 370 286
HIST 371 312
HIST 372 299
HIST 373 295
HIST 374 321
HIST 375 311
HIST 376 294
HIST 377 339
HIST 378 303
HIST 379 298
HIST 380 304
HIST 381 311
HIST 382 307
HIST 383 297
HIST 384 301
HIST 385 311
HIST 386 324
HIST 387 316
HIST 388 295
HIST 389 307
HIST 390 285
HIST 391 339
HIST 392 288
HIST 393 335
HIST 394 311
HIST 395 289
HIST 396 309
HIST 397 313
HIST 398 290
HIST 399 302
HIST 400 288
HIST 401 282
HIST 402 307
HIST 403 325
HIST 404 318
HIST 405 294
HIST 406 277
HIST 407 348
HIST 408 291
HIST 409 297
HIST 410 316
HIST 411 293
HIST 412 274
HIST 413 290
HIST 414 272
HIST 415 287
HIST 416 305
HIST 417 300
HIST 418 295
HIST 419 283
HIST 420 282
HIST 421 294
HIST 422 293
HIST 423 311
HIST 424 274
HIST 425 278
HIST 426 290
HIST 427 291
HIST 428 279
HIST 429 300
HIST 430 287
HIST 431 319
HIST 432 286
HIST 433 278
HIST 434 267
HIST 435 299
HIST 436 284
HIST 437 274
HIST 438 280
HIST 439 305
HIST 440 282
HIST 441 290
HIST 442 285
HIST 443 293
HIST 444 287
HIST 445 291
HIST 446 291
HIST 447 299
HIST 448 272
HIST 449 300
HIST 450 276
HIST 451 314
HIST 452 274
HIST 453 299
HIST 454 300
HIST 455 280
HIST 456 300
HIST 457 286
HIST 458 317
HIST 459 288
HIST 460 306
HIST 461 276
HIST 462 314
HIST 463 258
HIST 464 314
HIST 465 292
HIST 466 249
HIST 467 289
HIST 468 277
HIST 469 243
HIST 470 295
HIST 471 279
HIST 472 294
HIST 473 264
HIST 474 298
HIST 475 310
HIST 476 309
HIST 477 240
HIST 478 297
HIST 479 264
HIST 480 272
HIST 481 279
HIST 482 322
HIST 483 263
HIST 484 268
HIST 485 260
HIST 486 265
HIST 487 267
HIST 488 255
HIST 489 282
HIST 490 280
HIST 491 296
HIST 492 268
HIST 493 289
HIST 494 264
HIST 495 282
HIST 496 295
HIST 497 287
HIST 498 306
HIST 499 250
HIST 500 235
HIST 501 277
HIST 502 296
HIST 503 262
HIST 504 253
HIST 505 281
HIST 506 252
HIST 507 287
HIST 508 259
HIST 509 302
HIST 510 272
HIST 511 778
HIST 512 271
HIST 513 257
HIST 514 286
HIST 515 267
HIST 516 279
HIST 517 241
HIST 518 283
HIST 519 262
HIST 520 296
HIST 521 284
HIST 522 290
HIST 523 254
HIST 524 279
HIST 525 263
HIST 526 283
HIST 527 286
HIST 528 268
HIST 529 293
HIST 530 258
HIST 531 283
HIST 532 281
HIST 533 251
HIST 534 273
HIST 535 253
HIST 536 257
HIST 537 280
HIST 538 263
HIST 539 264
HIST 540 279
HIST 541 232
HIST 542 262
HIST 543 288
HIST 544 242
HIST 545 279
HIST 546 271
HIST 547 299
HIST 548 287
HIST 549 236
HIST 550 268
HIST 551 251
HIST 552 277
HIST 553 288
HIST 554 279
HIST 555 278
HIST 556 259
HIST 557 284
HIST 558 254
HIST 559 272
HIST 560 262
HIST 561 297
HIST 562 279
HIST 563 249
HIST 564 274
HIST 565 279
HIST 566 268
HIST 567 265
HIST 568 248
HIST 569 270
HIST 570 259
HIST 571 287
HIST 572 271
HIST 573 266
HIST 574 264
HIST 575 244
HIST 576 238
HIST 577 244
HIST 578 262
HIST 579 266
HIST 580 272
HIST 581 251
HIST 582 269
HIST 583 243
HIST 584 250
HIST 585 261
HIST 586 265
HIST 587 266
HIST 588 253
HIST 589 268
HIST 590 247
HIST 591 270
HIST 592 249
HIST 593 286
HIST 594 278
HIST 595 260
HIST 596 251
HIST 597 287
HIST 598 258
HIST 599 273
HIST 600 228
HIST 601 272
HIST 602 275
HIST 603 251
HIST 604 269
HIST 605 250
HIST 606 224
HIST 607 265
HIST 608 231
HIST 609 259
HIST 610 233
HIST 611 246
HIST 612 248
HIST 613 248
HIST 614 237
HIST 615 226
HIST 616 271
HIST 617 268
HIST 618 256
HIST 619 266
HIST 620 286
HIST 621 255
HIST 622 256
HIST 623 283
HIST 624 267
HIST 625 241
HIST 626 260
HIST 627 274
HIST 628 219
HIST 629 238
HIST 630 279
HIST 631 245
HIST 632 224
HIST 633 220
HIST 634 241
HIST 635 263
HIST 636 260
HIST 637 257
HIST 638 266
HIST 639 254
HIST 640 278
HIST 641 253
HIST 642 236
HIST 643 253
HIST 644 253
HIST 645 268
HIST 646 265
HIST 647 248
HIST 648 257
HIST 649 248
HIST 650 261
HIST 651 254
HIST 652 269
HIST 653 265
HIST 654 276
HIST 655 262
HIST 656 243
HIST 657 251
HIST 658 226
HIST 659 228
HIST 660 241
HIST 661 257
HIST 662 247
HIST 663 263
HIST 664 247
HIST 665 244
HIST 666 243
HIST 667 255
HIST 668 246
HIST 669 239
HIST 670 234
HIST 671 248
HIST 672 259
HIST 673 244
HIST 674 241
HIST 675 268
HIST 676 263
HIST 677 235
HIST 678 240
HIST 679 256
HIST 680 252
HIST 681 262
HIST 682 275
HIST 683 249
HIST 684 261
HIST 685 232
HIST 686 234
HIST 687 260
HIST 688 248
HIST 689 272
HIST 690 237
HIST 691 252
HIST 692 232
HIST 693 233
HIST 694 243
HIST 695 221
HIST 696 266
HIST 697 246
HIST 698 253
HIST 699 227
HIST 700 245
HIST 701 251
HIST 702 232
HIST 703 253
HIST 704 239
HIST 705 263
HIST 706 236
HIST 707 239
HIST 708 252
HIST 709 271
HIST 710 236
HIST 711 239
HIST 712 262
HIST 713 249
HIST 714 241
HIST 715 226
HIST 716 225
HIST 717 254
HIST 718 227
HIST 719 244
HIST 720 263
HIST 721 251
HIST 722 269
HIST 723 232
HIST 724 227
HIST 725 232
HIST 726 253
HIST 727 259
HIST 728 209
HIST 729 252
HIST 730 255
HIST 731 229
HIST 732 274
HIST 733 222
HIST 734 254
HIST 735 228
HIST 736 259
HIST 737 262
HIST 738 212
HIST 739 248
HIST 740 249
HIST 741 256
HIST 742 242
HIST 743 225
HIST 744 243
HIST 745 254
HIST 746 212
HIST 747 272
HIST 748 257
HIST 749 222
HIST 750 257
HIST 751 241
HIST 752 250
HIST 753 200
HIST 754 216
HIST 755 224
HIST 756 259
HIST 757 248
HIST 758 205
HIST 759 262
HIST 760 237
HIST 761 227
HIST 762 237
HIST 763 264
HIST 764 245
HIST 765 262
HIST 766 241
HIST 767 225
HIST 768 239
HIST 769 244
HIST 770 232
HIST 771 223
HIST 772 218
HIST 773 242
HIST 774 250
HIST 775 261
HIST 776 260
HIST 777 259
HIST 778 247
HIST 779 245
HIST 780 214
HIST 781 234
HIST 782 214
HIST 783 254
HIST 784 249
HIST 785 241
HIST 786 222
HIST 787 234
HIST 788 228
HIST 789 232
HIST 790 244
HIST 791 220
HIST 792 225
HIST 793 209
HIST 794 253
HIST 795 244
HIST 796 241
HIST 797 236
HIST 798 242
HIST 799 236
HIST 800 246
HIST 801 232
HIST 802 246
HIST 803 241
HIST 804 232
HIST 805 265
HIST 806 255
HIST 807 228
HIST 808 278
HIST 809 272
HIST 810 241
HIST 811 234
HIST 812 252
HIST 813 231
HIST 814 249
HIST 815 241
HIST 816 231
HIST 817 222
HIST 818 235
HIST 819 253
HIST 820 223
HIST 821 247
HIST 822 243
HIST 823 241
HIST 824 235
HIST 825 258
HIST 826 232
HIST 827 232
HIST 828 214
HIST 829 252
HIST 830 266
HIST 831 241
HIST 832 223
HIST 833 231
HIST 834 225
HIST 835 237
HIST 836 204
HIST 837 241
HIST 838 249
HIST 839 245
HIST 840 198
HIST 841 209
HIST 842 230
HIST 843 235
HIST 844 242
HIST 845 237
HIST 846 240
HIST 847 221
HIST 848 234
HIST 849 209
HIST 850 200
HIST 851 267
HIST 852 211
HIST 853 233
HIST 854 206
HIST 855 231
HIST 856 225
HIST 857 230
HIST 858 220
HIST 859 226
HIST 860 218
HIST 861 240
HIST 862 235
HIST 863 223
HIST 864 240
HIST 865 264
HIST 866 237
HIST 867 243
HIST 868 276
HIST 869 242
HIST 870 239
HIST 871 233
HIST 872 236
HIST 873 201
HIST 874 253
HIST 875 231
HIST 876 257
HIST 877 262
HIST 878 204
HIST 879 257
HIST 880 243
HIST 881 243
HIST 882 236
HIST 883 234
HIST 884 230
HIST 885 209
HIST 886 250
HIST 887 224
HIST 888 233
HIST 889 215
HIST 890 233
HIST 891 214
HIST 892 242
HIST 893 221
HIST 894 222
HIST 895 226
HIST 896 230
HIST 897 234
HIST 898 211
HIST 899 222
HIST 900 239
HIST 901 249
HIST 902 219
HIST 903 238
HIST 904 239
HIST 905 221
HIST 906 228
HIST 907 227
HIST 908 216
HIST 909 229
HIST 910 224
HIST 911 244
HIST 912 244
HIST 913 225
HIST 914 265
HIST 915 233
HIST 916 257
HIST 917 256
HIST 918 224
HIST 919 221
HIST 920 233
HIST 921 225
HIST 922 227
HIST 923 237
HIST 924 221
HIST 925 218
HIST 926 230
HIST 927 219
HIST 928 205
HIST 929 210
HIST 930 227
HIST 931 215
HIST 932 236
HIST 933 219
HIST 934 232
HIST 935 224
HIST 936 185
HIST 937 215
HIST 938 227
HIST 939 215
HIST 940 201
HIST 941 232
HIST 942 218
HIST 943 231
HIST 944 216
HIST 945 222
HIST 946 222
HIST 947 222
HIST 948 248
HIST 949 192
HIST 950 228
HIST 951 254
HIST 952 247
HIST 953 215
HIST 954 229
HIST 955 224
HIST 956 232
HIST 957 247
HIST 958 201
HIST 959 218
HIST 960 212
HIST 961 247
HIST 962 231
HIST 963 230
HIST 964 231
HIST 965 219
HIST 966 243
HIST 967 225
HIST 968 225
HIST 969 220
HIST 970 228
HIST 971 211
HIST 972 239
HIST 973 232
HIST 974 213
HIST 975 228
HIST 976 218
HIST 977 210
HIST 978 235
HIST 979 225
HIST 980 255
HIST 981 239
HIST 982 231
HIST 983 212
HIST 984 186
HIST 985 198
HIST 986 212
HIST 987 215
HIST 988 213
HIST 989 212
HIST 990 215
HIST 991 227
HIST 992 220
HIST 993 211
HIST 994 225
HIST 995 243
HIST 996 257
HIST 997 236
HIST 998 231
HIST 999 243
HIST 1000 196
HIST 1001 200
HIST 1002 225
HIST 1003 219
HIST 1004 251
HIST 1005 223
HIST 1006 233
HIST 1007 207
HIST 1008 207
HIST 1009 214
HIST 1010 211
HIST 1011 218
HIST 1012 224
HIST 1013 206
HIST 1014 207
HIST 1015 220
HIST 1016 217
HIST 1017 231
HIST 1018 222
HIST 1019 202
HIST 1020 241
HIST 1021 237
HIST 1022 248
HIST 1023 217
HIST 1024 226
HIST 1025 212
HIST 1026 221
HIST 1027 232
HIST 1028 211
HIST 1029 186
HIST 1030 223
HIST 1031 240
HIST 1032 235
HIST 1033 193
HIST 1034 228
HIST 1035 225
HIST 1036 233
HIST 1037 208
HIST 1038 258
HIST 1039 204
HIST 1040 225
HIST 1041 213
HIST 1042 243
HIST 1043 214
HIST 1044 225
HIST 1045 191
HIST 1046 225
HIST 1047 206
HIST 1048 245
HIST 1049 215
HIST 1050 204
HIST 1051 218
HIST 1052 226
HIST 1053 243
HIST 1054 211
HIST 1055 235
HIST 1056 203
HIST 1057 229
HIST 1058 252
HIST 1059 218
HIST 1060 201
HIST 1061 227
HIST 1062 226
HIST 1063 235
HIST 1064 231
HIST 1065 226
HIST 1066 229
HIST 1067 209
HIST 1068 207
HIST 1069 246
HIST 1070 228
HIST 1071 200
HIST 1072 213
HIST 1073 209
HIST 1074 221
HIST 1075 252
HIST 1076 201
HIST 1077 219
HIST 1078 229
HIST 1079 225
HIST 1080 221
HIST 1081 227
HIST 1082 221
HIST 1083 234
HIST 1084 224
HIST 1085 212
HIST 1086 217
HIST 1087 221
HIST 1088 197
HIST 1089 186
HIST 1090 217
HIST 1091 211
HIST 1092 241
HIST 1093 218
HIST 1094 207
HIST 1095 196
HIST 1096 257
HIST 1097 221
HIST 1098 207
HIST 1099 249
HIST 1100 199
HIST 1101 227
HIST 1102 205
HIST 1103 217
HIST 1104 201
HIST 1105 219
HIST 1106 229
HIST 1107 221
HIST 1108 221
HIST 1109 236
HIST 1110 213
HIST 1111 180
HIST 1112 199
HIST 1113 204
HIST 1114 232
HIST 1115 223
HIST 1116 254
HIST 1117 198
HIST 1118 225
HIST 1119 229
HIST 1120 201
HIST 1121 238
HIST 1122 207
HIST 1123 202
HIST 1124 230
HIST 1125 217
HIST 1126 200
HIST 1127 237
HIST 1128 213
HIST 1129 225
HIST 1130 243
HIST 1131 223
HIST 1132 221
HIST 1133 240
HIST 1134 232
HIST 1135 218
HIST 1136 240
HIST 1137 229
HIST 1138 209
HIST 1139 223
HIST 1140 199
HIST 1141 215
HIST 1142 203
HIST 1143 197
HIST 1144 220
HIST 1145 242
HIST 1146 220
HIST 1147 213
HIST 1148 231
HIST 1149 232
HIST 1150 228
HIST 1151 197
HIST 1152 200
HIST 1153 219
HIST 1154 232
HIST 1155 213
HIST 1156 203
HIST 1157 194
HIST 1158 214
HIST 1159 223
HIST 1160 212
HIST 1161 236
HIST 1162 219
HIST 1163 207
HIST 1164 218
HIST 1165 214
HIST 1166 213
HIST 1167 252
HIST 1168 216
HIST 1169 216
HIST 1170 194
HIST 1171 203
HIST 1172 231
HIST 1173 234
HIST 1174 222
HIST 1175 199
HIST 1176 229
HIST 1177 229
HIST 1178 238
HIST 1179 246
HIST 1180 221
HIST 1181 198
HIST 1182 223
HIST 1183 200
HIST 1184 194
HIST 1185 229
HIST 1186 258
HIST 1187 223
HIST 1188 216
HIST 1189 242
HIST 1190 229
HIST 1191 203
HIST 1192 218
HIST 1193 214
HIST 1194 229
HIST 1195 231
HIST 1196 212
HIST 1197 218
HIST 1198 211
HIST 1199 225
HIST 1200 224
HIST 1201 236
HIST 1202 214
HIST 1203 195
HIST 1204 224
HIST 1205 204
HIST 1206 212
HIST 1207 193
HIST 1208 238
HIST 1209 217
HIST 1210 236
HIST 1211 234
HIST 1212 241
HIST 1213 221
HIST 1214 207
HIST 1215 217
HIST 1216 240
HIST 1217 222
HIST 1218 219
HIST 1219 205
HIST 1220 227
HIST 1221 204
HIST 1222 199
HIST 1223 210
HIST 1224 230
HIST 1225 226
HIST 1226 226
HIST 1227 226
HIST 1228 233
HIST 1229 206
HIST 1230 248
HIST 1231 233
HIST 1232 232
HIST 1233 240
HIST 1234 239
HIST 1235 235
HIST 1236 227
HIST 1237 209
HIST 1238 205
HIST 1239 203
HIST 1240 202
HIST 1241 181
HIST 1242 195
HIST 1243 220
HIST 1244 219
HIST 1245 203
HIST 1246 222
HIST 1247 202
HIST 1248 219
HIST 1249 226
HIST 1250 237
HIST 1251 198
HIST 1252 206
HIST 1253 203
HIST 1254 231
HIST 1255 209
HIST 1256 235
HIST 1257 214
HIST 1258 251
HIST 1259 201
HIST 1260 249
HIST 1261 228
HIST 1262 189
HIST 1263 216
HIST 1264 225
HIST 1265 231
HIST 1266 207
HIST 1267 213
HIST 1268 203
HIST 1269 212
HIST 1270 227
HIST 1271 234
HIST 1272 209
HIST 1273 195
HIST 1274 218
HIST 1275 200
HIST 1276 218
HIST 1277 222
HIST 1278 210
HIST 1279 232
HIST 1280 228
HIST 1281 242
HIST 1282 232
HIST 1283 238
HIST 1284 239
HIST 1285 210
HIST 1286 221
HIST 1287 215
HIST 1288 212
HIST 1289 216
HIST 1290 199
HIST 1291 217
HIST 1292 200
HIST 1293 224
HIST 1294 213
HIST 1295 236
HIST 1296 203
HIST 1297 227
HIST 1298 228
HIST 1299 231
HIST 1300 203
HIST 1301 206
HIST 1302 214
HIST 1303 221
HIST 1304 225
HIST 1305 218
HIST 1306 238
HIST 1307 237
HIST 1308 217
HIST 1309 215
HIST 1310 220
HIST 1311 215
HIST 1312 195
HIST 1313 205
HIST 1314 226
HIST 1315 206
HIST 1316 231
HIST 1317 207
HIST 1318 223
HIST 1319 249
HIST 1320 218
HIST 1321 202
HIST 1322 219
HIST 1323 224
HIST 1324 193
HIST 1325 247
HIST 1326 230
HIST 1327 217
HIST 1328 205
HIST 1329 205
HIST 1330 236
HIST 1331 240
HIST 1332 208
HIST 1333 230
HIST 1334 234
HIST 1335 218
HIST 1336 257
HIST 1337 214
HIST 1338 206
HIST 1339 216
HIST 1340 232
HIST 1341 201
HIST 1342 218
HIST 1343 201
HIST 1344 219
HIST 1345 225
HIST 1346 219
HIST 1347 232
HIST 1348 209
HIST 1349 231
HIST 1350 190
HIST 1351 236
HIST 1352 226
HIST 1353 227
HIST 1354 195
HIST 1355 214
HIST 1356 199
HIST 1357 222
HIST 1358 207
HIST 1359 230
HIST 1360 213
HIST 1361 225
HIST 1362 184
HIST 1363 221
HIST 1364 200
HIST 1365 215
HIST 1366 222
HIST 1367 244
HIST 1368 237
HIST 1369 183
HIST 1370 213
HIST 1371 224
HIST 1372 209
HIST 1373 248
HIST 1374 229
HIST 1375 232
HIST 1376 231
HIST 1377 208
HIST 1378 235
HIST 1379 207
HIST 1380 233
HIST 1381 207
HIST 1382 223
HIST 1383 236
HIST 1384 217
HIST 1385 208
HIST 1386 201
HIST 1387 201
HIST 1388 206
HIST 1389 228
HIST 1390 235
HIST 1391 214
HIST 1392 239
HIST 1393 227
HIST 1394 214
HIST 1395 205
HIST 1396 227
HIST 1397 224
HIST 1398 230
HIST 1399 211
HIST 1400 208
HIST 1401 195
HIST 1402 197
HIST 1403 232
HIST 1404 229
HIST 1405 215
HIST 1406 217
HIST 1407 228
HIST 1408 241
HIST 1409 209
HIST 1410 238
HIST 1411 223
HIST 1412 224
HIST 1413 252
HIST 1414 201
HIST 1415 242
HIST 1416 248
HIST 1417 243
HIST 1418 215
HIST 1419 191
HIST 1420 207
HIST 1421 222
HIST 1422 233
HIST 1423 234
HIST 1424 186
HIST 1425 233
HIST 1426 214
HIST 1427 186
HIST 1428 228
HIST 1429 227
HIST 1430 206
HIST 1431 224
HIST 1432 227
HIST 1433 238
HIST 1434 220
HIST 1435 227
HIST 1436 231
HIST 1437 255
HIST 1438 216
HIST 1439 203
HIST 1440 212
HIST 1441 252
HIST 1442 215
HIST 1443 217
HIST 1444 227
HIST 1445 221
HIST 1446 215
HIST 1447 216
HIST 1448 225
HIST 1449 239
HIST 1450 230
HIST 1451 219
HIST 1452 239
HIST 1453 204
HIST 1454 212
HIST 1455 216
HIST 1456 237
HIST 1457 220
HIST 1458 208
HIST 1459 223
HIST 1460 174
HIST 1461 215
HIST 1462 224
HIST 1463 221
HIST 1464 190
HIST 1465 224
HIST 1466 212
HIST 1467 183
HIST 1468 225
HIST 1469 197
HIST 1470 222
HIST 1471 218
HIST 1472 217
HIST 1473 209
HIST 1474 216
HIST 1475 202
HIST 1476 225
HIST 1477 211
HIST 1478 210
HIST 1479 234
HIST 1480 204
HIST 1481 229
HIST 1482 168
HIST 1483 215
HIST 1484 213
HIST 1485 219
HIST 1486 216
HIST 1487 213
HIST 1488 218
HIST 1489 211
HIST 1490 215
HIST 1491 220
HIST 1492 215
HIST 1493 243
HIST 1494 197
HIST 1495 216
HIST 1496 215
HIST 1497 198
HIST 1498 198
HIST 1499 205
HIST 1500 201
HIST 1501 218
HIST 1502 224
HIST 1503 195
HIST 1504 231
HIST 1505 222
HIST 1506 203
HIST 1507 206
HIST 1508 207
HIST 1509 207
HIST 1510 214
HIST 1511 218
HIST 1512 242
HIST 1513 212
HIST 1514 224
HIST 1515 200
HIST 1516 223
HIST 1517 203
HIST 1518 210
HIST 1519 185
HIST 1520 198
HIST 1521 217
HIST 1522 219
HIST 1523 210
HIST 1524 197
HIST 1525 215
HIST 1526 205
HIST 1527 217
HIST 1528 215
HIST 1529 213
HIST 1530 201
HIST 1531 222
HIST 1532 204
HIST 1533 243
HIST 1534 207
HIST 1535 216
HIST 1536 206
HIST 1537 205
HIST 1538 210
HIST 1539 216
HIST 1540 199
HIST 1541 202
HIST 1542 225
HIST 1543 204
HIST 1544 195
HIST 1545 201
HIST 1546 196
HIST 1547 200
HIST 1548 191
HIST 1549 242
HIST 1550 191
HIST 1551 205
HIST 1552 201
HIST 1553 211
HIST 1554 214
HIST 1555 207
HIST 1556 208
HIST 1557 197
HIST 1558 209
HIST 1559 174
HIST 1560 202
HIST 1561 190
HIST 1562 270
HIST 1563 219
HIST 1564 227
HIST 1565 213
HIST 1566 209
HIST 1567 194
HIST 1568 192
HIST 1569 223
HIST 1570 212
HIST 1571 205
HIST 1572 197
HIST 1573 186
HIST 1574 196
HIST 1575 191
HIST 1576 187
HIST 1577 184
HIST 1578 208
HIST 1579 221
HIST 1580 200
HIST 1581 213
HIST 1582 188
HIST 1583 193
HIST 1584 206
HIST 1585 177
HIST 1586 208
HIST 1587 205
HIST 1588 183
HIST 1589 203
HIST 1590 220
HIST 1591 219
HIST 1592 183
HIST 1593 43222
HIST 1594 217
HIST 1595 243
HIST 1596 244
HIST 1597 255
HIST 1598 239
HIST 1599 239
HIST 1600 241
HIST 1601 243
HIST 1602 254
HIST 1603 237
HIST 1604 235
HIST 1605 249
HIST 1606 257
HIST 1607 236
HIST 1608 256
HIST 1609 238
HIST 1610 227
HIST 1611 236
HIST 1612 258
HIST 1613 241
HIST 1614 234
HIST 1615 234
HIST 1616 248
HIST 1617 253
HIST 1618 252
HIST 1619 238
HIST 1620 240
HIST 1621 238
HIST 1622 233
HIST 1623 243
HIST 1624 232
HIST 1625 262
HIST 1626 247
HIST 1627 238
HIST 1628 221
HIST 1629 242
HIST 1630 236
HIST 1631 251
HIST 1632 275
HIST 1633 229
HIST 1634 222
HIST 1635 263
HIST 1636 247
HIST 1637 266
HIST 1638 240
HIST 1639 246
HIST 1640 226
HIST 1641 236
HIST 1642 264
HIST 1643 237
HIST 1644 240
HIST 1645 256
HIST 1646 251
HIST 1647 251
HIST 1648 238
HIST 1649 241
HIST 1650 239
HIST 1651 216
HIST 1652 255
HIST 1653 259
HIST 1654 234
HIST 1655 247
HIST 1656 251
HIST 1657 250
HIST 1658 251
HIST 1659 244
HIST 1660 257
HIST 1661 217
HIST 1662 252
HIST 1663 251
HIST 1664 235
HIST 1665 230
HIST 1666 257
HIST 1667 228
HIST 1668 250
HIST 1669 248
HIST 1670 228
HIST 1671 261
HIST 1672 237
HIST 1673 227
HIST 1674 234
HIST 1675 228
HIST 1676 227
HIST 1677 247
HIST 1678 251
HIST 1679 238
HIST 1680 268
HIST 1681 254
HIST 1682 254
HIST 1683 227
HIST 1684 235
HIST 1685 252
HIST 1686 267
HIST 1687 262
HIST 1688 218
HIST 1689 258
HIST 1690 251
HIST 1691 232
HIST 1692 246
HIST 1693 249
HIST 1694 226
HIST 1695 244
HIST 1696 228
HIST 1697 255
HIST 1698 249
HIST 1699 215
HIST 1700 233
HIST 1701 212
HIST 1702 243
HIST 1703 218
HIST 1704 267
HIST 1705 246
HIST 1706 231
HIST 1707 249
HIST 1708 242
HIST 1709 212
HIST 1710 247
HIST 1711 234
HIST 1712 245
HIST 1713 250
HIST 1714 254
HIST 1715 225
HIST 1716 233
HIST 1717 227
HIST 1718 214
HIST 1719 248
HIST 1720 256
HIST 1721 224
HIST 1722 222
HIST 1723 254
HIST 1724 268
HIST 1725 239
HIST 1726 243
HIST 1727 228
HIST 1728 215
HIST 1729 235
HIST 1730 202
HIST 1731 234
HIST 1732 240
HIST 1733 228
HIST 1734 229
HIST 1735 254
HIST 1736 217
HIST 1737 256
HIST 1738 222
HIST 1739 237
HIST 1740 242
HIST 1741 242
HIST 1742 244
HIST 1743 219
HIST 1744 247
HIST 1745 249
HIST 1746 247
HIST 1747 225
HIST 1748 258
HIST 1749 220
HIST 1750 210
HIST 1751 253
HIST 1752 247
HIST 1753 227
HIST 1754 205
HIST 1755 235
HIST 1756 210
HIST 1757 222
HIST 1758 227
HIST 1759 241
HIST 1760 232
HIST 1761 248
HIST 1762 241
HIST 1763 248
HIST 1764 235
HIST 1765 264
HIST 1766 251
HIST 1767 258
HIST 1768 237
HIST 1769 253
HIST 1770 245
HIST 1771 256
HIST 1772 243
HIST 1773 282
HIST 1774 256
HIST 1775 231
HIST 1776 252
HIST 1777 262
HIST 1778 235
HIST 1779 263
HIST 1780 227
HIST 1781 261
HIST 1782 241
HIST 1783 239
HIST 1784 266
HIST 1785 216
HIST 1786 229
HIST 1787 259
HIST 1788 241
HIST 1789 246
HIST 1790 229
HIST 1791 208
HIST 1792 259
HIST 1793 251
HIST 1794 228
HIST 1795 253
HIST 1796 236
HIST 1797 249
HIST 1798 235
HIST 1799 233
HIST 1800 254
HIST 1801 230
HIST 1802 245
HIST 1803 222
HIST 1804 224
HIST 1805 229
HIST 1806 243
HIST 1807 253
HIST 1808 203
HIST 1809 236
HIST 1810 249
HIST 1811 252
HIST 1812 227
HIST 1813 214
HIST 1814 245
HIST 1815 238
HIST 1816 238
HIST 1817 223
HIST 1818 237
HIST 1819 254
HIST 1820 229
HIST 1821 262
HIST 1822 225
HIST 1823 213
HIST 1824 249
HIST 1825 200
HIST 1826 235
HIST 1827 260
HIST 1828 226
HIST 1829 212
HIST 1830 239
HIST 1831 267
HIST 1832 234
HIST 1833 221
HIST 1834 259
HIST 1835 247
HIST 1836 229
HIST 1837 236
HIST 1838 278
HIST 1839 231
HIST 1840 251
HIST 1841 248
HIST 1842 210
HIST 1843 231
HIST 1844 215
HIST 1845 232
HIST 1846 246
HIST 1847 254
HIST 1848 227
HIST 1849 247
HIST 1850 213
HIST 1851 235
HIST 1852 229
HIST 1853 227
HIST 1854 237
HIST 1855 238
HIST 1856 227
HIST 1857 232
HIST 1858 238
HIST 1859 265
HIST 1860 241
HIST 1861 237
HIST 1862 236
HIST 1863 247
HIST 1864 236
HIST 1865 229
HIST 1866 247
HIST 1867 213
HIST 1868 261
HIST 1869 219
HIST 1870 232
HIST 1871 252
HIST 1872 229
HIST 1873 238
HIST 1874 204
HIST 1875 222
HIST 1876 249
HIST 1877 217
HIST 1878 229
HIST 1879 204
HIST 1880 227
HIST 1881 220
HIST 1882 249
HIST 1883 234
HIST 1884 270
HIST 1885 235
HIST 1886 245
HIST 1887 254
HIST 1888 243
HIST 1889 225
HIST 1890 202
HIST 1891 259
HIST 1892 240
HIST 1893 233
HIST 1894 233
HIST 1895 235
HIST 1896 232
HIST 1897 234
HIST 1898 211
HIST 1899 228
HIST 1900 239
HIST 1901 233
HIST 1902 228
HIST 1903 255
HIST 1904 221
HIST 1905 279
HIST 1906 248
HIST 1907 226
HIST 1908 235
HIST 1909 217
HIST 1910 228
HIST 1911 254
HIST 1912 217
HIST 1913 258
HIST 1914 217
HIST 1915 234
HIST 1916 258
HIST 1917 220
HIST 1918 237
HIST 1919 236
HIST 1920 244
HIST 1921 233
HIST 1922 245
HIST 1923 219
HIST 1924 223
HIST 1925 257
HIST 1926 242
HIST 1927 238
HIST 1928 240
HIST 1929 239
HIST 1930 216
HIST 1931 226
HIST 1932 220
HIST 1933 237
HIST 1934 253
HIST 1935 244
HIST 1936 227
HIST 1937 203
HIST 1938 204
HIST 1939 234
HIST 1940 228
HIST 1941 207
HIST 1942 229
HIST 1943 205
HIST 1944 227
HIST 1945 204
HIST 1946 208
HIST 1947 199
HIST 1948 232
HIST 1949 219
HIST 1950 208
HIST 1951 217
HIST 1952 199
HIST 1953 240
HIST 1954 223
HIST 1955 225
HIST 1956 215
HIST 1957 232
HIST 1958 212
HIST 1959 219
HIST 1960 212
HIST 1961 201
HIST 1962 212
HIST 1963 224
HIST 1964 215
HIST 1965 236
HIST 1966 200
HIST 1967 225
HIST 1968 225
HIST 1969 243
HIST 1970 210
HIST 1971 228
HIST 1972 207
HIST 1973 205
HIST 1974 238
HIST 1975 223
HIST 1976 192
HIST 1977 210
HIST 1978 198
HIST 1979 229
HIST 1980 202
HIST 1981 203
HIST 1982 205
HIST 1983 213
HIST 1984 195
HIST 1985 202
HIST 1986 200
HIST 1987 200
HIST 1988 235
HIST 1989 234
HIST 1990 219
HIST 1991 208
HIST 1992 198
HIST 1993 230
HIST 1994 222
HIST 1995 210
HIST 1996 210
HIST 1997 209
HIST 1998 208
HIST 1999 213
HIST 2000 209
HIST 2001 235
HIST 2002 208
HIST 2003 213
HIST 2004 220
HIST 2005 219
HIST 2006 213
HIST 2007 198
HIST 2008 229
HIST 2009 235
HIST 2010 230
HIST 2011 227
HIST 2012 233
HIST 2013 185
HIST 2014 234
HIST 2015 229
HIST 2016 221
HIST 2017 177
HIST 2018 201
HIST 2019 242
HIST 2020 223
HIST 2021 210
HIST 2022 236
HIST 2023 245
HIST 2024 208
HIST 2025 210
HIST 2026 207
HIST 2027 240
HIST 2028 234
HIST 2029 216
HIST 2030 219
HIST 2031 218
HIST 2032 228
HIST 2033 210
HIST 2034 213
HIST 2035 209
HIST 2036 208
HIST 2037 211
HIST 2038 220
HIST 2039 219
HIST 2040 228
HIST 2041 249
HIST 2042 207
HIST 2043 218
HIST 2044 206
HIST 2045 219
HIST 2046 225
HIST 2047 209
HIST 2048 204
HIST 2049 221
HIST 2050 205
HIST 2051 218
HIST 2052 184
HIST 2053 238
HIST 2054 219
HIST 2055 207
HIST 2056 190
HIST 2057 220
HIST 2058 224
HIST 2059 204
HIST 2060 235
HIST 2061 229
HIST 2062 237
HIST 2063 195
HIST 2064 198
HIST 2065 204
HIST 2066 205
HIST 2067 207
HIST 2068 231
HIST 2069 211
HIST 2070 226
HIST 2071 203
HIST 2072 218
HIST 2073 293
HIST 2074 196
HIST 2075 225
HIST 2076 241
HIST 2077 203
HIST 2078 202
HIST 2079 217
HIST 2080 255
HIST 2081 226
HIST 2082 235
HIST 2083 231
HIST 2084 225
HIST 2085 217
HIST 2086 221
HIST 2087 217
HIST 2088 274
HIST 2089 231
HIST 2090 223
HIST 2091 203
HIST 2092 227
HIST 2093 243
HIST 2094 212
HIST 2095 242
HIST 2096 217
HIST 2097 209
HIST 2098 208
HIST 2099 246
HIST 2100 246
HIST 2101 220
HIST 2102 198
HIST 2103 223
HIST 2104 7211
HIST 2105 223
HIST 2106 233
HIST 2107 238
HIST 2108 239
HIST 2109 193
HIST 2110 202
HIST 2111 214
HIST 2112 212
HIST 2113 215
HIST 2114 212
HIST 2115 223
HIST 2116 256
HIST 2117 238
HIST 2118 221
HIST 2119 212
HIST 2120 208
HIST 2121 242
HIST 2122 219
HIST 2123 215
HIST 2124 206
HIST 2125 214
HIST 2126 199
HIST 2127 223
HIST 2128 246
HIST 2129 240
HIST 2130 223
HIST 2131 228
HIST 2132 220
HIST 2133 219
HIST 2134 240
HIST 2135 230
HIST 2136 221
HIST 2137 244
HIST 2138 216
HIST 2139 218
HIST 2140 229
HIST 2141 222
HIST 2142 233
HIST 2143 244
HIST 2144 207
HIST 2145 229
HIST 2146 224
HIST 2147 209
HIST 2148 252
HIST 2149 207
HIST 2150 255
HIST 2151 231
HIST 2152 221
HIST 2153 215
HIST 2154 255
HIST 2155 228
HIST 2156 248
HIST 2157 228
HIST 2158 243
HIST 2159 208
HIST 2160 223
HIST 2161 214
HIST 2162 237
HIST 2163 220
HIST 2164 199
HIST 2165 222
HIST 2166 235
HIST 2167 262
HIST 2168 223
HIST 2169 218
HIST 2170 244
HIST 2171 245
HIST 2172 229
HIST 2173 259
HIST 2174 236
HIST 2175 239
HIST 2176 242
HIST 2177 233
HIST 2178 240
HIST 2179 232
HIST 2180 263
HIST 2181 236
HIST 2182 226
HIST 2183 224
HIST 2184 210
HIST 2185 241
HIST 2186 224
HIST 2187 225
HIST 2188 241
HIST 2189 238
HIST 2190 229
HIST 2191 243
HIST 2192 231
HIST 2193 215
HIST 2194 232
HIST 2195 263
HIST 2196 243
HIST 2197 270
HIST 2198 242
HIST 2199 219
HIST 2200 230
HIST 2201 257
HIST 2202 229
HIST 2203 237
HIST 2204 212
HIST 2205 225
HIST 2206 227
HIST 2207 224
HIST 2208 222
HIST 2209 227
HIST 2210 255
HIST 2211 239
HIST 2212 230
HIST 2213 229
HIST 2214 238
HIST 2215 250
HIST 2216 216
HIST 2217 237
HIST 2218 230
HIST 2219 233
HIST 2220 248
HIST 2221 249
HIST 2222 254
HIST 2223 234
HIST 2224 225
HIST 2225 248
HIST 2226 226
HIST 2227 235
HIST 2228 239
HIST 2229 231
HIST 2230 221
HIST 2231 222
HIST 2232 255
HIST 2233 223
HIST 2234 251
HIST 2235 240
HIST 2236 218
HIST 2237 241
HIST 2238 236
HIST 2239 282
HIST 2240 256
HIST 2241 250
HIST 2242 257
HIST 2243 263
HIST 2244 245
HIST 2245 240
HIST 2246 233
HIST 2247 230
HIST 2248 258
HIST 2249 233
HIST 2250 261
HIST 2251 262
HIST 2252 230
HIST 2253 248
HIST 2254 252
HIST 2255 249
HIST 2256 249
HIST 2257 271
HIST 2258 235
HIST 2259 209
HIST 2260 235
HIST 2261 237
HIST 2262 262
HIST 2263 272
HIST 2264 212
HIST 2265 252
HIST 2266 234
HIST 2267 232
HIST 2268 263
HIST 2269 226
HIST 2270 266
HIST 2271 246
HIST 2272 246
HIST 2273 239
HIST 2274 254
HIST 2275 244
HIST 2276 266
HIST 2277 261
HIST 2278 255
HIST 2279 263
HIST 2280 262
HIST 2281 257
HIST 2282 276
HIST 2283 241
HIST 2284 246
HIST 2285 236
HIST 2286 240
HIST 2287 259
HIST 2288 256
HIST 2289 270
HIST 2290 283
HIST 2291 291
HIST 2292 270
HIST 2293 280
HIST 2294 295
HIST 2295 257
HIST 2296 258
HIST 2297 241
HIST 2298 255
HIST 2299 245
HIST 2300 276
HIST 2301 236
HIST 2302 268
HIST 2303 266
HIST 2304 260
HIST 2305 255
HIST 2306 261
HIST 2307 261
HIST 2308 264
HIST 2309 281
HIST 2310 293
HIST 2311 281
HIST 2312 311
HIST 2313 268
HIST 2314 253
HIST 2315 247
HIST 2316 272
HIST 2317 277
HIST 2318 278
HIST 2319 282
HIST 2320 256
HIST 2321 272
HIST 2322 254
HIST 2323 259
HIST 2324 309
HIST 2325 290
HIST 2326 261
HIST 2327 258
HIST 2328 292
HIST 2329 283
HIST 2330 251
HIST 2331 306
HIST 2332 305
HIST 2333 281
HIST 2334 263
HIST 2335 326
HIST 2336 288
HIST 2337 291
HIST 2338 296
HIST 2339 265
HIST 2340 261
HIST 2341 271
HIST 2342 300
HIST 2343 264
HIST 2344 268
HIST 2345 296
HIST 2346 290
HIST 2347 283
HIST 2348 306
HIST 2349 296
HIST 2350 279
HIST 2351 307
HIST 2352 278
HIST 2353 309
HIST 2354 275
HIST 2355 284
HIST 2356 297
HIST 2357 303
HIST 2358 282
HIST 2359 281
HIST 2360 291
HIST 2361 320
HIST 2362 253
HIST 2363 288
HIST 2364 269
HIST 2365 299
HIST 2366 290
HIST 2367 308
HIST 2368 273
HIST 2369 286
HIST 2370 335
HIST 2371 298
HIST 2372 299
HIST 2373 301
HIST 2374 285
HIST 2375 292
HIST 2376 287
HIST 2377 259
HIST 2378 248
HIST 2379 253
HIST 2380 263
HIST 2381 238
HIST 2382 222
HIST 2383 178
HIST 2384 166
HIST 2385 131
HIST 2386 135
HIST 2387 136
HIST 2388 123
HIST 2389 116
HIST 2390 107
HIST 2391 99
HIST 2392 102
HIST 2393 105
HIST 2394 103
HIST 2395 106
HIST 2396 96
HIST 2397 66
HIST 2398 77
HIST 2399 81
HIST 2400 79
HIST 2401 113
HIST 2402 82
HIST 2403 86
HIST 2404 77
HIST 2405 85
HIST 2406 74
HIST 2407 67
HIST 2408 66
HIST 2409 75
HIST 2410 67
HIST 2411 71
HIST 2412 70
HIST 2413 83
HIST 2414 61
HIST 2415 66
HIST 2416 72
HIST 2417 52
HIST 2418 58
HIST 2419 60
HIST 2420 70
HIST 2421 62
HIST 2422 54
HIST 2423 68
HIST 2424 67
HIST 2425 58
HIST 2426 71
HIST 2427 61
HIST 2428 59
HIST 2429 68
HIST 2430 62
HIST 2431 50
HIST 2432 64
HIST 2433 51
HIST 2434 59
HIST 2435 44
HIST 2436 55
HIST 2437 47
HIST 2438 49
HIST 2439 40
HIST 2440 57
HIST 2441 46
HIST 2442 42
HIST 2443 55
HIST 2444 39
HIST 2445 44
HIST 2446 49
HIST 2447 41
HIST 2448 52
HIST 2449 55
HIST 2450 44
HIST 2451 42
HIST 2452 44
HIST 2453 38
HIST 2454 52
HIST 2455 52
HIST 2456 44
HIST 2457 38
HIST 2458 42
HIST 2459 35
HIST 2460 47
HIST 2461 41
HIST 2462 42
HIST 2463 42
HIST 2464 33
HIST 2465 41
HIST 2466 43
HIST 2467 37
HIST 2468 32
HIST 2469 34
HIST 2470 33
HIST 2471 32
HIST 2472 31
HIST 2473 37
HIST 2474 22
HIST 2475 23
HIST 2476 35
HIST 2477 19
HIST 2478 36
HIST 2479 20
HIST 2480 31
HIST 2481 26
HIST 2482 25
HIST 2483 19
HIST 2484 23
HIST 2485 15
HIST 2486 16
HIST 2487 23
HIST 2488 24
HIST 2489 19
HIST 2490 20
HIST 2491 18
HIST 2492 23
HIST 2493 24
HIST 2494 20
HIST 2495 12
HIST 2496 26
HIST 2497 19
HIST 2498 16
HIST 2499 12
HIST 2500 15
HIST 2501 20
HIST 2502 14
HIST 2503 18
HIST 2504 12
HIST 2505 10
HIST 2506 22
HIST 2507 10
HIST 2508 11
HIST 2509 13
HIST 2510 11
HIST 2511 17
HIST 2512 16
HIST 2513 16
HIST 2514 15
HIST 2515 15
HIST 2516 9
HIST 2517 10
HIST 2518 16
HIST 2519 8
HIST 2520 5
HIST 2521 11
HIST 2522 7
HIST 2523 8
HIST 2524 12
HIST 2525 9
HIST 2526 3
HIST 2527 11
HIST 2528 13
HIST 2529 7
HIST 2530 7
HIST 2531 8
HIST 2532 6
HIST 2533 8
HIST 2534 9
HIST 2535 7
HIST 2536 7
HIST 2537 6
HIST 2538 8
HIST 2539 6
HIST 2540 5
HIST 2541 10
HIST 2542 4
HIST 2543 6
HIST 2544 4
HIST 2545 4
HIST 2546 6
HIST 2547 5
HIST 2548 5
HIST 2549 5
HIST 2550 10
HIST 2551 5
HIST 2552 7
HIST 2553 2
HIST 2554 6
HIST 2555 6
HIST 2556 3
HIST 2557 5
HIST 2558 9
HIST 2559 7
HIST 2560 5
HIST 2561 6
HIST 2562 2
HIST 2563 6
HIST 2564 3
HIST 2565 6
HIST 2566 8
HIST 2567 5
HIST 2568 5
HIST 2569 4
HIST 2570 2
HIST 2571 2
HIST 2572 6
HIST 2573 2
HIST 2574 2
HIST 2575 4
HIST 2576 2
HIST 2577 4
HIST 2579 9
HIST 2580 19
HIST 2581 11
HIST 2582 31
HIST 2583 4
HIST 2584 183
HIST 2585 3
HIST 2586 141
HIST 2587 5
HIST 2589 1
HIST 2590 2
HIST 2592 2
HIST 2593 5
HIST 2594 2
HIST 2595 3
HIST 2597 3
HIST 2598 2
HIST 2599 1
HIST 2600 5
HIST 2601 4
HIST 2602 1
HIST 2603 1
HIST 2604 3
HIST 2605 3
HIST 2606 3
HIST 2607 2
HIST 2608 3
HIST 2609 4
HIST 2612 3
HIST 2613 4
HIST 2614 3
HIST 2615 19985
HISTEND
ESCPOP decays=20000000 own_exit=100789 carry_exit=66817 own_return=16396 same=16189 other=207 noface=0 lineage_gamma_out=9397 lineage_lepton_out=14809 killed_gamma=0 killed_lepton=0 facemiss=0 lineage_inside=0
