SETUP correlatedGamma=0 twoJmax=10 vacuum=1 seed=0 killesc=0 killcarry=0 fullcarry=0 histbin=1.000 histbins=1462 iontag=0 escpop=1 killescown=0 killesccarry=1 killret=0 killretsame=0 killretother=0 killescbrem=0 killescdelta=0
CUTS (production thresholds per material couple):
 Material : G4_Galactic
 Range cuts        :  gamma  1 mm     e-  1 mm     e+  1 mm  proton 1 mm 
 Energy thresholds :  gamma  990 eV     e-  990 eV     e+  990 eV  proton 100 keV
 Material : scene_mat_3
 Range cuts        :  gamma  1 mm     e-  1 mm     e+  1 mm  proton 1 mm 
 Energy thresholds :  gamma  6.91691 keV    e-  597.603 keV    e+  574.29 keV proton 100 keV
 Material : scene_mat_1
 Range cuts        :  gamma  1 mm     e-  1 mm     e+  1 mm  proton 1 mm 
 Energy thresholds :  gamma  4.39533 keV    e-  541.252 keV    e+  522.087 keV proton 100 keV
 Material : scene_mat_0
 Range cuts        :  gamma  1 mm     e-  1 mm     e+  1 mm  proton 1 mm 
 Energy thresholds :  gamma  38.4662 keV    e-  692.485 keV    e+  658.149 keV proton 100 keV
RESULT decays=20000000
RESULT any=782212 eps_total=3.911060e-02
RESULT window=1460.820 counts=60510 eps=3.025500e-03
HISTBEGIN bins=1462 bin_kev=1.000000 decays=20000000
HIST 0 376
HIST 1 844
HIST 2 857
HIST 3 885
HIST 4 870
HIST 5 925
HIST 6 976
HIST 7 927
HIST 8 965
HIST 9 929
HIST 10 991
HIST 11 947
HIST 12 986
HIST 13 995
HIST 14 930
HIST 15 951
HIST 16 983
HIST 17 1012
HIST 18 966
HIST 19 929
HIST 20 892
HIST 21 942
HIST 22 978
HIST 23 971
HIST 24 925
HIST 25 991
HIST 26 947
HIST 27 902
HIST 28 901
HIST 29 917
HIST 30 864
HIST 31 931
HIST 32 917
HIST 33 875
HIST 34 934
HIST 35 876
HIST 36 902
HIST 37 815
HIST 38 905
HIST 39 887
HIST 40 838
HIST 41 842
HIST 42 800
HIST 43 836
HIST 44 852
HIST 45 805
HIST 46 820
HIST 47 817
HIST 48 853
HIST 49 840
HIST 50 853
HIST 51 828
HIST 52 804
HIST 53 794
HIST 54 797
HIST 55 796
HIST 56 796
HIST 57 760
HIST 58 791
HIST 59 806
HIST 60 774
HIST 61 791
HIST 62 768
HIST 63 761
HIST 64 785
HIST 65 756
HIST 66 766
HIST 67 753
HIST 68 768
HIST 69 819
HIST 70 804
HIST 71 776
HIST 72 795
HIST 73 743
HIST 74 758
HIST 75 788
HIST 76 727
HIST 77 734
HIST 78 725
HIST 79 703
HIST 80 778
HIST 81 711
HIST 82 725
HIST 83 729
HIST 84 707
HIST 85 744
HIST 86 782
HIST 87 738
HIST 88 672
HIST 89 688
HIST 90 708
HIST 91 755
HIST 92 708
HIST 93 753
HIST 94 753
HIST 95 699
HIST 96 710
HIST 97 776
HIST 98 675
HIST 99 721
HIST 100 667
HIST 101 698
HIST 102 710
HIST 103 710
HIST 104 650
HIST 105 663
HIST 106 707
HIST 107 650
HIST 108 689
HIST 109 707
HIST 110 676
HIST 111 704
HIST 112 684
HIST 113 680
HIST 114 716
HIST 115 634
HIST 116 678
HIST 117 675
HIST 118 690
HIST 119 664
HIST 120 716
HIST 121 704
HIST 122 712
HIST 123 667
HIST 124 664
HIST 125 662
HIST 126 663
HIST 127 685
HIST 128 659
HIST 129 690
HIST 130 699
HIST 131 677
HIST 132 653
HIST 133 670
HIST 134 660
HIST 135 667
HIST 136 683
HIST 137 702
HIST 138 682
HIST 139 626
HIST 140 665
HIST 141 642
HIST 142 681
HIST 143 645
HIST 144 682
HIST 145 659
HIST 146 611
HIST 147 623
HIST 148 636
HIST 149 623
HIST 150 678
HIST 151 680
HIST 152 708
HIST 153 675
HIST 154 637
HIST 155 699
HIST 156 628
HIST 157 629
HIST 158 629
HIST 159 660
HIST 160 629
HIST 161 633
HIST 162 620
HIST 163 667
HIST 164 669
HIST 165 703
HIST 166 653
HIST 167 655
HIST 168 587
HIST 169 624
HIST 170 644
HIST 171 598
HIST 172 671
HIST 173 641
HIST 174 677
HIST 175 663
HIST 176 602
HIST 177 609
HIST 178 666
HIST 179 638
HIST 180 631
HIST 181 622
HIST 182 614
HIST 183 647
HIST 184 599
HIST 185 612
HIST 186 609
HIST 187 595
HIST 188 654
HIST 189 616
HIST 190 638
HIST 191 613
HIST 192 610
HIST 193 600
HIST 194 629
HIST 195 665
HIST 196 623
HIST 197 606
HIST 198 594
HIST 199 621
HIST 200 631
HIST 201 574
HIST 202 658
HIST 203 622
HIST 204 588
HIST 205 609
HIST 206 599
HIST 207 616
HIST 208 622
HIST 209 618
HIST 210 630
HIST 211 592
HIST 212 632
HIST 213 654
HIST 214 601
HIST 215 589
HIST 216 619
HIST 217 660
HIST 218 741
HIST 219 687
HIST 220 743
HIST 221 741
HIST 222 745
HIST 223 791
HIST 224 797
HIST 225 768
HIST 226 809
HIST 227 746
HIST 228 724
HIST 229 761
HIST 230 741
HIST 231 741
HIST 232 725
HIST 233 738
HIST 234 784
HIST 235 774
HIST 236 756
HIST 237 761
HIST 238 736
HIST 239 784
HIST 240 741
HIST 241 757
HIST 242 720
HIST 243 748
HIST 244 684
HIST 245 759
HIST 246 744
HIST 247 704
HIST 248 712
HIST 249 677
HIST 250 721
HIST 251 717
HIST 252 738
HIST 253 686
HIST 254 704
HIST 255 662
HIST 256 750
HIST 257 670
HIST 258 739
HIST 259 697
HIST 260 708
HIST 261 689
HIST 262 738
HIST 263 686
HIST 264 700
HIST 265 730
HIST 266 682
HIST 267 702
HIST 268 686
HIST 269 623
HIST 270 663
HIST 271 643
HIST 272 657
HIST 273 642
HIST 274 674
HIST 275 641
HIST 276 683
HIST 277 640
HIST 278 651
HIST 279 646
HIST 280 673
HIST 281 652
HIST 282 661
HIST 283 669
HIST 284 697
HIST 285 618
HIST 286 617
HIST 287 585
HIST 288 651
HIST 289 659
HIST 290 637
HIST 291 649
HIST 292 629
HIST 293 628
HIST 294 646
HIST 295 625
HIST 296 631
HIST 297 598
HIST 298 629
HIST 299 602
HIST 300 626
HIST 301 584
HIST 302 595
HIST 303 631
HIST 304 587
HIST 305 579
HIST 306 618
HIST 307 600
HIST 308 608
HIST 309 611
HIST 310 600
HIST 311 624
HIST 312 575
HIST 313 601
HIST 314 575
HIST 315 619
HIST 316 631
HIST 317 606
HIST 318 585
HIST 319 573
HIST 320 622
HIST 321 587
HIST 322 587
HIST 323 589
HIST 324 554
HIST 325 575
HIST 326 580
HIST 327 601
HIST 328 579
HIST 329 581
HIST 330 530
HIST 331 597
HIST 332 616
HIST 333 562
HIST 334 570
HIST 335 583
HIST 336 582
HIST 337 545
HIST 338 579
HIST 339 591
HIST 340 534
HIST 341 563
HIST 342 590
HIST 343 541
HIST 344 566
HIST 345 567
HIST 346 560
HIST 347 560
HIST 348 579
HIST 349 559
HIST 350 530
HIST 351 566
HIST 352 577
HIST 353 569
HIST 354 554
HIST 355 543
HIST 356 523
HIST 357 582
HIST 358 590
HIST 359 575
HIST 360 528
HIST 361 562
HIST 362 534
HIST 363 561
HIST 364 595
HIST 365 517
HIST 366 562
HIST 367 532
HIST 368 541
HIST 369 552
HIST 370 547
HIST 371 560
HIST 372 532
HIST 373 514
HIST 374 546
HIST 375 527
HIST 376 563
HIST 377 553
HIST 378 534
HIST 379 553
HIST 380 536
HIST 381 556
HIST 382 536
HIST 383 540
HIST 384 553
HIST 385 552
HIST 386 540
HIST 387 508
HIST 388 542
HIST 389 506
HIST 390 522
HIST 391 499
HIST 392 542
HIST 393 543
HIST 394 528
HIST 395 538
HIST 396 569
HIST 397 535
HIST 398 535
HIST 399 544
HIST 400 568
HIST 401 509
HIST 402 536
HIST 403 532
HIST 404 542
HIST 405 483
HIST 406 507
HIST 407 544
HIST 408 492
HIST 409 512
HIST 410 548
HIST 411 476
HIST 412 527
HIST 413 559
HIST 414 517
HIST 415 529
HIST 416 514
HIST 417 523
HIST 418 499
HIST 419 513
HIST 420 497
HIST 421 493
HIST 422 473
HIST 423 531
HIST 424 542
HIST 425 494
HIST 426 511
HIST 427 537
HIST 428 463
HIST 429 535
HIST 430 505
HIST 431 469
HIST 432 538
HIST 433 498
HIST 434 537
HIST 435 485
HIST 436 473
HIST 437 502
HIST 438 512
HIST 439 8071
HIST 440 538
HIST 441 524
HIST 442 518
HIST 443 499
HIST 444 530
HIST 445 522
HIST 446 506
HIST 447 516
HIST 448 537
HIST 449 503
HIST 450 481
HIST 451 532
HIST 452 493
HIST 453 513
HIST 454 493
HIST 455 510
HIST 456 506
HIST 457 450
HIST 458 532
HIST 459 553
HIST 460 542
HIST 461 517
HIST 462 513
HIST 463 499
HIST 464 497
HIST 465 544
HIST 466 498
HIST 467 494
HIST 468 502
HIST 469 540
HIST 470 503
HIST 471 548
HIST 472 450
HIST 473 538
HIST 474 514
HIST 475 476
HIST 476 525
HIST 477 514
HIST 478 519
HIST 479 514
HIST 480 483
HIST 481 467
HIST 482 508
HIST 483 530
HIST 484 476
HIST 485 483
HIST 486 522
HIST 487 502
HIST 488 493
HIST 489 490
HIST 490 475
HIST 491 469
HIST 492 475
HIST 493 472
HIST 494 492
HIST 495 540
HIST 496 533
HIST 497 473
HIST 498 489
HIST 499 467
HIST 500 483
HIST 501 480
HIST 502 519
HIST 503 555
HIST 504 472
HIST 505 471
HIST 506 518
HIST 507 473
HIST 508 477
HIST 509 471
HIST 510 526
HIST 511 522
HIST 512 470
HIST 513 477
HIST 514 486
HIST 515 490
HIST 516 493
HIST 517 504
HIST 518 493
HIST 519 502
HIST 520 482
HIST 521 449
HIST 522 530
HIST 523 484
HIST 524 503
HIST 525 515
HIST 526 487
HIST 527 498
HIST 528 491
HIST 529 496
HIST 530 507
HIST 531 500
HIST 532 477
HIST 533 484
HIST 534 447
HIST 535 501
HIST 536 485
HIST 537 489
HIST 538 477
HIST 539 480
HIST 540 461
HIST 541 451
HIST 542 535
HIST 543 494
HIST 544 484
HIST 545 453
HIST 546 471
HIST 547 517
HIST 548 462
HIST 549 471
HIST 550 492
HIST 551 485
HIST 552 488
HIST 553 494
HIST 554 470
HIST 555 473
HIST 556 494
HIST 557 480
HIST 558 467
HIST 559 491
HIST 560 500
HIST 561 447
HIST 562 459
HIST 563 445
HIST 564 500
HIST 565 517
HIST 566 485
HIST 567 458
HIST 568 471
HIST 569 465
HIST 570 451
HIST 571 482
HIST 572 500
HIST 573 443
HIST 574 471
HIST 575 484
HIST 576 502
HIST 577 469
HIST 578 467
HIST 579 483
HIST 580 457
HIST 581 464
HIST 582 483
HIST 583 476
HIST 584 490
HIST 585 441
HIST 586 491
HIST 587 497
HIST 588 469
HIST 589 502
HIST 590 473
HIST 591 502
HIST 592 485
HIST 593 497
HIST 594 461
HIST 595 459
HIST 596 496
HIST 597 443
HIST 598 440
HIST 599 505
HIST 600 448
HIST 601 451
HIST 602 453
HIST 603 450
HIST 604 469
HIST 605 412
HIST 606 485
HIST 607 464
HIST 608 464
HIST 609 449
HIST 610 487
HIST 611 459
HIST 612 426
HIST 613 471
HIST 614 458
HIST 615 478
HIST 616 497
HIST 617 512
HIST 618 427
HIST 619 461
HIST 620 476
HIST 621 466
HIST 622 490
HIST 623 485
HIST 624 457
HIST 625 459
HIST 626 485
HIST 627 428
HIST 628 475
HIST 629 481
HIST 630 462
HIST 631 431
HIST 632 464
HIST 633 458
HIST 634 449
HIST 635 465
HIST 636 456
HIST 637 450
HIST 638 440
HIST 639 479
HIST 640 450
HIST 641 440
HIST 642 457
HIST 643 481
HIST 644 448
HIST 645 471
HIST 646 431
HIST 647 433
HIST 648 450
HIST 649 447
HIST 650 459
HIST 651 511
HIST 652 439
HIST 653 480
HIST 654 454
HIST 655 441
HIST 656 503
HIST 657 474
HIST 658 471
HIST 659 417
HIST 660 468
HIST 661 422
HIST 662 502
HIST 663 421
HIST 664 470
HIST 665 432
HIST 666 449
HIST 667 434
HIST 668 481
HIST 669 485
HIST 670 441
HIST 671 440
HIST 672 457
HIST 673 480
HIST 674 446
HIST 675 478
HIST 676 439
HIST 677 455
HIST 678 446
HIST 679 444
HIST 680 469
HIST 681 449
HIST 682 462
HIST 683 458
HIST 684 446
HIST 685 503
HIST 686 415
HIST 687 479
HIST 688 485
HIST 689 441
HIST 690 444
HIST 691 441
HIST 692 414
HIST 693 468
HIST 694 427
HIST 695 460
HIST 696 451
HIST 697 440
HIST 698 430
HIST 699 493
HIST 700 443
HIST 701 443
HIST 702 456
HIST 703 420
HIST 704 456
HIST 705 466
HIST 706 443
HIST 707 477
HIST 708 449
HIST 709 486
HIST 710 452
HIST 711 462
HIST 712 434
HIST 713 461
HIST 714 470
HIST 715 445
HIST 716 450
HIST 717 488
HIST 718 454
HIST 719 457
HIST 720 478
HIST 721 428
HIST 722 443
HIST 723 423
HIST 724 425
HIST 725 474
HIST 726 467
HIST 727 456
HIST 728 416
HIST 729 481
HIST 730 419
HIST 731 449
HIST 732 432
HIST 733 452
HIST 734 445
HIST 735 465
HIST 736 481
HIST 737 457
HIST 738 442
HIST 739 471
HIST 740 480
HIST 741 433
HIST 742 407
HIST 743 467
HIST 744 455
HIST 745 436
HIST 746 459
HIST 747 442
HIST 748 471
HIST 749 444
HIST 750 422
HIST 751 469
HIST 752 453
HIST 753 448
HIST 754 455
HIST 755 415
HIST 756 501
HIST 757 459
HIST 758 490
HIST 759 442
HIST 760 466
HIST 761 432
HIST 762 441
HIST 763 456
HIST 764 474
HIST 765 454
HIST 766 455
HIST 767 406
HIST 768 465
HIST 769 457
HIST 770 459
HIST 771 427
HIST 772 423
HIST 773 481
HIST 774 445
HIST 775 440
HIST 776 440
HIST 777 436
HIST 778 448
HIST 779 477
HIST 780 432
HIST 781 465
HIST 782 453
HIST 783 411
HIST 784 465
HIST 785 438
HIST 786 461
HIST 787 462
HIST 788 419
HIST 789 447
HIST 790 419
HIST 791 458
HIST 792 452
HIST 793 436
HIST 794 415
HIST 795 407
HIST 796 460
HIST 797 441
HIST 798 462
HIST 799 468
HIST 800 428
HIST 801 437
HIST 802 455
HIST 803 418
HIST 804 451
HIST 805 444
HIST 806 468
HIST 807 420
HIST 808 474
HIST 809 443
HIST 810 469
HIST 811 451
HIST 812 439
HIST 813 466
HIST 814 445
HIST 815 453
HIST 816 429
HIST 817 442
HIST 818 471
HIST 819 459
HIST 820 442
HIST 821 414
HIST 822 462
HIST 823 457
HIST 824 451
HIST 825 468
HIST 826 448
HIST 827 470
HIST 828 474
HIST 829 459
HIST 830 443
HIST 831 461
HIST 832 436
HIST 833 419
HIST 834 440
HIST 835 446
HIST 836 476
HIST 837 466
HIST 838 453
HIST 839 454
HIST 840 439
HIST 841 412
HIST 842 457
HIST 843 481
HIST 844 487
HIST 845 440
HIST 846 438
HIST 847 478
HIST 848 462
HIST 849 444
HIST 850 439
HIST 851 422
HIST 852 414
HIST 853 451
HIST 854 478
HIST 855 467
HIST 856 464
HIST 857 462
HIST 858 440
HIST 859 460
HIST 860 456
HIST 861 463
HIST 862 455
HIST 863 453
HIST 864 473
HIST 865 471
HIST 866 450
HIST 867 497
HIST 868 459
HIST 869 487
HIST 870 453
HIST 871 447
HIST 872 434
HIST 873 440
HIST 874 480
HIST 875 445
HIST 876 463
HIST 877 458
HIST 878 445
HIST 879 427
HIST 880 474
HIST 881 465
HIST 882 462
HIST 883 466
HIST 884 454
HIST 885 437
HIST 886 461
HIST 887 467
HIST 888 476
HIST 889 432
HIST 890 457
HIST 891 448
HIST 892 435
HIST 893 455
HIST 894 479
HIST 895 467
HIST 896 447
HIST 897 461
HIST 898 490
HIST 899 450
HIST 900 464
HIST 901 453
HIST 902 443
HIST 903 436
HIST 904 476
HIST 905 448
HIST 906 483
HIST 907 475
HIST 908 453
HIST 909 477
HIST 910 476
HIST 911 485
HIST 912 472
HIST 913 504
HIST 914 470
HIST 915 459
HIST 916 464
HIST 917 401
HIST 918 478
HIST 919 492
HIST 920 449
HIST 921 467
HIST 922 436
HIST 923 448
HIST 924 462
HIST 925 467
HIST 926 440
HIST 927 487
HIST 928 452
HIST 929 451
HIST 930 460
HIST 931 460
HIST 932 474
HIST 933 486
HIST 934 420
HIST 935 505
HIST 936 488
HIST 937 448
HIST 938 469
HIST 939 437
HIST 940 488
HIST 941 481
HIST 942 499
HIST 943 468
HIST 944 460
HIST 945 477
HIST 946 452
HIST 947 468
HIST 948 459
HIST 949 488
HIST 950 1545
HIST 951 472
HIST 952 447
HIST 953 467
HIST 954 472
HIST 955 476
HIST 956 489
HIST 957 474
HIST 958 478
HIST 959 455
HIST 960 463
HIST 961 487
HIST 962 432
HIST 963 462
HIST 964 463
HIST 965 436
HIST 966 459
HIST 967 452
HIST 968 515
HIST 969 475
HIST 970 496
HIST 971 463
HIST 972 495
HIST 973 498
HIST 974 490
HIST 975 496
HIST 976 461
HIST 977 461
HIST 978 488
HIST 979 476
HIST 980 489
HIST 981 483
HIST 982 482
HIST 983 421
HIST 984 467
HIST 985 458
HIST 986 436
HIST 987 534
HIST 988 496
HIST 989 478
HIST 990 502
HIST 991 484
HIST 992 472
HIST 993 475
HIST 994 448
HIST 995 506
HIST 996 513
HIST 997 489
HIST 998 514
HIST 999 480
HIST 1000 515
HIST 1001 450
HIST 1002 514
HIST 1003 540
HIST 1004 474
HIST 1005 504
HIST 1006 462
HIST 1007 497
HIST 1008 499
HIST 1009 510
HIST 1010 507
HIST 1011 491
HIST 1012 529
HIST 1013 478
HIST 1014 470
HIST 1015 482
HIST 1016 499
HIST 1017 479
HIST 1018 469
HIST 1019 507
HIST 1020 466
HIST 1021 492
HIST 1022 481
HIST 1023 498
HIST 1024 482
HIST 1025 487
HIST 1026 459
HIST 1027 498
HIST 1028 494
HIST 1029 507
HIST 1030 503
HIST 1031 508
HIST 1032 507
HIST 1033 495
HIST 1034 503
HIST 1035 473
HIST 1036 517
HIST 1037 511
HIST 1038 462
HIST 1039 499
HIST 1040 519
HIST 1041 508
HIST 1042 497
HIST 1043 505
HIST 1044 504
HIST 1045 503
HIST 1046 514
HIST 1047 543
HIST 1048 481
HIST 1049 498
HIST 1050 510
HIST 1051 568
HIST 1052 512
HIST 1053 507
HIST 1054 570
HIST 1055 519
HIST 1056 512
HIST 1057 537
HIST 1058 528
HIST 1059 501
HIST 1060 490
HIST 1061 505
HIST 1062 500
HIST 1063 463
HIST 1064 499
HIST 1065 571
HIST 1066 534
HIST 1067 500
HIST 1068 487
HIST 1069 522
HIST 1070 504
HIST 1071 506
HIST 1072 511
HIST 1073 538
HIST 1074 517
HIST 1075 537
HIST 1076 509
HIST 1077 536
HIST 1078 563
HIST 1079 540
HIST 1080 558
HIST 1081 524
HIST 1082 520
HIST 1083 560
HIST 1084 521
HIST 1085 560
HIST 1086 488
HIST 1087 529
HIST 1088 548
HIST 1089 562
HIST 1090 513
HIST 1091 524
HIST 1092 543
HIST 1093 576
HIST 1094 537
HIST 1095 519
HIST 1096 534
HIST 1097 538
HIST 1098 548
HIST 1099 603
HIST 1100 573
HIST 1101 559
HIST 1102 518
HIST 1103 528
HIST 1104 553
HIST 1105 545
HIST 1106 577
HIST 1107 511
HIST 1108 545
HIST 1109 538
HIST 1110 592
HIST 1111 544
HIST 1112 534
HIST 1113 568
HIST 1114 570
HIST 1115 584
HIST 1116 545
HIST 1117 567
HIST 1118 553
HIST 1119 537
HIST 1120 535
HIST 1121 563
HIST 1122 579
HIST 1123 579
HIST 1124 557
HIST 1125 586
HIST 1126 564
HIST 1127 591
HIST 1128 580
HIST 1129 586
HIST 1130 580
HIST 1131 581
HIST 1132 557
HIST 1133 544
HIST 1134 589
HIST 1135 588
HIST 1136 598
HIST 1137 601
HIST 1138 588
HIST 1139 626
HIST 1140 594
HIST 1141 612
HIST 1142 604
HIST 1143 607
HIST 1144 618
HIST 1145 597
HIST 1146 615
HIST 1147 567
HIST 1148 623
HIST 1149 588
HIST 1150 614
HIST 1151 609
HIST 1152 610
HIST 1153 596
HIST 1154 615
HIST 1155 631
HIST 1156 662
HIST 1157 631
HIST 1158 628
HIST 1159 581
HIST 1160 648
HIST 1161 626
HIST 1162 627
HIST 1163 619
HIST 1164 632
HIST 1165 619
HIST 1166 647
HIST 1167 581
HIST 1168 618
HIST 1169 583
HIST 1170 668
HIST 1171 635
HIST 1172 649
HIST 1173 604
HIST 1174 650
HIST 1175 677
HIST 1176 615
HIST 1177 642
HIST 1178 654
HIST 1179 615
HIST 1180 620
HIST 1181 576
HIST 1182 623
HIST 1183 624
HIST 1184 654
HIST 1185 707
HIST 1186 644
HIST 1187 645
HIST 1188 634
HIST 1189 636
HIST 1190 684
HIST 1191 634
HIST 1192 658
HIST 1193 656
HIST 1194 696
HIST 1195 620
HIST 1196 675
HIST 1197 669
HIST 1198 680
HIST 1199 701
HIST 1200 724
HIST 1201 679
HIST 1202 641
HIST 1203 718
HIST 1204 720
HIST 1205 741
HIST 1206 683
HIST 1207 695
HIST 1208 720
HIST 1209 718
HIST 1210 667
HIST 1211 713
HIST 1212 698
HIST 1213 679
HIST 1214 686
HIST 1215 690
HIST 1216 706
HIST 1217 660
HIST 1218 694
HIST 1219 750
HIST 1220 694
HIST 1221 700
HIST 1222 666
HIST 1223 734
HIST 1224 654
HIST 1225 701
HIST 1226 688
HIST 1227 737
HIST 1228 691
HIST 1229 706
HIST 1230 692
HIST 1231 676
HIST 1232 718
HIST 1233 707
HIST 1234 736
HIST 1235 722
HIST 1236 719
HIST 1237 667
HIST 1238 707
HIST 1239 636
HIST 1240 629
HIST 1241 609
HIST 1242 616
HIST 1243 551
HIST 1244 470
HIST 1245 377
HIST 1246 344
HIST 1247 324
HIST 1248 293
HIST 1249 282
HIST 1250 251
HIST 1251 230
HIST 1252 239
HIST 1253 247
HIST 1254 221
HIST 1255 194
HIST 1256 210
HIST 1257 196
HIST 1258 199
HIST 1259 227
HIST 1260 182
HIST 1261 165
HIST 1262 167
HIST 1263 161
HIST 1264 170
HIST 1265 179
HIST 1266 161
HIST 1267 175
HIST 1268 148
HIST 1269 163
HIST 1270 134
HIST 1271 141
HIST 1272 158
HIST 1273 141
HIST 1274 136
HIST 1275 157
HIST 1276 142
HIST 1277 115
HIST 1278 121
HIST 1279 132
HIST 1280 147
HIST 1281 122
HIST 1282 145
HIST 1283 120
HIST 1284 103
HIST 1285 128
HIST 1286 109
HIST 1287 120
HIST 1288 115
HIST 1289 100
HIST 1290 121
HIST 1291 102
HIST 1292 91
HIST 1293 105
HIST 1294 107
HIST 1295 105
HIST 1296 109
HIST 1297 114
HIST 1298 86
HIST 1299 109
HIST 1300 96
HIST 1301 102
HIST 1302 103
HIST 1303 102
HIST 1304 84
HIST 1305 71
HIST 1306 84
HIST 1307 86
HIST 1308 104
HIST 1309 87
HIST 1310 89
HIST 1311 88
HIST 1312 88
HIST 1313 86
HIST 1314 77
HIST 1315 75
HIST 1316 97
HIST 1317 65
HIST 1318 74
HIST 1319 69
HIST 1320 73
HIST 1321 71
HIST 1322 51
HIST 1323 72
HIST 1324 68
HIST 1325 46
HIST 1326 67
HIST 1327 70
HIST 1328 58
HIST 1329 55
HIST 1330 43
HIST 1331 71
HIST 1332 57
HIST 1333 44
HIST 1334 56
HIST 1335 42
HIST 1336 41
HIST 1337 43
HIST 1338 51
HIST 1339 52
HIST 1340 48
HIST 1341 40
HIST 1342 45
HIST 1343 28
HIST 1344 33
HIST 1345 41
HIST 1346 32
HIST 1347 43
HIST 1348 41
HIST 1349 47
HIST 1350 31
HIST 1351 26
HIST 1352 50
HIST 1353 47
HIST 1354 41
HIST 1355 39
HIST 1356 33
HIST 1357 36
HIST 1358 34
HIST 1359 33
HIST 1360 31
HIST 1361 22
HIST 1362 25
HIST 1363 38
HIST 1364 29
HIST 1365 35
HIST 1366 26
HIST 1367 31
HIST 1368 25
HIST 1369 28
HIST 1370 28
HIST 1371 21
HIST 1372 33
HIST 1373 23
HIST 1374 19
HIST 1375 33
HIST 1376 21
HIST 1377 19
HIST 1378 19
HIST 1379 23
HIST 1380 22
HIST 1381 18
HIST 1382 20
HIST 1383 23
HIST 1384 20
HIST 1385 17
HIST 1386 19
HIST 1387 21
HIST 1388 21
HIST 1389 15
HIST 1390 15
HIST 1391 20
HIST 1392 11
HIST 1393 14
HIST 1394 18
HIST 1395 15
HIST 1396 11
HIST 1397 12
HIST 1398 12
HIST 1399 12
HIST 1400 12
HIST 1401 18
HIST 1402 21
HIST 1403 10
HIST 1404 17
HIST 1405 14
HIST 1406 9
HIST 1407 10
HIST 1408 16
HIST 1409 18
HIST 1410 11
HIST 1411 6
HIST 1412 10
HIST 1413 9
HIST 1414 8
HIST 1415 8
HIST 1416 15
HIST 1417 11
HIST 1418 9
HIST 1419 10
HIST 1420 6
HIST 1421 8
HIST 1422 10
HIST 1423 3
HIST 1424 11
HIST 1425 11
HIST 1426 40
HIST 1427 7
HIST 1428 33
HIST 1429 114
HIST 1430 515
HIST 1431 8
HIST 1432 221
HIST 1433 138
HIST 1434 15
HIST 1435 6
HIST 1436 10
HIST 1437 5
HIST 1438 11
HIST 1439 6
HIST 1440 9
HIST 1441 3
HIST 1442 8
HIST 1443 6
HIST 1444 6
HIST 1445 2
HIST 1446 2
HIST 1447 3
HIST 1448 2
HIST 1449 1
HIST 1450 5
HIST 1451 4
HIST 1452 5
HIST 1453 9
HIST 1454 7
HIST 1455 4
HIST 1456 4
HIST 1457 12
HIST 1458 22
HIST 1459 13
HIST 1460 4
HIST 1461 60510
HISTEND
ESCPOP decays=20000000 own_exit=61121 carry_exit=43547 own_return=11444 same=11372 other=72 noface=0 lineage_gamma_out=2874 lineage_lepton_out=4607 killed_gamma=0 killed_lepton=0 facemiss=0 lineage_inside=0
