SETUP correlatedGamma=0 twoJmax=10 vacuum=1 seed=0 killesc=0 killcarry=0 fullcarry=0 histbin=1.000 histbins=2616 iontag=0 escpop=1 killescown=0 killesccarry=0 killret=0 killretsame=1 killretother=0 killescbrem=0 killescdelta=0
CUTS (production thresholds per material couple):
 Material : G4_Galactic
 Range cuts        :  gamma  1 mm     e-  1 mm     e+  1 mm  proton 1 mm 
 Energy thresholds :  gamma  990 eV     e-  990 eV     e+  990 eV  proton 100 keV
 Material : scene_mat_3
 Range cuts        :  gamma  1 mm     e-  1 mm     e+  1 mm  proton 1 mm 
 Energy thresholds :  gamma  6.91691 keV    e-  597.603 keV    e+  574.29 keV proton 100 keV
 Material : scene_mat_1
 Range cuts        :  gamma  1 mm     e-  1 mm     e+  1 mm  proton 1 mm 
 Energy thresholds :  gamma  4.39533 keV    e-  541.252 keV    e+  522.087 keV proton 100 keV
 Material : scene_mat_0
 Range cuts        :  gamma  1 mm     e-  1 mm     e+  1 mm  proton 1 mm 
 Energy thresholds :  gamma  38.4662 keV    e-  692.485 keV    e+  658.149 keV proton 100 keV
RESULT decays=20000000
RESULT any=705866 eps_total=3.529330e-02
RESULT window=2614.511 counts=19987 eps=9.993500e-04
HISTBEGIN bins=2616 bin_kev=1.000000 decays=20000000
HIST 0 205
HIST 1 466
HIST 2 474
HIST 3 495
HIST 4 459
HIST 5 476
HIST 6 546
HIST 7 606
HIST 8 517
HIST 9 527
HIST 10 515
HIST 11 554
HIST 12 566
HIST 13 536
HIST 14 571
HIST 15 561
HIST 16 544
HIST 17 540
HIST 18 553
HIST 19 541
HIST 20 516
HIST 21 535
HIST 22 574
HIST 23 551
HIST 24 546
HIST 25 565
HIST 26 567
HIST 27 586
HIST 28 526
HIST 29 533
HIST 30 529
HIST 31 547
HIST 32 478
HIST 33 538
HIST 34 515
HIST 35 556
HIST 36 532
HIST 37 521
HIST 38 474
HIST 39 511
HIST 40 505
HIST 41 514
HIST 42 511
HIST 43 515
HIST 44 513
HIST 45 496
HIST 46 503
HIST 47 523
HIST 48 511
HIST 49 511
HIST 50 459
HIST 51 465
HIST 52 488
HIST 53 482
HIST 54 472
HIST 55 489
HIST 56 489
HIST 57 503
HIST 58 481
HIST 59 492
HIST 60 430
HIST 61 462
HIST 62 469
HIST 63 426
HIST 64 456
HIST 65 430
HIST 66 460
HIST 67 477
HIST 68 450
HIST 69 442
HIST 70 508
HIST 71 472
HIST 72 471
HIST 73 442
HIST 74 477
HIST 75 447
HIST 76 460
HIST 77 431
HIST 78 460
HIST 79 462
HIST 80 457
HIST 81 455
HIST 82 427
HIST 83 445
HIST 84 440
HIST 85 422
HIST 86 443
HIST 87 467
HIST 88 421
HIST 89 441
HIST 90 461
HIST 91 448
HIST 92 407
HIST 93 442
HIST 94 436
HIST 95 428
HIST 96 474
HIST 97 440
HIST 98 378
HIST 99 415
HIST 100 447
HIST 101 408
HIST 102 429
HIST 103 397
HIST 104 418
HIST 105 411
HIST 106 394
HIST 107 381
HIST 108 418
HIST 109 403
HIST 110 433
HIST 111 406
HIST 112 465
HIST 113 428
HIST 114 421
HIST 115 392
HIST 116 421
HIST 117 413
HIST 118 392
HIST 119 413
HIST 120 414
HIST 121 430
HIST 122 396
HIST 123 411
HIST 124 418
HIST 125 419
HIST 126 412
HIST 127 413
HIST 128 412
HIST 129 399
HIST 130 393
HIST 131 396
HIST 132 397
HIST 133 388
HIST 134 388
HIST 135 396
HIST 136 416
HIST 137 384
HIST 138 381
HIST 139 410
HIST 140 399
HIST 141 376
HIST 142 355
HIST 143 383
HIST 144 379
HIST 145 391
HIST 146 427
HIST 147 418
HIST 148 410
HIST 149 418
HIST 150 386
HIST 151 426
HIST 152 395
HIST 153 368
HIST 154 401
HIST 155 409
HIST 156 440
HIST 157 372
HIST 158 402
HIST 159 388
HIST 160 384
HIST 161 343
HIST 162 404
HIST 163 359
HIST 164 425
HIST 165 411
HIST 166 390
HIST 167 348
HIST 168 358
HIST 169 382
HIST 170 377
HIST 171 399
HIST 172 379
HIST 173 369
HIST 174 361
HIST 175 383
HIST 176 357
HIST 177 375
HIST 178 387
HIST 179 366
HIST 180 382
HIST 181 339
HIST 182 375
HIST 183 347
HIST 184 360
HIST 185 353
HIST 186 357
HIST 187 387
HIST 188 343
HIST 189 377
HIST 190 362
HIST 191 370
HIST 192 369
HIST 193 369
HIST 194 360
HIST 195 340
HIST 196 362
HIST 197 338
HIST 198 334
HIST 199 400
HIST 200 360
HIST 201 367
HIST 202 353
HIST 203 382
HIST 204 369
HIST 205 320
HIST 206 393
HIST 207 376
HIST 208 358
HIST 209 366
HIST 210 379
HIST 211 343
HIST 212 371
HIST 213 388
HIST 214 344
HIST 215 360
HIST 216 356
HIST 217 342
HIST 218 347
HIST 219 333
HIST 220 379
HIST 221 355
HIST 222 372
HIST 223 362
HIST 224 360
HIST 225 317
HIST 226 364
HIST 227 341
HIST 228 324
HIST 229 358
HIST 230 386
HIST 231 323
HIST 232 382
HIST 233 369
HIST 234 382
HIST 235 386
HIST 236 419
HIST 237 422
HIST 238 412
HIST 239 397
HIST 240 396
HIST 241 410
HIST 242 427
HIST 243 383
HIST 244 413
HIST 245 403
HIST 246 418
HIST 247 459
HIST 248 410
HIST 249 449
HIST 250 412
HIST 251 416
HIST 252 435
HIST 253 387
HIST 254 382
HIST 255 432
HIST 256 435
HIST 257 406
HIST 258 409
HIST 259 429
HIST 260 409
HIST 261 383
HIST 262 418
HIST 263 422
HIST 264 412
HIST 265 381
HIST 266 362
HIST 267 395
HIST 268 400
HIST 269 390
HIST 270 424
HIST 271 395
HIST 272 383
HIST 273 366
HIST 274 400
HIST 275 402
HIST 276 397
HIST 277 364
HIST 278 396
HIST 279 388
HIST 280 386
HIST 281 391
HIST 282 376
HIST 283 395
HIST 284 368
HIST 285 372
HIST 286 400
HIST 287 388
HIST 288 368
HIST 289 377
HIST 290 405
HIST 291 364
HIST 292 364
HIST 293 361
HIST 294 370
HIST 295 408
HIST 296 358
HIST 297 382
HIST 298 350
HIST 299 374
HIST 300 360
HIST 301 347
HIST 302 353
HIST 303 369
HIST 304 332
HIST 305 329
HIST 306 378
HIST 307 358
HIST 308 364
HIST 309 358
HIST 310 359
HIST 311 334
HIST 312 341
HIST 313 359
HIST 314 363
HIST 315 383
HIST 316 358
HIST 317 373
HIST 318 350
HIST 319 348
HIST 320 369
HIST 321 329
HIST 322 336
HIST 323 339
HIST 324 370
HIST 325 326
HIST 326 342
HIST 327 358
HIST 328 379
HIST 329 346
HIST 330 328
HIST 331 353
HIST 332 349
HIST 333 332
HIST 334 323
HIST 335 354
HIST 336 329
HIST 337 358
HIST 338 359
HIST 339 318
HIST 340 338
HIST 341 338
HIST 342 361
HIST 343 335
HIST 344 328
HIST 345 328
HIST 346 307
HIST 347 343
HIST 348 324
HIST 349 329
HIST 350 323
HIST 351 308
HIST 352 296
HIST 353 323
HIST 354 336
HIST 355 373
HIST 356 311
HIST 357 291
HIST 358 333
HIST 359 311
HIST 360 319
HIST 361 324
HIST 362 312
HIST 363 336
HIST 364 308
HIST 365 289
HIST 366 326
HIST 367 333
HIST 368 304
HIST 369 346
HIST 370 314
HIST 371 318
HIST 372 299
HIST 373 300
HIST 374 325
HIST 375 315
HIST 376 307
HIST 377 347
HIST 378 306
HIST 379 314
HIST 380 308
HIST 381 325
HIST 382 321
HIST 383 297
HIST 384 296
HIST 385 308
HIST 386 316
HIST 387 312
HIST 388 304
HIST 389 311
HIST 390 298
HIST 391 342
HIST 392 291
HIST 393 337
HIST 394 307
HIST 395 299
HIST 396 314
HIST 397 318
HIST 398 292
HIST 399 299
HIST 400 298
HIST 401 290
HIST 402 322
HIST 403 336
HIST 404 317
HIST 405 287
HIST 406 287
HIST 407 344
HIST 408 307
HIST 409 299
HIST 410 315
HIST 411 308
HIST 412 282
HIST 413 305
HIST 414 274
HIST 415 291
HIST 416 305
HIST 417 307
HIST 418 308
HIST 419 283
HIST 420 288
HIST 421 304
HIST 422 299
HIST 423 306
HIST 424 291
HIST 425 296
HIST 426 297
HIST 427 294
HIST 428 290
HIST 429 296
HIST 430 298
HIST 431 339
HIST 432 289
HIST 433 287
HIST 434 272
HIST 435 305
HIST 436 293
HIST 437 284
HIST 438 292
HIST 439 308
HIST 440 296
HIST 441 305
HIST 442 293
HIST 443 300
HIST 444 296
HIST 445 294
HIST 446 304
HIST 447 304
HIST 448 279
HIST 449 302
HIST 450 277
HIST 451 314
HIST 452 285
HIST 453 310
HIST 454 305
HIST 455 286
HIST 456 305
HIST 457 290
HIST 458 324
HIST 459 288
HIST 460 303
HIST 461 282
HIST 462 301
HIST 463 268
HIST 464 316
HIST 465 306
HIST 466 255
HIST 467 284
HIST 468 289
HIST 469 239
HIST 470 298
HIST 471 273
HIST 472 287
HIST 473 252
HIST 474 310
HIST 475 314
HIST 476 302
HIST 477 252
HIST 478 294
HIST 479 275
HIST 480 280
HIST 481 284
HIST 482 328
HIST 483 264
HIST 484 275
HIST 485 270
HIST 486 273
HIST 487 280
HIST 488 254
HIST 489 291
HIST 490 280
HIST 491 302
HIST 492 266
HIST 493 282
HIST 494 262
HIST 495 288
HIST 496 303
HIST 497 287
HIST 498 306
HIST 499 267
HIST 500 237
HIST 501 275
HIST 502 292
HIST 503 266
HIST 504 269
HIST 505 276
HIST 506 254
HIST 507 293
HIST 508 258
HIST 509 306
HIST 510 279
HIST 511 778
HIST 512 276
HIST 513 265
HIST 514 292
HIST 515 279
HIST 516 280
HIST 517 256
HIST 518 282
HIST 519 278
HIST 520 291
HIST 521 285
HIST 522 294
HIST 523 257
HIST 524 290
HIST 525 258
HIST 526 288
HIST 527 278
HIST 528 269
HIST 529 306
HIST 530 254
HIST 531 282
HIST 532 286
HIST 533 255
HIST 534 278
HIST 535 263
HIST 536 256
HIST 537 280
HIST 538 260
HIST 539 264
HIST 540 288
HIST 541 243
HIST 542 261
HIST 543 282
HIST 544 245
HIST 545 280
HIST 546 278
HIST 547 299
HIST 548 283
HIST 549 242
HIST 550 267
HIST 551 247
HIST 552 272
HIST 553 286
HIST 554 286
HIST 555 278
HIST 556 261
HIST 557 287
HIST 558 271
HIST 559 278
HIST 560 260
HIST 561 300
HIST 562 281
HIST 563 244
HIST 564 274
HIST 565 280
HIST 566 283
HIST 567 262
HIST 568 251
HIST 569 271
HIST 570 253
HIST 571 280
HIST 572 268
HIST 573 285
HIST 574 278
HIST 575 245
HIST 576 257
HIST 577 247
HIST 578 265
HIST 579 279
HIST 580 276
HIST 581 268
HIST 582 274
HIST 583 255
HIST 584 270
HIST 585 253
HIST 586 264
HIST 587 263
HIST 588 262
HIST 589 272
HIST 590 256
HIST 591 275
HIST 592 255
HIST 593 285
HIST 594 293
HIST 595 259
HIST 596 263
HIST 597 286
HIST 598 277
HIST 599 274
HIST 600 238
HIST 601 283
HIST 602 286
HIST 603 245
HIST 604 263
HIST 605 257
HIST 606 225
HIST 607 267
HIST 608 239
HIST 609 247
HIST 610 249
HIST 611 249
HIST 612 252
HIST 613 260
HIST 614 222
HIST 615 226
HIST 616 270
HIST 617 282
HIST 618 257
HIST 619 267
HIST 620 291
HIST 621 264
HIST 622 271
HIST 623 283
HIST 624 264
HIST 625 253
HIST 626 264
HIST 627 276
HIST 628 221
HIST 629 238
HIST 630 280
HIST 631 244
HIST 632 221
HIST 633 224
HIST 634 238
HIST 635 256
HIST 636 259
HIST 637 270
HIST 638 272
HIST 639 257
HIST 640 284
HIST 641 255
HIST 642 236
HIST 643 255
HIST 644 252
HIST 645 264
HIST 646 283
HIST 647 245
HIST 648 255
HIST 649 250
HIST 650 270
HIST 651 266
HIST 652 277
HIST 653 269
HIST 654 274
HIST 655 260
HIST 656 256
HIST 657 251
HIST 658 231
HIST 659 225
HIST 660 249
HIST 661 253
HIST 662 260
HIST 663 267
HIST 664 257
HIST 665 242
HIST 666 256
HIST 667 255
HIST 668 246
HIST 669 242
HIST 670 233
HIST 671 249
HIST 672 257
HIST 673 254
HIST 674 244
HIST 675 270
HIST 676 276
HIST 677 246
HIST 678 246
HIST 679 260
HIST 680 254
HIST 681 263
HIST 682 273
HIST 683 256
HIST 684 268
HIST 685 244
HIST 686 247
HIST 687 262
HIST 688 250
HIST 689 270
HIST 690 247
HIST 691 257
HIST 692 229
HIST 693 236
HIST 694 249
HIST 695 237
HIST 696 272
HIST 697 246
HIST 698 254
HIST 699 236
HIST 700 252
HIST 701 258
HIST 702 238
HIST 703 263
HIST 704 253
HIST 705 270
HIST 706 238
HIST 707 242
HIST 708 252
HIST 709 280
HIST 710 238
HIST 711 240
HIST 712 269
HIST 713 247
HIST 714 240
HIST 715 234
HIST 716 224
HIST 717 256
HIST 718 231
HIST 719 246
HIST 720 260
HIST 721 246
HIST 722 269
HIST 723 229
HIST 724 222
HIST 725 243
HIST 726 261
HIST 727 265
HIST 728 211
HIST 729 257
HIST 730 248
HIST 731 235
HIST 732 276
HIST 733 231
HIST 734 254
HIST 735 224
HIST 736 266
HIST 737 261
HIST 738 227
HIST 739 260
HIST 740 254
HIST 741 262
HIST 742 243
HIST 743 226
HIST 744 244
HIST 745 259
HIST 746 217
HIST 747 270
HIST 748 261
HIST 749 234
HIST 750 254
HIST 751 250
HIST 752 255
HIST 753 210
HIST 754 225
HIST 755 226
HIST 756 255
HIST 757 248
HIST 758 218
HIST 759 263
HIST 760 238
HIST 761 231
HIST 762 232
HIST 763 267
HIST 764 255
HIST 765 266
HIST 766 239
HIST 767 229
HIST 768 244
HIST 769 250
HIST 770 234
HIST 771 235
HIST 772 222
HIST 773 236
HIST 774 256
HIST 775 269
HIST 776 265
HIST 777 265
HIST 778 251
HIST 779 247
HIST 780 223
HIST 781 233
HIST 782 220
HIST 783 249
HIST 784 256
HIST 785 248
HIST 786 221
HIST 787 238
HIST 788 235
HIST 789 240
HIST 790 250
HIST 791 221
HIST 792 233
HIST 793 215
HIST 794 257
HIST 795 250
HIST 796 241
HIST 797 232
HIST 798 237
HIST 799 237
HIST 800 241
HIST 801 232
HIST 802 247
HIST 803 241
HIST 804 234
HIST 805 259
HIST 806 259
HIST 807 239
HIST 808 274
HIST 809 266
HIST 810 238
HIST 811 234
HIST 812 246
HIST 813 228
HIST 814 241
HIST 815 238
HIST 816 231
HIST 817 225
HIST 818 239
HIST 819 247
HIST 820 229
HIST 821 244
HIST 822 243
HIST 823 241
HIST 824 243
HIST 825 260
HIST 826 241
HIST 827 231
HIST 828 219
HIST 829 260
HIST 830 261
HIST 831 241
HIST 832 231
HIST 833 228
HIST 834 227
HIST 835 234
HIST 836 191
HIST 837 248
HIST 838 251
HIST 839 247
HIST 840 200
HIST 841 223
HIST 842 228
HIST 843 238
HIST 844 243
HIST 845 237
HIST 846 246
HIST 847 221
HIST 848 241
HIST 849 209
HIST 850 200
HIST 851 270
HIST 852 208
HIST 853 232
HIST 854 209
HIST 855 235
HIST 856 228
HIST 857 236
HIST 858 220
HIST 859 231
HIST 860 221
HIST 861 242
HIST 862 232
HIST 863 230
HIST 864 237
HIST 865 263
HIST 866 243
HIST 867 252
HIST 868 282
HIST 869 249
HIST 870 239
HIST 871 242
HIST 872 238
HIST 873 199
HIST 874 255
HIST 875 225
HIST 876 251
HIST 877 260
HIST 878 210
HIST 879 248
HIST 880 244
HIST 881 237
HIST 882 232
HIST 883 233
HIST 884 232
HIST 885 220
HIST 886 253
HIST 887 228
HIST 888 230
HIST 889 227
HIST 890 237
HIST 891 225
HIST 892 235
HIST 893 228
HIST 894 222
HIST 895 231
HIST 896 231
HIST 897 232
HIST 898 206
HIST 899 215
HIST 900 244
HIST 901 253
HIST 902 222
HIST 903 238
HIST 904 241
HIST 905 226
HIST 906 224
HIST 907 233
HIST 908 206
HIST 909 223
HIST 910 220
HIST 911 240
HIST 912 249
HIST 913 235
HIST 914 255
HIST 915 237
HIST 916 257
HIST 917 246
HIST 918 225
HIST 919 221
HIST 920 229
HIST 921 223
HIST 922 223
HIST 923 244
HIST 924 223
HIST 925 218
HIST 926 234
HIST 927 214
HIST 928 211
HIST 929 218
HIST 930 227
HIST 931 216
HIST 932 238
HIST 933 220
HIST 934 232
HIST 935 232
HIST 936 193
HIST 937 220
HIST 938 230
HIST 939 216
HIST 940 214
HIST 941 226
HIST 942 221
HIST 943 237
HIST 944 216
HIST 945 222
HIST 946 222
HIST 947 232
HIST 948 242
HIST 949 190
HIST 950 232
HIST 951 259
HIST 952 246
HIST 953 219
HIST 954 227
HIST 955 222
HIST 956 232
HIST 957 244
HIST 958 201
HIST 959 215
HIST 960 212
HIST 961 245
HIST 962 236
HIST 963 236
HIST 964 228
HIST 965 220
HIST 966 245
HIST 967 228
HIST 968 224
HIST 969 226
HIST 970 225
HIST 971 202
HIST 972 235
HIST 973 235
HIST 974 214
HIST 975 234
HIST 976 213
HIST 977 218
HIST 978 233
HIST 979 226
HIST 980 254
HIST 981 237
HIST 982 238
HIST 983 212
HIST 984 193
HIST 985 197
HIST 986 221
HIST 987 225
HIST 988 213
HIST 989 210
HIST 990 221
HIST 991 231
HIST 992 218
HIST 993 218
HIST 994 231
HIST 995 243
HIST 996 248
HIST 997 227
HIST 998 231
HIST 999 244
HIST 1000 200
HIST 1001 203
HIST 1002 233
HIST 1003 222
HIST 1004 252
HIST 1005 224
HIST 1006 231
HIST 1007 208
HIST 1008 205
HIST 1009 221
HIST 1010 219
HIST 1011 220
HIST 1012 222
HIST 1013 214
HIST 1014 208
HIST 1015 230
HIST 1016 215
HIST 1017 232
HIST 1018 222
HIST 1019 203
HIST 1020 242
HIST 1021 244
HIST 1022 245
HIST 1023 220
HIST 1024 223
HIST 1025 212
HIST 1026 228
HIST 1027 226
HIST 1028 210
HIST 1029 187
HIST 1030 228
HIST 1031 245
HIST 1032 230
HIST 1033 196
HIST 1034 226
HIST 1035 224
HIST 1036 233
HIST 1037 208
HIST 1038 258
HIST 1039 199
HIST 1040 223
HIST 1041 215
HIST 1042 245
HIST 1043 220
HIST 1044 224
HIST 1045 196
HIST 1046 229
HIST 1047 209
HIST 1048 243
HIST 1049 214
HIST 1050 216
HIST 1051 224
HIST 1052 227
HIST 1053 231
HIST 1054 207
HIST 1055 241
HIST 1056 213
HIST 1057 228
HIST 1058 256
HIST 1059 224
HIST 1060 207
HIST 1061 230
HIST 1062 233
HIST 1063 239
HIST 1064 240
HIST 1065 229
HIST 1066 233
HIST 1067 207
HIST 1068 206
HIST 1069 249
HIST 1070 228
HIST 1071 202
HIST 1072 214
HIST 1073 210
HIST 1074 222
HIST 1075 247
HIST 1076 205
HIST 1077 215
HIST 1078 229
HIST 1079 223
HIST 1080 222
HIST 1081 237
HIST 1082 227
HIST 1083 235
HIST 1084 224
HIST 1085 217
HIST 1086 216
HIST 1087 220
HIST 1088 203
HIST 1089 181
HIST 1090 218
HIST 1091 211
HIST 1092 242
HIST 1093 218
HIST 1094 204
HIST 1095 202
HIST 1096 253
HIST 1097 217
HIST 1098 208
HIST 1099 245
HIST 1100 202
HIST 1101 231
HIST 1102 205
HIST 1103 221
HIST 1104 202
HIST 1105 221
HIST 1106 232
HIST 1107 219
HIST 1108 221
HIST 1109 238
HIST 1110 215
HIST 1111 180
HIST 1112 204
HIST 1113 203
HIST 1114 237
HIST 1115 228
HIST 1116 253
HIST 1117 198
HIST 1118 226
HIST 1119 224
HIST 1120 199
HIST 1121 242
HIST 1122 204
HIST 1123 204
HIST 1124 224
HIST 1125 213
HIST 1126 198
HIST 1127 236
HIST 1128 211
HIST 1129 229
HIST 1130 240
HIST 1131 225
HIST 1132 216
HIST 1133 243
HIST 1134 232
HIST 1135 214
HIST 1136 243
HIST 1137 228
HIST 1138 208
HIST 1139 222
HIST 1140 195
HIST 1141 211
HIST 1142 205
HIST 1143 193
HIST 1144 216
HIST 1145 243
HIST 1146 227
HIST 1147 216
HIST 1148 224
HIST 1149 233
HIST 1150 231
HIST 1151 199
HIST 1152 207
HIST 1153 225
HIST 1154 236
HIST 1155 208
HIST 1156 204
HIST 1157 189
HIST 1158 225
HIST 1159 217
HIST 1160 200
HIST 1161 229
HIST 1162 220
HIST 1163 204
HIST 1164 221
HIST 1165 212
HIST 1166 215
HIST 1167 250
HIST 1168 211
HIST 1169 206
HIST 1170 196
HIST 1171 208
HIST 1172 230
HIST 1173 238
HIST 1174 223
HIST 1175 204
HIST 1176 236
HIST 1177 224
HIST 1178 239
HIST 1179 243
HIST 1180 221
HIST 1181 197
HIST 1182 228
HIST 1183 196
HIST 1184 193
HIST 1185 227
HIST 1186 257
HIST 1187 221
HIST 1188 220
HIST 1189 242
HIST 1190 226
HIST 1191 205
HIST 1192 219
HIST 1193 213
HIST 1194 225
HIST 1195 233
HIST 1196 218
HIST 1197 217
HIST 1198 212
HIST 1199 229
HIST 1200 225
HIST 1201 234
HIST 1202 216
HIST 1203 194
HIST 1204 215
HIST 1205 206
HIST 1206 209
HIST 1207 193
HIST 1208 237
HIST 1209 215
HIST 1210 230
HIST 1211 233
HIST 1212 244
HIST 1213 219
HIST 1214 212
HIST 1215 222
HIST 1216 239
HIST 1217 226
HIST 1218 223
HIST 1219 195
HIST 1220 224
HIST 1221 210
HIST 1222 197
HIST 1223 217
HIST 1224 232
HIST 1225 220
HIST 1226 242
HIST 1227 227
HIST 1228 232
HIST 1229 209
HIST 1230 244
HIST 1231 238
HIST 1232 228
HIST 1233 243
HIST 1234 232
HIST 1235 235
HIST 1236 226
HIST 1237 210
HIST 1238 204
HIST 1239 205
HIST 1240 204
HIST 1241 182
HIST 1242 199
HIST 1243 217
HIST 1244 214
HIST 1245 201
HIST 1246 221
HIST 1247 202
HIST 1248 214
HIST 1249 226
HIST 1250 233
HIST 1251 195
HIST 1252 200
HIST 1253 212
HIST 1254 235
HIST 1255 212
HIST 1256 239
HIST 1257 215
HIST 1258 245
HIST 1259 202
HIST 1260 252
HIST 1261 228
HIST 1262 194
HIST 1263 214
HIST 1264 220
HIST 1265 223
HIST 1266 209
HIST 1267 217
HIST 1268 209
HIST 1269 212
HIST 1270 223
HIST 1271 227
HIST 1272 208
HIST 1273 199
HIST 1274 221
HIST 1275 200
HIST 1276 213
HIST 1277 221
HIST 1278 213
HIST 1279 231
HIST 1280 231
HIST 1281 242
HIST 1282 238
HIST 1283 240
HIST 1284 241
HIST 1285 211
HIST 1286 226
HIST 1287 215
HIST 1288 211
HIST 1289 218
HIST 1290 205
HIST 1291 215
HIST 1292 198
HIST 1293 228
HIST 1294 206
HIST 1295 235
HIST 1296 201
HIST 1297 221
HIST 1298 227
HIST 1299 230
HIST 1300 200
HIST 1301 209
HIST 1302 211
HIST 1303 219
HIST 1304 221
HIST 1305 213
HIST 1306 230
HIST 1307 236
HIST 1308 214
HIST 1309 215
HIST 1310 222
HIST 1311 210
HIST 1312 200
HIST 1313 204
HIST 1314 223
HIST 1315 209
HIST 1316 226
HIST 1317 214
HIST 1318 224
HIST 1319 253
HIST 1320 226
HIST 1321 202
HIST 1322 222
HIST 1323 235
HIST 1324 199
HIST 1325 244
HIST 1326 238
HIST 1327 219
HIST 1328 206
HIST 1329 212
HIST 1330 237
HIST 1331 236
HIST 1332 213
HIST 1333 232
HIST 1334 239
HIST 1335 219
HIST 1336 260
HIST 1337 209
HIST 1338 209
HIST 1339 209
HIST 1340 230
HIST 1341 200
HIST 1342 216
HIST 1343 197
HIST 1344 222
HIST 1345 221
HIST 1346 220
HIST 1347 229
HIST 1348 210
HIST 1349 226
HIST 1350 192
HIST 1351 229
HIST 1352 226
HIST 1353 226
HIST 1354 190
HIST 1355 210
HIST 1356 197
HIST 1357 216
HIST 1358 202
HIST 1359 222
HIST 1360 205
HIST 1361 228
HIST 1362 186
HIST 1363 218
HIST 1364 201
HIST 1365 219
HIST 1366 215
HIST 1367 234
HIST 1368 234
HIST 1369 181
HIST 1370 211
HIST 1371 225
HIST 1372 207
HIST 1373 250
HIST 1374 229
HIST 1375 227
HIST 1376 230
HIST 1377 200
HIST 1378 234
HIST 1379 205
HIST 1380 231
HIST 1381 209
HIST 1382 224
HIST 1383 238
HIST 1384 218
HIST 1385 203
HIST 1386 196
HIST 1387 204
HIST 1388 205
HIST 1389 216
HIST 1390 240
HIST 1391 213
HIST 1392 242
HIST 1393 228
HIST 1394 210
HIST 1395 198
HIST 1396 233
HIST 1397 227
HIST 1398 228
HIST 1399 211
HIST 1400 209
HIST 1401 193
HIST 1402 202
HIST 1403 231
HIST 1404 231
HIST 1405 213
HIST 1406 217
HIST 1407 233
HIST 1408 239
HIST 1409 211
HIST 1410 236
HIST 1411 226
HIST 1412 227
HIST 1413 256
HIST 1414 202
HIST 1415 244
HIST 1416 250
HIST 1417 240
HIST 1418 213
HIST 1419 187
HIST 1420 196
HIST 1421 219
HIST 1422 230
HIST 1423 232
HIST 1424 182
HIST 1425 230
HIST 1426 217
HIST 1427 186
HIST 1428 224
HIST 1429 227
HIST 1430 203
HIST 1431 222
HIST 1432 228
HIST 1433 239
HIST 1434 217
HIST 1435 223
HIST 1436 227
HIST 1437 253
HIST 1438 218
HIST 1439 201
HIST 1440 206
HIST 1441 253
HIST 1442 213
HIST 1443 210
HIST 1444 218
HIST 1445 222
HIST 1446 215
HIST 1447 215
HIST 1448 222
HIST 1449 240
HIST 1450 230
HIST 1451 216
HIST 1452 240
HIST 1453 197
HIST 1454 207
HIST 1455 216
HIST 1456 233
HIST 1457 220
HIST 1458 204
HIST 1459 219
HIST 1460 172
HIST 1461 219
HIST 1462 221
HIST 1463 217
HIST 1464 188
HIST 1465 224
HIST 1466 211
HIST 1467 184
HIST 1468 223
HIST 1469 192
HIST 1470 214
HIST 1471 219
HIST 1472 217
HIST 1473 209
HIST 1474 213
HIST 1475 199
HIST 1476 221
HIST 1477 211
HIST 1478 213
HIST 1479 238
HIST 1480 207
HIST 1481 230
HIST 1482 162
HIST 1483 215
HIST 1484 214
HIST 1485 217
HIST 1486 217
HIST 1487 208
HIST 1488 215
HIST 1489 210
HIST 1490 213
HIST 1491 214
HIST 1492 213
HIST 1493 243
HIST 1494 199
HIST 1495 217
HIST 1496 201
HIST 1497 201
HIST 1498 195
HIST 1499 197
HIST 1500 197
HIST 1501 218
HIST 1502 226
HIST 1503 194
HIST 1504 228
HIST 1505 224
HIST 1506 198
HIST 1507 206
HIST 1508 206
HIST 1509 204
HIST 1510 210
HIST 1511 217
HIST 1512 244
HIST 1513 213
HIST 1514 222
HIST 1515 200
HIST 1516 218
HIST 1517 199
HIST 1518 208
HIST 1519 187
HIST 1520 197
HIST 1521 214
HIST 1522 216
HIST 1523 210
HIST 1524 198
HIST 1525 216
HIST 1526 202
HIST 1527 210
HIST 1528 218
HIST 1529 209
HIST 1530 196
HIST 1531 218
HIST 1532 204
HIST 1533 240
HIST 1534 203
HIST 1535 209
HIST 1536 202
HIST 1537 203
HIST 1538 204
HIST 1539 219
HIST 1540 200
HIST 1541 200
HIST 1542 218
HIST 1543 205
HIST 1544 192
HIST 1545 201
HIST 1546 191
HIST 1547 198
HIST 1548 197
HIST 1549 245
HIST 1550 190
HIST 1551 201
HIST 1552 201
HIST 1553 213
HIST 1554 215
HIST 1555 208
HIST 1556 202
HIST 1557 194
HIST 1558 206
HIST 1559 176
HIST 1560 198
HIST 1561 187
HIST 1562 272
HIST 1563 218
HIST 1564 230
HIST 1565 209
HIST 1566 208
HIST 1567 189
HIST 1568 195
HIST 1569 223
HIST 1570 206
HIST 1571 209
HIST 1572 196
HIST 1573 186
HIST 1574 196
HIST 1575 191
HIST 1576 184
HIST 1577 177
HIST 1578 204
HIST 1579 217
HIST 1580 194
HIST 1581 212
HIST 1582 189
HIST 1583 190
HIST 1584 206
HIST 1585 175
HIST 1586 209
HIST 1587 203
HIST 1588 180
HIST 1589 204
HIST 1590 220
HIST 1591 218
HIST 1592 182
HIST 1593 43221
HIST 1594 221
HIST 1595 252
HIST 1596 244
HIST 1597 249
HIST 1598 242
HIST 1599 234
HIST 1600 248
HIST 1601 249
HIST 1602 253
HIST 1603 240
HIST 1604 234
HIST 1605 246
HIST 1606 255
HIST 1607 232
HIST 1608 257
HIST 1609 238
HIST 1610 228
HIST 1611 230
HIST 1612 256
HIST 1613 239
HIST 1614 235
HIST 1615 228
HIST 1616 245
HIST 1617 256
HIST 1618 245
HIST 1619 235
HIST 1620 237
HIST 1621 239
HIST 1622 236
HIST 1623 245
HIST 1624 230
HIST 1625 257
HIST 1626 240
HIST 1627 232
HIST 1628 222
HIST 1629 244
HIST 1630 238
HIST 1631 248
HIST 1632 272
HIST 1633 226
HIST 1634 221
HIST 1635 262
HIST 1636 247
HIST 1637 260
HIST 1638 239
HIST 1639 244
HIST 1640 228
HIST 1641 234
HIST 1642 260
HIST 1643 239
HIST 1644 242
HIST 1645 257
HIST 1646 250
HIST 1647 250
HIST 1648 238
HIST 1649 237
HIST 1650 238
HIST 1651 216
HIST 1652 251
HIST 1653 254
HIST 1654 228
HIST 1655 246
HIST 1656 250
HIST 1657 251
HIST 1658 249
HIST 1659 239
HIST 1660 256
HIST 1661 221
HIST 1662 244
HIST 1663 247
HIST 1664 235
HIST 1665 231
HIST 1666 256
HIST 1667 224
HIST 1668 248
HIST 1669 247
HIST 1670 224
HIST 1671 260
HIST 1672 232
HIST 1673 229
HIST 1674 233
HIST 1675 227
HIST 1676 223
HIST 1677 250
HIST 1678 248
HIST 1679 238
HIST 1680 267
HIST 1681 257
HIST 1682 257
HIST 1683 225
HIST 1684 233
HIST 1685 243
HIST 1686 262
HIST 1687 256
HIST 1688 217
HIST 1689 262
HIST 1690 249
HIST 1691 228
HIST 1692 239
HIST 1693 247
HIST 1694 227
HIST 1695 239
HIST 1696 225
HIST 1697 256
HIST 1698 247
HIST 1699 214
HIST 1700 233
HIST 1701 205
HIST 1702 240
HIST 1703 215
HIST 1704 267
HIST 1705 242
HIST 1706 227
HIST 1707 250
HIST 1708 242
HIST 1709 216
HIST 1710 243
HIST 1711 232
HIST 1712 238
HIST 1713 243
HIST 1714 244
HIST 1715 226
HIST 1716 235
HIST 1717 230
HIST 1718 212
HIST 1719 239
HIST 1720 257
HIST 1721 220
HIST 1722 223
HIST 1723 249
HIST 1724 269
HIST 1725 235
HIST 1726 241
HIST 1727 226
HIST 1728 216
HIST 1729 234
HIST 1730 200
HIST 1731 231
HIST 1732 238
HIST 1733 230
HIST 1734 228
HIST 1735 253
HIST 1736 217
HIST 1737 254
HIST 1738 220
HIST 1739 234
HIST 1740 242
HIST 1741 238
HIST 1742 244
HIST 1743 219
HIST 1744 246
HIST 1745 243
HIST 1746 246
HIST 1747 228
HIST 1748 256
HIST 1749 224
HIST 1750 208
HIST 1751 252
HIST 1752 247
HIST 1753 223
HIST 1754 197
HIST 1755 233
HIST 1756 209
HIST 1757 218
HIST 1758 227
HIST 1759 237
HIST 1760 229
HIST 1761 248
HIST 1762 232
HIST 1763 246
HIST 1764 232
HIST 1765 260
HIST 1766 253
HIST 1767 256
HIST 1768 236
HIST 1769 253
HIST 1770 243
HIST 1771 253
HIST 1772 243
HIST 1773 281
HIST 1774 253
HIST 1775 228
HIST 1776 251
HIST 1777 262
HIST 1778 236
HIST 1779 262
HIST 1780 224
HIST 1781 259
HIST 1782 240
HIST 1783 241
HIST 1784 268
HIST 1785 218
HIST 1786 234
HIST 1787 262
HIST 1788 241
HIST 1789 241
HIST 1790 225
HIST 1791 207
HIST 1792 259
HIST 1793 248
HIST 1794 226
HIST 1795 249
HIST 1796 232
HIST 1797 247
HIST 1798 235
HIST 1799 235
HIST 1800 253
HIST 1801 228
HIST 1802 247
HIST 1803 221
HIST 1804 224
HIST 1805 230
HIST 1806 238
HIST 1807 249
HIST 1808 206
HIST 1809 239
HIST 1810 245
HIST 1811 248
HIST 1812 228
HIST 1813 211
HIST 1814 245
HIST 1815 236
HIST 1816 236
HIST 1817 221
HIST 1818 235
HIST 1819 252
HIST 1820 227
HIST 1821 257
HIST 1822 223
HIST 1823 210
HIST 1824 251
HIST 1825 201
HIST 1826 231
HIST 1827 253
HIST 1828 224
HIST 1829 210
HIST 1830 241
HIST 1831 267
HIST 1832 231
HIST 1833 219
HIST 1834 254
HIST 1835 243
HIST 1836 225
HIST 1837 229
HIST 1838 273
HIST 1839 227
HIST 1840 250
HIST 1841 247
HIST 1842 212
HIST 1843 226
HIST 1844 215
HIST 1845 226
HIST 1846 244
HIST 1847 253
HIST 1848 226
HIST 1849 247
HIST 1850 212
HIST 1851 233
HIST 1852 228
HIST 1853 225
HIST 1854 240
HIST 1855 236
HIST 1856 226
HIST 1857 233
HIST 1858 237
HIST 1859 263
HIST 1860 240
HIST 1861 234
HIST 1862 235
HIST 1863 245
HIST 1864 236
HIST 1865 228
HIST 1866 246
HIST 1867 215
HIST 1868 259
HIST 1869 217
HIST 1870 235
HIST 1871 251
HIST 1872 230
HIST 1873 236
HIST 1874 209
HIST 1875 219
HIST 1876 249
HIST 1877 214
HIST 1878 227
HIST 1879 205
HIST 1880 229
HIST 1881 216
HIST 1882 248
HIST 1883 230
HIST 1884 269
HIST 1885 233
HIST 1886 238
HIST 1887 252
HIST 1888 243
HIST 1889 225
HIST 1890 203
HIST 1891 256
HIST 1892 237
HIST 1893 231
HIST 1894 232
HIST 1895 234
HIST 1896 232
HIST 1897 232
HIST 1898 210
HIST 1899 225
HIST 1900 236
HIST 1901 230
HIST 1902 225
HIST 1903 254
HIST 1904 221
HIST 1905 277
HIST 1906 248
HIST 1907 227
HIST 1908 240
HIST 1909 219
HIST 1910 224
HIST 1911 251
HIST 1912 215
HIST 1913 255
HIST 1914 216
HIST 1915 235
HIST 1916 258
HIST 1917 219
HIST 1918 237
HIST 1919 229
HIST 1920 243
HIST 1921 231
HIST 1922 240
HIST 1923 216
HIST 1924 220
HIST 1925 253
HIST 1926 241
HIST 1927 237
HIST 1928 239
HIST 1929 239
HIST 1930 218
HIST 1931 228
HIST 1932 217
HIST 1933 236
HIST 1934 254
HIST 1935 239
HIST 1936 226
HIST 1937 199
HIST 1938 202
HIST 1939 229
HIST 1940 225
HIST 1941 203
HIST 1942 234
HIST 1943 202
HIST 1944 227
HIST 1945 206
HIST 1946 206
HIST 1947 197
HIST 1948 231
HIST 1949 219
HIST 1950 209
HIST 1951 217
HIST 1952 198
HIST 1953 239
HIST 1954 220
HIST 1955 225
HIST 1956 212
HIST 1957 231
HIST 1958 212
HIST 1959 218
HIST 1960 215
HIST 1961 198
HIST 1962 212
HIST 1963 220
HIST 1964 214
HIST 1965 237
HIST 1966 198
HIST 1967 223
HIST 1968 226
HIST 1969 240
HIST 1970 206
HIST 1971 223
HIST 1972 208
HIST 1973 205
HIST 1974 237
HIST 1975 221
HIST 1976 193
HIST 1977 209
HIST 1978 197
HIST 1979 226
HIST 1980 202
HIST 1981 199
HIST 1982 202
HIST 1983 212
HIST 1984 191
HIST 1985 200
HIST 1986 199
HIST 1987 200
HIST 1988 233
HIST 1989 229
HIST 1990 217
HIST 1991 206
HIST 1992 196
HIST 1993 227
HIST 1994 220
HIST 1995 210
HIST 1996 207
HIST 1997 209
HIST 1998 209
HIST 1999 212
HIST 2000 207
HIST 2001 233
HIST 2002 210
HIST 2003 210
HIST 2004 221
HIST 2005 219
HIST 2006 213
HIST 2007 196
HIST 2008 228
HIST 2009 232
HIST 2010 227
HIST 2011 224
HIST 2012 232
HIST 2013 186
HIST 2014 233
HIST 2015 229
HIST 2016 219
HIST 2017 173
HIST 2018 199
HIST 2019 238
HIST 2020 220
HIST 2021 209
HIST 2022 235
HIST 2023 241
HIST 2024 209
HIST 2025 208
HIST 2026 207
HIST 2027 239
HIST 2028 231
HIST 2029 214
HIST 2030 216
HIST 2031 220
HIST 2032 225
HIST 2033 204
HIST 2034 212
HIST 2035 206
HIST 2036 206
HIST 2037 209
HIST 2038 217
HIST 2039 218
HIST 2040 228
HIST 2041 248
HIST 2042 205
HIST 2043 216
HIST 2044 205
HIST 2045 217
HIST 2046 221
HIST 2047 207
HIST 2048 200
HIST 2049 222
HIST 2050 202
HIST 2051 212
HIST 2052 184
HIST 2053 235
HIST 2054 215
HIST 2055 206
HIST 2056 186
HIST 2057 217
HIST 2058 223
HIST 2059 205
HIST 2060 227
HIST 2061 226
HIST 2062 232
HIST 2063 195
HIST 2064 197
HIST 2065 198
HIST 2066 206
HIST 2067 206
HIST 2068 225
HIST 2069 209
HIST 2070 225
HIST 2071 206
HIST 2072 219
HIST 2073 292
HIST 2074 196
HIST 2075 225
HIST 2076 240
HIST 2077 202
HIST 2078 199
HIST 2079 215
HIST 2080 255
HIST 2081 222
HIST 2082 232
HIST 2083 227
HIST 2084 225
HIST 2085 212
HIST 2086 218
HIST 2087 215
HIST 2088 273
HIST 2089 229
HIST 2090 221
HIST 2091 204
HIST 2092 226
HIST 2093 240
HIST 2094 212
HIST 2095 244
HIST 2096 216
HIST 2097 209
HIST 2098 211
HIST 2099 247
HIST 2100 241
HIST 2101 219
HIST 2102 196
HIST 2103 223
HIST 2104 7208
HIST 2105 219
HIST 2106 232
HIST 2107 235
HIST 2108 240
HIST 2109 192
HIST 2110 202
HIST 2111 214
HIST 2112 212
HIST 2113 216
HIST 2114 210
HIST 2115 220
HIST 2116 257
HIST 2117 235
HIST 2118 219
HIST 2119 212
HIST 2120 206
HIST 2121 241
HIST 2122 219
HIST 2123 213
HIST 2124 205
HIST 2125 213
HIST 2126 200
HIST 2127 221
HIST 2128 241
HIST 2129 240
HIST 2130 222
HIST 2131 227
HIST 2132 220
HIST 2133 220
HIST 2134 240
HIST 2135 229
HIST 2136 218
HIST 2137 244
HIST 2138 213
HIST 2139 219
HIST 2140 224
HIST 2141 220
HIST 2142 235
HIST 2143 243
HIST 2144 207
HIST 2145 225
HIST 2146 221
HIST 2147 208
HIST 2148 253
HIST 2149 207
HIST 2150 256
HIST 2151 229
HIST 2152 217
HIST 2153 215
HIST 2154 253
HIST 2155 226
HIST 2156 248
HIST 2157 230
HIST 2158 240
HIST 2159 203
HIST 2160 222
HIST 2161 209
HIST 2162 234
HIST 2163 219
HIST 2164 199
HIST 2165 222
HIST 2166 232
HIST 2167 261
HIST 2168 224
HIST 2169 216
HIST 2170 243
HIST 2171 246
HIST 2172 230
HIST 2173 258
HIST 2174 237
HIST 2175 238
HIST 2176 242
HIST 2177 231
HIST 2178 239
HIST 2179 231
HIST 2180 260
HIST 2181 234
HIST 2182 224
HIST 2183 222
HIST 2184 209
HIST 2185 241
HIST 2186 225
HIST 2187 224
HIST 2188 239
HIST 2189 236
HIST 2190 229
HIST 2191 243
HIST 2192 228
HIST 2193 218
HIST 2194 232
HIST 2195 262
HIST 2196 242
HIST 2197 269
HIST 2198 241
HIST 2199 218
HIST 2200 231
HIST 2201 254
HIST 2202 230
HIST 2203 232
HIST 2204 212
HIST 2205 223
HIST 2206 223
HIST 2207 223
HIST 2208 221
HIST 2209 225
HIST 2210 254
HIST 2211 237
HIST 2212 230
HIST 2213 227
HIST 2214 238
HIST 2215 249
HIST 2216 210
HIST 2217 237
HIST 2218 228
HIST 2219 235
HIST 2220 249
HIST 2221 250
HIST 2222 252
HIST 2223 232
HIST 2224 225
HIST 2225 248
HIST 2226 226
HIST 2227 235
HIST 2228 236
HIST 2229 230
HIST 2230 221
HIST 2231 223
HIST 2232 255
HIST 2233 220
HIST 2234 248
HIST 2235 238
HIST 2236 216
HIST 2237 239
HIST 2238 236
HIST 2239 282
HIST 2240 257
HIST 2241 247
HIST 2242 256
HIST 2243 261
HIST 2244 245
HIST 2245 240
HIST 2246 233
HIST 2247 231
HIST 2248 255
HIST 2249 232
HIST 2250 259
HIST 2251 262
HIST 2252 228
HIST 2253 248
HIST 2254 248
HIST 2255 249
HIST 2256 250
HIST 2257 271
HIST 2258 235
HIST 2259 209
HIST 2260 235
HIST 2261 235
HIST 2262 263
HIST 2263 272
HIST 2264 209
HIST 2265 249
HIST 2266 232
HIST 2267 232
HIST 2268 257
HIST 2269 225
HIST 2270 266
HIST 2271 244
HIST 2272 246
HIST 2273 238
HIST 2274 254
HIST 2275 242
HIST 2276 267
HIST 2277 261
HIST 2278 255
HIST 2279 263
HIST 2280 258
HIST 2281 258
HIST 2282 277
HIST 2283 241
HIST 2284 245
HIST 2285 236
HIST 2286 240
HIST 2287 258
HIST 2288 257
HIST 2289 271
HIST 2290 283
HIST 2291 293
HIST 2292 267
HIST 2293 279
HIST 2294 295
HIST 2295 255
HIST 2296 259
HIST 2297 238
HIST 2298 253
HIST 2299 245
HIST 2300 275
HIST 2301 234
HIST 2302 268
HIST 2303 267
HIST 2304 260
HIST 2305 254
HIST 2306 261
HIST 2307 261
HIST 2308 263
HIST 2309 279
HIST 2310 288
HIST 2311 281
HIST 2312 313
HIST 2313 263
HIST 2314 252
HIST 2315 246
HIST 2316 272
HIST 2317 279
HIST 2318 277
HIST 2319 282
HIST 2320 255
HIST 2321 272
HIST 2322 254
HIST 2323 259
HIST 2324 308
HIST 2325 289
HIST 2326 261
HIST 2327 257
HIST 2328 292
HIST 2329 283
HIST 2330 251
HIST 2331 307
HIST 2332 302
HIST 2333 280
HIST 2334 263
HIST 2335 324
HIST 2336 287
HIST 2337 291
HIST 2338 295
HIST 2339 262
HIST 2340 260
HIST 2341 270
HIST 2342 299
HIST 2343 261
HIST 2344 268
HIST 2345 296
HIST 2346 288
HIST 2347 280
HIST 2348 306
HIST 2349 295
HIST 2350 277
HIST 2351 307
HIST 2352 278
HIST 2353 308
HIST 2354 275
HIST 2355 283
HIST 2356 293
HIST 2357 301
HIST 2358 283
HIST 2359 282
HIST 2360 291
HIST 2361 318
HIST 2362 253
HIST 2363 288
HIST 2364 270
HIST 2365 298
HIST 2366 290
HIST 2367 308
HIST 2368 273
HIST 2369 285
HIST 2370 333
HIST 2371 297
HIST 2372 297
HIST 2373 302
HIST 2374 283
HIST 2375 288
HIST 2376 288
HIST 2377 259
HIST 2378 247
HIST 2379 252
HIST 2380 262
HIST 2381 237
HIST 2382 221
HIST 2383 177
HIST 2384 165
HIST 2385 131
HIST 2386 137
HIST 2387 137
HIST 2388 124
HIST 2389 116
HIST 2390 108
HIST 2391 99
HIST 2392 101
HIST 2393 106
HIST 2394 103
HIST 2395 106
HIST 2396 95
HIST 2397 66
HIST 2398 76
HIST 2399 80
HIST 2400 78
HIST 2401 113
HIST 2402 84
HIST 2403 86
HIST 2404 78
HIST 2405 84
HIST 2406 73
HIST 2407 67
HIST 2408 64
HIST 2409 75
HIST 2410 66
HIST 2411 71
HIST 2412 70
HIST 2413 84
HIST 2414 61
HIST 2415 65
HIST 2416 71
HIST 2417 51
HIST 2418 56
HIST 2419 59
HIST 2420 70
HIST 2421 61
HIST 2422 54
HIST 2423 68
HIST 2424 67
HIST 2425 57
HIST 2426 71
HIST 2427 61
HIST 2428 58
HIST 2429 67
HIST 2430 62
HIST 2431 50
HIST 2432 64
HIST 2433 52
HIST 2434 60
HIST 2435 44
HIST 2436 56
HIST 2437 48
HIST 2438 48
HIST 2439 41
HIST 2440 57
HIST 2441 45
HIST 2442 42
HIST 2443 55
HIST 2444 39
HIST 2445 43
HIST 2446 48
HIST 2447 40
HIST 2448 51
HIST 2449 54
HIST 2450 45
HIST 2451 40
HIST 2452 44
HIST 2453 38
HIST 2454 51
HIST 2455 52
HIST 2456 44
HIST 2457 36
HIST 2458 41
HIST 2459 33
HIST 2460 48
HIST 2461 41
HIST 2462 39
HIST 2463 43
HIST 2464 33
HIST 2465 40
HIST 2466 43
HIST 2467 37
HIST 2468 31
HIST 2469 34
HIST 2470 31
HIST 2471 32
HIST 2472 30
HIST 2473 35
HIST 2474 21
HIST 2475 23
HIST 2476 33
HIST 2477 20
HIST 2478 33
HIST 2479 21
HIST 2480 29
HIST 2481 26
HIST 2482 25
HIST 2483 19
HIST 2484 22
HIST 2485 15
HIST 2486 15
HIST 2487 23
HIST 2488 24
HIST 2489 17
HIST 2490 20
HIST 2491 19
HIST 2492 20
HIST 2493 22
HIST 2494 20
HIST 2495 12
HIST 2496 24
HIST 2497 19
HIST 2498 15
HIST 2499 12
HIST 2500 16
HIST 2501 20
HIST 2502 14
HIST 2503 17
HIST 2504 12
HIST 2505 10
HIST 2506 22
HIST 2507 10
HIST 2508 10
HIST 2509 13
HIST 2510 11
HIST 2511 16
HIST 2512 16
HIST 2513 16
HIST 2514 15
HIST 2515 16
HIST 2516 9
HIST 2517 11
HIST 2518 15
HIST 2519 8
HIST 2520 4
HIST 2521 10
HIST 2522 8
HIST 2523 8
HIST 2524 11
HIST 2525 9
HIST 2526 3
HIST 2527 9
HIST 2528 11
HIST 2529 5
HIST 2530 6
HIST 2531 6
HIST 2532 5
HIST 2533 6
HIST 2534 9
HIST 2535 6
HIST 2536 7
HIST 2537 4
HIST 2538 8
HIST 2539 5
HIST 2540 3
HIST 2541 10
HIST 2542 4
HIST 2543 7
HIST 2544 3
HIST 2545 4
HIST 2546 6
HIST 2547 5
HIST 2548 6
HIST 2549 4
HIST 2550 10
HIST 2551 6
HIST 2552 7
HIST 2553 1
HIST 2554 6
HIST 2555 6
HIST 2556 2
HIST 2557 5
HIST 2558 9
HIST 2559 6
HIST 2560 5
HIST 2561 6
HIST 2562 2
HIST 2563 5
HIST 2564 2
HIST 2565 5
HIST 2566 8
HIST 2567 5
HIST 2568 4
HIST 2569 4
HIST 2570 2
HIST 2571 2
HIST 2572 6
HIST 2573 2
HIST 2574 1
HIST 2575 4
HIST 2576 2
HIST 2577 3
HIST 2579 8
HIST 2580 19
HIST 2581 11
HIST 2582 30
HIST 2583 3
HIST 2584 180
HIST 2585 3
HIST 2586 140
HIST 2587 4
HIST 2590 2
HIST 2592 1
HIST 2593 4
HIST 2594 2
HIST 2595 2
HIST 2597 3
HIST 2598 2
HIST 2600 5
HIST 2601 4
HIST 2602 1
HIST 2604 3
HIST 2605 3
HIST 2606 2
HIST 2607 2
HIST 2608 3
HIST 2609 4
HIST 2612 3
HIST 2613 4
HIST 2614 2
HIST 2615 19985
HISTEND
ESCPOP decays=20000000 own_exit=91444 carry_exit=76378 own_return=14003 same=13803 other=200 noface=0 lineage_gamma_out=9106 lineage_lepton_out=14351 killed_gamma=0 killed_lepton=0 facemiss=0 lineage_inside=0
