SETUP correlatedGamma=0 twoJmax=10 vacuum=1 seed=0 killesc=0 killcarry=1 fullcarry=0 histbin=1.000 histbins=1462 iontag=0 escpop=1 killescown=1 killesccarry=0 killret=0 killretsame=0 killretother=0 killescbrem=0 killescdelta=0 killoutbrem=0
CUTS (production thresholds per material couple):
 Material : G4_Galactic
 Range cuts        :  gamma  1 mm     e-  1 mm     e+  1 mm  proton 1 mm 
 Energy thresholds :  gamma  990 eV     e-  990 eV     e+  990 eV  proton 100 keV
 Material : scene_mat_3
 Range cuts        :  gamma  1 mm     e-  1 mm     e+  1 mm  proton 1 mm 
 Energy thresholds :  gamma  6.91691 keV    e-  597.603 keV    e+  574.29 keV proton 100 keV
 Material : scene_mat_1
 Range cuts        :  gamma  1 mm     e-  1 mm     e+  1 mm  proton 1 mm 
 Energy thresholds :  gamma  4.39533 keV    e-  541.252 keV    e+  522.087 keV proton 100 keV
 Material : scene_mat_0
 Range cuts        :  gamma  1 mm     e-  1 mm     e+  1 mm  proton 1 mm 
 Energy thresholds :  gamma  38.4662 keV    e-  692.485 keV    e+  658.149 keV proton 100 keV
RESULT decays=20000000
RESULT any=706938 eps_total=3.534690e-02
RESULT window=1460.820 counts=60507 eps=3.025350e-03
HISTBEGIN bins=1462 bin_kev=1.000000 decays=20000000
HIST 0 172
HIST 1 533
HIST 2 569
HIST 3 549
HIST 4 570
HIST 5 664
HIST 6 712
HIST 7 709
HIST 8 729
HIST 9 691
HIST 10 720
HIST 11 711
HIST 12 751
HIST 13 791
HIST 14 690
HIST 15 743
HIST 16 748
HIST 17 761
HIST 18 730
HIST 19 718
HIST 20 685
HIST 21 747
HIST 22 751
HIST 23 744
HIST 24 710
HIST 25 765
HIST 26 768
HIST 27 719
HIST 28 701
HIST 29 718
HIST 30 726
HIST 31 718
HIST 32 701
HIST 33 707
HIST 34 735
HIST 35 698
HIST 36 718
HIST 37 632
HIST 38 737
HIST 39 735
HIST 40 644
HIST 41 700
HIST 42 628
HIST 43 647
HIST 44 685
HIST 45 611
HIST 46 642
HIST 47 669
HIST 48 653
HIST 49 701
HIST 50 684
HIST 51 661
HIST 52 631
HIST 53 633
HIST 54 655
HIST 55 621
HIST 56 646
HIST 57 609
HIST 58 630
HIST 59 673
HIST 60 618
HIST 61 636
HIST 62 609
HIST 63 626
HIST 64 654
HIST 65 647
HIST 66 617
HIST 67 626
HIST 68 621
HIST 69 662
HIST 70 663
HIST 71 632
HIST 72 650
HIST 73 601
HIST 74 624
HIST 75 652
HIST 76 613
HIST 77 607
HIST 78 610
HIST 79 560
HIST 80 645
HIST 81 600
HIST 82 612
HIST 83 622
HIST 84 576
HIST 85 617
HIST 86 645
HIST 87 631
HIST 88 561
HIST 89 557
HIST 90 565
HIST 91 632
HIST 92 598
HIST 93 623
HIST 94 619
HIST 95 573
HIST 96 593
HIST 97 656
HIST 98 570
HIST 99 609
HIST 100 561
HIST 101 585
HIST 102 612
HIST 103 574
HIST 104 542
HIST 105 563
HIST 106 592
HIST 107 559
HIST 108 577
HIST 109 603
HIST 110 574
HIST 111 595
HIST 112 587
HIST 113 576
HIST 114 601
HIST 115 530
HIST 116 561
HIST 117 566
HIST 118 590
HIST 119 586
HIST 120 604
HIST 121 591
HIST 122 610
HIST 123 585
HIST 124 562
HIST 125 580
HIST 126 570
HIST 127 601
HIST 128 551
HIST 129 602
HIST 130 603
HIST 131 613
HIST 132 543
HIST 133 577
HIST 134 578
HIST 135 579
HIST 136 598
HIST 137 607
HIST 138 607
HIST 139 561
HIST 140 579
HIST 141 573
HIST 142 572
HIST 143 556
HIST 144 584
HIST 145 569
HIST 146 547
HIST 147 546
HIST 148 558
HIST 149 540
HIST 150 603
HIST 151 594
HIST 152 611
HIST 153 555
HIST 154 554
HIST 155 635
HIST 156 560
HIST 157 556
HIST 158 558
HIST 159 573
HIST 160 540
HIST 161 542
HIST 162 530
HIST 163 562
HIST 164 588
HIST 165 588
HIST 166 572
HIST 167 582
HIST 168 508
HIST 169 557
HIST 170 551
HIST 171 532
HIST 172 573
HIST 173 550
HIST 174 593
HIST 175 566
HIST 176 522
HIST 177 544
HIST 178 580
HIST 179 563
HIST 180 557
HIST 181 536
HIST 182 549
HIST 183 570
HIST 184 518
HIST 185 523
HIST 186 536
HIST 187 534
HIST 188 576
HIST 189 519
HIST 190 557
HIST 191 552
HIST 192 547
HIST 193 550
HIST 194 546
HIST 195 574
HIST 196 529
HIST 197 527
HIST 198 525
HIST 199 531
HIST 200 544
HIST 201 505
HIST 202 575
HIST 203 550
HIST 204 510
HIST 205 526
HIST 206 536
HIST 207 510
HIST 208 548
HIST 209 542
HIST 210 555
HIST 211 526
HIST 212 530
HIST 213 585
HIST 214 536
HIST 215 537
HIST 216 556
HIST 217 574
HIST 218 682
HIST 219 635
HIST 220 670
HIST 221 680
HIST 222 696
HIST 223 717
HIST 224 726
HIST 225 676
HIST 226 737
HIST 227 691
HIST 228 659
HIST 229 700
HIST 230 686
HIST 231 688
HIST 232 664
HIST 233 689
HIST 234 724
HIST 235 685
HIST 236 688
HIST 237 700
HIST 238 672
HIST 239 720
HIST 240 662
HIST 241 697
HIST 242 653
HIST 243 661
HIST 244 640
HIST 245 694
HIST 246 692
HIST 247 654
HIST 248 655
HIST 249 625
HIST 250 662
HIST 251 650
HIST 252 673
HIST 253 643
HIST 254 646
HIST 255 608
HIST 256 670
HIST 257 619
HIST 258 692
HIST 259 643
HIST 260 656
HIST 261 646
HIST 262 672
HIST 263 635
HIST 264 639
HIST 265 652
HIST 266 638
HIST 267 650
HIST 268 621
HIST 269 588
HIST 270 607
HIST 271 602
HIST 272 598
HIST 273 606
HIST 274 614
HIST 275 593
HIST 276 627
HIST 277 591
HIST 278 589
HIST 279 606
HIST 280 617
HIST 281 584
HIST 282 617
HIST 283 616
HIST 284 629
HIST 285 573
HIST 286 563
HIST 287 536
HIST 288 582
HIST 289 583
HIST 290 572
HIST 291 580
HIST 292 558
HIST 293 572
HIST 294 591
HIST 295 584
HIST 296 569
HIST 297 538
HIST 298 560
HIST 299 542
HIST 300 568
HIST 301 534
HIST 302 563
HIST 303 569
HIST 304 541
HIST 305 519
HIST 306 544
HIST 307 534
HIST 308 546
HIST 309 535
HIST 310 541
HIST 311 553
HIST 312 515
HIST 313 556
HIST 314 517
HIST 315 574
HIST 316 542
HIST 317 532
HIST 318 534
HIST 319 515
HIST 320 540
HIST 321 535
HIST 322 526
HIST 323 524
HIST 324 500
HIST 325 517
HIST 326 528
HIST 327 523
HIST 328 539
HIST 329 510
HIST 330 462
HIST 331 549
HIST 332 536
HIST 333 505
HIST 334 526
HIST 335 527
HIST 336 524
HIST 337 494
HIST 338 520
HIST 339 528
HIST 340 479
HIST 341 510
HIST 342 536
HIST 343 495
HIST 344 501
HIST 345 502
HIST 346 493
HIST 347 518
HIST 348 534
HIST 349 490
HIST 350 487
HIST 351 500
HIST 352 505
HIST 353 502
HIST 354 496
HIST 355 500
HIST 356 477
HIST 357 513
HIST 358 524
HIST 359 508
HIST 360 473
HIST 361 505
HIST 362 459
HIST 363 500
HIST 364 523
HIST 365 469
HIST 366 501
HIST 367 475
HIST 368 474
HIST 369 479
HIST 370 474
HIST 371 498
HIST 372 464
HIST 373 459
HIST 374 482
HIST 375 468
HIST 376 515
HIST 377 501
HIST 378 469
HIST 379 486
HIST 380 480
HIST 381 485
HIST 382 493
HIST 383 481
HIST 384 501
HIST 385 496
HIST 386 499
HIST 387 464
HIST 388 489
HIST 389 440
HIST 390 448
HIST 391 450
HIST 392 504
HIST 393 495
HIST 394 457
HIST 395 485
HIST 396 512
HIST 397 468
HIST 398 475
HIST 399 480
HIST 400 498
HIST 401 453
HIST 402 462
HIST 403 483
HIST 404 469
HIST 405 426
HIST 406 441
HIST 407 486
HIST 408 440
HIST 409 451
HIST 410 492
HIST 411 427
HIST 412 479
HIST 413 483
HIST 414 470
HIST 415 465
HIST 416 446
HIST 417 455
HIST 418 429
HIST 419 470
HIST 420 425
HIST 421 433
HIST 422 427
HIST 423 483
HIST 424 473
HIST 425 448
HIST 426 462
HIST 427 478
HIST 428 421
HIST 429 486
HIST 430 452
HIST 431 412
HIST 432 479
HIST 433 433
HIST 434 468
HIST 435 425
HIST 436 425
HIST 437 443
HIST 438 448
HIST 439 8009
HIST 440 469
HIST 441 459
HIST 442 452
HIST 443 437
HIST 444 468
HIST 445 462
HIST 446 435
HIST 447 458
HIST 448 480
HIST 449 446
HIST 450 432
HIST 451 480
HIST 452 432
HIST 453 458
HIST 454 436
HIST 455 444
HIST 456 453
HIST 457 395
HIST 458 482
HIST 459 489
HIST 460 482
HIST 461 454
HIST 462 444
HIST 463 451
HIST 464 442
HIST 465 483
HIST 466 430
HIST 467 429
HIST 468 425
HIST 469 456
HIST 470 453
HIST 471 483
HIST 472 412
HIST 473 482
HIST 474 438
HIST 475 425
HIST 476 458
HIST 477 452
HIST 478 468
HIST 479 455
HIST 480 410
HIST 481 405
HIST 482 449
HIST 483 474
HIST 484 426
HIST 485 428
HIST 486 455
HIST 487 439
HIST 488 420
HIST 489 433
HIST 490 428
HIST 491 418
HIST 492 408
HIST 493 425
HIST 494 432
HIST 495 466
HIST 496 470
HIST 497 415
HIST 498 436
HIST 499 405
HIST 500 419
HIST 501 429
HIST 502 459
HIST 503 471
HIST 504 419
HIST 505 418
HIST 506 465
HIST 507 426
HIST 508 422
HIST 509 404
HIST 510 466
HIST 511 468
HIST 512 414
HIST 513 417
HIST 514 419
HIST 515 429
HIST 516 443
HIST 517 439
HIST 518 434
HIST 519 438
HIST 520 423
HIST 521 403
HIST 522 460
HIST 523 428
HIST 524 449
HIST 525 448
HIST 526 435
HIST 527 434
HIST 528 420
HIST 529 444
HIST 530 434
HIST 531 449
HIST 532 425
HIST 533 418
HIST 534 383
HIST 535 435
HIST 536 418
HIST 537 439
HIST 538 428
HIST 539 436
HIST 540 411
HIST 541 401
HIST 542 466
HIST 543 434
HIST 544 428
HIST 545 400
HIST 546 412
HIST 547 452
HIST 548 394
HIST 549 410
HIST 550 446
HIST 551 428
HIST 552 430
HIST 553 437
HIST 554 433
HIST 555 421
HIST 556 441
HIST 557 416
HIST 558 405
HIST 559 419
HIST 560 433
HIST 561 403
HIST 562 397
HIST 563 385
HIST 564 441
HIST 565 458
HIST 566 434
HIST 567 417
HIST 568 407
HIST 569 408
HIST 570 403
HIST 571 430
HIST 572 452
HIST 573 391
HIST 574 407
HIST 575 430
HIST 576 436
HIST 577 406
HIST 578 403
HIST 579 436
HIST 580 402
HIST 581 411
HIST 582 429
HIST 583 424
HIST 584 420
HIST 585 386
HIST 586 422
HIST 587 423
HIST 588 411
HIST 589 453
HIST 590 415
HIST 591 455
HIST 592 440
HIST 593 438
HIST 594 401
HIST 595 404
HIST 596 426
HIST 597 375
HIST 598 392
HIST 599 452
HIST 600 397
HIST 601 397
HIST 602 407
HIST 603 387
HIST 604 416
HIST 605 365
HIST 606 415
HIST 607 403
HIST 608 407
HIST 609 389
HIST 610 425
HIST 611 404
HIST 612 379
HIST 613 411
HIST 614 406
HIST 615 414
HIST 616 425
HIST 617 451
HIST 618 381
HIST 619 409
HIST 620 418
HIST 621 414
HIST 622 438
HIST 623 436
HIST 624 400
HIST 625 410
HIST 626 428
HIST 627 373
HIST 628 427
HIST 629 418
HIST 630 400
HIST 631 388
HIST 632 400
HIST 633 406
HIST 634 399
HIST 635 419
HIST 636 407
HIST 637 394
HIST 638 396
HIST 639 412
HIST 640 397
HIST 641 387
HIST 642 410
HIST 643 435
HIST 644 387
HIST 645 413
HIST 646 354
HIST 647 387
HIST 648 392
HIST 649 392
HIST 650 392
HIST 651 452
HIST 652 380
HIST 653 436
HIST 654 397
HIST 655 386
HIST 656 446
HIST 657 419
HIST 658 424
HIST 659 371
HIST 660 414
HIST 661 370
HIST 662 436
HIST 663 378
HIST 664 410
HIST 665 374
HIST 666 393
HIST 667 403
HIST 668 439
HIST 669 420
HIST 670 389
HIST 671 398
HIST 672 390
HIST 673 423
HIST 674 402
HIST 675 430
HIST 676 375
HIST 677 400
HIST 678 395
HIST 679 390
HIST 680 407
HIST 681 396
HIST 682 398
HIST 683 400
HIST 684 380
HIST 685 434
HIST 686 365
HIST 687 434
HIST 688 434
HIST 689 402
HIST 690 391
HIST 691 391
HIST 692 373
HIST 693 418
HIST 694 372
HIST 695 406
HIST 696 383
HIST 697 383
HIST 698 380
HIST 699 428
HIST 700 392
HIST 701 399
HIST 702 402
HIST 703 379
HIST 704 403
HIST 705 413
HIST 706 376
HIST 707 415
HIST 708 394
HIST 709 444
HIST 710 393
HIST 711 403
HIST 712 376
HIST 713 400
HIST 714 406
HIST 715 398
HIST 716 400
HIST 717 443
HIST 718 399
HIST 719 401
HIST 720 425
HIST 721 380
HIST 722 395
HIST 723 380
HIST 724 371
HIST 725 413
HIST 726 422
HIST 727 407
HIST 728 366
HIST 729 422
HIST 730 378
HIST 731 403
HIST 732 377
HIST 733 406
HIST 734 407
HIST 735 415
HIST 736 433
HIST 737 421
HIST 738 399
HIST 739 411
HIST 740 433
HIST 741 387
HIST 742 380
HIST 743 423
HIST 744 398
HIST 745 393
HIST 746 409
HIST 747 395
HIST 748 419
HIST 749 386
HIST 750 380
HIST 751 438
HIST 752 402
HIST 753 400
HIST 754 402
HIST 755 366
HIST 756 452
HIST 757 415
HIST 758 440
HIST 759 395
HIST 760 407
HIST 761 395
HIST 762 383
HIST 763 390
HIST 764 422
HIST 765 403
HIST 766 405
HIST 767 369
HIST 768 423
HIST 769 399
HIST 770 406
HIST 771 380
HIST 772 380
HIST 773 433
HIST 774 395
HIST 775 390
HIST 776 389
HIST 777 393
HIST 778 403
HIST 779 417
HIST 780 382
HIST 781 411
HIST 782 408
HIST 783 365
HIST 784 414
HIST 785 388
HIST 786 402
HIST 787 408
HIST 788 374
HIST 789 394
HIST 790 370
HIST 791 409
HIST 792 419
HIST 793 387
HIST 794 370
HIST 795 372
HIST 796 412
HIST 797 395
HIST 798 408
HIST 799 413
HIST 800 371
HIST 801 400
HIST 802 419
HIST 803 377
HIST 804 398
HIST 805 405
HIST 806 416
HIST 807 374
HIST 808 412
HIST 809 389
HIST 810 422
HIST 811 401
HIST 812 392
HIST 813 425
HIST 814 403
HIST 815 413
HIST 816 399
HIST 817 392
HIST 818 422
HIST 819 420
HIST 820 391
HIST 821 379
HIST 822 412
HIST 823 414
HIST 824 406
HIST 825 423
HIST 826 408
HIST 827 415
HIST 828 428
HIST 829 425
HIST 830 406
HIST 831 411
HIST 832 380
HIST 833 382
HIST 834 393
HIST 835 401
HIST 836 423
HIST 837 423
HIST 838 404
HIST 839 409
HIST 840 394
HIST 841 359
HIST 842 409
HIST 843 422
HIST 844 438
HIST 845 397
HIST 846 382
HIST 847 444
HIST 848 409
HIST 849 401
HIST 850 405
HIST 851 391
HIST 852 376
HIST 853 392
HIST 854 435
HIST 855 425
HIST 856 410
HIST 857 427
HIST 858 396
HIST 859 426
HIST 860 401
HIST 861 424
HIST 862 407
HIST 863 408
HIST 864 430
HIST 865 430
HIST 866 405
HIST 867 447
HIST 868 411
HIST 869 431
HIST 870 398
HIST 871 396
HIST 872 403
HIST 873 407
HIST 874 436
HIST 875 399
HIST 876 425
HIST 877 405
HIST 878 393
HIST 879 392
HIST 880 437
HIST 881 432
HIST 882 417
HIST 883 424
HIST 884 410
HIST 885 385
HIST 886 411
HIST 887 440
HIST 888 437
HIST 889 401
HIST 890 419
HIST 891 408
HIST 892 388
HIST 893 415
HIST 894 417
HIST 895 416
HIST 896 412
HIST 897 411
HIST 898 446
HIST 899 411
HIST 900 421
HIST 901 422
HIST 902 405
HIST 903 384
HIST 904 427
HIST 905 422
HIST 906 427
HIST 907 443
HIST 908 415
HIST 909 431
HIST 910 441
HIST 911 432
HIST 912 433
HIST 913 457
HIST 914 434
HIST 915 418
HIST 916 428
HIST 917 373
HIST 918 449
HIST 919 449
HIST 920 410
HIST 921 421
HIST 922 402
HIST 923 412
HIST 924 410
HIST 925 432
HIST 926 396
HIST 927 452
HIST 928 407
HIST 929 413
HIST 930 417
HIST 931 411
HIST 932 427
HIST 933 443
HIST 934 381
HIST 935 458
HIST 936 450
HIST 937 414
HIST 938 418
HIST 939 390
HIST 940 447
HIST 941 445
HIST 942 454
HIST 943 417
HIST 944 423
HIST 945 438
HIST 946 418
HIST 947 436
HIST 948 414
HIST 949 450
HIST 950 1513
HIST 951 428
HIST 952 424
HIST 953 427
HIST 954 437
HIST 955 429
HIST 956 439
HIST 957 439
HIST 958 435
HIST 959 424
HIST 960 429
HIST 961 446
HIST 962 394
HIST 963 430
HIST 964 421
HIST 965 399
HIST 966 421
HIST 967 412
HIST 968 478
HIST 969 441
HIST 970 455
HIST 971 427
HIST 972 440
HIST 973 462
HIST 974 461
HIST 975 455
HIST 976 429
HIST 977 430
HIST 978 459
HIST 979 439
HIST 980 448
HIST 981 453
HIST 982 456
HIST 983 389
HIST 984 432
HIST 985 418
HIST 986 399
HIST 987 494
HIST 988 456
HIST 989 440
HIST 990 468
HIST 991 450
HIST 992 434
HIST 993 432
HIST 994 410
HIST 995 466
HIST 996 476
HIST 997 457
HIST 998 478
HIST 999 443
HIST 1000 488
HIST 1001 414
HIST 1002 478
HIST 1003 498
HIST 1004 442
HIST 1005 475
HIST 1006 443
HIST 1007 465
HIST 1008 459
HIST 1009 476
HIST 1010 475
HIST 1011 449
HIST 1012 487
HIST 1013 446
HIST 1014 441
HIST 1015 453
HIST 1016 453
HIST 1017 448
HIST 1018 435
HIST 1019 477
HIST 1020 432
HIST 1021 448
HIST 1022 445
HIST 1023 472
HIST 1024 449
HIST 1025 454
HIST 1026 432
HIST 1027 457
HIST 1028 452
HIST 1029 472
HIST 1030 468
HIST 1031 476
HIST 1032 488
HIST 1033 463
HIST 1034 469
HIST 1035 443
HIST 1036 485
HIST 1037 467
HIST 1038 433
HIST 1039 467
HIST 1040 479
HIST 1041 468
HIST 1042 476
HIST 1043 476
HIST 1044 468
HIST 1045 470
HIST 1046 480
HIST 1047 517
HIST 1048 463
HIST 1049 467
HIST 1050 481
HIST 1051 533
HIST 1052 490
HIST 1053 465
HIST 1054 534
HIST 1055 497
HIST 1056 478
HIST 1057 507
HIST 1058 492
HIST 1059 468
HIST 1060 468
HIST 1061 470
HIST 1062 483
HIST 1063 435
HIST 1064 473
HIST 1065 538
HIST 1066 505
HIST 1067 469
HIST 1068 457
HIST 1069 497
HIST 1070 479
HIST 1071 483
HIST 1072 478
HIST 1073 506
HIST 1074 478
HIST 1075 509
HIST 1076 480
HIST 1077 506
HIST 1078 537
HIST 1079 511
HIST 1080 524
HIST 1081 489
HIST 1082 490
HIST 1083 529
HIST 1084 494
HIST 1085 529
HIST 1086 465
HIST 1087 503
HIST 1088 520
HIST 1089 529
HIST 1090 480
HIST 1091 498
HIST 1092 509
HIST 1093 541
HIST 1094 514
HIST 1095 493
HIST 1096 503
HIST 1097 515
HIST 1098 515
HIST 1099 568
HIST 1100 544
HIST 1101 520
HIST 1102 488
HIST 1103 506
HIST 1104 529
HIST 1105 522
HIST 1106 554
HIST 1107 487
HIST 1108 524
HIST 1109 514
HIST 1110 558
HIST 1111 520
HIST 1112 518
HIST 1113 540
HIST 1114 545
HIST 1115 550
HIST 1116 526
HIST 1117 546
HIST 1118 528
HIST 1119 518
HIST 1120 510
HIST 1121 537
HIST 1122 564
HIST 1123 553
HIST 1124 540
HIST 1125 564
HIST 1126 543
HIST 1127 567
HIST 1128 552
HIST 1129 564
HIST 1130 565
HIST 1131 567
HIST 1132 535
HIST 1133 523
HIST 1134 572
HIST 1135 560
HIST 1136 574
HIST 1137 578
HIST 1138 567
HIST 1139 599
HIST 1140 573
HIST 1141 592
HIST 1142 582
HIST 1143 595
HIST 1144 598
HIST 1145 582
HIST 1146 590
HIST 1147 553
HIST 1148 598
HIST 1149 572
HIST 1150 590
HIST 1151 589
HIST 1152 582
HIST 1153 568
HIST 1154 597
HIST 1155 599
HIST 1156 647
HIST 1157 602
HIST 1158 610
HIST 1159 569
HIST 1160 620
HIST 1161 610
HIST 1162 607
HIST 1163 599
HIST 1164 608
HIST 1165 599
HIST 1166 622
HIST 1167 564
HIST 1168 592
HIST 1169 568
HIST 1170 649
HIST 1171 613
HIST 1172 626
HIST 1173 590
HIST 1174 632
HIST 1175 655
HIST 1176 598
HIST 1177 619
HIST 1178 631
HIST 1179 594
HIST 1180 604
HIST 1181 559
HIST 1182 608
HIST 1183 607
HIST 1184 630
HIST 1185 687
HIST 1186 632
HIST 1187 631
HIST 1188 620
HIST 1189 623
HIST 1190 668
HIST 1191 615
HIST 1192 642
HIST 1193 642
HIST 1194 677
HIST 1195 614
HIST 1196 659
HIST 1197 645
HIST 1198 666
HIST 1199 686
HIST 1200 713
HIST 1201 659
HIST 1202 620
HIST 1203 700
HIST 1204 707
HIST 1205 716
HIST 1206 672
HIST 1207 686
HIST 1208 706
HIST 1209 705
HIST 1210 656
HIST 1211 701
HIST 1212 687
HIST 1213 661
HIST 1214 672
HIST 1215 679
HIST 1216 701
HIST 1217 652
HIST 1218 685
HIST 1219 735
HIST 1220 690
HIST 1221 692
HIST 1222 656
HIST 1223 725
HIST 1224 642
HIST 1225 693
HIST 1226 681
HIST 1227 735
HIST 1228 683
HIST 1229 695
HIST 1230 683
HIST 1231 671
HIST 1232 713
HIST 1233 705
HIST 1234 731
HIST 1235 710
HIST 1236 713
HIST 1237 657
HIST 1238 701
HIST 1239 631
HIST 1240 622
HIST 1241 608
HIST 1242 612
HIST 1243 544
HIST 1244 467
HIST 1245 372
HIST 1246 339
HIST 1247 319
HIST 1248 289
HIST 1249 279
HIST 1250 247
HIST 1251 227
HIST 1252 235
HIST 1253 242
HIST 1254 215
HIST 1255 190
HIST 1256 203
HIST 1257 187
HIST 1258 200
HIST 1259 222
HIST 1260 176
HIST 1261 162
HIST 1262 158
HIST 1263 158
HIST 1264 172
HIST 1265 174
HIST 1266 158
HIST 1267 172
HIST 1268 140
HIST 1269 159
HIST 1270 127
HIST 1271 135
HIST 1272 156
HIST 1273 137
HIST 1274 133
HIST 1275 153
HIST 1276 140
HIST 1277 112
HIST 1278 121
HIST 1279 126
HIST 1280 145
HIST 1281 118
HIST 1282 141
HIST 1283 118
HIST 1284 97
HIST 1285 124
HIST 1286 104
HIST 1287 117
HIST 1288 110
HIST 1289 97
HIST 1290 119
HIST 1291 101
HIST 1292 89
HIST 1293 99
HIST 1294 104
HIST 1295 101
HIST 1296 107
HIST 1297 108
HIST 1298 85
HIST 1299 107
HIST 1300 94
HIST 1301 100
HIST 1302 102
HIST 1303 94
HIST 1304 82
HIST 1305 68
HIST 1306 79
HIST 1307 82
HIST 1308 98
HIST 1309 77
HIST 1310 87
HIST 1311 88
HIST 1312 83
HIST 1313 83
HIST 1314 76
HIST 1315 69
HIST 1316 96
HIST 1317 59
HIST 1318 72
HIST 1319 68
HIST 1320 69
HIST 1321 69
HIST 1322 43
HIST 1323 66
HIST 1324 65
HIST 1325 42
HIST 1326 65
HIST 1327 61
HIST 1328 56
HIST 1329 50
HIST 1330 39
HIST 1331 65
HIST 1332 51
HIST 1333 45
HIST 1334 53
HIST 1335 39
HIST 1336 39
HIST 1337 40
HIST 1338 50
HIST 1339 50
HIST 1340 42
HIST 1341 34
HIST 1342 42
HIST 1343 26
HIST 1344 33
HIST 1345 39
HIST 1346 27
HIST 1347 36
HIST 1348 38
HIST 1349 44
HIST 1350 30
HIST 1351 23
HIST 1352 47
HIST 1353 39
HIST 1354 35
HIST 1355 29
HIST 1356 30
HIST 1357 34
HIST 1358 28
HIST 1359 32
HIST 1360 28
HIST 1361 22
HIST 1362 24
HIST 1363 31
HIST 1364 26
HIST 1365 30
HIST 1366 22
HIST 1367 28
HIST 1368 22
HIST 1369 22
HIST 1370 24
HIST 1371 20
HIST 1372 28
HIST 1373 21
HIST 1374 14
HIST 1375 30
HIST 1376 18
HIST 1377 17
HIST 1378 14
HIST 1379 20
HIST 1380 19
HIST 1381 16
HIST 1382 16
HIST 1383 19
HIST 1384 18
HIST 1385 14
HIST 1386 13
HIST 1387 15
HIST 1388 18
HIST 1389 9
HIST 1390 12
HIST 1391 17
HIST 1392 8
HIST 1393 11
HIST 1394 17
HIST 1395 12
HIST 1396 11
HIST 1397 6
HIST 1398 9
HIST 1399 9
HIST 1400 9
HIST 1401 14
HIST 1402 14
HIST 1403 6
HIST 1404 14
HIST 1405 10
HIST 1406 7
HIST 1407 8
HIST 1408 10
HIST 1409 8
HIST 1410 10
HIST 1411 4
HIST 1412 7
HIST 1413 6
HIST 1414 7
HIST 1415 6
HIST 1416 11
HIST 1417 6
HIST 1418 9
HIST 1419 6
HIST 1420 2
HIST 1421 1
HIST 1422 6
HIST 1423 1
HIST 1424 4
HIST 1425 11
HIST 1426 36
HIST 1427 3
HIST 1428 30
HIST 1429 114
HIST 1430 508
HIST 1431 5
HIST 1432 217
HIST 1433 135
HIST 1434 9
HIST 1435 4
HIST 1436 3
HIST 1437 1
HIST 1438 4
HIST 1439 3
HIST 1440 3
HIST 1441 3
HIST 1442 1
HIST 1443 5
HIST 1444 2
HIST 1445 1
HIST 1446 1
HIST 1447 2
HIST 1448 1
HIST 1449 2
HIST 1450 1
HIST 1451 3
HIST 1453 3
HIST 1454 2
HIST 1455 1
HIST 1456 2
HIST 1457 5
HIST 1458 19
HIST 1459 9
HIST 1460 3
HIST 1461 60507
HISTEND
ESCPOP decays=20000000 own_exit=54446 carry_exit=0 own_return=0 same=0 other=0 noface=0 lineage_gamma_out=0 lineage_lepton_out=0 killed_gamma=0 killed_lepton=0 facemiss=0 lineage_inside=0 out_lepton=1799904 out_brem_gamma=44699 killed_out_brem=0
