SETUP correlatedGamma=0 twoJmax=10 vacuum=1 seed=0 killesc=0 killcarry=1 fullcarry=0 histbin=1.000 histbins=2616 iontag=0 escpop=1 killescown=1 killesccarry=0 killret=0 killretsame=0 killretother=0 killescbrem=0 killescdelta=0 killoutbrem=0
CUTS (production thresholds per material couple):
 Material : G4_Galactic
 Range cuts        :  gamma  1 mm     e-  1 mm     e+  1 mm  proton 1 mm 
 Energy thresholds :  gamma  990 eV     e-  990 eV     e+  990 eV  proton 100 keV
 Material : scene_mat_3
 Range cuts        :  gamma  1 mm     e-  1 mm     e+  1 mm  proton 1 mm 
 Energy thresholds :  gamma  6.91691 keV    e-  597.603 keV    e+  574.29 keV proton 100 keV
 Material : scene_mat_1
 Range cuts        :  gamma  1 mm     e-  1 mm     e+  1 mm  proton 1 mm 
 Energy thresholds :  gamma  4.39533 keV    e-  541.252 keV    e+  522.087 keV proton 100 keV
 Material : scene_mat_0
 Range cuts        :  gamma  1 mm     e-  1 mm     e+  1 mm  proton 1 mm 
 Energy thresholds :  gamma  38.4662 keV    e-  692.485 keV    e+  658.149 keV proton 100 keV
RESULT decays=20000000
RESULT any=586034 eps_total=2.930170e-02
RESULT window=2614.511 counts=19986 eps=9.993000e-04
HISTBEGIN bins=2616 bin_kev=1.000000 decays=20000000
HIST 0 115
HIST 1 323
HIST 2 321
HIST 3 325
HIST 4 332
HIST 5 366
HIST 6 437
HIST 7 459
HIST 8 420
HIST 9 417
HIST 10 432
HIST 11 441
HIST 12 473
HIST 13 474
HIST 14 469
HIST 15 459
HIST 16 462
HIST 17 468
HIST 18 479
HIST 19 428
HIST 20 456
HIST 21 455
HIST 22 459
HIST 23 453
HIST 24 471
HIST 25 466
HIST 26 491
HIST 27 461
HIST 28 430
HIST 29 463
HIST 30 432
HIST 31 459
HIST 32 355
HIST 33 429
HIST 34 401
HIST 35 438
HIST 36 407
HIST 37 404
HIST 38 370
HIST 39 419
HIST 40 381
HIST 41 386
HIST 42 377
HIST 43 414
HIST 44 399
HIST 45 384
HIST 46 395
HIST 47 401
HIST 48 385
HIST 49 396
HIST 50 382
HIST 51 384
HIST 52 400
HIST 53 366
HIST 54 342
HIST 55 378
HIST 56 378
HIST 57 390
HIST 58 355
HIST 59 369
HIST 60 310
HIST 61 356
HIST 62 376
HIST 63 339
HIST 64 346
HIST 65 353
HIST 66 349
HIST 67 352
HIST 68 345
HIST 69 329
HIST 70 354
HIST 71 338
HIST 72 358
HIST 73 343
HIST 74 343
HIST 75 325
HIST 76 338
HIST 77 304
HIST 78 348
HIST 79 352
HIST 80 353
HIST 81 332
HIST 82 308
HIST 83 327
HIST 84 349
HIST 85 288
HIST 86 348
HIST 87 332
HIST 88 320
HIST 89 325
HIST 90 337
HIST 91 331
HIST 92 308
HIST 93 335
HIST 94 324
HIST 95 327
HIST 96 332
HIST 97 314
HIST 98 295
HIST 99 317
HIST 100 328
HIST 101 307
HIST 102 319
HIST 103 285
HIST 104 322
HIST 105 317
HIST 106 282
HIST 107 298
HIST 108 321
HIST 109 302
HIST 110 323
HIST 111 296
HIST 112 329
HIST 113 334
HIST 114 313
HIST 115 304
HIST 116 319
HIST 117 284
HIST 118 288
HIST 119 329
HIST 120 321
HIST 121 322
HIST 122 311
HIST 123 302
HIST 124 293
HIST 125 309
HIST 126 304
HIST 127 314
HIST 128 310
HIST 129 298
HIST 130 272
HIST 131 299
HIST 132 304
HIST 133 284
HIST 134 303
HIST 135 304
HIST 136 306
HIST 137 289
HIST 138 275
HIST 139 312
HIST 140 302
HIST 141 287
HIST 142 274
HIST 143 283
HIST 144 301
HIST 145 294
HIST 146 321
HIST 147 307
HIST 148 305
HIST 149 311
HIST 150 300
HIST 151 319
HIST 152 310
HIST 153 285
HIST 154 327
HIST 155 316
HIST 156 327
HIST 157 298
HIST 158 303
HIST 159 291
HIST 160 292
HIST 161 281
HIST 162 294
HIST 163 274
HIST 164 317
HIST 165 302
HIST 166 276
HIST 167 273
HIST 168 286
HIST 169 306
HIST 170 291
HIST 171 305
HIST 172 280
HIST 173 262
HIST 174 269
HIST 175 269
HIST 176 292
HIST 177 274
HIST 178 306
HIST 179 274
HIST 180 302
HIST 181 241
HIST 182 282
HIST 183 260
HIST 184 270
HIST 185 264
HIST 186 274
HIST 187 296
HIST 188 250
HIST 189 261
HIST 190 275
HIST 191 276
HIST 192 279
HIST 193 286
HIST 194 274
HIST 195 252
HIST 196 262
HIST 197 257
HIST 198 270
HIST 199 291
HIST 200 266
HIST 201 274
HIST 202 263
HIST 203 287
HIST 204 285
HIST 205 254
HIST 206 290
HIST 207 276
HIST 208 275
HIST 209 253
HIST 210 286
HIST 211 248
HIST 212 287
HIST 213 296
HIST 214 265
HIST 215 278
HIST 216 249
HIST 217 240
HIST 218 251
HIST 219 251
HIST 220 290
HIST 221 265
HIST 222 268
HIST 223 268
HIST 224 277
HIST 225 232
HIST 226 269
HIST 227 260
HIST 228 256
HIST 229 268
HIST 230 296
HIST 231 234
HIST 232 294
HIST 233 283
HIST 234 300
HIST 235 315
HIST 236 324
HIST 237 339
HIST 238 326
HIST 239 334
HIST 240 305
HIST 241 343
HIST 242 331
HIST 243 308
HIST 244 341
HIST 245 331
HIST 246 348
HIST 247 347
HIST 248 324
HIST 249 360
HIST 250 336
HIST 251 343
HIST 252 347
HIST 253 316
HIST 254 311
HIST 255 340
HIST 256 359
HIST 257 333
HIST 258 328
HIST 259 352
HIST 260 335
HIST 261 304
HIST 262 328
HIST 263 361
HIST 264 322
HIST 265 321
HIST 266 304
HIST 267 341
HIST 268 342
HIST 269 299
HIST 270 340
HIST 271 307
HIST 272 315
HIST 273 288
HIST 274 337
HIST 275 329
HIST 276 330
HIST 277 300
HIST 278 306
HIST 279 303
HIST 280 319
HIST 281 312
HIST 282 311
HIST 283 322
HIST 284 291
HIST 285 296
HIST 286 324
HIST 287 317
HIST 288 306
HIST 289 308
HIST 290 319
HIST 291 274
HIST 292 282
HIST 293 300
HIST 294 282
HIST 295 333
HIST 296 285
HIST 297 313
HIST 298 288
HIST 299 309
HIST 300 297
HIST 301 276
HIST 302 299
HIST 303 270
HIST 304 272
HIST 305 281
HIST 306 293
HIST 307 289
HIST 308 295
HIST 309 297
HIST 310 285
HIST 311 263
HIST 312 269
HIST 313 303
HIST 314 290
HIST 315 292
HIST 316 279
HIST 317 299
HIST 318 274
HIST 319 279
HIST 320 270
HIST 321 263
HIST 322 269
HIST 323 274
HIST 324 303
HIST 325 264
HIST 326 272
HIST 327 278
HIST 328 292
HIST 329 269
HIST 330 276
HIST 331 286
HIST 332 271
HIST 333 277
HIST 334 267
HIST 335 285
HIST 336 255
HIST 337 292
HIST 338 283
HIST 339 232
HIST 340 268
HIST 341 279
HIST 342 262
HIST 343 260
HIST 344 256
HIST 345 256
HIST 346 259
HIST 347 266
HIST 348 250
HIST 349 252
HIST 350 265
HIST 351 247
HIST 352 226
HIST 353 257
HIST 354 260
HIST 355 300
HIST 356 231
HIST 357 247
HIST 358 261
HIST 359 236
HIST 360 252
HIST 361 261
HIST 362 250
HIST 363 265
HIST 364 246
HIST 365 238
HIST 366 267
HIST 367 264
HIST 368 246
HIST 369 272
HIST 370 240
HIST 371 241
HIST 372 233
HIST 373 222
HIST 374 261
HIST 375 237
HIST 376 242
HIST 377 269
HIST 378 227
HIST 379 233
HIST 380 243
HIST 381 249
HIST 382 247
HIST 383 239
HIST 384 233
HIST 385 246
HIST 386 267
HIST 387 245
HIST 388 238
HIST 389 236
HIST 390 236
HIST 391 256
HIST 392 227
HIST 393 241
HIST 394 239
HIST 395 223
HIST 396 258
HIST 397 253
HIST 398 217
HIST 399 247
HIST 400 231
HIST 401 235
HIST 402 243
HIST 403 260
HIST 404 232
HIST 405 231
HIST 406 228
HIST 407 266
HIST 408 241
HIST 409 238
HIST 410 236
HIST 411 216
HIST 412 219
HIST 413 232
HIST 414 215
HIST 415 218
HIST 416 241
HIST 417 246
HIST 418 227
HIST 419 235
HIST 420 223
HIST 421 235
HIST 422 224
HIST 423 235
HIST 424 217
HIST 425 221
HIST 426 234
HIST 427 229
HIST 428 222
HIST 429 233
HIST 430 216
HIST 431 257
HIST 432 205
HIST 433 222
HIST 434 211
HIST 435 222
HIST 436 211
HIST 437 214
HIST 438 219
HIST 439 237
HIST 440 217
HIST 441 230
HIST 442 219
HIST 443 224
HIST 444 222
HIST 445 213
HIST 446 225
HIST 447 229
HIST 448 209
HIST 449 220
HIST 450 222
HIST 451 229
HIST 452 220
HIST 453 241
HIST 454 230
HIST 455 214
HIST 456 244
HIST 457 223
HIST 458 254
HIST 459 218
HIST 460 242
HIST 461 211
HIST 462 228
HIST 463 196
HIST 464 241
HIST 465 233
HIST 466 195
HIST 467 213
HIST 468 219
HIST 469 186
HIST 470 232
HIST 471 214
HIST 472 224
HIST 473 200
HIST 474 245
HIST 475 232
HIST 476 236
HIST 477 188
HIST 478 208
HIST 479 205
HIST 480 225
HIST 481 199
HIST 482 244
HIST 483 205
HIST 484 202
HIST 485 224
HIST 486 218
HIST 487 218
HIST 488 208
HIST 489 215
HIST 490 215
HIST 491 215
HIST 492 215
HIST 493 207
HIST 494 197
HIST 495 222
HIST 496 235
HIST 497 228
HIST 498 234
HIST 499 218
HIST 500 179
HIST 501 220
HIST 502 222
HIST 503 209
HIST 504 197
HIST 505 220
HIST 506 193
HIST 507 207
HIST 508 192
HIST 509 230
HIST 510 218
HIST 511 805
HIST 512 210
HIST 513 205
HIST 514 226
HIST 515 223
HIST 516 221
HIST 517 195
HIST 518 224
HIST 519 197
HIST 520 228
HIST 521 225
HIST 522 239
HIST 523 204
HIST 524 209
HIST 525 204
HIST 526 229
HIST 527 221
HIST 528 207
HIST 529 234
HIST 530 194
HIST 531 208
HIST 532 225
HIST 533 199
HIST 534 208
HIST 535 209
HIST 536 195
HIST 537 219
HIST 538 196
HIST 539 207
HIST 540 216
HIST 541 193
HIST 542 208
HIST 543 228
HIST 544 193
HIST 545 190
HIST 546 217
HIST 547 214
HIST 548 212
HIST 549 180
HIST 550 191
HIST 551 179
HIST 552 213
HIST 553 220
HIST 554 218
HIST 555 216
HIST 556 199
HIST 557 217
HIST 558 205
HIST 559 213
HIST 560 195
HIST 561 225
HIST 562 208
HIST 563 176
HIST 564 215
HIST 565 229
HIST 566 226
HIST 567 212
HIST 568 195
HIST 569 211
HIST 570 187
HIST 571 214
HIST 572 214
HIST 573 223
HIST 574 204
HIST 575 188
HIST 576 197
HIST 577 190
HIST 578 198
HIST 579 199
HIST 580 208
HIST 581 204
HIST 582 204
HIST 583 205
HIST 584 188
HIST 585 192
HIST 586 209
HIST 587 215
HIST 588 217
HIST 589 220
HIST 590 209
HIST 591 208
HIST 592 188
HIST 593 212
HIST 594 208
HIST 595 206
HIST 596 198
HIST 597 213
HIST 598 215
HIST 599 204
HIST 600 185
HIST 601 202
HIST 602 224
HIST 603 180
HIST 604 208
HIST 605 211
HIST 606 179
HIST 607 194
HIST 608 188
HIST 609 184
HIST 610 178
HIST 611 187
HIST 612 195
HIST 613 208
HIST 614 169
HIST 615 175
HIST 616 208
HIST 617 213
HIST 618 201
HIST 619 198
HIST 620 223
HIST 621 191
HIST 622 206
HIST 623 216
HIST 624 194
HIST 625 182
HIST 626 198
HIST 627 211
HIST 628 169
HIST 629 179
HIST 630 209
HIST 631 190
HIST 632 162
HIST 633 180
HIST 634 182
HIST 635 194
HIST 636 199
HIST 637 213
HIST 638 208
HIST 639 194
HIST 640 221
HIST 641 181
HIST 642 180
HIST 643 199
HIST 644 193
HIST 645 202
HIST 646 222
HIST 647 180
HIST 648 169
HIST 649 196
HIST 650 207
HIST 651 205
HIST 652 203
HIST 653 201
HIST 654 209
HIST 655 189
HIST 656 194
HIST 657 196
HIST 658 191
HIST 659 169
HIST 660 191
HIST 661 189
HIST 662 191
HIST 663 193
HIST 664 197
HIST 665 202
HIST 666 183
HIST 667 191
HIST 668 196
HIST 669 191
HIST 670 183
HIST 671 197
HIST 672 193
HIST 673 203
HIST 674 178
HIST 675 211
HIST 676 202
HIST 677 196
HIST 678 178
HIST 679 198
HIST 680 189
HIST 681 204
HIST 682 220
HIST 683 193
HIST 684 206
HIST 685 187
HIST 686 175
HIST 687 194
HIST 688 172
HIST 689 197
HIST 690 186
HIST 691 198
HIST 692 182
HIST 693 191
HIST 694 199
HIST 695 174
HIST 696 197
HIST 697 191
HIST 698 191
HIST 699 174
HIST 700 191
HIST 701 186
HIST 702 199
HIST 703 203
HIST 704 182
HIST 705 206
HIST 706 181
HIST 707 185
HIST 708 202
HIST 709 209
HIST 710 178
HIST 711 187
HIST 712 199
HIST 713 198
HIST 714 169
HIST 715 171
HIST 716 182
HIST 717 201
HIST 718 185
HIST 719 180
HIST 720 174
HIST 721 188
HIST 722 218
HIST 723 174
HIST 724 177
HIST 725 184
HIST 726 210
HIST 727 214
HIST 728 174
HIST 729 200
HIST 730 195
HIST 731 175
HIST 732 202
HIST 733 172
HIST 734 183
HIST 735 170
HIST 736 193
HIST 737 206
HIST 738 180
HIST 739 199
HIST 740 196
HIST 741 201
HIST 742 192
HIST 743 178
HIST 744 179
HIST 745 202
HIST 746 168
HIST 747 213
HIST 748 203
HIST 749 186
HIST 750 200
HIST 751 178
HIST 752 202
HIST 753 155
HIST 754 178
HIST 755 173
HIST 756 197
HIST 757 183
HIST 758 174
HIST 759 208
HIST 760 173
HIST 761 178
HIST 762 191
HIST 763 202
HIST 764 189
HIST 765 198
HIST 766 185
HIST 767 185
HIST 768 186
HIST 769 195
HIST 770 179
HIST 771 183
HIST 772 181
HIST 773 177
HIST 774 192
HIST 775 197
HIST 776 192
HIST 777 203
HIST 778 184
HIST 779 184
HIST 780 160
HIST 781 184
HIST 782 162
HIST 783 197
HIST 784 191
HIST 785 190
HIST 786 174
HIST 787 178
HIST 788 177
HIST 789 170
HIST 790 197
HIST 791 165
HIST 792 185
HIST 793 169
HIST 794 185
HIST 795 194
HIST 796 201
HIST 797 180
HIST 798 186
HIST 799 172
HIST 800 174
HIST 801 195
HIST 802 189
HIST 803 177
HIST 804 175
HIST 805 192
HIST 806 196
HIST 807 182
HIST 808 208
HIST 809 202
HIST 810 176
HIST 811 178
HIST 812 202
HIST 813 174
HIST 814 201
HIST 815 182
HIST 816 169
HIST 817 162
HIST 818 184
HIST 819 182
HIST 820 168
HIST 821 182
HIST 822 177
HIST 823 186
HIST 824 202
HIST 825 200
HIST 826 194
HIST 827 191
HIST 828 168
HIST 829 200
HIST 830 214
HIST 831 186
HIST 832 188
HIST 833 170
HIST 834 174
HIST 835 183
HIST 836 147
HIST 837 190
HIST 838 182
HIST 839 180
HIST 840 148
HIST 841 170
HIST 842 186
HIST 843 193
HIST 844 192
HIST 845 168
HIST 846 187
HIST 847 177
HIST 848 195
HIST 849 177
HIST 850 166
HIST 851 213
HIST 852 158
HIST 853 173
HIST 854 161
HIST 855 180
HIST 856 184
HIST 857 178
HIST 858 164
HIST 859 174
HIST 860 158
HIST 861 187
HIST 862 180
HIST 863 173
HIST 864 184
HIST 865 186
HIST 866 197
HIST 867 188
HIST 868 232
HIST 869 181
HIST 870 189
HIST 871 196
HIST 872 184
HIST 873 166
HIST 874 179
HIST 875 188
HIST 876 196
HIST 877 204
HIST 878 155
HIST 879 185
HIST 880 188
HIST 881 190
HIST 882 168
HIST 883 182
HIST 884 176
HIST 885 167
HIST 886 194
HIST 887 178
HIST 888 189
HIST 889 168
HIST 890 188
HIST 891 173
HIST 892 177
HIST 893 170
HIST 894 177
HIST 895 184
HIST 896 179
HIST 897 183
HIST 898 162
HIST 899 157
HIST 900 184
HIST 901 177
HIST 902 169
HIST 903 170
HIST 904 187
HIST 905 170
HIST 906 177
HIST 907 188
HIST 908 156
HIST 909 179
HIST 910 160
HIST 911 188
HIST 912 192
HIST 913 172
HIST 914 203
HIST 915 175
HIST 916 189
HIST 917 187
HIST 918 187
HIST 919 175
HIST 920 172
HIST 921 175
HIST 922 164
HIST 923 182
HIST 924 167
HIST 925 157
HIST 926 172
HIST 927 160
HIST 928 164
HIST 929 184
HIST 930 181
HIST 931 159
HIST 932 182
HIST 933 177
HIST 934 181
HIST 935 163
HIST 936 153
HIST 937 163
HIST 938 182
HIST 939 169
HIST 940 169
HIST 941 172
HIST 942 164
HIST 943 186
HIST 944 164
HIST 945 164
HIST 946 171
HIST 947 182
HIST 948 177
HIST 949 143
HIST 950 185
HIST 951 192
HIST 952 183
HIST 953 174
HIST 954 179
HIST 955 174
HIST 956 177
HIST 957 186
HIST 958 144
HIST 959 162
HIST 960 172
HIST 961 188
HIST 962 180
HIST 963 177
HIST 964 170
HIST 965 166
HIST 966 194
HIST 967 167
HIST 968 184
HIST 969 176
HIST 970 165
HIST 971 162
HIST 972 192
HIST 973 178
HIST 974 170
HIST 975 189
HIST 976 170
HIST 977 160
HIST 978 187
HIST 979 178
HIST 980 195
HIST 981 180
HIST 982 176
HIST 983 168
HIST 984 142
HIST 985 144
HIST 986 161
HIST 987 183
HIST 988 169
HIST 989 143
HIST 990 179
HIST 991 182
HIST 992 159
HIST 993 173
HIST 994 180
HIST 995 190
HIST 996 194
HIST 997 171
HIST 998 181
HIST 999 181
HIST 1000 150
HIST 1001 154
HIST 1002 184
HIST 1003 173
HIST 1004 195
HIST 1005 176
HIST 1006 177
HIST 1007 156
HIST 1008 171
HIST 1009 155
HIST 1010 162
HIST 1011 163
HIST 1012 168
HIST 1013 160
HIST 1014 162
HIST 1015 169
HIST 1016 175
HIST 1017 178
HIST 1018 169
HIST 1019 159
HIST 1020 194
HIST 1021 184
HIST 1022 192
HIST 1023 170
HIST 1024 175
HIST 1025 167
HIST 1026 172
HIST 1027 175
HIST 1028 174
HIST 1029 146
HIST 1030 178
HIST 1031 192
HIST 1032 175
HIST 1033 154
HIST 1034 169
HIST 1035 172
HIST 1036 179
HIST 1037 158
HIST 1038 197
HIST 1039 146
HIST 1040 169
HIST 1041 183
HIST 1042 181
HIST 1043 163
HIST 1044 174
HIST 1045 149
HIST 1046 178
HIST 1047 153
HIST 1048 187
HIST 1049 178
HIST 1050 160
HIST 1051 175
HIST 1052 171
HIST 1053 178
HIST 1054 151
HIST 1055 171
HIST 1056 156
HIST 1057 175
HIST 1058 190
HIST 1059 168
HIST 1060 152
HIST 1061 163
HIST 1062 174
HIST 1063 174
HIST 1064 181
HIST 1065 169
HIST 1066 178
HIST 1067 158
HIST 1068 156
HIST 1069 199
HIST 1070 184
HIST 1071 150
HIST 1072 166
HIST 1073 163
HIST 1074 163
HIST 1075 185
HIST 1076 156
HIST 1077 171
HIST 1078 177
HIST 1079 175
HIST 1080 175
HIST 1081 182
HIST 1082 163
HIST 1083 186
HIST 1084 186
HIST 1085 162
HIST 1086 163
HIST 1087 166
HIST 1088 159
HIST 1089 146
HIST 1090 175
HIST 1091 173
HIST 1092 184
HIST 1093 166
HIST 1094 162
HIST 1095 167
HIST 1096 205
HIST 1097 178
HIST 1098 152
HIST 1099 178
HIST 1100 155
HIST 1101 183
HIST 1102 155
HIST 1103 168
HIST 1104 157
HIST 1105 176
HIST 1106 175
HIST 1107 172
HIST 1108 163
HIST 1109 184
HIST 1110 176
HIST 1111 133
HIST 1112 158
HIST 1113 153
HIST 1114 196
HIST 1115 164
HIST 1116 185
HIST 1117 161
HIST 1118 172
HIST 1119 182
HIST 1120 156
HIST 1121 186
HIST 1122 149
HIST 1123 162
HIST 1124 168
HIST 1125 166
HIST 1126 155
HIST 1127 185
HIST 1128 159
HIST 1129 174
HIST 1130 199
HIST 1131 170
HIST 1132 171
HIST 1133 192
HIST 1134 187
HIST 1135 173
HIST 1136 182
HIST 1137 181
HIST 1138 177
HIST 1139 171
HIST 1140 144
HIST 1141 155
HIST 1142 159
HIST 1143 151
HIST 1144 170
HIST 1145 196
HIST 1146 177
HIST 1147 162
HIST 1148 179
HIST 1149 181
HIST 1150 178
HIST 1151 147
HIST 1152 150
HIST 1153 186
HIST 1154 196
HIST 1155 147
HIST 1156 156
HIST 1157 150
HIST 1158 167
HIST 1159 168
HIST 1160 154
HIST 1161 166
HIST 1162 168
HIST 1163 165
HIST 1164 175
HIST 1165 175
HIST 1166 171
HIST 1167 200
HIST 1168 156
HIST 1169 148
HIST 1170 150
HIST 1171 148
HIST 1172 184
HIST 1173 185
HIST 1174 175
HIST 1175 150
HIST 1176 189
HIST 1177 170
HIST 1178 190
HIST 1179 199
HIST 1180 179
HIST 1181 148
HIST 1182 166
HIST 1183 161
HIST 1184 147
HIST 1185 167
HIST 1186 217
HIST 1187 168
HIST 1188 180
HIST 1189 182
HIST 1190 167
HIST 1191 153
HIST 1192 174
HIST 1193 168
HIST 1194 184
HIST 1195 180
HIST 1196 176
HIST 1197 167
HIST 1198 174
HIST 1199 168
HIST 1200 164
HIST 1201 174
HIST 1202 171
HIST 1203 153
HIST 1204 164
HIST 1205 153
HIST 1206 155
HIST 1207 142
HIST 1208 168
HIST 1209 168
HIST 1210 176
HIST 1211 191
HIST 1212 175
HIST 1213 182
HIST 1214 176
HIST 1215 178
HIST 1216 183
HIST 1217 183
HIST 1218 178
HIST 1219 151
HIST 1220 175
HIST 1221 163
HIST 1222 147
HIST 1223 168
HIST 1224 191
HIST 1225 158
HIST 1226 183
HIST 1227 190
HIST 1228 176
HIST 1229 160
HIST 1230 195
HIST 1231 181
HIST 1232 175
HIST 1233 192
HIST 1234 180
HIST 1235 183
HIST 1236 177
HIST 1237 168
HIST 1238 153
HIST 1239 160
HIST 1240 166
HIST 1241 153
HIST 1242 159
HIST 1243 168
HIST 1244 174
HIST 1245 155
HIST 1246 171
HIST 1247 152
HIST 1248 167
HIST 1249 178
HIST 1250 179
HIST 1251 149
HIST 1252 163
HIST 1253 157
HIST 1254 190
HIST 1255 164
HIST 1256 186
HIST 1257 160
HIST 1258 207
HIST 1259 160
HIST 1260 197
HIST 1261 177
HIST 1262 156
HIST 1263 167
HIST 1264 175
HIST 1265 180
HIST 1266 155
HIST 1267 174
HIST 1268 158
HIST 1269 154
HIST 1270 174
HIST 1271 169
HIST 1272 152
HIST 1273 153
HIST 1274 172
HIST 1275 151
HIST 1276 154
HIST 1277 177
HIST 1278 175
HIST 1279 179
HIST 1280 170
HIST 1281 193
HIST 1282 183
HIST 1283 185
HIST 1284 170
HIST 1285 180
HIST 1286 182
HIST 1287 177
HIST 1288 169
HIST 1289 181
HIST 1290 143
HIST 1291 161
HIST 1292 157
HIST 1293 173
HIST 1294 163
HIST 1295 176
HIST 1296 152
HIST 1297 166
HIST 1298 184
HIST 1299 186
HIST 1300 161
HIST 1301 160
HIST 1302 164
HIST 1303 168
HIST 1304 177
HIST 1305 162
HIST 1306 180
HIST 1307 195
HIST 1308 175
HIST 1309 177
HIST 1310 164
HIST 1311 165
HIST 1312 163
HIST 1313 151
HIST 1314 174
HIST 1315 163
HIST 1316 184
HIST 1317 159
HIST 1318 168
HIST 1319 199
HIST 1320 166
HIST 1321 164
HIST 1322 184
HIST 1323 168
HIST 1324 162
HIST 1325 188
HIST 1326 168
HIST 1327 165
HIST 1328 154
HIST 1329 178
HIST 1330 189
HIST 1331 170
HIST 1332 161
HIST 1333 190
HIST 1334 178
HIST 1335 175
HIST 1336 199
HIST 1337 161
HIST 1338 169
HIST 1339 170
HIST 1340 188
HIST 1341 170
HIST 1342 182
HIST 1343 155
HIST 1344 173
HIST 1345 179
HIST 1346 163
HIST 1347 186
HIST 1348 157
HIST 1349 186
HIST 1350 158
HIST 1351 183
HIST 1352 184
HIST 1353 175
HIST 1354 150
HIST 1355 172
HIST 1356 153
HIST 1357 166
HIST 1358 160
HIST 1359 173
HIST 1360 169
HIST 1361 186
HIST 1362 125
HIST 1363 172
HIST 1364 155
HIST 1365 172
HIST 1366 173
HIST 1367 174
HIST 1368 185
HIST 1369 143
HIST 1370 166
HIST 1371 183
HIST 1372 163
HIST 1373 201
HIST 1374 168
HIST 1375 181
HIST 1376 180
HIST 1377 155
HIST 1378 185
HIST 1379 165
HIST 1380 182
HIST 1381 166
HIST 1382 176
HIST 1383 185
HIST 1384 178
HIST 1385 165
HIST 1386 154
HIST 1387 160
HIST 1388 162
HIST 1389 165
HIST 1390 188
HIST 1391 182
HIST 1392 188
HIST 1393 180
HIST 1394 161
HIST 1395 160
HIST 1396 181
HIST 1397 178
HIST 1398 191
HIST 1399 172
HIST 1400 174
HIST 1401 162
HIST 1402 169
HIST 1403 172
HIST 1404 181
HIST 1405 165
HIST 1406 176
HIST 1407 188
HIST 1408 181
HIST 1409 169
HIST 1410 192
HIST 1411 176
HIST 1412 179
HIST 1413 197
HIST 1414 166
HIST 1415 203
HIST 1416 214
HIST 1417 196
HIST 1418 171
HIST 1419 142
HIST 1420 156
HIST 1421 170
HIST 1422 182
HIST 1423 181
HIST 1424 161
HIST 1425 188
HIST 1426 169
HIST 1427 151
HIST 1428 172
HIST 1429 185
HIST 1430 145
HIST 1431 165
HIST 1432 180
HIST 1433 194
HIST 1434 181
HIST 1435 186
HIST 1436 181
HIST 1437 200
HIST 1438 164
HIST 1439 155
HIST 1440 158
HIST 1441 207
HIST 1442 158
HIST 1443 166
HIST 1444 176
HIST 1445 185
HIST 1446 173
HIST 1447 158
HIST 1448 167
HIST 1449 182
HIST 1450 173
HIST 1451 170
HIST 1452 192
HIST 1453 162
HIST 1454 170
HIST 1455 166
HIST 1456 192
HIST 1457 177
HIST 1458 159
HIST 1459 179
HIST 1460 143
HIST 1461 166
HIST 1462 181
HIST 1463 177
HIST 1464 148
HIST 1465 174
HIST 1466 165
HIST 1467 152
HIST 1468 187
HIST 1469 152
HIST 1470 177
HIST 1471 177
HIST 1472 185
HIST 1473 168
HIST 1474 164
HIST 1475 158
HIST 1476 185
HIST 1477 169
HIST 1478 165
HIST 1479 171
HIST 1480 157
HIST 1481 182
HIST 1482 129
HIST 1483 167
HIST 1484 175
HIST 1485 173
HIST 1486 163
HIST 1487 164
HIST 1488 168
HIST 1489 178
HIST 1490 166
HIST 1491 165
HIST 1492 161
HIST 1493 183
HIST 1494 165
HIST 1495 170
HIST 1496 162
HIST 1497 159
HIST 1498 159
HIST 1499 155
HIST 1500 151
HIST 1501 161
HIST 1502 173
HIST 1503 155
HIST 1504 175
HIST 1505 171
HIST 1506 157
HIST 1507 158
HIST 1508 164
HIST 1509 163
HIST 1510 163
HIST 1511 172
HIST 1512 187
HIST 1513 159
HIST 1514 178
HIST 1515 164
HIST 1516 168
HIST 1517 158
HIST 1518 165
HIST 1519 151
HIST 1520 159
HIST 1521 166
HIST 1522 166
HIST 1523 161
HIST 1524 156
HIST 1525 167
HIST 1526 159
HIST 1527 172
HIST 1528 179
HIST 1529 170
HIST 1530 150
HIST 1531 181
HIST 1532 157
HIST 1533 181
HIST 1534 155
HIST 1535 177
HIST 1536 163
HIST 1537 168
HIST 1538 163
HIST 1539 169
HIST 1540 158
HIST 1541 165
HIST 1542 168
HIST 1543 161
HIST 1544 149
HIST 1545 164
HIST 1546 167
HIST 1547 163
HIST 1548 151
HIST 1549 180
HIST 1550 141
HIST 1551 156
HIST 1552 157
HIST 1553 165
HIST 1554 175
HIST 1555 158
HIST 1556 149
HIST 1557 159
HIST 1558 161
HIST 1559 138
HIST 1560 144
HIST 1561 155
HIST 1562 227
HIST 1563 174
HIST 1564 194
HIST 1565 176
HIST 1566 161
HIST 1567 153
HIST 1568 166
HIST 1569 178
HIST 1570 158
HIST 1571 173
HIST 1572 159
HIST 1573 146
HIST 1574 151
HIST 1575 161
HIST 1576 141
HIST 1577 138
HIST 1578 164
HIST 1579 173
HIST 1580 159
HIST 1581 166
HIST 1582 149
HIST 1583 146
HIST 1584 166
HIST 1585 129
HIST 1586 173
HIST 1587 160
HIST 1588 151
HIST 1589 166
HIST 1590 177
HIST 1591 167
HIST 1592 143
HIST 1593 43221
HIST 1594 180
HIST 1595 201
HIST 1596 204
HIST 1597 214
HIST 1598 205
HIST 1599 195
HIST 1600 195
HIST 1601 202
HIST 1602 215
HIST 1603 193
HIST 1604 196
HIST 1605 198
HIST 1606 209
HIST 1607 201
HIST 1608 221
HIST 1609 197
HIST 1610 199
HIST 1611 192
HIST 1612 210
HIST 1613 202
HIST 1614 190
HIST 1615 192
HIST 1616 196
HIST 1617 211
HIST 1618 208
HIST 1619 199
HIST 1620 189
HIST 1621 202
HIST 1622 200
HIST 1623 194
HIST 1624 194
HIST 1625 220
HIST 1626 195
HIST 1627 207
HIST 1628 181
HIST 1629 199
HIST 1630 202
HIST 1631 206
HIST 1632 220
HIST 1633 187
HIST 1634 188
HIST 1635 226
HIST 1636 209
HIST 1637 211
HIST 1638 193
HIST 1639 210
HIST 1640 191
HIST 1641 197
HIST 1642 207
HIST 1643 195
HIST 1644 185
HIST 1645 212
HIST 1646 221
HIST 1647 205
HIST 1648 198
HIST 1649 201
HIST 1650 199
HIST 1651 173
HIST 1652 205
HIST 1653 212
HIST 1654 190
HIST 1655 206
HIST 1656 209
HIST 1657 198
HIST 1658 213
HIST 1659 196
HIST 1660 212
HIST 1661 185
HIST 1662 195
HIST 1663 208
HIST 1664 187
HIST 1665 202
HIST 1666 213
HIST 1667 191
HIST 1668 204
HIST 1669 215
HIST 1670 193
HIST 1671 216
HIST 1672 202
HIST 1673 193
HIST 1674 193
HIST 1675 189
HIST 1676 192
HIST 1677 221
HIST 1678 208
HIST 1679 208
HIST 1680 218
HIST 1681 208
HIST 1682 211
HIST 1683 191
HIST 1684 195
HIST 1685 202
HIST 1686 223
HIST 1687 214
HIST 1688 179
HIST 1689 213
HIST 1690 208
HIST 1691 195
HIST 1692 207
HIST 1693 209
HIST 1694 194
HIST 1695 205
HIST 1696 188
HIST 1697 205
HIST 1698 210
HIST 1699 177
HIST 1700 200
HIST 1701 172
HIST 1702 197
HIST 1703 185
HIST 1704 218
HIST 1705 206
HIST 1706 181
HIST 1707 206
HIST 1708 197
HIST 1709 184
HIST 1710 202
HIST 1711 188
HIST 1712 203
HIST 1713 195
HIST 1714 198
HIST 1715 186
HIST 1716 183
HIST 1717 198
HIST 1718 180
HIST 1719 200
HIST 1720 218
HIST 1721 184
HIST 1722 177
HIST 1723 208
HIST 1724 225
HIST 1725 196
HIST 1726 206
HIST 1727 191
HIST 1728 178
HIST 1729 206
HIST 1730 162
HIST 1731 194
HIST 1732 195
HIST 1733 185
HIST 1734 209
HIST 1735 200
HIST 1736 182
HIST 1737 223
HIST 1738 184
HIST 1739 204
HIST 1740 193
HIST 1741 195
HIST 1742 211
HIST 1743 185
HIST 1744 211
HIST 1745 202
HIST 1746 202
HIST 1747 181
HIST 1748 214
HIST 1749 178
HIST 1750 165
HIST 1751 212
HIST 1752 212
HIST 1753 198
HIST 1754 170
HIST 1755 196
HIST 1756 169
HIST 1757 185
HIST 1758 190
HIST 1759 202
HIST 1760 185
HIST 1761 203
HIST 1762 193
HIST 1763 207
HIST 1764 200
HIST 1765 222
HIST 1766 222
HIST 1767 223
HIST 1768 203
HIST 1769 216
HIST 1770 203
HIST 1771 209
HIST 1772 200
HIST 1773 234
HIST 1774 215
HIST 1775 196
HIST 1776 199
HIST 1777 228
HIST 1778 201
HIST 1779 215
HIST 1780 191
HIST 1781 222
HIST 1782 206
HIST 1783 209
HIST 1784 233
HIST 1785 186
HIST 1786 208
HIST 1787 222
HIST 1788 205
HIST 1789 212
HIST 1790 201
HIST 1791 162
HIST 1792 219
HIST 1793 200
HIST 1794 192
HIST 1795 212
HIST 1796 185
HIST 1797 210
HIST 1798 218
HIST 1799 193
HIST 1800 211
HIST 1801 193
HIST 1802 201
HIST 1803 186
HIST 1804 189
HIST 1805 201
HIST 1806 195
HIST 1807 213
HIST 1808 176
HIST 1809 192
HIST 1810 217
HIST 1811 205
HIST 1812 194
HIST 1813 176
HIST 1814 205
HIST 1815 212
HIST 1816 191
HIST 1817 191
HIST 1818 198
HIST 1819 212
HIST 1820 185
HIST 1821 220
HIST 1822 187
HIST 1823 175
HIST 1824 212
HIST 1825 174
HIST 1826 209
HIST 1827 212
HIST 1828 203
HIST 1829 176
HIST 1830 205
HIST 1831 240
HIST 1832 201
HIST 1833 190
HIST 1834 228
HIST 1835 212
HIST 1836 198
HIST 1837 198
HIST 1838 241
HIST 1839 190
HIST 1840 218
HIST 1841 218
HIST 1842 177
HIST 1843 194
HIST 1844 190
HIST 1845 196
HIST 1846 211
HIST 1847 217
HIST 1848 193
HIST 1849 222
HIST 1850 185
HIST 1851 207
HIST 1852 191
HIST 1853 194
HIST 1854 211
HIST 1855 209
HIST 1856 185
HIST 1857 209
HIST 1858 205
HIST 1859 221
HIST 1860 214
HIST 1861 195
HIST 1862 217
HIST 1863 207
HIST 1864 210
HIST 1865 193
HIST 1866 223
HIST 1867 185
HIST 1868 224
HIST 1869 191
HIST 1870 201
HIST 1871 220
HIST 1872 209
HIST 1873 207
HIST 1874 190
HIST 1875 192
HIST 1876 222
HIST 1877 190
HIST 1878 203
HIST 1879 175
HIST 1880 197
HIST 1881 183
HIST 1882 218
HIST 1883 192
HIST 1884 232
HIST 1885 205
HIST 1886 217
HIST 1887 226
HIST 1888 218
HIST 1889 204
HIST 1890 178
HIST 1891 228
HIST 1892 202
HIST 1893 188
HIST 1894 200
HIST 1895 200
HIST 1896 193
HIST 1897 211
HIST 1898 189
HIST 1899 194
HIST 1900 213
HIST 1901 192
HIST 1902 197
HIST 1903 233
HIST 1904 194
HIST 1905 234
HIST 1906 212
HIST 1907 197
HIST 1908 207
HIST 1909 191
HIST 1910 189
HIST 1911 210
HIST 1912 189
HIST 1913 218
HIST 1914 192
HIST 1915 207
HIST 1916 234
HIST 1917 193
HIST 1918 202
HIST 1919 201
HIST 1920 212
HIST 1921 200
HIST 1922 209
HIST 1923 190
HIST 1924 200
HIST 1925 225
HIST 1926 214
HIST 1927 207
HIST 1928 209
HIST 1929 210
HIST 1930 193
HIST 1931 201
HIST 1932 187
HIST 1933 214
HIST 1934 212
HIST 1935 205
HIST 1936 198
HIST 1937 173
HIST 1938 177
HIST 1939 195
HIST 1940 194
HIST 1941 176
HIST 1942 202
HIST 1943 173
HIST 1944 198
HIST 1945 181
HIST 1946 182
HIST 1947 178
HIST 1948 193
HIST 1949 189
HIST 1950 189
HIST 1951 185
HIST 1952 165
HIST 1953 206
HIST 1954 188
HIST 1955 204
HIST 1956 185
HIST 1957 198
HIST 1958 187
HIST 1959 191
HIST 1960 188
HIST 1961 174
HIST 1962 187
HIST 1963 183
HIST 1964 178
HIST 1965 207
HIST 1966 166
HIST 1967 186
HIST 1968 191
HIST 1969 219
HIST 1970 185
HIST 1971 194
HIST 1972 184
HIST 1973 177
HIST 1974 204
HIST 1975 202
HIST 1976 172
HIST 1977 186
HIST 1978 171
HIST 1979 206
HIST 1980 172
HIST 1981 172
HIST 1982 189
HIST 1983 184
HIST 1984 171
HIST 1985 172
HIST 1986 175
HIST 1987 174
HIST 1988 207
HIST 1989 198
HIST 1990 193
HIST 1991 180
HIST 1992 175
HIST 1993 194
HIST 1994 192
HIST 1995 180
HIST 1996 183
HIST 1997 185
HIST 1998 186
HIST 1999 180
HIST 2000 178
HIST 2001 203
HIST 2002 192
HIST 2003 192
HIST 2004 187
HIST 2005 190
HIST 2006 190
HIST 2007 176
HIST 2008 195
HIST 2009 197
HIST 2010 200
HIST 2011 199
HIST 2012 212
HIST 2013 164
HIST 2014 209
HIST 2015 204
HIST 2016 189
HIST 2017 163
HIST 2018 183
HIST 2019 207
HIST 2020 196
HIST 2021 191
HIST 2022 207
HIST 2023 207
HIST 2024 178
HIST 2025 180
HIST 2026 180
HIST 2027 212
HIST 2028 203
HIST 2029 193
HIST 2030 197
HIST 2031 198
HIST 2032 196
HIST 2033 185
HIST 2034 182
HIST 2035 181
HIST 2036 180
HIST 2037 178
HIST 2038 195
HIST 2039 196
HIST 2040 200
HIST 2041 222
HIST 2042 184
HIST 2043 194
HIST 2044 191
HIST 2045 194
HIST 2046 197
HIST 2047 183
HIST 2048 179
HIST 2049 195
HIST 2050 177
HIST 2051 179
HIST 2052 166
HIST 2053 218
HIST 2054 193
HIST 2055 181
HIST 2056 168
HIST 2057 193
HIST 2058 208
HIST 2059 181
HIST 2060 196
HIST 2061 206
HIST 2062 196
HIST 2063 173
HIST 2064 181
HIST 2065 178
HIST 2066 179
HIST 2067 188
HIST 2068 203
HIST 2069 186
HIST 2070 199
HIST 2071 185
HIST 2072 201
HIST 2073 270
HIST 2074 174
HIST 2075 194
HIST 2076 222
HIST 2077 177
HIST 2078 182
HIST 2079 188
HIST 2080 229
HIST 2081 198
HIST 2082 216
HIST 2083 201
HIST 2084 211
HIST 2085 192
HIST 2086 198
HIST 2087 199
HIST 2088 250
HIST 2089 211
HIST 2090 203
HIST 2091 182
HIST 2092 206
HIST 2093 210
HIST 2094 190
HIST 2095 217
HIST 2096 197
HIST 2097 187
HIST 2098 196
HIST 2099 218
HIST 2100 218
HIST 2101 204
HIST 2102 178
HIST 2103 208
HIST 2104 7184
HIST 2105 199
HIST 2106 210
HIST 2107 222
HIST 2108 213
HIST 2109 173
HIST 2110 179
HIST 2111 198
HIST 2112 193
HIST 2113 192
HIST 2114 197
HIST 2115 201
HIST 2116 236
HIST 2117 213
HIST 2118 191
HIST 2119 197
HIST 2120 191
HIST 2121 225
HIST 2122 203
HIST 2123 192
HIST 2124 180
HIST 2125 187
HIST 2126 183
HIST 2127 205
HIST 2128 221
HIST 2129 222
HIST 2130 201
HIST 2131 209
HIST 2132 196
HIST 2133 202
HIST 2134 221
HIST 2135 211
HIST 2136 198
HIST 2137 229
HIST 2138 194
HIST 2139 189
HIST 2140 203
HIST 2141 203
HIST 2142 213
HIST 2143 225
HIST 2144 187
HIST 2145 207
HIST 2146 203
HIST 2147 183
HIST 2148 240
HIST 2149 191
HIST 2150 232
HIST 2151 213
HIST 2152 198
HIST 2153 194
HIST 2154 225
HIST 2155 205
HIST 2156 227
HIST 2157 214
HIST 2158 221
HIST 2159 188
HIST 2160 205
HIST 2161 193
HIST 2162 220
HIST 2163 198
HIST 2164 184
HIST 2165 202
HIST 2166 219
HIST 2167 239
HIST 2168 208
HIST 2169 198
HIST 2170 230
HIST 2171 232
HIST 2172 214
HIST 2173 244
HIST 2174 215
HIST 2175 210
HIST 2176 221
HIST 2177 206
HIST 2178 216
HIST 2179 219
HIST 2180 240
HIST 2181 219
HIST 2182 210
HIST 2183 208
HIST 2184 189
HIST 2185 222
HIST 2186 212
HIST 2187 202
HIST 2188 225
HIST 2189 216
HIST 2190 215
HIST 2191 227
HIST 2192 204
HIST 2193 198
HIST 2194 213
HIST 2195 244
HIST 2196 229
HIST 2197 250
HIST 2198 226
HIST 2199 201
HIST 2200 216
HIST 2201 237
HIST 2202 207
HIST 2203 219
HIST 2204 197
HIST 2205 206
HIST 2206 205
HIST 2207 203
HIST 2208 203
HIST 2209 209
HIST 2210 237
HIST 2211 221
HIST 2212 216
HIST 2213 210
HIST 2214 215
HIST 2215 235
HIST 2216 200
HIST 2217 218
HIST 2218 217
HIST 2219 223
HIST 2220 230
HIST 2221 233
HIST 2222 243
HIST 2223 214
HIST 2224 205
HIST 2225 227
HIST 2226 218
HIST 2227 227
HIST 2228 219
HIST 2229 223
HIST 2230 206
HIST 2231 213
HIST 2232 244
HIST 2233 205
HIST 2234 231
HIST 2235 222
HIST 2236 201
HIST 2237 225
HIST 2238 225
HIST 2239 269
HIST 2240 245
HIST 2241 231
HIST 2242 246
HIST 2243 251
HIST 2244 235
HIST 2245 224
HIST 2246 217
HIST 2247 213
HIST 2248 244
HIST 2249 218
HIST 2250 249
HIST 2251 246
HIST 2252 218
HIST 2253 235
HIST 2254 235
HIST 2255 241
HIST 2256 238
HIST 2257 259
HIST 2258 227
HIST 2259 193
HIST 2260 226
HIST 2261 226
HIST 2262 251
HIST 2263 258
HIST 2264 199
HIST 2265 242
HIST 2266 219
HIST 2267 225
HIST 2268 243
HIST 2269 214
HIST 2270 253
HIST 2271 234
HIST 2272 235
HIST 2273 226
HIST 2274 240
HIST 2275 230
HIST 2276 249
HIST 2277 252
HIST 2278 247
HIST 2279 259
HIST 2280 241
HIST 2281 244
HIST 2282 266
HIST 2283 232
HIST 2284 234
HIST 2285 225
HIST 2286 233
HIST 2287 248
HIST 2288 250
HIST 2289 255
HIST 2290 274
HIST 2291 285
HIST 2292 253
HIST 2293 266
HIST 2294 285
HIST 2295 253
HIST 2296 247
HIST 2297 228
HIST 2298 246
HIST 2299 233
HIST 2300 263
HIST 2301 223
HIST 2302 252
HIST 2303 259
HIST 2304 256
HIST 2305 250
HIST 2306 253
HIST 2307 250
HIST 2308 257
HIST 2309 275
HIST 2310 279
HIST 2311 272
HIST 2312 301
HIST 2313 253
HIST 2314 244
HIST 2315 241
HIST 2316 262
HIST 2317 271
HIST 2318 270
HIST 2319 273
HIST 2320 249
HIST 2321 267
HIST 2322 245
HIST 2323 250
HIST 2324 298
HIST 2325 278
HIST 2326 254
HIST 2327 248
HIST 2328 287
HIST 2329 279
HIST 2330 246
HIST 2331 302
HIST 2332 295
HIST 2333 275
HIST 2334 256
HIST 2335 317
HIST 2336 280
HIST 2337 285
HIST 2338 284
HIST 2339 260
HIST 2340 253
HIST 2341 263
HIST 2342 294
HIST 2343 251
HIST 2344 266
HIST 2345 288
HIST 2346 284
HIST 2347 275
HIST 2348 300
HIST 2349 291
HIST 2350 271
HIST 2351 304
HIST 2352 277
HIST 2353 304
HIST 2354 264
HIST 2355 278
HIST 2356 288
HIST 2357 301
HIST 2358 278
HIST 2359 277
HIST 2360 285
HIST 2361 314
HIST 2362 247
HIST 2363 281
HIST 2364 267
HIST 2365 293
HIST 2366 288
HIST 2367 299
HIST 2368 268
HIST 2369 278
HIST 2370 331
HIST 2371 299
HIST 2372 294
HIST 2373 297
HIST 2374 279
HIST 2375 285
HIST 2376 288
HIST 2377 257
HIST 2378 244
HIST 2379 251
HIST 2380 261
HIST 2381 235
HIST 2382 221
HIST 2383 174
HIST 2384 161
HIST 2385 131
HIST 2386 132
HIST 2387 132
HIST 2388 120
HIST 2389 116
HIST 2390 103
HIST 2391 95
HIST 2392 97
HIST 2393 103
HIST 2394 103
HIST 2395 104
HIST 2396 94
HIST 2397 67
HIST 2398 76
HIST 2399 79
HIST 2400 79
HIST 2401 112
HIST 2402 80
HIST 2403 85
HIST 2404 76
HIST 2405 81
HIST 2406 70
HIST 2407 63
HIST 2408 63
HIST 2409 73
HIST 2410 66
HIST 2411 69
HIST 2412 68
HIST 2413 82
HIST 2414 60
HIST 2415 66
HIST 2416 70
HIST 2417 50
HIST 2418 53
HIST 2419 59
HIST 2420 67
HIST 2421 60
HIST 2422 54
HIST 2423 67
HIST 2424 64
HIST 2425 56
HIST 2426 68
HIST 2427 58
HIST 2428 54
HIST 2429 65
HIST 2430 61
HIST 2431 48
HIST 2432 59
HIST 2433 51
HIST 2434 58
HIST 2435 43
HIST 2436 55
HIST 2437 46
HIST 2438 47
HIST 2439 40
HIST 2440 55
HIST 2441 46
HIST 2442 41
HIST 2443 56
HIST 2444 37
HIST 2445 42
HIST 2446 45
HIST 2447 41
HIST 2448 50
HIST 2449 53
HIST 2450 43
HIST 2451 40
HIST 2452 41
HIST 2453 37
HIST 2454 51
HIST 2455 49
HIST 2456 39
HIST 2457 34
HIST 2458 38
HIST 2459 30
HIST 2460 44
HIST 2461 41
HIST 2462 39
HIST 2463 40
HIST 2464 34
HIST 2465 35
HIST 2466 43
HIST 2467 37
HIST 2468 29
HIST 2469 34
HIST 2470 32
HIST 2471 32
HIST 2472 30
HIST 2473 32
HIST 2474 20
HIST 2475 22
HIST 2476 32
HIST 2477 19
HIST 2478 29
HIST 2479 19
HIST 2480 27
HIST 2481 23
HIST 2482 24
HIST 2483 17
HIST 2484 22
HIST 2485 17
HIST 2486 15
HIST 2487 22
HIST 2488 23
HIST 2489 16
HIST 2490 19
HIST 2491 19
HIST 2492 20
HIST 2493 19
HIST 2494 17
HIST 2495 12
HIST 2496 24
HIST 2497 17
HIST 2498 15
HIST 2499 9
HIST 2500 13
HIST 2501 20
HIST 2502 10
HIST 2503 15
HIST 2504 11
HIST 2505 9
HIST 2506 21
HIST 2507 8
HIST 2508 9
HIST 2509 12
HIST 2510 12
HIST 2511 15
HIST 2512 13
HIST 2513 15
HIST 2514 13
HIST 2515 14
HIST 2516 8
HIST 2517 6
HIST 2518 13
HIST 2519 6
HIST 2520 4
HIST 2521 10
HIST 2522 9
HIST 2523 9
HIST 2524 10
HIST 2525 6
HIST 2526 1
HIST 2527 8
HIST 2528 9
HIST 2529 5
HIST 2530 5
HIST 2531 6
HIST 2532 3
HIST 2533 6
HIST 2534 6
HIST 2535 6
HIST 2536 4
HIST 2537 4
HIST 2538 6
HIST 2539 4
HIST 2540 3
HIST 2541 7
HIST 2542 4
HIST 2543 7
HIST 2544 2
HIST 2545 4
HIST 2546 3
HIST 2547 4
HIST 2548 6
HIST 2549 2
HIST 2550 8
HIST 2551 2
HIST 2552 4
HIST 2553 1
HIST 2554 4
HIST 2555 3
HIST 2556 1
HIST 2557 3
HIST 2558 4
HIST 2559 4
HIST 2560 2
HIST 2561 5
HIST 2562 2
HIST 2563 3
HIST 2564 1
HIST 2565 4
HIST 2566 5
HIST 2567 1
HIST 2568 2
HIST 2569 3
HIST 2570 2
HIST 2572 3
HIST 2573 2
HIST 2575 3
HIST 2576 1
HIST 2577 2
HIST 2579 7
HIST 2580 17
HIST 2581 9
HIST 2582 29
HIST 2583 2
HIST 2584 180
HIST 2585 2
HIST 2586 138
HIST 2587 3
HIST 2590 1
HIST 2593 2
HIST 2594 1
HIST 2595 1
HIST 2598 2
HIST 2600 2
HIST 2601 2
HIST 2608 1
HIST 2612 2
HIST 2613 2
HIST 2614 1
HIST 2615 19985
HISTEND
ESCPOP decays=20000000 own_exit=91135 carry_exit=0 own_return=0 same=0 other=0 noface=0 lineage_gamma_out=0 lineage_lepton_out=0 killed_gamma=0 killed_lepton=0 facemiss=0 lineage_inside=0 out_lepton=1405747 out_brem_gamma=83593 killed_out_brem=0
