SETUP correlatedGamma=0 twoJmax=10 vacuum=1 seed=0 killesc=0 killcarry=1 fullcarry=0 histbin=1.000 histbins=1462 iontag=0 escpop=1 killescown=1 killesccarry=0 killret=0 killretsame=0 killretother=0 killescbrem=0 killescdelta=0 killoutbrem=1
CUTS (production thresholds per material couple):
 Material : G4_Galactic
 Range cuts        :  gamma  1 mm     e-  1 mm     e+  1 mm  proton 1 mm 
 Energy thresholds :  gamma  990 eV     e-  990 eV     e+  990 eV  proton 100 keV
 Material : scene_mat_3
 Range cuts        :  gamma  1 mm     e-  1 mm     e+  1 mm  proton 1 mm 
 Energy thresholds :  gamma  6.91691 keV    e-  597.603 keV    e+  574.29 keV proton 100 keV
 Material : scene_mat_1
 Range cuts        :  gamma  1 mm     e-  1 mm     e+  1 mm  proton 1 mm 
 Energy thresholds :  gamma  4.39533 keV    e-  541.252 keV    e+  522.087 keV proton 100 keV
 Material : scene_mat_0
 Range cuts        :  gamma  1 mm     e-  1 mm     e+  1 mm  proton 1 mm 
 Energy thresholds :  gamma  38.4662 keV    e-  692.485 keV    e+  658.149 keV proton 100 keV
RESULT decays=20000000
RESULT any=700595 eps_total=3.502975e-02
RESULT window=1460.820 counts=60507 eps=3.025350e-03
HISTBEGIN bins=1462 bin_kev=1.000000 decays=20000000
HIST 0 172
HIST 1 529
HIST 2 567
HIST 3 537
HIST 4 571
HIST 5 633
HIST 6 665
HIST 7 667
HIST 8 673
HIST 9 626
HIST 10 659
HIST 11 638
HIST 12 660
HIST 13 682
HIST 14 599
HIST 15 643
HIST 16 647
HIST 17 655
HIST 18 617
HIST 19 602
HIST 20 580
HIST 21 645
HIST 22 651
HIST 23 622
HIST 24 583
HIST 25 641
HIST 26 651
HIST 27 621
HIST 28 599
HIST 29 622
HIST 30 612
HIST 31 616
HIST 32 610
HIST 33 629
HIST 34 644
HIST 35 612
HIST 36 639
HIST 37 577
HIST 38 683
HIST 39 652
HIST 40 581
HIST 41 652
HIST 42 580
HIST 43 595
HIST 44 639
HIST 45 571
HIST 46 587
HIST 47 610
HIST 48 600
HIST 49 645
HIST 50 638
HIST 51 601
HIST 52 590
HIST 53 587
HIST 54 617
HIST 55 582
HIST 56 597
HIST 57 560
HIST 58 577
HIST 59 628
HIST 60 580
HIST 61 598
HIST 62 552
HIST 63 593
HIST 64 617
HIST 65 615
HIST 66 584
HIST 67 591
HIST 68 588
HIST 69 637
HIST 70 632
HIST 71 603
HIST 72 628
HIST 73 568
HIST 74 589
HIST 75 622
HIST 76 582
HIST 77 576
HIST 78 587
HIST 79 542
HIST 80 618
HIST 81 579
HIST 82 585
HIST 83 594
HIST 84 553
HIST 85 590
HIST 86 610
HIST 87 601
HIST 88 543
HIST 89 526
HIST 90 547
HIST 91 600
HIST 92 578
HIST 93 601
HIST 94 604
HIST 95 547
HIST 96 577
HIST 97 633
HIST 98 554
HIST 99 586
HIST 100 551
HIST 101 568
HIST 102 601
HIST 103 549
HIST 104 530
HIST 105 548
HIST 106 579
HIST 107 541
HIST 108 560
HIST 109 586
HIST 110 557
HIST 111 580
HIST 112 573
HIST 113 564
HIST 114 584
HIST 115 519
HIST 116 549
HIST 117 553
HIST 118 575
HIST 119 574
HIST 120 585
HIST 121 582
HIST 122 594
HIST 123 576
HIST 124 548
HIST 125 563
HIST 126 558
HIST 127 592
HIST 128 542
HIST 129 591
HIST 130 592
HIST 131 601
HIST 132 536
HIST 133 563
HIST 134 567
HIST 135 571
HIST 136 580
HIST 137 600
HIST 138 599
HIST 139 555
HIST 140 574
HIST 141 567
HIST 142 566
HIST 143 545
HIST 144 580
HIST 145 566
HIST 146 538
HIST 147 538
HIST 148 549
HIST 149 531
HIST 150 595
HIST 151 582
HIST 152 595
HIST 153 550
HIST 154 551
HIST 155 632
HIST 156 550
HIST 157 550
HIST 158 552
HIST 159 565
HIST 160 531
HIST 161 541
HIST 162 526
HIST 163 556
HIST 164 584
HIST 165 582
HIST 166 566
HIST 167 574
HIST 168 499
HIST 169 556
HIST 170 547
HIST 171 525
HIST 172 570
HIST 173 546
HIST 174 589
HIST 175 564
HIST 176 519
HIST 177 539
HIST 178 577
HIST 179 560
HIST 180 551
HIST 181 534
HIST 182 541
HIST 183 565
HIST 184 512
HIST 185 519
HIST 186 529
HIST 187 532
HIST 188 572
HIST 189 514
HIST 190 554
HIST 191 547
HIST 192 544
HIST 193 550
HIST 194 545
HIST 195 570
HIST 196 526
HIST 197 525
HIST 198 525
HIST 199 528
HIST 200 542
HIST 201 499
HIST 202 568
HIST 203 548
HIST 204 510
HIST 205 525
HIST 206 533
HIST 207 507
HIST 208 549
HIST 209 541
HIST 210 552
HIST 211 524
HIST 212 526
HIST 213 581
HIST 214 537
HIST 215 537
HIST 216 554
HIST 217 577
HIST 218 680
HIST 219 636
HIST 220 665
HIST 221 680
HIST 222 693
HIST 223 720
HIST 224 723
HIST 225 674
HIST 226 738
HIST 227 685
HIST 228 656
HIST 229 700
HIST 230 680
HIST 231 688
HIST 232 663
HIST 233 685
HIST 234 724
HIST 235 684
HIST 236 683
HIST 237 700
HIST 238 672
HIST 239 720
HIST 240 661
HIST 241 700
HIST 242 652
HIST 243 663
HIST 244 641
HIST 245 695
HIST 246 688
HIST 247 654
HIST 248 652
HIST 249 624
HIST 250 661
HIST 251 650
HIST 252 673
HIST 253 645
HIST 254 645
HIST 255 604
HIST 256 673
HIST 257 616
HIST 258 692
HIST 259 643
HIST 260 656
HIST 261 645
HIST 262 671
HIST 263 633
HIST 264 637
HIST 265 653
HIST 266 641
HIST 267 649
HIST 268 621
HIST 269 586
HIST 270 608
HIST 271 601
HIST 272 600
HIST 273 604
HIST 274 616
HIST 275 594
HIST 276 628
HIST 277 592
HIST 278 586
HIST 279 605
HIST 280 617
HIST 281 580
HIST 282 614
HIST 283 616
HIST 284 629
HIST 285 575
HIST 286 567
HIST 287 534
HIST 288 581
HIST 289 584
HIST 290 570
HIST 291 578
HIST 292 560
HIST 293 571
HIST 294 590
HIST 295 580
HIST 296 570
HIST 297 535
HIST 298 556
HIST 299 543
HIST 300 565
HIST 301 535
HIST 302 560
HIST 303 567
HIST 304 540
HIST 305 521
HIST 306 540
HIST 307 534
HIST 308 547
HIST 309 538
HIST 310 537
HIST 311 553
HIST 312 515
HIST 313 553
HIST 314 518
HIST 315 575
HIST 316 542
HIST 317 528
HIST 318 533
HIST 319 515
HIST 320 541
HIST 321 535
HIST 322 525
HIST 323 520
HIST 324 496
HIST 325 516
HIST 326 524
HIST 327 521
HIST 328 541
HIST 329 510
HIST 330 464
HIST 331 550
HIST 332 535
HIST 333 507
HIST 334 525
HIST 335 527
HIST 336 524
HIST 337 494
HIST 338 519
HIST 339 529
HIST 340 479
HIST 341 510
HIST 342 535
HIST 343 496
HIST 344 502
HIST 345 502
HIST 346 492
HIST 347 515
HIST 348 535
HIST 349 489
HIST 350 487
HIST 351 498
HIST 352 505
HIST 353 501
HIST 354 496
HIST 355 498
HIST 356 476
HIST 357 513
HIST 358 525
HIST 359 507
HIST 360 473
HIST 361 506
HIST 362 458
HIST 363 498
HIST 364 520
HIST 365 466
HIST 366 501
HIST 367 474
HIST 368 473
HIST 369 477
HIST 370 474
HIST 371 495
HIST 372 463
HIST 373 457
HIST 374 481
HIST 375 465
HIST 376 510
HIST 377 502
HIST 378 467
HIST 379 484
HIST 380 479
HIST 381 484
HIST 382 493
HIST 383 479
HIST 384 498
HIST 385 495
HIST 386 499
HIST 387 464
HIST 388 489
HIST 389 440
HIST 390 448
HIST 391 450
HIST 392 504
HIST 393 495
HIST 394 456
HIST 395 484
HIST 396 511
HIST 397 469
HIST 398 475
HIST 399 480
HIST 400 496
HIST 401 449
HIST 402 458
HIST 403 482
HIST 404 469
HIST 405 426
HIST 406 439
HIST 407 486
HIST 408 440
HIST 409 450
HIST 410 490
HIST 411 425
HIST 412 480
HIST 413 482
HIST 414 467
HIST 415 463
HIST 416 447
HIST 417 456
HIST 418 430
HIST 419 471
HIST 420 426
HIST 421 432
HIST 422 426
HIST 423 482
HIST 424 473
HIST 425 448
HIST 426 461
HIST 427 477
HIST 428 421
HIST 429 484
HIST 430 451
HIST 431 412
HIST 432 478
HIST 433 431
HIST 434 468
HIST 435 424
HIST 436 425
HIST 437 443
HIST 438 448
HIST 439 8009
HIST 440 469
HIST 441 459
HIST 442 451
HIST 443 435
HIST 444 468
HIST 445 460
HIST 446 433
HIST 447 456
HIST 448 479
HIST 449 444
HIST 450 432
HIST 451 480
HIST 452 432
HIST 453 457
HIST 454 436
HIST 455 444
HIST 456 453
HIST 457 396
HIST 458 482
HIST 459 490
HIST 460 479
HIST 461 455
HIST 462 444
HIST 463 451
HIST 464 442
HIST 465 483
HIST 466 430
HIST 467 429
HIST 468 425
HIST 469 455
HIST 470 452
HIST 471 483
HIST 472 413
HIST 473 482
HIST 474 439
HIST 475 425
HIST 476 459
HIST 477 454
HIST 478 467
HIST 479 455
HIST 480 408
HIST 481 406
HIST 482 448
HIST 483 474
HIST 484 425
HIST 485 427
HIST 486 455
HIST 487 439
HIST 488 420
HIST 489 433
HIST 490 426
HIST 491 417
HIST 492 408
HIST 493 425
HIST 494 432
HIST 495 465
HIST 496 471
HIST 497 414
HIST 498 436
HIST 499 408
HIST 500 419
HIST 501 430
HIST 502 458
HIST 503 471
HIST 504 417
HIST 505 418
HIST 506 466
HIST 507 426
HIST 508 422
HIST 509 404
HIST 510 466
HIST 511 468
HIST 512 414
HIST 513 419
HIST 514 419
HIST 515 429
HIST 516 443
HIST 517 439
HIST 518 433
HIST 519 437
HIST 520 423
HIST 521 403
HIST 522 461
HIST 523 428
HIST 524 449
HIST 525 448
HIST 526 436
HIST 527 434
HIST 528 421
HIST 529 442
HIST 530 435
HIST 531 449
HIST 532 425
HIST 533 418
HIST 534 384
HIST 535 435
HIST 536 417
HIST 537 438
HIST 538 427
HIST 539 436
HIST 540 409
HIST 541 400
HIST 542 465
HIST 543 433
HIST 544 428
HIST 545 399
HIST 546 410
HIST 547 452
HIST 548 394
HIST 549 410
HIST 550 447
HIST 551 428
HIST 552 430
HIST 553 437
HIST 554 432
HIST 555 421
HIST 556 441
HIST 557 415
HIST 558 405
HIST 559 418
HIST 560 434
HIST 561 403
HIST 562 396
HIST 563 383
HIST 564 441
HIST 565 458
HIST 566 433
HIST 567 418
HIST 568 407
HIST 569 408
HIST 570 403
HIST 571 428
HIST 572 452
HIST 573 391
HIST 574 406
HIST 575 430
HIST 576 436
HIST 577 406
HIST 578 403
HIST 579 436
HIST 580 402
HIST 581 412
HIST 582 429
HIST 583 424
HIST 584 420
HIST 585 386
HIST 586 420
HIST 587 425
HIST 588 411
HIST 589 453
HIST 590 413
HIST 591 455
HIST 592 440
HIST 593 438
HIST 594 401
HIST 595 404
HIST 596 426
HIST 597 375
HIST 598 393
HIST 599 452
HIST 600 397
HIST 601 397
HIST 602 407
HIST 603 388
HIST 604 417
HIST 605 365
HIST 606 416
HIST 607 403
HIST 608 408
HIST 609 389
HIST 610 426
HIST 611 403
HIST 612 379
HIST 613 411
HIST 614 407
HIST 615 414
HIST 616 425
HIST 617 451
HIST 618 380
HIST 619 409
HIST 620 416
HIST 621 414
HIST 622 437
HIST 623 435
HIST 624 400
HIST 625 410
HIST 626 427
HIST 627 374
HIST 628 427
HIST 629 417
HIST 630 399
HIST 631 388
HIST 632 401
HIST 633 405
HIST 634 400
HIST 635 418
HIST 636 406
HIST 637 393
HIST 638 395
HIST 639 412
HIST 640 395
HIST 641 389
HIST 642 410
HIST 643 435
HIST 644 388
HIST 645 412
HIST 646 354
HIST 647 388
HIST 648 391
HIST 649 391
HIST 650 392
HIST 651 453
HIST 652 379
HIST 653 436
HIST 654 398
HIST 655 386
HIST 656 446
HIST 657 419
HIST 658 424
HIST 659 371
HIST 660 413
HIST 661 371
HIST 662 436
HIST 663 378
HIST 664 410
HIST 665 373
HIST 666 393
HIST 667 403
HIST 668 439
HIST 669 421
HIST 670 388
HIST 671 398
HIST 672 390
HIST 673 423
HIST 674 401
HIST 675 430
HIST 676 376
HIST 677 400
HIST 678 395
HIST 679 390
HIST 680 407
HIST 681 396
HIST 682 397
HIST 683 400
HIST 684 380
HIST 685 434
HIST 686 365
HIST 687 434
HIST 688 434
HIST 689 402
HIST 690 391
HIST 691 391
HIST 692 373
HIST 693 418
HIST 694 372
HIST 695 406
HIST 696 383
HIST 697 383
HIST 698 379
HIST 699 429
HIST 700 392
HIST 701 399
HIST 702 402
HIST 703 379
HIST 704 403
HIST 705 413
HIST 706 376
HIST 707 415
HIST 708 394
HIST 709 444
HIST 710 393
HIST 711 404
HIST 712 375
HIST 713 400
HIST 714 406
HIST 715 398
HIST 716 401
HIST 717 443
HIST 718 399
HIST 719 401
HIST 720 425
HIST 721 379
HIST 722 395
HIST 723 381
HIST 724 371
HIST 725 413
HIST 726 423
HIST 727 407
HIST 728 365
HIST 729 422
HIST 730 378
HIST 731 403
HIST 732 377
HIST 733 406
HIST 734 407
HIST 735 415
HIST 736 433
HIST 737 421
HIST 738 399
HIST 739 412
HIST 740 433
HIST 741 387
HIST 742 380
HIST 743 421
HIST 744 397
HIST 745 393
HIST 746 409
HIST 747 395
HIST 748 419
HIST 749 387
HIST 750 380
HIST 751 438
HIST 752 402
HIST 753 400
HIST 754 403
HIST 755 365
HIST 756 452
HIST 757 415
HIST 758 440
HIST 759 396
HIST 760 407
HIST 761 395
HIST 762 383
HIST 763 390
HIST 764 422
HIST 765 403
HIST 766 405
HIST 767 368
HIST 768 423
HIST 769 399
HIST 770 406
HIST 771 380
HIST 772 380
HIST 773 434
HIST 774 395
HIST 775 390
HIST 776 391
HIST 777 394
HIST 778 403
HIST 779 417
HIST 780 382
HIST 781 411
HIST 782 409
HIST 783 365
HIST 784 414
HIST 785 387
HIST 786 402
HIST 787 408
HIST 788 375
HIST 789 394
HIST 790 369
HIST 791 409
HIST 792 419
HIST 793 387
HIST 794 370
HIST 795 372
HIST 796 412
HIST 797 394
HIST 798 408
HIST 799 413
HIST 800 371
HIST 801 400
HIST 802 418
HIST 803 377
HIST 804 398
HIST 805 405
HIST 806 416
HIST 807 373
HIST 808 411
HIST 809 389
HIST 810 422
HIST 811 401
HIST 812 392
HIST 813 426
HIST 814 403
HIST 815 413
HIST 816 399
HIST 817 392
HIST 818 422
HIST 819 420
HIST 820 391
HIST 821 380
HIST 822 412
HIST 823 414
HIST 824 406
HIST 825 422
HIST 826 408
HIST 827 415
HIST 828 428
HIST 829 425
HIST 830 406
HIST 831 411
HIST 832 379
HIST 833 382
HIST 834 393
HIST 835 401
HIST 836 423
HIST 837 424
HIST 838 404
HIST 839 409
HIST 840 394
HIST 841 359
HIST 842 409
HIST 843 422
HIST 844 437
HIST 845 397
HIST 846 381
HIST 847 444
HIST 848 409
HIST 849 402
HIST 850 405
HIST 851 391
HIST 852 376
HIST 853 392
HIST 854 436
HIST 855 426
HIST 856 411
HIST 857 427
HIST 858 396
HIST 859 426
HIST 860 401
HIST 861 424
HIST 862 407
HIST 863 408
HIST 864 430
HIST 865 431
HIST 866 405
HIST 867 446
HIST 868 411
HIST 869 431
HIST 870 397
HIST 871 396
HIST 872 404
HIST 873 407
HIST 874 436
HIST 875 399
HIST 876 425
HIST 877 405
HIST 878 393
HIST 879 393
HIST 880 436
HIST 881 432
HIST 882 417
HIST 883 423
HIST 884 410
HIST 885 385
HIST 886 411
HIST 887 440
HIST 888 437
HIST 889 401
HIST 890 419
HIST 891 408
HIST 892 388
HIST 893 416
HIST 894 417
HIST 895 416
HIST 896 412
HIST 897 411
HIST 898 446
HIST 899 411
HIST 900 420
HIST 901 422
HIST 902 405
HIST 903 384
HIST 904 427
HIST 905 421
HIST 906 427
HIST 907 443
HIST 908 415
HIST 909 431
HIST 910 441
HIST 911 432
HIST 912 433
HIST 913 457
HIST 914 435
HIST 915 418
HIST 916 428
HIST 917 374
HIST 918 446
HIST 919 449
HIST 920 410
HIST 921 421
HIST 922 402
HIST 923 411
HIST 924 410
HIST 925 432
HIST 926 396
HIST 927 452
HIST 928 407
HIST 929 413
HIST 930 417
HIST 931 411
HIST 932 426
HIST 933 442
HIST 934 381
HIST 935 458
HIST 936 450
HIST 937 414
HIST 938 418
HIST 939 390
HIST 940 447
HIST 941 445
HIST 942 454
HIST 943 417
HIST 944 422
HIST 945 437
HIST 946 417
HIST 947 436
HIST 948 414
HIST 949 449
HIST 950 1512
HIST 951 429
HIST 952 424
HIST 953 427
HIST 954 438
HIST 955 429
HIST 956 439
HIST 957 439
HIST 958 435
HIST 959 425
HIST 960 430
HIST 961 446
HIST 962 394
HIST 963 430
HIST 964 421
HIST 965 399
HIST 966 421
HIST 967 412
HIST 968 478
HIST 969 441
HIST 970 455
HIST 971 427
HIST 972 439
HIST 973 462
HIST 974 462
HIST 975 455
HIST 976 429
HIST 977 430
HIST 978 459
HIST 979 439
HIST 980 447
HIST 981 453
HIST 982 456
HIST 983 389
HIST 984 432
HIST 985 418
HIST 986 399
HIST 987 494
HIST 988 456
HIST 989 440
HIST 990 468
HIST 991 450
HIST 992 434
HIST 993 432
HIST 994 410
HIST 995 466
HIST 996 476
HIST 997 457
HIST 998 478
HIST 999 443
HIST 1000 487
HIST 1001 414
HIST 1002 478
HIST 1003 498
HIST 1004 442
HIST 1005 474
HIST 1006 443
HIST 1007 464
HIST 1008 459
HIST 1009 476
HIST 1010 475
HIST 1011 450
HIST 1012 485
HIST 1013 446
HIST 1014 441
HIST 1015 453
HIST 1016 452
HIST 1017 448
HIST 1018 435
HIST 1019 477
HIST 1020 432
HIST 1021 448
HIST 1022 445
HIST 1023 473
HIST 1024 449
HIST 1025 453
HIST 1026 432
HIST 1027 457
HIST 1028 452
HIST 1029 472
HIST 1030 468
HIST 1031 476
HIST 1032 488
HIST 1033 463
HIST 1034 469
HIST 1035 443
HIST 1036 485
HIST 1037 467
HIST 1038 433
HIST 1039 467
HIST 1040 479
HIST 1041 468
HIST 1042 476
HIST 1043 476
HIST 1044 468
HIST 1045 470
HIST 1046 480
HIST 1047 517
HIST 1048 464
HIST 1049 467
HIST 1050 481
HIST 1051 533
HIST 1052 490
HIST 1053 465
HIST 1054 534
HIST 1055 497
HIST 1056 478
HIST 1057 507
HIST 1058 492
HIST 1059 468
HIST 1060 468
HIST 1061 470
HIST 1062 483
HIST 1063 436
HIST 1064 474
HIST 1065 538
HIST 1066 505
HIST 1067 469
HIST 1068 457
HIST 1069 497
HIST 1070 479
HIST 1071 483
HIST 1072 478
HIST 1073 507
HIST 1074 479
HIST 1075 509
HIST 1076 480
HIST 1077 504
HIST 1078 538
HIST 1079 511
HIST 1080 524
HIST 1081 488
HIST 1082 490
HIST 1083 529
HIST 1084 494
HIST 1085 529
HIST 1086 465
HIST 1087 503
HIST 1088 520
HIST 1089 529
HIST 1090 479
HIST 1091 498
HIST 1092 509
HIST 1093 541
HIST 1094 513
HIST 1095 493
HIST 1096 503
HIST 1097 514
HIST 1098 515
HIST 1099 568
HIST 1100 544
HIST 1101 520
HIST 1102 489
HIST 1103 506
HIST 1104 529
HIST 1105 522
HIST 1106 554
HIST 1107 487
HIST 1108 524
HIST 1109 514
HIST 1110 558
HIST 1111 520
HIST 1112 518
HIST 1113 540
HIST 1114 545
HIST 1115 550
HIST 1116 526
HIST 1117 546
HIST 1118 528
HIST 1119 518
HIST 1120 510
HIST 1121 537
HIST 1122 564
HIST 1123 553
HIST 1124 540
HIST 1125 564
HIST 1126 543
HIST 1127 567
HIST 1128 552
HIST 1129 564
HIST 1130 565
HIST 1131 567
HIST 1132 536
HIST 1133 523
HIST 1134 572
HIST 1135 560
HIST 1136 574
HIST 1137 578
HIST 1138 566
HIST 1139 599
HIST 1140 573
HIST 1141 592
HIST 1142 582
HIST 1143 595
HIST 1144 598
HIST 1145 582
HIST 1146 590
HIST 1147 553
HIST 1148 598
HIST 1149 572
HIST 1150 590
HIST 1151 589
HIST 1152 582
HIST 1153 568
HIST 1154 597
HIST 1155 599
HIST 1156 647
HIST 1157 602
HIST 1158 610
HIST 1159 568
HIST 1160 620
HIST 1161 610
HIST 1162 607
HIST 1163 599
HIST 1164 608
HIST 1165 599
HIST 1166 622
HIST 1167 564
HIST 1168 592
HIST 1169 568
HIST 1170 649
HIST 1171 613
HIST 1172 626
HIST 1173 590
HIST 1174 632
HIST 1175 655
HIST 1176 597
HIST 1177 619
HIST 1178 631
HIST 1179 594
HIST 1180 604
HIST 1181 559
HIST 1182 608
HIST 1183 607
HIST 1184 630
HIST 1185 687
HIST 1186 632
HIST 1187 630
HIST 1188 620
HIST 1189 623
HIST 1190 668
HIST 1191 615
HIST 1192 642
HIST 1193 642
HIST 1194 676
HIST 1195 614
HIST 1196 659
HIST 1197 645
HIST 1198 666
HIST 1199 686
HIST 1200 713
HIST 1201 658
HIST 1202 620
HIST 1203 700
HIST 1204 707
HIST 1205 716
HIST 1206 672
HIST 1207 686
HIST 1208 706
HIST 1209 705
HIST 1210 657
HIST 1211 701
HIST 1212 687
HIST 1213 660
HIST 1214 672
HIST 1215 679
HIST 1216 702
HIST 1217 652
HIST 1218 685
HIST 1219 735
HIST 1220 690
HIST 1221 692
HIST 1222 656
HIST 1223 725
HIST 1224 642
HIST 1225 693
HIST 1226 681
HIST 1227 735
HIST 1228 683
HIST 1229 695
HIST 1230 683
HIST 1231 670
HIST 1232 713
HIST 1233 704
HIST 1234 731
HIST 1235 710
HIST 1236 713
HIST 1237 657
HIST 1238 701
HIST 1239 631
HIST 1240 622
HIST 1241 608
HIST 1242 612
HIST 1243 544
HIST 1244 467
HIST 1245 372
HIST 1246 339
HIST 1247 319
HIST 1248 289
HIST 1249 279
HIST 1250 246
HIST 1251 227
HIST 1252 235
HIST 1253 242
HIST 1254 215
HIST 1255 190
HIST 1256 203
HIST 1257 187
HIST 1258 200
HIST 1259 222
HIST 1260 176
HIST 1261 162
HIST 1262 158
HIST 1263 158
HIST 1264 172
HIST 1265 174
HIST 1266 158
HIST 1267 172
HIST 1268 140
HIST 1269 159
HIST 1270 127
HIST 1271 135
HIST 1272 156
HIST 1273 137
HIST 1274 133
HIST 1275 153
HIST 1276 140
HIST 1277 112
HIST 1278 121
HIST 1279 126
HIST 1280 145
HIST 1281 118
HIST 1282 141
HIST 1283 118
HIST 1284 97
HIST 1285 124
HIST 1286 104
HIST 1287 117
HIST 1288 110
HIST 1289 97
HIST 1290 119
HIST 1291 101
HIST 1292 89
HIST 1293 99
HIST 1294 104
HIST 1295 101
HIST 1296 107
HIST 1297 108
HIST 1298 85
HIST 1299 107
HIST 1300 94
HIST 1301 100
HIST 1302 102
HIST 1303 94
HIST 1304 82
HIST 1305 68
HIST 1306 79
HIST 1307 82
HIST 1308 98
HIST 1309 77
HIST 1310 87
HIST 1311 88
HIST 1312 83
HIST 1313 83
HIST 1314 76
HIST 1315 69
HIST 1316 96
HIST 1317 59
HIST 1318 72
HIST 1319 68
HIST 1320 69
HIST 1321 69
HIST 1322 43
HIST 1323 66
HIST 1324 65
HIST 1325 42
HIST 1326 65
HIST 1327 61
HIST 1328 56
HIST 1329 50
HIST 1330 39
HIST 1331 65
HIST 1332 51
HIST 1333 45
HIST 1334 53
HIST 1335 39
HIST 1336 39
HIST 1337 40
HIST 1338 50
HIST 1339 50
HIST 1340 42
HIST 1341 34
HIST 1342 42
HIST 1343 26
HIST 1344 33
HIST 1345 39
HIST 1346 27
HIST 1347 36
HIST 1348 38
HIST 1349 44
HIST 1350 30
HIST 1351 23
HIST 1352 47
HIST 1353 39
HIST 1354 35
HIST 1355 29
HIST 1356 30
HIST 1357 34
HIST 1358 28
HIST 1359 32
HIST 1360 28
HIST 1361 22
HIST 1362 24
HIST 1363 31
HIST 1364 26
HIST 1365 30
HIST 1366 22
HIST 1367 28
HIST 1368 22
HIST 1369 22
HIST 1370 24
HIST 1371 20
HIST 1372 28
HIST 1373 21
HIST 1374 14
HIST 1375 30
HIST 1376 18
HIST 1377 17
HIST 1378 14
HIST 1379 20
HIST 1380 19
HIST 1381 16
HIST 1382 16
HIST 1383 19
HIST 1384 18
HIST 1385 14
HIST 1386 13
HIST 1387 15
HIST 1388 18
HIST 1389 9
HIST 1390 12
HIST 1391 17
HIST 1392 8
HIST 1393 11
HIST 1394 17
HIST 1395 12
HIST 1396 11
HIST 1397 6
HIST 1398 9
HIST 1399 9
HIST 1400 9
HIST 1401 14
HIST 1402 14
HIST 1403 6
HIST 1404 14
HIST 1405 10
HIST 1406 7
HIST 1407 8
HIST 1408 10
HIST 1409 8
HIST 1410 10
HIST 1411 4
HIST 1412 7
HIST 1413 6
HIST 1414 7
HIST 1415 6
HIST 1416 11
HIST 1417 6
HIST 1418 9
HIST 1419 6
HIST 1420 2
HIST 1421 1
HIST 1422 6
HIST 1423 1
HIST 1424 4
HIST 1425 11
HIST 1426 36
HIST 1427 3
HIST 1428 30
HIST 1429 114
HIST 1430 508
HIST 1431 5
HIST 1432 217
HIST 1433 135
HIST 1434 9
HIST 1435 4
HIST 1436 3
HIST 1437 1
HIST 1438 4
HIST 1439 3
HIST 1440 3
HIST 1441 3
HIST 1442 1
HIST 1443 5
HIST 1444 2
HIST 1445 1
HIST 1446 1
HIST 1447 2
HIST 1448 1
HIST 1449 2
HIST 1450 1
HIST 1451 3
HIST 1453 3
HIST 1454 2
HIST 1455 1
HIST 1456 2
HIST 1457 5
HIST 1458 19
HIST 1459 9
HIST 1460 3
HIST 1461 60507
HISTEND
ESCPOP decays=20000000 own_exit=54400 carry_exit=0 own_return=0 same=0 other=0 noface=0 lineage_gamma_out=0 lineage_lepton_out=0 killed_gamma=0 killed_lepton=0 facemiss=0 lineage_inside=0 out_lepton=1728491 out_brem_gamma=40958 killed_out_brem=40958 out_annih_gamma=3734 out_other_gamma=0
