SETUP correlatedGamma=0 twoJmax=10 vacuum=1 seed=0 killesc=0 killcarry=0 fullcarry=0 histbin=1.000 histbins=2616 iontag=0 escpop=1 killescown=0 killesccarry=0 killret=0 killretsame=0 killretother=0 killescbrem=1 killescdelta=0
CUTS (production thresholds per material couple):
 Material : G4_Galactic
 Range cuts        :  gamma  1 mm     e-  1 mm     e+  1 mm  proton 1 mm 
 Energy thresholds :  gamma  990 eV     e-  990 eV     e+  990 eV  proton 100 keV
 Material : scene_mat_3
 Range cuts        :  gamma  1 mm     e-  1 mm     e+  1 mm  proton 1 mm 
 Energy thresholds :  gamma  6.91691 keV    e-  597.603 keV    e+  574.29 keV proton 100 keV
 Material : scene_mat_1
 Range cuts        :  gamma  1 mm     e-  1 mm     e+  1 mm  proton 1 mm 
 Energy thresholds :  gamma  4.39533 keV    e-  541.252 keV    e+  522.087 keV proton 100 keV
 Material : scene_mat_0
 Range cuts        :  gamma  1 mm     e-  1 mm     e+  1 mm  proton 1 mm 
 Energy thresholds :  gamma  38.4662 keV    e-  692.485 keV    e+  658.149 keV proton 100 keV
RESULT decays=20000000
RESULT any=705866 eps_total=3.529330e-02
RESULT window=2614.511 counts=19987 eps=9.993500e-04
HISTBEGIN bins=2616 bin_kev=1.000000 decays=20000000
HIST 0 196
HIST 1 439
HIST 2 449
HIST 3 482
HIST 4 445
HIST 5 454
HIST 6 523
HIST 7 584
HIST 8 504
HIST 9 506
HIST 10 496
HIST 11 540
HIST 12 539
HIST 13 522
HIST 14 549
HIST 15 551
HIST 16 528
HIST 17 520
HIST 18 539
HIST 19 527
HIST 20 496
HIST 21 522
HIST 22 559
HIST 23 526
HIST 24 532
HIST 25 551
HIST 26 553
HIST 27 568
HIST 28 510
HIST 29 518
HIST 30 519
HIST 31 528
HIST 32 463
HIST 33 518
HIST 34 502
HIST 35 537
HIST 36 521
HIST 37 504
HIST 38 453
HIST 39 488
HIST 40 486
HIST 41 501
HIST 42 505
HIST 43 500
HIST 44 496
HIST 45 482
HIST 46 486
HIST 47 513
HIST 48 501
HIST 49 502
HIST 50 451
HIST 51 445
HIST 52 476
HIST 53 472
HIST 54 462
HIST 55 476
HIST 56 474
HIST 57 483
HIST 58 461
HIST 59 483
HIST 60 424
HIST 61 451
HIST 62 460
HIST 63 421
HIST 64 449
HIST 65 421
HIST 66 444
HIST 67 461
HIST 68 432
HIST 69 430
HIST 70 499
HIST 71 457
HIST 72 461
HIST 73 427
HIST 74 464
HIST 75 440
HIST 76 443
HIST 77 425
HIST 78 453
HIST 79 440
HIST 80 438
HIST 81 448
HIST 82 417
HIST 83 429
HIST 84 416
HIST 85 418
HIST 86 426
HIST 87 457
HIST 88 410
HIST 89 422
HIST 90 444
HIST 91 439
HIST 92 401
HIST 93 424
HIST 94 431
HIST 95 421
HIST 96 458
HIST 97 433
HIST 98 371
HIST 99 410
HIST 100 430
HIST 101 398
HIST 102 418
HIST 103 400
HIST 104 407
HIST 105 401
HIST 106 389
HIST 107 368
HIST 108 410
HIST 109 399
HIST 110 422
HIST 111 396
HIST 112 461
HIST 113 404
HIST 114 422
HIST 115 378
HIST 116 404
HIST 117 400
HIST 118 385
HIST 119 409
HIST 120 398
HIST 121 427
HIST 122 392
HIST 123 403
HIST 124 405
HIST 125 413
HIST 126 400
HIST 127 403
HIST 128 401
HIST 129 386
HIST 130 387
HIST 131 386
HIST 132 392
HIST 133 380
HIST 134 387
HIST 135 400
HIST 136 407
HIST 137 368
HIST 138 376
HIST 139 402
HIST 140 397
HIST 141 361
HIST 142 343
HIST 143 368
HIST 144 378
HIST 145 378
HIST 146 425
HIST 147 400
HIST 148 389
HIST 149 408
HIST 150 382
HIST 151 421
HIST 152 391
HIST 153 365
HIST 154 391
HIST 155 398
HIST 156 442
HIST 157 364
HIST 158 401
HIST 159 388
HIST 160 374
HIST 161 337
HIST 162 395
HIST 163 351
HIST 164 418
HIST 165 405
HIST 166 384
HIST 167 347
HIST 168 354
HIST 169 375
HIST 170 366
HIST 171 386
HIST 172 369
HIST 173 363
HIST 174 347
HIST 175 369
HIST 176 347
HIST 177 365
HIST 178 372
HIST 179 356
HIST 180 373
HIST 181 336
HIST 182 363
HIST 183 344
HIST 184 354
HIST 185 342
HIST 186 353
HIST 187 381
HIST 188 336
HIST 189 372
HIST 190 362
HIST 191 361
HIST 192 368
HIST 193 355
HIST 194 351
HIST 195 332
HIST 196 352
HIST 197 331
HIST 198 328
HIST 199 393
HIST 200 352
HIST 201 360
HIST 202 343
HIST 203 374
HIST 204 361
HIST 205 318
HIST 206 373
HIST 207 370
HIST 208 351
HIST 209 357
HIST 210 367
HIST 211 341
HIST 212 366
HIST 213 376
HIST 214 332
HIST 215 347
HIST 216 350
HIST 217 339
HIST 218 343
HIST 219 329
HIST 220 371
HIST 221 358
HIST 222 362
HIST 223 353
HIST 224 353
HIST 225 309
HIST 226 353
HIST 227 335
HIST 228 309
HIST 229 350
HIST 230 380
HIST 231 318
HIST 232 368
HIST 233 366
HIST 234 378
HIST 235 388
HIST 236 410
HIST 237 419
HIST 238 402
HIST 239 396
HIST 240 395
HIST 241 409
HIST 242 425
HIST 243 387
HIST 244 403
HIST 245 403
HIST 246 415
HIST 247 445
HIST 248 406
HIST 249 438
HIST 250 409
HIST 251 414
HIST 252 434
HIST 253 382
HIST 254 378
HIST 255 423
HIST 256 433
HIST 257 405
HIST 258 407
HIST 259 419
HIST 260 402
HIST 261 372
HIST 262 414
HIST 263 418
HIST 264 406
HIST 265 366
HIST 266 357
HIST 267 401
HIST 268 401
HIST 269 385
HIST 270 416
HIST 271 386
HIST 272 383
HIST 273 363
HIST 274 394
HIST 275 397
HIST 276 390
HIST 277 355
HIST 278 396
HIST 279 382
HIST 280 385
HIST 281 383
HIST 282 378
HIST 283 400
HIST 284 365
HIST 285 360
HIST 286 397
HIST 287 392
HIST 288 365
HIST 289 369
HIST 290 403
HIST 291 358
HIST 292 359
HIST 293 359
HIST 294 369
HIST 295 402
HIST 296 352
HIST 297 375
HIST 298 350
HIST 299 364
HIST 300 358
HIST 301 346
HIST 302 350
HIST 303 365
HIST 304 331
HIST 305 325
HIST 306 375
HIST 307 354
HIST 308 367
HIST 309 355
HIST 310 354
HIST 311 322
HIST 312 333
HIST 313 341
HIST 314 365
HIST 315 387
HIST 316 353
HIST 317 365
HIST 318 353
HIST 319 343
HIST 320 365
HIST 321 333
HIST 322 336
HIST 323 333
HIST 324 360
HIST 325 330
HIST 326 337
HIST 327 350
HIST 328 373
HIST 329 342
HIST 330 329
HIST 331 353
HIST 332 343
HIST 333 330
HIST 334 322
HIST 335 352
HIST 336 323
HIST 337 360
HIST 338 354
HIST 339 318
HIST 340 342
HIST 341 330
HIST 342 359
HIST 343 330
HIST 344 320
HIST 345 321
HIST 346 303
HIST 347 339
HIST 348 321
HIST 349 329
HIST 350 324
HIST 351 311
HIST 352 294
HIST 353 313
HIST 354 330
HIST 355 370
HIST 356 304
HIST 357 288
HIST 358 331
HIST 359 306
HIST 360 313
HIST 361 325
HIST 362 311
HIST 363 329
HIST 364 299
HIST 365 285
HIST 366 320
HIST 367 330
HIST 368 302
HIST 369 337
HIST 370 299
HIST 371 322
HIST 372 297
HIST 373 299
HIST 374 323
HIST 375 317
HIST 376 300
HIST 377 340
HIST 378 300
HIST 379 312
HIST 380 304
HIST 381 321
HIST 382 316
HIST 383 298
HIST 384 294
HIST 385 304
HIST 386 314
HIST 387 316
HIST 388 301
HIST 389 310
HIST 390 282
HIST 391 341
HIST 392 289
HIST 393 335
HIST 394 306
HIST 395 296
HIST 396 314
HIST 397 317
HIST 398 294
HIST 399 296
HIST 400 296
HIST 401 281
HIST 402 323
HIST 403 329
HIST 404 321
HIST 405 291
HIST 406 282
HIST 407 349
HIST 408 301
HIST 409 297
HIST 410 320
HIST 411 305
HIST 412 272
HIST 413 296
HIST 414 273
HIST 415 285
HIST 416 304
HIST 417 306
HIST 418 302
HIST 419 280
HIST 420 277
HIST 421 300
HIST 422 301
HIST 423 300
HIST 424 282
HIST 425 294
HIST 426 293
HIST 427 293
HIST 428 287
HIST 429 292
HIST 430 290
HIST 431 324
HIST 432 291
HIST 433 280
HIST 434 267
HIST 435 304
HIST 436 292
HIST 437 279
HIST 438 287
HIST 439 307
HIST 440 292
HIST 441 301
HIST 442 291
HIST 443 299
HIST 444 289
HIST 445 294
HIST 446 297
HIST 447 301
HIST 448 281
HIST 449 302
HIST 450 278
HIST 451 315
HIST 452 285
HIST 453 303
HIST 454 300
HIST 455 289
HIST 456 305
HIST 457 292
HIST 458 314
HIST 459 291
HIST 460 304
HIST 461 274
HIST 462 309
HIST 463 260
HIST 464 315
HIST 465 302
HIST 466 252
HIST 467 283
HIST 468 286
HIST 469 243
HIST 470 305
HIST 471 279
HIST 472 295
HIST 473 256
HIST 474 301
HIST 475 310
HIST 476 309
HIST 477 249
HIST 478 290
HIST 479 270
HIST 480 277
HIST 481 285
HIST 482 325
HIST 483 264
HIST 484 273
HIST 485 263
HIST 486 273
HIST 487 274
HIST 488 254
HIST 489 283
HIST 490 282
HIST 491 300
HIST 492 269
HIST 493 290
HIST 494 267
HIST 495 286
HIST 496 296
HIST 497 286
HIST 498 304
HIST 499 258
HIST 500 239
HIST 501 277
HIST 502 293
HIST 503 267
HIST 504 261
HIST 505 275
HIST 506 255
HIST 507 287
HIST 508 256
HIST 509 303
HIST 510 279
HIST 511 776
HIST 512 281
HIST 513 264
HIST 514 291
HIST 515 273
HIST 516 276
HIST 517 253
HIST 518 280
HIST 519 266
HIST 520 291
HIST 521 284
HIST 522 289
HIST 523 257
HIST 524 290
HIST 525 258
HIST 526 289
HIST 527 278
HIST 528 265
HIST 529 303
HIST 530 257
HIST 531 285
HIST 532 288
HIST 533 250
HIST 534 273
HIST 535 255
HIST 536 258
HIST 537 286
HIST 538 260
HIST 539 263
HIST 540 287
HIST 541 237
HIST 542 263
HIST 543 285
HIST 544 244
HIST 545 281
HIST 546 274
HIST 547 299
HIST 548 280
HIST 549 247
HIST 550 263
HIST 551 257
HIST 552 280
HIST 553 289
HIST 554 284
HIST 555 278
HIST 556 262
HIST 557 293
HIST 558 264
HIST 559 277
HIST 560 265
HIST 561 302
HIST 562 283
HIST 563 245
HIST 564 276
HIST 565 279
HIST 566 278
HIST 567 266
HIST 568 250
HIST 569 271
HIST 570 262
HIST 571 285
HIST 572 272
HIST 573 277
HIST 574 271
HIST 575 245
HIST 576 248
HIST 577 246
HIST 578 264
HIST 579 271
HIST 580 275
HIST 581 260
HIST 582 275
HIST 583 253
HIST 584 258
HIST 585 258
HIST 586 267
HIST 587 270
HIST 588 265
HIST 589 268
HIST 590 251
HIST 591 274
HIST 592 249
HIST 593 288
HIST 594 293
HIST 595 258
HIST 596 257
HIST 597 293
HIST 598 266
HIST 599 273
HIST 600 234
HIST 601 277
HIST 602 282
HIST 603 248
HIST 604 263
HIST 605 253
HIST 606 230
HIST 607 263
HIST 608 236
HIST 609 252
HIST 610 240
HIST 611 248
HIST 612 248
HIST 613 258
HIST 614 235
HIST 615 230
HIST 616 274
HIST 617 277
HIST 618 249
HIST 619 265
HIST 620 295
HIST 621 261
HIST 622 263
HIST 623 286
HIST 624 270
HIST 625 253
HIST 626 262
HIST 627 278
HIST 628 225
HIST 629 238
HIST 630 281
HIST 631 242
HIST 632 228
HIST 633 223
HIST 634 245
HIST 635 263
HIST 636 262
HIST 637 260
HIST 638 268
HIST 639 252
HIST 640 284
HIST 641 259
HIST 642 237
HIST 643 256
HIST 644 252
HIST 645 269
HIST 646 277
HIST 647 250
HIST 648 263
HIST 649 248
HIST 650 261
HIST 651 265
HIST 652 271
HIST 653 267
HIST 654 271
HIST 655 266
HIST 656 252
HIST 657 249
HIST 658 227
HIST 659 227
HIST 660 249
HIST 661 255
HIST 662 261
HIST 663 264
HIST 664 251
HIST 665 242
HIST 666 253
HIST 667 262
HIST 668 246
HIST 669 241
HIST 670 234
HIST 671 245
HIST 672 260
HIST 673 243
HIST 674 243
HIST 675 274
HIST 676 275
HIST 677 243
HIST 678 246
HIST 679 258
HIST 680 256
HIST 681 260
HIST 682 274
HIST 683 254
HIST 684 261
HIST 685 238
HIST 686 241
HIST 687 265
HIST 688 247
HIST 689 272
HIST 690 240
HIST 691 249
HIST 692 234
HIST 693 237
HIST 694 245
HIST 695 233
HIST 696 273
HIST 697 253
HIST 698 256
HIST 699 233
HIST 700 251
HIST 701 261
HIST 702 229
HIST 703 256
HIST 704 245
HIST 705 271
HIST 706 236
HIST 707 243
HIST 708 251
HIST 709 279
HIST 710 239
HIST 711 241
HIST 712 269
HIST 713 251
HIST 714 240
HIST 715 232
HIST 716 225
HIST 717 258
HIST 718 230
HIST 719 249
HIST 720 264
HIST 721 248
HIST 722 273
HIST 723 231
HIST 724 227
HIST 725 243
HIST 726 257
HIST 727 257
HIST 728 212
HIST 729 252
HIST 730 257
HIST 731 241
HIST 732 276
HIST 733 232
HIST 734 264
HIST 735 228
HIST 736 265
HIST 737 261
HIST 738 223
HIST 739 254
HIST 740 244
HIST 741 258
HIST 742 241
HIST 743 229
HIST 744 244
HIST 745 260
HIST 746 223
HIST 747 280
HIST 748 264
HIST 749 232
HIST 750 257
HIST 751 253
HIST 752 257
HIST 753 207
HIST 754 226
HIST 755 231
HIST 756 256
HIST 757 249
HIST 758 213
HIST 759 262
HIST 760 239
HIST 761 232
HIST 762 230
HIST 763 276
HIST 764 247
HIST 765 271
HIST 766 249
HIST 767 223
HIST 768 243
HIST 769 244
HIST 770 233
HIST 771 234
HIST 772 229
HIST 773 242
HIST 774 258
HIST 775 266
HIST 776 265
HIST 777 261
HIST 778 252
HIST 779 255
HIST 780 219
HIST 781 243
HIST 782 224
HIST 783 254
HIST 784 259
HIST 785 243
HIST 786 221
HIST 787 237
HIST 788 231
HIST 789 240
HIST 790 250
HIST 791 221
HIST 792 227
HIST 793 213
HIST 794 257
HIST 795 249
HIST 796 243
HIST 797 234
HIST 798 241
HIST 799 236
HIST 800 242
HIST 801 230
HIST 802 249
HIST 803 238
HIST 804 238
HIST 805 257
HIST 806 258
HIST 807 237
HIST 808 278
HIST 809 275
HIST 810 248
HIST 811 235
HIST 812 249
HIST 813 232
HIST 814 248
HIST 815 245
HIST 816 236
HIST 817 226
HIST 818 243
HIST 819 255
HIST 820 228
HIST 821 249
HIST 822 251
HIST 823 243
HIST 824 238
HIST 825 263
HIST 826 241
HIST 827 235
HIST 828 224
HIST 829 258
HIST 830 267
HIST 831 239
HIST 832 228
HIST 833 227
HIST 834 229
HIST 835 237
HIST 836 203
HIST 837 249
HIST 838 250
HIST 839 248
HIST 840 203
HIST 841 222
HIST 842 235
HIST 843 233
HIST 844 244
HIST 845 244
HIST 846 242
HIST 847 228
HIST 848 244
HIST 849 209
HIST 850 200
HIST 851 271
HIST 852 215
HIST 853 232
HIST 854 211
HIST 855 235
HIST 856 227
HIST 857 237
HIST 858 221
HIST 859 231
HIST 860 225
HIST 861 242
HIST 862 233
HIST 863 229
HIST 864 241
HIST 865 268
HIST 866 240
HIST 867 252
HIST 868 277
HIST 869 247
HIST 870 243
HIST 871 243
HIST 872 243
HIST 873 199
HIST 874 254
HIST 875 231
HIST 876 257
HIST 877 266
HIST 878 214
HIST 879 254
HIST 880 244
HIST 881 243
HIST 882 240
HIST 883 232
HIST 884 232
HIST 885 218
HIST 886 251
HIST 887 229
HIST 888 229
HIST 889 224
HIST 890 240
HIST 891 218
HIST 892 241
HIST 893 222
HIST 894 226
HIST 895 231
HIST 896 237
HIST 897 232
HIST 898 207
HIST 899 219
HIST 900 247
HIST 901 259
HIST 902 223
HIST 903 243
HIST 904 239
HIST 905 221
HIST 906 232
HIST 907 232
HIST 908 215
HIST 909 228
HIST 910 226
HIST 911 243
HIST 912 252
HIST 913 234
HIST 914 265
HIST 915 236
HIST 916 259
HIST 917 251
HIST 918 226
HIST 919 223
HIST 920 232
HIST 921 227
HIST 922 228
HIST 923 240
HIST 924 224
HIST 925 219
HIST 926 239
HIST 927 219
HIST 928 211
HIST 929 214
HIST 930 230
HIST 931 219
HIST 932 240
HIST 933 219
HIST 934 239
HIST 935 234
HIST 936 188
HIST 937 216
HIST 938 234
HIST 939 220
HIST 940 208
HIST 941 234
HIST 942 221
HIST 943 228
HIST 944 221
HIST 945 225
HIST 946 222
HIST 947 231
HIST 948 251
HIST 949 194
HIST 950 238
HIST 951 259
HIST 952 250
HIST 953 223
HIST 954 233
HIST 955 226
HIST 956 239
HIST 957 250
HIST 958 204
HIST 959 222
HIST 960 214
HIST 961 250
HIST 962 234
HIST 963 238
HIST 964 231
HIST 965 227
HIST 966 245
HIST 967 233
HIST 968 221
HIST 969 221
HIST 970 227
HIST 971 213
HIST 972 241
HIST 973 230
HIST 974 217
HIST 975 235
HIST 976 218
HIST 977 217
HIST 978 237
HIST 979 226
HIST 980 253
HIST 981 235
HIST 982 235
HIST 983 216
HIST 984 191
HIST 985 196
HIST 986 218
HIST 987 222
HIST 988 211
HIST 989 219
HIST 990 221
HIST 991 229
HIST 992 217
HIST 993 216
HIST 994 232
HIST 995 243
HIST 996 258
HIST 997 237
HIST 998 234
HIST 999 245
HIST 1000 202
HIST 1001 203
HIST 1002 233
HIST 1003 225
HIST 1004 254
HIST 1005 228
HIST 1006 232
HIST 1007 209
HIST 1008 206
HIST 1009 220
HIST 1010 218
HIST 1011 220
HIST 1012 225
HIST 1013 211
HIST 1014 212
HIST 1015 231
HIST 1016 212
HIST 1017 234
HIST 1018 228
HIST 1019 205
HIST 1020 242
HIST 1021 244
HIST 1022 249
HIST 1023 217
HIST 1024 231
HIST 1025 214
HIST 1026 227
HIST 1027 231
HIST 1028 213
HIST 1029 189
HIST 1030 230
HIST 1031 245
HIST 1032 232
HIST 1033 196
HIST 1034 227
HIST 1035 228
HIST 1036 240
HIST 1037 213
HIST 1038 261
HIST 1039 204
HIST 1040 228
HIST 1041 215
HIST 1042 246
HIST 1043 219
HIST 1044 225
HIST 1045 197
HIST 1046 229
HIST 1047 209
HIST 1048 248
HIST 1049 217
HIST 1050 213
HIST 1051 228
HIST 1052 228
HIST 1053 244
HIST 1054 209
HIST 1055 240
HIST 1056 209
HIST 1057 233
HIST 1058 259
HIST 1059 225
HIST 1060 208
HIST 1061 231
HIST 1062 228
HIST 1063 242
HIST 1064 240
HIST 1065 229
HIST 1066 230
HIST 1067 208
HIST 1068 214
HIST 1069 248
HIST 1070 227
HIST 1071 205
HIST 1072 214
HIST 1073 210
HIST 1074 223
HIST 1075 255
HIST 1076 205
HIST 1077 217
HIST 1078 233
HIST 1079 230
HIST 1080 224
HIST 1081 233
HIST 1082 226
HIST 1083 235
HIST 1084 223
HIST 1085 217
HIST 1086 220
HIST 1087 223
HIST 1088 205
HIST 1089 185
HIST 1090 220
HIST 1091 212
HIST 1092 244
HIST 1093 222
HIST 1094 210
HIST 1095 202
HIST 1096 258
HIST 1097 221
HIST 1098 210
HIST 1099 252
HIST 1100 204
HIST 1101 232
HIST 1102 202
HIST 1103 220
HIST 1104 204
HIST 1105 225
HIST 1106 235
HIST 1107 222
HIST 1108 228
HIST 1109 241
HIST 1110 217
HIST 1111 184
HIST 1112 203
HIST 1113 204
HIST 1114 236
HIST 1115 225
HIST 1116 256
HIST 1117 202
HIST 1118 223
HIST 1119 230
HIST 1120 200
HIST 1121 241
HIST 1122 207
HIST 1123 204
HIST 1124 229
HIST 1125 218
HIST 1126 202
HIST 1127 244
HIST 1128 214
HIST 1129 228
HIST 1130 243
HIST 1131 228
HIST 1132 219
HIST 1133 242
HIST 1134 236
HIST 1135 218
HIST 1136 243
HIST 1137 233
HIST 1138 210
HIST 1139 223
HIST 1140 199
HIST 1141 213
HIST 1142 207
HIST 1143 197
HIST 1144 223
HIST 1145 241
HIST 1146 224
HIST 1147 220
HIST 1148 226
HIST 1149 236
HIST 1150 231
HIST 1151 201
HIST 1152 204
HIST 1153 223
HIST 1154 236
HIST 1155 219
HIST 1156 205
HIST 1157 198
HIST 1158 223
HIST 1159 223
HIST 1160 213
HIST 1161 234
HIST 1162 226
HIST 1163 209
HIST 1164 225
HIST 1165 216
HIST 1166 214
HIST 1167 251
HIST 1168 223
HIST 1169 216
HIST 1170 197
HIST 1171 206
HIST 1172 233
HIST 1173 240
HIST 1174 221
HIST 1175 201
HIST 1176 236
HIST 1177 228
HIST 1178 243
HIST 1179 249
HIST 1180 224
HIST 1181 199
HIST 1182 227
HIST 1183 199
HIST 1184 200
HIST 1185 231
HIST 1186 261
HIST 1187 224
HIST 1188 221
HIST 1189 245
HIST 1190 231
HIST 1191 208
HIST 1192 220
HIST 1193 216
HIST 1194 231
HIST 1195 238
HIST 1196 216
HIST 1197 216
HIST 1198 216
HIST 1199 230
HIST 1200 225
HIST 1201 239
HIST 1202 216
HIST 1203 197
HIST 1204 222
HIST 1205 211
HIST 1206 212
HIST 1207 199
HIST 1208 238
HIST 1209 221
HIST 1210 238
HIST 1211 235
HIST 1212 245
HIST 1213 222
HIST 1214 212
HIST 1215 221
HIST 1216 245
HIST 1217 227
HIST 1218 222
HIST 1219 202
HIST 1220 228
HIST 1221 209
HIST 1222 199
HIST 1223 212
HIST 1224 235
HIST 1225 228
HIST 1226 232
HIST 1227 229
HIST 1228 231
HIST 1229 205
HIST 1230 247
HIST 1231 238
HIST 1232 234
HIST 1233 244
HIST 1234 238
HIST 1235 237
HIST 1236 226
HIST 1237 210
HIST 1238 206
HIST 1239 205
HIST 1240 202
HIST 1241 181
HIST 1242 201
HIST 1243 223
HIST 1244 218
HIST 1245 204
HIST 1246 222
HIST 1247 206
HIST 1248 219
HIST 1249 226
HIST 1250 241
HIST 1251 197
HIST 1252 203
HIST 1253 211
HIST 1254 236
HIST 1255 211
HIST 1256 237
HIST 1257 216
HIST 1258 251
HIST 1259 203
HIST 1260 250
HIST 1261 233
HIST 1262 192
HIST 1263 217
HIST 1264 227
HIST 1265 231
HIST 1266 209
HIST 1267 216
HIST 1268 207
HIST 1269 221
HIST 1270 227
HIST 1271 232
HIST 1272 216
HIST 1273 200
HIST 1274 219
HIST 1275 201
HIST 1276 221
HIST 1277 227
HIST 1278 217
HIST 1279 235
HIST 1280 228
HIST 1281 245
HIST 1282 242
HIST 1283 243
HIST 1284 242
HIST 1285 212
HIST 1286 223
HIST 1287 220
HIST 1288 215
HIST 1289 221
HIST 1290 204
HIST 1291 218
HIST 1292 201
HIST 1293 225
HIST 1294 212
HIST 1295 240
HIST 1296 203
HIST 1297 225
HIST 1298 227
HIST 1299 233
HIST 1300 208
HIST 1301 208
HIST 1302 215
HIST 1303 223
HIST 1304 225
HIST 1305 219
HIST 1306 240
HIST 1307 240
HIST 1308 218
HIST 1309 217
HIST 1310 221
HIST 1311 221
HIST 1312 201
HIST 1313 206
HIST 1314 224
HIST 1315 208
HIST 1316 230
HIST 1317 210
HIST 1318 224
HIST 1319 253
HIST 1320 222
HIST 1321 203
HIST 1322 219
HIST 1323 230
HIST 1324 196
HIST 1325 249
HIST 1326 238
HIST 1327 221
HIST 1328 206
HIST 1329 210
HIST 1330 236
HIST 1331 243
HIST 1332 211
HIST 1333 234
HIST 1334 242
HIST 1335 223
HIST 1336 264
HIST 1337 214
HIST 1338 206
HIST 1339 218
HIST 1340 235
HIST 1341 205
HIST 1342 219
HIST 1343 203
HIST 1344 227
HIST 1345 228
HIST 1346 222
HIST 1347 234
HIST 1348 213
HIST 1349 233
HIST 1350 194
HIST 1351 236
HIST 1352 229
HIST 1353 230
HIST 1354 195
HIST 1355 214
HIST 1356 206
HIST 1357 223
HIST 1358 210
HIST 1359 232
HIST 1360 210
HIST 1361 225
HIST 1362 187
HIST 1363 225
HIST 1364 202
HIST 1365 215
HIST 1366 224
HIST 1367 242
HIST 1368 238
HIST 1369 183
HIST 1370 213
HIST 1371 226
HIST 1372 214
HIST 1373 251
HIST 1374 232
HIST 1375 233
HIST 1376 234
HIST 1377 208
HIST 1378 237
HIST 1379 209
HIST 1380 234
HIST 1381 205
HIST 1382 222
HIST 1383 240
HIST 1384 217
HIST 1385 207
HIST 1386 200
HIST 1387 201
HIST 1388 208
HIST 1389 226
HIST 1390 241
HIST 1391 215
HIST 1392 242
HIST 1393 229
HIST 1394 217
HIST 1395 203
HIST 1396 227
HIST 1397 223
HIST 1398 231
HIST 1399 212
HIST 1400 210
HIST 1401 198
HIST 1402 199
HIST 1403 235
HIST 1404 235
HIST 1405 216
HIST 1406 221
HIST 1407 232
HIST 1408 245
HIST 1409 213
HIST 1410 239
HIST 1411 227
HIST 1412 228
HIST 1413 255
HIST 1414 202
HIST 1415 251
HIST 1416 249
HIST 1417 245
HIST 1418 217
HIST 1419 190
HIST 1420 206
HIST 1421 228
HIST 1422 235
HIST 1423 237
HIST 1424 185
HIST 1425 235
HIST 1426 217
HIST 1427 189
HIST 1428 232
HIST 1429 230
HIST 1430 208
HIST 1431 226
HIST 1432 231
HIST 1433 239
HIST 1434 221
HIST 1435 226
HIST 1436 232
HIST 1437 255
HIST 1438 217
HIST 1439 202
HIST 1440 212
HIST 1441 255
HIST 1442 214
HIST 1443 217
HIST 1444 231
HIST 1445 222
HIST 1446 213
HIST 1447 219
HIST 1448 224
HIST 1449 245
HIST 1450 232
HIST 1451 220
HIST 1452 245
HIST 1453 204
HIST 1454 213
HIST 1455 215
HIST 1456 243
HIST 1457 224
HIST 1458 208
HIST 1459 225
HIST 1460 175
HIST 1461 217
HIST 1462 223
HIST 1463 222
HIST 1464 191
HIST 1465 226
HIST 1466 215
HIST 1467 184
HIST 1468 224
HIST 1469 197
HIST 1470 222
HIST 1471 218
HIST 1472 220
HIST 1473 212
HIST 1474 214
HIST 1475 205
HIST 1476 227
HIST 1477 213
HIST 1478 213
HIST 1479 240
HIST 1480 208
HIST 1481 233
HIST 1482 168
HIST 1483 214
HIST 1484 212
HIST 1485 220
HIST 1486 217
HIST 1487 214
HIST 1488 217
HIST 1489 212
HIST 1490 216
HIST 1491 218
HIST 1492 220
HIST 1493 245
HIST 1494 200
HIST 1495 219
HIST 1496 213
HIST 1497 200
HIST 1498 198
HIST 1499 205
HIST 1500 201
HIST 1501 219
HIST 1502 229
HIST 1503 197
HIST 1504 232
HIST 1505 225
HIST 1506 206
HIST 1507 206
HIST 1508 210
HIST 1509 209
HIST 1510 214
HIST 1511 221
HIST 1512 245
HIST 1513 213
HIST 1514 224
HIST 1515 200
HIST 1516 224
HIST 1517 204
HIST 1518 208
HIST 1519 184
HIST 1520 199
HIST 1521 221
HIST 1522 220
HIST 1523 212
HIST 1524 201
HIST 1525 218
HIST 1526 205
HIST 1527 214
HIST 1528 218
HIST 1529 211
HIST 1530 204
HIST 1531 220
HIST 1532 208
HIST 1533 246
HIST 1534 208
HIST 1535 216
HIST 1536 206
HIST 1537 205
HIST 1538 215
HIST 1539 221
HIST 1540 200
HIST 1541 203
HIST 1542 227
HIST 1543 208
HIST 1544 197
HIST 1545 205
HIST 1546 195
HIST 1547 202
HIST 1548 191
HIST 1549 245
HIST 1550 195
HIST 1551 207
HIST 1552 203
HIST 1553 216
HIST 1554 216
HIST 1555 211
HIST 1556 209
HIST 1557 196
HIST 1558 209
HIST 1559 175
HIST 1560 203
HIST 1561 190
HIST 1562 274
HIST 1563 221
HIST 1564 231
HIST 1565 212
HIST 1566 211
HIST 1567 196
HIST 1568 193
HIST 1569 226
HIST 1570 211
HIST 1571 207
HIST 1572 199
HIST 1573 187
HIST 1574 199
HIST 1575 191
HIST 1576 188
HIST 1577 186
HIST 1578 208
HIST 1579 221
HIST 1580 198
HIST 1581 213
HIST 1582 190
HIST 1583 194
HIST 1584 206
HIST 1585 178
HIST 1586 210
HIST 1587 209
HIST 1588 183
HIST 1589 203
HIST 1590 223
HIST 1591 221
HIST 1592 184
HIST 1593 43224
HIST 1594 218
HIST 1595 246
HIST 1596 247
HIST 1597 255
HIST 1598 242
HIST 1599 238
HIST 1600 244
HIST 1601 246
HIST 1602 252
HIST 1603 240
HIST 1604 235
HIST 1605 249
HIST 1606 256
HIST 1607 237
HIST 1608 257
HIST 1609 239
HIST 1610 230
HIST 1611 238
HIST 1612 258
HIST 1613 241
HIST 1614 234
HIST 1615 236
HIST 1616 251
HIST 1617 259
HIST 1618 248
HIST 1619 237
HIST 1620 242
HIST 1621 240
HIST 1622 236
HIST 1623 244
HIST 1624 229
HIST 1625 264
HIST 1626 246
HIST 1627 239
HIST 1628 223
HIST 1629 243
HIST 1630 239
HIST 1631 253
HIST 1632 277
HIST 1633 230
HIST 1634 225
HIST 1635 262
HIST 1636 250
HIST 1637 266
HIST 1638 240
HIST 1639 245
HIST 1640 230
HIST 1641 235
HIST 1642 265
HIST 1643 240
HIST 1644 244
HIST 1645 259
HIST 1646 251
HIST 1647 255
HIST 1648 242
HIST 1649 242
HIST 1650 237
HIST 1651 218
HIST 1652 253
HIST 1653 262
HIST 1654 234
HIST 1655 248
HIST 1656 251
HIST 1657 252
HIST 1658 251
HIST 1659 244
HIST 1660 257
HIST 1661 219
HIST 1662 253
HIST 1663 251
HIST 1664 238
HIST 1665 234
HIST 1666 259
HIST 1667 228
HIST 1668 251
HIST 1669 248
HIST 1670 228
HIST 1671 262
HIST 1672 236
HIST 1673 228
HIST 1674 234
HIST 1675 228
HIST 1676 228
HIST 1677 248
HIST 1678 250
HIST 1679 239
HIST 1680 268
HIST 1681 256
HIST 1682 256
HIST 1683 226
HIST 1684 236
HIST 1685 251
HIST 1686 265
HIST 1687 261
HIST 1688 218
HIST 1689 258
HIST 1690 252
HIST 1691 232
HIST 1692 246
HIST 1693 249
HIST 1694 229
HIST 1695 245
HIST 1696 229
HIST 1697 258
HIST 1698 250
HIST 1699 217
HIST 1700 235
HIST 1701 210
HIST 1702 244
HIST 1703 219
HIST 1704 268
HIST 1705 248
HIST 1706 232
HIST 1707 251
HIST 1708 242
HIST 1709 212
HIST 1710 248
HIST 1711 235
HIST 1712 247
HIST 1713 250
HIST 1714 255
HIST 1715 226
HIST 1716 236
HIST 1717 229
HIST 1718 213
HIST 1719 249
HIST 1720 257
HIST 1721 222
HIST 1722 223
HIST 1723 254
HIST 1724 269
HIST 1725 239
HIST 1726 246
HIST 1727 228
HIST 1728 217
HIST 1729 235
HIST 1730 203
HIST 1731 233
HIST 1732 241
HIST 1733 232
HIST 1734 229
HIST 1735 256
HIST 1736 218
HIST 1737 257
HIST 1738 223
HIST 1739 238
HIST 1740 246
HIST 1741 242
HIST 1742 244
HIST 1743 219
HIST 1744 249
HIST 1745 251
HIST 1746 248
HIST 1747 226
HIST 1748 260
HIST 1749 224
HIST 1750 211
HIST 1751 255
HIST 1752 248
HIST 1753 228
HIST 1754 206
HIST 1755 234
HIST 1756 211
HIST 1757 221
HIST 1758 229
HIST 1759 242
HIST 1760 233
HIST 1761 251
HIST 1762 242
HIST 1763 245
HIST 1764 239
HIST 1765 266
HIST 1766 252
HIST 1767 259
HIST 1768 238
HIST 1769 254
HIST 1770 245
HIST 1771 256
HIST 1772 244
HIST 1773 283
HIST 1774 254
HIST 1775 230
HIST 1776 252
HIST 1777 266
HIST 1778 236
HIST 1779 262
HIST 1780 228
HIST 1781 261
HIST 1782 242
HIST 1783 239
HIST 1784 267
HIST 1785 217
HIST 1786 231
HIST 1787 262
HIST 1788 244
HIST 1789 246
HIST 1790 229
HIST 1791 209
HIST 1792 260
HIST 1793 251
HIST 1794 228
HIST 1795 254
HIST 1796 238
HIST 1797 250
HIST 1798 237
HIST 1799 237
HIST 1800 255
HIST 1801 231
HIST 1802 246
HIST 1803 224
HIST 1804 226
HIST 1805 230
HIST 1806 244
HIST 1807 251
HIST 1808 204
HIST 1809 236
HIST 1810 249
HIST 1811 251
HIST 1812 228
HIST 1813 215
HIST 1814 246
HIST 1815 239
HIST 1816 240
HIST 1817 224
HIST 1818 240
HIST 1819 254
HIST 1820 229
HIST 1821 262
HIST 1822 225
HIST 1823 213
HIST 1824 251
HIST 1825 204
HIST 1826 237
HIST 1827 260
HIST 1828 226
HIST 1829 214
HIST 1830 243
HIST 1831 267
HIST 1832 233
HIST 1833 222
HIST 1834 259
HIST 1835 248
HIST 1836 229
HIST 1837 236
HIST 1838 279
HIST 1839 232
HIST 1840 252
HIST 1841 249
HIST 1842 213
HIST 1843 229
HIST 1844 216
HIST 1845 232
HIST 1846 249
HIST 1847 254
HIST 1848 227
HIST 1849 250
HIST 1850 215
HIST 1851 236
HIST 1852 229
HIST 1853 227
HIST 1854 238
HIST 1855 239
HIST 1856 228
HIST 1857 232
HIST 1858 239
HIST 1859 265
HIST 1860 241
HIST 1861 237
HIST 1862 238
HIST 1863 245
HIST 1864 236
HIST 1865 229
HIST 1866 248
HIST 1867 214
HIST 1868 261
HIST 1869 220
HIST 1870 233
HIST 1871 252
HIST 1872 229
HIST 1873 238
HIST 1874 208
HIST 1875 221
HIST 1876 249
HIST 1877 218
HIST 1878 231
HIST 1879 207
HIST 1880 228
HIST 1881 220
HIST 1882 248
HIST 1883 234
HIST 1884 270
HIST 1885 238
HIST 1886 246
HIST 1887 255
HIST 1888 243
HIST 1889 226
HIST 1890 205
HIST 1891 258
HIST 1892 240
HIST 1893 232
HIST 1894 233
HIST 1895 236
HIST 1896 231
HIST 1897 234
HIST 1898 211
HIST 1899 227
HIST 1900 241
HIST 1901 232
HIST 1902 228
HIST 1903 254
HIST 1904 221
HIST 1905 279
HIST 1906 251
HIST 1907 227
HIST 1908 240
HIST 1909 217
HIST 1910 230
HIST 1911 254
HIST 1912 219
HIST 1913 258
HIST 1914 218
HIST 1915 234
HIST 1916 260
HIST 1917 220
HIST 1918 238
HIST 1919 235
HIST 1920 244
HIST 1921 233
HIST 1922 244
HIST 1923 219
HIST 1924 223
HIST 1925 257
HIST 1926 243
HIST 1927 238
HIST 1928 241
HIST 1929 241
HIST 1930 217
HIST 1931 226
HIST 1932 220
HIST 1933 237
HIST 1934 254
HIST 1935 242
HIST 1936 229
HIST 1937 203
HIST 1938 204
HIST 1939 234
HIST 1940 228
HIST 1941 207
HIST 1942 231
HIST 1943 207
HIST 1944 229
HIST 1945 206
HIST 1946 208
HIST 1947 199
HIST 1948 232
HIST 1949 220
HIST 1950 208
HIST 1951 217
HIST 1952 198
HIST 1953 242
HIST 1954 223
HIST 1955 226
HIST 1956 215
HIST 1957 232
HIST 1958 213
HIST 1959 219
HIST 1960 215
HIST 1961 201
HIST 1962 212
HIST 1963 224
HIST 1964 216
HIST 1965 239
HIST 1966 202
HIST 1967 225
HIST 1968 226
HIST 1969 243
HIST 1970 210
HIST 1971 228
HIST 1972 207
HIST 1973 205
HIST 1974 238
HIST 1975 223
HIST 1976 192
HIST 1977 209
HIST 1978 197
HIST 1979 229
HIST 1980 204
HIST 1981 204
HIST 1982 205
HIST 1983 215
HIST 1984 194
HIST 1985 204
HIST 1986 200
HIST 1987 201
HIST 1988 235
HIST 1989 234
HIST 1990 220
HIST 1991 207
HIST 1992 198
HIST 1993 229
HIST 1994 222
HIST 1995 211
HIST 1996 210
HIST 1997 211
HIST 1998 208
HIST 1999 213
HIST 2000 211
HIST 2001 234
HIST 2002 210
HIST 2003 213
HIST 2004 220
HIST 2005 219
HIST 2006 213
HIST 2007 198
HIST 2008 231
HIST 2009 234
HIST 2010 229
HIST 2011 227
HIST 2012 235
HIST 2013 185
HIST 2014 234
HIST 2015 230
HIST 2016 221
HIST 2017 177
HIST 2018 201
HIST 2019 242
HIST 2020 223
HIST 2021 210
HIST 2022 237
HIST 2023 245
HIST 2024 208
HIST 2025 210
HIST 2026 208
HIST 2027 240
HIST 2028 234
HIST 2029 216
HIST 2030 219
HIST 2031 220
HIST 2032 228
HIST 2033 210
HIST 2034 213
HIST 2035 208
HIST 2036 208
HIST 2037 210
HIST 2038 221
HIST 2039 221
HIST 2040 229
HIST 2041 250
HIST 2042 208
HIST 2043 218
HIST 2044 205
HIST 2045 219
HIST 2046 225
HIST 2047 209
HIST 2048 206
HIST 2049 221
HIST 2050 206
HIST 2051 217
HIST 2052 184
HIST 2053 238
HIST 2054 218
HIST 2055 208
HIST 2056 190
HIST 2057 220
HIST 2058 224
HIST 2059 204
HIST 2060 236
HIST 2061 229
HIST 2062 237
HIST 2063 196
HIST 2064 198
HIST 2065 203
HIST 2066 205
HIST 2067 208
HIST 2068 231
HIST 2069 210
HIST 2070 226
HIST 2071 207
HIST 2072 219
HIST 2073 293
HIST 2074 196
HIST 2075 225
HIST 2076 241
HIST 2077 203
HIST 2078 202
HIST 2079 218
HIST 2080 256
HIST 2081 226
HIST 2082 236
HIST 2083 231
HIST 2084 226
HIST 2085 218
HIST 2086 221
HIST 2087 217
HIST 2088 274
HIST 2089 230
HIST 2090 223
HIST 2091 203
HIST 2092 227
HIST 2093 243
HIST 2094 213
HIST 2095 243
HIST 2096 218
HIST 2097 209
HIST 2098 210
HIST 2099 246
HIST 2100 245
HIST 2101 220
HIST 2102 197
HIST 2103 223
HIST 2104 7211
HIST 2105 223
HIST 2106 232
HIST 2107 238
HIST 2108 239
HIST 2109 193
HIST 2110 202
HIST 2111 214
HIST 2112 213
HIST 2113 215
HIST 2114 212
HIST 2115 222
HIST 2116 257
HIST 2117 238
HIST 2118 222
HIST 2119 212
HIST 2120 208
HIST 2121 242
HIST 2122 220
HIST 2123 215
HIST 2124 206
HIST 2125 214
HIST 2126 199
HIST 2127 222
HIST 2128 247
HIST 2129 241
HIST 2130 223
HIST 2131 228
HIST 2132 221
HIST 2133 220
HIST 2134 240
HIST 2135 230
HIST 2136 221
HIST 2137 244
HIST 2138 216
HIST 2139 218
HIST 2140 230
HIST 2141 222
HIST 2142 233
HIST 2143 245
HIST 2144 207
HIST 2145 229
HIST 2146 225
HIST 2147 209
HIST 2148 252
HIST 2149 207
HIST 2150 255
HIST 2151 232
HIST 2152 220
HIST 2153 215
HIST 2154 255
HIST 2155 229
HIST 2156 248
HIST 2157 228
HIST 2158 243
HIST 2159 207
HIST 2160 223
HIST 2161 214
HIST 2162 237
HIST 2163 220
HIST 2164 199
HIST 2165 222
HIST 2166 235
HIST 2167 262
HIST 2168 223
HIST 2169 217
HIST 2170 244
HIST 2171 245
HIST 2172 229
HIST 2173 259
HIST 2174 236
HIST 2175 239
HIST 2176 242
HIST 2177 233
HIST 2178 240
HIST 2179 232
HIST 2180 263
HIST 2181 237
HIST 2182 226
HIST 2183 224
HIST 2184 210
HIST 2185 241
HIST 2186 224
HIST 2187 226
HIST 2188 241
HIST 2189 238
HIST 2190 229
HIST 2191 243
HIST 2192 231
HIST 2193 215
HIST 2194 232
HIST 2195 263
HIST 2196 243
HIST 2197 270
HIST 2198 242
HIST 2199 219
HIST 2200 230
HIST 2201 257
HIST 2202 229
HIST 2203 237
HIST 2204 212
HIST 2205 225
HIST 2206 227
HIST 2207 224
HIST 2208 222
HIST 2209 228
HIST 2210 255
HIST 2211 239
HIST 2212 231
HIST 2213 229
HIST 2214 238
HIST 2215 250
HIST 2216 216
HIST 2217 238
HIST 2218 230
HIST 2219 233
HIST 2220 248
HIST 2221 249
HIST 2222 254
HIST 2223 233
HIST 2224 225
HIST 2225 249
HIST 2226 226
HIST 2227 235
HIST 2228 239
HIST 2229 231
HIST 2230 221
HIST 2231 222
HIST 2232 255
HIST 2233 223
HIST 2234 251
HIST 2235 240
HIST 2236 218
HIST 2237 241
HIST 2238 236
HIST 2239 282
HIST 2240 256
HIST 2241 250
HIST 2242 257
HIST 2243 263
HIST 2244 245
HIST 2245 241
HIST 2246 233
HIST 2247 230
HIST 2248 258
HIST 2249 233
HIST 2250 261
HIST 2251 263
HIST 2252 230
HIST 2253 248
HIST 2254 252
HIST 2255 249
HIST 2256 249
HIST 2257 271
HIST 2258 235
HIST 2259 209
HIST 2260 235
HIST 2261 237
HIST 2262 264
HIST 2263 272
HIST 2264 212
HIST 2265 252
HIST 2266 234
HIST 2267 232
HIST 2268 264
HIST 2269 227
HIST 2270 267
HIST 2271 246
HIST 2272 246
HIST 2273 239
HIST 2274 255
HIST 2275 244
HIST 2276 266
HIST 2277 261
HIST 2278 255
HIST 2279 263
HIST 2280 263
HIST 2281 258
HIST 2282 276
HIST 2283 241
HIST 2284 246
HIST 2285 236
HIST 2286 240
HIST 2287 259
HIST 2288 256
HIST 2289 270
HIST 2290 283
HIST 2291 292
HIST 2292 270
HIST 2293 280
HIST 2294 295
HIST 2295 257
HIST 2296 258
HIST 2297 241
HIST 2298 255
HIST 2299 245
HIST 2300 276
HIST 2301 236
HIST 2302 269
HIST 2303 266
HIST 2304 260
HIST 2305 255
HIST 2306 262
HIST 2307 261
HIST 2308 264
HIST 2309 280
HIST 2310 292
HIST 2311 282
HIST 2312 312
HIST 2313 268
HIST 2314 253
HIST 2315 247
HIST 2316 273
HIST 2317 277
HIST 2318 278
HIST 2319 282
HIST 2320 256
HIST 2321 272
HIST 2322 254
HIST 2323 259
HIST 2324 309
HIST 2325 290
HIST 2326 261
HIST 2327 258
HIST 2328 292
HIST 2329 283
HIST 2330 251
HIST 2331 306
HIST 2332 305
HIST 2333 281
HIST 2334 262
HIST 2335 326
HIST 2336 288
HIST 2337 291
HIST 2338 296
HIST 2339 265
HIST 2340 261
HIST 2341 271
HIST 2342 300
HIST 2343 263
HIST 2344 268
HIST 2345 296
HIST 2346 290
HIST 2347 282
HIST 2348 306
HIST 2349 296
HIST 2350 279
HIST 2351 307
HIST 2352 278
HIST 2353 309
HIST 2354 275
HIST 2355 284
HIST 2356 297
HIST 2357 303
HIST 2358 283
HIST 2359 282
HIST 2360 291
HIST 2361 320
HIST 2362 253
HIST 2363 288
HIST 2364 269
HIST 2365 299
HIST 2366 290
HIST 2367 308
HIST 2368 273
HIST 2369 286
HIST 2370 335
HIST 2371 298
HIST 2372 299
HIST 2373 301
HIST 2374 285
HIST 2375 292
HIST 2376 287
HIST 2377 260
HIST 2378 248
HIST 2379 253
HIST 2380 263
HIST 2381 239
HIST 2382 222
HIST 2383 178
HIST 2384 166
HIST 2385 131
HIST 2386 135
HIST 2387 136
HIST 2388 123
HIST 2389 116
HIST 2390 108
HIST 2391 99
HIST 2392 102
HIST 2393 105
HIST 2394 103
HIST 2395 106
HIST 2396 96
HIST 2397 66
HIST 2398 77
HIST 2399 81
HIST 2400 79
HIST 2401 113
HIST 2402 82
HIST 2403 86
HIST 2404 77
HIST 2405 85
HIST 2406 74
HIST 2407 67
HIST 2408 66
HIST 2409 75
HIST 2410 67
HIST 2411 71
HIST 2412 71
HIST 2413 83
HIST 2414 61
HIST 2415 66
HIST 2416 72
HIST 2417 52
HIST 2418 58
HIST 2419 60
HIST 2420 70
HIST 2421 62
HIST 2422 54
HIST 2423 68
HIST 2424 67
HIST 2425 58
HIST 2426 71
HIST 2427 61
HIST 2428 59
HIST 2429 68
HIST 2430 62
HIST 2431 50
HIST 2432 64
HIST 2433 51
HIST 2434 59
HIST 2435 44
HIST 2436 55
HIST 2437 47
HIST 2438 49
HIST 2439 40
HIST 2440 57
HIST 2441 46
HIST 2442 42
HIST 2443 55
HIST 2444 39
HIST 2445 44
HIST 2446 49
HIST 2447 41
HIST 2448 52
HIST 2449 55
HIST 2450 44
HIST 2451 42
HIST 2452 44
HIST 2453 38
HIST 2454 52
HIST 2455 52
HIST 2456 44
HIST 2457 38
HIST 2458 42
HIST 2459 35
HIST 2460 47
HIST 2461 41
HIST 2462 42
HIST 2463 42
HIST 2464 33
HIST 2465 41
HIST 2466 43
HIST 2467 37
HIST 2468 32
HIST 2469 34
HIST 2470 33
HIST 2471 32
HIST 2472 31
HIST 2473 37
HIST 2474 22
HIST 2475 23
HIST 2476 35
HIST 2477 19
HIST 2478 36
HIST 2479 20
HIST 2480 31
HIST 2481 26
HIST 2482 25
HIST 2483 19
HIST 2484 23
HIST 2485 15
HIST 2486 16
HIST 2487 23
HIST 2488 24
HIST 2489 19
HIST 2490 20
HIST 2491 18
HIST 2492 23
HIST 2493 24
HIST 2494 20
HIST 2495 12
HIST 2496 26
HIST 2497 19
HIST 2498 16
HIST 2499 12
HIST 2500 15
HIST 2501 20
HIST 2502 14
HIST 2503 18
HIST 2504 12
HIST 2505 10
HIST 2506 22
HIST 2507 10
HIST 2508 11
HIST 2509 13
HIST 2510 11
HIST 2511 17
HIST 2512 16
HIST 2513 16
HIST 2514 15
HIST 2515 15
HIST 2516 9
HIST 2517 10
HIST 2518 16
HIST 2519 8
HIST 2520 5
HIST 2521 11
HIST 2522 7
HIST 2523 8
HIST 2524 12
HIST 2525 9
HIST 2526 4
HIST 2527 11
HIST 2528 13
HIST 2529 7
HIST 2530 7
HIST 2531 8
HIST 2532 6
HIST 2533 8
HIST 2534 9
HIST 2535 7
HIST 2536 7
HIST 2537 6
HIST 2538 8
HIST 2539 6
HIST 2540 5
HIST 2541 10
HIST 2542 4
HIST 2543 6
HIST 2544 4
HIST 2545 4
HIST 2546 6
HIST 2547 5
HIST 2548 5
HIST 2549 5
HIST 2550 10
HIST 2551 5
HIST 2552 7
HIST 2553 2
HIST 2554 6
HIST 2555 6
HIST 2556 3
HIST 2557 5
HIST 2558 9
HIST 2559 7
HIST 2560 5
HIST 2561 6
HIST 2562 2
HIST 2563 6
HIST 2564 3
HIST 2565 6
HIST 2566 8
HIST 2567 5
HIST 2568 5
HIST 2569 4
HIST 2570 2
HIST 2571 2
HIST 2572 6
HIST 2573 2
HIST 2574 2
HIST 2575 4
HIST 2576 2
HIST 2577 4
HIST 2579 9
HIST 2580 19
HIST 2581 11
HIST 2582 31
HIST 2583 4
HIST 2584 183
HIST 2585 3
HIST 2586 141
HIST 2587 5
HIST 2589 1
HIST 2590 2
HIST 2592 2
HIST 2593 5
HIST 2594 2
HIST 2595 3
HIST 2597 3
HIST 2598 2
HIST 2599 1
HIST 2600 5
HIST 2601 4
HIST 2602 1
HIST 2603 1
HIST 2604 3
HIST 2605 3
HIST 2606 3
HIST 2607 2
HIST 2608 3
HIST 2609 4
HIST 2612 3
HIST 2613 4
HIST 2614 3
HIST 2615 19985
HISTEND
ESCPOP decays=20000000 own_exit=100798 carry_exit=76375 own_return=16397 same=16190 other=207 noface=0 lineage_gamma_out=9291 lineage_lepton_out=835 killed_gamma=9291 killed_lepton=0 facemiss=0 lineage_inside=0
