SETUP correlatedGamma=0 twoJmax=10 vacuum=1 seed=0 killesc=0 killcarry=0 fullcarry=0 histbin=1.000 histbins=1462 iontag=0 escpop=1 killescown=0 killesccarry=0 killret=0 killretsame=0 killretother=0 killescbrem=0 killescdelta=0 killoutbrem=1
CUTS (production thresholds per material couple):
 Material : G4_Galactic
 Range cuts        :  gamma  1 mm     e-  1 mm     e+  1 mm  proton 1 mm 
 Energy thresholds :  gamma  990 eV     e-  990 eV     e+  990 eV  proton 100 keV
 Material : scene_mat_3
 Range cuts        :  gamma  1 mm     e-  1 mm     e+  1 mm  proton 1 mm 
 Energy thresholds :  gamma  6.91691 keV    e-  597.603 keV    e+  574.29 keV proton 100 keV
 Material : scene_mat_1
 Range cuts        :  gamma  1 mm     e-  1 mm     e+  1 mm  proton 1 mm 
 Energy thresholds :  gamma  4.39533 keV    e-  541.252 keV    e+  522.087 keV proton 100 keV
 Material : scene_mat_0
 Range cuts        :  gamma  1 mm     e-  1 mm     e+  1 mm  proton 1 mm 
 Energy thresholds :  gamma  38.4662 keV    e-  692.485 keV    e+  658.149 keV proton 100 keV
RESULT decays=20000000
RESULT any=776959 eps_total=3.884795e-02
RESULT window=1460.820 counts=60510 eps=3.025500e-03
HISTBEGIN bins=1462 bin_kev=1.000000 decays=20000000
HIST 0 302
HIST 1 714
HIST 2 762
HIST 3 764
HIST 4 769
HIST 5 812
HIST 6 861
HIST 7 837
HIST 8 862
HIST 9 811
HIST 10 862
HIST 11 828
HIST 12 857
HIST 13 877
HIST 14 792
HIST 15 823
HIST 16 849
HIST 17 863
HIST 18 830
HIST 19 819
HIST 20 775
HIST 21 823
HIST 22 869
HIST 23 814
HIST 24 786
HIST 25 844
HIST 26 802
HIST 27 791
HIST 28 780
HIST 29 802
HIST 30 755
HIST 31 814
HIST 32 813
HIST 33 777
HIST 34 826
HIST 35 768
HIST 36 809
HIST 37 752
HIST 38 841
HIST 39 793
HIST 40 752
HIST 41 786
HIST 42 728
HIST 43 755
HIST 44 789
HIST 45 760
HIST 46 744
HIST 47 762
HIST 48 782
HIST 49 755
HIST 50 783
HIST 51 752
HIST 52 759
HIST 53 733
HIST 54 742
HIST 55 753
HIST 56 730
HIST 57 701
HIST 58 731
HIST 59 751
HIST 60 725
HIST 61 735
HIST 62 700
HIST 63 711
HIST 64 746
HIST 65 710
HIST 66 728
HIST 67 702
HIST 68 718
HIST 69 784
HIST 70 780
HIST 71 743
HIST 72 774
HIST 73 694
HIST 74 718
HIST 75 746
HIST 76 679
HIST 77 694
HIST 78 683
HIST 79 682
HIST 80 748
HIST 81 687
HIST 82 692
HIST 83 710
HIST 84 672
HIST 85 710
HIST 86 744
HIST 87 705
HIST 88 657
HIST 89 655
HIST 90 680
HIST 91 713
HIST 92 690
HIST 93 728
HIST 94 733
HIST 95 671
HIST 96 688
HIST 97 746
HIST 98 654
HIST 99 691
HIST 100 657
HIST 101 691
HIST 102 696
HIST 103 681
HIST 104 634
HIST 105 650
HIST 106 696
HIST 107 636
HIST 108 669
HIST 109 689
HIST 110 667
HIST 111 688
HIST 112 673
HIST 113 672
HIST 114 697
HIST 115 627
HIST 116 652
HIST 117 661
HIST 118 677
HIST 119 657
HIST 120 691
HIST 121 690
HIST 122 696
HIST 123 649
HIST 124 645
HIST 125 647
HIST 126 651
HIST 127 669
HIST 128 646
HIST 129 677
HIST 130 682
HIST 131 661
HIST 132 643
HIST 133 649
HIST 134 645
HIST 135 655
HIST 136 677
HIST 137 703
HIST 138 679
HIST 139 617
HIST 140 655
HIST 141 636
HIST 142 679
HIST 143 638
HIST 144 677
HIST 145 659
HIST 146 609
HIST 147 610
HIST 148 639
HIST 149 632
HIST 150 670
HIST 151 667
HIST 152 697
HIST 153 674
HIST 154 642
HIST 155 697
HIST 156 630
HIST 157 638
HIST 158 617
HIST 159 652
HIST 160 613
HIST 161 634
HIST 162 616
HIST 163 664
HIST 164 661
HIST 165 684
HIST 166 649
HIST 167 638
HIST 168 580
HIST 169 633
HIST 170 639
HIST 171 606
HIST 172 670
HIST 173 643
HIST 174 669
HIST 175 664
HIST 176 605
HIST 177 608
HIST 178 661
HIST 179 632
HIST 180 631
HIST 181 624
HIST 182 607
HIST 183 651
HIST 184 601
HIST 185 610
HIST 186 597
HIST 187 594
HIST 188 652
HIST 189 624
HIST 190 631
HIST 191 613
HIST 192 607
HIST 193 601
HIST 194 621
HIST 195 660
HIST 196 620
HIST 197 609
HIST 198 598
HIST 199 620
HIST 200 630
HIST 201 577
HIST 202 652
HIST 203 627
HIST 204 590
HIST 205 603
HIST 206 600
HIST 207 619
HIST 208 623
HIST 209 624
HIST 210 632
HIST 211 604
HIST 212 628
HIST 213 649
HIST 214 606
HIST 215 592
HIST 216 628
HIST 217 667
HIST 218 745
HIST 219 689
HIST 220 752
HIST 221 753
HIST 222 760
HIST 223 794
HIST 224 800
HIST 225 765
HIST 226 819
HIST 227 735
HIST 228 727
HIST 229 775
HIST 230 738
HIST 231 748
HIST 232 732
HIST 233 736
HIST 234 791
HIST 235 772
HIST 236 749
HIST 237 766
HIST 238 734
HIST 239 795
HIST 240 739
HIST 241 762
HIST 242 716
HIST 243 763
HIST 244 695
HIST 245 756
HIST 246 746
HIST 247 713
HIST 248 712
HIST 249 687
HIST 250 726
HIST 251 722
HIST 252 742
HIST 253 692
HIST 254 702
HIST 255 662
HIST 256 755
HIST 257 678
HIST 258 748
HIST 259 703
HIST 260 722
HIST 261 695
HIST 262 742
HIST 263 690
HIST 264 698
HIST 265 722
HIST 266 688
HIST 267 710
HIST 268 690
HIST 269 635
HIST 270 670
HIST 271 652
HIST 272 676
HIST 273 658
HIST 274 682
HIST 275 648
HIST 276 685
HIST 277 646
HIST 278 658
HIST 279 654
HIST 280 686
HIST 281 646
HIST 282 669
HIST 283 676
HIST 284 694
HIST 285 623
HIST 286 626
HIST 287 597
HIST 288 652
HIST 289 652
HIST 290 641
HIST 291 654
HIST 292 634
HIST 293 629
HIST 294 645
HIST 295 636
HIST 296 635
HIST 297 595
HIST 298 631
HIST 299 601
HIST 300 629
HIST 301 597
HIST 302 596
HIST 303 639
HIST 304 595
HIST 305 580
HIST 306 615
HIST 307 607
HIST 308 612
HIST 309 616
HIST 310 602
HIST 311 623
HIST 312 585
HIST 313 606
HIST 314 581
HIST 315 625
HIST 316 629
HIST 317 613
HIST 318 588
HIST 319 578
HIST 320 630
HIST 321 592
HIST 322 588
HIST 323 589
HIST 324 555
HIST 325 585
HIST 326 583
HIST 327 604
HIST 328 585
HIST 329 593
HIST 330 535
HIST 331 609
HIST 332 614
HIST 333 566
HIST 334 568
HIST 335 588
HIST 336 593
HIST 337 555
HIST 338 583
HIST 339 592
HIST 340 541
HIST 341 574
HIST 342 583
HIST 343 548
HIST 344 563
HIST 345 563
HIST 346 557
HIST 347 560
HIST 348 583
HIST 349 557
HIST 350 542
HIST 351 567
HIST 352 575
HIST 353 580
HIST 354 563
HIST 355 551
HIST 356 535
HIST 357 587
HIST 358 599
HIST 359 575
HIST 360 547
HIST 361 574
HIST 362 533
HIST 363 559
HIST 364 593
HIST 365 519
HIST 366 566
HIST 367 531
HIST 368 547
HIST 369 560
HIST 370 547
HIST 371 573
HIST 372 532
HIST 373 520
HIST 374 551
HIST 375 531
HIST 376 565
HIST 377 562
HIST 378 538
HIST 379 552
HIST 380 534
HIST 381 570
HIST 382 545
HIST 383 541
HIST 384 564
HIST 385 550
HIST 386 542
HIST 387 518
HIST 388 555
HIST 389 507
HIST 390 530
HIST 391 499
HIST 392 542
HIST 393 551
HIST 394 533
HIST 395 544
HIST 396 571
HIST 397 537
HIST 398 544
HIST 399 550
HIST 400 567
HIST 401 509
HIST 402 540
HIST 403 542
HIST 404 549
HIST 405 485
HIST 406 514
HIST 407 550
HIST 408 497
HIST 409 522
HIST 410 556
HIST 411 488
HIST 412 537
HIST 413 555
HIST 414 528
HIST 415 537
HIST 416 518
HIST 417 525
HIST 418 513
HIST 419 519
HIST 420 506
HIST 421 491
HIST 422 471
HIST 423 541
HIST 424 543
HIST 425 507
HIST 426 516
HIST 427 543
HIST 428 467
HIST 429 531
HIST 430 517
HIST 431 474
HIST 432 542
HIST 433 497
HIST 434 544
HIST 435 491
HIST 436 483
HIST 437 509
HIST 438 519
HIST 439 8078
HIST 440 531
HIST 441 530
HIST 442 522
HIST 443 499
HIST 444 534
HIST 445 522
HIST 446 500
HIST 447 518
HIST 448 545
HIST 449 504
HIST 450 491
HIST 451 534
HIST 452 503
HIST 453 522
HIST 454 494
HIST 455 517
HIST 456 513
HIST 457 463
HIST 458 535
HIST 459 559
HIST 460 541
HIST 461 521
HIST 462 520
HIST 463 503
HIST 464 504
HIST 465 551
HIST 466 504
HIST 467 502
HIST 468 508
HIST 469 539
HIST 470 509
HIST 471 553
HIST 472 452
HIST 473 540
HIST 474 524
HIST 475 479
HIST 476 525
HIST 477 512
HIST 478 520
HIST 479 522
HIST 480 481
HIST 481 472
HIST 482 512
HIST 483 530
HIST 484 477
HIST 485 489
HIST 486 517
HIST 487 509
HIST 488 501
HIST 489 497
HIST 490 477
HIST 491 467
HIST 492 481
HIST 493 481
HIST 494 498
HIST 495 547
HIST 496 534
HIST 497 477
HIST 498 490
HIST 499 468
HIST 500 484
HIST 501 491
HIST 502 523
HIST 503 553
HIST 504 476
HIST 505 482
HIST 506 518
HIST 507 478
HIST 508 481
HIST 509 477
HIST 510 527
HIST 511 527
HIST 512 473
HIST 513 484
HIST 514 493
HIST 515 492
HIST 516 495
HIST 517 511
HIST 518 491
HIST 519 499
HIST 520 490
HIST 521 457
HIST 522 539
HIST 523 483
HIST 524 504
HIST 525 519
HIST 526 493
HIST 527 512
HIST 528 496
HIST 529 502
HIST 530 513
HIST 531 506
HIST 532 493
HIST 533 488
HIST 534 455
HIST 535 500
HIST 536 491
HIST 537 495
HIST 538 478
HIST 539 482
HIST 540 467
HIST 541 456
HIST 542 540
HIST 543 504
HIST 544 490
HIST 545 455
HIST 546 474
HIST 547 524
HIST 548 465
HIST 549 475
HIST 550 496
HIST 551 489
HIST 552 490
HIST 553 496
HIST 554 479
HIST 555 479
HIST 556 503
HIST 557 484
HIST 558 472
HIST 559 490
HIST 560 511
HIST 561 452
HIST 562 463
HIST 563 444
HIST 564 503
HIST 565 524
HIST 566 486
HIST 567 466
HIST 568 471
HIST 569 475
HIST 570 456
HIST 571 483
HIST 572 500
HIST 573 443
HIST 574 476
HIST 575 493
HIST 576 503
HIST 577 472
HIST 578 471
HIST 579 491
HIST 580 463
HIST 581 470
HIST 582 487
HIST 583 477
HIST 584 496
HIST 585 442
HIST 586 492
HIST 587 499
HIST 588 470
HIST 589 507
HIST 590 472
HIST 591 505
HIST 592 485
HIST 593 500
HIST 594 468
HIST 595 458
HIST 596 501
HIST 597 447
HIST 598 446
HIST 599 511
HIST 600 451
HIST 601 459
HIST 602 451
HIST 603 453
HIST 604 472
HIST 605 417
HIST 606 488
HIST 607 472
HIST 608 466
HIST 609 449
HIST 610 491
HIST 611 468
HIST 612 435
HIST 613 474
HIST 614 458
HIST 615 484
HIST 616 503
HIST 617 520
HIST 618 431
HIST 619 470
HIST 620 477
HIST 621 469
HIST 622 498
HIST 623 490
HIST 624 458
HIST 625 467
HIST 626 494
HIST 627 432
HIST 628 484
HIST 629 480
HIST 630 465
HIST 631 439
HIST 632 466
HIST 633 465
HIST 634 449
HIST 635 465
HIST 636 458
HIST 637 459
HIST 638 445
HIST 639 479
HIST 640 454
HIST 641 451
HIST 642 457
HIST 643 485
HIST 644 453
HIST 645 478
HIST 646 435
HIST 647 444
HIST 648 450
HIST 649 447
HIST 650 466
HIST 651 515
HIST 652 448
HIST 653 482
HIST 654 457
HIST 655 444
HIST 656 504
HIST 657 476
HIST 658 471
HIST 659 422
HIST 660 470
HIST 661 425
HIST 662 505
HIST 663 425
HIST 664 482
HIST 665 432
HIST 666 454
HIST 667 438
HIST 668 490
HIST 669 491
HIST 670 449
HIST 671 442
HIST 672 455
HIST 673 480
HIST 674 449
HIST 675 482
HIST 676 443
HIST 677 458
HIST 678 452
HIST 679 445
HIST 680 468
HIST 681 452
HIST 682 465
HIST 683 461
HIST 684 443
HIST 685 502
HIST 686 423
HIST 687 480
HIST 688 484
HIST 689 443
HIST 690 446
HIST 691 438
HIST 692 417
HIST 693 471
HIST 694 430
HIST 695 467
HIST 696 455
HIST 697 443
HIST 698 431
HIST 699 502
HIST 700 449
HIST 701 446
HIST 702 461
HIST 703 424
HIST 704 464
HIST 705 469
HIST 706 443
HIST 707 475
HIST 708 451
HIST 709 486
HIST 710 452
HIST 711 467
HIST 712 432
HIST 713 458
HIST 714 478
HIST 715 448
HIST 716 455
HIST 717 487
HIST 718 459
HIST 719 457
HIST 720 480
HIST 721 429
HIST 722 443
HIST 723 430
HIST 724 425
HIST 725 479
HIST 726 470
HIST 727 457
HIST 728 420
HIST 729 482
HIST 730 419
HIST 731 453
HIST 732 438
HIST 733 456
HIST 734 452
HIST 735 469
HIST 736 480
HIST 737 458
HIST 738 441
HIST 739 478
HIST 740 483
HIST 741 438
HIST 742 409
HIST 743 466
HIST 744 457
HIST 745 436
HIST 746 461
HIST 747 444
HIST 748 475
HIST 749 445
HIST 750 430
HIST 751 472
HIST 752 455
HIST 753 453
HIST 754 458
HIST 755 419
HIST 756 502
HIST 757 464
HIST 758 494
HIST 759 444
HIST 760 468
HIST 761 435
HIST 762 442
HIST 763 456
HIST 764 476
HIST 765 456
HIST 766 457
HIST 767 410
HIST 768 468
HIST 769 462
HIST 770 461
HIST 771 429
HIST 772 428
HIST 773 484
HIST 774 447
HIST 775 441
HIST 776 444
HIST 777 438
HIST 778 451
HIST 779 479
HIST 780 436
HIST 781 466
HIST 782 456
HIST 783 412
HIST 784 464
HIST 785 440
HIST 786 462
HIST 787 465
HIST 788 421
HIST 789 447
HIST 790 419
HIST 791 461
HIST 792 458
HIST 793 438
HIST 794 419
HIST 795 407
HIST 796 463
HIST 797 445
HIST 798 463
HIST 799 474
HIST 800 428
HIST 801 439
HIST 802 455
HIST 803 422
HIST 804 451
HIST 805 446
HIST 806 472
HIST 807 422
HIST 808 475
HIST 809 443
HIST 810 471
HIST 811 457
HIST 812 440
HIST 813 466
HIST 814 449
HIST 815 456
HIST 816 433
HIST 817 442
HIST 818 472
HIST 819 461
HIST 820 444
HIST 821 418
HIST 822 466
HIST 823 457
HIST 824 453
HIST 825 469
HIST 826 447
HIST 827 474
HIST 828 476
HIST 829 460
HIST 830 442
HIST 831 462
HIST 832 438
HIST 833 417
HIST 834 439
HIST 835 451
HIST 836 477
HIST 837 467
HIST 838 453
HIST 839 456
HIST 840 441
HIST 841 413
HIST 842 460
HIST 843 484
HIST 844 486
HIST 845 443
HIST 846 439
HIST 847 478
HIST 848 471
HIST 849 447
HIST 850 441
HIST 851 425
HIST 852 413
HIST 853 453
HIST 854 478
HIST 855 470
HIST 856 468
HIST 857 461
HIST 858 441
HIST 859 461
HIST 860 459
HIST 861 463
HIST 862 457
HIST 863 457
HIST 864 478
HIST 865 474
HIST 866 449
HIST 867 497
HIST 868 459
HIST 869 490
HIST 870 451
HIST 871 449
HIST 872 436
HIST 873 442
HIST 874 483
HIST 875 447
HIST 876 463
HIST 877 459
HIST 878 449
HIST 879 432
HIST 880 474
HIST 881 467
HIST 882 464
HIST 883 464
HIST 884 456
HIST 885 435
HIST 886 461
HIST 887 469
HIST 888 476
HIST 889 435
HIST 890 459
HIST 891 448
HIST 892 433
HIST 893 459
HIST 894 481
HIST 895 467
HIST 896 449
HIST 897 464
HIST 898 493
HIST 899 451
HIST 900 466
HIST 901 455
HIST 902 444
HIST 903 435
HIST 904 476
HIST 905 446
HIST 906 487
HIST 907 479
HIST 908 457
HIST 909 479
HIST 910 476
HIST 911 489
HIST 912 474
HIST 913 503
HIST 914 470
HIST 915 460
HIST 916 466
HIST 917 405
HIST 918 477
HIST 919 493
HIST 920 449
HIST 921 468
HIST 922 436
HIST 923 449
HIST 924 462
HIST 925 470
HIST 926 440
HIST 927 487
HIST 928 454
HIST 929 452
HIST 930 465
HIST 931 461
HIST 932 478
HIST 933 485
HIST 934 421
HIST 935 507
HIST 936 489
HIST 937 448
HIST 938 468
HIST 939 439
HIST 940 489
HIST 941 483
HIST 942 498
HIST 943 468
HIST 944 458
HIST 945 477
HIST 946 451
HIST 947 469
HIST 948 458
HIST 949 489
HIST 950 1547
HIST 951 473
HIST 952 453
HIST 953 467
HIST 954 474
HIST 955 478
HIST 956 490
HIST 957 476
HIST 958 481
HIST 959 458
HIST 960 465
HIST 961 490
HIST 962 433
HIST 963 463
HIST 964 464
HIST 965 439
HIST 966 462
HIST 967 451
HIST 968 517
HIST 969 474
HIST 970 497
HIST 971 462
HIST 972 493
HIST 973 499
HIST 974 492
HIST 975 495
HIST 976 461
HIST 977 463
HIST 978 490
HIST 979 480
HIST 980 491
HIST 981 484
HIST 982 482
HIST 983 423
HIST 984 471
HIST 985 458
HIST 986 438
HIST 987 534
HIST 988 494
HIST 989 479
HIST 990 503
HIST 991 484
HIST 992 473
HIST 993 475
HIST 994 449
HIST 995 506
HIST 996 514
HIST 997 490
HIST 998 512
HIST 999 480
HIST 1000 516
HIST 1001 450
HIST 1002 515
HIST 1003 541
HIST 1004 477
HIST 1005 505
HIST 1006 463
HIST 1007 495
HIST 1008 499
HIST 1009 512
HIST 1010 506
HIST 1011 495
HIST 1012 526
HIST 1013 478
HIST 1014 470
HIST 1015 484
HIST 1016 498
HIST 1017 482
HIST 1018 471
HIST 1019 508
HIST 1020 468
HIST 1021 493
HIST 1022 481
HIST 1023 501
HIST 1024 481
HIST 1025 487
HIST 1026 458
HIST 1027 496
HIST 1028 496
HIST 1029 507
HIST 1030 504
HIST 1031 509
HIST 1032 507
HIST 1033 497
HIST 1034 502
HIST 1035 473
HIST 1036 517
HIST 1037 511
HIST 1038 463
HIST 1039 501
HIST 1040 518
HIST 1041 507
HIST 1042 498
HIST 1043 505
HIST 1044 506
HIST 1045 503
HIST 1046 512
HIST 1047 546
HIST 1048 483
HIST 1049 499
HIST 1050 511
HIST 1051 569
HIST 1052 514
HIST 1053 507
HIST 1054 571
HIST 1055 519
HIST 1056 512
HIST 1057 536
HIST 1058 528
HIST 1059 501
HIST 1060 492
HIST 1061 506
HIST 1062 500
HIST 1063 463
HIST 1064 500
HIST 1065 572
HIST 1066 536
HIST 1067 501
HIST 1068 488
HIST 1069 522
HIST 1070 504
HIST 1071 507
HIST 1072 510
HIST 1073 539
HIST 1074 520
HIST 1075 538
HIST 1076 510
HIST 1077 536
HIST 1078 563
HIST 1079 541
HIST 1080 559
HIST 1081 523
HIST 1082 520
HIST 1083 561
HIST 1084 521
HIST 1085 560
HIST 1086 492
HIST 1087 530
HIST 1088 549
HIST 1089 563
HIST 1090 513
HIST 1091 524
HIST 1092 544
HIST 1093 578
HIST 1094 537
HIST 1095 520
HIST 1096 535
HIST 1097 535
HIST 1098 550
HIST 1099 603
HIST 1100 573
HIST 1101 558
HIST 1102 518
HIST 1103 528
HIST 1104 553
HIST 1105 546
HIST 1106 577
HIST 1107 511
HIST 1108 545
HIST 1109 542
HIST 1110 593
HIST 1111 546
HIST 1112 533
HIST 1113 570
HIST 1114 570
HIST 1115 583
HIST 1116 546
HIST 1117 567
HIST 1118 553
HIST 1119 537
HIST 1120 535
HIST 1121 563
HIST 1122 580
HIST 1123 579
HIST 1124 555
HIST 1125 586
HIST 1126 564
HIST 1127 591
HIST 1128 581
HIST 1129 586
HIST 1130 581
HIST 1131 583
HIST 1132 558
HIST 1133 545
HIST 1134 589
HIST 1135 588
HIST 1136 598
HIST 1137 603
HIST 1138 587
HIST 1139 628
HIST 1140 595
HIST 1141 613
HIST 1142 604
HIST 1143 606
HIST 1144 618
HIST 1145 597
HIST 1146 615
HIST 1147 567
HIST 1148 623
HIST 1149 587
HIST 1150 614
HIST 1151 609
HIST 1152 609
HIST 1153 596
HIST 1154 615
HIST 1155 631
HIST 1156 662
HIST 1157 631
HIST 1158 628
HIST 1159 578
HIST 1160 648
HIST 1161 625
HIST 1162 627
HIST 1163 619
HIST 1164 633
HIST 1165 619
HIST 1166 647
HIST 1167 580
HIST 1168 618
HIST 1169 584
HIST 1170 668
HIST 1171 637
HIST 1172 649
HIST 1173 605
HIST 1174 650
HIST 1175 676
HIST 1176 614
HIST 1177 642
HIST 1178 654
HIST 1179 617
HIST 1180 619
HIST 1181 575
HIST 1182 623
HIST 1183 625
HIST 1184 655
HIST 1185 707
HIST 1186 644
HIST 1187 644
HIST 1188 634
HIST 1189 636
HIST 1190 685
HIST 1191 634
HIST 1192 658
HIST 1193 657
HIST 1194 695
HIST 1195 620
HIST 1196 675
HIST 1197 668
HIST 1198 680
HIST 1199 701
HIST 1200 724
HIST 1201 679
HIST 1202 641
HIST 1203 717
HIST 1204 721
HIST 1205 741
HIST 1206 682
HIST 1207 696
HIST 1208 720
HIST 1209 718
HIST 1210 669
HIST 1211 713
HIST 1212 698
HIST 1213 678
HIST 1214 686
HIST 1215 690
HIST 1216 708
HIST 1217 660
HIST 1218 694
HIST 1219 750
HIST 1220 694
HIST 1221 700
HIST 1222 666
HIST 1223 736
HIST 1224 654
HIST 1225 701
HIST 1226 688
HIST 1227 737
HIST 1228 691
HIST 1229 707
HIST 1230 691
HIST 1231 676
HIST 1232 718
HIST 1233 706
HIST 1234 736
HIST 1235 722
HIST 1236 719
HIST 1237 667
HIST 1238 707
HIST 1239 637
HIST 1240 629
HIST 1241 609
HIST 1242 616
HIST 1243 551
HIST 1244 470
HIST 1245 377
HIST 1246 346
HIST 1247 324
HIST 1248 293
HIST 1249 282
HIST 1250 250
HIST 1251 230
HIST 1252 239
HIST 1253 247
HIST 1254 221
HIST 1255 194
HIST 1256 211
HIST 1257 196
HIST 1258 200
HIST 1259 227
HIST 1260 182
HIST 1261 165
HIST 1262 168
HIST 1263 160
HIST 1264 170
HIST 1265 179
HIST 1266 161
HIST 1267 175
HIST 1268 148
HIST 1269 163
HIST 1270 135
HIST 1271 140
HIST 1272 158
HIST 1273 141
HIST 1274 136
HIST 1275 157
HIST 1276 142
HIST 1277 115
HIST 1278 121
HIST 1279 132
HIST 1280 147
HIST 1281 122
HIST 1282 144
HIST 1283 121
HIST 1284 103
HIST 1285 128
HIST 1286 110
HIST 1287 120
HIST 1288 115
HIST 1289 100
HIST 1290 121
HIST 1291 102
HIST 1292 91
HIST 1293 106
HIST 1294 107
HIST 1295 105
HIST 1296 110
HIST 1297 114
HIST 1298 86
HIST 1299 109
HIST 1300 96
HIST 1301 102
HIST 1302 103
HIST 1303 102
HIST 1304 84
HIST 1305 72
HIST 1306 85
HIST 1307 86
HIST 1308 104
HIST 1309 87
HIST 1310 89
HIST 1311 89
HIST 1312 88
HIST 1313 86
HIST 1314 77
HIST 1315 75
HIST 1316 97
HIST 1317 65
HIST 1318 74
HIST 1319 69
HIST 1320 73
HIST 1321 71
HIST 1322 50
HIST 1323 72
HIST 1324 68
HIST 1325 47
HIST 1326 67
HIST 1327 70
HIST 1328 58
HIST 1329 55
HIST 1330 43
HIST 1331 71
HIST 1332 56
HIST 1333 44
HIST 1334 57
HIST 1335 41
HIST 1336 41
HIST 1337 43
HIST 1338 51
HIST 1339 52
HIST 1340 48
HIST 1341 40
HIST 1342 45
HIST 1343 28
HIST 1344 33
HIST 1345 42
HIST 1346 32
HIST 1347 43
HIST 1348 41
HIST 1349 46
HIST 1350 31
HIST 1351 27
HIST 1352 50
HIST 1353 47
HIST 1354 41
HIST 1355 39
HIST 1356 33
HIST 1357 35
HIST 1358 35
HIST 1359 33
HIST 1360 31
HIST 1361 22
HIST 1362 25
HIST 1363 38
HIST 1364 29
HIST 1365 35
HIST 1366 27
HIST 1367 31
HIST 1368 25
HIST 1369 28
HIST 1370 28
HIST 1371 21
HIST 1372 33
HIST 1373 23
HIST 1374 19
HIST 1375 33
HIST 1376 21
HIST 1377 19
HIST 1378 19
HIST 1379 23
HIST 1380 23
HIST 1381 18
HIST 1382 20
HIST 1383 23
HIST 1384 20
HIST 1385 17
HIST 1386 19
HIST 1387 21
HIST 1388 21
HIST 1389 15
HIST 1390 15
HIST 1391 20
HIST 1392 11
HIST 1393 14
HIST 1394 18
HIST 1395 15
HIST 1396 11
HIST 1397 12
HIST 1398 12
HIST 1399 12
HIST 1400 14
HIST 1401 18
HIST 1402 21
HIST 1403 10
HIST 1404 17
HIST 1405 14
HIST 1406 9
HIST 1407 10
HIST 1408 16
HIST 1409 18
HIST 1410 11
HIST 1411 6
HIST 1412 10
HIST 1413 9
HIST 1414 8
HIST 1415 8
HIST 1416 15
HIST 1417 11
HIST 1418 9
HIST 1419 10
HIST 1420 6
HIST 1421 8
HIST 1422 10
HIST 1423 3
HIST 1424 11
HIST 1425 11
HIST 1426 40
HIST 1427 7
HIST 1428 33
HIST 1429 114
HIST 1430 515
HIST 1431 9
HIST 1432 221
HIST 1433 138
HIST 1434 15
HIST 1435 6
HIST 1436 10
HIST 1437 5
HIST 1438 11
HIST 1439 6
HIST 1440 9
HIST 1441 3
HIST 1442 8
HIST 1443 6
HIST 1444 6
HIST 1445 2
HIST 1446 2
HIST 1447 3
HIST 1448 2
HIST 1449 1
HIST 1450 5
HIST 1451 4
HIST 1452 5
HIST 1453 9
HIST 1454 7
HIST 1455 4
HIST 1456 4
HIST 1457 12
HIST 1458 22
HIST 1459 13
HIST 1460 4
HIST 1461 60510
HISTEND
ESCPOP decays=20000000 own_exit=61069 carry_exit=50406 own_return=11429 same=11357 other=72 noface=0 lineage_gamma_out=2877 lineage_lepton_out=4610 killed_gamma=0 killed_lepton=0 facemiss=0 lineage_inside=0 out_lepton=1730131 out_brem_gamma=42228 killed_out_brem=42228 out_annih_gamma=3734 out_other_gamma=0
