SETUP correlatedGamma=0 twoJmax=10 vacuum=1 seed=0 killesc=0 killcarry=0 fullcarry=0 histbin=1.000 histbins=1462 iontag=0 escpop=1 killescown=0 killesccarry=0 killret=0 killretsame=0 killretother=0 killescbrem=0 killescdelta=0
CUTS (production thresholds per material couple):
 Material : G4_Galactic
 Range cuts        :  gamma  1 mm     e-  1 mm     e+  1 mm  proton 1 mm 
 Energy thresholds :  gamma  990 eV     e-  990 eV     e+  990 eV  proton 100 keV
 Material : scene_mat_3
 Range cuts        :  gamma  1 mm     e-  1 mm     e+  1 mm  proton 1 mm 
 Energy thresholds :  gamma  6.91691 keV    e-  597.603 keV    e+  574.29 keV proton 100 keV
 Material : scene_mat_1
 Range cuts        :  gamma  1 mm     e-  1 mm     e+  1 mm  proton 1 mm 
 Energy thresholds :  gamma  4.39533 keV    e-  541.252 keV    e+  522.087 keV proton 100 keV
 Material : scene_mat_0
 Range cuts        :  gamma  1 mm     e-  1 mm     e+  1 mm  proton 1 mm 
 Energy thresholds :  gamma  38.4662 keV    e-  692.485 keV    e+  658.149 keV proton 100 keV
RESULT decays=20000000
RESULT any=782216 eps_total=3.911080e-02
RESULT window=1460.820 counts=60510 eps=3.025500e-03
HISTBEGIN bins=1462 bin_kev=1.000000 decays=20000000
HIST 0 302
HIST 1 709
HIST 2 759
HIST 3 773
HIST 4 758
HIST 5 827
HIST 6 889
HIST 7 852
HIST 8 882
HIST 9 842
HIST 10 896
HIST 11 878
HIST 12 919
HIST 13 948
HIST 14 858
HIST 15 898
HIST 16 922
HIST 17 947
HIST 18 921
HIST 19 902
HIST 20 851
HIST 21 904
HIST 22 952
HIST 23 912
HIST 24 901
HIST 25 947
HIST 26 902
HIST 27 873
HIST 28 862
HIST 29 885
HIST 30 838
HIST 31 897
HIST 32 884
HIST 33 835
HIST 34 910
HIST 35 840
HIST 36 868
HIST 37 794
HIST 38 888
HIST 39 863
HIST 40 806
HIST 41 827
HIST 42 774
HIST 43 795
HIST 44 825
HIST 45 797
HIST 46 793
HIST 47 809
HIST 48 830
HIST 49 805
HIST 50 826
HIST 51 806
HIST 52 793
HIST 53 776
HIST 54 780
HIST 55 782
HIST 56 771
HIST 57 738
HIST 58 779
HIST 59 795
HIST 60 760
HIST 61 770
HIST 62 746
HIST 63 734
HIST 64 779
HIST 65 738
HIST 66 751
HIST 67 730
HIST 68 744
HIST 69 807
HIST 70 802
HIST 71 769
HIST 72 793
HIST 73 724
HIST 74 745
HIST 75 769
HIST 76 710
HIST 77 720
HIST 78 703
HIST 79 697
HIST 80 771
HIST 81 703
HIST 82 717
HIST 83 729
HIST 84 692
HIST 85 735
HIST 86 775
HIST 87 731
HIST 88 673
HIST 89 681
HIST 90 694
HIST 91 738
HIST 92 707
HIST 93 750
HIST 94 749
HIST 95 697
HIST 96 702
HIST 97 766
HIST 98 670
HIST 99 709
HIST 100 671
HIST 101 703
HIST 102 706
HIST 103 704
HIST 104 649
HIST 105 660
HIST 106 708
HIST 107 652
HIST 108 685
HIST 109 704
HIST 110 675
HIST 111 701
HIST 112 690
HIST 113 686
HIST 114 712
HIST 115 637
HIST 116 666
HIST 117 667
HIST 118 692
HIST 119 667
HIST 120 707
HIST 121 698
HIST 122 707
HIST 123 663
HIST 124 658
HIST 125 661
HIST 126 663
HIST 127 679
HIST 128 654
HIST 129 687
HIST 130 693
HIST 131 674
HIST 132 649
HIST 133 659
HIST 134 654
HIST 135 663
HIST 136 694
HIST 137 710
HIST 138 685
HIST 139 623
HIST 140 662
HIST 141 643
HIST 142 686
HIST 143 642
HIST 144 680
HIST 145 664
HIST 146 618
HIST 147 623
HIST 148 645
HIST 149 637
HIST 150 674
HIST 151 678
HIST 152 712
HIST 153 676
HIST 154 644
HIST 155 696
HIST 156 638
HIST 157 639
HIST 158 623
HIST 159 659
HIST 160 618
HIST 161 635
HIST 162 618
HIST 163 666
HIST 164 669
HIST 165 694
HIST 166 653
HIST 167 648
HIST 168 590
HIST 169 636
HIST 170 646
HIST 171 612
HIST 172 673
HIST 173 647
HIST 174 674
HIST 175 664
HIST 176 606
HIST 177 614
HIST 178 666
HIST 179 634
HIST 180 633
HIST 181 623
HIST 182 621
HIST 183 656
HIST 184 608
HIST 185 613
HIST 186 603
HIST 187 597
HIST 188 660
HIST 189 627
HIST 190 637
HIST 191 615
HIST 192 611
HIST 193 602
HIST 194 625
HIST 195 663
HIST 196 624
HIST 197 611
HIST 198 598
HIST 199 625
HIST 200 631
HIST 201 582
HIST 202 659
HIST 203 629
HIST 204 592
HIST 205 606
HIST 206 601
HIST 207 619
HIST 208 626
HIST 209 627
HIST 210 636
HIST 211 603
HIST 212 631
HIST 213 653
HIST 214 606
HIST 215 592
HIST 216 630
HIST 217 665
HIST 218 749
HIST 219 685
HIST 220 756
HIST 221 753
HIST 222 762
HIST 223 791
HIST 224 805
HIST 225 764
HIST 226 816
HIST 227 742
HIST 228 729
HIST 229 771
HIST 230 744
HIST 231 750
HIST 232 734
HIST 233 742
HIST 234 792
HIST 235 774
HIST 236 754
HIST 237 764
HIST 238 737
HIST 239 794
HIST 240 740
HIST 241 762
HIST 242 720
HIST 243 762
HIST 244 695
HIST 245 759
HIST 246 749
HIST 247 715
HIST 248 719
HIST 249 688
HIST 250 729
HIST 251 721
HIST 252 741
HIST 253 689
HIST 254 705
HIST 255 668
HIST 256 752
HIST 257 679
HIST 258 744
HIST 259 700
HIST 260 718
HIST 261 696
HIST 262 744
HIST 263 691
HIST 264 700
HIST 265 719
HIST 266 685
HIST 267 711
HIST 268 688
HIST 269 637
HIST 270 675
HIST 271 654
HIST 272 668
HIST 273 657
HIST 274 680
HIST 275 646
HIST 276 686
HIST 277 644
HIST 278 660
HIST 279 652
HIST 280 681
HIST 281 651
HIST 282 672
HIST 283 673
HIST 284 697
HIST 285 623
HIST 286 624
HIST 287 599
HIST 288 654
HIST 289 655
HIST 290 642
HIST 291 655
HIST 292 632
HIST 293 627
HIST 294 649
HIST 295 641
HIST 296 636
HIST 297 597
HIST 298 633
HIST 299 602
HIST 300 631
HIST 301 595
HIST 302 600
HIST 303 640
HIST 304 596
HIST 305 582
HIST 306 617
HIST 307 606
HIST 308 613
HIST 309 614
HIST 310 605
HIST 311 621
HIST 312 584
HIST 313 610
HIST 314 581
HIST 315 623
HIST 316 629
HIST 317 613
HIST 318 587
HIST 319 577
HIST 320 631
HIST 321 590
HIST 322 591
HIST 323 593
HIST 324 558
HIST 325 589
HIST 326 583
HIST 327 605
HIST 328 583
HIST 329 593
HIST 330 532
HIST 331 611
HIST 332 616
HIST 333 560
HIST 334 574
HIST 335 587
HIST 336 593
HIST 337 556
HIST 338 582
HIST 339 592
HIST 340 541
HIST 341 574
HIST 342 584
HIST 343 548
HIST 344 561
HIST 345 560
HIST 346 563
HIST 347 563
HIST 348 584
HIST 349 561
HIST 350 541
HIST 351 569
HIST 352 574
HIST 353 578
HIST 354 564
HIST 355 553
HIST 356 534
HIST 357 585
HIST 358 595
HIST 359 577
HIST 360 548
HIST 361 573
HIST 362 535
HIST 363 562
HIST 364 595
HIST 365 523
HIST 366 567
HIST 367 536
HIST 368 547
HIST 369 560
HIST 370 549
HIST 371 575
HIST 372 536
HIST 373 523
HIST 374 553
HIST 375 537
HIST 376 570
HIST 377 558
HIST 378 542
HIST 379 556
HIST 380 534
HIST 381 570
HIST 382 546
HIST 383 542
HIST 384 565
HIST 385 553
HIST 386 543
HIST 387 519
HIST 388 552
HIST 389 508
HIST 390 527
HIST 391 499
HIST 392 541
HIST 393 552
HIST 394 533
HIST 395 545
HIST 396 572
HIST 397 536
HIST 398 544
HIST 399 551
HIST 400 570
HIST 401 513
HIST 402 543
HIST 403 543
HIST 404 548
HIST 405 484
HIST 406 515
HIST 407 549
HIST 408 497
HIST 409 522
HIST 410 558
HIST 411 487
HIST 412 537
HIST 413 558
HIST 414 531
HIST 415 536
HIST 416 517
HIST 417 524
HIST 418 510
HIST 419 518
HIST 420 503
HIST 421 494
HIST 422 472
HIST 423 540
HIST 424 544
HIST 425 507
HIST 426 515
HIST 427 545
HIST 428 470
HIST 429 535
HIST 430 517
HIST 431 473
HIST 432 543
HIST 433 503
HIST 434 543
HIST 435 495
HIST 436 483
HIST 437 510
HIST 438 520
HIST 439 8076
HIST 440 533
HIST 441 533
HIST 442 523
HIST 443 500
HIST 444 533
HIST 445 524
HIST 446 505
HIST 447 520
HIST 448 542
HIST 449 507
HIST 450 492
HIST 451 534
HIST 452 505
HIST 453 524
HIST 454 494
HIST 455 517
HIST 456 511
HIST 457 459
HIST 458 537
HIST 459 560
HIST 460 544
HIST 461 525
HIST 462 519
HIST 463 503
HIST 464 503
HIST 465 552
HIST 466 503
HIST 467 502
HIST 468 507
HIST 469 537
HIST 470 509
HIST 471 552
HIST 472 451
HIST 473 543
HIST 474 523
HIST 475 479
HIST 476 525
HIST 477 512
HIST 478 521
HIST 479 521
HIST 480 482
HIST 481 471
HIST 482 511
HIST 483 529
HIST 484 477
HIST 485 489
HIST 486 516
HIST 487 508
HIST 488 498
HIST 489 497
HIST 490 478
HIST 491 467
HIST 492 483
HIST 493 480
HIST 494 499
HIST 495 547
HIST 496 535
HIST 497 480
HIST 498 492
HIST 499 468
HIST 500 485
HIST 501 490
HIST 502 527
HIST 503 553
HIST 504 478
HIST 505 484
HIST 506 519
HIST 507 475
HIST 508 483
HIST 509 477
HIST 510 528
HIST 511 527
HIST 512 474
HIST 513 481
HIST 514 494
HIST 515 492
HIST 516 496
HIST 517 509
HIST 518 493
HIST 519 500
HIST 520 490
HIST 521 457
HIST 522 539
HIST 523 483
HIST 524 505
HIST 525 518
HIST 526 493
HIST 527 514
HIST 528 494
HIST 529 502
HIST 530 510
HIST 531 505
HIST 532 492
HIST 533 489
HIST 534 459
HIST 535 500
HIST 536 492
HIST 537 497
HIST 538 480
HIST 539 482
HIST 540 470
HIST 541 454
HIST 542 538
HIST 543 505
HIST 544 489
HIST 545 456
HIST 546 475
HIST 547 521
HIST 548 466
HIST 549 475
HIST 550 494
HIST 551 490
HIST 552 489
HIST 553 497
HIST 554 478
HIST 555 479
HIST 556 501
HIST 557 486
HIST 558 474
HIST 559 493
HIST 560 508
HIST 561 452
HIST 562 464
HIST 563 448
HIST 564 502
HIST 565 525
HIST 566 489
HIST 567 466
HIST 568 472
HIST 569 475
HIST 570 456
HIST 571 487
HIST 572 501
HIST 573 443
HIST 574 475
HIST 575 493
HIST 576 503
HIST 577 471
HIST 578 471
HIST 579 490
HIST 580 465
HIST 581 467
HIST 582 488
HIST 583 478
HIST 584 499
HIST 585 442
HIST 586 495
HIST 587 498
HIST 588 471
HIST 589 508
HIST 590 472
HIST 591 505
HIST 592 487
HIST 593 497
HIST 594 468
HIST 595 457
HIST 596 501
HIST 597 447
HIST 598 447
HIST 599 510
HIST 600 451
HIST 601 460
HIST 602 451
HIST 603 453
HIST 604 472
HIST 605 416
HIST 606 490
HIST 607 471
HIST 608 464
HIST 609 450
HIST 610 490
HIST 611 467
HIST 612 435
HIST 613 471
HIST 614 460
HIST 615 484
HIST 616 503
HIST 617 520
HIST 618 431
HIST 619 468
HIST 620 477
HIST 621 470
HIST 622 498
HIST 623 490
HIST 624 459
HIST 625 467
HIST 626 494
HIST 627 432
HIST 628 485
HIST 629 482
HIST 630 465
HIST 631 437
HIST 632 466
HIST 633 466
HIST 634 449
HIST 635 466
HIST 636 459
HIST 637 457
HIST 638 445
HIST 639 480
HIST 640 455
HIST 641 448
HIST 642 456
HIST 643 484
HIST 644 452
HIST 645 476
HIST 646 435
HIST 647 443
HIST 648 452
HIST 649 450
HIST 650 464
HIST 651 517
HIST 652 449
HIST 653 484
HIST 654 458
HIST 655 445
HIST 656 505
HIST 657 474
HIST 658 472
HIST 659 422
HIST 660 468
HIST 661 425
HIST 662 504
HIST 663 426
HIST 664 481
HIST 665 432
HIST 666 454
HIST 667 438
HIST 668 489
HIST 669 490
HIST 670 451
HIST 671 444
HIST 672 457
HIST 673 479
HIST 674 449
HIST 675 481
HIST 676 441
HIST 677 458
HIST 678 452
HIST 679 446
HIST 680 469
HIST 681 453
HIST 682 467
HIST 683 460
HIST 684 445
HIST 685 503
HIST 686 423
HIST 687 480
HIST 688 486
HIST 689 446
HIST 690 447
HIST 691 437
HIST 692 416
HIST 693 471
HIST 694 429
HIST 695 466
HIST 696 454
HIST 697 443
HIST 698 432
HIST 699 499
HIST 700 448
HIST 701 446
HIST 702 461
HIST 703 425
HIST 704 464
HIST 705 469
HIST 706 443
HIST 707 476
HIST 708 452
HIST 709 487
HIST 710 454
HIST 711 466
HIST 712 434
HIST 713 458
HIST 714 479
HIST 715 448
HIST 716 454
HIST 717 489
HIST 718 457
HIST 719 457
HIST 720 479
HIST 721 431
HIST 722 446
HIST 723 428
HIST 724 425
HIST 725 479
HIST 726 469
HIST 727 461
HIST 728 420
HIST 729 482
HIST 730 419
HIST 731 453
HIST 732 437
HIST 733 456
HIST 734 451
HIST 735 468
HIST 736 482
HIST 737 460
HIST 738 442
HIST 739 476
HIST 740 483
HIST 741 435
HIST 742 411
HIST 743 468
HIST 744 458
HIST 745 436
HIST 746 461
HIST 747 445
HIST 748 474
HIST 749 444
HIST 750 429
HIST 751 472
HIST 752 455
HIST 753 452
HIST 754 458
HIST 755 420
HIST 756 502
HIST 757 464
HIST 758 494
HIST 759 443
HIST 760 470
HIST 761 433
HIST 762 443
HIST 763 455
HIST 764 476
HIST 765 457
HIST 766 458
HIST 767 411
HIST 768 468
HIST 769 461
HIST 770 462
HIST 771 429
HIST 772 430
HIST 773 484
HIST 774 446
HIST 775 443
HIST 776 442
HIST 777 437
HIST 778 451
HIST 779 478
HIST 780 435
HIST 781 466
HIST 782 455
HIST 783 412
HIST 784 464
HIST 785 442
HIST 786 461
HIST 787 465
HIST 788 419
HIST 789 449
HIST 790 421
HIST 791 461
HIST 792 458
HIST 793 437
HIST 794 418
HIST 795 408
HIST 796 464
HIST 797 443
HIST 798 463
HIST 799 474
HIST 800 429
HIST 801 439
HIST 802 458
HIST 803 422
HIST 804 448
HIST 805 448
HIST 806 472
HIST 807 424
HIST 808 476
HIST 809 443
HIST 810 472
HIST 811 457
HIST 812 440
HIST 813 466
HIST 814 449
HIST 815 456
HIST 816 434
HIST 817 443
HIST 818 473
HIST 819 461
HIST 820 444
HIST 821 417
HIST 822 465
HIST 823 456
HIST 824 453
HIST 825 470
HIST 826 450
HIST 827 474
HIST 828 477
HIST 829 460
HIST 830 442
HIST 831 463
HIST 832 438
HIST 833 418
HIST 834 440
HIST 835 451
HIST 836 477
HIST 837 466
HIST 838 454
HIST 839 456
HIST 840 441
HIST 841 413
HIST 842 458
HIST 843 483
HIST 844 487
HIST 845 444
HIST 846 441
HIST 847 478
HIST 848 466
HIST 849 446
HIST 850 442
HIST 851 425
HIST 852 413
HIST 853 453
HIST 854 477
HIST 855 469
HIST 856 466
HIST 857 461
HIST 858 440
HIST 859 460
HIST 860 459
HIST 861 463
HIST 862 457
HIST 863 457
HIST 864 477
HIST 865 473
HIST 866 449
HIST 867 498
HIST 868 460
HIST 869 490
HIST 870 453
HIST 871 448
HIST 872 435
HIST 873 442
HIST 874 484
HIST 875 447
HIST 876 463
HIST 877 459
HIST 878 449
HIST 879 432
HIST 880 475
HIST 881 467
HIST 882 464
HIST 883 466
HIST 884 456
HIST 885 436
HIST 886 461
HIST 887 469
HIST 888 476
HIST 889 434
HIST 890 459
HIST 891 449
HIST 892 434
HIST 893 456
HIST 894 481
HIST 895 468
HIST 896 448
HIST 897 462
HIST 898 493
HIST 899 451
HIST 900 467
HIST 901 455
HIST 902 444
HIST 903 435
HIST 904 476
HIST 905 448
HIST 906 487
HIST 907 478
HIST 908 457
HIST 909 478
HIST 910 477
HIST 911 488
HIST 912 474
HIST 913 503
HIST 914 470
HIST 915 460
HIST 916 465
HIST 917 404
HIST 918 479
HIST 919 493
HIST 920 449
HIST 921 469
HIST 922 436
HIST 923 451
HIST 924 461
HIST 925 471
HIST 926 442
HIST 927 487
HIST 928 453
HIST 929 452
HIST 930 465
HIST 931 461
HIST 932 479
HIST 933 486
HIST 934 421
HIST 935 508
HIST 936 489
HIST 937 448
HIST 938 468
HIST 939 439
HIST 940 489
HIST 941 482
HIST 942 499
HIST 943 469
HIST 944 459
HIST 945 477
HIST 946 452
HIST 947 469
HIST 948 459
HIST 949 489
HIST 950 1548
HIST 951 473
HIST 952 453
HIST 953 467
HIST 954 472
HIST 955 477
HIST 956 489
HIST 957 475
HIST 958 482
HIST 959 456
HIST 960 464
HIST 961 489
HIST 962 433
HIST 963 462
HIST 964 464
HIST 965 438
HIST 966 462
HIST 967 453
HIST 968 516
HIST 969 475
HIST 970 497
HIST 971 463
HIST 972 495
HIST 973 499
HIST 974 491
HIST 975 496
HIST 976 461
HIST 977 462
HIST 978 490
HIST 979 480
HIST 980 494
HIST 981 484
HIST 982 482
HIST 983 423
HIST 984 468
HIST 985 458
HIST 986 437
HIST 987 534
HIST 988 496
HIST 989 479
HIST 990 503
HIST 991 484
HIST 992 473
HIST 993 476
HIST 994 449
HIST 995 507
HIST 996 513
HIST 997 489
HIST 998 513
HIST 999 481
HIST 1000 517
HIST 1001 450
HIST 1002 515
HIST 1003 541
HIST 1004 475
HIST 1005 506
HIST 1006 463
HIST 1007 497
HIST 1008 500
HIST 1009 511
HIST 1010 507
HIST 1011 494
HIST 1012 529
HIST 1013 479
HIST 1014 471
HIST 1015 484
HIST 1016 500
HIST 1017 481
HIST 1018 471
HIST 1019 508
HIST 1020 468
HIST 1021 492
HIST 1022 481
HIST 1023 500
HIST 1024 483
HIST 1025 488
HIST 1026 458
HIST 1027 496
HIST 1028 497
HIST 1029 507
HIST 1030 503
HIST 1031 508
HIST 1032 508
HIST 1033 497
HIST 1034 502
HIST 1035 473
HIST 1036 517
HIST 1037 512
HIST 1038 462
HIST 1039 501
HIST 1040 518
HIST 1041 507
HIST 1042 497
HIST 1043 506
HIST 1044 506
HIST 1045 503
HIST 1046 514
HIST 1047 546
HIST 1048 483
HIST 1049 499
HIST 1050 511
HIST 1051 569
HIST 1052 514
HIST 1053 507
HIST 1054 571
HIST 1055 519
HIST 1056 512
HIST 1057 537
HIST 1058 529
HIST 1059 501
HIST 1060 490
HIST 1061 506
HIST 1062 500
HIST 1063 463
HIST 1064 498
HIST 1065 572
HIST 1066 536
HIST 1067 501
HIST 1068 488
HIST 1069 522
HIST 1070 504
HIST 1071 507
HIST 1072 511
HIST 1073 539
HIST 1074 519
HIST 1075 539
HIST 1076 510
HIST 1077 538
HIST 1078 563
HIST 1079 541
HIST 1080 559
HIST 1081 524
HIST 1082 520
HIST 1083 561
HIST 1084 521
HIST 1085 559
HIST 1086 491
HIST 1087 530
HIST 1088 549
HIST 1089 563
HIST 1090 514
HIST 1091 524
HIST 1092 544
HIST 1093 579
HIST 1094 538
HIST 1095 519
HIST 1096 535
HIST 1097 538
HIST 1098 550
HIST 1099 603
HIST 1100 573
HIST 1101 558
HIST 1102 518
HIST 1103 528
HIST 1104 553
HIST 1105 547
HIST 1106 577
HIST 1107 511
HIST 1108 545
HIST 1109 541
HIST 1110 593
HIST 1111 544
HIST 1112 533
HIST 1113 570
HIST 1114 570
HIST 1115 583
HIST 1116 546
HIST 1117 567
HIST 1118 553
HIST 1119 537
HIST 1120 535
HIST 1121 563
HIST 1122 580
HIST 1123 579
HIST 1124 557
HIST 1125 586
HIST 1126 564
HIST 1127 591
HIST 1128 581
HIST 1129 586
HIST 1130 581
HIST 1131 582
HIST 1132 557
HIST 1133 544
HIST 1134 589
HIST 1135 588
HIST 1136 599
HIST 1137 603
HIST 1138 588
HIST 1139 626
HIST 1140 595
HIST 1141 612
HIST 1142 605
HIST 1143 606
HIST 1144 618
HIST 1145 597
HIST 1146 615
HIST 1147 567
HIST 1148 623
HIST 1149 588
HIST 1150 614
HIST 1151 609
HIST 1152 610
HIST 1153 596
HIST 1154 615
HIST 1155 631
HIST 1156 662
HIST 1157 631
HIST 1158 628
HIST 1159 580
HIST 1160 648
HIST 1161 626
HIST 1162 627
HIST 1163 619
HIST 1164 633
HIST 1165 619
HIST 1166 647
HIST 1167 580
HIST 1168 618
HIST 1169 584
HIST 1170 668
HIST 1171 637
HIST 1172 649
HIST 1173 605
HIST 1174 651
HIST 1175 676
HIST 1176 615
HIST 1177 642
HIST 1178 654
HIST 1179 617
HIST 1180 620
HIST 1181 576
HIST 1182 623
HIST 1183 625
HIST 1184 655
HIST 1185 707
HIST 1186 644
HIST 1187 645
HIST 1188 634
HIST 1189 636
HIST 1190 685
HIST 1191 634
HIST 1192 658
HIST 1193 657
HIST 1194 696
HIST 1195 620
HIST 1196 675
HIST 1197 668
HIST 1198 680
HIST 1199 701
HIST 1200 724
HIST 1201 679
HIST 1202 641
HIST 1203 717
HIST 1204 721
HIST 1205 741
HIST 1206 682
HIST 1207 696
HIST 1208 720
HIST 1209 718
HIST 1210 667
HIST 1211 713
HIST 1212 698
HIST 1213 679
HIST 1214 686
HIST 1215 690
HIST 1216 707
HIST 1217 660
HIST 1218 694
HIST 1219 750
HIST 1220 694
HIST 1221 700
HIST 1222 667
HIST 1223 736
HIST 1224 654
HIST 1225 701
HIST 1226 688
HIST 1227 737
HIST 1228 691
HIST 1229 707
HIST 1230 692
HIST 1231 677
HIST 1232 718
HIST 1233 707
HIST 1234 736
HIST 1235 722
HIST 1236 719
HIST 1237 667
HIST 1238 707
HIST 1239 636
HIST 1240 629
HIST 1241 609
HIST 1242 616
HIST 1243 551
HIST 1244 470
HIST 1245 377
HIST 1246 345
HIST 1247 324
HIST 1248 293
HIST 1249 282
HIST 1250 251
HIST 1251 230
HIST 1252 239
HIST 1253 247
HIST 1254 221
HIST 1255 194
HIST 1256 211
HIST 1257 197
HIST 1258 200
HIST 1259 227
HIST 1260 182
HIST 1261 165
HIST 1262 168
HIST 1263 160
HIST 1264 170
HIST 1265 179
HIST 1266 161
HIST 1267 175
HIST 1268 148
HIST 1269 163
HIST 1270 135
HIST 1271 141
HIST 1272 158
HIST 1273 141
HIST 1274 136
HIST 1275 157
HIST 1276 142
HIST 1277 115
HIST 1278 121
HIST 1279 132
HIST 1280 147
HIST 1281 122
HIST 1282 144
HIST 1283 121
HIST 1284 103
HIST 1285 128
HIST 1286 110
HIST 1287 120
HIST 1288 115
HIST 1289 100
HIST 1290 121
HIST 1291 102
HIST 1292 91
HIST 1293 106
HIST 1294 107
HIST 1295 105
HIST 1296 110
HIST 1297 114
HIST 1298 86
HIST 1299 109
HIST 1300 96
HIST 1301 102
HIST 1302 103
HIST 1303 102
HIST 1304 84
HIST 1305 72
HIST 1306 84
HIST 1307 86
HIST 1308 104
HIST 1309 87
HIST 1310 89
HIST 1311 89
HIST 1312 88
HIST 1313 86
HIST 1314 77
HIST 1315 75
HIST 1316 97
HIST 1317 65
HIST 1318 74
HIST 1319 69
HIST 1320 73
HIST 1321 71
HIST 1322 51
HIST 1323 72
HIST 1324 68
HIST 1325 47
HIST 1326 67
HIST 1327 70
HIST 1328 58
HIST 1329 55
HIST 1330 43
HIST 1331 71
HIST 1332 56
HIST 1333 44
HIST 1334 57
HIST 1335 41
HIST 1336 41
HIST 1337 43
HIST 1338 51
HIST 1339 52
HIST 1340 48
HIST 1341 40
HIST 1342 45
HIST 1343 28
HIST 1344 33
HIST 1345 41
HIST 1346 32
HIST 1347 43
HIST 1348 41
HIST 1349 47
HIST 1350 31
HIST 1351 27
HIST 1352 50
HIST 1353 47
HIST 1354 41
HIST 1355 39
HIST 1356 33
HIST 1357 36
HIST 1358 35
HIST 1359 33
HIST 1360 31
HIST 1361 22
HIST 1362 25
HIST 1363 38
HIST 1364 29
HIST 1365 35
HIST 1366 27
HIST 1367 31
HIST 1368 25
HIST 1369 28
HIST 1370 28
HIST 1371 21
HIST 1372 33
HIST 1373 23
HIST 1374 19
HIST 1375 33
HIST 1376 21
HIST 1377 19
HIST 1378 19
HIST 1379 23
HIST 1380 23
HIST 1381 18
HIST 1382 20
HIST 1383 23
HIST 1384 20
HIST 1385 17
HIST 1386 19
HIST 1387 21
HIST 1388 21
HIST 1389 15
HIST 1390 15
HIST 1391 20
HIST 1392 11
HIST 1393 14
HIST 1394 18
HIST 1395 15
HIST 1396 11
HIST 1397 12
HIST 1398 12
HIST 1399 12
HIST 1400 14
HIST 1401 18
HIST 1402 21
HIST 1403 10
HIST 1404 17
HIST 1405 14
HIST 1406 9
HIST 1407 10
HIST 1408 16
HIST 1409 18
HIST 1410 11
HIST 1411 6
HIST 1412 10
HIST 1413 9
HIST 1414 8
HIST 1415 8
HIST 1416 15
HIST 1417 11
HIST 1418 9
HIST 1419 10
HIST 1420 6
HIST 1421 8
HIST 1422 10
HIST 1423 3
HIST 1424 11
HIST 1425 11
HIST 1426 40
HIST 1427 7
HIST 1428 33
HIST 1429 114
HIST 1430 515
HIST 1431 9
HIST 1432 221
HIST 1433 138
HIST 1434 15
HIST 1435 6
HIST 1436 10
HIST 1437 5
HIST 1438 11
HIST 1439 6
HIST 1440 9
HIST 1441 3
HIST 1442 8
HIST 1443 6
HIST 1444 6
HIST 1445 2
HIST 1446 2
HIST 1447 3
HIST 1448 2
HIST 1449 1
HIST 1450 5
HIST 1451 4
HIST 1452 5
HIST 1453 9
HIST 1454 7
HIST 1455 4
HIST 1456 4
HIST 1457 12
HIST 1458 22
HIST 1459 13
HIST 1460 4
HIST 1461 60510
HISTEND
ESCPOP decays=20000000 own_exit=61135 carry_exit=50406 own_return=11442 same=11370 other=72 noface=0 lineage_gamma_out=2875 lineage_lepton_out=4607 killed_gamma=0 killed_lepton=0 facemiss=0 lineage_inside=0
