плечо Б: exe 09/14/2026 19:57:28 sha256 29719844D25EA47A
  exe sha256: 29719844D25EA47A
exe: 14.09.2026 19:57:28  sha256 29719844D25EA47A
as80_free       код 0  chi2/ndf 12.596, невязка модели 18.6 %, суммирование да  | серый: ниже порога доверия 3002457.8 отсч., выше последней линии 0.0 отсч.; всего 3002457.8 отсч. (12.330 % стека) | S
as80_eq         код 0  chi2/ndf 14.115, невязка модели 21.3 %, суммирование да  | серый: ниже порога доверия 2933410.4 отсч., выше последней линии 0.0 отсч.; всего 2933410.4 отсч. (11.959 % стека) | S
as80_plant      код 0  chi2/ndf 12.596, невязка модели 18.6 %, суммирование да  | серый: ниже порога доверия 0.0 отсч., выше последней линии 0.0 отсч.; всего 0.0 отсч. (0.000 % стека) | SCREEN Невязка
as80_zoom       код 0  chi2/ndf 12.596, невязка модели 18.6 %, суммирование да  | серый: ниже порога доверия 3002457.8 отсч., выше последней линии 0.0 отсч.; всего 3002457.8 отсч. (12.330 % стека) | S
as80_from100    код 0  chi2/ndf 12.596, невязка модели 18.6 %, суммирование да  | серый: ниже порога доверия 3002457.8 отсч., выше последней линии 0.0 отсч.; всего 3002457.8 отсч. (12.330 % стека) | S
radon1_free     код 0  chi2/ndf 1.158, невязка модели 58.3 %, суммирование да  | серый: ниже порога доверия 51524.7 отсч., выше последней линии 0.0 отсч.; всего 51524.7 отсч. (24.387 % стека) | SCREEN
radon1_eq       код 0  chi2/ndf 1.264, невязка модели 56.8 %, суммирование да  | серый: ниже порога доверия 46829.3 отсч., выше последней линии 0.0 отсч.; всего 46829.3 отсч. (21.846 % стека) | SCREEN
radon1_plant    код 0  chi2/ndf 1.158, невязка модели 58.3 %, суммирование да  | серый: ниже порога доверия 0.0 отсч., выше последней линии 0.0 отсч.; всего 0.0 отсч. (0.000 % стека) | SCREEN Невязка:
radon1_zoom     код 0  chi2/ndf 1.158, невязка модели 58.3 %, суммирование да  | серый: ниже порога доверия 51524.7 отсч., выше последней линии 0.0 отсч.; всего 51524.7 отсч. (24.387 % стека) | SCREEN
radon1_from100  код 0  chi2/ndf 1.158, невязка модели 58.3 %, суммирование да  | серый: ниже порога доверия 51524.7 отсч., выше последней линии 0.0 отсч.; всего 51524.7 отсч. (24.387 % стека) | SCREEN
radon2_free     код 0  chi2/ndf 1.316, невязка модели 81.1 %, суммирование да  | серый: ниже порога доверия 34356.2 отсч., выше последней линии 1819.9 отсч.; всего 36176.0 отсч. (73.115 % стека) | SCR
radon2_eq       код 0  chi2/ndf 1.190, невязка модели 77.6 %, суммирование да  | серый: ниже порога доверия 26226.8 отсч., выше последней линии 0.0 отсч.; всего 26226.8 отсч. (71.113 % стека) | SCREEN
radon2_plant    код 0  chi2/ndf 1.316, невязка модели 81.1 %, суммирование да  | серый: ниже порога доверия 0.0 отсч., выше последней линии 1819.9 отсч.; всего 1819.9 отсч. (3.678 % стека) | SCREEN Не
radon2_zoom     код 0  chi2/ndf 1.316, невязка модели 81.1 %, суммирование да  | серый: ниже порога доверия 34356.2 отсч., выше последней линии 1819.9 отсч.; всего 36176.0 отсч. (73.115 % стека) | SCR
radon2_from100  код 0  chi2/ndf 1.316, невязка модели 81.1 %, суммирование да  | серый: ниже порога доверия 34356.2 отсч., выше последней линии 1819.9 отсч.; всего 36176.0 отсч. (73.115 % стека) | SCR
коды: as80_free=0 as80_eq=0 as80_plant=0 as80_zoom=0 as80_from100=0 radon1_free=0 radon1_eq=0 radon1_plant=0 radon1_zoom=0 radon1_from100=0 radon2_free=0 radon2_eq=0 radon2_plant=0 radon2_zoom=0 radon
fsadoublecountprobe_as80.log             ВСЕ СОШЛИСЬ
fsadoublecountprobe_radon1.log           ВСЕ СОШЛИСЬ
fsadoublecountprobe_radon2.log           НЕ СОШЛОСЬ: 5
fsaqualityrowprobe.log                   ВСЕ СОШЛИСЬ
fsatieprobe.log                          ВСЕ СОШЛИСЬ
коды: mk_wd_b=0 sweep_b=0 dc_as80=0 dc_radon1=0 dc_radon2=1 tie=0 qrow=0
⚠ НЕ НУЛЕВЫЕ: dc_radon2=1
