
  конфигураций приборов: 24, матриц: 45
  оснастка : D:\BqMoni_Claude\p69\wt_b\tools\CORPUS\scripts\wd_p69bfz
⛔⛔ ОТКАЗ: ОСНАСТКА НЕ СООТВЕТСТВУЕТ ИСХОДНИКАМ — ПРОГОН НЕ ЗАПУСКАЕТСЯ
   1. ⛔ СКЛАД И ОСНАСТКА РАСХОДЯТСЯ ПО КЛЕЙМУ — перекладка не сделана или сделана частично
  ⛔ числа частей НЕ складывать; с полным корпусом НЕ сравнивать
⛔⛔ ОТКАЗ: ОСНАСТКА НЕ СООТВЕТСТВУЕТ ИСХОДНИКАМ — ПРОГОН НЕ ЗАПУСКАЕТСЯ
   2. ⛔ СКЛАД И ОСНАСТКА РАСХОДЯТСЯ ПО КЛЕЙМУ — перекладка не сделана или сделана частично
   3.     G1S_mar1l_coal_046_p24: ЕСТЬ В СКЛАДЕ, НЕТ В КАТАЛОГЕ ПРОГОНА — перекладка не дошла
   4.     G1S_mar1l_oisn06_055_p16: КЛЕЙМА РАЗНЫЕ ПРИ ОДИНАКОВЫХ phys=18, историй=3000000, узлов=140 — в каталоге прого
на лежит матрица ЧУЖОГО прогона или другой сцены
   5.     G1S_mar1l_oisn06_057_p16: КЛЕЙМА РАЗНЫЕ ПРИ ОДИНАКОВЫХ phys=18, историй=3000000, узлов=140 — в каталоге прого
на лежит матрица ЧУЖОГО прогона или другой сцены
   6.     G1S_mar1l_oisn06_057_p24: КЛЕЙМА РАЗНЫЕ ПРИ ОДИНАКОВЫХ phys=18, историй=3000000, узлов=142 — в каталоге прого
на лежит матрица ЧУЖОГО прогона или другой сцены
   7.     G1S_mar1l_oisn06_062_p16: КЛЕЙМА РАЗНЫЕ ПРИ ОДИНАКОВЫХ phys=18, историй=3000000, узлов=140 — в каталоге прого
на лежит матрица ЧУЖОГО прогона или другой сцены
   8.     G1S_mar1l_oisn06_062_p24: КЛЕЙМА РАЗНЫЕ ПРИ ОДИНАКОВЫХ phys=18, историй=3000000, узлов=142 — в каталоге прого
на лежит матрица ЧУЖОГО прогона или другой сцены
  Прогон на такой оснастке даёт правдоподобные, но ЧУЖИЕ числа (B20/B21).
⛔ ПРОБА НЕ ЗАПУЩЕНА. Соберите оснастку заново: & 'D:\BqMoni_Claude\p69\wt_b\tools\CORPUS\scripts\mk_appwd.ps1' -Wd 'D:\
BqMoni_Claude\p69\wt_b\tools\CORPUS\scripts\wd_p69bfz'
   (осознанный прогон протухшей оснасткой — ключ -Force)
коды: mk_appwd_b=4 run_mini_b=2
⚠ НЕ НУЛЕВЫЕ: mk_appwd_b=4 run_mini_b=2
