AngularQkProbe (N14): склад D:\BqMoni_Claude\p83\store17
узлов 24 (30.0…3000.0 кэВ, log), историй на узел 1500000, потоков 16, зерно 0

=== ASN16_lu_side: ASN16_lu_side: кристалл Cesium iodide брусок 15.0x18.0x60.0 мм, ро 4.510; источник — цилиндр D=42.0 H=15.0 на 0.0 мм, Lutetium oxide; матрица phys=17;248b7e0daa5d9707ff538b5296831c057bfab0b6590fb2c873f2065cd86ad6ae
контроль подсмотра (узел 30.0 кэВ, зерно узла): штатный Efficiency = 0.0021571877028862345, мой обход = 0.0021571877028862345 — ДО БИТА
   E, кэВ        ε_пика        Q2     ±       Q4     ±   |   ε_полн(взвеш.)     Q2T     ±      Q4T     ±
       30.0     0.0021572   0.2124 0.0039   0.0289 0.0031   |      0.0022335   0.2081 0.0039   0.0282 0.0031
       36.7     0.0039378   0.2193 0.0033   0.0297 0.0026   |      0.0055109   0.2083 0.0029   0.0257 0.0023
       44.8     0.0084238   0.2349 0.0025   0.0337 0.0020   |       0.011539   0.2244 0.0022   0.0316 0.0018
       54.7      0.016537   0.2629 0.0019   0.0454 0.0015   |       0.021881   0.2475 0.0017   0.0394 0.0014
       66.8     0.0065795   0.2266 0.0031   0.0359 0.0024   |      0.0085299   0.2076 0.0028   0.0309 0.0022
       81.6      0.011683   0.2448 0.0023   0.0391 0.0019   |       0.014481   0.2284 0.0022   0.0322 0.0017
       99.7      0.019816   0.2770 0.0018   0.0497 0.0015   |       0.024034   0.2588 0.0017   0.0427 0.0014
      121.8      0.031441   0.3182 0.0015   0.0658 0.0012   |       0.037701   0.2976 0.0014   0.0564 0.0012
      148.9      0.045287   0.3608 0.0013   0.0806 0.0011   |       0.054759   0.3364 0.0012   0.0690 0.0010
      181.9      0.056287   0.3989 0.0012   0.0977 0.0011   |       0.069868   0.3682 0.0011   0.0813 0.0010
      222.2      0.058427   0.4280 0.0012   0.1110 0.0011   |       0.077006   0.3896 0.0011   0.0898 0.0010
      271.4      0.052753   0.4451 0.0013   0.1197 0.0013   |       0.076699   0.3992 0.0011   0.0940 0.0010
      331.6      0.043433   0.4588 0.0015   0.1271 0.0015   |       0.072363   0.4059 0.0011   0.0964 0.0011
      405.1      0.033823   0.4688 0.0017   0.1328 0.0017   |       0.066553   0.4110 0.0012   0.0989 0.0012
      494.9      0.025627   0.4749 0.0019   0.1349 0.0020   |       0.060863   0.4135 0.0012   0.0994 0.0012
      604.6      0.019056   0.4825 0.0023   0.1412 0.0024   |       0.055112   0.4162 0.0013   0.1005 0.0013
      738.6      0.014484   0.4917 0.0026   0.1471 0.0028   |       0.050086   0.4227 0.0014   0.1056 0.0014
      902.4      0.011301   0.4919 0.0030   0.1457 0.0032   |       0.046294   0.4261 0.0014   0.1048 0.0015
     1102.4     0.0085895   0.4950 0.0034   0.1454 0.0037   |       0.042242   0.4273 0.0015   0.1040 0.0016
     1346.8     0.0065696   0.4944 0.0040   0.1547 0.0042   |       0.038803   0.4312 0.0016   0.1113 0.0016
     1645.3     0.0050615   0.5045 0.0045   0.1554 0.0048   |       0.035753   0.4341 0.0017   0.1072 0.0017
     2010.1     0.0039089   0.5206 0.0051   0.1728 0.0056   |       0.033681   0.4404 0.0017   0.1151 0.0018
     2455.6     0.0029311   0.5253 0.0058   0.1665 0.0065   |       0.031556   0.4374 0.0018   0.1087 0.0018
     3000.0     0.0022178   0.5078 0.0068   0.1555 0.0075   |       0.030592   0.4442 0.0018   0.1138 0.0019
наибольший шум Q_k по узлам: 0.0075; посчитано за 53.8 с
сайдкар: D:\BqMoni_Claude\p83\qk_ctrl17\ASN16_lu_side.qk — записан и прочитан обратно


все сцены посчитаны, контроль сошёлся
