AngularQkProbe (N14): склад D:\BqMoni_Claude\p83\store
узлов 24 (30.0…3000.0 кэВ, log), историй на узел 300000, потоков 16, зерно 0

=== AS80_lu_front: AS80_lu_front: кристалл Sodium iodide цилиндр 80.00x80.00 мм, ро 3.667; источник — цилиндр D=42.0 H=15.0 на 0.0 мм, Lutetium oxide; матрица phys=18;7337e3284dbeccb8498d5c1f45115096cf092883c6f1d3c64b3269e7348fa591
контроль подсмотра (узел 30.0 кэВ, зерно узла): штатный Efficiency = 0.0019761240762120281, мой обход = 0.0019761240762120281 — ДО БИТА
   E, кэВ        ε_пика        Q2     ±       Q4     ±   |   ε_полн(взвеш.)     Q2T     ±      Q4T     ±
       30.0     0.0019761   0.5270 0.0050   0.0453 0.0077   |      0.0020392   0.5147 0.0050   0.0426 0.0076
       36.7     0.0041423   0.5161 0.0041   0.0230 0.0062   |      0.0055897   0.4854 0.0038   0.0109 0.0053
       44.8     0.0093456   0.5104 0.0030   0.0078 0.0044   |       0.012228   0.4765 0.0029   0.0010 0.0040
       54.7      0.018126   0.5211 0.0023   0.0228 0.0035   |       0.023178   0.4783 0.0024   0.0110 0.0032
       66.8     0.0072512   0.5230 0.0037   0.0085 0.0057   |      0.0091046   0.4664 0.0041  -0.0028 0.0052
       81.6      0.013023   0.5282 0.0028   0.0102 0.0044   |       0.015748   0.4831 0.0031   0.0021 0.0041
       99.7      0.021891   0.5423 0.0021   0.0209 0.0034   |       0.026065   0.4905 0.0025   0.0116 0.0032
      121.8      0.034862   0.5600 0.0017   0.0417 0.0028   |       0.041588   0.5022 0.0020   0.0269 0.0026
      148.9      0.050265   0.5826 0.0014   0.0679 0.0024   |       0.060232   0.5205 0.0016   0.0474 0.0022
      181.9      0.063105   0.6067 0.0013   0.0993 0.0022   |       0.077485   0.5341 0.0015   0.0694 0.0020
      222.2      0.070869   0.6335 0.0012   0.1401 0.0022   |       0.090169   0.5477 0.0014   0.0962 0.0020
      271.4      0.071659   0.6582 0.0012   0.1803 0.0023   |       0.096562   0.5593 0.0013   0.1194 0.0019
      331.6      0.067499   0.6783 0.0012   0.2145 0.0024   |       0.098104   0.5698 0.0013   0.1374 0.0020
      405.1      0.060304   0.6957 0.0013   0.2470 0.0026   |       0.095996   0.5776 0.0013   0.1554 0.0020
      494.9      0.052603   0.7098 0.0014   0.2735 0.0028   |       0.093248   0.5901 0.0013   0.1719 0.0021
      604.6      0.044257   0.7193 0.0015   0.2929 0.0030   |        0.08794   0.5967 0.0014   0.1839 0.0021
      738.6      0.038646   0.7268 0.0016   0.3067 0.0033   |       0.084687   0.6082 0.0014   0.1949 0.0022
      902.4      0.032376   0.7322 0.0017   0.3184 0.0036   |       0.080013   0.6117 0.0014   0.1987 0.0023
     1102.4      0.028227   0.7374 0.0018   0.3265 0.0038   |       0.076273   0.6219 0.0014   0.2093 0.0023
     1346.8      0.023371   0.7446 0.0020   0.3418 0.0042   |       0.071132   0.6297 0.0014   0.2192 0.0024
     1645.3      0.019713   0.7506 0.0022   0.3553 0.0046   |       0.066691   0.6389 0.0014   0.2310 0.0025
     2010.1      0.016734   0.7571 0.0023   0.3682 0.0050   |       0.063929   0.6461 0.0014   0.2348 0.0026
     2455.6      0.014025   0.7615 0.0025   0.3761 0.0054   |       0.060519   0.6519 0.0015   0.2401 0.0027
     3000.0      0.012124   0.7671 0.0027   0.3889 0.0058   |       0.058843   0.6603 0.0015   0.2485 0.0027
наибольший шум Q_k по узлам: 0.0077; посчитано за 8.7 с
сайдкар: D:\BqMoni_Claude\p83\qk_ctrl\AS80_lu_front.qk — записан и прочитан обратно

=== AS80_point0: AS80_point0: кристалл Sodium iodide цилиндр 80.00x80.00 мм, ро 3.667; источник — точка, 0.0 мм, Air, dry; матрица phys=18;1f5aeaf1eeae43b63d6a7b0817f68eaccc4167c12243909b95293aeb63a1d205
контроль подсмотра (узел 30.0 кэВ, зерно узла): штатный Efficiency = 0.067423931912122773, мой обход = 0.067423931912122773 — ДО БИТА
   E, кэВ        ε_пика        Q2     ±       Q4     ±   |   ε_полн(взвеш.)     Q2T     ±      Q4T     ±
       30.0      0.067424   0.4678 0.0012  -0.0177 0.0017   |       0.069953   0.4503 0.0012  -0.0187 0.0017
       36.7       0.08318   0.4538 0.0013  -0.0372 0.0019   |         0.1146   0.4171 0.0012  -0.0412 0.0016
       44.8       0.11331   0.4446 0.0013  -0.0544 0.0018   |         0.1525   0.3926 0.0012  -0.0542 0.0015
       54.7       0.13474   0.4439 0.0013  -0.0628 0.0017   |        0.17822   0.3773 0.0012  -0.0571 0.0015
       66.8       0.15126   0.4491 0.0012  -0.0636 0.0017   |        0.19436   0.3731 0.0013  -0.0548 0.0015
       81.6       0.16226   0.4525 0.0012  -0.0669 0.0017   |        0.20367   0.3699 0.0013  -0.0555 0.0015
       99.7        0.1671   0.4571 0.0012  -0.0667 0.0017   |        0.20674   0.3714 0.0013  -0.0544 0.0015
      121.8       0.16892   0.4654 0.0012  -0.0619 0.0017   |        0.20645   0.3779 0.0013  -0.0494 0.0015
      148.9        0.1654   0.4834 0.0012  -0.0453 0.0017   |        0.20215   0.3920 0.0013  -0.0363 0.0015
      181.9       0.15607   0.5042 0.0012  -0.0237 0.0018   |        0.19291   0.4073 0.0013  -0.0215 0.0016
      222.2       0.14402   0.5297 0.0012   0.0064 0.0019   |        0.18241   0.4275 0.0013  -0.0028 0.0016
      271.4       0.12766   0.5555 0.0013   0.0398 0.0020   |        0.16939   0.4431 0.0014   0.0151 0.0017
      331.6       0.11106   0.5816 0.0013   0.0780 0.0022   |        0.15743   0.4643 0.0014   0.0378 0.0018
      405.1      0.094502   0.6023 0.0014   0.1094 0.0024   |        0.14637   0.4786 0.0014   0.0556 0.0019
      494.9      0.080216   0.6204 0.0015   0.1366 0.0026   |        0.13702   0.4938 0.0015   0.0711 0.0020
      604.6      0.066248   0.6299 0.0017   0.1533 0.0029   |        0.12667   0.5029 0.0015   0.0793 0.0021
      738.6      0.054973   0.6408 0.0018   0.1695 0.0032   |        0.11848   0.5135 0.0015   0.0885 0.0021
      902.4      0.046412   0.6508 0.0020   0.1876 0.0035   |        0.11093   0.5222 0.0016   0.0979 0.0022
     1102.4      0.039082   0.6582 0.0021   0.1998 0.0039   |        0.10357   0.5310 0.0016   0.1039 0.0023
     1346.8      0.033021   0.6646 0.0023   0.2088 0.0042   |        0.09779   0.5416 0.0016   0.1143 0.0024
     1645.3      0.027832   0.6693 0.0025   0.2177 0.0046   |       0.092194   0.5475 0.0017   0.1180 0.0025
     2010.1       0.02319   0.6812 0.0027   0.2393 0.0050   |       0.087125   0.5567 0.0017   0.1257 0.0026
     2455.6      0.019579   0.6825 0.0030   0.2433 0.0055   |       0.082251   0.5616 0.0017   0.1253 0.0026
     3000.0      0.016137   0.6978 0.0032   0.2690 0.0060   |       0.079402   0.5677 0.0017   0.1265 0.0027
наибольший шум Q_k по узлам: 0.0060; посчитано за 7.0 с
сайдкар: D:\BqMoni_Claude\p83\qk_ctrl\AS80_point0.qk — записан и прочитан обратно

=== AS80_th_disk: AS80_th_disk: кристалл Sodium iodide цилиндр 80.00x80.00 мм, ро 3.667; источник — цилиндр D=40.0 H=5.0 на 0.0 мм, Ториевое стекло; матрица phys=18;24850bda7e3634e8c4f8fea7ec0647703b3c5c60b633f6806df442e888702ef7
контроль подсмотра (узел 30.0 кэВ, зерно узла): штатный Efficiency = 0.0022849155320829252, мой обход = 0.0022849155320829252 — ДО БИТА
   E, кэВ        ε_пика        Q2     ±       Q4     ±   |   ε_полн(взвеш.)     Q2T     ±      Q4T     ±
       30.0     0.0022849   0.5064 0.0046   0.0265 0.0069   |      0.0023445   0.4985 0.0047   0.0248 0.0068
       36.7     0.0046417   0.5022 0.0039   0.0206 0.0059   |        0.00632   0.4782 0.0036   0.0124 0.0051
       44.8     0.0033689   0.4975 0.0052  -0.0031 0.0077   |      0.0044047   0.4713 0.0050  -0.0079 0.0068
       54.7     0.0068644   0.4977 0.0039  -0.0094 0.0057   |      0.0085845   0.4604 0.0040  -0.0171 0.0052
       66.8      0.012988   0.5077 0.0029   0.0002 0.0043   |        0.01596   0.4649 0.0031  -0.0040 0.0040
       81.6      0.023291   0.5094 0.0022   0.0002 0.0033   |       0.028072   0.4616 0.0024  -0.0066 0.0031
       99.7      0.038879   0.5185 0.0017   0.0060 0.0026   |       0.046443   0.4643 0.0019   0.0001 0.0024
      121.8       0.04294   0.5311 0.0016   0.0147 0.0025   |       0.051549   0.4696 0.0018   0.0073 0.0023
      148.9      0.062057   0.5449 0.0014   0.0271 0.0022   |       0.075174   0.4774 0.0015   0.0165 0.0020
      181.9      0.076549   0.5595 0.0013   0.0407 0.0021   |       0.095626   0.4759 0.0014   0.0232 0.0019
      222.2      0.084808   0.5857 0.0012   0.0756 0.0021   |        0.11095   0.4798 0.0014   0.0457 0.0018
      271.4       0.08465   0.6073 0.0013   0.1071 0.0022   |        0.11799   0.4824 0.0014   0.0618 0.0018
      331.6      0.078621   0.6278 0.0013   0.1390 0.0024   |         0.1195   0.4842 0.0015   0.0789 0.0019
      405.1      0.070688   0.6475 0.0014   0.1711 0.0026   |         0.1181   0.4911 0.0015   0.0958 0.0019
      494.9      0.061232   0.6639 0.0015   0.1979 0.0028   |        0.11504   0.4976 0.0015   0.1078 0.0020
      604.6      0.052066   0.6749 0.0016   0.2180 0.0030   |        0.10945   0.5035 0.0016   0.1186 0.0020
      738.6      0.044327   0.6822 0.0017   0.2298 0.0033   |        0.10423   0.5128 0.0016   0.1260 0.0021
      902.4      0.038143   0.6935 0.0018   0.2502 0.0036   |       0.099074   0.5273 0.0016   0.1397 0.0022
     1102.4      0.032516   0.7001 0.0020   0.2626 0.0039   |       0.093308   0.5314 0.0016   0.1465 0.0022
     1346.8      0.027576   0.7065 0.0022   0.2756 0.0043   |       0.086782   0.5418 0.0017   0.1566 0.0024
     1645.3      0.023209   0.7138 0.0023   0.2892 0.0047   |        0.08214   0.5521 0.0017   0.1630 0.0024
     2010.1      0.019542   0.7128 0.0026   0.2867 0.0051   |       0.078128   0.5574 0.0017   0.1593 0.0025
     2455.6      0.016792   0.7220 0.0027   0.3024 0.0055   |       0.074562   0.5683 0.0017   0.1682 0.0026
     3000.0      0.013822   0.7278 0.0030   0.3147 0.0061   |       0.072234   0.5814 0.0017   0.1739 0.0026
наибольший шум Q_k по узлам: 0.0077; посчитано за 8.8 с
сайдкар: D:\BqMoni_Claude\p83\qk_ctrl\AS80_th_disk.qk — записан и прочитан обратно

=== G1S_point25: G1S_point25: кристалл Sodium iodide цилиндр 63.00x63.00 мм, ро 3.667; источник — точка, 250.0 мм, Air, dry; матрица phys=18;1a7858984392ca23cb186a58dc41d862fab9aafcf4592f8505224f86406cf3e4
контроль подсмотра (узел 30.0 кэВ, зерно узла): штатный Efficiency = 0.0021228671884763253, мой обход = 0.0021228671884763253 — ДО БИТА
   E, кэВ        ε_пика        Q2     ±       Q4     ±   |   ε_полн(взвеш.)     Q2T     ±      Q4T     ±
       30.0     0.0021229   0.9885 0.0000   0.9621 0.0001   |      0.0021602   0.9885 0.0000   0.9619 0.0001
       36.7     0.0020936   0.9886 0.0000   0.9622 0.0001   |      0.0027361   0.9884 0.0000   0.9618 0.0001
       44.8     0.0024931   0.9886 0.0000   0.9622 0.0001   |      0.0031316   0.9884 0.0000   0.9616 0.0001
       54.7      0.002765   0.9886 0.0000   0.9623 0.0001   |      0.0033502   0.9883 0.0000   0.9615 0.0001
       66.8      0.002976   0.9886 0.0000   0.9624 0.0001   |      0.0034869   0.9884 0.0000   0.9615 0.0001
       81.6     0.0031219   0.9887 0.0000   0.9626 0.0001   |       0.003562   0.9884 0.0000   0.9617 0.0001
       99.7     0.0031862   0.9888 0.0000   0.9629 0.0001   |       0.003582   0.9884 0.0000   0.9618 0.0001
      121.8     0.0032254   0.9888 0.0000   0.9631 0.0001   |      0.0035926   0.9885 0.0000   0.9621 0.0001
      148.9     0.0032134   0.9891 0.0000   0.9639 0.0001   |      0.0035807   0.9887 0.0000   0.9626 0.0001
      181.9     0.0031338   0.9894 0.0000   0.9648 0.0001   |      0.0035237   0.9889 0.0000   0.9634 0.0001
      222.2     0.0029752   0.9897 0.0000   0.9659 0.0001   |      0.0034371   0.9891 0.0000   0.9640 0.0001
      271.4     0.0027535   0.9900 0.0000   0.9671 0.0001   |      0.0033375   0.9893 0.0000   0.9647 0.0001
      331.6     0.0024276   0.9904 0.0000   0.9681 0.0001   |      0.0031722   0.9895 0.0000   0.9653 0.0001
      405.1     0.0020678   0.9906 0.0000   0.9690 0.0001   |      0.0030185   0.9897 0.0000   0.9658 0.0001
      494.9     0.0017493   0.9908 0.0000   0.9696 0.0001   |      0.0028645   0.9898 0.0000   0.9662 0.0001
      604.6     0.0014439   0.9910 0.0000   0.9702 0.0001   |      0.0027112   0.9899 0.0000   0.9665 0.0001
      738.6      0.001202   0.9911 0.0000   0.9705 0.0001   |       0.002568   0.9899 0.0000   0.9666 0.0001
      902.4    0.00099166   0.9912 0.0000   0.9710 0.0001   |      0.0024235   0.9900 0.0000   0.9669 0.0001
     1102.4    0.00082873   0.9914 0.0000   0.9714 0.0001   |      0.0022877   0.9901 0.0000   0.9671 0.0001
     1346.8    0.00069669   0.9914 0.0000   0.9715 0.0001   |      0.0021638   0.9901 0.0000   0.9672 0.0001
     1645.3    0.00057479   0.9915 0.0000   0.9720 0.0001   |      0.0020409   0.9902 0.0000   0.9674 0.0001
     2010.1    0.00047558   0.9916 0.0000   0.9723 0.0001   |      0.0019506   0.9902 0.0000   0.9675 0.0001
     2455.6    0.00039015   0.9918 0.0000   0.9729 0.0001   |      0.0018707   0.9902 0.0000   0.9676 0.0001
     3000.0    0.00032808   0.9920 0.0000   0.9735 0.0001   |      0.0018179   0.9902 0.0000   0.9676 0.0001
наибольший шум Q_k по узлам: 0.0001; посчитано за 9.9 с
геометрический предел (чёрный диск R = 31.5 мм на d = 250.0 мм, без глубины и боковых входов): Q2 = 0.9883, Q4 = 0.9612; у самого низкого узла посчитано Q2 = 0.9885, Q4 = 0.9621
сайдкар: D:\BqMoni_Claude\p83\qk_ctrl\G1S_point25.qk — записан и прочитан обратно

=== G1S_point5: G1S_point5: кристалл Sodium iodide цилиндр 63.00x63.00 мм, ро 3.667; источник — точка, 50.0 мм, Air, dry; матрица phys=18;a56b959512b93db3a9d2e8a9f15e233cc4dfbe5a5aa2b5b65f50abea644bb33c
контроль подсмотра (узел 30.0 кэВ, зерно узла): штатный Efficiency = 0.036684729021140519, мой обход = 0.036684729021140519 — ДО БИТА
   E, кэВ        ε_пика        Q2     ±       Q4     ±   |   ε_полн(взвеш.)     Q2T     ±      Q4T     ±
       30.0      0.036685   0.8046 0.0002   0.4474 0.0006   |       0.037376   0.8039 0.0002   0.4457 0.0006
       36.7      0.036822   0.8036 0.0003   0.4448 0.0007   |       0.048357   0.8014 0.0002   0.4396 0.0006
       44.8      0.043934   0.8033 0.0003   0.4439 0.0007   |       0.055463   0.8007 0.0002   0.4379 0.0006
       54.7      0.049306   0.8032 0.0003   0.4435 0.0006   |       0.059727   0.8006 0.0002   0.4375 0.0006
       66.8      0.052794   0.8047 0.0002   0.4470 0.0006   |        0.06183   0.8021 0.0002   0.4409 0.0006
       81.6      0.055251   0.8063 0.0002   0.4508 0.0006   |       0.062885   0.8034 0.0002   0.4440 0.0006
       99.7       0.05605   0.8096 0.0002   0.4586 0.0006   |       0.062702   0.8065 0.0002   0.4514 0.0006
      121.8      0.055517   0.8144 0.0002   0.4701 0.0006   |       0.061603   0.8107 0.0002   0.4614 0.0006
      148.9      0.053562   0.8212 0.0002   0.4869 0.0006   |       0.059594   0.8166 0.0002   0.4759 0.0006
      181.9      0.050192   0.8307 0.0002   0.5108 0.0006   |        0.05664   0.8242 0.0002   0.4949 0.0006
      222.2      0.045535   0.8403 0.0002   0.5357 0.0006   |       0.053009   0.8315 0.0002   0.5137 0.0006
      271.4       0.03995   0.8511 0.0002   0.5642 0.0007   |       0.049188   0.8397 0.0002   0.5349 0.0006
      331.6      0.033984   0.8589 0.0003   0.5848 0.0007   |        0.04544   0.8450 0.0002   0.5489 0.0006
      405.1      0.028242   0.8661 0.0003   0.6040 0.0008   |       0.041989   0.8502 0.0002   0.5626 0.0007
      494.9      0.023034   0.8697 0.0003   0.6138 0.0009   |       0.039005   0.8528 0.0003   0.5694 0.0007
      604.6      0.018927   0.8742 0.0003   0.6259 0.0009   |       0.036539   0.8552 0.0003   0.5758 0.0007
      738.6      0.015537   0.8772 0.0004   0.6341 0.0010   |       0.034109   0.8575 0.0003   0.5819 0.0007
      902.4      0.012691   0.8796 0.0004   0.6408 0.0011   |       0.031874   0.8594 0.0003   0.5869 0.0007
     1102.4      0.010451   0.8825 0.0004   0.6487 0.0012   |       0.029764   0.8612 0.0003   0.5918 0.0008
     1346.8     0.0086854   0.8840 0.0005   0.6526 0.0013   |       0.027917   0.8624 0.0003   0.5949 0.0008
     1645.3      0.007086   0.8867 0.0005   0.6598 0.0014   |       0.026219   0.8633 0.0003   0.5973 0.0008
     2010.1     0.0058688   0.8890 0.0006   0.6665 0.0016   |       0.024811   0.8652 0.0003   0.6025 0.0008
     2455.6     0.0048003   0.8912 0.0006   0.6723 0.0017   |       0.023595   0.8661 0.0003   0.6047 0.0009
     3000.0     0.0039809   0.8947 0.0007   0.6819 0.0019   |       0.022919   0.8662 0.0003   0.6048 0.0009
наибольший шум Q_k по узлам: 0.0019; посчитано за 11.7 с
геометрический предел (чёрный диск R = 31.5 мм на d = 50.0 мм, без глубины и боковых входов): Q2 = 0.7810, Q4 = 0.3927; у самого низкого узла посчитано Q2 = 0.8046, Q4 = 0.4474
сайдкар: D:\BqMoni_Claude\p83\qk_ctrl\G1S_point5.qk — записан и прочитан обратно


все сцены посчитаны, контроль сошёлся
