AngularQkProbe (N14): склад D:\BqMoni_Claude\p83\store
узлов 24 (30.0…3000.0 кэВ, log), историй на узел 300000, потоков 16, зерно 0

=== G1S_mar1l_oisn06_057_p16: G1S_mar1l_oisn06_057_p16: кристалл Sodium iodide цилиндр 63.00x63.00 мм, ро 3.667; источник — Маринелли D=154.0 Dhole=97.0 H=86.1 на 1.0 мм, ОИСН-06; матрица phys=18;666a6bf7c95db4f67f45d28f38926b60f7fbfc84e6ccc2cf6af8e779a7a551d6
контроль подсмотра (узел 30.0 кэВ, зерно узла): штатный Efficiency = 0.029618678779990349, мой обход = 0.029618678779990349 — ДО БИТА
   E, кэВ        ε_пика        Q2     ±       Q4     ±   |   ε_полн(взвеш.)     Q2T     ±      Q4T     ±
       30.0      0.029619   0.6797 0.0011   0.2631 0.0014   |       0.031177   0.6666 0.0011   0.2494 0.0014
       36.7      0.032569   0.6796 0.0011   0.2594 0.0015   |       0.046339   0.6573 0.0010   0.2330 0.0013
       44.8       0.04225   0.6782 0.0011   0.2554 0.0015   |       0.058664   0.6519 0.0010   0.2230 0.0013
       54.7      0.049844   0.6749 0.0011   0.2496 0.0014   |       0.067428   0.6463 0.0010   0.2144 0.0013
       66.8      0.055234   0.6748 0.0011   0.2484 0.0014   |       0.072589   0.6459 0.0010   0.2120 0.0012
       81.6      0.059351   0.6778 0.0011   0.2494 0.0014   |       0.076022   0.6468 0.0010   0.2110 0.0012
       99.7      0.061963   0.6805 0.0010   0.2527 0.0014   |       0.077792   0.6505 0.0010   0.2147 0.0012
      121.8      0.063562   0.6860 0.0010   0.2582 0.0014   |       0.078822   0.6561 0.0010   0.2208 0.0012
      148.9      0.063406   0.6924 0.0010   0.2672 0.0014   |       0.078592   0.6610 0.0010   0.2269 0.0013
      181.9       0.06201   0.7069 0.0009   0.2875 0.0014   |       0.077479   0.6734 0.0009   0.2436 0.0013
      222.2      0.058361   0.7191 0.0010   0.3102 0.0014   |       0.075054   0.6820 0.0009   0.2586 0.0013
      271.4        0.0533   0.7341 0.0010   0.3366 0.0015   |       0.072015   0.6935 0.0009   0.2760 0.0013
      331.6      0.046438   0.7483 0.0010   0.3625 0.0016   |       0.068111   0.7032 0.0009   0.2928 0.0013
      405.1      0.039009   0.7584 0.0011   0.3831 0.0017   |       0.063822   0.7097 0.0009   0.3060 0.0014
      494.9      0.032735   0.7673 0.0011   0.3995 0.0019   |       0.060168   0.7164 0.0009   0.3156 0.0014
      604.6      0.027059   0.7710 0.0013   0.4089 0.0021   |       0.057037   0.7193 0.0010   0.3213 0.0014
      738.6      0.022394   0.7792 0.0013   0.4238 0.0023   |       0.053569   0.7272 0.0009   0.3334 0.0015
      902.4       0.01884   0.7837 0.0014   0.4331 0.0025   |       0.050786   0.7306 0.0010   0.3392 0.0015
     1102.4      0.015655   0.7894 0.0014   0.4410 0.0026   |       0.048027   0.7346 0.0010   0.3448 0.0015
     1346.8      0.013058   0.7893 0.0017   0.4445 0.0030   |       0.044832   0.7376 0.0010   0.3508 0.0016
     1645.3       0.01079   0.7940 0.0018   0.4520 0.0033   |       0.042442   0.7370 0.0011   0.3512 0.0017
     2010.1     0.0090935   0.7993 0.0020   0.4666 0.0036   |       0.040441   0.7438 0.0010   0.3602 0.0017
     2455.6     0.0074583   0.8034 0.0022   0.4753 0.0039   |       0.038829   0.7436 0.0011   0.3615 0.0018
     3000.0     0.0061805   0.8038 0.0024   0.4767 0.0045   |       0.037665   0.7449 0.0011   0.3622 0.0018
наибольший шум Q_k по узлам: 0.0045; посчитано за 11.5 с
сайдкар: D:\BqMoni_Claude\p83\qk_new\G1S_mar1l_oisn06_057_p16.qk — записан и прочитан обратно

=== RC103_point0: RC103_point0: кристалл Cesium iodide брусок 10.0x10.0x10.0 мм, ро 4.510; источник — точка, 0.0 мм, Air, dry; матрица phys=18;3ecd6580980b9e8d3125acd11056a334a40a77c948e5653cb0d4d49c03b72202
контроль подсмотра (узел 30.0 кэВ, зерно узла): штатный Efficiency = 0.096087901193888048, мой обход = 0.096087901193888048 — ДО БИТА
   E, кэВ        ε_пика        Q2     ±       Q4     ±   |   ε_полн(взвеш.)     Q2T     ±      Q4T     ±
       30.0      0.096088   0.5973 0.0011   0.0947 0.0020   |       0.099681   0.5775 0.0011   0.0905 0.0019
       36.7      0.086363   0.5984 0.0012   0.0910 0.0022   |        0.11953   0.5652 0.0011   0.0783 0.0019
       44.8      0.098914   0.6004 0.0012   0.0874 0.0022   |        0.13113   0.5585 0.0011   0.0741 0.0019
       54.7       0.10556   0.6065 0.0012   0.0928 0.0022   |        0.13474   0.5605 0.0011   0.0789 0.0019
       66.8        0.1109   0.6164 0.0011   0.1037 0.0021   |        0.13593   0.5665 0.0011   0.0867 0.0019
       81.6       0.11106   0.6280 0.0011   0.1196 0.0021   |         0.1325   0.5747 0.0011   0.0990 0.0019
       99.7       0.10836   0.6465 0.0011   0.1489 0.0021   |        0.12675   0.5911 0.0011   0.1249 0.0020
      121.8       0.09783   0.6722 0.0011   0.1947 0.0022   |         0.1145   0.6148 0.0012   0.1647 0.0020
      148.9      0.084013   0.6948 0.0012   0.2373 0.0024   |       0.099594   0.6339 0.0012   0.2030 0.0022
      181.9      0.065102   0.7160 0.0013   0.2792 0.0027   |       0.081331   0.6476 0.0013   0.2347 0.0024
      222.2       0.04711   0.7330 0.0015   0.3145 0.0032   |       0.064006   0.6608 0.0015   0.2647 0.0027
      271.4       0.03265   0.7421 0.0018   0.3327 0.0038   |       0.050574   0.6651 0.0017   0.2779 0.0030
      331.6      0.022188   0.7511 0.0021   0.3519 0.0046   |       0.041052   0.6691 0.0018   0.2862 0.0033
      405.1      0.014526   0.7502 0.0026   0.3481 0.0055   |       0.033599   0.6715 0.0020   0.2858 0.0036
      494.9     0.0096804   0.7606 0.0031   0.3690 0.0068   |       0.028525   0.6794 0.0021   0.2952 0.0040
      604.6     0.0064948   0.7595 0.0037   0.3665 0.0082   |       0.024316   0.6837 0.0023   0.3038 0.0043
      738.6     0.0043057   0.7677 0.0046   0.3868 0.0103   |       0.021525   0.6893 0.0024   0.3089 0.0046
      902.4     0.0031004   0.7794 0.0051   0.4088 0.0117   |       0.019204   0.6948 0.0025   0.3131 0.0049
     1102.4     0.0021289   0.7866 0.0062   0.4261 0.0139   |       0.017342   0.6999 0.0026   0.3180 0.0051
     1346.8     0.0014357   0.7926 0.0071   0.4357 0.0163   |       0.015462   0.7045 0.0027   0.3215 0.0055
     1645.3     0.0011047   0.7872 0.0085   0.4261 0.0194   |       0.014158   0.7038 0.0029   0.3157 0.0057
     2010.1    0.00073314   0.8149 0.0098   0.4918 0.0224   |        0.01359   0.7120 0.0029   0.3241 0.0058
     2455.6    0.00055181   0.8106 0.0113   0.4807 0.0264   |       0.012699   0.7141 0.0030   0.3254 0.0060
     3000.0    0.00035015   0.8361 0.0115   0.5335 0.0290   |       0.011706   0.7140 0.0031   0.3158 0.0063
наибольший шум Q_k по узлам: 0.0290; посчитано за 5.7 с
сайдкар: D:\BqMoni_Claude\p83\qk_new\RC103_point0.qk — записан и прочитан обратно


все сцены посчитаны, контроль сошёлся
