AngularQkProbe (N14): склад D:\BqMoni_Claude\p83\store
узлов 24 (30.0…3000.0 кэВ, log), историй на узел 1200000, потоков 16, зерно 0

=== RC103_point0: RC103_point0: кристалл Cesium iodide брусок 10.0x10.0x10.0 мм, ро 4.510; источник — точка, 0.0 мм, Air, dry; матрица phys=18;3ecd6580980b9e8d3125acd11056a334a40a77c948e5653cb0d4d49c03b72202
контроль подсмотра (узел 30.0 кэВ, зерно узла): штатный Efficiency = 0.095917334223595926, мой обход = 0.095917334223595926 — ДО БИТА
   E, кэВ        ε_пика        Q2     ±       Q4     ±   |   ε_полн(взвеш.)     Q2T     ±      Q4T     ±
       30.0      0.095917   0.5973 0.0005   0.0951 0.0010   |        0.09942   0.5779 0.0005   0.0912 0.0010
       36.7      0.087191   0.5974 0.0006   0.0895 0.0011   |        0.12024   0.5640 0.0006   0.0766 0.0009
       44.8      0.098384   0.6007 0.0006   0.0875 0.0011   |        0.13074   0.5587 0.0006   0.0736 0.0009
       54.7        0.1062   0.6081 0.0006   0.0947 0.0011   |        0.13549   0.5610 0.0006   0.0790 0.0009
       66.8       0.11095   0.6169 0.0006   0.1047 0.0011   |        0.13601   0.5666 0.0006   0.0869 0.0009
       81.6        0.1118   0.6297 0.0006   0.1227 0.0011   |        0.13314   0.5772 0.0006   0.1027 0.0010
       99.7       0.10776   0.6484 0.0005   0.1527 0.0011   |        0.12603   0.5935 0.0006   0.1291 0.0010
      121.8      0.098244   0.6723 0.0006   0.1950 0.0011   |        0.11458   0.6148 0.0006   0.1661 0.0010
      148.9      0.083396   0.6963 0.0006   0.2407 0.0012   |        0.09907   0.6342 0.0006   0.2048 0.0011
      181.9      0.065759   0.7160 0.0006   0.2800 0.0014   |       0.081747   0.6488 0.0007   0.2370 0.0012
      222.2      0.047215   0.7299 0.0008   0.3079 0.0016   |       0.064159   0.6579 0.0007   0.2586 0.0013
      271.4      0.032788   0.7421 0.0009   0.3330 0.0019   |       0.050839   0.6655 0.0008   0.2773 0.0015
      331.6      0.021696   0.7485 0.0011   0.3462 0.0023   |        0.04063   0.6679 0.0009   0.2844 0.0017
      405.1      0.014649   0.7529 0.0013   0.3545 0.0028   |       0.033761   0.6728 0.0010   0.2891 0.0018
      494.9     0.0095681   0.7578 0.0016   0.3657 0.0034   |       0.028468   0.6770 0.0011   0.2942 0.0020
      604.6      0.006434   0.7638 0.0019   0.3768 0.0041   |       0.024482   0.6822 0.0011   0.3003 0.0021
      738.6      0.004343   0.7676 0.0023   0.3858 0.0051   |        0.02159   0.6882 0.0012   0.3056 0.0023
      902.4      0.003131   0.7745 0.0026   0.3987 0.0058   |       0.019289   0.6941 0.0013   0.3108 0.0024
     1102.4       0.00216   0.7786 0.0031   0.4070 0.0070   |       0.017328   0.6997 0.0013   0.3169 0.0026
     1346.8     0.0015813   0.7918 0.0035   0.4359 0.0080   |       0.015548   0.7020 0.0014   0.3184 0.0027
     1645.3     0.0010592   0.7876 0.0043   0.4274 0.0098   |       0.014345   0.7043 0.0014   0.3161 0.0028
     2010.1    0.00072079   0.8038 0.0050   0.4645 0.0116   |       0.013518   0.7079 0.0015   0.3177 0.0029
     2455.6    0.00052409   0.8085 0.0056   0.4715 0.0131   |       0.012584   0.7125 0.0015   0.3215 0.0030
     3000.0    0.00032803   0.8249 0.0067   0.5105 0.0160   |       0.011859   0.7142 0.0015   0.3199 0.0031
наибольший шум Q_k по узлам: 0.0160; посчитано за 37.2 с
сайдкар: D:\BqMoni_Claude\p83\qk_more\RC103_point0.qk — записан и прочитан обратно


все сцены посчитаны, контроль сошёлся
