матрица: G1S_contact_p166.rmx (узлов 140, историй 3000000)
клеймо: phys=23;96f8ef8913d245f55b700e75dbdc9a4e12ff2ee52080def0f7d4c4203eb29050
сетка узлов: 5.000 … 3000.0 кэВ; кристалл NaI:Tl; угловые корреляции ВЫКЛ

1. Выход ключа K-серии против суммы линий под ним (AMBER59)

   Ba-133: линий K-серии 4, ω_K 0.894, полный выход K 114.69 %
      K-линия    выход, %   ключ        выход ключа  Σ линий под ключом   CF линии   вынос
        30.625     32.600     30.625       32.600       32.600 ok           1.49017  0.32893
            партнёр    53.162 кэВ  P(партнёр|ключ) = 0.017848  кратность 1  ε_T = 0.317870
            партнёр    79.614 кэВ  P(партнёр|ключ) = 0.025240  кратность 1  ε_T = 0.363068
            партнёр    80.997 кэВ  P(партнёр|ключ) = 0.209258  кратность 1  ε_T = 0.363988
            партнёр   160.613 кэВ  P(партнёр|ключ) = 0.003544  кратность 1  ε_T = 0.373631
            партнёр   276.400 кэВ  P(партнёр|ключ) = 0.090650  кратность 1  ε_T = 0.326381
            партнёр   302.853 кэВ  P(партнёр|ключ) = 0.219820  кратность 1  ε_T = 0.314168
            партнёр   356.017 кэВ  P(партнёр|ключ) = 0.567119  кратность 1  ε_T = 0.294718
            партнёр   383.848 кэВ  P(партнёр|ключ) = 0.070320  кратность 1  ε_T = 0.285704
        30.973     60.200     30.973       60.200       60.200 ok           1.49026  0.32898
            партнёр    53.162 кэВ  P(партнёр|ключ) = 0.017848  кратность 1  ε_T = 0.317870
            партнёр    79.614 кэВ  P(партнёр|ключ) = 0.025240  кратность 1  ε_T = 0.363068
            партнёр    80.997 кэВ  P(партнёр|ключ) = 0.209258  кратность 1  ε_T = 0.363988
            партнёр   160.613 кэВ  P(партнёр|ключ) = 0.003544  кратность 1  ε_T = 0.373631
            партнёр   276.400 кэВ  P(партнёр|ключ) = 0.090650  кратность 1  ε_T = 0.326381
            партнёр   302.853 кэВ  P(партнёр|ключ) = 0.219820  кратность 1  ε_T = 0.314168
            партнёр   356.017 кэВ  P(партнёр|ключ) = 0.567119  кратность 1  ε_T = 0.294718
            партнёр   383.848 кэВ  P(партнёр|ключ) = 0.070320  кратность 1  ε_T = 0.285704
        35.089     17.600     35.089       17.600       17.600 ok           1.49132  0.32945
            партнёр    53.162 кэВ  P(партнёр|ключ) = 0.017848  кратность 1  ε_T = 0.317870
            партнёр    79.614 кэВ  P(партнёр|ключ) = 0.025240  кратность 1  ε_T = 0.363068
            партнёр    80.997 кэВ  P(партнёр|ключ) = 0.209258  кратность 1  ε_T = 0.363988
            партнёр   160.613 кэВ  P(партнёр|ключ) = 0.003544  кратность 1  ε_T = 0.373631
            партнёр   276.400 кэВ  P(партнёр|ключ) = 0.090650  кратность 1  ε_T = 0.326381
            партнёр   302.853 кэВ  P(партнёр|ключ) = 0.219820  кратность 1  ε_T = 0.314168
            партнёр   356.017 кэВ  P(партнёр|ключ) = 0.567119  кратность 1  ε_T = 0.294718
            партнёр   383.848 кэВ  P(партнёр|ключ) = 0.070320  кратность 1  ε_T = 0.285704
        35.818      4.290     35.818        4.290        4.290 ok           1.49134  0.32946
            партнёр    53.162 кэВ  P(партнёр|ключ) = 0.017848  кратность 1  ε_T = 0.317870
            партнёр    79.614 кэВ  P(партнёр|ключ) = 0.025240  кратность 1  ε_T = 0.363068
            партнёр    80.997 кэВ  P(партнёр|ключ) = 0.209258  кратность 1  ε_T = 0.363988
            партнёр   160.613 кэВ  P(партнёр|ключ) = 0.003544  кратность 1  ε_T = 0.373631
            партнёр   276.400 кэВ  P(партнёр|ключ) = 0.090650  кратность 1  ε_T = 0.326381
            партнёр   302.853 кэВ  P(партнёр|ключ) = 0.219820  кратность 1  ε_T = 0.314168
            партнёр   356.017 кэВ  P(партнёр|ключ) = 0.567119  кратность 1  ε_T = 0.294718
            партнёр   383.848 кэВ  P(партнёр|ключ) = 0.070320  кратность 1  ε_T = 0.285704

2–3. Вынос из пика названных линий: партнёры, ε_T, три выживания (AMBER60, AMBER61)

   Ba-133 80.998 кэВ → ключ 80.997, выход 34.060 %; ε_p = 0.285203, ε_T = 0.363988
      счёт приложения: CF = 1.56709, вынос = 0.361876, влёт = 0.000000
      партнёр, кэВ      P(партнёр|ключ)  кратность    ε_T        p·ε (1−(1−ε)^m·p)   вид
          30.625          0.200288       1      0.154982     0.031041   K-серия
          30.973          0.369856       1      0.159451     0.058974   K-серия
          35.089          0.108131       1      0.206497     0.022329   K-серия
          35.818          0.026357       1      0.213786     0.005635   K-серия
          53.162          0.016262       1      0.317870     0.005169   гамма
          79.614          0.028458       1      0.363068     0.010332   гамма
         223.234          0.004394       1      0.350408     0.001540   гамма
         276.400          0.069950       1      0.326381     0.022830   гамма
         302.853          0.199100       1      0.314168     0.062551   гамма
         356.017          0.673986       1      0.294718     0.198636   гамма
      реплика без κ: выживание Π по всем = 0.639680 (вынос 0.360320); K-серия как исключающая = 0.636497 (вынос 0.363503); Σ pᵢεᵢ по K = 0.117978
      CF по репликам: Π → 1.56328; K исключающая → 1.57110
      источники K-вакансии (·ω_K): захват:0.5748 53.2:0.0696 302.9:0.0066 79.6:0.0381 356.0:0.0127 276.4:0.0029; Σ = 0.7046 (Σ долей K в партнёрах 0.7046); ε̄_K = 0.167433
      реплика по источникам: выживание 0.638101 (CF 1.56715); с связкой γ_T↔K(T): 0.637628 (CF 1.56831)

   Ba-133 356.013 кэВ → ключ 356.017, выход 62.050 %; ε_p = 0.197602, ε_T = 0.294718
      счёт приложения: CF = 1.40646, вынос = 0.288994, влёт = 0.000000
      партнёр, кэВ      P(партнёр|ключ)  кратность    ε_T        p·ε (1−(1−ε)^m·p)   вид
          30.625          0.297954       1      0.154982     0.046177   K-серия
          30.973          0.550210       1      0.159451     0.087732   K-серия
          35.089          0.160859       1      0.206497     0.033217   K-серия
          35.818          0.039209       1      0.213786     0.008382   K-серия
          80.997          0.369959       1      0.363988     0.134661   гамма
      реплика без κ: выживание Π по всем = 0.721855 (вынос 0.278145); K-серия как исключающая = 0.713465 (вынос 0.286535); Σ pᵢεᵢ по K = 0.175509
      CF по репликам: Π → 1.38532; K исключающая → 1.40161
      источники K-вакансии (·ω_K): захват:0.5748 81.0:0.4735; Σ = 1.0482 (Σ долей K в партнёрах 1.0482); ε̄_K = 0.167433
      реплика по источникам: выживание 0.720067 (CF 1.38876); с связкой γ_T↔K(T): 0.710419 (CF 1.40762)

   Ba-133 302.851 кэВ → ключ 302.853, выход 18.330 %; ε_p = 0.227987, ε_T = 0.314168
      счёт приложения: CF = 1.52692, вынос = 0.345086, влёт = 0.000000
      партнёр, кэВ      P(партнёр|ключ)  кратность    ε_T        p·ε (1−(1−ε)^m·p)   вид
          30.625          0.390951       1      0.154982     0.060590   K-серия
          30.973          0.721940       1      0.159451     0.115114   K-серия
          35.089          0.211065       1      0.206497     0.043584   K-серия
          35.818          0.051447       1      0.213786     0.010999   K-серия
          53.162          0.076492       1      0.317870     0.024314   гамма
          80.997          0.369959       1      0.363988     0.134661   гамма
      реплика без κ: выживание Π по всем = 0.663869 (вынос 0.336131); K-серия как исключающая = 0.649868 (вынос 0.350132); Σ pᵢεᵢ по K = 0.230288
      CF по репликам: Π → 1.50632; K исключающая → 1.53878
      источники K-вакансии (·ω_K): захват:0.5748 53.2:0.3272 81.0:0.4735; Σ = 1.3754 (Σ долей K в партнёрах 1.3754); ε̄_K = 0.167433
      реплика по источникам: выживание 0.664073 (CF 1.50586); с связкой γ_T↔K(T): 0.654229 (CF 1.52852)

   Ba-133 383.849 кэВ → ключ 383.848, выход 8.940 %; ε_p = 0.183486, ε_T = 0.285704
      счёт приложения: CF = 1.20060, вынос = 0.167082, влёт = 0.000000
      партнёр, кэВ      P(партнёр|ключ)  кратность    ε_T        p·ε (1−(1−ε)^m·p)   вид
          30.625          0.256423       1      0.154982     0.039741   K-серия
          30.973          0.473517       1      0.159451     0.075503   K-серия
          35.089          0.138437       1      0.206497     0.028587   K-серия
          35.818          0.033744       1      0.213786     0.007214   K-серия
          53.162          0.076535       1      0.317870     0.024328   гамма
      реплика без κ: выживание Π по всем = 0.835329 (вынос 0.164671); K-серия как исключающая = 0.828302 (вынос 0.171698); Σ pᵢεᵢ по K = 0.151045
      CF по репликам: Π → 1.19713; K исключающая → 1.20729
      источники K-вакансии (·ω_K): захват:0.5748 53.2:0.3274; Σ = 0.9021 (Σ долей K в партнёрах 0.9021); ε̄_K = 0.167433
      реплика по источникам: выживание 0.833448 (CF 1.19983); с связкой γ_T↔K(T): 0.832243 (CF 1.20157)

   Ba-133 276.399 кэВ → ключ 276.400, выход 7.164 %; ε_p = 0.245919, ε_T = 0.326381
      счёт приложения: CF = 1.74554, вынос = 0.427112, влёт = 0.000000
      партнёр, кэВ      P(партнёр|ключ)  кратность    ε_T        p·ε (1−(1−ε)^m·p)   вид
          30.625          0.412508       1      0.154982     0.063931   K-серия
          30.973          0.761748       1      0.159451     0.121462   K-серия
          35.089          0.222704       1      0.206497     0.045988   K-серия
          35.818          0.054284       1      0.213786     0.011605   K-серия
          79.614          0.324521       1      0.363068     0.117823   гамма
          80.997          0.332565       1      0.363988     0.121049   гамма
         160.613          0.078112       1      0.373631     0.029185   гамма
      реплика без κ: выживание Π по всем = 0.583727 (вынос 0.416273); K-серия как исключающая = 0.569850 (вынос 0.430150); Σ pᵢεᵢ по K = 0.242986
      CF по репликам: Π → 1.71313; K исключающая → 1.75485
      источники K-вакансии (·ω_K): захват:0.5748 160.6:0.0164 81.0:0.4256 79.6:0.4345; Σ = 1.4512 (Σ долей K в партнёрах 1.4512); ε̄_K = 0.167433
      реплика по источникам: выживание 0.584267 (CF 1.71155); с связкой γ_T↔K(T): 0.571988 (CF 1.74829)


раздел 1: выход каждого ключа K равен сумме линий под ним — СОШЛОСЬ
