BecqMoni: main config: C:\Users\moroz\source\repos\BQ Eng res .NET 4.8\tools\effmaker\probes\build_p1_base\config\BecquerelMonitor.xml
Матрицы отклика понятной части корпуса (B1)
сетка: 140 узлов 5-3000 кэВ, бин 2 кэВ, 3000000 историй на узел
останов по шуму ВЫКЛЮЧЕН — плоский счёт (T35)

== AS80_point0 ==
   клеймо   : phys=16;815b2cb608a1b70425e76c79510561ad28df06d366c3e5fa23ed0be4ece459e4
   время    : 287.9 с на часах, ядер 13.8 из 15
   счёт     : 3975.0 с ЦП, 9.46 мкс на историю  <- сравнивать надо ЭТО
   обход    : на историю 5.8 шага границ, 6.7 поиска области, 2.5 интерполяции μ, 2.69 сбора пересечений
   шум конт.: взвешенная 0.43 %  тихо
   файл     : C:\Users\moroz\source\repos\BQ Eng res .NET 4.8\handover\p1-e34\store_base2\AS80_point0.rmx (0.5 МБ)

== RC103_point0 ==
   клеймо   : phys=16;e1af69ff4fbdeec691df3910db9b03f68b7263e6cbeba1f90775dc4355afe1c5
   время    : 206.7 с на часах, ядер 13.7 из 15
   счёт     : 2826.5 с ЦП, 6.73 мкс на историю  <- сравнивать надо ЭТО
   обход    : на историю 6.7 шага границ, 7.5 поиска области, 3.0 интерполяции μ, 2.59 сбора пересечений
   шум конт.: взвешенная 0.51 %  тихо
   файл     : C:\Users\moroz\source\repos\BQ Eng res .NET 4.8\handover\p1-e34\store_base2\RC103_point0.rmx (0.5 МБ)

матриц: 2 — посчитано 2, пропущено 0 (клеймо сошлось); всего 8.2 мин
пересчитаны ВСЕ — значит изменилась картина целиком (версия физики или параметры расчёта)
ВСЕ СОШЛИСЬ
