Расхождение двух матриц (T43)
  A: RC103_point0.rmx  (формат 9)
  B: RC103_point0.rmx  (формат 9)
  клейма одинаковые
  отпечаток тела (SHA-256 сетки и строк):
     A: ec888bc7a568c97a…  сходится с записанным
     B: ec888bc7a568c97a…  сходится с записанным
  ТЕЛА ТОЖДЕСТВЕННЫ (побайтно, по отпечатку)
  блок Q_k угловой корреляции (формат 9):
     есть у обеих, узлов 140: побитово 140; наибольшее |Δ| 0.00000, худший узел в σ 0.00 (узел 0, 5.0 кэВ)

расхождение по 140 узлам, % (медиана / худший):
   пик       : 0.000 / 0.000   (узел 0, 5 кэВ)
   сумма     : 0.000 / 0.000   (узел 0, 5 кэВ)
   форма, L1 : 0.00  / 0.00    (узел 0, 5 кэВ)

ФОРМА БЕЗ МАСШТАБА (строки приведены к единичной сумме):
   L1        : 0.00  / 0.00    (узел 0, 5 кэВ)
   доля пика : A 0.7780, B 0.7780  (медиана по узлам; отношение B/A 1.0000)

СМЕЩЕНИЕ B относительно A, % (среднее по узлам ± ошибка среднего):
   пик       :   0.000 ± 0.000   — ноль в пределах ошибки
   сумма     :   0.000 ± 0.000   — ноль в пределах ошибки

⚠ сравнивать ЭТИ числа надо с такими же для двух зёрен одного кода
